
Running Job 1 of 1 cyc3-trip-r1-wb97xd-wB97mV.in
qchem cyc3-trip-r1-wb97xd-wB97mV.in_2575775.0 /expanse/lustre/scratch/whughes/temp_project/job_35094830/cyc3-trip-r1-wb97xd-wB97mV-35094830/ 0
/cm/shared/apps/spack/0.17.3/cpu/b/opt/spack/linux-rocky8-zen2/gcc-10.2.0/qchem-6.0-rytxnwjazd34ekd2gqyi5ufsaimxsd3r/exe/qcprog.exe_s cyc3-trip-r1-wb97xd-wB97mV.in_2575775.0 /expanse/lustre/scratch/whughes/temp_project/job_35094830/cyc3-trip-r1-wb97xd-wB97mV-35094830/
                  Welcome to Q-Chem
     A Quantum Leap Into The Future Of Chemistry


 Q-Chem 6.0, Q-Chem, Inc., Pleasanton, CA (2022)

 License issued to: University of California, San Diego (site)

 E. Epifanovsky,  A. T. B. Gilbert,  Xintian Feng,  Joonho Lee,  Yuezhi Mao,  
 N. Mardirossian,  P. Pokhilko,  A. White,  M. Wormit,  M. P. Coons,  
 A. L. Dempwolff,  Zhengting Gan,  D. Hait,  P. R. Horn,  L. D. Jacobson,  
 I. Kaliman,  J. Kussmann,  A. W. Lange,  Ka Un Lao,  D. S. Levine,  Jie Liu,  
 S. C. McKenzie,  A. F. Morrison,  K. Nanda,  F. Plasser,  D. R. Rehn,  
 M. L. Vidal,  Zhi-Qiang You,  Ying Zhu,  B. Alam,  B. Albrecht,  
 A. Aldossary,  E. Alguire,  J. H. Andersen,  V. Athavale,  D. Barton,  
 K. Begam,  A. Behn,  N. Bellonzi,  Y. A. Bernard,  E. J. Berquist,  
 H. Burton,  A. Carreras,  K. Carter-Fenk,  Romit Chakraborty,  
 Chandrima Chakravarty,  Junhan Chen,  A. D. Chien,  K. D. Closser,  
 V. Cofer-Shabica,  L. Cunha,  S. Dasgupta,  Jia Deng,  M. de Wergifosse,  
 M. Diedenhofen,  Hainam Do,  S. Ehlert,  Po-Tung Fang,  S. Fatehi,  
 Qingguo Feng,  T. Friedhoff,  B. Ganoe,  J. Gayvert,  Qinghui Ge,  
 G. Gidofalvi,  M. Goldey,  J. Gomes,  C. Gonzalez-Espinoza,  S. Gulania,  
 A. Gunina,  J. A. Gyamfi,  M. W. D. Hanson-Heine,  P. H. P. Harbach,  
 A. W. Hauser,  M. F. Herbst,  M. Hernandez Vera,  M. Hodecker,  
 Z. C. Holden,  S. Houck,  Xunkun Huang,  Kerwin Hui,  B. C. Huynh,  
 K. Ikeda,  M. Ivanov,  Hyunjun Ji,  Zuxin Jin,  Hanjie Jiang,  B. Kaduk,  
 S. Kaehler,  R. Kang,  K. Khistyaev,  Jaehoon Kim,  Yongbin Kim,  
 P. Klunzinger,  Z. Koczor-Benda,  Joong Hoon Koh,  D. Kosenkov,  
 Saikiran Kotaru,  L. Koulias,  T. Kowalczyk,  C. M. Krauter,  K. Kue,  
 A. Kunitsa,  T. Kus,  A. Landau,  K. V. Lawler,  D. Lefrancois,  S. Lehtola,  
 Rain Li,  Shaozhi Li,  Yi-Pei Li,  Jiashu Liang,  M. Liebenthal,  
 Hung-Hsuan Lin,  You-Sheng Lin,  Fenglai Liu,  Kuan-Yu Liu,  
 M. Loipersberger,  A. Luenser,  C. Malbon,  A. Manjanath,  P. Manohar,  
 E. Mansoor,  S. F. Manzer,  Shan-Ping Mao,  A. V. Marenich,  T. Markovich,  
 S. Mason,  F. Matz,  S. A. Maurer,  P. F. McLaughlin,  M. F. S. J. Menger,  
 J.-M. Mewes,  S. A. Mewes,  P. Morgante,  Mohammad Mostafanejad,  
 J. W. Mullinax,  K. J. Oosterbaan,  G. Paran,  V. Parravicini,  
 Alexander C. Paul,  Suranjan K. Paul,  F. Pavosevic,  Zheng Pei,  S. Prager,  
 E. I. Proynov,  E. Ramos,  B. Rana,  A. E. Rask,  A. Rettig,  R. M. Richard,  
 F. Rob,  E. Rossomme,  T. Scheele,  M. Scheurer,  M. Schneider,  
 P. E. Schneider,  N. Sergueev,  S. M. Sharada,  Hengyuan Shen,  
 W. Skomorowski,  D. W. Small,  C. J. Stein,  Yingli Su,  Yu-Chuan Su,  
 E. J. Sundstrom,  Zhen Tao,  J. Thirman,  Hung-Yi Tsai,  T. Tsuchimochi,  
 N. M. Tubman,  C. Utku,  S. P. Veccham,  O. Vydrov,  J. Wenzel,  
 Jonathan Wong,  J. Witte,  A. Yamada,  Chou-Hsun Yang,  Kun Yao,  
 S. Yeganeh,  S. R. Yost,  A. Zech,  F. Zeller,  Igor Ying Zhang,  
 Xing Zhang,  Yu Zhang,  D. Zuev,  A. Aspuru-Guzik,  A. T. Bell,  
 N. A. Besley,  K. B. Bravaya,  B. R. Brooks,  D. Casanova,  Jeng-Da Chai,  
 Hsing-Ta Chen,  S. Coriani,  C. J. Cramer,  A. E. DePrince, III,  
 R. A. DiStasio Jr.,  A. Dreuw,  B. D. Dunietz,  T. R. Furlani,  
 W. A. Goddard III,  S. Grimme,  S. Hammes-Schiffer,  T. Head-Gordon,  
 W. J. Hehre,  Chao-Ping Hsu,  T.-C. Jagau,  Yousung Jung,  A. Klamt,  
 Jing Kong,  D. S. Lambrecht,  Xiangyuan Li,  WanZhen Liang,  N. J. Mayhall,  
 C. W. McCurdy,  J. B. Neaton,  T. Neudecker,  C. Ochsenfeld,  
 J. A. Parkhill,  R. Peverati,  V. A. Rassolov,  Haisheng Ren,  Yihan Shao,  
 L. V. Slipchenko,  R. P. Steele,  J. E. Subotnik,  A. J. W. Thom,  
 A. Tkatchenko,  D. G. Truhlar,  T. Van Voorhis,  Fan Wang,  
 T. A. Wesolowski,  K. B. Whaley,  H. L. Woodcock III,  P. M. Zimmerman,  
 S. Faraji,  P. M. W. Gill,  M. Head-Gordon,  J. M. Herbert,  A. I. Krylov

 Contributors to earlier versions of Q-Chem not listed above: 
 R. D. Adamson,  B. Austin,  R. Baer,  J. Baker,  G. J. O. Beran,  
 K. Brandhorst,  S. T. Brown,  E. F. C. Byrd,  Arup K. Chakraborty,  
 G. K. L. Chan,  Chun-Min Chang,  Yunqing Chen,  C.-L. Cheng,  
 Siu Hung Chien,  D. M. Chipman,  D. L. Crittenden,  H. Dachsel,  
 R. J. Doerksen,  A. D. Dutoi,  R. G. Edgar,  J. Fosso-Tande,  
 L. Fusti-Molnar,  D. Ghosh,  A. Ghysels,  A. Golubeva-Zadorozhnaya,  
 J. Gonthier,  M. S. Gordon,  S. R. Gwaltney,  G. Hawkins,  J. E. Herr,  
 A. Heyden,  S. Hirata,  E. G. Hohenstein,  G. Kedziora,  F. J. Keil,  
 C. Kelley,  Jihan Kim,  R. A. King,  R. Z. Khaliullin,  P. P. Korambath,  
 W. Kurlancheek,  A. Laurent,  A. M. Lee,  M. S. Lee,  S. V. Levchenko,  
 Ching Yeh Lin,  D. Liotard,  E. Livshits,  R. C. Lochan,  I. Lotan,  
 L. A. Martinez-Martinez,  P. E. Maslen,  N. Nair,  D. P. O'Neill,  
 D. Neuhauser,  E. Neuscamman,  C. M. Oana,  R. Olivares-Amaya,  R. Olson,  
 T. M. Perrine,  B. Peters,  P. A. Pieniazek,  A. Prociuk,  Y. M. Rhee,  
 J. Ritchie,  M. A. Rohrdanz,  E. Rosta,  N. J. Russ,  H. F. Schaefer III,  
 M. W. Schmidt,  N. E. Schultz,  S. Sharma,  N. Shenvi,  C. D. Sherrill,  
 A. C. Simmonett,  A. Sodt,  T. Stein,  D. Stuck,  K. S. Thanthiriwatte,  
 V. Vanovschi,  L. Vogt,  Tao Wang,  A. Warshel,  M. A. Watson,  
 C. F. Williams,  Q. Wu,  X. Xu,  Jun Yang,  W. Zhang,  Yan Zhao

   Please cite Q-Chem as follows:
  "Software for the frontiers of quantum chemistry:
   An overview of developments in the Q-Chem 5 package"
   J. Chem. Phys. 155, 084801 (2021)
   https://doi.org/10.1063/5.0055522 (open access)

 Q-Chem 6.0.2 for Intel X86 EM64T Linux

 Parts of Q-Chem use Armadillo 9.900.5 (Nocturnal Misbehaviour).
 http://arma.sourceforge.net/

 Q-Chem begins on Wed Nov 13 13:34:29 2024  

 Host: 
0

     Scratch files written to /expanse/lustre/scratch/whughes/temp_project/job_35094830/cyc3-trip-r1-wb97xd-wB97mV-35094830//
 Dec722 |scratch|qcdevops|jenkins|workspace|build_RNUM    
 Processing $rem in /cm/shared/apps/spack/0.17.3/cpu/b/opt/spack/linux-rocky8-zen2/gcc-10.2.0/qchem-6.0-rytxnwjazd34ekd2gqyi5ufsaimxsd3r/config/preferences:
 Processing $rem in /home/whughes/.qchemrc:

 Checking the input file for inconsistencies... 	...done.

--------------------------------------------------------------
User input:
--------------------------------------------------------------
$molecule
0 3
C    -0.0033321515   0.039533419     0.0082161615
C    -0.000289051    0.0195452975    1.3984765285
C    1.2052124228    -0.0141634096   2.0742375039
C    2.4119264235    -0.0071136615   1.3676494151
C    2.4052503688    0.0177728435    -0.0124539397
C    1.1918781788    0.0379255823    -0.693056845
C    1.393385608     -0.0026121554   3.5841291583
C    3.6368319181    -0.0270107324   2.253763523
C    3.4845084265    -1.1996925319   3.2113144249
C    2.2885527241    -1.1693876872   3.9353276164
C    2.0208019704    -2.1491255731   4.8700680359
H    1.0939399608    -2.1274721318   5.4312450131
C    2.9486283994    -3.1629137093   5.0873371142
C    4.1373340832    -3.1871776635   4.3755806099
C    4.4124587205    -2.1991918056   3.4367608149
H    -0.9439353846   0.0552824341    -0.5277337987
H    -0.9338473865   0.0229343975    1.9488513504
H    3.3396156887    0.0222866044    -0.5614591976
H    1.1825904293    0.0535003576    -1.7755154405
H    2.740505706     -3.9352100018   5.8169309994
H    4.8550737035    -3.9788702316   4.5496287143
H    5.3424424356    -2.2151945954   2.8805851167
H    0.4448267824    -0.0142270781   4.1189488608
H    4.5699457682    -0.0690982462   1.6939072513
C    3.5550652287    1.141849734     3.223929564
C    2.1818601691    1.2863204294    3.7604253441
H    1.6295592474    2.2066648855    3.5884360498
H    4.4086336099    1.2694002298    3.884841051
$end

$rem
METHOD      wB97M-V
BASIS       def2-QZVPP
SYM_IGNORE   TRUE
DFT_D       false
MAX_SCF_CYCLES 300
$end

$end
--------------------------------------------------------------
 ----------------------------------------------------------------
             Standard Nuclear Orientation (Angstroms)
    I     Atom           X                Y                Z
 ----------------------------------------------------------------
    1      C      -0.0033321515     0.0395334190     0.0082161615
    2      C      -0.0002890510     0.0195452975     1.3984765285
    3      C       1.2052124228    -0.0141634096     2.0742375039
    4      C       2.4119264235    -0.0071136615     1.3676494151
    5      C       2.4052503688     0.0177728435    -0.0124539397
    6      C       1.1918781788     0.0379255823    -0.6930568450
    7      C       1.3933856080    -0.0026121554     3.5841291583
    8      C       3.6368319181    -0.0270107324     2.2537635230
    9      C       3.4845084265    -1.1996925319     3.2113144249
   10      C       2.2885527241    -1.1693876872     3.9353276164
   11      C       2.0208019704    -2.1491255731     4.8700680359
   12      H       1.0939399608    -2.1274721318     5.4312450131
   13      C       2.9486283994    -3.1629137093     5.0873371142
   14      C       4.1373340832    -3.1871776635     4.3755806099
   15      C       4.4124587205    -2.1991918056     3.4367608149
   16      H      -0.9439353846     0.0552824341    -0.5277337987
   17      H      -0.9338473865     0.0229343975     1.9488513504
   18      H       3.3396156887     0.0222866044    -0.5614591976
   19      H       1.1825904293     0.0535003576    -1.7755154405
   20      H       2.7405057060    -3.9352100018     5.8169309994
   21      H       4.8550737035    -3.9788702316     4.5496287143
   22      H       5.3424424356    -2.2151945954     2.8805851167
   23      H       0.4448267824    -0.0142270781     4.1189488608
   24      H       4.5699457682    -0.0690982462     1.6939072513
   25      C       3.5550652287     1.1418497340     3.2239295640
   26      C       2.1818601691     1.2863204294     3.7604253441
   27      H       1.6295592474     2.2066648855     3.5884360498
   28      H       4.4086336099     1.2694002298     3.8848410510
 ----------------------------------------------------------------
 Nuclear Repulsion Energy =        1007.86689133 hartrees
 There are       55 alpha and       53 beta electrons
 Requested basis set is def2-QZVPP
 There are 392 shells and 1272 basis functions

 Total QAlloc Memory Limit   8000 MB
 Mega-Array Size       188 MB
 MEM_STATIC part       192 MB

 A cutoff of  1.0D-09 yielded  49723 shell pairs
 There are    503189 function pairs (    751781 Cartesian)
 Smallest overlap matrix eigenvalue = 4.59E-06

 Q-Chem warning in module stvman/mkSTV.C, line 305:

 Overlap eigenvalue is smaller than square root of threshold
 Use THRESH >= 12 to get rid of this warning


 Scale SEOQF with 1.000000e-02/1.000000e-01/1.000000e-02

 Standard Electronic Orientation quadrupole field applied
 Nucleus-field energy     =     0.0000000097 hartrees
 Guess from superposition of atomic densities
 Warning:  Energy on first SCF cycle will be non-variational
 SAD guess density has 108.000000 electrons

 -----------------------------------------------------------------------
  General SCF calculation program by
  Eric Jon Sundstrom, Paul Horn, Yuezhi Mao, Dmitri Zuev, Alec White,
  David Stuck, Shaama M.S., Shane Yost, Joonho Lee, David Small,
  Daniel Levine, Susi Lehtola, Hugh Burton, Evgeny Epifanovsky,
  Bang C. Huynh
 -----------------------------------------------------------------------
 Exchange:     0.1500 Hartree-Fock + 1.0000 wB97M-V + LR-HF
 Correlation:  1.0000 wB97M-V
 Using SG-2 standard quadrature grid
 Nonlocal Correlation:  VV10 with C = 0.0100 and b = 6.00 and scale = 1.00000
 Grid used for NLC:  SG-1 standard quadrature
 using 32 threads for integral computing
 -------------------------------------------------------
 OpenMP Integral computing Module                
 Release: version 1.0, May 2013, Q-Chem Inc. Pittsburgh 
 -------------------------------------------------------
 A unrestricted SCF calculation will be
 performed using DIIS
 SCF converges when DIIS error is below 1.0e-05
 ---------------------------------------
  Cycle       Energy         DIIS error
 ---------------------------------------
    1    -623.0727736923      5.59e-03  
    2    -616.6860869737      3.39e-04  
    3    -616.7668455499      2.07e-04  
    4    -616.8030960929      4.62e-05  
    5    -616.8067902881      1.88e-05  
    6    -616.8075670368      8.44e-06  Convergence criterion met
 ---------------------------------------
 SCF time:   CPU 19690.19s  wall 665.00s 
<S^2> =          2.008456928
 SCF   energy in the final basis set =     -616.8075670368
 Total energy in the final basis set =     -616.8075670368
 
 --------------------------------------------------------------
 
                    Orbital Energies (a.u.)
 --------------------------------------------------------------
 
 Alpha MOs
 -- Occupied --
-10.3680 -10.3680 -10.3639 -10.3637 -10.3571 -10.3571 -10.3554 -10.3554
-10.3480 -10.3479 -10.3467 -10.3466 -10.3456 -10.3455 -10.3450 -10.3450
 -1.0378  -0.9858  -0.9555  -0.9151  -0.8737  -0.8672  -0.8640  -0.8404
 -0.7648  -0.7248  -0.7201  -0.7179  -0.7083  -0.6477  -0.6281  -0.6280
 -0.5913  -0.5643  -0.5575  -0.5543  -0.5468  -0.5377  -0.5344  -0.5220
 -0.5128  -0.4990  -0.4808  -0.4736  -0.4650  -0.4610  -0.4416  -0.4369
 -0.4198  -0.3693  -0.3484  -0.3438  -0.3370  -0.3086  -0.2573
 -- Virtual --
  0.0542   0.0542   0.0671   0.0716   0.0742   0.0784   0.0805   0.0887
  0.0979   0.1038   0.1076   0.1129   0.1248   0.1257   0.1348   0.1396
  0.1495   0.1578   0.1612   0.1691   0.1750   0.1814   0.1863   0.1987
  0.2023   0.2046   0.2059   0.2086   0.2240   0.2242   0.2303   0.2339
  0.2424   0.2452   0.2456   0.2589   0.2648   0.2663   0.2735   0.2855
  0.2901   0.3011   0.3066   0.3068   0.3116   0.3137   0.3168   0.3171
  0.3250   0.3279   0.3291   0.3337   0.3387   0.3454   0.3455   0.3478
  0.3541   0.3547   0.3586   0.3625   0.3676   0.3741   0.3763   0.3792
  0.3820   0.3872   0.3984   0.3987   0.4065   0.4114   0.4175   0.4189
  0.4223   0.4310   0.4316   0.4408   0.4417   0.4559   0.4673   0.4702
  0.4759   0.4773   0.4811   0.4901   0.4915   0.4999   0.5020   0.5069
  0.5084   0.5167   0.5271   0.5313   0.5363   0.5372   0.5460   0.5488
  0.5499   0.5510   0.5515   0.5602   0.5727   0.5882   0.5937   0.6139
  0.6221   0.6299   0.6299   0.6407   0.6436   0.6455   0.6554   0.6619
  0.6630   0.6662   0.6808   0.6867   0.6918   0.6963   0.7018   0.7179
  0.7188   0.7210   0.7231   0.7476   0.7483   0.7599   0.7654   0.7683
  0.7738   0.7751   0.7883   0.7901   0.7952   0.7997   0.8134   0.8150
  0.8181   0.8214   0.8235   0.8277   0.8384   0.8431   0.8449   0.8519
  0.8522   0.8561   0.8639   0.8738   0.8762   0.8771   0.8802   0.8892
  0.8905   0.8956   0.9052   0.9059   0.9169   0.9170   0.9222   0.9226
  0.9282   0.9290   0.9349   0.9431   0.9523   0.9568   0.9592   0.9599
  0.9654   0.9693   0.9756   0.9823   0.9873   0.9903   0.9916   1.0030
  1.0052   1.0098   1.0135   1.0237   1.0276   1.0294   1.0339   1.0431
  1.0478   1.0514   1.0594   1.0651   1.0716   1.0720   1.0816   1.0837
  1.0894   1.0956   1.1034   1.1052   1.1090   1.1225   1.1247   1.1288
  1.1346   1.1360   1.1432   1.1561   1.1586   1.1709   1.1759   1.1884
  1.1889   1.1964   1.1980   1.2089   1.2101   1.2178   1.2274   1.2363
  1.2413   1.2473   1.2496   1.2619   1.2674   1.2687   1.2790   1.2904
  1.3115   1.3141   1.3204   1.3305   1.3315   1.3408   1.3411   1.3587
  1.3614   1.3695   1.3821   1.3896   1.3977   1.4061   1.4094   1.4189
  1.4386   1.4498   1.4540   1.4573   1.4629   1.4646   1.4739   1.4925
  1.5035   1.5163   1.5207   1.5297   1.5470   1.5525   1.5688   1.5740
  1.5767   1.5904   1.6009   1.6143   1.6176   1.6188   1.6357   1.6390
  1.6525   1.6647   1.6996   1.6998   1.7008   1.7081   1.7096   1.7195
  1.7218   1.7285   1.7457   1.7486   1.7595   1.7599   1.7656   1.7742
  1.7880   1.7895   1.7919   1.7943   1.8025   1.8031   1.8144   1.8355
  1.8439   1.8505   1.8537   1.8579   1.8621   1.8669   1.8855   1.8911
  1.9034   1.9087   1.9157   1.9187   1.9325   1.9331   1.9369   1.9423
  1.9446   1.9515   1.9547   1.9638   1.9757   1.9807   1.9953   1.9958
  2.0060   2.0109   2.0189   2.0256   2.0278   2.0379   2.0546   2.0554
  2.0607   2.0674   2.0765   2.0771   2.0966   2.0973   2.0987   2.1086
  2.1128   2.1129   2.1263   2.1323   2.1334   2.1371   2.1419   2.1529
  2.1557   2.1607   2.1667   2.1720   2.1771   2.1800   2.1831   2.1953
  2.1987   2.2008   2.2091   2.2156   2.2181   2.2202   2.2213   2.2287
  2.2300   2.2345   2.2397   2.2486   2.2561   2.2582   2.2668   2.2772
  2.2817   2.2859   2.2909   2.2987   2.3014   2.3071   2.3260   2.3270
  2.3424   2.3480   2.3530   2.3663   2.3699   2.3757   2.3773   2.3813
  2.3842   2.3940   2.3982   2.3993   2.4032   2.4114   2.4260   2.4281
  2.4451   2.4479   2.4592   2.4592   2.4603   2.4736   2.4747   2.4819
  2.4852   2.4886   2.5035   2.5068   2.5109   2.5155   2.5227   2.5255
  2.5321   2.5383   2.5402   2.5446   2.5586   2.5653   2.5744   2.5752
  2.5763   2.5816   2.5843   2.5922   2.5994   2.6003   2.6157   2.6238
  2.6289   2.6328   2.6348   2.6404   2.6541   2.6557   2.6719   2.6745
  2.6788   2.6919   2.6944   2.6951   2.7121   2.7171   2.7262   2.7277
  2.7330   2.7341   2.7466   2.7484   2.7499   2.7569   2.7630   2.7662
  2.7713   2.7778   2.7858   2.7913   2.7975   2.7978   2.8064   2.8078
  2.8083   2.8153   2.8199   2.8236   2.8260   2.8311   2.8374   2.8416
  2.8439   2.8454   2.8530   2.8610   2.8634   2.8770   2.8828   2.8927
  2.8959   2.9029   2.9032   2.9140   2.9272   2.9279   2.9361   2.9524
  2.9533   2.9581   2.9650   2.9841   2.9856   3.0023   3.0246   3.0275
  3.0402   3.0462   3.0559   3.0746   3.0908   3.0956   3.1026   3.1117
  3.1128   3.1252   3.1327   3.1390   3.1392   3.1512   3.1548   3.1674
  3.1674   3.1777   3.1881   3.2034   3.2040   3.2047   3.2257   3.2369
  3.2488   3.2555   3.2692   3.2711   3.2927   3.2964   3.3126   3.3148
  3.3149   3.3241   3.3474   3.3495   3.3598   3.3729   3.3756   3.3855
  3.3978   3.4058   3.4107   3.4182   3.4323   3.4477   3.4483   3.4567
  3.4647   3.4748   3.4768   3.4796   3.4871   3.4958   3.5064   3.5119
  3.5218   3.5317   3.5430   3.5455   3.5652   3.5748   3.5814   3.5902
  3.5996   3.6035   3.6141   3.6176   3.6348   3.6352   3.6416   3.6628
  3.6674   3.6721   3.6752   3.6802   3.6885   3.6924   3.7166   3.7221
  3.7317   3.7550   3.7819   3.7882   3.8031   3.8230   3.8300   3.8463
  3.8473   3.8619   3.8628   3.8822   3.8988   3.9125   3.9129   3.9389
  3.9469   3.9668   3.9711   3.9836   3.9933   3.9967   4.0052   4.0287
  4.0573   4.0645   4.0724   4.0869   4.1201   4.1282   4.1453   4.1557
  4.1559   4.1801   4.2014   4.2161   4.2216   4.2295   4.2363   4.2494
  4.2528   4.2932   4.3074   4.3379   4.3441   4.3701   4.3920   4.4113
  4.4167   4.4463   4.4735   4.4810   4.5219   4.5506   4.5773   4.5818
  4.6052   4.6215   4.6556   4.6640   4.6691   4.6963   4.7417   4.7559
  4.7717   4.7844   4.7908   4.8023   4.8577   4.8721   4.8821   4.8987
  4.9078   4.9255   4.9389   4.9522   4.9528   4.9646   4.9670   4.9894
  4.9981   5.0093   5.0251   5.0345   5.0393   5.0857   5.0920   5.1044
  5.1153   5.1251   5.1377   5.1530   5.1570   5.1717   5.1800   5.1903
  5.2001   5.2073   5.2089   5.2144   5.2260   5.2329   5.2464   5.2516
  5.2568   5.2587   5.2782   5.2833   5.2942   5.2956   5.3103   5.3227
  5.3338   5.3434   5.3598   5.3751   5.3834   5.3884   5.3943   5.3978
  5.4081   5.4176   5.4361   5.4656   5.4706   5.4747   5.4811   5.4876
  5.4911   5.5015   5.5046   5.5250   5.5258   5.5405   5.5494   5.5638
  5.5724   5.5805   5.5879   5.5926   5.6068   5.6146   5.6151   5.6215
  5.6278   5.6321   5.6328   5.6404   5.6597   5.6690   5.6783   5.7032
  5.7167   5.7258   5.7405   5.7468   5.7498   5.7865   5.7903   5.7967
  5.8063   5.8289   5.8355   5.8372   5.8431   5.8570   5.8774   5.8900
  5.8938   5.9002   5.9046   5.9075   5.9197   5.9201   5.9320   5.9399
  5.9468   5.9497   5.9568   5.9568   5.9740   5.9803   5.9892   5.9914
  6.0041   6.0159   6.0217   6.0281   6.0316   6.0395   6.0435   6.0513
  6.0560   6.0600   6.0658   6.0756   6.0759   6.0802   6.0899   6.1056
  6.1058   6.1123   6.1214   6.1295   6.1338   6.1439   6.1507   6.1516
  6.1524   6.1594   6.1642   6.1792   6.1865   6.1904   6.1911   6.2037
  6.2057   6.2071   6.2162   6.2191   6.2217   6.2356   6.2408   6.2473
  6.2486   6.2624   6.2721   6.2774   6.2895   6.2917   6.2942   6.3005
  6.3012   6.3097   6.3153   6.3192   6.3339   6.3348   6.3379   6.3447
  6.3531   6.3610   6.3630   6.3741   6.3809   6.3883   6.3934   6.3959
  6.3971   6.4077   6.4099   6.4201   6.4253   6.4326   6.4415   6.4523
  6.4533   6.4541   6.4629   6.4731   6.4831   6.4906   6.4958   6.5058
  6.5060   6.5421   6.5437   6.5648   6.5650   6.5686   6.5706   6.5808
  6.5833   6.5877   6.5919   6.5993   6.6071   6.6157   6.6161   6.6278
  6.6339   6.6368   6.6401   6.6440   6.6670   6.6719   6.6780   6.6786
  6.6798   6.6917   6.6933   6.7065   6.7195   6.7245   6.7352   6.7378
  6.7412   6.7472   6.7558   6.7591   6.7685   6.7737   6.7829   6.7990
  6.8004   6.8108   6.8199   6.8305   6.8341   6.8351   6.8425   6.8516
  6.8565   6.8683   6.8717   6.8736   6.8750   6.8930   6.9131   6.9203
  6.9215   6.9226   6.9431   6.9494   6.9565   6.9708   6.9741   6.9898
  7.0093   7.0106   7.0309   7.0429   7.0451   7.0522   7.0683   7.0770
  7.0838   7.0858   7.0942   7.0943   7.1036   7.1087   7.1235   7.1338
  7.1354   7.1468   7.1527   7.1628   7.1659   7.1680   7.1811   7.2144
  7.2397   7.2569   7.2655   7.2852   7.2855   7.3001   7.3020   7.3113
  7.3176   7.3248   7.3360   7.3517   7.3527   7.3582   7.3881   7.3970
  7.3987   7.4082   7.4182   7.4355   7.4515   7.4612   7.4622   7.4890
  7.4918   7.4969   7.4978   7.5096   7.5159   7.5185   7.5342   7.5443
  7.5450   7.5761   7.5836   7.5851   7.6029   7.6070   7.6173   7.6268
  7.6354   7.6396   7.6571   7.6628   7.6733   7.7046   7.7077   7.7230
  7.7256   7.7295   7.7492   7.7531   7.7545   7.7719   7.7879   7.8048
  7.8083   7.8167   7.8315   7.8346   7.8509   7.8543   7.8576   7.8736
  7.8772   7.8855   7.8874   7.8958   7.9104   7.9193   7.9245   7.9337
  7.9443   7.9535   7.9646   7.9696   7.9770   7.9809   7.9873   7.9893
  8.0290   8.0354   8.0395   8.0563   8.0589   8.0818   8.0869   8.1092
  8.1096   8.1270   8.1457   8.1482   8.1575   8.1586   8.1640   8.1800
  8.1830   8.1883   8.2018   8.2089   8.2095   8.2158   8.2208   8.2285
  8.2413   8.2457   8.2545   8.2562   8.2745   8.2846   8.2962   8.2970
  8.3155   8.3248   8.3365   8.3368   8.3489   8.3523   8.3632   8.3687
  8.3756   8.3923   8.4001   8.4070   8.4083   8.4157   8.4220   8.4241
  8.4265   8.4303   8.4325   8.4503   8.4534   8.4665   8.4690   8.4720
  8.5033   8.5205   8.5351   8.5407   8.5492   8.5594   8.5666   8.5763
  8.5787   8.6020   8.6058   8.6146   8.6259   8.6278   8.6365   8.6392
  8.6539   8.6767   8.6832   8.6889   8.6899   8.6990   8.7166   8.7173
  8.7322   8.7475   8.7644   8.7870   8.7873   8.7920   8.8218   8.8313
  8.8339   8.8591   8.8621   8.8686   8.8800   8.9139   8.9212   8.9250
  8.9429   8.9472   8.9595   8.9610   8.9672   8.9829   8.9955   9.0101
  9.0121   9.0344   9.0505   9.0608   9.1391   9.1609   9.1798   9.2301
  9.2644   9.3365   9.3860   9.4115   9.4172   9.4178   9.4268   9.4988
  9.5241   9.5245   9.5280   9.5771   9.5882   9.6105   9.6163   9.6342
  9.6404   9.6779   9.7015   9.7024   9.7058   9.7260   9.7341   9.7721
  9.7975   9.8034   9.8066   9.8122   9.8155   9.8493   9.8502   9.8903
  9.9180   9.9404   9.9445   9.9461   9.9931  10.0619  10.0754  10.1049
 10.1074  10.1319  10.1453  10.2061  10.2072  10.2182  10.2297  10.2343
 10.2405  10.2798  10.2842  10.2893  10.3119  10.3922  10.4288  10.4748
 10.5004  10.5594  10.5848  10.6136  10.6195  10.7658  10.7767  10.8442
 10.8548  10.8864  10.8949  11.6104  11.6156  12.1884  12.1972  12.5646
 12.6219  12.6668  12.7084  12.7620  12.8051  12.9775  13.0797  13.1116
 13.2745  28.2075  28.2574  28.6233  28.7031  28.7069  28.7216  28.7906
 28.8246  28.9978  29.0585  29.1746  29.2286  29.2486  29.3092  29.5910
 29.5990 149.0440 149.1059 149.4626 149.5296 149.5316 149.5564 149.6285
149.6288 149.8484 149.8531 149.9659 150.0196 150.0539 150.1447 150.4083
150.4240
 
 Beta MOs
 -- Occupied --
-10.3677 -10.3676 -10.3565 -10.3565 -10.3547 -10.3547 -10.3515 -10.3513
-10.3474 -10.3473 -10.3469 -10.3469 -10.3456 -10.3455 -10.3447 -10.3446
 -1.0323  -0.9850  -0.9494  -0.9110  -0.8729  -0.8658  -0.8443  -0.8357
 -0.7544  -0.7221  -0.7168  -0.7161  -0.6961  -0.6407  -0.6250  -0.6185
 -0.5836  -0.5611  -0.5556  -0.5526  -0.5382  -0.5295  -0.5225  -0.5166
 -0.5103  -0.4917  -0.4745  -0.4721  -0.4564  -0.4527  -0.4399  -0.4306
 -0.4157  -0.3460  -0.3420  -0.3408  -0.3261
 -- Virtual --
 -0.0255   0.0344   0.0582   0.0591   0.0666   0.0724   0.0750   0.0812
  0.0883   0.0921   0.0980   0.1066   0.1085   0.1150   0.1257   0.1262
  0.1391   0.1410   0.1498   0.1580   0.1610   0.1701   0.1785   0.1813
  0.1866   0.1992   0.2019   0.2039   0.2084   0.2089   0.2244   0.2251
  0.2316   0.2357   0.2427   0.2461   0.2481   0.2606   0.2674   0.2694
  0.2742   0.2860   0.2913   0.3035   0.3067   0.3091   0.3113   0.3151
  0.3169   0.3200   0.3267   0.3292   0.3306   0.3361   0.3389   0.3467
  0.3467   0.3515   0.3545   0.3552   0.3610   0.3639   0.3701   0.3744
  0.3772   0.3806   0.3830   0.3901   0.4025   0.4028   0.4116   0.4147
  0.4183   0.4244   0.4276   0.4307   0.4344   0.4413   0.4462   0.4569
  0.4699   0.4741   0.4775   0.4806   0.4845   0.4913   0.4927   0.5018
  0.5034   0.5097   0.5128   0.5167   0.5284   0.5324   0.5377   0.5382
  0.5488   0.5506   0.5516   0.5523   0.5606   0.5628   0.5739   0.5903
  0.5975   0.6154   0.6262   0.6317   0.6331   0.6407   0.6471   0.6481
  0.6597   0.6631   0.6634   0.6691   0.6844   0.6887   0.6973   0.7034
  0.7045   0.7190   0.7226   0.7251   0.7254   0.7492   0.7560   0.7619
  0.7682   0.7697   0.7749   0.7775   0.7901   0.7902   0.7975   0.8020
  0.8155   0.8161   0.8222   0.8244   0.8248   0.8296   0.8399   0.8450
  0.8469   0.8537   0.8540   0.8591   0.8669   0.8749   0.8787   0.8804
  0.8817   0.8898   0.8932   0.8972   0.9059   0.9087   0.9177   0.9179
  0.9248   0.9254   0.9302   0.9329   0.9368   0.9470   0.9533   0.9573
  0.9604   0.9637   0.9675   0.9728   0.9796   0.9832   0.9906   0.9909
  0.9952   1.0067   1.0078   1.0113   1.0176   1.0267   1.0296   1.0315
  1.0354   1.0450   1.0522   1.0525   1.0609   1.0667   1.0729   1.0737
  1.0841   1.0852   1.0907   1.0964   1.1035   1.1078   1.1095   1.1265
  1.1273   1.1319   1.1377   1.1381   1.1463   1.1591   1.1618   1.1719
  1.1778   1.1901   1.1915   1.1978   1.2004   1.2111   1.2114   1.2233
  1.2288   1.2382   1.2438   1.2501   1.2527   1.2631   1.2687   1.2703
  1.2803   1.2932   1.3138   1.3162   1.3209   1.3329   1.3334   1.3420
  1.3435   1.3612   1.3628   1.3711   1.3847   1.3956   1.4000   1.4094
  1.4112   1.4202   1.4415   1.4521   1.4555   1.4580   1.4647   1.4650
  1.4813   1.4933   1.5057   1.5174   1.5276   1.5324   1.5493   1.5547
  1.5708   1.5757   1.5777   1.5933   1.6039   1.6155   1.6203   1.6214
  1.6377   1.6396   1.6554   1.6683   1.7020   1.7027   1.7033   1.7087
  1.7127   1.7231   1.7235   1.7305   1.7496   1.7528   1.7622   1.7630
  1.7699   1.7761   1.7904   1.7917   1.7959   1.7971   1.8048   1.8094
  1.8174   1.8386   1.8483   1.8555   1.8568   1.8644   1.8670   1.8730
  1.8914   1.8933   1.9076   1.9133   1.9180   1.9214   1.9364   1.9415
  1.9418   1.9453   1.9468   1.9568   1.9601   1.9698   1.9790   1.9878
  2.0004   2.0021   2.0135   2.0173   2.0229   2.0308   2.0339   2.0457
  2.0587   2.0623   2.0657   2.0718   2.0795   2.0840   2.0991   2.1015
  2.1037   2.1125   2.1198   2.1236   2.1305   2.1378   2.1416   2.1452
  2.1455   2.1565   2.1596   2.1638   2.1739   2.1753   2.1817   2.1822
  2.1915   2.2007   2.2040   2.2043   2.2115   2.2197   2.2225   2.2239
  2.2274   2.2325   2.2357   2.2387   2.2428   2.2526   2.2604   2.2653
  2.2690   2.2829   2.2849   2.2901   2.2934   2.3017   2.3076   2.3186
  2.3312   2.3319   2.3505   2.3553   2.3570   2.3687   2.3741   2.3781
  2.3842   2.3846   2.3892   2.3998   2.4030   2.4090   2.4128   2.4161
  2.4305   2.4355   2.4514   2.4518   2.4625   2.4642   2.4685   2.4817
  2.4826   2.4869   2.4896   2.4981   2.5083   2.5111   2.5178   2.5206
  2.5254   2.5292   2.5370   2.5417   2.5470   2.5492   2.5634   2.5700
  2.5783   2.5796   2.5848   2.5856   2.5862   2.5992   2.6044   2.6057
  2.6177   2.6280   2.6332   2.6351   2.6387   2.6449   2.6587   2.6614
  2.6798   2.6838   2.6875   2.6970   2.6978   2.7027   2.7168   2.7199
  2.7280   2.7363   2.7369   2.7378   2.7490   2.7561   2.7564   2.7674
  2.7684   2.7698   2.7772   2.7830   2.7899   2.7941   2.8018   2.8022
  2.8093   2.8104   2.8138   2.8196   2.8242   2.8265   2.8293   2.8339
  2.8391   2.8456   2.8467   2.8476   2.8566   2.8652   2.8720   2.8800
  2.8883   2.8988   2.9022   2.9090   2.9095   2.9168   2.9307   2.9364
  2.9405   2.9577   2.9601   2.9644   2.9704   2.9895   2.9932   3.0084
  3.0292   3.0332   3.0447   3.0500   3.0616   3.0803   3.0962   3.1015
  3.1073   3.1163   3.1165   3.1313   3.1392   3.1440   3.1467   3.1569
  3.1587   3.1715   3.1722   3.1841   3.1968   3.2070   3.2076   3.2127
  3.2296   3.2438   3.2563   3.2616   3.2746   3.2762   3.2950   3.3059
  3.3197   3.3224   3.3231   3.3331   3.3548   3.3570   3.3670   3.3795
  3.3803   3.3900   3.4061   3.4107   3.4203   3.4242   3.4364   3.4507
  3.4552   3.4636   3.4664   3.4789   3.4793   3.4848   3.4911   3.4992
  3.5137   3.5236   3.5262   3.5335   3.5480   3.5506   3.5727   3.5781
  3.5870   3.5942   3.6081   3.6146   3.6207   3.6243   3.6388   3.6433
  3.6469   3.6690   3.6769   3.6812   3.6813   3.6869   3.6913   3.6980
  3.7205   3.7254   3.7355   3.7601   3.7857   3.7955   3.8118   3.8288
  3.8373   3.8540   3.8554   3.8682   3.8688   3.8939   3.9067   3.9166
  3.9212   3.9452   3.9516   3.9777   3.9803   3.9919   3.9979   4.0015
  4.0091   4.0370   4.0625   4.0688   4.0777   4.0911   4.1233   4.1359
  4.1535   4.1652   4.1654   4.1898   4.2065   4.2221   4.2256   4.2410
  4.2445   4.2565   4.2588   4.3024   4.3146   4.3408   4.3478   4.3734
  4.4039   4.4179   4.4356   4.4632   4.4762   4.4870   4.5310   4.5548
  4.5835   4.5885   4.6095   4.6384   4.6586   4.6676   4.6714   4.7019
  4.7477   4.7622   4.7764   4.8065   4.8068   4.8124   4.8633   4.8805
  4.8914   4.9018   4.9150   4.9317   4.9477   4.9570   4.9628   4.9693
  4.9717   5.0017   5.0064   5.0167   5.0318   5.0549   5.0616   5.1063
  5.1091   5.1094   5.1305   5.1333   5.1461   5.1697   5.1702   5.1922
  5.1937   5.2056   5.2078   5.2201   5.2231   5.2356   5.2425   5.2464
  5.2607   5.2612   5.2673   5.2692   5.2891   5.2924   5.3036   5.3094
  5.3168   5.3347   5.3421   5.3622   5.3682   5.3804   5.3898   5.3989
  5.4072   5.4151   5.4291   5.4412   5.4434   5.4739   5.4742   5.4870
  5.4916   5.4974   5.4996   5.5094   5.5105   5.5369   5.5399   5.5512
  5.5565   5.5699   5.5807   5.5859   5.5959   5.5982   5.6162   5.6212
  5.6242   5.6332   5.6334   5.6425   5.6456   5.6549   5.6811   5.6942
  5.7090   5.7167   5.7198   5.7345   5.7489   5.7635   5.7635   5.7989
  5.8006   5.8206   5.8226   5.8408   5.8520   5.8576   5.8627   5.8791
  5.8833   5.8963   5.9010   5.9127   5.9143   5.9225   5.9378   5.9392
  5.9421   5.9482   5.9566   5.9607   5.9692   5.9832   5.9926   6.0005
  6.0014   6.0062   6.0167   6.0274   6.0310   6.0372   6.0386   6.0514
  6.0522   6.0599   6.0609   6.0709   6.0761   6.0828   6.0847   6.0856
  6.0997   6.1149   6.1159   6.1257   6.1342   6.1445   6.1495   6.1582
  6.1652   6.1705   6.1780   6.1824   6.1845   6.1870   6.1965   6.2005
  6.2097   6.2115   6.2160   6.2186   6.2265   6.2282   6.2377   6.2428
  6.2546   6.2554   6.2637   6.2783   6.2927   6.2944   6.3023   6.3047
  6.3053   6.3122   6.3142   6.3195   6.3242   6.3335   6.3429   6.3445
  6.3471   6.3562   6.3570   6.3685   6.3705   6.3877   6.3953   6.4026
  6.4034   6.4100   6.4129   6.4171   6.4187   6.4343   6.4464   6.4514
  6.4554   6.4668   6.4739   6.4752   6.4765   6.4905   6.4995   6.5090
  6.5096   6.5270   6.5273   6.5542   6.5605   6.5728   6.5761   6.5819
  6.5844   6.5929   6.5982   6.6053   6.6078   6.6133   6.6208   6.6309
  6.6311   6.6390   6.6427   6.6480   6.6557   6.6684   6.6793   6.6858
  6.6910   6.6922   6.6958   6.7041   6.7074   6.7283   6.7330   6.7400
  6.7434   6.7437   6.7474   6.7559   6.7714   6.7719   6.7731   6.7890
  6.7957   6.8083   6.8146   6.8244   6.8325   6.8448   6.8450   6.8504
  6.8609   6.8619   6.8671   6.8783   6.8862   6.8879   6.8902   6.9157
  6.9282   6.9285   6.9381   6.9462   6.9587   6.9624   6.9693   6.9786
  6.9896   6.9985   7.0207   7.0273   7.0381   7.0530   7.0564   7.0720
  7.0800   7.0884   7.0898   7.0925   7.1035   7.1072   7.1135   7.1197
  7.1338   7.1436   7.1453   7.1650   7.1665   7.1706   7.1793   7.1815
  7.1893   7.2219   7.2517   7.2706   7.2775   7.2893   7.2972   7.3064
  7.3148   7.3295   7.3366   7.3404   7.3456   7.3597   7.3622   7.3650
  7.4014   7.4121   7.4215   7.4252   7.4295   7.4464   7.4569   7.4680
  7.4715   7.4929   7.4996   7.5065   7.5080   7.5165   7.5257   7.5266
  7.5404   7.5516   7.5573   7.5898   7.5918   7.6126   7.6150   7.6260
  7.6321   7.6416   7.6452   7.6593   7.6742   7.6808   7.6889   7.7200
  7.7203   7.7324   7.7442   7.7528   7.7592   7.7639   7.7766   7.7802
  7.8108   7.8160   7.8217   7.8240   7.8391   7.8432   7.8650   7.8816
  7.8821   7.8893   7.8896   7.8983   7.9038   7.9107   7.9177   7.9318
  7.9393   7.9464   7.9506   7.9642   7.9709   7.9769   7.9849   7.9926
  7.9932   8.0139   8.0364   8.0466   8.0544   8.0708   8.0745   8.0933
  8.0994   8.1267   8.1291   8.1357   8.1515   8.1551   8.1627   8.1635
  8.1692   8.1882   8.1885   8.1926   8.2083   8.2162   8.2193   8.2212
  8.2307   8.2438   8.2469   8.2551   8.2569   8.2718   8.2954   8.3028
  8.3061   8.3080   8.3217   8.3387   8.3422   8.3490   8.3528   8.3564
  8.3701   8.3712   8.3848   8.3972   8.4067   8.4101   8.4129   8.4195
  8.4260   8.4265   8.4297   8.4370   8.4452   8.4606   8.4669   8.4749
  8.4809   8.4835   8.5100   8.5295   8.5414   8.5475   8.5597   8.5630
  8.5710   8.5798   8.5923   8.6138   8.6232   8.6239   8.6368   8.6393
  8.6419   8.6448   8.6597   8.6891   8.6905   8.6926   8.6974   8.7106
  8.7216   8.7505   8.7511   8.7550   8.7927   8.8055   8.8134   8.8359
  8.8373   8.8383   8.8493   8.8683   8.8763   8.8882   8.8966   8.9233
  8.9281   8.9349   8.9479   8.9556   8.9658   8.9768   8.9797   8.9940
  9.0075   9.0209   9.0410   9.0501   9.0662   9.0943   9.1502   9.1673
  9.1970   9.2493   9.2715   9.3580   9.3894   9.4143   9.4215   9.4485
  9.4556   9.5022   9.5256   9.5287   9.5315   9.5866   9.5966   9.6222
  9.6370   9.6421   9.6888   9.7038   9.7047   9.7049   9.7285   9.7403
  9.7923   9.7996   9.8021   9.8136   9.8146   9.8508   9.8693   9.9135
  9.9266   9.9363   9.9440   9.9456   9.9485   9.9772  10.0776  10.0828
 10.1072  10.1081  10.1131  10.1789  10.1836  10.2092  10.2105  10.2239
 10.2415  10.2459  10.2614  10.2887  10.2956  10.2975  10.3153  10.3992
 10.4331  10.4805  10.5074  10.5624  10.5881  10.6160  10.6219  10.7680
 10.7790  10.8458  10.8564  10.8887  10.8972  11.6122  11.6174  12.1915
 12.2001  12.6274  12.6695  12.7505  12.7700  12.7975  12.9116  12.9894
 13.0827  13.1141  13.2874  28.2088  28.2586  28.6664  28.7084  28.7162
 28.7230  28.7916  28.8598  28.9989  29.0621  29.1760  29.2295  29.2495
 29.3104  29.5921  29.6001 149.0445 149.1064 149.4733 149.5333 149.5342
149.5569 149.6291 149.6359 149.8488 149.8539 149.9664 150.0198 150.0541
150.1450 150.4086 150.4243
 --------------------------------------------------------------
 
          Ground-State Mulliken Net Atomic Charges

     Atom                 Charge (a.u.)    Spin (a.u.)
  --------------------------------------------------------
      1 C                    -0.078385      -0.017488
      2 C                    -0.087791       0.043272
      3 C                     0.057659      -0.000261
      4 C                     0.097820       0.028209
      5 C                    -0.085850      -0.015193
      6 C                    -0.092652       0.039932
      7 C                    -0.292619       0.006887
      8 C                    -0.293036       0.007068
      9 C                     0.059340      -0.000757
     10 C                     0.106325       0.028389
     11 C                    -0.095175      -0.015511
     12 H                     0.081991       0.000778
     13 C                    -0.081718       0.039785
     14 C                    -0.085061      -0.017325
     15 C                    -0.093948       0.043838
     16 H                     0.078205       0.000919
     17 H                     0.080276      -0.003401
     18 H                     0.078496       0.000730
     19 H                     0.086349      -0.001660
     20 H                     0.077066      -0.001640
     21 H                     0.079742       0.000920
     22 H                     0.082334      -0.003340
     23 H                     0.109665       0.012438
     24 H                     0.109358       0.012528
     25 C                    -0.056168       0.904484
     26 C                    -0.060717       0.906154
     27 H                     0.111009       0.000159
     28 H                     0.107483       0.000086
  --------------------------------------------------------
  Sum of atomic charges =    -0.000000
  Sum of spin   charges =     2.000000

 -----------------------------------------------------------------
                    Cartesian Multipole Moments
 -----------------------------------------------------------------
    Charge (ESU x 10^10)
                -0.0000
    Dipole Moment (Debye)
         X      -0.1236      Y      -0.4397      Z      -0.1989
       Tot       0.4982
    Quadrupole Moments (Debye-Ang)
        XX     -86.3044     XY      -3.5543     YY     -96.1653
        XZ      -3.3194     YZ      -4.0874     ZZ     -91.8188
    Octopole Moments (Debye-Ang^2)
       XXX    -605.6122    XXY      39.6754    XYY    -213.5893
       YYY     175.1123    XXZ    -244.3639    XYZ     -14.9351
       YYZ    -229.2877    XZZ    -238.3154    YZZ      33.0092
       ZZZ    -742.4813
    Hexadecapole Moments (Debye-Ang^3)
      XXXX   -3949.6868   XXXY     525.0175   XXYY    -897.3761
      XYYY     580.8607   YYYY   -1412.8007   XXXZ   -1981.2422
      XXYZ     214.0830   XYYZ    -610.3679   YYYZ     766.2458
      XXZZ   -1720.9926   XYZZ     149.4424   YYZZ   -1080.7587
      XZZZ   -2194.1254   YZZZ     675.3157   ZZZZ   -5845.2318
 -----------------------------------------------------------------
 Total job time:  669.10s(wall), 19746.38s(cpu) 
 Wed Nov 13 13:45:38 2024

        *************************************************************
        *                                                           *
        *  Thank you very much for using Q-Chem.  Have a nice day.  *
        *                                                           *
        *************************************************************


