
Running Job 1 of 1 n7-i1-triplet-wB97mV.in
qchem n7-i1-triplet-wB97mV.in_3717912.0 /expanse/lustre/scratch/whughes/temp_project/job_32713256/n7-i1-triplet-wB97mV-32713256/ 0
/cm/shared/apps/spack/0.17.3/cpu/b/opt/spack/linux-rocky8-zen2/gcc-10.2.0/qchem-6.0-rytxnwjazd34ekd2gqyi5ufsaimxsd3r/exe/qcprog.exe_s n7-i1-triplet-wB97mV.in_3717912.0 /expanse/lustre/scratch/whughes/temp_project/job_32713256/n7-i1-triplet-wB97mV-32713256/
                  Welcome to Q-Chem
     A Quantum Leap Into The Future Of Chemistry


 Q-Chem 6.0, Q-Chem, Inc., Pleasanton, CA (2022)

 License issued to: University of California, San Diego (site)

 E. Epifanovsky,  A. T. B. Gilbert,  Xintian Feng,  Joonho Lee,  Yuezhi Mao,  
 N. Mardirossian,  P. Pokhilko,  A. White,  M. Wormit,  M. P. Coons,  
 A. L. Dempwolff,  Zhengting Gan,  D. Hait,  P. R. Horn,  L. D. Jacobson,  
 I. Kaliman,  J. Kussmann,  A. W. Lange,  Ka Un Lao,  D. S. Levine,  Jie Liu,  
 S. C. McKenzie,  A. F. Morrison,  K. Nanda,  F. Plasser,  D. R. Rehn,  
 M. L. Vidal,  Zhi-Qiang You,  Ying Zhu,  B. Alam,  B. Albrecht,  
 A. Aldossary,  E. Alguire,  J. H. Andersen,  V. Athavale,  D. Barton,  
 K. Begam,  A. Behn,  N. Bellonzi,  Y. A. Bernard,  E. J. Berquist,  
 H. Burton,  A. Carreras,  K. Carter-Fenk,  Romit Chakraborty,  
 Chandrima Chakravarty,  Junhan Chen,  A. D. Chien,  K. D. Closser,  
 V. Cofer-Shabica,  L. Cunha,  S. Dasgupta,  Jia Deng,  M. de Wergifosse,  
 M. Diedenhofen,  Hainam Do,  S. Ehlert,  Po-Tung Fang,  S. Fatehi,  
 Qingguo Feng,  T. Friedhoff,  B. Ganoe,  J. Gayvert,  Qinghui Ge,  
 G. Gidofalvi,  M. Goldey,  J. Gomes,  C. Gonzalez-Espinoza,  S. Gulania,  
 A. Gunina,  J. A. Gyamfi,  M. W. D. Hanson-Heine,  P. H. P. Harbach,  
 A. W. Hauser,  M. F. Herbst,  M. Hernandez Vera,  M. Hodecker,  
 Z. C. Holden,  S. Houck,  Xunkun Huang,  Kerwin Hui,  B. C. Huynh,  
 K. Ikeda,  M. Ivanov,  Hyunjun Ji,  Zuxin Jin,  Hanjie Jiang,  B. Kaduk,  
 S. Kaehler,  R. Kang,  K. Khistyaev,  Jaehoon Kim,  Yongbin Kim,  
 P. Klunzinger,  Z. Koczor-Benda,  Joong Hoon Koh,  D. Kosenkov,  
 Saikiran Kotaru,  L. Koulias,  T. Kowalczyk,  C. M. Krauter,  K. Kue,  
 A. Kunitsa,  T. Kus,  A. Landau,  K. V. Lawler,  D. Lefrancois,  S. Lehtola,  
 Rain Li,  Shaozhi Li,  Yi-Pei Li,  Jiashu Liang,  M. Liebenthal,  
 Hung-Hsuan Lin,  You-Sheng Lin,  Fenglai Liu,  Kuan-Yu Liu,  
 M. Loipersberger,  A. Luenser,  C. Malbon,  A. Manjanath,  P. Manohar,  
 E. Mansoor,  S. F. Manzer,  Shan-Ping Mao,  A. V. Marenich,  T. Markovich,  
 S. Mason,  F. Matz,  S. A. Maurer,  P. F. McLaughlin,  M. F. S. J. Menger,  
 J.-M. Mewes,  S. A. Mewes,  P. Morgante,  Mohammad Mostafanejad,  
 J. W. Mullinax,  K. J. Oosterbaan,  G. Paran,  V. Parravicini,  
 Alexander C. Paul,  Suranjan K. Paul,  F. Pavosevic,  Zheng Pei,  S. Prager,  
 E. I. Proynov,  E. Ramos,  B. Rana,  A. E. Rask,  A. Rettig,  R. M. Richard,  
 F. Rob,  E. Rossomme,  T. Scheele,  M. Scheurer,  M. Schneider,  
 P. E. Schneider,  N. Sergueev,  S. M. Sharada,  Hengyuan Shen,  
 W. Skomorowski,  D. W. Small,  C. J. Stein,  Yingli Su,  Yu-Chuan Su,  
 E. J. Sundstrom,  Zhen Tao,  J. Thirman,  Hung-Yi Tsai,  T. Tsuchimochi,  
 N. M. Tubman,  C. Utku,  S. P. Veccham,  O. Vydrov,  J. Wenzel,  
 Jonathan Wong,  J. Witte,  A. Yamada,  Chou-Hsun Yang,  Kun Yao,  
 S. Yeganeh,  S. R. Yost,  A. Zech,  F. Zeller,  Igor Ying Zhang,  
 Xing Zhang,  Yu Zhang,  D. Zuev,  A. Aspuru-Guzik,  A. T. Bell,  
 N. A. Besley,  K. B. Bravaya,  B. R. Brooks,  D. Casanova,  Jeng-Da Chai,  
 Hsing-Ta Chen,  S. Coriani,  C. J. Cramer,  A. E. DePrince, III,  
 R. A. DiStasio Jr.,  A. Dreuw,  B. D. Dunietz,  T. R. Furlani,  
 W. A. Goddard III,  S. Grimme,  S. Hammes-Schiffer,  T. Head-Gordon,  
 W. J. Hehre,  Chao-Ping Hsu,  T.-C. Jagau,  Yousung Jung,  A. Klamt,  
 Jing Kong,  D. S. Lambrecht,  Xiangyuan Li,  WanZhen Liang,  N. J. Mayhall,  
 C. W. McCurdy,  J. B. Neaton,  T. Neudecker,  C. Ochsenfeld,  
 J. A. Parkhill,  R. Peverati,  V. A. Rassolov,  Haisheng Ren,  Yihan Shao,  
 L. V. Slipchenko,  R. P. Steele,  J. E. Subotnik,  A. J. W. Thom,  
 A. Tkatchenko,  D. G. Truhlar,  T. Van Voorhis,  Fan Wang,  
 T. A. Wesolowski,  K. B. Whaley,  H. L. Woodcock III,  P. M. Zimmerman,  
 S. Faraji,  P. M. W. Gill,  M. Head-Gordon,  J. M. Herbert,  A. I. Krylov

 Contributors to earlier versions of Q-Chem not listed above: 
 R. D. Adamson,  B. Austin,  R. Baer,  J. Baker,  G. J. O. Beran,  
 K. Brandhorst,  S. T. Brown,  E. F. C. Byrd,  Arup K. Chakraborty,  
 G. K. L. Chan,  Chun-Min Chang,  Yunqing Chen,  C.-L. Cheng,  
 Siu Hung Chien,  D. M. Chipman,  D. L. Crittenden,  H. Dachsel,  
 R. J. Doerksen,  A. D. Dutoi,  R. G. Edgar,  J. Fosso-Tande,  
 L. Fusti-Molnar,  D. Ghosh,  A. Ghysels,  A. Golubeva-Zadorozhnaya,  
 J. Gonthier,  M. S. Gordon,  S. R. Gwaltney,  G. Hawkins,  J. E. Herr,  
 A. Heyden,  S. Hirata,  E. G. Hohenstein,  G. Kedziora,  F. J. Keil,  
 C. Kelley,  Jihan Kim,  R. A. King,  R. Z. Khaliullin,  P. P. Korambath,  
 W. Kurlancheek,  A. Laurent,  A. M. Lee,  M. S. Lee,  S. V. Levchenko,  
 Ching Yeh Lin,  D. Liotard,  E. Livshits,  R. C. Lochan,  I. Lotan,  
 L. A. Martinez-Martinez,  P. E. Maslen,  N. Nair,  D. P. O'Neill,  
 D. Neuhauser,  E. Neuscamman,  C. M. Oana,  R. Olivares-Amaya,  R. Olson,  
 T. M. Perrine,  B. Peters,  P. A. Pieniazek,  A. Prociuk,  Y. M. Rhee,  
 J. Ritchie,  M. A. Rohrdanz,  E. Rosta,  N. J. Russ,  H. F. Schaefer III,  
 M. W. Schmidt,  N. E. Schultz,  S. Sharma,  N. Shenvi,  C. D. Sherrill,  
 A. C. Simmonett,  A. Sodt,  T. Stein,  D. Stuck,  K. S. Thanthiriwatte,  
 V. Vanovschi,  L. Vogt,  Tao Wang,  A. Warshel,  M. A. Watson,  
 C. F. Williams,  Q. Wu,  X. Xu,  Jun Yang,  W. Zhang,  Yan Zhao

   Please cite Q-Chem as follows:
  "Software for the frontiers of quantum chemistry:
   An overview of developments in the Q-Chem 5 package"
   J. Chem. Phys. 155, 084801 (2021)
   https://doi.org/10.1063/5.0055522 (open access)

 Q-Chem 6.0.2 for Intel X86 EM64T Linux

 Parts of Q-Chem use Armadillo 9.900.5 (Nocturnal Misbehaviour).
 http://arma.sourceforge.net/

 Q-Chem begins on Fri Aug  2 08:50:28 2024  

 Host: 
0

     Scratch files written to /expanse/lustre/scratch/whughes/temp_project/job_32713256/n7-i1-triplet-wB97mV-32713256//
 Dec722 |scratch|qcdevops|jenkins|workspace|build_RNUM    
 Processing $rem in /cm/shared/apps/spack/0.17.3/cpu/b/opt/spack/linux-rocky8-zen2/gcc-10.2.0/qchem-6.0-rytxnwjazd34ekd2gqyi5ufsaimxsd3r/config/preferences:
 Processing $rem in /home/whughes/.qchemrc:

 Checking the input file for inconsistencies... 	...done.

--------------------------------------------------------------
User input:
--------------------------------------------------------------
$molecule
0 3
C    1.7993488259    -0.5622542513   0.2911753306
C    3.0447470827    0.1969817901    0.2184841081
H    2.8162711849    1.2440694567    -0.0111420537
H    3.5907921772    0.1625525922    1.1650667994
H    3.7056032872    -0.1910086765   -0.561325373
C    0.4680893495    -0.28265873     0.1451895786
S    -0.7672273508   -1.5206864659   0.3167300518
C    -1.3777629564   0.8737106131    -0.2146698422
C    -1.962927759    -0.3461564636   -0.0035323657
H    -1.9293843749   1.7773946029    -0.4366911374
H    -3.0122156214   -0.5895792485   -0.0234916668
N    -0.0368588449   0.9269220308    -0.1363395597
$end

$rem
METHOD      wB97M-V
BASIS       def2-QZVPP
SYM_IGNORE   TRUE
DFT_D       false
MAX_SCF_CYCLES 300
$end

$end
--------------------------------------------------------------
 ----------------------------------------------------------------
             Standard Nuclear Orientation (Angstroms)
    I     Atom           X                Y                Z
 ----------------------------------------------------------------
    1      C       1.7993488259    -0.5622542513     0.2911753306
    2      C       3.0447470827     0.1969817901     0.2184841081
    3      H       2.8162711849     1.2440694567    -0.0111420537
    4      H       3.5907921772     0.1625525922     1.1650667994
    5      H       3.7056032872    -0.1910086765    -0.5613253730
    6      C       0.4680893495    -0.2826587300     0.1451895786
    7      S      -0.7672273508    -1.5206864659     0.3167300518
    8      C      -1.3777629564     0.8737106131    -0.2146698422
    9      C      -1.9629277590    -0.3461564636    -0.0035323657
   10      H      -1.9293843749     1.7773946029    -0.4366911374
   11      H      -3.0122156214    -0.5895792485    -0.0234916668
   12      N      -0.0368588449     0.9269220308    -0.1363395597
 ----------------------------------------------------------------
 Nuclear Repulsion Energy =         326.40561778 hartrees
 There are       30 alpha and       28 beta electrons
 Requested basis set is def2-QZVPP
 There are 174 shells and 562 basis functions

 Total QAlloc Memory Limit   8000 MB
 Mega-Array Size       188 MB
 MEM_STATIC part       192 MB


                       Distance Matrix (Angstroms)
             C (  1)   C (  2)   H (  3)   H (  4)   H (  5)   C (  6)
   C (  2)  1.460390
   H (  3)  2.094835  1.096048
   H (  4)  2.120920  1.093330  1.775677
   H (  5)  2.120940  1.093330  1.775686  1.765961
   C (  6)  1.368115  2.621944  2.805227  3.315062  3.314975
   S (  7)  2.739810  4.182246  4.537933  4.748189  4.748183  1.757312
   C (  8)  3.523055  4.494906  4.215271  5.205378  5.205229  2.207682
   C (  9)  3.779984  5.041934  5.036826  5.698089  5.698021  2.436390
   H ( 10)  4.461748  5.260128  4.794452  5.970401  5.970195  3.214076
   H ( 11)  4.821920  6.112612  6.110129  6.751154  6.751090  3.497882
   N ( 12)  2.402514  3.186692  2.873431  3.929093  3.928919  1.340641
             S (  7)   C (  8)   C (  9)   H ( 10)   H ( 11)
   C (  8)  2.527504
   C (  9)  1.706396  1.369333
   H ( 10)  3.577093  1.081769  2.167538
   H ( 11)  2.454116  2.202090  1.077338  2.635493
   N ( 12)  2.594128  1.344244  2.312598  2.096465  3.341446
 
 A cutoff of  1.0D-09 yielded  11576 shell pairs
 There are    121330 function pairs (    183876 Cartesian)
 Smallest overlap matrix eigenvalue = 4.24E-05

 Scale SEOQF with 1.000000e-01/1.000000e-01/1.000000e-01

 Standard Electronic Orientation quadrupole field applied
 Nucleus-field energy     =     0.0000000095 hartrees
 Guess from superposition of atomic densities
 Warning:  Energy on first SCF cycle will be non-variational
 SAD guess density has 58.000000 electrons

 -----------------------------------------------------------------------
  General SCF calculation program by
  Eric Jon Sundstrom, Paul Horn, Yuezhi Mao, Dmitri Zuev, Alec White,
  David Stuck, Shaama M.S., Shane Yost, Joonho Lee, David Small,
  Daniel Levine, Susi Lehtola, Hugh Burton, Evgeny Epifanovsky,
  Bang C. Huynh
 -----------------------------------------------------------------------
 Exchange:     0.1500 Hartree-Fock + 1.0000 wB97M-V + LR-HF
 Correlation:  1.0000 wB97M-V
 Using SG-2 standard quadrature grid
 Nonlocal Correlation:  VV10 with C = 0.0100 and b = 6.00 and scale = 1.00000
 Grid used for NLC:  SG-1 standard quadrature
 using 32 threads for integral computing
 -------------------------------------------------------
 OpenMP Integral computing Module                
 Release: version 1.0, May 2013, Q-Chem Inc. Pittsburgh 
 -------------------------------------------------------
 A unrestricted SCF calculation will be
 performed using DIIS
 SCF converges when DIIS error is below 1.0e-05
 ---------------------------------------
  Cycle       Energy         DIIS error
 ---------------------------------------
    1    -648.4370048304      8.01e-03  
    2    -646.2821585765      6.08e-04  
    3    -646.2992372376      6.18e-04  
    4    -646.3511122903      1.12e-04  
    5    -646.3542259183      5.45e-05  
    6    -646.3552457589      2.35e-05  
    7    -646.3555809768      1.25e-05  
    8    -646.3557036656      6.21e-06  Convergence criterion met
 ---------------------------------------
 SCF time:   CPU 2421.99s  wall 77.00s 
<S^2> =          2.043245013
 SCF   energy in the final basis set =     -646.3557036656
 Total energy in the final basis set =     -646.3557036656
 
 --------------------------------------------------------------
 
                    Orbital Energies (a.u.)
 --------------------------------------------------------------
 
 Alpha MOs
 -- Occupied --
-89.2123 -14.5066 -10.4126 -10.3903 -10.3793 -10.3785 -10.3586  -8.1505
 -6.0598  -6.0569  -6.0563  -1.0956  -0.9333  -0.9267  -0.8602  -0.7680
 -0.7037  -0.6371  -0.6025  -0.5558  -0.5538  -0.5440  -0.5247  -0.5017
 -0.4645  -0.4018  -0.3853  -0.3845  -0.3474  -0.2722
 -- Virtual --
  0.0707   0.0737   0.0775   0.0933   0.1076   0.1173   0.1202   0.1327
  0.1374   0.1475   0.1598   0.1668   0.1845   0.1879   0.1895   0.2030
  0.2217   0.2222   0.2368   0.2430   0.2717   0.2850   0.2943   0.2975
  0.3033   0.3281   0.3354   0.3568   0.3633   0.3754   0.3788   0.3868
  0.3964   0.3987   0.4080   0.4267   0.4308   0.4333   0.4438   0.4456
  0.4681   0.4931   0.4987   0.5155   0.5416   0.5480   0.5538   0.5779
  0.5993   0.6051   0.6074   0.6197   0.6362   0.6742   0.6831   0.6926
  0.7067   0.7251   0.7278   0.7390   0.7558   0.7578   0.7608   0.7795
  0.7833   0.8005   0.8236   0.8253   0.8447   0.8498   0.8603   0.8634
  0.8821   0.8892   0.8913   0.8992   0.9005   0.9171   0.9247   0.9350
  0.9434   0.9699   0.9897   1.0037   1.0158   1.0195   1.0227   1.0458
  1.0594   1.0708   1.0761   1.0770   1.0913   1.0967   1.1028   1.1102
  1.1289   1.1379   1.1519   1.1722   1.1748   1.1770   1.2112   1.2404
  1.2543   1.2641   1.2751   1.2754   1.3056   1.3353   1.3421   1.3478
  1.3741   1.3858   1.3919   1.3996   1.4228   1.4613   1.4818   1.5199
  1.5388   1.5537   1.5789   1.5970   1.6019   1.6159   1.6225   1.6371
  1.6996   1.7200   1.7205   1.7469   1.7485   1.8109   1.8303   1.8364
  1.8521   1.8534   1.8570   1.8642   1.8958   1.9163   1.9271   1.9592
  1.9677   1.9784   1.9817   1.9865   2.0138   2.0266   2.0303   2.0401
  2.0500   2.0616   2.0792   2.1088   2.1090   2.1123   2.1293   2.1499
  2.1660   2.1802   2.1864   2.2015   2.2170   2.2182   2.2318   2.2339
  2.2549   2.2550   2.2703   2.3030   2.3157   2.3210   2.3312   2.3459
  2.3628   2.3665   2.4003   2.4135   2.4183   2.4490   2.4528   2.4793
  2.5022   2.5149   2.5258   2.5419   2.5438   2.5764   2.5821   2.5879
  2.6018   2.6186   2.6331   2.6484   2.6573   2.6757   2.6758   2.7012
  2.7127   2.7205   2.7257   2.7538   2.7746   2.7872   2.7891   2.7947
  2.8511   2.8537   2.8587   2.8822   2.9142   2.9198   2.9369   2.9498
  2.9635   2.9894   2.9920   3.0201   3.0417   3.0480   3.0889   3.0994
  3.1348   3.1542   3.1707   3.2033   3.2099   3.2271   3.2310   3.2508
  3.2713   3.2781   3.2901   3.3075   3.3260   3.3514   3.3566   3.3718
  3.4056   3.4153   3.4194   3.4369   3.4726   3.4791   3.5102   3.5130
  3.5291   3.5352   3.5589   3.5716   3.6093   3.6215   3.6556   3.6860
  3.7143   3.7392   3.7548   3.7785   3.7941   3.8112   3.8170   3.8827
  3.8924   3.8959   3.9041   3.9358   3.9432   3.9673   3.9689   4.0188
  4.0471   4.0730   4.1052   4.1226   4.1373   4.1889   4.1944   4.1969
  4.2369   4.2808   4.3533   4.4082   4.4576   4.5086   4.6034   4.7038
  4.7762   4.8332   4.8580   4.9139   4.9371   4.9510   4.9855   4.9916
  5.0250   5.0596   5.1247   5.1285   5.1610   5.1838   5.2118   5.2128
  5.2326   5.2768   5.2966   5.3244   5.3913   5.4324   5.4327   5.4389
  5.4530   5.4618   5.5153   5.5189   5.5343   5.6022   5.6123   5.6400
  5.6735   5.7132   5.7402   5.7529   5.7879   5.7983   5.8021   5.8425
  5.8469   5.8548   5.8697   5.8997   5.9075   5.9277   5.9575   5.9623
  5.9706   5.9829   6.0052   6.0189   6.0217   6.0572   6.0660   6.0783
  6.0976   6.0991   6.1290   6.1351   6.1584   6.1775   6.1905   6.2218
  6.2388   6.2410   6.2609   6.2628   6.2886   6.3267   6.3311   6.3539
  6.3637   6.3749   6.3905   6.3946   6.4027   6.4203   6.4557   6.4568
  6.4863   6.4927   6.5143   6.5486   6.5910   6.5999   6.6010   6.6377
  6.6822   6.6992   6.7100   6.7342   6.7550   6.7880   6.8028   6.8101
  6.8732   6.8847   6.9210   6.9675   6.9855   7.0246   7.0681   7.0685
  7.0818   7.1187   7.1371   7.1694   7.1995   7.2613   7.2894   7.3364
  7.3723   7.3744   7.3918   7.4206   7.4255   7.4418   7.4889   7.4993
  7.5254   7.5297   7.5484   7.6095   7.6482   7.6643   7.6646   7.6775
  7.6875   7.6954   7.7334   7.7556   7.7787   7.8098   7.8271   7.8513
  7.8930   7.9002   7.9106   7.9317   7.9384   7.9702   7.9934   8.0178
  8.0357   8.1116   8.1211   8.1418   8.1790   8.1903   8.2306   8.2558
  8.3065   8.3067   8.3163   8.3401   8.3501   8.3803   8.3988   8.4210
  8.4225   8.4385   8.4693   8.4827   8.5000   8.5193   8.5605   8.5980
  8.6355   8.6799   8.7012   8.7515   8.7792   8.8170   8.8418   8.8534
  8.8834   8.8841   8.8887   8.9003   8.9302   8.9821   9.0844   9.1252
  9.1415   9.1799   9.2370   9.2581   9.2998   9.3421   9.4041   9.5179
  9.5766   9.5791   9.6177   9.6864   9.7106   9.7345   9.7796   9.7800
  9.7985   9.8761   9.8788   9.9015  10.0162  10.0844  10.1364  10.1886
 10.2025  10.2196  10.3015  10.4111  10.4133  10.4756  10.6572  10.6832
 10.8239  11.0583  11.6119  11.6515  11.7459  11.9397  12.1107  12.3831
 12.8089  13.1641  24.9828  28.0255  28.4603  28.9076  28.9597  29.1799
 29.2376  29.4438  29.4804  37.9154  84.7575 148.8239 149.2502 149.7035
149.9753 150.0714 199.2981 453.9908
 
 Beta MOs
 -- Occupied --
-89.2112 -14.5001 -10.4153 -10.3805 -10.3748 -10.3677 -10.3587  -8.1495
 -6.0589  -6.0563  -6.0529  -1.0880  -0.9199  -0.9088  -0.8537  -0.7480
 -0.6944  -0.6297  -0.5844  -0.5383  -0.5381  -0.5287  -0.5132  -0.4941
 -0.4609  -0.3753  -0.3693  -0.3554
 -- Virtual --
 -0.0179  -0.0100   0.0761   0.0781   0.0903   0.0931   0.1096   0.1223
  0.1240   0.1373   0.1437   0.1482   0.1632   0.1704   0.1863   0.1881
  0.1902   0.2062   0.2254   0.2337   0.2444   0.2449   0.2727   0.2898
  0.2972   0.2995   0.3085   0.3313   0.3366   0.3583   0.3678   0.3782
  0.3840   0.3883   0.4058   0.4062   0.4173   0.4298   0.4343   0.4364
  0.4485   0.4516   0.4708   0.4993   0.5039   0.5196   0.5453   0.5561
  0.5589   0.5877   0.6031   0.6139   0.6175   0.6275   0.6398   0.6761
  0.6881   0.6972   0.7114   0.7285   0.7335   0.7467   0.7601   0.7606
  0.7662   0.7853   0.7910   0.8102   0.8281   0.8300   0.8516   0.8520
  0.8636   0.8700   0.8836   0.8921   0.8963   0.9038   0.9060   0.9232
  0.9290   0.9372   0.9457   0.9721   0.9939   1.0098   1.0237   1.0242
  1.0270   1.0485   1.0660   1.0730   1.0783   1.0799   1.0936   1.0996
  1.1044   1.1126   1.1365   1.1439   1.1601   1.1752   1.1800   1.1809
  1.2152   1.2424   1.2573   1.2677   1.2794   1.2825   1.3063   1.3392
  1.3477   1.3515   1.3780   1.3900   1.3974   1.4033   1.4251   1.4639
  1.4878   1.5249   1.5444   1.5553   1.5819   1.6021   1.6048   1.6205
  1.6291   1.6418   1.7033   1.7250   1.7259   1.7614   1.7759   1.8145
  1.8334   1.8472   1.8543   1.8596   1.8657   1.8699   1.9053   1.9249
  1.9400   1.9684   1.9759   1.9844   1.9948   1.9978   2.0190   2.0341
  2.0428   2.0455   2.0615   2.0734   2.0858   2.1189   2.1213   2.1265
  2.1450   2.1603   2.1738   2.1932   2.1985   2.2091   2.2216   2.2230
  2.2395   2.2558   2.2591   2.2593   2.2763   2.3125   2.3274   2.3333
  2.3543   2.3585   2.3732   2.3780   2.4146   2.4264   2.4316   2.4592
  2.4593   2.4904   2.5267   2.5272   2.5297   2.5494   2.5543   2.5872
  2.5935   2.6118   2.6183   2.6293   2.6370   2.6547   2.6772   2.6855
  2.6868   2.7068   2.7290   2.7293   2.7305   2.7639   2.7881   2.7952
  2.7960   2.8038   2.8579   2.8625   2.8684   2.9018   2.9200   2.9315
  2.9432   2.9567   2.9768   2.9989   3.0031   3.0304   3.0568   3.0576
  3.0968   3.1100   3.1475   3.1662   3.1829   3.2154   3.2211   3.2365
  3.2466   3.2620   3.2844   3.2866   3.3004   3.3179   3.3351   3.3615
  3.3661   3.3827   3.4173   3.4244   3.4267   3.4474   3.4823   3.4908
  3.5242   3.5270   3.5383   3.5437   3.5692   3.5787   3.6160   3.6323
  3.6679   3.6964   3.7234   3.7516   3.7634   3.7846   3.8109   3.8192
  3.8260   3.8929   3.8988   3.9087   3.9107   3.9452   3.9524   3.9796
  3.9843   4.0310   4.0545   4.0824   4.1196   4.1260   4.1478   4.1999
  4.2032   4.2070   4.2525   4.2951   4.3642   4.4249   4.4769   4.5192
  4.6385   4.7273   4.7839   4.8522   4.8795   4.9684   4.9936   4.9997
  5.0204   5.0463   5.0582   5.0809   5.1403   5.1593   5.1956   5.2167
  5.2372   5.2469   5.2511   5.3064   5.3182   5.3750   5.3963   5.4366
  5.4457   5.4601   5.4786   5.4808   5.5219   5.5486   5.5510   5.6242
  5.6384   5.6509   5.6972   5.7278   5.7545   5.7804   5.7991   5.8345
  5.8488   5.8607   5.8610   5.8765   5.9032   5.9187   5.9356   5.9492
  5.9700   5.9740   5.9829   5.9873   6.0297   6.0435   6.0487   6.0937
  6.1040   6.1051   6.1143   6.1185   6.1430   6.1671   6.2198   6.2207
  6.2371   6.2445   6.2637   6.2683   6.2826   6.2921   6.3245   6.3507
  6.3574   6.3698   6.3848   6.4044   6.4069   6.4325   6.4403   6.4467
  6.4764   6.4785   6.5171   6.5174   6.5286   6.5693   6.6054   6.6060
  6.6337   6.6566   6.7164   6.7186   6.7468   6.7558   6.7749   6.8061
  6.8190   6.8407   6.8960   6.9292   6.9434   6.9994   7.0176   7.0472
  7.0820   7.1029   7.1035   7.1493   7.1548   7.1973   7.2227   7.2882
  7.3300   7.3612   7.3973   7.3984   7.4086   7.4426   7.4432   7.4709
  7.5103   7.5349   7.5366   7.5454   7.5814   7.6266   7.6618   7.6748
  7.6849   7.6992   7.7022   7.7069   7.7532   7.7742   7.7903   7.8343
  7.8378   7.8758   7.9112   7.9129   7.9318   7.9475   7.9614   7.9890
  8.0160   8.0306   8.0674   8.1292   8.1310   8.1621   8.1913   8.2201
  8.2421   8.2716   8.3244   8.3251   8.3354   8.3618   8.3730   8.3998
  8.4090   8.4364   8.4366   8.4510   8.4896   8.5039   8.5192   8.5445
  8.5857   8.6294   8.6612   8.7157   8.7222   8.7839   8.7941   8.8369
  8.8593   8.8711   8.8925   8.8942   8.9054   8.9294   8.9373   9.0079
  9.1090   9.1625   9.1772   9.2019   9.2513   9.3158   9.3313   9.3700
  9.4185   9.5283   9.5864   9.5974   9.6448   9.7053   9.7461   9.7563
  9.8013   9.8021   9.8174   9.8981   9.9037   9.9259  10.0586  10.1014
 10.1567  10.2097  10.2264  10.2360  10.3166  10.4235  10.4280  10.5037
 10.6884  10.7502  10.8521  11.0709  11.6431  11.6709  11.7857  11.9528
 12.1213  12.4104  12.8236  13.1902  24.9885  28.0606  28.4714  28.9312
 28.9659  29.1832  29.2398  29.4454  29.4815  37.9294  84.7606 148.8351
149.2531 149.7105 149.9758 150.0715 199.3024 453.9922
 --------------------------------------------------------------
 
          Ground-State Mulliken Net Atomic Charges

     Atom                 Charge (a.u.)    Spin (a.u.)
  --------------------------------------------------------
      1 C                    -0.003289       1.465998
      2 C                    -0.283574       0.002264
      3 H                     0.131214       0.039344
      4 H                     0.126653       0.027263
      5 H                     0.123676       0.027047
      6 C                     0.069676      -0.150096
      7 S                     0.090065       0.134812
      8 C                    -0.019675      -0.084040
      9 C                    -0.181913       0.251277
     10 H                     0.131943       0.005659
     11 H                     0.118266      -0.011870
     12 N                    -0.303044       0.292342
  --------------------------------------------------------
  Sum of atomic charges =     0.000000
  Sum of spin   charges =     2.000000

 -----------------------------------------------------------------
                    Cartesian Multipole Moments
 -----------------------------------------------------------------
    Charge (ESU x 10^10)
                 0.0000
    Dipole Moment (Debye)
         X      -0.0380      Y      -0.3467      Z       0.0669
       Tot       0.3551
    Quadrupole Moments (Debye-Ang)
        XX     -37.7997     XY      -0.0612     YY     -50.3797
        XZ       0.8674     YZ      -0.0802     ZZ     -50.5889
    Octopole Moments (Debye-Ang^2)
       XXX      -9.0133    XXY      14.9042    XYY      -9.8145
       YYY      41.7096    XXZ      -5.7146    XYZ       1.9659
       YYZ      -6.3280    XZZ      -0.8667    YZZ      14.1556
       ZZZ     -17.2661
    Hexadecapole Moments (Debye-Ang^3)
      XXXX    -782.4788   XXXY     -18.7325   XXYY    -196.3832
      XYYY     -34.5948   YYYY    -334.0526   XXXZ     -16.8643
      XXYZ       8.5870   XYYZ      -6.4354   YYYZ      25.1794
      XXZZ    -162.0976   XYZZ     -11.2673   YYZZ     -72.3628
      XZZZ     -20.5806   YZZZ      29.4227   ZZZZ     -84.3420
 -----------------------------------------------------------------
 Total job time:  81.95s(wall), 2453.48s(cpu) 
 Fri Aug  2 08:51:49 2024

        *************************************************************
        *                                                           *
        *  Thank you very much for using Q-Chem.  Have a nice day.  *
        *                                                           *
        *************************************************************


