
Running Job 1 of 1 n6-ts2-triplet-conf3-wB97mV.in
qchem n6-ts2-triplet-conf3-wB97mV.in_379483.0 /expanse/lustre/scratch/whughes/temp_project/job_32713196/n6-ts2-triplet-conf3-wB97mV-32713196/ 0
/cm/shared/apps/spack/0.17.3/cpu/b/opt/spack/linux-rocky8-zen2/gcc-10.2.0/qchem-6.0-rytxnwjazd34ekd2gqyi5ufsaimxsd3r/exe/qcprog.exe_s n6-ts2-triplet-conf3-wB97mV.in_379483.0 /expanse/lustre/scratch/whughes/temp_project/job_32713196/n6-ts2-triplet-conf3-wB97mV-32713196/
                  Welcome to Q-Chem
     A Quantum Leap Into The Future Of Chemistry


 Q-Chem 6.0, Q-Chem, Inc., Pleasanton, CA (2022)

 License issued to: University of California, San Diego (site)

 E. Epifanovsky,  A. T. B. Gilbert,  Xintian Feng,  Joonho Lee,  Yuezhi Mao,  
 N. Mardirossian,  P. Pokhilko,  A. White,  M. Wormit,  M. P. Coons,  
 A. L. Dempwolff,  Zhengting Gan,  D. Hait,  P. R. Horn,  L. D. Jacobson,  
 I. Kaliman,  J. Kussmann,  A. W. Lange,  Ka Un Lao,  D. S. Levine,  Jie Liu,  
 S. C. McKenzie,  A. F. Morrison,  K. Nanda,  F. Plasser,  D. R. Rehn,  
 M. L. Vidal,  Zhi-Qiang You,  Ying Zhu,  B. Alam,  B. Albrecht,  
 A. Aldossary,  E. Alguire,  J. H. Andersen,  V. Athavale,  D. Barton,  
 K. Begam,  A. Behn,  N. Bellonzi,  Y. A. Bernard,  E. J. Berquist,  
 H. Burton,  A. Carreras,  K. Carter-Fenk,  Romit Chakraborty,  
 Chandrima Chakravarty,  Junhan Chen,  A. D. Chien,  K. D. Closser,  
 V. Cofer-Shabica,  L. Cunha,  S. Dasgupta,  Jia Deng,  M. de Wergifosse,  
 M. Diedenhofen,  Hainam Do,  S. Ehlert,  Po-Tung Fang,  S. Fatehi,  
 Qingguo Feng,  T. Friedhoff,  B. Ganoe,  J. Gayvert,  Qinghui Ge,  
 G. Gidofalvi,  M. Goldey,  J. Gomes,  C. Gonzalez-Espinoza,  S. Gulania,  
 A. Gunina,  J. A. Gyamfi,  M. W. D. Hanson-Heine,  P. H. P. Harbach,  
 A. W. Hauser,  M. F. Herbst,  M. Hernandez Vera,  M. Hodecker,  
 Z. C. Holden,  S. Houck,  Xunkun Huang,  Kerwin Hui,  B. C. Huynh,  
 K. Ikeda,  M. Ivanov,  Hyunjun Ji,  Zuxin Jin,  Hanjie Jiang,  B. Kaduk,  
 S. Kaehler,  R. Kang,  K. Khistyaev,  Jaehoon Kim,  Yongbin Kim,  
 P. Klunzinger,  Z. Koczor-Benda,  Joong Hoon Koh,  D. Kosenkov,  
 Saikiran Kotaru,  L. Koulias,  T. Kowalczyk,  C. M. Krauter,  K. Kue,  
 A. Kunitsa,  T. Kus,  A. Landau,  K. V. Lawler,  D. Lefrancois,  S. Lehtola,  
 Rain Li,  Shaozhi Li,  Yi-Pei Li,  Jiashu Liang,  M. Liebenthal,  
 Hung-Hsuan Lin,  You-Sheng Lin,  Fenglai Liu,  Kuan-Yu Liu,  
 M. Loipersberger,  A. Luenser,  C. Malbon,  A. Manjanath,  P. Manohar,  
 E. Mansoor,  S. F. Manzer,  Shan-Ping Mao,  A. V. Marenich,  T. Markovich,  
 S. Mason,  F. Matz,  S. A. Maurer,  P. F. McLaughlin,  M. F. S. J. Menger,  
 J.-M. Mewes,  S. A. Mewes,  P. Morgante,  Mohammad Mostafanejad,  
 J. W. Mullinax,  K. J. Oosterbaan,  G. Paran,  V. Parravicini,  
 Alexander C. Paul,  Suranjan K. Paul,  F. Pavosevic,  Zheng Pei,  S. Prager,  
 E. I. Proynov,  E. Ramos,  B. Rana,  A. E. Rask,  A. Rettig,  R. M. Richard,  
 F. Rob,  E. Rossomme,  T. Scheele,  M. Scheurer,  M. Schneider,  
 P. E. Schneider,  N. Sergueev,  S. M. Sharada,  Hengyuan Shen,  
 W. Skomorowski,  D. W. Small,  C. J. Stein,  Yingli Su,  Yu-Chuan Su,  
 E. J. Sundstrom,  Zhen Tao,  J. Thirman,  Hung-Yi Tsai,  T. Tsuchimochi,  
 N. M. Tubman,  C. Utku,  S. P. Veccham,  O. Vydrov,  J. Wenzel,  
 Jonathan Wong,  J. Witte,  A. Yamada,  Chou-Hsun Yang,  Kun Yao,  
 S. Yeganeh,  S. R. Yost,  A. Zech,  F. Zeller,  Igor Ying Zhang,  
 Xing Zhang,  Yu Zhang,  D. Zuev,  A. Aspuru-Guzik,  A. T. Bell,  
 N. A. Besley,  K. B. Bravaya,  B. R. Brooks,  D. Casanova,  Jeng-Da Chai,  
 Hsing-Ta Chen,  S. Coriani,  C. J. Cramer,  A. E. DePrince, III,  
 R. A. DiStasio Jr.,  A. Dreuw,  B. D. Dunietz,  T. R. Furlani,  
 W. A. Goddard III,  S. Grimme,  S. Hammes-Schiffer,  T. Head-Gordon,  
 W. J. Hehre,  Chao-Ping Hsu,  T.-C. Jagau,  Yousung Jung,  A. Klamt,  
 Jing Kong,  D. S. Lambrecht,  Xiangyuan Li,  WanZhen Liang,  N. J. Mayhall,  
 C. W. McCurdy,  J. B. Neaton,  T. Neudecker,  C. Ochsenfeld,  
 J. A. Parkhill,  R. Peverati,  V. A. Rassolov,  Haisheng Ren,  Yihan Shao,  
 L. V. Slipchenko,  R. P. Steele,  J. E. Subotnik,  A. J. W. Thom,  
 A. Tkatchenko,  D. G. Truhlar,  T. Van Voorhis,  Fan Wang,  
 T. A. Wesolowski,  K. B. Whaley,  H. L. Woodcock III,  P. M. Zimmerman,  
 S. Faraji,  P. M. W. Gill,  M. Head-Gordon,  J. M. Herbert,  A. I. Krylov

 Contributors to earlier versions of Q-Chem not listed above: 
 R. D. Adamson,  B. Austin,  R. Baer,  J. Baker,  G. J. O. Beran,  
 K. Brandhorst,  S. T. Brown,  E. F. C. Byrd,  Arup K. Chakraborty,  
 G. K. L. Chan,  Chun-Min Chang,  Yunqing Chen,  C.-L. Cheng,  
 Siu Hung Chien,  D. M. Chipman,  D. L. Crittenden,  H. Dachsel,  
 R. J. Doerksen,  A. D. Dutoi,  R. G. Edgar,  J. Fosso-Tande,  
 L. Fusti-Molnar,  D. Ghosh,  A. Ghysels,  A. Golubeva-Zadorozhnaya,  
 J. Gonthier,  M. S. Gordon,  S. R. Gwaltney,  G. Hawkins,  J. E. Herr,  
 A. Heyden,  S. Hirata,  E. G. Hohenstein,  G. Kedziora,  F. J. Keil,  
 C. Kelley,  Jihan Kim,  R. A. King,  R. Z. Khaliullin,  P. P. Korambath,  
 W. Kurlancheek,  A. Laurent,  A. M. Lee,  M. S. Lee,  S. V. Levchenko,  
 Ching Yeh Lin,  D. Liotard,  E. Livshits,  R. C. Lochan,  I. Lotan,  
 L. A. Martinez-Martinez,  P. E. Maslen,  N. Nair,  D. P. O'Neill,  
 D. Neuhauser,  E. Neuscamman,  C. M. Oana,  R. Olivares-Amaya,  R. Olson,  
 T. M. Perrine,  B. Peters,  P. A. Pieniazek,  A. Prociuk,  Y. M. Rhee,  
 J. Ritchie,  M. A. Rohrdanz,  E. Rosta,  N. J. Russ,  H. F. Schaefer III,  
 M. W. Schmidt,  N. E. Schultz,  S. Sharma,  N. Shenvi,  C. D. Sherrill,  
 A. C. Simmonett,  A. Sodt,  T. Stein,  D. Stuck,  K. S. Thanthiriwatte,  
 V. Vanovschi,  L. Vogt,  Tao Wang,  A. Warshel,  M. A. Watson,  
 C. F. Williams,  Q. Wu,  X. Xu,  Jun Yang,  W. Zhang,  Yan Zhao

   Please cite Q-Chem as follows:
  "Software for the frontiers of quantum chemistry:
   An overview of developments in the Q-Chem 5 package"
   J. Chem. Phys. 155, 084801 (2021)
   https://doi.org/10.1063/5.0055522 (open access)

 Q-Chem 6.0.2 for Intel X86 EM64T Linux

 Parts of Q-Chem use Armadillo 9.900.5 (Nocturnal Misbehaviour).
 http://arma.sourceforge.net/

 Q-Chem begins on Fri Aug  2 08:48:23 2024  

 Host: 
0

     Scratch files written to /expanse/lustre/scratch/whughes/temp_project/job_32713196/n6-ts2-triplet-conf3-wB97mV-32713196//
 Dec722 |scratch|qcdevops|jenkins|workspace|build_RNUM    
 Processing $rem in /cm/shared/apps/spack/0.17.3/cpu/b/opt/spack/linux-rocky8-zen2/gcc-10.2.0/qchem-6.0-rytxnwjazd34ekd2gqyi5ufsaimxsd3r/config/preferences:
 Processing $rem in /home/whughes/.qchemrc:

 Checking the input file for inconsistencies... 	...done.

--------------------------------------------------------------
User input:
--------------------------------------------------------------
$molecule
0 3
C    1.6941120915    -0.3947568626   0.2898326984
C    0.9842647845    0.3033377042    1.3667935481
H    0.2865258541    -0.3680777749   1.8778495037
H    1.6702378936    0.706662744     2.1211640151
H    0.3965909621    1.1343110044    0.9676324455
C    0.5488180606    0.4759983453    -2.2848457478
C    0.4056562138    -0.7063173224   -1.6564983004
H    1.0670918467    -1.5342912223   -1.8750926215
H    -0.4855476009   -0.9199439291   -1.0777603582
C    -0.4057309157   1.6092485       -2.0717323362
H    -1.2524635248   1.3181245015    -1.4497101151
H    0.1014425074    2.4538177108    -1.5923275155
H    -0.7908227012   1.9806410137    -3.025941106
C    1.7366214026    0.7611749394    -3.148935047
H    1.4254659225    1.0510791522    -4.15713803
H    2.3097025811    1.6011749269    -2.7423023319
H    2.3993863039    -0.10042948     -3.2123432226
C    2.9767017762    -0.8588012149   0.1720143968
S    4.1734517029    -0.6439596793   1.4699347477
C    4.782826238     -1.809716109    -0.6875054472
C    5.3377384979    -1.4362512687   0.5068990178
H    5.3244344113    -2.3300980886   -1.4660609897
H    6.3499664218    -1.5900398494   0.8426551919
N    3.4911047198    -1.4991746512   -0.8840152857
$end

$rem
METHOD      wB97M-V
BASIS       def2-QZVPP
SYM_IGNORE   TRUE
DFT_D       false
MAX_SCF_CYCLES 300
$end

$end
--------------------------------------------------------------
 ----------------------------------------------------------------
             Standard Nuclear Orientation (Angstroms)
    I     Atom           X                Y                Z
 ----------------------------------------------------------------
    1      C       1.6941120915    -0.3947568626     0.2898326984
    2      C       0.9842647845     0.3033377042     1.3667935481
    3      H       0.2865258541    -0.3680777749     1.8778495037
    4      H       1.6702378936     0.7066627440     2.1211640151
    5      H       0.3965909621     1.1343110044     0.9676324455
    6      C       0.5488180606     0.4759983453    -2.2848457478
    7      C       0.4056562138    -0.7063173224    -1.6564983004
    8      H       1.0670918467    -1.5342912223    -1.8750926215
    9      H      -0.4855476009    -0.9199439291    -1.0777603582
   10      C      -0.4057309157     1.6092485000    -2.0717323362
   11      H      -1.2524635248     1.3181245015    -1.4497101151
   12      H       0.1014425074     2.4538177108    -1.5923275155
   13      H      -0.7908227012     1.9806410137    -3.0259411060
   14      C       1.7366214026     0.7611749394    -3.1489350470
   15      H       1.4254659225     1.0510791522    -4.1571380300
   16      H       2.3097025811     1.6011749269    -2.7423023319
   17      H       2.3993863039    -0.1004294800    -3.2123432226
   18      C       2.9767017762    -0.8588012149     0.1720143968
   19      S       4.1734517029    -0.6439596793     1.4699347477
   20      C       4.7828262380    -1.8097161090    -0.6875054472
   21      C       5.3377384979    -1.4362512687     0.5068990178
   22      H       5.3244344113    -2.3300980886    -1.4660609897
   23      H       6.3499664218    -1.5900398494     0.8426551919
   24      N       3.4911047198    -1.4991746512    -0.8840152857
 ----------------------------------------------------------------
 Nuclear Repulsion Energy =         667.48060737 hartrees
 There are       46 alpha and       44 beta electrons
 Requested basis set is def2-QZVPP
 There are 322 shells and 1030 basis functions

 Total QAlloc Memory Limit   8000 MB
 Mega-Array Size       188 MB
 MEM_STATIC part       192 MB

 A cutoff of  1.0D-09 yielded  33220 shell pairs
 There are    320662 function pairs (    470397 Cartesian)
 Smallest overlap matrix eigenvalue = 2.42E-05

 Q-Chem warning in module stvman/mkSTV.C, line 305:

 Overlap eigenvalue is smaller than square root of threshold
 Use THRESH >= 12 to get rid of this warning


 Scale SEOQF with 1.000000e-02/1.000000e-01/1.000000e-01

 Standard Electronic Orientation quadrupole field applied
 Nucleus-field energy     =    -0.0000000162 hartrees
 Guess from superposition of atomic densities
 Warning:  Energy on first SCF cycle will be non-variational
 SAD guess density has 90.000000 electrons

 -----------------------------------------------------------------------
  General SCF calculation program by
  Eric Jon Sundstrom, Paul Horn, Yuezhi Mao, Dmitri Zuev, Alec White,
  David Stuck, Shaama M.S., Shane Yost, Joonho Lee, David Small,
  Daniel Levine, Susi Lehtola, Hugh Burton, Evgeny Epifanovsky,
  Bang C. Huynh
 -----------------------------------------------------------------------
 Exchange:     0.1500 Hartree-Fock + 1.0000 wB97M-V + LR-HF
 Correlation:  1.0000 wB97M-V
 Using SG-2 standard quadrature grid
 Nonlocal Correlation:  VV10 with C = 0.0100 and b = 6.00 and scale = 1.00000
 Grid used for NLC:  SG-1 standard quadrature
 using 32 threads for integral computing
 -------------------------------------------------------
 OpenMP Integral computing Module                
 Release: version 1.0, May 2013, Q-Chem Inc. Pittsburgh 
 -------------------------------------------------------
 A unrestricted SCF calculation will be
 performed using DIIS
 SCF converges when DIIS error is below 1.0e-05
 ---------------------------------------
  Cycle       Energy         DIIS error
 ---------------------------------------
    1    -806.6866717124      5.55e-03  
    2    -803.4302433525      4.41e-04  
    3    -803.4705802833      3.96e-04  
    4    -803.5452479139      8.69e-05  
    5    -803.5500474531      4.03e-05  
    6    -803.5517647814      1.47e-05  
    7    -803.5522711393      9.24e-06  Convergence criterion met
 ---------------------------------------
 SCF time:   CPU 9362.17s  wall 314.00s 
<S^2> =          2.059148628
 SCF   energy in the final basis set =     -803.5522711393
 Total energy in the final basis set =     -803.5522711393
 
 --------------------------------------------------------------
 
                    Orbital Energies (a.u.)
 --------------------------------------------------------------
 
 Alpha MOs
 -- Occupied --
-89.2039 -14.4973 -10.4048 -10.3759 -10.3719 -10.3709 -10.3541 -10.3540
-10.3364 -10.3322 -10.3271  -8.1423  -6.0519  -6.0490  -6.0479  -1.0867
 -0.9387  -0.9246  -0.9177  -0.8501  -0.8134  -0.8015  -0.7604  -0.6945
 -0.6414  -0.6268  -0.5982  -0.5623  -0.5567  -0.5546  -0.5440  -0.5358
 -0.5224  -0.5180  -0.5059  -0.4862  -0.4695  -0.4628  -0.4571  -0.4384
 -0.3963  -0.3902  -0.3754  -0.3707  -0.2761  -0.2600
 -- Virtual --
  0.0595   0.0749   0.0793   0.0840   0.0883   0.0933   0.1015   0.1061
  0.1148   0.1203   0.1232   0.1274   0.1309   0.1434   0.1460   0.1492
  0.1631   0.1659   0.1701   0.1771   0.1825   0.1874   0.1899   0.1911
  0.2027   0.2140   0.2192   0.2282   0.2367   0.2457   0.2489   0.2567
  0.2682   0.2735   0.2818   0.2883   0.3064   0.3112   0.3129   0.3188
  0.3227   0.3337   0.3376   0.3420   0.3457   0.3498   0.3620   0.3691
  0.3696   0.3740   0.3821   0.3829   0.3901   0.3964   0.3981   0.4031
  0.4043   0.4165   0.4176   0.4219   0.4233   0.4347   0.4359   0.4490
  0.4491   0.4568   0.4611   0.4693   0.4840   0.4865   0.4971   0.5059
  0.5088   0.5169   0.5213   0.5409   0.5475   0.5552   0.5635   0.5724
  0.5750   0.5862   0.5911   0.5998   0.6030   0.6199   0.6283   0.6367
  0.6465   0.6525   0.6616   0.6752   0.6764   0.6837   0.6969   0.7043
  0.7138   0.7193   0.7286   0.7313   0.7514   0.7559   0.7577   0.7682
  0.7716   0.7770   0.7853   0.7877   0.7978   0.8043   0.8156   0.8197
  0.8255   0.8303   0.8467   0.8497   0.8537   0.8577   0.8631   0.8667
  0.8716   0.8765   0.8828   0.8907   0.8995   0.9027   0.9054   0.9156
  0.9190   0.9207   0.9269   0.9327   0.9354   0.9383   0.9418   0.9492
  0.9540   0.9622   0.9679   0.9809   0.9825   0.9909   0.9993   1.0005
  1.0069   1.0095   1.0237   1.0308   1.0358   1.0474   1.0478   1.0548
  1.0625   1.0709   1.0759   1.0786   1.0900   1.0969   1.0982   1.1009
  1.1135   1.1172   1.1215   1.1268   1.1398   1.1508   1.1531   1.1538
  1.1595   1.1619   1.1748   1.1839   1.1942   1.1987   1.2147   1.2180
  1.2298   1.2370   1.2474   1.2581   1.2621   1.2733   1.2761   1.2896
  1.3029   1.3100   1.3176   1.3313   1.3337   1.3427   1.3561   1.3646
  1.3740   1.3846   1.3866   1.3985   1.4036   1.4135   1.4169   1.4235
  1.4374   1.4453   1.4475   1.4662   1.4690   1.4867   1.5042   1.5147
  1.5227   1.5280   1.5508   1.5526   1.5667   1.5794   1.5864   1.5873
  1.5982   1.6192   1.6212   1.6309   1.6500   1.6669   1.6801   1.6849
  1.6974   1.7205   1.7264   1.7345   1.7471   1.7511   1.7975   1.8065
  1.8313   1.8408   1.8502   1.8573   1.8659   1.8811   1.8930   1.8983
  1.8991   1.9089   1.9195   1.9270   1.9370   1.9452   1.9486   1.9568
  1.9622   1.9711   1.9754   1.9768   1.9950   2.0016   2.0068   2.0079
  2.0161   2.0262   2.0364   2.0473   2.0480   2.0562   2.0606   2.0672
  2.0755   2.0818   2.0887   2.0950   2.1059   2.1200   2.1283   2.1302
  2.1405   2.1461   2.1521   2.1588   2.1595   2.1702   2.1791   2.1820
  2.1937   2.1992   2.2074   2.2150   2.2230   2.2309   2.2318   2.2419
  2.2490   2.2530   2.2600   2.2658   2.2710   2.2765   2.2808   2.2951
  2.3014   2.3087   2.3138   2.3160   2.3239   2.3301   2.3377   2.3465
  2.3502   2.3627   2.3684   2.3845   2.3925   2.3985   2.4027   2.4181
  2.4226   2.4290   2.4339   2.4436   2.4517   2.4660   2.4723   2.4871
  2.4957   2.5085   2.5125   2.5192   2.5294   2.5338   2.5450   2.5561
  2.5630   2.5669   2.5737   2.5783   2.5896   2.5960   2.6152   2.6214
  2.6280   2.6289   2.6402   2.6465   2.6644   2.6664   2.6705   2.6802
  2.6807   2.6826   2.6934   2.6995   2.7062   2.7088   2.7125   2.7185
  2.7258   2.7367   2.7397   2.7607   2.7757   2.7813   2.7922   2.7965
  2.8046   2.8141   2.8231   2.8261   2.8338   2.8422   2.8499   2.8537
  2.8654   2.8691   2.8816   2.8944   2.8973   2.9005   2.9097   2.9158
  2.9241   2.9390   2.9523   2.9595   2.9656   2.9766   2.9804   2.9812
  2.9912   3.0051   3.0129   3.0253   3.0282   3.0398   3.0497   3.0579
  3.0622   3.0638   3.0837   3.0947   3.1098   3.1185   3.1259   3.1477
  3.1547   3.1705   3.1783   3.1938   3.1951   3.2059   3.2210   3.2301
  3.2395   3.2501   3.2689   3.2788   3.2849   3.2907   3.2964   3.3042
  3.3164   3.3278   3.3300   3.3402   3.3435   3.3572   3.3772   3.3810
  3.3899   3.3942   3.3990   3.4011   3.4054   3.4172   3.4234   3.4345
  3.4484   3.4550   3.4661   3.4692   3.4846   3.4912   3.5050   3.5156
  3.5180   3.5473   3.5543   3.5623   3.5707   3.5770   3.5817   3.5896
  3.5980   3.6141   3.6175   3.6191   3.6319   3.6583   3.6646   3.6755
  3.6850   3.7066   3.7118   3.7178   3.7502   3.7707   3.7750   3.7965
  3.8098   3.8276   3.8351   3.8478   3.8594   3.8673   3.8763   3.8973
  3.9014   3.9207   3.9291   3.9337   3.9438   3.9478   3.9527   3.9592
  3.9631   3.9723   3.9953   4.0065   4.0208   4.0336   4.0570   4.0774
  4.1135   4.1224   4.1393   4.1589   4.1780   4.1928   4.2068   4.2361
  4.2449   4.2680   4.2838   4.3020   4.3112   4.3172   4.3661   4.4032
  4.4408   4.4596   4.4732   4.4866   4.4931   4.5449   4.5603   4.5866
  4.7212   4.7496   4.8180   4.8301   4.8904   4.9247   4.9479   4.9542
  4.9772   4.9946   5.0127   5.0330   5.0469   5.0744   5.0979   5.1120
  5.1276   5.1755   5.1868   5.1932   5.2018   5.2270   5.2346   5.2402
  5.2545   5.2650   5.2759   5.2967   5.3018   5.3061   5.3848   5.3986
  5.4070   5.4315   5.4570   5.4609   5.4629   5.4729   5.4832   5.5025
  5.5081   5.5134   5.5272   5.5298   5.5521   5.5681   5.5761   5.5839
  5.5932   5.6175   5.6481   5.6536   5.6687   5.6838   5.6927   5.7094
  5.7141   5.7305   5.7544   5.7653   5.7912   5.7971   5.8043   5.8278
  5.8300   5.8393   5.8530   5.8629   5.8720   5.8746   5.8871   5.8941
  5.8987   5.9118   5.9170   5.9181   5.9282   5.9422   5.9520   5.9620
  5.9677   5.9710   5.9784   5.9847   5.9932   5.9957   5.9988   6.0012
  6.0080   6.0159   6.0310   6.0361   6.0367   6.0445   6.0583   6.0667
  6.0752   6.0798   6.0871   6.1111   6.1137   6.1200   6.1315   6.1476
  6.1549   6.1627   6.1681   6.1765   6.1784   6.2010   6.2050   6.2109
  6.2239   6.2306   6.2384   6.2439   6.2581   6.2674   6.2715   6.2806
  6.2895   6.2988   6.3058   6.3155   6.3311   6.3433   6.3487   6.3565
  6.3616   6.3697   6.3811   6.3852   6.3910   6.3926   6.4021   6.4139
  6.4298   6.4393   6.4487   6.4569   6.4638   6.4761   6.4791   6.4898
  6.4937   6.5031   6.5090   6.5332   6.5417   6.5514   6.5583   6.5760
  6.5816   6.5930   6.6027   6.6060   6.6186   6.6392   6.6419   6.6517
  6.6597   6.6616   6.6861   6.6922   6.7110   6.7177   6.7221   6.7320
  6.7568   6.7722   6.7960   6.8031   6.8061   6.8150   6.8186   6.8298
  6.8506   6.8556   6.8703   6.9030   6.9143   6.9161   6.9221   6.9253
  6.9422   6.9549   6.9713   6.9769   6.9977   7.0089   7.0263   7.0565
  7.0708   7.0735   7.1036   7.1092   7.1218   7.1616   7.1647   7.1669
  7.1760   7.1775   7.1894   7.2166   7.2195   7.2339   7.2948   7.3011
  7.3151   7.3465   7.3559   7.3600   7.3733   7.3891   7.4193   7.4254
  7.4412   7.4459   7.4609   7.4711   7.4758   7.4769   7.4964   7.5031
  7.5158   7.5187   7.5293   7.5299   7.5496   7.5644   7.5798   7.5871
  7.5967   7.6125   7.6211   7.6383   7.6493   7.6547   7.6790   7.6823
  7.6852   7.6942   7.7091   7.7160   7.7187   7.7242   7.7371   7.7409
  7.7581   7.7604   7.7764   7.7879   7.7895   7.7975   7.8031   7.8214
  7.8277   7.8328   7.8482   7.8695   7.8743   7.8844   7.9039   7.9057
  7.9215   7.9321   7.9448   7.9495   7.9582   7.9625   7.9769   7.9842
  7.9947   8.0154   8.0316   8.0508   8.0574   8.0659   8.0791   8.0915
  8.1029   8.1114   8.1290   8.1402   8.1471   8.1704   8.1732   8.2045
  8.2220   8.2511   8.2614   8.2700   8.2877   8.3043   8.3275   8.3391
  8.3435   8.3467   8.3496   8.3540   8.3657   8.3720   8.3759   8.3792
  8.3915   8.4008   8.4045   8.4168   8.4260   8.4286   8.4318   8.4382
  8.4438   8.4587   8.4666   8.4704   8.4881   8.5077   8.5119   8.5261
  8.5339   8.5400   8.5517   8.5573   8.5736   8.5904   8.5952   8.6023
  8.6225   8.6300   8.6461   8.6568   8.6658   8.6900   8.6985   8.7027
  8.7113   8.7241   8.7465   8.7622   8.7899   8.8012   8.8216   8.8509
  8.8620   8.8674   8.8733   8.8892   8.9019   8.9068   8.9166   8.9192
  8.9225   8.9336   8.9538   8.9554   8.9662   8.9745   9.0000   9.0113
  9.0479   9.0617   9.0879   9.1161   9.1412   9.1498   9.1730   9.1946
  9.2106   9.2744   9.3173   9.3457   9.3602   9.3678   9.4395   9.4970
  9.5457   9.5802   9.6028   9.6126   9.6338   9.6632   9.6758   9.6852
  9.7014   9.7171   9.7427   9.7557   9.7706   9.7790   9.7977   9.8339
  9.8354   9.8450   9.8555   9.8632   9.8819   9.9004   9.9019   9.9137
  9.9239   9.9478   9.9776   9.9890  10.0006  10.0082  10.0806  10.0962
 10.1290  10.1384  10.2064  10.2208  10.2297  10.2577  10.2859  10.3056
 10.3587  10.4159  10.4195  10.4441  10.4622  10.5017  10.5928  10.6468
 10.6722  10.7257  10.8154  10.8589  10.9566  11.0812  11.6762  11.7419
 11.8421  11.9012  11.9584  11.9725  12.0393  12.1583  12.1693  12.2225
 12.4003  12.8268  13.0466  13.1991  13.2143  13.3305  25.0350  28.1798
 28.4751  28.5918  28.9316  28.9711  29.1947  29.2006  29.2462  29.3224
 29.3628  29.4733  29.4899  37.9439  84.8088 148.9982 149.2713 149.4206
149.7355 149.9945 150.0293 150.0774 150.1524 150.1898 199.3310 454.0719
 
 Beta MOs
 -- Occupied --
-89.2025 -14.4916 -10.4074 -10.3731 -10.3673 -10.3547 -10.3544 -10.3493
-10.3367 -10.3334 -10.3274  -8.1410  -6.0503  -6.0477  -6.0444  -1.0801
 -0.9315  -0.9126  -0.9032  -0.8453  -0.8122  -0.8005  -0.7418  -0.6887
 -0.6345  -0.6197  -0.5837  -0.5604  -0.5506  -0.5438  -0.5320  -0.5254
 -0.5115  -0.5067  -0.4991  -0.4834  -0.4687  -0.4610  -0.4526  -0.4362
 -0.3675  -0.3636  -0.3498  -0.3432
 -- Virtual --
 -0.0138   0.0043   0.0594   0.0784   0.0852   0.0907   0.0937   0.0972
  0.1033   0.1075   0.1164   0.1208   0.1264   0.1315   0.1419   0.1450
  0.1497   0.1510   0.1644   0.1683   0.1762   0.1791   0.1854   0.1881
  0.1907   0.1939   0.2032   0.2148   0.2217   0.2307   0.2403   0.2471
  0.2498   0.2632   0.2701   0.2746   0.2846   0.2905   0.3089   0.3149
  0.3154   0.3220   0.3275   0.3355   0.3385   0.3459   0.3470   0.3553
  0.3636   0.3714   0.3717   0.3784   0.3856   0.3857   0.3931   0.3989
  0.4004   0.4044   0.4097   0.4194   0.4197   0.4241   0.4254   0.4384
  0.4399   0.4509   0.4524   0.4607   0.4639   0.4722   0.4867   0.4906
  0.4992   0.5084   0.5114   0.5213   0.5232   0.5431   0.5508   0.5570
  0.5669   0.5763   0.5795   0.5894   0.5951   0.6019   0.6081   0.6227
  0.6302   0.6376   0.6502   0.6566   0.6632   0.6787   0.6821   0.6888
  0.7022   0.7080   0.7147   0.7211   0.7321   0.7349   0.7528   0.7584
  0.7636   0.7719   0.7763   0.7782   0.7875   0.7896   0.8031   0.8083
  0.8189   0.8220   0.8278   0.8339   0.8491   0.8509   0.8567   0.8597
  0.8649   0.8689   0.8733   0.8777   0.8853   0.8913   0.9013   0.9051
  0.9073   0.9179   0.9207   0.9236   0.9277   0.9358   0.9388   0.9435
  0.9445   0.9518   0.9579   0.9639   0.9703   0.9826   0.9867   0.9937
  1.0014   1.0047   1.0106   1.0135   1.0281   1.0332   1.0375   1.0506
  1.0515   1.0567   1.0646   1.0741   1.0785   1.0815   1.0931   1.0986
  1.1013   1.1055   1.1164   1.1208   1.1231   1.1302   1.1425   1.1520
  1.1543   1.1562   1.1637   1.1649   1.1767   1.1862   1.1969   1.2000
  1.2164   1.2195   1.2329   1.2397   1.2510   1.2605   1.2652   1.2775
  1.2783   1.2913   1.3062   1.3130   1.3216   1.3326   1.3365   1.3455
  1.3598   1.3675   1.3763   1.3874   1.3905   1.4010   1.4071   1.4165
  1.4188   1.4258   1.4395   1.4478   1.4511   1.4680   1.4726   1.4893
  1.5053   1.5164   1.5269   1.5297   1.5532   1.5564   1.5693   1.5829
  1.5886   1.5908   1.6010   1.6228   1.6262   1.6328   1.6527   1.6685
  1.6858   1.6892   1.7019   1.7219   1.7306   1.7374   1.7496   1.7544
  1.8026   1.8141   1.8395   1.8448   1.8537   1.8598   1.8695   1.8867
  1.8963   1.9017   1.9036   1.9139   1.9260   1.9307   1.9421   1.9491
  1.9520   1.9635   1.9660   1.9783   1.9795   1.9843   1.9982   2.0060
  2.0093   2.0116   2.0199   2.0310   2.0400   2.0509   2.0523   2.0604
  2.0659   2.0720   2.0807   2.0841   2.0912   2.0998   2.1115   2.1229
  2.1324   2.1350   2.1459   2.1496   2.1584   2.1604   2.1642   2.1763
  2.1820   2.1877   2.1964   2.2024   2.2125   2.2185   2.2271   2.2338
  2.2352   2.2471   2.2541   2.2599   2.2645   2.2688   2.2742   2.2820
  2.2838   2.3000   2.3051   2.3149   2.3165   2.3202   2.3295   2.3338
  2.3448   2.3495   2.3546   2.3667   2.3772   2.3891   2.3961   2.4045
  2.4093   2.4240   2.4273   2.4332   2.4373   2.4509   2.4559   2.4725
  2.4800   2.4924   2.5019   2.5141   2.5168   2.5263   2.5358   2.5399
  2.5506   2.5607   2.5683   2.5734   2.5794   2.5847   2.5948   2.6034
  2.6186   2.6273   2.6318   2.6336   2.6437   2.6526   2.6674   2.6704
  2.6764   2.6831   2.6858   2.6874   2.6974   2.7037   2.7116   2.7139
  2.7175   2.7258   2.7315   2.7427   2.7454   2.7632   2.7819   2.7858
  2.7979   2.8005   2.8100   2.8210   2.8292   2.8326   2.8384   2.8468
  2.8538   2.8571   2.8691   2.8748   2.8878   2.8993   2.9028   2.9065
  2.9134   2.9211   2.9296   2.9452   2.9592   2.9637   2.9707   2.9796
  2.9857   2.9869   2.9984   3.0116   3.0199   3.0296   3.0338   3.0442
  3.0545   3.0644   3.0667   3.0727   3.0911   3.0988   3.1176   3.1228
  3.1339   3.1551   3.1623   3.1763   3.1854   3.1991   3.2041   3.2115
  3.2302   3.2403   3.2459   3.2553   3.2742   3.2844   3.2916   3.2968
  3.3000   3.3094   3.3252   3.3345   3.3371   3.3472   3.3509   3.3656
  3.3833   3.3890   3.3973   3.3995   3.4037   3.4091   3.4127   3.4226
  3.4288   3.4425   3.4537   3.4622   3.4713   3.4737   3.4884   3.4970
  3.5122   3.5230   3.5261   3.5576   3.5649   3.5666   3.5761   3.5825
  3.5868   3.5944   3.6037   3.6225   3.6238   3.6278   3.6348   3.6613
  3.6703   3.6785   3.6892   3.7108   3.7208   3.7270   3.7593   3.7790
  3.7821   3.8014   3.8182   3.8351   3.8414   3.8522   3.8666   3.8741
  3.8795   3.9018   3.9107   3.9262   3.9367   3.9396   3.9501   3.9538
  3.9569   3.9618   3.9646   3.9768   3.9986   4.0168   4.0273   4.0363
  4.0631   4.0840   4.1241   4.1308   4.1461   4.1642   4.1820   4.2022
  4.2143   4.2467   4.2535   4.2755   4.2889   4.3062   4.3164   4.3255
  4.3687   4.4113   4.4494   4.4673   4.4799   4.5005   4.5075   4.5473
  4.5662   4.5961   4.7302   4.7712   4.8283   4.8431   4.9006   4.9326
  4.9745   4.9936   4.9973   5.0175   5.0244   5.0556   5.0800   5.1083
  5.1171   5.1398   5.1510   5.1875   5.1986   5.2137   5.2159   5.2547
  5.2598   5.2667   5.2752   5.2872   5.2974   5.3095   5.3193   5.3318
  5.4013   5.4043   5.4216   5.4356   5.4608   5.4679   5.4725   5.4774
  5.4887   5.5095   5.5149   5.5279   5.5355   5.5462   5.5627   5.5746
  5.5822   5.5922   5.6138   5.6295   5.6569   5.6666   5.6836   5.6940
  5.7057   5.7189   5.7349   5.7420   5.7573   5.7754   5.7996   5.8036
  5.8211   5.8293   5.8363   5.8490   5.8636   5.8698   5.8799   5.8814
  5.8959   5.9001   5.9066   5.9189   5.9280   5.9394   5.9463   5.9547
  5.9650   5.9709   5.9751   5.9822   5.9911   5.9931   6.0007   6.0046
  6.0052   6.0095   6.0190   6.0247   6.0434   6.0454   6.0543   6.0586
  6.0749   6.0822   6.0906   6.1016   6.1057   6.1191   6.1286   6.1364
  6.1463   6.1580   6.1633   6.1672   6.1761   6.1905   6.1920   6.2118
  6.2212   6.2241   6.2368   6.2387   6.2473   6.2630   6.2686   6.2757
  6.2845   6.2906   6.2967   6.3098   6.3139   6.3262   6.3430   6.3540
  6.3596   6.3699   6.3725   6.3835   6.3914   6.3951   6.3999   6.4029
  6.4137   6.4244   6.4413   6.4577   6.4591   6.4671   6.4822   6.4889
  6.4971   6.5042   6.5089   6.5181   6.5247   6.5454   6.5546   6.5674
  6.5737   6.5857   6.5944   6.6031   6.6219   6.6301   6.6422   6.6540
  6.6560   6.6678   6.6735   6.6807   6.6994   6.7030   6.7207   6.7358
  6.7386   6.7590   6.7650   6.7970   6.8084   6.8204   6.8220   6.8295
  6.8372   6.8544   6.8606   6.8742   6.8782   6.9172   6.9209   6.9306
  6.9450   6.9477   6.9640   6.9686   6.9893   7.0024   7.0207   7.0342
  7.0529   7.0633   7.0773   7.0824   7.1096   7.1388   7.1422   7.1686
  7.1754   7.1800   7.1826   7.1924   7.2005   7.2198   7.2526   7.2593
  7.3091   7.3209   7.3362   7.3540   7.3642   7.3696   7.3876   7.3956
  7.4280   7.4416   7.4515   7.4570   7.4656   7.4796   7.4857   7.4948
  7.5059   7.5106   7.5226   7.5308   7.5376   7.5400   7.5637   7.5856
  7.5877   7.5977   7.6124   7.6280   7.6304   7.6434   7.6656   7.6693
  7.6854   7.6928   7.6955   7.7024   7.7176   7.7289   7.7295   7.7319
  7.7409   7.7460   7.7621   7.7721   7.7893   7.7929   7.7998   7.8102
  7.8114   7.8247   7.8347   7.8402   7.8585   7.8771   7.8878   7.8915
  7.9094   7.9146   7.9297   7.9462   7.9583   7.9600   7.9709   7.9746
  7.9896   7.9937   8.0047   8.0296   8.0424   8.0569   8.0662   8.0743
  8.0906   8.1060   8.1115   8.1294   8.1384   8.1459   8.1540   8.1751
  8.1843   8.2149   8.2255   8.2588   8.2647   8.2874   8.2898   8.3219
  8.3338   8.3493   8.3533   8.3583   8.3594   8.3642   8.3714   8.3780
  8.3824   8.3915   8.3964   8.4057   8.4111   8.4232   8.4308   8.4405
  8.4418   8.4436   8.4495   8.4711   8.4732   8.4853   8.4964   8.5122
  8.5250   8.5362   8.5422   8.5535   8.5603   8.5723   8.5914   8.6037
  8.6119   8.6188   8.6370   8.6494   8.6571   8.6741   8.6842   8.7008
  8.7068   8.7157   8.7197   8.7305   8.7606   8.7715   8.8119   8.8153
  8.8243   8.8646   8.8738   8.8798   8.8827   8.9009   8.9077   8.9125
  8.9239   8.9265   8.9370   8.9421   8.9624   8.9650   8.9774   8.9848
  9.0164   9.0204   9.0531   9.0710   9.1114   9.1419   9.1529   9.1747
  9.1878   9.2015   9.2227   9.2919   9.3463   9.3547   9.3879   9.4004
  9.4579   9.5043   9.5547   9.5948   9.6163   9.6252   9.6518   9.6703
  9.6804   9.6899   9.7047   9.7388   9.7539   9.7574   9.7697   9.8075
  9.8163   9.8374   9.8506   9.8558   9.8604   9.8719   9.8830   9.9052
  9.9144   9.9316   9.9420   9.9477   9.9823   9.9933  10.0035  10.0476
 10.0658  10.1100  10.1280  10.1521  10.2116  10.2329  10.2524  10.2741
 10.2898  10.3060  10.3718  10.4215  10.4282  10.4553  10.4651  10.5212
 10.5953  10.6458  10.7013  10.7947  10.8044  10.8794  10.9701  11.0922
 11.7068  11.7580  11.8522  11.9105  11.9702  11.9832  12.0434  12.1582
 12.1714  12.2213  12.4280  12.8397  13.0188  13.2163  13.2227  13.3344
 25.0421  28.2106  28.4855  28.6062  28.9593  28.9773  29.1956  29.2019
 29.2475  29.3219  29.3624  29.4760  29.4926  37.9567  84.8127 149.0084
149.2740 149.4239 149.7446 149.9950 150.0294 150.0773 150.1521 150.1897
199.3344 454.0736
 --------------------------------------------------------------
 
          Ground-State Mulliken Net Atomic Charges

     Atom                 Charge (a.u.)    Spin (a.u.)
  --------------------------------------------------------
      1 C                    -0.026056       1.259438
      2 C                    -0.234417       0.003124
      3 H                     0.137483       0.024474
      4 H                     0.070224       0.023319
      5 H                     0.098190       0.024060
      6 C                    -0.069615       0.300418
      7 C                    -0.100410      -0.137023
      8 H                     0.065719       0.008001
      9 H                     0.068695       0.008016
     10 C                    -0.240565      -0.004715
     11 H                     0.086203       0.000358
     12 H                     0.099867       0.010291
     13 H                     0.107324       0.009631
     14 C                    -0.236937      -0.003934
     15 H                     0.099818       0.008362
     16 H                     0.105827       0.008754
     17 H                     0.093988      -0.000454
     18 C                     0.113589      -0.149429
     19 S                     0.068473       0.184082
     20 C                    -0.024645      -0.089008
     21 C                    -0.170544       0.253223
     22 H                     0.128939       0.003619
     23 H                     0.115532      -0.010648
     24 N                    -0.356684       0.266042
  --------------------------------------------------------
  Sum of atomic charges =     0.000000
  Sum of spin   charges =     2.000000

 -----------------------------------------------------------------
                    Cartesian Multipole Moments
 -----------------------------------------------------------------
    Charge (ESU x 10^10)
                 0.0000
    Dipole Moment (Debye)
         X      -0.1848      Y       1.1137      Z       0.7443
       Tot       1.3522
    Quadrupole Moments (Debye-Ang)
        XX     -68.3929     XY      -1.6385     YY     -76.7593
        XZ       0.9709     YZ      -1.5673     ZZ     -75.2403
    Octopole Moments (Debye-Ang^2)
       XXX    -467.2514    XXY      -3.3266    XYY    -182.1425
       YYY      80.4819    XXZ      42.4413    XYZ       2.4397
       YYZ      33.6213    XZZ    -181.2017    YZZ      31.5144
       ZZZ     107.0077
    Hexadecapole Moments (Debye-Ang^3)
      XXXX   -3736.8234   XXXY     301.9823   XXYY    -805.6699
      XYYY     542.2298   YYYY    -668.7137   XXXZ     -32.5875
      XXYZ      53.3256   XYYZ     -41.2244   YYYZ     128.9697
      XXZZ    -946.2510   XYZZ     172.6674   YYZZ    -335.6946
      XZZZ     -85.6829   YZZZ     107.0701   ZZZZ   -1356.7326
 -----------------------------------------------------------------
 Total job time:  317.47s(wall), 9409.98s(cpu) 
 Fri Aug  2 08:53:40 2024

        *************************************************************
        *                                                           *
        *  Thank you very much for using Q-Chem.  Have a nice day.  *
        *                                                           *
        *************************************************************


