
Running Job 1 of 2 ca8-r1-triplet-wb97xd-r-wB97mV-readSCF.in
qchem ca8-r1-triplet-wb97xd-r-wB97mV-readSCF.in_391280.0 /expanse/lustre/scratch/whughes/temp_project/job_36180403/ca8-r1-triplet-wb97xd-r-wB97mV-readSCF-36180403/ 0
/cm/shared/apps/spack/0.17.3/cpu/b/opt/spack/linux-rocky8-zen2/gcc-10.2.0/qchem-6.0-rytxnwjazd34ekd2gqyi5ufsaimxsd3r/exe/qcprog.exe_s ca8-r1-triplet-wb97xd-r-wB97mV-readSCF.in_391280.0 /expanse/lustre/scratch/whughes/temp_project/job_36180403/ca8-r1-triplet-wb97xd-r-wB97mV-readSCF-36180403/
                  Welcome to Q-Chem
     A Quantum Leap Into The Future Of Chemistry


 Q-Chem 6.0, Q-Chem, Inc., Pleasanton, CA (2022)

 License issued to: University of California, San Diego (site)

 E. Epifanovsky,  A. T. B. Gilbert,  Xintian Feng,  Joonho Lee,  Yuezhi Mao,  
 N. Mardirossian,  P. Pokhilko,  A. White,  M. Wormit,  M. P. Coons,  
 A. L. Dempwolff,  Zhengting Gan,  D. Hait,  P. R. Horn,  L. D. Jacobson,  
 I. Kaliman,  J. Kussmann,  A. W. Lange,  Ka Un Lao,  D. S. Levine,  Jie Liu,  
 S. C. McKenzie,  A. F. Morrison,  K. Nanda,  F. Plasser,  D. R. Rehn,  
 M. L. Vidal,  Zhi-Qiang You,  Ying Zhu,  B. Alam,  B. Albrecht,  
 A. Aldossary,  E. Alguire,  J. H. Andersen,  V. Athavale,  D. Barton,  
 K. Begam,  A. Behn,  N. Bellonzi,  Y. A. Bernard,  E. J. Berquist,  
 H. Burton,  A. Carreras,  K. Carter-Fenk,  Romit Chakraborty,  
 Chandrima Chakravarty,  Junhan Chen,  A. D. Chien,  K. D. Closser,  
 V. Cofer-Shabica,  L. Cunha,  S. Dasgupta,  Jia Deng,  M. de Wergifosse,  
 M. Diedenhofen,  Hainam Do,  S. Ehlert,  Po-Tung Fang,  S. Fatehi,  
 Qingguo Feng,  T. Friedhoff,  B. Ganoe,  J. Gayvert,  Qinghui Ge,  
 G. Gidofalvi,  M. Goldey,  J. Gomes,  C. Gonzalez-Espinoza,  S. Gulania,  
 A. Gunina,  J. A. Gyamfi,  M. W. D. Hanson-Heine,  P. H. P. Harbach,  
 A. W. Hauser,  M. F. Herbst,  M. Hernandez Vera,  M. Hodecker,  
 Z. C. Holden,  S. Houck,  Xunkun Huang,  Kerwin Hui,  B. C. Huynh,  
 K. Ikeda,  M. Ivanov,  Hyunjun Ji,  Zuxin Jin,  Hanjie Jiang,  B. Kaduk,  
 S. Kaehler,  R. Kang,  K. Khistyaev,  Jaehoon Kim,  Yongbin Kim,  
 P. Klunzinger,  Z. Koczor-Benda,  Joong Hoon Koh,  D. Kosenkov,  
 Saikiran Kotaru,  L. Koulias,  T. Kowalczyk,  C. M. Krauter,  K. Kue,  
 A. Kunitsa,  T. Kus,  A. Landau,  K. V. Lawler,  D. Lefrancois,  S. Lehtola,  
 Rain Li,  Shaozhi Li,  Yi-Pei Li,  Jiashu Liang,  M. Liebenthal,  
 Hung-Hsuan Lin,  You-Sheng Lin,  Fenglai Liu,  Kuan-Yu Liu,  
 M. Loipersberger,  A. Luenser,  C. Malbon,  A. Manjanath,  P. Manohar,  
 E. Mansoor,  S. F. Manzer,  Shan-Ping Mao,  A. V. Marenich,  T. Markovich,  
 S. Mason,  F. Matz,  S. A. Maurer,  P. F. McLaughlin,  M. F. S. J. Menger,  
 J.-M. Mewes,  S. A. Mewes,  P. Morgante,  Mohammad Mostafanejad,  
 J. W. Mullinax,  K. J. Oosterbaan,  G. Paran,  V. Parravicini,  
 Alexander C. Paul,  Suranjan K. Paul,  F. Pavosevic,  Zheng Pei,  S. Prager,  
 E. I. Proynov,  E. Ramos,  B. Rana,  A. E. Rask,  A. Rettig,  R. M. Richard,  
 F. Rob,  E. Rossomme,  T. Scheele,  M. Scheurer,  M. Schneider,  
 P. E. Schneider,  N. Sergueev,  S. M. Sharada,  Hengyuan Shen,  
 W. Skomorowski,  D. W. Small,  C. J. Stein,  Yingli Su,  Yu-Chuan Su,  
 E. J. Sundstrom,  Zhen Tao,  J. Thirman,  Hung-Yi Tsai,  T. Tsuchimochi,  
 N. M. Tubman,  C. Utku,  S. P. Veccham,  O. Vydrov,  J. Wenzel,  
 Jonathan Wong,  J. Witte,  A. Yamada,  Chou-Hsun Yang,  Kun Yao,  
 S. Yeganeh,  S. R. Yost,  A. Zech,  F. Zeller,  Igor Ying Zhang,  
 Xing Zhang,  Yu Zhang,  D. Zuev,  A. Aspuru-Guzik,  A. T. Bell,  
 N. A. Besley,  K. B. Bravaya,  B. R. Brooks,  D. Casanova,  Jeng-Da Chai,  
 Hsing-Ta Chen,  S. Coriani,  C. J. Cramer,  A. E. DePrince, III,  
 R. A. DiStasio Jr.,  A. Dreuw,  B. D. Dunietz,  T. R. Furlani,  
 W. A. Goddard III,  S. Grimme,  S. Hammes-Schiffer,  T. Head-Gordon,  
 W. J. Hehre,  Chao-Ping Hsu,  T.-C. Jagau,  Yousung Jung,  A. Klamt,  
 Jing Kong,  D. S. Lambrecht,  Xiangyuan Li,  WanZhen Liang,  N. J. Mayhall,  
 C. W. McCurdy,  J. B. Neaton,  T. Neudecker,  C. Ochsenfeld,  
 J. A. Parkhill,  R. Peverati,  V. A. Rassolov,  Haisheng Ren,  Yihan Shao,  
 L. V. Slipchenko,  R. P. Steele,  J. E. Subotnik,  A. J. W. Thom,  
 A. Tkatchenko,  D. G. Truhlar,  T. Van Voorhis,  Fan Wang,  
 T. A. Wesolowski,  K. B. Whaley,  H. L. Woodcock III,  P. M. Zimmerman,  
 S. Faraji,  P. M. W. Gill,  M. Head-Gordon,  J. M. Herbert,  A. I. Krylov

 Contributors to earlier versions of Q-Chem not listed above: 
 R. D. Adamson,  B. Austin,  R. Baer,  J. Baker,  G. J. O. Beran,  
 K. Brandhorst,  S. T. Brown,  E. F. C. Byrd,  Arup K. Chakraborty,  
 G. K. L. Chan,  Chun-Min Chang,  Yunqing Chen,  C.-L. Cheng,  
 Siu Hung Chien,  D. M. Chipman,  D. L. Crittenden,  H. Dachsel,  
 R. J. Doerksen,  A. D. Dutoi,  R. G. Edgar,  J. Fosso-Tande,  
 L. Fusti-Molnar,  D. Ghosh,  A. Ghysels,  A. Golubeva-Zadorozhnaya,  
 J. Gonthier,  M. S. Gordon,  S. R. Gwaltney,  G. Hawkins,  J. E. Herr,  
 A. Heyden,  S. Hirata,  E. G. Hohenstein,  G. Kedziora,  F. J. Keil,  
 C. Kelley,  Jihan Kim,  R. A. King,  R. Z. Khaliullin,  P. P. Korambath,  
 W. Kurlancheek,  A. Laurent,  A. M. Lee,  M. S. Lee,  S. V. Levchenko,  
 Ching Yeh Lin,  D. Liotard,  E. Livshits,  R. C. Lochan,  I. Lotan,  
 L. A. Martinez-Martinez,  P. E. Maslen,  N. Nair,  D. P. O'Neill,  
 D. Neuhauser,  E. Neuscamman,  C. M. Oana,  R. Olivares-Amaya,  R. Olson,  
 T. M. Perrine,  B. Peters,  P. A. Pieniazek,  A. Prociuk,  Y. M. Rhee,  
 J. Ritchie,  M. A. Rohrdanz,  E. Rosta,  N. J. Russ,  H. F. Schaefer III,  
 M. W. Schmidt,  N. E. Schultz,  S. Sharma,  N. Shenvi,  C. D. Sherrill,  
 A. C. Simmonett,  A. Sodt,  T. Stein,  D. Stuck,  K. S. Thanthiriwatte,  
 V. Vanovschi,  L. Vogt,  Tao Wang,  A. Warshel,  M. A. Watson,  
 C. F. Williams,  Q. Wu,  X. Xu,  Jun Yang,  W. Zhang,  Yan Zhao

   Please cite Q-Chem as follows:
  "Software for the frontiers of quantum chemistry:
   An overview of developments in the Q-Chem 5 package"
   J. Chem. Phys. 155, 084801 (2021)
   https://doi.org/10.1063/5.0055522 (open access)

 Q-Chem 6.0.2 for Intel X86 EM64T Linux

 Parts of Q-Chem use Armadillo 9.900.5 (Nocturnal Misbehaviour).
 http://arma.sourceforge.net/

 Q-Chem begins on Mon Jan  6 16:16:25 2025  

 Host: 
0

     Scratch files written to /expanse/lustre/scratch/whughes/temp_project/job_36180403/ca8-r1-triplet-wb97xd-r-wB97mV-readSCF-36180403//
 Dec722 |scratch|qcdevops|jenkins|workspace|build_RNUM    
 Processing $rem in /cm/shared/apps/spack/0.17.3/cpu/b/opt/spack/linux-rocky8-zen2/gcc-10.2.0/qchem-6.0-rytxnwjazd34ekd2gqyi5ufsaimxsd3r/config/preferences:
 Processing $rem in /home/whughes/.qchemrc:

 Checking the input file for inconsistencies... 	...done.

--------------------------------------------------------------
User input:
--------------------------------------------------------------
$molecule
0 3
C    -2.0106634871   -0.2770167439   -0.3862896289
C    -0.8718397047   -0.0147194331   0.5664133619
O    -0.9928333387   0.7496417311    1.5216408744
C    0.4034277561    -0.7184566602   0.3035889071
C    1.5422519337    -0.4561634089   1.256292087
O    0.5244251689    -1.4828219466   -0.6516402604
H    -2.3245468518   0.6614517598    -0.8450884244
H    -1.672602645    -0.9792795618   -1.1474897121
H    -2.8574942835   -0.6891856706   0.163969767
H    1.2041868194    0.2461028621    2.0174870917
H    1.8561309498    -1.3946309492   1.7150957192
H    2.38908465      -0.0439955618   0.7060347845
$end

$rem
METHOD      PBE0
BASIS       def2-QZVPP
SYM_IGNORE   TRUE
DFT_D       D3
MAX_SCF_CYCLES 300
$end

--------------------------------------------------------------
 Adding empirical dispersion correction 
 ----------------------------------------------------------------
 Doing -D3(OP) with
 s6  =   0.91826
 s8  =   0.00000
 a1  =   0.20000
 a2  =   4.75000
 pow =   12.00000
 -D3 energy without 3body term =     -0.0031469933 hartrees
 ----------------------------------------------------------------
             Standard Nuclear Orientation (Angstroms)
    I     Atom           X                Y                Z
 ----------------------------------------------------------------
    1      C      -2.0106634871    -0.2770167439    -0.3862896289
    2      C      -0.8718397047    -0.0147194331     0.5664133619
    3      O      -0.9928333387     0.7496417311     1.5216408744
    4      C       0.4034277561    -0.7184566602     0.3035889071
    5      C       1.5422519337    -0.4561634089     1.2562920870
    6      O       0.5244251689    -1.4828219466    -0.6516402604
    7      H      -2.3245468518     0.6614517598    -0.8450884244
    8      H      -1.6726026450    -0.9792795618    -1.1474897121
    9      H      -2.8574942835    -0.6891856706     0.1639697670
   10      H       1.2041868194     0.2461028621     2.0174870917
   11      H       1.8561309498    -1.3946309492     1.7150957192
   12      H       2.3890846500    -0.0439955618     0.7060347845
 ----------------------------------------------------------------
 Nuclear Repulsion Energy =         226.94906573 hartrees
 There are       24 alpha and       22 beta electrons
 Requested basis set is def2-QZVPP
 There are 162 shells and 522 basis functions

 Total QAlloc Memory Limit   8000 MB
 Mega-Array Size       188 MB
 MEM_STATIC part       192 MB


                       Distance Matrix (Angstroms)
             C (  1)   C (  2)   O (  3)   C (  4)   C (  5)   O (  6)
   C (  2)  1.507767
   O (  3)  2.393785  1.229369
   C (  4)  2.549243  1.480078  2.364003
   C (  5)  3.918338  2.549244  2.819758  1.507767
   O (  6)  2.819761  2.364008  3.465417  1.229373  2.393785
   H (  7)  1.090753  2.135393  2.717102  3.265800  4.540594  3.570991
   H (  8)  1.089442  2.123455  3.252001  2.546284  4.048099  2.307889
   H (  9)  1.090775  2.135343  2.718539  3.264041  4.539299  3.568257
   H ( 10)  4.048093  2.546278  2.307881  2.123449  1.089442  3.251999
   H ( 11)  4.540593  3.265800  3.570984  2.135395  1.090753  2.717105
   H ( 12)  4.539301  3.264043  3.568255  2.135344  1.090775  2.718540
             H (  7)   H (  8)   H (  9)   H ( 10)   H ( 11)
   H (  8)  1.791222
   H (  9)  1.768178  1.791103
   H ( 10)  4.562764  4.449108  4.561529
   H ( 11)  5.316022  4.562770  5.012176  1.791223
   H ( 12)  5.012181  4.561536  5.313821  1.791102  1.768180
 
 A cutoff of  1.0D-09 yielded  10762 shell pairs
 There are    111354 function pairs (    167898 Cartesian)
 Smallest overlap matrix eigenvalue = 4.79E-05

 Scale SEOQF with 1.000000e-01/1.000000e-01/1.000000e-01

 Standard Electronic Orientation quadrupole field applied
 Nucleus-field energy     =     0.0000000003 hartrees
 Guess from superposition of atomic densities
 Warning:  Energy on first SCF cycle will be non-variational
 SAD guess density has 46.000000 electrons

 -----------------------------------------------------------------------
  General SCF calculation program by
  Eric Jon Sundstrom, Paul Horn, Yuezhi Mao, Dmitri Zuev, Alec White,
  David Stuck, Shaama M.S., Shane Yost, Joonho Lee, David Small,
  Daniel Levine, Susi Lehtola, Hugh Burton, Evgeny Epifanovsky,
  Bang C. Huynh
 -----------------------------------------------------------------------
 Exchange:     0.2500 Hartree-Fock + 0.7500 PBE
 Correlation:  1.0000 PBE
 Using SG-1 standard quadrature grid
 Dispersion:   Grimme D3
 using 32 threads for integral computing
 -------------------------------------------------------
 OpenMP Integral computing Module                
 Release: version 1.0, May 2013, Q-Chem Inc. Pittsburgh 
 -------------------------------------------------------
 A unrestricted SCF calculation will be
 performed using DIIS
 SCF converges when DIIS error is below 1.0e-05
 ---------------------------------------
  Cycle       Energy         DIIS error
 ---------------------------------------
    1    -307.2302883399      7.97e-03  
    2    -306.0980187440      8.97e-04  
    3    -306.0339493577      1.26e-03  
    4    -306.1837121211      2.75e-04  
    5    -306.1923189794      7.43e-05  
    6    -306.1929903700      1.83e-05  
    7    -306.1930458724      8.17e-06  Convergence criterion met
 ---------------------------------------
 SCF time:   CPU 1202.27s  wall 39.00s 
<S^2> =          2.013632720
 SCF   energy in the final basis set =     -306.1930458724
 Total energy in the final basis set =     -306.1930458724
 
 --------------------------------------------------------------
 
                    Orbital Energies (a.u.)
 --------------------------------------------------------------
 
 Alpha MOs
 -- Occupied --
-19.2525 -19.2525 -10.3223 -10.3219 -10.2468 -10.2468  -1.1246  -1.1091
 -0.8067  -0.7872  -0.6834  -0.5487  -0.5335  -0.5079  -0.5072  -0.4631
 -0.4570  -0.4390  -0.4127  -0.4111  -0.4102  -0.3766  -0.3084  -0.2018
 -- Virtual --
  0.0111   0.0283   0.0434   0.0876   0.0921   0.0929   0.1038   0.1059
  0.1158   0.1338   0.1378   0.1391   0.1420   0.1620   0.2099   0.2102
  0.2398   0.2449   0.2506   0.2777   0.2885   0.3082   0.3134   0.3189
  0.3195   0.3230   0.3376   0.3395   0.3531   0.3563   0.3700   0.3923
  0.4019   0.4181   0.4305   0.4365   0.4460   0.5060   0.5123   0.5459
  0.5633   0.5683   0.5773   0.6082   0.6100   0.6145   0.6253   0.6354
  0.6457   0.6727   0.6942   0.6994   0.7057   0.7214   0.7510   0.7675
  0.7797   0.7815   0.7957   0.8098   0.8169   0.8219   0.8305   0.8364
  0.8759   0.8823   0.8925   0.9102   0.9169   0.9231   0.9299   0.9340
  0.9707   0.9901   1.0257   1.0360   1.0416   1.0489   1.0561   1.0754
  1.0791   1.1283   1.1403   1.1542   1.1791   1.1970   1.2053   1.2468
  1.3292   1.3421   1.3526   1.3578   1.3772   1.3844   1.3851   1.4217
  1.4223   1.4306   1.4366   1.4578   1.4789   1.5023   1.5140   1.5228
  1.5534   1.6143   1.6735   1.6791   1.7030   1.7041   1.7673   1.7869
  1.7871   1.7910   1.7977   1.8213   1.8219   1.8259   1.8502   1.8560
  1.8631   1.8682   1.9043   1.9265   1.9565   1.9841   1.9872   1.9937
  2.0056   2.0232   2.0250   2.0541   2.0650   2.0907   2.1028   2.1159
  2.1242   2.1254   2.1394   2.1586   2.1820   2.1879   2.1971   2.2132
  2.2377   2.2865   2.3033   2.3091   2.3411   2.3548   2.3561   2.3754
  2.3852   2.4112   2.4378   2.4381   2.4389   2.4526   2.4797   2.4985
  2.5430   2.5445   2.5532   2.5905   2.6575   2.6656   2.6798   2.6844
  2.6879   2.7015   2.7513   2.7581   2.7598   2.7741   2.7953   2.8357
  2.8367   2.8407   2.8663   2.8782   2.8863   2.9270   2.9434   2.9452
  2.9628   2.9964   3.0088   3.0383   3.0465   3.0671   3.0903   3.1349
  3.1370   3.1785   3.2374   3.2388   3.2458   3.2854   3.2948   3.3463
  3.3665   3.3719   3.3766   3.3804   3.3979   3.4240   3.4491   3.4738
  3.4983   3.5201   3.5278   3.6162   3.6230   3.6454   3.6986   3.7036
  3.7290   3.7727   3.8229   3.8453   3.8620   3.8777   3.9067   3.9130
  3.9158   3.9743   3.9991   4.0037   4.0452   4.0618   4.1148   4.1308
  4.1778   4.2428   4.2460   4.2560   4.2604   4.3058   4.3306   4.4080
  4.4180   4.5078   4.5898   4.5972   4.6693   4.6755   4.7460   4.8068
  4.8111   4.8485   4.9048   4.9156   4.9496   5.0287   5.0473   5.0539
  5.1073   5.1308   5.1783   5.2201   5.2557   5.3179   5.3737   5.3808
  5.3963   5.4036   5.4606   5.5117   5.5330   5.5797   5.5808   5.5822
  5.6031   5.6556   5.6632   5.7315   5.7528   5.7652   5.7752   5.8131
  5.8244   5.8351   5.8537   5.8603   5.8784   5.8811   5.9114   5.9182
  5.9227   5.9496   5.9820   6.0092   6.0097   6.0380   6.0421   6.0471
  6.0785   6.0875   6.1222   6.1228   6.1484   6.1547   6.2164   6.2343
  6.2424   6.3012   6.3253   6.3475   6.3625   6.3647   6.3666   6.4111
  6.4138   6.4556   6.4601   6.4641   6.4645   6.4976   6.5246   6.5581
  6.5634   6.5671   6.5733   6.5921   6.6419   6.6873   6.7215   6.7291
  6.7693   6.8141   6.8323   6.8328   6.8889   6.9694   7.0049   7.0181
  7.0210   7.0394   7.1085   7.1148   7.1155   7.2190   7.2659   7.2847
  7.3128   7.3242   7.3249   7.3387   7.3891   7.4256   7.4420   7.4600
  7.4779   7.4819   7.4911   7.5285   7.5839   7.5984   7.6132   7.6391
  7.6509   7.6624   7.7172   7.7279   7.7489   7.7782   7.7799   7.8318
  7.8459   7.8599   7.8603   7.8782   7.8926   7.9285   7.9472   7.9960
  8.0319   8.0682   8.1186   8.1521   8.2043   8.2709   8.3292   8.3321
  8.3428   8.3513   8.3531   8.3747   8.3785   8.3924   8.4090   8.4118
  8.4270   8.4709   8.4929   8.5349   8.5359   8.5527   8.5807   8.6428
  8.6938   8.8223   8.8374   8.8467   8.8494   8.8616   8.8656   8.8953
  8.8954   8.9165   8.9413   8.9424   8.9518   9.0232   9.0298   9.0347
  9.0353   9.0528   9.1237   9.1351   9.1733   9.2762   9.4128   9.5076
  9.6175   9.6344   9.7033   9.7161   9.7493   9.7524   9.7805   9.8103
  9.8272   9.8562   9.8776   9.8981   9.9540   9.9801  10.0253  10.0325
 10.0963  10.1066  10.2159  10.2468  10.2689  10.2814  10.3350  10.3598
 10.3871  10.5358  10.5465  10.6588  10.7651  10.8239  10.9848  10.9859
 11.0613  11.0681  11.3967  11.4082  11.4663  11.4765  11.7665  11.7766
 11.7966  11.8526  11.8621  11.8639  12.0066  12.0491  12.1108  12.1220
 12.1332  12.1638  12.3018  12.3246  13.0482  13.0830  13.1750  13.3143
 13.4121  13.5135  14.1579  14.1740  14.3124  14.3956  28.2936  28.4871
 29.0830  29.1336  48.1868  48.2290 147.4880 147.6247 148.2817 148.3299
253.3808 253.4289
 
 Beta MOs
 -- Occupied --
-19.2342 -19.2342 -10.3175 -10.3172 -10.2453 -10.2453  -1.0902  -1.0735
 -0.7842  -0.7775  -0.6534  -0.5274  -0.5113  -0.4858  -0.4788  -0.4510
 -0.4341  -0.4329  -0.4019  -0.3868  -0.3656  -0.2934
 -- Virtual --
 -0.1773  -0.0767   0.0315   0.0461   0.0486   0.0907   0.0943   0.0952
  0.1086   0.1141   0.1204   0.1368   0.1427   0.1432   0.1463   0.1653
  0.2149   0.2169   0.2455   0.2521   0.2641   0.2821   0.2969   0.3160
  0.3171   0.3228   0.3254   0.3346   0.3406   0.3466   0.3597   0.3608
  0.3814   0.3977   0.4065   0.4311   0.4352   0.4409   0.4530   0.5179
  0.5187   0.5525   0.5698   0.5736   0.5846   0.6133   0.6164   0.6171
  0.6341   0.6417   0.6480   0.6755   0.7005   0.7023   0.7160   0.7258
  0.7612   0.7853   0.7859   0.7860   0.8009   0.8142   0.8205   0.8272
  0.8360   0.8404   0.8792   0.8883   0.9006   0.9202   0.9224   0.9266
  0.9380   0.9446   0.9760   0.9983   1.0307   1.0385   1.0446   1.0538
  1.0602   1.0787   1.0820   1.1372   1.1440   1.1593   1.1859   1.2089
  1.2104   1.2535   1.3382   1.3549   1.3637   1.3677   1.3905   1.3918
  1.3971   1.4295   1.4383   1.4484   1.4510   1.4639   1.4943   1.5181
  1.5294   1.5307   1.5610   1.6257   1.6850   1.6922   1.7116   1.7166
  1.7779   1.7922   1.7941   1.7965   1.8075   1.8297   1.8318   1.8328
  1.8576   1.8626   1.8726   1.8730   1.9111   1.9302   1.9654   1.9917
  1.9940   1.9992   2.0127   2.0298   2.0302   2.0644   2.0717   2.0962
  2.1148   2.1263   2.1302   2.1308   2.1461   2.1649   2.1868   2.1922
  2.2034   2.2198   2.2426   2.2925   2.3138   2.3173   2.3506   2.3625
  2.3655   2.3797   2.3929   2.4159   2.4452   2.4452   2.4459   2.4663
  2.4835   2.5019   2.5498   2.5528   2.5560   2.5944   2.6635   2.6737
  2.6875   2.6893   2.6909   2.7090   2.7546   2.7643   2.7679   2.7816
  2.7987   2.8430   2.8459   2.8488   2.8678   2.8826   2.8888   2.9324
  2.9497   2.9510   2.9714   3.0018   3.0262   3.0444   3.0509   3.0738
  3.1014   3.1399   3.1412   3.1885   3.2443   3.2487   3.2619   3.2991
  3.2992   3.3587   3.3785   3.3816   3.3825   3.3944   3.4101   3.4351
  3.4590   3.4786   3.5089   3.5347   3.5399   3.6248   3.6337   3.6581
  3.7103   3.7169   3.7378   3.7860   3.8321   3.8473   3.8665   3.8906
  3.9134   3.9297   3.9371   3.9890   4.0155   4.0269   4.0767   4.0842
  4.1282   4.1517   4.1854   4.2554   4.2571   4.2762   4.2790   4.3246
  4.3522   4.4206   4.4386   4.5185   4.6115   4.6167   4.6827   4.6909
  4.7562   4.8202   4.8330   4.8725   4.9248   4.9357   4.9639   5.0570
  5.0650   5.0718   5.1205   5.1510   5.1900   5.2308   5.2757   5.3363
  5.3766   5.3828   5.4108   5.4161   5.4723   5.5234   5.5411   5.5868
  5.5882   5.5987   5.6098   5.6689   5.6695   5.7402   5.7596   5.7777
  5.7885   5.8177   5.8290   5.8393   5.8618   5.8635   5.8872   5.8878
  5.9133   5.9206   5.9270   5.9568   5.9905   6.0161   6.0184   6.0431
  6.0467   6.0526   6.0838   6.0949   6.1312   6.1330   6.1577   6.1630
  6.2286   6.2415   6.2502   6.3080   6.3287   6.3516   6.3696   6.3720
  6.3747   6.4216   6.4258   6.4648   6.4649   6.4696   6.4736   6.5059
  6.5317   6.5645   6.5713   6.5798   6.5814   6.5984   6.6522   6.6966
  6.7311   6.7376   6.7760   6.8218   6.8383   6.8393   6.9003   6.9729
  7.0117   7.0275   7.0291   7.0446   7.1166   7.1201   7.1229   7.2256
  7.2713   7.2947   7.3191   7.3291   7.3312   7.3422   7.3938   7.4282
  7.4496   7.4643   7.4805   7.4878   7.5041   7.5320   7.5887   7.6043
  7.6165   7.6444   7.6540   7.6671   7.7216   7.7330   7.7528   7.7815
  7.7820   7.8354   7.8539   7.8643   7.8667   7.8836   7.8979   7.9318
  7.9554   8.0109   8.0355   8.0712   8.1237   8.1598   8.2102   8.2800
  8.3305   8.3363   8.3452   8.3527   8.3553   8.3762   8.3804   8.3939
  8.4105   8.4143   8.4311   8.4742   8.4997   8.5398   8.5415   8.5607
  8.5834   8.6469   8.7040   8.8277   8.8405   8.8846   8.8886   8.8978
  8.9006   8.9028   8.9058   8.9187   8.9453   8.9456   8.9547   9.0374
  9.0428   9.0482   9.0525   9.0572   9.1323   9.1601   9.1987   9.2863
  9.4283   9.5183   9.6294   9.6470   9.7073   9.7189   9.7594   9.7630
  9.7852   9.8132   9.8305   9.8665   9.8798   9.9101   9.9582   9.9925
 10.0408  10.0429  10.1001  10.1113  10.2241  10.2624  10.2737  10.2975
 10.3497  10.3641  10.3944  10.5369  10.5476  10.6809  10.7873  10.8441
 11.0441  11.0441  11.1181  11.1263  11.4335  11.4454  11.4986  11.5154
 11.7752  11.7818  11.8176  11.8783  11.8807  11.8876  12.0160  12.0626
 12.1610  12.1758  12.1875  12.1945  12.3643  12.3807  13.0772  13.1119
 13.2040  13.3250  13.4233  13.5424  14.1915  14.2163  14.3365  14.4113
 28.3029  28.4961  29.0858  29.1364  48.2114  48.2535 147.4900 147.6266
148.2824 148.3306 253.3878 253.4359
 --------------------------------------------------------------
 
          Ground-State Mulliken Net Atomic Charges

     Atom                 Charge (a.u.)    Spin (a.u.)
  --------------------------------------------------------
      1 C                    -0.089949       0.074755
      2 C                     0.106184       0.280029
      3 O                    -0.257389       0.627563
      4 C                     0.106183       0.280052
      5 C                    -0.089955       0.074754
      6 O                    -0.257450       0.627535
      7 H                     0.078766       0.009733
      8 H                     0.084530      -0.001860
      9 H                     0.077890       0.009783
     10 H                     0.084534      -0.001861
     11 H                     0.078766       0.009733
     12 H                     0.077889       0.009784
  --------------------------------------------------------
  Sum of atomic charges =     0.000000
  Sum of spin   charges =     2.000000

 -----------------------------------------------------------------
                    Cartesian Multipole Moments
 -----------------------------------------------------------------
    Charge (ESU x 10^10)
                 0.0000
    Dipole Moment (Debye)
         X      -0.0003      Y       0.0003      Z       0.0003
       Tot       0.0005
    Quadrupole Moments (Debye-Ang)
        XX     -30.9469     XY       1.7752     YY     -38.6115
        XZ       4.4399     YZ      -4.0562     ZZ     -37.9227
    Octopole Moments (Debye-Ang^2)
       XXX      21.7435    XXY      10.5136    XYY       7.7412
       YYY      42.4640    XXZ     -15.5415    XYZ       0.0943
       YYZ     -13.8217    XZZ      12.7443    YZZ      10.3736
       ZZZ     -49.4890
    Hexadecapole Moments (Debye-Ang^3)
      XXXX    -392.2205   XXXY      35.8108   XXYY     -95.3712
      XYYY      32.6922   YYYY    -174.5495   XXXZ     -26.8855
      XXYZ     -13.8882   XYYZ      -3.1235   YYYZ     -28.7282
      XXZZ    -109.6292   XYZZ      12.8725   YYZZ     -67.3117
      XZZZ     -19.1275   YZZZ     -25.9487   ZZZZ    -238.5471
 -----------------------------------------------------------------
 Total job time:  41.24s(wall), 1226.35s(cpu) 
 Mon Jan  6 16:17:07 2025

        *************************************************************
        *                                                           *
        *  Thank you very much for using Q-Chem.  Have a nice day.  *
        *                                                           *
        *************************************************************



Running Job 2 of 2 ca8-r1-triplet-wb97xd-r-wB97mV-readSCF.in
qchem ca8-r1-triplet-wb97xd-r-wB97mV-readSCF.in_391280.1 /expanse/lustre/scratch/whughes/temp_project/job_36180403/ca8-r1-triplet-wb97xd-r-wB97mV-readSCF-36180403/ 0
/cm/shared/apps/spack/0.17.3/cpu/b/opt/spack/linux-rocky8-zen2/gcc-10.2.0/qchem-6.0-rytxnwjazd34ekd2gqyi5ufsaimxsd3r/exe/qcprog.exe_s ca8-r1-triplet-wb97xd-r-wB97mV-readSCF.in_391280.1 /expanse/lustre/scratch/whughes/temp_project/job_36180403/ca8-r1-triplet-wb97xd-r-wB97mV-readSCF-36180403/
                  Welcome to Q-Chem
     A Quantum Leap Into The Future Of Chemistry


 Q-Chem 6.0, Q-Chem, Inc., Pleasanton, CA (2022)

 License issued to: University of California, San Diego (site)

 E. Epifanovsky,  A. T. B. Gilbert,  Xintian Feng,  Joonho Lee,  Yuezhi Mao,  
 N. Mardirossian,  P. Pokhilko,  A. White,  M. Wormit,  M. P. Coons,  
 A. L. Dempwolff,  Zhengting Gan,  D. Hait,  P. R. Horn,  L. D. Jacobson,  
 I. Kaliman,  J. Kussmann,  A. W. Lange,  Ka Un Lao,  D. S. Levine,  Jie Liu,  
 S. C. McKenzie,  A. F. Morrison,  K. Nanda,  F. Plasser,  D. R. Rehn,  
 M. L. Vidal,  Zhi-Qiang You,  Ying Zhu,  B. Alam,  B. Albrecht,  
 A. Aldossary,  E. Alguire,  J. H. Andersen,  V. Athavale,  D. Barton,  
 K. Begam,  A. Behn,  N. Bellonzi,  Y. A. Bernard,  E. J. Berquist,  
 H. Burton,  A. Carreras,  K. Carter-Fenk,  Romit Chakraborty,  
 Chandrima Chakravarty,  Junhan Chen,  A. D. Chien,  K. D. Closser,  
 V. Cofer-Shabica,  L. Cunha,  S. Dasgupta,  Jia Deng,  M. de Wergifosse,  
 M. Diedenhofen,  Hainam Do,  S. Ehlert,  Po-Tung Fang,  S. Fatehi,  
 Qingguo Feng,  T. Friedhoff,  B. Ganoe,  J. Gayvert,  Qinghui Ge,  
 G. Gidofalvi,  M. Goldey,  J. Gomes,  C. Gonzalez-Espinoza,  S. Gulania,  
 A. Gunina,  J. A. Gyamfi,  M. W. D. Hanson-Heine,  P. H. P. Harbach,  
 A. W. Hauser,  M. F. Herbst,  M. Hernandez Vera,  M. Hodecker,  
 Z. C. Holden,  S. Houck,  Xunkun Huang,  Kerwin Hui,  B. C. Huynh,  
 K. Ikeda,  M. Ivanov,  Hyunjun Ji,  Zuxin Jin,  Hanjie Jiang,  B. Kaduk,  
 S. Kaehler,  R. Kang,  K. Khistyaev,  Jaehoon Kim,  Yongbin Kim,  
 P. Klunzinger,  Z. Koczor-Benda,  Joong Hoon Koh,  D. Kosenkov,  
 Saikiran Kotaru,  L. Koulias,  T. Kowalczyk,  C. M. Krauter,  K. Kue,  
 A. Kunitsa,  T. Kus,  A. Landau,  K. V. Lawler,  D. Lefrancois,  S. Lehtola,  
 Rain Li,  Shaozhi Li,  Yi-Pei Li,  Jiashu Liang,  M. Liebenthal,  
 Hung-Hsuan Lin,  You-Sheng Lin,  Fenglai Liu,  Kuan-Yu Liu,  
 M. Loipersberger,  A. Luenser,  C. Malbon,  A. Manjanath,  P. Manohar,  
 E. Mansoor,  S. F. Manzer,  Shan-Ping Mao,  A. V. Marenich,  T. Markovich,  
 S. Mason,  F. Matz,  S. A. Maurer,  P. F. McLaughlin,  M. F. S. J. Menger,  
 J.-M. Mewes,  S. A. Mewes,  P. Morgante,  Mohammad Mostafanejad,  
 J. W. Mullinax,  K. J. Oosterbaan,  G. Paran,  V. Parravicini,  
 Alexander C. Paul,  Suranjan K. Paul,  F. Pavosevic,  Zheng Pei,  S. Prager,  
 E. I. Proynov,  E. Ramos,  B. Rana,  A. E. Rask,  A. Rettig,  R. M. Richard,  
 F. Rob,  E. Rossomme,  T. Scheele,  M. Scheurer,  M. Schneider,  
 P. E. Schneider,  N. Sergueev,  S. M. Sharada,  Hengyuan Shen,  
 W. Skomorowski,  D. W. Small,  C. J. Stein,  Yingli Su,  Yu-Chuan Su,  
 E. J. Sundstrom,  Zhen Tao,  J. Thirman,  Hung-Yi Tsai,  T. Tsuchimochi,  
 N. M. Tubman,  C. Utku,  S. P. Veccham,  O. Vydrov,  J. Wenzel,  
 Jonathan Wong,  J. Witte,  A. Yamada,  Chou-Hsun Yang,  Kun Yao,  
 S. Yeganeh,  S. R. Yost,  A. Zech,  F. Zeller,  Igor Ying Zhang,  
 Xing Zhang,  Yu Zhang,  D. Zuev,  A. Aspuru-Guzik,  A. T. Bell,  
 N. A. Besley,  K. B. Bravaya,  B. R. Brooks,  D. Casanova,  Jeng-Da Chai,  
 Hsing-Ta Chen,  S. Coriani,  C. J. Cramer,  A. E. DePrince, III,  
 R. A. DiStasio Jr.,  A. Dreuw,  B. D. Dunietz,  T. R. Furlani,  
 W. A. Goddard III,  S. Grimme,  S. Hammes-Schiffer,  T. Head-Gordon,  
 W. J. Hehre,  Chao-Ping Hsu,  T.-C. Jagau,  Yousung Jung,  A. Klamt,  
 Jing Kong,  D. S. Lambrecht,  Xiangyuan Li,  WanZhen Liang,  N. J. Mayhall,  
 C. W. McCurdy,  J. B. Neaton,  T. Neudecker,  C. Ochsenfeld,  
 J. A. Parkhill,  R. Peverati,  V. A. Rassolov,  Haisheng Ren,  Yihan Shao,  
 L. V. Slipchenko,  R. P. Steele,  J. E. Subotnik,  A. J. W. Thom,  
 A. Tkatchenko,  D. G. Truhlar,  T. Van Voorhis,  Fan Wang,  
 T. A. Wesolowski,  K. B. Whaley,  H. L. Woodcock III,  P. M. Zimmerman,  
 S. Faraji,  P. M. W. Gill,  M. Head-Gordon,  J. M. Herbert,  A. I. Krylov

 Contributors to earlier versions of Q-Chem not listed above: 
 R. D. Adamson,  B. Austin,  R. Baer,  J. Baker,  G. J. O. Beran,  
 K. Brandhorst,  S. T. Brown,  E. F. C. Byrd,  Arup K. Chakraborty,  
 G. K. L. Chan,  Chun-Min Chang,  Yunqing Chen,  C.-L. Cheng,  
 Siu Hung Chien,  D. M. Chipman,  D. L. Crittenden,  H. Dachsel,  
 R. J. Doerksen,  A. D. Dutoi,  R. G. Edgar,  J. Fosso-Tande,  
 L. Fusti-Molnar,  D. Ghosh,  A. Ghysels,  A. Golubeva-Zadorozhnaya,  
 J. Gonthier,  M. S. Gordon,  S. R. Gwaltney,  G. Hawkins,  J. E. Herr,  
 A. Heyden,  S. Hirata,  E. G. Hohenstein,  G. Kedziora,  F. J. Keil,  
 C. Kelley,  Jihan Kim,  R. A. King,  R. Z. Khaliullin,  P. P. Korambath,  
 W. Kurlancheek,  A. Laurent,  A. M. Lee,  M. S. Lee,  S. V. Levchenko,  
 Ching Yeh Lin,  D. Liotard,  E. Livshits,  R. C. Lochan,  I. Lotan,  
 L. A. Martinez-Martinez,  P. E. Maslen,  N. Nair,  D. P. O'Neill,  
 D. Neuhauser,  E. Neuscamman,  C. M. Oana,  R. Olivares-Amaya,  R. Olson,  
 T. M. Perrine,  B. Peters,  P. A. Pieniazek,  A. Prociuk,  Y. M. Rhee,  
 J. Ritchie,  M. A. Rohrdanz,  E. Rosta,  N. J. Russ,  H. F. Schaefer III,  
 M. W. Schmidt,  N. E. Schultz,  S. Sharma,  N. Shenvi,  C. D. Sherrill,  
 A. C. Simmonett,  A. Sodt,  T. Stein,  D. Stuck,  K. S. Thanthiriwatte,  
 V. Vanovschi,  L. Vogt,  Tao Wang,  A. Warshel,  M. A. Watson,  
 C. F. Williams,  Q. Wu,  X. Xu,  Jun Yang,  W. Zhang,  Yan Zhao

   Please cite Q-Chem as follows:
  "Software for the frontiers of quantum chemistry:
   An overview of developments in the Q-Chem 5 package"
   J. Chem. Phys. 155, 084801 (2021)
   https://doi.org/10.1063/5.0055522 (open access)

 Q-Chem 6.0.2 for Intel X86 EM64T Linux

 Parts of Q-Chem use Armadillo 9.900.5 (Nocturnal Misbehaviour).
 http://arma.sourceforge.net/

 Q-Chem begins on Mon Jan  6 16:17:07 2025  

 Host: 
0

     Scratch files written to /expanse/lustre/scratch/whughes/temp_project/job_36180403/ca8-r1-triplet-wb97xd-r-wB97mV-readSCF-36180403//
 Dec722 |scratch|qcdevops|jenkins|workspace|build_RNUM    
 Processing $rem in /cm/shared/apps/spack/0.17.3/cpu/b/opt/spack/linux-rocky8-zen2/gcc-10.2.0/qchem-6.0-rytxnwjazd34ekd2gqyi5ufsaimxsd3r/config/preferences:
 Processing $rem in /home/whughes/.qchemrc:

 Checking the input file for inconsistencies... 	...done.

--------------------------------------------------------------
User input:
--------------------------------------------------------------

$molecule
0 3
C    -2.0106634871   -0.2770167439   -0.3862896289
C    -0.8718397047   -0.0147194331   0.5664133619
O    -0.9928333387   0.7496417311    1.5216408744
C    0.4034277561    -0.7184566602   0.3035889071
C    1.5422519337    -0.4561634089   1.256292087
O    0.5244251689    -1.4828219466   -0.6516402604
H    -2.3245468518   0.6614517598    -0.8450884244
H    -1.672602645    -0.9792795618   -1.1474897121
H    -2.8574942835   -0.6891856706   0.163969767
H    1.2041868194    0.2461028621    2.0174870917
H    1.8561309498    -1.3946309492   1.7150957192
H    2.38908465      -0.0439955618   0.7060347845
$end

$rem
METHOD      wB97M-V
BASIS       def2-QZVPP
SYM_IGNORE   TRUE
DFT_D       false
SCF_GUESS   read
MAX_SCF_CYCLES 300
$end
--------------------------------------------------------------
 ----------------------------------------------------------------
             Standard Nuclear Orientation (Angstroms)
    I     Atom           X                Y                Z
 ----------------------------------------------------------------
    1      C      -2.0106634871    -0.2770167439    -0.3862896289
    2      C      -0.8718397047    -0.0147194331     0.5664133619
    3      O      -0.9928333387     0.7496417311     1.5216408744
    4      C       0.4034277561    -0.7184566602     0.3035889071
    5      C       1.5422519337    -0.4561634089     1.2562920870
    6      O       0.5244251689    -1.4828219466    -0.6516402604
    7      H      -2.3245468518     0.6614517598    -0.8450884244
    8      H      -1.6726026450    -0.9792795618    -1.1474897121
    9      H      -2.8574942835    -0.6891856706     0.1639697670
   10      H       1.2041868194     0.2461028621     2.0174870917
   11      H       1.8561309498    -1.3946309492     1.7150957192
   12      H       2.3890846500    -0.0439955618     0.7060347845
 ----------------------------------------------------------------
 Nuclear Repulsion Energy =         226.95221273 hartrees
 There are       24 alpha and       22 beta electrons
 Requested basis set is def2-QZVPP
 There are 162 shells and 522 basis functions

 Total QAlloc Memory Limit   8000 MB
 Mega-Array Size       188 MB
 MEM_STATIC part       192 MB


                       Distance Matrix (Angstroms)
             C (  1)   C (  2)   O (  3)   C (  4)   C (  5)   O (  6)
   C (  2)  1.507767
   O (  3)  2.393785  1.229369
   C (  4)  2.549243  1.480078  2.364003
   C (  5)  3.918338  2.549244  2.819758  1.507767
   O (  6)  2.819761  2.364008  3.465417  1.229373  2.393785
   H (  7)  1.090753  2.135393  2.717102  3.265800  4.540594  3.570991
   H (  8)  1.089442  2.123455  3.252001  2.546284  4.048099  2.307889
   H (  9)  1.090775  2.135343  2.718539  3.264041  4.539299  3.568257
   H ( 10)  4.048093  2.546278  2.307881  2.123449  1.089442  3.251999
   H ( 11)  4.540593  3.265800  3.570984  2.135395  1.090753  2.717105
   H ( 12)  4.539301  3.264043  3.568255  2.135344  1.090775  2.718540
             H (  7)   H (  8)   H (  9)   H ( 10)   H ( 11)
   H (  8)  1.791222
   H (  9)  1.768178  1.791103
   H ( 10)  4.562764  4.449108  4.561529
   H ( 11)  5.316022  4.562770  5.012176  1.791223
   H ( 12)  5.012181  4.561536  5.313821  1.791102  1.768180
 
 A cutoff of  1.0D-09 yielded  10762 shell pairs
 There are    111354 function pairs (    167898 Cartesian)
 Smallest overlap matrix eigenvalue = 4.79E-05

 Scale SEOQF with 1.000000e-01/1.000000e-01/1.000000e-01

 Standard Electronic Orientation quadrupole field applied
 Nucleus-field energy     =     0.0000000003 hartrees
 Guess MOs from SCF MO coefficient file

 -----------------------------------------------------------------------
  General SCF calculation program by
  Eric Jon Sundstrom, Paul Horn, Yuezhi Mao, Dmitri Zuev, Alec White,
  David Stuck, Shaama M.S., Shane Yost, Joonho Lee, David Small,
  Daniel Levine, Susi Lehtola, Hugh Burton, Evgeny Epifanovsky,
  Bang C. Huynh
 -----------------------------------------------------------------------
 Exchange:     0.1500 Hartree-Fock + 1.0000 wB97M-V + LR-HF
 Correlation:  1.0000 wB97M-V
 Using SG-2 standard quadrature grid
 Nonlocal Correlation:  VV10 with C = 0.0100 and b = 6.00 and scale = 1.00000
 Grid used for NLC:  SG-1 standard quadrature
 using 32 threads for integral computing
 -------------------------------------------------------
 OpenMP Integral computing Module                
 Release: version 1.0, May 2013, Q-Chem Inc. Pittsburgh 
 -------------------------------------------------------
 A unrestricted SCF calculation will be
 performed using DIIS
 SCF converges when DIIS error is below 1.0e-05
 ---------------------------------------
  Cycle       Energy         DIIS error
 ---------------------------------------
    1    -306.3975656841      1.05e-03  
    2    -306.4035583073      4.71e-05  
    3    -306.4036869344      2.30e-05  
    4    -306.4037451027      1.34e-05  
    5    -306.4037661869      3.42e-06  Convergence criterion met
 ---------------------------------------
 SCF time:   CPU 1377.40s  wall 45.00s 
<S^2> =          2.016913800
 SCF   energy in the final basis set =     -306.4037661869
 Total energy in the final basis set =     -306.4037661869
 
 --------------------------------------------------------------
 
                    Orbital Energies (a.u.)
 --------------------------------------------------------------
 
 Alpha MOs
 -- Occupied --
-19.3747 -19.3746 -10.4417 -10.4414 -10.3652 -10.3652  -1.2215  -1.2064
 -0.9044  -0.8862  -0.7799  -0.6438  -0.6291  -0.6019  -0.6016  -0.5549
 -0.5475  -0.5295  -0.5011  -0.5011  -0.4989  -0.4642  -0.3903  -0.2756
 -- Virtual --
  0.0691   0.0814   0.0863   0.1233   0.1286   0.1295   0.1461   0.1468
  0.1624   0.1785   0.1795   0.1808   0.1853   0.2052   0.2508   0.2618
  0.2840   0.2896   0.3126   0.3169   0.3413   0.3618   0.3637   0.3757
  0.3758   0.3793   0.3889   0.3954   0.4091   0.4108   0.4234   0.4483
  0.4542   0.4788   0.4812   0.4826   0.5142   0.5653   0.5732   0.6042
  0.6139   0.6279   0.6406   0.6719   0.6740   0.6747   0.6938   0.6971
  0.7115   0.7356   0.7543   0.7655   0.7723   0.7797   0.8153   0.8295
  0.8395   0.8407   0.8501   0.8685   0.8757   0.8788   0.8897   0.8927
  0.9296   0.9419   0.9539   0.9724   0.9751   0.9778   0.9854   1.0000
  1.0270   1.0433   1.0857   1.0885   1.0977   1.1017   1.1086   1.1277
  1.1283   1.1901   1.1954   1.2013   1.2385   1.2595   1.2667   1.3046
  1.3880   1.4080   1.4152   1.4237   1.4332   1.4373   1.4502   1.4796
  1.4863   1.5010   1.5012   1.5126   1.5437   1.5741   1.5763   1.5856
  1.6196   1.6764   1.7369   1.7384   1.7590   1.7687   1.8352   1.8493
  1.8497   1.8528   1.8561   1.8850   1.8853   1.8917   1.9122   1.9176
  1.9248   1.9324   1.9662   1.9882   2.0121   2.0436   2.0472   2.0524
  2.0631   2.0834   2.0868   2.1099   2.1275   2.1516   2.1687   2.1727
  2.1823   2.1851   2.1984   2.2133   2.2421   2.2481   2.2632   2.2706
  2.2970   2.3481   2.3629   2.3685   2.3989   2.4056   2.4181   2.4290
  2.4449   2.4682   2.4914   2.4974   2.5016   2.5108   2.5355   2.5507
  2.5975   2.5996   2.6014   2.6416   2.7154   2.7202   2.7319   2.7319
  2.7406   2.7608   2.7995   2.8134   2.8135   2.8261   2.8403   2.8945
  2.8946   2.8972   2.9114   2.9272   2.9322   2.9764   2.9935   2.9970
  3.0196   3.0508   3.0736   3.0918   3.0960   3.1263   3.1500   3.1795
  3.1810   3.2300   3.2907   3.2991   3.3191   3.3384   3.3498   3.3961
  3.4133   3.4165   3.4275   3.4495   3.4600   3.4837   3.5005   3.5236
  3.5505   3.5798   3.5829   3.6727   3.6807   3.7040   3.7493   3.7687
  3.7785   3.8271   3.8695   3.8832   3.9051   3.9308   3.9580   3.9783
  3.9807   4.0382   4.0548   4.0704   4.1212   4.1239   4.1681   4.2036
  4.2198   4.2986   4.3042   4.3121   4.3315   4.3651   4.3948   4.4603
  4.4754   4.5552   4.6586   4.6698   4.7340   4.7455   4.8136   4.8676
  4.8748   4.9173   4.9503   4.9524   5.0061   5.0483   5.0872   5.1113
  5.1513   5.1861   5.2057   5.2606   5.3148   5.3609   5.3890   5.3933
  5.4322   5.4487   5.4874   5.5515   5.5604   5.6005   5.6184   5.6200
  5.6429   5.6848   5.6865   5.7612   5.7772   5.8068   5.8113   5.8264
  5.8520   5.8560   5.8708   5.8817   5.9042   5.9095   5.9405   5.9451
  5.9487   5.9781   6.0036   6.0204   6.0300   6.0430   6.0468   6.0559
  6.0937   6.1071   6.1497   6.1521   6.1655   6.1764   6.2509   6.2658
  6.2718   6.3289   6.3425   6.3624   6.3802   6.3862   6.3904   6.4309
  6.4329   6.4701   6.4783   6.4810   6.4906   6.5184   6.5320   6.5682
  6.5820   6.5843   6.5948   6.6033   6.6631   6.7083   6.7426   6.7587
  6.7970   6.8317   6.8542   6.8612   6.9014   6.9866   7.0183   7.0346
  7.0561   7.0578   7.1246   7.1311   7.1426   7.2302   7.2716   7.2740
  7.2752   7.3182   7.3314   7.3384   7.3876   7.4099   7.4452   7.4512
  7.4642   7.4792   7.5149   7.5220   7.5903   7.5938   7.6227   7.6531
  7.6658   7.6821   7.7220   7.7343   7.7517   7.7802   7.7895   7.8420
  7.8443   7.8718   7.8755   7.9025   7.9044   7.9250   7.9603   8.0097
  8.0364   8.0708   8.0990   8.1704   8.2017   8.2823   8.2991   8.3098
  8.3212   8.3244   8.3538   8.3569   8.3639   8.3692   8.3878   8.4160
  8.4178   8.4548   8.4873   8.5168   8.5218   8.5581   8.5738   8.6304
  8.6861   8.7848   8.7973   8.8496   8.8499   8.8693   8.8988   8.9041
  8.9050   8.9345   8.9386   8.9431   8.9455   8.9975   8.9983   9.0067
  9.0675   9.0927   9.1271   9.2051   9.2407   9.2976   9.4462   9.5321
  9.5957   9.6048   9.6386   9.6514   9.7129   9.7332   9.7366   9.7376
  9.7499   9.8097   9.8582   9.8606   9.8812   9.9828   9.9864  10.0202
 10.0613  10.0721  10.1865  10.2041  10.2647  10.2985  10.3607  10.3769
 10.3998  10.4652  10.4758  10.7278  10.8330  10.8841  11.0725  11.0741
 11.1450  11.1563  11.4715  11.4895  11.5256  11.5588  11.6790  11.6804
 11.8526  11.9315  11.9477  11.9559  11.9560  11.9805  12.2122  12.2144
 12.2261  12.2529  12.4018  12.4099  13.1509  13.1721  13.1853  13.2227
 13.3959  13.5822  14.2623  14.2761  14.4143  14.4968  28.4177  28.6093
 29.1989  29.2489  48.4101  48.4524 149.2357 149.3731 150.0367 150.0853
255.8426 255.8912
 
 Beta MOs
 -- Occupied --
-19.3573 -19.3572 -10.4373 -10.4371 -10.3638 -10.3638  -1.1913  -1.1742
 -0.8856  -0.8778  -0.7532  -0.6197  -0.6071  -0.5765  -0.5756  -0.5420
 -0.5235  -0.5218  -0.4897  -0.4764  -0.4521  -0.3664
 -- Virtual --
 -0.1122   0.0012   0.0695   0.0820   0.1121   0.1231   0.1294   0.1305
  0.1487   0.1637   0.1657   0.1789   0.1822   0.1868   0.1869   0.2069
  0.2506   0.2655   0.2889   0.2893   0.3196   0.3265   0.3482   0.3634
  0.3667   0.3779   0.3790   0.3920   0.3955   0.3976   0.4180   0.4203
  0.4300   0.4508   0.4624   0.4860   0.4875   0.4899   0.5187   0.5778
  0.5785   0.6090   0.6190   0.6322   0.6456   0.6745   0.6766   0.6806
  0.6986   0.7101   0.7131   0.7375   0.7594   0.7674   0.7814   0.7823
  0.8238   0.8384   0.8418   0.8450   0.8523   0.8704   0.8770   0.8832
  0.8910   0.8970   0.9304   0.9467   0.9595   0.9744   0.9771   0.9807
  0.9882   1.0111   1.0296   1.0480   1.0884   1.0897   1.1008   1.1046
  1.1113   1.1302   1.1302   1.1963   1.1974   1.2000   1.2416   1.2624
  1.2737   1.3091   1.3926   1.4147   1.4266   1.4294   1.4366   1.4427
  1.4684   1.4882   1.4943   1.5175   1.5180   1.5181   1.5560   1.5853
  1.5871   1.5980   1.6263   1.6865   1.7460   1.7497   1.7664   1.7821
  1.8442   1.8541   1.8560   1.8580   1.8615   1.8930   1.8968   1.8983
  1.9206   1.9233   1.9339   1.9370   1.9720   1.9924   2.0207   2.0515
  2.0541   2.0581   2.0677   2.0902   2.0921   2.1202   2.1349   2.1570
  2.1797   2.1822   2.1875   2.1915   2.2049   2.2196   2.2453   2.2510
  2.2702   2.2796   2.3019   2.3529   2.3721   2.3761   2.4066   2.4128
  2.4269   2.4323   2.4536   2.4741   2.5005   2.5027   2.5090   2.5250
  2.5401   2.5540   2.6020   2.6049   2.6070   2.6453   2.7213   2.7310
  2.7353   2.7363   2.7469   2.7697   2.8033   2.8196   2.8224   2.8334
  2.8433   2.9020   2.9044   2.9053   2.9128   2.9307   2.9356   2.9821
  2.9981   3.0047   3.0300   3.0557   3.0917   3.0999   3.1011   3.1346
  3.1613   3.1848   3.1865   3.2411   3.2987   3.3108   3.3345   3.3433
  3.3646   3.4075   3.4219   3.4230   3.4356   3.4732   3.4734   3.4949
  3.5130   3.5304   3.5619   3.5955   3.5967   3.6837   3.6934   3.7186
  3.7600   3.7851   3.7898   3.8442   3.8761   3.8858   3.9087   3.9384
  3.9721   3.9977   4.0052   4.0544   4.0711   4.0993   4.1415   4.1558
  4.1880   4.2279   4.2323   4.3156   4.3184   4.3262   4.3538   4.3925
  4.4196   4.4772   4.4969   4.5715   4.6863   4.6913   4.7530   4.7619
  4.8278   4.8913   4.8981   4.9481   4.9815   4.9915   5.0232   5.1123
  5.1147   5.1349   5.1734   5.2163   5.2279   5.2796   5.3450   5.3882
  5.3990   5.4014   5.4475   5.4758   5.5126   5.5709   5.5744   5.6140
  5.6328   5.6498   5.6566   5.7003   5.7096   5.7755   5.7926   5.8266
  5.8378   5.8378   5.8626   5.8660   5.8845   5.8887   5.9153   5.9267
  5.9446   5.9538   5.9540   5.9927   6.0211   6.0346   6.0458   6.0556
  6.0558   6.0643   6.1060   6.1211   6.1651   6.1700   6.1846   6.1917
  6.2719   6.2776   6.2855   6.3402   6.3511   6.3715   6.3915   6.4025
  6.4051   6.4455   6.4639   6.4854   6.4903   6.4983   6.5077   6.5329
  6.5478   6.5859   6.6000   6.6095   6.6131   6.6177   6.6861   6.7274
  6.7674   6.7749   6.8093   6.8501   6.8682   6.8715   6.9290   6.9948
  7.0318   7.0476   7.0722   7.0789   7.1389   7.1491   7.1535   7.2443
  7.2882   7.2905   7.2923   7.3304   7.3423   7.3498   7.4011   7.4183
  7.4546   7.4683   7.4755   7.4960   7.5335   7.5387   7.6033   7.6051
  7.6307   7.6649   7.6722   7.6931   7.7386   7.7436   7.7626   7.7864
  7.7974   7.8506   7.8677   7.8800   7.8899   7.9126   7.9152   7.9342
  7.9749   8.0436   8.0492   8.0770   8.1135   8.1888   8.2169   8.3022
  8.3061   8.3219   8.3294   8.3329   8.3595   8.3642   8.3692   8.3748
  8.3938   8.4227   8.4277   8.4634   8.5025   8.5306   8.5363   8.5763
  8.5807   8.6393   8.7037   8.7988   8.8077   8.8577   8.8585   8.8778
  8.9078   8.9156   8.9166   8.9768   8.9916   8.9973   9.0040   9.0188
  9.0276   9.0311   9.0879   9.1314   9.1644   9.2490   9.2846   9.3216
  9.4837   9.5546   9.6158   9.6247   9.6577   9.6698   9.7374   9.7441
  9.7500   9.7513   9.7609   9.8219   9.8763   9.8789   9.9145  10.0048
 10.0052  10.0526  10.0874  10.0994  10.2107  10.2178  10.2872  10.3126
 10.3933  10.4068  10.4307  10.4740  10.4845  10.7694  10.8737  10.9219
 11.1583  11.1618  11.2290  11.2430  11.5246  11.5453  11.5726  11.6176
 11.7079  11.7106  11.8807  11.9732  11.9871  11.9920  11.9981  12.0074
 12.2638  12.3045  12.3101  12.3227  12.4955  12.5005  13.1968  13.2043
 13.2310  13.2476  13.4442  13.6371  14.3219  14.3495  14.4591  14.5288
 28.4325  28.6247  29.2044  29.2546  48.4325  48.4748 149.2384 149.3758
150.0379 150.0865 255.8528 255.9013
 --------------------------------------------------------------
 
          Ground-State Mulliken Net Atomic Charges

     Atom                 Charge (a.u.)    Spin (a.u.)
  --------------------------------------------------------
      1 C                    -0.233952       0.087902
      2 C                     0.063630       0.290752
      3 O                    -0.211433       0.611961
      4 C                     0.063608       0.290729
      5 C                    -0.233951       0.087907
      6 O                    -0.211312       0.612031
      7 H                     0.131540       0.004547
      8 H                     0.120081       0.000237
      9 H                     0.130085       0.004577
     10 H                     0.120075       0.000236
     11 H                     0.131542       0.004546
     12 H                     0.130087       0.004576
  --------------------------------------------------------
  Sum of atomic charges =     0.000000
  Sum of spin   charges =     2.000000

 -----------------------------------------------------------------
                    Cartesian Multipole Moments
 -----------------------------------------------------------------
    Charge (ESU x 10^10)
                 0.0000
    Dipole Moment (Debye)
         X       0.0004      Y      -0.0006      Z      -0.0006
       Tot       0.0009
    Quadrupole Moments (Debye-Ang)
        XX     -31.3672     XY       1.8198     YY     -39.1826
        XZ       4.5354     YZ      -4.1409     ZZ     -38.4759
    Octopole Moments (Debye-Ang^2)
       XXX      22.0394    XXY      10.6460    XYY       7.8430
       YYY      43.0915    XXZ     -15.7695    XYZ       0.0993
       YYZ     -14.0092    XZZ      12.9570    YZZ      10.5015
       ZZZ     -50.2114
    Hexadecapole Moments (Debye-Ang^3)
      XXXX    -398.6679   XXXY      36.2238   XXYY     -97.2113
      XYYY      33.1843   YYYY    -178.0046   XXXZ     -26.7936
      XXYZ     -13.9439   XYYZ      -3.3538   YYYZ     -28.9657
      XXZZ    -111.3400   XYZZ      13.0333   YYZZ     -68.6393
      XZZZ     -19.4697   YZZZ     -26.2645   ZZZZ    -242.9776
 -----------------------------------------------------------------
 Total job time:  45.24s(wall), 1392.70s(cpu) 
 Mon Jan  6 16:17:52 2025

        *************************************************************
        *                                                           *
        *  Thank you very much for using Q-Chem.  Have a nice day.  *
        *                                                           *
        *************************************************************


