
Running Job 1 of 2 ca11-r2-neutral-wb97xd-wB97mV-readSCF.in
qchem ca11-r2-neutral-wb97xd-wB97mV-readSCF.in_2419847.0 /expanse/lustre/scratch/whughes/temp_project/job_36180142/ca11-r2-neutral-wb97xd-wB97mV-readSCF-36180142/ 0
/cm/shared/apps/spack/0.17.3/cpu/b/opt/spack/linux-rocky8-zen2/gcc-10.2.0/qchem-6.0-rytxnwjazd34ekd2gqyi5ufsaimxsd3r/exe/qcprog.exe_s ca11-r2-neutral-wb97xd-wB97mV-readSCF.in_2419847.0 /expanse/lustre/scratch/whughes/temp_project/job_36180142/ca11-r2-neutral-wb97xd-wB97mV-readSCF-36180142/
                  Welcome to Q-Chem
     A Quantum Leap Into The Future Of Chemistry


 Q-Chem 6.0, Q-Chem, Inc., Pleasanton, CA (2022)

 License issued to: University of California, San Diego (site)

 E. Epifanovsky,  A. T. B. Gilbert,  Xintian Feng,  Joonho Lee,  Yuezhi Mao,  
 N. Mardirossian,  P. Pokhilko,  A. White,  M. Wormit,  M. P. Coons,  
 A. L. Dempwolff,  Zhengting Gan,  D. Hait,  P. R. Horn,  L. D. Jacobson,  
 I. Kaliman,  J. Kussmann,  A. W. Lange,  Ka Un Lao,  D. S. Levine,  Jie Liu,  
 S. C. McKenzie,  A. F. Morrison,  K. Nanda,  F. Plasser,  D. R. Rehn,  
 M. L. Vidal,  Zhi-Qiang You,  Ying Zhu,  B. Alam,  B. Albrecht,  
 A. Aldossary,  E. Alguire,  J. H. Andersen,  V. Athavale,  D. Barton,  
 K. Begam,  A. Behn,  N. Bellonzi,  Y. A. Bernard,  E. J. Berquist,  
 H. Burton,  A. Carreras,  K. Carter-Fenk,  Romit Chakraborty,  
 Chandrima Chakravarty,  Junhan Chen,  A. D. Chien,  K. D. Closser,  
 V. Cofer-Shabica,  L. Cunha,  S. Dasgupta,  Jia Deng,  M. de Wergifosse,  
 M. Diedenhofen,  Hainam Do,  S. Ehlert,  Po-Tung Fang,  S. Fatehi,  
 Qingguo Feng,  T. Friedhoff,  B. Ganoe,  J. Gayvert,  Qinghui Ge,  
 G. Gidofalvi,  M. Goldey,  J. Gomes,  C. Gonzalez-Espinoza,  S. Gulania,  
 A. Gunina,  J. A. Gyamfi,  M. W. D. Hanson-Heine,  P. H. P. Harbach,  
 A. W. Hauser,  M. F. Herbst,  M. Hernandez Vera,  M. Hodecker,  
 Z. C. Holden,  S. Houck,  Xunkun Huang,  Kerwin Hui,  B. C. Huynh,  
 K. Ikeda,  M. Ivanov,  Hyunjun Ji,  Zuxin Jin,  Hanjie Jiang,  B. Kaduk,  
 S. Kaehler,  R. Kang,  K. Khistyaev,  Jaehoon Kim,  Yongbin Kim,  
 P. Klunzinger,  Z. Koczor-Benda,  Joong Hoon Koh,  D. Kosenkov,  
 Saikiran Kotaru,  L. Koulias,  T. Kowalczyk,  C. M. Krauter,  K. Kue,  
 A. Kunitsa,  T. Kus,  A. Landau,  K. V. Lawler,  D. Lefrancois,  S. Lehtola,  
 Rain Li,  Shaozhi Li,  Yi-Pei Li,  Jiashu Liang,  M. Liebenthal,  
 Hung-Hsuan Lin,  You-Sheng Lin,  Fenglai Liu,  Kuan-Yu Liu,  
 M. Loipersberger,  A. Luenser,  C. Malbon,  A. Manjanath,  P. Manohar,  
 E. Mansoor,  S. F. Manzer,  Shan-Ping Mao,  A. V. Marenich,  T. Markovich,  
 S. Mason,  F. Matz,  S. A. Maurer,  P. F. McLaughlin,  M. F. S. J. Menger,  
 J.-M. Mewes,  S. A. Mewes,  P. Morgante,  Mohammad Mostafanejad,  
 J. W. Mullinax,  K. J. Oosterbaan,  G. Paran,  V. Parravicini,  
 Alexander C. Paul,  Suranjan K. Paul,  F. Pavosevic,  Zheng Pei,  S. Prager,  
 E. I. Proynov,  E. Ramos,  B. Rana,  A. E. Rask,  A. Rettig,  R. M. Richard,  
 F. Rob,  E. Rossomme,  T. Scheele,  M. Scheurer,  M. Schneider,  
 P. E. Schneider,  N. Sergueev,  S. M. Sharada,  Hengyuan Shen,  
 W. Skomorowski,  D. W. Small,  C. J. Stein,  Yingli Su,  Yu-Chuan Su,  
 E. J. Sundstrom,  Zhen Tao,  J. Thirman,  Hung-Yi Tsai,  T. Tsuchimochi,  
 N. M. Tubman,  C. Utku,  S. P. Veccham,  O. Vydrov,  J. Wenzel,  
 Jonathan Wong,  J. Witte,  A. Yamada,  Chou-Hsun Yang,  Kun Yao,  
 S. Yeganeh,  S. R. Yost,  A. Zech,  F. Zeller,  Igor Ying Zhang,  
 Xing Zhang,  Yu Zhang,  D. Zuev,  A. Aspuru-Guzik,  A. T. Bell,  
 N. A. Besley,  K. B. Bravaya,  B. R. Brooks,  D. Casanova,  Jeng-Da Chai,  
 Hsing-Ta Chen,  S. Coriani,  C. J. Cramer,  A. E. DePrince, III,  
 R. A. DiStasio Jr.,  A. Dreuw,  B. D. Dunietz,  T. R. Furlani,  
 W. A. Goddard III,  S. Grimme,  S. Hammes-Schiffer,  T. Head-Gordon,  
 W. J. Hehre,  Chao-Ping Hsu,  T.-C. Jagau,  Yousung Jung,  A. Klamt,  
 Jing Kong,  D. S. Lambrecht,  Xiangyuan Li,  WanZhen Liang,  N. J. Mayhall,  
 C. W. McCurdy,  J. B. Neaton,  T. Neudecker,  C. Ochsenfeld,  
 J. A. Parkhill,  R. Peverati,  V. A. Rassolov,  Haisheng Ren,  Yihan Shao,  
 L. V. Slipchenko,  R. P. Steele,  J. E. Subotnik,  A. J. W. Thom,  
 A. Tkatchenko,  D. G. Truhlar,  T. Van Voorhis,  Fan Wang,  
 T. A. Wesolowski,  K. B. Whaley,  H. L. Woodcock III,  P. M. Zimmerman,  
 S. Faraji,  P. M. W. Gill,  M. Head-Gordon,  J. M. Herbert,  A. I. Krylov

 Contributors to earlier versions of Q-Chem not listed above: 
 R. D. Adamson,  B. Austin,  R. Baer,  J. Baker,  G. J. O. Beran,  
 K. Brandhorst,  S. T. Brown,  E. F. C. Byrd,  Arup K. Chakraborty,  
 G. K. L. Chan,  Chun-Min Chang,  Yunqing Chen,  C.-L. Cheng,  
 Siu Hung Chien,  D. M. Chipman,  D. L. Crittenden,  H. Dachsel,  
 R. J. Doerksen,  A. D. Dutoi,  R. G. Edgar,  J. Fosso-Tande,  
 L. Fusti-Molnar,  D. Ghosh,  A. Ghysels,  A. Golubeva-Zadorozhnaya,  
 J. Gonthier,  M. S. Gordon,  S. R. Gwaltney,  G. Hawkins,  J. E. Herr,  
 A. Heyden,  S. Hirata,  E. G. Hohenstein,  G. Kedziora,  F. J. Keil,  
 C. Kelley,  Jihan Kim,  R. A. King,  R. Z. Khaliullin,  P. P. Korambath,  
 W. Kurlancheek,  A. Laurent,  A. M. Lee,  M. S. Lee,  S. V. Levchenko,  
 Ching Yeh Lin,  D. Liotard,  E. Livshits,  R. C. Lochan,  I. Lotan,  
 L. A. Martinez-Martinez,  P. E. Maslen,  N. Nair,  D. P. O'Neill,  
 D. Neuhauser,  E. Neuscamman,  C. M. Oana,  R. Olivares-Amaya,  R. Olson,  
 T. M. Perrine,  B. Peters,  P. A. Pieniazek,  A. Prociuk,  Y. M. Rhee,  
 J. Ritchie,  M. A. Rohrdanz,  E. Rosta,  N. J. Russ,  H. F. Schaefer III,  
 M. W. Schmidt,  N. E. Schultz,  S. Sharma,  N. Shenvi,  C. D. Sherrill,  
 A. C. Simmonett,  A. Sodt,  T. Stein,  D. Stuck,  K. S. Thanthiriwatte,  
 V. Vanovschi,  L. Vogt,  Tao Wang,  A. Warshel,  M. A. Watson,  
 C. F. Williams,  Q. Wu,  X. Xu,  Jun Yang,  W. Zhang,  Yan Zhao

   Please cite Q-Chem as follows:
  "Software for the frontiers of quantum chemistry:
   An overview of developments in the Q-Chem 5 package"
   J. Chem. Phys. 155, 084801 (2021)
   https://doi.org/10.1063/5.0055522 (open access)

 Q-Chem 6.0.2 for Intel X86 EM64T Linux

 Parts of Q-Chem use Armadillo 9.900.5 (Nocturnal Misbehaviour).
 http://arma.sourceforge.net/

 Q-Chem begins on Mon Jan  6 16:06:13 2025  

 Host: 
0

     Scratch files written to /expanse/lustre/scratch/whughes/temp_project/job_36180142/ca11-r2-neutral-wb97xd-wB97mV-readSCF-36180142//
 Dec722 |scratch|qcdevops|jenkins|workspace|build_RNUM    
 Processing $rem in /cm/shared/apps/spack/0.17.3/cpu/b/opt/spack/linux-rocky8-zen2/gcc-10.2.0/qchem-6.0-rytxnwjazd34ekd2gqyi5ufsaimxsd3r/config/preferences:
 Processing $rem in /home/whughes/.qchemrc:

 Checking the input file for inconsistencies... 	...done.

--------------------------------------------------------------
User input:
--------------------------------------------------------------
$molecule
0 1
C    0.1444199955    -0.8129466449   0.6331348743
C    -0.8475777661   0.0597434566    0.6005745789
O    1.0423593369    -0.4925035456   -0.3546035353
O    -0.6072036409   0.9586833142    -0.4088420169
C    0.5676312682    0.6080594833    -0.9959288125
O    1.0847155052    1.1619048043    -1.903132734
H    0.3590410416    -1.6661648615   1.248946889
H    -1.7433857405   0.1832229936    1.1798507565
$end

$rem
METHOD      PBE0
BASIS       def2-QZVPP
SYM_IGNORE   TRUE
DFT_D       D3
MAX_SCF_CYCLES 300
$end

--------------------------------------------------------------
 Adding empirical dispersion correction 
 ----------------------------------------------------------------
 Doing -D3(OP) with
 s6  =   0.91826
 s8  =   0.00000
 a1  =   0.20000
 a2  =   4.75000
 pow =   12.00000
 -D3 energy without 3body term =     -0.0014152221 hartrees
 ----------------------------------------------------------------
             Standard Nuclear Orientation (Angstroms)
    I     Atom           X                Y                Z
 ----------------------------------------------------------------
    1      C       0.1444199955    -0.8129466449     0.6331348743
    2      C      -0.8475777661     0.0597434566     0.6005745789
    3      O       1.0423593369    -0.4925035456    -0.3546035353
    4      O      -0.6072036409     0.9586833142    -0.4088420169
    5      C       0.5676312682     0.6080594833    -0.9959288125
    6      O       1.0847155052     1.1619048043    -1.9031327340
    7      H       0.3590410416    -1.6661648615     1.2489468890
    8      H      -1.7433857405     0.1832229936     1.1798507565
 ----------------------------------------------------------------
 Nuclear Repulsion Energy =         230.82250002 hartrees
 There are       22 alpha and       22 beta electrons
 Requested basis set is def2-QZVPP
 There are 122 shells and 402 basis functions

 Total QAlloc Memory Limit   8000 MB
 Mega-Array Size       188 MB
 MEM_STATIC part       192 MB


                       Distance Matrix (Angstroms)
             C (  1)   C (  2)   O (  3)   O (  4)   C (  5)   O (  6)
   C (  2)  1.321631
   O (  3)  1.372810  2.188425
   O (  4)  2.188453  1.372878  2.197713
   C (  5)  2.202774  2.202791  1.359376  1.359355
   O (  6)  3.349156  3.349189  2.266452  2.266450  1.182007
   H (  7)  1.073903  2.203424  2.101375  3.251418  3.202354  4.296532
   H (  8)  2.203421  1.073909  3.251389  2.101474  3.202390  4.296599
             H (  7)
   H (  8)  2.800930
 
 A cutoff of  1.0D-09 yielded   6563 shell pairs
 There are     73519 function pairs (    114835 Cartesian)
 Smallest overlap matrix eigenvalue = 5.49E-05

 Scale SEOQF with 1.000000e-01/1.000000e-01/1.000000e-01

 Standard Electronic Orientation quadrupole field applied
 Nucleus-field energy     =    -0.0000000016 hartrees
 Guess from superposition of atomic densities
 Warning:  Energy on first SCF cycle will be non-variational
 SAD guess density has 44.000000 electrons

 -----------------------------------------------------------------------
  General SCF calculation program by
  Eric Jon Sundstrom, Paul Horn, Yuezhi Mao, Dmitri Zuev, Alec White,
  David Stuck, Shaama M.S., Shane Yost, Joonho Lee, David Small,
  Daniel Levine, Susi Lehtola, Hugh Burton, Evgeny Epifanovsky,
  Bang C. Huynh
 -----------------------------------------------------------------------
 Exchange:     0.2500 Hartree-Fock + 0.7500 PBE
 Correlation:  1.0000 PBE
 Using SG-1 standard quadrature grid
 Dispersion:   Grimme D3
 using 32 threads for integral computing
 -------------------------------------------------------
 OpenMP Integral computing Module                
 Release: version 1.0, May 2013, Q-Chem Inc. Pittsburgh 
 -------------------------------------------------------
 A restricted SCF calculation will be
 performed using DIIS
 SCF converges when DIIS error is below 1.0e-05
 ---------------------------------------
  Cycle       Energy         DIIS error
 ---------------------------------------
    1    -342.4259541536      2.18e-02  
    2    -340.8588693785      2.70e-03  
    3    -340.6339904678      4.83e-03  
    4    -340.9570335321      7.54e-04  
    5    -340.9648785918      2.64e-04  
    6    -340.9657552036      5.95e-05  
    7    -340.9658086221      1.86e-05  
    8    -340.9658137039      4.25e-06  Convergence criterion met
 ---------------------------------------
 SCF time:   CPU 626.25s  wall 20.00s 
 SCF   energy in the final basis set =     -340.9658137039
 Total energy in the final basis set =     -340.9658137039
 
 --------------------------------------------------------------
 
                    Orbital Energies (a.u.)
 --------------------------------------------------------------
 
 Alpha MOs
 -- Occupied --
-19.3039 -19.3039 -19.2081 -10.4125 -10.3145 -10.3135  -1.2352  -1.1162
 -1.0962  -0.8247  -0.7070  -0.6757  -0.5830  -0.5544  -0.5269  -0.4796
 -0.4552  -0.4326  -0.4273  -0.4016  -0.3346  -0.2756
 -- Virtual --
 -0.0071   0.0261   0.0323   0.0408   0.0549   0.0997   0.1069   0.1099
  0.1510   0.1646   0.1714   0.1778   0.1825   0.2297   0.2422   0.2513
  0.2638   0.2738   0.3144   0.3253   0.3510   0.3557   0.3615   0.3713
  0.3899   0.3942   0.3950   0.4222   0.4515   0.4616   0.4691   0.4946
  0.5593   0.5632   0.5681   0.5709   0.6091   0.6447   0.6620   0.6710
  0.7093   0.7223   0.7314   0.7357   0.7762   0.7885   0.8159   0.8200
  0.8267   0.8353   0.8494   0.8646   0.8692   0.9162   0.9236   0.9933
  0.9983   1.0078   1.0150   1.0319   1.0808   1.1176   1.1222   1.1838
  1.1869   1.2467   1.2588   1.2709   1.3290   1.3460   1.4086   1.4094
  1.4097   1.4417   1.4458   1.4807   1.5038   1.5119   1.5320   1.5631
  1.5781   1.5959   1.6010   1.6247   1.6270   1.6916   1.7491   1.7535
  1.7732   1.7999   1.8199   1.8365   1.8478   1.8909   1.9138   1.9284
  1.9490   1.9936   1.9986   2.0040   2.0362   2.0509   2.0756   2.0958
  2.1362   2.1740   2.1753   2.1848   2.2044   2.2078   2.2392   2.2906
  2.3093   2.3139   2.3169   2.3196   2.3305   2.3763   2.3788   2.3802
  2.4831   2.5025   2.5192   2.5456   2.5740   2.5948   2.6491   2.7005
  2.7179   2.7580   2.7632   2.7915   2.8199   2.8591   2.8850   2.8910
  2.9450   2.9636   3.0556   3.1313   3.1751   3.2629   3.2632   3.2759
  3.2923   3.3398   3.3534   3.4047   3.4207   3.4867   3.4927   3.4932
  3.5259   3.5656   3.6986   3.7275   3.7716   3.7830   3.8049   3.8192
  3.8647   3.8989   3.9326   3.9637   3.9731   3.9885   4.0735   4.1173
  4.1555   4.1920   4.2182   4.2378   4.2449   4.2660   4.3146   4.3499
  4.4184   4.4687   4.4775   4.4778   4.4935   4.4963   4.5721   4.5750
  4.5961   4.6398   4.7439   4.7745   4.7951   4.8288   4.8648   4.8924
  4.9130   4.9319   4.9519   5.0347   5.0880   5.0923   5.1681   5.1790
  5.1935   5.2473   5.3245   5.3256   5.3338   5.4093   5.4222   5.4826
  5.4973   5.4985   5.5629   5.5803   5.5942   5.6940   5.7011   5.7360
  5.7550   5.7967   5.8014   5.8661   5.8736   5.9428   5.9615   5.9627
  5.9767   5.9960   6.0067   6.0169   6.0283   6.0563   6.1272   6.1567
  6.1713   6.1982   6.2360   6.2413   6.2991   6.3128   6.3176   6.3536
  6.4481   6.4537   6.4727   6.5301   6.5701   6.6543   6.6592   6.7319
  6.7500   6.7543   6.7928   6.8069   6.8507   6.8528   7.0108   7.0403
  7.0953   7.1084   7.1903   7.1987   7.2973   7.4318   7.4654   7.4922
  7.5626   7.5651   7.6170   7.6345   7.7148   7.7888   7.8270   7.8840
  7.8910   7.9887   8.0777   8.1192   8.1451   8.1714   8.2647   8.2701
  8.3631   8.3952   8.4980   8.5245   8.5919   8.6052   8.6493   8.6798
  8.8368   8.8850   8.8946   8.9960   9.0579   9.0695   9.0700   9.1276
  9.1705   9.2152   9.2241   9.4015   9.5264   9.5383   9.5705   9.7022
  9.7177   9.7222   9.7345   9.7697   9.8021   9.8436   9.8459   9.9445
  9.9961  10.0867  10.1267  10.1342  10.3481  10.3958  10.4170  10.4889
 10.5242  10.5915  10.8019  10.8858  11.0162  11.0465  11.1815  11.2698
 11.3587  11.4817  11.4968  11.4997  11.5161  11.5423  11.6270  11.6596
 11.6829  11.7863  11.7916  11.8998  11.9110  11.9175  12.0951  12.0960
 12.1610  12.2291  12.2770  12.3142  12.3617  12.4375  12.5230  12.5891
 12.6407  12.6645  12.6991  12.7520  12.8129  13.0641  13.3095  13.3178
 13.3828  13.7648  13.8600  13.9976  14.0819  14.4779  14.6534  14.7856
 28.2710  28.6031  29.3716  48.1854  48.2686  48.2787 147.3727 147.7513
148.5475 253.3699 253.4718 253.4724
 --------------------------------------------------------------
 
          Ground-State Mulliken Net Atomic Charges

     Atom                 Charge (a.u.)
  ----------------------------------------
      1 C                     0.065432
      2 C                     0.066968
      3 O                    -0.267380
      4 O                    -0.267586
      5 C                     0.470812
      6 O                    -0.298396
      7 H                     0.115281
      8 H                     0.114868
  ----------------------------------------
  Sum of atomic charges =     0.000000

 -----------------------------------------------------------------
                    Cartesian Multipole Moments
 -----------------------------------------------------------------
    Charge (ESU x 10^10)
                 0.0000
    Dipole Moment (Debye)
         X      -2.0175      Y      -2.1611      Z       3.5396
       Tot       4.6118
    Quadrupole Moments (Debye-Ang)
        XX     -33.7001     XY      -1.4614     YY     -33.9420
        XZ       1.8557     YZ       1.9628     ZZ     -36.2662
    Octopole Moments (Debye-Ang^2)
       XXX     -27.3139    XXY      -7.4629    XYY      -6.2216
       YYY     -27.8782    XXZ      19.5032    XYZ       1.9375
       YYZ      19.6250    XZZ     -14.9053    YZZ     -16.5490
       ZZZ      45.8579
    Hexadecapole Moments (Debye-Ang^3)
      XXXX    -157.4231   XXXY      -7.6498   XXYY     -55.9179
      XYYY      -8.6562   YYYY    -153.5025   XXXZ      53.9076
      XXYZ      25.2459   XYYZ      24.1981   YYYZ      61.3597
      XXZZ     -68.6131   XYZZ     -10.5517   YYZZ     -68.7609
      XZZZ      66.1141   YZZZ      72.4413   ZZZZ    -247.0924
 -----------------------------------------------------------------
 Total job time:  22.14s(wall), 653.41s(cpu) 
 Mon Jan  6 16:06:35 2025

        *************************************************************
        *                                                           *
        *  Thank you very much for using Q-Chem.  Have a nice day.  *
        *                                                           *
        *************************************************************



Running Job 2 of 2 ca11-r2-neutral-wb97xd-wB97mV-readSCF.in
qchem ca11-r2-neutral-wb97xd-wB97mV-readSCF.in_2419847.1 /expanse/lustre/scratch/whughes/temp_project/job_36180142/ca11-r2-neutral-wb97xd-wB97mV-readSCF-36180142/ 0
/cm/shared/apps/spack/0.17.3/cpu/b/opt/spack/linux-rocky8-zen2/gcc-10.2.0/qchem-6.0-rytxnwjazd34ekd2gqyi5ufsaimxsd3r/exe/qcprog.exe_s ca11-r2-neutral-wb97xd-wB97mV-readSCF.in_2419847.1 /expanse/lustre/scratch/whughes/temp_project/job_36180142/ca11-r2-neutral-wb97xd-wB97mV-readSCF-36180142/
                  Welcome to Q-Chem
     A Quantum Leap Into The Future Of Chemistry


 Q-Chem 6.0, Q-Chem, Inc., Pleasanton, CA (2022)

 License issued to: University of California, San Diego (site)

 E. Epifanovsky,  A. T. B. Gilbert,  Xintian Feng,  Joonho Lee,  Yuezhi Mao,  
 N. Mardirossian,  P. Pokhilko,  A. White,  M. Wormit,  M. P. Coons,  
 A. L. Dempwolff,  Zhengting Gan,  D. Hait,  P. R. Horn,  L. D. Jacobson,  
 I. Kaliman,  J. Kussmann,  A. W. Lange,  Ka Un Lao,  D. S. Levine,  Jie Liu,  
 S. C. McKenzie,  A. F. Morrison,  K. Nanda,  F. Plasser,  D. R. Rehn,  
 M. L. Vidal,  Zhi-Qiang You,  Ying Zhu,  B. Alam,  B. Albrecht,  
 A. Aldossary,  E. Alguire,  J. H. Andersen,  V. Athavale,  D. Barton,  
 K. Begam,  A. Behn,  N. Bellonzi,  Y. A. Bernard,  E. J. Berquist,  
 H. Burton,  A. Carreras,  K. Carter-Fenk,  Romit Chakraborty,  
 Chandrima Chakravarty,  Junhan Chen,  A. D. Chien,  K. D. Closser,  
 V. Cofer-Shabica,  L. Cunha,  S. Dasgupta,  Jia Deng,  M. de Wergifosse,  
 M. Diedenhofen,  Hainam Do,  S. Ehlert,  Po-Tung Fang,  S. Fatehi,  
 Qingguo Feng,  T. Friedhoff,  B. Ganoe,  J. Gayvert,  Qinghui Ge,  
 G. Gidofalvi,  M. Goldey,  J. Gomes,  C. Gonzalez-Espinoza,  S. Gulania,  
 A. Gunina,  J. A. Gyamfi,  M. W. D. Hanson-Heine,  P. H. P. Harbach,  
 A. W. Hauser,  M. F. Herbst,  M. Hernandez Vera,  M. Hodecker,  
 Z. C. Holden,  S. Houck,  Xunkun Huang,  Kerwin Hui,  B. C. Huynh,  
 K. Ikeda,  M. Ivanov,  Hyunjun Ji,  Zuxin Jin,  Hanjie Jiang,  B. Kaduk,  
 S. Kaehler,  R. Kang,  K. Khistyaev,  Jaehoon Kim,  Yongbin Kim,  
 P. Klunzinger,  Z. Koczor-Benda,  Joong Hoon Koh,  D. Kosenkov,  
 Saikiran Kotaru,  L. Koulias,  T. Kowalczyk,  C. M. Krauter,  K. Kue,  
 A. Kunitsa,  T. Kus,  A. Landau,  K. V. Lawler,  D. Lefrancois,  S. Lehtola,  
 Rain Li,  Shaozhi Li,  Yi-Pei Li,  Jiashu Liang,  M. Liebenthal,  
 Hung-Hsuan Lin,  You-Sheng Lin,  Fenglai Liu,  Kuan-Yu Liu,  
 M. Loipersberger,  A. Luenser,  C. Malbon,  A. Manjanath,  P. Manohar,  
 E. Mansoor,  S. F. Manzer,  Shan-Ping Mao,  A. V. Marenich,  T. Markovich,  
 S. Mason,  F. Matz,  S. A. Maurer,  P. F. McLaughlin,  M. F. S. J. Menger,  
 J.-M. Mewes,  S. A. Mewes,  P. Morgante,  Mohammad Mostafanejad,  
 J. W. Mullinax,  K. J. Oosterbaan,  G. Paran,  V. Parravicini,  
 Alexander C. Paul,  Suranjan K. Paul,  F. Pavosevic,  Zheng Pei,  S. Prager,  
 E. I. Proynov,  E. Ramos,  B. Rana,  A. E. Rask,  A. Rettig,  R. M. Richard,  
 F. Rob,  E. Rossomme,  T. Scheele,  M. Scheurer,  M. Schneider,  
 P. E. Schneider,  N. Sergueev,  S. M. Sharada,  Hengyuan Shen,  
 W. Skomorowski,  D. W. Small,  C. J. Stein,  Yingli Su,  Yu-Chuan Su,  
 E. J. Sundstrom,  Zhen Tao,  J. Thirman,  Hung-Yi Tsai,  T. Tsuchimochi,  
 N. M. Tubman,  C. Utku,  S. P. Veccham,  O. Vydrov,  J. Wenzel,  
 Jonathan Wong,  J. Witte,  A. Yamada,  Chou-Hsun Yang,  Kun Yao,  
 S. Yeganeh,  S. R. Yost,  A. Zech,  F. Zeller,  Igor Ying Zhang,  
 Xing Zhang,  Yu Zhang,  D. Zuev,  A. Aspuru-Guzik,  A. T. Bell,  
 N. A. Besley,  K. B. Bravaya,  B. R. Brooks,  D. Casanova,  Jeng-Da Chai,  
 Hsing-Ta Chen,  S. Coriani,  C. J. Cramer,  A. E. DePrince, III,  
 R. A. DiStasio Jr.,  A. Dreuw,  B. D. Dunietz,  T. R. Furlani,  
 W. A. Goddard III,  S. Grimme,  S. Hammes-Schiffer,  T. Head-Gordon,  
 W. J. Hehre,  Chao-Ping Hsu,  T.-C. Jagau,  Yousung Jung,  A. Klamt,  
 Jing Kong,  D. S. Lambrecht,  Xiangyuan Li,  WanZhen Liang,  N. J. Mayhall,  
 C. W. McCurdy,  J. B. Neaton,  T. Neudecker,  C. Ochsenfeld,  
 J. A. Parkhill,  R. Peverati,  V. A. Rassolov,  Haisheng Ren,  Yihan Shao,  
 L. V. Slipchenko,  R. P. Steele,  J. E. Subotnik,  A. J. W. Thom,  
 A. Tkatchenko,  D. G. Truhlar,  T. Van Voorhis,  Fan Wang,  
 T. A. Wesolowski,  K. B. Whaley,  H. L. Woodcock III,  P. M. Zimmerman,  
 S. Faraji,  P. M. W. Gill,  M. Head-Gordon,  J. M. Herbert,  A. I. Krylov

 Contributors to earlier versions of Q-Chem not listed above: 
 R. D. Adamson,  B. Austin,  R. Baer,  J. Baker,  G. J. O. Beran,  
 K. Brandhorst,  S. T. Brown,  E. F. C. Byrd,  Arup K. Chakraborty,  
 G. K. L. Chan,  Chun-Min Chang,  Yunqing Chen,  C.-L. Cheng,  
 Siu Hung Chien,  D. M. Chipman,  D. L. Crittenden,  H. Dachsel,  
 R. J. Doerksen,  A. D. Dutoi,  R. G. Edgar,  J. Fosso-Tande,  
 L. Fusti-Molnar,  D. Ghosh,  A. Ghysels,  A. Golubeva-Zadorozhnaya,  
 J. Gonthier,  M. S. Gordon,  S. R. Gwaltney,  G. Hawkins,  J. E. Herr,  
 A. Heyden,  S. Hirata,  E. G. Hohenstein,  G. Kedziora,  F. J. Keil,  
 C. Kelley,  Jihan Kim,  R. A. King,  R. Z. Khaliullin,  P. P. Korambath,  
 W. Kurlancheek,  A. Laurent,  A. M. Lee,  M. S. Lee,  S. V. Levchenko,  
 Ching Yeh Lin,  D. Liotard,  E. Livshits,  R. C. Lochan,  I. Lotan,  
 L. A. Martinez-Martinez,  P. E. Maslen,  N. Nair,  D. P. O'Neill,  
 D. Neuhauser,  E. Neuscamman,  C. M. Oana,  R. Olivares-Amaya,  R. Olson,  
 T. M. Perrine,  B. Peters,  P. A. Pieniazek,  A. Prociuk,  Y. M. Rhee,  
 J. Ritchie,  M. A. Rohrdanz,  E. Rosta,  N. J. Russ,  H. F. Schaefer III,  
 M. W. Schmidt,  N. E. Schultz,  S. Sharma,  N. Shenvi,  C. D. Sherrill,  
 A. C. Simmonett,  A. Sodt,  T. Stein,  D. Stuck,  K. S. Thanthiriwatte,  
 V. Vanovschi,  L. Vogt,  Tao Wang,  A. Warshel,  M. A. Watson,  
 C. F. Williams,  Q. Wu,  X. Xu,  Jun Yang,  W. Zhang,  Yan Zhao

   Please cite Q-Chem as follows:
  "Software for the frontiers of quantum chemistry:
   An overview of developments in the Q-Chem 5 package"
   J. Chem. Phys. 155, 084801 (2021)
   https://doi.org/10.1063/5.0055522 (open access)

 Q-Chem 6.0.2 for Intel X86 EM64T Linux

 Parts of Q-Chem use Armadillo 9.900.5 (Nocturnal Misbehaviour).
 http://arma.sourceforge.net/

 Q-Chem begins on Mon Jan  6 16:06:35 2025  

 Host: 
0

     Scratch files written to /expanse/lustre/scratch/whughes/temp_project/job_36180142/ca11-r2-neutral-wb97xd-wB97mV-readSCF-36180142//
 Dec722 |scratch|qcdevops|jenkins|workspace|build_RNUM    
 Processing $rem in /cm/shared/apps/spack/0.17.3/cpu/b/opt/spack/linux-rocky8-zen2/gcc-10.2.0/qchem-6.0-rytxnwjazd34ekd2gqyi5ufsaimxsd3r/config/preferences:
 Processing $rem in /home/whughes/.qchemrc:

 Checking the input file for inconsistencies... 	...done.

--------------------------------------------------------------
User input:
--------------------------------------------------------------

$molecule
0 1
C    0.1444199955    -0.8129466449   0.6331348743
C    -0.8475777661   0.0597434566    0.6005745789
O    1.0423593369    -0.4925035456   -0.3546035353
O    -0.6072036409   0.9586833142    -0.4088420169
C    0.5676312682    0.6080594833    -0.9959288125
O    1.0847155052    1.1619048043    -1.903132734
H    0.3590410416    -1.6661648615   1.248946889
H    -1.7433857405   0.1832229936    1.1798507565
$end

$rem
METHOD      wB97M-V
BASIS       def2-QZVPP
SYM_IGNORE   TRUE
DFT_D       false
SCF_GUESS   read
MAX_SCF_CYCLES 300
$end
--------------------------------------------------------------
 ----------------------------------------------------------------
             Standard Nuclear Orientation (Angstroms)
    I     Atom           X                Y                Z
 ----------------------------------------------------------------
    1      C       0.1444199955    -0.8129466449     0.6331348743
    2      C      -0.8475777661     0.0597434566     0.6005745789
    3      O       1.0423593369    -0.4925035456    -0.3546035353
    4      O      -0.6072036409     0.9586833142    -0.4088420169
    5      C       0.5676312682     0.6080594833    -0.9959288125
    6      O       1.0847155052     1.1619048043    -1.9031327340
    7      H       0.3590410416    -1.6661648615     1.2489468890
    8      H      -1.7433857405     0.1832229936     1.1798507565
 ----------------------------------------------------------------
 Nuclear Repulsion Energy =         230.82391524 hartrees
 There are       22 alpha and       22 beta electrons
 Requested basis set is def2-QZVPP
 There are 122 shells and 402 basis functions

 Total QAlloc Memory Limit   8000 MB
 Mega-Array Size       188 MB
 MEM_STATIC part       192 MB


                       Distance Matrix (Angstroms)
             C (  1)   C (  2)   O (  3)   O (  4)   C (  5)   O (  6)
   C (  2)  1.321631
   O (  3)  1.372810  2.188425
   O (  4)  2.188453  1.372878  2.197713
   C (  5)  2.202774  2.202791  1.359376  1.359355
   O (  6)  3.349156  3.349189  2.266452  2.266450  1.182007
   H (  7)  1.073903  2.203424  2.101375  3.251418  3.202354  4.296532
   H (  8)  2.203421  1.073909  3.251389  2.101474  3.202390  4.296599
             H (  7)
   H (  8)  2.800930
 
 A cutoff of  1.0D-09 yielded   6563 shell pairs
 There are     73519 function pairs (    114835 Cartesian)
 Smallest overlap matrix eigenvalue = 5.49E-05

 Scale SEOQF with 1.000000e-01/1.000000e-01/1.000000e-01

 Standard Electronic Orientation quadrupole field applied
 Nucleus-field energy     =    -0.0000000016 hartrees
 Guess MOs from SCF MO coefficient file

 -----------------------------------------------------------------------
  General SCF calculation program by
  Eric Jon Sundstrom, Paul Horn, Yuezhi Mao, Dmitri Zuev, Alec White,
  David Stuck, Shaama M.S., Shane Yost, Joonho Lee, David Small,
  Daniel Levine, Susi Lehtola, Hugh Burton, Evgeny Epifanovsky,
  Bang C. Huynh
 -----------------------------------------------------------------------
 Exchange:     0.1500 Hartree-Fock + 1.0000 wB97M-V + LR-HF
 Correlation:  1.0000 wB97M-V
 Using SG-2 standard quadrature grid
 Nonlocal Correlation:  VV10 with C = 0.0100 and b = 6.00 and scale = 1.00000
 Grid used for NLC:  SG-1 standard quadrature
 using 32 threads for integral computing
 -------------------------------------------------------
 OpenMP Integral computing Module                
 Release: version 1.0, May 2013, Q-Chem Inc. Pittsburgh 
 -------------------------------------------------------
 A restricted SCF calculation will be
 performed using DIIS
 SCF converges when DIIS error is below 1.0e-05
 ---------------------------------------
  Cycle       Energy         DIIS error
 ---------------------------------------
    1    -341.2283357357      2.92e-03  
    2    -341.2331617239      1.17e-04  
    3    -341.2332210438      5.07e-05  
    4    -341.2332555184      2.11e-05  
    5    -341.2332615425      5.08e-06  Convergence criterion met
 ---------------------------------------
 SCF time:   CPU 558.28s  wall 17.00s 
 SCF   energy in the final basis set =     -341.2332615425
 Total energy in the final basis set =     -341.2332615425
 
 --------------------------------------------------------------
 
                    Orbital Energies (a.u.)
 --------------------------------------------------------------
 
 Alpha MOs
 -- Occupied --
-19.4237 -19.4236 -19.3309 -10.5363 -10.4325 -10.4315  -1.3336  -1.2152
 -1.1959  -0.9235  -0.8016  -0.7712  -0.6767  -0.6528  -0.6165  -0.5724
 -0.5449  -0.5228  -0.5170  -0.4929  -0.4245  -0.3567
 -- Virtual --
  0.0698   0.0702   0.0875   0.0936   0.1112   0.1430   0.1462   0.1512
  0.1964   0.1979   0.2064   0.2220   0.2509   0.2861   0.2976   0.2981
  0.3183   0.3244   0.3728   0.3774   0.4039   0.4097   0.4114   0.4206
  0.4424   0.4558   0.4621   0.4695   0.5076   0.5214   0.5270   0.5581
  0.6275   0.6297   0.6305   0.6426   0.6697   0.7105   0.7276   0.7375
  0.7740   0.7897   0.7903   0.7910   0.8380   0.8446   0.8748   0.8786
  0.8813   0.8951   0.9058   0.9223   0.9325   0.9687   0.9783   1.0469
  1.0628   1.0664   1.0714   1.0817   1.1474   1.1783   1.1793   1.2486
  1.2706   1.3019   1.3218   1.3531   1.4035   1.4164   1.4580   1.4847
  1.4867   1.5071   1.5161   1.5460   1.5759   1.5776   1.5978   1.6323
  1.6508   1.6584   1.6713   1.6954   1.6957   1.7627   1.8132   1.8151
  1.8391   1.8651   1.8967   1.9030   1.9141   1.9512   1.9772   2.0013
  2.0072   2.0611   2.0682   2.0702   2.0979   2.1089   2.1400   2.1594
  2.2049   2.2376   2.2428   2.2507   2.2634   2.2684   2.3054   2.3530
  2.3762   2.3773   2.3785   2.3838   2.3977   2.4321   2.4411   2.4449
  2.5483   2.5683   2.5851   2.6000   2.6337   2.6543   2.7042   2.7618
  2.7808   2.8257   2.8291   2.8544   2.8958   2.9433   2.9487   2.9557
  3.0138   3.0241   3.1276   3.1922   3.2476   3.3247   3.3402   3.3534
  3.3534   3.3910   3.4252   3.4780   3.4916   3.5460   3.5593   3.5673
  3.5891   3.6297   3.7765   3.7945   3.8530   3.8535   3.8824   3.8876
  3.9503   3.9711   3.9745   4.0398   4.0524   4.0681   4.1422   4.1890
  4.2302   4.2550   4.2986   4.3194   4.3252   4.3395   4.3917   4.4197
  4.4879   4.5455   4.5571   4.5576   4.5637   4.5690   4.6425   4.6449
  4.6758   4.7009   4.8167   4.8403   4.8583   4.9113   4.9168   4.9444
  4.9735   4.9910   5.0422   5.1054   5.1454   5.1551   5.2349   5.2413
  5.2749   5.2963   5.3644   5.3893   5.3988   5.4759   5.4833   5.5477
  5.5547   5.5617   5.6327   5.6353   5.6449   5.7463   5.7476   5.7779
  5.7877   5.8456   5.8673   5.9085   5.9160   5.9808   5.9826   6.0095
  6.0146   6.0239   6.0487   6.0527   6.0932   6.1128   6.1778   6.2019
  6.2325   6.2445   6.2791   6.2862   6.3392   6.3596   6.3598   6.3923
  6.4789   6.4963   6.5133   6.5575   6.6202   6.6858   6.7276   6.7832
  6.7922   6.8071   6.8546   6.8548   6.8951   6.8985   7.0487   7.0611
  7.1518   7.1683   7.2327   7.2492   7.3356   7.4649   7.4948   7.5101
  7.6132   7.6189   7.6503   7.6561   7.7600   7.8055   7.8637   7.9024
  7.9184   8.0041   8.1082   8.1214   8.1641   8.1749   8.2767   8.2780
  8.4086   8.4279   8.4407   8.5817   8.6482   8.6491   8.6635   8.6783
  8.8401   8.9787   8.9875   9.0074   9.0096   9.1326   9.1635   9.2118
  9.2500   9.2769   9.3142   9.4779   9.5074   9.5430   9.6031   9.7444
  9.7633   9.7912   9.7944   9.8420   9.8674   9.8892   9.9069  10.0118
 10.0576  10.1286  10.1715  10.2125  10.3511  10.4318  10.4890  10.4952
 10.5720  10.6212  10.8738  10.9276  11.1206  11.1482  11.2352  11.3189
 11.4587  11.5592  11.5825  11.5994  11.6019  11.6450  11.6978  11.7632
 11.7864  11.8823  11.8949  12.0026  12.0111  12.0206  12.1568  12.1937
 12.2785  12.3258  12.3718  12.4249  12.4788  12.5549  12.5908  12.6903
 12.7045  12.7791  12.7890  12.8094  12.8406  13.0415  13.4240  13.4306
 13.4913  13.8765  13.9729  14.1056  14.2032  14.5959  14.7705  14.8978
 28.3982  28.7315  29.4944  48.4090  48.4936  48.5023 149.1193 149.5005
150.3065 255.8353 255.9380 255.9407
 --------------------------------------------------------------
 
          Ground-State Mulliken Net Atomic Charges

     Atom                 Charge (a.u.)
  ----------------------------------------
      1 C                     0.016956
      2 C                     0.015906
      3 O                    -0.248394
      4 O                    -0.248314
      5 C                     0.389691
      6 O                    -0.253246
      7 H                     0.163109
      8 H                     0.164293
  ----------------------------------------
  Sum of atomic charges =     0.000000

 -----------------------------------------------------------------
                    Cartesian Multipole Moments
 -----------------------------------------------------------------
    Charge (ESU x 10^10)
                 0.0000
    Dipole Moment (Debye)
         X      -2.0353      Y      -2.1804      Z       3.5722
       Tot       4.6537
    Quadrupole Moments (Debye-Ang)
        XX     -34.1104     XY      -1.4376     YY     -34.3436
        XZ       1.8812     YZ       1.9931     ZZ     -36.6600
    Octopole Moments (Debye-Ang^2)
       XXX     -27.5719    XXY      -7.5138    XYY      -6.2577
       YYY     -28.1364    XXZ      19.6795    XYZ       1.9266
       YYZ      19.7983    XZZ     -15.0151    YZZ     -16.6732
       ZZZ      46.2283
    Hexadecapole Moments (Debye-Ang^3)
      XXXX    -160.2179   XXXY      -7.7246   XXYY     -56.7819
      XYYY      -8.7161   YYYY    -156.2165   XXXZ      54.6693
      XXYZ      25.4744   XYYZ      24.3897   YYYZ      62.1808
      XXZZ     -69.7087   XYZZ     -10.5519   YYZZ     -69.8465
      XZZZ      66.7915   YZZZ      73.2024   ZZZZ    -250.6081
 -----------------------------------------------------------------
 Total job time:  18.21s(wall), 569.37s(cpu) 
 Mon Jan  6 16:06:53 2025

        *************************************************************
        *                                                           *
        *  Thank you very much for using Q-Chem.  Have a nice day.  *
        *                                                           *
        *************************************************************


