
Running Job 1 of 1 s6-ts1-triplet-c4-wB97mV.in
qchem s6-ts1-triplet-c4-wB97mV.in_2033386.0 /expanse/lustre/scratch/whughes/temp_project/job_32713911/s6-ts1-triplet-c4-wB97mV-32713911/ 0
/cm/shared/apps/spack/0.17.3/cpu/b/opt/spack/linux-rocky8-zen2/gcc-10.2.0/qchem-6.0-rytxnwjazd34ekd2gqyi5ufsaimxsd3r/exe/qcprog.exe_s s6-ts1-triplet-c4-wB97mV.in_2033386.0 /expanse/lustre/scratch/whughes/temp_project/job_32713911/s6-ts1-triplet-c4-wB97mV-32713911/
                  Welcome to Q-Chem
     A Quantum Leap Into The Future Of Chemistry


 Q-Chem 6.0, Q-Chem, Inc., Pleasanton, CA (2022)

 License issued to: University of California, San Diego (site)

 E. Epifanovsky,  A. T. B. Gilbert,  Xintian Feng,  Joonho Lee,  Yuezhi Mao,  
 N. Mardirossian,  P. Pokhilko,  A. White,  M. Wormit,  M. P. Coons,  
 A. L. Dempwolff,  Zhengting Gan,  D. Hait,  P. R. Horn,  L. D. Jacobson,  
 I. Kaliman,  J. Kussmann,  A. W. Lange,  Ka Un Lao,  D. S. Levine,  Jie Liu,  
 S. C. McKenzie,  A. F. Morrison,  K. Nanda,  F. Plasser,  D. R. Rehn,  
 M. L. Vidal,  Zhi-Qiang You,  Ying Zhu,  B. Alam,  B. Albrecht,  
 A. Aldossary,  E. Alguire,  J. H. Andersen,  V. Athavale,  D. Barton,  
 K. Begam,  A. Behn,  N. Bellonzi,  Y. A. Bernard,  E. J. Berquist,  
 H. Burton,  A. Carreras,  K. Carter-Fenk,  Romit Chakraborty,  
 Chandrima Chakravarty,  Junhan Chen,  A. D. Chien,  K. D. Closser,  
 V. Cofer-Shabica,  L. Cunha,  S. Dasgupta,  Jia Deng,  M. de Wergifosse,  
 M. Diedenhofen,  Hainam Do,  S. Ehlert,  Po-Tung Fang,  S. Fatehi,  
 Qingguo Feng,  T. Friedhoff,  B. Ganoe,  J. Gayvert,  Qinghui Ge,  
 G. Gidofalvi,  M. Goldey,  J. Gomes,  C. Gonzalez-Espinoza,  S. Gulania,  
 A. Gunina,  J. A. Gyamfi,  M. W. D. Hanson-Heine,  P. H. P. Harbach,  
 A. W. Hauser,  M. F. Herbst,  M. Hernandez Vera,  M. Hodecker,  
 Z. C. Holden,  S. Houck,  Xunkun Huang,  Kerwin Hui,  B. C. Huynh,  
 K. Ikeda,  M. Ivanov,  Hyunjun Ji,  Zuxin Jin,  Hanjie Jiang,  B. Kaduk,  
 S. Kaehler,  R. Kang,  K. Khistyaev,  Jaehoon Kim,  Yongbin Kim,  
 P. Klunzinger,  Z. Koczor-Benda,  Joong Hoon Koh,  D. Kosenkov,  
 Saikiran Kotaru,  L. Koulias,  T. Kowalczyk,  C. M. Krauter,  K. Kue,  
 A. Kunitsa,  T. Kus,  A. Landau,  K. V. Lawler,  D. Lefrancois,  S. Lehtola,  
 Rain Li,  Shaozhi Li,  Yi-Pei Li,  Jiashu Liang,  M. Liebenthal,  
 Hung-Hsuan Lin,  You-Sheng Lin,  Fenglai Liu,  Kuan-Yu Liu,  
 M. Loipersberger,  A. Luenser,  C. Malbon,  A. Manjanath,  P. Manohar,  
 E. Mansoor,  S. F. Manzer,  Shan-Ping Mao,  A. V. Marenich,  T. Markovich,  
 S. Mason,  F. Matz,  S. A. Maurer,  P. F. McLaughlin,  M. F. S. J. Menger,  
 J.-M. Mewes,  S. A. Mewes,  P. Morgante,  Mohammad Mostafanejad,  
 J. W. Mullinax,  K. J. Oosterbaan,  G. Paran,  V. Parravicini,  
 Alexander C. Paul,  Suranjan K. Paul,  F. Pavosevic,  Zheng Pei,  S. Prager,  
 E. I. Proynov,  E. Ramos,  B. Rana,  A. E. Rask,  A. Rettig,  R. M. Richard,  
 F. Rob,  E. Rossomme,  T. Scheele,  M. Scheurer,  M. Schneider,  
 P. E. Schneider,  N. Sergueev,  S. M. Sharada,  Hengyuan Shen,  
 W. Skomorowski,  D. W. Small,  C. J. Stein,  Yingli Su,  Yu-Chuan Su,  
 E. J. Sundstrom,  Zhen Tao,  J. Thirman,  Hung-Yi Tsai,  T. Tsuchimochi,  
 N. M. Tubman,  C. Utku,  S. P. Veccham,  O. Vydrov,  J. Wenzel,  
 Jonathan Wong,  J. Witte,  A. Yamada,  Chou-Hsun Yang,  Kun Yao,  
 S. Yeganeh,  S. R. Yost,  A. Zech,  F. Zeller,  Igor Ying Zhang,  
 Xing Zhang,  Yu Zhang,  D. Zuev,  A. Aspuru-Guzik,  A. T. Bell,  
 N. A. Besley,  K. B. Bravaya,  B. R. Brooks,  D. Casanova,  Jeng-Da Chai,  
 Hsing-Ta Chen,  S. Coriani,  C. J. Cramer,  A. E. DePrince, III,  
 R. A. DiStasio Jr.,  A. Dreuw,  B. D. Dunietz,  T. R. Furlani,  
 W. A. Goddard III,  S. Grimme,  S. Hammes-Schiffer,  T. Head-Gordon,  
 W. J. Hehre,  Chao-Ping Hsu,  T.-C. Jagau,  Yousung Jung,  A. Klamt,  
 Jing Kong,  D. S. Lambrecht,  Xiangyuan Li,  WanZhen Liang,  N. J. Mayhall,  
 C. W. McCurdy,  J. B. Neaton,  T. Neudecker,  C. Ochsenfeld,  
 J. A. Parkhill,  R. Peverati,  V. A. Rassolov,  Haisheng Ren,  Yihan Shao,  
 L. V. Slipchenko,  R. P. Steele,  J. E. Subotnik,  A. J. W. Thom,  
 A. Tkatchenko,  D. G. Truhlar,  T. Van Voorhis,  Fan Wang,  
 T. A. Wesolowski,  K. B. Whaley,  H. L. Woodcock III,  P. M. Zimmerman,  
 S. Faraji,  P. M. W. Gill,  M. Head-Gordon,  J. M. Herbert,  A. I. Krylov

 Contributors to earlier versions of Q-Chem not listed above: 
 R. D. Adamson,  B. Austin,  R. Baer,  J. Baker,  G. J. O. Beran,  
 K. Brandhorst,  S. T. Brown,  E. F. C. Byrd,  Arup K. Chakraborty,  
 G. K. L. Chan,  Chun-Min Chang,  Yunqing Chen,  C.-L. Cheng,  
 Siu Hung Chien,  D. M. Chipman,  D. L. Crittenden,  H. Dachsel,  
 R. J. Doerksen,  A. D. Dutoi,  R. G. Edgar,  J. Fosso-Tande,  
 L. Fusti-Molnar,  D. Ghosh,  A. Ghysels,  A. Golubeva-Zadorozhnaya,  
 J. Gonthier,  M. S. Gordon,  S. R. Gwaltney,  G. Hawkins,  J. E. Herr,  
 A. Heyden,  S. Hirata,  E. G. Hohenstein,  G. Kedziora,  F. J. Keil,  
 C. Kelley,  Jihan Kim,  R. A. King,  R. Z. Khaliullin,  P. P. Korambath,  
 W. Kurlancheek,  A. Laurent,  A. M. Lee,  M. S. Lee,  S. V. Levchenko,  
 Ching Yeh Lin,  D. Liotard,  E. Livshits,  R. C. Lochan,  I. Lotan,  
 L. A. Martinez-Martinez,  P. E. Maslen,  N. Nair,  D. P. O'Neill,  
 D. Neuhauser,  E. Neuscamman,  C. M. Oana,  R. Olivares-Amaya,  R. Olson,  
 T. M. Perrine,  B. Peters,  P. A. Pieniazek,  A. Prociuk,  Y. M. Rhee,  
 J. Ritchie,  M. A. Rohrdanz,  E. Rosta,  N. J. Russ,  H. F. Schaefer III,  
 M. W. Schmidt,  N. E. Schultz,  S. Sharma,  N. Shenvi,  C. D. Sherrill,  
 A. C. Simmonett,  A. Sodt,  T. Stein,  D. Stuck,  K. S. Thanthiriwatte,  
 V. Vanovschi,  L. Vogt,  Tao Wang,  A. Warshel,  M. A. Watson,  
 C. F. Williams,  Q. Wu,  X. Xu,  Jun Yang,  W. Zhang,  Yan Zhao

   Please cite Q-Chem as follows:
  "Software for the frontiers of quantum chemistry:
   An overview of developments in the Q-Chem 5 package"
   J. Chem. Phys. 155, 084801 (2021)
   https://doi.org/10.1063/5.0055522 (open access)

 Q-Chem 6.0.2 for Intel X86 EM64T Linux

 Parts of Q-Chem use Armadillo 9.900.5 (Nocturnal Misbehaviour).
 http://arma.sourceforge.net/

 Q-Chem begins on Fri Aug  2 09:32:36 2024  

 Host: 
0

     Scratch files written to /expanse/lustre/scratch/whughes/temp_project/job_32713911/s6-ts1-triplet-c4-wB97mV-32713911//
 Dec722 |scratch|qcdevops|jenkins|workspace|build_RNUM    
 Processing $rem in /cm/shared/apps/spack/0.17.3/cpu/b/opt/spack/linux-rocky8-zen2/gcc-10.2.0/qchem-6.0-rytxnwjazd34ekd2gqyi5ufsaimxsd3r/config/preferences:
 Processing $rem in /home/whughes/.qchemrc:

 Checking the input file for inconsistencies... 	...done.

--------------------------------------------------------------
User input:
--------------------------------------------------------------
$molecule
0 3
C    -0.7414238648   0.3471915888    -0.0826929371
C    0.5297707683    -0.3855666911   0.0406881119
C    1.3135207568    -0.6380563771   -1.0620905526
C    -1.6929779899   0.3298907888    0.843888679
S    1.5726875501    1.3865839297    1.0213215819
H    -0.8747332279   0.9216522625    -0.9938507079
H    0.6159909961    -1.0456311888   0.8953706665
H    1.1579970124    -0.0978119717   -1.9872085248
H    2.1594155905    -1.3086591717   -1.0042719722
H    -2.6185335739   0.8737566083    0.710389391
H    -1.5715043177   -0.2264314377   1.7663057643
$end

$rem
METHOD      wB97M-V
BASIS       def2-QZVPP
SYM_IGNORE   TRUE
DFT_D       false
MAX_SCF_CYCLES 300
$end

$end
--------------------------------------------------------------
 ----------------------------------------------------------------
             Standard Nuclear Orientation (Angstroms)
    I     Atom           X                Y                Z
 ----------------------------------------------------------------
    1      C      -0.7414238648     0.3471915888    -0.0826929371
    2      C       0.5297707683    -0.3855666911     0.0406881119
    3      C       1.3135207568    -0.6380563771    -1.0620905526
    4      C      -1.6929779899     0.3298907888     0.8438886790
    5      S       1.5726875501     1.3865839297     1.0213215819
    6      H      -0.8747332279     0.9216522625    -0.9938507079
    7      H       0.6159909961    -1.0456311888     0.8953706665
    8      H       1.1579970124    -0.0978119717    -1.9872085248
    9      H       2.1594155905    -1.3086591717    -1.0042719722
   10      H      -2.6185335739     0.8737566083     0.7103893910
   11      H      -1.5715043177    -0.2264314377     1.7663057643
 ----------------------------------------------------------------
 Nuclear Repulsion Energy =         191.37974916 hartrees
 There are       24 alpha and       22 beta electrons
 Requested basis set is def2-QZVPP
 There are 150 shells and 478 basis functions

 Total QAlloc Memory Limit   8000 MB
 Mega-Array Size       188 MB
 MEM_STATIC part       192 MB


                       Distance Matrix (Angstroms)
             C (  1)   C (  2)   C (  3)   C (  4)   S (  5)   H (  6)
   C (  2)  1.472445
   C (  3)  2.480470  1.376276
   C (  4)  1.328273  2.469336  3.688999
   S (  5)  2.766640  2.278121  2.916666  3.436954
   H (  6)  1.085350  2.179845  2.688085  2.096901  3.204208
   H (  7)  2.176956  1.083329  2.117621  2.688131  2.616640  3.108315
   H (  8)  2.726354  2.142390  1.082541  4.040557  3.380333  2.481544
   H (  9)  3.464970  2.144711  1.081013  4.576186  3.422224  3.765695
   H ( 10)  2.104707  3.456330  4.570374  1.081788  4.233911  2.438764
   H ( 11)  2.106389  2.723681  4.061112  1.084022  3.611476  3.069536
             H (  7)   H (  8)   H (  9)   H ( 10)
   H (  8)  3.082433
   H (  9)  2.461704  1.853417
   H ( 10)  3.765689  4.741641  5.525559
   H ( 11)  2.492940  4.642800  4.771486  1.849768
 
 A cutoff of  1.0D-09 yielded   9470 shell pairs
 There are     97650 function pairs (    146186 Cartesian)
 Smallest overlap matrix eigenvalue = 4.21E-05

 Scale SEOQF with 1.000000e-01/1.000000e-01/1.000000e-01

 Standard Electronic Orientation quadrupole field applied
 Nucleus-field energy     =     0.0000000019 hartrees
 Guess from superposition of atomic densities
 Warning:  Energy on first SCF cycle will be non-variational
 SAD guess density has 46.000000 electrons

 -----------------------------------------------------------------------
  General SCF calculation program by
  Eric Jon Sundstrom, Paul Horn, Yuezhi Mao, Dmitri Zuev, Alec White,
  David Stuck, Shaama M.S., Shane Yost, Joonho Lee, David Small,
  Daniel Levine, Susi Lehtola, Hugh Burton, Evgeny Epifanovsky,
  Bang C. Huynh
 -----------------------------------------------------------------------
 Exchange:     0.1500 Hartree-Fock + 1.0000 wB97M-V + LR-HF
 Correlation:  1.0000 wB97M-V
 Using SG-2 standard quadrature grid
 Nonlocal Correlation:  VV10 with C = 0.0100 and b = 6.00 and scale = 1.00000
 Grid used for NLC:  SG-1 standard quadrature
 using 32 threads for integral computing
 -------------------------------------------------------
 OpenMP Integral computing Module                
 Release: version 1.0, May 2013, Q-Chem Inc. Pittsburgh 
 -------------------------------------------------------
 A unrestricted SCF calculation will be
 performed using DIIS
 SCF converges when DIIS error is below 1.0e-05
 ---------------------------------------
  Cycle       Energy         DIIS error
 ---------------------------------------
    1    -554.9154036185      7.22e-03  
    2    -554.0080194108      4.79e-04  
    3    -554.0445423964      2.40e-04  
    4    -554.0530494143      7.79e-05  
    5    -554.0553327517      4.25e-05  
    6    -554.0563678759      2.37e-05  
    7    -554.0568583413      1.34e-05  
    8    -554.0570441215      7.22e-06  Convergence criterion met
 ---------------------------------------
 SCF time:   CPU 1533.04s  wall 49.00s 
<S^2> =          2.035177220
 SCF   energy in the final basis set =     -554.0570441215
 Total energy in the final basis set =     -554.0570441215
 
 --------------------------------------------------------------
 
                    Orbital Energies (a.u.)
 --------------------------------------------------------------
 
 Alpha MOs
 -- Occupied --
-89.1864 -10.3913 -10.3690 -10.3687 -10.3556  -8.1216  -6.0388  -6.0349
 -6.0213  -0.9606  -0.8805  -0.7977  -0.7396  -0.6872  -0.5945  -0.5898
 -0.5172  -0.5086  -0.4864  -0.4634  -0.4030  -0.3502  -0.3469  -0.3065
 -- Virtual --
  0.0278   0.0773   0.0799   0.0869   0.1052   0.1251   0.1298   0.1490
  0.1525   0.1653   0.1938   0.2025   0.2258   0.2299   0.2384   0.2425
  0.2458   0.2618   0.2689   0.2873   0.2978   0.3103   0.3203   0.3436
  0.3564   0.3665   0.3719   0.3735   0.3952   0.3999   0.4140   0.4165
  0.4481   0.4534   0.4582   0.4669   0.4931   0.4968   0.5133   0.5408
  0.5629   0.5773   0.5891   0.6029   0.6388   0.6612   0.6700   0.6877
  0.7169   0.7223   0.7424   0.7685   0.7793   0.7866   0.7919   0.8116
  0.8234   0.8317   0.8395   0.8509   0.8561   0.8676   0.8814   0.8886
  0.9044   0.9226   0.9325   0.9396   0.9495   0.9618   0.9670   0.9761
  0.9903   1.0036   1.0284   1.0341   1.0503   1.0595   1.0739   1.0762
  1.0927   1.0950   1.1208   1.1315   1.1503   1.1553   1.1596   1.1812
  1.1987   1.2076   1.2300   1.2367   1.2530   1.2580   1.2968   1.3134
  1.3216   1.3337   1.3675   1.3881   1.3974   1.4227   1.4349   1.4769
  1.5197   1.5646   1.5762   1.5891   1.6252   1.6453   1.6868   1.7070
  1.7418   1.7820   1.7981   1.8114   1.8439   1.8548   1.8808   1.8948
  1.9131   1.9259   1.9340   1.9487   1.9685   1.9808   1.9958   2.0126
  2.0349   2.0446   2.0575   2.0591   2.0620   2.0790   2.1142   2.1244
  2.1366   2.1582   2.1654   2.1673   2.1989   2.2317   2.2404   2.2530
  2.2766   2.2826   2.3309   2.3470   2.3634   2.3728   2.4031   2.4134
  2.4352   2.4415   2.4656   2.4892   2.5083   2.5264   2.5345   2.5643
  2.5719   2.5747   2.5944   2.6080   2.6120   2.6312   2.6484   2.6650
  2.6742   2.7050   2.7098   2.7231   2.7351   2.7467   2.7576   2.7690
  2.7851   2.7862   2.8132   2.8383   2.8588   2.8727   2.8893   2.8953
  2.9313   2.9466   2.9599   2.9896   2.9948   3.0000   3.0256   3.0271
  3.0563   3.0721   3.1013   3.1140   3.1417   3.1705   3.1923   3.2280
  3.2481   3.2643   3.2835   3.2916   3.3001   3.3137   3.3504   3.3544
  3.3851   3.3992   3.4126   3.4241   3.4464   3.4563   3.4792   3.4959
  3.5139   3.5230   3.5634   3.5868   3.6072   3.6130   3.6419   3.6744
  3.6987   3.7284   3.7589   3.7655   3.7860   3.8137   3.8359   3.8632
  3.9118   3.9215   3.9790   4.0194   4.0538   4.0693   4.0871   4.1174
  4.1440   4.2051   4.3211   4.3663   4.4224   4.4656   4.5035   4.7612
  4.8870   4.9191   4.9735   4.9849   5.0170   5.0350   5.0745   5.1086
  5.1814   5.2038   5.2419   5.2510   5.2855   5.2983   5.3589   5.3879
  5.4590   5.4887   5.5098   5.5182   5.5725   5.5790   5.5981   5.6176
  5.6387   5.6705   5.7059   5.7185   5.7258   5.7546   5.7628   5.8062
  5.8230   5.8778   5.8984   5.9019   5.9440   5.9678   5.9913   6.0046
  6.0191   6.0498   6.0640   6.0705   6.1076   6.1310   6.1486   6.1529
  6.1983   6.2095   6.2168   6.2363   6.2470   6.2596   6.2739   6.3001
  6.3313   6.3464   6.3583   6.3771   6.4051   6.4162   6.4481   6.4611
  6.5010   6.5184   6.5403   6.5674   6.5850   6.5975   6.6429   6.6645
  6.7451   6.7506   6.7629   6.8083   6.8335   6.8583   6.8684   6.9080
  6.9261   6.9681   6.9838   6.9926   7.0733   7.1154   7.1482   7.1515
  7.2310   7.2356   7.2525   7.2914   7.3421   7.3631   7.4096   7.4327
  7.4518   7.4839   7.4854   7.5041   7.5369   7.5469   7.5751   7.5903
  7.6167   7.6339   7.6746   7.6790   7.7111   7.7187   7.7766   7.8076
  7.8188   7.8486   7.9117   7.9484   7.9804   8.0038   8.0177   8.0853
  8.0967   8.1133   8.1467   8.1672   8.1684   8.2170   8.2214   8.2388
  8.2430   8.2746   8.2866   8.3096   8.3147   8.3566   8.3739   8.3933
  8.4230   8.4285   8.4499   8.4801   8.5062   8.5373   8.5387   8.5665
  8.5870   8.6143   8.6483   8.6620   8.7267   8.7481   8.7584   8.7834
  8.8322   8.8864   8.9072   8.9366   8.9684   9.0268   9.1111   9.1309
  9.2110   9.2482   9.3173   9.4068   9.5282   9.6007   9.6339   9.6784
  9.7075   9.7455   9.8027   9.8199   9.8521   9.8602   9.9598  10.0452
 10.0700  10.1230  10.1422  10.2124  10.3413  10.6268  10.7428  10.8104
 11.0668  11.3174  11.6355  11.6595  12.6362  12.8088  12.8199  12.9234
 24.3850  28.5112  28.6333  28.9552  28.9604  29.1696  29.1914  29.4076
 84.2066 149.3171 149.4403 149.9801 150.2241 453.0589
 
 Beta MOs
 -- Occupied --
-89.1764 -10.3933 -10.3686 -10.3612 -10.3546  -8.1128  -6.0181  -6.0165
 -6.0147  -0.9564  -0.8726  -0.7472  -0.7186  -0.6837  -0.5905  -0.5866
 -0.5129  -0.5049  -0.4649  -0.4515  -0.3501  -0.3218
 -- Virtual --
 -0.0592  -0.0344   0.0503   0.0776   0.0807   0.0885   0.1076   0.1252
  0.1304   0.1519   0.1534   0.1658   0.1931   0.2045   0.2275   0.2329
  0.2428   0.2495   0.2517   0.2674   0.2767   0.2914   0.3055   0.3137
  0.3260   0.3476   0.3632   0.3711   0.3773   0.3871   0.3997   0.4037
  0.4190   0.4305   0.4577   0.4616   0.4696   0.4766   0.5009   0.5032
  0.5215   0.5469   0.5637   0.5816   0.6017   0.6167   0.6437   0.6662
  0.6726   0.6905   0.7202   0.7282   0.7461   0.7734   0.7817   0.7906
  0.7963   0.8185   0.8261   0.8385   0.8459   0.8573   0.8618   0.8703
  0.8842   0.8916   0.9112   0.9260   0.9345   0.9454   0.9531   0.9670
  0.9731   0.9812   0.9952   1.0135   1.0386   1.0489   1.0602   1.0680
  1.0816   1.0922   1.0985   1.1163   1.1307   1.1430   1.1621   1.1677
  1.1754   1.1914   1.2124   1.2184   1.2439   1.2464   1.2623   1.2700
  1.3098   1.3246   1.3302   1.3400   1.3738   1.4008   1.4116   1.4341
  1.4454   1.4868   1.5244   1.5715   1.5936   1.6085   1.6307   1.6574
  1.6902   1.7160   1.7463   1.7975   1.8058   1.8262   1.8502   1.8650
  1.8871   1.9031   1.9209   1.9304   1.9388   1.9550   1.9731   1.9870
  2.0074   2.0184   2.0395   2.0494   2.0626   2.0661   2.0717   2.0846
  2.1209   2.1300   2.1419   2.1629   2.1679   2.1739   2.2062   2.2331
  2.2485   2.2612   2.2817   2.2908   2.3406   2.3532   2.3713   2.3781
  2.4065   2.4188   2.4386   2.4549   2.4741   2.4928   2.5132   2.5302
  2.5434   2.5676   2.5784   2.5801   2.5997   2.6120   2.6173   2.6360
  2.6539   2.6715   2.6804   2.7150   2.7245   2.7391   2.7515   2.7601
  2.7735   2.7931   2.8072   2.8253   2.8338   2.8529   2.8705   2.8792
  2.9031   2.9186   2.9539   2.9720   2.9787   3.0107   3.0404   3.0446
  3.0751   3.0833   3.0930   3.1060   3.1290   3.1524   3.1906   3.2218
  3.2314   3.2716   3.2772   3.2912   3.3092   3.3290   3.3325   3.3428
  3.3719   3.3814   3.4149   3.4212   3.4452   3.4579   3.4784   3.4911
  3.5016   3.5171   3.5227   3.5422   3.5967   3.6141   3.6262   3.6279
  3.6709   3.6874   3.7083   3.7424   3.7762   3.7921   3.8066   3.8270
  3.8517   3.8750   3.9270   3.9363   3.9864   4.0365   4.0605   4.0872
  4.1160   4.1276   4.1720   4.2089   4.3303   4.3828   4.4466   4.4711
  4.5068   4.7631   4.8981   4.9183   4.9786   4.9982   5.0255   5.0431
  5.0828   5.1222   5.1961   5.2144   5.2514   5.2626   5.3014   5.3140
  5.3849   5.4077   5.4606   5.4957   5.5185   5.5254   5.5929   5.6024
  5.6254   5.6452   5.6651   5.6774   5.7165   5.7277   5.7378   5.7702
  5.7781   5.8126   5.8285   5.8949   5.9073   5.9128   5.9519   5.9781
  6.0017   6.0136   6.0241   6.0551   6.0688   6.0767   6.1103   6.1389
  6.1574   6.1606   6.2133   6.2188   6.2213   6.2499   6.2562   6.2594
  6.2796   6.3052   6.3436   6.3515   6.3624   6.3886   6.4103   6.4357
  6.4514   6.4734   6.5085   6.5273   6.5481   6.5762   6.5999   6.6010
  6.6611   6.6804   6.7514   6.7562   6.7793   6.8207   6.8348   6.8627
  6.8868   6.9238   6.9392   6.9817   6.9882   6.9988   7.0836   7.1209
  7.1605   7.1789   7.2406   7.2552   7.2681   7.3020   7.3521   7.3750
  7.4147   7.4387   7.4620   7.4875   7.5021   7.5098   7.5485   7.5622
  7.5811   7.6026   7.6196   7.6383   7.6774   7.6918   7.7144   7.7291
  7.7807   7.8103   7.8320   7.8494   7.9165   7.9528   7.9816   8.0059
  8.0225   8.0886   8.1052   8.1225   8.1507   8.1727   8.1836   8.2189
  8.2245   8.2413   8.2445   8.2821   8.3019   8.3148   8.3352   8.3593
  8.3758   8.4126   8.4266   8.4352   8.4797   8.4896   8.5165   8.5401
  8.5507   8.5794   8.6003   8.6243   8.6667   8.6787   8.7363   8.7587
  8.7883   8.8128   8.8403   8.8935   8.9421   8.9585   8.9852   9.0407
  9.1238   9.1407   9.2224   9.2780   9.3274   9.4222   9.5580   9.6364
  9.6491   9.6951   9.7167   9.7490   9.8269   9.8456   9.8610   9.8956
  9.9935  10.0565  10.0749  10.1227  10.1566  10.2360  10.3662  10.6343
 10.7960  10.8233  11.0963  11.3218  11.6507  11.7330  12.6325  12.8031
 12.9263  12.9512  24.4257  28.5123  28.6401  28.9682  28.9951  29.1893
 29.2188  29.4100  84.2327 149.3176 149.4420 149.9839 150.2247 453.0703
 --------------------------------------------------------------
 
          Ground-State Mulliken Net Atomic Charges

     Atom                 Charge (a.u.)    Spin (a.u.)
  --------------------------------------------------------
      1 C                    -0.108342      -0.025479
      2 C                    -0.053841      -0.144073
      3 C                    -0.160522       0.559145
      4 C                    -0.135900       0.065726
      5 S                    -0.136777       1.570620
      6 H                     0.085501       0.003114
      7 H                     0.089107       0.016535
      8 H                     0.097153      -0.019453
      9 H                     0.129564      -0.016676
     10 H                     0.110678      -0.004916
     11 H                     0.083381      -0.004544
  --------------------------------------------------------
  Sum of atomic charges =    -0.000000
  Sum of spin   charges =     2.000000

 -----------------------------------------------------------------
                    Cartesian Multipole Moments
 -----------------------------------------------------------------
    Charge (ESU x 10^10)
                -0.0000
    Dipole Moment (Debye)
         X      -1.0979      Y      -1.5182      Z      -0.9692
       Tot       2.1094
    Quadrupole Moments (Debye-Ang)
        XX     -38.1242     XY      -4.7001     YY     -41.8033
        XZ      -2.9786     YZ      -2.2001     ZZ     -38.9167
    Octopole Moments (Debye-Ang^2)
       XXX     -54.0879    XXY     -18.9426    XYY     -19.8602
       YYY     -54.3558    XXZ     -12.5651    XYZ       0.5829
       YYZ     -11.5397    XZZ     -20.4672    YZZ     -18.0466
       ZZZ     -41.8413
    Hexadecapole Moments (Debye-Ang^3)
      XXXX    -473.1683   XXXY     -64.7535   XXYY    -124.7089
      XYYY     -55.8056   YYYY    -265.1589   XXXZ     -11.7917
      XXYZ     -20.8216   XYYZ      -0.1365   YYYZ     -73.3353
      XXZZ    -122.5725   XYZZ     -17.0231   YYZZ     -82.7333
      XZZZ     -16.9030   YZZZ     -81.2701   ZZZZ    -242.7798
 -----------------------------------------------------------------
 Total job time:  51.01s(wall), 1549.37s(cpu) 
 Fri Aug  2 09:33:27 2024

        *************************************************************
        *                                                           *
        *  Thank you very much for using Q-Chem.  Have a nice day.  *
        *                                                           *
        *************************************************************


