
Running Job 1 of 1 benzene-doublet-wb97xd-wB97mV.in
qchem benzene-doublet-wb97xd-wB97mV.in_2173193.0 /expanse/lustre/scratch/whughes/temp_project/job_32691687/benzene-doublet-wb97xd-wB97mV-32691687/ 0
/cm/shared/apps/spack/0.17.3/cpu/b/opt/spack/linux-rocky8-zen2/gcc-10.2.0/qchem-6.0-rytxnwjazd34ekd2gqyi5ufsaimxsd3r/exe/qcprog.exe_s benzene-doublet-wb97xd-wB97mV.in_2173193.0 /expanse/lustre/scratch/whughes/temp_project/job_32691687/benzene-doublet-wb97xd-wB97mV-32691687/
                  Welcome to Q-Chem
     A Quantum Leap Into The Future Of Chemistry


 Q-Chem 6.0, Q-Chem, Inc., Pleasanton, CA (2022)

 License issued to: University of California, San Diego (site)

 E. Epifanovsky,  A. T. B. Gilbert,  Xintian Feng,  Joonho Lee,  Yuezhi Mao,  
 N. Mardirossian,  P. Pokhilko,  A. White,  M. Wormit,  M. P. Coons,  
 A. L. Dempwolff,  Zhengting Gan,  D. Hait,  P. R. Horn,  L. D. Jacobson,  
 I. Kaliman,  J. Kussmann,  A. W. Lange,  Ka Un Lao,  D. S. Levine,  Jie Liu,  
 S. C. McKenzie,  A. F. Morrison,  K. Nanda,  F. Plasser,  D. R. Rehn,  
 M. L. Vidal,  Zhi-Qiang You,  Ying Zhu,  B. Alam,  B. Albrecht,  
 A. Aldossary,  E. Alguire,  J. H. Andersen,  V. Athavale,  D. Barton,  
 K. Begam,  A. Behn,  N. Bellonzi,  Y. A. Bernard,  E. J. Berquist,  
 H. Burton,  A. Carreras,  K. Carter-Fenk,  Romit Chakraborty,  
 Chandrima Chakravarty,  Junhan Chen,  A. D. Chien,  K. D. Closser,  
 V. Cofer-Shabica,  L. Cunha,  S. Dasgupta,  Jia Deng,  M. de Wergifosse,  
 M. Diedenhofen,  Hainam Do,  S. Ehlert,  Po-Tung Fang,  S. Fatehi,  
 Qingguo Feng,  T. Friedhoff,  B. Ganoe,  J. Gayvert,  Qinghui Ge,  
 G. Gidofalvi,  M. Goldey,  J. Gomes,  C. Gonzalez-Espinoza,  S. Gulania,  
 A. Gunina,  J. A. Gyamfi,  M. W. D. Hanson-Heine,  P. H. P. Harbach,  
 A. W. Hauser,  M. F. Herbst,  M. Hernandez Vera,  M. Hodecker,  
 Z. C. Holden,  S. Houck,  Xunkun Huang,  Kerwin Hui,  B. C. Huynh,  
 K. Ikeda,  M. Ivanov,  Hyunjun Ji,  Zuxin Jin,  Hanjie Jiang,  B. Kaduk,  
 S. Kaehler,  R. Kang,  K. Khistyaev,  Jaehoon Kim,  Yongbin Kim,  
 P. Klunzinger,  Z. Koczor-Benda,  Joong Hoon Koh,  D. Kosenkov,  
 Saikiran Kotaru,  L. Koulias,  T. Kowalczyk,  C. M. Krauter,  K. Kue,  
 A. Kunitsa,  T. Kus,  A. Landau,  K. V. Lawler,  D. Lefrancois,  S. Lehtola,  
 Rain Li,  Shaozhi Li,  Yi-Pei Li,  Jiashu Liang,  M. Liebenthal,  
 Hung-Hsuan Lin,  You-Sheng Lin,  Fenglai Liu,  Kuan-Yu Liu,  
 M. Loipersberger,  A. Luenser,  C. Malbon,  A. Manjanath,  P. Manohar,  
 E. Mansoor,  S. F. Manzer,  Shan-Ping Mao,  A. V. Marenich,  T. Markovich,  
 S. Mason,  F. Matz,  S. A. Maurer,  P. F. McLaughlin,  M. F. S. J. Menger,  
 J.-M. Mewes,  S. A. Mewes,  P. Morgante,  Mohammad Mostafanejad,  
 J. W. Mullinax,  K. J. Oosterbaan,  G. Paran,  V. Parravicini,  
 Alexander C. Paul,  Suranjan K. Paul,  F. Pavosevic,  Zheng Pei,  S. Prager,  
 E. I. Proynov,  E. Ramos,  B. Rana,  A. E. Rask,  A. Rettig,  R. M. Richard,  
 F. Rob,  E. Rossomme,  T. Scheele,  M. Scheurer,  M. Schneider,  
 P. E. Schneider,  N. Sergueev,  S. M. Sharada,  Hengyuan Shen,  
 W. Skomorowski,  D. W. Small,  C. J. Stein,  Yingli Su,  Yu-Chuan Su,  
 E. J. Sundstrom,  Zhen Tao,  J. Thirman,  Hung-Yi Tsai,  T. Tsuchimochi,  
 N. M. Tubman,  C. Utku,  S. P. Veccham,  O. Vydrov,  J. Wenzel,  
 Jonathan Wong,  J. Witte,  A. Yamada,  Chou-Hsun Yang,  Kun Yao,  
 S. Yeganeh,  S. R. Yost,  A. Zech,  F. Zeller,  Igor Ying Zhang,  
 Xing Zhang,  Yu Zhang,  D. Zuev,  A. Aspuru-Guzik,  A. T. Bell,  
 N. A. Besley,  K. B. Bravaya,  B. R. Brooks,  D. Casanova,  Jeng-Da Chai,  
 Hsing-Ta Chen,  S. Coriani,  C. J. Cramer,  A. E. DePrince, III,  
 R. A. DiStasio Jr.,  A. Dreuw,  B. D. Dunietz,  T. R. Furlani,  
 W. A. Goddard III,  S. Grimme,  S. Hammes-Schiffer,  T. Head-Gordon,  
 W. J. Hehre,  Chao-Ping Hsu,  T.-C. Jagau,  Yousung Jung,  A. Klamt,  
 Jing Kong,  D. S. Lambrecht,  Xiangyuan Li,  WanZhen Liang,  N. J. Mayhall,  
 C. W. McCurdy,  J. B. Neaton,  T. Neudecker,  C. Ochsenfeld,  
 J. A. Parkhill,  R. Peverati,  V. A. Rassolov,  Haisheng Ren,  Yihan Shao,  
 L. V. Slipchenko,  R. P. Steele,  J. E. Subotnik,  A. J. W. Thom,  
 A. Tkatchenko,  D. G. Truhlar,  T. Van Voorhis,  Fan Wang,  
 T. A. Wesolowski,  K. B. Whaley,  H. L. Woodcock III,  P. M. Zimmerman,  
 S. Faraji,  P. M. W. Gill,  M. Head-Gordon,  J. M. Herbert,  A. I. Krylov

 Contributors to earlier versions of Q-Chem not listed above: 
 R. D. Adamson,  B. Austin,  R. Baer,  J. Baker,  G. J. O. Beran,  
 K. Brandhorst,  S. T. Brown,  E. F. C. Byrd,  Arup K. Chakraborty,  
 G. K. L. Chan,  Chun-Min Chang,  Yunqing Chen,  C.-L. Cheng,  
 Siu Hung Chien,  D. M. Chipman,  D. L. Crittenden,  H. Dachsel,  
 R. J. Doerksen,  A. D. Dutoi,  R. G. Edgar,  J. Fosso-Tande,  
 L. Fusti-Molnar,  D. Ghosh,  A. Ghysels,  A. Golubeva-Zadorozhnaya,  
 J. Gonthier,  M. S. Gordon,  S. R. Gwaltney,  G. Hawkins,  J. E. Herr,  
 A. Heyden,  S. Hirata,  E. G. Hohenstein,  G. Kedziora,  F. J. Keil,  
 C. Kelley,  Jihan Kim,  R. A. King,  R. Z. Khaliullin,  P. P. Korambath,  
 W. Kurlancheek,  A. Laurent,  A. M. Lee,  M. S. Lee,  S. V. Levchenko,  
 Ching Yeh Lin,  D. Liotard,  E. Livshits,  R. C. Lochan,  I. Lotan,  
 L. A. Martinez-Martinez,  P. E. Maslen,  N. Nair,  D. P. O'Neill,  
 D. Neuhauser,  E. Neuscamman,  C. M. Oana,  R. Olivares-Amaya,  R. Olson,  
 T. M. Perrine,  B. Peters,  P. A. Pieniazek,  A. Prociuk,  Y. M. Rhee,  
 J. Ritchie,  M. A. Rohrdanz,  E. Rosta,  N. J. Russ,  H. F. Schaefer III,  
 M. W. Schmidt,  N. E. Schultz,  S. Sharma,  N. Shenvi,  C. D. Sherrill,  
 A. C. Simmonett,  A. Sodt,  T. Stein,  D. Stuck,  K. S. Thanthiriwatte,  
 V. Vanovschi,  L. Vogt,  Tao Wang,  A. Warshel,  M. A. Watson,  
 C. F. Williams,  Q. Wu,  X. Xu,  Jun Yang,  W. Zhang,  Yan Zhao

   Please cite Q-Chem as follows:
  "Software for the frontiers of quantum chemistry:
   An overview of developments in the Q-Chem 5 package"
   J. Chem. Phys. 155, 084801 (2021)
   https://doi.org/10.1063/5.0055522 (open access)

 Q-Chem 6.0.2 for Intel X86 EM64T Linux

 Parts of Q-Chem use Armadillo 9.900.5 (Nocturnal Misbehaviour).
 http://arma.sourceforge.net/

 Q-Chem begins on Thu Aug  1 11:03:44 2024  

 Host: 
0

     Scratch files written to /expanse/lustre/scratch/whughes/temp_project/job_32691687/benzene-doublet-wb97xd-wB97mV-32691687//
 Dec722 |scratch|qcdevops|jenkins|workspace|build_RNUM    
 Processing $rem in /cm/shared/apps/spack/0.17.3/cpu/b/opt/spack/linux-rocky8-zen2/gcc-10.2.0/qchem-6.0-rytxnwjazd34ekd2gqyi5ufsaimxsd3r/config/preferences:
 Processing $rem in /home/whughes/.qchemrc:

 Checking the input file for inconsistencies... 	...done.

--------------------------------------------------------------
User input:
--------------------------------------------------------------
$molecule
0 2
C    0.1830666011    0.6375456636    1.1107848048
C    0.2512394619    -0.7266121297   0.8625358311
C    0.020528307     -1.2263122473   -0.4119082198
C    -0.2835635823   -0.3591559358   -1.4609869419
C    -0.3367964457   0.9739620766    -1.1561804909
C    -0.1193265157   1.5243613552    0.0777886025
H    0.3645753517    1.0185895765    2.1085661635
H    0.4865786926    -1.4072660671   1.6706547933
H    0.0758576765    -2.2924399589   -0.596398789
H    -0.4660089268   -0.7335827218   -2.460419281
H    -0.1761506203   2.5909113887    0.2555615277
$end

$rem
METHOD      wB97M-V
BASIS       def2-QZVPP
SYM_IGNORE   TRUE
DFT_D       false
MAX_SCF_CYCLES 300
$end

$end
--------------------------------------------------------------
 ----------------------------------------------------------------
             Standard Nuclear Orientation (Angstroms)
    I     Atom           X                Y                Z
 ----------------------------------------------------------------
    1      C       0.1830666011     0.6375456636     1.1107848048
    2      C       0.2512394619    -0.7266121297     0.8625358311
    3      C       0.0205283070    -1.2263122473    -0.4119082198
    4      C      -0.2835635823    -0.3591559358    -1.4609869419
    5      C      -0.3367964457     0.9739620766    -1.1561804909
    6      C      -0.1193265157     1.5243613552     0.0777886025
    7      H       0.3645753517     1.0185895765     2.1085661635
    8      H       0.4865786926    -1.4072660671     1.6706547933
    9      H       0.0758576765    -2.2924399589    -0.5963987890
   10      H      -0.4660089268    -0.7335827218    -2.4604192810
   11      H      -0.1761506203     2.5909113887     0.2555615277
 ----------------------------------------------------------------
 Nuclear Repulsion Energy =         195.45803921 hartrees
 There are       21 alpha and       20 beta electrons
 Requested basis set is def2-QZVPP
 There are 152 shells and 492 basis functions

 Total QAlloc Memory Limit   8000 MB
 Mega-Array Size       188 MB
 MEM_STATIC part       192 MB


                       Distance Matrix (Angstroms)
             C (  1)   C (  2)   C (  3)   C (  4)   C (  5)   C (  6)
   C (  2)  1.388237
   C (  3)  2.412256  1.388213
   C (  4)  2.797350  2.412425  1.394632
   C (  5)  2.350014  2.704247  2.350070  1.368556
   C (  6)  1.394620  2.412474  2.797422  2.437712  1.368544
   H (  7)  1.083378  2.147362  3.392749  3.880719  3.339534  2.148028
   H (  8)  2.141688  1.082465  2.141732  3.390993  3.786713  3.390986
   H (  9)  3.392755  2.147339  1.083387  2.148088  3.339614  3.880799
   H ( 10)  3.880050  3.399489  2.162383  1.082750  2.152544  3.414821
   H ( 11)  2.162425  3.399565  3.880128  3.414817  2.152521  1.082756
             H (  7)   H (  8)   H (  9)   H ( 10)
   H (  8)  2.468082
   H (  9)  4.285220  2.468148
   H ( 10)  4.963427  4.292673  2.489624
   H ( 11)  2.489620  4.292682  4.963513  4.302654
 
 A cutoff of  1.0D-09 yielded  10079 shell pairs
 There are    107683 function pairs (    164178 Cartesian)
 Smallest overlap matrix eigenvalue = 7.48E-06

 Q-Chem warning in module stvman/mkSTV.C, line 305:

 Overlap eigenvalue is smaller than square root of threshold
 Use THRESH >= 12 to get rid of this warning


 Scale SEOQF with 1.000000e-01/1.000000e-01/1.000000e-01

 Standard Electronic Orientation quadrupole field applied
 Nucleus-field energy     =    -0.0000000014 hartrees
 Guess from superposition of atomic densities
 Warning:  Energy on first SCF cycle will be non-variational
 SAD guess density has 41.000000 electrons

 -----------------------------------------------------------------------
  General SCF calculation program by
  Eric Jon Sundstrom, Paul Horn, Yuezhi Mao, Dmitri Zuev, Alec White,
  David Stuck, Shaama M.S., Shane Yost, Joonho Lee, David Small,
  Daniel Levine, Susi Lehtola, Hugh Burton, Evgeny Epifanovsky,
  Bang C. Huynh
 -----------------------------------------------------------------------
 Exchange:     0.1500 Hartree-Fock + 1.0000 wB97M-V + LR-HF
 Correlation:  1.0000 wB97M-V
 Using SG-2 standard quadrature grid
 Nonlocal Correlation:  VV10 with C = 0.0100 and b = 6.00 and scale = 1.00000
 Grid used for NLC:  SG-1 standard quadrature
 using 32 threads for integral computing
 -------------------------------------------------------
 OpenMP Integral computing Module                
 Release: version 1.0, May 2013, Q-Chem Inc. Pittsburgh 
 -------------------------------------------------------
 A unrestricted SCF calculation will be
 performed using DIIS
 SCF converges when DIIS error is below 1.0e-05
 ---------------------------------------
  Cycle       Energy         DIIS error
 ---------------------------------------
    1    -233.5023626159      8.63e-03  
    2    -231.5032754423      5.69e-04  
    3    -231.5346327717      3.54e-04  
    4    -231.5500524098      6.88e-05  
    5    -231.5511653811      2.53e-05  
    6    -231.5513426826      1.46e-05  
    7    -231.5514152227      5.92e-06  Convergence criterion met
 ---------------------------------------
 SCF time:   CPU 1739.83s  wall 57.00s 
<S^2> =          0.756824987
 SCF   energy in the final basis set =     -231.5514152227
 Total energy in the final basis set =     -231.5514152227
 
 --------------------------------------------------------------
 
                    Orbital Energies (a.u.)
 --------------------------------------------------------------
 
 Alpha MOs
 -- Occupied --
-10.3727 -10.3578 -10.3578 -10.3563 -10.3563 -10.3501  -0.9965  -0.8823
 -0.8726  -0.7308  -0.7141  -0.6361  -0.5674  -0.5637  -0.5391  -0.4951
 -0.4940  -0.4585  -0.3560  -0.3536  -0.3358
 -- Virtual --
  0.0558   0.0629   0.0755   0.0884   0.0973   0.1204   0.1278   0.1648
  0.1699   0.1795   0.2033   0.2055   0.2062   0.2211   0.2251   0.2270
  0.2302   0.2550   0.2777   0.2815   0.3347   0.3354   0.3370   0.3457
  0.3589   0.3607   0.3661   0.3665   0.4015   0.4020   0.4197   0.4213
  0.4394   0.4483   0.4689   0.4768   0.4891   0.5047   0.5403   0.5443
  0.5731   0.6015   0.6030   0.6124   0.6268   0.6292   0.6384   0.7010
  0.7043   0.7226   0.7360   0.7406   0.7478   0.7681   0.7884   0.7994
  0.8093   0.8254   0.8288   0.8302   0.8357   0.8389   0.8426   0.8505
  0.8718   0.9079   0.9171   0.9238   0.9636   0.9665   0.9708   0.9752
  0.9758   0.9794   0.9872   1.0172   1.0308   1.0524   1.0600   1.0719
  1.0871   1.0956   1.0980   1.1197   1.1522   1.1688   1.1923   1.1978
  1.2155   1.2164   1.2410   1.2497   1.2569   1.2699   1.3148   1.3295
  1.3463   1.3895   1.4609   1.4725   1.4800   1.5146   1.5259   1.5917
  1.6031   1.6061   1.6183   1.6427   1.6692   1.7330   1.7471   1.7483
  1.7664   1.7824   1.8080   1.8107   1.8279   1.8307   1.8438   1.8669
  1.8750   1.9113   1.9119   1.9448   1.9944   1.9970   1.9983   1.9986
  2.0207   2.0223   2.0353   2.0357   2.0681   2.0850   2.0921   2.1023
  2.1069   2.1356   2.1496   2.1660   2.1740   2.1937   2.2126   2.2292
  2.2327   2.2712   2.2880   2.3104   2.3142   2.3349   2.3464   2.3483
  2.3511   2.3540   2.3776   2.3991   2.4080   2.4441   2.4646   2.4842
  2.4879   2.5067   2.5156   2.5255   2.5293   2.5371   2.5413   2.5712
  2.5779   2.6140   2.6281   2.6438   2.6594   2.6600   2.6617   2.6712
  2.6761   2.6977   2.7048   2.7252   2.7640   2.7682   2.7907   2.8046
  2.8189   2.8396   2.8460   2.8599   2.8767   2.9102   2.9428   2.9527
  3.0069   3.0276   3.0400   3.0731   3.1144   3.1667   3.1684   3.2029
  3.2034   3.2321   3.2594   3.3513   3.3550   3.3716   3.4316   3.4372
  3.4407   3.4817   3.4871   3.5197   3.5255   3.5295   3.5296   3.5328
  3.5753   3.6165   3.6638   3.6782   3.6810   3.7666   3.7771   3.8859
  3.8951   3.9019   3.9497   3.9890   4.0839   4.0965   4.1082   4.1254
  4.1354   4.1831   4.2240   4.2519   4.4014   4.4049   4.5373   4.5753
  4.6423   4.6822   4.7220   4.7264   4.7749   4.8394   4.8480   4.8920
  4.9169   4.9525   4.9548   4.9617   5.0429   5.0699   5.0964   5.1128
  5.1570   5.1895   5.2043   5.2464   5.2490   5.2588   5.3115   5.3349
  5.3389   5.3723   5.3843   5.3853   5.4012   5.4065   5.4712   5.5326
  5.5364   5.5481   5.5565   5.5603   5.5644   5.6147   5.6848   5.6904
  5.6934   5.7541   5.7780   5.8231   5.8591   5.8872   5.8991   5.9035
  5.9119   5.9449   5.9472   6.0057   6.0252   6.0319   6.0520   6.0608
  6.0612   6.0681   6.0715   6.0983   6.1279   6.1314   6.1416   6.1503
  6.1703   6.1862   6.1917   6.2136   6.2188   6.2194   6.2459   6.2558
  6.2669   6.2840   6.2910   6.3219   6.3452   6.3605   6.3657   6.3660
  6.4101   6.4219   6.4417   6.4580   6.4772   6.4896   6.5214   6.5381
  6.5734   6.5799   6.5959   6.6122   6.6242   6.6408   6.6452   6.6681
  6.6930   6.6969   6.7301   6.7578   6.7737   6.7867   6.8016   6.8037
  6.8163   6.9647   6.9883   7.0117   7.0163   7.0230   7.0409   7.0818
  7.0992   7.1072   7.1180   7.1897   7.1917   7.2446   7.2673   7.2717
  7.3663   7.3916   7.4142   7.4262   7.4594   7.4702   7.4829   7.4872
  7.5145   7.5336   7.5548   7.5719   7.5960   7.6317   7.6826   7.6858
  7.7210   7.7842   7.8161   7.8312   7.8962   7.9033   7.9386   7.9487
  7.9536   7.9754   7.9837   8.1119   8.1125   8.1151   8.1230   8.1389
  8.1647   8.1674   8.1808   8.1883   8.2577   8.2953   8.3017   8.3148
  8.3232   8.3629   8.3680   8.3707   8.4014   8.4090   8.4145   8.4351
  8.4796   8.5063   8.5319   8.5488   8.5540   8.5886   8.6278   8.6308
  8.6483   8.7102   8.7465   8.7708   8.7834   8.8592   8.9211   8.9344
  8.9555   9.0086   9.0226   9.3882   9.3996   9.5038   9.5077   9.5708
  9.6325   9.6823   9.7260   9.7269   9.7673   9.7783   9.8578   9.9813
 10.0428  10.0512  10.0897  10.1910  10.2346  10.2899  10.3971  10.4641
 10.5346  10.7089  10.7250  10.8051  10.8985  11.6641  11.9890  12.4913
 12.5813  12.7715  13.0548  27.9691  28.5208  28.7255  29.1008  29.1953
 29.5165 148.7741 149.3233 149.5292 149.8894 149.9749 150.3283
 
 Beta MOs
 -- Occupied --
-10.3584 -10.3568 -10.3568 -10.3561 -10.3561 -10.3505  -0.9895  -0.8789
 -0.8616  -0.7260  -0.7025  -0.6276  -0.5594  -0.5564  -0.5332  -0.4888
 -0.4814  -0.4537  -0.3539  -0.3456
 -- Virtual --
 -0.0073   0.0557   0.0734   0.0756   0.0882   0.0986   0.1201   0.1325
  0.1685   0.1706   0.1804   0.2035   0.2053   0.2073   0.2210   0.2284
  0.2292   0.2300   0.2541   0.2776   0.2827   0.3355   0.3363   0.3386
  0.3479   0.3616   0.3618   0.3692   0.3727   0.4024   0.4055   0.4221
  0.4229   0.4401   0.4516   0.4690   0.4776   0.4940   0.5186   0.5414
  0.5473   0.5773   0.6032   0.6034   0.6139   0.6289   0.6325   0.6396
  0.7053   0.7162   0.7300   0.7414   0.7423   0.7556   0.7682   0.7890
  0.8081   0.8140   0.8253   0.8287   0.8319   0.8369   0.8440   0.8455
  0.8546   0.8721   0.9113   0.9191   0.9246   0.9649   0.9665   0.9709
  0.9765   0.9789   0.9796   0.9928   1.0180   1.0320   1.0577   1.0609
  1.0837   1.0869   1.1007   1.1010   1.1205   1.1523   1.1692   1.1935
  1.1974   1.2158   1.2233   1.2449   1.2491   1.2598   1.2696   1.3173
  1.3305   1.3477   1.3899   1.4647   1.4731   1.4817   1.5159   1.5301
  1.5961   1.6040   1.6086   1.6218   1.6439   1.6711   1.7399   1.7513
  1.7538   1.7757   1.7850   1.8126   1.8147   1.8307   1.8374   1.8478
  1.8782   1.8811   1.9140   1.9211   1.9469   1.9987   1.9998   2.0010
  2.0030   2.0219   2.0323   2.0370   2.0439   2.0704   2.0871   2.0984
  2.1040   2.1084   2.1457   2.1652   2.1699   2.1784   2.1946   2.2168
  2.2317   2.2347   2.2818   2.3082   2.3108   2.3158   2.3442   2.3510
  2.3586   2.3591   2.3669   2.3875   2.4011   2.4125   2.4541   2.4744
  2.4892   2.4977   2.5103   2.5235   2.5302   2.5404   2.5513   2.5546
  2.5770   2.5793   2.6156   2.6366   2.6447   2.6621   2.6630   2.6646
  2.6765   2.6835   2.7023   2.7085   2.7351   2.7677   2.7745   2.7974
  2.8092   2.8257   2.8413   2.8579   2.8628   2.8846   2.9191   2.9475
  2.9597   3.0164   3.0295   3.0428   3.0841   3.1191   3.1728   3.1759
  3.2066   3.2075   3.2409   3.2599   3.3574   3.3633   3.3767   3.4386
  3.4441   3.4517   3.4870   3.4894   3.5236   3.5295   3.5336   3.5380
  3.5401   3.5833   3.6181   3.6669   3.6835   3.6867   3.7702   3.7810
  3.8928   3.8996   3.9035   3.9552   4.0060   4.0885   4.1034   4.1109
  4.1289   4.1434   4.1893   4.2373   4.2585   4.4167   4.4263   4.5459
  4.5812   4.6515   4.6926   4.7360   4.7376   4.7808   4.8460   4.8778
  4.9219   4.9230   4.9560   4.9701   4.9707   5.0523   5.0777   5.1038
  5.1153   5.1714   5.1959   5.2167   5.2569   5.2577   5.2603   5.3203
  5.3400   5.3521   5.3775   5.3887   5.4066   5.4095   5.4129   5.4868
  5.5364   5.5477   5.5531   5.5690   5.5696   5.5767   5.6445   5.6922
  5.6988   5.7023   5.7674   5.7841   5.8405   5.8712   5.8968   5.9078
  5.9109   5.9132   5.9554   5.9715   6.0198   6.0333   6.0379   6.0576
  6.0668   6.0689   6.0779   6.0818   6.1154   6.1398   6.1469   6.1539
  6.1665   6.1749   6.1951   6.2046   6.2209   6.2278   6.2335   6.2490
  6.2619   6.2836   6.2965   6.2992   6.3332   6.3493   6.3720   6.3958
  6.3989   6.4191   6.4423   6.4518   6.4871   6.4945   6.5101   6.5601
  6.5696   6.5789   6.5860   6.6041   6.6310   6.6349   6.6562   6.6615
  6.6718   6.7027   6.7152   6.7464   6.7604   6.7775   6.8052   6.8228
  6.8277   6.8278   6.9727   7.0012   7.0230   7.0282   7.0417   7.0525
  7.0963   7.1220   7.1231   7.1255   7.1946   7.2016   7.2625   7.2763
  7.2914   7.3810   7.4066   7.4276   7.4300   7.4651   7.4793   7.4953
  7.5065   7.5392   7.5404   7.5583   7.5832   7.6012   7.6426   7.6899
  7.6974   7.7278   7.7936   7.8234   7.8376   7.9095   7.9101   7.9463
  7.9589   7.9708   7.9807   7.9936   8.1158   8.1187   8.1222   8.1289
  8.1490   8.1723   8.1731   8.1874   8.1945   8.2676   8.2996   8.3136
  8.3190   8.3401   8.3688   8.3736   8.3779   8.4116   8.4167   8.4200
  8.4445   8.4811   8.5139   8.5440   8.5614   8.5657   8.5958   8.6382
  8.6410   8.6573   8.7187   8.7525   8.7821   8.7962   8.8694   8.9277
  8.9561   8.9641   9.0179   9.0311   9.4086   9.4183   9.5120   9.5168
  9.5779   9.6417   9.6850   9.7288   9.7321   9.7729   9.7860   9.8593
  9.9870  10.0500  10.0694  10.0961  10.1993  10.2380  10.2974  10.4181
 10.4944  10.5609  10.7145  10.7350  10.8317  10.9134  11.6762  11.9970
 12.5027  12.5836  12.7835  13.0630  27.9858  28.5350  28.7267  29.1078
 29.1965  29.5198 148.7810 149.3282 149.5300 149.8921 149.9756 150.3298
 --------------------------------------------------------------
 
          Ground-State Mulliken Net Atomic Charges

     Atom                 Charge (a.u.)    Spin (a.u.)
  --------------------------------------------------------
      1 C                    -0.081435       0.041994
      2 C                    -0.102767      -0.024183
      3 C                    -0.085964       0.041949
      4 C                    -0.109561       0.004585
      5 C                     0.006035       0.885664
      6 C                    -0.110922       0.002153
      7 H                     0.097509       0.006167
      8 H                     0.088395      -0.000907
      9 H                     0.099185       0.006163
     10 H                     0.098864       0.018491
     11 H                     0.100662       0.017923
  --------------------------------------------------------
  Sum of atomic charges =     0.000000
  Sum of spin   charges =     1.000000

 -----------------------------------------------------------------
                    Cartesian Multipole Moments
 -----------------------------------------------------------------
    Charge (ESU x 10^10)
                 0.0000
    Dipole Moment (Debye)
         X       0.1910      Y      -0.5514      Z       0.6550
       Tot       0.8772
    Quadrupole Moments (Debye-Ang)
        XX     -39.1027     XY      -0.1485     YY     -32.2154
        XZ       1.1117     YZ       2.2544     ZZ     -33.2625
    Octopole Moments (Debye-Ang^2)
       XXX       4.5435    XXY      -4.5723    XYY       1.8978
       YYY     -11.5403    XXZ       5.3045    XYZ      -1.0132
       YYZ       7.5797    XZZ       1.8981    YZZ      -7.9949
       ZZZ      15.7395
    Hexadecapole Moments (Debye-Ang^3)
      XXXX     -61.9262   XXXY      10.5568   XXYY     -64.1443
      XYYY       6.8970   YYYY    -265.4052   XXXZ     -27.3630
      XXYZ      -2.7452   XYYZ      -7.4112   YYYZ      -0.2583
      XXZZ     -60.3947   XYZZ       5.0526   YYZZ     -94.5214
      XZZZ     -17.9043   YZZZ       3.3103   ZZZZ    -261.6483
 -----------------------------------------------------------------
 Total job time:  57.98s(wall), 1757.40s(cpu) 
 Thu Aug  1 11:04:42 2024

        *************************************************************
        *                                                           *
        *  Thank you very much for using Q-Chem.  Have a nice day.  *
        *                                                           *
        *************************************************************


