
Running Job 1 of 1 s7-p1-triplet-wb97xd-wB97mV.in
qchem s7-p1-triplet-wb97xd-wB97mV.in_1467829.0 /expanse/lustre/scratch/whughes/temp_project/job_32713945/s7-p1-triplet-wb97xd-wB97mV-32713945/ 0
/cm/shared/apps/spack/0.17.3/cpu/b/opt/spack/linux-rocky8-zen2/gcc-10.2.0/qchem-6.0-rytxnwjazd34ekd2gqyi5ufsaimxsd3r/exe/qcprog.exe_s s7-p1-triplet-wb97xd-wB97mV.in_1467829.0 /expanse/lustre/scratch/whughes/temp_project/job_32713945/s7-p1-triplet-wb97xd-wB97mV-32713945/
                  Welcome to Q-Chem
     A Quantum Leap Into The Future Of Chemistry


 Q-Chem 6.0, Q-Chem, Inc., Pleasanton, CA (2022)

 License issued to: University of California, San Diego (site)

 E. Epifanovsky,  A. T. B. Gilbert,  Xintian Feng,  Joonho Lee,  Yuezhi Mao,  
 N. Mardirossian,  P. Pokhilko,  A. White,  M. Wormit,  M. P. Coons,  
 A. L. Dempwolff,  Zhengting Gan,  D. Hait,  P. R. Horn,  L. D. Jacobson,  
 I. Kaliman,  J. Kussmann,  A. W. Lange,  Ka Un Lao,  D. S. Levine,  Jie Liu,  
 S. C. McKenzie,  A. F. Morrison,  K. Nanda,  F. Plasser,  D. R. Rehn,  
 M. L. Vidal,  Zhi-Qiang You,  Ying Zhu,  B. Alam,  B. Albrecht,  
 A. Aldossary,  E. Alguire,  J. H. Andersen,  V. Athavale,  D. Barton,  
 K. Begam,  A. Behn,  N. Bellonzi,  Y. A. Bernard,  E. J. Berquist,  
 H. Burton,  A. Carreras,  K. Carter-Fenk,  Romit Chakraborty,  
 Chandrima Chakravarty,  Junhan Chen,  A. D. Chien,  K. D. Closser,  
 V. Cofer-Shabica,  L. Cunha,  S. Dasgupta,  Jia Deng,  M. de Wergifosse,  
 M. Diedenhofen,  Hainam Do,  S. Ehlert,  Po-Tung Fang,  S. Fatehi,  
 Qingguo Feng,  T. Friedhoff,  B. Ganoe,  J. Gayvert,  Qinghui Ge,  
 G. Gidofalvi,  M. Goldey,  J. Gomes,  C. Gonzalez-Espinoza,  S. Gulania,  
 A. Gunina,  J. A. Gyamfi,  M. W. D. Hanson-Heine,  P. H. P. Harbach,  
 A. W. Hauser,  M. F. Herbst,  M. Hernandez Vera,  M. Hodecker,  
 Z. C. Holden,  S. Houck,  Xunkun Huang,  Kerwin Hui,  B. C. Huynh,  
 K. Ikeda,  M. Ivanov,  Hyunjun Ji,  Zuxin Jin,  Hanjie Jiang,  B. Kaduk,  
 S. Kaehler,  R. Kang,  K. Khistyaev,  Jaehoon Kim,  Yongbin Kim,  
 P. Klunzinger,  Z. Koczor-Benda,  Joong Hoon Koh,  D. Kosenkov,  
 Saikiran Kotaru,  L. Koulias,  T. Kowalczyk,  C. M. Krauter,  K. Kue,  
 A. Kunitsa,  T. Kus,  A. Landau,  K. V. Lawler,  D. Lefrancois,  S. Lehtola,  
 Rain Li,  Shaozhi Li,  Yi-Pei Li,  Jiashu Liang,  M. Liebenthal,  
 Hung-Hsuan Lin,  You-Sheng Lin,  Fenglai Liu,  Kuan-Yu Liu,  
 M. Loipersberger,  A. Luenser,  C. Malbon,  A. Manjanath,  P. Manohar,  
 E. Mansoor,  S. F. Manzer,  Shan-Ping Mao,  A. V. Marenich,  T. Markovich,  
 S. Mason,  F. Matz,  S. A. Maurer,  P. F. McLaughlin,  M. F. S. J. Menger,  
 J.-M. Mewes,  S. A. Mewes,  P. Morgante,  Mohammad Mostafanejad,  
 J. W. Mullinax,  K. J. Oosterbaan,  G. Paran,  V. Parravicini,  
 Alexander C. Paul,  Suranjan K. Paul,  F. Pavosevic,  Zheng Pei,  S. Prager,  
 E. I. Proynov,  E. Ramos,  B. Rana,  A. E. Rask,  A. Rettig,  R. M. Richard,  
 F. Rob,  E. Rossomme,  T. Scheele,  M. Scheurer,  M. Schneider,  
 P. E. Schneider,  N. Sergueev,  S. M. Sharada,  Hengyuan Shen,  
 W. Skomorowski,  D. W. Small,  C. J. Stein,  Yingli Su,  Yu-Chuan Su,  
 E. J. Sundstrom,  Zhen Tao,  J. Thirman,  Hung-Yi Tsai,  T. Tsuchimochi,  
 N. M. Tubman,  C. Utku,  S. P. Veccham,  O. Vydrov,  J. Wenzel,  
 Jonathan Wong,  J. Witte,  A. Yamada,  Chou-Hsun Yang,  Kun Yao,  
 S. Yeganeh,  S. R. Yost,  A. Zech,  F. Zeller,  Igor Ying Zhang,  
 Xing Zhang,  Yu Zhang,  D. Zuev,  A. Aspuru-Guzik,  A. T. Bell,  
 N. A. Besley,  K. B. Bravaya,  B. R. Brooks,  D. Casanova,  Jeng-Da Chai,  
 Hsing-Ta Chen,  S. Coriani,  C. J. Cramer,  A. E. DePrince, III,  
 R. A. DiStasio Jr.,  A. Dreuw,  B. D. Dunietz,  T. R. Furlani,  
 W. A. Goddard III,  S. Grimme,  S. Hammes-Schiffer,  T. Head-Gordon,  
 W. J. Hehre,  Chao-Ping Hsu,  T.-C. Jagau,  Yousung Jung,  A. Klamt,  
 Jing Kong,  D. S. Lambrecht,  Xiangyuan Li,  WanZhen Liang,  N. J. Mayhall,  
 C. W. McCurdy,  J. B. Neaton,  T. Neudecker,  C. Ochsenfeld,  
 J. A. Parkhill,  R. Peverati,  V. A. Rassolov,  Haisheng Ren,  Yihan Shao,  
 L. V. Slipchenko,  R. P. Steele,  J. E. Subotnik,  A. J. W. Thom,  
 A. Tkatchenko,  D. G. Truhlar,  T. Van Voorhis,  Fan Wang,  
 T. A. Wesolowski,  K. B. Whaley,  H. L. Woodcock III,  P. M. Zimmerman,  
 S. Faraji,  P. M. W. Gill,  M. Head-Gordon,  J. M. Herbert,  A. I. Krylov

 Contributors to earlier versions of Q-Chem not listed above: 
 R. D. Adamson,  B. Austin,  R. Baer,  J. Baker,  G. J. O. Beran,  
 K. Brandhorst,  S. T. Brown,  E. F. C. Byrd,  Arup K. Chakraborty,  
 G. K. L. Chan,  Chun-Min Chang,  Yunqing Chen,  C.-L. Cheng,  
 Siu Hung Chien,  D. M. Chipman,  D. L. Crittenden,  H. Dachsel,  
 R. J. Doerksen,  A. D. Dutoi,  R. G. Edgar,  J. Fosso-Tande,  
 L. Fusti-Molnar,  D. Ghosh,  A. Ghysels,  A. Golubeva-Zadorozhnaya,  
 J. Gonthier,  M. S. Gordon,  S. R. Gwaltney,  G. Hawkins,  J. E. Herr,  
 A. Heyden,  S. Hirata,  E. G. Hohenstein,  G. Kedziora,  F. J. Keil,  
 C. Kelley,  Jihan Kim,  R. A. King,  R. Z. Khaliullin,  P. P. Korambath,  
 W. Kurlancheek,  A. Laurent,  A. M. Lee,  M. S. Lee,  S. V. Levchenko,  
 Ching Yeh Lin,  D. Liotard,  E. Livshits,  R. C. Lochan,  I. Lotan,  
 L. A. Martinez-Martinez,  P. E. Maslen,  N. Nair,  D. P. O'Neill,  
 D. Neuhauser,  E. Neuscamman,  C. M. Oana,  R. Olivares-Amaya,  R. Olson,  
 T. M. Perrine,  B. Peters,  P. A. Pieniazek,  A. Prociuk,  Y. M. Rhee,  
 J. Ritchie,  M. A. Rohrdanz,  E. Rosta,  N. J. Russ,  H. F. Schaefer III,  
 M. W. Schmidt,  N. E. Schultz,  S. Sharma,  N. Shenvi,  C. D. Sherrill,  
 A. C. Simmonett,  A. Sodt,  T. Stein,  D. Stuck,  K. S. Thanthiriwatte,  
 V. Vanovschi,  L. Vogt,  Tao Wang,  A. Warshel,  M. A. Watson,  
 C. F. Williams,  Q. Wu,  X. Xu,  Jun Yang,  W. Zhang,  Yan Zhao

   Please cite Q-Chem as follows:
  "Software for the frontiers of quantum chemistry:
   An overview of developments in the Q-Chem 5 package"
   J. Chem. Phys. 155, 084801 (2021)
   https://doi.org/10.1063/5.0055522 (open access)

 Q-Chem 6.0.2 for Intel X86 EM64T Linux

 Parts of Q-Chem use Armadillo 9.900.5 (Nocturnal Misbehaviour).
 http://arma.sourceforge.net/

 Q-Chem begins on Fri Aug  2 09:34:40 2024  

 Host: 
0

     Scratch files written to /expanse/lustre/scratch/whughes/temp_project/job_32713945/s7-p1-triplet-wb97xd-wB97mV-32713945//
 Dec722 |scratch|qcdevops|jenkins|workspace|build_RNUM    
 Processing $rem in /cm/shared/apps/spack/0.17.3/cpu/b/opt/spack/linux-rocky8-zen2/gcc-10.2.0/qchem-6.0-rytxnwjazd34ekd2gqyi5ufsaimxsd3r/config/preferences:
 Processing $rem in /home/whughes/.qchemrc:

 Checking the input file for inconsistencies... 	...done.

--------------------------------------------------------------
User input:
--------------------------------------------------------------
$molecule
0 3
C    -2.0227391516   -0.9467075628   2.2989309906
C    -2.7611614619   -1.7163915438   1.2781150637
C    -2.364264617    -1.7708816487   -0.1097860905
N    -1.3014543593   -0.9872057624   -0.5148728308
C    -0.6347515416   -0.0062257651   0.2009585402
S    -1.4192255384   0.6353939465    1.6167287367
O    -2.9274590095   -2.4976754438   -0.9176569969
C    0.5892634677    0.5358368131    -0.300207492
C    1.198530218     1.6533885607    0.3082783413
C    2.3693396901    2.1852756171    -0.1877833496
C    2.983806164     1.6330173338    -1.3063618477
C    2.4074562937    0.5264856196    -1.9146321787
C    1.2359195119    -0.0175849143   -1.4261806649
H    -2.6563279736   -0.7011116632   3.150814697
H    -1.1573685578   -1.5023714147   2.6745233755
H    -3.6381148718   -2.2930902969   1.5371593645
H    -1.0820173458   -1.0994118376   -1.4926958783
H    0.7404173238    2.1000755691    1.1806760366
H    2.810251126     3.0441872756    0.3023974737
H    3.9016194114    2.055488737     -1.6932948655
H    2.8815812512    0.0743042887    -2.776707159
H    0.8466979706    -0.9047949079   -1.9084042661
$end

$rem
METHOD      wB97M-V
BASIS       def2-QZVPP
SYM_IGNORE   TRUE
DFT_D       false
MAX_SCF_CYCLES 300
$end

$end
--------------------------------------------------------------
 ----------------------------------------------------------------
             Standard Nuclear Orientation (Angstroms)
    I     Atom           X                Y                Z
 ----------------------------------------------------------------
    1      C      -2.0227391516    -0.9467075628     2.2989309906
    2      C      -2.7611614619    -1.7163915438     1.2781150637
    3      C      -2.3642646170    -1.7708816487    -0.1097860905
    4      N      -1.3014543593    -0.9872057624    -0.5148728308
    5      C      -0.6347515416    -0.0062257651     0.2009585402
    6      S      -1.4192255384     0.6353939465     1.6167287367
    7      O      -2.9274590095    -2.4976754438    -0.9176569969
    8      C       0.5892634677     0.5358368131    -0.3002074920
    9      C       1.1985302180     1.6533885607     0.3082783413
   10      C       2.3693396901     2.1852756171    -0.1877833496
   11      C       2.9838061640     1.6330173338    -1.3063618477
   12      C       2.4074562937     0.5264856196    -1.9146321787
   13      C       1.2359195119    -0.0175849143    -1.4261806649
   14      H      -2.6563279736    -0.7011116632     3.1508146970
   15      H      -1.1573685578    -1.5023714147     2.6745233755
   16      H      -3.6381148718    -2.2930902969     1.5371593645
   17      H      -1.0820173458    -1.0994118376    -1.4926958783
   18      H       0.7404173238     2.1000755691     1.1806760366
   19      H       2.8102511260     3.0441872756     0.3023974737
   20      H       3.9016194114     2.0554887370    -1.6932948655
   21      H       2.8815812512     0.0743042887    -2.7767071590
   22      H       0.8466979706    -0.9047949079    -1.9084042661
 ----------------------------------------------------------------
 Nuclear Repulsion Energy =         831.47434153 hartrees
 There are       51 alpha and       49 beta electrons
 Requested basis set is def2-QZVPP
 There are 316 shells and 1024 basis functions

 Total QAlloc Memory Limit   8000 MB
 Mega-Array Size       188 MB
 MEM_STATIC part       192 MB

 A cutoff of  1.0D-09 yielded  31650 shell pairs
 There are    322914 function pairs (    484064 Cartesian)
 Smallest overlap matrix eigenvalue = 5.85E-06

 Q-Chem warning in module stvman/mkSTV.C, line 305:

 Overlap eigenvalue is smaller than square root of threshold
 Use THRESH >= 12 to get rid of this warning


 Scale SEOQF with 1.000000e-01/1.000000e-01/1.000000e-01

 Standard Electronic Orientation quadrupole field applied
 Nucleus-field energy     =     0.0000000102 hartrees
 Guess from superposition of atomic densities
 Warning:  Energy on first SCF cycle will be non-variational
 SAD guess density has 100.000000 electrons

 -----------------------------------------------------------------------
  General SCF calculation program by
  Eric Jon Sundstrom, Paul Horn, Yuezhi Mao, Dmitri Zuev, Alec White,
  David Stuck, Shaama M.S., Shane Yost, Joonho Lee, David Small,
  Daniel Levine, Susi Lehtola, Hugh Burton, Evgeny Epifanovsky,
  Bang C. Huynh
 -----------------------------------------------------------------------
 Exchange:     0.1500 Hartree-Fock + 1.0000 wB97M-V + LR-HF
 Correlation:  1.0000 wB97M-V
 Using SG-2 standard quadrature grid
 Nonlocal Correlation:  VV10 with C = 0.0100 and b = 6.00 and scale = 1.00000
 Grid used for NLC:  SG-1 standard quadrature
 using 32 threads for integral computing
 -------------------------------------------------------
 OpenMP Integral computing Module                
 Release: version 1.0, May 2013, Q-Chem Inc. Pittsburgh 
 -------------------------------------------------------
 A unrestricted SCF calculation will be
 performed using DIIS
 SCF converges when DIIS error is below 1.0e-05
 ---------------------------------------
  Cycle       Energy         DIIS error
 ---------------------------------------
    1    -918.9590502771      6.15e-03  
    2    -914.3930740898      6.20e-04  
    3    -914.3152022846      8.42e-04  
    4    -914.5899209354      9.79e-05  
    5    -914.5953887975      5.35e-05  
    6    -914.5975304139      1.53e-05  
    7    -914.5980336609      8.47e-06  Convergence criterion met
 ---------------------------------------
 SCF time:   CPU 9884.98s  wall 327.00s 
<S^2> =          2.032222100
 SCF   energy in the final basis set =     -914.5980336609
 Total energy in the final basis set =     -914.5980336609
 
 --------------------------------------------------------------
 
                    Orbital Energies (a.u.)
 --------------------------------------------------------------
 
 Alpha MOs
 -- Occupied --
-89.2009 -19.3163 -14.5542 -10.4611 -10.4269 -10.4025 -10.3975 -10.3732
-10.3561 -10.3540 -10.3531 -10.3520 -10.3499  -8.1391  -6.0500  -6.0466
 -6.0417  -1.1896  -1.0927  -0.9967  -0.9677  -0.9249  -0.8811  -0.8694
 -0.8057  -0.7871  -0.7319  -0.7160  -0.6848  -0.6547  -0.6158  -0.6029
 -0.5952  -0.5766  -0.5676  -0.5546  -0.5471  -0.5353  -0.5320  -0.5181
 -0.4921  -0.4755  -0.4603  -0.4493  -0.4392  -0.3871  -0.3763  -0.3617
 -0.3534  -0.3396  -0.2451
 -- Virtual --
  0.0504   0.0581   0.0670   0.0725   0.0830   0.0885   0.0905   0.0953
  0.1049   0.1159   0.1278   0.1311   0.1381   0.1445   0.1529   0.1574
  0.1643   0.1737   0.1806   0.1881   0.1904   0.1959   0.2071   0.2122
  0.2197   0.2257   0.2281   0.2365   0.2391   0.2484   0.2494   0.2593
  0.2741   0.2793   0.2834   0.2872   0.2968   0.3032   0.3115   0.3145
  0.3217   0.3266   0.3280   0.3346   0.3375   0.3491   0.3522   0.3544
  0.3606   0.3661   0.3694   0.3731   0.3864   0.3888   0.3953   0.4011
  0.4123   0.4155   0.4179   0.4258   0.4338   0.4386   0.4517   0.4555
  0.4600   0.4683   0.4756   0.4784   0.4849   0.4895   0.5018   0.5062
  0.5126   0.5207   0.5230   0.5362   0.5387   0.5418   0.5479   0.5571
  0.5664   0.5747   0.5797   0.5824   0.5990   0.6057   0.6092   0.6152
  0.6272   0.6387   0.6463   0.6501   0.6576   0.6665   0.6749   0.6836
  0.6884   0.6971   0.7037   0.7153   0.7214   0.7236   0.7371   0.7503
  0.7649   0.7731   0.7807   0.7840   0.7877   0.7946   0.7977   0.8060
  0.8170   0.8205   0.8276   0.8277   0.8350   0.8382   0.8415   0.8475
  0.8560   0.8620   0.8670   0.8750   0.8835   0.8897   0.8939   0.8964
  0.9100   0.9192   0.9247   0.9281   0.9322   0.9346   0.9401   0.9511
  0.9575   0.9645   0.9726   0.9841   0.9875   0.9887   0.9974   1.0000
  1.0097   1.0228   1.0249   1.0302   1.0340   1.0416   1.0513   1.0579
  1.0662   1.0746   1.0774   1.0869   1.0902   1.0942   1.0986   1.1068
  1.1196   1.1259   1.1296   1.1395   1.1507   1.1567   1.1635   1.1684
  1.1815   1.1920   1.1974   1.2052   1.2160   1.2174   1.2285   1.2362
  1.2398   1.2510   1.2568   1.2655   1.2749   1.2757   1.2842   1.2908
  1.3146   1.3235   1.3255   1.3537   1.3605   1.3706   1.3779   1.3945
  1.4019   1.4145   1.4171   1.4292   1.4439   1.4615   1.4752   1.4879
  1.4911   1.4999   1.5206   1.5219   1.5425   1.5433   1.5607   1.5719
  1.5776   1.5833   1.5939   1.6043   1.6107   1.6147   1.6184   1.6346
  1.6554   1.6685   1.6743   1.6774   1.6804   1.6857   1.7001   1.7044
  1.7255   1.7399   1.7449   1.7529   1.7573   1.7727   1.7758   1.7828
  1.7957   1.8080   1.8161   1.8250   1.8265   1.8395   1.8505   1.8601
  1.8752   1.8774   1.8916   1.8938   1.9077   1.9207   1.9297   1.9368
  1.9462   1.9526   1.9633   1.9677   1.9788   1.9910   1.9939   1.9979
  2.0037   2.0160   2.0286   2.0363   2.0425   2.0480   2.0560   2.0583
  2.0708   2.0748   2.0814   2.0936   2.0962   2.1061   2.1096   2.1160
  2.1319   2.1382   2.1437   2.1526   2.1589   2.1702   2.1799   2.1851
  2.1903   2.1989   2.2015   2.2099   2.2152   2.2209   2.2368   2.2467
  2.2489   2.2560   2.2582   2.2639   2.2722   2.2818   2.2846   2.2924
  2.3017   2.3168   2.3217   2.3349   2.3364   2.3398   2.3499   2.3612
  2.3666   2.3737   2.3786   2.3850   2.3974   2.4000   2.4157   2.4332
  2.4371   2.4493   2.4566   2.4593   2.4698   2.4750   2.4802   2.4885
  2.4952   2.4990   2.5097   2.5153   2.5247   2.5340   2.5351   2.5395
  2.5475   2.5599   2.5732   2.5786   2.5826   2.5914   2.5993   2.6061
  2.6138   2.6223   2.6297   2.6463   2.6553   2.6683   2.6702   2.6731
  2.6741   2.6847   2.6904   2.6999   2.7062   2.7098   2.7175   2.7287
  2.7356   2.7402   2.7524   2.7594   2.7675   2.7735   2.7860   2.7987
  2.8025   2.8168   2.8238   2.8306   2.8388   2.8509   2.8562   2.8593
  2.8672   2.8755   2.8787   2.8896   2.8983   2.9000   2.9049   2.9225
  2.9293   2.9422   2.9504   2.9641   2.9847   2.9865   2.9928   3.0129
  3.0192   3.0302   3.0469   3.0525   3.0655   3.0719   3.0877   3.0934
  3.1091   3.1149   3.1224   3.1308   3.1373   3.1577   3.1767   3.1804
  3.1992   3.2042   3.2111   3.2262   3.2399   3.2511   3.2609   3.2683
  3.2771   3.3022   3.3221   3.3300   3.3474   3.3578   3.3747   3.3823
  3.3873   3.4040   3.4193   3.4362   3.4452   3.4498   3.4582   3.4618
  3.4700   3.4861   3.5088   3.5140   3.5159   3.5200   3.5320   3.5413
  3.5489   3.5513   3.5682   3.5780   3.5796   3.5925   3.6000   3.6068
  3.6184   3.6271   3.6472   3.6498   3.6628   3.6718   3.6825   3.6949
  3.7118   3.7330   3.7408   3.7515   3.7584   3.7777   3.7862   3.7899
  3.8153   3.8324   3.8420   3.8572   3.8840   3.8967   3.9094   3.9252
  3.9289   3.9477   3.9543   3.9749   3.9801   3.9923   4.0152   4.0361
  4.0459   4.0614   4.0801   4.0924   4.1145   4.1315   4.1489   4.1547
  4.1629   4.1778   4.1947   4.2088   4.2309   4.2372   4.2663   4.2778
  4.2947   4.3175   4.3329   4.3452   4.3591   4.3847   4.3949   4.4088
  4.4259   4.4532   4.4705   4.5136   4.5372   4.5660   4.5876   4.6099
  4.6366   4.6599   4.6852   4.7201   4.7314   4.7676   4.7748   4.7995
  4.8269   4.8513   4.8812   4.8912   4.9064   4.9335   4.9523   4.9645
  4.9687   4.9824   4.9919   4.9973   5.0223   5.0527   5.0634   5.0860
  5.0992   5.0996   5.1025   5.1076   5.1260   5.1379   5.1661   5.1711
  5.2152   5.2226   5.2445   5.2521   5.2662   5.2810   5.2888   5.3040
  5.3189   5.3346   5.3505   5.3767   5.3819   5.4033   5.4207   5.4281
  5.4384   5.4411   5.4633   5.4712   5.4878   5.4971   5.5029   5.5255
  5.5314   5.5546   5.5681   5.5731   5.5779   5.5875   5.6026   5.6216
  5.6309   5.6376   5.6467   5.6657   5.6723   5.6845   5.6900   5.7144
  5.7377   5.7425   5.7567   5.7706   5.7787   5.7924   5.8104   5.8248
  5.8343   5.8577   5.8631   5.8699   5.8825   5.8971   5.9059   5.9061
  5.9162   5.9201   5.9277   5.9365   5.9590   5.9699   5.9782   5.9829
  5.9923   6.0010   6.0100   6.0237   6.0381   6.0550   6.0596   6.0675
  6.0742   6.0847   6.0965   6.1085   6.1142   6.1206   6.1361   6.1437
  6.1525   6.1583   6.1735   6.1838   6.1886   6.1937   6.2008   6.2132
  6.2243   6.2268   6.2312   6.2411   6.2496   6.2598   6.2613   6.2691
  6.2770   6.2973   6.3027   6.3084   6.3188   6.3210   6.3324   6.3347
  6.3432   6.3481   6.3579   6.3601   6.3833   6.3918   6.4078   6.4128
  6.4263   6.4370   6.4485   6.4499   6.4632   6.4736   6.4846   6.4925
  6.5060   6.5082   6.5277   6.5280   6.5410   6.5511   6.5680   6.5826
  6.6030   6.6188   6.6223   6.6325   6.6458   6.6512   6.6535   6.6608
  6.6705   6.6762   6.6832   6.7049   6.7111   6.7167   6.7249   6.7486
  6.7572   6.7765   6.7809   6.7928   6.8050   6.8116   6.8224   6.8354
  6.8441   6.8540   6.8790   6.9036   6.9131   6.9166   6.9298   6.9436
  6.9610   6.9779   6.9820   6.9912   6.9980   7.0125   7.0314   7.0427
  7.0625   7.0817   7.0881   7.0932   7.1113   7.1368   7.1569   7.1680
  7.1732   7.2160   7.2256   7.2369   7.2543   7.2597   7.2710   7.3062
  7.3201   7.3320   7.3440   7.3615   7.3784   7.3910   7.4077   7.4216
  7.4491   7.4597   7.4759   7.4762   7.4910   7.4999   7.5111   7.5198
  7.5252   7.5437   7.5573   7.5698   7.5799   7.5849   7.5923   7.6080
  7.6094   7.6397   7.6479   7.6593   7.6700   7.6890   7.7147   7.7227
  7.7245   7.7528   7.7607   7.7795   7.7992   7.8181   7.8363   7.8480
  7.8606   7.8848   7.9040   7.9254   7.9313   7.9412   7.9475   7.9490
  7.9851   7.9874   7.9939   8.0040   8.0115   8.0473   8.0502   8.0695
  8.1021   8.1190   8.1267   8.1310   8.1427   8.1527   8.1726   8.1809
  8.1819   8.1968   8.2072   8.2131   8.2313   8.2514   8.2705   8.2800
  8.2879   8.3038   8.3142   8.3161   8.3305   8.3383   8.3460   8.3510
  8.3607   8.3686   8.3879   8.3896   8.3922   8.4067   8.4101   8.4248
  8.4360   8.4498   8.4513   8.4730   8.4733   8.4892   8.4918   8.5158
  8.5375   8.5421   8.5572   8.5724   8.5798   8.6021   8.6168   8.6208
  8.6210   8.6331   8.6678   8.6860   8.7052   8.7254   8.7289   8.7579
  8.7825   8.8063   8.8222   8.8329   8.8704   8.8749   8.9094   8.9214
  8.9250   8.9375   8.9468   8.9652   8.9901   8.9991   9.0079   9.0167
  9.0511   9.0564   9.0899   9.1048   9.1162   9.1476   9.1889   9.2212
  9.2431   9.2800   9.3291   9.3912   9.4303   9.4329   9.4707   9.4909
  9.4993   9.5215   9.5421   9.5658   9.5754   9.6030   9.6537   9.6671
  9.6889   9.6921   9.6986   9.7336   9.7561   9.7628   9.8036   9.8208
  9.8332   9.8417   9.8626   9.8740   9.8938   9.9137   9.9261   9.9636
  9.9831  10.0034  10.0334  10.0822  10.1003  10.1075  10.1346  10.1756
 10.2086  10.2432  10.2516  10.2787  10.3256  10.3691  10.4104  10.4212
 10.4556  10.4718  10.5311  10.5863  10.7529  10.7771  10.8351  10.8973
 10.9508  11.0077  11.0659  11.1492  11.2045  11.4444  11.5746  11.6786
 11.7089  11.7568  11.9505  11.9588  11.9822  11.9835  12.0186  12.0567
 12.0960  12.2813  12.3071  12.4533  12.4859  12.5468  12.6556  12.8276
 12.8530  13.1183  13.2431  13.6093  14.3220  14.5466  14.9825  25.0584
 28.0624  28.3525  28.4534  28.7202  28.7288  28.8357  29.0329  29.0573
 29.1194  29.2459  29.4668  29.5574  29.5705  38.3382  48.5104  84.8317
148.8989 149.1740 149.2555 149.5281 149.5392 149.6249 149.8961 149.9592
150.0330 150.3765 199.7571 255.9456 454.1092
 
 Beta MOs
 -- Occupied --
-89.2004 -19.3105 -14.5524 -10.4620 -10.4181 -10.4026 -10.3860 -10.3750
-10.3543 -10.3536 -10.3531 -10.3516 -10.3474  -8.1385  -6.0493  -6.0461
 -6.0403  -1.1808  -1.0839  -0.9942  -0.9576  -0.9141  -0.8788  -0.8584
 -0.7937  -0.7789  -0.7290  -0.7125  -0.6757  -0.6503  -0.6068  -0.5949
 -0.5839  -0.5704  -0.5550  -0.5464  -0.5402  -0.5320  -0.5252  -0.4994
 -0.4856  -0.4646  -0.4565  -0.4364  -0.4231  -0.3786  -0.3557  -0.3499
 -0.3416
 -- Virtual --
 -0.0480  -0.0151   0.0537   0.0622   0.0685   0.0819   0.0866   0.0910
  0.0938   0.0987   0.1117   0.1172   0.1317   0.1355   0.1394   0.1524
  0.1550   0.1602   0.1661   0.1751   0.1831   0.1905   0.1938   0.1986
  0.2086   0.2132   0.2232   0.2277   0.2316   0.2397   0.2435   0.2501
  0.2533   0.2621   0.2769   0.2814   0.2866   0.2895   0.2982   0.3053
  0.3136   0.3176   0.3242   0.3282   0.3314   0.3366   0.3424   0.3513
  0.3548   0.3585   0.3637   0.3689   0.3715   0.3790   0.3881   0.3912
  0.3980   0.4033   0.4136   0.4179   0.4212   0.4283   0.4367   0.4424
  0.4529   0.4577   0.4629   0.4703   0.4775   0.4809   0.4873   0.4904
  0.5038   0.5080   0.5141   0.5223   0.5248   0.5384   0.5418   0.5435
  0.5508   0.5587   0.5690   0.5772   0.5813   0.5855   0.6016   0.6082
  0.6111   0.6175   0.6300   0.6415   0.6501   0.6546   0.6608   0.6698
  0.6783   0.6900   0.6912   0.7005   0.7095   0.7187   0.7246   0.7272
  0.7383   0.7524   0.7675   0.7782   0.7833   0.7864   0.7918   0.7984
  0.8003   0.8086   0.8193   0.8234   0.8299   0.8305   0.8372   0.8393
  0.8469   0.8495   0.8584   0.8638   0.8696   0.8785   0.8855   0.8915
  0.8971   0.9021   0.9132   0.9220   0.9279   0.9315   0.9345   0.9363
  0.9457   0.9553   0.9580   0.9658   0.9745   0.9865   0.9887   0.9915
  0.9992   1.0016   1.0116   1.0253   1.0282   1.0326   1.0367   1.0434
  1.0536   1.0609   1.0680   1.0766   1.0802   1.0891   1.0922   1.0967
  1.1007   1.1084   1.1212   1.1293   1.1328   1.1424   1.1536   1.1594
  1.1659   1.1715   1.1853   1.1945   1.1993   1.2071   1.2185   1.2205
  1.2318   1.2380   1.2417   1.2534   1.2595   1.2682   1.2779   1.2785
  1.2857   1.2927   1.3155   1.3252   1.3272   1.3552   1.3632   1.3727
  1.3807   1.3970   1.4031   1.4167   1.4200   1.4320   1.4463   1.4631
  1.4778   1.4900   1.4946   1.5076   1.5240   1.5249   1.5477   1.5490
  1.5649   1.5751   1.5811   1.5863   1.5970   1.6077   1.6156   1.6183
  1.6225   1.6385   1.6589   1.6712   1.6776   1.6794   1.6838   1.6904
  1.7030   1.7084   1.7301   1.7456   1.7497   1.7575   1.7610   1.7746
  1.7804   1.7882   1.8038   1.8139   1.8218   1.8277   1.8326   1.8473
  1.8539   1.8652   1.8796   1.8816   1.8963   1.9020   1.9148   1.9250
  1.9340   1.9425   1.9502   1.9588   1.9693   1.9742   1.9840   1.9982
  1.9992   2.0037   2.0094   2.0200   2.0338   2.0427   2.0467   2.0518
  2.0621   2.0645   2.0733   2.0830   2.0873   2.0975   2.1010   2.1105
  2.1163   2.1191   2.1361   2.1428   2.1477   2.1578   2.1679   2.1784
  2.1863   2.1909   2.1949   2.2033   2.2083   2.2133   2.2212   2.2291
  2.2430   2.2503   2.2548   2.2611   2.2635   2.2679   2.2779   2.2881
  2.2888   2.2987   2.3057   2.3215   2.3251   2.3405   2.3436   2.3445
  2.3550   2.3642   2.3748   2.3788   2.3834   2.3916   2.4031   2.4049
  2.4212   2.4384   2.4439   2.4584   2.4659   2.4666   2.4811   2.4836
  2.4845   2.4952   2.5005   2.5067   2.5134   2.5191   2.5316   2.5386
  2.5417   2.5457   2.5532   2.5678   2.5778   2.5821   2.5852   2.5956
  2.6043   2.6169   2.6194   2.6285   2.6356   2.6546   2.6620   2.6744
  2.6752   2.6775   2.6820   2.6895   2.6996   2.7031   2.7116   2.7148
  2.7249   2.7366   2.7415   2.7461   2.7570   2.7637   2.7718   2.7788
  2.7902   2.8027   2.8072   2.8221   2.8276   2.8351   2.8425   2.8567
  2.8598   2.8631   2.8711   2.8803   2.8824   2.8952   2.9040   2.9059
  2.9106   2.9293   2.9359   2.9502   2.9572   2.9726   2.9909   2.9926
  2.9996   3.0172   3.0243   3.0399   3.0523   3.0576   3.0724   3.0802
  3.0934   3.0990   3.1171   3.1235   3.1293   3.1360   3.1444   3.1634
  3.1821   3.1877   3.2063   3.2143   3.2165   3.2330   3.2437   3.2567
  3.2688   3.2722   3.2839   3.3116   3.3279   3.3379   3.3558   3.3635
  3.3801   3.3924   3.3948   3.4115   3.4274   3.4458   3.4481   3.4561
  3.4635   3.4687   3.4799   3.4939   3.5142   3.5188   3.5232   3.5265
  3.5354   3.5462   3.5572   3.5576   3.5758   3.5860   3.5881   3.6001
  3.6080   3.6138   3.6277   3.6334   3.6565   3.6591   3.6705   3.6787
  3.6896   3.7024   3.7178   3.7403   3.7508   3.7593   3.7654   3.7868
  3.7930   3.7992   3.8239   3.8419   3.8500   3.8668   3.8924   3.9047
  3.9165   3.9338   3.9354   3.9537   3.9603   3.9845   3.9918   4.0000
  4.0239   4.0423   4.0548   4.0679   4.0896   4.1005   4.1254   4.1378
  4.1582   4.1630   4.1729   4.1843   4.2014   4.2164   4.2339   4.2450
  4.2752   4.2851   4.3050   4.3279   4.3404   4.3571   4.3689   4.3931
  4.4043   4.4195   4.4350   4.4628   4.4808   4.5236   4.5485   4.5751
  4.5927   4.6145   4.6449   4.6694   4.6955   4.7287   4.7401   4.7721
  4.7832   4.8120   4.8333   4.8611   4.8951   4.9027   4.9173   4.9425
  4.9605   4.9729   4.9781   4.9951   5.0177   5.0319   5.0582   5.0819
  5.0881   5.0976   5.1071   5.1084   5.1181   5.1276   5.1435   5.1462
  5.1831   5.1899   5.2343   5.2488   5.2640   5.2669   5.2796   5.2908
  5.2977   5.3218   5.3366   5.3526   5.3738   5.3944   5.4057   5.4163
  5.4322   5.4392   5.4537   5.4652   5.4813   5.4898   5.5038   5.5122
  5.5163   5.5517   5.5582   5.5664   5.5803   5.5910   5.5933   5.6178
  5.6203   5.6410   5.6475   5.6556   5.6629   5.6812   5.6883   5.6949
  5.7067   5.7353   5.7515   5.7595   5.7688   5.7880   5.8025   5.8151
  5.8204   5.8391   5.8633   5.8719   5.8825   5.8875   5.9015   5.9126
  5.9188   5.9248   5.9278   5.9345   5.9452   5.9563   5.9760   5.9822
  5.9920   5.9974   6.0033   6.0175   6.0246   6.0375   6.0490   6.0671
  6.0739   6.0780   6.0860   6.0958   6.1127   6.1185   6.1287   6.1441
  6.1459   6.1544   6.1642   6.1674   6.1868   6.1917   6.2017   6.2066
  6.2165   6.2259   6.2335   6.2362   6.2469   6.2617   6.2646   6.2754
  6.2825   6.2833   6.2931   6.3120   6.3182   6.3197   6.3290   6.3390
  6.3439   6.3463   6.3573   6.3616   6.3728   6.3765   6.3922   6.4041
  6.4209   6.4285   6.4394   6.4612   6.4681   6.4742   6.4831   6.4943
  6.4986   6.5143   6.5225   6.5275   6.5418   6.5479   6.5545   6.5758
  6.5926   6.6034   6.6183   6.6311   6.6366   6.6446   6.6572   6.6671
  6.6699   6.6807   6.6873   6.6904   6.6996   6.7181   6.7186   6.7345
  6.7514   6.7707   6.7815   6.7946   6.7968   6.8081   6.8154   6.8326
  6.8444   6.8567   6.8663   6.8842   6.8988   6.9269   6.9295   6.9349
  6.9570   6.9587   6.9795   6.9903   6.9984   7.0057   7.0164   7.0250
  7.0460   7.0527   7.0759   7.0940   7.1020   7.1082   7.1235   7.1515
  7.1728   7.1790   7.1889   7.2343   7.2384   7.2462   7.2689   7.2810
  7.2863   7.3196   7.3342   7.3484   7.3563   7.3730   7.3937   7.4052
  7.4248   7.4329   7.4574   7.4691   7.4794   7.4828   7.4978   7.5094
  7.5210   7.5321   7.5382   7.5520   7.5720   7.5796   7.5923   7.5988
  7.6049   7.6179   7.6266   7.6517   7.6669   7.6807   7.6875   7.7109
  7.7301   7.7340   7.7410   7.7603   7.7698   7.7924   7.8110   7.8303
  7.8457   7.8580   7.8729   7.8965   7.9141   7.9371   7.9451   7.9521
  7.9581   7.9701   7.9930   8.0019   8.0047   8.0095   8.0335   8.0577
  8.0719   8.0870   8.1154   8.1264   8.1352   8.1440   8.1518   8.1622
  8.1852   8.1877   8.1965   8.2114   8.2196   8.2243   8.2432   8.2642
  8.2822   8.2951   8.2996   8.3185   8.3278   8.3307   8.3412   8.3524
  8.3526   8.3603   8.3736   8.3785   8.3929   8.3966   8.4054   8.4148
  8.4260   8.4345   8.4510   8.4599   8.4618   8.4805   8.4856   8.4938
  8.5128   8.5271   8.5486   8.5564   8.5806   8.5877   8.6052   8.6249
  8.6299   8.6344   8.6391   8.6500   8.6756   8.7018   8.7184   8.7312
  8.7402   8.7630   8.7895   8.8159   8.8334   8.8460   8.8801   8.8916
  8.9188   8.9294   8.9346   8.9497   8.9580   8.9737   9.0074   9.0139
  9.0245   9.0356   9.0649   9.0732   9.1008   9.1186   9.1242   9.1590
  9.2082   9.2363   9.2588   9.2988   9.3451   9.4039   9.4414   9.4444
  9.4855   9.5012   9.5214   9.5388   9.5479   9.5758   9.5980   9.6210
  9.6764   9.6866   9.6956   9.7114   9.7381   9.7405   9.7857   9.8025
  9.8142   9.8357   9.8716   9.8833   9.8883   9.8950   9.9153   9.9371
  9.9491   9.9820   9.9904  10.0271  10.0553  10.0925  10.1140  10.1202
 10.1523  10.1867  10.2385  10.2526  10.2613  10.2999  10.3291  10.3828
 10.4297  10.4364  10.4727  10.4855  10.5476  10.5944  10.7659  10.7866
 10.8420  10.9092  10.9570  11.0227  11.0818  11.1805  11.2348  11.4593
 11.5958  11.6923  11.7159  11.7792  11.9698  11.9792  11.9980  12.0075
 12.0305  12.0685  12.1044  12.3143  12.3285  12.4896  12.5524  12.6330
 12.6912  12.8461  12.8660  13.1282  13.2724  13.6182  14.3501  14.5561
 15.0068  25.0613  28.0678  28.3721  28.4671  28.7275  28.7322  28.8666
 29.0349  29.0596  29.1266  29.2485  29.4677  29.5596  29.5729  38.3421
 48.5189  84.8332 148.9000 149.1781 149.2579 149.5292 149.5398 149.6326
149.8976 149.9593 150.0335 150.3771 199.7582 255.9489 454.1098
 --------------------------------------------------------------
 
          Ground-State Mulliken Net Atomic Charges

     Atom                 Charge (a.u.)    Spin (a.u.)
  --------------------------------------------------------
      1 C                    -0.202600      -0.011598
      2 C                    -0.044557       0.824628
      3 C                     0.135551      -0.014725
      4 N                    -0.227170       0.076429
      5 C                     0.053986       0.532396
      6 S                     0.052991       0.095830
      7 O                    -0.317155       0.221993
      8 C                    -0.023910      -0.083960
      9 C                    -0.037884       0.152781
     10 C                    -0.099394      -0.061966
     11 C                    -0.054101       0.167175
     12 C                    -0.107284      -0.063108
     13 C                    -0.058144       0.157220
     14 H                     0.108109       0.014360
     15 H                     0.134189       0.046226
     16 H                     0.142364      -0.038994
     17 H                     0.172148       0.002823
     18 H                     0.064267      -0.010494
     19 H                     0.084469       0.002519
     20 H                     0.088658      -0.004735
     21 H                     0.084442       0.003100
     22 H                     0.051027      -0.007902
  --------------------------------------------------------
  Sum of atomic charges =    -0.000000
  Sum of spin   charges =     2.000000

 -----------------------------------------------------------------
                    Cartesian Multipole Moments
 -----------------------------------------------------------------
    Charge (ESU x 10^10)
                -0.0000
    Dipole Moment (Debye)
         X       1.3792      Y       0.7662      Z       2.1771
       Tot       2.6887
    Quadrupole Moments (Debye-Ang)
        XX     -86.0606     XY      -1.9225     YY     -88.7024
        XZ     -12.2287     YZ      -4.8451     ZZ     -76.5848
    Octopole Moments (Debye-Ang^2)
       XXX      95.8916    XXY      26.8728    XYY      54.5311
       YYY      24.0763    XXZ      14.6305    XYZ      23.1358
       YYZ      13.2582    XZZ      17.0167    YZZ     -11.1057
       ZZZ     -10.1492
    Hexadecapole Moments (Debye-Ang^3)
      XXXX   -2146.3306   XXXY    -564.7639   XXYY    -569.9343
      XYYY    -605.8419   YYYY   -1108.6142   XXXZ     243.7920
      XXYZ     -65.9784   XYYZ      86.9328   YYYZ      21.6641
      XXZZ    -457.7334   XYZZ    -184.2881   YYZZ    -338.6185
      XZZZ     321.4433   YZZZ      34.5992   ZZZZ    -897.1518
 -----------------------------------------------------------------
 Total job time:  335.21s(wall), 9941.07s(cpu) 
 Fri Aug  2 09:40:15 2024

        *************************************************************
        *                                                           *
        *  Thank you very much for using Q-Chem.  Have a nice day.  *
        *                                                           *
        *************************************************************


