
Running Job 1 of 1 HAT2-R1_rdkit_conf_4_wb97xd-wB97mV.in
qchem HAT2-R1_rdkit_conf_4_wb97xd-wB97mV.in_2617881.0 /expanse/lustre/scratch/whughes/temp_project/job_32696666/HAT2-R1_rdkit_conf_4_wb97xd-wB97mV-32696666/ 0
/cm/shared/apps/spack/0.17.3/cpu/b/opt/spack/linux-rocky8-zen2/gcc-10.2.0/qchem-6.0-rytxnwjazd34ekd2gqyi5ufsaimxsd3r/exe/qcprog.exe_s HAT2-R1_rdkit_conf_4_wb97xd-wB97mV.in_2617881.0 /expanse/lustre/scratch/whughes/temp_project/job_32696666/HAT2-R1_rdkit_conf_4_wb97xd-wB97mV-32696666/
                  Welcome to Q-Chem
     A Quantum Leap Into The Future Of Chemistry


 Q-Chem 6.0, Q-Chem, Inc., Pleasanton, CA (2022)

 License issued to: University of California, San Diego (site)

 E. Epifanovsky,  A. T. B. Gilbert,  Xintian Feng,  Joonho Lee,  Yuezhi Mao,  
 N. Mardirossian,  P. Pokhilko,  A. White,  M. Wormit,  M. P. Coons,  
 A. L. Dempwolff,  Zhengting Gan,  D. Hait,  P. R. Horn,  L. D. Jacobson,  
 I. Kaliman,  J. Kussmann,  A. W. Lange,  Ka Un Lao,  D. S. Levine,  Jie Liu,  
 S. C. McKenzie,  A. F. Morrison,  K. Nanda,  F. Plasser,  D. R. Rehn,  
 M. L. Vidal,  Zhi-Qiang You,  Ying Zhu,  B. Alam,  B. Albrecht,  
 A. Aldossary,  E. Alguire,  J. H. Andersen,  V. Athavale,  D. Barton,  
 K. Begam,  A. Behn,  N. Bellonzi,  Y. A. Bernard,  E. J. Berquist,  
 H. Burton,  A. Carreras,  K. Carter-Fenk,  Romit Chakraborty,  
 Chandrima Chakravarty,  Junhan Chen,  A. D. Chien,  K. D. Closser,  
 V. Cofer-Shabica,  L. Cunha,  S. Dasgupta,  Jia Deng,  M. de Wergifosse,  
 M. Diedenhofen,  Hainam Do,  S. Ehlert,  Po-Tung Fang,  S. Fatehi,  
 Qingguo Feng,  T. Friedhoff,  B. Ganoe,  J. Gayvert,  Qinghui Ge,  
 G. Gidofalvi,  M. Goldey,  J. Gomes,  C. Gonzalez-Espinoza,  S. Gulania,  
 A. Gunina,  J. A. Gyamfi,  M. W. D. Hanson-Heine,  P. H. P. Harbach,  
 A. W. Hauser,  M. F. Herbst,  M. Hernandez Vera,  M. Hodecker,  
 Z. C. Holden,  S. Houck,  Xunkun Huang,  Kerwin Hui,  B. C. Huynh,  
 K. Ikeda,  M. Ivanov,  Hyunjun Ji,  Zuxin Jin,  Hanjie Jiang,  B. Kaduk,  
 S. Kaehler,  R. Kang,  K. Khistyaev,  Jaehoon Kim,  Yongbin Kim,  
 P. Klunzinger,  Z. Koczor-Benda,  Joong Hoon Koh,  D. Kosenkov,  
 Saikiran Kotaru,  L. Koulias,  T. Kowalczyk,  C. M. Krauter,  K. Kue,  
 A. Kunitsa,  T. Kus,  A. Landau,  K. V. Lawler,  D. Lefrancois,  S. Lehtola,  
 Rain Li,  Shaozhi Li,  Yi-Pei Li,  Jiashu Liang,  M. Liebenthal,  
 Hung-Hsuan Lin,  You-Sheng Lin,  Fenglai Liu,  Kuan-Yu Liu,  
 M. Loipersberger,  A. Luenser,  C. Malbon,  A. Manjanath,  P. Manohar,  
 E. Mansoor,  S. F. Manzer,  Shan-Ping Mao,  A. V. Marenich,  T. Markovich,  
 S. Mason,  F. Matz,  S. A. Maurer,  P. F. McLaughlin,  M. F. S. J. Menger,  
 J.-M. Mewes,  S. A. Mewes,  P. Morgante,  Mohammad Mostafanejad,  
 J. W. Mullinax,  K. J. Oosterbaan,  G. Paran,  V. Parravicini,  
 Alexander C. Paul,  Suranjan K. Paul,  F. Pavosevic,  Zheng Pei,  S. Prager,  
 E. I. Proynov,  E. Ramos,  B. Rana,  A. E. Rask,  A. Rettig,  R. M. Richard,  
 F. Rob,  E. Rossomme,  T. Scheele,  M. Scheurer,  M. Schneider,  
 P. E. Schneider,  N. Sergueev,  S. M. Sharada,  Hengyuan Shen,  
 W. Skomorowski,  D. W. Small,  C. J. Stein,  Yingli Su,  Yu-Chuan Su,  
 E. J. Sundstrom,  Zhen Tao,  J. Thirman,  Hung-Yi Tsai,  T. Tsuchimochi,  
 N. M. Tubman,  C. Utku,  S. P. Veccham,  O. Vydrov,  J. Wenzel,  
 Jonathan Wong,  J. Witte,  A. Yamada,  Chou-Hsun Yang,  Kun Yao,  
 S. Yeganeh,  S. R. Yost,  A. Zech,  F. Zeller,  Igor Ying Zhang,  
 Xing Zhang,  Yu Zhang,  D. Zuev,  A. Aspuru-Guzik,  A. T. Bell,  
 N. A. Besley,  K. B. Bravaya,  B. R. Brooks,  D. Casanova,  Jeng-Da Chai,  
 Hsing-Ta Chen,  S. Coriani,  C. J. Cramer,  A. E. DePrince, III,  
 R. A. DiStasio Jr.,  A. Dreuw,  B. D. Dunietz,  T. R. Furlani,  
 W. A. Goddard III,  S. Grimme,  S. Hammes-Schiffer,  T. Head-Gordon,  
 W. J. Hehre,  Chao-Ping Hsu,  T.-C. Jagau,  Yousung Jung,  A. Klamt,  
 Jing Kong,  D. S. Lambrecht,  Xiangyuan Li,  WanZhen Liang,  N. J. Mayhall,  
 C. W. McCurdy,  J. B. Neaton,  T. Neudecker,  C. Ochsenfeld,  
 J. A. Parkhill,  R. Peverati,  V. A. Rassolov,  Haisheng Ren,  Yihan Shao,  
 L. V. Slipchenko,  R. P. Steele,  J. E. Subotnik,  A. J. W. Thom,  
 A. Tkatchenko,  D. G. Truhlar,  T. Van Voorhis,  Fan Wang,  
 T. A. Wesolowski,  K. B. Whaley,  H. L. Woodcock III,  P. M. Zimmerman,  
 S. Faraji,  P. M. W. Gill,  M. Head-Gordon,  J. M. Herbert,  A. I. Krylov

 Contributors to earlier versions of Q-Chem not listed above: 
 R. D. Adamson,  B. Austin,  R. Baer,  J. Baker,  G. J. O. Beran,  
 K. Brandhorst,  S. T. Brown,  E. F. C. Byrd,  Arup K. Chakraborty,  
 G. K. L. Chan,  Chun-Min Chang,  Yunqing Chen,  C.-L. Cheng,  
 Siu Hung Chien,  D. M. Chipman,  D. L. Crittenden,  H. Dachsel,  
 R. J. Doerksen,  A. D. Dutoi,  R. G. Edgar,  J. Fosso-Tande,  
 L. Fusti-Molnar,  D. Ghosh,  A. Ghysels,  A. Golubeva-Zadorozhnaya,  
 J. Gonthier,  M. S. Gordon,  S. R. Gwaltney,  G. Hawkins,  J. E. Herr,  
 A. Heyden,  S. Hirata,  E. G. Hohenstein,  G. Kedziora,  F. J. Keil,  
 C. Kelley,  Jihan Kim,  R. A. King,  R. Z. Khaliullin,  P. P. Korambath,  
 W. Kurlancheek,  A. Laurent,  A. M. Lee,  M. S. Lee,  S. V. Levchenko,  
 Ching Yeh Lin,  D. Liotard,  E. Livshits,  R. C. Lochan,  I. Lotan,  
 L. A. Martinez-Martinez,  P. E. Maslen,  N. Nair,  D. P. O'Neill,  
 D. Neuhauser,  E. Neuscamman,  C. M. Oana,  R. Olivares-Amaya,  R. Olson,  
 T. M. Perrine,  B. Peters,  P. A. Pieniazek,  A. Prociuk,  Y. M. Rhee,  
 J. Ritchie,  M. A. Rohrdanz,  E. Rosta,  N. J. Russ,  H. F. Schaefer III,  
 M. W. Schmidt,  N. E. Schultz,  S. Sharma,  N. Shenvi,  C. D. Sherrill,  
 A. C. Simmonett,  A. Sodt,  T. Stein,  D. Stuck,  K. S. Thanthiriwatte,  
 V. Vanovschi,  L. Vogt,  Tao Wang,  A. Warshel,  M. A. Watson,  
 C. F. Williams,  Q. Wu,  X. Xu,  Jun Yang,  W. Zhang,  Yan Zhao

   Please cite Q-Chem as follows:
  "Software for the frontiers of quantum chemistry:
   An overview of developments in the Q-Chem 5 package"
   J. Chem. Phys. 155, 084801 (2021)
   https://doi.org/10.1063/5.0055522 (open access)

 Q-Chem 6.0.2 for Intel X86 EM64T Linux

 Parts of Q-Chem use Armadillo 9.900.5 (Nocturnal Misbehaviour).
 http://arma.sourceforge.net/

 Q-Chem begins on Thu Aug  1 15:50:06 2024  

 Host: 
0

     Scratch files written to /expanse/lustre/scratch/whughes/temp_project/job_32696666/HAT2-R1_rdkit_conf_4_wb97xd-wB97mV-32696666//
 Dec722 |scratch|qcdevops|jenkins|workspace|build_RNUM    
 Processing $rem in /cm/shared/apps/spack/0.17.3/cpu/b/opt/spack/linux-rocky8-zen2/gcc-10.2.0/qchem-6.0-rytxnwjazd34ekd2gqyi5ufsaimxsd3r/config/preferences:
 Processing $rem in /home/whughes/.qchemrc:

 Checking the input file for inconsistencies... 	...done.

--------------------------------------------------------------
User input:
--------------------------------------------------------------
$molecule
0 3
C    -2.7550698498   0.5819926153    0.4376608387
C    -2.053224267    -0.7559644225   0.4188100639
C    -0.8042136901   -0.9153379072   -0.4327863776
C    0.3747578592    -0.0381347979   -0.0013948296
C    1.6071388249    -0.2529090474   -0.872154919
C    2.781483127     0.6244383177    -0.4595863081
O    -1.9542647841   -1.3181681023   1.6009746535
H    -2.8724322633   0.9246127887    -0.590530233
H    -3.7418268271   0.4954216097    0.8924540381
H    -2.1862048219   1.3348939079    0.9976917046
H    -0.5038967838   -1.9658869442   -0.4238478277
H    -1.0950091087   -0.6756360481   -1.4593696851
H    0.61954035      -0.2521892691   1.0426664038
H    0.0820931484    1.0156135405    -0.0439429946
H    1.3498694403    -0.0539062082   -1.9174445578
H    1.901310061     -1.305970203    -0.8250773101
H    3.6512126412    0.4503190046    -1.0949483121
H    3.0757197588    0.4234011704    0.572952904
H    2.5229171851    1.6835099953    -0.5297272518
$end

$rem
METHOD      wB97M-V
BASIS       def2-QZVPP
SYM_IGNORE   TRUE
DFT_D       false
MAX_SCF_CYCLES 300
$end

$end
--------------------------------------------------------------
 ----------------------------------------------------------------
             Standard Nuclear Orientation (Angstroms)
    I     Atom           X                Y                Z
 ----------------------------------------------------------------
    1      C      -2.7550698498     0.5819926153     0.4376608387
    2      C      -2.0532242670    -0.7559644225     0.4188100639
    3      C      -0.8042136901    -0.9153379072    -0.4327863776
    4      C       0.3747578592    -0.0381347979    -0.0013948296
    5      C       1.6071388249    -0.2529090474    -0.8721549190
    6      C       2.7814831270     0.6244383177    -0.4595863081
    7      O      -1.9542647841    -1.3181681023     1.6009746535
    8      H      -2.8724322633     0.9246127887    -0.5905302330
    9      H      -3.7418268271     0.4954216097     0.8924540381
   10      H      -2.1862048219     1.3348939079     0.9976917046
   11      H      -0.5038967838    -1.9658869442    -0.4238478277
   12      H      -1.0950091087    -0.6756360481    -1.4593696851
   13      H       0.6195403500    -0.2521892691     1.0426664038
   14      H       0.0820931484     1.0156135405    -0.0439429946
   15      H       1.3498694403    -0.0539062082    -1.9174445578
   16      H       1.9013100610    -1.3059702030    -0.8250773101
   17      H       3.6512126412     0.4503190046    -1.0949483121
   18      H       3.0757197588     0.4234011704     0.5729529040
   19      H       2.5229171851     1.6835099953    -0.5297272518
 ----------------------------------------------------------------
 Nuclear Repulsion Energy =         300.63413680 hartrees
 There are       29 alpha and       27 beta electrons
 Requested basis set is def2-QZVPP
 There are 239 shells and 759 basis functions

 Total QAlloc Memory Limit   8000 MB
 Mega-Array Size       188 MB
 MEM_STATIC part       192 MB

 A cutoff of  1.0D-09 yielded  21211 shell pairs
 There are    205799 function pairs (    301512 Cartesian)
 Smallest overlap matrix eigenvalue = 3.30E-05

 Scale SEOQF with 1.000000e-01/1.000000e-01/1.000000e-01

 Standard Electronic Orientation quadrupole field applied
 Nucleus-field energy     =     0.0000000067 hartrees
 Guess from superposition of atomic densities
 Warning:  Energy on first SCF cycle will be non-variational
 SAD guess density has 56.000000 electrons

 -----------------------------------------------------------------------
  General SCF calculation program by
  Eric Jon Sundstrom, Paul Horn, Yuezhi Mao, Dmitri Zuev, Alec White,
  David Stuck, Shaama M.S., Shane Yost, Joonho Lee, David Small,
  Daniel Levine, Susi Lehtola, Hugh Burton, Evgeny Epifanovsky,
  Bang C. Huynh
 -----------------------------------------------------------------------
 Exchange:     0.1500 Hartree-Fock + 1.0000 wB97M-V + LR-HF
 Correlation:  1.0000 wB97M-V
 Using SG-2 standard quadrature grid
 Nonlocal Correlation:  VV10 with C = 0.0100 and b = 6.00 and scale = 1.00000
 Grid used for NLC:  SG-1 standard quadrature
 using 32 threads for integral computing
 -------------------------------------------------------
 OpenMP Integral computing Module                
 Release: version 1.0, May 2013, Q-Chem Inc. Pittsburgh 
 -------------------------------------------------------
 A unrestricted SCF calculation will be
 performed using DIIS
 SCF converges when DIIS error is below 1.0e-05
 ---------------------------------------
  Cycle       Energy         DIIS error
 ---------------------------------------
    1    -312.6386465679      5.95e-03  
    2    -310.8502687289      5.11e-04  
    3    -310.8797079722      5.24e-04  
    4    -310.9362524691      9.61e-05  
    5    -310.9403337654      6.35e-05  
    6    -310.9424266086      1.89e-05  
    7    -310.9430961734      9.64e-06  Convergence criterion met
 ---------------------------------------
 SCF time:   CPU 4001.35s  wall 134.00s 
<S^2> =          2.005863718
 SCF   energy in the final basis set =     -310.9430961734
 Total energy in the final basis set =     -310.9430961734
 
 --------------------------------------------------------------
 
                    Orbital Energies (a.u.)
 --------------------------------------------------------------
 
 Alpha MOs
 -- Occupied --
-19.4029 -10.3923 -10.3589 -10.3537 -10.3405 -10.3395 -10.3309  -1.1948
 -0.9364  -0.8875  -0.8463  -0.7736  -0.7043  -0.6686  -0.6015  -0.5902
 -0.5722  -0.5665  -0.5299  -0.5183  -0.5041  -0.4935  -0.4791  -0.4551
 -0.4524  -0.4412  -0.4266  -0.4167  -0.2511
 -- Virtual --
  0.0674   0.0781   0.0827   0.0946   0.1098   0.1165   0.1282   0.1334
  0.1362   0.1497   0.1551   0.1699   0.1714   0.1767   0.1909   0.1968
  0.2018   0.2171   0.2252   0.2346   0.2462   0.2563   0.2686   0.2776
  0.2917   0.2967   0.3120   0.3156   0.3271   0.3310   0.3480   0.3591
  0.3633   0.3706   0.3794   0.3817   0.3841   0.3879   0.3906   0.3934
  0.4030   0.4051   0.4101   0.4196   0.4241   0.4330   0.4418   0.4502
  0.4646   0.4801   0.5085   0.5361   0.5456   0.5595   0.5627   0.5703
  0.5960   0.5995   0.6079   0.6181   0.6363   0.6540   0.6683   0.6735
  0.6827   0.6888   0.7039   0.7084   0.7180   0.7237   0.7332   0.7511
  0.7549   0.7766   0.7857   0.7961   0.8010   0.8102   0.8285   0.8350
  0.8465   0.8546   0.8581   0.8625   0.8694   0.8766   0.8819   0.8823
  0.9002   0.9060   0.9078   0.9160   0.9244   0.9334   0.9437   0.9643
  0.9757   0.9777   0.9849   0.9923   0.9942   0.9976   1.0102   1.0315
  1.0457   1.0568   1.0648   1.0736   1.0744   1.0871   1.1049   1.1121
  1.1161   1.1338   1.1403   1.1606   1.1650   1.1867   1.1899   1.2076
  1.2182   1.2296   1.2501   1.2596   1.2741   1.2833   1.2910   1.3092
  1.3240   1.3337   1.3414   1.3623   1.3636   1.3782   1.3976   1.4030
  1.4208   1.4272   1.4491   1.4615   1.4820   1.4975   1.5021   1.5091
  1.5109   1.5178   1.5268   1.5412   1.5582   1.5653   1.6006   1.6079
  1.6269   1.6293   1.6371   1.6698   1.6850   1.7074   1.7685   1.8313
  1.8423   1.8574   1.8703   1.8778   1.8841   1.8895   1.9066   1.9136
  1.9283   1.9494   1.9756   1.9778   1.9863   1.9991   2.0090   2.0183
  2.0339   2.0376   2.0395   2.0568   2.0635   2.0686   2.0760   2.0852
  2.0964   2.0993   2.1090   2.1118   2.1210   2.1316   2.1356   2.1485
  2.1554   2.1720   2.1777   2.1872   2.1980   2.2022   2.2074   2.2145
  2.2282   2.2371   2.2457   2.2581   2.2720   2.2863   2.2919   2.3015
  2.3161   2.3243   2.3336   2.3504   2.3590   2.3686   2.3938   2.4095
  2.4153   2.4245   2.4367   2.4484   2.4669   2.4717   2.4789   2.4928
  2.5076   2.5217   2.5307   2.5366   2.5555   2.5661   2.5926   2.5997
  2.6053   2.6252   2.6351   2.6443   2.6484   2.6602   2.6834   2.6981
  2.7101   2.7193   2.7307   2.7543   2.7633   2.7700   2.7749   2.7899
  2.8018   2.8091   2.8310   2.8357   2.8376   2.8632   2.8790   2.8846
  2.8958   2.8981   2.9108   2.9159   2.9330   2.9465   2.9527   2.9587
  2.9737   2.9771   2.9886   3.0017   3.0055   3.0258   3.0385   3.0438
  3.0527   3.0652   3.0812   3.0938   3.0987   3.1155   3.1273   3.1457
  3.1556   3.1772   3.1870   3.2027   3.2054   3.2187   3.2297   3.2359
  3.2503   3.2732   3.2929   3.3303   3.3414   3.3486   3.3539   3.3785
  3.3882   3.3939   3.4016   3.4068   3.4322   3.4380   3.4488   3.4752
  3.4833   3.4916   3.5196   3.5264   3.5411   3.5577   3.5844   3.6007
  3.6273   3.6302   3.6503   3.6665   3.6985   3.7126   3.7301   3.7476
  3.7499   3.7688   3.8105   3.8227   3.8331   3.8566   3.8655   3.8752
  3.8869   3.9066   3.9220   3.9332   3.9456   3.9536   3.9598   3.9655
  3.9961   4.0030   4.0055   4.0317   4.0776   4.0922   4.1071   4.1277
  4.1515   4.1653   4.1819   4.2008   4.2375   4.2449   4.2702   4.3074
  4.3436   4.3508   4.3838   4.4034   4.4218   4.4427   4.5122   4.6234
  4.6993   4.7111   4.7418   4.7915   4.8213   4.9392   4.9933   5.0028
  5.0409   5.1017   5.1469   5.1948   5.2078   5.2366   5.2575   5.2738
  5.3099   5.3390   5.3563   5.3716   5.4108   5.4374   5.4457   5.4729
  5.4890   5.4989   5.5214   5.5415   5.5764   5.6007   5.6129   5.6234
  5.6377   5.6492   5.6796   5.7349   5.7463   5.7595   5.7834   5.7915
  5.8252   5.8256   5.8432   5.8623   5.8683   5.8736   5.8787   5.8899
  5.8974   5.9051   5.9175   5.9231   5.9380   5.9439   5.9485   5.9578
  5.9725   5.9815   5.9994   6.0074   6.0088   6.0305   6.0463   6.0686
  6.0945   6.1168   6.1218   6.1247   6.1300   6.1365   6.1483   6.1725
  6.1782   6.1948   6.2104   6.2200   6.2305   6.2414   6.2516   6.2552
  6.2724   6.2849   6.2947   6.3015   6.3225   6.3371   6.3541   6.3680
  6.3792   6.3871   6.3985   6.4000   6.4109   6.4165   6.4319   6.4373
  6.4484   6.4575   6.4782   6.4808   6.4840   6.4925   6.5053   6.5292
  6.5336   6.5623   6.5711   6.5790   6.6018   6.6148   6.6229   6.6325
  6.6608   6.6780   6.6907   6.7103   6.7212   6.7374   6.7656   6.7693
  6.7747   6.7854   6.8158   6.8384   6.8558   6.8602   6.8757   6.9017
  6.9090   6.9389   6.9425   6.9663   6.9891   6.9926   7.0017   7.0220
  7.0397   7.0690   7.0745   7.1096   7.1166   7.1232   7.1441   7.1730
  7.1940   7.1991   7.2121   7.2326   7.2361   7.2895   7.2944   7.3180
  7.3317   7.3456   7.3649   7.3692   7.3869   7.4209   7.4259   7.4412
  7.4531   7.4552   7.4649   7.5098   7.5211   7.5306   7.5448   7.5556
  7.5747   7.5860   7.6111   7.6279   7.6378   7.6544   7.6602   7.6689
  7.6825   7.6965   7.7130   7.7240   7.7337   7.7457   7.7627   7.7847
  7.7913   7.8047   7.8096   7.8211   7.8439   7.8677   7.8741   7.8842
  7.8903   7.9004   7.9136   7.9184   7.9370   7.9452   7.9589   7.9687
  7.9766   7.9950   8.0053   8.0130   8.0298   8.0572   8.0642   8.0819
  8.0899   8.0977   8.1010   8.1209   8.1498   8.1721   8.1887   8.2119
  8.2484   8.2787   8.3073   8.3324   8.3417   8.3659   8.3707   8.3728
  8.3845   8.3938   8.3973   8.4052   8.4133   8.4248   8.4447   8.4465
  8.4578   8.4676   8.4750   8.4902   8.5059   8.5088   8.5219   8.5343
  8.5513   8.5593   8.5723   8.5921   8.5949   8.6113   8.6310   8.6469
  8.6728   8.7079   8.7133   8.7383   8.7505   8.7747   8.8064   8.8137
  8.8480   8.8609   8.8679   8.8701   8.8802   8.8878   8.9002   8.9081
  8.9189   8.9271   8.9373   8.9649   8.9733   8.9889   9.0083   9.0132
  9.0176   9.0311   9.0678   9.0801   9.0983   9.1128   9.1221   9.1343
  9.1977   9.2054   9.2467   9.2732   9.3112   9.3817   9.4527   9.5054
  9.5586   9.5632   9.5702   9.5975   9.6177   9.6345   9.6444   9.6593
  9.6942   9.7000   9.7315   9.7450   9.7919   9.7947   9.8041   9.8309
  9.8619   9.8647   9.8813   9.8953   9.9232   9.9310   9.9761  10.0363
 10.0577  10.0913  10.1282  10.1445  10.1997  10.2057  10.2300  10.2432
 10.2890  10.3033  10.3455  10.3589  10.3742  10.3930  10.4061  10.4817
 10.5113  10.5201  10.6263  11.0434  11.0646  11.4032  11.4436  11.7423
 11.8169  11.8896  11.9684  11.9777  12.0020  12.1052  12.1184  12.1436
 12.1898  12.2365  12.3029  12.8381  12.9042  12.9604  12.9740  13.0918
 13.1841  13.2095  13.7736  14.2304  28.4501  29.1922  29.2295  29.2545
 29.3062  29.3809  48.2491 149.2488 150.0464 150.0919 150.1011 150.1780
150.2406 255.6592
 
 Beta MOs
 -- Occupied --
-19.3755 -10.3807 -10.3570 -10.3519 -10.3396 -10.3394 -10.3308  -1.1340
 -0.9310  -0.8742  -0.8386  -0.7652  -0.7021  -0.6382  -0.5930  -0.5588
 -0.5493  -0.5382  -0.5199  -0.5023  -0.4987  -0.4711  -0.4512  -0.4485
 -0.4315  -0.4294  -0.4238
 -- Virtual --
 -0.0664   0.0515   0.0681   0.0794   0.0851   0.0955   0.1109   0.1161
  0.1289   0.1342   0.1370   0.1500   0.1551   0.1697   0.1715   0.1804
  0.1924   0.1972   0.2028   0.2187   0.2263   0.2363   0.2463   0.2570
  0.2696   0.2792   0.2975   0.2983   0.3132   0.3200   0.3277   0.3338
  0.3515   0.3596   0.3681   0.3722   0.3832   0.3870   0.3882   0.3912
  0.3915   0.3956   0.4046   0.4073   0.4128   0.4228   0.4269   0.4431
  0.4518   0.4544   0.4781   0.4833   0.5129   0.5379   0.5566   0.5630
  0.5647   0.5706   0.5965   0.6026   0.6084   0.6219   0.6415   0.6568
  0.6713   0.6755   0.6856   0.6927   0.7070   0.7129   0.7231   0.7252
  0.7397   0.7539   0.7587   0.7775   0.7872   0.7996   0.8027   0.8158
  0.8331   0.8372   0.8479   0.8585   0.8628   0.8651   0.8717   0.8778
  0.8826   0.8842   0.9025   0.9071   0.9093   0.9202   0.9278   0.9349
  0.9466   0.9653   0.9768   0.9808   0.9906   0.9934   0.9959   1.0031
  1.0148   1.0344   1.0479   1.0595   1.0665   1.0758   1.0792   1.0887
  1.1086   1.1132   1.1172   1.1359   1.1444   1.1636   1.1701   1.1897
  1.1928   1.2096   1.2217   1.2326   1.2529   1.2617   1.2780   1.2873
  1.2924   1.3139   1.3294   1.3366   1.3447   1.3644   1.3679   1.3808
  1.4019   1.4074   1.4253   1.4295   1.4539   1.4678   1.4943   1.5002
  1.5083   1.5166   1.5171   1.5209   1.5365   1.5467   1.5717   1.5769
  1.6051   1.6148   1.6319   1.6345   1.6419   1.6770   1.6888   1.7141
  1.7753   1.8438   1.8486   1.8634   1.8767   1.8835   1.8896   1.8946
  1.9095   1.9185   1.9332   1.9564   1.9807   1.9826   1.9946   2.0036
  2.0127   2.0264   2.0390   2.0420   2.0444   2.0616   2.0672   2.0720
  2.0814   2.0902   2.1004   2.1017   2.1126   2.1194   2.1230   2.1376
  2.1421   2.1530   2.1584   2.1747   2.1806   2.1913   2.2009   2.2097
  2.2127   2.2181   2.2316   2.2451   2.2512   2.2624   2.2781   2.2915
  2.2966   2.3083   2.3205   2.3299   2.3403   2.3589   2.3648   2.3747
  2.4012   2.4151   2.4220   2.4303   2.4399   2.4570   2.4712   2.4770
  2.4848   2.4955   2.5158   2.5250   2.5380   2.5457   2.5587   2.5725
  2.5978   2.6037   2.6119   2.6297   2.6394   2.6473   2.6516   2.6714
  2.6881   2.7013   2.7143   2.7242   2.7400   2.7601   2.7668   2.7738
  2.7774   2.7931   2.8077   2.8146   2.8339   2.8383   2.8409   2.8694
  2.8830   2.8898   2.8994   2.9062   2.9128   2.9194   2.9361   2.9518
  2.9572   2.9641   2.9747   2.9792   2.9953   3.0042   3.0082   3.0334
  3.0416   3.0500   3.0562   3.0721   3.0859   3.0964   3.1023   3.1242
  3.1287   3.1538   3.1624   3.1826   3.1897   3.2088   3.2171   3.2253
  3.2341   3.2396   3.2578   3.2788   3.2991   3.3422   3.3487   3.3586
  3.3722   3.3869   3.3928   3.4049   3.4093   3.4148   3.4385   3.4495
  3.4598   3.4779   3.4882   3.5001   3.5277   3.5418   3.5487   3.5647
  3.5892   3.6067   3.6321   3.6386   3.6579   3.6793   3.7098   3.7172
  3.7402   3.7528   3.7578   3.7747   3.8179   3.8301   3.8358   3.8662
  3.8686   3.8839   3.8982   3.9153   3.9273   3.9443   3.9530   3.9581
  3.9636   3.9681   4.0024   4.0142   4.0260   4.0500   4.0863   4.0987
  4.1109   4.1436   4.1637   4.1736   4.2045   4.2246   4.2446   4.2611
  4.3002   4.3272   4.3491   4.3564   4.3959   4.4101   4.4390   4.4806
  4.5517   4.6458   4.7107   4.7331   4.7565   4.7949   4.8344   4.9570
  5.0149   5.0297   5.0789   5.1206   5.1682   5.2188   5.2278   5.2537
  5.2889   5.3060   5.3434   5.3466   5.3738   5.3988   5.4340   5.4467
  5.4786   5.4842   5.4990   5.5139   5.5251   5.5601   5.5847   5.6123
  5.6208   5.6384   5.6536   5.6747   5.6973   5.7457   5.7633   5.7692
  5.7946   5.8030   5.8375   5.8413   5.8507   5.8678   5.8765   5.8827
  5.8846   5.8955   5.9099   5.9129   5.9253   5.9305   5.9423   5.9539
  5.9560   5.9588   5.9839   5.9864   5.9999   6.0160   6.0217   6.0350
  6.0655   6.0761   6.1031   6.1238   6.1296   6.1343   6.1413   6.1494
  6.1637   6.1809   6.1838   6.1990   6.2182   6.2305   6.2363   6.2555
  6.2605   6.2636   6.2829   6.3017   6.3054   6.3105   6.3302   6.3466
  6.3608   6.3755   6.3935   6.4011   6.4046   6.4184   6.4245   6.4299
  6.4431   6.4535   6.4601   6.4721   6.4835   6.4894   6.4954   6.5072
  6.5255   6.5380   6.5591   6.5777   6.5787   6.5881   6.6088   6.6232
  6.6298   6.6521   6.6746   6.6902   6.7022   6.7211   6.7305   6.7420
  6.7743   6.7853   6.7893   6.8002   6.8297   6.8520   6.8665   6.8689
  6.8896   6.9100   6.9259   6.9452   6.9599   6.9782   6.9981   7.0053
  7.0113   7.0318   7.0530   7.0791   7.0887   7.1233   7.1271   7.1324
  7.1585   7.1878   7.2003   7.2144   7.2250   7.2408   7.2550   7.2982
  7.3044   7.3260   7.3404   7.3568   7.3783   7.3852   7.3969   7.4261
  7.4315   7.4554   7.4580   7.4655   7.4770   7.5182   7.5258   7.5347
  7.5546   7.5646   7.5775   7.5917   7.6258   7.6386   7.6445   7.6619
  7.6666   7.6747   7.6907   7.7014   7.7167   7.7288   7.7438   7.7538
  7.7689   7.7905   7.7978   7.8147   7.8186   7.8271   7.8498   7.8729
  7.8797   7.8889   7.8971   7.9082   7.9234   7.9273   7.9464   7.9546
  7.9644   7.9767   7.9902   7.9991   8.0123   8.0164   8.0366   8.0670
  8.0713   8.0830   8.0951   8.1102   8.1154   8.1266   8.1551   8.1775
  8.1939   8.2180   8.2519   8.2852   8.3251   8.3412   8.3521   8.3703
  8.3791   8.3890   8.3902   8.3979   8.4025   8.4120   8.4228   8.4380
  8.4468   8.4541   8.4622   8.4726   8.4861   8.4934   8.5114   8.5129
  8.5255   8.5388   8.5557   8.5629   8.5782   8.6041   8.6083   8.6229
  8.6385   8.6590   8.6781   8.7092   8.7202   8.7414   8.7548   8.7798
  8.8164   8.8235   8.8517   8.8650   8.8745   8.8778   8.8939   8.9051
  8.9218   8.9340   8.9521   8.9724   8.9815   8.9893   9.0084   9.0108
  9.0159   9.0169   9.0264   9.0445   9.0885   9.0905   9.1075   9.1353
  9.1680   9.1883   9.2045   9.2098   9.2605   9.2763   9.3295   9.4218
  9.4818   9.5148   9.5613   9.5752   9.5791   9.6062   9.6419   9.6507
  9.6566   9.6720   9.7010   9.7353   9.7530   9.7680   9.7978   9.8020
  9.8168   9.8483   9.8685   9.8805   9.8850   9.8989   9.9297   9.9583
  9.9861  10.0398  10.0620  10.1014  10.1349  10.1507  10.2141  10.2393
 10.2458  10.2547  10.2967  10.3209  10.3490  10.3623  10.3751  10.4446
 10.4634  10.5003  10.5225  10.5294  10.6269  11.1823  11.2066  11.5003
 11.5421  11.7810  11.8192  11.9447  11.9962  12.0075  12.0277  12.1162
 12.1689  12.1864  12.2805  12.3762  12.4034  12.8995  12.9375  12.9652
 13.0595  13.1016  13.2028  13.2320  13.8240  14.3455  28.4858  29.1969
 29.2334  29.2587  29.3085  29.3824  48.2906 149.2590 150.0480 150.0939
150.1022 150.1787 150.2412 255.6753
 --------------------------------------------------------------
 
          Ground-State Mulliken Net Atomic Charges

     Atom                 Charge (a.u.)    Spin (a.u.)
  --------------------------------------------------------
      1 C                    -0.309640       0.070649
      2 C                     0.038354       0.754667
      3 C                    -0.210110       0.066770
      4 C                    -0.146762       0.048525
      5 C                    -0.187860       0.001235
      6 C                    -0.304840       0.001731
      7 O                    -0.128491       0.997594
      8 H                     0.120444       0.016159
      9 H                     0.138738       0.007225
     10 H                     0.092828       0.022958
     11 H                     0.116451       0.003831
     12 H                     0.102087       0.016880
     13 H                     0.107283      -0.003993
     14 H                     0.065951      -0.003897
     15 H                     0.090397      -0.000121
     16 H                     0.095614      -0.000458
     17 H                     0.116983       0.000210
     18 H                     0.102674       0.000155
     19 H                     0.099898      -0.000120
  --------------------------------------------------------
  Sum of atomic charges =     0.000000
  Sum of spin   charges =     2.000000

 -----------------------------------------------------------------
                    Cartesian Multipole Moments
 -----------------------------------------------------------------
    Charge (ESU x 10^10)
                 0.0000
    Dipole Moment (Debye)
         X       0.6854      Y       1.2617      Z      -1.2595
       Tot       1.9100
    Quadrupole Moments (Debye-Ang)
        XX     -46.8256     XY      -4.4548     YY     -47.6529
        XZ       1.7247     YZ       1.8188     ZZ     -48.1081
    Octopole Moments (Debye-Ang^2)
       XXX      36.8721    XXY      18.9254    XYY      18.7153
       YYY      30.1149    XXZ      -2.8116    XYZ      -4.1540
       YYZ      -4.3468    XZZ      16.6660    YZZ      14.1463
       ZZZ      -9.7647
    Hexadecapole Moments (Debye-Ang^3)
      XXXX   -1184.6221   XXXY    -105.0582   XXYY    -259.6773
      XYYY     -81.8092   YYYY    -240.5771   XXXZ     129.6644
      XXYZ      14.5581   XYYZ      54.0788   YYYZ      27.4879
      XXZZ    -240.3581   XYZZ     -33.4877   YYZZ     -87.3883
      XZZZ     152.2585   YZZZ      29.6266   ZZZZ    -244.9971
 -----------------------------------------------------------------
 Total job time:  140.54s(wall), 4030.67s(cpu) 
 Thu Aug  1 15:52:27 2024

        *************************************************************
        *                                                           *
        *  Thank you very much for using Q-Chem.  Have a nice day.  *
        *                                                           *
        *************************************************************


