
Running Job 1 of 1 hat2-ts1-triplet-wb97xd-c1-wB97mV.in
qchem hat2-ts1-triplet-wb97xd-c1-wB97mV.in_113068.0 /expanse/lustre/scratch/whughes/temp_project/job_32696693/hat2-ts1-triplet-wb97xd-c1-wB97mV-32696693/ 0
/cm/shared/apps/spack/0.17.3/cpu/b/opt/spack/linux-rocky8-zen2/gcc-10.2.0/qchem-6.0-rytxnwjazd34ekd2gqyi5ufsaimxsd3r/exe/qcprog.exe_s hat2-ts1-triplet-wb97xd-c1-wB97mV.in_113068.0 /expanse/lustre/scratch/whughes/temp_project/job_32696693/hat2-ts1-triplet-wb97xd-c1-wB97mV-32696693/
                  Welcome to Q-Chem
     A Quantum Leap Into The Future Of Chemistry


 Q-Chem 6.0, Q-Chem, Inc., Pleasanton, CA (2022)

 License issued to: University of California, San Diego (site)

 E. Epifanovsky,  A. T. B. Gilbert,  Xintian Feng,  Joonho Lee,  Yuezhi Mao,  
 N. Mardirossian,  P. Pokhilko,  A. White,  M. Wormit,  M. P. Coons,  
 A. L. Dempwolff,  Zhengting Gan,  D. Hait,  P. R. Horn,  L. D. Jacobson,  
 I. Kaliman,  J. Kussmann,  A. W. Lange,  Ka Un Lao,  D. S. Levine,  Jie Liu,  
 S. C. McKenzie,  A. F. Morrison,  K. Nanda,  F. Plasser,  D. R. Rehn,  
 M. L. Vidal,  Zhi-Qiang You,  Ying Zhu,  B. Alam,  B. Albrecht,  
 A. Aldossary,  E. Alguire,  J. H. Andersen,  V. Athavale,  D. Barton,  
 K. Begam,  A. Behn,  N. Bellonzi,  Y. A. Bernard,  E. J. Berquist,  
 H. Burton,  A. Carreras,  K. Carter-Fenk,  Romit Chakraborty,  
 Chandrima Chakravarty,  Junhan Chen,  A. D. Chien,  K. D. Closser,  
 V. Cofer-Shabica,  L. Cunha,  S. Dasgupta,  Jia Deng,  M. de Wergifosse,  
 M. Diedenhofen,  Hainam Do,  S. Ehlert,  Po-Tung Fang,  S. Fatehi,  
 Qingguo Feng,  T. Friedhoff,  B. Ganoe,  J. Gayvert,  Qinghui Ge,  
 G. Gidofalvi,  M. Goldey,  J. Gomes,  C. Gonzalez-Espinoza,  S. Gulania,  
 A. Gunina,  J. A. Gyamfi,  M. W. D. Hanson-Heine,  P. H. P. Harbach,  
 A. W. Hauser,  M. F. Herbst,  M. Hernandez Vera,  M. Hodecker,  
 Z. C. Holden,  S. Houck,  Xunkun Huang,  Kerwin Hui,  B. C. Huynh,  
 K. Ikeda,  M. Ivanov,  Hyunjun Ji,  Zuxin Jin,  Hanjie Jiang,  B. Kaduk,  
 S. Kaehler,  R. Kang,  K. Khistyaev,  Jaehoon Kim,  Yongbin Kim,  
 P. Klunzinger,  Z. Koczor-Benda,  Joong Hoon Koh,  D. Kosenkov,  
 Saikiran Kotaru,  L. Koulias,  T. Kowalczyk,  C. M. Krauter,  K. Kue,  
 A. Kunitsa,  T. Kus,  A. Landau,  K. V. Lawler,  D. Lefrancois,  S. Lehtola,  
 Rain Li,  Shaozhi Li,  Yi-Pei Li,  Jiashu Liang,  M. Liebenthal,  
 Hung-Hsuan Lin,  You-Sheng Lin,  Fenglai Liu,  Kuan-Yu Liu,  
 M. Loipersberger,  A. Luenser,  C. Malbon,  A. Manjanath,  P. Manohar,  
 E. Mansoor,  S. F. Manzer,  Shan-Ping Mao,  A. V. Marenich,  T. Markovich,  
 S. Mason,  F. Matz,  S. A. Maurer,  P. F. McLaughlin,  M. F. S. J. Menger,  
 J.-M. Mewes,  S. A. Mewes,  P. Morgante,  Mohammad Mostafanejad,  
 J. W. Mullinax,  K. J. Oosterbaan,  G. Paran,  V. Parravicini,  
 Alexander C. Paul,  Suranjan K. Paul,  F. Pavosevic,  Zheng Pei,  S. Prager,  
 E. I. Proynov,  E. Ramos,  B. Rana,  A. E. Rask,  A. Rettig,  R. M. Richard,  
 F. Rob,  E. Rossomme,  T. Scheele,  M. Scheurer,  M. Schneider,  
 P. E. Schneider,  N. Sergueev,  S. M. Sharada,  Hengyuan Shen,  
 W. Skomorowski,  D. W. Small,  C. J. Stein,  Yingli Su,  Yu-Chuan Su,  
 E. J. Sundstrom,  Zhen Tao,  J. Thirman,  Hung-Yi Tsai,  T. Tsuchimochi,  
 N. M. Tubman,  C. Utku,  S. P. Veccham,  O. Vydrov,  J. Wenzel,  
 Jonathan Wong,  J. Witte,  A. Yamada,  Chou-Hsun Yang,  Kun Yao,  
 S. Yeganeh,  S. R. Yost,  A. Zech,  F. Zeller,  Igor Ying Zhang,  
 Xing Zhang,  Yu Zhang,  D. Zuev,  A. Aspuru-Guzik,  A. T. Bell,  
 N. A. Besley,  K. B. Bravaya,  B. R. Brooks,  D. Casanova,  Jeng-Da Chai,  
 Hsing-Ta Chen,  S. Coriani,  C. J. Cramer,  A. E. DePrince, III,  
 R. A. DiStasio Jr.,  A. Dreuw,  B. D. Dunietz,  T. R. Furlani,  
 W. A. Goddard III,  S. Grimme,  S. Hammes-Schiffer,  T. Head-Gordon,  
 W. J. Hehre,  Chao-Ping Hsu,  T.-C. Jagau,  Yousung Jung,  A. Klamt,  
 Jing Kong,  D. S. Lambrecht,  Xiangyuan Li,  WanZhen Liang,  N. J. Mayhall,  
 C. W. McCurdy,  J. B. Neaton,  T. Neudecker,  C. Ochsenfeld,  
 J. A. Parkhill,  R. Peverati,  V. A. Rassolov,  Haisheng Ren,  Yihan Shao,  
 L. V. Slipchenko,  R. P. Steele,  J. E. Subotnik,  A. J. W. Thom,  
 A. Tkatchenko,  D. G. Truhlar,  T. Van Voorhis,  Fan Wang,  
 T. A. Wesolowski,  K. B. Whaley,  H. L. Woodcock III,  P. M. Zimmerman,  
 S. Faraji,  P. M. W. Gill,  M. Head-Gordon,  J. M. Herbert,  A. I. Krylov

 Contributors to earlier versions of Q-Chem not listed above: 
 R. D. Adamson,  B. Austin,  R. Baer,  J. Baker,  G. J. O. Beran,  
 K. Brandhorst,  S. T. Brown,  E. F. C. Byrd,  Arup K. Chakraborty,  
 G. K. L. Chan,  Chun-Min Chang,  Yunqing Chen,  C.-L. Cheng,  
 Siu Hung Chien,  D. M. Chipman,  D. L. Crittenden,  H. Dachsel,  
 R. J. Doerksen,  A. D. Dutoi,  R. G. Edgar,  J. Fosso-Tande,  
 L. Fusti-Molnar,  D. Ghosh,  A. Ghysels,  A. Golubeva-Zadorozhnaya,  
 J. Gonthier,  M. S. Gordon,  S. R. Gwaltney,  G. Hawkins,  J. E. Herr,  
 A. Heyden,  S. Hirata,  E. G. Hohenstein,  G. Kedziora,  F. J. Keil,  
 C. Kelley,  Jihan Kim,  R. A. King,  R. Z. Khaliullin,  P. P. Korambath,  
 W. Kurlancheek,  A. Laurent,  A. M. Lee,  M. S. Lee,  S. V. Levchenko,  
 Ching Yeh Lin,  D. Liotard,  E. Livshits,  R. C. Lochan,  I. Lotan,  
 L. A. Martinez-Martinez,  P. E. Maslen,  N. Nair,  D. P. O'Neill,  
 D. Neuhauser,  E. Neuscamman,  C. M. Oana,  R. Olivares-Amaya,  R. Olson,  
 T. M. Perrine,  B. Peters,  P. A. Pieniazek,  A. Prociuk,  Y. M. Rhee,  
 J. Ritchie,  M. A. Rohrdanz,  E. Rosta,  N. J. Russ,  H. F. Schaefer III,  
 M. W. Schmidt,  N. E. Schultz,  S. Sharma,  N. Shenvi,  C. D. Sherrill,  
 A. C. Simmonett,  A. Sodt,  T. Stein,  D. Stuck,  K. S. Thanthiriwatte,  
 V. Vanovschi,  L. Vogt,  Tao Wang,  A. Warshel,  M. A. Watson,  
 C. F. Williams,  Q. Wu,  X. Xu,  Jun Yang,  W. Zhang,  Yan Zhao

   Please cite Q-Chem as follows:
  "Software for the frontiers of quantum chemistry:
   An overview of developments in the Q-Chem 5 package"
   J. Chem. Phys. 155, 084801 (2021)
   https://doi.org/10.1063/5.0055522 (open access)

 Q-Chem 6.0.2 for Intel X86 EM64T Linux

 Parts of Q-Chem use Armadillo 9.900.5 (Nocturnal Misbehaviour).
 http://arma.sourceforge.net/

 Q-Chem begins on Thu Aug  1 15:53:11 2024  

 Host: 
0

     Scratch files written to /expanse/lustre/scratch/whughes/temp_project/job_32696693/hat2-ts1-triplet-wb97xd-c1-wB97mV-32696693//
 Dec722 |scratch|qcdevops|jenkins|workspace|build_RNUM    
 Processing $rem in /cm/shared/apps/spack/0.17.3/cpu/b/opt/spack/linux-rocky8-zen2/gcc-10.2.0/qchem-6.0-rytxnwjazd34ekd2gqyi5ufsaimxsd3r/config/preferences:
 Processing $rem in /home/whughes/.qchemrc:

 Checking the input file for inconsistencies... 	...done.

--------------------------------------------------------------
User input:
--------------------------------------------------------------
$molecule
0 3
C    1.1924359853    2.6463951158    -0.6366026713
C    0.5402665293    1.3872847468    -0.1589129278
C    -0.3114752048   0.5915957512    -1.1118918531
C    -1.0345234564   -0.5294418506   -0.3700428891
C    -0.0440637542   -1.3754727754   0.3931316972
C    -0.5405351375   -2.1110477411   1.608534462
O    1.3105711008    0.680846901     0.6867187509
H    1.6069376388    3.2111827881    0.1992439749
H    2.0143413477    2.4372360261    -1.3371298736
H    0.4617632509    3.2725055806    -1.1505117795
H    -1.0202528292   1.2572532087    -1.6068228878
H    0.3194304365    0.1534506567    -1.9047132441
H    -1.7599626906   -0.0972485436   0.3240210745
H    -1.590386534    -1.1512348346   -1.0807478143
H    0.5789136465    -1.9882182431   -0.2620637638
H    0.7567873926    -0.4977997782   0.7514437395
H    0.268201963     -2.6295629278   2.1239457418
H    -1.016701279    -1.4268028202   2.3128988337
H    -1.2854214056   -2.8605512604   1.3200354298
$end

$rem
METHOD      wB97M-V
BASIS       def2-QZVPP
SYM_IGNORE   TRUE
DFT_D       false
MAX_SCF_CYCLES 300
$end

$end
--------------------------------------------------------------
 ----------------------------------------------------------------
             Standard Nuclear Orientation (Angstroms)
    I     Atom           X                Y                Z
 ----------------------------------------------------------------
    1      C       1.1924359853     2.6463951158    -0.6366026713
    2      C       0.5402665293     1.3872847468    -0.1589129278
    3      C      -0.3114752048     0.5915957512    -1.1118918531
    4      C      -1.0345234564    -0.5294418506    -0.3700428891
    5      C      -0.0440637542    -1.3754727754     0.3931316972
    6      C      -0.5405351375    -2.1110477411     1.6085344620
    7      O       1.3105711008     0.6808469010     0.6867187509
    8      H       1.6069376388     3.2111827881     0.1992439749
    9      H       2.0143413477     2.4372360261    -1.3371298736
   10      H       0.4617632509     3.2725055806    -1.1505117795
   11      H      -1.0202528292     1.2572532087    -1.6068228878
   12      H       0.3194304365     0.1534506567    -1.9047132441
   13      H      -1.7599626906    -0.0972485436     0.3240210745
   14      H      -1.5903865340    -1.1512348346    -1.0807478143
   15      H       0.5789136465    -1.9882182431    -0.2620637638
   16      H       0.7567873926    -0.4977997782     0.7514437395
   17      H       0.2682019630    -2.6295629278     2.1239457418
   18      H      -1.0167012790    -1.4268028202     2.3128988337
   19      H      -1.2854214056    -2.8605512604     1.3200354298
 ----------------------------------------------------------------
 Nuclear Repulsion Energy =         314.02663835 hartrees
 There are       29 alpha and       27 beta electrons
 Requested basis set is def2-QZVPP
 There are 239 shells and 759 basis functions

 Total QAlloc Memory Limit   8000 MB
 Mega-Array Size       188 MB
 MEM_STATIC part       192 MB

 A cutoff of  1.0D-09 yielded  21680 shell pairs
 There are    211692 function pairs (    311039 Cartesian)
 Smallest overlap matrix eigenvalue = 3.23E-05

 Scale SEOQF with 1.000000e-01/1.000000e-01/1.000000e-01

 Standard Electronic Orientation quadrupole field applied
 Nucleus-field energy     =     0.0000000068 hartrees
 Guess from superposition of atomic densities
 Warning:  Energy on first SCF cycle will be non-variational
 SAD guess density has 56.000000 electrons

 -----------------------------------------------------------------------
  General SCF calculation program by
  Eric Jon Sundstrom, Paul Horn, Yuezhi Mao, Dmitri Zuev, Alec White,
  David Stuck, Shaama M.S., Shane Yost, Joonho Lee, David Small,
  Daniel Levine, Susi Lehtola, Hugh Burton, Evgeny Epifanovsky,
  Bang C. Huynh
 -----------------------------------------------------------------------
 Exchange:     0.1500 Hartree-Fock + 1.0000 wB97M-V + LR-HF
 Correlation:  1.0000 wB97M-V
 Using SG-2 standard quadrature grid
 Nonlocal Correlation:  VV10 with C = 0.0100 and b = 6.00 and scale = 1.00000
 Grid used for NLC:  SG-1 standard quadrature
 using 32 threads for integral computing
 -------------------------------------------------------
 OpenMP Integral computing Module                
 Release: version 1.0, May 2013, Q-Chem Inc. Pittsburgh 
 -------------------------------------------------------
 A unrestricted SCF calculation will be
 performed using DIIS
 SCF converges when DIIS error is below 1.0e-05
 ---------------------------------------
  Cycle       Energy         DIIS error
 ---------------------------------------
    1    -312.8107688034      6.03e-03  
    2    -310.8404879770      5.32e-04  
    3    -310.8677827792      5.29e-04  
    4    -310.9241745734      1.09e-04  
    5    -310.9274262223      5.19e-05  
    6    -310.9285238958      1.28e-05  
    7    -310.9287511852      6.61e-06  Convergence criterion met
 ---------------------------------------
 SCF time:   CPU 4652.97s  wall 155.00s 
<S^2> =          2.009923458
 SCF   energy in the final basis set =     -310.9287511852
 Total energy in the final basis set =     -310.9287511852
 
 --------------------------------------------------------------
 
                    Orbital Energies (a.u.)
 --------------------------------------------------------------
 
 Alpha MOs
 -- Occupied --
-19.3596 -10.3761 -10.3649 -10.3472 -10.3466 -10.3424 -10.3316  -1.1627
 -0.9427  -0.8897  -0.8445  -0.7707  -0.7156  -0.6671  -0.6246  -0.5740
 -0.5558  -0.5434  -0.5308  -0.5207  -0.5014  -0.4814  -0.4785  -0.4638
 -0.4473  -0.4422  -0.4374  -0.3362  -0.2357
 -- Virtual --
  0.0697   0.0786   0.0853   0.0909   0.1162   0.1238   0.1282   0.1385
  0.1416   0.1507   0.1528   0.1688   0.1701   0.1817   0.1822   0.2069
  0.2141   0.2182   0.2237   0.2420   0.2474   0.2557   0.2732   0.2902
  0.2939   0.3043   0.3221   0.3259   0.3298   0.3418   0.3559   0.3644
  0.3682   0.3709   0.3768   0.3831   0.3851   0.3951   0.3971   0.4067
  0.4119   0.4223   0.4245   0.4259   0.4356   0.4526   0.4531   0.4684
  0.4794   0.4873   0.5061   0.5372   0.5574   0.5615   0.5916   0.6024
  0.6103   0.6135   0.6356   0.6391   0.6502   0.6609   0.6722   0.6742
  0.6875   0.6929   0.7000   0.7036   0.7216   0.7368   0.7437   0.7660
  0.7806   0.7848   0.7918   0.8049   0.8120   0.8222   0.8384   0.8492
  0.8573   0.8625   0.8656   0.8724   0.8802   0.8856   0.8936   0.8978
  0.9056   0.9167   0.9208   0.9301   0.9401   0.9450   0.9564   0.9708
  0.9768   0.9842   0.9917   0.9956   1.0105   1.0292   1.0308   1.0416
  1.0561   1.0636   1.0713   1.0730   1.1098   1.1201   1.1284   1.1330
  1.1393   1.1522   1.1612   1.1694   1.1829   1.1897   1.2010   1.2084
  1.2148   1.2330   1.2361   1.2527   1.2826   1.2945   1.3089   1.3158
  1.3336   1.3529   1.3699   1.3766   1.3831   1.4078   1.4150   1.4215
  1.4433   1.4535   1.4583   1.4867   1.4992   1.5079   1.5199   1.5389
  1.5399   1.5559   1.5649   1.5789   1.5836   1.6087   1.6370   1.6692
  1.6822   1.7032   1.7381   1.7455   1.7811   1.7959   1.8287   1.8397
  1.8516   1.8736   1.8762   1.8977   1.8996   1.9202   1.9224   1.9325
  1.9440   1.9629   1.9738   1.9813   1.9966   2.0035   2.0115   2.0269
  2.0315   2.0386   2.0476   2.0648   2.0746   2.0812   2.0897   2.1022
  2.1131   2.1239   2.1325   2.1360   2.1487   2.1563   2.1675   2.1693
  2.1771   2.1919   2.1960   2.2136   2.2148   2.2289   2.2378   2.2398
  2.2487   2.2636   2.2676   2.2719   2.2889   2.2974   2.3001   2.3136
  2.3256   2.3316   2.3464   2.3638   2.3709   2.3969   2.3996   2.4172
  2.4245   2.4435   2.4619   2.4669   2.4728   2.4905   2.5083   2.5206
  2.5262   2.5411   2.5459   2.5656   2.5801   2.5901   2.6006   2.6160
  2.6262   2.6295   2.6390   2.6439   2.6502   2.6650   2.6781   2.6906
  2.7192   2.7239   2.7403   2.7483   2.7687   2.7752   2.7844   2.7928
  2.8188   2.8246   2.8269   2.8432   2.8622   2.8744   2.8824   2.8927
  2.9055   2.9114   2.9244   2.9329   2.9405   2.9503   2.9628   2.9677
  2.9766   2.9867   2.9989   3.0068   3.0298   3.0308   3.0523   3.0556
  3.0810   3.0962   3.1121   3.1172   3.1197   3.1319   3.1422   3.1510
  3.1690   3.1780   3.1937   3.2059   3.2204   3.2290   3.2578   3.2695
  3.2844   3.2884   3.3015   3.3245   3.3363   3.3528   3.3683   3.3896
  3.3943   3.4092   3.4214   3.4296   3.4630   3.4728   3.4832   3.4857
  3.5104   3.5321   3.5475   3.5703   3.6027   3.6095   3.6292   3.6383
  3.6612   3.6706   3.6942   3.7083   3.7125   3.7417   3.7611   3.7702
  3.7898   3.7954   3.8133   3.8309   3.8505   3.8585   3.8902   3.8948
  3.9056   3.9308   3.9344   3.9438   3.9486   3.9571   3.9700   3.9744
  3.9944   4.0221   4.0750   4.0813   4.1068   4.1375   4.1641   4.2377
  4.2603   4.2622   4.2821   4.3092   4.3365   4.3683   4.3914   4.4046
  4.4246   4.4899   4.4941   4.5561   4.6645   4.6764   4.7258   4.7524
  4.7640   4.7732   4.8307   4.8910   4.9412   5.0203   5.0616   5.0786
  5.1319   5.1477   5.1666   5.1900   5.2228   5.2526   5.2801   5.3220
  5.3526   5.3679   5.3915   5.4247   5.4428   5.4641   5.4899   5.5122
  5.5184   5.5380   5.5681   5.5902   5.6137   5.6160   5.6344   5.6712
  5.6765   5.6864   5.7430   5.7552   5.7787   5.7840   5.8037   5.8104
  5.8208   5.8352   5.8513   5.8630   5.8747   5.8849   5.8858   5.8910
  5.9057   5.9139   5.9321   5.9418   5.9482   5.9630   5.9795   5.9857
  5.9898   6.0010   6.0071   6.0221   6.0391   6.0565   6.0729   6.0815
  6.0964   6.1048   6.1100   6.1249   6.1414   6.1548   6.1664   6.1759
  6.1882   6.1911   6.1982   6.2223   6.2282   6.2382   6.2471   6.2615
  6.2640   6.2799   6.2852   6.2994   6.3250   6.3431   6.3491   6.3626
  6.3684   6.3800   6.3916   6.4034   6.4116   6.4180   6.4292   6.4462
  6.4625   6.4684   6.4788   6.4918   6.5035   6.5146   6.5210   6.5445
  6.5545   6.5776   6.5879   6.6037   6.6219   6.6279   6.6516   6.6652
  6.6762   6.7162   6.7234   6.7283   6.7469   6.7573   6.7762   6.7858
  6.7955   6.8105   6.8477   6.8504   6.8593   6.8847   6.8908   6.9111
  6.9276   6.9335   6.9481   6.9858   6.9913   7.0103   7.0241   7.0532
  7.0778   7.0869   7.0998   7.1299   7.1401   7.1515   7.1641   7.1745
  7.1978   7.2149   7.2260   7.2337   7.2753   7.2936   7.3037   7.3096
  7.3254   7.3547   7.3975   7.4141   7.4278   7.4311   7.4521   7.4635
  7.4748   7.4867   7.5018   7.5132   7.5215   7.5360   7.5473   7.5531
  7.5761   7.6008   7.6105   7.6215   7.6315   7.6395   7.6622   7.6726
  7.6843   7.6990   7.7046   7.7191   7.7345   7.7440   7.7583   7.7755
  7.7797   7.7892   7.8078   7.8181   7.8256   7.8481   7.8602   7.8771
  7.8861   7.9017   7.9159   7.9321   7.9497   7.9695   7.9739   7.9833
  7.9946   8.0021   8.0269   8.0395   8.0409   8.0579   8.0769   8.0834
  8.0943   8.1171   8.1376   8.1664   8.1791   8.1962   8.2169   8.2401
  8.2782   8.2921   8.3330   8.3403   8.3475   8.3554   8.3623   8.3766
  8.3853   8.3931   8.3943   8.4124   8.4257   8.4412   8.4473   8.4639
  8.4700   8.4817   8.4952   8.5085   8.5182   8.5221   8.5267   8.5594
  8.5669   8.5789   8.5922   8.6039   8.6190   8.6318   8.6414   8.6521
  8.6583   8.6802   8.6899   8.7089   8.7413   8.7589   8.7856   8.7971
  8.8289   8.8452   8.8523   8.8759   8.8806   8.8979   8.9041   8.9167
  8.9356   8.9463   8.9580   8.9751   8.9926   9.0072   9.0179   9.0273
  9.0447   9.0595   9.0859   9.0880   9.1349   9.1641   9.1930   9.2076
  9.2626   9.3016   9.3352   9.3658   9.3985   9.4917   9.5358   9.5508
  9.5669   9.5986   9.6113   9.6277   9.6358   9.6475   9.6620   9.6839
  9.6948   9.7231   9.7471   9.7673   9.8300   9.8381   9.8513   9.8685
  9.8797   9.9031   9.9117   9.9190   9.9406   9.9532   9.9869  10.0395
 10.0437  10.0697  10.0770  10.1163  10.1340  10.1800  10.2198  10.2403
 10.2610  10.3441  10.3557  10.3658  10.4370  10.4723  10.5162  10.5486
 10.5933  10.7057  11.1363  11.4974  11.6816  11.7132  11.7389  11.7987
 11.8890  11.9055  12.0060  12.0264  12.1014  12.1931  12.2325  12.3190
 12.4982  12.6252  12.7427  12.7962  12.8723  12.9711  13.1258  13.1819
 13.2120  13.5186  14.0577  14.6778  28.4719  29.1203  29.2252  29.2597
 29.3323  29.3794  48.4713 149.2646 149.9757 150.0765 150.1092 150.2059
150.2402 255.9101
 
 Beta MOs
 -- Occupied --
-19.3397 -10.3644 -10.3577 -10.3472 -10.3462 -10.3425 -10.3310  -1.1219
 -0.9340  -0.8776  -0.8369  -0.7648  -0.7008  -0.6404  -0.6028  -0.5624
 -0.5442  -0.5256  -0.5173  -0.5088  -0.4846  -0.4737  -0.4515  -0.4431
 -0.4364  -0.4177  -0.4122
 -- Virtual --
 -0.0478   0.0502   0.0715   0.0844   0.0875   0.0918   0.1161   0.1248
  0.1297   0.1381   0.1429   0.1516   0.1524   0.1675   0.1711   0.1820
  0.1829   0.2053   0.2152   0.2189   0.2264   0.2419   0.2485   0.2598
  0.2739   0.2902   0.2963   0.3059   0.3249   0.3286   0.3357   0.3423
  0.3595   0.3664   0.3733   0.3737   0.3801   0.3872   0.3920   0.3993
  0.4026   0.4096   0.4186   0.4260   0.4303   0.4353   0.4412   0.4564
  0.4585   0.4761   0.4906   0.4912   0.5079   0.5396   0.5629   0.5666
  0.5974   0.6063   0.6137   0.6160   0.6377   0.6448   0.6531   0.6670
  0.6741   0.6804   0.6896   0.6960   0.7044   0.7074   0.7252   0.7410
  0.7495   0.7699   0.7844   0.7876   0.7936   0.8084   0.8159   0.8274
  0.8415   0.8508   0.8594   0.8660   0.8695   0.8747   0.8833   0.8868
  0.8951   0.9017   0.9082   0.9185   0.9231   0.9335   0.9463   0.9504
  0.9615   0.9733   0.9798   0.9863   0.9954   0.9993   1.0131   1.0312
  1.0331   1.0433   1.0583   1.0660   1.0737   1.0769   1.1127   1.1221
  1.1308   1.1361   1.1416   1.1580   1.1654   1.1718   1.1879   1.1923
  1.2039   1.2115   1.2172   1.2365   1.2377   1.2553   1.2850   1.2986
  1.3120   1.3185   1.3366   1.3565   1.3725   1.3804   1.3876   1.4115
  1.4189   1.4268   1.4480   1.4585   1.4631   1.4898   1.5007   1.5102
  1.5223   1.5438   1.5452   1.5598   1.5695   1.5833   1.5914   1.6129
  1.6417   1.6750   1.6930   1.7081   1.7462   1.7535   1.7895   1.8038
  1.8369   1.8484   1.8600   1.8767   1.8835   1.9052   1.9057   1.9257
  1.9277   1.9405   1.9532   1.9691   1.9822   1.9872   2.0022   2.0104
  2.0158   2.0339   2.0366   2.0422   2.0546   2.0728   2.0795   2.0866
  2.0963   2.1066   2.1187   2.1328   2.1375   2.1408   2.1550   2.1629
  2.1729   2.1784   2.1835   2.1968   2.2017   2.2188   2.2217   2.2354
  2.2444   2.2475   2.2558   2.2697   2.2743   2.2804   2.2947   2.3032
  2.3057   2.3169   2.3335   2.3381   2.3520   2.3705   2.3801   2.4022
  2.4052   2.4218   2.4341   2.4510   2.4698   2.4744   2.4813   2.4958
  2.5132   2.5264   2.5349   2.5469   2.5513   2.5749   2.5860   2.6025
  2.6063   2.6215   2.6306   2.6352   2.6456   2.6503   2.6587   2.6705
  2.6831   2.6975   2.7249   2.7299   2.7461   2.7544   2.7767   2.7795
  2.7918   2.8026   2.8234   2.8301   2.8336   2.8505   2.8695   2.8794
  2.8888   2.9007   2.9117   2.9153   2.9290   2.9365   2.9477   2.9541
  2.9665   2.9715   2.9808   2.9912   3.0026   3.0110   3.0366   3.0387
  3.0573   3.0638   3.0886   3.1007   3.1187   3.1209   3.1275   3.1389
  3.1478   3.1578   3.1761   3.1853   3.2004   3.2129   3.2257   3.2367
  3.2635   3.2768   3.2916   3.2958   3.3082   3.3294   3.3422   3.3631
  3.3758   3.3969   3.4022   3.4154   3.4273   3.4368   3.4742   3.4807
  3.4912   3.4951   3.5187   3.5405   3.5548   3.5784   3.6118   3.6181
  3.6383   3.6494   3.6690   3.6789   3.7024   3.7162   3.7208   3.7503
  3.7661   3.7820   3.7992   3.8082   3.8216   3.8398   3.8589   3.8649
  3.8986   3.9049   3.9136   3.9369   3.9392   3.9460   3.9551   3.9623
  3.9780   3.9823   4.0033   4.0328   4.0834   4.0947   4.1192   4.1497
  4.1757   4.2486   4.2730   4.2805   4.2952   4.3259   4.3484   4.3749
  4.4137   4.4235   4.4415   4.5022   4.5190   4.5733   4.6835   4.6961
  4.7504   4.7728   4.7796   4.7943   4.8439   4.9035   4.9585   5.0420
  5.0803   5.1010   5.1524   5.1714   5.1921   5.2123   5.2503   5.2810
  5.3126   5.3510   5.3794   5.3977   5.4166   5.4400   5.4499   5.4773
  5.5041   5.5235   5.5346   5.5519   5.5874   5.6037   5.6259   5.6331
  5.6652   5.6843   5.6959   5.6987   5.7569   5.7722   5.7934   5.7969
  5.8173   5.8329   5.8377   5.8535   5.8700   5.8754   5.8860   5.8943
  5.8978   5.8999   5.9182   5.9254   5.9439   5.9492   5.9601   5.9744
  5.9841   5.9981   6.0024   6.0115   6.0151   6.0361   6.0508   6.0640
  6.0849   6.0942   6.1089   6.1121   6.1262   6.1378   6.1533   6.1641
  6.1767   6.1917   6.1993   6.2083   6.2170   6.2346   6.2443   6.2516
  6.2655   6.2730   6.2814   6.2919   6.2962   6.3133   6.3389   6.3556
  6.3600   6.3724   6.3851   6.3953   6.4011   6.4161   6.4295   6.4324
  6.4429   6.4667   6.4744   6.4800   6.4952   6.5044   6.5185   6.5270
  6.5339   6.5609   6.5765   6.6012   6.6025   6.6154   6.6368   6.6501
  6.6688   6.6873   6.6920   6.7308   6.7406   6.7435   6.7653   6.7802
  6.7900   6.7994   6.8104   6.8230   6.8601   6.8724   6.8806   6.9046
  6.9082   6.9344   6.9411   6.9459   6.9676   7.0030   7.0100   7.0268
  7.0422   7.0759   7.0917   7.1003   7.1172   7.1434   7.1604   7.1707
  7.1803   7.1839   7.2133   7.2304   7.2382   7.2560   7.2864   7.3063
  7.3171   7.3246   7.3397   7.3744   7.4083   7.4278   7.4376   7.4426
  7.4637   7.4790   7.4896   7.4996   7.5159   7.5240   7.5334   7.5494
  7.5600   7.5615   7.5891   7.6163   7.6234   7.6274   7.6477   7.6515
  7.6760   7.6833   7.6924   7.7140   7.7162   7.7318   7.7450   7.7516
  7.7666   7.7842   7.7942   7.8038   7.8169   7.8308   7.8354   7.8568
  7.8744   7.8880   7.9006   7.9156   7.9329   7.9375   7.9629   7.9836
  7.9847   7.9964   8.0063   8.0105   8.0366   8.0476   8.0557   8.0712
  8.0885   8.0923   8.1045   8.1270   8.1482   8.1775   8.1891   8.2092
  8.2306   8.2502   8.2947   8.3045   8.3446   8.3474   8.3562   8.3685
  8.3754   8.3896   8.3930   8.4033   8.4067   8.4219   8.4399   8.4506
  8.4567   8.4734   8.4826   8.4894   8.5072   8.5170   8.5286   8.5321
  8.5433   8.5684   8.5748   8.5921   8.6023   8.6147   8.6201   8.6407
  8.6473   8.6607   8.6691   8.6900   8.6968   8.7230   8.7425   8.7663
  8.7929   8.8035   8.8386   8.8525   8.8632   8.8883   8.8932   8.9118
  8.9158   8.9247   8.9463   8.9606   8.9659   8.9846   9.0066   9.0154
  9.0260   9.0425   9.0548   9.0760   9.0979   9.1044   9.1500   9.1784
  9.2088   9.2207   9.2958   9.3181   9.3593   9.3994   9.4188   9.5169
  9.5455   9.5788   9.5952   9.6193   9.6307   9.6447   9.6492   9.6601
  9.6793   9.6972   9.7148   9.7533   9.7729   9.7829   9.8436   9.8510
  9.8605   9.8799   9.8973   9.9167   9.9285   9.9383   9.9550   9.9710
 10.0079  10.0686  10.0699  10.0890  10.0917  10.1423  10.1569  10.2062
 10.2390  10.2563  10.2849  10.3531  10.3669  10.3750  10.4527  10.5016
 10.5271  10.5606  10.6111  10.7500  11.1852  11.5669  11.7298  11.7751
 11.7939  11.8388  11.9027  11.9191  12.0233  12.0605  12.1619  12.2227
 12.2549  12.3798  12.5978  12.6970  12.8074  12.8523  12.9425  13.0021
 13.1421  13.2041  13.2202  13.5742  14.1394  14.7357  28.5096  29.1447
 29.2291  29.2615  29.3339  29.3797  48.4978 149.2752 149.9816 150.0772
150.1102 150.2065 150.2403 255.9219
 --------------------------------------------------------------
 
          Ground-State Mulliken Net Atomic Charges

     Atom                 Charge (a.u.)    Spin (a.u.)
  --------------------------------------------------------
      1 C                    -0.300031       0.023176
      2 C                     0.081849       0.761464
      3 C                    -0.195896       0.013311
      4 C                    -0.197332       0.004525
      5 C                    -0.119014       0.436958
      6 C                    -0.297809      -0.003244
      7 O                    -0.282231       0.625166
      8 H                     0.129967       0.007623
      9 H                     0.097979       0.032938
     10 H                     0.094086       0.013640
     11 H                     0.105393       0.015338
     12 H                     0.091176       0.032924
     13 H                     0.087802      -0.001558
     14 H                     0.121761       0.035835
     15 H                     0.113999      -0.022053
     16 H                     0.122061      -0.004440
     17 H                     0.123310       0.002123
     18 H                     0.107401       0.002456
     19 H                     0.115529       0.023818
  --------------------------------------------------------
  Sum of atomic charges =    -0.000000
  Sum of spin   charges =     2.000000

 -----------------------------------------------------------------
                    Cartesian Multipole Moments
 -----------------------------------------------------------------
    Charge (ESU x 10^10)
                -0.0000
    Dipole Moment (Debye)
         X      -1.3579      Y      -1.3243      Z      -0.9478
       Tot       2.1204
    Quadrupole Moments (Debye-Ang)
        XX     -47.8887     XY      -0.2258     YY     -43.4737
        XZ      -1.0041     YZ      -2.1350     ZZ     -46.0781
    Octopole Moments (Debye-Ang^2)
       XXX     -22.3650    XXY      -8.4826    XYY      -4.0710
       YYY     -21.9432    XXZ      -4.1309    XYZ      -0.3267
       YYZ      -2.5674    XZZ      -7.5656    YZZ      -9.2231
       ZZZ      -5.2681
    Hexadecapole Moments (Debye-Ang^3)
      XXXX    -300.0560   XXXY    -139.4751   XXYY    -177.8091
      XYYY    -132.5045   YYYY    -792.2347   XXXZ       7.9084
      XXYZ      45.2898   XYYZ      10.1428   YYYZ     135.3466
      XXZZ    -100.4485   XYZZ     -49.5108   YYZZ    -185.1816
      XZZZ      10.2905   YZZZ     137.2350   ZZZZ    -321.5323
 -----------------------------------------------------------------
 Total job time:  223.26s(wall), 4698.27s(cpu) 
 Thu Aug  1 15:56:54 2024

        *************************************************************
        *                                                           *
        *  Thank you very much for using Q-Chem.  Have a nice day.  *
        *                                                           *
        *************************************************************


