
Running Job 1 of 2 hat8-p1-triplet-wb97xd-wB97mV-readSCF.in
qchem hat8-p1-triplet-wb97xd-wB97mV-readSCF.in_1418434.0 /expanse/lustre/scratch/whughes/temp_project/job_36546917/hat8-p1-triplet-wb97xd-wB97mV-readSCF-36546917/ 0
/cm/shared/apps/spack/0.17.3/cpu/b/opt/spack/linux-rocky8-zen2/gcc-10.2.0/qchem-6.0-rytxnwjazd34ekd2gqyi5ufsaimxsd3r/exe/qcprog.exe_s hat8-p1-triplet-wb97xd-wB97mV-readSCF.in_1418434.0 /expanse/lustre/scratch/whughes/temp_project/job_36546917/hat8-p1-triplet-wb97xd-wB97mV-readSCF-36546917/
                  Welcome to Q-Chem
     A Quantum Leap Into The Future Of Chemistry


 Q-Chem 6.0, Q-Chem, Inc., Pleasanton, CA (2022)

 License issued to: University of California, San Diego (site)

 E. Epifanovsky,  A. T. B. Gilbert,  Xintian Feng,  Joonho Lee,  Yuezhi Mao,  
 N. Mardirossian,  P. Pokhilko,  A. White,  M. Wormit,  M. P. Coons,  
 A. L. Dempwolff,  Zhengting Gan,  D. Hait,  P. R. Horn,  L. D. Jacobson,  
 I. Kaliman,  J. Kussmann,  A. W. Lange,  Ka Un Lao,  D. S. Levine,  Jie Liu,  
 S. C. McKenzie,  A. F. Morrison,  K. Nanda,  F. Plasser,  D. R. Rehn,  
 M. L. Vidal,  Zhi-Qiang You,  Ying Zhu,  B. Alam,  B. Albrecht,  
 A. Aldossary,  E. Alguire,  J. H. Andersen,  V. Athavale,  D. Barton,  
 K. Begam,  A. Behn,  N. Bellonzi,  Y. A. Bernard,  E. J. Berquist,  
 H. Burton,  A. Carreras,  K. Carter-Fenk,  Romit Chakraborty,  
 Chandrima Chakravarty,  Junhan Chen,  A. D. Chien,  K. D. Closser,  
 V. Cofer-Shabica,  L. Cunha,  S. Dasgupta,  Jia Deng,  M. de Wergifosse,  
 M. Diedenhofen,  Hainam Do,  S. Ehlert,  Po-Tung Fang,  S. Fatehi,  
 Qingguo Feng,  T. Friedhoff,  B. Ganoe,  J. Gayvert,  Qinghui Ge,  
 G. Gidofalvi,  M. Goldey,  J. Gomes,  C. Gonzalez-Espinoza,  S. Gulania,  
 A. Gunina,  J. A. Gyamfi,  M. W. D. Hanson-Heine,  P. H. P. Harbach,  
 A. W. Hauser,  M. F. Herbst,  M. Hernandez Vera,  M. Hodecker,  
 Z. C. Holden,  S. Houck,  Xunkun Huang,  Kerwin Hui,  B. C. Huynh,  
 K. Ikeda,  M. Ivanov,  Hyunjun Ji,  Zuxin Jin,  Hanjie Jiang,  B. Kaduk,  
 S. Kaehler,  R. Kang,  K. Khistyaev,  Jaehoon Kim,  Yongbin Kim,  
 P. Klunzinger,  Z. Koczor-Benda,  Joong Hoon Koh,  D. Kosenkov,  
 Saikiran Kotaru,  L. Koulias,  T. Kowalczyk,  C. M. Krauter,  K. Kue,  
 A. Kunitsa,  T. Kus,  A. Landau,  K. V. Lawler,  D. Lefrancois,  S. Lehtola,  
 Rain Li,  Shaozhi Li,  Yi-Pei Li,  Jiashu Liang,  M. Liebenthal,  
 Hung-Hsuan Lin,  You-Sheng Lin,  Fenglai Liu,  Kuan-Yu Liu,  
 M. Loipersberger,  A. Luenser,  C. Malbon,  A. Manjanath,  P. Manohar,  
 E. Mansoor,  S. F. Manzer,  Shan-Ping Mao,  A. V. Marenich,  T. Markovich,  
 S. Mason,  F. Matz,  S. A. Maurer,  P. F. McLaughlin,  M. F. S. J. Menger,  
 J.-M. Mewes,  S. A. Mewes,  P. Morgante,  Mohammad Mostafanejad,  
 J. W. Mullinax,  K. J. Oosterbaan,  G. Paran,  V. Parravicini,  
 Alexander C. Paul,  Suranjan K. Paul,  F. Pavosevic,  Zheng Pei,  S. Prager,  
 E. I. Proynov,  E. Ramos,  B. Rana,  A. E. Rask,  A. Rettig,  R. M. Richard,  
 F. Rob,  E. Rossomme,  T. Scheele,  M. Scheurer,  M. Schneider,  
 P. E. Schneider,  N. Sergueev,  S. M. Sharada,  Hengyuan Shen,  
 W. Skomorowski,  D. W. Small,  C. J. Stein,  Yingli Su,  Yu-Chuan Su,  
 E. J. Sundstrom,  Zhen Tao,  J. Thirman,  Hung-Yi Tsai,  T. Tsuchimochi,  
 N. M. Tubman,  C. Utku,  S. P. Veccham,  O. Vydrov,  J. Wenzel,  
 Jonathan Wong,  J. Witte,  A. Yamada,  Chou-Hsun Yang,  Kun Yao,  
 S. Yeganeh,  S. R. Yost,  A. Zech,  F. Zeller,  Igor Ying Zhang,  
 Xing Zhang,  Yu Zhang,  D. Zuev,  A. Aspuru-Guzik,  A. T. Bell,  
 N. A. Besley,  K. B. Bravaya,  B. R. Brooks,  D. Casanova,  Jeng-Da Chai,  
 Hsing-Ta Chen,  S. Coriani,  C. J. Cramer,  A. E. DePrince, III,  
 R. A. DiStasio Jr.,  A. Dreuw,  B. D. Dunietz,  T. R. Furlani,  
 W. A. Goddard III,  S. Grimme,  S. Hammes-Schiffer,  T. Head-Gordon,  
 W. J. Hehre,  Chao-Ping Hsu,  T.-C. Jagau,  Yousung Jung,  A. Klamt,  
 Jing Kong,  D. S. Lambrecht,  Xiangyuan Li,  WanZhen Liang,  N. J. Mayhall,  
 C. W. McCurdy,  J. B. Neaton,  T. Neudecker,  C. Ochsenfeld,  
 J. A. Parkhill,  R. Peverati,  V. A. Rassolov,  Haisheng Ren,  Yihan Shao,  
 L. V. Slipchenko,  R. P. Steele,  J. E. Subotnik,  A. J. W. Thom,  
 A. Tkatchenko,  D. G. Truhlar,  T. Van Voorhis,  Fan Wang,  
 T. A. Wesolowski,  K. B. Whaley,  H. L. Woodcock III,  P. M. Zimmerman,  
 S. Faraji,  P. M. W. Gill,  M. Head-Gordon,  J. M. Herbert,  A. I. Krylov

 Contributors to earlier versions of Q-Chem not listed above: 
 R. D. Adamson,  B. Austin,  R. Baer,  J. Baker,  G. J. O. Beran,  
 K. Brandhorst,  S. T. Brown,  E. F. C. Byrd,  Arup K. Chakraborty,  
 G. K. L. Chan,  Chun-Min Chang,  Yunqing Chen,  C.-L. Cheng,  
 Siu Hung Chien,  D. M. Chipman,  D. L. Crittenden,  H. Dachsel,  
 R. J. Doerksen,  A. D. Dutoi,  R. G. Edgar,  J. Fosso-Tande,  
 L. Fusti-Molnar,  D. Ghosh,  A. Ghysels,  A. Golubeva-Zadorozhnaya,  
 J. Gonthier,  M. S. Gordon,  S. R. Gwaltney,  G. Hawkins,  J. E. Herr,  
 A. Heyden,  S. Hirata,  E. G. Hohenstein,  G. Kedziora,  F. J. Keil,  
 C. Kelley,  Jihan Kim,  R. A. King,  R. Z. Khaliullin,  P. P. Korambath,  
 W. Kurlancheek,  A. Laurent,  A. M. Lee,  M. S. Lee,  S. V. Levchenko,  
 Ching Yeh Lin,  D. Liotard,  E. Livshits,  R. C. Lochan,  I. Lotan,  
 L. A. Martinez-Martinez,  P. E. Maslen,  N. Nair,  D. P. O'Neill,  
 D. Neuhauser,  E. Neuscamman,  C. M. Oana,  R. Olivares-Amaya,  R. Olson,  
 T. M. Perrine,  B. Peters,  P. A. Pieniazek,  A. Prociuk,  Y. M. Rhee,  
 J. Ritchie,  M. A. Rohrdanz,  E. Rosta,  N. J. Russ,  H. F. Schaefer III,  
 M. W. Schmidt,  N. E. Schultz,  S. Sharma,  N. Shenvi,  C. D. Sherrill,  
 A. C. Simmonett,  A. Sodt,  T. Stein,  D. Stuck,  K. S. Thanthiriwatte,  
 V. Vanovschi,  L. Vogt,  Tao Wang,  A. Warshel,  M. A. Watson,  
 C. F. Williams,  Q. Wu,  X. Xu,  Jun Yang,  W. Zhang,  Yan Zhao

   Please cite Q-Chem as follows:
  "Software for the frontiers of quantum chemistry:
   An overview of developments in the Q-Chem 5 package"
   J. Chem. Phys. 155, 084801 (2021)
   https://doi.org/10.1063/5.0055522 (open access)

 Q-Chem 6.0.2 for Intel X86 EM64T Linux

 Parts of Q-Chem use Armadillo 9.900.5 (Nocturnal Misbehaviour).
 http://arma.sourceforge.net/

 Q-Chem begins on Mon Jan 27 08:47:24 2025  

 Host: 
0

     Scratch files written to /expanse/lustre/scratch/whughes/temp_project/job_36546917/hat8-p1-triplet-wb97xd-wB97mV-readSCF-36546917//
 Dec722 |scratch|qcdevops|jenkins|workspace|build_RNUM    
 Processing $rem in /cm/shared/apps/spack/0.17.3/cpu/b/opt/spack/linux-rocky8-zen2/gcc-10.2.0/qchem-6.0-rytxnwjazd34ekd2gqyi5ufsaimxsd3r/config/preferences:
 Processing $rem in /home/whughes/.qchemrc:

 Checking the input file for inconsistencies... 	...done.

--------------------------------------------------------------
User input:
--------------------------------------------------------------
$molecule
read hat8-p1-triplet-wb97xd.xyz
$end

$rem
METHOD      B97M-V
BASIS       def2-QZVPP
SYM_IGNORE   TRUE
DFT_D       false
MAX_SCF_CYCLES 300
$end

--------------------------------------------------------------
 ----------------------------------------------------------------
             Standard Nuclear Orientation (Angstroms)
    I     Atom           X                Y                Z
 ----------------------------------------------------------------
    1      C      -1.3413555787    -1.0246404145    -2.1949838282
    2      C      -1.6337146330    -0.2840484690    -1.0593535451
    3      C      -0.6702974547    -0.0290873427    -0.0703058474
    4      C       0.6580873313    -0.5157536228    -0.2910663012
    5      C       0.9180994356    -1.2744076828    -1.4221241157
    6      C      -0.0710478559    -1.5373371466    -2.3696230817
    7      C      -1.0311602922     0.6264900917     1.1381450365
    8      C      -2.3999198733     1.1331336719     1.4275420490
    9      C       1.7381403844    -0.2381292085     0.6500121238
   10      C       2.1421480736     1.1335925701     1.0707508301
   11      O       2.7277120225    -1.1805437664     0.6572608057
   12      H      -2.1146567861    -1.2125238116    -2.9290720571
   13      H      -2.6438835250     0.0763827606    -0.9143534709
   14      H       1.9180115220    -1.6594710962    -1.5699624137
   15      H       0.1651455649    -2.1351546971    -3.2407327101
   16      H      -0.2981156549     0.6762732732     1.9309027182
   17      H      -2.7472969231     1.8310554251     0.6587156797
   18      H      -3.1356236482     0.3201739230     1.4641659050
   19      H      -2.4324293952     1.6491176336     2.3861643077
   20      H       2.9411599995     1.5141513877     0.4177998986
   21      H       1.3130616458     1.8339337999     1.0036570554
   22      H       2.5209937435     1.1491025166     2.0989156443
   23      H       3.4769398973    -0.8523097952     1.1575463172
 ----------------------------------------------------------------
 Nuclear Repulsion Energy =         580.83012959 hartrees
 There are       41 alpha and       39 beta electrons
 Requested basis set is def2-QZVPP
 There are 307 shells and 987 basis functions

 Total QAlloc Memory Limit   8000 MB
 Mega-Array Size       188 MB
 MEM_STATIC part       192 MB

 A cutoff of  1.0D-09 yielded  31879 shell pairs
 There are    316189 function pairs (    469235 Cartesian)
 Smallest overlap matrix eigenvalue = 5.39E-06

 Q-Chem warning in module stvman/mkSTV.C, line 305:

 Overlap eigenvalue is smaller than square root of threshold
 Use THRESH >= 12 to get rid of this warning


 Scale SEOQF with 1.000000e-01/1.000000e-01/1.000000e-01

 Standard Electronic Orientation quadrupole field applied
 Nucleus-field energy     =    -0.0000000017 hartrees
 Guess from superposition of atomic densities
 Warning:  Energy on first SCF cycle will be non-variational
 SAD guess density has 80.000000 electrons

 -----------------------------------------------------------------------
  General SCF calculation program by
  Eric Jon Sundstrom, Paul Horn, Yuezhi Mao, Dmitri Zuev, Alec White,
  David Stuck, Shaama M.S., Shane Yost, Joonho Lee, David Small,
  Daniel Levine, Susi Lehtola, Hugh Burton, Evgeny Epifanovsky,
  Bang C. Huynh
 -----------------------------------------------------------------------
 Exchange:  B97M-V      Correlation:  B97M-V
 Using SG-2 standard quadrature grid
 Nonlocal Correlation:  VV10 with C = 0.0100 and b = 6.00 and scale = 1.00000
 Grid used for NLC:  SG-1 standard quadrature
 using 32 threads for integral computing
 -------------------------------------------------------
 OpenMP Integral computing Module                
 Release: version 1.0, May 2013, Q-Chem Inc. Pittsburgh 
 -------------------------------------------------------
 A unrestricted SCF calculation will be
 performed using DIIS
 SCF converges when DIIS error is below 1.0e-05
 ---------------------------------------
  Cycle       Energy         DIIS error
 ---------------------------------------
    1    -465.5690850766      5.87e-03  
    2    -463.3380309905      7.38e-04  
    3    -463.0398404684      1.03e-03  
    4    -463.5534105952      3.32e-04  
    5    -463.6113738126      1.30e-04  
    6    -463.6195726722      6.88e-05  
    7    -463.6220555697      1.81e-05  
    8    -463.6222196345      8.18e-06  Convergence criterion met
 ---------------------------------------
 SCF time:   CPU 4061.22s  wall 130.00s 
<S^2> =          2.014142230
 SCF   energy in the final basis set =     -463.6222196345
 Total energy in the final basis set =     -463.6222196345
 
 --------------------------------------------------------------
 
                    Orbital Energies (a.u.)
 --------------------------------------------------------------
 
 Alpha MOs
 -- Occupied --
-19.1855 -10.2402 -10.1893 -10.1870 -10.1865 -10.1856 -10.1756 -10.1745
-10.1723 -10.1706 -10.1685  -1.0594  -0.8433  -0.7729  -0.7612  -0.7163
 -0.7037  -0.6341  -0.6094  -0.5627  -0.5377  -0.4873  -0.4722  -0.4474
 -0.4322  -0.4138  -0.4107  -0.3978  -0.3956  -0.3751  -0.3656  -0.3533
 -0.3473  -0.3392  -0.3324  -0.3127  -0.3061  -0.2601  -0.2430  -0.1656
 -0.1242
 -- Virtual --
 -0.0203  -0.0085  -0.0040   0.0136   0.0267   0.0375   0.0493   0.0559
  0.0602   0.0680   0.0733   0.0792   0.0856   0.0987   0.1090   0.1130
  0.1182   0.1260   0.1304   0.1339   0.1436   0.1590   0.1599   0.1652
  0.1753   0.1825   0.1837   0.1947   0.2053   0.2082   0.2165   0.2275
  0.2305   0.2372   0.2460   0.2542   0.2603   0.2632   0.2716   0.2724
  0.2815   0.2862   0.2890   0.2908   0.2968   0.2995   0.3050   0.3082
  0.3131   0.3154   0.3221   0.3281   0.3396   0.3432   0.3480   0.3565
  0.3632   0.3669   0.3764   0.3903   0.3921   0.4027   0.4118   0.4211
  0.4386   0.4423   0.4496   0.4517   0.4638   0.4716   0.4813   0.4863
  0.4931   0.5001   0.5060   0.5148   0.5256   0.5298   0.5375   0.5508
  0.5559   0.5624   0.5733   0.5850   0.5940   0.6004   0.6079   0.6146
  0.6211   0.6277   0.6339   0.6571   0.6632   0.6679   0.6743   0.6807
  0.6945   0.7039   0.7083   0.7198   0.7242   0.7288   0.7417   0.7494
  0.7580   0.7606   0.7697   0.7815   0.7852   0.7931   0.8000   0.8089
  0.8102   0.8138   0.8241   0.8262   0.8296   0.8415   0.8488   0.8514
  0.8564   0.8696   0.8744   0.8806   0.8889   0.8939   0.9052   0.9098
  0.9122   0.9224   0.9308   0.9372   0.9399   0.9498   0.9556   0.9673
  0.9736   0.9841   0.9918   0.9960   1.0132   1.0167   1.0197   1.0234
  1.0363   1.0433   1.0474   1.0559   1.0597   1.0786   1.0812   1.0876
  1.0884   1.0939   1.1120   1.1127   1.1275   1.1324   1.1422   1.1472
  1.1591   1.1762   1.1853   1.2000   1.2058   1.2185   1.2210   1.2278
  1.2313   1.2454   1.2614   1.2636   1.2805   1.2872   1.3009   1.3138
  1.3178   1.3292   1.3398   1.3468   1.3634   1.3755   1.3794   1.3990
  1.4051   1.4198   1.4297   1.4485   1.4639   1.4668   1.4813   1.4987
  1.5105   1.5168   1.5326   1.5524   1.5568   1.5634   1.5806   1.5857
  1.5935   1.6146   1.6410   1.6444   1.6583   1.6696   1.6782   1.6955
  1.7019   1.7116   1.7228   1.7332   1.7486   1.7606   1.7764   1.7884
  1.8027   1.8091   1.8141   1.8380   1.8445   1.8535   1.8554   1.8651
  1.8686   1.8749   1.8783   1.8889   1.8945   1.9167   1.9215   1.9268
  1.9412   1.9476   1.9612   1.9646   1.9847   1.9896   2.0040   2.0114
  2.0198   2.0287   2.0330   2.0419   2.0450   2.0632   2.0743   2.0847
  2.0902   2.0954   2.1072   2.1150   2.1197   2.1270   2.1393   2.1462
  2.1488   2.1632   2.1636   2.1769   2.1804   2.1871   2.1951   2.1979
  2.2060   2.2137   2.2204   2.2284   2.2397   2.2473   2.2535   2.2675
  2.2794   2.2837   2.2868   2.2992   2.3026   2.3137   2.3219   2.3317
  2.3375   2.3447   2.3561   2.3598   2.3689   2.3762   2.3897   2.3944
  2.4052   2.4167   2.4213   2.4259   2.4341   2.4451   2.4547   2.4686
  2.4765   2.4919   2.4989   2.5051   2.5138   2.5190   2.5404   2.5511
  2.5547   2.5611   2.5701   2.5756   2.5902   2.5986   2.6084   2.6129
  2.6232   2.6238   2.6367   2.6388   2.6489   2.6575   2.6660   2.6706
  2.6824   2.6981   2.7064   2.7130   2.7257   2.7334   2.7366   2.7448
  2.7529   2.7645   2.7737   2.7834   2.7840   2.7936   2.8134   2.8170
  2.8217   2.8361   2.8378   2.8450   2.8534   2.8633   2.8778   2.8819
  2.8838   2.8917   2.9066   2.9215   2.9266   2.9370   2.9421   2.9529
  2.9584   2.9621   2.9723   2.9899   2.9962   3.0111   3.0138   3.0263
  3.0375   3.0538   3.0651   3.0766   3.0890   3.0917   3.1037   3.1330
  3.1347   3.1452   3.1455   3.1635   3.1687   3.1825   3.1869   3.2037
  3.2117   3.2369   3.2420   3.2504   3.2549   3.2610   3.2967   3.3174
  3.3209   3.3267   3.3379   3.3550   3.3567   3.3727   3.3908   3.3964
  3.4170   3.4341   3.4632   3.4728   3.4763   3.4885   3.4979   3.5117
  3.5204   3.5440   3.5530   3.5643   3.5668   3.5790   3.5858   3.5920
  3.6074   3.6130   3.6234   3.6432   3.6497   3.6649   3.6860   3.6914
  3.6936   3.7003   3.7152   3.7222   3.7494   3.7655   3.7958   3.8106
  3.8197   3.8347   3.8510   3.8600   3.8800   3.8970   3.9182   3.9257
  3.9436   3.9665   3.9807   4.0009   4.0211   4.0495   4.0532   4.0645
  4.0852   4.0877   4.0919   4.1146   4.1236   4.1623   4.1823   4.2050
  4.2286   4.2553   4.2738   4.2833   4.3123   4.3173   4.3637   4.3784
  4.3987   4.4154   4.4369   4.4564   4.4803   4.4946   4.5044   4.5337
  4.5427   4.5788   4.5826   4.6233   4.6546   4.6866   4.7044   4.7161
  4.7587   4.7904   4.8022   4.8406   4.9219   4.9456   4.9749   5.0129
  5.0276   5.0647   5.0904   5.1056   5.1449   5.1644   5.1984   5.2234
  5.2457   5.2659   5.2761   5.2820   5.2912   5.3022   5.3214   5.3536
  5.3622   5.3701   5.3806   5.3986   5.4058   5.4250   5.4419   5.4423
  5.4550   5.4632   5.4806   5.4975   5.5068   5.5351   5.5531   5.5627
  5.5895   5.5988   5.6077   5.6291   5.6405   5.6677   5.6716   5.6846
  5.6978   5.7046   5.7133   5.7283   5.7375   5.7548   5.7766   5.7818
  5.7957   5.8088   5.8206   5.8380   5.8510   5.8603   5.8635   5.8896
  5.8981   5.9202   5.9395   5.9528   5.9597   5.9825   6.0119   6.0148
  6.0464   6.0506   6.0559   6.0600   6.0786   6.0866   6.1025   6.1082
  6.1173   6.1266   6.1334   6.1508   6.1582   6.1634   6.1792   6.1836
  6.1839   6.2023   6.2126   6.2184   6.2288   6.2346   6.2400   6.2507
  6.2637   6.2658   6.2792   6.2837   6.2967   6.3084   6.3168   6.3269
  6.3351   6.3534   6.3665   6.3720   6.3862   6.3924   6.3978   6.4062
  6.4128   6.4243   6.4298   6.4433   6.4563   6.4611   6.4667   6.4833
  6.4890   6.4971   6.5000   6.5034   6.5213   6.5237   6.5341   6.5512
  6.5603   6.5674   6.5764   6.5830   6.5962   6.6081   6.6129   6.6218
  6.6353   6.6439   6.6508   6.6577   6.6649   6.6760   6.6802   6.6901
  6.7009   6.7186   6.7211   6.7319   6.7364   6.7545   6.7608   6.7626
  6.7666   6.7880   6.7983   6.8067   6.8169   6.8296   6.8360   6.8535
  6.8540   6.8617   6.8810   6.8971   6.9025   6.9090   6.9170   6.9297
  6.9308   6.9482   6.9603   6.9677   6.9829   6.9955   7.0042   7.0108
  7.0192   7.0274   7.0314   7.0451   7.0588   7.0805   7.0832   7.0868
  7.1078   7.1308   7.1423   7.1521   7.1672   7.1918   7.1964   7.2025
  7.2302   7.2503   7.2591   7.2756   7.2873   7.2916   7.3165   7.3281
  7.3566   7.3598   7.3709   7.3790   7.3894   7.4128   7.4233   7.4451
  7.4590   7.4671   7.4781   7.4873   7.4929   7.5306   7.5402   7.5485
  7.5620   7.5895   7.6035   7.6231   7.6305   7.6392   7.6514   7.6803
  7.6888   7.7092   7.7293   7.7366   7.7543   7.7735   7.7937   7.8016
  7.8058   7.8292   7.8333   7.8394   7.8538   7.8643   7.8793   7.8938
  7.9057   7.9156   7.9385   7.9616   7.9686   7.9764   8.0035   8.0131
  8.0154   8.0432   8.0784   8.0963   8.1102   8.1219   8.1294   8.1439
  8.1546   8.1731   8.1920   8.2015   8.2116   8.2183   8.2366   8.2603
  8.2669   8.2842   8.2958   8.2980   8.3029   8.3159   8.3250   8.3447
  8.3490   8.3659   8.3847   8.4020   8.4109   8.4178   8.4297   8.4440
  8.4494   8.4721   8.4776   8.4987   8.5238   8.5257   8.5440   8.5515
  8.5768   8.5901   8.6006   8.6237   8.6437   8.6792   8.6853   8.6933
  8.7147   8.7153   8.7360   8.7411   8.7462   8.7595   8.7670   8.7746
  8.7944   8.8040   8.8139   8.8271   8.8522   8.8566   8.8665   8.8797
  8.8863   8.9034   8.9151   8.9228   8.9381   8.9515   8.9531   8.9598
  8.9728   8.9918   8.9971   9.0016   9.0153   9.0232   9.0343   9.0473
  9.0649   9.0850   9.0986   9.1031   9.1052   9.1181   9.1337   9.1400
  9.1437   9.1589   9.1724   9.1811   9.2047   9.2077   9.2236   9.2303
  9.2454   9.2517   9.2912   9.3123   9.3130   9.3320   9.3517   9.3571
  9.3614   9.3701   9.3890   9.3919   9.4022   9.4252   9.4336   9.4578
  9.4610   9.4713   9.4832   9.5102   9.5194   9.5446   9.5633   9.6364
  9.7178   9.8027   9.8063   9.8412   9.8969   9.9376   9.9542   9.9747
  9.9888  10.0220  10.0375  10.0457  10.0770  10.1029  10.1319  10.1716
 10.2020  10.2280  10.2705  10.2916  10.3123  10.3291  10.3856  10.3966
 10.4169  10.4244  10.4409  10.4579  10.4698  10.4889  10.5036  10.5204
 10.5372  10.5491  10.5645  10.5863  10.6273  10.6602  10.7435  10.7515
 10.7951  10.8162  10.8212  10.8456  10.8872  10.8980  10.9125  10.9324
 11.0129  11.0583  11.0834  11.1329  11.2668  11.3036  11.3335  11.4547
 11.4774  11.8875  11.8950  12.0625  12.1405  12.2291  12.2392  12.3129
 12.3378  12.4078  12.4586  12.5071  12.5574  12.5747  12.7983  12.9625
 13.0295  13.0810  13.1794  13.2095  13.5003  13.5885  13.6192  13.7153
 14.4621  14.6915  14.9998  17.3321  28.6587  29.0086  29.1258  29.2462
 29.3907  29.6837  29.7489  29.8170  29.8624  30.1361  49.3670 150.6149
150.9374 151.0632 151.1561 151.2840 151.5535 151.6174 151.7488 151.7874
152.0220 258.5221
 
 Beta MOs
 -- Occupied --
-19.1815 -10.2280 -10.1868 -10.1865 -10.1861 -10.1785 -10.1761 -10.1719
-10.1704 -10.1698 -10.1672  -1.0510  -0.8368  -0.7610  -0.7490  -0.7114
 -0.6987  -0.6246  -0.5986  -0.5569  -0.5275  -0.4805  -0.4640  -0.4413
 -0.4241  -0.4075  -0.4028  -0.3935  -0.3846  -0.3717  -0.3603  -0.3445
 -0.3392  -0.3304  -0.3200  -0.3079  -0.3018  -0.2401  -0.2264
 -- Virtual --
 -0.1078  -0.0643  -0.0055   0.0030   0.0154   0.0168   0.0291   0.0418
  0.0525   0.0586   0.0650   0.0727   0.0776   0.0838   0.0897   0.1032
  0.1122   0.1168   0.1239   0.1326   0.1366   0.1403   0.1473   0.1621
  0.1640   0.1692   0.1836   0.1861   0.1908   0.1982   0.2133   0.2160
  0.2272   0.2330   0.2373   0.2428   0.2535   0.2576   0.2664   0.2735
  0.2763   0.2789   0.2878   0.2901   0.2941   0.2956   0.3007   0.3030
  0.3103   0.3127   0.3191   0.3225   0.3277   0.3326   0.3476   0.3485
  0.3537   0.3620   0.3683   0.3699   0.3828   0.3963   0.3980   0.4098
  0.4203   0.4244   0.4440   0.4458   0.4540   0.4561   0.4702   0.4776
  0.4874   0.4900   0.4999   0.5066   0.5132   0.5204   0.5300   0.5348
  0.5429   0.5565   0.5611   0.5695   0.5791   0.5908   0.6006   0.6074
  0.6150   0.6192   0.6258   0.6333   0.6399   0.6623   0.6705   0.6726
  0.6797   0.6891   0.7010   0.7125   0.7147   0.7256   0.7302   0.7357
  0.7500   0.7579   0.7654   0.7673   0.7751   0.7887   0.7912   0.7999
  0.8060   0.8143   0.8171   0.8206   0.8297   0.8318   0.8356   0.8459
  0.8562   0.8587   0.8631   0.8786   0.8807   0.8892   0.8983   0.8987
  0.9117   0.9164   0.9196   0.9292   0.9392   0.9450   0.9473   0.9560
  0.9608   0.9733   0.9802   0.9908   0.9992   1.0024   1.0205   1.0242
  1.0274   1.0281   1.0429   1.0520   1.0552   1.0632   1.0662   1.0861
  1.0884   1.0938   1.0958   1.1031   1.1202   1.1209   1.1336   1.1409
  1.1506   1.1536   1.1663   1.1832   1.1920   1.2072   1.2148   1.2253
  1.2274   1.2355   1.2394   1.2517   1.2687   1.2716   1.2891   1.2957
  1.3086   1.3209   1.3250   1.3364   1.3470   1.3553   1.3704   1.3846
  1.3874   1.4060   1.4156   1.4263   1.4370   1.4557   1.4714   1.4730
  1.4874   1.5078   1.5169   1.5248   1.5418   1.5621   1.5643   1.5716
  1.5882   1.5935   1.6017   1.6216   1.6489   1.6545   1.6687   1.6764
  1.6861   1.7057   1.7093   1.7199   1.7323   1.7402   1.7591   1.7696
  1.7859   1.7995   1.8139   1.8207   1.8237   1.8480   1.8550   1.8638
  1.8642   1.8733   1.8804   1.8843   1.8883   1.8982   1.9068   1.9257
  1.9312   1.9376   1.9517   1.9586   1.9726   1.9764   1.9934   2.0005
  2.0139   2.0212   2.0280   2.0396   2.0436   2.0513   2.0540   2.0740
  2.0847   2.0940   2.0988   2.1038   2.1166   2.1277   2.1302   2.1399
  2.1522   2.1581   2.1621   2.1717   2.1763   2.1870   2.1901   2.1990
  2.2064   2.2099   2.2181   2.2258   2.2283   2.2380   2.2485   2.2572
  2.2638   2.2788   2.2882   2.2950   2.2978   2.3105   2.3143   2.3242
  2.3326   2.3424   2.3488   2.3541   2.3686   2.3722   2.3794   2.3866
  2.4010   2.4041   2.4157   2.4275   2.4339   2.4361   2.4464   2.4613
  2.4671   2.4818   2.4855   2.5013   2.5096   2.5188   2.5263   2.5313
  2.5489   2.5616   2.5651   2.5705   2.5817   2.5861   2.5987   2.6096
  2.6185   2.6241   2.6336   2.6352   2.6477   2.6495   2.6594   2.6670
  2.6747   2.6800   2.6946   2.7085   2.7167   2.7233   2.7360   2.7432
  2.7474   2.7530   2.7646   2.7744   2.7863   2.7922   2.7942   2.8034
  2.8236   2.8275   2.8311   2.8452   2.8486   2.8566   2.8627   2.8739
  2.8852   2.8905   2.8969   2.9025   2.9169   2.9329   2.9373   2.9470
  2.9516   2.9619   2.9695   2.9700   2.9862   3.0000   3.0053   3.0210
  3.0246   3.0363   3.0474   3.0673   3.0757   3.0896   3.0999   3.1028
  3.1131   3.1426   3.1447   3.1541   3.1586   3.1762   3.1799   3.1949
  3.1984   3.2156   3.2229   3.2487   3.2511   3.2628   3.2656   3.2729
  3.3069   3.3288   3.3301   3.3398   3.3495   3.3644   3.3703   3.3860
  3.4011   3.4088   3.4294   3.4469   3.4742   3.4825   3.4895   3.5008
  3.5083   3.5267   3.5324   3.5555   3.5637   3.5764   3.5784   3.5908
  3.5992   3.6056   3.6179   3.6232   3.6337   3.6514   3.6580   3.6766
  3.6979   3.7042   3.7065   3.7123   3.7304   3.7320   3.7608   3.7780
  3.8083   3.8215   3.8325   3.8472   3.8637   3.8757   3.8926   3.9115
  3.9289   3.9363   3.9537   3.9769   3.9960   4.0165   4.0350   4.0586
  4.0628   4.0719   4.0945   4.0989   4.1022   4.1257   4.1375   4.1763
  4.1956   4.2183   4.2421   4.2638   4.2850   4.2942   4.3217   4.3317
  4.3766   4.3901   4.4096   4.4268   4.4507   4.4687   4.4921   4.5072
  4.5166   4.5459   4.5572   4.5929   4.5978   4.6386   4.6687   4.7001
  4.7231   4.7301   4.7691   4.8039   4.8130   4.8521   4.9361   4.9576
  4.9907   5.0251   5.0390   5.0738   5.1023   5.1164   5.1565   5.1752
  5.2110   5.2345   5.2615   5.2771   5.2876   5.2929   5.3040   5.3168
  5.3332   5.3642   5.3771   5.3809   5.3920   5.4117   5.4161   5.4372
  5.4477   5.4508   5.4659   5.4789   5.4896   5.5075   5.5227   5.5443
  5.5666   5.5746   5.6004   5.6089   5.6215   5.6414   5.6521   5.6800
  5.6843   5.6963   5.7102   5.7141   5.7263   5.7361   5.7548   5.7674
  5.7870   5.7938   5.8066   5.8219   5.8323   5.8473   5.8625   5.8736
  5.8747   5.9014   5.9126   5.9359   5.9538   5.9656   5.9737   5.9924
  6.0233   6.0285   6.0571   6.0637   6.0670   6.0742   6.0906   6.0973
  6.1129   6.1245   6.1315   6.1377   6.1443   6.1623   6.1708   6.1761
  6.1924   6.1943   6.1986   6.2120   6.2223   6.2274   6.2421   6.2470
  6.2495   6.2596   6.2744   6.2751   6.2880   6.2915   6.3084   6.3186
  6.3292   6.3408   6.3506   6.3657   6.3774   6.3841   6.3992   6.4018
  6.4086   6.4155   6.4271   6.4356   6.4419   6.4550   6.4671   6.4710
  6.4779   6.4914   6.4996   6.5062   6.5088   6.5121   6.5287   6.5337
  6.5428   6.5602   6.5708   6.5775   6.5857   6.5910   6.6091   6.6222
  6.6262   6.6306   6.6457   6.6569   6.6603   6.6683   6.6787   6.6909
  6.6913   6.6976   6.7136   6.7309   6.7334   6.7429   6.7481   6.7682
  6.7718   6.7753   6.7795   6.8002   6.8087   6.8206   6.8325   6.8403
  6.8479   6.8640   6.8662   6.8752   6.8895   6.9073   6.9107   6.9175
  6.9299   6.9447   6.9463   6.9604   6.9747   6.9796   6.9950   7.0084
  7.0147   7.0224   7.0302   7.0364   7.0420   7.0647   7.0718   7.0880
  7.0940   7.1037   7.1211   7.1432   7.1587   7.1633   7.1806   7.2045
  7.2079   7.2179   7.2537   7.2656   7.2736   7.2896   7.3030   7.3068
  7.3291   7.3395   7.3675   7.3753   7.3848   7.3930   7.4070   7.4259
  7.4358   7.4615   7.4738   7.4848   7.4992   7.5006   7.5102   7.5453
  7.5552   7.5599   7.5731   7.6082   7.6185   7.6344   7.6417   7.6544
  7.6637   7.6921   7.6990   7.7208   7.7473   7.7516   7.7648   7.7873
  7.8042   7.8148   7.8180   7.8420   7.8449   7.8540   7.8577   7.8783
  7.8893   7.9079   7.9149   7.9234   7.9483   7.9691   7.9798   7.9879
  8.0091   8.0110   8.0299   8.0546   8.0931   8.1081   8.1189   8.1287
  8.1399   8.1505   8.1673   8.1827   8.2024   8.2120   8.2228   8.2296
  8.2464   8.2714   8.2773   8.2932   8.3050   8.3080   8.3117   8.3249
  8.3334   8.3543   8.3598   8.3734   8.3919   8.4138   8.4191   8.4322
  8.4389   8.4468   8.4604   8.4833   8.4860   8.5101   8.5314   8.5327
  8.5496   8.5680   8.5872   8.5995   8.6124   8.6238   8.6541   8.6911
  8.6972   8.7006   8.7199   8.7261   8.7441   8.7495   8.7563   8.7667
  8.7760   8.7882   8.8069   8.8186   8.8257   8.8392   8.8607   8.8640
  8.8732   8.8881   8.8957   8.9155   8.9212   8.9347   8.9485   8.9581
  8.9645   8.9664   8.9812   8.9990   9.0041   9.0118   9.0196   9.0288
  9.0435   9.0590   9.0742   9.0868   9.1124   9.1146   9.1182   9.1253
  9.1365   9.1480   9.1566   9.1672   9.1741   9.1884   9.2161   9.2198
  9.2327   9.2405   9.2546   9.2676   9.3018   9.3154   9.3281   9.3399
  9.3529   9.3652   9.3691   9.3768   9.3916   9.4038   9.4107   9.4337
  9.4423   9.4704   9.4738   9.4804   9.4964   9.5251   9.5331   9.5569
  9.5882   9.6565   9.7047   9.8238   9.8421   9.8677   9.9045   9.9462
  9.9565  10.0053  10.0091  10.0397  10.0469  10.0568  10.0870  10.1085
 10.1439  10.1680  10.2044  10.2133  10.2643  10.3142  10.3387  10.3446
 10.3800  10.4030  10.4221  10.4415  10.4609  10.4745  10.4827  10.5043
 10.5086  10.5371  10.5403  10.5501  10.5820  10.5911  10.6429  10.6725
 10.7487  10.7710  10.8027  10.8211  10.8361  10.8628  10.9087  10.9120
 10.9307  10.9533  11.0256  11.0726  11.0971  11.1453  11.2717  11.3240
 11.3445  11.4589  11.5036  11.9139  11.9186  12.0904  12.1672  12.2354
 12.2639  12.3373  12.3645  12.4244  12.4886  12.5216  12.5456  12.6051
 12.8270  12.9777  13.0005  13.0223  13.1586  13.2338  13.4818  13.6078
 13.6356  13.7445  14.4835  14.7185  15.0262  17.3419  28.6624  29.0435
 29.1370  29.2572  29.4085  29.6949  29.7553  29.8220  29.8681  30.1423
 49.3826 150.6170 150.9623 151.0700 151.1600 151.2956 151.5604 151.6217
151.7485 151.7870 152.0252 258.5296
 --------------------------------------------------------------
 
          Ground-State Mulliken Net Atomic Charges

     Atom                 Charge (a.u.)    Spin (a.u.)
  --------------------------------------------------------
      1 C                    -0.310416       0.019808
      2 C                    -0.259051       0.207198
      3 C                     0.286387      -0.104580
      4 C                     0.172388       0.036938
      5 C                    -0.259798       0.084146
      6 C                    -0.276862       0.169397
      7 C                    -0.391156       0.719644
      8 C                    -0.531689      -0.012435
      9 C                     0.089526       0.751563
     10 C                    -0.549304      -0.013179
     11 O                    -0.272017       0.076147
     12 H                     0.222778      -0.004616
     13 H                     0.176699      -0.003163
     14 H                     0.171360      -0.001141
     15 H                     0.216974      -0.006725
     16 H                     0.213678       0.000226
     17 H                     0.201335       0.015304
     18 H                     0.196612       0.025492
     19 H                     0.169195      -0.000670
     20 H                     0.190621       0.039071
     21 H                     0.196166       0.004155
     22 H                     0.171764      -0.002228
     23 H                     0.174810      -0.000352
  --------------------------------------------------------
  Sum of atomic charges =    -0.000000
  Sum of spin   charges =     2.000000

 -----------------------------------------------------------------
                    Cartesian Multipole Moments
 -----------------------------------------------------------------
    Charge (ESU x 10^10)
                -0.0000
    Dipole Moment (Debye)
         X       1.0261      Y       1.3821      Z       1.1953
       Tot       2.0957
    Quadrupole Moments (Debye-Ang)
        XX     -57.1169     XY       0.4352     YY     -69.8925
        XZ       3.5498     YZ       3.2596     ZZ     -64.0961
    Octopole Moments (Debye-Ang^2)
       XXX      13.0139    XXY      16.3777    XYY      -6.3909
       YYY      49.7717    XXZ      23.9035    XYZ      -0.8148
       YYZ       8.1206    XZZ      -1.2456    YZZ       8.0727
       ZZZ      33.6657
    Hexadecapole Moments (Debye-Ang^3)
      XXXX   -1103.6725   XXXY      60.7323   XXYY    -301.7471
      XYYY      75.7533   YYYY    -511.1735   XXXZ      -4.7999
      XXYZ     -77.1065   XYYZ     -31.5854   YYYZ    -220.4983
      XXZZ    -318.5513   XYZZ      21.5720   YYZZ    -211.0393
      XZZZ     -55.7348   YZZZ    -189.3447   ZZZZ    -834.5663
 -----------------------------------------------------------------
 Total job time:  135.84s(wall), 4116.30s(cpu) 
 Mon Jan 27 08:49:40 2025

        *************************************************************
        *                                                           *
        *  Thank you very much for using Q-Chem.  Have a nice day.  *
        *                                                           *
        *************************************************************



Running Job 2 of 2 hat8-p1-triplet-wb97xd-wB97mV-readSCF.in
qchem hat8-p1-triplet-wb97xd-wB97mV-readSCF.in_1418434.1 /expanse/lustre/scratch/whughes/temp_project/job_36546917/hat8-p1-triplet-wb97xd-wB97mV-readSCF-36546917/ 0
/cm/shared/apps/spack/0.17.3/cpu/b/opt/spack/linux-rocky8-zen2/gcc-10.2.0/qchem-6.0-rytxnwjazd34ekd2gqyi5ufsaimxsd3r/exe/qcprog.exe_s hat8-p1-triplet-wb97xd-wB97mV-readSCF.in_1418434.1 /expanse/lustre/scratch/whughes/temp_project/job_36546917/hat8-p1-triplet-wb97xd-wB97mV-readSCF-36546917/
                  Welcome to Q-Chem
     A Quantum Leap Into The Future Of Chemistry


 Q-Chem 6.0, Q-Chem, Inc., Pleasanton, CA (2022)

 License issued to: University of California, San Diego (site)

 E. Epifanovsky,  A. T. B. Gilbert,  Xintian Feng,  Joonho Lee,  Yuezhi Mao,  
 N. Mardirossian,  P. Pokhilko,  A. White,  M. Wormit,  M. P. Coons,  
 A. L. Dempwolff,  Zhengting Gan,  D. Hait,  P. R. Horn,  L. D. Jacobson,  
 I. Kaliman,  J. Kussmann,  A. W. Lange,  Ka Un Lao,  D. S. Levine,  Jie Liu,  
 S. C. McKenzie,  A. F. Morrison,  K. Nanda,  F. Plasser,  D. R. Rehn,  
 M. L. Vidal,  Zhi-Qiang You,  Ying Zhu,  B. Alam,  B. Albrecht,  
 A. Aldossary,  E. Alguire,  J. H. Andersen,  V. Athavale,  D. Barton,  
 K. Begam,  A. Behn,  N. Bellonzi,  Y. A. Bernard,  E. J. Berquist,  
 H. Burton,  A. Carreras,  K. Carter-Fenk,  Romit Chakraborty,  
 Chandrima Chakravarty,  Junhan Chen,  A. D. Chien,  K. D. Closser,  
 V. Cofer-Shabica,  L. Cunha,  S. Dasgupta,  Jia Deng,  M. de Wergifosse,  
 M. Diedenhofen,  Hainam Do,  S. Ehlert,  Po-Tung Fang,  S. Fatehi,  
 Qingguo Feng,  T. Friedhoff,  B. Ganoe,  J. Gayvert,  Qinghui Ge,  
 G. Gidofalvi,  M. Goldey,  J. Gomes,  C. Gonzalez-Espinoza,  S. Gulania,  
 A. Gunina,  J. A. Gyamfi,  M. W. D. Hanson-Heine,  P. H. P. Harbach,  
 A. W. Hauser,  M. F. Herbst,  M. Hernandez Vera,  M. Hodecker,  
 Z. C. Holden,  S. Houck,  Xunkun Huang,  Kerwin Hui,  B. C. Huynh,  
 K. Ikeda,  M. Ivanov,  Hyunjun Ji,  Zuxin Jin,  Hanjie Jiang,  B. Kaduk,  
 S. Kaehler,  R. Kang,  K. Khistyaev,  Jaehoon Kim,  Yongbin Kim,  
 P. Klunzinger,  Z. Koczor-Benda,  Joong Hoon Koh,  D. Kosenkov,  
 Saikiran Kotaru,  L. Koulias,  T. Kowalczyk,  C. M. Krauter,  K. Kue,  
 A. Kunitsa,  T. Kus,  A. Landau,  K. V. Lawler,  D. Lefrancois,  S. Lehtola,  
 Rain Li,  Shaozhi Li,  Yi-Pei Li,  Jiashu Liang,  M. Liebenthal,  
 Hung-Hsuan Lin,  You-Sheng Lin,  Fenglai Liu,  Kuan-Yu Liu,  
 M. Loipersberger,  A. Luenser,  C. Malbon,  A. Manjanath,  P. Manohar,  
 E. Mansoor,  S. F. Manzer,  Shan-Ping Mao,  A. V. Marenich,  T. Markovich,  
 S. Mason,  F. Matz,  S. A. Maurer,  P. F. McLaughlin,  M. F. S. J. Menger,  
 J.-M. Mewes,  S. A. Mewes,  P. Morgante,  Mohammad Mostafanejad,  
 J. W. Mullinax,  K. J. Oosterbaan,  G. Paran,  V. Parravicini,  
 Alexander C. Paul,  Suranjan K. Paul,  F. Pavosevic,  Zheng Pei,  S. Prager,  
 E. I. Proynov,  E. Ramos,  B. Rana,  A. E. Rask,  A. Rettig,  R. M. Richard,  
 F. Rob,  E. Rossomme,  T. Scheele,  M. Scheurer,  M. Schneider,  
 P. E. Schneider,  N. Sergueev,  S. M. Sharada,  Hengyuan Shen,  
 W. Skomorowski,  D. W. Small,  C. J. Stein,  Yingli Su,  Yu-Chuan Su,  
 E. J. Sundstrom,  Zhen Tao,  J. Thirman,  Hung-Yi Tsai,  T. Tsuchimochi,  
 N. M. Tubman,  C. Utku,  S. P. Veccham,  O. Vydrov,  J. Wenzel,  
 Jonathan Wong,  J. Witte,  A. Yamada,  Chou-Hsun Yang,  Kun Yao,  
 S. Yeganeh,  S. R. Yost,  A. Zech,  F. Zeller,  Igor Ying Zhang,  
 Xing Zhang,  Yu Zhang,  D. Zuev,  A. Aspuru-Guzik,  A. T. Bell,  
 N. A. Besley,  K. B. Bravaya,  B. R. Brooks,  D. Casanova,  Jeng-Da Chai,  
 Hsing-Ta Chen,  S. Coriani,  C. J. Cramer,  A. E. DePrince, III,  
 R. A. DiStasio Jr.,  A. Dreuw,  B. D. Dunietz,  T. R. Furlani,  
 W. A. Goddard III,  S. Grimme,  S. Hammes-Schiffer,  T. Head-Gordon,  
 W. J. Hehre,  Chao-Ping Hsu,  T.-C. Jagau,  Yousung Jung,  A. Klamt,  
 Jing Kong,  D. S. Lambrecht,  Xiangyuan Li,  WanZhen Liang,  N. J. Mayhall,  
 C. W. McCurdy,  J. B. Neaton,  T. Neudecker,  C. Ochsenfeld,  
 J. A. Parkhill,  R. Peverati,  V. A. Rassolov,  Haisheng Ren,  Yihan Shao,  
 L. V. Slipchenko,  R. P. Steele,  J. E. Subotnik,  A. J. W. Thom,  
 A. Tkatchenko,  D. G. Truhlar,  T. Van Voorhis,  Fan Wang,  
 T. A. Wesolowski,  K. B. Whaley,  H. L. Woodcock III,  P. M. Zimmerman,  
 S. Faraji,  P. M. W. Gill,  M. Head-Gordon,  J. M. Herbert,  A. I. Krylov

 Contributors to earlier versions of Q-Chem not listed above: 
 R. D. Adamson,  B. Austin,  R. Baer,  J. Baker,  G. J. O. Beran,  
 K. Brandhorst,  S. T. Brown,  E. F. C. Byrd,  Arup K. Chakraborty,  
 G. K. L. Chan,  Chun-Min Chang,  Yunqing Chen,  C.-L. Cheng,  
 Siu Hung Chien,  D. M. Chipman,  D. L. Crittenden,  H. Dachsel,  
 R. J. Doerksen,  A. D. Dutoi,  R. G. Edgar,  J. Fosso-Tande,  
 L. Fusti-Molnar,  D. Ghosh,  A. Ghysels,  A. Golubeva-Zadorozhnaya,  
 J. Gonthier,  M. S. Gordon,  S. R. Gwaltney,  G. Hawkins,  J. E. Herr,  
 A. Heyden,  S. Hirata,  E. G. Hohenstein,  G. Kedziora,  F. J. Keil,  
 C. Kelley,  Jihan Kim,  R. A. King,  R. Z. Khaliullin,  P. P. Korambath,  
 W. Kurlancheek,  A. Laurent,  A. M. Lee,  M. S. Lee,  S. V. Levchenko,  
 Ching Yeh Lin,  D. Liotard,  E. Livshits,  R. C. Lochan,  I. Lotan,  
 L. A. Martinez-Martinez,  P. E. Maslen,  N. Nair,  D. P. O'Neill,  
 D. Neuhauser,  E. Neuscamman,  C. M. Oana,  R. Olivares-Amaya,  R. Olson,  
 T. M. Perrine,  B. Peters,  P. A. Pieniazek,  A. Prociuk,  Y. M. Rhee,  
 J. Ritchie,  M. A. Rohrdanz,  E. Rosta,  N. J. Russ,  H. F. Schaefer III,  
 M. W. Schmidt,  N. E. Schultz,  S. Sharma,  N. Shenvi,  C. D. Sherrill,  
 A. C. Simmonett,  A. Sodt,  T. Stein,  D. Stuck,  K. S. Thanthiriwatte,  
 V. Vanovschi,  L. Vogt,  Tao Wang,  A. Warshel,  M. A. Watson,  
 C. F. Williams,  Q. Wu,  X. Xu,  Jun Yang,  W. Zhang,  Yan Zhao

   Please cite Q-Chem as follows:
  "Software for the frontiers of quantum chemistry:
   An overview of developments in the Q-Chem 5 package"
   J. Chem. Phys. 155, 084801 (2021)
   https://doi.org/10.1063/5.0055522 (open access)

 Q-Chem 6.0.2 for Intel X86 EM64T Linux

 Parts of Q-Chem use Armadillo 9.900.5 (Nocturnal Misbehaviour).
 http://arma.sourceforge.net/

 Q-Chem begins on Mon Jan 27 08:49:40 2025  

 Host: 
0

     Scratch files written to /expanse/lustre/scratch/whughes/temp_project/job_36546917/hat8-p1-triplet-wb97xd-wB97mV-readSCF-36546917//
 Dec722 |scratch|qcdevops|jenkins|workspace|build_RNUM    
 Processing $rem in /cm/shared/apps/spack/0.17.3/cpu/b/opt/spack/linux-rocky8-zen2/gcc-10.2.0/qchem-6.0-rytxnwjazd34ekd2gqyi5ufsaimxsd3r/config/preferences:
 Processing $rem in /home/whughes/.qchemrc:

 Checking the input file for inconsistencies... 	...done.

--------------------------------------------------------------
User input:
--------------------------------------------------------------

$molecule
read
$end

$rem
METHOD      wB97M-V
BASIS       def2-QZVPP
SYM_IGNORE   TRUE
SCF_GUESS   read
DFT_D       false
MAX_SCF_CYCLES 300
$end

$end
--------------------------------------------------------------
 ----------------------------------------------------------------
             Standard Nuclear Orientation (Angstroms)
    I     Atom           X                Y                Z
 ----------------------------------------------------------------
    1      C      -1.3413555787    -1.0246404145    -2.1949838282
    2      C      -1.6337146330    -0.2840484690    -1.0593535451
    3      C      -0.6702974547    -0.0290873427    -0.0703058474
    4      C       0.6580873313    -0.5157536228    -0.2910663012
    5      C       0.9180994356    -1.2744076828    -1.4221241157
    6      C      -0.0710478559    -1.5373371466    -2.3696230817
    7      C      -1.0311602922     0.6264900917     1.1381450365
    8      C      -2.3999198733     1.1331336719     1.4275420490
    9      C       1.7381403844    -0.2381292085     0.6500121238
   10      C       2.1421480736     1.1335925701     1.0707508301
   11      O       2.7277120225    -1.1805437664     0.6572608057
   12      H      -2.1146567861    -1.2125238116    -2.9290720571
   13      H      -2.6438835250     0.0763827606    -0.9143534709
   14      H       1.9180115220    -1.6594710962    -1.5699624137
   15      H       0.1651455649    -2.1351546971    -3.2407327101
   16      H      -0.2981156549     0.6762732732     1.9309027182
   17      H      -2.7472969231     1.8310554251     0.6587156797
   18      H      -3.1356236482     0.3201739230     1.4641659050
   19      H      -2.4324293952     1.6491176336     2.3861643077
   20      H       2.9411599995     1.5141513877     0.4177998986
   21      H       1.3130616458     1.8339337999     1.0036570554
   22      H       2.5209937435     1.1491025166     2.0989156443
   23      H       3.4769398973    -0.8523097952     1.1575463172
 ----------------------------------------------------------------
 Nuclear Repulsion Energy =         580.83012959 hartrees
 There are       41 alpha and       39 beta electrons
 Requested basis set is def2-QZVPP
 There are 307 shells and 987 basis functions

 Total QAlloc Memory Limit   8000 MB
 Mega-Array Size       188 MB
 MEM_STATIC part       192 MB

 A cutoff of  1.0D-09 yielded  31879 shell pairs
 There are    316189 function pairs (    469235 Cartesian)
 Smallest overlap matrix eigenvalue = 5.39E-06

 Q-Chem warning in module stvman/mkSTV.C, line 305:

 Overlap eigenvalue is smaller than square root of threshold
 Use THRESH >= 12 to get rid of this warning


 Scale SEOQF with 1.000000e-01/1.000000e-01/1.000000e-01

 Standard Electronic Orientation quadrupole field applied
 Nucleus-field energy     =    -0.0000000017 hartrees
 Guess MOs from SCF MO coefficient file

 -----------------------------------------------------------------------
  General SCF calculation program by
  Eric Jon Sundstrom, Paul Horn, Yuezhi Mao, Dmitri Zuev, Alec White,
  David Stuck, Shaama M.S., Shane Yost, Joonho Lee, David Small,
  Daniel Levine, Susi Lehtola, Hugh Burton, Evgeny Epifanovsky,
  Bang C. Huynh
 -----------------------------------------------------------------------
 Exchange:     0.1500 Hartree-Fock + 1.0000 wB97M-V + LR-HF
 Correlation:  1.0000 wB97M-V
 Using SG-2 standard quadrature grid
 Nonlocal Correlation:  VV10 with C = 0.0100 and b = 6.00 and scale = 1.00000
 Grid used for NLC:  SG-1 standard quadrature
 using 32 threads for integral computing
 -------------------------------------------------------
 OpenMP Integral computing Module                
 Release: version 1.0, May 2013, Q-Chem Inc. Pittsburgh 
 -------------------------------------------------------
 A unrestricted SCF calculation will be
 performed using DIIS
 SCF converges when DIIS error is below 1.0e-05
 ---------------------------------------
  Cycle       Energy         DIIS error
 ---------------------------------------
    1    -463.3854300616      5.05e-04  
    2    -463.4120498441      3.08e-05  
    3    -463.4127904592      9.78e-06  Convergence criterion met
 ---------------------------------------
 SCF time:   CPU 4986.89s  wall 167.00s 
<S^2> =          2.017764629
 SCF   energy in the final basis set =     -463.4127904592
 Total energy in the final basis set =     -463.4127904592
 
 --------------------------------------------------------------
 
                    Orbital Energies (a.u.)
 --------------------------------------------------------------
 
 Alpha MOs
 -- Occupied --
-19.3615 -10.4019 -10.3534 -10.3523 -10.3486 -10.3472 -10.3399 -10.3373
-10.3366 -10.3349 -10.3341  -1.1951  -0.9880  -0.9157  -0.9021  -0.8565
 -0.8433  -0.7738  -0.7486  -0.7001  -0.6729  -0.6242  -0.6093  -0.5840
 -0.5671  -0.5474  -0.5429  -0.5295  -0.5270  -0.5022  -0.4935  -0.4853
 -0.4746  -0.4722  -0.4602  -0.4363  -0.4272  -0.3806  -0.3576  -0.2716
 -0.2232
 -- Virtual --
  0.0565   0.0740   0.0748   0.0858   0.0861   0.0981   0.1073   0.1118
  0.1199   0.1300   0.1320   0.1394   0.1457   0.1595   0.1697   0.1716
  0.1810   0.1899   0.1980   0.2100   0.2160   0.2193   0.2228   0.2279
  0.2402   0.2449   0.2513   0.2557   0.2732   0.2819   0.2933   0.2960
  0.3063   0.3152   0.3265   0.3292   0.3308   0.3369   0.3391   0.3427
  0.3464   0.3557   0.3590   0.3609   0.3672   0.3683   0.3738   0.3863
  0.3890   0.3907   0.4032   0.4072   0.4103   0.4201   0.4248   0.4293
  0.4354   0.4465   0.4477   0.4625   0.4668   0.4752   0.4843   0.4915
  0.5010   0.5069   0.5136   0.5179   0.5320   0.5348   0.5466   0.5542
  0.5604   0.5681   0.5769   0.5906   0.5914   0.5985   0.6091   0.6230
  0.6326   0.6365   0.6414   0.6617   0.6669   0.6735   0.6848   0.6924
  0.6955   0.7000   0.7085   0.7281   0.7331   0.7398   0.7483   0.7533
  0.7658   0.7735   0.7815   0.7890   0.7938   0.8004   0.8131   0.8208
  0.8271   0.8288   0.8343   0.8475   0.8518   0.8614   0.8674   0.8749
  0.8773   0.8810   0.8890   0.8903   0.8948   0.9052   0.9122   0.9167
  0.9213   0.9330   0.9374   0.9436   0.9527   0.9563   0.9679   0.9726
  0.9784   0.9820   0.9891   0.9966   1.0006   1.0086   1.0149   1.0235
  1.0324   1.0405   1.0498   1.0528   1.0683   1.0701   1.0737   1.0782
  1.0866   1.0986   1.1031   1.1056   1.1099   1.1292   1.1346   1.1375
  1.1399   1.1461   1.1617   1.1672   1.1776   1.1843   1.1985   1.2003
  1.2087   1.2255   1.2317   1.2501   1.2557   1.2658   1.2684   1.2740
  1.2805   1.2884   1.3035   1.3049   1.3266   1.3299   1.3463   1.3519
  1.3605   1.3739   1.3802   1.3901   1.4011   1.4184   1.4245   1.4403
  1.4505   1.4552   1.4667   1.4878   1.4975   1.5037   1.5186   1.5359
  1.5474   1.5540   1.5744   1.5941   1.5972   1.6076   1.6183   1.6252
  1.6395   1.6547   1.6802   1.6873   1.7010   1.7075   1.7185   1.7364
  1.7421   1.7484   1.7540   1.7773   1.7883   1.8027   1.8087   1.8355
  1.8434   1.8513   1.8582   1.8759   1.8849   1.8912   1.8942   1.8993
  1.9074   1.9106   1.9134   1.9284   1.9317   1.9514   1.9590   1.9605
  1.9778   1.9850   1.9963   2.0000   2.0140   2.0241   2.0332   2.0371
  2.0450   2.0568   2.0590   2.0661   2.0671   2.0908   2.0993   2.1099
  2.1145   2.1193   2.1280   2.1363   2.1423   2.1463   2.1629   2.1638
  2.1687   2.1775   2.1827   2.1944   2.1957   2.1989   2.2051   2.2102
  2.2143   2.2267   2.2324   2.2366   2.2465   2.2513   2.2619   2.2771
  2.2838   2.2857   2.2918   2.2993   2.3041   2.3103   2.3214   2.3329
  2.3382   2.3424   2.3554   2.3595   2.3666   2.3739   2.3843   2.3921
  2.4018   2.4142   2.4177   2.4242   2.4306   2.4430   2.4449   2.4586
  2.4679   2.4818   2.4896   2.4922   2.5022   2.5079   2.5265   2.5357
  2.5373   2.5432   2.5551   2.5588   2.5696   2.5836   2.5883   2.5919
  2.5990   2.6054   2.6170   2.6201   2.6295   2.6336   2.6403   2.6512
  2.6567   2.6675   2.6789   2.6876   2.7024   2.7047   2.7067   2.7197
  2.7224   2.7378   2.7454   2.7499   2.7590   2.7611   2.7772   2.7869
  2.7885   2.7982   2.8038   2.8099   2.8149   2.8262   2.8412   2.8430
  2.8511   2.8569   2.8687   2.8832   2.8878   2.8914   2.8994   2.9095
  2.9126   2.9194   2.9321   2.9510   2.9596   2.9622   2.9695   2.9849
  2.9932   3.0112   3.0157   3.0286   3.0338   3.0471   3.0575   3.0809
  3.0835   3.0951   3.1004   3.1181   3.1194   3.1353   3.1399   3.1508
  3.1536   3.1817   3.1882   3.1966   3.1977   3.2087   3.2417   3.2611
  3.2686   3.2702   3.2840   3.2947   3.2982   3.3126   3.3318   3.3439
  3.3512   3.3707   3.3935   3.4098   3.4176   3.4256   3.4359   3.4486
  3.4518   3.4702   3.4783   3.4899   3.5024   3.5060   3.5136   3.5193
  3.5296   3.5393   3.5504   3.5681   3.5757   3.5929   3.5982   3.6126
  3.6282   3.6350   3.6398   3.6510   3.6858   3.6912   3.7147   3.7353
  3.7484   3.7649   3.7761   3.7933   3.7967   3.8203   3.8333   3.8377
  3.8551   3.8878   3.9094   3.9231   3.9415   3.9496   3.9684   3.9703
  3.9814   4.0055   4.0085   4.0163   4.0456   4.0843   4.0882   4.1259
  4.1325   4.1635   4.1751   4.1960   4.2117   4.2326   4.2665   4.2740
  4.2938   4.2987   4.3405   4.3670   4.3712   4.3900   4.3977   4.4179
  4.4503   4.4670   4.4899   4.5306   4.5551   4.5831   4.6060   4.6316
  4.6540   4.6735   4.6946   4.7431   4.7932   4.8151   4.8572   4.8799
  4.8954   4.9346   4.9521   4.9702   4.9946   5.0192   5.0629   5.0766
  5.0857   5.1014   5.1143   5.1220   5.1336   5.1470   5.1685   5.1820
  5.2112   5.2114   5.2243   5.2412   5.2602   5.2723   5.2751   5.2830
  5.2878   5.2959   5.3103   5.3338   5.3385   5.3648   5.3818   5.3881
  5.4212   5.4302   5.4338   5.4574   5.4661   5.4842   5.4869   5.4983
  5.5155   5.5234   5.5389   5.5495   5.5609   5.5706   5.5968   5.5990
  5.6045   5.6183   5.6352   5.6486   5.6678   5.6761   5.6864   5.6916
  5.7177   5.7348   5.7494   5.7576   5.7745   5.8098   5.8226   5.8281
  5.8393   5.8467   5.8504   5.8622   5.8719   5.8823   5.8912   5.8956
  5.9044   5.9160   5.9233   5.9337   5.9347   5.9425   5.9535   5.9642
  5.9737   5.9765   5.9827   5.9933   6.0088   6.0133   6.0250   6.0307
  6.0371   6.0410   6.0522   6.0545   6.0661   6.0689   6.0789   6.0962
  6.1068   6.1124   6.1281   6.1337   6.1464   6.1528   6.1561   6.1604
  6.1808   6.1848   6.2010   6.2052   6.2130   6.2238   6.2257   6.2294
  6.2343   6.2458   6.2606   6.2697   6.2761   6.3019   6.3044   6.3104
  6.3145   6.3229   6.3302   6.3476   6.3494   6.3590   6.3660   6.3708
  6.3770   6.3974   6.4017   6.4082   6.4147   6.4265   6.4288   6.4445
  6.4571   6.4610   6.4743   6.4782   6.4930   6.4973   6.5086   6.5153
  6.5272   6.5447   6.5562   6.5612   6.5801   6.5853   6.5971   6.6139
  6.6209   6.6237   6.6433   6.6519   6.6523   6.6602   6.6660   6.6804
  6.6904   6.7072   6.7110   6.7235   6.7275   6.7398   6.7513   6.7572
  6.7738   6.7806   6.7959   6.8160   6.8247   6.8364   6.8418   6.8539
  6.8632   6.8890   6.8928   6.9010   6.9081   6.9154   6.9452   6.9534
  6.9839   6.9925   7.0021   7.0080   7.0258   7.0356   7.0663   7.0682
  7.0888   7.1005   7.1110   7.1215   7.1339   7.1482   7.1558   7.1758
  7.1909   7.2035   7.2119   7.2186   7.2415   7.2517   7.2659   7.2787
  7.3057   7.3151   7.3414   7.3493   7.3640   7.3677   7.3813   7.4075
  7.4197   7.4320   7.4395   7.4571   7.4589   7.4766   7.4825   7.4890
  7.4980   7.5065   7.5190   7.5248   7.5343   7.5467   7.5677   7.5766
  7.5853   7.5901   7.5951   7.6161   7.6348   7.6433   7.6541   7.6765
  7.6781   7.6858   7.6972   7.7085   7.7202   7.7379   7.7517   7.7605
  7.7765   7.7894   7.8014   7.8197   7.8358   7.8399   7.8444   7.8631
  7.8707   7.8876   7.9050   7.9171   7.9267   7.9381   7.9559   7.9747
  7.9906   7.9971   8.0044   8.0192   8.0277   8.0385   8.0442   8.0610
  8.0646   8.0796   8.0892   8.1032   8.1174   8.1568   8.1661   8.1720
  8.1753   8.1943   8.2122   8.2302   8.2384   8.2481   8.2652   8.2776
  8.2842   8.3024   8.3190   8.3314   8.3406   8.3474   8.3539   8.3591
  8.3641   8.3751   8.3794   8.3874   8.3912   8.4020   8.4043   8.4189
  8.4245   8.4412   8.4474   8.4557   8.4592   8.4664   8.4850   8.4884
  8.5047   8.5061   8.5253   8.5393   8.5490   8.5664   8.5819   8.5875
  8.6025   8.6183   8.6279   8.6357   8.6400   8.6519   8.6592   8.6744
  8.6794   8.6968   8.7048   8.7124   8.7356   8.7553   8.7779   8.7805
  8.7993   8.8159   8.8351   8.8551   8.8681   8.8888   8.8964   8.9084
  8.9239   8.9267   8.9366   8.9525   8.9658   8.9744   8.9863   8.9943
  9.0004   9.0267   9.0417   9.0529   9.0752   9.0966   9.1472   9.2318
  9.3123   9.4016   9.4582   9.4782   9.5122   9.5331   9.5787   9.6065
  9.6154   9.6299   9.6445   9.6723   9.6942   9.7051   9.7369   9.7693
  9.7732   9.8009   9.8159   9.8171   9.8310   9.8542   9.8636   9.8696
  9.8968   9.9125   9.9157   9.9492   9.9534   9.9714   9.9915  10.0368
 10.0522  10.1098  10.1254  10.1818  10.2044  10.2162  10.2335  10.2634
 10.2716  10.2981  10.3268  10.3540  10.3925  10.4296  10.4701  10.4838
 10.4938  10.5081  10.5329  10.6958  10.7880  10.8220  10.8646  10.8787
 11.0551  11.4421  11.5268  11.6150  11.6761  11.7472  11.8743  11.9013
 11.9373  12.0168  12.0763  12.1062  12.1717  12.1791  12.3936  12.6066
 12.6340  12.6804  12.7687  12.8267  13.0875  13.2145  13.2511  13.3656
 13.9774  14.2580  14.6075  16.8008  28.1490  28.4962  28.6001  28.7157
 28.8542  29.1353  29.1976  29.2756  29.3186  29.5687  48.6964 148.9962
149.3228 149.4404 149.5297 149.6598 149.9227 149.9852 150.1158 150.1525
150.3833 256.1385
 
 Beta MOs
 -- Occupied --
-19.3578 -10.3904 -10.3527 -10.3499 -10.3477 -10.3420 -10.3379 -10.3377
-10.3355 -10.3341 -10.3322  -1.1858  -0.9828  -0.9054  -0.8915  -0.8517
 -0.8384  -0.7638  -0.7378  -0.6947  -0.6640  -0.6170  -0.5998  -0.5769
 -0.5568  -0.5385  -0.5352  -0.5225  -0.5138  -0.4981  -0.4859  -0.4722
 -0.4702  -0.4594  -0.4498  -0.4308  -0.4231  -0.3458  -0.3339
 -- Virtual --
 -0.0173   0.0313   0.0558   0.0734   0.0852   0.0920   0.1007   0.1055
  0.1081   0.1171   0.1233   0.1301   0.1355   0.1410   0.1468   0.1605
  0.1698   0.1729   0.1827   0.1913   0.1982   0.2105   0.2167   0.2196
  0.2224   0.2298   0.2411   0.2491   0.2550   0.2572   0.2749   0.2851
  0.2972   0.2984   0.3139   0.3187   0.3290   0.3316   0.3333   0.3386
  0.3414   0.3456   0.3494   0.3585   0.3618   0.3629   0.3688   0.3714
  0.3757   0.3883   0.3927   0.3971   0.4085   0.4100   0.4135   0.4241
  0.4270   0.4327   0.4383   0.4485   0.4502   0.4658   0.4696   0.4796
  0.4869   0.4946   0.5020   0.5078   0.5173   0.5197   0.5332   0.5366
  0.5480   0.5582   0.5628   0.5721   0.5817   0.5920   0.5945   0.6000
  0.6129   0.6263   0.6349   0.6394   0.6464   0.6648   0.6701   0.6769
  0.6894   0.6940   0.6981   0.7023   0.7110   0.7306   0.7369   0.7433
  0.7501   0.7577   0.7681   0.7782   0.7836   0.7911   0.7968   0.8043
  0.8167   0.8258   0.8290   0.8327   0.8369   0.8495   0.8565   0.8650
  0.8701   0.8760   0.8805   0.8827   0.8916   0.8931   0.8968   0.9067
  0.9152   0.9204   0.9229   0.9374   0.9406   0.9479   0.9576   0.9582
  0.9710   0.9750   0.9812   0.9842   0.9941   0.9987   1.0028   1.0107
  1.0168   1.0251   1.0349   1.0421   1.0517   1.0557   1.0696   1.0723
  1.0769   1.0815   1.0896   1.1032   1.1050   1.1086   1.1120   1.1309
  1.1370   1.1412   1.1437   1.1498   1.1645   1.1700   1.1791   1.1889
  1.2010   1.2030   1.2114   1.2283   1.2335   1.2528   1.2580   1.2677
  1.2699   1.2772   1.2829   1.2906   1.3055   1.3074   1.3292   1.3325
  1.3486   1.3555   1.3624   1.3766   1.3812   1.3927   1.4025   1.4214
  1.4271   1.4420   1.4545   1.4587   1.4701   1.4914   1.5005   1.5072
  1.5205   1.5387   1.5524   1.5580   1.5794   1.5979   1.6008   1.6114
  1.6210   1.6278   1.6435   1.6582   1.6850   1.6921   1.7044   1.7116
  1.7248   1.7409   1.7463   1.7514   1.7582   1.7815   1.7941   1.8074
  1.8132   1.8420   1.8496   1.8571   1.8636   1.8804   1.8902   1.8960
  1.8975   1.9034   1.9117   1.9171   1.9190   1.9332   1.9386   1.9558
  1.9648   1.9664   1.9840   1.9904   2.0014   2.0060   2.0198   2.0307
  2.0375   2.0422   2.0508   2.0608   2.0664   2.0712   2.0717   2.0963
  2.1042   2.1151   2.1182   2.1229   2.1325   2.1436   2.1480   2.1543
  2.1677   2.1719   2.1746   2.1819   2.1889   2.2018   2.2032   2.2039
  2.2111   2.2166   2.2225   2.2314   2.2394   2.2425   2.2515   2.2556
  2.2676   2.2832   2.2878   2.2902   2.2991   2.3068   2.3123   2.3157
  2.3288   2.3383   2.3440   2.3487   2.3620   2.3658   2.3728   2.3792
  2.3898   2.3977   2.4081   2.4204   2.4247   2.4300   2.4385   2.4515
  2.4540   2.4673   2.4731   2.4867   2.4958   2.5006   2.5087   2.5161
  2.5325   2.5424   2.5432   2.5496   2.5612   2.5665   2.5761   2.5898
  2.5944   2.5980   2.6035   2.6151   2.6234   2.6258   2.6358   2.6399
  2.6446   2.6596   2.6630   2.6735   2.6838   2.6938   2.7072   2.7107
  2.7167   2.7271   2.7289   2.7442   2.7522   2.7572   2.7645   2.7671
  2.7831   2.7926   2.7941   2.8045   2.8095   2.8178   2.8201   2.8310
  2.8459   2.8487   2.8590   2.8635   2.8752   2.8898   2.8926   2.8971
  2.9055   2.9147   2.9193   2.9248   2.9418   2.9554   2.9647   2.9675
  2.9771   2.9913   2.9992   3.0188   3.0226   3.0335   3.0456   3.0554
  3.0636   3.0869   3.0893   3.1004   3.1067   3.1250   3.1261   3.1445
  3.1461   3.1601   3.1614   3.1870   3.1943   3.2047   3.2053   3.2148
  3.2461   3.2659   3.2753   3.2812   3.2908   3.3009   3.3092   3.3194
  3.3384   3.3496   3.3609   3.3775   3.4011   3.4165   3.4241   3.4333
  3.4445   3.4559   3.4609   3.4783   3.4848   3.4979   3.5109   3.5141
  3.5244   3.5287   3.5367   3.5450   3.5583   3.5740   3.5814   3.6001
  3.6095   3.6213   3.6365   3.6444   3.6503   3.6613   3.6950   3.6995
  3.7226   3.7447   3.7567   3.7765   3.7871   3.8023   3.8050   3.8305
  3.8427   3.8449   3.8649   3.8967   3.9177   3.9328   3.9444   3.9520
  3.9755   3.9810   3.9874   4.0140   4.0175   4.0244   4.0581   4.0942
  4.0987   4.1364   4.1430   4.1745   4.1857   4.2040   4.2188   4.2413
  4.2748   4.2834   4.3017   4.3167   4.3521   4.3777   4.3822   4.3992
  4.4092   4.4254   4.4584   4.4785   4.5004   4.5394   4.5652   4.5926
  4.6173   4.6405   4.6634   4.6814   4.7070   4.7556   4.8051   4.8232
  4.8707   4.8905   4.9077   4.9463   4.9666   4.9813   5.0086   5.0320
  5.0823   5.0954   5.1105   5.1213   5.1398   5.1412   5.1528   5.1648
  5.1875   5.1982   5.2274   5.2299   5.2422   5.2669   5.2784   5.2910
  5.2988   5.3021   5.3122   5.3146   5.3280   5.3531   5.3681   5.3824
  5.4008   5.4047   5.4325   5.4403   5.4575   5.4782   5.4826   5.4980
  5.5089   5.5157   5.5359   5.5403   5.5590   5.5683   5.5793   5.5926
  5.6105   5.6173   5.6193   5.6352   5.6508   5.6682   5.6876   5.6919
  5.7016   5.7100   5.7373   5.7527   5.7679   5.7735   5.7948   5.8244
  5.8419   5.8455   5.8550   5.8593   5.8695   5.8823   5.8836   5.8939
  5.9094   5.9187   5.9210   5.9314   5.9403   5.9490   5.9517   5.9573
  5.9664   5.9790   5.9859   5.9912   5.9947   6.0022   6.0201   6.0331
  6.0378   6.0442   6.0520   6.0572   6.0702   6.0730   6.0804   6.0887
  6.1006   6.1132   6.1205   6.1271   6.1400   6.1537   6.1616   6.1661
  6.1711   6.1770   6.1922   6.1977   6.2143   6.2218   6.2271   6.2328
  6.2382   6.2440   6.2479   6.2593   6.2767   6.2833   6.2875   6.3171
  6.3257   6.3260   6.3323   6.3399   6.3456   6.3635   6.3652   6.3767
  6.3797   6.3878   6.3938   6.4122   6.4201   6.4249   6.4352   6.4417
  6.4425   6.4590   6.4710   6.4738   6.4861   6.4960   6.5085   6.5191
  6.5239   6.5273   6.5420   6.5586   6.5675   6.5801   6.5988   6.6006
  6.6206   6.6331   6.6402   6.6453   6.6591   6.6676   6.6708   6.6785
  6.6862   6.6976   6.7095   6.7246   6.7293   6.7439   6.7480   6.7615
  6.7727   6.7776   6.7900   6.8025   6.8187   6.8369   6.8444   6.8581
  6.8595   6.8734   6.8871   6.9049   6.9166   6.9240   6.9252   6.9396
  6.9585   6.9762   7.0022   7.0108   7.0264   7.0281   7.0454   7.0488
  7.0801   7.0832   7.1000   7.1160   7.1246   7.1421   7.1511   7.1717
  7.1805   7.1906   7.2134   7.2205   7.2275   7.2310   7.2567   7.2697
  7.2813   7.2979   7.3191   7.3333   7.3544   7.3648   7.3806   7.3844
  7.3951   7.4197   7.4350   7.4440   7.4546   7.4708   7.4745   7.4899
  7.4932   7.5045   7.5128   7.5245   7.5309   7.5373   7.5470   7.5575
  7.5783   7.5881   7.5954   7.6025   7.6085   7.6316   7.6485   7.6557
  7.6707   7.6915   7.6968   7.6983   7.7096   7.7228   7.7337   7.7487
  7.7649   7.7727   7.7895   7.8023   7.8150   7.8307   7.8489   7.8556
  7.8603   7.8735   7.8862   7.8990   7.9179   7.9342   7.9450   7.9553
  7.9652   7.9873   8.0027   8.0108   8.0163   8.0289   8.0406   8.0488
  8.0584   8.0741   8.0781   8.0923   8.1000   8.1230   8.1283   8.1693
  8.1723   8.1847   8.1868   8.2084   8.2244   8.2452   8.2521   8.2653
  8.2797   8.2886   8.2949   8.3117   8.3286   8.3414   8.3542   8.3588
  8.3693   8.3735   8.3764   8.3871   8.3923   8.3980   8.4038   8.4150
  8.4176   8.4300   8.4360   8.4517   8.4666   8.4687   8.4709   8.4816
  8.5002   8.5051   8.5147   8.5198   8.5400   8.5517   8.5622   8.5808
  8.5947   8.6000   8.6240   8.6367   8.6434   8.6507   8.6554   8.6696
  8.6707   8.6883   8.6940   8.7108   8.7214   8.7294   8.7507   8.7698
  8.7902   8.7942   8.8110   8.8295   8.8481   8.8706   8.8803   8.9029
  8.9085   8.9203   8.9348   8.9363   8.9491   8.9684   8.9782   8.9884
  9.0020   9.0138   9.0187   9.0431   9.0557   9.0733   9.0881   9.1206
  9.1623   9.2495   9.3366   9.4145   9.4728   9.4950   9.5425   9.5487
  9.5940   9.6270   9.6372   9.6467   9.6649   9.6957   9.7083   9.7183
  9.7535   9.7939   9.8073   9.8182   9.8341   9.8451   9.8602   9.8645
  9.8764   9.8857   9.9167   9.9308   9.9645   9.9713   9.9751   9.9981
 10.0118  10.0545  10.0859  10.1332  10.1395  10.2024  10.2189  10.2308
 10.2491  10.2773  10.2896  10.3122  10.3378  10.3680  10.4051  10.4387
 10.4793  10.4939  10.5093  10.5187  10.5461  10.7249  10.8014  10.8337
 10.8752  10.8980  11.0663  11.4528  11.5407  11.6275  11.6915  11.7704
 11.8939  11.9239  11.9445  12.0272  12.0910  12.1127  12.1888  12.1941
 12.3982  12.6511  12.6981  12.7499  12.8029  12.8405  13.1087  13.2300
 13.2670  13.3774  13.9951  14.2615  14.6255  16.8117  28.1541  28.5286
 28.6139  28.7258  28.8770  29.1458  29.2042  29.2761  29.3194  29.5746
 48.7006 148.9970 149.3321 149.4432 149.5312 149.6646 149.9253 149.9867
150.1154 150.1521 150.3844 256.1409
 --------------------------------------------------------------
 
          Ground-State Mulliken Net Atomic Charges

     Atom                 Charge (a.u.)    Spin (a.u.)
  --------------------------------------------------------
      1 C                    -0.080180       0.016726
      2 C                    -0.061002       0.173166
      3 C                     0.001236      -0.045085
      4 C                     0.097114       0.051520
      5 C                    -0.111577       0.073132
      6 C                    -0.076090       0.145093
      7 C                    -0.098305       0.704058
      8 C                    -0.297074      -0.002853
      9 C                     0.040584       0.741989
     10 C                    -0.307602      -0.005060
     11 O                    -0.338829       0.095645
     12 H                     0.076192       0.001455
     13 H                     0.053334      -0.010333
     14 H                     0.075571      -0.001490
     15 H                     0.082279      -0.002290
     16 H                     0.050058      -0.022403
     17 H                     0.102136       0.019205
     18 H                     0.112354       0.027259
     19 H                     0.116275       0.004702
     20 H                     0.115574       0.026794
     21 H                     0.092808      -0.000021
     22 H                     0.114721       0.012781
     23 H                     0.240423      -0.003989
  --------------------------------------------------------
  Sum of atomic charges =    -0.000000
  Sum of spin   charges =     2.000000

 -----------------------------------------------------------------
                    Cartesian Multipole Moments
 -----------------------------------------------------------------
    Charge (ESU x 10^10)
                -0.0000
    Dipole Moment (Debye)
         X       0.8480      Y       1.4734      Z       1.1103
       Tot       2.0305
    Quadrupole Moments (Debye-Ang)
        XX     -57.0683     XY       0.6115     YY     -70.5551
        XZ       3.7811     YZ       3.6384     ZZ     -64.2971
    Octopole Moments (Debye-Ang^2)
       XXX      12.0452    XXY      17.1316    XYY      -6.4233
       YYY      50.6615    XXZ      23.5089    XYZ      -0.6872
       YYZ       7.7021    XZZ      -1.7227    YZZ       7.4891
       ZZZ      32.9936
    Hexadecapole Moments (Debye-Ang^3)
      XXXX   -1108.2003   XXXY      64.0394   XXYY    -304.1764
      XYYY      76.8195   YYYY    -517.1480   XXXZ      -3.3289
      XXYZ     -76.6038   XYYZ     -32.3758   YYYZ    -221.3117
      XXZZ    -319.0499   XYZZ      22.2188   YYZZ    -211.3776
      XZZZ     -54.5274   YZZZ    -187.0427   ZZZZ    -837.4468
 -----------------------------------------------------------------
 Total job time:  169.05s(wall), 5028.86s(cpu) 
 Mon Jan 27 08:52:29 2025

        *************************************************************
        *                                                           *
        *  Thank you very much for using Q-Chem.  Have a nice day.  *
        *                                                           *
        *************************************************************


