
Running Job 1 of 1 methane-neutral-wb97xd-wB97mV.in
qchem methane-neutral-wb97xd-wB97mV.in_555837.0 /expanse/lustre/scratch/whughes/temp_project/job_32712495/methane-neutral-wb97xd-wB97mV-32712495/ 0
/cm/shared/apps/spack/0.17.3/cpu/b/opt/spack/linux-rocky8-zen2/gcc-10.2.0/qchem-6.0-rytxnwjazd34ekd2gqyi5ufsaimxsd3r/exe/qcprog.exe_s methane-neutral-wb97xd-wB97mV.in_555837.0 /expanse/lustre/scratch/whughes/temp_project/job_32712495/methane-neutral-wb97xd-wB97mV-32712495/
                  Welcome to Q-Chem
     A Quantum Leap Into The Future Of Chemistry


 Q-Chem 6.0, Q-Chem, Inc., Pleasanton, CA (2022)

 License issued to: University of California, San Diego (site)

 E. Epifanovsky,  A. T. B. Gilbert,  Xintian Feng,  Joonho Lee,  Yuezhi Mao,  
 N. Mardirossian,  P. Pokhilko,  A. White,  M. Wormit,  M. P. Coons,  
 A. L. Dempwolff,  Zhengting Gan,  D. Hait,  P. R. Horn,  L. D. Jacobson,  
 I. Kaliman,  J. Kussmann,  A. W. Lange,  Ka Un Lao,  D. S. Levine,  Jie Liu,  
 S. C. McKenzie,  A. F. Morrison,  K. Nanda,  F. Plasser,  D. R. Rehn,  
 M. L. Vidal,  Zhi-Qiang You,  Ying Zhu,  B. Alam,  B. Albrecht,  
 A. Aldossary,  E. Alguire,  J. H. Andersen,  V. Athavale,  D. Barton,  
 K. Begam,  A. Behn,  N. Bellonzi,  Y. A. Bernard,  E. J. Berquist,  
 H. Burton,  A. Carreras,  K. Carter-Fenk,  Romit Chakraborty,  
 Chandrima Chakravarty,  Junhan Chen,  A. D. Chien,  K. D. Closser,  
 V. Cofer-Shabica,  L. Cunha,  S. Dasgupta,  Jia Deng,  M. de Wergifosse,  
 M. Diedenhofen,  Hainam Do,  S. Ehlert,  Po-Tung Fang,  S. Fatehi,  
 Qingguo Feng,  T. Friedhoff,  B. Ganoe,  J. Gayvert,  Qinghui Ge,  
 G. Gidofalvi,  M. Goldey,  J. Gomes,  C. Gonzalez-Espinoza,  S. Gulania,  
 A. Gunina,  J. A. Gyamfi,  M. W. D. Hanson-Heine,  P. H. P. Harbach,  
 A. W. Hauser,  M. F. Herbst,  M. Hernandez Vera,  M. Hodecker,  
 Z. C. Holden,  S. Houck,  Xunkun Huang,  Kerwin Hui,  B. C. Huynh,  
 K. Ikeda,  M. Ivanov,  Hyunjun Ji,  Zuxin Jin,  Hanjie Jiang,  B. Kaduk,  
 S. Kaehler,  R. Kang,  K. Khistyaev,  Jaehoon Kim,  Yongbin Kim,  
 P. Klunzinger,  Z. Koczor-Benda,  Joong Hoon Koh,  D. Kosenkov,  
 Saikiran Kotaru,  L. Koulias,  T. Kowalczyk,  C. M. Krauter,  K. Kue,  
 A. Kunitsa,  T. Kus,  A. Landau,  K. V. Lawler,  D. Lefrancois,  S. Lehtola,  
 Rain Li,  Shaozhi Li,  Yi-Pei Li,  Jiashu Liang,  M. Liebenthal,  
 Hung-Hsuan Lin,  You-Sheng Lin,  Fenglai Liu,  Kuan-Yu Liu,  
 M. Loipersberger,  A. Luenser,  C. Malbon,  A. Manjanath,  P. Manohar,  
 E. Mansoor,  S. F. Manzer,  Shan-Ping Mao,  A. V. Marenich,  T. Markovich,  
 S. Mason,  F. Matz,  S. A. Maurer,  P. F. McLaughlin,  M. F. S. J. Menger,  
 J.-M. Mewes,  S. A. Mewes,  P. Morgante,  Mohammad Mostafanejad,  
 J. W. Mullinax,  K. J. Oosterbaan,  G. Paran,  V. Parravicini,  
 Alexander C. Paul,  Suranjan K. Paul,  F. Pavosevic,  Zheng Pei,  S. Prager,  
 E. I. Proynov,  E. Ramos,  B. Rana,  A. E. Rask,  A. Rettig,  R. M. Richard,  
 F. Rob,  E. Rossomme,  T. Scheele,  M. Scheurer,  M. Schneider,  
 P. E. Schneider,  N. Sergueev,  S. M. Sharada,  Hengyuan Shen,  
 W. Skomorowski,  D. W. Small,  C. J. Stein,  Yingli Su,  Yu-Chuan Su,  
 E. J. Sundstrom,  Zhen Tao,  J. Thirman,  Hung-Yi Tsai,  T. Tsuchimochi,  
 N. M. Tubman,  C. Utku,  S. P. Veccham,  O. Vydrov,  J. Wenzel,  
 Jonathan Wong,  J. Witte,  A. Yamada,  Chou-Hsun Yang,  Kun Yao,  
 S. Yeganeh,  S. R. Yost,  A. Zech,  F. Zeller,  Igor Ying Zhang,  
 Xing Zhang,  Yu Zhang,  D. Zuev,  A. Aspuru-Guzik,  A. T. Bell,  
 N. A. Besley,  K. B. Bravaya,  B. R. Brooks,  D. Casanova,  Jeng-Da Chai,  
 Hsing-Ta Chen,  S. Coriani,  C. J. Cramer,  A. E. DePrince, III,  
 R. A. DiStasio Jr.,  A. Dreuw,  B. D. Dunietz,  T. R. Furlani,  
 W. A. Goddard III,  S. Grimme,  S. Hammes-Schiffer,  T. Head-Gordon,  
 W. J. Hehre,  Chao-Ping Hsu,  T.-C. Jagau,  Yousung Jung,  A. Klamt,  
 Jing Kong,  D. S. Lambrecht,  Xiangyuan Li,  WanZhen Liang,  N. J. Mayhall,  
 C. W. McCurdy,  J. B. Neaton,  T. Neudecker,  C. Ochsenfeld,  
 J. A. Parkhill,  R. Peverati,  V. A. Rassolov,  Haisheng Ren,  Yihan Shao,  
 L. V. Slipchenko,  R. P. Steele,  J. E. Subotnik,  A. J. W. Thom,  
 A. Tkatchenko,  D. G. Truhlar,  T. Van Voorhis,  Fan Wang,  
 T. A. Wesolowski,  K. B. Whaley,  H. L. Woodcock III,  P. M. Zimmerman,  
 S. Faraji,  P. M. W. Gill,  M. Head-Gordon,  J. M. Herbert,  A. I. Krylov

 Contributors to earlier versions of Q-Chem not listed above: 
 R. D. Adamson,  B. Austin,  R. Baer,  J. Baker,  G. J. O. Beran,  
 K. Brandhorst,  S. T. Brown,  E. F. C. Byrd,  Arup K. Chakraborty,  
 G. K. L. Chan,  Chun-Min Chang,  Yunqing Chen,  C.-L. Cheng,  
 Siu Hung Chien,  D. M. Chipman,  D. L. Crittenden,  H. Dachsel,  
 R. J. Doerksen,  A. D. Dutoi,  R. G. Edgar,  J. Fosso-Tande,  
 L. Fusti-Molnar,  D. Ghosh,  A. Ghysels,  A. Golubeva-Zadorozhnaya,  
 J. Gonthier,  M. S. Gordon,  S. R. Gwaltney,  G. Hawkins,  J. E. Herr,  
 A. Heyden,  S. Hirata,  E. G. Hohenstein,  G. Kedziora,  F. J. Keil,  
 C. Kelley,  Jihan Kim,  R. A. King,  R. Z. Khaliullin,  P. P. Korambath,  
 W. Kurlancheek,  A. Laurent,  A. M. Lee,  M. S. Lee,  S. V. Levchenko,  
 Ching Yeh Lin,  D. Liotard,  E. Livshits,  R. C. Lochan,  I. Lotan,  
 L. A. Martinez-Martinez,  P. E. Maslen,  N. Nair,  D. P. O'Neill,  
 D. Neuhauser,  E. Neuscamman,  C. M. Oana,  R. Olivares-Amaya,  R. Olson,  
 T. M. Perrine,  B. Peters,  P. A. Pieniazek,  A. Prociuk,  Y. M. Rhee,  
 J. Ritchie,  M. A. Rohrdanz,  E. Rosta,  N. J. Russ,  H. F. Schaefer III,  
 M. W. Schmidt,  N. E. Schultz,  S. Sharma,  N. Shenvi,  C. D. Sherrill,  
 A. C. Simmonett,  A. Sodt,  T. Stein,  D. Stuck,  K. S. Thanthiriwatte,  
 V. Vanovschi,  L. Vogt,  Tao Wang,  A. Warshel,  M. A. Watson,  
 C. F. Williams,  Q. Wu,  X. Xu,  Jun Yang,  W. Zhang,  Yan Zhao

   Please cite Q-Chem as follows:
  "Software for the frontiers of quantum chemistry:
   An overview of developments in the Q-Chem 5 package"
   J. Chem. Phys. 155, 084801 (2021)
   https://doi.org/10.1063/5.0055522 (open access)

 Q-Chem 6.0.2 for Intel X86 EM64T Linux

 Parts of Q-Chem use Armadillo 9.900.5 (Nocturnal Misbehaviour).
 http://arma.sourceforge.net/

 Q-Chem begins on Fri Aug  2 08:19:29 2024  

 Host: 
0

     Scratch files written to /expanse/lustre/scratch/whughes/temp_project/job_32712495/methane-neutral-wb97xd-wB97mV-32712495//
 Dec722 |scratch|qcdevops|jenkins|workspace|build_RNUM    
 Processing $rem in /cm/shared/apps/spack/0.17.3/cpu/b/opt/spack/linux-rocky8-zen2/gcc-10.2.0/qchem-6.0-rytxnwjazd34ekd2gqyi5ufsaimxsd3r/config/preferences:
 Processing $rem in /home/whughes/.qchemrc:

 Checking the input file for inconsistencies... 	...done.

--------------------------------------------------------------
User input:
--------------------------------------------------------------
$molecule
0 1
C    -0.0000010546   0.0000035414    0.0000085391
H    -0.1130979303   0.076461042     -1.0803540422
H    -0.8052530166   -0.609677534    0.4070235983
H    0.9582624083    -0.4618829412   0.2328503881
H    -0.0399094068   0.9950958919    0.4404705167
$end

$rem
METHOD      wB97M-V
BASIS       def2-QZVPP
SYM_IGNORE   TRUE
DFT_D       false
MAX_SCF_CYCLES 300
$end

$end
--------------------------------------------------------------
 ----------------------------------------------------------------
             Standard Nuclear Orientation (Angstroms)
    I     Atom           X                Y                Z
 ----------------------------------------------------------------
    1      C      -0.0000010546     0.0000035414     0.0000085391
    2      H      -0.1130979303     0.0764610420    -1.0803540422
    3      H      -0.8052530166    -0.6096775340     0.4070235983
    4      H       0.9582624083    -0.4618829412     0.2328503881
    5      H      -0.0399094068     0.9950958919     0.4404705167
 ----------------------------------------------------------------
 Nuclear Repulsion Energy =          13.44833547 hartrees
 There are        5 alpha and        5 beta electrons
 Requested basis set is def2-QZVPP
 There are 57 shells and 177 basis functions

 Total QAlloc Memory Limit   8000 MB
 Mega-Array Size       188 MB
 MEM_STATIC part       192 MB


                       Distance Matrix (Angstroms)
             C (  1)   H (  2)   H (  3)   H (  4)
   H (  2)  1.088954
   H (  3)  1.088946  1.778245
   H (  4)  1.088955  1.778239  1.778248
   H (  5)  1.088948  1.778245  1.778248  1.778269
 
 A cutoff of  1.0D-09 yielded   1653 shell pairs
 There are     16073 function pairs (     23166 Cartesian)
 Smallest overlap matrix eigenvalue = 1.38E-04

 Scale SEOQF with 1.000000e+00/1.000000e+00/1.000000e+00

 Standard Electronic Orientation quadrupole field applied
 Guess from superposition of atomic densities
 Warning:  Energy on first SCF cycle will be non-variational
 SAD guess density has 10.000000 electrons

 -----------------------------------------------------------------------
  General SCF calculation program by
  Eric Jon Sundstrom, Paul Horn, Yuezhi Mao, Dmitri Zuev, Alec White,
  David Stuck, Shaama M.S., Shane Yost, Joonho Lee, David Small,
  Daniel Levine, Susi Lehtola, Hugh Burton, Evgeny Epifanovsky,
  Bang C. Huynh
 -----------------------------------------------------------------------
 Exchange:     0.1500 Hartree-Fock + 1.0000 wB97M-V + LR-HF
 Correlation:  1.0000 wB97M-V
 Using SG-2 standard quadrature grid
 Nonlocal Correlation:  VV10 with C = 0.0100 and b = 6.00 and scale = 1.00000
 Grid used for NLC:  SG-1 standard quadrature
 using 32 threads for integral computing
 -------------------------------------------------------
 OpenMP Integral computing Module                
 Release: version 1.0, May 2013, Q-Chem Inc. Pittsburgh 
 -------------------------------------------------------
 A restricted SCF calculation will be
 performed using DIIS
 SCF converges when DIIS error is below 1.0e-05
 ---------------------------------------
  Cycle       Energy         DIIS error
 ---------------------------------------
    1     -40.4768132176      1.98e-02  
    2     -40.4745747503      2.36e-03  
    3     -40.4857049459      1.61e-03  
    4     -40.4950540570      4.72e-05  
    5     -40.4950709823      7.46e-06  Convergence criterion met
 ---------------------------------------
 SCF time:   CPU 59.16s  wall 2.00s 
 SCF   energy in the final basis set =      -40.4950709823
 Total energy in the final basis set =      -40.4950709823
 
 --------------------------------------------------------------
 
                    Orbital Energies (a.u.)
 --------------------------------------------------------------
 
 Alpha MOs
 -- Occupied --
-10.3194  -0.8122  -0.4928  -0.4928  -0.4927
 -- Virtual --
  0.0760   0.1490   0.1490   0.1490   0.1774   0.1775   0.1776   0.4017
  0.4018   0.4018   0.4117   0.4715   0.4716   0.4894   0.7103   0.7103
  0.7104   0.7522   0.7522   0.7523   0.7982   0.7982   0.7983   0.9854
  0.9855   0.9856   1.0578   1.1116   1.1116   1.1116   1.1205   1.1205
  1.1999   1.4780   1.4781   1.4783   1.7500   1.7500   1.8833   1.8833
  1.8834   1.9344   1.9345   1.9346   2.0708   2.1701   2.1701   2.1701
  2.1959   2.1959   2.1959   2.3252   2.3252   2.5310   2.5753   2.5753
  2.5851   2.5852   2.5852   2.7758   2.7758   2.7760   2.9280   2.9280
  2.9280   3.0178   3.0433   3.0434   3.0434   3.1918   3.1919   3.1920
  3.2539   3.2540   3.2540   3.4544   3.8079   3.8079   3.8079   3.8826
  3.8826   4.1044   4.1048   4.1052   5.2727   5.2728   5.3954   5.3955
  5.3956   5.6016   5.7123   5.7136   5.7142   5.9208   5.9211   5.9213
  5.9432   6.0254   6.0255   6.0255   6.1252   6.1252   6.1253   6.2849
  6.3363   6.3369   6.3381   6.5271   6.5453   6.5469   6.5485   6.6485
  6.6495   6.9367   7.2339   7.2343   7.2350   7.2583   7.2587   7.3120
  7.3149   7.3178   7.5627   7.5633   7.5640   7.6971   7.6971   7.6973
  7.7018   7.7023   7.8062   7.8075   7.8085   8.0187   8.2240   8.2632
  8.2637   8.2823   8.2832   8.2848   8.3538   8.3552   8.3566   8.4014
  8.4021   8.4028   8.7396   8.7401   8.7403   8.9190   8.9195   8.9204
  9.3562   9.3563   9.5348   9.5360   9.5378   9.7380   9.7380   9.9496
  9.9710   9.9714   9.9717  10.4385  10.4385  10.4388  11.4740  11.4819
 11.4876  13.5920  29.2759 150.0956
 --------------------------------------------------------------
 
          Ground-State Mulliken Net Atomic Charges

     Atom                 Charge (a.u.)
  ----------------------------------------
      1 C                    -0.402840
      2 H                     0.104364
      3 H                     0.097838
      4 H                     0.099611
      5 H                     0.101026
  ----------------------------------------
  Sum of atomic charges =     0.000000

 -----------------------------------------------------------------
                    Cartesian Multipole Moments
 -----------------------------------------------------------------
    Charge (ESU x 10^10)
                 0.0000
    Dipole Moment (Debye)
         X      -0.0004      Y      -0.0007      Z       0.0013
       Tot       0.0015
    Quadrupole Moments (Debye-Ang)
        XX      -8.5356     XY       0.0001     YY      -8.5356
        XZ      -0.0002     YZ      -0.0002     ZZ      -8.5365
    Octopole Moments (Debye-Ang^2)
       XXX       0.2594    XXY      -0.5971    XYY      -0.0987
       YYY       0.4809    XXZ       0.3397    XYZ       0.0648
       YYZ       0.4613    XZZ      -0.1617    YZZ       0.1140
       ZZZ      -0.7975
    Hexadecapole Moments (Debye-Ang^3)
      XXXX     -16.6973   XXXY      -0.1137   XXYY      -5.5431
      XYYY       0.0633   YYYY     -16.8274   XXXZ      -0.0083
      XXYZ      -0.3367   XYYZ      -0.1178   YYYZ       0.4114
      XXZZ      -5.8878   XYZZ       0.0513   YYZZ      -5.7590
      XZZZ       0.1251   YZZZ      -0.0756   ZZZZ     -16.4859
 -----------------------------------------------------------------
 Total job time:  34.37s(wall), 89.37s(cpu) 
 Fri Aug  2 08:20:03 2024

        *************************************************************
        *                                                           *
        *  Thank you very much for using Q-Chem.  Have a nice day.  *
        *                                                           *
        *************************************************************


