
Running Job 1 of 1 isopropyl-doublet-wb97xd-wB97mV.in
qchem isopropyl-doublet-wb97xd-wB97mV.in_1740756.0 /expanse/lustre/scratch/whughes/temp_project/job_32712439/isopropyl-doublet-wb97xd-wB97mV-32712439/ 0
/cm/shared/apps/spack/0.17.3/cpu/b/opt/spack/linux-rocky8-zen2/gcc-10.2.0/qchem-6.0-rytxnwjazd34ekd2gqyi5ufsaimxsd3r/exe/qcprog.exe_s isopropyl-doublet-wb97xd-wB97mV.in_1740756.0 /expanse/lustre/scratch/whughes/temp_project/job_32712439/isopropyl-doublet-wb97xd-wB97mV-32712439/
                  Welcome to Q-Chem
     A Quantum Leap Into The Future Of Chemistry


 Q-Chem 6.0, Q-Chem, Inc., Pleasanton, CA (2022)

 License issued to: University of California, San Diego (site)

 E. Epifanovsky,  A. T. B. Gilbert,  Xintian Feng,  Joonho Lee,  Yuezhi Mao,  
 N. Mardirossian,  P. Pokhilko,  A. White,  M. Wormit,  M. P. Coons,  
 A. L. Dempwolff,  Zhengting Gan,  D. Hait,  P. R. Horn,  L. D. Jacobson,  
 I. Kaliman,  J. Kussmann,  A. W. Lange,  Ka Un Lao,  D. S. Levine,  Jie Liu,  
 S. C. McKenzie,  A. F. Morrison,  K. Nanda,  F. Plasser,  D. R. Rehn,  
 M. L. Vidal,  Zhi-Qiang You,  Ying Zhu,  B. Alam,  B. Albrecht,  
 A. Aldossary,  E. Alguire,  J. H. Andersen,  V. Athavale,  D. Barton,  
 K. Begam,  A. Behn,  N. Bellonzi,  Y. A. Bernard,  E. J. Berquist,  
 H. Burton,  A. Carreras,  K. Carter-Fenk,  Romit Chakraborty,  
 Chandrima Chakravarty,  Junhan Chen,  A. D. Chien,  K. D. Closser,  
 V. Cofer-Shabica,  L. Cunha,  S. Dasgupta,  Jia Deng,  M. de Wergifosse,  
 M. Diedenhofen,  Hainam Do,  S. Ehlert,  Po-Tung Fang,  S. Fatehi,  
 Qingguo Feng,  T. Friedhoff,  B. Ganoe,  J. Gayvert,  Qinghui Ge,  
 G. Gidofalvi,  M. Goldey,  J. Gomes,  C. Gonzalez-Espinoza,  S. Gulania,  
 A. Gunina,  J. A. Gyamfi,  M. W. D. Hanson-Heine,  P. H. P. Harbach,  
 A. W. Hauser,  M. F. Herbst,  M. Hernandez Vera,  M. Hodecker,  
 Z. C. Holden,  S. Houck,  Xunkun Huang,  Kerwin Hui,  B. C. Huynh,  
 K. Ikeda,  M. Ivanov,  Hyunjun Ji,  Zuxin Jin,  Hanjie Jiang,  B. Kaduk,  
 S. Kaehler,  R. Kang,  K. Khistyaev,  Jaehoon Kim,  Yongbin Kim,  
 P. Klunzinger,  Z. Koczor-Benda,  Joong Hoon Koh,  D. Kosenkov,  
 Saikiran Kotaru,  L. Koulias,  T. Kowalczyk,  C. M. Krauter,  K. Kue,  
 A. Kunitsa,  T. Kus,  A. Landau,  K. V. Lawler,  D. Lefrancois,  S. Lehtola,  
 Rain Li,  Shaozhi Li,  Yi-Pei Li,  Jiashu Liang,  M. Liebenthal,  
 Hung-Hsuan Lin,  You-Sheng Lin,  Fenglai Liu,  Kuan-Yu Liu,  
 M. Loipersberger,  A. Luenser,  C. Malbon,  A. Manjanath,  P. Manohar,  
 E. Mansoor,  S. F. Manzer,  Shan-Ping Mao,  A. V. Marenich,  T. Markovich,  
 S. Mason,  F. Matz,  S. A. Maurer,  P. F. McLaughlin,  M. F. S. J. Menger,  
 J.-M. Mewes,  S. A. Mewes,  P. Morgante,  Mohammad Mostafanejad,  
 J. W. Mullinax,  K. J. Oosterbaan,  G. Paran,  V. Parravicini,  
 Alexander C. Paul,  Suranjan K. Paul,  F. Pavosevic,  Zheng Pei,  S. Prager,  
 E. I. Proynov,  E. Ramos,  B. Rana,  A. E. Rask,  A. Rettig,  R. M. Richard,  
 F. Rob,  E. Rossomme,  T. Scheele,  M. Scheurer,  M. Schneider,  
 P. E. Schneider,  N. Sergueev,  S. M. Sharada,  Hengyuan Shen,  
 W. Skomorowski,  D. W. Small,  C. J. Stein,  Yingli Su,  Yu-Chuan Su,  
 E. J. Sundstrom,  Zhen Tao,  J. Thirman,  Hung-Yi Tsai,  T. Tsuchimochi,  
 N. M. Tubman,  C. Utku,  S. P. Veccham,  O. Vydrov,  J. Wenzel,  
 Jonathan Wong,  J. Witte,  A. Yamada,  Chou-Hsun Yang,  Kun Yao,  
 S. Yeganeh,  S. R. Yost,  A. Zech,  F. Zeller,  Igor Ying Zhang,  
 Xing Zhang,  Yu Zhang,  D. Zuev,  A. Aspuru-Guzik,  A. T. Bell,  
 N. A. Besley,  K. B. Bravaya,  B. R. Brooks,  D. Casanova,  Jeng-Da Chai,  
 Hsing-Ta Chen,  S. Coriani,  C. J. Cramer,  A. E. DePrince, III,  
 R. A. DiStasio Jr.,  A. Dreuw,  B. D. Dunietz,  T. R. Furlani,  
 W. A. Goddard III,  S. Grimme,  S. Hammes-Schiffer,  T. Head-Gordon,  
 W. J. Hehre,  Chao-Ping Hsu,  T.-C. Jagau,  Yousung Jung,  A. Klamt,  
 Jing Kong,  D. S. Lambrecht,  Xiangyuan Li,  WanZhen Liang,  N. J. Mayhall,  
 C. W. McCurdy,  J. B. Neaton,  T. Neudecker,  C. Ochsenfeld,  
 J. A. Parkhill,  R. Peverati,  V. A. Rassolov,  Haisheng Ren,  Yihan Shao,  
 L. V. Slipchenko,  R. P. Steele,  J. E. Subotnik,  A. J. W. Thom,  
 A. Tkatchenko,  D. G. Truhlar,  T. Van Voorhis,  Fan Wang,  
 T. A. Wesolowski,  K. B. Whaley,  H. L. Woodcock III,  P. M. Zimmerman,  
 S. Faraji,  P. M. W. Gill,  M. Head-Gordon,  J. M. Herbert,  A. I. Krylov

 Contributors to earlier versions of Q-Chem not listed above: 
 R. D. Adamson,  B. Austin,  R. Baer,  J. Baker,  G. J. O. Beran,  
 K. Brandhorst,  S. T. Brown,  E. F. C. Byrd,  Arup K. Chakraborty,  
 G. K. L. Chan,  Chun-Min Chang,  Yunqing Chen,  C.-L. Cheng,  
 Siu Hung Chien,  D. M. Chipman,  D. L. Crittenden,  H. Dachsel,  
 R. J. Doerksen,  A. D. Dutoi,  R. G. Edgar,  J. Fosso-Tande,  
 L. Fusti-Molnar,  D. Ghosh,  A. Ghysels,  A. Golubeva-Zadorozhnaya,  
 J. Gonthier,  M. S. Gordon,  S. R. Gwaltney,  G. Hawkins,  J. E. Herr,  
 A. Heyden,  S. Hirata,  E. G. Hohenstein,  G. Kedziora,  F. J. Keil,  
 C. Kelley,  Jihan Kim,  R. A. King,  R. Z. Khaliullin,  P. P. Korambath,  
 W. Kurlancheek,  A. Laurent,  A. M. Lee,  M. S. Lee,  S. V. Levchenko,  
 Ching Yeh Lin,  D. Liotard,  E. Livshits,  R. C. Lochan,  I. Lotan,  
 L. A. Martinez-Martinez,  P. E. Maslen,  N. Nair,  D. P. O'Neill,  
 D. Neuhauser,  E. Neuscamman,  C. M. Oana,  R. Olivares-Amaya,  R. Olson,  
 T. M. Perrine,  B. Peters,  P. A. Pieniazek,  A. Prociuk,  Y. M. Rhee,  
 J. Ritchie,  M. A. Rohrdanz,  E. Rosta,  N. J. Russ,  H. F. Schaefer III,  
 M. W. Schmidt,  N. E. Schultz,  S. Sharma,  N. Shenvi,  C. D. Sherrill,  
 A. C. Simmonett,  A. Sodt,  T. Stein,  D. Stuck,  K. S. Thanthiriwatte,  
 V. Vanovschi,  L. Vogt,  Tao Wang,  A. Warshel,  M. A. Watson,  
 C. F. Williams,  Q. Wu,  X. Xu,  Jun Yang,  W. Zhang,  Yan Zhao

   Please cite Q-Chem as follows:
  "Software for the frontiers of quantum chemistry:
   An overview of developments in the Q-Chem 5 package"
   J. Chem. Phys. 155, 084801 (2021)
   https://doi.org/10.1063/5.0055522 (open access)

 Q-Chem 6.0.2 for Intel X86 EM64T Linux

 Parts of Q-Chem use Armadillo 9.900.5 (Nocturnal Misbehaviour).
 http://arma.sourceforge.net/

 Q-Chem begins on Fri Aug  2 08:17:27 2024  

 Host: 
0

     Scratch files written to /expanse/lustre/scratch/whughes/temp_project/job_32712439/isopropyl-doublet-wb97xd-wB97mV-32712439//
 Dec722 |scratch|qcdevops|jenkins|workspace|build_RNUM    
 Processing $rem in /cm/shared/apps/spack/0.17.3/cpu/b/opt/spack/linux-rocky8-zen2/gcc-10.2.0/qchem-6.0-rytxnwjazd34ekd2gqyi5ufsaimxsd3r/config/preferences:
 Processing $rem in /home/whughes/.qchemrc:

 Checking the input file for inconsistencies... 	...done.

--------------------------------------------------------------
User input:
--------------------------------------------------------------
$molecule
0 2
C    -1.2510939385   -0.7855420694   0.079093882
C    0.0044057067    -0.0328667602   -0.1931457943
C    1.3084714281    -0.6802434717   0.118644119
C    -0.0555674796   1.4525628987    -0.2755876863
H    -1.5162759723   -0.7587430115   1.1483525933
H    -2.1003665437   -0.3643188084   -0.464228531
H    -1.1572430993   -1.8395314259   -0.1933024214
H    1.5374281516    -0.6331893339   1.1955498984
H    1.3099244808    -1.7380284144   -0.1552359738
H    2.1366461225    -0.1899980698   -0.3987285381
H    -0.0913139637   1.9131958969    0.7248593918
H    0.8224913193    1.8649524869    -0.7784093718
H    -0.9475052118   1.7917510827    -0.8078615678
$end

$rem
METHOD      wB97M-V
BASIS       def2-QZVPP
SYM_IGNORE   TRUE
DFT_D       false
MAX_SCF_CYCLES 300
$end

$end
--------------------------------------------------------------
 ----------------------------------------------------------------
             Standard Nuclear Orientation (Angstroms)
    I     Atom           X                Y                Z
 ----------------------------------------------------------------
    1      C      -1.2510939385    -0.7855420694     0.0790938820
    2      C       0.0044057067    -0.0328667602    -0.1931457943
    3      C       1.3084714281    -0.6802434717     0.1186441190
    4      C      -0.0555674796     1.4525628987    -0.2755876863
    5      H      -1.5162759723    -0.7587430115     1.1483525933
    6      H      -2.1003665437    -0.3643188084    -0.4642285310
    7      H      -1.1572430993    -1.8395314259    -0.1933024214
    8      H       1.5374281516    -0.6331893339     1.1955498984
    9      H       1.3099244808    -1.7380284144    -0.1552359738
   10      H       2.1366461225    -0.1899980698    -0.3987285381
   11      H      -0.0913139637     1.9131958969     0.7248593918
   12      H       0.8224913193     1.8649524869    -0.7784093718
   13      H      -0.9475052118     1.7917510827    -0.8078615678
 ----------------------------------------------------------------
 Nuclear Repulsion Energy =         125.68929749 hartrees
 There are       17 alpha and       16 beta electrons
 Requested basis set is def2-QZVPP
 There are 158 shells and 498 basis functions

 Total QAlloc Memory Limit   8000 MB
 Mega-Array Size       188 MB
 MEM_STATIC part       192 MB


                       Distance Matrix (Angstroms)
             C (  1)   C (  2)   C (  3)   C (  4)   H (  5)   H (  6)
   C (  2)  1.488930
   C (  3)  2.562036  1.488925
   C (  4)  2.562069  1.488924  2.562203
   H (  5)  1.101977  2.153831  3.007600  3.008513
   H (  6)  1.092654  2.147886  3.472712  2.741869  1.759872
   H (  7)  1.092658  2.147898  2.742446  3.472513  1.759843  1.771760
   H (  8)  3.007581  2.153839  1.101981  3.008695  3.056649  4.007581
   H (  9)  2.742436  2.147881  1.092667  3.472596  3.262783  3.689531
   H ( 10)  3.472718  2.147884  1.092652  2.742074  4.007589  4.241103
   H ( 11)  3.007539  2.153847  3.008791  1.101978  3.057633  3.261487
   H ( 12)  3.472778  2.147910  2.742062  1.092649  4.008244  3.689371
   H ( 13)  2.742498  2.147845  3.472550  1.092665  3.264245  2.468969
             H (  7)   H (  8)   H (  9)   H ( 10)   H ( 11)   H ( 12)
   H (  8)  3.262733
   H (  9)  2.469548  1.759844
   H ( 10)  3.689562  1.759888  1.771766
   H ( 11)  4.007766  3.059155  4.008675  3.263385
   H ( 12)  4.240861  3.263183  3.688822  2.468599  1.759882
   H ( 13)  3.688887  4.008602  4.240431  3.688727  1.759843  1.771754

 
 A cutoff of  1.0D-09 yielded  10923 shell pairs
 There are    107649 function pairs (    158028 Cartesian)
 Smallest overlap matrix eigenvalue = 5.59E-05

 Scale SEOQF with 1.000000e-01/1.000000e-01/1.000000e-01

 Standard Electronic Orientation quadrupole field applied
 Nucleus-field energy     =     0.0000000034 hartrees
 Guess from superposition of atomic densities
 Warning:  Energy on first SCF cycle will be non-variational
 SAD guess density has 33.000000 electrons

 -----------------------------------------------------------------------
  General SCF calculation program by
  Eric Jon Sundstrom, Paul Horn, Yuezhi Mao, Dmitri Zuev, Alec White,
  David Stuck, Shaama M.S., Shane Yost, Joonho Lee, David Small,
  Daniel Levine, Susi Lehtola, Hugh Burton, Evgeny Epifanovsky,
  Bang C. Huynh
 -----------------------------------------------------------------------
 Exchange:     0.1500 Hartree-Fock + 1.0000 wB97M-V + LR-HF
 Correlation:  1.0000 wB97M-V
 Using SG-2 standard quadrature grid
 Nonlocal Correlation:  VV10 with C = 0.0100 and b = 6.00 and scale = 1.00000
 Grid used for NLC:  SG-1 standard quadrature
 using 32 threads for integral computing
 -------------------------------------------------------
 OpenMP Integral computing Module                
 Release: version 1.0, May 2013, Q-Chem Inc. Pittsburgh 
 -------------------------------------------------------
 A unrestricted SCF calculation will be
 performed using DIIS
 SCF converges when DIIS error is below 1.0e-05
 ---------------------------------------
  Cycle       Energy         DIIS error
 ---------------------------------------
    1    -158.6854435576      7.03e-03  
    2    -157.7040878786      6.17e-04  
    3    -157.7328459689      4.19e-04  
    4    -157.7544832727      4.39e-05  
    5    -157.7549282082      2.23e-05  
    6    -157.7550110199      6.05e-06  Convergence criterion met
 ---------------------------------------
 SCF time:   CPU 1283.96s  wall 42.00s 
<S^2> =          0.753563578
 SCF   energy in the final basis set =     -157.7550110199
 Total energy in the final basis set =     -157.7550110199
 
 --------------------------------------------------------------
 
                    Orbital Energies (a.u.)
 --------------------------------------------------------------
 
 Alpha MOs
 -- Occupied --
-10.3456 -10.3284 -10.3284 -10.3284  -0.9261  -0.8100  -0.8100  -0.6459
 -0.5526  -0.5463  -0.5463  -0.4865  -0.4864  -0.4645  -0.4416  -0.4416
 -0.2573
 -- Virtual --
  0.0675   0.0993   0.0993   0.1234   0.1267   0.1267   0.1451   0.1604
  0.1606   0.1766   0.1846   0.1846   0.1917   0.2173   0.2176   0.2728
  0.2759   0.2760   0.2910   0.3387   0.3388   0.3507   0.3507   0.3609
  0.3882   0.3883   0.3897   0.4048   0.4122   0.4122   0.4287   0.4317
  0.4598   0.4599   0.5128   0.5630   0.5631   0.5874   0.5875   0.6301
  0.6303   0.6509   0.6762   0.6763   0.7078   0.7221   0.7433   0.7434
  0.7703   0.7704   0.7705   0.7931   0.8072   0.8072   0.8508   0.8613
  0.8613   0.8617   0.8845   0.8941   0.8942   0.9258   0.9277   0.9299
  0.9301   0.9717   0.9735   0.9736   0.9894   0.9895   1.0335   1.0394
  1.0395   1.0885   1.0888   1.0940   1.1204   1.1204   1.1324   1.1458
  1.1458   1.1596   1.2017   1.2018   1.2244   1.2966   1.2966   1.3126
  1.3127   1.3305   1.3824   1.3958   1.4183   1.4183   1.4242   1.4926
  1.4927   1.5325   1.5341   1.5344   1.5445   1.5602   1.5604   1.7352
  1.7356   1.8441   1.8442   1.8746   1.8855   1.8858   1.9088   1.9216
  1.9513   1.9515   1.9639   1.9820   1.9821   2.0013   2.0106   2.0106
  2.0322   2.0322   2.0646   2.0676   2.0678   2.0959   2.1538   2.1566
  2.1621   2.1622   2.1822   2.1841   2.1844   2.2182   2.2184   2.2324
  2.2325   2.2474   2.2683   2.2811   2.3326   2.3327   2.3606   2.3802
  2.3804   2.3943   2.4290   2.4291   2.4724   2.4726   2.4726   2.4788
  2.5428   2.5432   2.5476   2.5767   2.5864   2.5866   2.6354   2.6750
  2.6751   2.6779   2.6975   2.6976   2.7045   2.7045   2.7633   2.7637
  2.7718   2.8080   2.8081   2.8630   2.8631   2.8913   2.8916   2.9125
  2.9126   2.9224   2.9312   2.9565   2.9791   2.9818   2.9819   3.0343
  3.0345   3.0361   3.0367   3.1277   3.1278   3.1430   3.1651   3.1651
  3.2258   3.2640   3.2843   3.3070   3.3071   3.3125   3.3127   3.3384
  3.3594   3.3597   3.3754   3.4030   3.4356   3.4357   3.4693   3.4694
  3.4955   3.5731   3.5731   3.5945   3.5947   3.6004   3.7013   3.7014
  3.7099   3.7840   3.7840   3.8416   3.8603   3.8605   3.9009   3.9014
  3.9279   3.9428   3.9429   3.9741   3.9741   3.9993   4.0686   4.1830
  4.1943   4.3379   4.3387   4.3705   4.3711   4.3980   4.5353   4.9122
  4.9124   4.9500   5.0745   5.0748   5.1276   5.2383   5.2385   5.2416
  5.3878   5.3878   5.4596   5.4599   5.4832   5.5296   5.5423   5.5427
  5.5704   5.5704   5.5788   5.7179   5.7373   5.7382   5.7499   5.8312
  5.8318   5.8540   5.8617   5.8621   5.8904   5.8940   5.8943   5.9201
  5.9204   5.9484   5.9495   5.9671   5.9978   5.9986   6.0124   6.0126
  6.0506   6.0510   6.0773   6.1035   6.1218   6.1220   6.1470   6.1767
  6.1768   6.2090   6.2091   6.2538   6.2542   6.2567   6.2740   6.3094
  6.3097   6.3193   6.3210   6.3213   6.3217   6.4101   6.4103   6.4225
  6.4517   6.4519   6.4657   6.4746   6.4747   6.4761   6.5164   6.5762
  6.5767   6.5861   6.5864   6.6206   6.6440   6.6451   6.7283   6.7286
  6.7811   6.8146   6.8156   6.8391   6.9037   6.9207   6.9210   6.9849
  6.9874   6.9878   7.0266   7.0601   7.0626   7.0632   7.1362   7.1371
  7.2388   7.2622   7.2623   7.2842   7.2883   7.3242   7.3511   7.4148
  7.4152   7.4255   7.4264   7.4597   7.4613   7.4701   7.5210   7.5220
  7.5436   7.5445   7.5792   7.6088   7.6364   7.6367   7.6639   7.6789
  7.7282   7.7285   7.7306   7.7438   7.7439   7.7779   7.7785   7.8089
  7.8382   7.8387   7.8769   7.8776   7.8829   7.9101   7.9106   7.9376
  7.9664   7.9937   8.0612   8.0618   8.0839   8.0903   8.0909   8.1004
  8.1332   8.1345   8.1679   8.1686   8.2971   8.3276   8.3323   8.3329
  8.3495   8.3496   8.3695   8.3709   8.3888   8.3963   8.4230   8.4305
  8.4313   8.4633   8.4642   8.5281   8.5320   8.5321   8.5559   8.5652
  8.5990   8.6340   8.6341   8.6708   8.6708   8.6945   8.7201   8.7206
  8.7559   8.7564   8.8384   8.8720   8.8728   8.8966   8.8975   8.9377
  8.9395   8.9437   8.9526   8.9833   8.9840   9.0100   9.1079   9.1724
  9.1732   9.2136   9.5507   9.5561   9.5570   9.6244   9.6249   9.6503
  9.6505   9.6997   9.8111   9.8423   9.8435   9.8616   9.8681   9.8687
  9.8750   9.8758   9.8837   9.9525   9.9539   9.9599  10.0110  10.1994
 10.2653  10.2655  10.3093  10.3097  10.4551  10.4556  10.4877  10.5897
 11.7930  11.8353  11.8407  11.9484  11.9976  12.0018  13.0696  13.1983
 13.2013  28.5094  29.2272  29.2865  29.2867 149.3337 150.0854 150.1200
150.1201
 
 Beta MOs
 -- Occupied --
-10.3327 -10.3291 -10.3291 -10.3291  -0.9106  -0.8067  -0.8067  -0.6274
 -0.5409  -0.5409  -0.5309  -0.4785  -0.4785  -0.4635  -0.4353  -0.4353
 -- Virtual --
  0.0387   0.0688   0.0981   0.0981   0.1258   0.1259   0.1259   0.1452
  0.1585   0.1586   0.1790   0.1845   0.1845   0.1911   0.2171   0.2174
  0.2755   0.2756   0.2808   0.2898   0.3388   0.3389   0.3522   0.3522
  0.3668   0.3933   0.3933   0.3958   0.4123   0.4124   0.4159   0.4320
  0.4366   0.4700   0.4701   0.5164   0.5662   0.5663   0.5901   0.5903
  0.6307   0.6308   0.6561   0.6792   0.6794   0.7079   0.7254   0.7445
  0.7446   0.7730   0.7731   0.7787   0.7939   0.8095   0.8095   0.8602
  0.8638   0.8638   0.8695   0.8845   0.8949   0.8950   0.9254   0.9309
  0.9311   0.9365   0.9748   0.9749   0.9762   0.9897   0.9897   1.0350
  1.0402   1.0404   1.0942   1.0945   1.0981   1.1239   1.1239   1.1367
  1.1481   1.1481   1.1592   1.2043   1.2044   1.2302   1.3021   1.3023
  1.3119   1.3121   1.3314   1.3845   1.3958   1.4197   1.4197   1.4278
  1.4955   1.4956   1.5336   1.5363   1.5365   1.5471   1.5622   1.5623
  1.7402   1.7406   1.8529   1.8530   1.8862   1.8864   1.8867   1.9188
  1.9218   1.9528   1.9529   1.9714   1.9905   1.9906   2.0076   2.0175
  2.0175   2.0354   2.0354   2.0643   2.0705   2.0707   2.0995   2.1600
  2.1642   2.1643   2.1743   2.1848   2.1889   2.1891   2.2253   2.2256
  2.2386   2.2387   2.2636   2.2726   2.2820   2.3337   2.3338   2.3870
  2.3954   2.3956   2.3988   2.4325   2.4325   2.4780   2.4781   2.4801
  2.4803   2.5457   2.5460   2.5568   2.5846   2.5972   2.5974   2.6386
  2.6792   2.6793   2.6870   2.7079   2.7079   2.7090   2.7091   2.7728
  2.7733   2.7984   2.8162   2.8162   2.8688   2.8689   2.8960   2.8963
  2.9155   2.9155   2.9240   2.9384   2.9688   2.9840   2.9857   2.9858
  3.0364   3.0411   3.0417   3.0478   3.1316   3.1317   3.1470   3.1697
  3.1698   3.2302   3.2686   3.2896   3.3142   3.3144   3.3242   3.3243
  3.3530   3.3654   3.3656   3.3758   3.4144   3.4447   3.4448   3.4778
  3.4780   3.5181   3.5809   3.5809   3.5992   3.5994   3.6025   3.7080
  3.7081   3.7222   3.8007   3.8008   3.8625   3.8652   3.8654   3.9079
  3.9083   3.9343   3.9449   3.9449   3.9766   3.9767   4.0013   4.0793
  4.1952   4.2002   4.3451   4.3459   4.3777   4.3782   4.4011   4.5742
  4.9222   4.9223   4.9689   5.1113   5.1116   5.1728   5.2919   5.2921
  5.2929   5.4028   5.4028   5.4621   5.4623   5.4895   5.5541   5.5544
  5.5549   5.5851   5.5851   5.5860   5.7369   5.7537   5.7563   5.7573
  5.8494   5.8503   5.8664   5.8887   5.8890   5.8941   5.9029   5.9032
  5.9247   5.9250   5.9527   5.9645   5.9734   6.0055   6.0063   6.0196
  6.0197   6.0591   6.0595   6.0890   6.1345   6.1348   6.1504   6.1667
  6.1877   6.1879   6.2169   6.2170   6.2588   6.2746   6.2748   6.2808
  6.3255   6.3280   6.3288   6.3312   6.3334   6.3337   6.4256   6.4258
  6.4304   6.4669   6.4702   6.4704   6.4934   6.5005   6.5006   6.5414
  6.5918   6.5921   6.6074   6.6075   6.6272   6.6477   6.6488   6.7546
  6.7549   6.8079   6.8459   6.8469   6.8707   6.9120   6.9382   6.9385
  7.0034   7.0120   7.0125   7.0613   7.0742   7.0745   7.0754   7.1414
  7.1424   7.2567   7.2746   7.2749   7.2939   7.3027   7.3551   7.3697
  7.4363   7.4365   7.4424   7.4433   7.4759   7.4773   7.4840   7.5441
  7.5453   7.5532   7.5542   7.5995   7.6224   7.6491   7.6493   7.6799
  7.6904   7.7482   7.7482   7.7528   7.7546   7.7547   7.7886   7.7893
  7.8229   7.8518   7.8523   7.8932   7.8977   7.8984   7.9377   7.9382
  7.9487   7.9761   8.0194   8.0741   8.0747   8.1004   8.1009   8.1034
  8.1067   8.1511   8.1524   8.1807   8.1814   8.3150   8.3369   8.3521
  8.3526   8.3609   8.3612   8.3793   8.3806   8.4109   8.4116   8.4381
  8.4410   8.4418   8.4740   8.4751   8.5431   8.5478   8.5480   8.5717
  8.5944   8.6214   8.6447   8.6448   8.6913   8.6914   8.7020   8.7398
  8.7403   8.7738   8.7743   8.8493   8.8900   8.8908   8.9080   8.9089
  8.9483   8.9500   8.9683   8.9742   9.0057   9.0062   9.0158   9.1212
  9.1882   9.1889   9.2672   9.5793   9.5897   9.5907   9.6368   9.6368
  9.6721   9.6724   9.7043   9.8480   9.8493   9.8543   9.8730   9.8854
  9.8857   9.8896   9.8902   9.8971   9.9698   9.9710   9.9762  10.0450
 10.2103  10.2777  10.2780  10.3152  10.3157  10.4637  10.4642  10.4929
 10.5998  11.8277  11.8701  11.8749  11.9509  12.0001  12.0043  13.0842
 13.2127  13.2154  28.5549  29.2260  29.2854  29.2855 149.3451 150.0848
150.1193 150.1195
 --------------------------------------------------------------
 
          Ground-State Mulliken Net Atomic Charges

     Atom                 Charge (a.u.)    Spin (a.u.)
  --------------------------------------------------------
      1 C                    -0.290760      -0.017712
      2 C                    -0.032031       0.876077
      3 C                    -0.291888      -0.017699
      4 C                    -0.281373      -0.017839
      5 H                     0.115148       0.038676
      6 H                     0.089485       0.010203
      7 H                     0.096111       0.010062
      8 H                     0.115538       0.038710
      9 H                     0.096395       0.010148
     10 H                     0.089862       0.010268
     11 H                     0.111042       0.038917
     12 H                     0.091089       0.010035
     13 H                     0.091383       0.010155
  --------------------------------------------------------
  Sum of atomic charges =    -0.000000
  Sum of spin   charges =     1.000000

 -----------------------------------------------------------------
                    Cartesian Multipole Moments
 -----------------------------------------------------------------
    Charge (ESU x 10^10)
                -0.0000
    Dipole Moment (Debye)
         X      -0.0047      Y       0.0382      Z       0.2104
       Tot       0.2139
    Quadrupole Moments (Debye-Ang)
        XX     -27.9777     XY       0.0035     YY     -28.0024
        XZ       0.0173     YZ      -0.1296     ZZ     -28.7440
    Octopole Moments (Debye-Ang^2)
       XXX      -0.1628    XXY       1.5182    XYY       0.1888
       YYY      -1.5909    XXZ      -0.5161    XYZ      -0.0198
       YYZ       0.1833    XZZ      -0.1395    YZZ       0.9430
       ZZZ       5.3151
    Hexadecapole Moments (Debye-Ang^3)
      XXXX    -227.2477   XXXY      -0.1656   XXYY     -75.5046
      XYYY      -0.4507   YYYY    -221.3670   XXXZ      -1.7269
      XXYZ       3.1993   XYYZ      -0.8248   YYYZ      15.8509
      XXZZ     -47.0326   XYZZ      -0.1013   YYZZ     -47.4389
      XZZZ      -1.7909   YZZZ      13.9042   ZZZZ     -62.1556
 -----------------------------------------------------------------
 Total job time:  44.80s(wall), 1306.58s(cpu) 
 Fri Aug  2 08:18:12 2024

        *************************************************************
        *                                                           *
        *  Thank you very much for using Q-Chem.  Have a nice day.  *
        *                                                           *
        *************************************************************


