
Running Job 1 of 1 CA1-R1_rdkit_conf_4_wb97xd-wB97mV.in
qchem CA1-R1_rdkit_conf_4_wb97xd-wB97mV.in_1550829.0 /expanse/lustre/scratch/whughes/temp_project/job_32692128/CA1-R1_rdkit_conf_4_wb97xd-wB97mV-32692128/ 0
/cm/shared/apps/spack/0.17.3/cpu/b/opt/spack/linux-rocky8-zen2/gcc-10.2.0/qchem-6.0-rytxnwjazd34ekd2gqyi5ufsaimxsd3r/exe/qcprog.exe_s CA1-R1_rdkit_conf_4_wb97xd-wB97mV.in_1550829.0 /expanse/lustre/scratch/whughes/temp_project/job_32692128/CA1-R1_rdkit_conf_4_wb97xd-wB97mV-32692128/
                  Welcome to Q-Chem
     A Quantum Leap Into The Future Of Chemistry


 Q-Chem 6.0, Q-Chem, Inc., Pleasanton, CA (2022)

 License issued to: University of California, San Diego (site)

 E. Epifanovsky,  A. T. B. Gilbert,  Xintian Feng,  Joonho Lee,  Yuezhi Mao,  
 N. Mardirossian,  P. Pokhilko,  A. White,  M. Wormit,  M. P. Coons,  
 A. L. Dempwolff,  Zhengting Gan,  D. Hait,  P. R. Horn,  L. D. Jacobson,  
 I. Kaliman,  J. Kussmann,  A. W. Lange,  Ka Un Lao,  D. S. Levine,  Jie Liu,  
 S. C. McKenzie,  A. F. Morrison,  K. Nanda,  F. Plasser,  D. R. Rehn,  
 M. L. Vidal,  Zhi-Qiang You,  Ying Zhu,  B. Alam,  B. Albrecht,  
 A. Aldossary,  E. Alguire,  J. H. Andersen,  V. Athavale,  D. Barton,  
 K. Begam,  A. Behn,  N. Bellonzi,  Y. A. Bernard,  E. J. Berquist,  
 H. Burton,  A. Carreras,  K. Carter-Fenk,  Romit Chakraborty,  
 Chandrima Chakravarty,  Junhan Chen,  A. D. Chien,  K. D. Closser,  
 V. Cofer-Shabica,  L. Cunha,  S. Dasgupta,  Jia Deng,  M. de Wergifosse,  
 M. Diedenhofen,  Hainam Do,  S. Ehlert,  Po-Tung Fang,  S. Fatehi,  
 Qingguo Feng,  T. Friedhoff,  B. Ganoe,  J. Gayvert,  Qinghui Ge,  
 G. Gidofalvi,  M. Goldey,  J. Gomes,  C. Gonzalez-Espinoza,  S. Gulania,  
 A. Gunina,  J. A. Gyamfi,  M. W. D. Hanson-Heine,  P. H. P. Harbach,  
 A. W. Hauser,  M. F. Herbst,  M. Hernandez Vera,  M. Hodecker,  
 Z. C. Holden,  S. Houck,  Xunkun Huang,  Kerwin Hui,  B. C. Huynh,  
 K. Ikeda,  M. Ivanov,  Hyunjun Ji,  Zuxin Jin,  Hanjie Jiang,  B. Kaduk,  
 S. Kaehler,  R. Kang,  K. Khistyaev,  Jaehoon Kim,  Yongbin Kim,  
 P. Klunzinger,  Z. Koczor-Benda,  Joong Hoon Koh,  D. Kosenkov,  
 Saikiran Kotaru,  L. Koulias,  T. Kowalczyk,  C. M. Krauter,  K. Kue,  
 A. Kunitsa,  T. Kus,  A. Landau,  K. V. Lawler,  D. Lefrancois,  S. Lehtola,  
 Rain Li,  Shaozhi Li,  Yi-Pei Li,  Jiashu Liang,  M. Liebenthal,  
 Hung-Hsuan Lin,  You-Sheng Lin,  Fenglai Liu,  Kuan-Yu Liu,  
 M. Loipersberger,  A. Luenser,  C. Malbon,  A. Manjanath,  P. Manohar,  
 E. Mansoor,  S. F. Manzer,  Shan-Ping Mao,  A. V. Marenich,  T. Markovich,  
 S. Mason,  F. Matz,  S. A. Maurer,  P. F. McLaughlin,  M. F. S. J. Menger,  
 J.-M. Mewes,  S. A. Mewes,  P. Morgante,  Mohammad Mostafanejad,  
 J. W. Mullinax,  K. J. Oosterbaan,  G. Paran,  V. Parravicini,  
 Alexander C. Paul,  Suranjan K. Paul,  F. Pavosevic,  Zheng Pei,  S. Prager,  
 E. I. Proynov,  E. Ramos,  B. Rana,  A. E. Rask,  A. Rettig,  R. M. Richard,  
 F. Rob,  E. Rossomme,  T. Scheele,  M. Scheurer,  M. Schneider,  
 P. E. Schneider,  N. Sergueev,  S. M. Sharada,  Hengyuan Shen,  
 W. Skomorowski,  D. W. Small,  C. J. Stein,  Yingli Su,  Yu-Chuan Su,  
 E. J. Sundstrom,  Zhen Tao,  J. Thirman,  Hung-Yi Tsai,  T. Tsuchimochi,  
 N. M. Tubman,  C. Utku,  S. P. Veccham,  O. Vydrov,  J. Wenzel,  
 Jonathan Wong,  J. Witte,  A. Yamada,  Chou-Hsun Yang,  Kun Yao,  
 S. Yeganeh,  S. R. Yost,  A. Zech,  F. Zeller,  Igor Ying Zhang,  
 Xing Zhang,  Yu Zhang,  D. Zuev,  A. Aspuru-Guzik,  A. T. Bell,  
 N. A. Besley,  K. B. Bravaya,  B. R. Brooks,  D. Casanova,  Jeng-Da Chai,  
 Hsing-Ta Chen,  S. Coriani,  C. J. Cramer,  A. E. DePrince, III,  
 R. A. DiStasio Jr.,  A. Dreuw,  B. D. Dunietz,  T. R. Furlani,  
 W. A. Goddard III,  S. Grimme,  S. Hammes-Schiffer,  T. Head-Gordon,  
 W. J. Hehre,  Chao-Ping Hsu,  T.-C. Jagau,  Yousung Jung,  A. Klamt,  
 Jing Kong,  D. S. Lambrecht,  Xiangyuan Li,  WanZhen Liang,  N. J. Mayhall,  
 C. W. McCurdy,  J. B. Neaton,  T. Neudecker,  C. Ochsenfeld,  
 J. A. Parkhill,  R. Peverati,  V. A. Rassolov,  Haisheng Ren,  Yihan Shao,  
 L. V. Slipchenko,  R. P. Steele,  J. E. Subotnik,  A. J. W. Thom,  
 A. Tkatchenko,  D. G. Truhlar,  T. Van Voorhis,  Fan Wang,  
 T. A. Wesolowski,  K. B. Whaley,  H. L. Woodcock III,  P. M. Zimmerman,  
 S. Faraji,  P. M. W. Gill,  M. Head-Gordon,  J. M. Herbert,  A. I. Krylov

 Contributors to earlier versions of Q-Chem not listed above: 
 R. D. Adamson,  B. Austin,  R. Baer,  J. Baker,  G. J. O. Beran,  
 K. Brandhorst,  S. T. Brown,  E. F. C. Byrd,  Arup K. Chakraborty,  
 G. K. L. Chan,  Chun-Min Chang,  Yunqing Chen,  C.-L. Cheng,  
 Siu Hung Chien,  D. M. Chipman,  D. L. Crittenden,  H. Dachsel,  
 R. J. Doerksen,  A. D. Dutoi,  R. G. Edgar,  J. Fosso-Tande,  
 L. Fusti-Molnar,  D. Ghosh,  A. Ghysels,  A. Golubeva-Zadorozhnaya,  
 J. Gonthier,  M. S. Gordon,  S. R. Gwaltney,  G. Hawkins,  J. E. Herr,  
 A. Heyden,  S. Hirata,  E. G. Hohenstein,  G. Kedziora,  F. J. Keil,  
 C. Kelley,  Jihan Kim,  R. A. King,  R. Z. Khaliullin,  P. P. Korambath,  
 W. Kurlancheek,  A. Laurent,  A. M. Lee,  M. S. Lee,  S. V. Levchenko,  
 Ching Yeh Lin,  D. Liotard,  E. Livshits,  R. C. Lochan,  I. Lotan,  
 L. A. Martinez-Martinez,  P. E. Maslen,  N. Nair,  D. P. O'Neill,  
 D. Neuhauser,  E. Neuscamman,  C. M. Oana,  R. Olivares-Amaya,  R. Olson,  
 T. M. Perrine,  B. Peters,  P. A. Pieniazek,  A. Prociuk,  Y. M. Rhee,  
 J. Ritchie,  M. A. Rohrdanz,  E. Rosta,  N. J. Russ,  H. F. Schaefer III,  
 M. W. Schmidt,  N. E. Schultz,  S. Sharma,  N. Shenvi,  C. D. Sherrill,  
 A. C. Simmonett,  A. Sodt,  T. Stein,  D. Stuck,  K. S. Thanthiriwatte,  
 V. Vanovschi,  L. Vogt,  Tao Wang,  A. Warshel,  M. A. Watson,  
 C. F. Williams,  Q. Wu,  X. Xu,  Jun Yang,  W. Zhang,  Yan Zhao

   Please cite Q-Chem as follows:
  "Software for the frontiers of quantum chemistry:
   An overview of developments in the Q-Chem 5 package"
   J. Chem. Phys. 155, 084801 (2021)
   https://doi.org/10.1063/5.0055522 (open access)

 Q-Chem 6.0.2 for Intel X86 EM64T Linux

 Parts of Q-Chem use Armadillo 9.900.5 (Nocturnal Misbehaviour).
 http://arma.sourceforge.net/

 Q-Chem begins on Thu Aug  1 11:23:11 2024  

 Host: 
0

     Scratch files written to /expanse/lustre/scratch/whughes/temp_project/job_32692128/CA1-R1_rdkit_conf_4_wb97xd-wB97mV-32692128//
 Dec722 |scratch|qcdevops|jenkins|workspace|build_RNUM    
 Processing $rem in /cm/shared/apps/spack/0.17.3/cpu/b/opt/spack/linux-rocky8-zen2/gcc-10.2.0/qchem-6.0-rytxnwjazd34ekd2gqyi5ufsaimxsd3r/config/preferences:
 Processing $rem in /home/whughes/.qchemrc:

 Checking the input file for inconsistencies... 	...done.

--------------------------------------------------------------
User input:
--------------------------------------------------------------
$molecule
0 3
O    -4.4601914352   0.9540924772    -0.5913617693
C    -3.4598773823   0.5419686449    -0.0903714735
O    -3.3838082008   0.2665654291    1.2525474959
C    -2.0943647028   -0.2049190062   1.5779147674
C    -1.3569543938   -0.2002137702   0.2766507659
O    -0.0964840586   -0.6054390069   0.2809268438
C    0.5864227011    -0.5583693074   -0.9664062296
C    2.0185531397    -0.9852538141   -0.7354761372
C    2.757167962     -0.0809549725   0.1780491235
F    3.9498922505    -0.5428266177   0.5919289951
C    2.5355778032    1.3499494762    0.3172488041
F    3.2743511083    2.1696969965    -0.4304447791
F    2.4352450603    1.8398659569    1.5429612171
C    -2.1572196546   0.2390563373    -0.6972461671
H    -1.6252479729   0.4591592751    2.3080130626
H    -2.1595689504   -1.2093737749   2.0031574654
H    0.0974234682    -1.2336579599   -1.6735800756
H    0.535012334     0.4597314369    -1.3646891307
H    2.0440014019    -1.9971722922   -0.3223367925
H    2.5226965121    -1.0348407755   -1.7103572072
H    -1.96252699     0.3728352676    -1.7472287791
$end

$rem
METHOD      wB97M-V
BASIS       def2-QZVPP
SYM_IGNORE   TRUE
DFT_D       false
MAX_SCF_CYCLES 300
$end

$end
--------------------------------------------------------------
 ----------------------------------------------------------------
             Standard Nuclear Orientation (Angstroms)
    I     Atom           X                Y                Z
 ----------------------------------------------------------------
    1      O      -4.4601914352     0.9540924772    -0.5913617693
    2      C      -3.4598773823     0.5419686449    -0.0903714735
    3      O      -3.3838082008     0.2665654291     1.2525474959
    4      C      -2.0943647028    -0.2049190062     1.5779147674
    5      C      -1.3569543938    -0.2002137702     0.2766507659
    6      O      -0.0964840586    -0.6054390069     0.2809268438
    7      C       0.5864227011    -0.5583693074    -0.9664062296
    8      C       2.0185531397    -0.9852538141    -0.7354761372
    9      C       2.7571679620    -0.0809549725     0.1780491235
   10      F       3.9498922505    -0.5428266177     0.5919289951
   11      C       2.5355778032     1.3499494762     0.3172488041
   12      F       3.2743511083     2.1696969965    -0.4304447791
   13      F       2.4352450603     1.8398659569     1.5429612171
   14      C      -2.1572196546     0.2390563373    -0.6972461671
   15      H      -1.6252479729     0.4591592751     2.3080130626
   16      H      -2.1595689504    -1.2093737749     2.0031574654
   17      H       0.0974234682    -1.2336579599    -1.6735800756
   18      H       0.5350123340     0.4597314369    -1.3646891307
   19      H       2.0440014019    -1.9971722922    -0.3223367925
   20      H       2.5226965121    -1.0348407755    -1.7103572072
   21      H      -1.9625269900     0.3728352676    -1.7472287791
 ----------------------------------------------------------------
 Nuclear Repulsion Energy =         897.93063424 hartrees
 There are       54 alpha and       52 beta electrons
 Requested basis set is def2-QZVPP
 There are 308 shells and 1008 basis functions

 Total QAlloc Memory Limit   8000 MB
 Mega-Array Size       188 MB
 MEM_STATIC part       192 MB

 A cutoff of  1.0D-09 yielded  28627 shell pairs
 There are    293305 function pairs (    439848 Cartesian)
 Smallest overlap matrix eigenvalue = 2.49E-05

 Q-Chem warning in module stvman/mkSTV.C, line 305:

 Overlap eigenvalue is smaller than square root of threshold
 Use THRESH >= 12 to get rid of this warning


 Scale SEOQF with 1.000000e-01/1.000000e-01/1.000000e-01

 Standard Electronic Orientation quadrupole field applied
 Nucleus-field energy     =     0.0000000276 hartrees
 Guess from superposition of atomic densities
 Warning:  Energy on first SCF cycle will be non-variational
 SAD guess density has 106.000000 electrons

 -----------------------------------------------------------------------
  General SCF calculation program by
  Eric Jon Sundstrom, Paul Horn, Yuezhi Mao, Dmitri Zuev, Alec White,
  David Stuck, Shaama M.S., Shane Yost, Joonho Lee, David Small,
  Daniel Levine, Susi Lehtola, Hugh Burton, Evgeny Epifanovsky,
  Bang C. Huynh
 -----------------------------------------------------------------------
 Exchange:     0.1500 Hartree-Fock + 1.0000 wB97M-V + LR-HF
 Correlation:  1.0000 wB97M-V
 Using SG-2 standard quadrature grid
 Nonlocal Correlation:  VV10 with C = 0.0100 and b = 6.00 and scale = 1.00000
 Grid used for NLC:  SG-1 standard quadrature
 using 32 threads for integral computing
 -------------------------------------------------------
 OpenMP Integral computing Module                
 Release: version 1.0, May 2013, Q-Chem Inc. Pittsburgh 
 -------------------------------------------------------
 A unrestricted SCF calculation will be
 performed using DIIS
 SCF converges when DIIS error is below 1.0e-05
 ---------------------------------------
  Cycle       Energy         DIIS error
 ---------------------------------------
    1    -837.9626806357      6.15e-03  
    2    -834.0177111819      7.53e-04  
    3    -833.9842811116      9.05e-04  
    4    -834.2470262567      1.05e-04  
    5    -834.2508673031      5.70e-05  
    6    -834.2521811389      1.83e-05  
    7    -834.2523664206      5.98e-06  Convergence criterion met
 ---------------------------------------
 SCF time:   CPU 7987.37s  wall 263.00s 
<S^2> =          2.004067214
 SCF   energy in the final basis set =     -834.2523664206
 Total energy in the final basis set =     -834.2523664206
 
 --------------------------------------------------------------
 
                    Orbital Energies (a.u.)
 --------------------------------------------------------------
 
 Alpha MOs
 -- Occupied --
-24.9570 -24.9561 -24.9492 -19.4138 -19.3762 -19.3095 -10.5370 -10.4758
-10.4738 -10.4507 -10.4433 -10.4259 -10.3983 -10.3625  -1.4435  -1.4004
 -1.3838  -1.2597  -1.2405  -1.1588  -0.9888  -0.9470  -0.9014  -0.8693
 -0.8241  -0.7680  -0.7336  -0.7157  -0.7131  -0.7017  -0.6815  -0.6643
 -0.6500  -0.6330  -0.6291  -0.6195  -0.6069  -0.5925  -0.5892  -0.5772
 -0.5610  -0.5529  -0.5451  -0.5267  -0.5202  -0.5173  -0.4940  -0.4818
 -0.4748  -0.4083  -0.3828  -0.3677  -0.3500  -0.3385
 -- Virtual --
  0.0462   0.0483   0.0650   0.0696   0.0783   0.0980   0.1088   0.1136
  0.1177   0.1200   0.1307   0.1403   0.1553   0.1563   0.1656   0.1784
  0.1815   0.1889   0.1979   0.2018   0.2167   0.2212   0.2324   0.2359
  0.2460   0.2520   0.2615   0.2678   0.2729   0.2749   0.2780   0.2880
  0.3018   0.3100   0.3125   0.3156   0.3206   0.3326   0.3338   0.3394
  0.3444   0.3515   0.3560   0.3590   0.3658   0.3683   0.3774   0.3930
  0.3986   0.4062   0.4164   0.4190   0.4245   0.4353   0.4401   0.4494
  0.4537   0.4665   0.4735   0.4816   0.4821   0.4917   0.4968   0.5026
  0.5138   0.5229   0.5258   0.5383   0.5451   0.5661   0.5680   0.5759
  0.5795   0.5798   0.5882   0.5928   0.5952   0.6133   0.6154   0.6196
  0.6398   0.6480   0.6604   0.6674   0.6788   0.6817   0.6922   0.6994
  0.7204   0.7272   0.7365   0.7405   0.7467   0.7522   0.7618   0.7707
  0.7837   0.7939   0.7964   0.8014   0.8054   0.8087   0.8264   0.8331
  0.8391   0.8412   0.8531   0.8592   0.8658   0.8731   0.8796   0.8808
  0.8933   0.8942   0.9019   0.9053   0.9170   0.9209   0.9381   0.9403
  0.9548   0.9618   0.9709   0.9812   0.9897   1.0039   1.0043   1.0112
  1.0194   1.0320   1.0407   1.0523   1.0557   1.0677   1.0797   1.0829
  1.0988   1.1005   1.1096   1.1181   1.1266   1.1378   1.1515   1.1580
  1.1666   1.1709   1.1844   1.1897   1.2029   1.2164   1.2285   1.2361
  1.2469   1.2587   1.2679   1.2804   1.2885   1.2934   1.3098   1.3219
  1.3352   1.3420   1.3577   1.3815   1.3866   1.3982   1.4162   1.4260
  1.4326   1.4435   1.4678   1.4788   1.4914   1.5024   1.5093   1.5150
  1.5223   1.5328   1.5496   1.5597   1.5822   1.5912   1.6113   1.6210
  1.6431   1.6542   1.6599   1.6775   1.6926   1.7005   1.7084   1.7225
  1.7291   1.7374   1.7486   1.7538   1.7592   1.7602   1.7711   1.7805
  1.7871   1.7962   1.8003   1.8111   1.8155   1.8231   1.8258   1.8366
  1.8393   1.8510   1.8583   1.8627   1.8672   1.8852   1.8953   1.8973
  1.9077   1.9141   1.9233   1.9291   1.9348   1.9388   1.9444   1.9500
  1.9710   1.9758   1.9820   1.9940   1.9991   2.0136   2.0203   2.0242
  2.0271   2.0384   2.0404   2.0477   2.0573   2.0656   2.0691   2.0793
  2.0823   2.0914   2.1109   2.1155   2.1179   2.1232   2.1335   2.1428
  2.1486   2.1575   2.1604   2.1651   2.1752   2.1818   2.1984   2.2014
  2.2245   2.2286   2.2371   2.2488   2.2557   2.2604   2.2749   2.2815
  2.2894   2.3051   2.3148   2.3222   2.3240   2.3393   2.3457   2.3493
  2.3616   2.3778   2.3835   2.3915   2.4037   2.4144   2.4199   2.4360
  2.4416   2.4543   2.4653   2.4779   2.4939   2.5014   2.5062   2.5168
  2.5227   2.5324   2.5402   2.5468   2.5661   2.5718   2.5751   2.5804
  2.5988   2.6208   2.6209   2.6237   2.6260   2.6440   2.6675   2.6753
  2.6917   2.7038   2.7059   2.7160   2.7336   2.7409   2.7562   2.7611
  2.7713   2.7793   2.7914   2.7993   2.8107   2.8397   2.8433   2.8504
  2.8664   2.8734   2.8779   2.8922   2.8937   2.9099   2.9155   2.9206
  2.9231   2.9472   2.9575   2.9693   2.9712   2.9850   2.9973   3.0173
  3.0248   3.0409   3.0520   3.0656   3.0757   3.0869   3.1011   3.1315
  3.1386   3.1453   3.1722   3.1763   3.2001   3.2158   3.2279   3.2358
  3.2455   3.2683   3.2825   3.2987   3.3034   3.3228   3.3432   3.3562
  3.3731   3.3782   3.3953   3.4036   3.4279   3.4353   3.4555   3.4697
  3.4897   3.5078   3.5179   3.5236   3.5291   3.5481   3.5555   3.5754
  3.5858   3.5944   3.6152   3.6248   3.6338   3.6522   3.6800   3.6803
  3.6938   3.7237   3.7399   3.7721   3.7877   3.8112   3.8264   3.8327
  3.8467   3.8798   3.9048   3.9114   3.9327   3.9423   3.9493   3.9732
  3.9778   4.0222   4.0281   4.0525   4.0601   4.0751   4.0845   4.1015
  4.1435   4.1551   4.1629   4.1742   4.1869   4.2177   4.2236   4.2426
  4.2523   4.2555   4.2617   4.2801   4.2945   4.3005   4.3119   4.3261
  4.3543   4.3660   4.3742   4.3749   4.3942   4.4138   4.4283   4.4387
  4.4595   4.4649   4.4760   4.4790   4.4979   4.5103   4.5261   4.5313
  4.5647   4.5947   4.6040   4.6136   4.6309   4.6461   4.6504   4.6581
  4.6918   4.7143   4.7399   4.7550   4.7562   4.7809   4.7884   4.8126
  4.8418   4.8525   4.8754   4.9008   4.9366   4.9420   4.9576   4.9829
  4.9954   5.0351   5.0410   5.0515   5.0620   5.0796   5.0991   5.1219
  5.1241   5.1372   5.1469   5.1749   5.1932   5.2007   5.2164   5.2220
  5.2320   5.2540   5.2683   5.2753   5.2874   5.3102   5.3136   5.3253
  5.3396   5.3532   5.3625   5.3703   5.3764   5.3817   5.4044   5.4091
  5.4308   5.4481   5.4544   5.4980   5.5050   5.5154   5.5414   5.5463
  5.5695   5.5719   5.5811   5.5940   5.5952   5.6071   5.6362   5.6395
  5.6618   5.6715   5.6803   5.6870   5.6951   5.7254   5.7287   5.7398
  5.7477   5.7602   5.7645   5.7871   5.7936   5.8119   5.8262   5.8347
  5.8444   5.8646   5.8767   5.8865   5.8898   5.9068   5.9148   5.9275
  5.9381   5.9565   5.9611   5.9670   5.9693   5.9766   5.9856   6.0079
  6.0157   6.0254   6.0333   6.0364   6.0560   6.0638   6.0718   6.0778
  6.0879   6.0979   6.1021   6.1172   6.1238   6.1301   6.1396   6.1597
  6.1642   6.1840   6.1869   6.1898   6.1951   6.2062   6.2153   6.2175
  6.2265   6.2450   6.2604   6.2622   6.2701   6.2834   6.2982   6.3058
  6.3089   6.3265   6.3345   6.3446   6.3567   6.3701   6.3789   6.3866
  6.3954   6.4023   6.4231   6.4289   6.4316   6.4418   6.4514   6.4668
  6.4794   6.4895   6.4964   6.5113   6.5224   6.5335   6.5413   6.5583
  6.5611   6.5689   6.5835   6.5898   6.5991   6.6243   6.6334   6.6439
  6.6576   6.6667   6.6780   6.6816   6.6981   6.7090   6.7154   6.7299
  6.7416   6.7433   6.7595   6.7720   6.7863   6.8003   6.8175   6.8425
  6.8650   6.8940   6.9018   6.9111   6.9284   6.9413   6.9480   6.9722
  6.9741   6.9863   6.9933   7.0043   7.0266   7.0415   7.0520   7.0679
  7.0946   7.1147   7.1360   7.1692   7.1712   7.1825   7.1945   7.2169
  7.2251   7.2538   7.2585   7.2864   7.3122   7.3378   7.3431   7.3549
  7.3659   7.3730   7.3922   7.4063   7.4254   7.4406   7.4690   7.4763
  7.4904   7.4971   7.5128   7.5250   7.5591   7.5759   7.5838   7.6043
  7.6302   7.6450   7.6505   7.6595   7.6766   7.6949   7.6991   7.7121
  7.7306   7.7389   7.7619   7.7791   7.7968   7.8150   7.8419   7.8585
  7.8638   7.8798   7.8983   7.9079   7.9151   7.9277   7.9548   7.9653
  7.9828   7.9985   8.0302   8.0332   8.0386   8.0568   8.0796   8.0841
  8.1099   8.1556   8.1691   8.1815   8.2041   8.2660   8.2759   8.2913
  8.3031   8.3205   8.3394   8.3482   8.3643   8.3840   8.3888   8.3951
  8.4165   8.4329   8.4482   8.4574   8.4751   8.4841   8.5024   8.5300
  8.5314   8.5400   8.5549   8.5787   8.6051   8.6237   8.6617   8.6670
  8.6761   8.6840   8.7274   8.7411   8.7521   8.7734   8.8012   8.8176
  8.8486   8.8773   8.8841   8.9181   8.9353   8.9906   9.0128   9.0166
  9.0532   9.0694   9.1287   9.1820   9.2032   9.2351   9.2595   9.2760
  9.2827   9.2882   9.3354   9.3434   9.3661   9.3869   9.4392   9.4686
  9.4853   9.5106   9.5352   9.5439   9.5646   9.6290   9.6483   9.6929
  9.7005   9.7211   9.7463   9.8007   9.8519   9.8618   9.8814   9.8859
  9.9106   9.9297   9.9421   9.9523   9.9713   9.9882   9.9952  10.0215
 10.0665  10.0992  10.1333  10.1548  10.1696  10.2043  10.2390  10.2722
 10.2878  10.3287  10.3482  10.4015  10.4264  10.4907  10.5425  10.5744
 10.7566  10.9203  10.9589  11.0489  11.1152  11.1555  11.1907  11.2802
 11.4904  11.4906  11.4922  11.4939  11.4995  11.5012  11.5036  11.5061
 11.5228  11.5240  11.5470  11.5512  11.5540  11.5626  11.6010  11.6747
 11.6813  11.6839  11.7217  11.7312  11.8158  11.8352  11.8563  11.8575
 11.9560  11.9619  11.9925  12.0022  12.0305  12.0349  12.0942  12.1272
 12.1323  12.1646  12.1738  12.1759  12.1877  12.2151  12.2484  12.2656
 12.3009  12.3147  12.3246  12.3416  12.3515  12.4391  12.4647  12.4977
 12.5437  12.5472  12.6175  12.6792  12.6864  12.7749  12.8229  12.8360
 12.8619  12.9140  12.9529  13.0292  13.1520  13.4336  13.4756  13.6958
 13.7982  13.9031  14.0969  14.3224  14.6885  14.6915  14.7018  14.7139
 14.7202  14.7418  14.7674  14.8525  14.8860  14.9040  14.9353  14.9915
 15.0239  15.0318  15.0609  15.0941  15.1296  15.2607  15.6257  15.6557
 15.6851  15.7374  15.8201  15.8645  15.9560  16.0306  16.0479  16.0636
 16.0885  16.1568  16.2913  16.3188  16.3322  16.4436  16.4764  16.5290
 16.7649  16.8608  16.8652  16.9051  16.9511  16.9768  28.2005  28.3933
 28.5037  28.6903  29.0829  29.1149  29.2083  29.3198  48.5374  48.6208
 48.7238  54.7730  54.8839  55.0268 148.9686 149.1864 149.2491 149.4457
149.9049 149.9479 150.0752 150.1377 255.9739 256.0743 256.1988 288.1356
288.2685 288.4448
 
 Beta MOs
 -- Occupied --
-24.9526 -24.9511 -24.9439 -19.4137 -19.3762 -19.3094 -10.5233 -10.4738
-10.4617 -10.4507 -10.4431 -10.4259 -10.3989 -10.3625  -1.4319  -1.3879
 -1.3731  -1.2595  -1.2404  -1.1588  -0.9806  -0.9405  -0.8840  -0.8624
 -0.8166  -0.7530  -0.7316  -0.7119  -0.6961  -0.6888  -0.6664  -0.6610
 -0.6373  -0.6213  -0.6200  -0.6045  -0.5974  -0.5831  -0.5742  -0.5634
 -0.5540  -0.5474  -0.5393  -0.5246  -0.5179  -0.5106  -0.4929  -0.4780
 -0.4740  -0.4081  -0.3828  -0.3667
 -- Virtual --
 -0.0191  -0.0116   0.0468   0.0507   0.0652   0.0697   0.0797   0.0990
  0.1099   0.1137   0.1190   0.1228   0.1322   0.1403   0.1567   0.1579
  0.1664   0.1796   0.1840   0.1892   0.2014   0.2029   0.2217   0.2300
  0.2361   0.2408   0.2497   0.2637   0.2658   0.2704   0.2742   0.2757
  0.2819   0.2892   0.3025   0.3129   0.3172   0.3181   0.3235   0.3341
  0.3377   0.3453   0.3495   0.3552   0.3604   0.3680   0.3687   0.3752
  0.3790   0.3969   0.4004   0.4125   0.4190   0.4235   0.4288   0.4379
  0.4406   0.4511   0.4604   0.4716   0.4784   0.4838   0.4864   0.4922
  0.4987   0.5070   0.5148   0.5237   0.5265   0.5390   0.5465   0.5670
  0.5686   0.5776   0.5803   0.5809   0.5902   0.5946   0.5964   0.6163
  0.6172   0.6228   0.6416   0.6493   0.6659   0.6700   0.6806   0.6825
  0.6937   0.7034   0.7222   0.7310   0.7384   0.7444   0.7512   0.7553
  0.7685   0.7785   0.7895   0.7952   0.7994   0.8047   0.8063   0.8125
  0.8287   0.8350   0.8417   0.8448   0.8546   0.8616   0.8666   0.8762
  0.8810   0.8842   0.8940   0.8971   0.9052   0.9066   0.9184   0.9225
  0.9406   0.9431   0.9578   0.9634   0.9714   0.9814   0.9908   1.0051
  1.0099   1.0124   1.0201   1.0331   1.0412   1.0539   1.0563   1.0681
  1.0803   1.0842   1.1006   1.1021   1.1118   1.1195   1.1284   1.1389
  1.1518   1.1595   1.1686   1.1732   1.1869   1.1913   1.2043   1.2179
  1.2301   1.2378   1.2494   1.2592   1.2704   1.2808   1.2897   1.2939
  1.3104   1.3240   1.3394   1.3433   1.3610   1.3845   1.3880   1.3991
  1.4174   1.4273   1.4342   1.4443   1.4708   1.4802   1.4954   1.5067
  1.5113   1.5163   1.5239   1.5333   1.5532   1.5634   1.5854   1.5920
  1.6137   1.6330   1.6473   1.6547   1.6671   1.6794   1.6982   1.7057
  1.7094   1.7259   1.7366   1.7427   1.7500   1.7603   1.7632   1.7686
  1.7799   1.7895   1.7933   1.8049   1.8077   1.8146   1.8224   1.8277
  1.8327   1.8404   1.8458   1.8533   1.8625   1.8685   1.8713   1.8893
  1.8971   1.9024   1.9102   1.9232   1.9258   1.9327   1.9416   1.9443
  1.9518   1.9543   1.9745   1.9838   1.9856   2.0008   2.0108   2.0194
  2.0244   2.0281   2.0339   2.0414   2.0453   2.0544   2.0591   2.0711
  2.0756   2.0848   2.0906   2.0982   2.1183   2.1205   2.1250   2.1264
  2.1383   2.1491   2.1521   2.1621   2.1651   2.1707   2.1788   2.1884
  2.2050   2.2102   2.2292   2.2421   2.2470   2.2569   2.2705   2.2782
  2.2818   2.2849   2.2938   2.3101   2.3192   2.3270   2.3319   2.3451
  2.3523   2.3547   2.3684   2.3801   2.3920   2.3998   2.4105   2.4204
  2.4253   2.4437   2.4532   2.4615   2.4722   2.4841   2.5024   2.5081
  2.5123   2.5190   2.5287   2.5356   2.5471   2.5591   2.5727   2.5772
  2.5805   2.5849   2.6032   2.6232   2.6239   2.6346   2.6381   2.6514
  2.6740   2.6823   2.6996   2.7088   2.7135   2.7251   2.7365   2.7450
  2.7587   2.7668   2.7822   2.7854   2.7972   2.8033   2.8181   2.8445
  2.8509   2.8552   2.8720   2.8781   2.8833   2.8972   2.9024   2.9147
  2.9203   2.9228   2.9318   2.9552   2.9667   2.9747   2.9812   2.9947
  3.0043   3.0240   3.0362   3.0455   3.0557   3.0709   3.0830   3.0941
  3.1068   3.1365   3.1414   3.1505   3.1744   3.1849   3.2043   3.2222
  3.2369   3.2416   3.2563   3.2743   3.2868   3.3056   3.3136   3.3292
  3.3499   3.3663   3.3806   3.3820   3.4043   3.4198   3.4373   3.4432
  3.4591   3.4723   3.4937   3.5110   3.5191   3.5252   3.5392   3.5509
  3.5616   3.5795   3.5902   3.6072   3.6279   3.6299   3.6358   3.6576
  3.6822   3.6847   3.7023   3.7266   3.7434   3.7810   3.7918   3.8130
  3.8290   3.8371   3.8504   3.8800   3.9072   3.9128   3.9341   3.9453
  3.9522   3.9771   3.9810   4.0231   4.0319   4.0536   4.0617   4.0756
  4.0894   4.1060   4.1558   4.1573   4.1666   4.1760   4.1879   4.2300
  4.2336   4.2477   4.2575   4.2658   4.2704   4.2861   4.3026   4.3044
  4.3252   4.3322   4.3640   4.3748   4.3795   4.3915   4.3980   4.4154
  4.4419   4.4563   4.4655   4.4673   4.4807   4.4893   4.5033   4.5204
  4.5322   4.5395   4.5810   4.6055   4.6153   4.6233   4.6430   4.6500
  4.6651   4.6720   4.6990   4.7271   4.7419   4.7576   4.7669   4.7838
  4.8020   4.8250   4.8436   4.8666   4.8843   4.9023   4.9542   4.9596
  4.9652   4.9881   5.0112   5.0412   5.0510   5.0699   5.0794   5.0945
  5.1131   5.1368   5.1477   5.1530   5.1644   5.1860   5.1965   5.2137
  5.2185   5.2333   5.2433   5.2676   5.2846   5.2959   5.3056   5.3158
  5.3326   5.3462   5.3551   5.3744   5.3755   5.3832   5.3959   5.4021
  5.4123   5.4284   5.4601   5.4738   5.4927   5.5021   5.5155   5.5231
  5.5449   5.5552   5.5816   5.5935   5.5989   5.6028   5.6237   5.6354
  5.6435   5.6605   5.6695   5.6925   5.7020   5.7055   5.7248   5.7327
  5.7416   5.7466   5.7616   5.7700   5.7913   5.8016   5.8058   5.8265
  5.8463   5.8535   5.8678   5.8791   5.8820   5.8888   5.8944   5.9196
  5.9256   5.9431   5.9508   5.9591   5.9769   5.9888   5.9933   6.0104
  6.0218   6.0245   6.0310   6.0359   6.0447   6.0526   6.0678   6.0778
  6.0901   6.0925   6.1057   6.1190   6.1248   6.1354   6.1453   6.1500
  6.1664   6.1688   6.1888   6.1914   6.1937   6.1958   6.2137   6.2282
  6.2329   6.2359   6.2409   6.2624   6.2725   6.2841   6.2930   6.2973
  6.3054   6.3171   6.3269   6.3445   6.3461   6.3519   6.3647   6.3805
  6.3894   6.3968   6.4003   6.4161   6.4265   6.4334   6.4464   6.4734
  6.4791   6.4858   6.4980   6.5043   6.5055   6.5179   6.5420   6.5504
  6.5528   6.5664   6.5778   6.5884   6.5964   6.6009   6.6127   6.6429
  6.6458   6.6566   6.6731   6.6809   6.6932   6.6997   6.7094   6.7248
  6.7320   6.7423   6.7459   6.7581   6.7743   6.7853   6.7959   6.8143
  6.8417   6.8563   6.8869   6.8973   6.9139   6.9261   6.9489   6.9518
  6.9762   6.9855   6.9929   6.9996   7.0075   7.0115   7.0372   7.0548
  7.0708   7.0868   7.1067   7.1283   7.1407   7.1797   7.1871   7.1943
  7.1981   7.2335   7.2407   7.2714   7.2796   7.3213   7.3450   7.3499
  7.3676   7.3732   7.3821   7.3975   7.4158   7.4288   7.4340   7.4493
  7.4851   7.4904   7.5090   7.5159   7.5256   7.5333   7.5640   7.5905
  7.6011   7.6198   7.6386   7.6533   7.6592   7.6714   7.6888   7.7041
  7.7112   7.7256   7.7343   7.7494   7.7645   7.7966   7.8110   7.8327
  7.8668   7.8689   7.8759   7.8856   7.9045   7.9168   7.9222   7.9326
  7.9644   7.9823   7.9842   8.0161   8.0331   8.0410   8.0589   8.0817
  8.0926   8.1061   8.1434   8.1712   8.1884   8.2004   8.2073   8.2702
  8.2962   8.3070   8.3175   8.3358   8.3432   8.3600   8.3665   8.3846
  8.3972   8.4013   8.4291   8.4466   8.4506   8.4598   8.4855   8.5036
  8.5095   8.5351   8.5369   8.5426   8.5664   8.5971   8.6161   8.6345
  8.6632   8.6730   8.6847   8.6970   8.7328   8.7528   8.7566   8.7741
  8.8022   8.8209   8.8568   8.8819   8.8860   8.9221   8.9441   9.0020
  9.0129   9.0195   9.0737   9.0827   9.1521   9.1836   9.2043   9.2364
  9.2622   9.2815   9.2837   9.2900   9.3457   9.3563   9.3827   9.3889
  9.4598   9.4779   9.5013   9.5126   9.5420   9.5541   9.6063   9.6293
  9.6504   9.6932   9.7042   9.7288   9.7990   9.8515   9.8635   9.8747
  9.8832   9.8987   9.9232   9.9366   9.9426   9.9585   9.9753   9.9924
  9.9981  10.0265  10.0737  10.1014  10.1345  10.1579  10.1712  10.2060
 10.2394  10.2723  10.2936  10.3288  10.3483  10.4032  10.4279  10.4935
 10.5439  10.5748  10.7567  10.9207  10.9590  11.0490  11.1153  11.1555
 11.1908  11.2803  11.5001  11.5011  11.5031  11.5049  11.5095  11.5120
 11.5130  11.5160  11.5241  11.5308  11.5525  11.5579  11.5598  11.5706
 11.6012  11.6750  11.6815  11.6902  11.7220  11.7384  11.8236  11.8427
 11.8575  11.8672  11.9561  11.9730  11.9949  12.0038  12.0346  12.0442
 12.1012  12.1323  12.1378  12.1676  12.1816  12.1844  12.1944  12.2270
 12.2513  12.2757  12.3061  12.3163  12.3247  12.3421  12.3645  12.4398
 12.4648  12.5031  12.5471  12.5545  12.6184  12.6796  12.6870  12.7750
 12.8234  12.8360  12.8626  12.9284  12.9583  13.0333  13.1521  13.4336
 13.4756  13.6962  13.7982  13.9031  14.0972  14.3225  14.7057  14.7082
 14.7188  14.7314  14.7389  14.7598  14.7682  14.8527  14.8973  14.9053
 14.9503  15.0047  15.0376  15.0462  15.0751  15.1072  15.1445  15.2701
 15.6438  15.6736  15.7018  15.7457  15.8293  15.8739  15.9754  16.0515
 16.0694  16.0843  16.1086  16.1773  16.3116  16.3390  16.3521  16.4526
 16.4841  16.5385  16.7744  16.8753  16.8779  16.9226  16.9667  16.9890
 28.2429  28.3936  28.5498  28.6903  29.0832  29.1153  29.2073  29.3199
 48.5374  48.6209  48.7239  54.7781  54.8896  55.0319 148.9824 149.1865
149.2624 149.4457 149.9050 149.9483 150.0746 150.1377 255.9739 256.0743
256.1988 288.1397 288.2729 288.4488
 --------------------------------------------------------------
 
          Ground-State Mulliken Net Atomic Charges

     Atom                 Charge (a.u.)    Spin (a.u.)
  --------------------------------------------------------
      1 O                    -0.288693       0.000265
      2 C                     0.234022       0.000028
      3 O                    -0.289427       0.000008
      4 C                     0.045228       0.000448
      5 C                     0.115922      -0.000214
      6 O                    -0.275809       0.005099
      7 C                     0.021805       0.014912
      8 C                    -0.177843      -0.037249
      9 C                     0.138919       0.869879
     10 F                    -0.175924       0.080626
     11 C                     0.316679       0.839874
     12 F                    -0.172218       0.077192
     13 F                    -0.167185       0.068454
     14 C                    -0.157571       0.003321
     15 H                     0.128446       0.000081
     16 H                     0.129492      -0.000031
     17 H                     0.113549       0.004349
     18 H                     0.068152       0.001311
     19 H                     0.138081       0.021036
     20 H                     0.134312       0.050918
     21 H                     0.120062      -0.000307
  --------------------------------------------------------
  Sum of atomic charges =    -0.000000
  Sum of spin   charges =     2.000000

 -----------------------------------------------------------------
                    Cartesian Multipole Moments
 -----------------------------------------------------------------
    Charge (ESU x 10^10)
                -0.0000
    Dipole Moment (Debye)
         X       4.3089      Y      -3.0588      Z      -1.1343
       Tot       5.4046
    Quadrupole Moments (Debye-Ang)
        XX    -113.6597     XY       3.9208     YY     -80.1580
        XZ      -6.5669     YZ       1.1500     ZZ     -74.7900
    Octopole Moments (Debye-Ang^2)
       XXX     130.4394    XXY     -61.0290    XYY       1.1839
       YYY     -67.3949    XXZ      -8.7353    XYZ       1.3020
       YYZ      -9.8845    XZZ       1.9170    YZZ     -23.9395
       ZZZ     -33.4622
    Hexadecapole Moments (Debye-Ang^3)
      XXXX   -4348.9189   XXXY     115.6730   XXYY    -714.8696
      XYYY     -48.1007   YYYY    -522.1993   XXXZ     -52.2026
      XXYZ       8.2310   XYYZ      -5.7433   YYYZ     -37.4024
      XXZZ    -683.4623   XYZZ      -9.4438   YYZZ    -162.1584
      XZZZ       2.1083   YZZZ     -39.7617   ZZZZ    -432.3515
 -----------------------------------------------------------------
 Total job time:  265.73s(wall), 8026.83s(cpu) 
 Thu Aug  1 11:27:37 2024

        *************************************************************
        *                                                           *
        *  Thank you very much for using Q-Chem.  Have a nice day.  *
        *                                                           *
        *************************************************************


