
Running Job 1 of 1 SIL1-P1_rdkit_conf_1_wb97xd-wB97mV.in
qchem SIL1-P1_rdkit_conf_1_wb97xd-wB97mV.in_606735.0 /expanse/lustre/scratch/whughes/temp_project/job_35550531/SIL1-P1_rdkit_conf_1_wb97xd-wB97mV-35550531/ 0
/cm/shared/apps/spack/0.17.3/cpu/b/opt/spack/linux-rocky8-zen2/gcc-10.2.0/qchem-6.0-rytxnwjazd34ekd2gqyi5ufsaimxsd3r/exe/qcprog.exe_s SIL1-P1_rdkit_conf_1_wb97xd-wB97mV.in_606735.0 /expanse/lustre/scratch/whughes/temp_project/job_35550531/SIL1-P1_rdkit_conf_1_wb97xd-wB97mV-35550531/
                  Welcome to Q-Chem
     A Quantum Leap Into The Future Of Chemistry


 Q-Chem 6.0, Q-Chem, Inc., Pleasanton, CA (2022)

 License issued to: University of California, San Diego (site)

 E. Epifanovsky,  A. T. B. Gilbert,  Xintian Feng,  Joonho Lee,  Yuezhi Mao,  
 N. Mardirossian,  P. Pokhilko,  A. White,  M. Wormit,  M. P. Coons,  
 A. L. Dempwolff,  Zhengting Gan,  D. Hait,  P. R. Horn,  L. D. Jacobson,  
 I. Kaliman,  J. Kussmann,  A. W. Lange,  Ka Un Lao,  D. S. Levine,  Jie Liu,  
 S. C. McKenzie,  A. F. Morrison,  K. Nanda,  F. Plasser,  D. R. Rehn,  
 M. L. Vidal,  Zhi-Qiang You,  Ying Zhu,  B. Alam,  B. Albrecht,  
 A. Aldossary,  E. Alguire,  J. H. Andersen,  V. Athavale,  D. Barton,  
 K. Begam,  A. Behn,  N. Bellonzi,  Y. A. Bernard,  E. J. Berquist,  
 H. Burton,  A. Carreras,  K. Carter-Fenk,  Romit Chakraborty,  
 Chandrima Chakravarty,  Junhan Chen,  A. D. Chien,  K. D. Closser,  
 V. Cofer-Shabica,  L. Cunha,  S. Dasgupta,  Jia Deng,  M. de Wergifosse,  
 M. Diedenhofen,  Hainam Do,  S. Ehlert,  Po-Tung Fang,  S. Fatehi,  
 Qingguo Feng,  T. Friedhoff,  B. Ganoe,  J. Gayvert,  Qinghui Ge,  
 G. Gidofalvi,  M. Goldey,  J. Gomes,  C. Gonzalez-Espinoza,  S. Gulania,  
 A. Gunina,  J. A. Gyamfi,  M. W. D. Hanson-Heine,  P. H. P. Harbach,  
 A. W. Hauser,  M. F. Herbst,  M. Hernandez Vera,  M. Hodecker,  
 Z. C. Holden,  S. Houck,  Xunkun Huang,  Kerwin Hui,  B. C. Huynh,  
 K. Ikeda,  M. Ivanov,  Hyunjun Ji,  Zuxin Jin,  Hanjie Jiang,  B. Kaduk,  
 S. Kaehler,  R. Kang,  K. Khistyaev,  Jaehoon Kim,  Yongbin Kim,  
 P. Klunzinger,  Z. Koczor-Benda,  Joong Hoon Koh,  D. Kosenkov,  
 Saikiran Kotaru,  L. Koulias,  T. Kowalczyk,  C. M. Krauter,  K. Kue,  
 A. Kunitsa,  T. Kus,  A. Landau,  K. V. Lawler,  D. Lefrancois,  S. Lehtola,  
 Rain Li,  Shaozhi Li,  Yi-Pei Li,  Jiashu Liang,  M. Liebenthal,  
 Hung-Hsuan Lin,  You-Sheng Lin,  Fenglai Liu,  Kuan-Yu Liu,  
 M. Loipersberger,  A. Luenser,  C. Malbon,  A. Manjanath,  P. Manohar,  
 E. Mansoor,  S. F. Manzer,  Shan-Ping Mao,  A. V. Marenich,  T. Markovich,  
 S. Mason,  F. Matz,  S. A. Maurer,  P. F. McLaughlin,  M. F. S. J. Menger,  
 J.-M. Mewes,  S. A. Mewes,  P. Morgante,  Mohammad Mostafanejad,  
 J. W. Mullinax,  K. J. Oosterbaan,  G. Paran,  V. Parravicini,  
 Alexander C. Paul,  Suranjan K. Paul,  F. Pavosevic,  Zheng Pei,  S. Prager,  
 E. I. Proynov,  E. Ramos,  B. Rana,  A. E. Rask,  A. Rettig,  R. M. Richard,  
 F. Rob,  E. Rossomme,  T. Scheele,  M. Scheurer,  M. Schneider,  
 P. E. Schneider,  N. Sergueev,  S. M. Sharada,  Hengyuan Shen,  
 W. Skomorowski,  D. W. Small,  C. J. Stein,  Yingli Su,  Yu-Chuan Su,  
 E. J. Sundstrom,  Zhen Tao,  J. Thirman,  Hung-Yi Tsai,  T. Tsuchimochi,  
 N. M. Tubman,  C. Utku,  S. P. Veccham,  O. Vydrov,  J. Wenzel,  
 Jonathan Wong,  J. Witte,  A. Yamada,  Chou-Hsun Yang,  Kun Yao,  
 S. Yeganeh,  S. R. Yost,  A. Zech,  F. Zeller,  Igor Ying Zhang,  
 Xing Zhang,  Yu Zhang,  D. Zuev,  A. Aspuru-Guzik,  A. T. Bell,  
 N. A. Besley,  K. B. Bravaya,  B. R. Brooks,  D. Casanova,  Jeng-Da Chai,  
 Hsing-Ta Chen,  S. Coriani,  C. J. Cramer,  A. E. DePrince, III,  
 R. A. DiStasio Jr.,  A. Dreuw,  B. D. Dunietz,  T. R. Furlani,  
 W. A. Goddard III,  S. Grimme,  S. Hammes-Schiffer,  T. Head-Gordon,  
 W. J. Hehre,  Chao-Ping Hsu,  T.-C. Jagau,  Yousung Jung,  A. Klamt,  
 Jing Kong,  D. S. Lambrecht,  Xiangyuan Li,  WanZhen Liang,  N. J. Mayhall,  
 C. W. McCurdy,  J. B. Neaton,  T. Neudecker,  C. Ochsenfeld,  
 J. A. Parkhill,  R. Peverati,  V. A. Rassolov,  Haisheng Ren,  Yihan Shao,  
 L. V. Slipchenko,  R. P. Steele,  J. E. Subotnik,  A. J. W. Thom,  
 A. Tkatchenko,  D. G. Truhlar,  T. Van Voorhis,  Fan Wang,  
 T. A. Wesolowski,  K. B. Whaley,  H. L. Woodcock III,  P. M. Zimmerman,  
 S. Faraji,  P. M. W. Gill,  M. Head-Gordon,  J. M. Herbert,  A. I. Krylov

 Contributors to earlier versions of Q-Chem not listed above: 
 R. D. Adamson,  B. Austin,  R. Baer,  J. Baker,  G. J. O. Beran,  
 K. Brandhorst,  S. T. Brown,  E. F. C. Byrd,  Arup K. Chakraborty,  
 G. K. L. Chan,  Chun-Min Chang,  Yunqing Chen,  C.-L. Cheng,  
 Siu Hung Chien,  D. M. Chipman,  D. L. Crittenden,  H. Dachsel,  
 R. J. Doerksen,  A. D. Dutoi,  R. G. Edgar,  J. Fosso-Tande,  
 L. Fusti-Molnar,  D. Ghosh,  A. Ghysels,  A. Golubeva-Zadorozhnaya,  
 J. Gonthier,  M. S. Gordon,  S. R. Gwaltney,  G. Hawkins,  J. E. Herr,  
 A. Heyden,  S. Hirata,  E. G. Hohenstein,  G. Kedziora,  F. J. Keil,  
 C. Kelley,  Jihan Kim,  R. A. King,  R. Z. Khaliullin,  P. P. Korambath,  
 W. Kurlancheek,  A. Laurent,  A. M. Lee,  M. S. Lee,  S. V. Levchenko,  
 Ching Yeh Lin,  D. Liotard,  E. Livshits,  R. C. Lochan,  I. Lotan,  
 L. A. Martinez-Martinez,  P. E. Maslen,  N. Nair,  D. P. O'Neill,  
 D. Neuhauser,  E. Neuscamman,  C. M. Oana,  R. Olivares-Amaya,  R. Olson,  
 T. M. Perrine,  B. Peters,  P. A. Pieniazek,  A. Prociuk,  Y. M. Rhee,  
 J. Ritchie,  M. A. Rohrdanz,  E. Rosta,  N. J. Russ,  H. F. Schaefer III,  
 M. W. Schmidt,  N. E. Schultz,  S. Sharma,  N. Shenvi,  C. D. Sherrill,  
 A. C. Simmonett,  A. Sodt,  T. Stein,  D. Stuck,  K. S. Thanthiriwatte,  
 V. Vanovschi,  L. Vogt,  Tao Wang,  A. Warshel,  M. A. Watson,  
 C. F. Williams,  Q. Wu,  X. Xu,  Jun Yang,  W. Zhang,  Yan Zhao

   Please cite Q-Chem as follows:
  "Software for the frontiers of quantum chemistry:
   An overview of developments in the Q-Chem 5 package"
   J. Chem. Phys. 155, 084801 (2021)
   https://doi.org/10.1063/5.0055522 (open access)

 Q-Chem 6.0.2 for Intel X86 EM64T Linux

 Parts of Q-Chem use Armadillo 9.900.5 (Nocturnal Misbehaviour).
 http://arma.sourceforge.net/

 Q-Chem begins on Tue Dec  3 10:35:31 2024  

 Host: 
0

     Scratch files written to /expanse/lustre/scratch/whughes/temp_project/job_35550531/SIL1-P1_rdkit_conf_1_wb97xd-wB97mV-35550531//
 Dec722 |scratch|qcdevops|jenkins|workspace|build_RNUM    
 Processing $rem in /cm/shared/apps/spack/0.17.3/cpu/b/opt/spack/linux-rocky8-zen2/gcc-10.2.0/qchem-6.0-rytxnwjazd34ekd2gqyi5ufsaimxsd3r/config/preferences:
 Processing $rem in /home/whughes/.qchemrc:

 Checking the input file for inconsistencies... 	...done.

--------------------------------------------------------------
User input:
--------------------------------------------------------------
$molecule
0 3
C    -1.5428256243   -0.4265469514   -1.4631734889
Si   -2.0493199264   0.4132380035    0.1178638849
O    -0.7416279787   0.3155692154    1.1980070887
C    0.4430556725    0.8226352338    0.9485262731
C    1.6102332292    0.1558035194    0.556936532
C    2.8133615448    0.8682175665    0.3405539092
C    3.9554026321    0.2088993314    -0.0549566311
C    3.9510393091    -1.1716880365   -0.2480828691
C    2.7769849923    -1.8879669269   -0.0347157321
C    1.6214169398    -1.2484994034   0.3608469834
C    -3.4235859      -0.4785226664   0.9912802478
C    -2.4367861557   2.2101327404    -0.1630287348
H    -0.6311598523   0.0221683105    -1.8635709802
H    -2.3260465579   -0.332878669    -2.2192092456
H    -1.3506146832   -1.4892853167   -1.305150402
H    2.8217335687    1.9403277368    0.4904723819
H    4.8665776665    0.7716646279    -0.216503084
H    4.8531035433    -1.682370564    -0.5583034978
H    2.7679266199    -2.9617188168   -0.1783095694
H    0.7134275188    -1.8114573886   0.5337942975
H    -3.6615444546   0.0038454049    1.9410343249
H    -4.3281871748   -0.4828452319   0.3787894226
H    -3.1506467073   -1.5153294297   1.196084322
H    -2.680588473    2.7110441654    0.7756892573
H    -3.2884218419   2.3216646335    -0.8382448204
H    -1.5830079068   2.723898912     -0.6096298699
$end

$rem
METHOD      wB97M-V
BASIS       def2-QZVPP
SYM_IGNORE   TRUE
DFT_D       false
MAX_SCF_CYCLES 300
$end

$end
--------------------------------------------------------------
 ----------------------------------------------------------------
             Standard Nuclear Orientation (Angstroms)
    I     Atom           X                Y                Z
 ----------------------------------------------------------------
    1      C      -1.5428256243    -0.4265469514    -1.4631734889
    2      Si     -2.0493199264     0.4132380035     0.1178638849
    3      O      -0.7416279787     0.3155692154     1.1980070887
    4      C       0.4430556725     0.8226352338     0.9485262731
    5      C       1.6102332292     0.1558035194     0.5569365320
    6      C       2.8133615448     0.8682175665     0.3405539092
    7      C       3.9554026321     0.2088993314    -0.0549566311
    8      C       3.9510393091    -1.1716880365    -0.2480828691
    9      C       2.7769849923    -1.8879669269    -0.0347157321
   10      C       1.6214169398    -1.2484994034     0.3608469834
   11      C      -3.4235859000    -0.4785226664     0.9912802478
   12      C      -2.4367861557     2.2101327404    -0.1630287348
   13      H      -0.6311598523     0.0221683105    -1.8635709802
   14      H      -2.3260465579    -0.3328786690    -2.2192092456
   15      H      -1.3506146832    -1.4892853167    -1.3051504020
   16      H       2.8217335687     1.9403277368     0.4904723819
   17      H       4.8665776665     0.7716646279    -0.2165030840
   18      H       4.8531035433    -1.6823705640    -0.5583034978
   19      H       2.7679266199    -2.9617188168    -0.1783095694
   20      H       0.7134275188    -1.8114573886     0.5337942975
   21      H      -3.6615444546     0.0038454049     1.9410343249
   22      H      -4.3281871748    -0.4828452319     0.3787894226
   23      H      -3.1506467073    -1.5153294297     1.1960843220
   24      H      -2.6805884730     2.7110441654     0.7756892573
   25      H      -3.2884218419     2.3216646335    -0.8382448204
   26      H      -1.5830079068     2.7238989120    -0.6096298699
 ----------------------------------------------------------------
 Nuclear Repulsion Energy =         754.65320931 hartrees
 There are       49 alpha and       47 beta electrons
 Requested basis set is def2-QZVPP
 There are 349 shells and 1117 basis functions

 Total QAlloc Memory Limit   8000 MB
 Mega-Array Size       188 MB
 MEM_STATIC part       192 MB

 A cutoff of  1.0D-09 yielded  36821 shell pairs
 There are    353935 function pairs (    518759 Cartesian)
 Smallest overlap matrix eigenvalue = 6.27E-06

 Q-Chem warning in module stvman/mkSTV.C, line 305:

 Overlap eigenvalue is smaller than square root of threshold
 Use THRESH >= 12 to get rid of this warning


 Scale SEOQF with 1.000000e-01/1.000000e-01/1.000000e-01

 Standard Electronic Orientation quadrupole field applied
 Nucleus-field energy     =     0.0000000254 hartrees
 Guess from superposition of atomic densities
 Warning:  Energy on first SCF cycle will be non-variational
 SAD guess density has 96.000000 electrons

 -----------------------------------------------------------------------
  General SCF calculation program by
  Eric Jon Sundstrom, Paul Horn, Yuezhi Mao, Dmitri Zuev, Alec White,
  David Stuck, Shaama M.S., Shane Yost, Joonho Lee, David Small,
  Daniel Levine, Susi Lehtola, Hugh Burton, Evgeny Epifanovsky,
  Bang C. Huynh
 -----------------------------------------------------------------------
 Exchange:     0.1500 Hartree-Fock + 1.0000 wB97M-V + LR-HF
 Correlation:  1.0000 wB97M-V
 Using SG-2 standard quadrature grid
 Nonlocal Correlation:  VV10 with C = 0.0100 and b = 6.00 and scale = 1.00000
 Grid used for NLC:  SG-1 standard quadrature
 using 32 threads for integral computing
 -------------------------------------------------------
 OpenMP Integral computing Module                
 Release: version 1.0, May 2013, Q-Chem Inc. Pittsburgh 
 -------------------------------------------------------
 A unrestricted SCF calculation will be
 performed using DIIS
 SCF converges when DIIS error is below 1.0e-05
 ---------------------------------------
  Cycle       Energy         DIIS error
 ---------------------------------------
    1    -757.6526968805      5.39e-03  
    2    -753.9866294715      5.08e-04  
    3    -754.0557348599      4.16e-04  
    4    -754.1487511710      7.05e-05  
    5    -754.1526167034      3.62e-05  
    6    -754.1540782326      1.38e-05  
    7    -754.1544803891      7.92e-06  Convergence criterion met
 ---------------------------------------
 SCF time:   CPU 11324.46s  wall 387.00s 
<S^2> =          2.037527354
 SCF   energy in the final basis set =     -754.1544803891
 Total energy in the final basis set =     -754.1544803891
 
 --------------------------------------------------------------
 
                    Orbital Energies (a.u.)
 --------------------------------------------------------------
 
 Alpha MOs
 -- Occupied --
-66.4025 -19.3732 -10.4126 -10.3585 -10.3420 -10.3404 -10.3400 -10.3384
-10.3364 -10.3262 -10.3246 -10.3240  -5.4488  -3.7654  -3.7619  -3.7617
 -1.2020  -0.9831  -0.8930  -0.8673  -0.8513  -0.8123  -0.8102  -0.7800
 -0.7182  -0.7037  -0.6472  -0.6008  -0.5782  -0.5719  -0.5474  -0.5412
 -0.5308  -0.5220  -0.5208  -0.5176  -0.5044  -0.4995  -0.4943  -0.4923
 -0.4805  -0.4550  -0.4353  -0.4114  -0.4079  -0.3767  -0.3498  -0.3230
 -0.2407
 -- Virtual --
  0.0532   0.0683   0.0750   0.0789   0.0841   0.0915   0.0968   0.0988
  0.1088   0.1139   0.1226   0.1250   0.1357   0.1462   0.1483   0.1537
  0.1573   0.1631   0.1672   0.1723   0.1749   0.1785   0.1903   0.1933
  0.1940   0.2032   0.2065   0.2146   0.2227   0.2261   0.2360   0.2475
  0.2488   0.2524   0.2552   0.2670   0.2711   0.2762   0.2821   0.2886
  0.2972   0.3072   0.3162   0.3172   0.3235   0.3259   0.3293   0.3329
  0.3382   0.3412   0.3453   0.3514   0.3517   0.3578   0.3602   0.3634
  0.3656   0.3724   0.3901   0.3943   0.3986   0.4022   0.4098   0.4147
  0.4211   0.4235   0.4327   0.4373   0.4388   0.4437   0.4496   0.4566
  0.4693   0.4879   0.4948   0.4962   0.5126   0.5165   0.5263   0.5298
  0.5322   0.5429   0.5462   0.5592   0.5621   0.5679   0.5700   0.5768
  0.5807   0.5888   0.5989   0.6047   0.6064   0.6083   0.6151   0.6229
  0.6301   0.6380   0.6429   0.6567   0.6661   0.6724   0.6831   0.6893
  0.6975   0.7039   0.7130   0.7163   0.7246   0.7284   0.7348   0.7445
  0.7532   0.7573   0.7682   0.7724   0.7770   0.7807   0.7844   0.7875
  0.7953   0.8071   0.8083   0.8133   0.8196   0.8280   0.8346   0.8364
  0.8452   0.8502   0.8570   0.8614   0.8661   0.8698   0.8826   0.8858
  0.8909   0.8976   0.8985   0.9021   0.9077   0.9109   0.9122   0.9154
  0.9240   0.9259   0.9326   0.9417   0.9467   0.9500   0.9612   0.9670
  0.9764   0.9776   0.9868   0.9906   0.9995   1.0036   1.0114   1.0129
  1.0240   1.0286   1.0308   1.0390   1.0453   1.0516   1.0541   1.0671
  1.0718   1.0769   1.0829   1.0869   1.0903   1.0955   1.1082   1.1157
  1.1204   1.1224   1.1301   1.1367   1.1406   1.1517   1.1539   1.1621
  1.1712   1.1773   1.1860   1.1906   1.1976   1.2022   1.2077   1.2172
  1.2240   1.2292   1.2394   1.2501   1.2527   1.2555   1.2607   1.2656
  1.2754   1.2887   1.2952   1.3180   1.3189   1.3241   1.3340   1.3372
  1.3512   1.3524   1.3641   1.3695   1.3785   1.3949   1.4108   1.4187
  1.4305   1.4340   1.4366   1.4520   1.4619   1.4622   1.4846   1.4938
  1.5075   1.5102   1.5196   1.5379   1.5478   1.5495   1.5653   1.5769
  1.5792   1.5834   1.5936   1.5965   1.6188   1.6241   1.6461   1.6591
  1.6635   1.6737   1.6845   1.6919   1.6950   1.7124   1.7212   1.7439
  1.7503   1.7617   1.7710   1.7879   1.8123   1.8218   1.8289   1.8340
  1.8487   1.8526   1.8663   1.8794   1.8830   1.8873   1.9018   1.9087
  1.9117   1.9148   1.9224   1.9349   1.9430   1.9519   1.9611   1.9656
  1.9764   1.9803   1.9830   1.9936   1.9979   2.0051   2.0083   2.0171
  2.0262   2.0304   2.0357   2.0389   2.0417   2.0484   2.0557   2.0630
  2.0706   2.0787   2.0805   2.0913   2.0969   2.1016   2.1086   2.1119
  2.1155   2.1247   2.1389   2.1490   2.1584   2.1607   2.1634   2.1744
  2.1782   2.1811   2.1859   2.1885   2.1954   2.2048   2.2072   2.2117
  2.2146   2.2267   2.2326   2.2355   2.2422   2.2487   2.2517   2.2557
  2.2649   2.2736   2.2773   2.2794   2.2892   2.2943   2.2980   2.3038
  2.3152   2.3217   2.3245   2.3297   2.3301   2.3366   2.3457   2.3559
  2.3567   2.3638   2.3730   2.3809   2.3876   2.3906   2.3996   2.4035
  2.4144   2.4230   2.4310   2.4371   2.4538   2.4612   2.4615   2.4740
  2.4849   2.4857   2.4993   2.5050   2.5118   2.5212   2.5264   2.5371
  2.5384   2.5429   2.5508   2.5558   2.5600   2.5628   2.5740   2.5792
  2.5866   2.5916   2.6024   2.6053   2.6070   2.6149   2.6243   2.6278
  2.6397   2.6467   2.6557   2.6623   2.6647   2.6738   2.6830   2.6872
  2.6884   2.6962   2.7025   2.7158   2.7202   2.7262   2.7345   2.7421
  2.7547   2.7626   2.7697   2.7722   2.7766   2.7835   2.7871   2.7989
  2.8006   2.8107   2.8285   2.8306   2.8339   2.8439   2.8492   2.8557
  2.8667   2.8677   2.8780   2.8832   2.8933   2.8996   2.9129   2.9188
  2.9335   2.9403   2.9460   2.9557   2.9599   2.9725   2.9776   2.9823
  2.9883   2.9905   3.0031   3.0135   3.0271   3.0335   3.0405   3.0508
  3.0521   3.0596   3.0634   3.0755   3.0999   3.1030   3.1158   3.1271
  3.1300   3.1332   3.1433   3.1571   3.1689   3.1770   3.1849   3.1969
  3.2014   3.2292   3.2384   3.2559   3.2622   3.2709   3.2825   3.2942
  3.3088   3.3126   3.3169   3.3193   3.3294   3.3443   3.3572   3.3640
  3.3714   3.3861   3.3950   3.4180   3.4466   3.4518   3.4563   3.4593
  3.4708   3.4793   3.4844   3.4976   3.5030   3.5158   3.5209   3.5368
  3.5398   3.5500   3.5589   3.5616   3.5764   3.5852   3.5915   3.6024
  3.6347   3.6360   3.6577   3.6589   3.6682   3.6708   3.6921   3.7031
  3.7070   3.7283   3.7390   3.7586   3.7629   3.7807   3.7904   3.8012
  3.8083   3.8185   3.8443   3.8641   3.8680   3.9043   3.9111   3.9133
  3.9260   3.9295   3.9340   3.9376   3.9486   3.9576   3.9652   3.9739
  3.9769   3.9810   4.0364   4.0666   4.0892   4.1114   4.1306   4.1661
  4.1705   4.1942   4.2024   4.2184   4.2465   4.2962   4.3132   4.3190
  4.3283   4.3427   4.3491   4.3654   4.3763   4.3903   4.4114   4.4403
  4.4705   4.5234   4.5538   4.5681   4.5925   4.6040   4.6324   4.6465
  4.6820   4.7021   4.7117   4.7656   4.7788   4.7807   4.8046   4.8646
  4.8817   4.8892   4.9089   4.9390   4.9546   4.9740   5.0249   5.0511
  5.0786   5.0919   5.0977   5.1024   5.1180   5.1444   5.1872   5.2125
  5.2229   5.2357   5.2391   5.2569   5.2605   5.2804   5.2831   5.2936
  5.3206   5.3284   5.3409   5.3490   5.3514   5.3589   5.3652   5.3881
  5.4103   5.4333   5.4349   5.4476   5.4536   5.4632   5.4699   5.4786
  5.4934   5.5029   5.5273   5.5286   5.5378   5.5550   5.5823   5.5890
  5.6177   5.6229   5.6390   5.6512   5.6622   5.6639   5.6801   5.6813
  5.7068   5.7264   5.7492   5.7657   5.7709   5.7823   5.7908   5.8084
  5.8157   5.8309   5.8387   5.8418   5.8511   5.8552   5.8562   5.8698
  5.8818   5.8871   5.8880   5.9001   5.9068   5.9090   5.9161   5.9246
  5.9310   5.9361   5.9408   5.9484   5.9619   5.9641   5.9722   5.9761
  5.9810   5.9909   5.9968   6.0013   6.0041   6.0114   6.0232   6.0258
  6.0309   6.0378   6.0517   6.0657   6.0717   6.0761   6.0814   6.0850
  6.0928   6.1046   6.1111   6.1277   6.1322   6.1421   6.1510   6.1608
  6.1640   6.1668   6.1699   6.1788   6.1884   6.1912   6.2005   6.2051
  6.2077   6.2161   6.2241   6.2323   6.2505   6.2524   6.2573   6.2730
  6.2771   6.2936   6.2964   6.2985   6.3142   6.3172   6.3194   6.3308
  6.3374   6.3436   6.3494   6.3524   6.3718   6.3741   6.3870   6.3906
  6.3932   6.3990   6.4042   6.4078   6.4181   6.4307   6.4421   6.4470
  6.4494   6.4578   6.4665   6.4918   6.4969   6.5070   6.5100   6.5168
  6.5212   6.5411   6.5554   6.5606   6.5744   6.5798   6.5894   6.5965
  6.6010   6.6118   6.6196   6.6287   6.6344   6.6385   6.6482   6.6527
  6.6562   6.6578   6.6722   6.6863   6.7030   6.7107   6.7319   6.7397
  6.7485   6.7610   6.7648   6.7817   6.7864   6.7953   6.8109   6.8176
  6.8267   6.8430   6.8484   6.8524   6.8680   6.8808   6.8878   6.8898
  6.9117   6.9221   6.9513   6.9666   7.0020   7.0051   7.0085   7.0111
  7.0171   7.0374   7.0383   7.0471   7.0540   7.0725   7.0736   7.0820
  7.1208   7.1414   7.1499   7.1808   7.1922   7.2017   7.2122   7.2179
  7.2686   7.2705   7.3094   7.3366   7.3607   7.3790   7.3853   7.3915
  7.3929   7.3985   7.4226   7.4254   7.4324   7.4375   7.4409   7.4496
  7.4508   7.4777   7.4799   7.4832   7.4962   7.5065   7.5086   7.5204
  7.5236   7.5300   7.5345   7.5406   7.5491   7.5641   7.5835   7.5837
  7.6096   7.6394   7.6602   7.6649   7.6818   7.7011   7.7067   7.7214
  7.7306   7.7373   7.7455   7.7511   7.7560   7.7593   7.7622   7.7687
  7.7926   7.8019   7.8039   7.8107   7.8134   7.8206   7.8279   7.8446
  7.8462   7.8576   7.8620   7.9041   7.9056   7.9135   7.9197   7.9266
  7.9434   7.9460   7.9532   7.9602   7.9722   8.0049   8.0203   8.0677
  8.0760   8.1194   8.1245   8.1285   8.1326   8.1392   8.1421   8.1747
  8.1916   8.1979   8.2173   8.2408   8.2625   8.2794   8.2919   8.3014
  8.3030   8.3073   8.3105   8.3116   8.3163   8.3230   8.3251   8.3273
  8.3291   8.3358   8.3439   8.3482   8.3549   8.3597   8.3663   8.3691
  8.3771   8.3793   8.3843   8.4015   8.4044   8.4087   8.4143   8.4188
  8.4276   8.4300   8.4321   8.4350   8.4379   8.4433   8.4513   8.4600
  8.4628   8.4790   8.4881   8.4940   8.5066   8.5178   8.5450   8.5549
  8.5731   8.5835   8.6019   8.6028   8.6114   8.6261   8.6615   8.6845
  8.6953   8.7297   8.7570   8.7626   8.7728   8.7997   8.8020   8.8151
  8.8214   8.8354   8.8435   8.8504   8.8566   8.8665   8.8706   8.8764
  8.8815   8.8875   8.8997   8.9112   8.9184   8.9232   8.9296   8.9354
  8.9482   8.9551   9.0164   9.0247   9.0536   9.0746   9.1831   9.2465
  9.2942   9.3928   9.4703   9.5579   9.5614   9.5959   9.6032   9.6246
  9.6472   9.6817   9.6865   9.6949   9.6962   9.7088   9.7395   9.7461
  9.7638   9.7966   9.7995   9.8130   9.8149   9.8238   9.8345   9.8381
  9.8408   9.8430   9.8553   9.8687   9.8787   9.8815   9.9265   9.9580
  9.9672   9.9935  10.0026  10.0623  10.1371  10.1604  10.2261  10.2329
 10.2407  10.2467  10.2532  10.2565  10.2624  10.2720  10.3054  10.4113
 10.4302  10.4717  10.4886  10.5024  10.5131  10.5332  10.5517  10.6573
 10.7433  10.7721  10.8363  10.9434  11.3350  11.3650  11.7225  11.7487
 11.8778  11.8970  11.9194  11.9743  11.9932  12.0313  12.0417  12.0492
 12.0754  12.0872  12.1817  12.5257  12.5565  12.5771  12.6612  12.8136
 12.8297  12.8427  12.9213  13.0869  13.1192  13.1705  13.1830  13.2718
 13.2970  13.9631  14.5501  17.3468  28.0233  28.3064  28.7117  28.7613
 29.1127  29.1287  29.1382  29.2523  29.2561  29.5568  48.4992  58.9014
148.8376 149.1189 149.5192 149.5653 149.8938 149.9632 149.9746 150.0430
150.0934 150.3706 255.9389 318.9973
 
 Beta MOs
 -- Occupied --
-66.4024 -19.3664 -10.3908 -10.3590 -10.3414 -10.3399 -10.3382 -10.3373
-10.3329 -10.3262 -10.3246 -10.3239  -5.4486  -3.7650  -3.7618  -3.7616
 -1.1834  -0.9784  -0.8813  -0.8640  -0.8503  -0.8121  -0.8100  -0.7565
 -0.7140  -0.6923  -0.6389  -0.5851  -0.5621  -0.5570  -0.5420  -0.5351
 -0.5270  -0.5203  -0.5186  -0.5114  -0.5031  -0.4927  -0.4916  -0.4778
 -0.4699  -0.4487  -0.4319  -0.4089  -0.4024  -0.3460  -0.3379
 -- Virtual --
  0.0024   0.0132   0.0549   0.0739   0.0750   0.0792   0.0859   0.0937
  0.0988   0.1089   0.1117   0.1225   0.1258   0.1318   0.1377   0.1470
  0.1486   0.1558   0.1594   0.1629   0.1679   0.1716   0.1749   0.1784
  0.1907   0.1933   0.1963   0.2063   0.2091   0.2145   0.2222   0.2258
  0.2371   0.2491   0.2518   0.2543   0.2613   0.2678   0.2730   0.2776
  0.2850   0.2914   0.2986   0.3067   0.3166   0.3203   0.3248   0.3265
  0.3304   0.3336   0.3380   0.3416   0.3467   0.3519   0.3542   0.3593
  0.3642   0.3658   0.3674   0.3756   0.3906   0.3947   0.4021   0.4048
  0.4102   0.4157   0.4218   0.4255   0.4345   0.4396   0.4403   0.4448
  0.4504   0.4581   0.4723   0.4902   0.4965   0.4968   0.5142   0.5185
  0.5292   0.5310   0.5344   0.5438   0.5488   0.5592   0.5628   0.5690
  0.5772   0.5802   0.5817   0.5945   0.6008   0.6056   0.6083   0.6125
  0.6170   0.6258   0.6334   0.6396   0.6443   0.6606   0.6698   0.6734
  0.6863   0.6917   0.7008   0.7052   0.7166   0.7215   0.7261   0.7298
  0.7369   0.7469   0.7538   0.7602   0.7698   0.7740   0.7791   0.7843
  0.7871   0.7912   0.7971   0.8085   0.8130   0.8183   0.8217   0.8302
  0.8372   0.8409   0.8470   0.8522   0.8575   0.8648   0.8675   0.8714
  0.8849   0.8868   0.8935   0.8992   0.9018   0.9042   0.9099   0.9124
  0.9139   0.9192   0.9249   0.9275   0.9364   0.9445   0.9488   0.9535
  0.9626   0.9690   0.9786   0.9808   0.9887   0.9939   1.0020   1.0050
  1.0134   1.0144   1.0258   1.0300   1.0323   1.0410   1.0464   1.0523
  1.0559   1.0701   1.0738   1.0781   1.0857   1.0879   1.0912   1.0968
  1.1103   1.1173   1.1215   1.1246   1.1318   1.1398   1.1423   1.1530
  1.1565   1.1633   1.1723   1.1804   1.1871   1.1987   1.2020   1.2045
  1.2097   1.2188   1.2253   1.2325   1.2412   1.2532   1.2552   1.2589
  1.2617   1.2664   1.2766   1.2894   1.2954   1.3189   1.3207   1.3258
  1.3359   1.3408   1.3523   1.3532   1.3650   1.3710   1.3796   1.3959
  1.4121   1.4211   1.4309   1.4359   1.4381   1.4530   1.4622   1.4631
  1.4859   1.4956   1.5101   1.5120   1.5212   1.5399   1.5504   1.5532
  1.5660   1.5788   1.5804   1.5873   1.5970   1.6002   1.6222   1.6278
  1.6483   1.6628   1.6727   1.6767   1.6879   1.6966   1.6985   1.7168
  1.7233   1.7477   1.7556   1.7694   1.7752   1.7913   1.8177   1.8273
  1.8358   1.8380   1.8518   1.8579   1.8711   1.8800   1.8858   1.8908
  1.9063   1.9122   1.9148   1.9195   1.9264   1.9387   1.9463   1.9551
  1.9671   1.9699   1.9780   1.9827   1.9873   2.0008   2.0029   2.0102
  2.0105   2.0191   2.0300   2.0350   2.0384   2.0432   2.0445   2.0543
  2.0593   2.0665   2.0742   2.0825   2.0909   2.0962   2.0988   2.1094
  2.1104   2.1158   2.1210   2.1273   2.1426   2.1547   2.1639   2.1671
  2.1693   2.1773   2.1856   2.1890   2.1905   2.1976   2.1995   2.2099
  2.2132   2.2158   2.2195   2.2322   2.2356   2.2396   2.2494   2.2532
  2.2557   2.2601   2.2683   2.2783   2.2825   2.2832   2.2935   2.2969
  2.3039   2.3085   2.3192   2.3259   2.3309   2.3326   2.3344   2.3422
  2.3498   2.3596   2.3619   2.3711   2.3765   2.3859   2.3935   2.3970
  2.4047   2.4118   2.4223   2.4279   2.4366   2.4424   2.4573   2.4650
  2.4667   2.4801   2.4890   2.4907   2.5063   2.5125   2.5209   2.5262
  2.5326   2.5414   2.5437   2.5464   2.5548   2.5598   2.5624   2.5670
  2.5801   2.5834   2.5902   2.5945   2.6078   2.6092   2.6124   2.6204
  2.6276   2.6304   2.6453   2.6512   2.6616   2.6664   2.6695   2.6790
  2.6869   2.6912   2.6936   2.6997   2.7069   2.7199   2.7245   2.7331
  2.7403   2.7476   2.7608   2.7701   2.7742   2.7787   2.7844   2.7875
  2.7951   2.8023   2.8031   2.8149   2.8307   2.8371   2.8397   2.8493
  2.8538   2.8607   2.8713   2.8727   2.8815   2.8887   2.8971   2.9045
  2.9181   2.9242   2.9396   2.9454   2.9501   2.9568   2.9626   2.9749
  2.9817   2.9853   2.9906   2.9924   3.0071   3.0183   3.0305   3.0433
  3.0443   3.0545   3.0576   3.0631   3.0681   3.0803   3.1049   3.1079
  3.1194   3.1323   3.1342   3.1420   3.1452   3.1596   3.1725   3.1807
  3.1903   3.2062   3.2089   3.2311   3.2446   3.2575   3.2668   3.2749
  3.2894   3.2985   3.3113   3.3187   3.3214   3.3253   3.3365   3.3484
  3.3614   3.3693   3.3765   3.3894   3.4056   3.4244   3.4494   3.4546
  3.4598   3.4631   3.4738   3.4812   3.4874   3.5016   3.5061   3.5189
  3.5261   3.5402   3.5431   3.5559   3.5622   3.5668   3.5802   3.5893
  3.5958   3.6098   3.6375   3.6434   3.6653   3.6666   3.6749   3.6784
  3.7004   3.7065   3.7136   3.7312   3.7412   3.7636   3.7665   3.7857
  3.7951   3.8030   3.8114   3.8260   3.8483   3.8727   3.8767   3.9073
  3.9136   3.9179   3.9283   3.9322   3.9359   3.9411   3.9493   3.9616
  3.9711   3.9770   3.9797   3.9904   4.0493   4.0748   4.0979   4.1197
  4.1367   4.1711   4.1812   4.1978   4.2122   4.2255   4.2563   4.2991
  4.3200   4.3244   4.3378   4.3479   4.3573   4.3713   4.3789   4.3991
  4.4188   4.4568   4.4821   4.5362   4.5667   4.5799   4.6009   4.6152
  4.6430   4.6521   4.6855   4.7173   4.7239   4.7820   4.7939   4.8066
  4.8136   4.8800   4.8974   4.9121   4.9376   4.9588   4.9743   4.9928
  5.0690   5.0791   5.1019   5.1068   5.1136   5.1288   5.1377   5.1522
  5.2098   5.2208   5.2345   5.2524   5.2649   5.2713   5.2764   5.2895
  5.2975   5.3096   5.3290   5.3378   5.3463   5.3538   5.3627   5.3697
  5.3709   5.4071   5.4257   5.4415   5.4466   5.4507   5.4632   5.4729
  5.4788   5.4865   5.4994   5.5109   5.5352   5.5468   5.5544   5.5697
  5.5890   5.6031   5.6282   5.6350   5.6466   5.6565   5.6709   5.6819
  5.6925   5.7017   5.7353   5.7365   5.7511   5.7684   5.7749   5.7961
  5.8149   5.8158   5.8212   5.8371   5.8443   5.8474   5.8576   5.8599
  5.8654   5.8788   5.8872   5.8921   5.8970   5.9081   5.9157   5.9223
  5.9357   5.9401   5.9414   5.9477   5.9586   5.9643   5.9699   5.9789
  5.9833   5.9857   5.9975   6.0002   6.0018   6.0114   6.0136   6.0242
  6.0366   6.0383   6.0476   6.0524   6.0608   6.0708   6.0792   6.0865
  6.0940   6.0967   6.1047   6.1211   6.1285   6.1504   6.1513   6.1600
  6.1630   6.1678   6.1682   6.1747   6.1841   6.1918   6.2018   6.2098
  6.2111   6.2204   6.2222   6.2322   6.2353   6.2462   6.2672   6.2758
  6.2808   6.2897   6.2955   6.3009   6.3079   6.3165   6.3233   6.3339
  6.3426   6.3467   6.3586   6.3624   6.3703   6.3776   6.3829   6.3880
  6.3930   6.3976   6.4007   6.4099   6.4127   6.4249   6.4292   6.4411
  6.4532   6.4585   6.4607   6.4727   6.4914   6.4991   6.5055   6.5129
  6.5268   6.5347   6.5459   6.5534   6.5612   6.5785   6.5871   6.5887
  6.5968   6.6085   6.6160   6.6255   6.6310   6.6349   6.6397   6.6491
  6.6554   6.6619   6.6685   6.6738   6.6858   6.6964   6.7163   6.7315
  6.7400   6.7528   6.7636   6.7747   6.7787   6.7946   6.8077   6.8170
  6.8266   6.8384   6.8468   6.8510   6.8560   6.8644   6.8734   6.8970
  6.9056   6.9090   6.9323   6.9457   6.9728   6.9844   7.0114   7.0125
  7.0190   7.0230   7.0334   7.0393   7.0496   7.0554   7.0641   7.0760
  7.0785   7.0919   7.1354   7.1595   7.1786   7.1894   7.1959   7.2113
  7.2206   7.2286   7.2840   7.2887   7.3306   7.3634   7.3786   7.3899
  7.3909   7.3934   7.3944   7.4085   7.4231   7.4262   7.4341   7.4389
  7.4431   7.4508   7.4623   7.4798   7.4858   7.4942   7.5050   7.5090
  7.5163   7.5278   7.5284   7.5327   7.5416   7.5460   7.5618   7.5788
  7.5948   7.5994   7.6156   7.6571   7.6642   7.6656   7.6841   7.7069
  7.7152   7.7306   7.7430   7.7469   7.7500   7.7570   7.7595   7.7648
  7.7666   7.7706   7.7947   7.8024   7.8047   7.8120   7.8180   7.8216
  7.8302   7.8453   7.8495   7.8616   7.8675   7.9047   7.9086   7.9164
  7.9317   7.9343   7.9459   7.9491   7.9585   7.9650   7.9803   8.0091
  8.0251   8.0801   8.0926   8.1235   8.1255   8.1309   8.1350   8.1427
  8.1462   8.1854   8.1945   8.2000   8.2193   8.2619   8.2721   8.2874
  8.2994   8.3023   8.3036   8.3090   8.3110   8.3137   8.3169   8.3239
  8.3254   8.3300   8.3328   8.3366   8.3480   8.3534   8.3593   8.3618
  8.3685   8.3760   8.3799   8.3810   8.3901   8.4045   8.4057   8.4168
  8.4220   8.4272   8.4322   8.4336   8.4353   8.4403   8.4442   8.4494
  8.4559   8.4662   8.4692   8.4924   8.4972   8.5001   8.5166   8.5388
  8.5459   8.5577   8.5835   8.5861   8.6032   8.6115   8.6153   8.6417
  8.6728   8.6927   8.6965   8.7374   8.7621   8.7727   8.7901   8.8006
  8.8025   8.8156   8.8226   8.8372   8.8480   8.8510   8.8609   8.8679
  8.8721   8.8772   8.8822   8.8883   8.9001   8.9128   8.9199   8.9311
  8.9355   8.9361   8.9568   8.9638   9.0346   9.0442   9.0677   9.0867
  9.2163   9.2647   9.3139   9.4002   9.4837   9.5635   9.5685   9.6031
  9.6065   9.6251   9.6479   9.6824   9.6929   9.6993   9.7026   9.7124
  9.7474   9.7629   9.7956   9.8008   9.8043   9.8139   9.8160   9.8266
  9.8349   9.8395   9.8418   9.8438   9.8656   9.8794   9.8857   9.9053
  9.9287   9.9585   9.9679  10.0107  10.0151  10.0706  10.1506  10.1723
 10.2265  10.2336  10.2462  10.2520  10.2574  10.2627  10.2678  10.2725
 10.3115  10.4290  10.4482  10.4850  10.4904  10.5133  10.5332  10.5557
 10.5876  10.6787  10.7614  10.7887  10.8489  10.9515  11.3644  11.3943
 11.7375  11.7670  11.8793  11.9003  11.9210  11.9773  12.0050  12.0397
 12.0517  12.0592  12.0915  12.1002  12.1979  12.5376  12.5878  12.6095
 12.7062  12.8156  12.8304  12.8594  12.9223  13.1099  13.1348  13.1827
 13.1967  13.2724  13.2976  13.9822  14.5813  17.3471  28.0425  28.3390
 28.7165  28.7766  29.1196  29.1336  29.1384  29.2526  29.2597  29.5616
 48.5071  58.9016 148.8465 149.1292 149.5203 149.5696 149.8970 149.9632
149.9746 150.0439 150.0935 150.3717 255.9435 318.9975
 --------------------------------------------------------------
 
          Ground-State Mulliken Net Atomic Charges

     Atom                 Charge (a.u.)    Spin (a.u.)
  --------------------------------------------------------
      1 C                    -0.382521       0.006410
      2 Si                    0.504953       0.021387
      3 O                    -0.312986       0.170236
      4 C                     0.126483       1.348554
      5 C                    -0.061260      -0.047589
      6 C                    -0.087047       0.203534
      7 C                    -0.102192      -0.085216
      8 C                    -0.070584       0.224240
      9 C                    -0.103267      -0.080437
     10 C                    -0.055938       0.246112
     11 C                    -0.405454      -0.000727
     12 C                    -0.393903       0.008830
     13 H                     0.102762      -0.000601
     14 H                     0.096255       0.001161
     15 H                     0.101405       0.000466
     16 H                     0.091725      -0.011110
     17 H                     0.083525       0.003160
     18 H                     0.082859      -0.007033
     19 H                     0.092634       0.006008
     20 H                     0.044739      -0.009873
     21 H                     0.113180       0.000492
     22 H                     0.105697       0.000157
     23 H                     0.113433       0.001543
     24 H                     0.113172       0.002179
     25 H                     0.102002      -0.001138
     26 H                     0.100328      -0.000742
  --------------------------------------------------------
  Sum of atomic charges =    -0.000000
  Sum of spin   charges =     2.000000

 -----------------------------------------------------------------
                    Cartesian Multipole Moments
 -----------------------------------------------------------------
    Charge (ESU x 10^10)
                -0.0000
    Dipole Moment (Debye)
         X      -2.1371      Y      -0.1338      Z      -1.1820
       Tot       2.4458
    Quadrupole Moments (Debye-Ang)
        XX     -74.0265     XY      -0.3722     YY     -77.8330
        XZ      -1.0509     YZ       0.0402     ZZ     -85.3624
    Octopole Moments (Debye-Ang^2)
       XXX     -51.2203    XXY       3.2347    XYY     -11.3926
       YYY     -15.3368    XXZ     -23.4858    XYZ       2.1146
       YYZ     -12.9474    XZZ     -31.0826    YZZ       0.9630
       ZZZ     -40.4643
    Hexadecapole Moments (Debye-Ang^3)
      XXXX   -3129.1724   XXXY     239.1200   XXYY    -646.2041
      XYYY     243.6039   YYYY    -718.1827   XXXZ     -11.5429
      XXYZ      10.1480   XYYZ      -2.9782   YYYZ     -17.9707
      XXZZ    -638.2640   XYZZ      82.1774   YYZZ    -193.4476
      XZZZ      18.0694   YZZZ     -25.5081   ZZZZ    -392.0772
 -----------------------------------------------------------------
 Total job time:  394.03s(wall), 11382.43s(cpu) 
 Tue Dec  3 10:42:05 2024

        *************************************************************
        *                                                           *
        *  Thank you very much for using Q-Chem.  Have a nice day.  *
        *                                                           *
        *************************************************************


