
Running Job 1 of 1 SIL3-R1_rdkit_conf_4_wb97xd-wB97mV.in
qchem SIL3-R1_rdkit_conf_4_wb97xd-wB97mV.in_1397254.0 /expanse/lustre/scratch/whughes/temp_project/job_35550737/SIL3-R1_rdkit_conf_4_wb97xd-wB97mV-35550737/ 0
/cm/shared/apps/spack/0.17.3/cpu/b/opt/spack/linux-rocky8-zen2/gcc-10.2.0/qchem-6.0-rytxnwjazd34ekd2gqyi5ufsaimxsd3r/exe/qcprog.exe_s SIL3-R1_rdkit_conf_4_wb97xd-wB97mV.in_1397254.0 /expanse/lustre/scratch/whughes/temp_project/job_35550737/SIL3-R1_rdkit_conf_4_wb97xd-wB97mV-35550737/
                  Welcome to Q-Chem
     A Quantum Leap Into The Future Of Chemistry


 Q-Chem 6.0, Q-Chem, Inc., Pleasanton, CA (2022)

 License issued to: University of California, San Diego (site)

 E. Epifanovsky,  A. T. B. Gilbert,  Xintian Feng,  Joonho Lee,  Yuezhi Mao,  
 N. Mardirossian,  P. Pokhilko,  A. White,  M. Wormit,  M. P. Coons,  
 A. L. Dempwolff,  Zhengting Gan,  D. Hait,  P. R. Horn,  L. D. Jacobson,  
 I. Kaliman,  J. Kussmann,  A. W. Lange,  Ka Un Lao,  D. S. Levine,  Jie Liu,  
 S. C. McKenzie,  A. F. Morrison,  K. Nanda,  F. Plasser,  D. R. Rehn,  
 M. L. Vidal,  Zhi-Qiang You,  Ying Zhu,  B. Alam,  B. Albrecht,  
 A. Aldossary,  E. Alguire,  J. H. Andersen,  V. Athavale,  D. Barton,  
 K. Begam,  A. Behn,  N. Bellonzi,  Y. A. Bernard,  E. J. Berquist,  
 H. Burton,  A. Carreras,  K. Carter-Fenk,  Romit Chakraborty,  
 Chandrima Chakravarty,  Junhan Chen,  A. D. Chien,  K. D. Closser,  
 V. Cofer-Shabica,  L. Cunha,  S. Dasgupta,  Jia Deng,  M. de Wergifosse,  
 M. Diedenhofen,  Hainam Do,  S. Ehlert,  Po-Tung Fang,  S. Fatehi,  
 Qingguo Feng,  T. Friedhoff,  B. Ganoe,  J. Gayvert,  Qinghui Ge,  
 G. Gidofalvi,  M. Goldey,  J. Gomes,  C. Gonzalez-Espinoza,  S. Gulania,  
 A. Gunina,  J. A. Gyamfi,  M. W. D. Hanson-Heine,  P. H. P. Harbach,  
 A. W. Hauser,  M. F. Herbst,  M. Hernandez Vera,  M. Hodecker,  
 Z. C. Holden,  S. Houck,  Xunkun Huang,  Kerwin Hui,  B. C. Huynh,  
 K. Ikeda,  M. Ivanov,  Hyunjun Ji,  Zuxin Jin,  Hanjie Jiang,  B. Kaduk,  
 S. Kaehler,  R. Kang,  K. Khistyaev,  Jaehoon Kim,  Yongbin Kim,  
 P. Klunzinger,  Z. Koczor-Benda,  Joong Hoon Koh,  D. Kosenkov,  
 Saikiran Kotaru,  L. Koulias,  T. Kowalczyk,  C. M. Krauter,  K. Kue,  
 A. Kunitsa,  T. Kus,  A. Landau,  K. V. Lawler,  D. Lefrancois,  S. Lehtola,  
 Rain Li,  Shaozhi Li,  Yi-Pei Li,  Jiashu Liang,  M. Liebenthal,  
 Hung-Hsuan Lin,  You-Sheng Lin,  Fenglai Liu,  Kuan-Yu Liu,  
 M. Loipersberger,  A. Luenser,  C. Malbon,  A. Manjanath,  P. Manohar,  
 E. Mansoor,  S. F. Manzer,  Shan-Ping Mao,  A. V. Marenich,  T. Markovich,  
 S. Mason,  F. Matz,  S. A. Maurer,  P. F. McLaughlin,  M. F. S. J. Menger,  
 J.-M. Mewes,  S. A. Mewes,  P. Morgante,  Mohammad Mostafanejad,  
 J. W. Mullinax,  K. J. Oosterbaan,  G. Paran,  V. Parravicini,  
 Alexander C. Paul,  Suranjan K. Paul,  F. Pavosevic,  Zheng Pei,  S. Prager,  
 E. I. Proynov,  E. Ramos,  B. Rana,  A. E. Rask,  A. Rettig,  R. M. Richard,  
 F. Rob,  E. Rossomme,  T. Scheele,  M. Scheurer,  M. Schneider,  
 P. E. Schneider,  N. Sergueev,  S. M. Sharada,  Hengyuan Shen,  
 W. Skomorowski,  D. W. Small,  C. J. Stein,  Yingli Su,  Yu-Chuan Su,  
 E. J. Sundstrom,  Zhen Tao,  J. Thirman,  Hung-Yi Tsai,  T. Tsuchimochi,  
 N. M. Tubman,  C. Utku,  S. P. Veccham,  O. Vydrov,  J. Wenzel,  
 Jonathan Wong,  J. Witte,  A. Yamada,  Chou-Hsun Yang,  Kun Yao,  
 S. Yeganeh,  S. R. Yost,  A. Zech,  F. Zeller,  Igor Ying Zhang,  
 Xing Zhang,  Yu Zhang,  D. Zuev,  A. Aspuru-Guzik,  A. T. Bell,  
 N. A. Besley,  K. B. Bravaya,  B. R. Brooks,  D. Casanova,  Jeng-Da Chai,  
 Hsing-Ta Chen,  S. Coriani,  C. J. Cramer,  A. E. DePrince, III,  
 R. A. DiStasio Jr.,  A. Dreuw,  B. D. Dunietz,  T. R. Furlani,  
 W. A. Goddard III,  S. Grimme,  S. Hammes-Schiffer,  T. Head-Gordon,  
 W. J. Hehre,  Chao-Ping Hsu,  T.-C. Jagau,  Yousung Jung,  A. Klamt,  
 Jing Kong,  D. S. Lambrecht,  Xiangyuan Li,  WanZhen Liang,  N. J. Mayhall,  
 C. W. McCurdy,  J. B. Neaton,  T. Neudecker,  C. Ochsenfeld,  
 J. A. Parkhill,  R. Peverati,  V. A. Rassolov,  Haisheng Ren,  Yihan Shao,  
 L. V. Slipchenko,  R. P. Steele,  J. E. Subotnik,  A. J. W. Thom,  
 A. Tkatchenko,  D. G. Truhlar,  T. Van Voorhis,  Fan Wang,  
 T. A. Wesolowski,  K. B. Whaley,  H. L. Woodcock III,  P. M. Zimmerman,  
 S. Faraji,  P. M. W. Gill,  M. Head-Gordon,  J. M. Herbert,  A. I. Krylov

 Contributors to earlier versions of Q-Chem not listed above: 
 R. D. Adamson,  B. Austin,  R. Baer,  J. Baker,  G. J. O. Beran,  
 K. Brandhorst,  S. T. Brown,  E. F. C. Byrd,  Arup K. Chakraborty,  
 G. K. L. Chan,  Chun-Min Chang,  Yunqing Chen,  C.-L. Cheng,  
 Siu Hung Chien,  D. M. Chipman,  D. L. Crittenden,  H. Dachsel,  
 R. J. Doerksen,  A. D. Dutoi,  R. G. Edgar,  J. Fosso-Tande,  
 L. Fusti-Molnar,  D. Ghosh,  A. Ghysels,  A. Golubeva-Zadorozhnaya,  
 J. Gonthier,  M. S. Gordon,  S. R. Gwaltney,  G. Hawkins,  J. E. Herr,  
 A. Heyden,  S. Hirata,  E. G. Hohenstein,  G. Kedziora,  F. J. Keil,  
 C. Kelley,  Jihan Kim,  R. A. King,  R. Z. Khaliullin,  P. P. Korambath,  
 W. Kurlancheek,  A. Laurent,  A. M. Lee,  M. S. Lee,  S. V. Levchenko,  
 Ching Yeh Lin,  D. Liotard,  E. Livshits,  R. C. Lochan,  I. Lotan,  
 L. A. Martinez-Martinez,  P. E. Maslen,  N. Nair,  D. P. O'Neill,  
 D. Neuhauser,  E. Neuscamman,  C. M. Oana,  R. Olivares-Amaya,  R. Olson,  
 T. M. Perrine,  B. Peters,  P. A. Pieniazek,  A. Prociuk,  Y. M. Rhee,  
 J. Ritchie,  M. A. Rohrdanz,  E. Rosta,  N. J. Russ,  H. F. Schaefer III,  
 M. W. Schmidt,  N. E. Schultz,  S. Sharma,  N. Shenvi,  C. D. Sherrill,  
 A. C. Simmonett,  A. Sodt,  T. Stein,  D. Stuck,  K. S. Thanthiriwatte,  
 V. Vanovschi,  L. Vogt,  Tao Wang,  A. Warshel,  M. A. Watson,  
 C. F. Williams,  Q. Wu,  X. Xu,  Jun Yang,  W. Zhang,  Yan Zhao

   Please cite Q-Chem as follows:
  "Software for the frontiers of quantum chemistry:
   An overview of developments in the Q-Chem 5 package"
   J. Chem. Phys. 155, 084801 (2021)
   https://doi.org/10.1063/5.0055522 (open access)

 Q-Chem 6.0.2 for Intel X86 EM64T Linux

 Parts of Q-Chem use Armadillo 9.900.5 (Nocturnal Misbehaviour).
 http://arma.sourceforge.net/

 Q-Chem begins on Tue Dec  3 10:47:57 2024  

 Host: 
0

     Scratch files written to /expanse/lustre/scratch/whughes/temp_project/job_35550737/SIL3-R1_rdkit_conf_4_wb97xd-wB97mV-35550737//
 Dec722 |scratch|qcdevops|jenkins|workspace|build_RNUM    
 Processing $rem in /cm/shared/apps/spack/0.17.3/cpu/b/opt/spack/linux-rocky8-zen2/gcc-10.2.0/qchem-6.0-rytxnwjazd34ekd2gqyi5ufsaimxsd3r/config/preferences:
 Processing $rem in /home/whughes/.qchemrc:

 Checking the input file for inconsistencies... 	...done.

--------------------------------------------------------------
User input:
--------------------------------------------------------------
$molecule
0 3
O    0.8181797414    -0.3337283091   2.1149705894
C    0.3780215503    -0.7573133939   0.9961320204
Si   -1.2598916326   0.0525702407    0.4828431499
C    -2.5686373742   -0.4416667551   1.7240615843
C    -1.1010439794   1.9148202341    0.4718878251
C    -1.672205613    -0.6002447907   -1.2201691399
C    1.2643788958    -1.5845942052   0.0855512802
C    2.4607114165    -0.803166042    -0.4904116317
C    2.0568692245    0.2139342086    -1.5090217089
C    2.1682424495    1.5246863566    -1.3627565304
H    -2.2791342947   -0.1283618157   2.7289329972
H    -2.7161267844   -1.522764997    1.7376967088
H    -3.5241682316   0.0322328396    1.4839773846
H    -0.7689842535   2.2757133897    1.4471518238
H    -0.3761377332   2.2399526869    -0.275305456
H    -2.0643224464   2.3810487466    0.2483227587
H    -1.7534804873   -1.6885178866   -1.2318470319
H    -2.6363285912   -0.1911856319   -1.5335583211
H    -0.9246473332   -0.2972704757   -1.9547337881
H    1.6397996162    -2.4342477205   0.6645564397
H    0.654628278     -1.9868325454   -0.7237859688
H    3.1373964176    -1.5283957368   -0.9546363641
H    3.0061069516    -0.3252144963   0.3252387525
H    1.6273311321    -0.1800235565   -2.4279076602
H    2.5844255179    1.9571235888    -0.4593231682
H    1.8489175633    2.2113460667    -2.1370665454
$end

$rem
METHOD      wB97M-V
BASIS       def2-QZVPP
SYM_IGNORE   TRUE
DFT_D       false
MAX_SCF_CYCLES 300
$end

$end
--------------------------------------------------------------
 ----------------------------------------------------------------
             Standard Nuclear Orientation (Angstroms)
    I     Atom           X                Y                Z
 ----------------------------------------------------------------
    1      O       0.8181797414    -0.3337283091     2.1149705894
    2      C       0.3780215503    -0.7573133939     0.9961320204
    3      Si     -1.2598916326     0.0525702407     0.4828431499
    4      C      -2.5686373742    -0.4416667551     1.7240615843
    5      C      -1.1010439794     1.9148202341     0.4718878251
    6      C      -1.6722056130    -0.6002447907    -1.2201691399
    7      C       1.2643788958    -1.5845942052     0.0855512802
    8      C       2.4607114165    -0.8031660420    -0.4904116317
    9      C       2.0568692245     0.2139342086    -1.5090217089
   10      C       2.1682424495     1.5246863566    -1.3627565304
   11      H      -2.2791342947    -0.1283618157     2.7289329972
   12      H      -2.7161267844    -1.5227649970     1.7376967088
   13      H      -3.5241682316     0.0322328396     1.4839773846
   14      H      -0.7689842535     2.2757133897     1.4471518238
   15      H      -0.3761377332     2.2399526869    -0.2753054560
   16      H      -2.0643224464     2.3810487466     0.2483227587
   17      H      -1.7534804873    -1.6885178866    -1.2318470319
   18      H      -2.6363285912    -0.1911856319    -1.5335583211
   19      H      -0.9246473332    -0.2972704757    -1.9547337881
   20      H       1.6397996162    -2.4342477205     0.6645564397
   21      H       0.6546282780    -1.9868325454    -0.7237859688
   22      H       3.1373964176    -1.5283957368    -0.9546363641
   23      H       3.0061069516    -0.3252144963     0.3252387525
   24      H       1.6273311321    -0.1800235565    -2.4279076602
   25      H       2.5844255179     1.9571235888    -0.4593231682
   26      H       1.8489175633     2.2113460667    -2.1370665454
 ----------------------------------------------------------------
 Nuclear Repulsion Energy =         635.95926405 hartrees
 There are       44 alpha and       42 beta electrons
 Requested basis set is def2-QZVPP
 There are 335 shells and 1063 basis functions

 Total QAlloc Memory Limit   8000 MB
 Mega-Array Size       188 MB
 MEM_STATIC part       192 MB

 A cutoff of  1.0D-09 yielded  37623 shell pairs
 There are    353187 function pairs (    511969 Cartesian)
 Smallest overlap matrix eigenvalue = 3.71E-05

 Scale SEOQF with 1.000000e-01/1.000000e-01/1.000000e-01

 Standard Electronic Orientation quadrupole field applied
 Nucleus-field energy     =     0.0000000026 hartrees
 Guess from superposition of atomic densities
 Warning:  Energy on first SCF cycle will be non-variational
 SAD guess density has 86.000000 electrons

 -----------------------------------------------------------------------
  General SCF calculation program by
  Eric Jon Sundstrom, Paul Horn, Yuezhi Mao, Dmitri Zuev, Alec White,
  David Stuck, Shaama M.S., Shane Yost, Joonho Lee, David Small,
  Daniel Levine, Susi Lehtola, Hugh Burton, Evgeny Epifanovsky,
  Bang C. Huynh
 -----------------------------------------------------------------------
 Exchange:     0.1500 Hartree-Fock + 1.0000 wB97M-V + LR-HF
 Correlation:  1.0000 wB97M-V
 Using SG-2 standard quadrature grid
 Nonlocal Correlation:  VV10 with C = 0.0100 and b = 6.00 and scale = 1.00000
 Grid used for NLC:  SG-1 standard quadrature
 using 32 threads for integral computing
 -------------------------------------------------------
 OpenMP Integral computing Module                
 Release: version 1.0, May 2013, Q-Chem Inc. Pittsburgh 
 -------------------------------------------------------
 A unrestricted SCF calculation will be
 performed using DIIS
 SCF converges when DIIS error is below 1.0e-05
 ---------------------------------------
  Cycle       Energy         DIIS error
 ---------------------------------------
    1    -681.4862771633      5.06e-03  
    2    -678.9058777739      5.24e-04  
    3    -678.9406911371      5.49e-04  
    4    -679.0619097305      1.20e-04  
    5    -679.0696880453      5.30e-05  
    6    -679.0721677342      1.48e-05  
    7    -679.0728232465      9.05e-06  Convergence criterion met
 ---------------------------------------
 SCF time:   CPU 10754.96s  wall 384.00s 
<S^2> =          2.007184071
 SCF   energy in the final basis set =     -679.0728232465
 Total energy in the final basis set =     -679.0728232465
 
 --------------------------------------------------------------
 
                    Orbital Energies (a.u.)
 --------------------------------------------------------------
 
 Alpha MOs
 -- Occupied --
-66.3828 -19.3790 -10.3773 -10.3675 -10.3482 -10.3474 -10.3380 -10.3226
-10.3144 -10.3124  -5.4300  -3.7466  -3.7433  -3.7429  -1.1851  -0.9396
 -0.8752  -0.8434  -0.8040  -0.7973  -0.7814  -0.6937  -0.6684  -0.6146
 -0.5880  -0.5635  -0.5578  -0.5427  -0.5326  -0.5180  -0.5120  -0.5034
 -0.5015  -0.4960  -0.4881  -0.4835  -0.4778  -0.4569  -0.4372  -0.4039
 -0.4006  -0.3751  -0.3577  -0.2354
 -- Virtual --
  0.0584   0.0675   0.0791   0.0805   0.0873   0.0984   0.1028   0.1105
  0.1151   0.1251   0.1317   0.1367   0.1425   0.1503   0.1579   0.1630
  0.1643   0.1717   0.1742   0.1776   0.1794   0.1901   0.1945   0.1979
  0.2086   0.2116   0.2162   0.2217   0.2329   0.2429   0.2466   0.2588
  0.2677   0.2812   0.2847   0.2919   0.2954   0.2998   0.3071   0.3079
  0.3234   0.3252   0.3318   0.3338   0.3361   0.3395   0.3460   0.3493
  0.3515   0.3601   0.3645   0.3679   0.3763   0.3818   0.3850   0.3887
  0.3993   0.4005   0.4087   0.4144   0.4221   0.4262   0.4295   0.4340
  0.4422   0.4489   0.4641   0.4695   0.4727   0.4829   0.4837   0.5006
  0.5188   0.5223   0.5259   0.5386   0.5479   0.5563   0.5603   0.5643
  0.5756   0.5876   0.5945   0.6003   0.6096   0.6129   0.6228   0.6254
  0.6340   0.6419   0.6446   0.6487   0.6570   0.6718   0.6747   0.6806
  0.6880   0.6965   0.7056   0.7181   0.7281   0.7296   0.7382   0.7388
  0.7624   0.7693   0.7762   0.7806   0.7888   0.7948   0.7998   0.8062
  0.8134   0.8160   0.8199   0.8289   0.8333   0.8464   0.8508   0.8585
  0.8616   0.8639   0.8727   0.8811   0.8838   0.8847   0.8992   0.9020
  0.9080   0.9113   0.9212   0.9217   0.9239   0.9287   0.9359   0.9402
  0.9432   0.9462   0.9499   0.9574   0.9642   0.9740   0.9879   0.9980
  1.0030   1.0075   1.0110   1.0192   1.0319   1.0335   1.0387   1.0463
  1.0554   1.0610   1.0657   1.0766   1.0838   1.0880   1.0965   1.1012
  1.1029   1.1104   1.1189   1.1238   1.1319   1.1411   1.1518   1.1541
  1.1624   1.1732   1.1865   1.1880   1.1931   1.1966   1.2014   1.2087
  1.2193   1.2229   1.2338   1.2472   1.2538   1.2612   1.2657   1.2776
  1.2819   1.2982   1.3020   1.3086   1.3151   1.3266   1.3340   1.3514
  1.3569   1.3643   1.3681   1.3796   1.3870   1.4038   1.4097   1.4154
  1.4232   1.4262   1.4440   1.4490   1.4582   1.4674   1.4731   1.4848
  1.4904   1.5052   1.5159   1.5260   1.5283   1.5459   1.5537   1.5669
  1.5702   1.5787   1.5861   1.5929   1.6055   1.6153   1.6270   1.6323
  1.6415   1.6556   1.6623   1.6791   1.7013   1.7113   1.7182   1.7203
  1.7387   1.7598   1.7743   1.8008   1.8249   1.8586   1.8630   1.8698
  1.8749   1.8867   1.8886   1.8991   1.9136   1.9184   1.9219   1.9334
  1.9443   1.9556   1.9566   1.9753   1.9769   1.9830   1.9885   1.9961
  1.9991   2.0025   2.0121   2.0188   2.0289   2.0341   2.0382   2.0450
  2.0500   2.0691   2.0704   2.0833   2.0887   2.0934   2.0969   2.1074
  2.1155   2.1171   2.1237   2.1280   2.1370   2.1492   2.1557   2.1631
  2.1677   2.1729   2.1783   2.1899   2.1932   2.2027   2.2088   2.2202
  2.2248   2.2294   2.2350   2.2412   2.2446   2.2507   2.2526   2.2655
  2.2700   2.2777   2.2856   2.2897   2.2933   2.3027   2.3055   2.3151
  2.3223   2.3297   2.3310   2.3384   2.3467   2.3520   2.3650   2.3676
  2.3786   2.3845   2.3901   2.3908   2.3946   2.4086   2.4130   2.4219
  2.4276   2.4427   2.4440   2.4504   2.4606   2.4667   2.4717   2.4843
  2.4931   2.5031   2.5059   2.5241   2.5280   2.5291   2.5384   2.5572
  2.5618   2.5677   2.5802   2.5839   2.5890   2.6031   2.6071   2.6089
  2.6229   2.6245   2.6364   2.6403   2.6562   2.6629   2.6657   2.6707
  2.6829   2.6858   2.6938   2.7037   2.7112   2.7202   2.7287   2.7371
  2.7378   2.7502   2.7578   2.7619   2.7725   2.7771   2.7923   2.7975
  2.7998   2.8109   2.8162   2.8249   2.8265   2.8369   2.8512   2.8599
  2.8642   2.8726   2.8851   2.8921   2.9049   2.9165   2.9261   2.9279
  2.9336   2.9518   2.9540   2.9632   2.9696   2.9736   2.9879   2.9900
  2.9928   2.9977   3.0037   3.0098   3.0117   3.0177   3.0288   3.0395
  3.0489   3.0516   3.0674   3.0753   3.0864   3.0975   3.1104   3.1183
  3.1229   3.1352   3.1417   3.1444   3.1528   3.1577   3.1624   3.1698
  3.1820   3.1885   3.1964   3.2166   3.2261   3.2376   3.2558   3.2795
  3.2849   3.2960   3.3017   3.3104   3.3140   3.3198   3.3349   3.3471
  3.3609   3.3654   3.3712   3.3826   3.3958   3.4069   3.4172   3.4181
  3.4305   3.4514   3.4615   3.4757   3.4848   3.4919   3.5043   3.5112
  3.5171   3.5232   3.5322   3.5408   3.5420   3.5595   3.5777   3.5872
  3.5923   3.6069   3.6169   3.6343   3.6469   3.6643   3.6734   3.6765
  3.6978   3.7011   3.7093   3.7337   3.7437   3.7499   3.7616   3.7785
  3.7819   3.7961   3.8000   3.8265   3.8332   3.8376   3.8574   3.8625
  3.8839   3.8931   3.9039   3.9117   3.9142   3.9164   3.9369   3.9425
  3.9521   3.9565   3.9574   3.9683   3.9845   3.9898   3.9964   4.0101
  4.0320   4.0451   4.0532   4.0781   4.1047   4.1264   4.1418   4.1759
  4.1864   4.1903   4.2422   4.2761   4.2934   4.3254   4.3735   4.3797
  4.3839   4.3911   4.4014   4.4200   4.4461   4.4689   4.4876   4.5193
  4.5527   4.5871   4.6505   4.6938   4.7242   4.7477   4.7527   4.8087
  4.8289   4.9534   5.0032   5.0383   5.0625   5.0832   5.0969   5.1074
  5.1301   5.1621   5.1749   5.1781   5.2250   5.2284   5.2534   5.2557
  5.2728   5.3109   5.3228   5.3302   5.3333   5.3574   5.3746   5.3926
  5.3943   5.4079   5.4535   5.4780   5.5003   5.5015   5.5223   5.5321
  5.5364   5.5506   5.5541   5.5645   5.5942   5.6176   5.6261   5.6400
  5.6475   5.6593   5.6717   5.6835   5.7006   5.7341   5.7416   5.7501
  5.7591   5.7794   5.7916   5.8037   5.8090   5.8160   5.8302   5.8309
  5.8392   5.8439   5.8599   5.8608   5.8730   5.8834   5.8869   5.8938
  5.9022   5.9070   5.9152   5.9176   5.9233   5.9283   5.9363   5.9447
  5.9560   5.9679   5.9759   5.9848   5.9917   5.9956   6.0026   6.0106
  6.0117   6.0205   6.0336   6.0425   6.0450   6.0554   6.0658   6.0775
  6.0817   6.0870   6.0922   6.0983   6.1042   6.1159   6.1293   6.1342
  6.1483   6.1661   6.1726   6.1773   6.1896   6.1905   6.1928   6.2020
  6.2088   6.2140   6.2237   6.2279   6.2436   6.2488   6.2571   6.2636
  6.2836   6.2923   6.3060   6.3166   6.3201   6.3286   6.3378   6.3464
  6.3526   6.3556   6.3654   6.3795   6.3906   6.3989   6.4018   6.4084
  6.4126   6.4155   6.4176   6.4224   6.4375   6.4421   6.4459   6.4606
  6.4659   6.4787   6.4863   6.4937   6.5127   6.5174   6.5212   6.5335
  6.5430   6.5572   6.5786   6.5860   6.5920   6.5989   6.5999   6.6094
  6.6198   6.6246   6.6319   6.6455   6.6520   6.6566   6.6716   6.6825
  6.6866   6.7099   6.7222   6.7476   6.7633   6.7795   6.7898   6.7924
  6.8091   6.8218   6.8257   6.8370   6.8671   6.8726   6.8801   6.8861
  6.8905   6.8975   6.9126   6.9259   6.9362   6.9546   6.9760   6.9848
  7.0110   7.0160   7.0261   7.0472   7.0524   7.0548   7.0613   7.0785
  7.0846   7.0918   7.1062   7.1268   7.1451   7.1625   7.1827   7.1935
  7.2079   7.2172   7.2297   7.2424   7.2878   7.3249   7.3287   7.3432
  7.3597   7.3876   7.3954   7.4059   7.4115   7.4173   7.4266   7.4316
  7.4405   7.4483   7.4489   7.4536   7.4620   7.4664   7.4823   7.4994
  7.5101   7.5164   7.5207   7.5309   7.5389   7.5495   7.5551   7.5617
  7.5711   7.5917   7.6182   7.6249   7.6468   7.6724   7.6742   7.6837
  7.6908   7.7080   7.7222   7.7272   7.7345   7.7533   7.7612   7.7658
  7.7721   7.7746   7.7868   7.7895   7.7976   7.8114   7.8173   7.8211
  7.8338   7.8388   7.8548   7.8602   7.8649   7.8675   7.8793   7.8854
  7.8880   7.8980   7.9063   7.9179   7.9292   7.9333   7.9455   7.9465
  7.9539   7.9713   7.9889   7.9980   8.0155   8.0261   8.0374   8.0429
  8.0556   8.1023   8.1183   8.1247   8.1429   8.1441   8.1471   8.1561
  8.1730   8.2096   8.2198   8.2317   8.2590   8.2840   8.3071   8.3094
  8.3165   8.3206   8.3264   8.3318   8.3341   8.3378   8.3449   8.3492
  8.3538   8.3600   8.3702   8.3796   8.3831   8.3896   8.3922   8.4011
  8.4078   8.4154   8.4255   8.4360   8.4373   8.4388   8.4451   8.4560
  8.4592   8.4679   8.4766   8.4824   8.4846   8.4913   8.4958   8.5091
  8.5284   8.5477   8.5536   8.5642   8.5780   8.5972   8.6078   8.6187
  8.6316   8.6451   8.6537   8.6614   8.6855   8.6946   8.7132   8.7219
  8.7286   8.7760   8.7834   8.8124   8.8180   8.8266   8.8341   8.8527
  8.8579   8.8625   8.8783   8.8842   8.8857   8.8941   8.8976   8.9082
  8.9151   8.9217   8.9290   8.9320   8.9398   8.9500   8.9582   8.9741
  8.9975   9.0230   9.0717   9.0814   9.1057   9.1071   9.1587   9.1701
  9.2057   9.2795   9.3067   9.3544   9.3979   9.4470   9.4773   9.5878
  9.6225   9.6292   9.6627   9.6756   9.6874   9.7029   9.7147   9.7229
  9.7288   9.7403   9.7566   9.7787   9.8064   9.8119   9.8226   9.8269
  9.8430   9.8448   9.8501   9.8549   9.8608   9.8671   9.8839   9.8948
  9.9034   9.9451   9.9515   9.9608   9.9793   9.9858  10.0167  10.0621
 10.0908  10.1414  10.1607  10.2023  10.2332  10.2372  10.2642  10.2679
 10.2754  10.2768  10.2861  10.2937  10.3500  10.3868  10.5053  10.5114
 10.5281  10.5373  10.5630  10.7374  10.8563  11.0751  11.0916  11.2138
 11.4318  11.5071  11.7944  11.9062  11.9441  11.9588  11.9780  11.9883
 12.0704  12.1238  12.1504  12.1837  12.2370  12.2954  12.3025  12.3635
 12.7753  12.7926  12.8357  12.9259  12.9459  12.9789  12.9977  13.0141
 13.1009  13.1840  13.2663  13.3305  14.0347  14.3458  17.3734  28.4999
 28.6458  29.1463  29.1591  29.2065  29.2342  29.2742  29.4411  48.3659
 58.9627 149.3150 149.4499 149.9849 149.9967 150.0630 150.0946 150.1258
150.2670 255.7944 319.0915
 
 Beta MOs
 -- Occupied --
-66.3821 -19.3543 -10.3665 -10.3654 -10.3482 -10.3464 -10.3379 -10.3222
-10.3140 -10.3120  -5.4291  -3.7441  -3.7427  -3.7421  -1.1348  -0.9356
 -0.8678  -0.8408  -0.8030  -0.7962  -0.7696  -0.6766  -0.6498  -0.5917
 -0.5761  -0.5556  -0.5414  -0.5281  -0.5184  -0.5132  -0.5063  -0.4988
 -0.4926  -0.4878  -0.4828  -0.4580  -0.4473  -0.4361  -0.4253  -0.4000
 -0.3931  -0.3615
 -- Virtual --
 -0.0589   0.0491   0.0583   0.0679   0.0792   0.0833   0.0872   0.1009
  0.1040   0.1108   0.1147   0.1252   0.1329   0.1365   0.1426   0.1506
  0.1592   0.1639   0.1672   0.1734   0.1759   0.1797   0.1810   0.1913
  0.1962   0.2005   0.2111   0.2170   0.2186   0.2248   0.2339   0.2434
  0.2496   0.2615   0.2715   0.2839   0.2858   0.2935   0.2962   0.3036
  0.3109   0.3136   0.3258   0.3276   0.3330   0.3339   0.3390   0.3412
  0.3467   0.3509   0.3543   0.3616   0.3658   0.3690   0.3782   0.3826
  0.3892   0.3918   0.4014   0.4041   0.4119   0.4153   0.4255   0.4287
  0.4343   0.4352   0.4436   0.4521   0.4660   0.4711   0.4746   0.4851
  0.4864   0.5023   0.5198   0.5249   0.5281   0.5415   0.5507   0.5576
  0.5609   0.5668   0.5790   0.5904   0.5965   0.6018   0.6106   0.6165
  0.6262   0.6271   0.6370   0.6438   0.6473   0.6535   0.6587   0.6759
  0.6773   0.6838   0.6914   0.6989   0.7091   0.7200   0.7289   0.7347
  0.7397   0.7416   0.7637   0.7718   0.7783   0.7823   0.7897   0.7954
  0.8007   0.8085   0.8158   0.8180   0.8250   0.8308   0.8344   0.8476
  0.8521   0.8603   0.8656   0.8667   0.8742   0.8836   0.8852   0.8856
  0.9006   0.9030   0.9098   0.9135   0.9228   0.9236   0.9259   0.9305
  0.9371   0.9419   0.9454   0.9486   0.9506   0.9595   0.9669   0.9758
  0.9891   1.0002   1.0070   1.0097   1.0135   1.0224   1.0336   1.0343
  1.0403   1.0506   1.0572   1.0631   1.0669   1.0794   1.0849   1.0903
  1.0975   1.1022   1.1039   1.1121   1.1201   1.1253   1.1345   1.1433
  1.1527   1.1558   1.1637   1.1745   1.1893   1.1903   1.1957   1.1994
  1.2021   1.2106   1.2216   1.2251   1.2354   1.2488   1.2561   1.2648
  1.2680   1.2788   1.2845   1.3014   1.3051   1.3110   1.3175   1.3302
  1.3357   1.3531   1.3587   1.3692   1.3696   1.3820   1.3905   1.4056
  1.4134   1.4200   1.4260   1.4310   1.4448   1.4524   1.4614   1.4698
  1.4773   1.4868   1.4923   1.5095   1.5233   1.5292   1.5383   1.5501
  1.5556   1.5729   1.5781   1.5818   1.5899   1.5973   1.6143   1.6207
  1.6318   1.6368   1.6460   1.6596   1.6669   1.6841   1.7039   1.7152
  1.7264   1.7284   1.7425   1.7670   1.7797   1.8063   1.8304   1.8621
  1.8664   1.8763   1.8813   1.8908   1.8929   1.9025   1.9172   1.9219
  1.9249   1.9354   1.9506   1.9606   1.9624   1.9782   1.9807   1.9888
  1.9924   1.9979   2.0030   2.0062   2.0144   2.0223   2.0317   2.0375
  2.0404   2.0484   2.0538   2.0713   2.0738   2.0876   2.0912   2.0963
  2.1000   2.1106   2.1193   2.1222   2.1265   2.1326   2.1431   2.1545
  2.1583   2.1687   2.1724   2.1760   2.1821   2.1955   2.1970   2.2063
  2.2138   2.2245   2.2278   2.2327   2.2385   2.2450   2.2480   2.2535
  2.2548   2.2701   2.2727   2.2795   2.2898   2.2928   2.2956   2.3060
  2.3079   2.3199   2.3257   2.3336   2.3368   2.3422   2.3537   2.3553
  2.3699   2.3720   2.3807   2.3889   2.3923   2.3941   2.3975   2.4113
  2.4170   2.4249   2.4333   2.4459   2.4475   2.4547   2.4649   2.4700
  2.4763   2.4880   2.4973   2.5063   2.5097   2.5290   2.5314   2.5356
  2.5427   2.5602   2.5652   2.5721   2.5836   2.5878   2.5951   2.6060
  2.6104   2.6118   2.6253   2.6277   2.6393   2.6441   2.6616   2.6670
  2.6696   2.6779   2.6849   2.6904   2.6961   2.7075   2.7141   2.7232
  2.7316   2.7402   2.7424   2.7530   2.7619   2.7640   2.7761   2.7800
  2.8014   2.8021   2.8030   2.8150   2.8199   2.8283   2.8309   2.8389
  2.8564   2.8624   2.8680   2.8766   2.8880   2.8959   2.9094   2.9203
  2.9288   2.9308   2.9387   2.9555   2.9579   2.9673   2.9721   2.9766
  2.9899   2.9936   2.9950   3.0001   3.0071   3.0140   3.0160   3.0207
  3.0319   3.0432   3.0517   3.0562   3.0706   3.0785   3.0897   3.1004
  3.1130   3.1224   3.1269   3.1390   3.1445   3.1485   3.1563   3.1635
  3.1665   3.1756   3.1873   3.1926   3.2000   3.2213   3.2345   3.2417
  3.2602   3.2828   3.2892   3.3010   3.3076   3.3138   3.3188   3.3224
  3.3406   3.3515   3.3664   3.3755   3.3776   3.3900   3.4019   3.4142
  3.4210   3.4264   3.4346   3.4586   3.4719   3.4882   3.4890   3.4993
  3.5058   3.5157   3.5247   3.5268   3.5364   3.5462   3.5493   3.5643
  3.5826   3.5920   3.5960   3.6122   3.6223   3.6380   3.6533   3.6695
  3.6777   3.6847   3.7001   3.7067   3.7149   3.7380   3.7503   3.7564
  3.7683   3.7844   3.7858   3.8010   3.8086   3.8298   3.8400   3.8435
  3.8614   3.8678   3.8887   3.8962   3.9064   3.9183   3.9194   3.9243
  3.9400   3.9452   3.9567   3.9588   3.9625   3.9732   3.9865   3.9952
  4.0015   4.0156   4.0470   4.0566   4.0689   4.0808   4.1214   4.1343
  4.1622   4.1874   4.2031   4.2132   4.2634   4.2814   4.3117   4.3319
  4.3770   4.3875   4.3913   4.4080   4.4151   4.4298   4.4593   4.4774
  4.5026   4.5265   4.5770   4.5988   4.6584   4.6984   4.7416   4.7557
  4.7701   4.8138   4.8526   4.9666   5.0144   5.0558   5.0861   5.0948
  5.1091   5.1166   5.1499   5.1749   5.1898   5.1965   5.2352   5.2375
  5.2667   5.2770   5.3093   5.3209   5.3350   5.3404   5.3486   5.3719
  5.3935   5.4006   5.4056   5.4389   5.4650   5.5002   5.5090   5.5141
  5.5252   5.5423   5.5502   5.5608   5.5655   5.5798   5.6109   5.6284
  5.6330   5.6466   5.6569   5.6690   5.6803   5.6985   5.7124   5.7410
  5.7554   5.7647   5.7657   5.7822   5.7998   5.8146   5.8194   5.8259
  5.8363   5.8397   5.8485   5.8502   5.8635   5.8668   5.8789   5.8887
  5.8935   5.8984   5.9055   5.9112   5.9197   5.9217   5.9283   5.9357
  5.9470   5.9509   5.9668   5.9777   5.9810   5.9925   5.9952   5.9980
  6.0116   6.0163   6.0184   6.0300   6.0403   6.0460   6.0488   6.0602
  6.0719   6.0825   6.0879   6.0891   6.0976   6.1019   6.1128   6.1221
  6.1381   6.1402   6.1547   6.1727   6.1791   6.1818   6.1925   6.1944
  6.1993   6.2117   6.2131   6.2229   6.2307   6.2355   6.2496   6.2532
  6.2699   6.2707   6.2909   6.3031   6.3185   6.3256   6.3273   6.3343
  6.3447   6.3574   6.3603   6.3635   6.3803   6.3945   6.3981   6.4027
  6.4119   6.4150   6.4181   6.4191   6.4234   6.4290   6.4464   6.4496
  6.4593   6.4662   6.4809   6.4868   6.4989   6.5051   6.5190   6.5247
  6.5273   6.5404   6.5540   6.5679   6.5879   6.5922   6.5959   6.6046
  6.6116   6.6184   6.6233   6.6302   6.6439   6.6487   6.6605   6.6678
  6.6781   6.6917   6.6955   6.7235   6.7426   6.7593   6.7766   6.7873
  6.7972   6.8025   6.8146   6.8343   6.8421   6.8485   6.8735   6.8819
  6.8866   6.8917   6.8962   6.9013   6.9185   6.9416   6.9468   6.9704
  6.9847   6.9993   7.0174   7.0273   7.0275   7.0497   7.0584   7.0634
  7.0721   7.0833   7.0909   7.1013   7.1150   7.1390   7.1512   7.1762
  7.1950   7.2031   7.2201   7.2222   7.2348   7.2547   7.3119   7.3383
  7.3405   7.3601   7.3774   7.3937   7.4009   7.4085   7.4156   7.4264
  7.4322   7.4361   7.4440   7.4505   7.4536   7.4575   7.4644   7.4709
  7.4889   7.5025   7.5140   7.5214   7.5252   7.5350   7.5423   7.5533
  7.5593   7.5711   7.5756   7.6005   7.6248   7.6278   7.6504   7.6749
  7.6775   7.6856   7.6944   7.7116   7.7274   7.7295   7.7404   7.7558
  7.7632   7.7683   7.7740   7.7793   7.7889   7.7923   7.8018   7.8157
  7.8203   7.8257   7.8354   7.8465   7.8579   7.8646   7.8678   7.8699
  7.8844   7.8902   7.8908   7.9027   7.9147   7.9222   7.9321   7.9355
  7.9483   7.9527   7.9610   7.9776   7.9949   8.0035   8.0208   8.0317
  8.0412   8.0482   8.0598   8.1069   8.1225   8.1313   8.1460   8.1468
  8.1495   8.1615   8.1795   8.2137   8.2257   8.2351   8.2651   8.2852
  8.3085   8.3129   8.3184   8.3241   8.3305   8.3336   8.3371   8.3397
  8.3472   8.3517   8.3565   8.3623   8.3722   8.3831   8.3851   8.3909
  8.3968   8.4028   8.4093   8.4175   8.4304   8.4396   8.4403   8.4446
  8.4493   8.4580   8.4620   8.4707   8.4813   8.4874   8.4915   8.4951
  8.4982   8.5204   8.5318   8.5519   8.5618   8.5691   8.5815   8.5994
  8.6112   8.6245   8.6353   8.6478   8.6632   8.6672   8.6896   8.6989
  8.7203   8.7299   8.7354   8.7800   8.7880   8.8154   8.8204   8.8288
  8.8365   8.8558   8.8616   8.8648   8.8797   8.8874   8.8901   8.8969
  8.9010   8.9107   8.9194   8.9243   8.9423   8.9529   8.9632   8.9769
  9.0021   9.0161   9.0238   9.0347   9.0767   9.1083   9.1280   9.1620
  9.1743   9.1878   9.2225   9.2902   9.3168   9.3733   9.4087   9.4713
  9.4951   9.6064   9.6279   9.6381   9.6660   9.6785   9.6907   9.7042
  9.7198   9.7272   9.7338   9.7549   9.7869   9.8061   9.8196   9.8209
  9.8292   9.8325   9.8456   9.8475   9.8534   9.8592   9.8630   9.8698
  9.8862   9.9044   9.9067   9.9517   9.9607   9.9739   9.9848   9.9916
 10.0277  10.0706  10.0972  10.1510  10.1719  10.2058  10.2363  10.2402
 10.2684  10.2716  10.2793  10.2808  10.2963  10.3229  10.3941  10.4067
 10.5114  10.5277  10.5327  10.5499  10.6038  10.7381  10.8569  11.1992
 11.2088  11.2221  11.5185  11.5955  11.7967  11.9098  11.9604  11.9757
 12.0233  12.0323  12.0795  12.1363  12.1658  12.2266  12.3168  12.3484
 12.3935  12.4551  12.7758  12.7956  12.8399  12.9414  12.9700  12.9964
 13.0186  13.0489  13.1330  13.2433  13.2712  13.3407  14.0801  14.4503
 17.3755  28.5322  28.6484  29.1478  29.1606  29.2138  29.2370  29.2760
 29.4417  48.4007  58.9643 149.3220 149.4506 149.9854 149.9972 150.0653
150.0955 150.1267 150.2673 255.8087 319.0924
 --------------------------------------------------------------
 
          Ground-State Mulliken Net Atomic Charges

     Atom                 Charge (a.u.)    Spin (a.u.)
  --------------------------------------------------------
      1 O                    -0.181762       0.859780
      2 C                    -0.031586       0.746455
      3 Si                    0.326868       0.177190
      4 C                    -0.402301       0.014885
      5 C                    -0.372571       0.017744
      6 C                    -0.376537       0.014458
      7 C                    -0.122534       0.096561
      8 C                    -0.130879       0.032860
      9 C                    -0.125552      -0.001596
     10 C                    -0.183866       0.005226
     11 H                     0.117500      -0.001594
     12 H                     0.109794       0.006190
     13 H                     0.099563       0.001945
     14 H                     0.120517      -0.003856
     15 H                     0.085083       0.001157
     16 H                     0.099262       0.000838
     17 H                     0.110705       0.003883
     18 H                     0.101783       0.003457
     19 H                     0.091294       0.001558
     20 H                     0.133374       0.018292
     21 H                     0.057886       0.007327
     22 H                     0.115078       0.001312
     23 H                     0.079529      -0.003774
     24 H                     0.081598       0.000541
     25 H                     0.090546      -0.001326
     26 H                     0.107208       0.000487
  --------------------------------------------------------
  Sum of atomic charges =     0.000000
  Sum of spin   charges =     2.000000

 -----------------------------------------------------------------
                    Cartesian Multipole Moments
 -----------------------------------------------------------------
    Charge (ESU x 10^10)
                 0.0000
    Dipole Moment (Debye)
         X      -0.6498      Y      -0.4149      Z      -1.8639
       Tot       2.0171
    Quadrupole Moments (Debye-Ang)
        XX     -70.6849     XY      -1.9476     YY     -69.7895
        XZ      -0.5537     YZ       1.3000     ZZ     -76.2705
    Octopole Moments (Debye-Ang^2)
       XXX     -15.9724    XXY       0.8989    XYY       2.2497
       YYY       5.4447    XXZ      -4.3754    XYZ       1.4377
       YYZ     -10.1466    XZZ      -7.4948    YZZ       6.8968
       ZZZ     -36.5148
    Hexadecapole Moments (Debye-Ang^3)
      XXXX   -1455.5252   XXXY     -11.3420   XXYY    -330.5373
      XYYY      22.5896   YYYY    -614.4786   XXXZ     234.2877
      XXYZ      23.8767   XYYZ      64.4397   YYYZ      38.9029
      XXZZ    -387.6545   XYZZ      -1.3106   YYZZ    -220.1559
      XZZZ     185.4965   YZZZ      51.5961   ZZZZ    -759.9542
 -----------------------------------------------------------------
 Total job time:  386.43s(wall), 10804.03s(cpu) 
 Tue Dec  3 10:54:23 2024

        *************************************************************
        *                                                           *
        *  Thank you very much for using Q-Chem.  Have a nice day.  *
        *                                                           *
        *************************************************************


