
Running Job 1 of 1 ethene-neutral-wb97xd-wB97mV.in
qchem ethene-neutral-wb97xd-wB97mV.in_2592504.0 /expanse/lustre/scratch/whughes/temp_project/job_32695230/ethene-neutral-wb97xd-wB97mV-32695230/ 0
/cm/shared/apps/spack/0.17.3/cpu/b/opt/spack/linux-rocky8-zen2/gcc-10.2.0/qchem-6.0-rytxnwjazd34ekd2gqyi5ufsaimxsd3r/exe/qcprog.exe_s ethene-neutral-wb97xd-wB97mV.in_2592504.0 /expanse/lustre/scratch/whughes/temp_project/job_32695230/ethene-neutral-wb97xd-wB97mV-32695230/
                  Welcome to Q-Chem
     A Quantum Leap Into The Future Of Chemistry


 Q-Chem 6.0, Q-Chem, Inc., Pleasanton, CA (2022)

 License issued to: University of California, San Diego (site)

 E. Epifanovsky,  A. T. B. Gilbert,  Xintian Feng,  Joonho Lee,  Yuezhi Mao,  
 N. Mardirossian,  P. Pokhilko,  A. White,  M. Wormit,  M. P. Coons,  
 A. L. Dempwolff,  Zhengting Gan,  D. Hait,  P. R. Horn,  L. D. Jacobson,  
 I. Kaliman,  J. Kussmann,  A. W. Lange,  Ka Un Lao,  D. S. Levine,  Jie Liu,  
 S. C. McKenzie,  A. F. Morrison,  K. Nanda,  F. Plasser,  D. R. Rehn,  
 M. L. Vidal,  Zhi-Qiang You,  Ying Zhu,  B. Alam,  B. Albrecht,  
 A. Aldossary,  E. Alguire,  J. H. Andersen,  V. Athavale,  D. Barton,  
 K. Begam,  A. Behn,  N. Bellonzi,  Y. A. Bernard,  E. J. Berquist,  
 H. Burton,  A. Carreras,  K. Carter-Fenk,  Romit Chakraborty,  
 Chandrima Chakravarty,  Junhan Chen,  A. D. Chien,  K. D. Closser,  
 V. Cofer-Shabica,  L. Cunha,  S. Dasgupta,  Jia Deng,  M. de Wergifosse,  
 M. Diedenhofen,  Hainam Do,  S. Ehlert,  Po-Tung Fang,  S. Fatehi,  
 Qingguo Feng,  T. Friedhoff,  B. Ganoe,  J. Gayvert,  Qinghui Ge,  
 G. Gidofalvi,  M. Goldey,  J. Gomes,  C. Gonzalez-Espinoza,  S. Gulania,  
 A. Gunina,  J. A. Gyamfi,  M. W. D. Hanson-Heine,  P. H. P. Harbach,  
 A. W. Hauser,  M. F. Herbst,  M. Hernandez Vera,  M. Hodecker,  
 Z. C. Holden,  S. Houck,  Xunkun Huang,  Kerwin Hui,  B. C. Huynh,  
 K. Ikeda,  M. Ivanov,  Hyunjun Ji,  Zuxin Jin,  Hanjie Jiang,  B. Kaduk,  
 S. Kaehler,  R. Kang,  K. Khistyaev,  Jaehoon Kim,  Yongbin Kim,  
 P. Klunzinger,  Z. Koczor-Benda,  Joong Hoon Koh,  D. Kosenkov,  
 Saikiran Kotaru,  L. Koulias,  T. Kowalczyk,  C. M. Krauter,  K. Kue,  
 A. Kunitsa,  T. Kus,  A. Landau,  K. V. Lawler,  D. Lefrancois,  S. Lehtola,  
 Rain Li,  Shaozhi Li,  Yi-Pei Li,  Jiashu Liang,  M. Liebenthal,  
 Hung-Hsuan Lin,  You-Sheng Lin,  Fenglai Liu,  Kuan-Yu Liu,  
 M. Loipersberger,  A. Luenser,  C. Malbon,  A. Manjanath,  P. Manohar,  
 E. Mansoor,  S. F. Manzer,  Shan-Ping Mao,  A. V. Marenich,  T. Markovich,  
 S. Mason,  F. Matz,  S. A. Maurer,  P. F. McLaughlin,  M. F. S. J. Menger,  
 J.-M. Mewes,  S. A. Mewes,  P. Morgante,  Mohammad Mostafanejad,  
 J. W. Mullinax,  K. J. Oosterbaan,  G. Paran,  V. Parravicini,  
 Alexander C. Paul,  Suranjan K. Paul,  F. Pavosevic,  Zheng Pei,  S. Prager,  
 E. I. Proynov,  E. Ramos,  B. Rana,  A. E. Rask,  A. Rettig,  R. M. Richard,  
 F. Rob,  E. Rossomme,  T. Scheele,  M. Scheurer,  M. Schneider,  
 P. E. Schneider,  N. Sergueev,  S. M. Sharada,  Hengyuan Shen,  
 W. Skomorowski,  D. W. Small,  C. J. Stein,  Yingli Su,  Yu-Chuan Su,  
 E. J. Sundstrom,  Zhen Tao,  J. Thirman,  Hung-Yi Tsai,  T. Tsuchimochi,  
 N. M. Tubman,  C. Utku,  S. P. Veccham,  O. Vydrov,  J. Wenzel,  
 Jonathan Wong,  J. Witte,  A. Yamada,  Chou-Hsun Yang,  Kun Yao,  
 S. Yeganeh,  S. R. Yost,  A. Zech,  F. Zeller,  Igor Ying Zhang,  
 Xing Zhang,  Yu Zhang,  D. Zuev,  A. Aspuru-Guzik,  A. T. Bell,  
 N. A. Besley,  K. B. Bravaya,  B. R. Brooks,  D. Casanova,  Jeng-Da Chai,  
 Hsing-Ta Chen,  S. Coriani,  C. J. Cramer,  A. E. DePrince, III,  
 R. A. DiStasio Jr.,  A. Dreuw,  B. D. Dunietz,  T. R. Furlani,  
 W. A. Goddard III,  S. Grimme,  S. Hammes-Schiffer,  T. Head-Gordon,  
 W. J. Hehre,  Chao-Ping Hsu,  T.-C. Jagau,  Yousung Jung,  A. Klamt,  
 Jing Kong,  D. S. Lambrecht,  Xiangyuan Li,  WanZhen Liang,  N. J. Mayhall,  
 C. W. McCurdy,  J. B. Neaton,  T. Neudecker,  C. Ochsenfeld,  
 J. A. Parkhill,  R. Peverati,  V. A. Rassolov,  Haisheng Ren,  Yihan Shao,  
 L. V. Slipchenko,  R. P. Steele,  J. E. Subotnik,  A. J. W. Thom,  
 A. Tkatchenko,  D. G. Truhlar,  T. Van Voorhis,  Fan Wang,  
 T. A. Wesolowski,  K. B. Whaley,  H. L. Woodcock III,  P. M. Zimmerman,  
 S. Faraji,  P. M. W. Gill,  M. Head-Gordon,  J. M. Herbert,  A. I. Krylov

 Contributors to earlier versions of Q-Chem not listed above: 
 R. D. Adamson,  B. Austin,  R. Baer,  J. Baker,  G. J. O. Beran,  
 K. Brandhorst,  S. T. Brown,  E. F. C. Byrd,  Arup K. Chakraborty,  
 G. K. L. Chan,  Chun-Min Chang,  Yunqing Chen,  C.-L. Cheng,  
 Siu Hung Chien,  D. M. Chipman,  D. L. Crittenden,  H. Dachsel,  
 R. J. Doerksen,  A. D. Dutoi,  R. G. Edgar,  J. Fosso-Tande,  
 L. Fusti-Molnar,  D. Ghosh,  A. Ghysels,  A. Golubeva-Zadorozhnaya,  
 J. Gonthier,  M. S. Gordon,  S. R. Gwaltney,  G. Hawkins,  J. E. Herr,  
 A. Heyden,  S. Hirata,  E. G. Hohenstein,  G. Kedziora,  F. J. Keil,  
 C. Kelley,  Jihan Kim,  R. A. King,  R. Z. Khaliullin,  P. P. Korambath,  
 W. Kurlancheek,  A. Laurent,  A. M. Lee,  M. S. Lee,  S. V. Levchenko,  
 Ching Yeh Lin,  D. Liotard,  E. Livshits,  R. C. Lochan,  I. Lotan,  
 L. A. Martinez-Martinez,  P. E. Maslen,  N. Nair,  D. P. O'Neill,  
 D. Neuhauser,  E. Neuscamman,  C. M. Oana,  R. Olivares-Amaya,  R. Olson,  
 T. M. Perrine,  B. Peters,  P. A. Pieniazek,  A. Prociuk,  Y. M. Rhee,  
 J. Ritchie,  M. A. Rohrdanz,  E. Rosta,  N. J. Russ,  H. F. Schaefer III,  
 M. W. Schmidt,  N. E. Schultz,  S. Sharma,  N. Shenvi,  C. D. Sherrill,  
 A. C. Simmonett,  A. Sodt,  T. Stein,  D. Stuck,  K. S. Thanthiriwatte,  
 V. Vanovschi,  L. Vogt,  Tao Wang,  A. Warshel,  M. A. Watson,  
 C. F. Williams,  Q. Wu,  X. Xu,  Jun Yang,  W. Zhang,  Yan Zhao

   Please cite Q-Chem as follows:
  "Software for the frontiers of quantum chemistry:
   An overview of developments in the Q-Chem 5 package"
   J. Chem. Phys. 155, 084801 (2021)
   https://doi.org/10.1063/5.0055522 (open access)

 Q-Chem 6.0.2 for Intel X86 EM64T Linux

 Parts of Q-Chem use Armadillo 9.900.5 (Nocturnal Misbehaviour).
 http://arma.sourceforge.net/

 Q-Chem begins on Thu Aug  1 13:37:53 2024  

 Host: 
0

     Scratch files written to /expanse/lustre/scratch/whughes/temp_project/job_32695230/ethene-neutral-wb97xd-wB97mV-32695230//
 Dec722 |scratch|qcdevops|jenkins|workspace|build_RNUM    
 Processing $rem in /cm/shared/apps/spack/0.17.3/cpu/b/opt/spack/linux-rocky8-zen2/gcc-10.2.0/qchem-6.0-rytxnwjazd34ekd2gqyi5ufsaimxsd3r/config/preferences:
 Processing $rem in /home/whughes/.qchemrc:

 Checking the input file for inconsistencies... 	...done.

--------------------------------------------------------------
User input:
--------------------------------------------------------------
$molecule
0 1
C    -0.3151678957   0.5307834672    -0.2359551371
C    0.3151679045    -0.5307834595   0.2359551428
H    -0.0665375926   0.9572599881    -1.2005960182
H    -1.105943413    1.0173089377    0.3227873256
H    0.0665375889    -0.9572599913   1.2005960158
H    1.1059434079    -1.0173089421   -0.3227873289
$end

$rem
METHOD      wB97M-V
BASIS       def2-QZVPP
SYM_IGNORE   TRUE
DFT_D       false
MAX_SCF_CYCLES 300
$end

$end
--------------------------------------------------------------
 ----------------------------------------------------------------
             Standard Nuclear Orientation (Angstroms)
    I     Atom           X                Y                Z
 ----------------------------------------------------------------
    1      C      -0.3151678957     0.5307834672    -0.2359551371
    2      C       0.3151679045    -0.5307834595     0.2359551428
    3      H      -0.0665375926     0.9572599881    -1.2005960182
    4      H      -1.1059434130     1.0173089377     0.3227873256
    5      H       0.0665375889    -0.9572599913     1.2005960158
    6      H       1.1059434079    -1.0173089421    -0.3227873289
 ----------------------------------------------------------------
 Nuclear Repulsion Energy =          33.52030019 hartrees
 There are        8 alpha and        8 beta electrons
 Requested basis set is def2-QZVPP
 There are 74 shells and 234 basis functions

 Total QAlloc Memory Limit   8000 MB
 Mega-Array Size       188 MB
 MEM_STATIC part       192 MB


                       Distance Matrix (Angstroms)
             C (  1)   C (  2)   H (  3)   H (  4)   H (  5)
   C (  2)  1.321721
   H (  3)  1.083620  2.103248
   H (  4)  1.083617  2.103256  1.845174
   H (  5)  2.103248  1.083620  3.073893  2.458492
   H (  6)  2.103256  1.083617  2.458492  3.073903  1.845174
 
 A cutoff of  1.0D-09 yielded   2701 shell pairs
 There are     27301 function pairs (     40380 Cartesian)
 Smallest overlap matrix eigenvalue = 8.60E-05

 Scale SEOQF with 1.000000e-01/1.000000e-01/1.000000e-01

 Standard Electronic Orientation quadrupole field applied
 Nucleus-field energy     =     0.0000000002 hartrees
 Guess from superposition of atomic densities
 Warning:  Energy on first SCF cycle will be non-variational
 SAD guess density has 16.000000 electrons

 -----------------------------------------------------------------------
  General SCF calculation program by
  Eric Jon Sundstrom, Paul Horn, Yuezhi Mao, Dmitri Zuev, Alec White,
  David Stuck, Shaama M.S., Shane Yost, Joonho Lee, David Small,
  Daniel Levine, Susi Lehtola, Hugh Burton, Evgeny Epifanovsky,
  Bang C. Huynh
 -----------------------------------------------------------------------
 Exchange:     0.1500 Hartree-Fock + 1.0000 wB97M-V + LR-HF
 Correlation:  1.0000 wB97M-V
 Using SG-2 standard quadrature grid
 Nonlocal Correlation:  VV10 with C = 0.0100 and b = 6.00 and scale = 1.00000
 Grid used for NLC:  SG-1 standard quadrature
 using 32 threads for integral computing
 -------------------------------------------------------
 OpenMP Integral computing Module                
 Release: version 1.0, May 2013, Q-Chem Inc. Pittsburgh 
 -------------------------------------------------------
 A restricted SCF calculation will be
 performed using DIIS
 SCF converges when DIIS error is below 1.0e-05
 ---------------------------------------
  Cycle       Energy         DIIS error
 ---------------------------------------
    1     -78.8481777061      2.03e-02  
    2     -78.5465962551      1.91e-03  
    3     -78.5617615228      1.22e-03  
    4     -78.5715120872      7.15e-05  
    5     -78.5715760995      7.87e-06  Convergence criterion met
 ---------------------------------------
 SCF time:   CPU 101.84s  wall 3.00s 
 SCF   energy in the final basis set =      -78.5715760995
 Total energy in the final basis set =      -78.5715760995
 
 --------------------------------------------------------------
 
                    Orbital Energies (a.u.)
 --------------------------------------------------------------
 
 Alpha MOs
 -- Occupied --
-10.3410 -10.3401  -0.8864  -0.6930  -0.5784  -0.5255  -0.4528  -0.3759
 -- Virtual --
  0.0767   0.0876   0.1006   0.1162   0.1546   0.1827   0.1837   0.2126
  0.2551   0.2625   0.2666   0.3579   0.3861   0.3948   0.4213   0.4222
  0.4461   0.4990   0.5274   0.5887   0.6177   0.6332   0.6765   0.7048
  0.7615   0.8171   0.8171   0.8224   0.8256   0.8451   0.8684   0.8872
  0.9026   0.9074   0.9210   0.9554   0.9678   1.0096   1.0102   1.0724
  1.1371   1.1560   1.1660   1.2079   1.2577   1.3100   1.4019   1.4342
  1.6724   1.6831   1.6953   1.7007   1.7519   1.8488   1.8598   1.8733
  1.8878   1.9007   1.9396   1.9891   2.0271   2.0535   2.0694   2.0944
  2.1151   2.1243   2.1256   2.1989   2.2092   2.2358   2.2859   2.2861
  2.3963   2.4635   2.4949   2.5016   2.5054   2.5416   2.5637   2.5827
  2.6073   2.6353   2.6621   2.7025   2.7143   2.7164   2.7391   2.8034
  2.8073   2.8790   2.9019   3.0335   3.1939   3.2154   3.2501   3.3840
  3.3989   3.4369   3.4427   3.4430   3.4575   3.6520   3.6559   3.6964
  3.7534   3.8582   3.8607   3.8688   3.9537   4.0051   4.1574   4.3907
  4.5630   4.9178   4.9470   4.9527   4.9783   5.0360   5.0409   5.1595
  5.4170   5.4410   5.4435   5.4455   5.5115   5.5499   5.6726   5.7111
  5.7195   5.7640   5.7746   5.7860   5.8545   5.8625   5.9710   5.9955
  6.0319   6.0611   6.0879   6.1084   6.1351   6.1504   6.1678   6.2184
  6.2384   6.2532   6.3082   6.3539   6.4090   6.4254   6.4589   6.4872
  6.6992   6.7350   6.8108   6.8180   6.9530   6.9951   7.0180   7.0199
  7.0396   7.0540   7.2201   7.2396   7.3057   7.3877   7.4367   7.5023
  7.5248   7.5413   7.5627   7.5677   7.6271   7.6449   7.6562   7.6618
  7.7242   7.7635   7.8607   8.0086   8.0491   8.0654   8.1031   8.1377
  8.1949   8.2027   8.2137   8.2388   8.2661   8.3297   8.3614   8.3637
  8.3883   8.4846   8.4969   8.5187   8.5399   8.7619   8.8772   8.8793
  8.9868   9.0423   9.1429   9.1817   9.2911   9.4967   9.6930   9.7392
  9.7963   9.8068   9.9641  10.0788  10.1378  10.1634  10.5864  10.7210
 10.9655  11.0268  11.4866  12.5100  12.7724  12.9768  28.5312  29.4572
149.3035 150.2723
 --------------------------------------------------------------
 
          Ground-State Mulliken Net Atomic Charges

     Atom                 Charge (a.u.)
  ----------------------------------------
      1 C                    -0.203842
      2 C                    -0.203842
      3 H                     0.104507
      4 H                     0.099335
      5 H                     0.104507
      6 H                     0.099335
  ----------------------------------------
  Sum of atomic charges =     0.000000

 -----------------------------------------------------------------
                    Cartesian Multipole Moments
 -----------------------------------------------------------------
    Charge (ESU x 10^10)
                 0.0000
    Dipole Moment (Debye)
         X      -0.0000      Y      -0.0000      Z      -0.0000
       Tot       0.0000
    Quadrupole Moments (Debye-Ang)
        XX     -14.0154     XY      -1.3567     YY     -13.6426
        XZ      -0.9555     YZ      -0.8816     ZZ     -13.1571
    Octopole Moments (Debye-Ang^2)
       XXX      -0.0000    XXY      -0.0000    XYY      -0.0000
       YYY      -0.0000    XXZ      -0.0000    XYZ       0.0000
       YYZ      -0.0000    XZZ      -0.0000    YZZ      -0.0000
       ZZZ      -0.0000
    Hexadecapole Moments (Debye-Ang^3)
      XXXX     -34.1327   XXXY       8.6033   XXYY     -13.6363
      XYYY       9.2091   YYYY     -53.4683   XXXZ      -2.8526
      XXYZ       3.3844   XYYZ      -1.3037   YYYZ       6.9679
      XXZZ     -11.4653   XYZZ       3.2958   YYZZ     -13.0913
      XZZZ      -2.3352   YZZZ       5.2050   ZZZZ     -31.4439
 -----------------------------------------------------------------
 Total job time:  6.34s(wall), 115.35s(cpu) 
 Thu Aug  1 13:37:59 2024

        *************************************************************
        *                                                           *
        *  Thank you very much for using Q-Chem.  Have a nice day.  *
        *                                                           *
        *************************************************************


