
Running Job 1 of 1 ca4-r2-triplet-wb97xd-wB97mV.in
qchem ca4-r2-triplet-wb97xd-wB97mV.in_1814530.0 /expanse/lustre/scratch/whughes/temp_project/job_32692405/ca4-r2-triplet-wb97xd-wB97mV-32692405/ 0
/cm/shared/apps/spack/0.17.3/cpu/b/opt/spack/linux-rocky8-zen2/gcc-10.2.0/qchem-6.0-rytxnwjazd34ekd2gqyi5ufsaimxsd3r/exe/qcprog.exe_s ca4-r2-triplet-wb97xd-wB97mV.in_1814530.0 /expanse/lustre/scratch/whughes/temp_project/job_32692405/ca4-r2-triplet-wb97xd-wB97mV-32692405/
                  Welcome to Q-Chem
     A Quantum Leap Into The Future Of Chemistry


 Q-Chem 6.0, Q-Chem, Inc., Pleasanton, CA (2022)

 License issued to: University of California, San Diego (site)

 E. Epifanovsky,  A. T. B. Gilbert,  Xintian Feng,  Joonho Lee,  Yuezhi Mao,  
 N. Mardirossian,  P. Pokhilko,  A. White,  M. Wormit,  M. P. Coons,  
 A. L. Dempwolff,  Zhengting Gan,  D. Hait,  P. R. Horn,  L. D. Jacobson,  
 I. Kaliman,  J. Kussmann,  A. W. Lange,  Ka Un Lao,  D. S. Levine,  Jie Liu,  
 S. C. McKenzie,  A. F. Morrison,  K. Nanda,  F. Plasser,  D. R. Rehn,  
 M. L. Vidal,  Zhi-Qiang You,  Ying Zhu,  B. Alam,  B. Albrecht,  
 A. Aldossary,  E. Alguire,  J. H. Andersen,  V. Athavale,  D. Barton,  
 K. Begam,  A. Behn,  N. Bellonzi,  Y. A. Bernard,  E. J. Berquist,  
 H. Burton,  A. Carreras,  K. Carter-Fenk,  Romit Chakraborty,  
 Chandrima Chakravarty,  Junhan Chen,  A. D. Chien,  K. D. Closser,  
 V. Cofer-Shabica,  L. Cunha,  S. Dasgupta,  Jia Deng,  M. de Wergifosse,  
 M. Diedenhofen,  Hainam Do,  S. Ehlert,  Po-Tung Fang,  S. Fatehi,  
 Qingguo Feng,  T. Friedhoff,  B. Ganoe,  J. Gayvert,  Qinghui Ge,  
 G. Gidofalvi,  M. Goldey,  J. Gomes,  C. Gonzalez-Espinoza,  S. Gulania,  
 A. Gunina,  J. A. Gyamfi,  M. W. D. Hanson-Heine,  P. H. P. Harbach,  
 A. W. Hauser,  M. F. Herbst,  M. Hernandez Vera,  M. Hodecker,  
 Z. C. Holden,  S. Houck,  Xunkun Huang,  Kerwin Hui,  B. C. Huynh,  
 K. Ikeda,  M. Ivanov,  Hyunjun Ji,  Zuxin Jin,  Hanjie Jiang,  B. Kaduk,  
 S. Kaehler,  R. Kang,  K. Khistyaev,  Jaehoon Kim,  Yongbin Kim,  
 P. Klunzinger,  Z. Koczor-Benda,  Joong Hoon Koh,  D. Kosenkov,  
 Saikiran Kotaru,  L. Koulias,  T. Kowalczyk,  C. M. Krauter,  K. Kue,  
 A. Kunitsa,  T. Kus,  A. Landau,  K. V. Lawler,  D. Lefrancois,  S. Lehtola,  
 Rain Li,  Shaozhi Li,  Yi-Pei Li,  Jiashu Liang,  M. Liebenthal,  
 Hung-Hsuan Lin,  You-Sheng Lin,  Fenglai Liu,  Kuan-Yu Liu,  
 M. Loipersberger,  A. Luenser,  C. Malbon,  A. Manjanath,  P. Manohar,  
 E. Mansoor,  S. F. Manzer,  Shan-Ping Mao,  A. V. Marenich,  T. Markovich,  
 S. Mason,  F. Matz,  S. A. Maurer,  P. F. McLaughlin,  M. F. S. J. Menger,  
 J.-M. Mewes,  S. A. Mewes,  P. Morgante,  Mohammad Mostafanejad,  
 J. W. Mullinax,  K. J. Oosterbaan,  G. Paran,  V. Parravicini,  
 Alexander C. Paul,  Suranjan K. Paul,  F. Pavosevic,  Zheng Pei,  S. Prager,  
 E. I. Proynov,  E. Ramos,  B. Rana,  A. E. Rask,  A. Rettig,  R. M. Richard,  
 F. Rob,  E. Rossomme,  T. Scheele,  M. Scheurer,  M. Schneider,  
 P. E. Schneider,  N. Sergueev,  S. M. Sharada,  Hengyuan Shen,  
 W. Skomorowski,  D. W. Small,  C. J. Stein,  Yingli Su,  Yu-Chuan Su,  
 E. J. Sundstrom,  Zhen Tao,  J. Thirman,  Hung-Yi Tsai,  T. Tsuchimochi,  
 N. M. Tubman,  C. Utku,  S. P. Veccham,  O. Vydrov,  J. Wenzel,  
 Jonathan Wong,  J. Witte,  A. Yamada,  Chou-Hsun Yang,  Kun Yao,  
 S. Yeganeh,  S. R. Yost,  A. Zech,  F. Zeller,  Igor Ying Zhang,  
 Xing Zhang,  Yu Zhang,  D. Zuev,  A. Aspuru-Guzik,  A. T. Bell,  
 N. A. Besley,  K. B. Bravaya,  B. R. Brooks,  D. Casanova,  Jeng-Da Chai,  
 Hsing-Ta Chen,  S. Coriani,  C. J. Cramer,  A. E. DePrince, III,  
 R. A. DiStasio Jr.,  A. Dreuw,  B. D. Dunietz,  T. R. Furlani,  
 W. A. Goddard III,  S. Grimme,  S. Hammes-Schiffer,  T. Head-Gordon,  
 W. J. Hehre,  Chao-Ping Hsu,  T.-C. Jagau,  Yousung Jung,  A. Klamt,  
 Jing Kong,  D. S. Lambrecht,  Xiangyuan Li,  WanZhen Liang,  N. J. Mayhall,  
 C. W. McCurdy,  J. B. Neaton,  T. Neudecker,  C. Ochsenfeld,  
 J. A. Parkhill,  R. Peverati,  V. A. Rassolov,  Haisheng Ren,  Yihan Shao,  
 L. V. Slipchenko,  R. P. Steele,  J. E. Subotnik,  A. J. W. Thom,  
 A. Tkatchenko,  D. G. Truhlar,  T. Van Voorhis,  Fan Wang,  
 T. A. Wesolowski,  K. B. Whaley,  H. L. Woodcock III,  P. M. Zimmerman,  
 S. Faraji,  P. M. W. Gill,  M. Head-Gordon,  J. M. Herbert,  A. I. Krylov

 Contributors to earlier versions of Q-Chem not listed above: 
 R. D. Adamson,  B. Austin,  R. Baer,  J. Baker,  G. J. O. Beran,  
 K. Brandhorst,  S. T. Brown,  E. F. C. Byrd,  Arup K. Chakraborty,  
 G. K. L. Chan,  Chun-Min Chang,  Yunqing Chen,  C.-L. Cheng,  
 Siu Hung Chien,  D. M. Chipman,  D. L. Crittenden,  H. Dachsel,  
 R. J. Doerksen,  A. D. Dutoi,  R. G. Edgar,  J. Fosso-Tande,  
 L. Fusti-Molnar,  D. Ghosh,  A. Ghysels,  A. Golubeva-Zadorozhnaya,  
 J. Gonthier,  M. S. Gordon,  S. R. Gwaltney,  G. Hawkins,  J. E. Herr,  
 A. Heyden,  S. Hirata,  E. G. Hohenstein,  G. Kedziora,  F. J. Keil,  
 C. Kelley,  Jihan Kim,  R. A. King,  R. Z. Khaliullin,  P. P. Korambath,  
 W. Kurlancheek,  A. Laurent,  A. M. Lee,  M. S. Lee,  S. V. Levchenko,  
 Ching Yeh Lin,  D. Liotard,  E. Livshits,  R. C. Lochan,  I. Lotan,  
 L. A. Martinez-Martinez,  P. E. Maslen,  N. Nair,  D. P. O'Neill,  
 D. Neuhauser,  E. Neuscamman,  C. M. Oana,  R. Olivares-Amaya,  R. Olson,  
 T. M. Perrine,  B. Peters,  P. A. Pieniazek,  A. Prociuk,  Y. M. Rhee,  
 J. Ritchie,  M. A. Rohrdanz,  E. Rosta,  N. J. Russ,  H. F. Schaefer III,  
 M. W. Schmidt,  N. E. Schultz,  S. Sharma,  N. Shenvi,  C. D. Sherrill,  
 A. C. Simmonett,  A. Sodt,  T. Stein,  D. Stuck,  K. S. Thanthiriwatte,  
 V. Vanovschi,  L. Vogt,  Tao Wang,  A. Warshel,  M. A. Watson,  
 C. F. Williams,  Q. Wu,  X. Xu,  Jun Yang,  W. Zhang,  Yan Zhao

   Please cite Q-Chem as follows:
  "Software for the frontiers of quantum chemistry:
   An overview of developments in the Q-Chem 5 package"
   J. Chem. Phys. 155, 084801 (2021)
   https://doi.org/10.1063/5.0055522 (open access)

 Q-Chem 6.0.2 for Intel X86 EM64T Linux

 Parts of Q-Chem use Armadillo 9.900.5 (Nocturnal Misbehaviour).
 http://arma.sourceforge.net/

 Q-Chem begins on Thu Aug  1 11:38:34 2024  

 Host: 
0

     Scratch files written to /expanse/lustre/scratch/whughes/temp_project/job_32692405/ca4-r2-triplet-wb97xd-wB97mV-32692405//
 Dec722 |scratch|qcdevops|jenkins|workspace|build_RNUM    
 Processing $rem in /cm/shared/apps/spack/0.17.3/cpu/b/opt/spack/linux-rocky8-zen2/gcc-10.2.0/qchem-6.0-rytxnwjazd34ekd2gqyi5ufsaimxsd3r/config/preferences:
 Processing $rem in /home/whughes/.qchemrc:

 Checking the input file for inconsistencies... 	...done.

--------------------------------------------------------------
User input:
--------------------------------------------------------------
$molecule
0 3
C    0.4099192619    0.3325668399    -1.3831004823
N    0.9035003639    -0.9505010291   -1.0255108694
N    0.9305917356    -1.0513767698   0.3083724541
C    -0.0409976604   -0.521050246    1.1759213244
N    -0.9147488288   0.3500680241    0.572512711
C    -0.6687638531   0.957038732     -0.6691164508
O    -0.0943352627   -0.8632700214   2.3260895783
O    -1.2778033426   1.9438048056    -1.0214863935
H    0.9562388177    0.8896563553    -2.1308794889
H    1.3993626325    -1.8672102417   0.6763616599
H    -1.6029628641   0.7802745511    1.1708359572
$end

$rem
METHOD      wB97M-V
BASIS       def2-QZVPP
SYM_IGNORE   TRUE
DFT_D       false
MAX_SCF_CYCLES 300
$end

$end
--------------------------------------------------------------
 ----------------------------------------------------------------
             Standard Nuclear Orientation (Angstroms)
    I     Atom           X                Y                Z
 ----------------------------------------------------------------
    1      C       0.4099192619     0.3325668399    -1.3831004823
    2      N       0.9035003639    -0.9505010291    -1.0255108694
    3      N       0.9305917356    -1.0513767698     0.3083724541
    4      C      -0.0409976604    -0.5210502460     1.1759213244
    5      N      -0.9147488288     0.3500680241     0.5725127110
    6      C      -0.6687638531     0.9570387320    -0.6691164508
    7      O      -0.0943352627    -0.8632700214     2.3260895783
    8      O      -1.2778033426     1.9438048056    -1.0214863935
    9      H       0.9562388177     0.8896563553    -2.1308794889
   10      H       1.3993626325    -1.8672102417     0.6763616599
   11      H      -1.6029628641     0.7802745511     1.1708359572
 ----------------------------------------------------------------
 Nuclear Repulsion Energy =         359.14709722 hartrees
 There are       30 alpha and       28 beta electrons
 Requested basis set is def2-QZVPP
 There are 166 shells and 546 basis functions

 Total QAlloc Memory Limit   8000 MB
 Mega-Array Size       188 MB
 MEM_STATIC part       192 MB


                       Distance Matrix (Angstroms)
             C (  1)   N (  2)   N (  3)   C (  4)   N (  5)   C (  6)
   N (  2)  1.420477
   N (  3)  2.246660  1.337967
   C (  4)  2.735065  2.433682  1.406369
   N (  5)  2.362091  2.747943  2.332188  1.373459
   C (  6)  1.436418  2.497547  2.747209  2.446018  1.403768
   O (  7)  3.929681  3.498072  2.270912  1.201185  2.284797  3.551725
   O (  8)  2.361199  3.624239  3.951790  3.526159  2.283120  1.211941
   H (  9)  1.080735  2.147277  3.117406  3.730885  3.331678  2.186761
   H ( 10)  3.171656  1.995647  1.010320  2.033800  3.206590  3.750179
   H ( 11)  3.282488  3.755247  3.243099  2.033029  1.008319  2.071086
             O (  7)   O (  8)   H (  9)   H ( 10)
   O (  8)  4.526205
   H (  9)  4.903165  2.707938
   H ( 10)  2.441440  4.957191  3.959454
   H ( 11)  2.512331  2.503160  4.178852  4.033316
 
 A cutoff of  1.0D-09 yielded  11258 shell pairs
 There are    124418 function pairs (    192598 Cartesian)
 Smallest overlap matrix eigenvalue = 5.75E-05

 Scale SEOQF with 1.000000e-01/1.000000e-01/1.000000e-01

 Standard Electronic Orientation quadrupole field applied
 Nucleus-field energy     =    -0.0000000037 hartrees
 Guess from superposition of atomic densities
 Warning:  Energy on first SCF cycle will be non-variational
 SAD guess density has 58.000000 electrons

 -----------------------------------------------------------------------
  General SCF calculation program by
  Eric Jon Sundstrom, Paul Horn, Yuezhi Mao, Dmitri Zuev, Alec White,
  David Stuck, Shaama M.S., Shane Yost, Joonho Lee, David Small,
  Daniel Levine, Susi Lehtola, Hugh Burton, Evgeny Epifanovsky,
  Bang C. Huynh
 -----------------------------------------------------------------------
 Exchange:     0.1500 Hartree-Fock + 1.0000 wB97M-V + LR-HF
 Correlation:  1.0000 wB97M-V
 Using SG-2 standard quadrature grid
 Nonlocal Correlation:  VV10 with C = 0.0100 and b = 6.00 and scale = 1.00000
 Grid used for NLC:  SG-1 standard quadrature
 using 32 threads for integral computing
 -------------------------------------------------------
 OpenMP Integral computing Module                
 Release: version 1.0, May 2013, Q-Chem Inc. Pittsburgh 
 -------------------------------------------------------
 A unrestricted SCF calculation will be
 performed using DIIS
 SCF converges when DIIS error is below 1.0e-05
 ---------------------------------------
  Cycle       Energy         DIIS error
 ---------------------------------------
    1    -433.0522543623      8.97e-03  
    2    -430.5587233314      1.36e-03  
    3    -430.3555132547      2.07e-03  
    4    -430.7915580947      1.40e-04  
    5    -430.7943410636      9.44e-05  
    6    -430.7958421673      3.02e-05  
    7    -430.7962228058      1.48e-05  
    8    -430.7963582770      9.03e-06  Convergence criterion met
 ---------------------------------------
 SCF time:   CPU 2504.16s  wall 79.00s 
<S^2> =          2.011304507
 SCF   energy in the final basis set =     -430.7963582770
 Total energy in the final basis set =     -430.7963582770
 
 --------------------------------------------------------------
 
                    Orbital Energies (a.u.)
 --------------------------------------------------------------
 
 Alpha MOs
 -- Occupied --
-19.3477 -19.3405 -14.6229 -14.5806 -14.5738 -10.5238 -10.4869 -10.4333
 -1.2526  -1.2104  -1.1869  -1.0913  -0.9894  -0.8693  -0.8073  -0.7423
 -0.7097  -0.6476  -0.6321  -0.6034  -0.5874  -0.5712  -0.5578  -0.5357
 -0.4854  -0.4256  -0.4232  -0.4038  -0.3913  -0.3047
 -- Virtual --
  0.0502   0.0659   0.0772   0.0905   0.1292   0.1326   0.1393   0.1455
  0.1540   0.1847   0.1937   0.2130   0.2210   0.2290   0.2537   0.2595
  0.2757   0.2921   0.3023   0.3107   0.3159   0.3259   0.3421   0.3473
  0.3507   0.3667   0.3831   0.3904   0.4022   0.4187   0.4214   0.4410
  0.4527   0.4619   0.4726   0.4740   0.4800   0.5010   0.5081   0.5339
  0.5538   0.5654   0.5877   0.6200   0.6271   0.6389   0.6460   0.6588
  0.6733   0.7014   0.7189   0.7273   0.7418   0.7635   0.7700   0.7815
  0.7930   0.8214   0.8366   0.8372   0.8731   0.8796   0.8852   0.9018
  0.9226   0.9267   0.9388   0.9424   0.9603   0.9742   0.9881   0.9982
  1.0178   1.0365   1.0560   1.0620   1.0705   1.0996   1.1388   1.1464
  1.1721   1.1856   1.1997   1.2146   1.2270   1.2419   1.2541   1.2844
  1.2879   1.3165   1.3438   1.3765   1.4094   1.4233   1.4480   1.4630
  1.4718   1.4747   1.4965   1.5079   1.5243   1.5312   1.5393   1.5528
  1.5674   1.5682   1.5982   1.6369   1.6457   1.6612   1.6803   1.6885
  1.7074   1.7267   1.7668   1.8001   1.8183   1.8220   1.8369   1.8628
  1.8829   1.9020   1.9107   1.9358   1.9557   1.9613   1.9826   1.9939
  2.0013   2.0150   2.0240   2.0746   2.0894   2.0910   2.1172   2.1421
  2.1710   2.1741   2.1976   2.2029   2.2187   2.2405   2.2593   2.2819
  2.2942   2.3321   2.3359   2.3725   2.3917   2.3973   2.4081   2.4321
  2.4398   2.4518   2.4677   2.4768   2.5074   2.5178   2.5476   2.5553
  2.6008   2.6095   2.6172   2.6366   2.6408   2.6445   2.6856   2.7183
  2.7298   2.7500   2.7609   2.7828   2.8020   2.8150   2.8226   2.8665
  2.8722   2.8939   2.9090   2.9380   2.9553   2.9730   2.9840   3.0080
  3.0370   3.0730   3.0773   3.0933   3.1140   3.1483   3.1673   3.1977
  3.2179   3.2424   3.2857   3.2968   3.3267   3.3498   3.3734   3.3841
  3.4023   3.4154   3.4433   3.4476   3.4861   3.5092   3.5506   3.5557
  3.5579   3.5863   3.5998   3.6185   3.6572   3.6609   3.7036   3.7122
  3.7464   3.7672   3.7763   3.8032   3.8202   3.8522   3.8814   3.8880
  3.9267   3.9466   3.9942   4.0317   4.0653   4.0699   4.0923   4.1052
  4.1409   4.1719   4.2018   4.2255   4.2270   4.2541   4.2776   4.2920
  4.3288   4.3510   4.4026   4.4161   4.4565   4.4833   4.5113   4.5261
  4.5559   4.5894   4.6291   4.6505   4.6717   4.6958   4.7272   4.7338
  4.7475   4.8159   4.8626   4.8745   4.8922   4.9544   4.9740   4.9861
  5.0195   5.0616   5.0928   5.1606   5.1943   5.2147   5.2296   5.2740
  5.3357   5.3637   5.3966   5.4291   5.4420   5.4646   5.4902   5.5197
  5.5370   5.5588   5.5945   5.6173   5.6477   5.7218   5.7339   5.7679
  5.7736   5.8124   5.8350   5.8801   5.9124   5.9198   5.9374   5.9748
  6.0039   6.0331   6.0560   6.0771   6.0801   6.1063   6.1366   6.1443
  6.1600   6.1745   6.1853   6.2098   6.2478   6.2659   6.3035   6.3264
  6.3401   6.3577   6.3826   6.3996   6.4327   6.4525   6.4823   6.5057
  6.5478   6.5700   6.6218   6.6317   6.6591   6.6903   6.7508   6.7846
  6.8394   6.8639   6.8812   6.9013   6.9063   6.9335   6.9685   7.0065
  7.0180   7.0278   7.0496   7.1153   7.1240   7.2011   7.2218   7.2498
  7.2834   7.3455   7.3649   7.3737   7.3966   7.4176   7.4644   7.4739
  7.5070   7.5148   7.5674   7.5823   7.6093   7.6285   7.6656   7.7050
  7.7631   7.7727   7.7984   7.8650   7.8840   7.9038   7.9155   7.9584
  7.9744   7.9904   8.0060   8.0418   8.0573   8.0715   8.1116   8.1320
  8.1351   8.1872   8.2257   8.2278   8.2640   8.2878   8.3062   8.3279
  8.3422   8.3707   8.4151   8.4208   8.4732   8.4909   8.5128   8.5640
  8.6488   8.6933   8.7168   8.7452   8.8047   8.8412   8.8758   8.9353
  8.9657   8.9682   8.9830   8.9850   9.0060   9.0173   9.0542   9.0743
  9.1357   9.1405   9.1692   9.1833   9.1987   9.2216   9.2385   9.2616
  9.2694   9.2826   9.3325   9.3464   9.3967   9.4332   9.4754   9.4980
  9.5256   9.5762   9.5972   9.6225   9.6649   9.6740   9.7060   9.7656
  9.7886   9.8581   9.9025   9.9073   9.9383   9.9960  10.0256  10.0942
 10.1257  10.1380  10.2063  10.2549  10.2817  10.3336  10.3479  10.3959
 10.4438  10.4860  10.5496  10.6453  10.7489  10.8080  10.8817  10.9421
 10.9826  11.0640  11.1238  11.1380  11.1415  11.1678  11.1876  11.3482
 11.4071  11.5028  11.5178  11.5559  11.5857  11.5965  11.6494  11.7100
 11.7387  11.7969  11.8115  11.8974  11.9395  11.9504  11.9644  12.0061
 12.0616  12.0921  12.2673  12.2724  12.2766  12.3273  12.3731  12.4246
 12.4483  12.7622  13.2944  13.3382  13.6352  13.7875  14.2123  14.2547
 14.6099  14.6683  14.8348  14.9386  28.2968  28.4914  28.7732  37.6291
 38.1369  38.2561  48.4455  48.4760 149.0855 149.2294 149.5339 198.9894
199.5277 199.6594 255.8740 255.9091
 
 Beta MOs
 -- Occupied --
-19.3455 -19.3356 -14.6164 -14.5732 -14.5653 -10.5239 -10.4875 -10.4221
 -1.2455  -1.2031  -1.1693  -1.0871  -0.9606  -0.8485  -0.8025  -0.7294
 -0.6981  -0.6267  -0.6188  -0.5978  -0.5736  -0.5609  -0.5298  -0.4964
 -0.4593  -0.4117  -0.4042  -0.3912
 -- Virtual --
 -0.0938   0.0072   0.0569   0.0777   0.0812   0.0918   0.1291   0.1399
  0.1442   0.1544   0.1575   0.1936   0.1980   0.2147   0.2234   0.2295
  0.2577   0.2643   0.2828   0.3011   0.3073   0.3176   0.3199   0.3385
  0.3482   0.3485   0.3555   0.3754   0.3856   0.3962   0.4092   0.4217
  0.4229   0.4416   0.4573   0.4679   0.4745   0.4786   0.4849   0.5058
  0.5114   0.5367   0.5574   0.5686   0.5979   0.6255   0.6327   0.6411
  0.6479   0.6701   0.6775   0.7072   0.7246   0.7342   0.7445   0.7672
  0.7752   0.7884   0.7978   0.8246   0.8423   0.8430   0.8790   0.8832
  0.8872   0.9043   0.9247   0.9304   0.9417   0.9483   0.9649   0.9778
  0.9905   1.0029   1.0238   1.0404   1.0583   1.0696   1.0758   1.1081
  1.1472   1.1517   1.1778   1.1929   1.2074   1.2229   1.2410   1.2488
  1.2598   1.2907   1.2935   1.3212   1.3487   1.3824   1.4178   1.4296
  1.4529   1.4679   1.4778   1.4837   1.5025   1.5149   1.5318   1.5378
  1.5447   1.5574   1.5699   1.5729   1.6041   1.6442   1.6545   1.6675
  1.6883   1.6945   1.7142   1.7350   1.7706   1.8118   1.8267   1.8387
  1.8445   1.8711   1.8882   1.9127   1.9168   1.9435   1.9646   1.9703
  1.9873   2.0021   2.0155   2.0231   2.0376   2.0796   2.0957   2.1045
  2.1245   2.1543   2.1797   2.1821   2.2045   2.2123   2.2280   2.2461
  2.2647   2.2900   2.3022   2.3411   2.3460   2.3800   2.3977   2.4035
  2.4195   2.4427   2.4500   2.4608   2.4739   2.4891   2.5140   2.5258
  2.5608   2.5689   2.6145   2.6217   2.6269   2.6441   2.6516   2.6535
  2.6971   2.7299   2.7382   2.7575   2.7716   2.7921   2.8103   2.8274
  2.8331   2.8785   2.8872   2.9034   2.9221   2.9465   2.9620   2.9852
  2.9981   3.0209   3.0468   3.0883   3.0940   3.1070   3.1314   3.1592
  3.1758   3.2093   3.2368   3.2498   3.2984   3.3085   3.3401   3.3598
  3.3943   3.3961   3.4168   3.4296   3.4543   3.4604   3.5044   3.5211
  3.5625   3.5707   3.5745   3.5989   3.6178   3.6344   3.6678   3.6754
  3.7220   3.7291   3.7663   3.7798   3.7936   3.8177   3.8349   3.8672
  3.8919   3.9146   3.9387   3.9609   4.0054   4.0427   4.0766   4.0835
  4.1028   4.1216   4.1514   4.1922   4.2134   4.2382   4.2414   4.2723
  4.2870   4.3031   4.3391   4.3604   4.4135   4.4268   4.4695   4.4974
  4.5238   4.5403   4.5625   4.6014   4.6408   4.6612   4.6872   4.7066
  4.7406   4.7484   4.7556   4.8336   4.8712   4.8952   4.9160   4.9819
  4.9965   5.0243   5.0342   5.0762   5.1054   5.1901   5.2239   5.2319
  5.2611   5.3014   5.3800   5.3931   5.4198   5.4441   5.4692   5.4847
  5.5129   5.5365   5.5704   5.5837   5.6066   5.6472   5.6665   5.7388
  5.7455   5.7763   5.7919   5.8280   5.8551   5.9124   5.9316   5.9536
  5.9639   5.9976   6.0350   6.0616   6.0822   6.0987   6.1047   6.1402
  6.1520   6.1693   6.1862   6.1971   6.2076   6.2285   6.2735   6.2900
  6.3366   6.3453   6.3593   6.3917   6.4089   6.4206   6.4686   6.4748
  6.4977   6.5381   6.5786   6.6004   6.6484   6.6609   6.7127   6.7209
  6.7833   6.8088   6.8606   6.8819   6.9119   6.9274   6.9328   6.9707
  6.9944   7.0174   7.0362   7.0461   7.0701   7.1401   7.1586   7.2279
  7.2437   7.2847   7.3056   7.3656   7.3729   7.3960   7.4240   7.4453
  7.4804   7.4980   7.5343   7.5394   7.5943   7.6068   7.6247   7.6473
  7.7107   7.7228   7.7766   7.7943   7.8110   7.8881   7.8956   7.9306
  7.9436   7.9788   7.9994   8.0215   8.0279   8.0636   8.0753   8.0991
  8.1303   8.1535   8.1573   8.2117   8.2577   8.2588   8.2826   8.3140
  8.3341   8.3508   8.3756   8.4051   8.4371   8.4479   8.4938   8.5256
  8.5592   8.5914   8.6897   8.7250   8.7267   8.7575   8.8366   8.8643
  8.8920   8.9701   8.9759   8.9886   9.0015   9.0053   9.0352   9.0677
  9.1111   9.1388   9.1610   9.1764   9.1873   9.2103   9.2276   9.2616
  9.2663   9.2797   9.3162   9.3287   9.3572   9.3720   9.4335   9.4678
  9.5116   9.5461   9.5675   9.6045   9.6292   9.6371   9.6836   9.6996
  9.7248   9.8165   9.8516   9.8984   9.9284   9.9660   9.9760  10.0151
 10.0605  10.1270  10.1521  10.1619  10.2195  10.2860  10.3303  10.3505
 10.3671  10.4070  10.4659  10.4997  10.5633  10.6689  10.7690  10.8212
 10.9119  10.9701  11.0332  11.0865  11.1420  11.1568  11.1583  11.1917
 11.1999  11.3978  11.4491  11.5157  11.5354  11.5733  11.5981  11.6289
 11.6599  11.7248  11.7524  11.8180  11.8261  11.9284  11.9551  11.9632
 11.9808  12.0195  12.0717  12.0961  12.2802  12.2881  12.3003  12.3334
 12.4362  12.4617  12.5508  12.7810  13.3203  13.3481  13.6419  13.7920
 14.2229  14.2788  14.6178  14.6717  14.8854  14.9445  28.3164  28.4914
 28.7968  37.6592  38.1475  38.2603  48.4484  48.4832 149.0896 149.2295
149.5392 198.9991 199.5318 199.6607 255.8752 255.9119
 --------------------------------------------------------------
 
          Ground-State Mulliken Net Atomic Charges

     Atom                 Charge (a.u.)    Spin (a.u.)
  --------------------------------------------------------
      1 C                    -0.045464       0.808354
      2 N                    -0.133016       0.702503
      3 N                    -0.123604       0.255454
      4 C                     0.266755       0.002881
      5 N                    -0.225724       0.021332
      6 C                     0.185611      -0.014853
      7 O                    -0.287827       0.077736
      8 O                    -0.284255       0.184994
      9 H                     0.169038      -0.025133
     10 H                     0.240514      -0.011538
     11 H                     0.237972      -0.001729
  --------------------------------------------------------
  Sum of atomic charges =     0.000000
  Sum of spin   charges =     2.000000

 -----------------------------------------------------------------
                    Cartesian Multipole Moments
 -----------------------------------------------------------------
    Charge (ESU x 10^10)
                 0.0000
    Dipole Moment (Debye)
         X       1.3526      Y      -1.0299      Z      -0.1314
       Tot       1.7052
    Quadrupole Moments (Debye-Ang)
        XX     -43.9375     XY       1.6782     YY     -48.8631
        XZ      -2.4354     YZ       2.6680     ZZ     -52.2351
    Octopole Moments (Debye-Ang^2)
       XXX      10.8839    XXY      -6.6352    XYY      16.7235
       YYY     -21.6596    XXZ       7.5097    XYZ     -12.9003
       YYZ       9.7383    XZZ       5.6571    YZZ      10.2757
       ZZZ     -26.4733
    Hexadecapole Moments (Debye-Ang^3)
      XXXX    -215.5844   XXXY      87.3223   XXYY     -92.9175
      XYYY      96.3843   YYYY    -338.8314   XXXZ       3.0926
      XXYZ      29.9180   XYYZ      -1.0094   YYYZ      90.1831
      XXZZ    -108.8077   XYZZ      37.1415   YYZZ    -145.9536
      XZZZ       1.8030   YZZZ     101.6545   ZZZZ    -504.5182
 -----------------------------------------------------------------
 Total job time:  81.63s(wall), 2534.85s(cpu) 
 Thu Aug  1 11:39:55 2024

        *************************************************************
        *                                                           *
        *  Thank you very much for using Q-Chem.  Have a nice day.  *
        *                                                           *
        *************************************************************


