
Running Job 1 of 1 N1-I1_rdkit_conf_1_wb97xd-wB97mV.in
qchem N1-I1_rdkit_conf_1_wb97xd-wB97mV.in_2347059.0 /expanse/lustre/scratch/whughes/temp_project/job_32712611/N1-I1_rdkit_conf_1_wb97xd-wB97mV-32712611/ 0
/cm/shared/apps/spack/0.17.3/cpu/b/opt/spack/linux-rocky8-zen2/gcc-10.2.0/qchem-6.0-rytxnwjazd34ekd2gqyi5ufsaimxsd3r/exe/qcprog.exe_s N1-I1_rdkit_conf_1_wb97xd-wB97mV.in_2347059.0 /expanse/lustre/scratch/whughes/temp_project/job_32712611/N1-I1_rdkit_conf_1_wb97xd-wB97mV-32712611/
                  Welcome to Q-Chem
     A Quantum Leap Into The Future Of Chemistry


 Q-Chem 6.0, Q-Chem, Inc., Pleasanton, CA (2022)

 License issued to: University of California, San Diego (site)

 E. Epifanovsky,  A. T. B. Gilbert,  Xintian Feng,  Joonho Lee,  Yuezhi Mao,  
 N. Mardirossian,  P. Pokhilko,  A. White,  M. Wormit,  M. P. Coons,  
 A. L. Dempwolff,  Zhengting Gan,  D. Hait,  P. R. Horn,  L. D. Jacobson,  
 I. Kaliman,  J. Kussmann,  A. W. Lange,  Ka Un Lao,  D. S. Levine,  Jie Liu,  
 S. C. McKenzie,  A. F. Morrison,  K. Nanda,  F. Plasser,  D. R. Rehn,  
 M. L. Vidal,  Zhi-Qiang You,  Ying Zhu,  B. Alam,  B. Albrecht,  
 A. Aldossary,  E. Alguire,  J. H. Andersen,  V. Athavale,  D. Barton,  
 K. Begam,  A. Behn,  N. Bellonzi,  Y. A. Bernard,  E. J. Berquist,  
 H. Burton,  A. Carreras,  K. Carter-Fenk,  Romit Chakraborty,  
 Chandrima Chakravarty,  Junhan Chen,  A. D. Chien,  K. D. Closser,  
 V. Cofer-Shabica,  L. Cunha,  S. Dasgupta,  Jia Deng,  M. de Wergifosse,  
 M. Diedenhofen,  Hainam Do,  S. Ehlert,  Po-Tung Fang,  S. Fatehi,  
 Qingguo Feng,  T. Friedhoff,  B. Ganoe,  J. Gayvert,  Qinghui Ge,  
 G. Gidofalvi,  M. Goldey,  J. Gomes,  C. Gonzalez-Espinoza,  S. Gulania,  
 A. Gunina,  J. A. Gyamfi,  M. W. D. Hanson-Heine,  P. H. P. Harbach,  
 A. W. Hauser,  M. F. Herbst,  M. Hernandez Vera,  M. Hodecker,  
 Z. C. Holden,  S. Houck,  Xunkun Huang,  Kerwin Hui,  B. C. Huynh,  
 K. Ikeda,  M. Ivanov,  Hyunjun Ji,  Zuxin Jin,  Hanjie Jiang,  B. Kaduk,  
 S. Kaehler,  R. Kang,  K. Khistyaev,  Jaehoon Kim,  Yongbin Kim,  
 P. Klunzinger,  Z. Koczor-Benda,  Joong Hoon Koh,  D. Kosenkov,  
 Saikiran Kotaru,  L. Koulias,  T. Kowalczyk,  C. M. Krauter,  K. Kue,  
 A. Kunitsa,  T. Kus,  A. Landau,  K. V. Lawler,  D. Lefrancois,  S. Lehtola,  
 Rain Li,  Shaozhi Li,  Yi-Pei Li,  Jiashu Liang,  M. Liebenthal,  
 Hung-Hsuan Lin,  You-Sheng Lin,  Fenglai Liu,  Kuan-Yu Liu,  
 M. Loipersberger,  A. Luenser,  C. Malbon,  A. Manjanath,  P. Manohar,  
 E. Mansoor,  S. F. Manzer,  Shan-Ping Mao,  A. V. Marenich,  T. Markovich,  
 S. Mason,  F. Matz,  S. A. Maurer,  P. F. McLaughlin,  M. F. S. J. Menger,  
 J.-M. Mewes,  S. A. Mewes,  P. Morgante,  Mohammad Mostafanejad,  
 J. W. Mullinax,  K. J. Oosterbaan,  G. Paran,  V. Parravicini,  
 Alexander C. Paul,  Suranjan K. Paul,  F. Pavosevic,  Zheng Pei,  S. Prager,  
 E. I. Proynov,  E. Ramos,  B. Rana,  A. E. Rask,  A. Rettig,  R. M. Richard,  
 F. Rob,  E. Rossomme,  T. Scheele,  M. Scheurer,  M. Schneider,  
 P. E. Schneider,  N. Sergueev,  S. M. Sharada,  Hengyuan Shen,  
 W. Skomorowski,  D. W. Small,  C. J. Stein,  Yingli Su,  Yu-Chuan Su,  
 E. J. Sundstrom,  Zhen Tao,  J. Thirman,  Hung-Yi Tsai,  T. Tsuchimochi,  
 N. M. Tubman,  C. Utku,  S. P. Veccham,  O. Vydrov,  J. Wenzel,  
 Jonathan Wong,  J. Witte,  A. Yamada,  Chou-Hsun Yang,  Kun Yao,  
 S. Yeganeh,  S. R. Yost,  A. Zech,  F. Zeller,  Igor Ying Zhang,  
 Xing Zhang,  Yu Zhang,  D. Zuev,  A. Aspuru-Guzik,  A. T. Bell,  
 N. A. Besley,  K. B. Bravaya,  B. R. Brooks,  D. Casanova,  Jeng-Da Chai,  
 Hsing-Ta Chen,  S. Coriani,  C. J. Cramer,  A. E. DePrince, III,  
 R. A. DiStasio Jr.,  A. Dreuw,  B. D. Dunietz,  T. R. Furlani,  
 W. A. Goddard III,  S. Grimme,  S. Hammes-Schiffer,  T. Head-Gordon,  
 W. J. Hehre,  Chao-Ping Hsu,  T.-C. Jagau,  Yousung Jung,  A. Klamt,  
 Jing Kong,  D. S. Lambrecht,  Xiangyuan Li,  WanZhen Liang,  N. J. Mayhall,  
 C. W. McCurdy,  J. B. Neaton,  T. Neudecker,  C. Ochsenfeld,  
 J. A. Parkhill,  R. Peverati,  V. A. Rassolov,  Haisheng Ren,  Yihan Shao,  
 L. V. Slipchenko,  R. P. Steele,  J. E. Subotnik,  A. J. W. Thom,  
 A. Tkatchenko,  D. G. Truhlar,  T. Van Voorhis,  Fan Wang,  
 T. A. Wesolowski,  K. B. Whaley,  H. L. Woodcock III,  P. M. Zimmerman,  
 S. Faraji,  P. M. W. Gill,  M. Head-Gordon,  J. M. Herbert,  A. I. Krylov

 Contributors to earlier versions of Q-Chem not listed above: 
 R. D. Adamson,  B. Austin,  R. Baer,  J. Baker,  G. J. O. Beran,  
 K. Brandhorst,  S. T. Brown,  E. F. C. Byrd,  Arup K. Chakraborty,  
 G. K. L. Chan,  Chun-Min Chang,  Yunqing Chen,  C.-L. Cheng,  
 Siu Hung Chien,  D. M. Chipman,  D. L. Crittenden,  H. Dachsel,  
 R. J. Doerksen,  A. D. Dutoi,  R. G. Edgar,  J. Fosso-Tande,  
 L. Fusti-Molnar,  D. Ghosh,  A. Ghysels,  A. Golubeva-Zadorozhnaya,  
 J. Gonthier,  M. S. Gordon,  S. R. Gwaltney,  G. Hawkins,  J. E. Herr,  
 A. Heyden,  S. Hirata,  E. G. Hohenstein,  G. Kedziora,  F. J. Keil,  
 C. Kelley,  Jihan Kim,  R. A. King,  R. Z. Khaliullin,  P. P. Korambath,  
 W. Kurlancheek,  A. Laurent,  A. M. Lee,  M. S. Lee,  S. V. Levchenko,  
 Ching Yeh Lin,  D. Liotard,  E. Livshits,  R. C. Lochan,  I. Lotan,  
 L. A. Martinez-Martinez,  P. E. Maslen,  N. Nair,  D. P. O'Neill,  
 D. Neuhauser,  E. Neuscamman,  C. M. Oana,  R. Olivares-Amaya,  R. Olson,  
 T. M. Perrine,  B. Peters,  P. A. Pieniazek,  A. Prociuk,  Y. M. Rhee,  
 J. Ritchie,  M. A. Rohrdanz,  E. Rosta,  N. J. Russ,  H. F. Schaefer III,  
 M. W. Schmidt,  N. E. Schultz,  S. Sharma,  N. Shenvi,  C. D. Sherrill,  
 A. C. Simmonett,  A. Sodt,  T. Stein,  D. Stuck,  K. S. Thanthiriwatte,  
 V. Vanovschi,  L. Vogt,  Tao Wang,  A. Warshel,  M. A. Watson,  
 C. F. Williams,  Q. Wu,  X. Xu,  Jun Yang,  W. Zhang,  Yan Zhao

   Please cite Q-Chem as follows:
  "Software for the frontiers of quantum chemistry:
   An overview of developments in the Q-Chem 5 package"
   J. Chem. Phys. 155, 084801 (2021)
   https://doi.org/10.1063/5.0055522 (open access)

 Q-Chem 6.0.2 for Intel X86 EM64T Linux

 Parts of Q-Chem use Armadillo 9.900.5 (Nocturnal Misbehaviour).
 http://arma.sourceforge.net/

 Q-Chem begins on Fri Aug  2 08:22:32 2024  

 Host: 
0

     Scratch files written to /expanse/lustre/scratch/whughes/temp_project/job_32712611/N1-I1_rdkit_conf_1_wb97xd-wB97mV-32712611//
 Dec722 |scratch|qcdevops|jenkins|workspace|build_RNUM    
 Processing $rem in /cm/shared/apps/spack/0.17.3/cpu/b/opt/spack/linux-rocky8-zen2/gcc-10.2.0/qchem-6.0-rytxnwjazd34ekd2gqyi5ufsaimxsd3r/config/preferences:
 Processing $rem in /home/whughes/.qchemrc:

 Checking the input file for inconsistencies... 	...done.

--------------------------------------------------------------
User input:
--------------------------------------------------------------
$molecule
0 3
N    2.2824503588    -1.7448181605   0.9739385022
N    1.226534419     -1.3012361531   0.7828171492
C    1.0108305956    -0.0072094761   0.011556139
C    0.0839380179    -0.3104109353   -1.1635590252
C    -1.3265789515   -0.3091791614   -0.5557005487
C    -1.2112177178   0.6322569749    0.5927264792
C    0.2119280341    0.9485096189    0.9040623587
H    1.9913678491    0.36815804      -0.2804057008
H    0.345349724     -1.2410081723   -1.6665583642
H    0.1822750362    0.5001447865    -1.8890032648
H    -1.594633256    -1.317443881    -0.2116757307
H    -2.0930329599   -0.0176439289   -1.2788568411
H    -2.0476518491   0.987401435     1.1764347116
H    0.4704161111    1.9839119993    0.6431341171
H    0.4677245885    0.8287670138    1.9610900187
$end

$rem
METHOD      wB97M-V
BASIS       def2-QZVPP
SYM_IGNORE   TRUE
DFT_D       false
MAX_SCF_CYCLES 300
$end

$end
--------------------------------------------------------------
 ----------------------------------------------------------------
             Standard Nuclear Orientation (Angstroms)
    I     Atom           X                Y                Z
 ----------------------------------------------------------------
    1      N       2.2824503588    -1.7448181605     0.9739385022
    2      N       1.2265344190    -1.3012361531     0.7828171492
    3      C       1.0108305956    -0.0072094761     0.0115561390
    4      C       0.0839380179    -0.3104109353    -1.1635590252
    5      C      -1.3265789515    -0.3091791614    -0.5557005487
    6      C      -1.2112177178     0.6322569749     0.5927264792
    7      C       0.2119280341     0.9485096189     0.9040623587
    8      H       1.9913678491     0.3681580400    -0.2804057008
    9      H       0.3453497240    -1.2410081723    -1.6665583642
   10      H       0.1822750362     0.5001447865    -1.8890032648
   11      H      -1.5946332560    -1.3174438810    -0.2116757307
   12      H      -2.0930329599    -0.0176439289    -1.2788568411
   13      H      -2.0476518491     0.9874014350     1.1764347116
   14      H       0.4704161111     1.9839119993     0.6431341171
   15      H       0.4677245885     0.8287670138     1.9610900187
 ----------------------------------------------------------------
 Nuclear Repulsion Energy =         289.93293604 hartrees
 There are       27 alpha and       25 beta electrons
 Requested basis set is def2-QZVPP
 There are 199 shells and 639 basis functions

 Total QAlloc Memory Limit   8000 MB
 Mega-Array Size       188 MB
 MEM_STATIC part       192 MB


                       Distance Matrix (Angstroms)
             N (  1)   N (  2)   C (  3)   C (  4)   C (  5)   C (  6)
   N (  2)  1.161142
   C (  3)  2.358491  1.521800
   C (  4)  3.385244  2.464882  1.527075
   C (  5)  4.174440  3.048638  2.424139  1.535920
   C (  6)  4.242820  3.117237  2.384151  2.377097  1.489461
   C (  7)  3.397935  2.470927  1.532388  2.424112  2.465703  1.490735
   H (  8)  2.474425  2.121860  1.089769  2.208779  3.397550  3.329964
   H (  9)  3.313368  2.603758  2.186594  1.089658  2.213065  3.322107
   H ( 10)  4.200837  3.387340  2.134488  1.092218  2.170102  2.849256
   H ( 11)  4.076777  2.991365  2.924891  2.176648  1.098546  2.143689
   H ( 12)  5.215656  4.113105  3.361435  2.199593  1.093343  2.168592
   H ( 13)  5.124043  4.014112  3.420601  3.421047  2.280649  1.080030
   H ( 14)  4.158885  3.373933  2.157662  2.945747  3.150343  2.158102
   H ( 15)  3.300157  2.549712  2.189635  3.347902  3.293734  2.174829
             C (  7)   H (  8)   H (  9)   H ( 10)   H ( 11)   H ( 12)
   H (  8)  2.214990
   H (  9)  3.379331  2.687045
   H ( 10)  2.828980  2.424422  1.762864
   H ( 11)  3.105331  3.963002  2.426120  3.045400
   H ( 12)  3.318348  4.222331  2.755475  2.411931  1.754069
   H ( 13)  2.276269  4.338148  4.332998  3.821898  2.728441  2.653419
   H ( 14)  1.098616  2.403514  3.968681  2.948951  3.986738  3.777770
   H ( 15)  1.094110  2.749173  4.178370  3.874622  3.685166  4.215584
             H ( 13)   H ( 14)
   H ( 14)  2.760092
   H ( 15)  2.639691  1.752534
 
 A cutoff of  1.0D-09 yielded  16601 shell pairs
 There are    171103 function pairs (    256143 Cartesian)
 Smallest overlap matrix eigenvalue = 1.81E-05

 Q-Chem warning in module stvman/mkSTV.C, line 305:

 Overlap eigenvalue is smaller than square root of threshold
 Use THRESH >= 12 to get rid of this warning


 Scale SEOQF with 1.000000e-01/1.000000e-01/1.000000e-01

 Standard Electronic Orientation quadrupole field applied
 Nucleus-field energy     =     0.0000000024 hartrees
 Guess from superposition of atomic densities
 Warning:  Energy on first SCF cycle will be non-variational
 SAD guess density has 52.000000 electrons

 -----------------------------------------------------------------------
  General SCF calculation program by
  Eric Jon Sundstrom, Paul Horn, Yuezhi Mao, Dmitri Zuev, Alec White,
  David Stuck, Shaama M.S., Shane Yost, Joonho Lee, David Small,
  Daniel Levine, Susi Lehtola, Hugh Burton, Evgeny Epifanovsky,
  Bang C. Huynh
 -----------------------------------------------------------------------
 Exchange:     0.1500 Hartree-Fock + 1.0000 wB97M-V + LR-HF
 Correlation:  1.0000 wB97M-V
 Using SG-2 standard quadrature grid
 Nonlocal Correlation:  VV10 with C = 0.0100 and b = 6.00 and scale = 1.00000
 Grid used for NLC:  SG-1 standard quadrature
 using 32 threads for integral computing
 -------------------------------------------------------
 OpenMP Integral computing Module                
 Release: version 1.0, May 2013, Q-Chem Inc. Pittsburgh 
 -------------------------------------------------------
 A unrestricted SCF calculation will be
 performed using DIIS
 SCF converges when DIIS error is below 1.0e-05
 ---------------------------------------
  Cycle       Energy         DIIS error
 ---------------------------------------
    1    -306.7009983496      7.11e-03  
    2    -304.6762574484      4.89e-04  
    3    -304.7018521104      4.01e-04  
    4    -304.7281164434      1.03e-04  
    5    -304.7296715546      6.45e-05  
    6    -304.7304830201      1.20e-05  
    7    -304.7305819160      5.84e-06  Convergence criterion met
 ---------------------------------------
 SCF time:   CPU 3550.16s  wall 117.00s 
<S^2> =          2.007909150
 SCF   energy in the final basis set =     -304.7305819160
 Total energy in the final basis set =     -304.7305819160
 
 --------------------------------------------------------------
 
                    Orbital Energies (a.u.)
 --------------------------------------------------------------
 
 Alpha MOs
 -- Occupied --
-14.5750 -14.5549 -10.3994 -10.3572 -10.3547 -10.3546 -10.3498  -1.1947
 -0.9939  -0.8699  -0.8519  -0.7573  -0.6856  -0.6673  -0.6267  -0.5852
 -0.5643  -0.5516  -0.5246  -0.5053  -0.4748  -0.4678  -0.4651  -0.4555
 -0.4500  -0.2878  -0.2792
 -- Virtual --
  0.0657   0.0678   0.0836   0.0917   0.1010   0.1130   0.1173   0.1271
  0.1330   0.1552   0.1710   0.1858   0.1950   0.2034   0.2052   0.2109
  0.2314   0.2403   0.2417   0.2470   0.2858   0.3119   0.3168   0.3245
  0.3271   0.3353   0.3398   0.3457   0.3540   0.3570   0.3646   0.3755
  0.3827   0.3859   0.3903   0.3952   0.4037   0.4123   0.4239   0.4333
  0.4530   0.4612   0.4678   0.4783   0.5041   0.5225   0.5340   0.5809
  0.6028   0.6118   0.6181   0.6309   0.6455   0.6626   0.6819   0.6850
  0.6931   0.7048   0.7220   0.7237   0.7477   0.7646   0.7744   0.7789
  0.7873   0.7907   0.8207   0.8229   0.8345   0.8468   0.8557   0.8662
  0.8703   0.8760   0.8853   0.8907   0.8980   0.9049   0.9176   0.9300
  0.9389   0.9538   0.9573   0.9692   0.9753   0.9915   1.0018   1.0112
  1.0232   1.0555   1.0691   1.0907   1.1026   1.1117   1.1186   1.1230
  1.1353   1.1453   1.1540   1.1773   1.1790   1.1901   1.1937   1.2123
  1.2302   1.2481   1.2617   1.2678   1.2825   1.2864   1.3178   1.3333
  1.3428   1.3570   1.3682   1.3909   1.3998   1.4071   1.4272   1.4436
  1.4487   1.4595   1.4740   1.4965   1.5136   1.5408   1.5555   1.5673
  1.5795   1.5915   1.6225   1.6281   1.6766   1.6807   1.6886   1.7177
  1.7293   1.7523   1.7630   1.7996   1.8296   1.8484   1.8577   1.8753
  1.8892   1.9209   1.9387   1.9542   1.9896   2.0174   2.0213   2.0294
  2.0419   2.0559   2.0734   2.0823   2.1006   2.1240   2.1257   2.1391
  2.1465   2.1568   2.1804   2.1882   2.1976   2.2056   2.2193   2.2237
  2.2354   2.2554   2.2620   2.2732   2.2940   2.2999   2.3094   2.3312
  2.3487   2.3564   2.3744   2.3901   2.4055   2.4173   2.4384   2.4445
  2.4508   2.4621   2.4738   2.4817   2.5123   2.5150   2.5282   2.5535
  2.5639   2.5729   2.5924   2.6049   2.6110   2.6284   2.6403   2.6550
  2.6586   2.6803   2.6903   2.7021   2.7100   2.7178   2.7289   2.7320
  2.7613   2.7692   2.7858   2.7994   2.8121   2.8174   2.8273   2.8427
  2.8551   2.8616   2.8753   2.8808   2.8989   2.9104   2.9385   2.9570
  2.9655   2.9730   2.9887   2.9941   3.0034   3.0181   3.0252   3.0534
  3.0572   3.0719   3.0819   3.1063   3.1227   3.1292   3.1509   3.1725
  3.1744   3.2009   3.2067   3.2218   3.2609   3.2698   3.2845   3.2963
  3.3106   3.3327   3.3435   3.3667   3.3698   3.3808   3.4090   3.4326
  3.4362   3.4586   3.4719   3.4774   3.4981   3.5237   3.5509   3.5626
  3.5908   3.5974   3.6241   3.6489   3.6681   3.6789   3.6876   3.7132
  3.7320   3.7393   3.7583   3.7782   3.7906   3.8097   3.8326   3.8385
  3.8775   3.8828   3.8989   3.9013   3.9131   3.9340   3.9549   3.9791
  4.0160   4.0214   4.0471   4.0554   4.0857   4.1213   4.1555   4.1719
  4.2466   4.2578   4.3073   4.3569   4.4077   4.4185   4.4810   4.4997
  4.6111   4.6450   4.6829   4.7407   4.8259   4.8475   4.9147   4.9368
  4.9854   4.9987   5.0543   5.0752   5.0992   5.1638   5.1798   5.2000
  5.2141   5.2386   5.3010   5.3232   5.3608   5.3953   5.4271   5.4469
  5.4810   5.5273   5.5526   5.5789   5.6082   5.6319   5.6723   5.6950
  5.7663   5.7809   5.7936   5.8114   5.8222   5.8432   5.8660   5.8761
  5.8876   5.9025   5.9127   5.9362   5.9543   5.9602   5.9746   6.0015
  6.0086   6.0247   6.0350   6.0413   6.0697   6.0846   6.0908   6.1028
  6.1107   6.1192   6.1461   6.1668   6.1742   6.1913   6.2116   6.2182
  6.2342   6.2497   6.2766   6.2924   6.3132   6.3145   6.3363   6.3508
  6.3616   6.3833   6.3891   6.4091   6.4159   6.4404   6.4558   6.4599
  6.4769   6.4960   6.5265   6.5344   6.5482   6.5665   6.5849   6.6044
  6.6118   6.6336   6.6461   6.6614   6.6793   6.6947   6.7205   6.7344
  6.7416   6.7612   6.7796   6.7867   6.7939   6.8019   6.8169   6.8381
  6.8590   6.8757   6.8835   6.9077   6.9265   6.9480   6.9558   6.9664
  6.9809   6.9995   7.0123   7.0361   7.0561   7.0794   7.1091   7.1128
  7.1651   7.1826   7.2302   7.2340   7.2618   7.2722   7.2984   7.3072
  7.3384   7.3624   7.3833   7.4006   7.4154   7.4240   7.4714   7.4812
  7.4938   7.5032   7.5160   7.5314   7.5524   7.5773   7.5831   7.6122
  7.6245   7.6353   7.6496   7.6619   7.6731   7.6895   7.7199   7.7396
  7.7568   7.7625   7.7706   7.7911   7.7964   7.8121   7.8371   7.8457
  7.8564   7.8641   7.8696   7.8976   7.9286   7.9556   7.9605   7.9898
  7.9947   8.0017   8.0096   8.0427   8.0680   8.0775   8.0856   8.1260
  8.1661   8.2013   8.2092   8.2311   8.2426   8.2600   8.2772   8.3032
  8.3236   8.3441   8.3480   8.3626   8.3861   8.4018   8.4308   8.4391
  8.4548   8.4612   8.4688   8.4716   8.4926   8.5020   8.5066   8.5266
  8.5457   8.5528   8.5695   8.5901   8.5990   8.6182   8.6296   8.6495
  8.6550   8.6594   8.7042   8.7073   8.7132   8.7370   8.7619   8.7805
  8.7992   8.8388   8.8457   8.8610   8.8723   8.9034   8.9195   8.9346
  8.9648   8.9716   8.9806   9.0110   9.0143   9.0402   9.0779   9.0845
  9.1021   9.1135   9.1306   9.1488   9.1740   9.2275   9.3108   9.3291
  9.3893   9.4235   9.4523   9.4691   9.5170   9.5187   9.5682   9.5999
  9.6195   9.6446   9.6681   9.6924   9.7382   9.7759   9.8183   9.8216
  9.8329   9.8651   9.8933   9.9240   9.9426   9.9535   9.9698   9.9861
 10.0098  10.0228  10.0489  10.0687  10.0912  10.1044  10.1226  10.1405
 10.1769  10.1862  10.2525  10.4283  10.4363  10.4956  10.5226  10.5879
 10.6971  10.9005  11.6528  12.1643  12.1813  12.2554  12.3234  12.3776
 12.6635  12.9066  13.0486  13.0856  13.1095  14.7977  28.8537  29.0621
 29.2066  29.2468  29.2908  37.3344  38.4247 149.6767 149.9132 150.0630
150.1095 150.1570 198.6636 199.7997
 
 Beta MOs
 -- Occupied --
-14.5714 -14.5407 -10.3952 -10.3581 -10.3546 -10.3505 -10.3417  -1.1781
 -0.9847  -0.8592  -0.8403  -0.7426  -0.6682  -0.6529  -0.6181  -0.5693
 -0.5474  -0.5214  -0.5029  -0.4916  -0.4650  -0.4593  -0.4562  -0.4443
 -0.4415
 -- Virtual --
  0.0203   0.0274   0.0682   0.0777   0.0830   0.0916   0.1021   0.1139
  0.1180   0.1259   0.1324   0.1556   0.1720   0.1863   0.1974   0.2032
  0.2062   0.2110   0.2349   0.2399   0.2431   0.2534   0.2898   0.3137
  0.3167   0.3280   0.3303   0.3366   0.3434   0.3515   0.3573   0.3597
  0.3673   0.3795   0.3850   0.3871   0.3941   0.3973   0.4120   0.4147
  0.4309   0.4335   0.4565   0.4627   0.4742   0.4854   0.5043   0.5251
  0.5366   0.5850   0.6063   0.6166   0.6199   0.6361   0.6465   0.6645
  0.6846   0.6910   0.6965   0.7167   0.7258   0.7312   0.7531   0.7681
  0.7794   0.7841   0.7937   0.7959   0.8224   0.8244   0.8373   0.8492
  0.8627   0.8686   0.8756   0.8804   0.8872   0.8914   0.9020   0.9092
  0.9231   0.9334   0.9423   0.9586   0.9631   0.9713   0.9787   0.9951
  1.0086   1.0129   1.0268   1.0580   1.0748   1.0931   1.1082   1.1170
  1.1248   1.1284   1.1373   1.1526   1.1549   1.1809   1.1897   1.1951
  1.2004   1.2189   1.2326   1.2499   1.2654   1.2742   1.2850   1.2910
  1.3222   1.3369   1.3473   1.3586   1.3714   1.3946   1.4027   1.4123
  1.4305   1.4456   1.4570   1.4614   1.4770   1.4995   1.5175   1.5441
  1.5587   1.5700   1.5836   1.5939   1.6285   1.6335   1.6828   1.6870
  1.6940   1.7203   1.7366   1.7599   1.7712   1.8083   1.8371   1.8548
  1.8640   1.8882   1.8999   1.9304   1.9447   1.9639   1.9989   2.0245
  2.0317   2.0357   2.0468   2.0621   2.0786   2.0890   2.1105   2.1294
  2.1321   2.1444   2.1571   2.1656   2.1854   2.1958   2.2037   2.2125
  2.2270   2.2305   2.2463   2.2617   2.2721   2.2803   2.3008   2.3072
  2.3184   2.3398   2.3600   2.3667   2.3817   2.3987   2.4130   2.4243
  2.4454   2.4496   2.4567   2.4684   2.4808   2.4886   2.5181   2.5294
  2.5354   2.5645   2.5761   2.5803   2.6010   2.6157   2.6280   2.6420
  2.6515   2.6622   2.6706   2.6890   2.6968   2.7157   2.7201   2.7259
  2.7351   2.7397   2.7710   2.7748   2.7955   2.8090   2.8251   2.8272
  2.8349   2.8500   2.8641   2.8699   2.8859   2.8883   2.9069   2.9200
  2.9453   2.9659   2.9770   2.9857   2.9979   3.0007   3.0132   3.0272
  3.0379   3.0604   3.0712   3.0830   3.0915   3.1209   3.1333   3.1409
  3.1570   3.1832   3.1854   3.2092   3.2171   3.2352   3.2681   3.2817
  3.2931   3.3054   3.3184   3.3397   3.3536   3.3768   3.3831   3.3906
  3.4208   3.4444   3.4468   3.4674   3.4841   3.4896   3.5086   3.5306
  3.5633   3.5714   3.6062   3.6124   3.6342   3.6579   3.6759   3.6863
  3.6946   3.7235   3.7410   3.7460   3.7693   3.7955   3.8000   3.8162
  3.8432   3.8537   3.8871   3.8963   3.9066   3.9152   3.9272   3.9431
  3.9651   3.9889   4.0281   4.0332   4.0578   4.0665   4.1025   4.1362
  4.1719   4.1850   4.2644   4.2836   4.3153   4.3660   4.4222   4.4411
  4.4909   4.5146   4.6307   4.6559   4.6936   4.7523   4.8328   4.8560
  4.9323   4.9546   4.9994   5.0182   5.0739   5.0956   5.1359   5.1892
  5.2145   5.2266   5.2559   5.2749   5.3262   5.3608   5.3820   5.4206
  5.4512   5.4640   5.5323   5.5486   5.5698   5.5981   5.6251   5.6486
  5.6954   5.7160   5.7808   5.7982   5.8142   5.8290   5.8507   5.8733
  5.8836   5.9011   5.9062   5.9123   5.9306   5.9533   5.9727   5.9800
  5.9991   6.0183   6.0231   6.0387   6.0454   6.0555   6.0883   6.0968
  6.1062   6.1169   6.1324   6.1407   6.1720   6.1786   6.1900   6.2130
  6.2333   6.2473   6.2512   6.2683   6.2914   6.3174   6.3301   6.3357
  6.3567   6.3681   6.3801   6.4025   6.4062   6.4257   6.4357   6.4549
  6.4682   6.4778   6.4992   6.5118   6.5436   6.5546   6.5698   6.5851
  6.6042   6.6194   6.6347   6.6560   6.6652   6.6859   6.6943   6.7096
  6.7396   6.7488   6.7613   6.7976   6.8017   6.8064   6.8171   6.8282
  6.8570   6.8697   6.8911   6.9116   6.9214   6.9413   6.9513   6.9702
  6.9751   6.9875   7.0080   7.0190   7.0261   7.0524   7.0759   7.0947
  7.1330   7.1380   7.1831   7.1934   7.2437   7.2484   7.2725   7.2865
  7.3090   7.3284   7.3591   7.3764   7.3995   7.4210   7.4338   7.4476
  7.4883   7.4982   7.5113   7.5270   7.5397   7.5595   7.5784   7.6004
  7.6067   7.6356   7.6386   7.6544   7.6642   7.6849   7.6967   7.7132
  7.7347   7.7585   7.7782   7.7794   7.7969   7.8104   7.8207   7.8288
  7.8570   7.8619   7.8757   7.8840   7.8986   7.9229   7.9488   7.9703
  7.9788   7.9989   8.0112   8.0226   8.0281   8.0580   8.0829   8.0928
  8.1039   8.1418   8.1820   8.2123   8.2246   8.2413   8.2564   8.2778
  8.2959   8.3326   8.3421   8.3637   8.3712   8.3865   8.4115   8.4345
  8.4516   8.4590   8.4720   8.4806   8.4867   8.5106   8.5201   8.5310
  8.5442   8.5475   8.5735   8.5882   8.6015   8.6233   8.6280   8.6472
  8.6487   8.6683   8.6766   8.6870   8.7242   8.7376   8.7443   8.7709
  8.7892   8.8025   8.8212   8.8613   8.8790   8.8842   8.8909   8.9320
  8.9442   8.9545   8.9913   8.9971   9.0007   9.0290   9.0394   9.0642
  9.0928   9.1076   9.1298   9.1403   9.1539   9.1729   9.2023   9.2682
  9.3363   9.3514   9.4088   9.4430   9.4735   9.5084   9.5440   9.5489
  9.5928   9.6258   9.6519   9.6805   9.6948   9.7192   9.7753   9.8283
  9.8506   9.8678   9.8794   9.9022   9.9271   9.9506   9.9679   9.9929
 10.0000  10.0140  10.0381  10.0463  10.0675  10.0880  10.1216  10.1377
 10.1469  10.1567  10.1929  10.2089  10.2896  10.4534  10.4754  10.5198
 10.5601  10.6183  10.7223  10.9272  11.6871  12.1915  12.2099  12.2671
 12.3677  12.3901  12.8434  12.9561  13.0750  13.1045  13.1286  14.8250
 28.8979  29.0779  29.2063  29.2464  29.2912  37.3524  38.4378 149.6874
149.9182 150.0623 150.1094 150.1570 198.6700 199.8050
 --------------------------------------------------------------
 
          Ground-State Mulliken Net Atomic Charges

     Atom                 Charge (a.u.)    Spin (a.u.)
  --------------------------------------------------------
      1 N                    -0.026424       0.692035
      2 N                    -0.118822       0.129427
      3 C                     0.018220       0.165881
      4 C                    -0.196788      -0.001375
      5 C                    -0.191718      -0.036790
      6 C                    -0.184808       0.944400
      7 C                    -0.187289      -0.035765
      8 H                     0.072140       0.003330
      9 H                     0.112825       0.008227
     10 H                     0.113754       0.004905
     11 H                     0.111369       0.052022
     12 H                     0.115227       0.033137
     13 H                     0.134515      -0.047261
     14 H                     0.117761       0.049228
     15 H                     0.110037       0.038600
  --------------------------------------------------------
  Sum of atomic charges =     0.000000
  Sum of spin   charges =     2.000000

 -----------------------------------------------------------------
                    Cartesian Multipole Moments
 -----------------------------------------------------------------
    Charge (ESU x 10^10)
                 0.0000
    Dipole Moment (Debye)
         X      -1.4423      Y       2.0943      Z      -1.3060
       Tot       2.8587
    Quadrupole Moments (Debye-Ang)
        XX     -47.2965     XY       4.7825     YY     -46.5930
        XZ      -2.3559     YZ       3.2169     ZZ     -42.9511
    Octopole Moments (Debye-Ang^2)
       XXX     -51.6396    XXY      22.6998    XYY     -19.0871
       YYY      38.5673    XXZ     -13.7368    XYZ       4.6116
       YYZ     -13.1805    XZZ     -13.6443    YZZ      14.2757
       ZZZ     -23.4479
    Hexadecapole Moments (Debye-Ang^3)
      XXXX    -526.5188   XXXY     125.6527   XXYY    -153.7770
      XYYY     114.3741   YYYY    -311.5723   XXXZ     -76.0745
      XXYZ      16.3401   XYYZ     -31.4433   YYYZ      17.8159
      XXZZ    -126.1654   XYZZ      34.5551   YYZZ     -95.6971
      XZZZ     -56.5920   YZZZ       9.9056   ZZZZ    -247.7020
 -----------------------------------------------------------------
 Total job time:  161.49s(wall), 3585.53s(cpu) 
 Fri Aug  2 08:25:14 2024

        *************************************************************
        *                                                           *
        *  Thank you very much for using Q-Chem.  Have a nice day.  *
        *                                                           *
        *************************************************************


