
Running Job 1 of 1 n5-r1-triplet-wB97mV.in
qchem n5-r1-triplet-wB97mV.in_3177998.0 /expanse/lustre/scratch/whughes/temp_project/job_32712969/n5-r1-triplet-wB97mV-32712969/ 0
/cm/shared/apps/spack/0.17.3/cpu/b/opt/spack/linux-rocky8-zen2/gcc-10.2.0/qchem-6.0-rytxnwjazd34ekd2gqyi5ufsaimxsd3r/exe/qcprog.exe_s n5-r1-triplet-wB97mV.in_3177998.0 /expanse/lustre/scratch/whughes/temp_project/job_32712969/n5-r1-triplet-wB97mV-32712969/
                  Welcome to Q-Chem
     A Quantum Leap Into The Future Of Chemistry


 Q-Chem 6.0, Q-Chem, Inc., Pleasanton, CA (2022)

 License issued to: University of California, San Diego (site)

 E. Epifanovsky,  A. T. B. Gilbert,  Xintian Feng,  Joonho Lee,  Yuezhi Mao,  
 N. Mardirossian,  P. Pokhilko,  A. White,  M. Wormit,  M. P. Coons,  
 A. L. Dempwolff,  Zhengting Gan,  D. Hait,  P. R. Horn,  L. D. Jacobson,  
 I. Kaliman,  J. Kussmann,  A. W. Lange,  Ka Un Lao,  D. S. Levine,  Jie Liu,  
 S. C. McKenzie,  A. F. Morrison,  K. Nanda,  F. Plasser,  D. R. Rehn,  
 M. L. Vidal,  Zhi-Qiang You,  Ying Zhu,  B. Alam,  B. Albrecht,  
 A. Aldossary,  E. Alguire,  J. H. Andersen,  V. Athavale,  D. Barton,  
 K. Begam,  A. Behn,  N. Bellonzi,  Y. A. Bernard,  E. J. Berquist,  
 H. Burton,  A. Carreras,  K. Carter-Fenk,  Romit Chakraborty,  
 Chandrima Chakravarty,  Junhan Chen,  A. D. Chien,  K. D. Closser,  
 V. Cofer-Shabica,  L. Cunha,  S. Dasgupta,  Jia Deng,  M. de Wergifosse,  
 M. Diedenhofen,  Hainam Do,  S. Ehlert,  Po-Tung Fang,  S. Fatehi,  
 Qingguo Feng,  T. Friedhoff,  B. Ganoe,  J. Gayvert,  Qinghui Ge,  
 G. Gidofalvi,  M. Goldey,  J. Gomes,  C. Gonzalez-Espinoza,  S. Gulania,  
 A. Gunina,  J. A. Gyamfi,  M. W. D. Hanson-Heine,  P. H. P. Harbach,  
 A. W. Hauser,  M. F. Herbst,  M. Hernandez Vera,  M. Hodecker,  
 Z. C. Holden,  S. Houck,  Xunkun Huang,  Kerwin Hui,  B. C. Huynh,  
 K. Ikeda,  M. Ivanov,  Hyunjun Ji,  Zuxin Jin,  Hanjie Jiang,  B. Kaduk,  
 S. Kaehler,  R. Kang,  K. Khistyaev,  Jaehoon Kim,  Yongbin Kim,  
 P. Klunzinger,  Z. Koczor-Benda,  Joong Hoon Koh,  D. Kosenkov,  
 Saikiran Kotaru,  L. Koulias,  T. Kowalczyk,  C. M. Krauter,  K. Kue,  
 A. Kunitsa,  T. Kus,  A. Landau,  K. V. Lawler,  D. Lefrancois,  S. Lehtola,  
 Rain Li,  Shaozhi Li,  Yi-Pei Li,  Jiashu Liang,  M. Liebenthal,  
 Hung-Hsuan Lin,  You-Sheng Lin,  Fenglai Liu,  Kuan-Yu Liu,  
 M. Loipersberger,  A. Luenser,  C. Malbon,  A. Manjanath,  P. Manohar,  
 E. Mansoor,  S. F. Manzer,  Shan-Ping Mao,  A. V. Marenich,  T. Markovich,  
 S. Mason,  F. Matz,  S. A. Maurer,  P. F. McLaughlin,  M. F. S. J. Menger,  
 J.-M. Mewes,  S. A. Mewes,  P. Morgante,  Mohammad Mostafanejad,  
 J. W. Mullinax,  K. J. Oosterbaan,  G. Paran,  V. Parravicini,  
 Alexander C. Paul,  Suranjan K. Paul,  F. Pavosevic,  Zheng Pei,  S. Prager,  
 E. I. Proynov,  E. Ramos,  B. Rana,  A. E. Rask,  A. Rettig,  R. M. Richard,  
 F. Rob,  E. Rossomme,  T. Scheele,  M. Scheurer,  M. Schneider,  
 P. E. Schneider,  N. Sergueev,  S. M. Sharada,  Hengyuan Shen,  
 W. Skomorowski,  D. W. Small,  C. J. Stein,  Yingli Su,  Yu-Chuan Su,  
 E. J. Sundstrom,  Zhen Tao,  J. Thirman,  Hung-Yi Tsai,  T. Tsuchimochi,  
 N. M. Tubman,  C. Utku,  S. P. Veccham,  O. Vydrov,  J. Wenzel,  
 Jonathan Wong,  J. Witte,  A. Yamada,  Chou-Hsun Yang,  Kun Yao,  
 S. Yeganeh,  S. R. Yost,  A. Zech,  F. Zeller,  Igor Ying Zhang,  
 Xing Zhang,  Yu Zhang,  D. Zuev,  A. Aspuru-Guzik,  A. T. Bell,  
 N. A. Besley,  K. B. Bravaya,  B. R. Brooks,  D. Casanova,  Jeng-Da Chai,  
 Hsing-Ta Chen,  S. Coriani,  C. J. Cramer,  A. E. DePrince, III,  
 R. A. DiStasio Jr.,  A. Dreuw,  B. D. Dunietz,  T. R. Furlani,  
 W. A. Goddard III,  S. Grimme,  S. Hammes-Schiffer,  T. Head-Gordon,  
 W. J. Hehre,  Chao-Ping Hsu,  T.-C. Jagau,  Yousung Jung,  A. Klamt,  
 Jing Kong,  D. S. Lambrecht,  Xiangyuan Li,  WanZhen Liang,  N. J. Mayhall,  
 C. W. McCurdy,  J. B. Neaton,  T. Neudecker,  C. Ochsenfeld,  
 J. A. Parkhill,  R. Peverati,  V. A. Rassolov,  Haisheng Ren,  Yihan Shao,  
 L. V. Slipchenko,  R. P. Steele,  J. E. Subotnik,  A. J. W. Thom,  
 A. Tkatchenko,  D. G. Truhlar,  T. Van Voorhis,  Fan Wang,  
 T. A. Wesolowski,  K. B. Whaley,  H. L. Woodcock III,  P. M. Zimmerman,  
 S. Faraji,  P. M. W. Gill,  M. Head-Gordon,  J. M. Herbert,  A. I. Krylov

 Contributors to earlier versions of Q-Chem not listed above: 
 R. D. Adamson,  B. Austin,  R. Baer,  J. Baker,  G. J. O. Beran,  
 K. Brandhorst,  S. T. Brown,  E. F. C. Byrd,  Arup K. Chakraborty,  
 G. K. L. Chan,  Chun-Min Chang,  Yunqing Chen,  C.-L. Cheng,  
 Siu Hung Chien,  D. M. Chipman,  D. L. Crittenden,  H. Dachsel,  
 R. J. Doerksen,  A. D. Dutoi,  R. G. Edgar,  J. Fosso-Tande,  
 L. Fusti-Molnar,  D. Ghosh,  A. Ghysels,  A. Golubeva-Zadorozhnaya,  
 J. Gonthier,  M. S. Gordon,  S. R. Gwaltney,  G. Hawkins,  J. E. Herr,  
 A. Heyden,  S. Hirata,  E. G. Hohenstein,  G. Kedziora,  F. J. Keil,  
 C. Kelley,  Jihan Kim,  R. A. King,  R. Z. Khaliullin,  P. P. Korambath,  
 W. Kurlancheek,  A. Laurent,  A. M. Lee,  M. S. Lee,  S. V. Levchenko,  
 Ching Yeh Lin,  D. Liotard,  E. Livshits,  R. C. Lochan,  I. Lotan,  
 L. A. Martinez-Martinez,  P. E. Maslen,  N. Nair,  D. P. O'Neill,  
 D. Neuhauser,  E. Neuscamman,  C. M. Oana,  R. Olivares-Amaya,  R. Olson,  
 T. M. Perrine,  B. Peters,  P. A. Pieniazek,  A. Prociuk,  Y. M. Rhee,  
 J. Ritchie,  M. A. Rohrdanz,  E. Rosta,  N. J. Russ,  H. F. Schaefer III,  
 M. W. Schmidt,  N. E. Schultz,  S. Sharma,  N. Shenvi,  C. D. Sherrill,  
 A. C. Simmonett,  A. Sodt,  T. Stein,  D. Stuck,  K. S. Thanthiriwatte,  
 V. Vanovschi,  L. Vogt,  Tao Wang,  A. Warshel,  M. A. Watson,  
 C. F. Williams,  Q. Wu,  X. Xu,  Jun Yang,  W. Zhang,  Yan Zhao

   Please cite Q-Chem as follows:
  "Software for the frontiers of quantum chemistry:
   An overview of developments in the Q-Chem 5 package"
   J. Chem. Phys. 155, 084801 (2021)
   https://doi.org/10.1063/5.0055522 (open access)

 Q-Chem 6.0.2 for Intel X86 EM64T Linux

 Parts of Q-Chem use Armadillo 9.900.5 (Nocturnal Misbehaviour).
 http://arma.sourceforge.net/

 Q-Chem begins on Fri Aug  2 08:39:58 2024  

 Host: 
0

     Scratch files written to /expanse/lustre/scratch/whughes/temp_project/job_32712969/n5-r1-triplet-wB97mV-32712969//
 Dec722 |scratch|qcdevops|jenkins|workspace|build_RNUM    
 Processing $rem in /cm/shared/apps/spack/0.17.3/cpu/b/opt/spack/linux-rocky8-zen2/gcc-10.2.0/qchem-6.0-rytxnwjazd34ekd2gqyi5ufsaimxsd3r/config/preferences:
 Processing $rem in /home/whughes/.qchemrc:

 Checking the input file for inconsistencies... 	...done.

--------------------------------------------------------------
User input:
--------------------------------------------------------------
$molecule
0 3
C    1.329263006     0.2289795443    -0.0000262835
N    2.0830508678    -0.928167305    0.0000107612
N    3.2762720582    -0.98761312     0.0000330461
C    -0.0997885449   0.0742376041    0.0000156351
C    -0.6985097451   -1.1991221186   -0.000077331
C    -0.9402214394   1.2004857927    0.0001644675
C    -2.0713332247   -1.331115046    -0.0000334915
H    -0.0655820658   -2.0756474619   -0.0001877173
C    -2.3145382855   1.0584700673    0.0002137268
H    -0.5121702238   2.1939861884    0.0002596785
C    -2.8878791287   -0.2056816923   0.0001112992
H    -2.5131664017   -2.3193811903   -0.0001127972
H    -2.9440174059   1.9391471143    0.0003344071
H    -3.9648016801   -0.3144697941   0.0001460862
C    2.0026314006    1.5608161434    -0.0000494014
H    1.717331928     2.1423127806    -0.8803805705
H    1.7180515771    2.1419637831    0.8807543421
H    3.0833163079    1.4376957098    -0.0004938572
$end

$rem
METHOD      wB97M-V
BASIS       def2-QZVPP
SYM_IGNORE   TRUE
DFT_D       false
MAX_SCF_CYCLES 300
$end

$end
--------------------------------------------------------------
 ----------------------------------------------------------------
             Standard Nuclear Orientation (Angstroms)
    I     Atom           X                Y                Z
 ----------------------------------------------------------------
    1      C       1.3292630060     0.2289795443    -0.0000262835
    2      N       2.0830508678    -0.9281673050     0.0000107612
    3      N       3.2762720582    -0.9876131200     0.0000330461
    4      C      -0.0997885449     0.0742376041     0.0000156351
    5      C      -0.6985097451    -1.1991221186    -0.0000773310
    6      C      -0.9402214394     1.2004857927     0.0001644675
    7      C      -2.0713332247    -1.3311150460    -0.0000334915
    8      H      -0.0655820658    -2.0756474619    -0.0001877173
    9      C      -2.3145382855     1.0584700673     0.0002137268
   10      H      -0.5121702238     2.1939861884     0.0002596785
   11      C      -2.8878791287    -0.2056816923     0.0001112992
   12      H      -2.5131664017    -2.3193811903    -0.0001127972
   13      H      -2.9440174059     1.9391471143     0.0003344071
   14      H      -3.9648016801    -0.3144697941     0.0001460862
   15      C       2.0026314006     1.5608161434    -0.0000494014
   16      H       1.7173319280     2.1423127806    -0.8803805705
   17      H       1.7180515771     2.1419637831     0.8807543421
   18      H       3.0833163079     1.4376957098    -0.0004938572
 ----------------------------------------------------------------
 Nuclear Repulsion Energy =         463.95205237 hartrees
 There are       36 alpha and       34 beta electrons
 Requested basis set is def2-QZVPP
 There are 250 shells and 810 basis functions

 Total QAlloc Memory Limit   8000 MB
 Mega-Array Size       188 MB
 MEM_STATIC part       192 MB

 A cutoff of  1.0D-09 yielded  22474 shell pairs
 There are    231820 function pairs (    348676 Cartesian)
 Smallest overlap matrix eigenvalue = 5.72E-06

 Q-Chem warning in module stvman/mkSTV.C, line 305:

 Overlap eigenvalue is smaller than square root of threshold
 Use THRESH >= 12 to get rid of this warning


 Scale SEOQF with 1.000000e-01/1.000000e-01/1.000000e+00

 Standard Electronic Orientation quadrupole field applied
 Nucleus-field energy     =     0.0000000157 hartrees
 Guess from superposition of atomic densities
 Warning:  Energy on first SCF cycle will be non-variational
 SAD guess density has 70.000000 electrons

 -----------------------------------------------------------------------
  General SCF calculation program by
  Eric Jon Sundstrom, Paul Horn, Yuezhi Mao, Dmitri Zuev, Alec White,
  David Stuck, Shaama M.S., Shane Yost, Joonho Lee, David Small,
  Daniel Levine, Susi Lehtola, Hugh Burton, Evgeny Epifanovsky,
  Bang C. Huynh
 -----------------------------------------------------------------------
 Exchange:     0.1500 Hartree-Fock + 1.0000 wB97M-V + LR-HF
 Correlation:  1.0000 wB97M-V
 Using SG-2 standard quadrature grid
 Nonlocal Correlation:  VV10 with C = 0.0100 and b = 6.00 and scale = 1.00000
 Grid used for NLC:  SG-1 standard quadrature
 using 32 threads for integral computing
 -------------------------------------------------------
 OpenMP Integral computing Module                
 Release: version 1.0, May 2013, Q-Chem Inc. Pittsburgh 
 -------------------------------------------------------
 A unrestricted SCF calculation will be
 performed using DIIS
 SCF converges when DIIS error is below 1.0e-05
 ---------------------------------------
  Cycle       Energy         DIIS error
 ---------------------------------------
    1    -422.2423636757      6.79e-03  
    2    -419.0006243663      4.74e-04  
    3    -419.0357846388      4.11e-04  
    4    -419.0812074274      1.14e-04  
    5    -419.0851908460      5.80e-05  
    6    -419.0866236310      1.68e-05  
    7    -419.0869800268      9.51e-06  Convergence criterion met
 ---------------------------------------
 SCF time:   CPU 6079.48s  wall 261.00s 
<S^2> =          2.042004179
 SCF   energy in the final basis set =     -419.0869800268
 Total energy in the final basis set =     -419.0869800268
 
 --------------------------------------------------------------
 
                    Orbital Energies (a.u.)
 --------------------------------------------------------------
 
 Alpha MOs
 -- Occupied --
-14.5712 -14.5529 -10.4214 -10.3732 -10.3641 -10.3618 -10.3602 -10.3596
-10.3574 -10.3567  -1.1879  -1.0108  -0.9560  -0.8890  -0.8725  -0.8363
 -0.7479  -0.7299  -0.6666  -0.6312  -0.5975  -0.5819  -0.5806  -0.5603
 -0.5418  -0.5384  -0.5191  -0.5004  -0.4994  -0.4950  -0.4617  -0.4510
 -0.3956  -0.3652  -0.2949  -0.2887
 -- Virtual --
  0.0362   0.0515   0.0622   0.0751   0.0889   0.1022   0.1050   0.1131
  0.1234   0.1262   0.1435   0.1582   0.1623   0.1681   0.1817   0.1938
  0.1975   0.2019   0.2058   0.2122   0.2160   0.2286   0.2358   0.2366
  0.2756   0.2787   0.2856   0.2884   0.2997   0.3032   0.3111   0.3189
  0.3259   0.3279   0.3346   0.3376   0.3439   0.3504   0.3628   0.3667
  0.3737   0.3778   0.3870   0.4015   0.4094   0.4139   0.4184   0.4264
  0.4287   0.4463   0.4484   0.4619   0.4700   0.4764   0.4922   0.4942
  0.5030   0.5127   0.5140   0.5165   0.5296   0.5367   0.5589   0.5717
  0.5854   0.5910   0.6081   0.6121   0.6166   0.6370   0.6404   0.6558
  0.6568   0.6732   0.6985   0.6985   0.7069   0.7288   0.7309   0.7414
  0.7475   0.7620   0.7726   0.7747   0.7769   0.7841   0.7939   0.8024
  0.8109   0.8212   0.8260   0.8297   0.8383   0.8413   0.8474   0.8679
  0.8850   0.8915   0.8971   0.9124   0.9147   0.9174   0.9205   0.9293
  0.9335   0.9360   0.9601   0.9723   0.9781   0.9793   0.9819   0.9821
  0.9977   1.0088   1.0113   1.0248   1.0301   1.0432   1.0481   1.0568
  1.0618   1.0635   1.0754   1.0876   1.0964   1.1038   1.1094   1.1337
  1.1400   1.1456   1.1706   1.1798   1.1821   1.1937   1.2039   1.2128
  1.2154   1.2352   1.2368   1.2398   1.2578   1.2601   1.2790   1.2884
  1.2984   1.3128   1.3189   1.3352   1.3652   1.3750   1.3829   1.3851
  1.3961   1.4043   1.4184   1.4601   1.4689   1.4714   1.5091   1.5113
  1.5117   1.5291   1.5525   1.5548   1.5772   1.5898   1.6039   1.6203
  1.6372   1.6443   1.6527   1.6774   1.6936   1.6982   1.7355   1.7373
  1.7396   1.7718   1.7739   1.7848   1.8066   1.8127   1.8157   1.8308
  1.8456   1.8459   1.8681   1.8713   1.8727   1.8731   1.9109   1.9278
  1.9280   1.9387   1.9446   1.9699   1.9796   1.9839   1.9886   1.9990
  2.0245   2.0268   2.0363   2.0380   2.0400   2.0457   2.0651   2.0806
  2.0956   2.1063   2.1116   2.1212   2.1258   2.1388   2.1650   2.1655
  2.1732   2.1866   2.1954   2.1997   2.2041   2.2094   2.2263   2.2272
  2.2395   2.2533   2.2663   2.2815   2.2878   2.3048   2.3062   2.3128
  2.3144   2.3207   2.3302   2.3392   2.3565   2.3627   2.3694   2.3834
  2.3865   2.4263   2.4311   2.4325   2.4517   2.4643   2.4691   2.4974
  2.4999   2.5082   2.5086   2.5170   2.5283   2.5426   2.5501   2.5664
  2.5750   2.5828   2.5840   2.5866   2.5902   2.6020   2.6279   2.6312
  2.6347   2.6363   2.6500   2.6510   2.6703   2.6738   2.6912   2.7020
  2.7082   2.7217   2.7231   2.7390   2.7428   2.7460   2.7657   2.7726
  2.7848   2.7886   2.8029   2.8084   2.8178   2.8384   2.8431   2.8610
  2.8714   2.8762   2.8781   2.8907   2.8950   2.8978   2.9207   2.9433
  2.9527   2.9752   2.9788   3.0032   3.0129   3.0292   3.0325   3.0442
  3.0671   3.0808   3.0825   3.0892   3.1053   3.1255   3.1277   3.1325
  3.1449   3.1554   3.1764   3.2063   3.2172   3.2188   3.2409   3.2608
  3.2664   3.2990   3.3013   3.3084   3.3355   3.3728   3.3801   3.3866
  3.4021   3.4131   3.4152   3.4228   3.4432   3.4533   3.4543   3.4688
  3.4965   3.5087   3.5188   3.5326   3.5370   3.5426   3.5491   3.5635
  3.5710   3.5962   3.6044   3.6226   3.6305   3.6391   3.6657   3.6909
  3.7049   3.7095   3.7251   3.7688   3.7747   3.8099   3.8361   3.8420
  3.8736   3.9099   3.9119   3.9228   3.9393   3.9464   3.9680   3.9902
  4.0123   4.0346   4.0404   4.0539   4.0829   4.1337   4.1357   4.1451
  4.1749   4.1995   4.2079   4.2145   4.2573   4.2941   4.3317   4.3556
  4.4021   4.4130   4.4845   4.4977   4.5710   4.5783   4.6061   4.6313
  4.6788   4.7421   4.7654   4.8145   4.8205   4.8698   4.9012   4.9104
  4.9233   4.9335   4.9664   4.9740   5.0219   5.0748   5.0897   5.0906
  5.0934   5.0968   5.1181   5.1200   5.1543   5.1895   5.1993   5.2338
  5.2396   5.2624   5.2712   5.3210   5.3226   5.3446   5.3586   5.3718
  5.3835   5.3864   5.3997   5.4039   5.4300   5.4403   5.4626   5.4776
  5.4913   5.5006   5.5285   5.5613   5.5666   5.5707   5.5972   5.6026
  5.6334   5.6351   5.6787   5.6861   5.7021   5.7213   5.7502   5.7585
  5.7673   5.7907   5.8395   5.8437   5.8535   5.8723   5.8800   5.8867
  5.8895   5.9160   5.9233   5.9307   5.9360   5.9670   5.9683   5.9785
  5.9869   5.9999   6.0208   6.0227   6.0273   6.0549   6.0640   6.0714
  6.0866   6.1102   6.1151   6.1192   6.1213   6.1447   6.1491   6.1537
  6.1713   6.1747   6.1926   6.2002   6.2104   6.2230   6.2320   6.2390
  6.2525   6.2678   6.2826   6.2945   6.3008   6.3125   6.3267   6.3395
  6.3452   6.3543   6.3603   6.3662   6.3811   6.3826   6.3894   6.3968
  6.4106   6.4216   6.4381   6.4699   6.4890   6.4953   6.5134   6.5214
  6.5253   6.5509   6.5580   6.5668   6.5985   6.6031   6.6176   6.6222
  6.6320   6.6357   6.6454   6.6563   6.6658   6.6731   6.6791   6.7111
  6.7209   6.7271   6.7300   6.7308   6.7725   6.7874   6.7913   6.8054
  6.8177   6.8318   6.8346   6.8494   6.8826   6.8915   6.9139   6.9279
  6.9318   6.9391   6.9645   6.9903   7.0119   7.0141   7.0247   7.0308
  7.0419   7.0625   7.1142   7.1143   7.1284   7.1498   7.1546   7.1643
  7.1714   7.2447   7.2525   7.2613   7.2698   7.2797   7.2996   7.3244
  7.3513   7.3653   7.3705   7.3943   7.4238   7.4300   7.4501   7.4533
  7.4633   7.4756   7.5022   7.5092   7.5265   7.5348   7.5436   7.5449
  7.5916   7.6011   7.6098   7.6194   7.6408   7.6432   7.6477   7.6765
  7.6966   7.7244   7.7368   7.7399   7.7441   7.7540   7.8010   7.8079
  7.8392   7.8608   7.8672   7.8868   7.9219   7.9226   7.9369   7.9494
  7.9698   7.9857   7.9893   8.0098   8.0274   8.0521   8.0585   8.0763
  8.0959   8.1184   8.1274   8.1442   8.1684   8.1790   8.1880   8.1982
  8.2036   8.2289   8.2480   8.2864   8.2904   8.3136   8.3183   8.3228
  8.3442   8.3462   8.3510   8.3569   8.3718   8.3725   8.3851   8.3875
  8.4046   8.4219   8.4312   8.4328   8.4470   8.4506   8.4619   8.4745
  8.4823   8.4840   8.5060   8.5068   8.5190   8.5404   8.5422   8.5866
  8.6023   8.6087   8.6303   8.6347   8.6419   8.6456   8.6799   8.6855
  8.7134   8.7392   8.7423   8.7489   8.7703   8.8136   8.8217   8.8466
  8.8645   8.8862   8.8984   8.9154   8.9160   8.9295   8.9310   8.9377
  8.9560   9.0159   9.0292   9.0429   9.0656   9.0878   9.1118   9.1603
  9.1817   9.2252   9.2382   9.3918   9.3947   9.4377   9.4610   9.5155
  9.5438   9.5680   9.5905   9.6113   9.6144   9.6486   9.6806   9.6947
  9.7144   9.7291   9.7345   9.7557   9.7582   9.8077   9.8233   9.8443
  9.8624   9.8709   9.8750   9.9589   9.9711   9.9863  10.0171  10.0651
 10.0728  10.1188  10.1618  10.2023  10.2382  10.2407  10.2563  10.2718
 10.3304  10.3823  10.3972  10.4711  10.4801  10.5572  10.6905  10.7527
 10.7900  10.8546  10.8985  10.9483  11.4040  11.6945  11.7192  11.7507
 11.9724  12.0367  12.1279  12.3393  12.5401  12.6465  12.8570  13.1094
 13.2711  14.4234  28.0925  28.4288  28.7190  28.7360  29.1172  29.2413
 29.3017  29.5643  37.3243  38.2658 148.9321 149.2612 149.5279 149.5428
149.8967 150.0275 150.1439 150.3807 198.6671 199.6145
 
 Beta MOs
 -- Occupied --
-14.5694 -14.5309 -10.4096 -10.3752 -10.3621 -10.3606 -10.3595 -10.3585
-10.3579 -10.3569  -1.1648  -1.0061  -0.9397  -0.8867  -0.8662  -0.8190
 -0.7420  -0.7261  -0.6611  -0.6155  -0.5800  -0.5705  -0.5571  -0.5562
 -0.5394  -0.5180  -0.5014  -0.4913  -0.4902  -0.4691  -0.4538  -0.4390
 -0.3679  -0.3582
 -- Virtual --
 -0.0410   0.0365   0.0537   0.0620   0.0699   0.0749   0.0893   0.1050
  0.1134   0.1150   0.1268   0.1336   0.1440   0.1585   0.1640   0.1687
  0.1862   0.1945   0.1991   0.2038   0.2062   0.2144   0.2162   0.2297
  0.2399   0.2456   0.2767   0.2797   0.2861   0.2915   0.3049   0.3091
  0.3129   0.3222   0.3271   0.3335   0.3363   0.3435   0.3466   0.3539
  0.3651   0.3695   0.3761   0.3803   0.3894   0.4053   0.4120   0.4154
  0.4233   0.4300   0.4302   0.4494   0.4520   0.4653   0.4724   0.4777
  0.4935   0.4957   0.5051   0.5139   0.5200   0.5207   0.5310   0.5407
  0.5619   0.5758   0.5885   0.5921   0.6112   0.6153   0.6208   0.6399
  0.6422   0.6603   0.6648   0.6760   0.6993   0.7046   0.7128   0.7310
  0.7354   0.7451   0.7521   0.7651   0.7750   0.7798   0.7802   0.7852
  0.7973   0.8066   0.8127   0.8237   0.8260   0.8326   0.8434   0.8435
  0.8487   0.8686   0.8851   0.8938   0.8974   0.9147   0.9207   0.9223
  0.9274   0.9320   0.9391   0.9398   0.9618   0.9744   0.9808   0.9811
  0.9836   0.9848   1.0003   1.0119   1.0163   1.0254   1.0329   1.0494
  1.0509   1.0586   1.0637   1.0656   1.0837   1.0880   1.0982   1.1066
  1.1122   1.1367   1.1447   1.1499   1.1752   1.1840   1.1946   1.1989
  1.2095   1.2156   1.2303   1.2375   1.2396   1.2474   1.2629   1.2651
  1.2814   1.2924   1.3006   1.3158   1.3239   1.3372   1.3680   1.3772
  1.3848   1.3868   1.4008   1.4102   1.4230   1.4642   1.4718   1.4735
  1.5118   1.5128   1.5133   1.5363   1.5563   1.5572   1.5796   1.5926
  1.6060   1.6287   1.6395   1.6504   1.6547   1.6790   1.6961   1.7036
  1.7385   1.7386   1.7434   1.7743   1.7778   1.7894   1.8095   1.8165
  1.8196   1.8331   1.8472   1.8510   1.8736   1.8757   1.8772   1.8791
  1.9141   1.9297   1.9323   1.9402   1.9509   1.9712   1.9824   1.9868
  1.9930   2.0048   2.0285   2.0301   2.0420   2.0429   2.0429   2.0496
  2.0669   2.0848   2.0990   2.1110   2.1161   2.1220   2.1313   2.1438
  2.1687   2.1706   2.1773   2.1907   2.1980   2.2064   2.2103   2.2127
  2.2298   2.2313   2.2426   2.2599   2.2716   2.2874   2.2924   2.3079
  2.3091   2.3169   2.3187   2.3258   2.3341   2.3417   2.3597   2.3684
  2.3730   2.3902   2.3976   2.4326   2.4358   2.4367   2.4543   2.4739
  2.4740   2.5020   2.5057   2.5141   2.5174   2.5208   2.5339   2.5505
  2.5568   2.5775   2.5793   2.5883   2.5896   2.5957   2.5963   2.6115
  2.6367   2.6421   2.6427   2.6437   2.6537   2.6559   2.6804   2.6860
  2.6954   2.7081   2.7118   2.7259   2.7317   2.7434   2.7505   2.7547
  2.7771   2.7847   2.7930   2.7942   2.8057   2.8212   2.8222   2.8427
  2.8492   2.8635   2.8760   2.8827   2.8846   2.8978   2.9036   2.9043
  2.9389   2.9508   2.9584   2.9825   2.9831   3.0146   3.0225   3.0374
  3.0477   3.0512   3.0747   3.0854   3.1011   3.1044   3.1131   3.1332
  3.1391   3.1400   3.1567   3.1787   3.1889   3.2171   3.2259   3.2286
  3.2476   3.2648   3.2720   3.3044   3.3076   3.3190   3.3462   3.3815
  3.3864   3.3988   3.4113   3.4178   3.4229   3.4330   3.4492   3.4583
  3.4598   3.4873   3.5040   3.5144   3.5238   3.5382   3.5456   3.5537
  3.5552   3.5705   3.5763   3.6090   3.6133   3.6286   3.6355   3.6462
  3.6707   3.6968   3.7145   3.7169   3.7352   3.7749   3.7830   3.8268
  3.8511   3.8578   3.8869   3.9140   3.9175   3.9252   3.9509   3.9649
  3.9772   4.0006   4.0261   4.0406   4.0592   4.0672   4.0913   4.1394
  4.1428   4.1561   4.1852   4.2069   4.2097   4.2228   4.2663   4.3026
  4.3575   4.3667   4.4141   4.4282   4.4915   4.5060   4.5824   4.5868
  4.6129   4.6423   4.6852   4.7496   4.7749   4.8221   4.8268   4.8848
  4.9124   4.9183   4.9316   4.9417   4.9740   4.9939   5.0343   5.0806
  5.0934   5.1040   5.1085   5.1174   5.1255   5.1425   5.1648   5.2000
  5.2200   5.2410   5.2585   5.2751   5.2776   5.3272   5.3405   5.3599
  5.3650   5.3821   5.3965   5.4079   5.4090   5.4132   5.4384   5.4511
  5.4701   5.4934   5.5019   5.5177   5.5415   5.5667   5.5857   5.5859
  5.6058   5.6111   5.6446   5.6474   5.6916   5.7017   5.7177   5.7285
  5.7615   5.7761   5.7904   5.7984   5.8491   5.8559   5.8620   5.8819
  5.8860   5.9004   5.9035   5.9222   5.9293   5.9374   5.9424   5.9745
  5.9764   5.9905   5.9940   6.0087   6.0264   6.0345   6.0470   6.0650
  6.0708   6.0758   6.0973   6.1177   6.1252   6.1267   6.1344   6.1513
  6.1549   6.1644   6.1788   6.1915   6.2014   6.2083   6.2184   6.2287
  6.2410   6.2426   6.2626   6.2795   6.2932   6.3007   6.3083   6.3247
  6.3323   6.3550   6.3555   6.3694   6.3754   6.3764   6.3905   6.3983
  6.4060   6.4166   6.4182   6.4256   6.4496   6.4836   6.4999   6.5019
  6.5292   6.5348   6.5352   6.5622   6.5773   6.5818   6.6132   6.6198
  6.6294   6.6393   6.6458   6.6483   6.6564   6.6687   6.6738   6.6804
  6.6926   6.7184   6.7347   6.7371   6.7465   6.7506   6.7918   6.7920
  6.8030   6.8112   6.8552   6.8580   6.8817   6.8919   6.9126   6.9319
  6.9371   6.9512   6.9594   6.9607   6.9899   7.0069   7.0215   7.0242
  7.0329   7.0451   7.0630   7.0813   7.1237   7.1322   7.1374   7.1671
  7.1693   7.1787   7.1859   7.2527   7.2683   7.2773   7.2880   7.2984
  7.3134   7.3381   7.3611   7.3785   7.3925   7.3991   7.4376   7.4380
  7.4617   7.4635   7.4677   7.4873   7.5139   7.5195   7.5355   7.5418
  7.5529   7.5547   7.5957   7.6147   7.6298   7.6347   7.6587   7.6629
  7.6660   7.6890   7.7064   7.7331   7.7453   7.7477   7.7518   7.7678
  7.8139   7.8183   7.8447   7.8730   7.8735   7.9045   7.9338   7.9369
  7.9452   7.9559   7.9834   7.9943   7.9954   8.0128   8.0378   8.0707
  8.0711   8.0859   8.1159   8.1272   8.1285   8.1495   8.1780   8.1867
  8.2041   8.2069   8.2138   8.2326   8.2599   8.2969   8.2972   8.3230
  8.3274   8.3287   8.3494   8.3534   8.3651   8.3666   8.3757   8.3819
  8.3940   8.3960   8.4096   8.4278   8.4420   8.4457   8.4703   8.4783
  8.4854   8.4858   8.4979   8.5121   8.5264   8.5460   8.5476   8.5660
  8.5931   8.6006   8.6228   8.6267   8.6553   8.6592   8.6870   8.6965
  8.7025   8.7086   8.7234   8.7565   8.7621   8.7806   8.8067   8.8294
  8.8364   8.8574   8.8914   8.9024   8.9081   8.9264   8.9395   8.9407
  8.9438   8.9452   8.9872   9.0281   9.0607   9.0703   9.0767   9.1036
  9.1552   9.1875   9.1976   9.2477   9.2906   9.4241   9.4512   9.4634
  9.4840   9.5483   9.5574   9.5740   9.5984   9.6383   9.6481   9.6863
  9.6905   9.7100   9.7335   9.7340   9.7648   9.7781   9.7800   9.8154
  9.8355   9.8538   9.8812   9.8820   9.8911   9.9787   9.9920   9.9987
 10.0533  10.0825  10.0945  10.1392  10.1821  10.2114  10.2492  10.2496
 10.2680  10.2976  10.3432  10.3959  10.4115  10.4788  10.4872  10.5760
 10.7332  10.7671  10.8022  10.8864  10.9173  10.9557  11.4466  11.7141
 11.7291  11.7857  11.9982  12.0471  12.1372  12.3825  12.5442  12.6781
 12.8696  13.1178  13.2848  14.4611  28.0955  28.4549  28.7223  28.7467
 29.1235  29.2439  29.3026  29.5672  37.3530  38.2830 148.9326 149.2693
149.5287 149.5449 149.8981 150.0280 150.1437 150.3812 198.6763 199.6207
 --------------------------------------------------------------
 
          Ground-State Mulliken Net Atomic Charges

     Atom                 Charge (a.u.)    Spin (a.u.)
  --------------------------------------------------------
      1 C                     0.019478       0.646340
      2 N                    -0.118953       0.030634
      3 N                    -0.061482       1.078088
      4 C                    -0.000274      -0.112003
      5 C                    -0.050305       0.156830
      6 C                    -0.037464       0.140220
      7 C                    -0.100753      -0.059165
      8 H                     0.092648      -0.010402
      9 C                    -0.108378      -0.057814
     10 H                     0.066420      -0.008948
     11 C                    -0.050814       0.148937
     12 H                     0.091108       0.002264
     13 H                     0.085428       0.002662
     14 H                     0.099600      -0.004356
     15 C                    -0.246759       0.026842
     16 H                     0.104001       0.014904
     17 H                     0.104099       0.014916
     18 H                     0.112398      -0.009948
  --------------------------------------------------------
  Sum of atomic charges =    -0.000000
  Sum of spin   charges =     2.000000

 -----------------------------------------------------------------
                    Cartesian Multipole Moments
 -----------------------------------------------------------------
    Charge (ESU x 10^10)
                -0.0000
    Dipole Moment (Debye)
         X      -2.8068      Y       2.0766      Z       0.0000
       Tot       3.4914
    Quadrupole Moments (Debye-Ang)
        XX     -63.6375     XY       6.2832     YY     -55.0784
        XZ      -0.0006     YZ       0.0009     ZZ     -61.9863
    Octopole Moments (Debye-Ang^2)
       XXX     -55.4346    XXY      17.4260    XYY      -7.9939
       YYY       2.5544    XXZ      -0.0020    XYZ      -0.0008
       YYZ      -0.0022    XZZ       9.3013    YZZ       0.6843
       ZZZ      -0.0064
    Hexadecapole Moments (Debye-Ang^3)
      XXXX   -1641.8084   XXXY      62.0352   XXYY    -343.8257
      XYYY      10.7614   YYYY    -490.2725   XXXZ       0.0033
      XXYZ       0.0009   XYYZ       0.0051   YYYZ      -0.0058
      XXZZ    -288.8236   XYZZ      -0.3132   YYZZ    -102.4592
      XZZZ       0.0206   YZZZ      -0.0097   ZZZZ     -77.1649
 -----------------------------------------------------------------
 Total job time:  264.11s(wall), 6118.61s(cpu) 
 Fri Aug  2 08:44:22 2024

        *************************************************************
        *                                                           *
        *  Thank you very much for using Q-Chem.  Have a nice day.  *
        *                                                           *
        *************************************************************


