
Running Job 1 of 1 n6-ts2-triplet-conf3-M06.in
qchem n6-ts2-triplet-conf3-M06.in_542532.0 /expanse/lustre/scratch/whughes/temp_project/job_32713157/n6-ts2-triplet-conf3-M06-32713157/ 0
/cm/shared/apps/spack/0.17.3/cpu/b/opt/spack/linux-rocky8-zen2/gcc-10.2.0/qchem-6.0-rytxnwjazd34ekd2gqyi5ufsaimxsd3r/exe/qcprog.exe_s n6-ts2-triplet-conf3-M06.in_542532.0 /expanse/lustre/scratch/whughes/temp_project/job_32713157/n6-ts2-triplet-conf3-M06-32713157/
                  Welcome to Q-Chem
     A Quantum Leap Into The Future Of Chemistry


 Q-Chem 6.0, Q-Chem, Inc., Pleasanton, CA (2022)

 License issued to: University of California, San Diego (site)

 E. Epifanovsky,  A. T. B. Gilbert,  Xintian Feng,  Joonho Lee,  Yuezhi Mao,  
 N. Mardirossian,  P. Pokhilko,  A. White,  M. Wormit,  M. P. Coons,  
 A. L. Dempwolff,  Zhengting Gan,  D. Hait,  P. R. Horn,  L. D. Jacobson,  
 I. Kaliman,  J. Kussmann,  A. W. Lange,  Ka Un Lao,  D. S. Levine,  Jie Liu,  
 S. C. McKenzie,  A. F. Morrison,  K. Nanda,  F. Plasser,  D. R. Rehn,  
 M. L. Vidal,  Zhi-Qiang You,  Ying Zhu,  B. Alam,  B. Albrecht,  
 A. Aldossary,  E. Alguire,  J. H. Andersen,  V. Athavale,  D. Barton,  
 K. Begam,  A. Behn,  N. Bellonzi,  Y. A. Bernard,  E. J. Berquist,  
 H. Burton,  A. Carreras,  K. Carter-Fenk,  Romit Chakraborty,  
 Chandrima Chakravarty,  Junhan Chen,  A. D. Chien,  K. D. Closser,  
 V. Cofer-Shabica,  L. Cunha,  S. Dasgupta,  Jia Deng,  M. de Wergifosse,  
 M. Diedenhofen,  Hainam Do,  S. Ehlert,  Po-Tung Fang,  S. Fatehi,  
 Qingguo Feng,  T. Friedhoff,  B. Ganoe,  J. Gayvert,  Qinghui Ge,  
 G. Gidofalvi,  M. Goldey,  J. Gomes,  C. Gonzalez-Espinoza,  S. Gulania,  
 A. Gunina,  J. A. Gyamfi,  M. W. D. Hanson-Heine,  P. H. P. Harbach,  
 A. W. Hauser,  M. F. Herbst,  M. Hernandez Vera,  M. Hodecker,  
 Z. C. Holden,  S. Houck,  Xunkun Huang,  Kerwin Hui,  B. C. Huynh,  
 K. Ikeda,  M. Ivanov,  Hyunjun Ji,  Zuxin Jin,  Hanjie Jiang,  B. Kaduk,  
 S. Kaehler,  R. Kang,  K. Khistyaev,  Jaehoon Kim,  Yongbin Kim,  
 P. Klunzinger,  Z. Koczor-Benda,  Joong Hoon Koh,  D. Kosenkov,  
 Saikiran Kotaru,  L. Koulias,  T. Kowalczyk,  C. M. Krauter,  K. Kue,  
 A. Kunitsa,  T. Kus,  A. Landau,  K. V. Lawler,  D. Lefrancois,  S. Lehtola,  
 Rain Li,  Shaozhi Li,  Yi-Pei Li,  Jiashu Liang,  M. Liebenthal,  
 Hung-Hsuan Lin,  You-Sheng Lin,  Fenglai Liu,  Kuan-Yu Liu,  
 M. Loipersberger,  A. Luenser,  C. Malbon,  A. Manjanath,  P. Manohar,  
 E. Mansoor,  S. F. Manzer,  Shan-Ping Mao,  A. V. Marenich,  T. Markovich,  
 S. Mason,  F. Matz,  S. A. Maurer,  P. F. McLaughlin,  M. F. S. J. Menger,  
 J.-M. Mewes,  S. A. Mewes,  P. Morgante,  Mohammad Mostafanejad,  
 J. W. Mullinax,  K. J. Oosterbaan,  G. Paran,  V. Parravicini,  
 Alexander C. Paul,  Suranjan K. Paul,  F. Pavosevic,  Zheng Pei,  S. Prager,  
 E. I. Proynov,  E. Ramos,  B. Rana,  A. E. Rask,  A. Rettig,  R. M. Richard,  
 F. Rob,  E. Rossomme,  T. Scheele,  M. Scheurer,  M. Schneider,  
 P. E. Schneider,  N. Sergueev,  S. M. Sharada,  Hengyuan Shen,  
 W. Skomorowski,  D. W. Small,  C. J. Stein,  Yingli Su,  Yu-Chuan Su,  
 E. J. Sundstrom,  Zhen Tao,  J. Thirman,  Hung-Yi Tsai,  T. Tsuchimochi,  
 N. M. Tubman,  C. Utku,  S. P. Veccham,  O. Vydrov,  J. Wenzel,  
 Jonathan Wong,  J. Witte,  A. Yamada,  Chou-Hsun Yang,  Kun Yao,  
 S. Yeganeh,  S. R. Yost,  A. Zech,  F. Zeller,  Igor Ying Zhang,  
 Xing Zhang,  Yu Zhang,  D. Zuev,  A. Aspuru-Guzik,  A. T. Bell,  
 N. A. Besley,  K. B. Bravaya,  B. R. Brooks,  D. Casanova,  Jeng-Da Chai,  
 Hsing-Ta Chen,  S. Coriani,  C. J. Cramer,  A. E. DePrince, III,  
 R. A. DiStasio Jr.,  A. Dreuw,  B. D. Dunietz,  T. R. Furlani,  
 W. A. Goddard III,  S. Grimme,  S. Hammes-Schiffer,  T. Head-Gordon,  
 W. J. Hehre,  Chao-Ping Hsu,  T.-C. Jagau,  Yousung Jung,  A. Klamt,  
 Jing Kong,  D. S. Lambrecht,  Xiangyuan Li,  WanZhen Liang,  N. J. Mayhall,  
 C. W. McCurdy,  J. B. Neaton,  T. Neudecker,  C. Ochsenfeld,  
 J. A. Parkhill,  R. Peverati,  V. A. Rassolov,  Haisheng Ren,  Yihan Shao,  
 L. V. Slipchenko,  R. P. Steele,  J. E. Subotnik,  A. J. W. Thom,  
 A. Tkatchenko,  D. G. Truhlar,  T. Van Voorhis,  Fan Wang,  
 T. A. Wesolowski,  K. B. Whaley,  H. L. Woodcock III,  P. M. Zimmerman,  
 S. Faraji,  P. M. W. Gill,  M. Head-Gordon,  J. M. Herbert,  A. I. Krylov

 Contributors to earlier versions of Q-Chem not listed above: 
 R. D. Adamson,  B. Austin,  R. Baer,  J. Baker,  G. J. O. Beran,  
 K. Brandhorst,  S. T. Brown,  E. F. C. Byrd,  Arup K. Chakraborty,  
 G. K. L. Chan,  Chun-Min Chang,  Yunqing Chen,  C.-L. Cheng,  
 Siu Hung Chien,  D. M. Chipman,  D. L. Crittenden,  H. Dachsel,  
 R. J. Doerksen,  A. D. Dutoi,  R. G. Edgar,  J. Fosso-Tande,  
 L. Fusti-Molnar,  D. Ghosh,  A. Ghysels,  A. Golubeva-Zadorozhnaya,  
 J. Gonthier,  M. S. Gordon,  S. R. Gwaltney,  G. Hawkins,  J. E. Herr,  
 A. Heyden,  S. Hirata,  E. G. Hohenstein,  G. Kedziora,  F. J. Keil,  
 C. Kelley,  Jihan Kim,  R. A. King,  R. Z. Khaliullin,  P. P. Korambath,  
 W. Kurlancheek,  A. Laurent,  A. M. Lee,  M. S. Lee,  S. V. Levchenko,  
 Ching Yeh Lin,  D. Liotard,  E. Livshits,  R. C. Lochan,  I. Lotan,  
 L. A. Martinez-Martinez,  P. E. Maslen,  N. Nair,  D. P. O'Neill,  
 D. Neuhauser,  E. Neuscamman,  C. M. Oana,  R. Olivares-Amaya,  R. Olson,  
 T. M. Perrine,  B. Peters,  P. A. Pieniazek,  A. Prociuk,  Y. M. Rhee,  
 J. Ritchie,  M. A. Rohrdanz,  E. Rosta,  N. J. Russ,  H. F. Schaefer III,  
 M. W. Schmidt,  N. E. Schultz,  S. Sharma,  N. Shenvi,  C. D. Sherrill,  
 A. C. Simmonett,  A. Sodt,  T. Stein,  D. Stuck,  K. S. Thanthiriwatte,  
 V. Vanovschi,  L. Vogt,  Tao Wang,  A. Warshel,  M. A. Watson,  
 C. F. Williams,  Q. Wu,  X. Xu,  Jun Yang,  W. Zhang,  Yan Zhao

   Please cite Q-Chem as follows:
  "Software for the frontiers of quantum chemistry:
   An overview of developments in the Q-Chem 5 package"
   J. Chem. Phys. 155, 084801 (2021)
   https://doi.org/10.1063/5.0055522 (open access)

 Q-Chem 6.0.2 for Intel X86 EM64T Linux

 Parts of Q-Chem use Armadillo 9.900.5 (Nocturnal Misbehaviour).
 http://arma.sourceforge.net/

 Q-Chem begins on Fri Aug  2 08:47:19 2024  

 Host: 
0

     Scratch files written to /expanse/lustre/scratch/whughes/temp_project/job_32713157/n6-ts2-triplet-conf3-M06-32713157//
 Dec722 |scratch|qcdevops|jenkins|workspace|build_RNUM    
 Processing $rem in /cm/shared/apps/spack/0.17.3/cpu/b/opt/spack/linux-rocky8-zen2/gcc-10.2.0/qchem-6.0-rytxnwjazd34ekd2gqyi5ufsaimxsd3r/config/preferences:
 Processing $rem in /home/whughes/.qchemrc:

 Checking the input file for inconsistencies... 	...done.

--------------------------------------------------------------
User input:
--------------------------------------------------------------
$molecule
0 3
C    1.6941120915    -0.3947568626   0.2898326984
C    0.9842647845    0.3033377042    1.3667935481
H    0.2865258541    -0.3680777749   1.8778495037
H    1.6702378936    0.706662744     2.1211640151
H    0.3965909621    1.1343110044    0.9676324455
C    0.5488180606    0.4759983453    -2.2848457478
C    0.4056562138    -0.7063173224   -1.6564983004
H    1.0670918467    -1.5342912223   -1.8750926215
H    -0.4855476009   -0.9199439291   -1.0777603582
C    -0.4057309157   1.6092485       -2.0717323362
H    -1.2524635248   1.3181245015    -1.4497101151
H    0.1014425074    2.4538177108    -1.5923275155
H    -0.7908227012   1.9806410137    -3.025941106
C    1.7366214026    0.7611749394    -3.148935047
H    1.4254659225    1.0510791522    -4.15713803
H    2.3097025811    1.6011749269    -2.7423023319
H    2.3993863039    -0.10042948     -3.2123432226
C    2.9767017762    -0.8588012149   0.1720143968
S    4.1734517029    -0.6439596793   1.4699347477
C    4.782826238     -1.809716109    -0.6875054472
C    5.3377384979    -1.4362512687   0.5068990178
H    5.3244344113    -2.3300980886   -1.4660609897
H    6.3499664218    -1.5900398494   0.8426551919
N    3.4911047198    -1.4991746512   -0.8840152857
$end

$rem
METHOD      M06
BASIS       def2-QZVPP
SYM_IGNORE   TRUE
DFT_D       D4
MAX_SCF_CYCLES 300
$end

$end
--------------------------------------------------------------
 Adding empirical dispersion correction 
 ----------------------------------------------------------------
 Doing -D4(0) with M06 parameters:
 s6  =   1.00000
 s8  =   0.16367
 s10 =   0.00000
 s9 =   1.00000
 a1  =   0.53456
 a2  =   6.06192
 -D4 energy including 3body term = -0.0052546636 hartrees
 ----------------------------------------------------------------
             Standard Nuclear Orientation (Angstroms)
    I     Atom           X                Y                Z
 ----------------------------------------------------------------
    1      C       1.6941120915    -0.3947568626     0.2898326984
    2      C       0.9842647845     0.3033377042     1.3667935481
    3      H       0.2865258541    -0.3680777749     1.8778495037
    4      H       1.6702378936     0.7066627440     2.1211640151
    5      H       0.3965909621     1.1343110044     0.9676324455
    6      C       0.5488180606     0.4759983453    -2.2848457478
    7      C       0.4056562138    -0.7063173224    -1.6564983004
    8      H       1.0670918467    -1.5342912223    -1.8750926215
    9      H      -0.4855476009    -0.9199439291    -1.0777603582
   10      C      -0.4057309157     1.6092485000    -2.0717323362
   11      H      -1.2524635248     1.3181245015    -1.4497101151
   12      H       0.1014425074     2.4538177108    -1.5923275155
   13      H      -0.7908227012     1.9806410137    -3.0259411060
   14      C       1.7366214026     0.7611749394    -3.1489350470
   15      H       1.4254659225     1.0510791522    -4.1571380300
   16      H       2.3097025811     1.6011749269    -2.7423023319
   17      H       2.3993863039    -0.1004294800    -3.2123432226
   18      C       2.9767017762    -0.8588012149     0.1720143968
   19      S       4.1734517029    -0.6439596793     1.4699347477
   20      C       4.7828262380    -1.8097161090    -0.6875054472
   21      C       5.3377384979    -1.4362512687     0.5068990178
   22      H       5.3244344113    -2.3300980886    -1.4660609897
   23      H       6.3499664218    -1.5900398494     0.8426551919
   24      N       3.4911047198    -1.4991746512    -0.8840152857
 ----------------------------------------------------------------
 Nuclear Repulsion Energy =         667.47535271 hartrees
 There are       46 alpha and       44 beta electrons
 Requested basis set is def2-QZVPP
 There are 322 shells and 1030 basis functions

 Total QAlloc Memory Limit   8000 MB
 Mega-Array Size       188 MB
 MEM_STATIC part       192 MB

 A cutoff of  1.0D-09 yielded  33220 shell pairs
 There are    320662 function pairs (    470397 Cartesian)
 Smallest overlap matrix eigenvalue = 2.42E-05

 Q-Chem warning in module stvman/mkSTV.C, line 305:

 Overlap eigenvalue is smaller than square root of threshold
 Use THRESH >= 12 to get rid of this warning


 Scale SEOQF with 1.000000e-02/1.000000e-01/1.000000e-01

 Standard Electronic Orientation quadrupole field applied
 Nucleus-field energy     =    -0.0000000162 hartrees
 Guess from superposition of atomic densities
 Warning:  Energy on first SCF cycle will be non-variational
 SAD guess density has 90.000000 electrons

 -----------------------------------------------------------------------
  General SCF calculation program by
  Eric Jon Sundstrom, Paul Horn, Yuezhi Mao, Dmitri Zuev, Alec White,
  David Stuck, Shaama M.S., Shane Yost, Joonho Lee, David Small,
  Daniel Levine, Susi Lehtola, Hugh Burton, Evgeny Epifanovsky,
  Bang C. Huynh
 -----------------------------------------------------------------------
 Exchange:     0.2700 Hartree-Fock + 1.0000 M06
 Correlation:  1.0000 M06
 Using SG-3 standard quadrature grid
 Dispersion:   Grimme D4
 using 32 threads for integral computing
 -------------------------------------------------------
 OpenMP Integral computing Module                
 Release: version 1.0, May 2013, Q-Chem Inc. Pittsburgh 
 -------------------------------------------------------
 A unrestricted SCF calculation will be
 performed using DIIS
 SCF converges when DIIS error is below 1.0e-05
 ---------------------------------------
  Cycle       Energy         DIIS error
 ---------------------------------------
    1    -805.7708663055      5.74e-03  
    2    -803.1920027405      6.86e-04  
    3    -802.9123426409      1.01e-03  
    4    -803.4290847072      2.50e-04  
    5    -803.4586253361      9.54e-05  
    6    -803.4629561823      3.78e-05  
    7    -803.4637116439      2.20e-05  
    8    -803.4640116006      1.03e-05  
    9    -803.4640936112      6.91e-06  Convergence criterion met
 ---------------------------------------
 SCF time:   CPU 15032.36s  wall 510.00s 
<S^2> =          2.058190106
 SCF   energy in the final basis set =     -803.4640936112
 Total energy in the final basis set =     -803.4640936112
 
 --------------------------------------------------------------
 
                    Orbital Energies (a.u.)
 --------------------------------------------------------------
 
 Alpha MOs
 -- Occupied --
-89.0540 -14.3869 -10.2992 -10.2728 -10.2707 -10.2678 -10.2532 -10.2490
-10.2342 -10.2277 -10.2253  -8.0776  -5.9935  -5.9901  -5.9879  -0.9723
 -0.8240  -0.8142  -0.8076  -0.7390  -0.7039  -0.6899  -0.6555  -0.5917
 -0.5393  -0.5277  -0.5019  -0.4660  -0.4597  -0.4594  -0.4498  -0.4419
 -0.4310  -0.4242  -0.4156  -0.3965  -0.3809  -0.3732  -0.3692  -0.3517
 -0.3128  -0.3030  -0.2936  -0.2846  -0.2043  -0.1920
 -- Virtual --
 -0.0018   0.0021   0.0130   0.0165   0.0224   0.0250   0.0333   0.0388
  0.0463   0.0486   0.0541   0.0566   0.0600   0.0777   0.0785   0.0854
  0.0937   0.0997   0.1039   0.1123   0.1126   0.1204   0.1220   0.1260
  0.1365   0.1441   0.1473   0.1544   0.1635   0.1760   0.1791   0.1827
  0.1992   0.2032   0.2106   0.2161   0.2297   0.2332   0.2352   0.2379
  0.2420   0.2483   0.2542   0.2565   0.2621   0.2679   0.2803   0.2825
  0.2845   0.2863   0.2898   0.2934   0.2973   0.3058   0.3093   0.3156
  0.3193   0.3283   0.3298   0.3331   0.3375   0.3462   0.3517   0.3580
  0.3622   0.3634   0.3765   0.3809   0.3957   0.3990   0.4097   0.4191
  0.4237   0.4281   0.4299   0.4472   0.4522   0.4636   0.4695   0.4774
  0.4852   0.4928   0.4987   0.5059   0.5094   0.5252   0.5287   0.5395
  0.5475   0.5541   0.5636   0.5761   0.5779   0.5874   0.5975   0.6058
  0.6151   0.6179   0.6249   0.6317   0.6520   0.6543   0.6581   0.6645
  0.6702   0.6766   0.6828   0.6858   0.6953   0.7023   0.7133   0.7177
  0.7262   0.7302   0.7427   0.7452   0.7518   0.7575   0.7603   0.7646
  0.7672   0.7736   0.7801   0.7872   0.7938   0.7994   0.8028   0.8118
  0.8137   0.8187   0.8232   0.8287   0.8320   0.8357   0.8387   0.8476
  0.8496   0.8595   0.8650   0.8765   0.8790   0.8886   0.8921   0.8948
  0.9041   0.9081   0.9180   0.9249   0.9304   0.9405   0.9451   0.9484
  0.9539   0.9642   0.9685   0.9754   0.9866   0.9895   0.9927   0.9989
  1.0079   1.0114   1.0129   1.0201   1.0306   1.0408   1.0424   1.0449
  1.0533   1.0544   1.0657   1.0733   1.0828   1.0887   1.1036   1.1072
  1.1194   1.1256   1.1389   1.1496   1.1536   1.1624   1.1668   1.1763
  1.1899   1.2017   1.2084   1.2149   1.2256   1.2280   1.2441   1.2505
  1.2640   1.2693   1.2784   1.2839   1.2913   1.2972   1.3018   1.3113
  1.3183   1.3282   1.3312   1.3487   1.3610   1.3618   1.3804   1.3874
  1.3945   1.4052   1.4195   1.4324   1.4367   1.4595   1.4691   1.4728
  1.4784   1.4946   1.5100   1.5246   1.5318   1.5449   1.5640   1.5775
  1.5900   1.6039   1.6147   1.6248   1.6338   1.6433   1.6898   1.7057
  1.7223   1.7392   1.7518   1.7593   1.7626   1.7779   1.7865   1.7938
  1.7984   1.8012   1.8135   1.8219   1.8316   1.8415   1.8431   1.8457
  1.8544   1.8658   1.8739   1.8757   1.8884   1.8952   1.9003   1.9029
  1.9082   1.9201   1.9291   1.9382   1.9412   1.9502   1.9560   1.9618
  1.9677   1.9739   1.9796   1.9903   2.0037   2.0122   2.0225   2.0261
  2.0351   2.0367   2.0500   2.0529   2.0551   2.0644   2.0729   2.0762
  2.0896   2.0907   2.1007   2.1065   2.1148   2.1228   2.1258   2.1366
  2.1413   2.1457   2.1515   2.1586   2.1621   2.1697   2.1723   2.1877
  2.1890   2.2001   2.2054   2.2094   2.2186   2.2217   2.2318   2.2380
  2.2396   2.2542   2.2596   2.2763   2.2805   2.2866   2.2902   2.3067
  2.3134   2.3172   2.3230   2.3325   2.3389   2.3557   2.3618   2.3756
  2.3854   2.3988   2.4020   2.4124   2.4194   2.4298   2.4348   2.4465
  2.4552   2.4559   2.4605   2.4639   2.4788   2.4842   2.4990   2.5019
  2.5099   2.5133   2.5216   2.5335   2.5444   2.5522   2.5552   2.5602
  2.5613   2.5673   2.5742   2.5829   2.5906   2.5957   2.5958   2.6031
  2.6090   2.6231   2.6278   2.6415   2.6607   2.6640   2.6724   2.6795
  2.6879   2.6972   2.7028   2.7100   2.7178   2.7217   2.7263   2.7347
  2.7422   2.7473   2.7645   2.7723   2.7758   2.7791   2.7886   2.7949
  2.8020   2.8151   2.8311   2.8316   2.8423   2.8511   2.8567   2.8618
  2.8760   2.8818   2.8930   2.8960   2.9027   2.9150   2.9255   2.9322
  2.9356   2.9472   2.9642   2.9758   2.9922   2.9991   3.0022   3.0234
  3.0306   3.0435   3.0544   3.0662   3.0762   3.0855   3.1045   3.1154
  3.1225   3.1349   3.1462   3.1564   3.1644   3.1673   3.1773   3.1821
  3.1954   3.2103   3.2167   3.2221   3.2292   3.2463   3.2612   3.2639
  3.2685   3.2780   3.2834   3.2912   3.2928   3.3002   3.3138   3.3244
  3.3317   3.3436   3.3489   3.3543   3.3620   3.3693   3.3868   3.3986
  3.4012   3.4310   3.4407   3.4484   3.4499   3.4592   3.4654   3.4752
  3.4820   3.4987   3.5017   3.5084   3.5131   3.5331   3.5393   3.5502
  3.5681   3.5777   3.5893   3.6005   3.6251   3.6496   3.6583   3.6742
  3.6998   3.7071   3.7143   3.7296   3.7327   3.7440   3.7446   3.7702
  3.7820   3.7928   3.8072   3.8111   3.8182   3.8214   3.8227   3.8253
  3.8370   3.8408   3.8592   3.8844   3.8977   3.9023   3.9320   3.9622
  4.0014   4.0042   4.0185   4.0403   4.0547   4.0781   4.0947   4.1209
  4.1287   4.1504   4.1712   4.1874   4.1961   4.2000   4.2415   4.2810
  4.3210   4.3353   4.3500   4.3613   4.3718   4.4209   4.4384   4.4593
  4.5925   4.6334   4.6961   4.7055   4.7707   4.8048   4.8344   4.8458
  4.8655   4.8790   4.8965   4.9213   4.9293   4.9619   4.9679   4.9929
  5.0043   5.0627   5.0691   5.0788   5.0912   5.1072   5.1226   5.1268
  5.1455   5.1493   5.1703   5.1863   5.1991   5.2058   5.2588   5.2677
  5.2820   5.2897   5.3261   5.3315   5.3459   5.3547   5.3616   5.3698
  5.3749   5.3874   5.4020   5.4095   5.4335   5.4442   5.4462   5.4612
  5.4664   5.5004   5.5259   5.5388   5.5478   5.5691   5.5735   5.5823
  5.5869   5.6045   5.6193   5.6228   5.6516   5.6619   5.6796   5.6944
  5.6969   5.7219   5.7252   5.7292   5.7393   5.7528   5.7647   5.7763
  5.7909   5.7958   5.7972   5.8051   5.8094   5.8213   5.8277   5.8339
  5.8502   5.8561   5.8619   5.8701   5.8817   5.8862   5.8927   5.8994
  5.9010   5.9024   5.9141   5.9194   5.9208   5.9240   5.9331   5.9426
  5.9518   5.9590   5.9698   5.9768   5.9867   6.0068   6.0159   6.0240
  6.0351   6.0416   6.0492   6.0524   6.0764   6.0770   6.0910   6.0994
  6.1064   6.1222   6.1246   6.1367   6.1399   6.1499   6.1519   6.1587
  6.1643   6.1747   6.1889   6.2024   6.2107   6.2285   6.2350   6.2410
  6.2487   6.2538   6.2622   6.2652   6.2743   6.2812   6.2909   6.2999
  6.3154   6.3216   6.3274   6.3307   6.3448   6.3604   6.3632   6.3705
  6.3752   6.3828   6.3898   6.4129   6.4161   6.4322   6.4347   6.4524
  6.4598   6.4646   6.4751   6.4806   6.4993   6.5151   6.5219   6.5296
  6.5366   6.5442   6.5638   6.5710   6.5889   6.5955   6.5997   6.6155
  6.6454   6.6479   6.6686   6.6734   6.6792   6.6927   6.6974   6.7114
  6.7263   6.7457   6.7520   6.7799   6.7932   6.7974   6.8026   6.8088
  6.8236   6.8285   6.8463   6.8553   6.8755   6.8831   6.9098   6.9163
  6.9454   6.9535   6.9916   6.9931   7.0113   7.0341   7.0433   7.0477
  7.0595   7.0651   7.0743   7.0888   7.1024   7.1195   7.1576   7.1775
  7.1819   7.2084   7.2187   7.2252   7.2416   7.2660   7.2927   7.2948
  7.2985   7.3116   7.3203   7.3288   7.3492   7.3736   7.3786   7.3862
  7.3897   7.4021   7.4261   7.4310   7.4409   7.4438   7.4682   7.4802
  7.4868   7.4968   7.5024   7.5235   7.5283   7.5398   7.5430   7.5537
  7.5742   7.5896   7.5919   7.5988   7.6127   7.6215   7.6269   7.6341
  7.6428   7.6560   7.6612   7.6696   7.6732   7.6827   7.6938   7.6978
  7.7176   7.7261   7.7280   7.7436   7.7512   7.7699   7.7797   7.7884
  7.8076   7.8099   7.8268   7.8356   7.8419   7.8495   7.8561   7.8740
  7.8934   7.9061   7.9257   7.9421   7.9488   7.9614   7.9695   7.9789
  7.9940   8.0103   8.0277   8.0315   8.0413   8.0523   8.0776   8.1045
  8.1115   8.1387   8.1475   8.1600   8.1666   8.2103   8.2253   8.2417
  8.2479   8.2576   8.2739   8.2873   8.2917   8.2937   8.3100   8.3168
  8.3240   8.3288   8.3328   8.3400   8.3504   8.3580   8.3599   8.3636
  8.3713   8.3778   8.3832   8.3900   8.3978   8.4037   8.4123   8.4232
  8.4274   8.4510   8.4561   8.4634   8.4684   8.4783   8.4916   8.5094
  8.5233   8.5275   8.5290   8.5487   8.5715   8.5869   8.5946   8.5970
  8.6193   8.6207   8.6389   8.6427   8.6791   8.6836   8.6937   8.7167
  8.7495   8.7524   8.7610   8.7683   8.7758   8.7881   8.8044   8.8201
  8.8240   8.8401   8.8522   8.8593   8.8728   8.8803   8.8898   8.9162
  8.9281   8.9344   8.9688   8.9934   9.0054   9.0482   9.0724   9.0796
  9.1008   9.1920   9.2159   9.2293   9.2588   9.2630   9.2897   9.3580
  9.3885   9.3992   9.4251   9.4474   9.4586   9.4713   9.4911   9.5246
  9.5448   9.5593   9.5800   9.6024   9.6109   9.6445   9.6836   9.6940
  9.7025   9.7119   9.7544   9.7601   9.7938   9.8020   9.8091   9.8138
  9.8250   9.8300   9.8717   9.8784   9.8835   9.8929   9.9039   9.9247
  9.9353   9.9461  10.0658  10.0795  10.1059  10.1267  10.1331  10.1455
 10.2027  10.2075  10.2621  10.3005  10.3210  10.3666  10.3696  10.4628
 10.5404  10.5748  10.5913  10.7079  10.8228  10.8669  11.5358  11.6572
 11.7363  11.7807  11.7942  11.8400  11.9057  11.9856  12.0133  12.0556
 12.1839  12.5893  12.8339  13.0960  13.1281  13.2134  24.9998  28.0655
 28.3675  28.4872  28.8187  28.8702  29.0833  29.0900  29.1431  29.2204
 29.2547  29.3663  29.3831  37.8509  84.5712 146.6829 146.9485 147.0981
147.4135 147.6642 147.6981 147.7360 147.8122 147.8533 196.6216 451.0255
 
 Beta MOs
 -- Occupied --
-89.0530 -14.3830 -10.3011 -10.2716 -10.2650 -10.2537 -10.2533 -10.2452
-10.2345 -10.2287 -10.2255  -8.0764  -5.9921  -5.9889  -5.9852  -0.9638
 -0.8162  -0.8016  -0.7896  -0.7363  -0.7033  -0.6918  -0.6390  -0.5853
 -0.5329  -0.5213  -0.4867  -0.4641  -0.4545  -0.4473  -0.4386  -0.4327
 -0.4219  -0.4138  -0.4111  -0.3945  -0.3807  -0.3726  -0.3654  -0.3507
 -0.2873  -0.2803  -0.2731  -0.2664
 -- Virtual --
 -0.0812  -0.0554  -0.0013   0.0137   0.0184   0.0227   0.0235   0.0302
  0.0350   0.0407   0.0499   0.0553   0.0564   0.0627   0.0682   0.0784
  0.0819   0.0862   0.0959   0.1046   0.1067   0.1123   0.1164   0.1207
  0.1244   0.1269   0.1374   0.1453   0.1500   0.1569   0.1674   0.1758
  0.1821   0.1859   0.2016   0.2048   0.2117   0.2176   0.2309   0.2365
  0.2386   0.2397   0.2457   0.2516   0.2555   0.2627   0.2663   0.2714
  0.2833   0.2847   0.2878   0.2890   0.2932   0.2983   0.3006   0.3100
  0.3138   0.3187   0.3229   0.3300   0.3332   0.3341   0.3399   0.3489
  0.3551   0.3594   0.3639   0.3687   0.3787   0.3827   0.3992   0.4008
  0.4094   0.4223   0.4260   0.4292   0.4317   0.4477   0.4536   0.4640
  0.4741   0.4800   0.4881   0.4937   0.5006   0.5074   0.5117   0.5269
  0.5298   0.5405   0.5508   0.5570   0.5643   0.5790   0.5817   0.5921
  0.6022   0.6086   0.6156   0.6178   0.6278   0.6348   0.6535   0.6551
  0.6618   0.6709   0.6721   0.6754   0.6828   0.6870   0.6980   0.7059
  0.7137   0.7193   0.7278   0.7315   0.7428   0.7465   0.7539   0.7583
  0.7608   0.7665   0.7690   0.7745   0.7820   0.7886   0.7958   0.8020
  0.8035   0.8133   0.8138   0.8183   0.8250   0.8320   0.8333   0.8378
  0.8402   0.8491   0.8503   0.8602   0.8669   0.8758   0.8811   0.8895
  0.8926   0.8977   0.9057   0.9092   0.9206   0.9262   0.9306   0.9416
  0.9463   0.9499   0.9554   0.9658   0.9682   0.9762   0.9870   0.9904
  0.9920   1.0021   1.0089   1.0115   1.0135   1.0203   1.0321   1.0400
  1.0422   1.0452   1.0539   1.0550   1.0651   1.0732   1.0837   1.0880
  1.1042   1.1055   1.1199   1.1266   1.1394   1.1494   1.1538   1.1641
  1.1685   1.1770   1.1908   1.2028   1.2100   1.2148   1.2266   1.2294
  1.2470   1.2517   1.2645   1.2704   1.2785   1.2848   1.2918   1.2992
  1.3032   1.3126   1.3190   1.3291   1.3319   1.3493   1.3617   1.3624
  1.3807   1.3879   1.3958   1.4073   1.4202   1.4342   1.4390   1.4601
  1.4705   1.4736   1.4792   1.4964   1.5092   1.5247   1.5316   1.5467
  1.5667   1.5772   1.5927   1.6073   1.6170   1.6259   1.6354   1.6427
  1.6910   1.7092   1.7307   1.7407   1.7539   1.7606   1.7651   1.7820
  1.7916   1.7977   1.7995   1.8027   1.8182   1.8243   1.8365   1.8441
  1.8461   1.8513   1.8585   1.8724   1.8760   1.8817   1.8904   1.8982
  1.9007   1.9051   1.9090   1.9232   1.9308   1.9414   1.9430   1.9535
  1.9604   1.9646   1.9715   1.9746   1.9819   1.9959   2.0052   2.0138
  2.0230   2.0269   2.0376   2.0388   2.0511   2.0522   2.0585   2.0682
  2.0746   2.0789   2.0890   2.0915   2.1052   2.1069   2.1180   2.1237
  2.1280   2.1389   2.1452   2.1509   2.1551   2.1601   2.1637   2.1713
  2.1746   2.1902   2.1937   2.2042   2.2073   2.2106   2.2219   2.2235
  2.2372   2.2402   2.2425   2.2581   2.2662   2.2790   2.2818   2.2887
  2.2980   2.3119   2.3144   2.3195   2.3251   2.3339   2.3448   2.3586
  2.3648   2.3795   2.3895   2.3993   2.4032   2.4171   2.4241   2.4320
  2.4384   2.4490   2.4554   2.4580   2.4634   2.4683   2.4816   2.4870
  2.5004   2.5040   2.5131   2.5141   2.5240   2.5348   2.5459   2.5531
  2.5575   2.5622   2.5647   2.5690   2.5757   2.5861   2.5926   2.5967
  2.6001   2.6082   2.6127   2.6255   2.6310   2.6425   2.6644   2.6681
  2.6756   2.6820   2.6916   2.7011   2.7072   2.7140   2.7189   2.7242
  2.7292   2.7369   2.7439   2.7505   2.7685   2.7746   2.7771   2.7824
  2.7905   2.7971   2.8061   2.8169   2.8312   2.8333   2.8438   2.8520
  2.8603   2.8658   2.8828   2.8840   2.8946   2.9003   2.9069   2.9188
  2.9268   2.9344   2.9388   2.9513   2.9671   2.9788   2.9948   3.0022
  3.0062   3.0278   3.0356   3.0457   3.0614   3.0703   3.0800   3.0917
  3.1091   3.1219   3.1268   3.1380   3.1480   3.1610   3.1656   3.1717
  3.1815   3.1869   3.2005   3.2160   3.2235   3.2284   3.2350   3.2527
  3.2681   3.2702   3.2744   3.2820   3.2883   3.2951   3.2990   3.3076
  3.3186   3.3308   3.3355   3.3476   3.3526   3.3604   3.3661   3.3726
  3.3931   3.4035   3.4059   3.4349   3.4445   3.4533   3.4570   3.4629
  3.4698   3.4803   3.4858   3.5012   3.5083   3.5108   3.5152   3.5360
  3.5432   3.5551   3.5697   3.5792   3.6006   3.6069   3.6333   3.6587
  3.6637   3.6770   3.7069   3.7135   3.7206   3.7337   3.7391   3.7476
  3.7513   3.7737   3.7904   3.7936   3.8101   3.8146   3.8197   3.8228
  3.8273   3.8323   3.8440   3.8462   3.8619   3.8885   3.9063   3.9098
  3.9386   3.9656   4.0015   4.0090   4.0208   4.0422   4.0564   4.0844
  4.0993   4.1301   4.1339   4.1560   4.1729   4.1915   4.1996   4.2038
  4.2522   4.2855   4.3284   4.3407   4.3572   4.3722   4.3794   4.4242
  4.4441   4.4693   4.5999   4.6543   4.7039   4.7190   4.7766   4.8130
  4.8513   4.8818   4.8944   4.9077   4.9089   4.9277   4.9610   4.9716
  4.9937   5.0165   5.0305   5.0811   5.0834   5.0944   5.1068   5.1249
  5.1479   5.1595   5.1675   5.1833   5.1837   5.2099   5.2140   5.2422
  5.2730   5.2828   5.2900   5.3094   5.3375   5.3447   5.3511   5.3581
  5.3757   5.3791   5.3805   5.4076   5.4232   5.4257   5.4409   5.4551
  5.4667   5.4745   5.4861   5.5147   5.5393   5.5505   5.5640   5.5709
  5.5823   5.5928   5.5976   5.6086   5.6259   5.6337   5.6589   5.6720
  5.6959   5.7060   5.7092   5.7202   5.7381   5.7387   5.7541   5.7609
  5.7734   5.7823   5.7968   5.7989   5.8083   5.8132   5.8199   5.8300
  5.8358   5.8455   5.8559   5.8650   5.8732   5.8794   5.8895   5.8964
  5.8977   5.9032   5.9059   5.9075   5.9173   5.9214   5.9300   5.9399
  5.9511   5.9581   5.9744   5.9812   5.9864   6.0004   6.0110   6.0205
  6.0287   6.0370   6.0474   6.0520   6.0604   6.0624   6.0851   6.0892
  6.1040   6.1060   6.1109   6.1283   6.1334   6.1435   6.1509   6.1590
  6.1632   6.1718   6.1734   6.1796   6.1992   6.2110   6.2189   6.2383
  6.2457   6.2494   6.2581   6.2625   6.2719   6.2741   6.2851   6.2903
  6.2969   6.3101   6.3245   6.3312   6.3340   6.3425   6.3578   6.3695
  6.3782   6.3822   6.3842   6.3905   6.4045   6.4186   6.4351   6.4439
  6.4512   6.4617   6.4703   6.4752   6.4879   6.4959   6.5152   6.5245
  6.5347   6.5445   6.5506   6.5599   6.5740   6.5839   6.6010   6.6084
  6.6245   6.6467   6.6548   6.6646   6.6912   6.6946   6.6988   6.7108
  6.7239   6.7291   6.7508   6.7595   6.7631   6.8016   6.8091   6.8120
  6.8176   6.8310   6.8449   6.8518   6.8664   6.8810   6.8952   6.9137
  6.9351   6.9375   6.9531   6.9623   7.0001   7.0127   7.0300   7.0477
  7.0545   7.0607   7.0727   7.0776   7.0926   7.1093   7.1176   7.1336
  7.1762   7.1912   7.1955   7.2149   7.2255   7.2313   7.2532   7.2703
  7.2970   7.2988   7.3019   7.3160   7.3275   7.3317   7.3555   7.3651
  7.3875   7.3952   7.4023   7.4149   7.4300   7.4363   7.4485   7.4596
  7.4751   7.4904   7.4913   7.5050   7.5104   7.5241   7.5382   7.5453
  7.5494   7.5576   7.5767   7.5959   7.6004   7.6041   7.6167   7.6276
  7.6303   7.6389   7.6482   7.6597   7.6653   7.6751   7.6792   7.6872
  7.6959   7.7041   7.7216   7.7299   7.7342   7.7513   7.7590   7.7740
  7.7874   7.7953   7.8120   7.8186   7.8349   7.8424   7.8526   7.8587
  7.8647   7.8828   7.9044   7.9104   7.9308   7.9443   7.9559   7.9687
  7.9738   7.9830   8.0092   8.0248   8.0331   8.0405   8.0467   8.0632
  8.0850   8.1125   8.1243   8.1536   8.1573   8.1698   8.1743   8.2112
  8.2269   8.2468   8.2532   8.2582   8.2723   8.2877   8.2898   8.2960
  8.3095   8.3157   8.3214   8.3286   8.3322   8.3403   8.3518   8.3588
  8.3597   8.3684   8.3751   8.3824   8.3875   8.3913   8.4022   8.4084
  8.4140   8.4261   8.4370   8.4585   8.4693   8.4749   8.4837   8.4978
  8.5102   8.5128   8.5345   8.5363   8.5440   8.5534   8.5841   8.5931
  8.5978   8.6025   8.6287   8.6320   8.6420   8.6512   8.6875   8.6912
  8.7063   8.7341   8.7518   8.7590   8.7697   8.7779   8.7854   8.7963
  8.8072   8.8209   8.8248   8.8473   8.8525   8.8648   8.8777   8.8873
  8.8959   8.9278   8.9313   8.9404   8.9546   9.0106   9.0276   9.0510
  9.0883   9.0964   9.0990   9.1672   9.2150   9.2590   9.2618   9.2912
  9.2973   9.3998   9.4020   9.4173   9.4354   9.4601   9.4640   9.4765
  9.5003   9.5379   9.5685   9.5756   9.5943   9.5965   9.6229   9.6617
  9.6736   9.7134   9.7192   9.7281   9.7646   9.7775   9.8011   9.8075
  9.8152   9.8162   9.8276   9.8333   9.8727   9.8925   9.9027   9.9122
  9.9183   9.9261   9.9348   9.9547  10.0682  10.0815  10.1120  10.1405
 10.1453  10.1465  10.1943  10.2244  10.2644  10.2964  10.3205  10.4024
 10.4198  10.4622  10.5992  10.6261  10.6900  10.7410  10.8947  10.9209
 11.5339  11.6495  11.7280  11.7732  11.7940  11.8521  11.8988  11.9919
 12.0136  12.0643  12.1513  12.5947  12.8955  13.0940  13.1259  13.2116
 25.0065  28.0558  28.3601  28.4778  28.8135  28.8773  29.0828  29.0953
 29.1472  29.2215  29.2591  29.3685  29.3854  37.8423  84.5760 146.6688
146.9478 147.0961 147.4021 147.6655 147.6982 147.7368 147.8128 147.8536
196.6366 451.0291
 --------------------------------------------------------------
 
          Ground-State Mulliken Net Atomic Charges

     Atom                 Charge (a.u.)    Spin (a.u.)
  --------------------------------------------------------
      1 C                    -0.247384       1.393411
      2 C                     0.077157      -0.014487
      3 H                     0.127303       0.008415
      4 H                     0.017800       0.022690
      5 H                     0.020775       0.011408
      6 C                    -0.587542       0.331017
      7 C                     0.229983      -0.168393
      8 H                     0.000490       0.001357
      9 H                    -0.024533      -0.002461
     10 C                     0.035395       0.001685
     11 H                     0.047112       0.001041
     12 H                     0.044277       0.011322
     13 H                     0.091465      -0.000273
     14 C                    -0.014611      -0.007530
     15 H                     0.100557       0.000846
     16 H                     0.051105       0.012989
     17 H                     0.093859       0.004460
     18 C                     0.563893      -0.192607
     19 S                    -0.248113       0.160520
     20 C                     0.169181      -0.075644
     21 C                    -0.121036       0.247271
     22 H                     0.141246      -0.009392
     23 H                     0.135282       0.003914
     24 N                    -0.703664       0.258443
  --------------------------------------------------------
  Sum of atomic charges =     0.000000
  Sum of spin   charges =     2.000000

 -----------------------------------------------------------------
                    Cartesian Multipole Moments
 -----------------------------------------------------------------
    Charge (ESU x 10^10)
                 0.0000
    Dipole Moment (Debye)
         X      -0.1702      Y       1.0640      Z       0.7988
       Tot       1.3414
    Quadrupole Moments (Debye-Ang)
        XX     -67.6289     XY      -1.5382     YY     -75.4436
        XZ       0.9581     YZ      -1.5376     ZZ     -74.1650
    Octopole Moments (Debye-Ang^2)
       XXX    -462.6348    XXY      -2.2616    XYY    -178.8026
       YYY      78.5834    XXZ      41.1808    XYZ       2.1363
       YYZ      33.6056    XZZ    -178.6704    YZZ      30.7289
       ZZZ     105.8508
    Hexadecapole Moments (Debye-Ang^3)
      XXXX   -3694.4063   XXXY     304.7081   XXYY    -790.2505
      XYYY     531.3047   YYYY    -651.8074   XXXZ     -37.4256
      XXYZ      51.5813   XYYZ     -39.1879   YYYZ     126.5395
      XXZZ    -931.7466   XYZZ     170.2371   YYZZ    -329.1808
      XZZZ     -84.1335   YZZZ     106.3918   ZZZZ   -1332.4911
 -----------------------------------------------------------------
 Total job time:  514.74s(wall), 15086.55s(cpu) 
 Fri Aug  2 08:55:53 2024

        *************************************************************
        *                                                           *
        *  Thank you very much for using Q-Chem.  Have a nice day.  *
        *                                                           *
        *************************************************************


