
Running Job 1 of 1 dimethylallene-singlet-wb97xd-M06.in
qchem dimethylallene-singlet-wb97xd-M06.in_233455.0 /expanse/lustre/scratch/whughes/temp_project/job_38266787/dimethylallene-singlet-wb97xd-M06-38266787/ 0
/cm/shared/apps/spack/0.17.3/cpu/b/opt/spack/linux-rocky8-zen2/gcc-10.2.0/qchem-6.0-rytxnwjazd34ekd2gqyi5ufsaimxsd3r/exe/qcprog.exe_s dimethylallene-singlet-wb97xd-M06.in_233455.0 /expanse/lustre/scratch/whughes/temp_project/job_38266787/dimethylallene-singlet-wb97xd-M06-38266787/
                  Welcome to Q-Chem
     A Quantum Leap Into The Future Of Chemistry


 Q-Chem 6.0, Q-Chem, Inc., Pleasanton, CA (2022)

 License issued to: University of California, San Diego (site)

 E. Epifanovsky,  A. T. B. Gilbert,  Xintian Feng,  Joonho Lee,  Yuezhi Mao,  
 N. Mardirossian,  P. Pokhilko,  A. White,  M. Wormit,  M. P. Coons,  
 A. L. Dempwolff,  Zhengting Gan,  D. Hait,  P. R. Horn,  L. D. Jacobson,  
 I. Kaliman,  J. Kussmann,  A. W. Lange,  Ka Un Lao,  D. S. Levine,  Jie Liu,  
 S. C. McKenzie,  A. F. Morrison,  K. Nanda,  F. Plasser,  D. R. Rehn,  
 M. L. Vidal,  Zhi-Qiang You,  Ying Zhu,  B. Alam,  B. Albrecht,  
 A. Aldossary,  E. Alguire,  J. H. Andersen,  V. Athavale,  D. Barton,  
 K. Begam,  A. Behn,  N. Bellonzi,  Y. A. Bernard,  E. J. Berquist,  
 H. Burton,  A. Carreras,  K. Carter-Fenk,  Romit Chakraborty,  
 Chandrima Chakravarty,  Junhan Chen,  A. D. Chien,  K. D. Closser,  
 V. Cofer-Shabica,  L. Cunha,  S. Dasgupta,  Jia Deng,  M. de Wergifosse,  
 M. Diedenhofen,  Hainam Do,  S. Ehlert,  Po-Tung Fang,  S. Fatehi,  
 Qingguo Feng,  T. Friedhoff,  B. Ganoe,  J. Gayvert,  Qinghui Ge,  
 G. Gidofalvi,  M. Goldey,  J. Gomes,  C. Gonzalez-Espinoza,  S. Gulania,  
 A. Gunina,  J. A. Gyamfi,  M. W. D. Hanson-Heine,  P. H. P. Harbach,  
 A. W. Hauser,  M. F. Herbst,  M. Hernandez Vera,  M. Hodecker,  
 Z. C. Holden,  S. Houck,  Xunkun Huang,  Kerwin Hui,  B. C. Huynh,  
 K. Ikeda,  M. Ivanov,  Hyunjun Ji,  Zuxin Jin,  Hanjie Jiang,  B. Kaduk,  
 S. Kaehler,  R. Kang,  K. Khistyaev,  Jaehoon Kim,  Yongbin Kim,  
 P. Klunzinger,  Z. Koczor-Benda,  Joong Hoon Koh,  D. Kosenkov,  
 Saikiran Kotaru,  L. Koulias,  T. Kowalczyk,  C. M. Krauter,  K. Kue,  
 A. Kunitsa,  T. Kus,  A. Landau,  K. V. Lawler,  D. Lefrancois,  S. Lehtola,  
 Rain Li,  Shaozhi Li,  Yi-Pei Li,  Jiashu Liang,  M. Liebenthal,  
 Hung-Hsuan Lin,  You-Sheng Lin,  Fenglai Liu,  Kuan-Yu Liu,  
 M. Loipersberger,  A. Luenser,  C. Malbon,  A. Manjanath,  P. Manohar,  
 E. Mansoor,  S. F. Manzer,  Shan-Ping Mao,  A. V. Marenich,  T. Markovich,  
 S. Mason,  F. Matz,  S. A. Maurer,  P. F. McLaughlin,  M. F. S. J. Menger,  
 J.-M. Mewes,  S. A. Mewes,  P. Morgante,  Mohammad Mostafanejad,  
 J. W. Mullinax,  K. J. Oosterbaan,  G. Paran,  V. Parravicini,  
 Alexander C. Paul,  Suranjan K. Paul,  F. Pavosevic,  Zheng Pei,  S. Prager,  
 E. I. Proynov,  E. Ramos,  B. Rana,  A. E. Rask,  A. Rettig,  R. M. Richard,  
 F. Rob,  E. Rossomme,  T. Scheele,  M. Scheurer,  M. Schneider,  
 P. E. Schneider,  N. Sergueev,  S. M. Sharada,  Hengyuan Shen,  
 W. Skomorowski,  D. W. Small,  C. J. Stein,  Yingli Su,  Yu-Chuan Su,  
 E. J. Sundstrom,  Zhen Tao,  J. Thirman,  Hung-Yi Tsai,  T. Tsuchimochi,  
 N. M. Tubman,  C. Utku,  S. P. Veccham,  O. Vydrov,  J. Wenzel,  
 Jonathan Wong,  J. Witte,  A. Yamada,  Chou-Hsun Yang,  Kun Yao,  
 S. Yeganeh,  S. R. Yost,  A. Zech,  F. Zeller,  Igor Ying Zhang,  
 Xing Zhang,  Yu Zhang,  D. Zuev,  A. Aspuru-Guzik,  A. T. Bell,  
 N. A. Besley,  K. B. Bravaya,  B. R. Brooks,  D. Casanova,  Jeng-Da Chai,  
 Hsing-Ta Chen,  S. Coriani,  C. J. Cramer,  A. E. DePrince, III,  
 R. A. DiStasio Jr.,  A. Dreuw,  B. D. Dunietz,  T. R. Furlani,  
 W. A. Goddard III,  S. Grimme,  S. Hammes-Schiffer,  T. Head-Gordon,  
 W. J. Hehre,  Chao-Ping Hsu,  T.-C. Jagau,  Yousung Jung,  A. Klamt,  
 Jing Kong,  D. S. Lambrecht,  Xiangyuan Li,  WanZhen Liang,  N. J. Mayhall,  
 C. W. McCurdy,  J. B. Neaton,  T. Neudecker,  C. Ochsenfeld,  
 J. A. Parkhill,  R. Peverati,  V. A. Rassolov,  Haisheng Ren,  Yihan Shao,  
 L. V. Slipchenko,  R. P. Steele,  J. E. Subotnik,  A. J. W. Thom,  
 A. Tkatchenko,  D. G. Truhlar,  T. Van Voorhis,  Fan Wang,  
 T. A. Wesolowski,  K. B. Whaley,  H. L. Woodcock III,  P. M. Zimmerman,  
 S. Faraji,  P. M. W. Gill,  M. Head-Gordon,  J. M. Herbert,  A. I. Krylov

 Contributors to earlier versions of Q-Chem not listed above: 
 R. D. Adamson,  B. Austin,  R. Baer,  J. Baker,  G. J. O. Beran,  
 K. Brandhorst,  S. T. Brown,  E. F. C. Byrd,  Arup K. Chakraborty,  
 G. K. L. Chan,  Chun-Min Chang,  Yunqing Chen,  C.-L. Cheng,  
 Siu Hung Chien,  D. M. Chipman,  D. L. Crittenden,  H. Dachsel,  
 R. J. Doerksen,  A. D. Dutoi,  R. G. Edgar,  J. Fosso-Tande,  
 L. Fusti-Molnar,  D. Ghosh,  A. Ghysels,  A. Golubeva-Zadorozhnaya,  
 J. Gonthier,  M. S. Gordon,  S. R. Gwaltney,  G. Hawkins,  J. E. Herr,  
 A. Heyden,  S. Hirata,  E. G. Hohenstein,  G. Kedziora,  F. J. Keil,  
 C. Kelley,  Jihan Kim,  R. A. King,  R. Z. Khaliullin,  P. P. Korambath,  
 W. Kurlancheek,  A. Laurent,  A. M. Lee,  M. S. Lee,  S. V. Levchenko,  
 Ching Yeh Lin,  D. Liotard,  E. Livshits,  R. C. Lochan,  I. Lotan,  
 L. A. Martinez-Martinez,  P. E. Maslen,  N. Nair,  D. P. O'Neill,  
 D. Neuhauser,  E. Neuscamman,  C. M. Oana,  R. Olivares-Amaya,  R. Olson,  
 T. M. Perrine,  B. Peters,  P. A. Pieniazek,  A. Prociuk,  Y. M. Rhee,  
 J. Ritchie,  M. A. Rohrdanz,  E. Rosta,  N. J. Russ,  H. F. Schaefer III,  
 M. W. Schmidt,  N. E. Schultz,  S. Sharma,  N. Shenvi,  C. D. Sherrill,  
 A. C. Simmonett,  A. Sodt,  T. Stein,  D. Stuck,  K. S. Thanthiriwatte,  
 V. Vanovschi,  L. Vogt,  Tao Wang,  A. Warshel,  M. A. Watson,  
 C. F. Williams,  Q. Wu,  X. Xu,  Jun Yang,  W. Zhang,  Yan Zhao

   Please cite Q-Chem as follows:
  "Software for the frontiers of quantum chemistry:
   An overview of developments in the Q-Chem 5 package"
   J. Chem. Phys. 155, 084801 (2021)
   https://doi.org/10.1063/5.0055522 (open access)

 Q-Chem 6.0.2 for Intel X86 EM64T Linux

 Parts of Q-Chem use Armadillo 9.900.5 (Nocturnal Misbehaviour).
 http://arma.sourceforge.net/

 Q-Chem begins on Mon Apr  7 13:29:25 2025  

 Host: 
0

     Scratch files written to /expanse/lustre/scratch/whughes/temp_project/job_38266787/dimethylallene-singlet-wb97xd-M06-38266787//
 Dec722 |scratch|qcdevops|jenkins|workspace|build_RNUM    
 Processing $rem in /cm/shared/apps/spack/0.17.3/cpu/b/opt/spack/linux-rocky8-zen2/gcc-10.2.0/qchem-6.0-rytxnwjazd34ekd2gqyi5ufsaimxsd3r/config/preferences:
 Processing $rem in /home/whughes/.qchemrc:

 Checking the input file for inconsistencies... 	...done.

--------------------------------------------------------------
User input:
--------------------------------------------------------------
$molecule
0 1
C    0.1756629612    -1.3560468593   -0.8700000453
C    0.0290504236    -0.0161851152   -0.1990158408
C    -0.1580883065   0.0884124242    1.0854672064
C    -0.3450525978   0.1928912107    2.3686807475
C    0.1095106673    1.1966615367    -1.0875333127
H    1.140850549     -1.4215394526   -1.3798832978
H    0.1042017405    -2.1742853622   -0.1557204875
H    -0.6003667074   -1.4871502691   -1.6292266594
H    0.4906928567    0.2729324511    3.0551819985
H    -1.3427378096   0.2033138677    2.7937082891
H    -0.6694088094   1.157717285     -1.8540900038
H    -0.0062635925   2.119194273     -0.5215564682
H    1.071948625     1.22408401      -1.6060121259
$end

$rem
METHOD      M06
BASIS       def2-QZVPP
SYM_IGNORE   TRUE
DFT_D       D4
MAX_SCF_CYCLES 300
$end
--------------------------------------------------------------
 Adding empirical dispersion correction 
 ----------------------------------------------------------------
 Doing -D4(0) with M06 parameters:
 s6  =   1.00000
 s8  =   0.16367
 s10 =   0.00000
 s9 =   1.00000
 a1  =   0.53456
 a2  =   6.06192
 -D4 energy including 3body term = -0.0015307002 hartrees
 ----------------------------------------------------------------
             Standard Nuclear Orientation (Angstroms)
    I     Atom           X                Y                Z
 ----------------------------------------------------------------
    1      C       0.1756629612    -1.3560468593    -0.8700000453
    2      C       0.0290504236    -0.0161851152    -0.1990158408
    3      C      -0.1580883065     0.0884124242     1.0854672064
    4      C      -0.3450525978     0.1928912107     2.3686807475
    5      C       0.1095106673     1.1966615367    -1.0875333127
    6      H       1.1408505490    -1.4215394526    -1.3798832978
    7      H       0.1042017405    -2.1742853622    -0.1557204875
    8      H      -0.6003667074    -1.4871502691    -1.6292266594
    9      H       0.4906928567     0.2729324511     3.0551819985
   10      H      -1.3427378096     0.2033138677     2.7937082891
   11      H      -0.6694088094     1.1577172850    -1.8540900038
   12      H      -0.0062635925     2.1191942730    -0.5215564682
   13      H       1.0719486250     1.2240840100    -1.6060121259
 ----------------------------------------------------------------
 Nuclear Repulsion Energy =         157.84234319 hartrees
 There are       19 alpha and       19 beta electrons
 Requested basis set is def2-QZVPP
 There are 165 shells and 525 basis functions

 Total QAlloc Memory Limit   8000 MB
 Mega-Array Size       188 MB
 MEM_STATIC part       192 MB


                       Distance Matrix (Angstroms)
             C (  1)   C (  2)   C (  3)   C (  4)   C (  5)   H (  6)
   C (  2)  1.505638
   C (  3)  2.453916  1.302251
   C (  4)  3.627590  2.603216  1.300964
   C (  5)  2.562814  1.505634  2.453927  3.627616
   H (  6)  1.093553  2.146059  3.169408  4.343504  2.829153
   H (  7)  1.088493  2.159842  2.594059  3.489693  3.497368  1.771960
   H (  8)  1.093543  2.146021  3.169790  4.344075  2.828463  1.760203
   H (  9)  4.261440  3.299471  2.082004  1.084510  4.261533  4.792050
   H ( 10)  4.261444  3.299452  2.081990  1.084497  4.261432  5.121252
   H ( 11)  2.828708  2.145964  3.169520  4.343718  1.093545  3.186609
   H ( 12)  3.497401  2.159890  2.594157  3.489827  1.088485  3.819606
   H ( 13)  2.828801  2.146053  3.169669  4.343896  1.093553  2.656164
             H (  7)   H (  8)   H (  9)   H ( 10)   H ( 11)   H ( 12)
   H (  8)  1.771946
   H (  9)  4.055631  5.121717
   H ( 10)  4.055335  4.792821  1.853290
   H ( 11)  3.819054  2.655307  5.121487  4.792315
   H ( 12)  4.310453  3.819112  4.055700  4.055582  1.771961
   H ( 13)  3.819528  3.185588  4.792627  5.121545  1.760191  1.771950

 
 A cutoff of  1.0D-09 yielded  11188 shell pairs
 There are    111148 function pairs (    164520 Cartesian)
 Smallest overlap matrix eigenvalue = 3.28E-05

 Scale SEOQF with 1.000000e-01/1.000000e-01/1.000000e-01

 Standard Electronic Orientation quadrupole field applied
 Nucleus-field energy     =    -0.0000000058 hartrees
 Guess from superposition of atomic densities
 Warning:  Energy on first SCF cycle will be non-variational
 SAD guess density has 38.000000 electrons

 -----------------------------------------------------------------------
  General SCF calculation program by
  Eric Jon Sundstrom, Paul Horn, Yuezhi Mao, Dmitri Zuev, Alec White,
  David Stuck, Shaama M.S., Shane Yost, Joonho Lee, David Small,
  Daniel Levine, Susi Lehtola, Hugh Burton, Evgeny Epifanovsky,
  Bang C. Huynh
 -----------------------------------------------------------------------
 Exchange:     0.2700 Hartree-Fock + 1.0000 M06
 Correlation:  1.0000 M06
 Using SG-3 standard quadrature grid
 Dispersion:   Grimme D4
 using 32 threads for integral computing
 -------------------------------------------------------
 OpenMP Integral computing Module                
 Release: version 1.0, May 2013, Q-Chem Inc. Pittsburgh 
 -------------------------------------------------------
 A restricted SCF calculation will be
 performed using DIIS
 SCF converges when DIIS error is below 1.0e-05
 ---------------------------------------
  Cycle       Energy         DIIS error
 ---------------------------------------
    1    -196.0983871517      1.53e-02  
    2    -195.0913514009      1.90e-03  
    3    -195.0796597568      2.08e-03  
    4    -195.2203383288      2.97e-04  
    5    -195.2215045072      1.87e-04  
    6    -195.2225895562      5.40e-05  
    7    -195.2226789960      1.22e-05  
    8    -195.2226807087      9.03e-06  Convergence criterion met
 ---------------------------------------
 SCF time:   CPU 1752.10s  wall 58.00s 
 SCF   energy in the final basis set =     -195.2226807087
 Total energy in the final basis set =     -195.2226807087
 
 --------------------------------------------------------------
 
                    Orbital Energies (a.u.)
 --------------------------------------------------------------
 
 Alpha MOs
 -- Occupied --
-10.2520 -10.2404 -10.2378 -10.2378 -10.2339  -0.8272  -0.7504  -0.7075
 -0.6437  -0.5025  -0.4660  -0.4574  -0.4401  -0.4362  -0.4019  -0.3889
 -0.3746  -0.2744  -0.2545
 -- Virtual --
  0.0046   0.0139   0.0202   0.0233   0.0351   0.0530   0.0568   0.0734
  0.0753   0.0816   0.0943   0.0975   0.1162   0.1264   0.1265   0.1384
  0.1569   0.1596   0.1947   0.2010   0.2322   0.2458   0.2530   0.2577
  0.2738   0.2808   0.2832   0.2948   0.2982   0.3026   0.3126   0.3378
  0.3396   0.3462   0.3528   0.3815   0.3952   0.4009   0.4012   0.4181
  0.4658   0.4830   0.4924   0.4932   0.5109   0.5541   0.5585   0.5768
  0.5777   0.6020   0.6134   0.6285   0.6324   0.6544   0.6613   0.6790
  0.6992   0.7126   0.7189   0.7196   0.7450   0.7469   0.7484   0.7739
  0.7775   0.7819   0.7859   0.7909   0.8083   0.8229   0.8259   0.8298
  0.8348   0.8403   0.8722   0.8817   0.8848   0.9063   0.9153   0.9171
  0.9500   0.9667   0.9852   1.0112   1.0158   1.0248   1.0273   1.0361
  1.0606   1.0743   1.0784   1.0940   1.1151   1.1191   1.1306   1.1578
  1.1974   1.2237   1.2343   1.2636   1.2837   1.2912   1.3051   1.3304
  1.3423   1.3724   1.3858   1.3983   1.4431   1.4484   1.4900   1.5512
  1.5954   1.6256   1.6467   1.6886   1.7339   1.7366   1.7370   1.7510
  1.7639   1.7780   1.8002   1.8027   1.8111   1.8599   1.8667   1.8708
  1.8855   1.8901   1.9216   1.9228   1.9266   1.9312   1.9563   1.9614
  1.9686   1.9780   1.9805   2.0008   2.0081   2.0222   2.0573   2.0826
  2.0947   2.1185   2.1202   2.1240   2.1280   2.1572   2.1605   2.1625
  2.1833   2.1934   2.2071   2.2318   2.2356   2.2543   2.2905   2.2908
  2.3267   2.3297   2.3366   2.3589   2.3603   2.3817   2.4046   2.4124
  2.4164   2.4170   2.4423   2.4743   2.4855   2.4877   2.5148   2.5357
  2.5402   2.5433   2.5769   2.5803   2.5879   2.5906   2.6265   2.6365
  2.6579   2.6647   2.6848   2.6999   2.7214   2.7252   2.7314   2.7482
  2.7802   2.7987   2.8077   2.8211   2.8312   2.8450   2.8626   2.8817
  2.8821   2.8833   2.9241   2.9493   3.0242   3.0353   3.0638   3.1075
  3.1169   3.1280   3.1347   3.1370   3.1988   3.2311   3.2315   3.2630
  3.2784   3.2859   3.3096   3.3182   3.3194   3.3417   3.3810   3.4010
  3.4088   3.4638   3.4835   3.5034   3.5199   3.5301   3.5362   3.5885
  3.6135   3.7135   3.7180   3.7482   3.7698   3.7732   3.7919   3.8048
  3.8235   3.8326   3.8719   3.8879   3.9271   4.0584   4.1117   4.1255
  4.2173   4.2944   4.3008   4.3126   4.3934   4.5002   4.5512   4.6116
  4.7460   4.7631   4.7746   4.7760   4.8742   4.9384   4.9667   5.0452
  5.0546   5.0961   5.1552   5.1977   5.2022   5.2163   5.2466   5.2522
  5.2690   5.3143   5.3218   5.3429   5.3505   5.3591   5.3628   5.4186
  5.4202   5.4340   5.4539   5.5321   5.5831   5.6010   5.6232   5.6431
  5.6951   5.7079   5.7326   5.7532   5.7758   5.7762   5.7827   5.7913
  5.7955   5.8129   5.8410   5.8599   5.8657   5.8677   5.8783   5.8843
  5.8993   5.9067   5.9284   5.9335   5.9380   5.9441   5.9458   5.9747
  6.0332   6.0369   6.0716   6.0856   6.0886   6.0913   6.1228   6.1291
  6.1482   6.1492   6.1705   6.1710   6.2007   6.2143   6.2468   6.2585
  6.2791   6.2927   6.3014   6.3153   6.3242   6.3358   6.3518   6.3721
  6.3781   6.3989   6.4143   6.4220   6.4402   6.4955   6.5200   6.5250
  6.5605   6.6096   6.6324   6.6640   6.6662   6.7126   6.7231   6.7428
  6.7852   6.7913   6.7925   6.8202   6.8847   6.9044   6.9482   6.9733
  6.9784   6.9946   7.0040   7.0554   7.0633   7.0821   7.1774   7.1932
  7.2195   7.2271   7.2358   7.2393   7.2764   7.2964   7.3167   7.3293
  7.3554   7.3762   7.3996   7.4144   7.4207   7.4368   7.4443   7.4533
  7.4755   7.4913   7.5112   7.5250   7.5738   7.5841   7.6054   7.6173
  7.6299   7.6710   7.6803   7.6902   7.6985   7.7034   7.7156   7.7221
  7.7852   7.8029   7.8445   7.8574   7.9037   7.9132   7.9155   7.9748
  7.9976   8.0038   8.0093   8.0239   8.0504   8.0919   8.1611   8.1836
  8.2360   8.2394   8.2629   8.2659   8.2681   8.2971   8.3119   8.3130
  8.3138   8.3205   8.3317   8.3485   8.3528   8.3546   8.3811   8.3949
  8.4474   8.5058   8.5220   8.5280   8.5457   8.5510   8.5553   8.6037
  8.6057   8.6999   8.7106   8.7266   8.7446   8.7677   8.8017   8.8341
  8.8374   8.8461   8.8517   8.9002   8.9749   9.0102   9.0517   9.1727
  9.2680   9.3251   9.3319   9.4056   9.4201   9.4275   9.4565   9.4598
  9.4923   9.5357   9.6583   9.7030   9.7042   9.7588   9.7702   9.7806
  9.7934   9.8298   9.8502   9.8853  10.0347  10.1202  10.1591  10.1729
 10.2128  10.3108  10.3499  10.3723  10.4345  10.7063  10.7123  11.2015
 11.4647  11.5711  11.6502  11.8562  11.9200  12.8330  13.0657  13.1756
 28.1837  29.0597  29.1426  29.1788  29.9269 146.7588 147.6455 147.7511
147.7691 148.6515
 --------------------------------------------------------------
 
          Ground-State Mulliken Net Atomic Charges

     Atom                 Charge (a.u.)
  ----------------------------------------
      1 C                    -0.051222
      2 C                    -0.369229
      3 C                    -0.208903
      4 C                    -0.011592
      5 C                    -0.069227
      6 H                     0.085478
      7 H                     0.095144
      8 H                     0.055873
      9 H                     0.088523
     10 H                     0.130970
     11 H                     0.058874
     12 H                     0.110417
     13 H                     0.084893
  ----------------------------------------
  Sum of atomic charges =     0.000000

 -----------------------------------------------------------------
                    Cartesian Multipole Moments
 -----------------------------------------------------------------
    Charge (ESU x 10^10)
                 0.0000
    Dipole Moment (Debye)
         X       0.0890      Y      -0.0543      Z      -0.6324
       Tot       0.6410
    Quadrupole Moments (Debye-Ang)
        XX     -31.8051     XY      -0.0054     YY     -32.3609
        XZ      -0.2453     YZ       0.1959     ZZ     -30.0274
    Octopole Moments (Debye-Ang^2)
       XXX       2.4027    XXY      -0.4684    XYY       1.2531
       YYY      -2.1389    XXZ      -5.4518    XYZ      -0.0170
       YYZ      -8.5560    XZZ       0.0634    YZZ       0.4889
       ZZZ     -11.5493
    Hexadecapole Moments (Debye-Ang^3)
      XXXX     -62.3146   XXXY       4.0760   XXYY     -47.6820
      XYYY       4.4448   YYYY    -213.4143   XXXZ      23.4114
      XXYZ      -2.1987   XYYZ      10.3935   YYYZ     -11.0674
      XXZZ     -74.1467   XYZZ       1.8123   YYZZ    -117.0053
      XZZZ      28.7335   YZZZ      -4.7105   ZZZZ    -415.8920
 -----------------------------------------------------------------
 Total job time:  61.00s(wall), 1774.79s(cpu) 
 Mon Apr  7 13:30:26 2025

        *************************************************************
        *                                                           *
        *  Thank you very much for using Q-Chem.  Have a nice day.  *
        *                                                           *
        *************************************************************


