
Running Job 1 of 2 ethene-neutral-wb97xd-M06-readSCF.in
qchem ethene-neutral-wb97xd-M06-readSCF.in_3541537.0 /expanse/lustre/scratch/whughes/temp_project/job_36179461/ethene-neutral-wb97xd-M06-readSCF-36179461/ 0
/cm/shared/apps/spack/0.17.3/cpu/b/opt/spack/linux-rocky8-zen2/gcc-10.2.0/qchem-6.0-rytxnwjazd34ekd2gqyi5ufsaimxsd3r/exe/qcprog.exe_s ethene-neutral-wb97xd-M06-readSCF.in_3541537.0 /expanse/lustre/scratch/whughes/temp_project/job_36179461/ethene-neutral-wb97xd-M06-readSCF-36179461/
                  Welcome to Q-Chem
     A Quantum Leap Into The Future Of Chemistry


 Q-Chem 6.0, Q-Chem, Inc., Pleasanton, CA (2022)

 License issued to: University of California, San Diego (site)

 E. Epifanovsky,  A. T. B. Gilbert,  Xintian Feng,  Joonho Lee,  Yuezhi Mao,  
 N. Mardirossian,  P. Pokhilko,  A. White,  M. Wormit,  M. P. Coons,  
 A. L. Dempwolff,  Zhengting Gan,  D. Hait,  P. R. Horn,  L. D. Jacobson,  
 I. Kaliman,  J. Kussmann,  A. W. Lange,  Ka Un Lao,  D. S. Levine,  Jie Liu,  
 S. C. McKenzie,  A. F. Morrison,  K. Nanda,  F. Plasser,  D. R. Rehn,  
 M. L. Vidal,  Zhi-Qiang You,  Ying Zhu,  B. Alam,  B. Albrecht,  
 A. Aldossary,  E. Alguire,  J. H. Andersen,  V. Athavale,  D. Barton,  
 K. Begam,  A. Behn,  N. Bellonzi,  Y. A. Bernard,  E. J. Berquist,  
 H. Burton,  A. Carreras,  K. Carter-Fenk,  Romit Chakraborty,  
 Chandrima Chakravarty,  Junhan Chen,  A. D. Chien,  K. D. Closser,  
 V. Cofer-Shabica,  L. Cunha,  S. Dasgupta,  Jia Deng,  M. de Wergifosse,  
 M. Diedenhofen,  Hainam Do,  S. Ehlert,  Po-Tung Fang,  S. Fatehi,  
 Qingguo Feng,  T. Friedhoff,  B. Ganoe,  J. Gayvert,  Qinghui Ge,  
 G. Gidofalvi,  M. Goldey,  J. Gomes,  C. Gonzalez-Espinoza,  S. Gulania,  
 A. Gunina,  J. A. Gyamfi,  M. W. D. Hanson-Heine,  P. H. P. Harbach,  
 A. W. Hauser,  M. F. Herbst,  M. Hernandez Vera,  M. Hodecker,  
 Z. C. Holden,  S. Houck,  Xunkun Huang,  Kerwin Hui,  B. C. Huynh,  
 K. Ikeda,  M. Ivanov,  Hyunjun Ji,  Zuxin Jin,  Hanjie Jiang,  B. Kaduk,  
 S. Kaehler,  R. Kang,  K. Khistyaev,  Jaehoon Kim,  Yongbin Kim,  
 P. Klunzinger,  Z. Koczor-Benda,  Joong Hoon Koh,  D. Kosenkov,  
 Saikiran Kotaru,  L. Koulias,  T. Kowalczyk,  C. M. Krauter,  K. Kue,  
 A. Kunitsa,  T. Kus,  A. Landau,  K. V. Lawler,  D. Lefrancois,  S. Lehtola,  
 Rain Li,  Shaozhi Li,  Yi-Pei Li,  Jiashu Liang,  M. Liebenthal,  
 Hung-Hsuan Lin,  You-Sheng Lin,  Fenglai Liu,  Kuan-Yu Liu,  
 M. Loipersberger,  A. Luenser,  C. Malbon,  A. Manjanath,  P. Manohar,  
 E. Mansoor,  S. F. Manzer,  Shan-Ping Mao,  A. V. Marenich,  T. Markovich,  
 S. Mason,  F. Matz,  S. A. Maurer,  P. F. McLaughlin,  M. F. S. J. Menger,  
 J.-M. Mewes,  S. A. Mewes,  P. Morgante,  Mohammad Mostafanejad,  
 J. W. Mullinax,  K. J. Oosterbaan,  G. Paran,  V. Parravicini,  
 Alexander C. Paul,  Suranjan K. Paul,  F. Pavosevic,  Zheng Pei,  S. Prager,  
 E. I. Proynov,  E. Ramos,  B. Rana,  A. E. Rask,  A. Rettig,  R. M. Richard,  
 F. Rob,  E. Rossomme,  T. Scheele,  M. Scheurer,  M. Schneider,  
 P. E. Schneider,  N. Sergueev,  S. M. Sharada,  Hengyuan Shen,  
 W. Skomorowski,  D. W. Small,  C. J. Stein,  Yingli Su,  Yu-Chuan Su,  
 E. J. Sundstrom,  Zhen Tao,  J. Thirman,  Hung-Yi Tsai,  T. Tsuchimochi,  
 N. M. Tubman,  C. Utku,  S. P. Veccham,  O. Vydrov,  J. Wenzel,  
 Jonathan Wong,  J. Witte,  A. Yamada,  Chou-Hsun Yang,  Kun Yao,  
 S. Yeganeh,  S. R. Yost,  A. Zech,  F. Zeller,  Igor Ying Zhang,  
 Xing Zhang,  Yu Zhang,  D. Zuev,  A. Aspuru-Guzik,  A. T. Bell,  
 N. A. Besley,  K. B. Bravaya,  B. R. Brooks,  D. Casanova,  Jeng-Da Chai,  
 Hsing-Ta Chen,  S. Coriani,  C. J. Cramer,  A. E. DePrince, III,  
 R. A. DiStasio Jr.,  A. Dreuw,  B. D. Dunietz,  T. R. Furlani,  
 W. A. Goddard III,  S. Grimme,  S. Hammes-Schiffer,  T. Head-Gordon,  
 W. J. Hehre,  Chao-Ping Hsu,  T.-C. Jagau,  Yousung Jung,  A. Klamt,  
 Jing Kong,  D. S. Lambrecht,  Xiangyuan Li,  WanZhen Liang,  N. J. Mayhall,  
 C. W. McCurdy,  J. B. Neaton,  T. Neudecker,  C. Ochsenfeld,  
 J. A. Parkhill,  R. Peverati,  V. A. Rassolov,  Haisheng Ren,  Yihan Shao,  
 L. V. Slipchenko,  R. P. Steele,  J. E. Subotnik,  A. J. W. Thom,  
 A. Tkatchenko,  D. G. Truhlar,  T. Van Voorhis,  Fan Wang,  
 T. A. Wesolowski,  K. B. Whaley,  H. L. Woodcock III,  P. M. Zimmerman,  
 S. Faraji,  P. M. W. Gill,  M. Head-Gordon,  J. M. Herbert,  A. I. Krylov

 Contributors to earlier versions of Q-Chem not listed above: 
 R. D. Adamson,  B. Austin,  R. Baer,  J. Baker,  G. J. O. Beran,  
 K. Brandhorst,  S. T. Brown,  E. F. C. Byrd,  Arup K. Chakraborty,  
 G. K. L. Chan,  Chun-Min Chang,  Yunqing Chen,  C.-L. Cheng,  
 Siu Hung Chien,  D. M. Chipman,  D. L. Crittenden,  H. Dachsel,  
 R. J. Doerksen,  A. D. Dutoi,  R. G. Edgar,  J. Fosso-Tande,  
 L. Fusti-Molnar,  D. Ghosh,  A. Ghysels,  A. Golubeva-Zadorozhnaya,  
 J. Gonthier,  M. S. Gordon,  S. R. Gwaltney,  G. Hawkins,  J. E. Herr,  
 A. Heyden,  S. Hirata,  E. G. Hohenstein,  G. Kedziora,  F. J. Keil,  
 C. Kelley,  Jihan Kim,  R. A. King,  R. Z. Khaliullin,  P. P. Korambath,  
 W. Kurlancheek,  A. Laurent,  A. M. Lee,  M. S. Lee,  S. V. Levchenko,  
 Ching Yeh Lin,  D. Liotard,  E. Livshits,  R. C. Lochan,  I. Lotan,  
 L. A. Martinez-Martinez,  P. E. Maslen,  N. Nair,  D. P. O'Neill,  
 D. Neuhauser,  E. Neuscamman,  C. M. Oana,  R. Olivares-Amaya,  R. Olson,  
 T. M. Perrine,  B. Peters,  P. A. Pieniazek,  A. Prociuk,  Y. M. Rhee,  
 J. Ritchie,  M. A. Rohrdanz,  E. Rosta,  N. J. Russ,  H. F. Schaefer III,  
 M. W. Schmidt,  N. E. Schultz,  S. Sharma,  N. Shenvi,  C. D. Sherrill,  
 A. C. Simmonett,  A. Sodt,  T. Stein,  D. Stuck,  K. S. Thanthiriwatte,  
 V. Vanovschi,  L. Vogt,  Tao Wang,  A. Warshel,  M. A. Watson,  
 C. F. Williams,  Q. Wu,  X. Xu,  Jun Yang,  W. Zhang,  Yan Zhao

   Please cite Q-Chem as follows:
  "Software for the frontiers of quantum chemistry:
   An overview of developments in the Q-Chem 5 package"
   J. Chem. Phys. 155, 084801 (2021)
   https://doi.org/10.1063/5.0055522 (open access)

 Q-Chem 6.0.2 for Intel X86 EM64T Linux

 Parts of Q-Chem use Armadillo 9.900.5 (Nocturnal Misbehaviour).
 http://arma.sourceforge.net/

 Q-Chem begins on Mon Jan  6 15:45:07 2025  

 Host: 
0

     Scratch files written to /expanse/lustre/scratch/whughes/temp_project/job_36179461/ethene-neutral-wb97xd-M06-readSCF-36179461//
 Dec722 |scratch|qcdevops|jenkins|workspace|build_RNUM    
 Processing $rem in /cm/shared/apps/spack/0.17.3/cpu/b/opt/spack/linux-rocky8-zen2/gcc-10.2.0/qchem-6.0-rytxnwjazd34ekd2gqyi5ufsaimxsd3r/config/preferences:
 Processing $rem in /home/whughes/.qchemrc:

 Checking the input file for inconsistencies... 	...done.

--------------------------------------------------------------
User input:
--------------------------------------------------------------
$molecule
0 1
C    -0.3151678957   0.5307834672    -0.2359551371
C    0.3151679045    -0.5307834595   0.2359551428
H    -0.0665375926   0.9572599881    -1.2005960182
H    -1.105943413    1.0173089377    0.3227873256
H    0.0665375889    -0.9572599913   1.2005960158
H    1.1059434079    -1.0173089421   -0.3227873289
$end

$rem
METHOD      PBE0
BASIS       def2-QZVPP
SYM_IGNORE   TRUE
DFT_D       D3
MAX_SCF_CYCLES 300
$end

--------------------------------------------------------------
 Adding empirical dispersion correction 
 ----------------------------------------------------------------
 Doing -D3(OP) with
 s6  =   0.91826
 s8  =   0.00000
 a1  =   0.20000
 a2  =   4.75000
 pow =   12.00000
 -D3 energy without 3body term =     -0.0003245343 hartrees
 ----------------------------------------------------------------
             Standard Nuclear Orientation (Angstroms)
    I     Atom           X                Y                Z
 ----------------------------------------------------------------
    1      C      -0.3151678957     0.5307834672    -0.2359551371
    2      C       0.3151679045    -0.5307834595     0.2359551428
    3      H      -0.0665375926     0.9572599881    -1.2005960182
    4      H      -1.1059434130     1.0173089377     0.3227873256
    5      H       0.0665375889    -0.9572599913     1.2005960158
    6      H       1.1059434079    -1.0173089421    -0.3227873289
 ----------------------------------------------------------------
 Nuclear Repulsion Energy =          33.51997565 hartrees
 There are        8 alpha and        8 beta electrons
 Requested basis set is def2-QZVPP
 There are 74 shells and 234 basis functions

 Total QAlloc Memory Limit   8000 MB
 Mega-Array Size       188 MB
 MEM_STATIC part       192 MB


                       Distance Matrix (Angstroms)
             C (  1)   C (  2)   H (  3)   H (  4)   H (  5)
   C (  2)  1.321721
   H (  3)  1.083620  2.103248
   H (  4)  1.083617  2.103256  1.845174
   H (  5)  2.103248  1.083620  3.073893  2.458492
   H (  6)  2.103256  1.083617  2.458492  3.073903  1.845174
 
 A cutoff of  1.0D-09 yielded   2701 shell pairs
 There are     27301 function pairs (     40380 Cartesian)
 Smallest overlap matrix eigenvalue = 8.60E-05

 Scale SEOQF with 1.000000e-01/1.000000e-01/1.000000e-01

 Standard Electronic Orientation quadrupole field applied
 Nucleus-field energy     =     0.0000000002 hartrees
 Guess from superposition of atomic densities
 Warning:  Energy on first SCF cycle will be non-variational
 SAD guess density has 16.000000 electrons

 -----------------------------------------------------------------------
  General SCF calculation program by
  Eric Jon Sundstrom, Paul Horn, Yuezhi Mao, Dmitri Zuev, Alec White,
  David Stuck, Shaama M.S., Shane Yost, Joonho Lee, David Small,
  Daniel Levine, Susi Lehtola, Hugh Burton, Evgeny Epifanovsky,
  Bang C. Huynh
 -----------------------------------------------------------------------
 Exchange:     0.2500 Hartree-Fock + 0.7500 PBE
 Correlation:  1.0000 PBE
 Using SG-1 standard quadrature grid
 Dispersion:   Grimme D3
 using 32 threads for integral computing
 -------------------------------------------------------
 OpenMP Integral computing Module                
 Release: version 1.0, May 2013, Q-Chem Inc. Pittsburgh 
 -------------------------------------------------------
 A restricted SCF calculation will be
 performed using DIIS
 SCF converges when DIIS error is below 1.0e-05
 ---------------------------------------
  Cycle       Energy         DIIS error
 ---------------------------------------
    1     -78.6786843432      2.05e-02  
    2     -78.4610747105      2.83e-03  
    3     -78.4619466338      2.79e-03  
    4     -78.5184906287      6.31e-05  
    5     -78.5185191517      9.83e-06  Convergence criterion met
 ---------------------------------------
 SCF time:   CPU 67.51s  wall 2.00s 
 SCF   energy in the final basis set =      -78.5185191517
 Total energy in the final basis set =      -78.5185191517
 
 --------------------------------------------------------------
 
                    Orbital Energies (a.u.)
 --------------------------------------------------------------
 
 Alpha MOs
 -- Occupied --
-10.2243 -10.2232  -0.7879  -0.5983  -0.4865  -0.4360  -0.3668  -0.2913
 -- Virtual --
  0.0019   0.0468   0.0660   0.0759   0.1269   0.1415   0.1423   0.1815
  0.2044   0.2105   0.2219   0.3059   0.3368   0.3637   0.3701   0.3702
  0.3706   0.4329   0.4696   0.5141   0.5420   0.5720   0.6178   0.6494
  0.6975   0.7589   0.7609   0.7654   0.7657   0.7785   0.8066   0.8256
  0.8459   0.8464   0.8696   0.9026   0.9161   0.9550   0.9577   1.0231
  1.0865   1.1045   1.1124   1.1588   1.2172   1.2554   1.3419   1.3965
  1.6103   1.6224   1.6251   1.6478   1.6898   1.7862   1.7920   1.8060
  1.8355   1.8439   1.8709   1.9302   1.9639   1.9939   2.0135   2.0292
  2.0519   2.0630   2.0661   2.1327   2.1532   2.1719   2.2240   2.2283
  2.3358   2.4109   2.4415   2.4532   2.4576   2.4763   2.5136   2.5325
  2.5543   2.5823   2.6148   2.6459   2.6562   2.6732   2.6863   2.7549
  2.7575   2.8268   2.8465   2.9938   3.1500   3.1653   3.2100   3.3529
  3.3610   3.3875   3.3937   3.3942   3.4003   3.5995   3.6068   3.6614
  3.7066   3.8079   3.8143   3.8402   3.9035   3.9670   4.1336   4.3534
  4.5241   4.8799   4.9067   4.9070   4.9391   4.9980   5.0032   5.1231
  5.3830   5.4110   5.4222   5.4287   5.4936   5.5239   5.6542   5.6868
  5.6997   5.7420   5.7635   5.7832   5.8351   5.8359   5.9515   5.9638
  6.0071   6.0346   6.0721   6.0879   6.1045   6.1170   6.1460   6.1996
  6.2246   6.2315   6.2797   6.3411   6.3925   6.4201   6.4735   6.4788
  6.6730   6.6935   6.7971   6.8112   6.9643   6.9667   6.9900   6.9923
  7.0126   7.0335   7.2241   7.2473   7.3036   7.3843   7.4473   7.5109
  7.5184   7.5408   7.5426   7.5659   7.6054   7.6199   7.6340   7.6450
  7.7147   7.7531   7.8638   8.0181   8.0304   8.0524   8.1000   8.1281
  8.2079   8.2122   8.2382   8.2385   8.2728   8.3453   8.3905   8.3984
  8.4116   8.4990   8.5289   8.5475   8.5957   8.7551   8.9296   8.9597
  9.0200   9.0803   9.2182   9.2371   9.3798   9.5791   9.7439   9.7930
  9.8391   9.8876  10.0235  10.1755  10.2127  10.2235  10.5866  10.7922
 11.0692  11.1219  11.5819  12.6334  12.8886  13.0945  28.4079  29.3361
147.5540 148.5138
 --------------------------------------------------------------
 
          Ground-State Mulliken Net Atomic Charges

     Atom                 Charge (a.u.)
  ----------------------------------------
      1 C                    -0.144931
      2 C                    -0.144931
      3 H                     0.072575
      4 H                     0.072356
      5 H                     0.072575
      6 H                     0.072356
  ----------------------------------------
  Sum of atomic charges =     0.000000

 -----------------------------------------------------------------
                    Cartesian Multipole Moments
 -----------------------------------------------------------------
    Charge (ESU x 10^10)
                 0.0000
    Dipole Moment (Debye)
         X      -0.0000      Y      -0.0000      Z      -0.0000
       Tot       0.0000
    Quadrupole Moments (Debye-Ang)
        XX     -13.8038     XY      -1.3612     YY     -13.4411
        XZ      -0.9731     YZ      -0.8837     ZZ     -12.9281
    Octopole Moments (Debye-Ang^2)
       XXX      -0.0000    XXY      -0.0000    XYY      -0.0000
       YYY      -0.0000    XXZ      -0.0000    XYZ       0.0000
       YYZ      -0.0000    XZZ      -0.0000    YZZ      -0.0000
       ZZZ      -0.0000
    Hexadecapole Moments (Debye-Ang^3)
      XXXX     -33.1011   XXXY       8.4037   XXYY     -13.2243
      XYYY       9.0570   YYYY     -52.2884   XXXZ      -2.8787
      XXYZ       3.4054   XYYZ      -1.3426   YYYZ       6.8723
      XXZZ     -11.1503   XYZZ       3.2538   YYZZ     -12.6536
      XZZZ      -2.3192   YZZZ       5.0017   ZZZZ     -30.3477
 -----------------------------------------------------------------
 Total job time:  3.36s(wall), 83.13s(cpu) 
 Mon Jan  6 15:45:10 2025

        *************************************************************
        *                                                           *
        *  Thank you very much for using Q-Chem.  Have a nice day.  *
        *                                                           *
        *************************************************************



Running Job 2 of 2 ethene-neutral-wb97xd-M06-readSCF.in
qchem ethene-neutral-wb97xd-M06-readSCF.in_3541537.1 /expanse/lustre/scratch/whughes/temp_project/job_36179461/ethene-neutral-wb97xd-M06-readSCF-36179461/ 0
/cm/shared/apps/spack/0.17.3/cpu/b/opt/spack/linux-rocky8-zen2/gcc-10.2.0/qchem-6.0-rytxnwjazd34ekd2gqyi5ufsaimxsd3r/exe/qcprog.exe_s ethene-neutral-wb97xd-M06-readSCF.in_3541537.1 /expanse/lustre/scratch/whughes/temp_project/job_36179461/ethene-neutral-wb97xd-M06-readSCF-36179461/
                  Welcome to Q-Chem
     A Quantum Leap Into The Future Of Chemistry


 Q-Chem 6.0, Q-Chem, Inc., Pleasanton, CA (2022)

 License issued to: University of California, San Diego (site)

 E. Epifanovsky,  A. T. B. Gilbert,  Xintian Feng,  Joonho Lee,  Yuezhi Mao,  
 N. Mardirossian,  P. Pokhilko,  A. White,  M. Wormit,  M. P. Coons,  
 A. L. Dempwolff,  Zhengting Gan,  D. Hait,  P. R. Horn,  L. D. Jacobson,  
 I. Kaliman,  J. Kussmann,  A. W. Lange,  Ka Un Lao,  D. S. Levine,  Jie Liu,  
 S. C. McKenzie,  A. F. Morrison,  K. Nanda,  F. Plasser,  D. R. Rehn,  
 M. L. Vidal,  Zhi-Qiang You,  Ying Zhu,  B. Alam,  B. Albrecht,  
 A. Aldossary,  E. Alguire,  J. H. Andersen,  V. Athavale,  D. Barton,  
 K. Begam,  A. Behn,  N. Bellonzi,  Y. A. Bernard,  E. J. Berquist,  
 H. Burton,  A. Carreras,  K. Carter-Fenk,  Romit Chakraborty,  
 Chandrima Chakravarty,  Junhan Chen,  A. D. Chien,  K. D. Closser,  
 V. Cofer-Shabica,  L. Cunha,  S. Dasgupta,  Jia Deng,  M. de Wergifosse,  
 M. Diedenhofen,  Hainam Do,  S. Ehlert,  Po-Tung Fang,  S. Fatehi,  
 Qingguo Feng,  T. Friedhoff,  B. Ganoe,  J. Gayvert,  Qinghui Ge,  
 G. Gidofalvi,  M. Goldey,  J. Gomes,  C. Gonzalez-Espinoza,  S. Gulania,  
 A. Gunina,  J. A. Gyamfi,  M. W. D. Hanson-Heine,  P. H. P. Harbach,  
 A. W. Hauser,  M. F. Herbst,  M. Hernandez Vera,  M. Hodecker,  
 Z. C. Holden,  S. Houck,  Xunkun Huang,  Kerwin Hui,  B. C. Huynh,  
 K. Ikeda,  M. Ivanov,  Hyunjun Ji,  Zuxin Jin,  Hanjie Jiang,  B. Kaduk,  
 S. Kaehler,  R. Kang,  K. Khistyaev,  Jaehoon Kim,  Yongbin Kim,  
 P. Klunzinger,  Z. Koczor-Benda,  Joong Hoon Koh,  D. Kosenkov,  
 Saikiran Kotaru,  L. Koulias,  T. Kowalczyk,  C. M. Krauter,  K. Kue,  
 A. Kunitsa,  T. Kus,  A. Landau,  K. V. Lawler,  D. Lefrancois,  S. Lehtola,  
 Rain Li,  Shaozhi Li,  Yi-Pei Li,  Jiashu Liang,  M. Liebenthal,  
 Hung-Hsuan Lin,  You-Sheng Lin,  Fenglai Liu,  Kuan-Yu Liu,  
 M. Loipersberger,  A. Luenser,  C. Malbon,  A. Manjanath,  P. Manohar,  
 E. Mansoor,  S. F. Manzer,  Shan-Ping Mao,  A. V. Marenich,  T. Markovich,  
 S. Mason,  F. Matz,  S. A. Maurer,  P. F. McLaughlin,  M. F. S. J. Menger,  
 J.-M. Mewes,  S. A. Mewes,  P. Morgante,  Mohammad Mostafanejad,  
 J. W. Mullinax,  K. J. Oosterbaan,  G. Paran,  V. Parravicini,  
 Alexander C. Paul,  Suranjan K. Paul,  F. Pavosevic,  Zheng Pei,  S. Prager,  
 E. I. Proynov,  E. Ramos,  B. Rana,  A. E. Rask,  A. Rettig,  R. M. Richard,  
 F. Rob,  E. Rossomme,  T. Scheele,  M. Scheurer,  M. Schneider,  
 P. E. Schneider,  N. Sergueev,  S. M. Sharada,  Hengyuan Shen,  
 W. Skomorowski,  D. W. Small,  C. J. Stein,  Yingli Su,  Yu-Chuan Su,  
 E. J. Sundstrom,  Zhen Tao,  J. Thirman,  Hung-Yi Tsai,  T. Tsuchimochi,  
 N. M. Tubman,  C. Utku,  S. P. Veccham,  O. Vydrov,  J. Wenzel,  
 Jonathan Wong,  J. Witte,  A. Yamada,  Chou-Hsun Yang,  Kun Yao,  
 S. Yeganeh,  S. R. Yost,  A. Zech,  F. Zeller,  Igor Ying Zhang,  
 Xing Zhang,  Yu Zhang,  D. Zuev,  A. Aspuru-Guzik,  A. T. Bell,  
 N. A. Besley,  K. B. Bravaya,  B. R. Brooks,  D. Casanova,  Jeng-Da Chai,  
 Hsing-Ta Chen,  S. Coriani,  C. J. Cramer,  A. E. DePrince, III,  
 R. A. DiStasio Jr.,  A. Dreuw,  B. D. Dunietz,  T. R. Furlani,  
 W. A. Goddard III,  S. Grimme,  S. Hammes-Schiffer,  T. Head-Gordon,  
 W. J. Hehre,  Chao-Ping Hsu,  T.-C. Jagau,  Yousung Jung,  A. Klamt,  
 Jing Kong,  D. S. Lambrecht,  Xiangyuan Li,  WanZhen Liang,  N. J. Mayhall,  
 C. W. McCurdy,  J. B. Neaton,  T. Neudecker,  C. Ochsenfeld,  
 J. A. Parkhill,  R. Peverati,  V. A. Rassolov,  Haisheng Ren,  Yihan Shao,  
 L. V. Slipchenko,  R. P. Steele,  J. E. Subotnik,  A. J. W. Thom,  
 A. Tkatchenko,  D. G. Truhlar,  T. Van Voorhis,  Fan Wang,  
 T. A. Wesolowski,  K. B. Whaley,  H. L. Woodcock III,  P. M. Zimmerman,  
 S. Faraji,  P. M. W. Gill,  M. Head-Gordon,  J. M. Herbert,  A. I. Krylov

 Contributors to earlier versions of Q-Chem not listed above: 
 R. D. Adamson,  B. Austin,  R. Baer,  J. Baker,  G. J. O. Beran,  
 K. Brandhorst,  S. T. Brown,  E. F. C. Byrd,  Arup K. Chakraborty,  
 G. K. L. Chan,  Chun-Min Chang,  Yunqing Chen,  C.-L. Cheng,  
 Siu Hung Chien,  D. M. Chipman,  D. L. Crittenden,  H. Dachsel,  
 R. J. Doerksen,  A. D. Dutoi,  R. G. Edgar,  J. Fosso-Tande,  
 L. Fusti-Molnar,  D. Ghosh,  A. Ghysels,  A. Golubeva-Zadorozhnaya,  
 J. Gonthier,  M. S. Gordon,  S. R. Gwaltney,  G. Hawkins,  J. E. Herr,  
 A. Heyden,  S. Hirata,  E. G. Hohenstein,  G. Kedziora,  F. J. Keil,  
 C. Kelley,  Jihan Kim,  R. A. King,  R. Z. Khaliullin,  P. P. Korambath,  
 W. Kurlancheek,  A. Laurent,  A. M. Lee,  M. S. Lee,  S. V. Levchenko,  
 Ching Yeh Lin,  D. Liotard,  E. Livshits,  R. C. Lochan,  I. Lotan,  
 L. A. Martinez-Martinez,  P. E. Maslen,  N. Nair,  D. P. O'Neill,  
 D. Neuhauser,  E. Neuscamman,  C. M. Oana,  R. Olivares-Amaya,  R. Olson,  
 T. M. Perrine,  B. Peters,  P. A. Pieniazek,  A. Prociuk,  Y. M. Rhee,  
 J. Ritchie,  M. A. Rohrdanz,  E. Rosta,  N. J. Russ,  H. F. Schaefer III,  
 M. W. Schmidt,  N. E. Schultz,  S. Sharma,  N. Shenvi,  C. D. Sherrill,  
 A. C. Simmonett,  A. Sodt,  T. Stein,  D. Stuck,  K. S. Thanthiriwatte,  
 V. Vanovschi,  L. Vogt,  Tao Wang,  A. Warshel,  M. A. Watson,  
 C. F. Williams,  Q. Wu,  X. Xu,  Jun Yang,  W. Zhang,  Yan Zhao

   Please cite Q-Chem as follows:
  "Software for the frontiers of quantum chemistry:
   An overview of developments in the Q-Chem 5 package"
   J. Chem. Phys. 155, 084801 (2021)
   https://doi.org/10.1063/5.0055522 (open access)

 Q-Chem 6.0.2 for Intel X86 EM64T Linux

 Parts of Q-Chem use Armadillo 9.900.5 (Nocturnal Misbehaviour).
 http://arma.sourceforge.net/

 Q-Chem begins on Mon Jan  6 15:45:10 2025  

 Host: 
0

     Scratch files written to /expanse/lustre/scratch/whughes/temp_project/job_36179461/ethene-neutral-wb97xd-M06-readSCF-36179461//
 Dec722 |scratch|qcdevops|jenkins|workspace|build_RNUM    
 Processing $rem in /cm/shared/apps/spack/0.17.3/cpu/b/opt/spack/linux-rocky8-zen2/gcc-10.2.0/qchem-6.0-rytxnwjazd34ekd2gqyi5ufsaimxsd3r/config/preferences:
 Processing $rem in /home/whughes/.qchemrc:

 Checking the input file for inconsistencies... 	...done.

--------------------------------------------------------------
User input:
--------------------------------------------------------------

$molecule
0 1
C    -0.3151678957   0.5307834672    -0.2359551371
C    0.3151679045    -0.5307834595   0.2359551428
H    -0.0665375926   0.9572599881    -1.2005960182
H    -1.105943413    1.0173089377    0.3227873256
H    0.0665375889    -0.9572599913   1.2005960158
H    1.1059434079    -1.0173089421   -0.3227873289
$end

$rem
METHOD      M06
BASIS       def2-QZVPP
SYM_IGNORE   TRUE
DFT_D       D4
SCF_GUESS   read
MAX_SCF_CYCLES 300
$end
--------------------------------------------------------------
 Adding empirical dispersion correction 
 ----------------------------------------------------------------
 Doing -D4(0) with M06 parameters:
 s6  =   1.00000
 s8  =   0.16367
 s10 =   0.00000
 s9 =   1.00000
 a1  =   0.53456
 a2  =   6.06192
 -D4 energy including 3body term = -0.0003009481 hartrees
 ----------------------------------------------------------------
             Standard Nuclear Orientation (Angstroms)
    I     Atom           X                Y                Z
 ----------------------------------------------------------------
    1      C      -0.3151678957     0.5307834672    -0.2359551371
    2      C       0.3151679045    -0.5307834595     0.2359551428
    3      H      -0.0665375926     0.9572599881    -1.2005960182
    4      H      -1.1059434130     1.0173089377     0.3227873256
    5      H       0.0665375889    -0.9572599913     1.2005960158
    6      H       1.1059434079    -1.0173089421    -0.3227873289
 ----------------------------------------------------------------
 Nuclear Repulsion Energy =          33.51999924 hartrees
 There are        8 alpha and        8 beta electrons
 Requested basis set is def2-QZVPP
 There are 74 shells and 234 basis functions

 Total QAlloc Memory Limit   8000 MB
 Mega-Array Size       188 MB
 MEM_STATIC part       192 MB


                       Distance Matrix (Angstroms)
             C (  1)   C (  2)   H (  3)   H (  4)   H (  5)
   C (  2)  1.321721
   H (  3)  1.083620  2.103248
   H (  4)  1.083617  2.103256  1.845174
   H (  5)  2.103248  1.083620  3.073893  2.458492
   H (  6)  2.103256  1.083617  2.458492  3.073903  1.845174
 
 A cutoff of  1.0D-09 yielded   2701 shell pairs
 There are     27301 function pairs (     40380 Cartesian)
 Smallest overlap matrix eigenvalue = 8.60E-05

 Scale SEOQF with 1.000000e-01/1.000000e-01/1.000000e-01

 Standard Electronic Orientation quadrupole field applied
 Nucleus-field energy     =     0.0000000002 hartrees
 Guess MOs from SCF MO coefficient file

 -----------------------------------------------------------------------
  General SCF calculation program by
  Eric Jon Sundstrom, Paul Horn, Yuezhi Mao, Dmitri Zuev, Alec White,
  David Stuck, Shaama M.S., Shane Yost, Joonho Lee, David Small,
  Daniel Levine, Susi Lehtola, Hugh Burton, Evgeny Epifanovsky,
  Bang C. Huynh
 -----------------------------------------------------------------------
 Exchange:     0.2700 Hartree-Fock + 1.0000 M06
 Correlation:  1.0000 M06
 Using SG-3 standard quadrature grid
 Dispersion:   Grimme D4
 using 32 threads for integral computing
 -------------------------------------------------------
 OpenMP Integral computing Module                
 Release: version 1.0, May 2013, Q-Chem Inc. Pittsburgh 
 -------------------------------------------------------
 A restricted SCF calculation will be
 performed using DIIS
 SCF converges when DIIS error is below 1.0e-05
 ---------------------------------------
  Cycle       Energy         DIIS error
 ---------------------------------------
    1     -78.5532727581      2.38e-03  
    2     -78.5573087190      6.45e-04  
    3     -78.5577601534      2.32e-04  
    4     -78.5578279466      2.82e-05  
    5     -78.5578320258      7.87e-06  Convergence criterion met
 ---------------------------------------
 SCF time:   CPU 133.29s  wall 4.00s 
 SCF   energy in the final basis set =      -78.5578320258
 Total energy in the final basis set =      -78.5578320258
 
 --------------------------------------------------------------
 
                    Orbital Energies (a.u.)
 --------------------------------------------------------------
 
 Alpha MOs
 -- Occupied --
-10.2386 -10.2375  -0.7732  -0.5899  -0.4832  -0.4327  -0.3660  -0.2898
 -- Virtual --
  0.0018   0.0212   0.0301   0.0442   0.0773   0.1160   0.1260   0.1336
  0.1857   0.1878   0.1981   0.2565   0.2911   0.3126   0.3168   0.3486
  0.3563   0.3982   0.4216   0.4908   0.5183   0.5225   0.5819   0.6103
  0.6611   0.7002   0.7073   0.7119   0.7236   0.7370   0.7642   0.7687
  0.8005   0.8046   0.8229   0.8485   0.8598   0.8897   0.9062   0.9632
  1.0180   1.0385   1.0580   1.0863   1.1355   1.1882   1.2790   1.2937
  1.5385   1.5532   1.5713   1.5922   1.6489   1.7388   1.7599   1.7780
  1.7783   1.8021   1.8427   1.8998   1.9320   1.9494   1.9742   1.9827
  2.0145   2.0201   2.0268   2.0920   2.0979   2.1153   2.1726   2.1733
  2.2809   2.3394   2.3568   2.3855   2.4179   2.4279   2.4507   2.4697
  2.4764   2.4982   2.5381   2.5643   2.5735   2.5874   2.6131   2.6705
  2.6866   2.7419   2.7751   2.8855   3.0488   3.0756   3.1482   3.2517
  3.2737   3.3042   3.3116   3.3235   3.3408   3.5226   3.5315   3.5765
  3.6264   3.7129   3.7238   3.7503   3.8119   3.8791   4.0058   4.2611
  4.4436   4.8078   4.8213   4.8282   4.8660   4.9132   4.9289   5.0501
  5.2905   5.3027   5.3105   5.3121   5.3690   5.4114   5.5329   5.5392
  5.6032   5.6129   5.6458   5.6466   5.7326   5.7641   5.8355   5.8839
  5.9190   5.9446   5.9470   6.0084   6.0142   6.0380   6.0571   6.0911
  6.1025   6.1124   6.1695   6.2258   6.2794   6.3090   6.3262   6.3725
  6.5835   6.6147   6.6304   6.7158   6.8333   6.8650   6.8745   6.8825
  6.8843   6.9222   7.0485   7.0921   7.1675   7.2573   7.2976   7.3015
  7.3705   7.4201   7.4205   7.4353   7.4934   7.4938   7.5162   7.5285
  7.5828   7.6321   7.7868   7.9079   7.9201   7.9407   7.9818   8.0689
  8.1310   8.1474   8.1636   8.1817   8.2339   8.2674   8.2828   8.2876
  8.3026   8.3091   8.3547   8.4059   8.4732   8.6152   8.6884   8.7683
  8.8700   8.9460   8.9558   9.0124   9.0960   9.2956   9.5382   9.5880
  9.6131   9.6230   9.8033   9.8170   9.9581   9.9959  10.3997  10.5331
 10.7168  10.8960  11.2617  12.3030  12.6124  12.7898  28.4129  29.3408
146.9796 147.9398
 --------------------------------------------------------------
 
          Ground-State Mulliken Net Atomic Charges

     Atom                 Charge (a.u.)
  ----------------------------------------
      1 C                    -0.139925
      2 C                    -0.139925
      3 H                     0.094900
      4 H                     0.045025
      5 H                     0.094900
      6 H                     0.045025
  ----------------------------------------
  Sum of atomic charges =     0.000000

 -----------------------------------------------------------------
                    Cartesian Multipole Moments
 -----------------------------------------------------------------
    Charge (ESU x 10^10)
                 0.0000
    Dipole Moment (Debye)
         X      -0.0000      Y      -0.0000      Z      -0.0000
       Tot       0.0000
    Quadrupole Moments (Debye-Ang)
        XX     -13.7452     XY      -1.2634     YY     -13.4062
        XZ      -0.9235     YZ      -0.8145     ZZ     -12.9307
    Octopole Moments (Debye-Ang^2)
       XXX      -0.0000    XXY      -0.0000    XYY      -0.0000
       YYY      -0.0000    XXZ      -0.0000    XYZ       0.0000
       YYZ      -0.0000    XZZ      -0.0000    YZZ      -0.0000
       ZZZ      -0.0000
    Hexadecapole Moments (Debye-Ang^3)
      XXXX     -32.6517   XXXY       8.6061   XXYY     -13.1417
      XYYY       9.1829   YYYY     -51.7354   XXXZ      -2.7560
      XXYZ       3.3357   XYYZ      -1.2639   YYYZ       6.9416
      XXZZ     -10.9711   XYZZ       3.2811   YYZZ     -12.6278
      XZZZ      -2.2676   YZZZ       5.2712   ZZZZ     -30.1508
 -----------------------------------------------------------------
 Total job time:  4.64s(wall), 140.63s(cpu) 
 Mon Jan  6 15:45:15 2025

        *************************************************************
        *                                                           *
        *  Thank you very much for using Q-Chem.  Have a nice day.  *
        *                                                           *
        *************************************************************


