
Running Job 1 of 2 ca11-r2-neutral-wb97xd-M06-readSCF.in
qchem ca11-r2-neutral-wb97xd-M06-readSCF.in_548756.0 /expanse/lustre/scratch/whughes/temp_project/job_36180131/ca11-r2-neutral-wb97xd-M06-readSCF-36180131/ 0
/cm/shared/apps/spack/0.17.3/cpu/b/opt/spack/linux-rocky8-zen2/gcc-10.2.0/qchem-6.0-rytxnwjazd34ekd2gqyi5ufsaimxsd3r/exe/qcprog.exe_s ca11-r2-neutral-wb97xd-M06-readSCF.in_548756.0 /expanse/lustre/scratch/whughes/temp_project/job_36180131/ca11-r2-neutral-wb97xd-M06-readSCF-36180131/
                  Welcome to Q-Chem
     A Quantum Leap Into The Future Of Chemistry


 Q-Chem 6.0, Q-Chem, Inc., Pleasanton, CA (2022)

 License issued to: University of California, San Diego (site)

 E. Epifanovsky,  A. T. B. Gilbert,  Xintian Feng,  Joonho Lee,  Yuezhi Mao,  
 N. Mardirossian,  P. Pokhilko,  A. White,  M. Wormit,  M. P. Coons,  
 A. L. Dempwolff,  Zhengting Gan,  D. Hait,  P. R. Horn,  L. D. Jacobson,  
 I. Kaliman,  J. Kussmann,  A. W. Lange,  Ka Un Lao,  D. S. Levine,  Jie Liu,  
 S. C. McKenzie,  A. F. Morrison,  K. Nanda,  F. Plasser,  D. R. Rehn,  
 M. L. Vidal,  Zhi-Qiang You,  Ying Zhu,  B. Alam,  B. Albrecht,  
 A. Aldossary,  E. Alguire,  J. H. Andersen,  V. Athavale,  D. Barton,  
 K. Begam,  A. Behn,  N. Bellonzi,  Y. A. Bernard,  E. J. Berquist,  
 H. Burton,  A. Carreras,  K. Carter-Fenk,  Romit Chakraborty,  
 Chandrima Chakravarty,  Junhan Chen,  A. D. Chien,  K. D. Closser,  
 V. Cofer-Shabica,  L. Cunha,  S. Dasgupta,  Jia Deng,  M. de Wergifosse,  
 M. Diedenhofen,  Hainam Do,  S. Ehlert,  Po-Tung Fang,  S. Fatehi,  
 Qingguo Feng,  T. Friedhoff,  B. Ganoe,  J. Gayvert,  Qinghui Ge,  
 G. Gidofalvi,  M. Goldey,  J. Gomes,  C. Gonzalez-Espinoza,  S. Gulania,  
 A. Gunina,  J. A. Gyamfi,  M. W. D. Hanson-Heine,  P. H. P. Harbach,  
 A. W. Hauser,  M. F. Herbst,  M. Hernandez Vera,  M. Hodecker,  
 Z. C. Holden,  S. Houck,  Xunkun Huang,  Kerwin Hui,  B. C. Huynh,  
 K. Ikeda,  M. Ivanov,  Hyunjun Ji,  Zuxin Jin,  Hanjie Jiang,  B. Kaduk,  
 S. Kaehler,  R. Kang,  K. Khistyaev,  Jaehoon Kim,  Yongbin Kim,  
 P. Klunzinger,  Z. Koczor-Benda,  Joong Hoon Koh,  D. Kosenkov,  
 Saikiran Kotaru,  L. Koulias,  T. Kowalczyk,  C. M. Krauter,  K. Kue,  
 A. Kunitsa,  T. Kus,  A. Landau,  K. V. Lawler,  D. Lefrancois,  S. Lehtola,  
 Rain Li,  Shaozhi Li,  Yi-Pei Li,  Jiashu Liang,  M. Liebenthal,  
 Hung-Hsuan Lin,  You-Sheng Lin,  Fenglai Liu,  Kuan-Yu Liu,  
 M. Loipersberger,  A. Luenser,  C. Malbon,  A. Manjanath,  P. Manohar,  
 E. Mansoor,  S. F. Manzer,  Shan-Ping Mao,  A. V. Marenich,  T. Markovich,  
 S. Mason,  F. Matz,  S. A. Maurer,  P. F. McLaughlin,  M. F. S. J. Menger,  
 J.-M. Mewes,  S. A. Mewes,  P. Morgante,  Mohammad Mostafanejad,  
 J. W. Mullinax,  K. J. Oosterbaan,  G. Paran,  V. Parravicini,  
 Alexander C. Paul,  Suranjan K. Paul,  F. Pavosevic,  Zheng Pei,  S. Prager,  
 E. I. Proynov,  E. Ramos,  B. Rana,  A. E. Rask,  A. Rettig,  R. M. Richard,  
 F. Rob,  E. Rossomme,  T. Scheele,  M. Scheurer,  M. Schneider,  
 P. E. Schneider,  N. Sergueev,  S. M. Sharada,  Hengyuan Shen,  
 W. Skomorowski,  D. W. Small,  C. J. Stein,  Yingli Su,  Yu-Chuan Su,  
 E. J. Sundstrom,  Zhen Tao,  J. Thirman,  Hung-Yi Tsai,  T. Tsuchimochi,  
 N. M. Tubman,  C. Utku,  S. P. Veccham,  O. Vydrov,  J. Wenzel,  
 Jonathan Wong,  J. Witte,  A. Yamada,  Chou-Hsun Yang,  Kun Yao,  
 S. Yeganeh,  S. R. Yost,  A. Zech,  F. Zeller,  Igor Ying Zhang,  
 Xing Zhang,  Yu Zhang,  D. Zuev,  A. Aspuru-Guzik,  A. T. Bell,  
 N. A. Besley,  K. B. Bravaya,  B. R. Brooks,  D. Casanova,  Jeng-Da Chai,  
 Hsing-Ta Chen,  S. Coriani,  C. J. Cramer,  A. E. DePrince, III,  
 R. A. DiStasio Jr.,  A. Dreuw,  B. D. Dunietz,  T. R. Furlani,  
 W. A. Goddard III,  S. Grimme,  S. Hammes-Schiffer,  T. Head-Gordon,  
 W. J. Hehre,  Chao-Ping Hsu,  T.-C. Jagau,  Yousung Jung,  A. Klamt,  
 Jing Kong,  D. S. Lambrecht,  Xiangyuan Li,  WanZhen Liang,  N. J. Mayhall,  
 C. W. McCurdy,  J. B. Neaton,  T. Neudecker,  C. Ochsenfeld,  
 J. A. Parkhill,  R. Peverati,  V. A. Rassolov,  Haisheng Ren,  Yihan Shao,  
 L. V. Slipchenko,  R. P. Steele,  J. E. Subotnik,  A. J. W. Thom,  
 A. Tkatchenko,  D. G. Truhlar,  T. Van Voorhis,  Fan Wang,  
 T. A. Wesolowski,  K. B. Whaley,  H. L. Woodcock III,  P. M. Zimmerman,  
 S. Faraji,  P. M. W. Gill,  M. Head-Gordon,  J. M. Herbert,  A. I. Krylov

 Contributors to earlier versions of Q-Chem not listed above: 
 R. D. Adamson,  B. Austin,  R. Baer,  J. Baker,  G. J. O. Beran,  
 K. Brandhorst,  S. T. Brown,  E. F. C. Byrd,  Arup K. Chakraborty,  
 G. K. L. Chan,  Chun-Min Chang,  Yunqing Chen,  C.-L. Cheng,  
 Siu Hung Chien,  D. M. Chipman,  D. L. Crittenden,  H. Dachsel,  
 R. J. Doerksen,  A. D. Dutoi,  R. G. Edgar,  J. Fosso-Tande,  
 L. Fusti-Molnar,  D. Ghosh,  A. Ghysels,  A. Golubeva-Zadorozhnaya,  
 J. Gonthier,  M. S. Gordon,  S. R. Gwaltney,  G. Hawkins,  J. E. Herr,  
 A. Heyden,  S. Hirata,  E. G. Hohenstein,  G. Kedziora,  F. J. Keil,  
 C. Kelley,  Jihan Kim,  R. A. King,  R. Z. Khaliullin,  P. P. Korambath,  
 W. Kurlancheek,  A. Laurent,  A. M. Lee,  M. S. Lee,  S. V. Levchenko,  
 Ching Yeh Lin,  D. Liotard,  E. Livshits,  R. C. Lochan,  I. Lotan,  
 L. A. Martinez-Martinez,  P. E. Maslen,  N. Nair,  D. P. O'Neill,  
 D. Neuhauser,  E. Neuscamman,  C. M. Oana,  R. Olivares-Amaya,  R. Olson,  
 T. M. Perrine,  B. Peters,  P. A. Pieniazek,  A. Prociuk,  Y. M. Rhee,  
 J. Ritchie,  M. A. Rohrdanz,  E. Rosta,  N. J. Russ,  H. F. Schaefer III,  
 M. W. Schmidt,  N. E. Schultz,  S. Sharma,  N. Shenvi,  C. D. Sherrill,  
 A. C. Simmonett,  A. Sodt,  T. Stein,  D. Stuck,  K. S. Thanthiriwatte,  
 V. Vanovschi,  L. Vogt,  Tao Wang,  A. Warshel,  M. A. Watson,  
 C. F. Williams,  Q. Wu,  X. Xu,  Jun Yang,  W. Zhang,  Yan Zhao

   Please cite Q-Chem as follows:
  "Software for the frontiers of quantum chemistry:
   An overview of developments in the Q-Chem 5 package"
   J. Chem. Phys. 155, 084801 (2021)
   https://doi.org/10.1063/5.0055522 (open access)

 Q-Chem 6.0.2 for Intel X86 EM64T Linux

 Parts of Q-Chem use Armadillo 9.900.5 (Nocturnal Misbehaviour).
 http://arma.sourceforge.net/

 Q-Chem begins on Mon Jan  6 16:05:46 2025  

 Host: 
0

     Scratch files written to /expanse/lustre/scratch/whughes/temp_project/job_36180131/ca11-r2-neutral-wb97xd-M06-readSCF-36180131//
 Dec722 |scratch|qcdevops|jenkins|workspace|build_RNUM    
 Processing $rem in /cm/shared/apps/spack/0.17.3/cpu/b/opt/spack/linux-rocky8-zen2/gcc-10.2.0/qchem-6.0-rytxnwjazd34ekd2gqyi5ufsaimxsd3r/config/preferences:
 Processing $rem in /home/whughes/.qchemrc:

 Checking the input file for inconsistencies... 	...done.

--------------------------------------------------------------
User input:
--------------------------------------------------------------
$molecule
0 1
C    0.1444199955    -0.8129466449   0.6331348743
C    -0.8475777661   0.0597434566    0.6005745789
O    1.0423593369    -0.4925035456   -0.3546035353
O    -0.6072036409   0.9586833142    -0.4088420169
C    0.5676312682    0.6080594833    -0.9959288125
O    1.0847155052    1.1619048043    -1.903132734
H    0.3590410416    -1.6661648615   1.248946889
H    -1.7433857405   0.1832229936    1.1798507565
$end

$rem
METHOD      PBE0
BASIS       def2-QZVPP
SYM_IGNORE   TRUE
DFT_D       D3
MAX_SCF_CYCLES 300
$end

--------------------------------------------------------------
 Adding empirical dispersion correction 
 ----------------------------------------------------------------
 Doing -D3(OP) with
 s6  =   0.91826
 s8  =   0.00000
 a1  =   0.20000
 a2  =   4.75000
 pow =   12.00000
 -D3 energy without 3body term =     -0.0014152221 hartrees
 ----------------------------------------------------------------
             Standard Nuclear Orientation (Angstroms)
    I     Atom           X                Y                Z
 ----------------------------------------------------------------
    1      C       0.1444199955    -0.8129466449     0.6331348743
    2      C      -0.8475777661     0.0597434566     0.6005745789
    3      O       1.0423593369    -0.4925035456    -0.3546035353
    4      O      -0.6072036409     0.9586833142    -0.4088420169
    5      C       0.5676312682     0.6080594833    -0.9959288125
    6      O       1.0847155052     1.1619048043    -1.9031327340
    7      H       0.3590410416    -1.6661648615     1.2489468890
    8      H      -1.7433857405     0.1832229936     1.1798507565
 ----------------------------------------------------------------
 Nuclear Repulsion Energy =         230.82250002 hartrees
 There are       22 alpha and       22 beta electrons
 Requested basis set is def2-QZVPP
 There are 122 shells and 402 basis functions

 Total QAlloc Memory Limit   8000 MB
 Mega-Array Size       188 MB
 MEM_STATIC part       192 MB


                       Distance Matrix (Angstroms)
             C (  1)   C (  2)   O (  3)   O (  4)   C (  5)   O (  6)
   C (  2)  1.321631
   O (  3)  1.372810  2.188425
   O (  4)  2.188453  1.372878  2.197713
   C (  5)  2.202774  2.202791  1.359376  1.359355
   O (  6)  3.349156  3.349189  2.266452  2.266450  1.182007
   H (  7)  1.073903  2.203424  2.101375  3.251418  3.202354  4.296532
   H (  8)  2.203421  1.073909  3.251389  2.101474  3.202390  4.296599
             H (  7)
   H (  8)  2.800930
 
 A cutoff of  1.0D-09 yielded   6563 shell pairs
 There are     73519 function pairs (    114835 Cartesian)
 Smallest overlap matrix eigenvalue = 5.49E-05

 Scale SEOQF with 1.000000e-01/1.000000e-01/1.000000e-01

 Standard Electronic Orientation quadrupole field applied
 Nucleus-field energy     =    -0.0000000016 hartrees
 Guess from superposition of atomic densities
 Warning:  Energy on first SCF cycle will be non-variational
 SAD guess density has 44.000000 electrons

 -----------------------------------------------------------------------
  General SCF calculation program by
  Eric Jon Sundstrom, Paul Horn, Yuezhi Mao, Dmitri Zuev, Alec White,
  David Stuck, Shaama M.S., Shane Yost, Joonho Lee, David Small,
  Daniel Levine, Susi Lehtola, Hugh Burton, Evgeny Epifanovsky,
  Bang C. Huynh
 -----------------------------------------------------------------------
 Exchange:     0.2500 Hartree-Fock + 0.7500 PBE
 Correlation:  1.0000 PBE
 Using SG-1 standard quadrature grid
 Dispersion:   Grimme D3
 using 32 threads for integral computing
 -------------------------------------------------------
 OpenMP Integral computing Module                
 Release: version 1.0, May 2013, Q-Chem Inc. Pittsburgh 
 -------------------------------------------------------
 A restricted SCF calculation will be
 performed using DIIS
 SCF converges when DIIS error is below 1.0e-05
 ---------------------------------------
  Cycle       Energy         DIIS error
 ---------------------------------------
    1    -342.4259541536      2.18e-02  
    2    -340.8588693785      2.70e-03  
    3    -340.6339904678      4.83e-03  
    4    -340.9570335321      7.54e-04  
    5    -340.9648785918      2.64e-04  
    6    -340.9657552036      5.95e-05  
    7    -340.9658086221      1.86e-05  
    8    -340.9658137039      4.25e-06  Convergence criterion met
 ---------------------------------------
 SCF time:   CPU 671.86s  wall 21.00s 
 SCF   energy in the final basis set =     -340.9658137039
 Total energy in the final basis set =     -340.9658137039
 
 --------------------------------------------------------------
 
                    Orbital Energies (a.u.)
 --------------------------------------------------------------
 
 Alpha MOs
 -- Occupied --
-19.3039 -19.3039 -19.2081 -10.4125 -10.3145 -10.3135  -1.2352  -1.1162
 -1.0962  -0.8247  -0.7070  -0.6757  -0.5830  -0.5544  -0.5269  -0.4796
 -0.4552  -0.4326  -0.4273  -0.4016  -0.3346  -0.2756
 -- Virtual --
 -0.0071   0.0261   0.0323   0.0408   0.0549   0.0997   0.1069   0.1099
  0.1510   0.1646   0.1714   0.1778   0.1825   0.2297   0.2422   0.2513
  0.2638   0.2738   0.3144   0.3253   0.3510   0.3557   0.3615   0.3713
  0.3899   0.3942   0.3950   0.4222   0.4515   0.4616   0.4691   0.4946
  0.5593   0.5632   0.5681   0.5709   0.6091   0.6447   0.6620   0.6710
  0.7093   0.7223   0.7314   0.7357   0.7762   0.7885   0.8159   0.8200
  0.8267   0.8353   0.8494   0.8646   0.8692   0.9162   0.9236   0.9933
  0.9983   1.0078   1.0150   1.0319   1.0808   1.1176   1.1222   1.1838
  1.1869   1.2467   1.2588   1.2709   1.3290   1.3460   1.4086   1.4094
  1.4097   1.4417   1.4458   1.4807   1.5038   1.5119   1.5320   1.5631
  1.5781   1.5959   1.6010   1.6247   1.6270   1.6916   1.7491   1.7535
  1.7732   1.7999   1.8199   1.8365   1.8478   1.8909   1.9138   1.9284
  1.9490   1.9936   1.9986   2.0040   2.0362   2.0509   2.0756   2.0958
  2.1362   2.1740   2.1753   2.1848   2.2044   2.2078   2.2392   2.2906
  2.3093   2.3139   2.3169   2.3196   2.3305   2.3763   2.3788   2.3802
  2.4831   2.5025   2.5192   2.5456   2.5740   2.5948   2.6491   2.7005
  2.7179   2.7580   2.7632   2.7915   2.8199   2.8591   2.8850   2.8910
  2.9450   2.9636   3.0556   3.1313   3.1751   3.2629   3.2632   3.2759
  3.2923   3.3398   3.3534   3.4047   3.4207   3.4867   3.4927   3.4932
  3.5259   3.5656   3.6986   3.7275   3.7716   3.7830   3.8049   3.8192
  3.8647   3.8989   3.9326   3.9637   3.9731   3.9885   4.0735   4.1173
  4.1555   4.1920   4.2182   4.2378   4.2449   4.2660   4.3146   4.3499
  4.4184   4.4687   4.4775   4.4778   4.4935   4.4963   4.5721   4.5750
  4.5961   4.6398   4.7439   4.7745   4.7951   4.8288   4.8648   4.8924
  4.9130   4.9319   4.9519   5.0347   5.0880   5.0923   5.1681   5.1790
  5.1935   5.2473   5.3245   5.3256   5.3338   5.4093   5.4222   5.4826
  5.4973   5.4985   5.5629   5.5803   5.5942   5.6940   5.7011   5.7360
  5.7550   5.7967   5.8014   5.8661   5.8736   5.9428   5.9615   5.9627
  5.9767   5.9960   6.0067   6.0169   6.0283   6.0563   6.1272   6.1567
  6.1713   6.1982   6.2360   6.2413   6.2991   6.3128   6.3176   6.3536
  6.4481   6.4537   6.4727   6.5301   6.5701   6.6543   6.6592   6.7319
  6.7500   6.7543   6.7928   6.8069   6.8507   6.8528   7.0108   7.0403
  7.0953   7.1084   7.1903   7.1987   7.2973   7.4318   7.4654   7.4922
  7.5626   7.5651   7.6170   7.6345   7.7148   7.7888   7.8270   7.8840
  7.8910   7.9887   8.0777   8.1192   8.1451   8.1714   8.2647   8.2701
  8.3631   8.3952   8.4980   8.5245   8.5919   8.6052   8.6493   8.6798
  8.8368   8.8850   8.8946   8.9960   9.0579   9.0695   9.0700   9.1276
  9.1705   9.2152   9.2241   9.4015   9.5264   9.5383   9.5705   9.7022
  9.7177   9.7222   9.7345   9.7697   9.8021   9.8436   9.8459   9.9445
  9.9961  10.0867  10.1267  10.1342  10.3481  10.3958  10.4170  10.4889
 10.5242  10.5915  10.8019  10.8858  11.0162  11.0465  11.1815  11.2698
 11.3587  11.4817  11.4968  11.4997  11.5161  11.5423  11.6270  11.6596
 11.6829  11.7863  11.7916  11.8998  11.9110  11.9175  12.0951  12.0960
 12.1610  12.2291  12.2770  12.3142  12.3617  12.4375  12.5230  12.5891
 12.6407  12.6645  12.6991  12.7520  12.8129  13.0641  13.3095  13.3178
 13.3828  13.7648  13.8600  13.9976  14.0819  14.4779  14.6534  14.7856
 28.2710  28.6031  29.3716  48.1854  48.2686  48.2787 147.3727 147.7513
148.5475 253.3699 253.4718 253.4724
 --------------------------------------------------------------
 
          Ground-State Mulliken Net Atomic Charges

     Atom                 Charge (a.u.)
  ----------------------------------------
      1 C                     0.065432
      2 C                     0.066968
      3 O                    -0.267380
      4 O                    -0.267586
      5 C                     0.470812
      6 O                    -0.298396
      7 H                     0.115281
      8 H                     0.114868
  ----------------------------------------
  Sum of atomic charges =     0.000000

 -----------------------------------------------------------------
                    Cartesian Multipole Moments
 -----------------------------------------------------------------
    Charge (ESU x 10^10)
                 0.0000
    Dipole Moment (Debye)
         X      -2.0175      Y      -2.1611      Z       3.5396
       Tot       4.6118
    Quadrupole Moments (Debye-Ang)
        XX     -33.7001     XY      -1.4614     YY     -33.9420
        XZ       1.8557     YZ       1.9628     ZZ     -36.2662
    Octopole Moments (Debye-Ang^2)
       XXX     -27.3139    XXY      -7.4629    XYY      -6.2216
       YYY     -27.8782    XXZ      19.5032    XYZ       1.9375
       YYZ      19.6250    XZZ     -14.9053    YZZ     -16.5490
       ZZZ      45.8579
    Hexadecapole Moments (Debye-Ang^3)
      XXXX    -157.4231   XXXY      -7.6498   XXYY     -55.9179
      XYYY      -8.6562   YYYY    -153.5025   XXXZ      53.9076
      XXYZ      25.2459   XYYZ      24.1981   YYYZ      61.3597
      XXZZ     -68.6131   XYZZ     -10.5517   YYZZ     -68.7609
      XZZZ      66.1141   YZZZ      72.4413   ZZZZ    -247.0924
 -----------------------------------------------------------------
 Total job time:  26.38s(wall), 691.40s(cpu) 
 Mon Jan  6 16:06:12 2025

        *************************************************************
        *                                                           *
        *  Thank you very much for using Q-Chem.  Have a nice day.  *
        *                                                           *
        *************************************************************



Running Job 2 of 2 ca11-r2-neutral-wb97xd-M06-readSCF.in
qchem ca11-r2-neutral-wb97xd-M06-readSCF.in_548756.1 /expanse/lustre/scratch/whughes/temp_project/job_36180131/ca11-r2-neutral-wb97xd-M06-readSCF-36180131/ 0
/cm/shared/apps/spack/0.17.3/cpu/b/opt/spack/linux-rocky8-zen2/gcc-10.2.0/qchem-6.0-rytxnwjazd34ekd2gqyi5ufsaimxsd3r/exe/qcprog.exe_s ca11-r2-neutral-wb97xd-M06-readSCF.in_548756.1 /expanse/lustre/scratch/whughes/temp_project/job_36180131/ca11-r2-neutral-wb97xd-M06-readSCF-36180131/
                  Welcome to Q-Chem
     A Quantum Leap Into The Future Of Chemistry


 Q-Chem 6.0, Q-Chem, Inc., Pleasanton, CA (2022)

 License issued to: University of California, San Diego (site)

 E. Epifanovsky,  A. T. B. Gilbert,  Xintian Feng,  Joonho Lee,  Yuezhi Mao,  
 N. Mardirossian,  P. Pokhilko,  A. White,  M. Wormit,  M. P. Coons,  
 A. L. Dempwolff,  Zhengting Gan,  D. Hait,  P. R. Horn,  L. D. Jacobson,  
 I. Kaliman,  J. Kussmann,  A. W. Lange,  Ka Un Lao,  D. S. Levine,  Jie Liu,  
 S. C. McKenzie,  A. F. Morrison,  K. Nanda,  F. Plasser,  D. R. Rehn,  
 M. L. Vidal,  Zhi-Qiang You,  Ying Zhu,  B. Alam,  B. Albrecht,  
 A. Aldossary,  E. Alguire,  J. H. Andersen,  V. Athavale,  D. Barton,  
 K. Begam,  A. Behn,  N. Bellonzi,  Y. A. Bernard,  E. J. Berquist,  
 H. Burton,  A. Carreras,  K. Carter-Fenk,  Romit Chakraborty,  
 Chandrima Chakravarty,  Junhan Chen,  A. D. Chien,  K. D. Closser,  
 V. Cofer-Shabica,  L. Cunha,  S. Dasgupta,  Jia Deng,  M. de Wergifosse,  
 M. Diedenhofen,  Hainam Do,  S. Ehlert,  Po-Tung Fang,  S. Fatehi,  
 Qingguo Feng,  T. Friedhoff,  B. Ganoe,  J. Gayvert,  Qinghui Ge,  
 G. Gidofalvi,  M. Goldey,  J. Gomes,  C. Gonzalez-Espinoza,  S. Gulania,  
 A. Gunina,  J. A. Gyamfi,  M. W. D. Hanson-Heine,  P. H. P. Harbach,  
 A. W. Hauser,  M. F. Herbst,  M. Hernandez Vera,  M. Hodecker,  
 Z. C. Holden,  S. Houck,  Xunkun Huang,  Kerwin Hui,  B. C. Huynh,  
 K. Ikeda,  M. Ivanov,  Hyunjun Ji,  Zuxin Jin,  Hanjie Jiang,  B. Kaduk,  
 S. Kaehler,  R. Kang,  K. Khistyaev,  Jaehoon Kim,  Yongbin Kim,  
 P. Klunzinger,  Z. Koczor-Benda,  Joong Hoon Koh,  D. Kosenkov,  
 Saikiran Kotaru,  L. Koulias,  T. Kowalczyk,  C. M. Krauter,  K. Kue,  
 A. Kunitsa,  T. Kus,  A. Landau,  K. V. Lawler,  D. Lefrancois,  S. Lehtola,  
 Rain Li,  Shaozhi Li,  Yi-Pei Li,  Jiashu Liang,  M. Liebenthal,  
 Hung-Hsuan Lin,  You-Sheng Lin,  Fenglai Liu,  Kuan-Yu Liu,  
 M. Loipersberger,  A. Luenser,  C. Malbon,  A. Manjanath,  P. Manohar,  
 E. Mansoor,  S. F. Manzer,  Shan-Ping Mao,  A. V. Marenich,  T. Markovich,  
 S. Mason,  F. Matz,  S. A. Maurer,  P. F. McLaughlin,  M. F. S. J. Menger,  
 J.-M. Mewes,  S. A. Mewes,  P. Morgante,  Mohammad Mostafanejad,  
 J. W. Mullinax,  K. J. Oosterbaan,  G. Paran,  V. Parravicini,  
 Alexander C. Paul,  Suranjan K. Paul,  F. Pavosevic,  Zheng Pei,  S. Prager,  
 E. I. Proynov,  E. Ramos,  B. Rana,  A. E. Rask,  A. Rettig,  R. M. Richard,  
 F. Rob,  E. Rossomme,  T. Scheele,  M. Scheurer,  M. Schneider,  
 P. E. Schneider,  N. Sergueev,  S. M. Sharada,  Hengyuan Shen,  
 W. Skomorowski,  D. W. Small,  C. J. Stein,  Yingli Su,  Yu-Chuan Su,  
 E. J. Sundstrom,  Zhen Tao,  J. Thirman,  Hung-Yi Tsai,  T. Tsuchimochi,  
 N. M. Tubman,  C. Utku,  S. P. Veccham,  O. Vydrov,  J. Wenzel,  
 Jonathan Wong,  J. Witte,  A. Yamada,  Chou-Hsun Yang,  Kun Yao,  
 S. Yeganeh,  S. R. Yost,  A. Zech,  F. Zeller,  Igor Ying Zhang,  
 Xing Zhang,  Yu Zhang,  D. Zuev,  A. Aspuru-Guzik,  A. T. Bell,  
 N. A. Besley,  K. B. Bravaya,  B. R. Brooks,  D. Casanova,  Jeng-Da Chai,  
 Hsing-Ta Chen,  S. Coriani,  C. J. Cramer,  A. E. DePrince, III,  
 R. A. DiStasio Jr.,  A. Dreuw,  B. D. Dunietz,  T. R. Furlani,  
 W. A. Goddard III,  S. Grimme,  S. Hammes-Schiffer,  T. Head-Gordon,  
 W. J. Hehre,  Chao-Ping Hsu,  T.-C. Jagau,  Yousung Jung,  A. Klamt,  
 Jing Kong,  D. S. Lambrecht,  Xiangyuan Li,  WanZhen Liang,  N. J. Mayhall,  
 C. W. McCurdy,  J. B. Neaton,  T. Neudecker,  C. Ochsenfeld,  
 J. A. Parkhill,  R. Peverati,  V. A. Rassolov,  Haisheng Ren,  Yihan Shao,  
 L. V. Slipchenko,  R. P. Steele,  J. E. Subotnik,  A. J. W. Thom,  
 A. Tkatchenko,  D. G. Truhlar,  T. Van Voorhis,  Fan Wang,  
 T. A. Wesolowski,  K. B. Whaley,  H. L. Woodcock III,  P. M. Zimmerman,  
 S. Faraji,  P. M. W. Gill,  M. Head-Gordon,  J. M. Herbert,  A. I. Krylov

 Contributors to earlier versions of Q-Chem not listed above: 
 R. D. Adamson,  B. Austin,  R. Baer,  J. Baker,  G. J. O. Beran,  
 K. Brandhorst,  S. T. Brown,  E. F. C. Byrd,  Arup K. Chakraborty,  
 G. K. L. Chan,  Chun-Min Chang,  Yunqing Chen,  C.-L. Cheng,  
 Siu Hung Chien,  D. M. Chipman,  D. L. Crittenden,  H. Dachsel,  
 R. J. Doerksen,  A. D. Dutoi,  R. G. Edgar,  J. Fosso-Tande,  
 L. Fusti-Molnar,  D. Ghosh,  A. Ghysels,  A. Golubeva-Zadorozhnaya,  
 J. Gonthier,  M. S. Gordon,  S. R. Gwaltney,  G. Hawkins,  J. E. Herr,  
 A. Heyden,  S. Hirata,  E. G. Hohenstein,  G. Kedziora,  F. J. Keil,  
 C. Kelley,  Jihan Kim,  R. A. King,  R. Z. Khaliullin,  P. P. Korambath,  
 W. Kurlancheek,  A. Laurent,  A. M. Lee,  M. S. Lee,  S. V. Levchenko,  
 Ching Yeh Lin,  D. Liotard,  E. Livshits,  R. C. Lochan,  I. Lotan,  
 L. A. Martinez-Martinez,  P. E. Maslen,  N. Nair,  D. P. O'Neill,  
 D. Neuhauser,  E. Neuscamman,  C. M. Oana,  R. Olivares-Amaya,  R. Olson,  
 T. M. Perrine,  B. Peters,  P. A. Pieniazek,  A. Prociuk,  Y. M. Rhee,  
 J. Ritchie,  M. A. Rohrdanz,  E. Rosta,  N. J. Russ,  H. F. Schaefer III,  
 M. W. Schmidt,  N. E. Schultz,  S. Sharma,  N. Shenvi,  C. D. Sherrill,  
 A. C. Simmonett,  A. Sodt,  T. Stein,  D. Stuck,  K. S. Thanthiriwatte,  
 V. Vanovschi,  L. Vogt,  Tao Wang,  A. Warshel,  M. A. Watson,  
 C. F. Williams,  Q. Wu,  X. Xu,  Jun Yang,  W. Zhang,  Yan Zhao

   Please cite Q-Chem as follows:
  "Software for the frontiers of quantum chemistry:
   An overview of developments in the Q-Chem 5 package"
   J. Chem. Phys. 155, 084801 (2021)
   https://doi.org/10.1063/5.0055522 (open access)

 Q-Chem 6.0.2 for Intel X86 EM64T Linux

 Parts of Q-Chem use Armadillo 9.900.5 (Nocturnal Misbehaviour).
 http://arma.sourceforge.net/

 Q-Chem begins on Mon Jan  6 16:06:13 2025  

 Host: 
0

     Scratch files written to /expanse/lustre/scratch/whughes/temp_project/job_36180131/ca11-r2-neutral-wb97xd-M06-readSCF-36180131//
 Dec722 |scratch|qcdevops|jenkins|workspace|build_RNUM    
 Processing $rem in /cm/shared/apps/spack/0.17.3/cpu/b/opt/spack/linux-rocky8-zen2/gcc-10.2.0/qchem-6.0-rytxnwjazd34ekd2gqyi5ufsaimxsd3r/config/preferences:
 Processing $rem in /home/whughes/.qchemrc:

 Checking the input file for inconsistencies... 	...done.

--------------------------------------------------------------
User input:
--------------------------------------------------------------

$molecule
0 1
C    0.1444199955    -0.8129466449   0.6331348743
C    -0.8475777661   0.0597434566    0.6005745789
O    1.0423593369    -0.4925035456   -0.3546035353
O    -0.6072036409   0.9586833142    -0.4088420169
C    0.5676312682    0.6080594833    -0.9959288125
O    1.0847155052    1.1619048043    -1.903132734
H    0.3590410416    -1.6661648615   1.248946889
H    -1.7433857405   0.1832229936    1.1798507565
$end

$rem
METHOD      M06
BASIS       def2-QZVPP
SYM_IGNORE   TRUE
DFT_D       D4
SCF_GUESS   read
MAX_SCF_CYCLES 300
$end
--------------------------------------------------------------
 Adding empirical dispersion correction 
 ----------------------------------------------------------------
 Doing -D4(0) with M06 parameters:
 s6  =   1.00000
 s8  =   0.16367
 s10 =   0.00000
 s9 =   1.00000
 a1  =   0.53456
 a2  =   6.06192
 -D4 energy including 3body term = -0.0009676196 hartrees
 ----------------------------------------------------------------
             Standard Nuclear Orientation (Angstroms)
    I     Atom           X                Y                Z
 ----------------------------------------------------------------
    1      C       0.1444199955    -0.8129466449     0.6331348743
    2      C      -0.8475777661     0.0597434566     0.6005745789
    3      O       1.0423593369    -0.4925035456    -0.3546035353
    4      O      -0.6072036409     0.9586833142    -0.4088420169
    5      C       0.5676312682     0.6080594833    -0.9959288125
    6      O       1.0847155052     1.1619048043    -1.9031327340
    7      H       0.3590410416    -1.6661648615     1.2489468890
    8      H      -1.7433857405     0.1832229936     1.1798507565
 ----------------------------------------------------------------
 Nuclear Repulsion Energy =         230.82294762 hartrees
 There are       22 alpha and       22 beta electrons
 Requested basis set is def2-QZVPP
 There are 122 shells and 402 basis functions

 Total QAlloc Memory Limit   8000 MB
 Mega-Array Size       188 MB
 MEM_STATIC part       192 MB


                       Distance Matrix (Angstroms)
             C (  1)   C (  2)   O (  3)   O (  4)   C (  5)   O (  6)
   C (  2)  1.321631
   O (  3)  1.372810  2.188425
   O (  4)  2.188453  1.372878  2.197713
   C (  5)  2.202774  2.202791  1.359376  1.359355
   O (  6)  3.349156  3.349189  2.266452  2.266450  1.182007
   H (  7)  1.073903  2.203424  2.101375  3.251418  3.202354  4.296532
   H (  8)  2.203421  1.073909  3.251389  2.101474  3.202390  4.296599
             H (  7)
   H (  8)  2.800930
 
 A cutoff of  1.0D-09 yielded   6563 shell pairs
 There are     73519 function pairs (    114835 Cartesian)
 Smallest overlap matrix eigenvalue = 5.49E-05

 Scale SEOQF with 1.000000e-01/1.000000e-01/1.000000e-01

 Standard Electronic Orientation quadrupole field applied
 Nucleus-field energy     =    -0.0000000016 hartrees
 Guess MOs from SCF MO coefficient file

 -----------------------------------------------------------------------
  General SCF calculation program by
  Eric Jon Sundstrom, Paul Horn, Yuezhi Mao, Dmitri Zuev, Alec White,
  David Stuck, Shaama M.S., Shane Yost, Joonho Lee, David Small,
  Daniel Levine, Susi Lehtola, Hugh Burton, Evgeny Epifanovsky,
  Bang C. Huynh
 -----------------------------------------------------------------------
 Exchange:     0.2700 Hartree-Fock + 1.0000 M06
 Correlation:  1.0000 M06
 Using SG-3 standard quadrature grid
 Dispersion:   Grimme D4
 using 32 threads for integral computing
 -------------------------------------------------------
 OpenMP Integral computing Module                
 Release: version 1.0, May 2013, Q-Chem Inc. Pittsburgh 
 -------------------------------------------------------
 A restricted SCF calculation will be
 performed using DIIS
 SCF converges when DIIS error is below 1.0e-05
 ---------------------------------------
  Cycle       Energy         DIIS error
 ---------------------------------------
    1    -341.1473162511      2.47e-03  
    2    -341.1546500655      3.68e-04  
    3    -341.1538225025      4.12e-04  
    4    -341.1558117629      7.88e-05  
    5    -341.1558817712      1.38e-05  
    6    -341.1558835152      9.05e-06  Convergence criterion met
 ---------------------------------------
 SCF time:   CPU 778.90s  wall 25.00s 
 SCF   energy in the final basis set =     -341.1558835152
 Total energy in the final basis set =     -341.1558835152
 
 --------------------------------------------------------------
 
                    Orbital Energies (a.u.)
 --------------------------------------------------------------
 
 Alpha MOs
 -- Occupied --
-19.3069 -19.3069 -19.2133 -10.4302 -10.3286 -10.3275  -1.2237  -1.1104
 -1.0872  -0.8104  -0.6976  -0.6683  -0.5776  -0.5526  -0.5221  -0.4754
 -0.4511  -0.4296  -0.4281  -0.4031  -0.3358  -0.2775
 -- Virtual --
 -0.0094   0.0008   0.0140   0.0277   0.0313   0.0701   0.0822   0.0861
  0.1316   0.1324   0.1335   0.1446   0.1611   0.2079   0.2099   0.2294
  0.2413   0.2465   0.2796   0.2853   0.3362   0.3401   0.3446   0.3461
  0.3568   0.3707   0.3801   0.3907   0.4242   0.4385   0.4421   0.4667
  0.5307   0.5405   0.5414   0.5512   0.5694   0.6083   0.6223   0.6341
  0.6801   0.6846   0.6894   0.6907   0.7397   0.7437   0.7712   0.7716
  0.7726   0.7955   0.8113   0.8171   0.8279   0.8592   0.8774   0.9362
  0.9506   0.9668   0.9722   0.9764   1.0379   1.0702   1.0752   1.1294
  1.1716   1.1949   1.2117   1.2563   1.2967   1.3091   1.3366   1.3814
  1.3826   1.3883   1.4162   1.4442   1.4659   1.4745   1.5114   1.5283
  1.5294   1.5460   1.5748   1.6009   1.6074   1.6772   1.7058   1.7196
  1.7388   1.7662   1.7970   1.8027   1.8035   1.8466   1.8808   1.9021
  1.9102   1.9647   1.9651   1.9762   1.9881   2.0028   2.0375   2.0636
  2.0949   2.1354   2.1396   2.1522   2.1617   2.1703   2.1905   2.2472
  2.2632   2.2660   2.2775   2.2787   2.2788   2.3210   2.3365   2.3400
  2.4346   2.4572   2.4690   2.4807   2.5146   2.5183   2.5806   2.6387
  2.6678   2.7026   2.7035   2.7354   2.7785   2.8230   2.8270   2.8333
  2.9054   2.9094   3.0222   3.1004   3.1311   3.1956   3.2211   3.2411
  3.2597   3.2827   3.3096   3.3615   3.3891   3.4119   3.4417   3.4579
  3.4673   3.5075   3.6588   3.6712   3.7259   3.7411   3.7673   3.7721
  3.8343   3.8515   3.8545   3.9171   3.9414   3.9561   4.0240   4.0661
  4.1039   4.1335   4.1946   4.2146   4.2153   4.2224   4.2776   4.3038
  4.3710   4.4320   4.4359   4.4415   4.4500   4.4559   4.5145   4.5216
  4.5611   4.5765   4.6965   4.7102   4.7503   4.7852   4.7931   4.8346
  4.8574   4.8649   4.9114   4.9777   5.0150   5.0212   5.1065   5.1203
  5.1409   5.1760   5.2267   5.2423   5.2577   5.3528   5.3554   5.4149
  5.4276   5.4330   5.4902   5.4953   5.4964   5.5578   5.6030   5.6464
  5.6596   5.6928   5.7174   5.7405   5.7790   5.8027   5.8316   5.8738
  5.8757   5.8785   5.9243   5.9256   5.9645   5.9689   6.0500   6.0553
  6.0946   6.1173   6.1493   6.1569   6.1982   6.2027   6.2227   6.2517
  6.3530   6.3567   6.3674   6.4211   6.4819   6.5622   6.5911   6.6070
  6.6516   6.6678   6.6986   6.7136   6.7357   6.7876   6.8656   6.9197
  6.9830   7.0366   7.0910   7.1001   7.1756   7.3323   7.3428   7.3491
  7.4366   7.4785   7.4848   7.5034   7.6090   7.6397   7.7064   7.7528
  7.7744   7.8609   7.9348   8.0233   8.0785   8.1217   8.1501   8.1905
  8.2183   8.3105   8.3169   8.4490   8.4870   8.5211   8.5431   8.5511
  8.7144   8.8291   8.8684   8.9131   8.9150   9.0471   9.0760   9.0928
  9.1153   9.1183   9.1727   9.2250   9.3740   9.3907   9.4742   9.5872
  9.6090   9.6358   9.6921   9.7148   9.7521   9.7609   9.7801   9.8640
  9.8672   9.9251  10.0405  10.0929  10.1747  10.2223  10.2437  10.3414
 10.4567  10.4576  10.7084  10.8094  11.0453  11.0819  11.1185  11.1470
 11.3673  11.4044  11.5244  11.5329  11.5527  11.5936  11.6195  11.7088
 11.7306  11.7665  11.8358  11.9260  11.9343  11.9620  12.0102  12.1131
 12.2150  12.2414  12.2788  12.3482  12.3896  12.4540  12.4676  12.5761
 12.5901  12.6243  12.6902  12.6942  12.6994  12.9046  13.3176  13.3317
 13.3859  13.7350  13.8405  13.9723  14.0924  14.4669  14.6487  14.7021
 28.2733  28.6010  29.3706  48.2773  48.3623  48.3711 146.7970 147.1747
147.9718 252.7248 252.8263 252.8269
 --------------------------------------------------------------
 
          Ground-State Mulliken Net Atomic Charges

     Atom                 Charge (a.u.)
  ----------------------------------------
      1 C                     0.045693
      2 C                     0.030092
      3 O                    -0.366064
      4 O                    -0.365928
      5 C                     0.566183
      6 O                    -0.334655
      7 H                     0.205282
      8 H                     0.219397
  ----------------------------------------
  Sum of atomic charges =     0.000000

 -----------------------------------------------------------------
                    Cartesian Multipole Moments
 -----------------------------------------------------------------
    Charge (ESU x 10^10)
                -0.0000
    Dipole Moment (Debye)
         X      -1.9774      Y      -2.1196      Z       3.4751
       Tot       4.5254
    Quadrupole Moments (Debye-Ang)
        XX     -33.5393     XY      -1.3526     YY     -33.7483
        XZ       1.8810     YZ       1.9988     ZZ     -35.9822
    Octopole Moments (Debye-Ang^2)
       XXX     -26.7554    XXY      -7.3821    XYY      -6.1762
       YYY     -27.3434    XXZ      19.1335    XYZ       1.9690
       YYZ      19.2637    XZZ     -14.6816    YZZ     -16.2901
       ZZZ      45.1793
    Hexadecapole Moments (Debye-Ang^3)
      XXXX    -155.9404   XXXY      -7.3284   XXYY     -55.2254
      XYYY      -8.2893   YYYY    -151.8687   XXXZ      53.6276
      XXYZ      24.9665   XYYZ      23.8892   YYYZ      60.9848
      XXZZ     -67.9659   XYZZ     -10.3721   YYZZ     -68.1041
      XZZZ      65.5441   YZZZ      71.8581   ZZZZ    -243.9267
 -----------------------------------------------------------------
 Total job time:  25.38s(wall), 793.85s(cpu) 
 Mon Jan  6 16:06:38 2025

        *************************************************************
        *                                                           *
        *  Thank you very much for using Q-Chem.  Have a nice day.  *
        *                                                           *
        *************************************************************


