
Running Job 1 of 1 s6-ts1-triplet-c4-M06.in
qchem s6-ts1-triplet-c4-M06.in_3686208.0 /expanse/lustre/scratch/whughes/temp_project/job_32713896/s6-ts1-triplet-c4-M06-32713896/ 0
/cm/shared/apps/spack/0.17.3/cpu/b/opt/spack/linux-rocky8-zen2/gcc-10.2.0/qchem-6.0-rytxnwjazd34ekd2gqyi5ufsaimxsd3r/exe/qcprog.exe_s s6-ts1-triplet-c4-M06.in_3686208.0 /expanse/lustre/scratch/whughes/temp_project/job_32713896/s6-ts1-triplet-c4-M06-32713896/
                  Welcome to Q-Chem
     A Quantum Leap Into The Future Of Chemistry


 Q-Chem 6.0, Q-Chem, Inc., Pleasanton, CA (2022)

 License issued to: University of California, San Diego (site)

 E. Epifanovsky,  A. T. B. Gilbert,  Xintian Feng,  Joonho Lee,  Yuezhi Mao,  
 N. Mardirossian,  P. Pokhilko,  A. White,  M. Wormit,  M. P. Coons,  
 A. L. Dempwolff,  Zhengting Gan,  D. Hait,  P. R. Horn,  L. D. Jacobson,  
 I. Kaliman,  J. Kussmann,  A. W. Lange,  Ka Un Lao,  D. S. Levine,  Jie Liu,  
 S. C. McKenzie,  A. F. Morrison,  K. Nanda,  F. Plasser,  D. R. Rehn,  
 M. L. Vidal,  Zhi-Qiang You,  Ying Zhu,  B. Alam,  B. Albrecht,  
 A. Aldossary,  E. Alguire,  J. H. Andersen,  V. Athavale,  D. Barton,  
 K. Begam,  A. Behn,  N. Bellonzi,  Y. A. Bernard,  E. J. Berquist,  
 H. Burton,  A. Carreras,  K. Carter-Fenk,  Romit Chakraborty,  
 Chandrima Chakravarty,  Junhan Chen,  A. D. Chien,  K. D. Closser,  
 V. Cofer-Shabica,  L. Cunha,  S. Dasgupta,  Jia Deng,  M. de Wergifosse,  
 M. Diedenhofen,  Hainam Do,  S. Ehlert,  Po-Tung Fang,  S. Fatehi,  
 Qingguo Feng,  T. Friedhoff,  B. Ganoe,  J. Gayvert,  Qinghui Ge,  
 G. Gidofalvi,  M. Goldey,  J. Gomes,  C. Gonzalez-Espinoza,  S. Gulania,  
 A. Gunina,  J. A. Gyamfi,  M. W. D. Hanson-Heine,  P. H. P. Harbach,  
 A. W. Hauser,  M. F. Herbst,  M. Hernandez Vera,  M. Hodecker,  
 Z. C. Holden,  S. Houck,  Xunkun Huang,  Kerwin Hui,  B. C. Huynh,  
 K. Ikeda,  M. Ivanov,  Hyunjun Ji,  Zuxin Jin,  Hanjie Jiang,  B. Kaduk,  
 S. Kaehler,  R. Kang,  K. Khistyaev,  Jaehoon Kim,  Yongbin Kim,  
 P. Klunzinger,  Z. Koczor-Benda,  Joong Hoon Koh,  D. Kosenkov,  
 Saikiran Kotaru,  L. Koulias,  T. Kowalczyk,  C. M. Krauter,  K. Kue,  
 A. Kunitsa,  T. Kus,  A. Landau,  K. V. Lawler,  D. Lefrancois,  S. Lehtola,  
 Rain Li,  Shaozhi Li,  Yi-Pei Li,  Jiashu Liang,  M. Liebenthal,  
 Hung-Hsuan Lin,  You-Sheng Lin,  Fenglai Liu,  Kuan-Yu Liu,  
 M. Loipersberger,  A. Luenser,  C. Malbon,  A. Manjanath,  P. Manohar,  
 E. Mansoor,  S. F. Manzer,  Shan-Ping Mao,  A. V. Marenich,  T. Markovich,  
 S. Mason,  F. Matz,  S. A. Maurer,  P. F. McLaughlin,  M. F. S. J. Menger,  
 J.-M. Mewes,  S. A. Mewes,  P. Morgante,  Mohammad Mostafanejad,  
 J. W. Mullinax,  K. J. Oosterbaan,  G. Paran,  V. Parravicini,  
 Alexander C. Paul,  Suranjan K. Paul,  F. Pavosevic,  Zheng Pei,  S. Prager,  
 E. I. Proynov,  E. Ramos,  B. Rana,  A. E. Rask,  A. Rettig,  R. M. Richard,  
 F. Rob,  E. Rossomme,  T. Scheele,  M. Scheurer,  M. Schneider,  
 P. E. Schneider,  N. Sergueev,  S. M. Sharada,  Hengyuan Shen,  
 W. Skomorowski,  D. W. Small,  C. J. Stein,  Yingli Su,  Yu-Chuan Su,  
 E. J. Sundstrom,  Zhen Tao,  J. Thirman,  Hung-Yi Tsai,  T. Tsuchimochi,  
 N. M. Tubman,  C. Utku,  S. P. Veccham,  O. Vydrov,  J. Wenzel,  
 Jonathan Wong,  J. Witte,  A. Yamada,  Chou-Hsun Yang,  Kun Yao,  
 S. Yeganeh,  S. R. Yost,  A. Zech,  F. Zeller,  Igor Ying Zhang,  
 Xing Zhang,  Yu Zhang,  D. Zuev,  A. Aspuru-Guzik,  A. T. Bell,  
 N. A. Besley,  K. B. Bravaya,  B. R. Brooks,  D. Casanova,  Jeng-Da Chai,  
 Hsing-Ta Chen,  S. Coriani,  C. J. Cramer,  A. E. DePrince, III,  
 R. A. DiStasio Jr.,  A. Dreuw,  B. D. Dunietz,  T. R. Furlani,  
 W. A. Goddard III,  S. Grimme,  S. Hammes-Schiffer,  T. Head-Gordon,  
 W. J. Hehre,  Chao-Ping Hsu,  T.-C. Jagau,  Yousung Jung,  A. Klamt,  
 Jing Kong,  D. S. Lambrecht,  Xiangyuan Li,  WanZhen Liang,  N. J. Mayhall,  
 C. W. McCurdy,  J. B. Neaton,  T. Neudecker,  C. Ochsenfeld,  
 J. A. Parkhill,  R. Peverati,  V. A. Rassolov,  Haisheng Ren,  Yihan Shao,  
 L. V. Slipchenko,  R. P. Steele,  J. E. Subotnik,  A. J. W. Thom,  
 A. Tkatchenko,  D. G. Truhlar,  T. Van Voorhis,  Fan Wang,  
 T. A. Wesolowski,  K. B. Whaley,  H. L. Woodcock III,  P. M. Zimmerman,  
 S. Faraji,  P. M. W. Gill,  M. Head-Gordon,  J. M. Herbert,  A. I. Krylov

 Contributors to earlier versions of Q-Chem not listed above: 
 R. D. Adamson,  B. Austin,  R. Baer,  J. Baker,  G. J. O. Beran,  
 K. Brandhorst,  S. T. Brown,  E. F. C. Byrd,  Arup K. Chakraborty,  
 G. K. L. Chan,  Chun-Min Chang,  Yunqing Chen,  C.-L. Cheng,  
 Siu Hung Chien,  D. M. Chipman,  D. L. Crittenden,  H. Dachsel,  
 R. J. Doerksen,  A. D. Dutoi,  R. G. Edgar,  J. Fosso-Tande,  
 L. Fusti-Molnar,  D. Ghosh,  A. Ghysels,  A. Golubeva-Zadorozhnaya,  
 J. Gonthier,  M. S. Gordon,  S. R. Gwaltney,  G. Hawkins,  J. E. Herr,  
 A. Heyden,  S. Hirata,  E. G. Hohenstein,  G. Kedziora,  F. J. Keil,  
 C. Kelley,  Jihan Kim,  R. A. King,  R. Z. Khaliullin,  P. P. Korambath,  
 W. Kurlancheek,  A. Laurent,  A. M. Lee,  M. S. Lee,  S. V. Levchenko,  
 Ching Yeh Lin,  D. Liotard,  E. Livshits,  R. C. Lochan,  I. Lotan,  
 L. A. Martinez-Martinez,  P. E. Maslen,  N. Nair,  D. P. O'Neill,  
 D. Neuhauser,  E. Neuscamman,  C. M. Oana,  R. Olivares-Amaya,  R. Olson,  
 T. M. Perrine,  B. Peters,  P. A. Pieniazek,  A. Prociuk,  Y. M. Rhee,  
 J. Ritchie,  M. A. Rohrdanz,  E. Rosta,  N. J. Russ,  H. F. Schaefer III,  
 M. W. Schmidt,  N. E. Schultz,  S. Sharma,  N. Shenvi,  C. D. Sherrill,  
 A. C. Simmonett,  A. Sodt,  T. Stein,  D. Stuck,  K. S. Thanthiriwatte,  
 V. Vanovschi,  L. Vogt,  Tao Wang,  A. Warshel,  M. A. Watson,  
 C. F. Williams,  Q. Wu,  X. Xu,  Jun Yang,  W. Zhang,  Yan Zhao

   Please cite Q-Chem as follows:
  "Software for the frontiers of quantum chemistry:
   An overview of developments in the Q-Chem 5 package"
   J. Chem. Phys. 155, 084801 (2021)
   https://doi.org/10.1063/5.0055522 (open access)

 Q-Chem 6.0.2 for Intel X86 EM64T Linux

 Parts of Q-Chem use Armadillo 9.900.5 (Nocturnal Misbehaviour).
 http://arma.sourceforge.net/

 Q-Chem begins on Fri Aug  2 09:31:32 2024  

 Host: 
0

     Scratch files written to /expanse/lustre/scratch/whughes/temp_project/job_32713896/s6-ts1-triplet-c4-M06-32713896//
 Dec722 |scratch|qcdevops|jenkins|workspace|build_RNUM    
 Processing $rem in /cm/shared/apps/spack/0.17.3/cpu/b/opt/spack/linux-rocky8-zen2/gcc-10.2.0/qchem-6.0-rytxnwjazd34ekd2gqyi5ufsaimxsd3r/config/preferences:
 Processing $rem in /home/whughes/.qchemrc:

 Checking the input file for inconsistencies... 	...done.

--------------------------------------------------------------
User input:
--------------------------------------------------------------
$molecule
0 3
C    -0.7414238648   0.3471915888    -0.0826929371
C    0.5297707683    -0.3855666911   0.0406881119
C    1.3135207568    -0.6380563771   -1.0620905526
C    -1.6929779899   0.3298907888    0.843888679
S    1.5726875501    1.3865839297    1.0213215819
H    -0.8747332279   0.9216522625    -0.9938507079
H    0.6159909961    -1.0456311888   0.8953706665
H    1.1579970124    -0.0978119717   -1.9872085248
H    2.1594155905    -1.3086591717   -1.0042719722
H    -2.6185335739   0.8737566083    0.710389391
H    -1.5715043177   -0.2264314377   1.7663057643
$end

$rem
METHOD      M06
BASIS       def2-QZVPP
SYM_IGNORE   TRUE
DFT_D       D4
MAX_SCF_CYCLES 300
$end

$end
--------------------------------------------------------------
 Adding empirical dispersion correction 
 ----------------------------------------------------------------
 Doing -D4(0) with M06 parameters:
 s6  =   1.00000
 s8  =   0.16367
 s10 =   0.00000
 s9 =   1.00000
 a1  =   0.53456
 a2  =   6.06192
 -D4 energy including 3body term = -0.0015135903 hartrees
 ----------------------------------------------------------------
             Standard Nuclear Orientation (Angstroms)
    I     Atom           X                Y                Z
 ----------------------------------------------------------------
    1      C      -0.7414238648     0.3471915888    -0.0826929371
    2      C       0.5297707683    -0.3855666911     0.0406881119
    3      C       1.3135207568    -0.6380563771    -1.0620905526
    4      C      -1.6929779899     0.3298907888     0.8438886790
    5      S       1.5726875501     1.3865839297     1.0213215819
    6      H      -0.8747332279     0.9216522625    -0.9938507079
    7      H       0.6159909961    -1.0456311888     0.8953706665
    8      H       1.1579970124    -0.0978119717    -1.9872085248
    9      H       2.1594155905    -1.3086591717    -1.0042719722
   10      H      -2.6185335739     0.8737566083     0.7103893910
   11      H      -1.5715043177    -0.2264314377     1.7663057643
 ----------------------------------------------------------------
 Nuclear Repulsion Energy =         191.37823557 hartrees
 There are       24 alpha and       22 beta electrons
 Requested basis set is def2-QZVPP
 There are 150 shells and 478 basis functions

 Total QAlloc Memory Limit   8000 MB
 Mega-Array Size       188 MB
 MEM_STATIC part       192 MB


                       Distance Matrix (Angstroms)
             C (  1)   C (  2)   C (  3)   C (  4)   S (  5)   H (  6)
   C (  2)  1.472445
   C (  3)  2.480470  1.376276
   C (  4)  1.328273  2.469336  3.688999
   S (  5)  2.766640  2.278121  2.916666  3.436954
   H (  6)  1.085350  2.179845  2.688085  2.096901  3.204208
   H (  7)  2.176956  1.083329  2.117621  2.688131  2.616640  3.108315
   H (  8)  2.726354  2.142390  1.082541  4.040557  3.380333  2.481544
   H (  9)  3.464970  2.144711  1.081013  4.576186  3.422224  3.765695
   H ( 10)  2.104707  3.456330  4.570374  1.081788  4.233911  2.438764
   H ( 11)  2.106389  2.723681  4.061112  1.084022  3.611476  3.069536
             H (  7)   H (  8)   H (  9)   H ( 10)
   H (  8)  3.082433
   H (  9)  2.461704  1.853417
   H ( 10)  3.765689  4.741641  5.525559
   H ( 11)  2.492940  4.642800  4.771486  1.849768
 
 A cutoff of  1.0D-09 yielded   9470 shell pairs
 There are     97650 function pairs (    146186 Cartesian)
 Smallest overlap matrix eigenvalue = 4.21E-05

 Scale SEOQF with 1.000000e-01/1.000000e-01/1.000000e-01

 Standard Electronic Orientation quadrupole field applied
 Nucleus-field energy     =     0.0000000019 hartrees
 Guess from superposition of atomic densities
 Warning:  Energy on first SCF cycle will be non-variational
 SAD guess density has 46.000000 electrons

 -----------------------------------------------------------------------
  General SCF calculation program by
  Eric Jon Sundstrom, Paul Horn, Yuezhi Mao, Dmitri Zuev, Alec White,
  David Stuck, Shaama M.S., Shane Yost, Joonho Lee, David Small,
  Daniel Levine, Susi Lehtola, Hugh Burton, Evgeny Epifanovsky,
  Bang C. Huynh
 -----------------------------------------------------------------------
 Exchange:     0.2700 Hartree-Fock + 1.0000 M06
 Correlation:  1.0000 M06
 Using SG-3 standard quadrature grid
 Dispersion:   Grimme D4
 using 32 threads for integral computing
 -------------------------------------------------------
 OpenMP Integral computing Module                
 Release: version 1.0, May 2013, Q-Chem Inc. Pittsburgh 
 -------------------------------------------------------
 A unrestricted SCF calculation will be
 performed using DIIS
 SCF converges when DIIS error is below 1.0e-05
 ---------------------------------------
  Cycle       Energy         DIIS error
 ---------------------------------------
    1    -554.6577791857      7.53e-03  
    2    -553.9267916719      9.12e-04  
    3    -553.8301808323      1.22e-03  
    4    -554.0171221010      2.72e-04  
    5    -554.0282334665      8.65e-05  
    6    -554.0291977648      3.90e-05  
    7    -554.0294082607      2.32e-05  
    8    -554.0295105087      8.13e-06  Convergence criterion met
 ---------------------------------------
 SCF time:   CPU 1972.12s  wall 64.00s 
<S^2> =          2.031922383
 SCF   energy in the final basis set =     -554.0295105087
 Total energy in the final basis set =     -554.0295105087
 
 --------------------------------------------------------------
 
                    Orbital Energies (a.u.)
 --------------------------------------------------------------
 
 Alpha MOs
 -- Occupied --
-89.0347 -10.2907 -10.2670 -10.2652 -10.2562  -8.0553  -5.9771  -5.9733
 -5.9611  -0.8464  -0.7707  -0.6975  -0.6376  -0.5847  -0.4987  -0.4966
 -0.4270  -0.4199  -0.3919  -0.3781  -0.3143  -0.2716  -0.2626  -0.2312
 -- Virtual --
 -0.0442   0.0110   0.0132   0.0181   0.0324   0.0544   0.0596   0.0798
  0.0866   0.0959   0.1313   0.1370   0.1544   0.1644   0.1682   0.1725
  0.1807   0.1921   0.1953   0.2106   0.2177   0.2231   0.2404   0.2572
  0.2665   0.2765   0.2885   0.2913   0.3043   0.3158   0.3291   0.3312
  0.3544   0.3627   0.3685   0.3782   0.4032   0.4085   0.4238   0.4458
  0.4617   0.4785   0.4919   0.4989   0.5375   0.5631   0.5739   0.5896
  0.6176   0.6212   0.6445   0.6626   0.6799   0.6867   0.6907   0.7076
  0.7201   0.7307   0.7333   0.7514   0.7541   0.7689   0.7814   0.7874
  0.8053   0.8210   0.8272   0.8379   0.8469   0.8578   0.8638   0.8764
  0.8867   0.8968   0.9204   0.9331   0.9485   0.9555   0.9662   0.9759
  0.9822   0.9927   1.0158   1.0345   1.0490   1.0515   1.0646   1.0735
  1.0949   1.1023   1.1275   1.1361   1.1476   1.1531   1.1922   1.2074
  1.2131   1.2197   1.2515   1.2820   1.2997   1.3141   1.3273   1.3653
  1.3922   1.4526   1.4791   1.4939   1.5081   1.5344   1.5559   1.5916
  1.6146   1.6805   1.6893   1.7091   1.7311   1.7455   1.7720   1.7947
  1.8104   1.8212   1.8305   1.8417   1.8676   1.8765   1.8971   1.9120
  1.9295   1.9430   1.9513   1.9605   1.9643   1.9761   2.0129   2.0208
  2.0321   2.0481   2.0555   2.0588   2.0968   2.1192   2.1353   2.1492
  2.1664   2.1774   2.2239   2.2368   2.2539   2.2643   2.2899   2.3000
  2.3229   2.3341   2.3605   2.3661   2.3935   2.4115   2.4216   2.4534
  2.4547   2.4603   2.4733   2.4849   2.4929   2.5143   2.5289   2.5436
  2.5568   2.5873   2.5948   2.6026   2.6207   2.6261   2.6375   2.6556
  2.6623   2.6743   2.6950   2.7148   2.7413   2.7446   2.7692   2.7786
  2.8254   2.8312   2.8431   2.8718   2.8819   2.8984   2.9375   2.9418
  2.9557   2.9665   2.9885   3.0134   3.0444   3.0798   3.0846   3.1247
  3.1399   3.1496   3.1748   3.1876   3.1982   3.2066   3.2356   3.2450
  3.2784   3.2940   3.3022   3.3125   3.3425   3.3440   3.3581   3.3833
  3.3881   3.4072   3.4471   3.4730   3.4849   3.4863   3.5174   3.5494
  3.5729   3.5963   3.6185   3.6376   3.6628   3.6932   3.7122   3.7364
  3.7897   3.8008   3.8543   3.9046   3.9311   3.9488   3.9711   3.9879
  4.0197   4.0756   4.1886   4.2446   4.2985   4.3376   4.3671   4.6369
  4.7680   4.8006   4.8567   4.8702   4.9008   4.9218   4.9582   4.9889
  5.0651   5.1025   5.1289   5.1417   5.1766   5.1867   5.2503   5.2876
  5.3461   5.3659   5.3777   5.3967   5.4489   5.4544   5.4867   5.5095
  5.5236   5.5321   5.5502   5.5675   5.5868   5.6188   5.6523   5.6686
  5.6802   5.7448   5.7621   5.7722   5.8129   5.8435   5.8661   5.8806
  5.8960   5.9226   5.9444   5.9535   5.9909   6.0074   6.0291   6.0371
  6.0868   6.0890   6.0966   6.1144   6.1268   6.1325   6.1515   6.1807
  6.2104   6.2232   6.2407   6.2498   6.2861   6.3017   6.3246   6.3388
  6.3557   6.3864   6.4158   6.4463   6.4568   6.4729   6.5265   6.5374
  6.6225   6.6325   6.6464   6.6783   6.7111   6.7370   6.7495   6.7882
  6.8029   6.8343   6.8545   6.8670   6.9389   6.9786   6.9924   7.0315
  7.0835   7.1049   7.1110   7.1630   7.1985   7.2237   7.2568   7.2881
  7.3031   7.3376   7.3505   7.3599   7.3937   7.4133   7.4294   7.4519
  7.4773   7.4944   7.5311   7.5467   7.5861   7.5974   7.6333   7.6689
  7.6966   7.7084   7.7704   7.8494   7.8677   7.8923   7.9257   7.9616
  7.9775   7.9992   8.0442   8.0509   8.1016   8.1432   8.1602   8.1840
  8.1899   8.2079   8.2108   8.2313   8.2417   8.2502   8.2747   8.2806
  8.3055   8.3229   8.3457   8.3563   8.3935   8.3988   8.4339   8.4572
  8.4811   8.5045   8.5251   8.5671   8.5898   8.6041   8.7047   8.7084
  8.7304   8.7593   8.7964   8.8506   8.8817   8.8882   8.9761   9.0157
  9.1105   9.1366   9.1504   9.1919   9.3095   9.4180   9.4687   9.5210
  9.5493   9.5974   9.6710   9.6934   9.7064   9.7471   9.7984   9.8596
  9.9061   9.9291   9.9843  10.0246  10.2003  10.4361  10.5951  10.5994
 10.8869  11.1292  11.4611  11.5397  12.4156  12.5906  12.7056  12.7292
 24.3615  28.3893  28.5175  28.8519  28.8616  29.0667  29.0896  29.2908
 83.9648 146.9922 147.1137 147.6492 147.8912 450.0148
 
 Beta MOs
 -- Occupied --
-89.0273 -10.2918 -10.2667 -10.2589 -10.2554  -8.0467  -5.9600  -5.9586
 -5.9542  -0.8426  -0.7616  -0.6401  -0.6136  -0.5806  -0.4952  -0.4922
 -0.4247  -0.4153  -0.3788  -0.3653  -0.2755  -0.2311
 -- Virtual --
 -0.1325  -0.1025  -0.0252   0.0117   0.0145   0.0202   0.0350   0.0552
  0.0603   0.0800   0.0892   0.1049   0.1350   0.1433   0.1599   0.1670
  0.1737   0.1803   0.1922   0.2003   0.2080   0.2155   0.2213   0.2309
  0.2453   0.2609   0.2701   0.2772   0.2959   0.2990   0.3074   0.3205
  0.3345   0.3410   0.3582   0.3678   0.3804   0.3888   0.4076   0.4157
  0.4295   0.4503   0.4621   0.4816   0.5022   0.5172   0.5424   0.5666
  0.5759   0.5923   0.6186   0.6255   0.6454   0.6693   0.6803   0.6891
  0.6954   0.7136   0.7203   0.7334   0.7377   0.7542   0.7580   0.7703
  0.7835   0.7868   0.8043   0.8207   0.8281   0.8389   0.8479   0.8585
  0.8653   0.8778   0.8880   0.9089   0.9308   0.9453   0.9499   0.9606
  0.9725   0.9808   0.9937   1.0087   1.0176   1.0403   1.0534   1.0582
  1.0721   1.0786   1.1000   1.1058   1.1338   1.1399   1.1505   1.1574
  1.1944   1.2075   1.2135   1.2247   1.2507   1.2850   1.3064   1.3152
  1.3374   1.3672   1.3877   1.4521   1.4870   1.4979   1.5100   1.5333
  1.5562   1.5914   1.6173   1.6865   1.6942   1.7209   1.7352   1.7476
  1.7752   1.7950   1.8140   1.8208   1.8289   1.8466   1.8692   1.8801
  1.8988   1.9137   1.9284   1.9445   1.9519   1.9643   1.9674   1.9763
  2.0161   2.0220   2.0328   2.0520   2.0549   2.0625   2.1034   2.1192
  2.1373   2.1510   2.1675   2.1817   2.2262   2.2395   2.2560   2.2689
  2.2892   2.3019   2.3255   2.3431   2.3640   2.3667   2.3924   2.4133
  2.4242   2.4531   2.4575   2.4604   2.4759   2.4836   2.4955   2.5160
  2.5301   2.5450   2.5586   2.5902   2.6039   2.6103   2.6283   2.6337
  2.6508   2.6672   2.6737   2.7055   2.7147   2.7229   2.7464   2.7520
  2.7777   2.7963   2.8382   2.8491   2.8545   2.8848   2.9230   2.9273
  2.9437   2.9822   2.9864   3.0031   3.0233   3.0433   3.0902   3.1033
  3.1296   3.1526   3.1563   3.1799   3.1859   3.2159   3.2263   3.2465
  3.2594   3.2755   3.2965   3.3092   3.3321   3.3486   3.3623   3.3716
  3.3861   3.3950   3.4026   3.4246   3.4780   3.4834   3.4957   3.5082
  3.5420   3.5604   3.5878   3.6034   3.6363   3.6655   3.6801   3.6945
  3.7236   3.7381   3.7988   3.8040   3.8611   3.9056   3.9381   3.9574
  3.9873   3.9966   4.0440   4.0722   4.1951   4.2569   4.3136   4.3390
  4.3714   4.6386   4.7749   4.8010   4.8641   4.8780   4.9160   4.9319
  4.9729   5.0033   5.0750   5.1075   5.1435   5.1502   5.1851   5.1956
  5.2338   5.2912   5.3457   5.3603   5.3699   5.3919   5.4216   5.4287
  5.4583   5.4883   5.5239   5.5309   5.5523   5.5559   5.5757   5.6127
  5.6303   5.6707   5.6890   5.7474   5.7501   5.7812   5.8111   5.8213
  5.8607   5.8732   5.8887   5.9255   5.9396   5.9530   5.9949   6.0023
  6.0318   6.0432   6.0760   6.0835   6.0875   6.1117   6.1300   6.1347
  6.1501   6.1857   6.2121   6.2234   6.2437   6.2476   6.2864   6.3011
  6.3219   6.3269   6.3598   6.3780   6.3993   6.4383   6.4634   6.4749
  6.5357   6.5445   6.6247   6.6319   6.6598   6.6913   6.7106   6.7380
  6.7620   6.7955   6.8109   6.8377   6.8541   6.8765   6.9310   6.9755
  6.9899   7.0371   7.0868   7.1037   7.1337   7.1642   7.2052   7.2295
  7.2574   7.2819   7.3028   7.3303   7.3379   7.3635   7.3877   7.4075
  7.4240   7.4465   7.4784   7.4914   7.5300   7.5444   7.5837   7.5915
  7.6311   7.6712   7.6969   7.7099   7.7696   7.8518   7.8688   7.8968
  7.9289   7.9576   7.9770   8.0021   8.0428   8.0484   8.1019   8.1353
  8.1562   8.1780   8.1863   8.1998   8.2055   8.2219   8.2331   8.2453
  8.2625   8.2763   8.2908   8.3184   8.3403   8.3508   8.3851   8.3961
  8.4234   8.4699   8.4812   8.4951   8.5219   8.5626   8.5814   8.6079
  8.7151   8.7334   8.7594   8.7723   8.8019   8.8491   8.9038   8.9218
  8.9481   8.9989   9.0521   9.1108   9.1240   9.2003   9.2481   9.2901
  9.3830   9.4718   9.5130   9.5962   9.6603   9.6683   9.7001   9.7299
  9.7783   9.8455   9.9014   9.9061   9.9474   9.9813  10.2531  10.4369
 10.5192  10.5907  10.8720  11.1337  11.4079  11.4630  12.4294  12.5638
 12.6078  12.7112  24.3873  28.3899  28.5144  28.8588  28.8827  29.0561
 29.1057  29.2893  83.9908 146.9914 147.1126 147.6461 147.8903 450.0403
 --------------------------------------------------------------
 
          Ground-State Mulliken Net Atomic Charges

     Atom                 Charge (a.u.)    Spin (a.u.)
  --------------------------------------------------------
      1 C                    -0.270751      -0.013913
      2 C                    -0.413217      -0.150098
      3 C                     0.113273       0.558012
      4 C                     0.181321       0.064284
      5 S                    -0.137963       1.535110
      6 H                     0.097873       0.008134
      7 H                     0.179155      -0.001781
      8 H                     0.035549      -0.004751
      9 H                     0.119452       0.004561
     10 H                     0.094013      -0.000990
     11 H                     0.001293       0.001431
  --------------------------------------------------------
  Sum of atomic charges =     0.000000
  Sum of spin   charges =     2.000000

 -----------------------------------------------------------------
                    Cartesian Multipole Moments
 -----------------------------------------------------------------
    Charge (ESU x 10^10)
                -0.0000
    Dipole Moment (Debye)
         X      -1.1759      Y      -1.5220      Z      -0.9150
       Tot       2.1299
    Quadrupole Moments (Debye-Ang)
        XX     -37.6245     XY      -4.7244     YY     -41.0561
        XZ      -2.5354     YZ      -2.1263     ZZ     -38.3797
    Octopole Moments (Debye-Ang^2)
       XXX     -53.9906    XXY     -19.2652    XYY     -19.9730
       YYY     -53.2985    XXZ     -11.3937    XYZ       0.7316
       YYZ     -11.4233    XZZ     -19.5962    YZZ     -17.8832
       ZZZ     -40.9690
    Hexadecapole Moments (Debye-Ang^3)
      XXXX    -465.5802   XXXY     -65.2236   XXYY    -123.2489
      XYYY     -55.3513   YYYY    -257.4583   XXXZ      -8.7293
      XXYZ     -19.9326   XYYZ       0.0300   YYYZ     -71.9591
      XXZZ    -118.0315   XYZZ     -16.2334   YYZZ     -80.9790
      XZZZ     -14.9279   YZZZ     -79.8436   ZZZZ    -236.8315
 -----------------------------------------------------------------
 Total job time:  65.99s(wall), 1996.77s(cpu) 
 Fri Aug  2 09:32:38 2024

        *************************************************************
        *                                                           *
        *  Thank you very much for using Q-Chem.  Have a nice day.  *
        *                                                           *
        *************************************************************


