
Running Job 1 of 1 cyc3-trip-p1-wb97xd-M06.in
qchem cyc3-trip-p1-wb97xd-M06.in_196067.0 /expanse/lustre/scratch/whughes/temp_project/job_35094789/cyc3-trip-p1-wb97xd-M06-35094789/ 0
/cm/shared/apps/spack/0.17.3/cpu/b/opt/spack/linux-rocky8-zen2/gcc-10.2.0/qchem-6.0-rytxnwjazd34ekd2gqyi5ufsaimxsd3r/exe/qcprog.exe_s cyc3-trip-p1-wb97xd-M06.in_196067.0 /expanse/lustre/scratch/whughes/temp_project/job_35094789/cyc3-trip-p1-wb97xd-M06-35094789/
                  Welcome to Q-Chem
     A Quantum Leap Into The Future Of Chemistry


 Q-Chem 6.0, Q-Chem, Inc., Pleasanton, CA (2022)

 License issued to: University of California, San Diego (site)

 E. Epifanovsky,  A. T. B. Gilbert,  Xintian Feng,  Joonho Lee,  Yuezhi Mao,  
 N. Mardirossian,  P. Pokhilko,  A. White,  M. Wormit,  M. P. Coons,  
 A. L. Dempwolff,  Zhengting Gan,  D. Hait,  P. R. Horn,  L. D. Jacobson,  
 I. Kaliman,  J. Kussmann,  A. W. Lange,  Ka Un Lao,  D. S. Levine,  Jie Liu,  
 S. C. McKenzie,  A. F. Morrison,  K. Nanda,  F. Plasser,  D. R. Rehn,  
 M. L. Vidal,  Zhi-Qiang You,  Ying Zhu,  B. Alam,  B. Albrecht,  
 A. Aldossary,  E. Alguire,  J. H. Andersen,  V. Athavale,  D. Barton,  
 K. Begam,  A. Behn,  N. Bellonzi,  Y. A. Bernard,  E. J. Berquist,  
 H. Burton,  A. Carreras,  K. Carter-Fenk,  Romit Chakraborty,  
 Chandrima Chakravarty,  Junhan Chen,  A. D. Chien,  K. D. Closser,  
 V. Cofer-Shabica,  L. Cunha,  S. Dasgupta,  Jia Deng,  M. de Wergifosse,  
 M. Diedenhofen,  Hainam Do,  S. Ehlert,  Po-Tung Fang,  S. Fatehi,  
 Qingguo Feng,  T. Friedhoff,  B. Ganoe,  J. Gayvert,  Qinghui Ge,  
 G. Gidofalvi,  M. Goldey,  J. Gomes,  C. Gonzalez-Espinoza,  S. Gulania,  
 A. Gunina,  J. A. Gyamfi,  M. W. D. Hanson-Heine,  P. H. P. Harbach,  
 A. W. Hauser,  M. F. Herbst,  M. Hernandez Vera,  M. Hodecker,  
 Z. C. Holden,  S. Houck,  Xunkun Huang,  Kerwin Hui,  B. C. Huynh,  
 K. Ikeda,  M. Ivanov,  Hyunjun Ji,  Zuxin Jin,  Hanjie Jiang,  B. Kaduk,  
 S. Kaehler,  R. Kang,  K. Khistyaev,  Jaehoon Kim,  Yongbin Kim,  
 P. Klunzinger,  Z. Koczor-Benda,  Joong Hoon Koh,  D. Kosenkov,  
 Saikiran Kotaru,  L. Koulias,  T. Kowalczyk,  C. M. Krauter,  K. Kue,  
 A. Kunitsa,  T. Kus,  A. Landau,  K. V. Lawler,  D. Lefrancois,  S. Lehtola,  
 Rain Li,  Shaozhi Li,  Yi-Pei Li,  Jiashu Liang,  M. Liebenthal,  
 Hung-Hsuan Lin,  You-Sheng Lin,  Fenglai Liu,  Kuan-Yu Liu,  
 M. Loipersberger,  A. Luenser,  C. Malbon,  A. Manjanath,  P. Manohar,  
 E. Mansoor,  S. F. Manzer,  Shan-Ping Mao,  A. V. Marenich,  T. Markovich,  
 S. Mason,  F. Matz,  S. A. Maurer,  P. F. McLaughlin,  M. F. S. J. Menger,  
 J.-M. Mewes,  S. A. Mewes,  P. Morgante,  Mohammad Mostafanejad,  
 J. W. Mullinax,  K. J. Oosterbaan,  G. Paran,  V. Parravicini,  
 Alexander C. Paul,  Suranjan K. Paul,  F. Pavosevic,  Zheng Pei,  S. Prager,  
 E. I. Proynov,  E. Ramos,  B. Rana,  A. E. Rask,  A. Rettig,  R. M. Richard,  
 F. Rob,  E. Rossomme,  T. Scheele,  M. Scheurer,  M. Schneider,  
 P. E. Schneider,  N. Sergueev,  S. M. Sharada,  Hengyuan Shen,  
 W. Skomorowski,  D. W. Small,  C. J. Stein,  Yingli Su,  Yu-Chuan Su,  
 E. J. Sundstrom,  Zhen Tao,  J. Thirman,  Hung-Yi Tsai,  T. Tsuchimochi,  
 N. M. Tubman,  C. Utku,  S. P. Veccham,  O. Vydrov,  J. Wenzel,  
 Jonathan Wong,  J. Witte,  A. Yamada,  Chou-Hsun Yang,  Kun Yao,  
 S. Yeganeh,  S. R. Yost,  A. Zech,  F. Zeller,  Igor Ying Zhang,  
 Xing Zhang,  Yu Zhang,  D. Zuev,  A. Aspuru-Guzik,  A. T. Bell,  
 N. A. Besley,  K. B. Bravaya,  B. R. Brooks,  D. Casanova,  Jeng-Da Chai,  
 Hsing-Ta Chen,  S. Coriani,  C. J. Cramer,  A. E. DePrince, III,  
 R. A. DiStasio Jr.,  A. Dreuw,  B. D. Dunietz,  T. R. Furlani,  
 W. A. Goddard III,  S. Grimme,  S. Hammes-Schiffer,  T. Head-Gordon,  
 W. J. Hehre,  Chao-Ping Hsu,  T.-C. Jagau,  Yousung Jung,  A. Klamt,  
 Jing Kong,  D. S. Lambrecht,  Xiangyuan Li,  WanZhen Liang,  N. J. Mayhall,  
 C. W. McCurdy,  J. B. Neaton,  T. Neudecker,  C. Ochsenfeld,  
 J. A. Parkhill,  R. Peverati,  V. A. Rassolov,  Haisheng Ren,  Yihan Shao,  
 L. V. Slipchenko,  R. P. Steele,  J. E. Subotnik,  A. J. W. Thom,  
 A. Tkatchenko,  D. G. Truhlar,  T. Van Voorhis,  Fan Wang,  
 T. A. Wesolowski,  K. B. Whaley,  H. L. Woodcock III,  P. M. Zimmerman,  
 S. Faraji,  P. M. W. Gill,  M. Head-Gordon,  J. M. Herbert,  A. I. Krylov

 Contributors to earlier versions of Q-Chem not listed above: 
 R. D. Adamson,  B. Austin,  R. Baer,  J. Baker,  G. J. O. Beran,  
 K. Brandhorst,  S. T. Brown,  E. F. C. Byrd,  Arup K. Chakraborty,  
 G. K. L. Chan,  Chun-Min Chang,  Yunqing Chen,  C.-L. Cheng,  
 Siu Hung Chien,  D. M. Chipman,  D. L. Crittenden,  H. Dachsel,  
 R. J. Doerksen,  A. D. Dutoi,  R. G. Edgar,  J. Fosso-Tande,  
 L. Fusti-Molnar,  D. Ghosh,  A. Ghysels,  A. Golubeva-Zadorozhnaya,  
 J. Gonthier,  M. S. Gordon,  S. R. Gwaltney,  G. Hawkins,  J. E. Herr,  
 A. Heyden,  S. Hirata,  E. G. Hohenstein,  G. Kedziora,  F. J. Keil,  
 C. Kelley,  Jihan Kim,  R. A. King,  R. Z. Khaliullin,  P. P. Korambath,  
 W. Kurlancheek,  A. Laurent,  A. M. Lee,  M. S. Lee,  S. V. Levchenko,  
 Ching Yeh Lin,  D. Liotard,  E. Livshits,  R. C. Lochan,  I. Lotan,  
 L. A. Martinez-Martinez,  P. E. Maslen,  N. Nair,  D. P. O'Neill,  
 D. Neuhauser,  E. Neuscamman,  C. M. Oana,  R. Olivares-Amaya,  R. Olson,  
 T. M. Perrine,  B. Peters,  P. A. Pieniazek,  A. Prociuk,  Y. M. Rhee,  
 J. Ritchie,  M. A. Rohrdanz,  E. Rosta,  N. J. Russ,  H. F. Schaefer III,  
 M. W. Schmidt,  N. E. Schultz,  S. Sharma,  N. Shenvi,  C. D. Sherrill,  
 A. C. Simmonett,  A. Sodt,  T. Stein,  D. Stuck,  K. S. Thanthiriwatte,  
 V. Vanovschi,  L. Vogt,  Tao Wang,  A. Warshel,  M. A. Watson,  
 C. F. Williams,  Q. Wu,  X. Xu,  Jun Yang,  W. Zhang,  Yan Zhao

   Please cite Q-Chem as follows:
  "Software for the frontiers of quantum chemistry:
   An overview of developments in the Q-Chem 5 package"
   J. Chem. Phys. 155, 084801 (2021)
   https://doi.org/10.1063/5.0055522 (open access)

 Q-Chem 6.0.2 for Intel X86 EM64T Linux

 Parts of Q-Chem use Armadillo 9.900.5 (Nocturnal Misbehaviour).
 http://arma.sourceforge.net/

 Q-Chem begins on Wed Nov 13 13:21:48 2024  

 Host: 
0

     Scratch files written to /expanse/lustre/scratch/whughes/temp_project/job_35094789/cyc3-trip-p1-wb97xd-M06-35094789//
 Dec722 |scratch|qcdevops|jenkins|workspace|build_RNUM    
 Processing $rem in /cm/shared/apps/spack/0.17.3/cpu/b/opt/spack/linux-rocky8-zen2/gcc-10.2.0/qchem-6.0-rytxnwjazd34ekd2gqyi5ufsaimxsd3r/config/preferences:
 Processing $rem in /home/whughes/.qchemrc:

 Checking the input file for inconsistencies... 	...done.

--------------------------------------------------------------
User input:
--------------------------------------------------------------
$molecule
0 3
C    0.0078892059    -0.0252645207   0.0318703839
C    0.0150511207    -0.0073237716   1.4247071425
C    1.229957439     0.0042092353    2.0764255647
C    2.4256334423    -0.0193526359   1.3605414276
C    2.4218043532    -0.0558997168   -0.0170850121
C    1.1970167845    -0.0502923668   -0.68081925
C    1.7400276032    -1.4837518765   3.9491211972
C    3.5843254631    -0.0451282236   2.3446313314
C    3.8717523004    -1.4937039624   2.7257614554
C    2.8894100258    -2.1711531491   3.5095812777
C    3.1145829205    -3.5293528071   3.822089567
H    2.3724920063    -4.0596321731   4.407417921
C    4.2584039564    -4.1743344023   3.4062096097
C    5.2163167397    -3.4926101333   2.6600067728
C    5.0123321387    -2.1572640854   2.3256424275
H    -0.9354311158   -0.0182481993   -0.4996567671
H    -0.9160798409   0.0056739199    1.9784646573
H    3.3493181334    -0.0816019404   -0.5765211645
H    1.1731296548    -0.0633818906   -1.7631826866
H    4.4138468695    -5.2146897702   3.6626331282
H    6.1159586433    -3.9998337255   2.3361883167
H    5.754265468     -1.6299680022   1.7365855607
H    0.959168128     -2.0082268256   4.4854465141
H    4.4869526089    0.4481023667    1.98483253
C    2.9328993744    0.5848590681    3.5429780846
C    1.5605286931    -0.0289291943   3.5659984905
H    0.8302651939    0.4705306104    4.2007419121
H    3.4730446898    0.8710561726    4.4359616077
$end

$rem
METHOD      M06
BASIS       def2-QZVPP
SYM_IGNORE   TRUE
DFT_D       D4
MAX_SCF_CYCLES 300
$end

$end
--------------------------------------------------------------
 Adding empirical dispersion correction 
 ----------------------------------------------------------------
 Doing -D4(0) with M06 parameters:
 s6  =   1.00000
 s8  =   0.16367
 s10 =   0.00000
 s9 =   1.00000
 a1  =   0.53456
 a2  =   6.06192
 -D4 energy including 3body term = -0.0082983620 hartrees
 ----------------------------------------------------------------
             Standard Nuclear Orientation (Angstroms)
    I     Atom           X                Y                Z
 ----------------------------------------------------------------
    1      C       0.0078892059    -0.0252645207     0.0318703839
    2      C       0.0150511207    -0.0073237716     1.4247071425
    3      C       1.2299574390     0.0042092353     2.0764255647
    4      C       2.4256334423    -0.0193526359     1.3605414276
    5      C       2.4218043532    -0.0558997168    -0.0170850121
    6      C       1.1970167845    -0.0502923668    -0.6808192500
    7      C       1.7400276032    -1.4837518765     3.9491211972
    8      C       3.5843254631    -0.0451282236     2.3446313314
    9      C       3.8717523004    -1.4937039624     2.7257614554
   10      C       2.8894100258    -2.1711531491     3.5095812777
   11      C       3.1145829205    -3.5293528071     3.8220895670
   12      H       2.3724920063    -4.0596321731     4.4074179210
   13      C       4.2584039564    -4.1743344023     3.4062096097
   14      C       5.2163167397    -3.4926101333     2.6600067728
   15      C       5.0123321387    -2.1572640854     2.3256424275
   16      H      -0.9354311158    -0.0182481993    -0.4996567671
   17      H      -0.9160798409     0.0056739199     1.9784646573
   18      H       3.3493181334    -0.0816019404    -0.5765211645
   19      H       1.1731296548    -0.0633818906    -1.7631826866
   20      H       4.4138468695    -5.2146897702     3.6626331282
   21      H       6.1159586433    -3.9998337255     2.3361883167
   22      H       5.7542654680    -1.6299680022     1.7365855607
   23      H       0.9591681280    -2.0082268256     4.4854465141
   24      H       4.4869526089     0.4481023667     1.9848325300
   25      C       2.9328993744     0.5848590681     3.5429780846
   26      C       1.5605286931    -0.0289291943     3.5659984905
   27      H       0.8302651939     0.4705306104     4.2007419121
   28      H       3.4730446898     0.8710561726     4.4359616077
 ----------------------------------------------------------------
 Nuclear Repulsion Energy =        1001.16063361 hartrees
 There are       55 alpha and       53 beta electrons
 Requested basis set is def2-QZVPP
 There are 392 shells and 1272 basis functions

 Total QAlloc Memory Limit   8000 MB
 Mega-Array Size       188 MB
 MEM_STATIC part       192 MB

 A cutoff of  1.0D-09 yielded  49286 shell pairs
 There are    497526 function pairs (    743279 Cartesian)
 Smallest overlap matrix eigenvalue = 4.91E-06

 Q-Chem warning in module stvman/mkSTV.C, line 305:

 Overlap eigenvalue is smaller than square root of threshold
 Use THRESH >= 12 to get rid of this warning


 Scale SEOQF with 1.000000e-02/1.000000e-02/1.000000e-01

 Standard Electronic Orientation quadrupole field applied
 Nucleus-field energy     =    -0.0000000782 hartrees
 Guess from superposition of atomic densities
 Warning:  Energy on first SCF cycle will be non-variational
 SAD guess density has 108.000000 electrons

 -----------------------------------------------------------------------
  General SCF calculation program by
  Eric Jon Sundstrom, Paul Horn, Yuezhi Mao, Dmitri Zuev, Alec White,
  David Stuck, Shaama M.S., Shane Yost, Joonho Lee, David Small,
  Daniel Levine, Susi Lehtola, Hugh Burton, Evgeny Epifanovsky,
  Bang C. Huynh
 -----------------------------------------------------------------------
 Exchange:     0.2700 Hartree-Fock + 1.0000 M06
 Correlation:  1.0000 M06
 Using SG-3 standard quadrature grid
 Dispersion:   Grimme D4
 using 32 threads for integral computing
 -------------------------------------------------------
 OpenMP Integral computing Module                
 Release: version 1.0, May 2013, Q-Chem Inc. Pittsburgh 
 -------------------------------------------------------
 A unrestricted SCF calculation will be
 performed using DIIS
 SCF converges when DIIS error is below 1.0e-05
 ---------------------------------------
  Cycle       Energy         DIIS error
 ---------------------------------------
    1    -621.2326104062      5.76e-03  
    2    -616.3626473462      5.36e-04  
    3    -616.2999391688      6.48e-04  
    4    -616.6095891468      9.81e-05  
    5    -616.6128062431      6.75e-05  
    6    -616.6160035971      2.89e-05  
    7    -616.6166459127      1.44e-05  
    8    -616.6168339024      5.05e-06  Convergence criterion met
 ---------------------------------------
 SCF time:   CPU 32207.25s  wall 1096.00s 
<S^2> =          2.033719119
 SCF   energy in the final basis set =     -616.6168339024
 Total energy in the final basis set =     -616.6168339024
 
 --------------------------------------------------------------
 
                    Orbital Energies (a.u.)
 --------------------------------------------------------------
 
 Alpha MOs
 -- Occupied --
-10.2606 -10.2603 -10.2573 -10.2548 -10.2547 -10.2516 -10.2477 -10.2460
-10.2450 -10.2447 -10.2421 -10.2417 -10.2417 -10.2413 -10.2402 -10.2395
 -0.9167  -0.8714  -0.8406  -0.7971  -0.7744  -0.7586  -0.7335  -0.7240
 -0.6566  -0.6234  -0.6199  -0.6147  -0.5844  -0.5610  -0.5279  -0.5130
 -0.4939  -0.4764  -0.4680  -0.4614  -0.4393  -0.4361  -0.4340  -0.4239
 -0.4191  -0.4143  -0.3887  -0.3805  -0.3712  -0.3607  -0.3537  -0.3462
 -0.3456  -0.3037  -0.2750  -0.2649  -0.2495  -0.2114  -0.1882
 -- Virtual --
 -0.0180  -0.0038   0.0032   0.0056   0.0072   0.0103   0.0155   0.0210
  0.0312   0.0355   0.0398   0.0500   0.0628   0.0640   0.0725   0.0757
  0.0853   0.0979   0.1052   0.1131   0.1143   0.1211   0.1236   0.1300
  0.1351   0.1414   0.1443   0.1492   0.1517   0.1531   0.1569   0.1644
  0.1671   0.1703   0.1786   0.1802   0.1929   0.2103   0.2130   0.2137
  0.2156   0.2211   0.2229   0.2271   0.2348   0.2401   0.2415   0.2439
  0.2457   0.2481   0.2519   0.2547   0.2586   0.2619   0.2677   0.2712
  0.2730   0.2802   0.2844   0.2882   0.2891   0.2950   0.2987   0.3006
  0.3042   0.3103   0.3149   0.3193   0.3236   0.3265   0.3302   0.3345
  0.3384   0.3416   0.3448   0.3485   0.3608   0.3659   0.3717   0.3784
  0.3849   0.3908   0.3940   0.3977   0.4067   0.4105   0.4148   0.4202
  0.4222   0.4315   0.4340   0.4404   0.4448   0.4500   0.4513   0.4562
  0.4604   0.4667   0.4731   0.4751   0.4794   0.5024   0.5073   0.5120
  0.5194   0.5315   0.5345   0.5389   0.5448   0.5498   0.5545   0.5633
  0.5672   0.5790   0.5825   0.5846   0.5967   0.6035   0.6134   0.6225
  0.6293   0.6313   0.6376   0.6425   0.6472   0.6610   0.6663   0.6729
  0.6764   0.6807   0.6880   0.6930   0.6976   0.7026   0.7073   0.7114
  0.7128   0.7220   0.7254   0.7296   0.7315   0.7388   0.7442   0.7456
  0.7549   0.7606   0.7633   0.7664   0.7735   0.7764   0.7823   0.7876
  0.7914   0.7943   0.8035   0.8050   0.8123   0.8133   0.8186   0.8264
  0.8293   0.8321   0.8367   0.8454   0.8513   0.8578   0.8593   0.8614
  0.8633   0.8717   0.8729   0.8778   0.8851   0.8855   0.8959   0.8995
  0.9084   0.9114   0.9188   0.9209   0.9237   0.9283   0.9361   0.9417
  0.9463   0.9563   0.9605   0.9636   0.9708   0.9734   0.9765   0.9876
  0.9927   0.9982   1.0019   1.0059   1.0076   1.0086   1.0227   1.0262
  1.0296   1.0385   1.0492   1.0555   1.0565   1.0612   1.0729   1.0807
  1.0903   1.0972   1.0992   1.1058   1.1102   1.1162   1.1202   1.1225
  1.1316   1.1481   1.1540   1.1553   1.1570   1.1656   1.1776   1.1830
  1.1850   1.1982   1.2099   1.2147   1.2163   1.2274   1.2322   1.2369
  1.2447   1.2571   1.2589   1.2704   1.2856   1.2932   1.2990   1.3066
  1.3190   1.3273   1.3309   1.3449   1.3470   1.3503   1.3657   1.3746
  1.3809   1.4023   1.4055   1.4129   1.4197   1.4368   1.4596   1.4681
  1.4718   1.4824   1.4932   1.5000   1.5087   1.5136   1.5193   1.5251
  1.5361   1.5477   1.5535   1.5653   1.5765   1.5860   1.5939   1.6034
  1.6068   1.6199   1.6218   1.6315   1.6402   1.6470   1.6524   1.6550
  1.6609   1.6728   1.6761   1.6912   1.6974   1.7015   1.7151   1.7212
  1.7317   1.7366   1.7534   1.7605   1.7611   1.7682   1.7834   1.7870
  1.7897   1.8009   1.8085   1.8155   1.8223   1.8312   1.8372   1.8390
  1.8479   1.8517   1.8661   1.8696   1.8734   1.8843   1.8892   1.8931
  1.8970   1.9071   1.9089   1.9173   1.9300   1.9365   1.9376   1.9501
  1.9548   1.9569   1.9600   1.9705   1.9793   1.9824   1.9859   1.9940
  2.0003   2.0043   2.0114   2.0192   2.0260   2.0290   2.0297   2.0375
  2.0429   2.0479   2.0507   2.0587   2.0613   2.0695   2.0725   2.0762
  2.0819   2.0926   2.0963   2.1014   2.1090   2.1098   2.1135   2.1226
  2.1306   2.1372   2.1400   2.1477   2.1552   2.1594   2.1669   2.1704
  2.1749   2.1780   2.1864   2.1933   2.2001   2.2018   2.2055   2.2126
  2.2212   2.2310   2.2328   2.2387   2.2497   2.2555   2.2592   2.2627
  2.2687   2.2757   2.2881   2.2929   2.2980   2.3066   2.3115   2.3157
  2.3263   2.3301   2.3382   2.3388   2.3439   2.3587   2.3665   2.3715
  2.3811   2.3829   2.3868   2.3892   2.3914   2.3981   2.4033   2.4161
  2.4216   2.4236   2.4281   2.4360   2.4420   2.4488   2.4517   2.4550
  2.4648   2.4649   2.4726   2.4812   2.4898   2.4971   2.5062   2.5103
  2.5172   2.5205   2.5296   2.5314   2.5374   2.5474   2.5531   2.5547
  2.5614   2.5700   2.5766   2.5772   2.5829   2.5913   2.5941   2.5985
  2.6050   2.6096   2.6161   2.6244   2.6271   2.6298   2.6323   2.6381
  2.6448   2.6475   2.6509   2.6608   2.6624   2.6664   2.6771   2.6788
  2.6810   2.6948   2.6961   2.7061   2.7146   2.7165   2.7273   2.7294
  2.7314   2.7369   2.7401   2.7438   2.7533   2.7618   2.7638   2.7696
  2.7771   2.7812   2.7824   2.7969   2.8030   2.8084   2.8144   2.8213
  2.8276   2.8329   2.8473   2.8486   2.8557   2.8689   2.8783   2.8843
  2.8909   2.9005   2.9069   2.9167   2.9290   2.9383   2.9490   2.9560
  2.9597   2.9703   2.9832   2.9998   3.0014   3.0071   3.0242   3.0342
  3.0412   3.0429   3.0547   3.0654   3.0766   3.0973   3.0990   3.1039
  3.1131   3.1235   3.1275   3.1468   3.1584   3.1601   3.1712   3.1783
  3.1887   3.2041   3.2203   3.2302   3.2375   3.2387   3.2501   3.2561
  3.2625   3.2669   3.2816   3.2905   3.3006   3.3115   3.3146   3.3251
  3.3363   3.3518   3.3537   3.3608   3.3666   3.3705   3.3847   3.3914
  3.4050   3.4118   3.4141   3.4210   3.4270   3.4327   3.4407   3.4476
  3.4543   3.4634   3.4807   3.4926   3.5027   3.5143   3.5272   3.5338
  3.5456   3.5513   3.5655   3.5818   3.5906   3.5946   3.6062   3.6222
  3.6409   3.6429   3.6503   3.6600   3.6761   3.6952   3.7023   3.7192
  3.7221   3.7307   3.7336   3.7454   3.7575   3.7632   3.7888   3.8035
  3.8115   3.8262   3.8338   3.8639   3.8690   3.8760   3.8911   3.9113
  3.9141   3.9407   3.9431   3.9506   3.9763   3.9939   4.0177   4.0416
  4.0507   4.0613   4.0662   4.0844   4.1015   4.1076   4.1210   4.1324
  4.1592   4.1855   4.1899   4.2157   4.2208   4.2397   4.2860   4.2979
  4.3067   4.3167   4.3796   4.3904   4.4157   4.4269   4.4655   4.4784
  4.4878   4.5061   4.5202   4.5418   4.5588   4.6049   4.6185   4.6486
  4.6588   4.6745   4.6981   4.7208   4.7416   4.7518   4.7675   4.7741
  4.7866   4.7944   4.8147   4.8303   4.8565   4.8673   4.8831   4.8942
  4.9010   4.9103   4.9262   4.9385   4.9440   4.9604   4.9774   4.9907
  4.9953   5.0043   5.0201   5.0290   5.0368   5.0484   5.0580   5.0672
  5.0822   5.0892   5.1074   5.1093   5.1239   5.1255   5.1339   5.1439
  5.1506   5.1618   5.1686   5.1733   5.1889   5.1978   5.2021   5.2067
  5.2153   5.2241   5.2311   5.2420   5.2447   5.2580   5.2692   5.2877
  5.2922   5.2953   5.3038   5.3230   5.3313   5.3400   5.3467   5.3612
  5.3666   5.3735   5.3885   5.3909   5.3935   5.3990   5.4101   5.4172
  5.4261   5.4471   5.4641   5.4683   5.4705   5.4797   5.4875   5.4978
  5.5053   5.5134   5.5144   5.5317   5.5410   5.5475   5.5607   5.5693
  5.5837   5.5924   5.6020   5.6202   5.6375   5.6516   5.6572   5.6691
  5.6756   5.6853   5.6932   5.6989   5.7143   5.7242   5.7321   5.7381
  5.7609   5.7641   5.7716   5.7828   5.7905   5.7980   5.8025   5.8183
  5.8236   5.8309   5.8411   5.8450   5.8495   5.8508   5.8704   5.8806
  5.8903   5.8918   5.8992   5.9057   5.9101   5.9170   5.9238   5.9279
  5.9349   5.9399   5.9434   5.9527   5.9626   5.9691   5.9714   5.9773
  5.9881   5.9960   5.9974   5.9984   6.0045   6.0059   6.0179   6.0246
  6.0315   6.0404   6.0436   6.0475   6.0574   6.0630   6.0690   6.0761
  6.0861   6.0906   6.0984   6.1066   6.1094   6.1142   6.1275   6.1316
  6.1380   6.1427   6.1454   6.1506   6.1517   6.1634   6.1649   6.1701
  6.1825   6.1863   6.1971   6.2048   6.2054   6.2145   6.2193   6.2275
  6.2335   6.2352   6.2411   6.2445   6.2516   6.2584   6.2645   6.2716
  6.2802   6.2880   6.2954   6.3002   6.3049   6.3130   6.3163   6.3246
  6.3263   6.3349   6.3420   6.3507   6.3587   6.3705   6.3833   6.3860
  6.4003   6.4065   6.4092   6.4148   6.4321   6.4357   6.4430   6.4511
  6.4553   6.4579   6.4653   6.4741   6.4756   6.4875   6.4881   6.4924
  6.4953   6.5115   6.5187   6.5237   6.5329   6.5387   6.5424   6.5515
  6.5561   6.5677   6.5736   6.5787   6.5816   6.5923   6.5956   6.6014
  6.6123   6.6213   6.6258   6.6314   6.6405   6.6479   6.6503   6.6573
  6.6639   6.6732   6.6876   6.6947   6.6982   6.7031   6.7085   6.7163
  6.7209   6.7234   6.7403   6.7476   6.7534   6.7619   6.7699   6.7788
  6.7870   6.7880   6.8040   6.8167   6.8270   6.8364   6.8476   6.8601
  6.8646   6.8726   6.8757   6.8872   6.8958   6.8983   6.9163   6.9185
  6.9329   6.9483   6.9547   6.9630   6.9732   6.9795   6.9915   6.9984
  7.0052   7.0130   7.0188   7.0265   7.0397   7.0544   7.0701   7.0914
  7.0944   7.0988   7.1033   7.1215   7.1279   7.1479   7.1533   7.1683
  7.1748   7.1897   7.1996   7.2125   7.2201   7.2339   7.2400   7.2574
  7.2712   7.2742   7.2823   7.3009   7.3133   7.3229   7.3369   7.3495
  7.3599   7.3612   7.3717   7.3807   7.3860   7.3988   7.4104   7.4274
  7.4315   7.4378   7.4443   7.4466   7.4515   7.4612   7.4850   7.4913
  7.4979   7.5272   7.5345   7.5440   7.5573   7.5707   7.5814   7.5868
  7.5944   7.6063   7.6207   7.6265   7.6352   7.6363   7.6468   7.6585
  7.6778   7.6787   7.7001   7.7072   7.7280   7.7500   7.7529   7.7607
  7.7653   7.7711   7.7803   7.8011   7.8103   7.8144   7.8255   7.8291
  7.8341   7.8378   7.8489   7.8547   7.8697   7.8780   7.8849   7.9002
  7.9126   7.9236   7.9248   7.9330   7.9468   7.9686   7.9796   7.9937
  8.0028   8.0170   8.0280   8.0338   8.0512   8.0636   8.0655   8.0690
  8.0836   8.0921   8.1045   8.1107   8.1184   8.1231   8.1236   8.1385
  8.1413   8.1484   8.1540   8.1616   8.1712   8.1766   8.1832   8.1849
  8.2019   8.2070   8.2286   8.2349   8.2429   8.2473   8.2558   8.2612
  8.2671   8.2732   8.2800   8.2833   8.2925   8.2996   8.3213   8.3218
  8.3261   8.3378   8.3417   8.3462   8.3561   8.3651   8.3703   8.3783
  8.3839   8.3867   8.4070   8.4179   8.4262   8.4384   8.4571   8.4675
  8.4733   8.4871   8.4890   8.4996   8.5020   8.5077   8.5212   8.5238
  8.5301   8.5355   8.5414   8.5612   8.5736   8.5954   8.6064   8.6135
  8.6258   8.6424   8.6523   8.6623   8.6641   8.6802   8.6906   8.7038
  8.7143   8.7179   8.7448   8.7535   8.7775   8.7845   8.7895   8.7971
  8.8217   8.8269   8.8394   8.8471   8.8638   8.8813   8.8906   8.8993
  8.9300   8.9362   8.9781   8.9930   9.0266   9.0549   9.0881   9.1791
  9.2020   9.2287   9.2468   9.2891   9.2993   9.3133   9.3463   9.3476
  9.3739   9.3868   9.3920   9.4126   9.4511   9.4641   9.4754   9.5050
  9.5281   9.5388   9.5567   9.5610   9.5633   9.5752   9.5872   9.6252
  9.6326   9.6539   9.6592   9.6673   9.7693   9.7753   9.7958   9.8040
  9.8103   9.8155   9.8567   9.8697   9.8944   9.9099   9.9394   9.9819
 10.0071  10.0355  10.0447  10.0523  10.0622  10.0799  10.0863  10.1078
 10.1254  10.1477  10.1877  10.2287  10.2348  10.2602  10.2927  10.3851
 10.4351  10.4769  10.5304  10.5632  10.5748  10.6061  10.6237  10.6856
 10.7030  10.7344  10.8524  11.4282  11.4475  11.9593  11.9883  12.3977
 12.4479  12.5540  12.5796  12.6208  12.7050  12.8086  12.8713  12.8968
 12.9925  28.1064  28.1192  28.5313  28.5734  28.5847  28.6479  28.7300
 28.7854  28.9654  29.0192  29.0596  29.1017  29.1402  29.2086  29.4560
 29.4689 146.7424 146.7557 147.1504 147.1860 147.1968 147.2682 147.3180
147.3623 147.5641 147.6010 147.6576 147.6765 147.7390 147.8174 148.0464
148.0651
 
 Beta MOs
 -- Occupied --
-10.2615 -10.2610 -10.2542 -10.2531 -10.2469 -10.2461 -10.2456 -10.2431
-10.2430 -10.2423 -10.2423 -10.2418 -10.2418 -10.2416 -10.2401 -10.2394
 -0.9086  -0.8686  -0.8345  -0.7896  -0.7704  -0.7565  -0.7272  -0.7144
 -0.6452  -0.6191  -0.6113  -0.6021  -0.5823  -0.5535  -0.5240  -0.5060
 -0.4880  -0.4721  -0.4633  -0.4585  -0.4340  -0.4331  -0.4306  -0.4189
 -0.4106  -0.4048  -0.3841  -0.3730  -0.3674  -0.3551  -0.3489  -0.3434
 -0.3417  -0.2809  -0.2663  -0.2602  -0.2459
 -- Virtual --
 -0.0822  -0.0490  -0.0135   0.0003   0.0048   0.0093   0.0145   0.0165
  0.0184   0.0266   0.0321   0.0405   0.0440   0.0520   0.0642   0.0658
  0.0745   0.0812   0.0857   0.0990   0.1079   0.1141   0.1175   0.1224
  0.1252   0.1328   0.1391   0.1434   0.1474   0.1503   0.1523   0.1552
  0.1591   0.1673   0.1701   0.1743   0.1826   0.1847   0.1986   0.2131
  0.2150   0.2155   0.2191   0.2230   0.2263   0.2293   0.2362   0.2426
  0.2433   0.2462   0.2475   0.2495   0.2528   0.2571   0.2620   0.2638
  0.2695   0.2732   0.2756   0.2825   0.2848   0.2907   0.2939   0.2958
  0.3003   0.3030   0.3101   0.3133   0.3198   0.3213   0.3262   0.3286
  0.3330   0.3367   0.3433   0.3438   0.3490   0.3525   0.3632   0.3711
  0.3753   0.3797   0.3885   0.3930   0.3968   0.3996   0.4080   0.4120
  0.4150   0.4226   0.4264   0.4329   0.4362   0.4419   0.4496   0.4521
  0.4559   0.4609   0.4641   0.4716   0.4745   0.4764   0.4813   0.5038
  0.5100   0.5130   0.5212   0.5330   0.5365   0.5395   0.5466   0.5516
  0.5611   0.5676   0.5700   0.5800   0.5836   0.5870   0.5995   0.6054
  0.6169   0.6235   0.6322   0.6341   0.6369   0.6443   0.6505   0.6638
  0.6686   0.6723   0.6812   0.6826   0.6887   0.6940   0.6992   0.7030
  0.7085   0.7115   0.7133   0.7221   0.7271   0.7304   0.7326   0.7402
  0.7447   0.7490   0.7558   0.7614   0.7642   0.7702   0.7759   0.7787
  0.7834   0.7887   0.7913   0.7952   0.8045   0.8052   0.8115   0.8137
  0.8187   0.8242   0.8277   0.8320   0.8359   0.8450   0.8496   0.8553
  0.8583   0.8608   0.8631   0.8714   0.8726   0.8769   0.8815   0.8845
  0.8956   0.8978   0.9061   0.9111   0.9158   0.9183   0.9219   0.9277
  0.9333   0.9368   0.9455   0.9533   0.9593   0.9642   0.9684   0.9701
  0.9746   0.9866   0.9907   0.9978   1.0007   1.0058   1.0078   1.0081
  1.0223   1.0248   1.0279   1.0365   1.0473   1.0522   1.0554   1.0593
  1.0712   1.0775   1.0886   1.0959   1.0961   1.1048   1.1100   1.1137
  1.1187   1.1222   1.1304   1.1477   1.1508   1.1527   1.1561   1.1623
  1.1764   1.1810   1.1843   1.1949   1.2070   1.2121   1.2130   1.2245
  1.2286   1.2327   1.2414   1.2545   1.2560   1.2663   1.2823   1.2913
  1.2967   1.3043   1.3158   1.3244   1.3264   1.3414   1.3452   1.3493
  1.3620   1.3714   1.3765   1.3983   1.4016   1.4110   1.4151   1.4336
  1.4567   1.4652   1.4706   1.4821   1.4924   1.4990   1.5079   1.5134
  1.5180   1.5250   1.5383   1.5471   1.5526   1.5654   1.5742   1.5849
  1.5910   1.6026   1.6092   1.6199   1.6217   1.6305   1.6406   1.6471
  1.6525   1.6548   1.6617   1.6711   1.6752   1.6913   1.6980   1.6992
  1.7176   1.7229   1.7307   1.7386   1.7537   1.7605   1.7614   1.7689
  1.7825   1.7890   1.7897   1.8022   1.8099   1.8176   1.8232   1.8325
  1.8382   1.8404   1.8492   1.8553   1.8668   1.8709   1.8741   1.8864
  1.8913   1.8966   1.8982   1.9096   1.9137   1.9190   1.9309   1.9358
  1.9382   1.9541   1.9556   1.9594   1.9632   1.9720   1.9806   1.9834
  1.9871   1.9955   2.0047   2.0088   2.0132   2.0191   2.0262   2.0277
  2.0356   2.0366   2.0438   2.0485   2.0553   2.0602   2.0625   2.0661
  2.0737   2.0745   2.0810   2.0945   2.0975   2.0994   2.1077   2.1087
  2.1181   2.1200   2.1326   2.1364   2.1401   2.1477   2.1558   2.1621
  2.1681   2.1695   2.1758   2.1809   2.1890   2.1931   2.2003   2.2052
  2.2080   2.2138   2.2221   2.2292   2.2375   2.2388   2.2513   2.2521
  2.2602   2.2632   2.2697   2.2771   2.2895   2.2930   2.2973   2.3082
  2.3130   2.3170   2.3272   2.3316   2.3412   2.3419   2.3458   2.3594
  2.3683   2.3723   2.3791   2.3858   2.3881   2.3898   2.3939   2.4007
  2.4028   2.4161   2.4224   2.4234   2.4280   2.4352   2.4419   2.4480
  2.4510   2.4565   2.4656   2.4712   2.4721   2.4820   2.4889   2.4986
  2.5056   2.5122   2.5181   2.5230   2.5311   2.5331   2.5376   2.5484
  2.5534   2.5564   2.5632   2.5698   2.5754   2.5794   2.5845   2.5939
  2.5950   2.6007   2.6051   2.6113   2.6174   2.6264   2.6287   2.6312
  2.6317   2.6386   2.6457   2.6471   2.6530   2.6617   2.6638   2.6670
  2.6769   2.6801   2.6827   2.6946   2.6977   2.7087   2.7133   2.7204
  2.7264   2.7296   2.7327   2.7383   2.7406   2.7452   2.7548   2.7626
  2.7636   2.7677   2.7779   2.7829   2.7833   2.7969   2.8023   2.8084
  2.8150   2.8208   2.8276   2.8336   2.8467   2.8514   2.8595   2.8710
  2.8791   2.8839   2.8948   2.9030   2.9090   2.9187   2.9316   2.9407
  2.9523   2.9548   2.9628   2.9713   2.9885   3.0020   3.0037   3.0123
  3.0251   3.0349   3.0442   3.0455   3.0577   3.0665   3.0781   3.0993
  3.1027   3.1055   3.1141   3.1245   3.1299   3.1494   3.1595   3.1616
  3.1736   3.1812   3.1906   3.2051   3.2238   3.2328   3.2409   3.2414
  3.2527   3.2582   3.2643   3.2699   3.2843   3.2929   3.3041   3.3138
  3.3185   3.3251   3.3379   3.3537   3.3554   3.3640   3.3671   3.3732
  3.3891   3.3964   3.4073   3.4161   3.4172   3.4258   3.4280   3.4359
  3.4480   3.4504   3.4574   3.4677   3.4838   3.4944   3.5033   3.5179
  3.5311   3.5379   3.5489   3.5543   3.5678   3.5851   3.5960   3.5982
  3.6105   3.6247   3.6443   3.6468   3.6552   3.6675   3.6811   3.6960
  3.7054   3.7217   3.7256   3.7336   3.7371   3.7507   3.7597   3.7683
  3.7930   3.8068   3.8141   3.8322   3.8376   3.8680   3.8725   3.8796
  3.8954   3.9122   3.9251   3.9405   3.9443   3.9528   3.9819   4.0001
  4.0165   4.0449   4.0594   4.0661   4.0710   4.0864   4.1046   4.1083
  4.1238   4.1362   4.1655   4.1903   4.1947   4.2070   4.2222   4.2418
  4.2923   4.3032   4.3133   4.3219   4.3855   4.3930   4.4180   4.4409
  4.4695   4.4838   4.4924   4.5079   4.5240   4.5443   4.5646   4.6113
  4.6228   4.6525   4.6619   4.6864   4.7096   4.7354   4.7512   4.7557
  4.7753   4.7795   4.7897   4.8030   4.8158   4.8377   4.8606   4.8755
  4.8957   4.8987   4.9103   4.9197   4.9366   4.9510   4.9553   4.9667
  4.9900   4.9973   5.0095   5.0176   5.0300   5.0424   5.0484   5.0564
  5.0701   5.0823   5.0930   5.0969   5.1151   5.1235   5.1296   5.1369
  5.1475   5.1583   5.1598   5.1704   5.1769   5.1842   5.1982   5.2090
  5.2109   5.2195   5.2224   5.2346   5.2425   5.2548   5.2603   5.2662
  5.2795   5.2974   5.3019   5.3122   5.3198   5.3339   5.3453   5.3480
  5.3559   5.3673   5.3701   5.3787   5.3885   5.3978   5.4030   5.4043
  5.4127   5.4203   5.4327   5.4445   5.4629   5.4722   5.4734   5.4839
  5.4905   5.5009   5.5038   5.5160   5.5222   5.5238   5.5413   5.5472
  5.5661   5.5756   5.5840   5.5986   5.6045   5.6170   5.6194   5.6297
  5.6410   5.6514   5.6678   5.6804   5.6899   5.6921   5.7079   5.7176
  5.7267   5.7373   5.7477   5.7520   5.7646   5.7774   5.7851   5.7983
  5.7992   5.8035   5.8110   5.8297   5.8386   5.8449   5.8469   5.8566
  5.8673   5.8742   5.8818   5.8917   5.8992   5.9025   5.9083   5.9089
  5.9201   5.9303   5.9320   5.9461   5.9476   5.9508   5.9598   5.9647
  5.9689   5.9751   5.9808   5.9899   5.9981   6.0008   6.0029   6.0083
  6.0106   6.0284   6.0342   6.0393   6.0506   6.0538   6.0636   6.0659
  6.0730   6.0785   6.0919   6.0969   6.1018   6.1075   6.1118   6.1128
  6.1275   6.1344   6.1412   6.1443   6.1483   6.1532   6.1597   6.1668
  6.1711   6.1762   6.1838   6.1875   6.2053   6.2072   6.2131   6.2188
  6.2212   6.2286   6.2336   6.2402   6.2435   6.2471   6.2536   6.2616
  6.2719   6.2747   6.2829   6.2919   6.2978   6.3028   6.3111   6.3188
  6.3193   6.3300   6.3337   6.3435   6.3447   6.3555   6.3687   6.3761
  6.3891   6.3913   6.4079   6.4125   6.4157   6.4272   6.4368   6.4408
  6.4521   6.4557   6.4598   6.4672   6.4763   6.4788   6.4843   6.4892
  6.4914   6.4977   6.5018   6.5153   6.5216   6.5341   6.5370   6.5462
  6.5516   6.5568   6.5635   6.5673   6.5731   6.5824   6.5906   6.5936
  6.5997   6.6058   6.6167   6.6245   6.6344   6.6378   6.6451   6.6542
  6.6604   6.6670   6.6776   6.6879   6.6938   6.7048   6.7085   6.7138
  6.7156   6.7258   6.7314   6.7352   6.7452   6.7524   6.7618   6.7779
  6.7819   6.7957   6.7992   6.8042   6.8125   6.8258   6.8365   6.8436
  6.8573   6.8705   6.8718   6.8802   6.8883   6.8925   6.9051   6.9153
  6.9216   6.9292   6.9470   6.9536   6.9603   6.9732   6.9784   6.9850
  6.9984   7.0055   7.0206   7.0216   7.0330   7.0360   7.0450   7.0621
  7.0785   7.0987   7.1076   7.1097   7.1133   7.1283   7.1323   7.1548
  7.1626   7.1680   7.1787   7.1947   7.2050   7.2209   7.2251   7.2449
  7.2498   7.2634   7.2786   7.2824   7.2950   7.3106   7.3222   7.3238
  7.3356   7.3568   7.3665   7.3692   7.3798   7.3898   7.3962   7.4102
  7.4206   7.4325   7.4392   7.4433   7.4496   7.4544   7.4578   7.4638
  7.4859   7.4962   7.5063   7.5327   7.5451   7.5565   7.5638   7.5777
  7.5818   7.5924   7.6017   7.6115   7.6203   7.6358   7.6389   7.6421
  7.6581   7.6636   7.6824   7.6918   7.7066   7.7130   7.7265   7.7496
  7.7567   7.7654   7.7701   7.7775   7.7813   7.8092   7.8165   7.8229
  7.8320   7.8370   7.8384   7.8430   7.8545   7.8575   7.8797   7.8824
  7.8943   7.9172   7.9234   7.9282   7.9358   7.9453   7.9644   7.9714
  7.9852   7.9988   8.0093   8.0256   8.0342   8.0414   8.0564   8.0684
  8.0702   8.0769   8.0835   8.0996   8.1073   8.1171   8.1273   8.1287
  8.1361   8.1408   8.1482   8.1545   8.1573   8.1642   8.1699   8.1829
  8.1864   8.1927   8.2083   8.2123   8.2309   8.2381   8.2486   8.2520
  8.2597   8.2650   8.2733   8.2760   8.2808   8.2867   8.2988   8.3046
  8.3226   8.3291   8.3324   8.3382   8.3432   8.3502   8.3613   8.3646
  8.3691   8.3845   8.3875   8.3919   8.4157   8.4198   8.4259   8.4456
  8.4536   8.4662   8.4730   8.4893   8.4922   8.4988   8.5032   8.5084
  8.5144   8.5233   8.5348   8.5360   8.5443   8.5482   8.5693   8.5831
  8.5923   8.6084   8.6116   8.6391   8.6455   8.6611   8.6687   8.6704
  8.6949   8.7056   8.7104   8.7205   8.7430   8.7497   8.7737   8.7769
  8.7858   8.8000   8.8202   8.8306   8.8375   8.8490   8.8523   8.8778
  8.8917   8.9083   8.9191   8.9376   8.9745   8.9932   9.0222   9.0582
  9.0921   9.1465   9.1806   9.2054   9.2228   9.2455   9.2711   9.2949
  9.3084   9.3216   9.3438   9.3627   9.3887   9.3993   9.4088   9.4446
  9.4644   9.4802   9.4947   9.5276   9.5410   9.5557   9.5598   9.5621
  9.5696   9.5890   9.6174   9.6372   9.6431   9.6525   9.6591   9.7012
  9.7697   9.7767   9.7908   9.8025   9.8045   9.8065   9.8425   9.8955
  9.9077   9.9834  10.0037  10.0365  10.0385  10.0552  10.0732  10.0858
 10.0917  10.1065  10.1244  10.1458  10.1964  10.2075  10.2476  10.2623
 10.2910  10.4357  10.4564  10.4813  10.5337  10.5732  10.5787  10.6030
 10.6292  10.6903  10.7083  10.7751  10.8579  11.4437  11.4489  11.9579
 11.9808  12.3391  12.3963  12.4413  12.4795  12.5549  12.6124  12.8054
 12.8545  12.8740  13.0056  28.1037  28.1191  28.5296  28.5681  28.5820
 28.6479  28.7085  28.7687  28.9649  29.0197  29.0605  29.0977  29.1404
 29.2114  29.4535  29.4690 146.7420 146.7551 147.1502 147.1845 147.1950
147.2677 147.3103 147.3590 147.5631 147.6003 147.6582 147.6758 147.7397
147.8192 148.0461 148.0649
 --------------------------------------------------------------
 
          Ground-State Mulliken Net Atomic Charges

     Atom                 Charge (a.u.)    Spin (a.u.)
  --------------------------------------------------------
      1 C                    -0.079394      -0.005205
      2 C                     0.112128       0.021321
      3 C                    -0.274999       0.027588
      4 C                    -0.202040       0.036629
      5 C                     0.117219      -0.006279
      6 C                    -0.131826       0.016102
      7 C                     0.136524       0.774704
      8 C                    -0.013574      -0.089547
      9 C                    -0.307003       0.258009
     10 C                    -0.429268      -0.205636
     11 C                     0.178731       0.211691
     12 H                     0.005714      -0.000816
     13 C                    -0.113018      -0.098265
     14 C                     0.003835       0.243823
     15 C                     0.150229      -0.096475
     16 H                     0.068086      -0.000094
     17 H                     0.092573       0.002538
     18 H                     0.072163       0.000234
     19 H                     0.135040       0.000266
     20 H                     0.119168      -0.008955
     21 H                     0.042554       0.006827
     22 H                     0.020709      -0.007794
     23 H                     0.029264       0.009852
     24 H                     0.166229       0.000666
     25 C                    -0.064169       1.065391
     26 C                    -0.091332      -0.148777
     27 H                     0.134457      -0.001884
     28 H                     0.122003      -0.005915
  --------------------------------------------------------
  Sum of atomic charges =    -0.000000
  Sum of spin   charges =     2.000000

 -----------------------------------------------------------------
                    Cartesian Multipole Moments
 -----------------------------------------------------------------
    Charge (ESU x 10^10)
                -0.0000
    Dipole Moment (Debye)
         X      -0.0339      Y      -0.2119      Z       0.3167
       Tot       0.3826
    Quadrupole Moments (Debye-Ang)
        XX     -85.9014     XY      -0.7322     YY     -92.9341
        XZ      -2.9832     YZ      -1.6668     ZZ     -88.0835
    Octopole Moments (Debye-Ang^2)
       XXX    -673.7130    XXY      96.1215    XYY    -228.2393
       YYY     290.8135    XXZ    -218.7689    XYZ       1.4464
       YYZ    -191.3397    XZZ    -256.8074    YZZ     101.6418
       ZZZ    -615.6744
    Hexadecapole Moments (Debye-Ang^3)
      XXXX   -4974.3637   XXXY    1156.9830   XXYY   -1147.1102
      XYYY    1123.3583   YYYY   -2009.2778   XXXZ   -1922.2060
      XXYZ     352.1626   XYYZ    -573.0049   YYYZ     881.1943
      XXZZ   -1675.6382   XYZZ     456.5284   YYZZ    -982.7983
      XZZZ   -1988.8688   YZZZ    1024.0137   ZZZZ   -4132.7094
 -----------------------------------------------------------------
 Total job time:  1099.02s(wall), 32262.06s(cpu) 
 Wed Nov 13 13:40:07 2024

        *************************************************************
        *                                                           *
        *  Thank you very much for using Q-Chem.  Have a nice day.  *
        *                                                           *
        *************************************************************


