
Running Job 1 of 2 hat8-p1-triplet-wb97xd-M06-readSCF.in
qchem hat8-p1-triplet-wb97xd-M06-readSCF.in_4018022.0 /expanse/lustre/scratch/whughes/temp_project/job_36546907/hat8-p1-triplet-wb97xd-M06-readSCF-36546907/ 0
/cm/shared/apps/spack/0.17.3/cpu/b/opt/spack/linux-rocky8-zen2/gcc-10.2.0/qchem-6.0-rytxnwjazd34ekd2gqyi5ufsaimxsd3r/exe/qcprog.exe_s hat8-p1-triplet-wb97xd-M06-readSCF.in_4018022.0 /expanse/lustre/scratch/whughes/temp_project/job_36546907/hat8-p1-triplet-wb97xd-M06-readSCF-36546907/
                  Welcome to Q-Chem
     A Quantum Leap Into The Future Of Chemistry


 Q-Chem 6.0, Q-Chem, Inc., Pleasanton, CA (2022)

 License issued to: University of California, San Diego (site)

 E. Epifanovsky,  A. T. B. Gilbert,  Xintian Feng,  Joonho Lee,  Yuezhi Mao,  
 N. Mardirossian,  P. Pokhilko,  A. White,  M. Wormit,  M. P. Coons,  
 A. L. Dempwolff,  Zhengting Gan,  D. Hait,  P. R. Horn,  L. D. Jacobson,  
 I. Kaliman,  J. Kussmann,  A. W. Lange,  Ka Un Lao,  D. S. Levine,  Jie Liu,  
 S. C. McKenzie,  A. F. Morrison,  K. Nanda,  F. Plasser,  D. R. Rehn,  
 M. L. Vidal,  Zhi-Qiang You,  Ying Zhu,  B. Alam,  B. Albrecht,  
 A. Aldossary,  E. Alguire,  J. H. Andersen,  V. Athavale,  D. Barton,  
 K. Begam,  A. Behn,  N. Bellonzi,  Y. A. Bernard,  E. J. Berquist,  
 H. Burton,  A. Carreras,  K. Carter-Fenk,  Romit Chakraborty,  
 Chandrima Chakravarty,  Junhan Chen,  A. D. Chien,  K. D. Closser,  
 V. Cofer-Shabica,  L. Cunha,  S. Dasgupta,  Jia Deng,  M. de Wergifosse,  
 M. Diedenhofen,  Hainam Do,  S. Ehlert,  Po-Tung Fang,  S. Fatehi,  
 Qingguo Feng,  T. Friedhoff,  B. Ganoe,  J. Gayvert,  Qinghui Ge,  
 G. Gidofalvi,  M. Goldey,  J. Gomes,  C. Gonzalez-Espinoza,  S. Gulania,  
 A. Gunina,  J. A. Gyamfi,  M. W. D. Hanson-Heine,  P. H. P. Harbach,  
 A. W. Hauser,  M. F. Herbst,  M. Hernandez Vera,  M. Hodecker,  
 Z. C. Holden,  S. Houck,  Xunkun Huang,  Kerwin Hui,  B. C. Huynh,  
 K. Ikeda,  M. Ivanov,  Hyunjun Ji,  Zuxin Jin,  Hanjie Jiang,  B. Kaduk,  
 S. Kaehler,  R. Kang,  K. Khistyaev,  Jaehoon Kim,  Yongbin Kim,  
 P. Klunzinger,  Z. Koczor-Benda,  Joong Hoon Koh,  D. Kosenkov,  
 Saikiran Kotaru,  L. Koulias,  T. Kowalczyk,  C. M. Krauter,  K. Kue,  
 A. Kunitsa,  T. Kus,  A. Landau,  K. V. Lawler,  D. Lefrancois,  S. Lehtola,  
 Rain Li,  Shaozhi Li,  Yi-Pei Li,  Jiashu Liang,  M. Liebenthal,  
 Hung-Hsuan Lin,  You-Sheng Lin,  Fenglai Liu,  Kuan-Yu Liu,  
 M. Loipersberger,  A. Luenser,  C. Malbon,  A. Manjanath,  P. Manohar,  
 E. Mansoor,  S. F. Manzer,  Shan-Ping Mao,  A. V. Marenich,  T. Markovich,  
 S. Mason,  F. Matz,  S. A. Maurer,  P. F. McLaughlin,  M. F. S. J. Menger,  
 J.-M. Mewes,  S. A. Mewes,  P. Morgante,  Mohammad Mostafanejad,  
 J. W. Mullinax,  K. J. Oosterbaan,  G. Paran,  V. Parravicini,  
 Alexander C. Paul,  Suranjan K. Paul,  F. Pavosevic,  Zheng Pei,  S. Prager,  
 E. I. Proynov,  E. Ramos,  B. Rana,  A. E. Rask,  A. Rettig,  R. M. Richard,  
 F. Rob,  E. Rossomme,  T. Scheele,  M. Scheurer,  M. Schneider,  
 P. E. Schneider,  N. Sergueev,  S. M. Sharada,  Hengyuan Shen,  
 W. Skomorowski,  D. W. Small,  C. J. Stein,  Yingli Su,  Yu-Chuan Su,  
 E. J. Sundstrom,  Zhen Tao,  J. Thirman,  Hung-Yi Tsai,  T. Tsuchimochi,  
 N. M. Tubman,  C. Utku,  S. P. Veccham,  O. Vydrov,  J. Wenzel,  
 Jonathan Wong,  J. Witte,  A. Yamada,  Chou-Hsun Yang,  Kun Yao,  
 S. Yeganeh,  S. R. Yost,  A. Zech,  F. Zeller,  Igor Ying Zhang,  
 Xing Zhang,  Yu Zhang,  D. Zuev,  A. Aspuru-Guzik,  A. T. Bell,  
 N. A. Besley,  K. B. Bravaya,  B. R. Brooks,  D. Casanova,  Jeng-Da Chai,  
 Hsing-Ta Chen,  S. Coriani,  C. J. Cramer,  A. E. DePrince, III,  
 R. A. DiStasio Jr.,  A. Dreuw,  B. D. Dunietz,  T. R. Furlani,  
 W. A. Goddard III,  S. Grimme,  S. Hammes-Schiffer,  T. Head-Gordon,  
 W. J. Hehre,  Chao-Ping Hsu,  T.-C. Jagau,  Yousung Jung,  A. Klamt,  
 Jing Kong,  D. S. Lambrecht,  Xiangyuan Li,  WanZhen Liang,  N. J. Mayhall,  
 C. W. McCurdy,  J. B. Neaton,  T. Neudecker,  C. Ochsenfeld,  
 J. A. Parkhill,  R. Peverati,  V. A. Rassolov,  Haisheng Ren,  Yihan Shao,  
 L. V. Slipchenko,  R. P. Steele,  J. E. Subotnik,  A. J. W. Thom,  
 A. Tkatchenko,  D. G. Truhlar,  T. Van Voorhis,  Fan Wang,  
 T. A. Wesolowski,  K. B. Whaley,  H. L. Woodcock III,  P. M. Zimmerman,  
 S. Faraji,  P. M. W. Gill,  M. Head-Gordon,  J. M. Herbert,  A. I. Krylov

 Contributors to earlier versions of Q-Chem not listed above: 
 R. D. Adamson,  B. Austin,  R. Baer,  J. Baker,  G. J. O. Beran,  
 K. Brandhorst,  S. T. Brown,  E. F. C. Byrd,  Arup K. Chakraborty,  
 G. K. L. Chan,  Chun-Min Chang,  Yunqing Chen,  C.-L. Cheng,  
 Siu Hung Chien,  D. M. Chipman,  D. L. Crittenden,  H. Dachsel,  
 R. J. Doerksen,  A. D. Dutoi,  R. G. Edgar,  J. Fosso-Tande,  
 L. Fusti-Molnar,  D. Ghosh,  A. Ghysels,  A. Golubeva-Zadorozhnaya,  
 J. Gonthier,  M. S. Gordon,  S. R. Gwaltney,  G. Hawkins,  J. E. Herr,  
 A. Heyden,  S. Hirata,  E. G. Hohenstein,  G. Kedziora,  F. J. Keil,  
 C. Kelley,  Jihan Kim,  R. A. King,  R. Z. Khaliullin,  P. P. Korambath,  
 W. Kurlancheek,  A. Laurent,  A. M. Lee,  M. S. Lee,  S. V. Levchenko,  
 Ching Yeh Lin,  D. Liotard,  E. Livshits,  R. C. Lochan,  I. Lotan,  
 L. A. Martinez-Martinez,  P. E. Maslen,  N. Nair,  D. P. O'Neill,  
 D. Neuhauser,  E. Neuscamman,  C. M. Oana,  R. Olivares-Amaya,  R. Olson,  
 T. M. Perrine,  B. Peters,  P. A. Pieniazek,  A. Prociuk,  Y. M. Rhee,  
 J. Ritchie,  M. A. Rohrdanz,  E. Rosta,  N. J. Russ,  H. F. Schaefer III,  
 M. W. Schmidt,  N. E. Schultz,  S. Sharma,  N. Shenvi,  C. D. Sherrill,  
 A. C. Simmonett,  A. Sodt,  T. Stein,  D. Stuck,  K. S. Thanthiriwatte,  
 V. Vanovschi,  L. Vogt,  Tao Wang,  A. Warshel,  M. A. Watson,  
 C. F. Williams,  Q. Wu,  X. Xu,  Jun Yang,  W. Zhang,  Yan Zhao

   Please cite Q-Chem as follows:
  "Software for the frontiers of quantum chemistry:
   An overview of developments in the Q-Chem 5 package"
   J. Chem. Phys. 155, 084801 (2021)
   https://doi.org/10.1063/5.0055522 (open access)

 Q-Chem 6.0.2 for Intel X86 EM64T Linux

 Parts of Q-Chem use Armadillo 9.900.5 (Nocturnal Misbehaviour).
 http://arma.sourceforge.net/

 Q-Chem begins on Mon Jan 27 08:47:24 2025  

 Host: 
0

     Scratch files written to /expanse/lustre/scratch/whughes/temp_project/job_36546907/hat8-p1-triplet-wb97xd-M06-readSCF-36546907//
 Dec722 |scratch|qcdevops|jenkins|workspace|build_RNUM    
 Processing $rem in /cm/shared/apps/spack/0.17.3/cpu/b/opt/spack/linux-rocky8-zen2/gcc-10.2.0/qchem-6.0-rytxnwjazd34ekd2gqyi5ufsaimxsd3r/config/preferences:
 Processing $rem in /home/whughes/.qchemrc:

 Checking the input file for inconsistencies... 	...done.

--------------------------------------------------------------
User input:
--------------------------------------------------------------
$molecule
read hat8-p1-triplet-wb97xd.xyz
$end

$rem
METHOD      B97M-V
BASIS       def2-QZVPP
SYM_IGNORE   TRUE
DFT_D       false
MAX_SCF_CYCLES 300
$end

--------------------------------------------------------------
 ----------------------------------------------------------------
             Standard Nuclear Orientation (Angstroms)
    I     Atom           X                Y                Z
 ----------------------------------------------------------------
    1      C      -1.3413555787    -1.0246404145    -2.1949838282
    2      C      -1.6337146330    -0.2840484690    -1.0593535451
    3      C      -0.6702974547    -0.0290873427    -0.0703058474
    4      C       0.6580873313    -0.5157536228    -0.2910663012
    5      C       0.9180994356    -1.2744076828    -1.4221241157
    6      C      -0.0710478559    -1.5373371466    -2.3696230817
    7      C      -1.0311602922     0.6264900917     1.1381450365
    8      C      -2.3999198733     1.1331336719     1.4275420490
    9      C       1.7381403844    -0.2381292085     0.6500121238
   10      C       2.1421480736     1.1335925701     1.0707508301
   11      O       2.7277120225    -1.1805437664     0.6572608057
   12      H      -2.1146567861    -1.2125238116    -2.9290720571
   13      H      -2.6438835250     0.0763827606    -0.9143534709
   14      H       1.9180115220    -1.6594710962    -1.5699624137
   15      H       0.1651455649    -2.1351546971    -3.2407327101
   16      H      -0.2981156549     0.6762732732     1.9309027182
   17      H      -2.7472969231     1.8310554251     0.6587156797
   18      H      -3.1356236482     0.3201739230     1.4641659050
   19      H      -2.4324293952     1.6491176336     2.3861643077
   20      H       2.9411599995     1.5141513877     0.4177998986
   21      H       1.3130616458     1.8339337999     1.0036570554
   22      H       2.5209937435     1.1491025166     2.0989156443
   23      H       3.4769398973    -0.8523097952     1.1575463172
 ----------------------------------------------------------------
 Nuclear Repulsion Energy =         580.83012959 hartrees
 There are       41 alpha and       39 beta electrons
 Requested basis set is def2-QZVPP
 There are 307 shells and 987 basis functions

 Total QAlloc Memory Limit   8000 MB
 Mega-Array Size       188 MB
 MEM_STATIC part       192 MB

 A cutoff of  1.0D-09 yielded  31879 shell pairs
 There are    316189 function pairs (    469235 Cartesian)
 Smallest overlap matrix eigenvalue = 5.39E-06

 Q-Chem warning in module stvman/mkSTV.C, line 305:

 Overlap eigenvalue is smaller than square root of threshold
 Use THRESH >= 12 to get rid of this warning


 Scale SEOQF with 1.000000e-01/1.000000e-01/1.000000e-01

 Standard Electronic Orientation quadrupole field applied
 Nucleus-field energy     =    -0.0000000017 hartrees
 Guess from superposition of atomic densities
 Warning:  Energy on first SCF cycle will be non-variational
 SAD guess density has 80.000000 electrons

 -----------------------------------------------------------------------
  General SCF calculation program by
  Eric Jon Sundstrom, Paul Horn, Yuezhi Mao, Dmitri Zuev, Alec White,
  David Stuck, Shaama M.S., Shane Yost, Joonho Lee, David Small,
  Daniel Levine, Susi Lehtola, Hugh Burton, Evgeny Epifanovsky,
  Bang C. Huynh
 -----------------------------------------------------------------------
 Exchange:  B97M-V      Correlation:  B97M-V
 Using SG-2 standard quadrature grid
 Nonlocal Correlation:  VV10 with C = 0.0100 and b = 6.00 and scale = 1.00000
 Grid used for NLC:  SG-1 standard quadrature
 using 32 threads for integral computing
 -------------------------------------------------------
 OpenMP Integral computing Module                
 Release: version 1.0, May 2013, Q-Chem Inc. Pittsburgh 
 -------------------------------------------------------
 A unrestricted SCF calculation will be
 performed using DIIS
 SCF converges when DIIS error is below 1.0e-05
 ---------------------------------------
  Cycle       Energy         DIIS error
 ---------------------------------------
    1    -465.5690850766      5.87e-03  
    2    -463.3380309905      7.38e-04  
    3    -463.0398404684      1.03e-03  
    4    -463.5534105952      3.32e-04  
    5    -463.6113738126      1.30e-04  
    6    -463.6195726722      6.88e-05  
    7    -463.6220555697      1.81e-05  
    8    -463.6222196345      8.18e-06  Convergence criterion met
 ---------------------------------------
 SCF time:   CPU 3770.43s  wall 121.00s 
<S^2> =          2.014142230
 SCF   energy in the final basis set =     -463.6222196345
 Total energy in the final basis set =     -463.6222196345
 
 --------------------------------------------------------------
 
                    Orbital Energies (a.u.)
 --------------------------------------------------------------
 
 Alpha MOs
 -- Occupied --
-19.1855 -10.2402 -10.1893 -10.1870 -10.1865 -10.1856 -10.1756 -10.1745
-10.1723 -10.1706 -10.1685  -1.0594  -0.8433  -0.7729  -0.7612  -0.7163
 -0.7037  -0.6341  -0.6094  -0.5627  -0.5377  -0.4873  -0.4722  -0.4474
 -0.4322  -0.4138  -0.4107  -0.3978  -0.3956  -0.3751  -0.3656  -0.3533
 -0.3473  -0.3392  -0.3324  -0.3127  -0.3061  -0.2601  -0.2430  -0.1656
 -0.1242
 -- Virtual --
 -0.0203  -0.0085  -0.0040   0.0136   0.0267   0.0375   0.0493   0.0559
  0.0602   0.0680   0.0733   0.0792   0.0856   0.0987   0.1090   0.1130
  0.1182   0.1260   0.1304   0.1339   0.1436   0.1590   0.1599   0.1652
  0.1753   0.1825   0.1837   0.1947   0.2053   0.2082   0.2165   0.2275
  0.2305   0.2372   0.2460   0.2542   0.2603   0.2632   0.2716   0.2724
  0.2815   0.2862   0.2890   0.2908   0.2968   0.2995   0.3050   0.3082
  0.3131   0.3154   0.3221   0.3281   0.3396   0.3432   0.3480   0.3565
  0.3632   0.3669   0.3764   0.3903   0.3921   0.4027   0.4118   0.4211
  0.4386   0.4423   0.4496   0.4517   0.4638   0.4716   0.4813   0.4863
  0.4931   0.5001   0.5060   0.5148   0.5256   0.5298   0.5375   0.5508
  0.5559   0.5624   0.5733   0.5850   0.5940   0.6004   0.6079   0.6146
  0.6211   0.6277   0.6339   0.6571   0.6632   0.6679   0.6743   0.6807
  0.6945   0.7039   0.7083   0.7198   0.7242   0.7288   0.7417   0.7494
  0.7580   0.7606   0.7697   0.7815   0.7852   0.7931   0.8000   0.8089
  0.8102   0.8138   0.8241   0.8262   0.8296   0.8415   0.8488   0.8514
  0.8564   0.8696   0.8744   0.8806   0.8889   0.8939   0.9052   0.9098
  0.9122   0.9224   0.9308   0.9372   0.9399   0.9498   0.9556   0.9673
  0.9736   0.9841   0.9918   0.9960   1.0132   1.0167   1.0197   1.0234
  1.0363   1.0433   1.0474   1.0559   1.0597   1.0786   1.0812   1.0876
  1.0884   1.0939   1.1120   1.1127   1.1275   1.1324   1.1422   1.1472
  1.1591   1.1762   1.1853   1.2000   1.2058   1.2185   1.2210   1.2278
  1.2313   1.2454   1.2614   1.2636   1.2805   1.2872   1.3009   1.3138
  1.3178   1.3292   1.3398   1.3468   1.3634   1.3755   1.3794   1.3990
  1.4051   1.4198   1.4297   1.4485   1.4639   1.4668   1.4813   1.4987
  1.5105   1.5168   1.5326   1.5524   1.5568   1.5634   1.5806   1.5857
  1.5935   1.6146   1.6410   1.6444   1.6583   1.6696   1.6782   1.6955
  1.7019   1.7116   1.7228   1.7332   1.7486   1.7606   1.7764   1.7884
  1.8027   1.8091   1.8141   1.8380   1.8445   1.8535   1.8554   1.8651
  1.8686   1.8749   1.8783   1.8889   1.8945   1.9167   1.9215   1.9268
  1.9412   1.9476   1.9612   1.9646   1.9847   1.9896   2.0040   2.0114
  2.0198   2.0287   2.0330   2.0419   2.0450   2.0632   2.0743   2.0847
  2.0902   2.0954   2.1072   2.1150   2.1197   2.1270   2.1393   2.1462
  2.1488   2.1632   2.1636   2.1769   2.1804   2.1871   2.1951   2.1979
  2.2060   2.2137   2.2204   2.2284   2.2397   2.2473   2.2535   2.2675
  2.2794   2.2837   2.2868   2.2992   2.3026   2.3137   2.3219   2.3317
  2.3375   2.3447   2.3561   2.3598   2.3689   2.3762   2.3897   2.3944
  2.4052   2.4167   2.4213   2.4259   2.4341   2.4451   2.4547   2.4686
  2.4765   2.4919   2.4989   2.5051   2.5138   2.5190   2.5404   2.5511
  2.5547   2.5611   2.5701   2.5756   2.5902   2.5986   2.6084   2.6129
  2.6232   2.6238   2.6367   2.6388   2.6489   2.6575   2.6660   2.6706
  2.6824   2.6981   2.7064   2.7130   2.7257   2.7334   2.7366   2.7448
  2.7529   2.7645   2.7737   2.7834   2.7840   2.7936   2.8134   2.8170
  2.8217   2.8361   2.8378   2.8450   2.8534   2.8633   2.8778   2.8819
  2.8838   2.8917   2.9066   2.9215   2.9266   2.9370   2.9421   2.9529
  2.9584   2.9621   2.9723   2.9899   2.9962   3.0111   3.0138   3.0263
  3.0375   3.0538   3.0651   3.0766   3.0890   3.0917   3.1037   3.1330
  3.1347   3.1452   3.1455   3.1635   3.1687   3.1825   3.1869   3.2037
  3.2117   3.2369   3.2420   3.2504   3.2549   3.2610   3.2967   3.3174
  3.3209   3.3267   3.3379   3.3550   3.3567   3.3727   3.3908   3.3964
  3.4170   3.4341   3.4632   3.4728   3.4763   3.4885   3.4979   3.5117
  3.5204   3.5440   3.5530   3.5643   3.5668   3.5790   3.5858   3.5920
  3.6074   3.6130   3.6234   3.6432   3.6497   3.6649   3.6860   3.6914
  3.6936   3.7003   3.7152   3.7222   3.7494   3.7655   3.7958   3.8106
  3.8197   3.8347   3.8510   3.8600   3.8800   3.8970   3.9182   3.9257
  3.9436   3.9665   3.9807   4.0009   4.0211   4.0495   4.0532   4.0645
  4.0852   4.0877   4.0919   4.1146   4.1236   4.1623   4.1823   4.2050
  4.2286   4.2553   4.2738   4.2833   4.3123   4.3173   4.3637   4.3784
  4.3987   4.4154   4.4369   4.4564   4.4803   4.4946   4.5044   4.5337
  4.5427   4.5788   4.5826   4.6233   4.6546   4.6866   4.7044   4.7161
  4.7587   4.7904   4.8022   4.8406   4.9219   4.9456   4.9749   5.0129
  5.0276   5.0647   5.0904   5.1056   5.1449   5.1644   5.1984   5.2234
  5.2457   5.2659   5.2761   5.2820   5.2912   5.3022   5.3214   5.3536
  5.3622   5.3701   5.3806   5.3986   5.4058   5.4250   5.4419   5.4423
  5.4550   5.4632   5.4806   5.4975   5.5068   5.5351   5.5531   5.5627
  5.5895   5.5988   5.6077   5.6291   5.6405   5.6677   5.6716   5.6846
  5.6978   5.7046   5.7133   5.7283   5.7375   5.7548   5.7766   5.7818
  5.7957   5.8088   5.8206   5.8380   5.8510   5.8603   5.8635   5.8896
  5.8981   5.9202   5.9395   5.9528   5.9597   5.9825   6.0119   6.0148
  6.0464   6.0506   6.0559   6.0600   6.0786   6.0866   6.1025   6.1082
  6.1173   6.1266   6.1334   6.1508   6.1582   6.1634   6.1792   6.1836
  6.1839   6.2023   6.2126   6.2184   6.2288   6.2346   6.2400   6.2507
  6.2637   6.2658   6.2792   6.2837   6.2967   6.3084   6.3168   6.3269
  6.3351   6.3534   6.3665   6.3720   6.3862   6.3924   6.3978   6.4062
  6.4128   6.4243   6.4298   6.4433   6.4563   6.4611   6.4667   6.4833
  6.4890   6.4971   6.5000   6.5034   6.5213   6.5237   6.5341   6.5512
  6.5603   6.5674   6.5764   6.5830   6.5962   6.6081   6.6129   6.6218
  6.6353   6.6439   6.6508   6.6577   6.6649   6.6760   6.6802   6.6901
  6.7009   6.7186   6.7211   6.7319   6.7364   6.7545   6.7608   6.7626
  6.7666   6.7880   6.7983   6.8067   6.8169   6.8296   6.8360   6.8535
  6.8540   6.8617   6.8810   6.8971   6.9025   6.9090   6.9170   6.9297
  6.9308   6.9482   6.9603   6.9677   6.9829   6.9955   7.0042   7.0108
  7.0192   7.0274   7.0314   7.0451   7.0588   7.0805   7.0832   7.0868
  7.1078   7.1308   7.1423   7.1521   7.1672   7.1918   7.1964   7.2025
  7.2302   7.2503   7.2591   7.2756   7.2873   7.2916   7.3165   7.3281
  7.3566   7.3598   7.3709   7.3790   7.3894   7.4128   7.4233   7.4451
  7.4590   7.4671   7.4781   7.4873   7.4929   7.5306   7.5402   7.5485
  7.5620   7.5895   7.6035   7.6231   7.6305   7.6392   7.6514   7.6803
  7.6888   7.7092   7.7293   7.7366   7.7543   7.7735   7.7937   7.8016
  7.8058   7.8292   7.8333   7.8394   7.8538   7.8643   7.8793   7.8938
  7.9057   7.9156   7.9385   7.9616   7.9686   7.9764   8.0035   8.0131
  8.0154   8.0432   8.0784   8.0963   8.1102   8.1219   8.1294   8.1439
  8.1546   8.1731   8.1920   8.2015   8.2116   8.2183   8.2366   8.2603
  8.2669   8.2842   8.2958   8.2980   8.3029   8.3159   8.3250   8.3447
  8.3490   8.3659   8.3847   8.4020   8.4109   8.4178   8.4297   8.4440
  8.4494   8.4721   8.4776   8.4987   8.5238   8.5257   8.5440   8.5515
  8.5768   8.5901   8.6006   8.6237   8.6437   8.6792   8.6853   8.6933
  8.7147   8.7153   8.7360   8.7411   8.7462   8.7595   8.7670   8.7746
  8.7944   8.8040   8.8139   8.8271   8.8522   8.8566   8.8665   8.8797
  8.8863   8.9034   8.9151   8.9228   8.9381   8.9515   8.9531   8.9598
  8.9728   8.9918   8.9971   9.0016   9.0153   9.0232   9.0343   9.0473
  9.0649   9.0850   9.0986   9.1031   9.1052   9.1181   9.1337   9.1400
  9.1437   9.1589   9.1724   9.1811   9.2047   9.2077   9.2236   9.2303
  9.2454   9.2517   9.2912   9.3123   9.3130   9.3320   9.3517   9.3571
  9.3614   9.3701   9.3890   9.3919   9.4022   9.4252   9.4336   9.4578
  9.4610   9.4713   9.4832   9.5102   9.5194   9.5446   9.5633   9.6364
  9.7178   9.8027   9.8063   9.8412   9.8969   9.9376   9.9542   9.9747
  9.9888  10.0220  10.0375  10.0457  10.0770  10.1029  10.1319  10.1716
 10.2020  10.2280  10.2705  10.2916  10.3123  10.3291  10.3856  10.3966
 10.4169  10.4244  10.4409  10.4579  10.4698  10.4889  10.5036  10.5204
 10.5372  10.5491  10.5645  10.5863  10.6273  10.6602  10.7435  10.7515
 10.7951  10.8162  10.8212  10.8456  10.8872  10.8980  10.9125  10.9324
 11.0129  11.0583  11.0834  11.1329  11.2668  11.3036  11.3335  11.4547
 11.4774  11.8875  11.8950  12.0625  12.1405  12.2291  12.2392  12.3129
 12.3378  12.4078  12.4586  12.5071  12.5574  12.5747  12.7983  12.9625
 13.0295  13.0810  13.1794  13.2095  13.5003  13.5885  13.6192  13.7153
 14.4621  14.6915  14.9998  17.3321  28.6587  29.0086  29.1258  29.2462
 29.3907  29.6837  29.7489  29.8170  29.8624  30.1361  49.3670 150.6149
150.9374 151.0632 151.1561 151.2840 151.5535 151.6174 151.7488 151.7874
152.0220 258.5221
 
 Beta MOs
 -- Occupied --
-19.1815 -10.2280 -10.1868 -10.1865 -10.1861 -10.1785 -10.1761 -10.1719
-10.1704 -10.1698 -10.1672  -1.0510  -0.8368  -0.7610  -0.7490  -0.7114
 -0.6987  -0.6246  -0.5986  -0.5569  -0.5275  -0.4805  -0.4640  -0.4413
 -0.4241  -0.4075  -0.4028  -0.3935  -0.3846  -0.3717  -0.3603  -0.3445
 -0.3392  -0.3304  -0.3200  -0.3079  -0.3018  -0.2401  -0.2264
 -- Virtual --
 -0.1078  -0.0643  -0.0055   0.0030   0.0154   0.0168   0.0291   0.0418
  0.0525   0.0586   0.0650   0.0727   0.0776   0.0838   0.0897   0.1032
  0.1122   0.1168   0.1239   0.1326   0.1366   0.1403   0.1473   0.1621
  0.1640   0.1692   0.1836   0.1861   0.1908   0.1982   0.2133   0.2160
  0.2272   0.2330   0.2373   0.2428   0.2535   0.2576   0.2664   0.2735
  0.2763   0.2789   0.2878   0.2901   0.2941   0.2956   0.3007   0.3030
  0.3103   0.3127   0.3191   0.3225   0.3277   0.3326   0.3476   0.3485
  0.3537   0.3620   0.3683   0.3699   0.3828   0.3963   0.3980   0.4098
  0.4203   0.4244   0.4440   0.4458   0.4540   0.4561   0.4702   0.4776
  0.4874   0.4900   0.4999   0.5066   0.5132   0.5204   0.5300   0.5348
  0.5429   0.5565   0.5611   0.5695   0.5791   0.5908   0.6006   0.6074
  0.6150   0.6192   0.6258   0.6333   0.6399   0.6623   0.6705   0.6726
  0.6797   0.6891   0.7010   0.7125   0.7147   0.7256   0.7302   0.7357
  0.7500   0.7579   0.7654   0.7673   0.7751   0.7887   0.7912   0.7999
  0.8060   0.8143   0.8171   0.8206   0.8297   0.8318   0.8356   0.8459
  0.8562   0.8587   0.8631   0.8786   0.8807   0.8892   0.8983   0.8987
  0.9117   0.9164   0.9196   0.9292   0.9392   0.9450   0.9473   0.9560
  0.9608   0.9733   0.9802   0.9908   0.9992   1.0024   1.0205   1.0242
  1.0274   1.0281   1.0429   1.0520   1.0552   1.0632   1.0662   1.0861
  1.0884   1.0938   1.0958   1.1031   1.1202   1.1209   1.1336   1.1409
  1.1506   1.1536   1.1663   1.1832   1.1920   1.2072   1.2148   1.2253
  1.2274   1.2355   1.2394   1.2517   1.2687   1.2716   1.2891   1.2957
  1.3086   1.3209   1.3250   1.3364   1.3470   1.3553   1.3704   1.3846
  1.3874   1.4060   1.4156   1.4263   1.4370   1.4557   1.4714   1.4730
  1.4874   1.5078   1.5169   1.5248   1.5418   1.5621   1.5643   1.5716
  1.5882   1.5935   1.6017   1.6216   1.6489   1.6545   1.6687   1.6764
  1.6861   1.7057   1.7093   1.7199   1.7323   1.7402   1.7591   1.7696
  1.7859   1.7995   1.8139   1.8207   1.8237   1.8480   1.8550   1.8638
  1.8642   1.8733   1.8804   1.8843   1.8883   1.8982   1.9068   1.9257
  1.9312   1.9376   1.9517   1.9586   1.9726   1.9764   1.9934   2.0005
  2.0139   2.0212   2.0280   2.0396   2.0436   2.0513   2.0540   2.0740
  2.0847   2.0940   2.0988   2.1038   2.1166   2.1277   2.1302   2.1399
  2.1522   2.1581   2.1621   2.1717   2.1763   2.1870   2.1901   2.1990
  2.2064   2.2099   2.2181   2.2258   2.2283   2.2380   2.2485   2.2572
  2.2638   2.2788   2.2882   2.2950   2.2978   2.3105   2.3143   2.3242
  2.3326   2.3424   2.3488   2.3541   2.3686   2.3722   2.3794   2.3866
  2.4010   2.4041   2.4157   2.4275   2.4339   2.4361   2.4464   2.4613
  2.4671   2.4818   2.4855   2.5013   2.5096   2.5188   2.5263   2.5313
  2.5489   2.5616   2.5651   2.5705   2.5817   2.5861   2.5987   2.6096
  2.6185   2.6241   2.6336   2.6352   2.6477   2.6495   2.6594   2.6670
  2.6747   2.6800   2.6946   2.7085   2.7167   2.7233   2.7360   2.7432
  2.7474   2.7530   2.7646   2.7744   2.7863   2.7922   2.7942   2.8034
  2.8236   2.8275   2.8311   2.8452   2.8486   2.8566   2.8627   2.8739
  2.8852   2.8905   2.8969   2.9025   2.9169   2.9329   2.9373   2.9470
  2.9516   2.9619   2.9695   2.9700   2.9862   3.0000   3.0053   3.0210
  3.0246   3.0363   3.0474   3.0673   3.0757   3.0896   3.0999   3.1028
  3.1131   3.1426   3.1447   3.1541   3.1586   3.1762   3.1799   3.1949
  3.1984   3.2156   3.2229   3.2487   3.2511   3.2628   3.2656   3.2729
  3.3069   3.3288   3.3301   3.3398   3.3495   3.3644   3.3703   3.3860
  3.4011   3.4088   3.4294   3.4469   3.4742   3.4825   3.4895   3.5008
  3.5083   3.5267   3.5324   3.5555   3.5637   3.5764   3.5784   3.5908
  3.5992   3.6056   3.6179   3.6232   3.6337   3.6514   3.6580   3.6766
  3.6979   3.7042   3.7065   3.7123   3.7304   3.7320   3.7608   3.7780
  3.8083   3.8215   3.8325   3.8472   3.8637   3.8757   3.8926   3.9115
  3.9289   3.9363   3.9537   3.9769   3.9960   4.0165   4.0350   4.0586
  4.0628   4.0719   4.0945   4.0989   4.1022   4.1257   4.1375   4.1763
  4.1956   4.2183   4.2421   4.2638   4.2850   4.2942   4.3217   4.3317
  4.3766   4.3901   4.4096   4.4268   4.4507   4.4687   4.4921   4.5072
  4.5166   4.5459   4.5572   4.5929   4.5978   4.6386   4.6687   4.7001
  4.7231   4.7301   4.7691   4.8039   4.8130   4.8521   4.9361   4.9576
  4.9907   5.0251   5.0390   5.0738   5.1023   5.1164   5.1565   5.1752
  5.2110   5.2345   5.2615   5.2771   5.2876   5.2929   5.3040   5.3168
  5.3332   5.3642   5.3771   5.3809   5.3920   5.4117   5.4161   5.4372
  5.4477   5.4508   5.4659   5.4789   5.4896   5.5075   5.5227   5.5443
  5.5666   5.5746   5.6004   5.6089   5.6215   5.6414   5.6521   5.6800
  5.6843   5.6963   5.7102   5.7141   5.7263   5.7361   5.7548   5.7674
  5.7870   5.7938   5.8066   5.8219   5.8323   5.8473   5.8625   5.8736
  5.8747   5.9014   5.9126   5.9359   5.9538   5.9656   5.9737   5.9924
  6.0233   6.0285   6.0571   6.0637   6.0670   6.0742   6.0906   6.0973
  6.1129   6.1245   6.1315   6.1377   6.1443   6.1623   6.1708   6.1761
  6.1924   6.1943   6.1986   6.2120   6.2223   6.2274   6.2421   6.2470
  6.2495   6.2596   6.2744   6.2751   6.2880   6.2915   6.3084   6.3186
  6.3292   6.3408   6.3506   6.3657   6.3774   6.3841   6.3992   6.4018
  6.4086   6.4155   6.4271   6.4356   6.4419   6.4550   6.4671   6.4710
  6.4779   6.4914   6.4996   6.5062   6.5088   6.5121   6.5287   6.5337
  6.5428   6.5602   6.5708   6.5775   6.5857   6.5910   6.6091   6.6222
  6.6262   6.6306   6.6457   6.6569   6.6603   6.6683   6.6787   6.6909
  6.6913   6.6976   6.7136   6.7309   6.7334   6.7429   6.7481   6.7682
  6.7718   6.7753   6.7795   6.8002   6.8087   6.8206   6.8325   6.8403
  6.8479   6.8640   6.8662   6.8752   6.8895   6.9073   6.9107   6.9175
  6.9299   6.9447   6.9463   6.9604   6.9747   6.9796   6.9950   7.0084
  7.0147   7.0224   7.0302   7.0364   7.0420   7.0647   7.0718   7.0880
  7.0940   7.1037   7.1211   7.1432   7.1587   7.1633   7.1806   7.2045
  7.2079   7.2179   7.2537   7.2656   7.2736   7.2896   7.3030   7.3068
  7.3291   7.3395   7.3675   7.3753   7.3848   7.3930   7.4070   7.4259
  7.4358   7.4615   7.4738   7.4848   7.4992   7.5006   7.5102   7.5453
  7.5552   7.5599   7.5731   7.6082   7.6185   7.6344   7.6417   7.6544
  7.6637   7.6921   7.6990   7.7208   7.7473   7.7516   7.7648   7.7873
  7.8042   7.8148   7.8180   7.8420   7.8449   7.8540   7.8577   7.8783
  7.8893   7.9079   7.9149   7.9234   7.9483   7.9691   7.9798   7.9879
  8.0091   8.0110   8.0299   8.0546   8.0931   8.1081   8.1189   8.1287
  8.1399   8.1505   8.1673   8.1827   8.2024   8.2120   8.2228   8.2296
  8.2464   8.2714   8.2773   8.2932   8.3050   8.3080   8.3117   8.3249
  8.3334   8.3543   8.3598   8.3734   8.3919   8.4138   8.4191   8.4322
  8.4389   8.4468   8.4604   8.4833   8.4860   8.5101   8.5314   8.5327
  8.5496   8.5680   8.5872   8.5995   8.6124   8.6238   8.6541   8.6911
  8.6972   8.7006   8.7199   8.7261   8.7441   8.7495   8.7563   8.7667
  8.7760   8.7882   8.8069   8.8186   8.8257   8.8392   8.8607   8.8640
  8.8732   8.8881   8.8957   8.9155   8.9212   8.9347   8.9485   8.9581
  8.9645   8.9664   8.9812   8.9990   9.0041   9.0118   9.0196   9.0288
  9.0435   9.0590   9.0742   9.0868   9.1124   9.1146   9.1182   9.1253
  9.1365   9.1480   9.1566   9.1672   9.1741   9.1884   9.2161   9.2198
  9.2327   9.2405   9.2546   9.2676   9.3018   9.3154   9.3281   9.3399
  9.3529   9.3652   9.3691   9.3768   9.3916   9.4038   9.4107   9.4337
  9.4423   9.4704   9.4738   9.4804   9.4964   9.5251   9.5331   9.5569
  9.5882   9.6565   9.7047   9.8238   9.8421   9.8677   9.9045   9.9462
  9.9565  10.0053  10.0091  10.0397  10.0469  10.0568  10.0870  10.1085
 10.1439  10.1680  10.2044  10.2133  10.2643  10.3142  10.3387  10.3446
 10.3800  10.4030  10.4221  10.4415  10.4609  10.4745  10.4827  10.5043
 10.5086  10.5371  10.5403  10.5501  10.5820  10.5911  10.6429  10.6725
 10.7487  10.7710  10.8027  10.8211  10.8361  10.8628  10.9087  10.9120
 10.9307  10.9533  11.0256  11.0726  11.0971  11.1453  11.2717  11.3240
 11.3445  11.4589  11.5036  11.9139  11.9186  12.0904  12.1672  12.2354
 12.2639  12.3373  12.3645  12.4244  12.4886  12.5216  12.5456  12.6051
 12.8270  12.9777  13.0005  13.0223  13.1586  13.2338  13.4818  13.6078
 13.6356  13.7445  14.4835  14.7185  15.0262  17.3419  28.6624  29.0435
 29.1370  29.2572  29.4085  29.6949  29.7553  29.8220  29.8681  30.1423
 49.3826 150.6170 150.9623 151.0700 151.1600 151.2956 151.5604 151.6217
151.7485 151.7870 152.0252 258.5296
 --------------------------------------------------------------
 
          Ground-State Mulliken Net Atomic Charges

     Atom                 Charge (a.u.)    Spin (a.u.)
  --------------------------------------------------------
      1 C                    -0.310416       0.019808
      2 C                    -0.259051       0.207198
      3 C                     0.286387      -0.104580
      4 C                     0.172388       0.036938
      5 C                    -0.259798       0.084146
      6 C                    -0.276862       0.169397
      7 C                    -0.391156       0.719644
      8 C                    -0.531689      -0.012435
      9 C                     0.089526       0.751563
     10 C                    -0.549304      -0.013179
     11 O                    -0.272017       0.076147
     12 H                     0.222778      -0.004616
     13 H                     0.176699      -0.003163
     14 H                     0.171360      -0.001141
     15 H                     0.216974      -0.006725
     16 H                     0.213678       0.000226
     17 H                     0.201335       0.015304
     18 H                     0.196612       0.025492
     19 H                     0.169195      -0.000670
     20 H                     0.190621       0.039071
     21 H                     0.196166       0.004155
     22 H                     0.171764      -0.002228
     23 H                     0.174810      -0.000352
  --------------------------------------------------------
  Sum of atomic charges =    -0.000000
  Sum of spin   charges =     2.000000

 -----------------------------------------------------------------
                    Cartesian Multipole Moments
 -----------------------------------------------------------------
    Charge (ESU x 10^10)
                -0.0000
    Dipole Moment (Debye)
         X       1.0261      Y       1.3821      Z       1.1953
       Tot       2.0957
    Quadrupole Moments (Debye-Ang)
        XX     -57.1169     XY       0.4352     YY     -69.8925
        XZ       3.5498     YZ       3.2596     ZZ     -64.0961
    Octopole Moments (Debye-Ang^2)
       XXX      13.0139    XXY      16.3777    XYY      -6.3909
       YYY      49.7717    XXZ      23.9035    XYZ      -0.8148
       YYZ       8.1206    XZZ      -1.2456    YZZ       8.0727
       ZZZ      33.6657
    Hexadecapole Moments (Debye-Ang^3)
      XXXX   -1103.6725   XXXY      60.7323   XXYY    -301.7471
      XYYY      75.7533   YYYY    -511.1735   XXXZ      -4.7999
      XXYZ     -77.1065   XYYZ     -31.5854   YYYZ    -220.4983
      XXZZ    -318.5513   XYZZ      21.5720   YYZZ    -211.0393
      XZZZ     -55.7348   YZZZ    -189.3447   ZZZZ    -834.5663
 -----------------------------------------------------------------
 Total job time:  123.80s(wall), 3814.04s(cpu) 
 Mon Jan 27 08:49:27 2025

        *************************************************************
        *                                                           *
        *  Thank you very much for using Q-Chem.  Have a nice day.  *
        *                                                           *
        *************************************************************



Running Job 2 of 2 hat8-p1-triplet-wb97xd-M06-readSCF.in
qchem hat8-p1-triplet-wb97xd-M06-readSCF.in_4018022.1 /expanse/lustre/scratch/whughes/temp_project/job_36546907/hat8-p1-triplet-wb97xd-M06-readSCF-36546907/ 0
/cm/shared/apps/spack/0.17.3/cpu/b/opt/spack/linux-rocky8-zen2/gcc-10.2.0/qchem-6.0-rytxnwjazd34ekd2gqyi5ufsaimxsd3r/exe/qcprog.exe_s hat8-p1-triplet-wb97xd-M06-readSCF.in_4018022.1 /expanse/lustre/scratch/whughes/temp_project/job_36546907/hat8-p1-triplet-wb97xd-M06-readSCF-36546907/
                  Welcome to Q-Chem
     A Quantum Leap Into The Future Of Chemistry


 Q-Chem 6.0, Q-Chem, Inc., Pleasanton, CA (2022)

 License issued to: University of California, San Diego (site)

 E. Epifanovsky,  A. T. B. Gilbert,  Xintian Feng,  Joonho Lee,  Yuezhi Mao,  
 N. Mardirossian,  P. Pokhilko,  A. White,  M. Wormit,  M. P. Coons,  
 A. L. Dempwolff,  Zhengting Gan,  D. Hait,  P. R. Horn,  L. D. Jacobson,  
 I. Kaliman,  J. Kussmann,  A. W. Lange,  Ka Un Lao,  D. S. Levine,  Jie Liu,  
 S. C. McKenzie,  A. F. Morrison,  K. Nanda,  F. Plasser,  D. R. Rehn,  
 M. L. Vidal,  Zhi-Qiang You,  Ying Zhu,  B. Alam,  B. Albrecht,  
 A. Aldossary,  E. Alguire,  J. H. Andersen,  V. Athavale,  D. Barton,  
 K. Begam,  A. Behn,  N. Bellonzi,  Y. A. Bernard,  E. J. Berquist,  
 H. Burton,  A. Carreras,  K. Carter-Fenk,  Romit Chakraborty,  
 Chandrima Chakravarty,  Junhan Chen,  A. D. Chien,  K. D. Closser,  
 V. Cofer-Shabica,  L. Cunha,  S. Dasgupta,  Jia Deng,  M. de Wergifosse,  
 M. Diedenhofen,  Hainam Do,  S. Ehlert,  Po-Tung Fang,  S. Fatehi,  
 Qingguo Feng,  T. Friedhoff,  B. Ganoe,  J. Gayvert,  Qinghui Ge,  
 G. Gidofalvi,  M. Goldey,  J. Gomes,  C. Gonzalez-Espinoza,  S. Gulania,  
 A. Gunina,  J. A. Gyamfi,  M. W. D. Hanson-Heine,  P. H. P. Harbach,  
 A. W. Hauser,  M. F. Herbst,  M. Hernandez Vera,  M. Hodecker,  
 Z. C. Holden,  S. Houck,  Xunkun Huang,  Kerwin Hui,  B. C. Huynh,  
 K. Ikeda,  M. Ivanov,  Hyunjun Ji,  Zuxin Jin,  Hanjie Jiang,  B. Kaduk,  
 S. Kaehler,  R. Kang,  K. Khistyaev,  Jaehoon Kim,  Yongbin Kim,  
 P. Klunzinger,  Z. Koczor-Benda,  Joong Hoon Koh,  D. Kosenkov,  
 Saikiran Kotaru,  L. Koulias,  T. Kowalczyk,  C. M. Krauter,  K. Kue,  
 A. Kunitsa,  T. Kus,  A. Landau,  K. V. Lawler,  D. Lefrancois,  S. Lehtola,  
 Rain Li,  Shaozhi Li,  Yi-Pei Li,  Jiashu Liang,  M. Liebenthal,  
 Hung-Hsuan Lin,  You-Sheng Lin,  Fenglai Liu,  Kuan-Yu Liu,  
 M. Loipersberger,  A. Luenser,  C. Malbon,  A. Manjanath,  P. Manohar,  
 E. Mansoor,  S. F. Manzer,  Shan-Ping Mao,  A. V. Marenich,  T. Markovich,  
 S. Mason,  F. Matz,  S. A. Maurer,  P. F. McLaughlin,  M. F. S. J. Menger,  
 J.-M. Mewes,  S. A. Mewes,  P. Morgante,  Mohammad Mostafanejad,  
 J. W. Mullinax,  K. J. Oosterbaan,  G. Paran,  V. Parravicini,  
 Alexander C. Paul,  Suranjan K. Paul,  F. Pavosevic,  Zheng Pei,  S. Prager,  
 E. I. Proynov,  E. Ramos,  B. Rana,  A. E. Rask,  A. Rettig,  R. M. Richard,  
 F. Rob,  E. Rossomme,  T. Scheele,  M. Scheurer,  M. Schneider,  
 P. E. Schneider,  N. Sergueev,  S. M. Sharada,  Hengyuan Shen,  
 W. Skomorowski,  D. W. Small,  C. J. Stein,  Yingli Su,  Yu-Chuan Su,  
 E. J. Sundstrom,  Zhen Tao,  J. Thirman,  Hung-Yi Tsai,  T. Tsuchimochi,  
 N. M. Tubman,  C. Utku,  S. P. Veccham,  O. Vydrov,  J. Wenzel,  
 Jonathan Wong,  J. Witte,  A. Yamada,  Chou-Hsun Yang,  Kun Yao,  
 S. Yeganeh,  S. R. Yost,  A. Zech,  F. Zeller,  Igor Ying Zhang,  
 Xing Zhang,  Yu Zhang,  D. Zuev,  A. Aspuru-Guzik,  A. T. Bell,  
 N. A. Besley,  K. B. Bravaya,  B. R. Brooks,  D. Casanova,  Jeng-Da Chai,  
 Hsing-Ta Chen,  S. Coriani,  C. J. Cramer,  A. E. DePrince, III,  
 R. A. DiStasio Jr.,  A. Dreuw,  B. D. Dunietz,  T. R. Furlani,  
 W. A. Goddard III,  S. Grimme,  S. Hammes-Schiffer,  T. Head-Gordon,  
 W. J. Hehre,  Chao-Ping Hsu,  T.-C. Jagau,  Yousung Jung,  A. Klamt,  
 Jing Kong,  D. S. Lambrecht,  Xiangyuan Li,  WanZhen Liang,  N. J. Mayhall,  
 C. W. McCurdy,  J. B. Neaton,  T. Neudecker,  C. Ochsenfeld,  
 J. A. Parkhill,  R. Peverati,  V. A. Rassolov,  Haisheng Ren,  Yihan Shao,  
 L. V. Slipchenko,  R. P. Steele,  J. E. Subotnik,  A. J. W. Thom,  
 A. Tkatchenko,  D. G. Truhlar,  T. Van Voorhis,  Fan Wang,  
 T. A. Wesolowski,  K. B. Whaley,  H. L. Woodcock III,  P. M. Zimmerman,  
 S. Faraji,  P. M. W. Gill,  M. Head-Gordon,  J. M. Herbert,  A. I. Krylov

 Contributors to earlier versions of Q-Chem not listed above: 
 R. D. Adamson,  B. Austin,  R. Baer,  J. Baker,  G. J. O. Beran,  
 K. Brandhorst,  S. T. Brown,  E. F. C. Byrd,  Arup K. Chakraborty,  
 G. K. L. Chan,  Chun-Min Chang,  Yunqing Chen,  C.-L. Cheng,  
 Siu Hung Chien,  D. M. Chipman,  D. L. Crittenden,  H. Dachsel,  
 R. J. Doerksen,  A. D. Dutoi,  R. G. Edgar,  J. Fosso-Tande,  
 L. Fusti-Molnar,  D. Ghosh,  A. Ghysels,  A. Golubeva-Zadorozhnaya,  
 J. Gonthier,  M. S. Gordon,  S. R. Gwaltney,  G. Hawkins,  J. E. Herr,  
 A. Heyden,  S. Hirata,  E. G. Hohenstein,  G. Kedziora,  F. J. Keil,  
 C. Kelley,  Jihan Kim,  R. A. King,  R. Z. Khaliullin,  P. P. Korambath,  
 W. Kurlancheek,  A. Laurent,  A. M. Lee,  M. S. Lee,  S. V. Levchenko,  
 Ching Yeh Lin,  D. Liotard,  E. Livshits,  R. C. Lochan,  I. Lotan,  
 L. A. Martinez-Martinez,  P. E. Maslen,  N. Nair,  D. P. O'Neill,  
 D. Neuhauser,  E. Neuscamman,  C. M. Oana,  R. Olivares-Amaya,  R. Olson,  
 T. M. Perrine,  B. Peters,  P. A. Pieniazek,  A. Prociuk,  Y. M. Rhee,  
 J. Ritchie,  M. A. Rohrdanz,  E. Rosta,  N. J. Russ,  H. F. Schaefer III,  
 M. W. Schmidt,  N. E. Schultz,  S. Sharma,  N. Shenvi,  C. D. Sherrill,  
 A. C. Simmonett,  A. Sodt,  T. Stein,  D. Stuck,  K. S. Thanthiriwatte,  
 V. Vanovschi,  L. Vogt,  Tao Wang,  A. Warshel,  M. A. Watson,  
 C. F. Williams,  Q. Wu,  X. Xu,  Jun Yang,  W. Zhang,  Yan Zhao

   Please cite Q-Chem as follows:
  "Software for the frontiers of quantum chemistry:
   An overview of developments in the Q-Chem 5 package"
   J. Chem. Phys. 155, 084801 (2021)
   https://doi.org/10.1063/5.0055522 (open access)

 Q-Chem 6.0.2 for Intel X86 EM64T Linux

 Parts of Q-Chem use Armadillo 9.900.5 (Nocturnal Misbehaviour).
 http://arma.sourceforge.net/

 Q-Chem begins on Mon Jan 27 08:49:28 2025  

 Host: 
0

     Scratch files written to /expanse/lustre/scratch/whughes/temp_project/job_36546907/hat8-p1-triplet-wb97xd-M06-readSCF-36546907//
 Dec722 |scratch|qcdevops|jenkins|workspace|build_RNUM    
 Processing $rem in /cm/shared/apps/spack/0.17.3/cpu/b/opt/spack/linux-rocky8-zen2/gcc-10.2.0/qchem-6.0-rytxnwjazd34ekd2gqyi5ufsaimxsd3r/config/preferences:
 Processing $rem in /home/whughes/.qchemrc:

 Checking the input file for inconsistencies... 	...done.

--------------------------------------------------------------
User input:
--------------------------------------------------------------

$molecule
read
$end

$rem
METHOD      M06
BASIS       def2-QZVPP
SYM_IGNORE   TRUE
SCF_GUESS   read
DFT_D       D4
MAX_SCF_CYCLES 300
$end

$end
--------------------------------------------------------------
 Adding empirical dispersion correction 
 ----------------------------------------------------------------
 Doing -D4(0) with M06 parameters:
 s6  =   1.00000
 s8  =   0.16367
 s10 =   0.00000
 s9 =   1.00000
 a1  =   0.53456
 a2  =   6.06192
 -D4 energy including 3body term = -0.0048794783 hartrees
 ----------------------------------------------------------------
             Standard Nuclear Orientation (Angstroms)
    I     Atom           X                Y                Z
 ----------------------------------------------------------------
    1      C      -1.3413555787    -1.0246404145    -2.1949838282
    2      C      -1.6337146330    -0.2840484690    -1.0593535451
    3      C      -0.6702974547    -0.0290873427    -0.0703058474
    4      C       0.6580873313    -0.5157536228    -0.2910663012
    5      C       0.9180994356    -1.2744076828    -1.4221241157
    6      C      -0.0710478559    -1.5373371466    -2.3696230817
    7      C      -1.0311602922     0.6264900917     1.1381450365
    8      C      -2.3999198733     1.1331336719     1.4275420490
    9      C       1.7381403844    -0.2381292085     0.6500121238
   10      C       2.1421480736     1.1335925701     1.0707508301
   11      O       2.7277120225    -1.1805437664     0.6572608057
   12      H      -2.1146567861    -1.2125238116    -2.9290720571
   13      H      -2.6438835250     0.0763827606    -0.9143534709
   14      H       1.9180115220    -1.6594710962    -1.5699624137
   15      H       0.1651455649    -2.1351546971    -3.2407327101
   16      H      -0.2981156549     0.6762732732     1.9309027182
   17      H      -2.7472969231     1.8310554251     0.6587156797
   18      H      -3.1356236482     0.3201739230     1.4641659050
   19      H      -2.4324293952     1.6491176336     2.3861643077
   20      H       2.9411599995     1.5141513877     0.4177998986
   21      H       1.3130616458     1.8339337999     1.0036570554
   22      H       2.5209937435     1.1491025166     2.0989156443
   23      H       3.4769398973    -0.8523097952     1.1575463172
 ----------------------------------------------------------------
 Nuclear Repulsion Energy =         580.82525011 hartrees
 There are       41 alpha and       39 beta electrons
 Requested basis set is def2-QZVPP
 There are 307 shells and 987 basis functions

 Total QAlloc Memory Limit   8000 MB
 Mega-Array Size       188 MB
 MEM_STATIC part       192 MB

 A cutoff of  1.0D-09 yielded  31879 shell pairs
 There are    316189 function pairs (    469235 Cartesian)
 Smallest overlap matrix eigenvalue = 5.39E-06

 Q-Chem warning in module stvman/mkSTV.C, line 305:

 Overlap eigenvalue is smaller than square root of threshold
 Use THRESH >= 12 to get rid of this warning


 Scale SEOQF with 1.000000e-01/1.000000e-01/1.000000e-01

 Standard Electronic Orientation quadrupole field applied
 Nucleus-field energy     =    -0.0000000017 hartrees
 Guess MOs from SCF MO coefficient file

 -----------------------------------------------------------------------
  General SCF calculation program by
  Eric Jon Sundstrom, Paul Horn, Yuezhi Mao, Dmitri Zuev, Alec White,
  David Stuck, Shaama M.S., Shane Yost, Joonho Lee, David Small,
  Daniel Levine, Susi Lehtola, Hugh Burton, Evgeny Epifanovsky,
  Bang C. Huynh
 -----------------------------------------------------------------------
 Exchange:     0.2700 Hartree-Fock + 1.0000 M06
 Correlation:  1.0000 M06
 Using SG-3 standard quadrature grid
 Dispersion:   Grimme D4
 using 32 threads for integral computing
 -------------------------------------------------------
 OpenMP Integral computing Module                
 Release: version 1.0, May 2013, Q-Chem Inc. Pittsburgh 
 -------------------------------------------------------
 A unrestricted SCF calculation will be
 performed using DIIS
 SCF converges when DIIS error is below 1.0e-05
 ---------------------------------------
  Cycle       Energy         DIIS error
 ---------------------------------------
    1    -463.2392157769      1.28e-03  
    2    -463.2949718450      8.17e-05  
    3    -463.2946906109      6.83e-05  
    4    -463.2958568148      2.66e-05  
    5    -463.2960941942      4.08e-06  Convergence criterion met
 ---------------------------------------
 SCF time:   CPU 8235.54s  wall 281.00s 
<S^2> =          2.017790227
 SCF   energy in the final basis set =     -463.2960941942
 Total energy in the final basis set =     -463.2960941942
 
 --------------------------------------------------------------
 
                    Orbital Energies (a.u.)
 --------------------------------------------------------------
 
 Alpha MOs
 -- Occupied --
-19.2468 -10.2984 -10.2481 -10.2473 -10.2456 -10.2455 -10.2351 -10.2346
-10.2342 -10.2316 -10.2315  -1.0911  -0.8723  -0.8024  -0.7901  -0.7454
 -0.7328  -0.6669  -0.6420  -0.5981  -0.5709  -0.5266  -0.5109  -0.4863
 -0.4711  -0.4521  -0.4485  -0.4352  -0.4335  -0.4114  -0.4026  -0.3933
 -0.3853  -0.3780  -0.3715  -0.3490  -0.3419  -0.2944  -0.2757  -0.1973
 -0.1539
 -- Virtual --
 -0.0069   0.0042   0.0105   0.0174   0.0206   0.0304   0.0391   0.0456
  0.0573   0.0640   0.0655   0.0730   0.0803   0.0912   0.1025   0.1055
  0.1242   0.1266   0.1341   0.1407   0.1468   0.1524   0.1527   0.1625
  0.1716   0.1764   0.1814   0.1846   0.2026   0.2076   0.2170   0.2229
  0.2263   0.2354   0.2411   0.2467   0.2526   0.2563   0.2630   0.2642
  0.2660   0.2704   0.2738   0.2789   0.2813   0.2869   0.2904   0.2927
  0.2994   0.3036   0.3169   0.3176   0.3284   0.3313   0.3356   0.3425
  0.3538   0.3551   0.3643   0.3771   0.3816   0.3914   0.3971   0.4047
  0.4125   0.4150   0.4249   0.4316   0.4413   0.4478   0.4567   0.4630
  0.4682   0.4811   0.4848   0.5010   0.5033   0.5115   0.5203   0.5320
  0.5399   0.5439   0.5464   0.5635   0.5738   0.5778   0.5896   0.5974
  0.5997   0.6091   0.6122   0.6298   0.6364   0.6442   0.6503   0.6572
  0.6697   0.6785   0.6832   0.6869   0.6964   0.7037   0.7151   0.7183
  0.7248   0.7266   0.7331   0.7428   0.7514   0.7567   0.7651   0.7741
  0.7754   0.7801   0.7860   0.7911   0.7930   0.8029   0.8116   0.8132
  0.8200   0.8314   0.8363   0.8427   0.8519   0.8555   0.8631   0.8706
  0.8759   0.8818   0.8888   0.8962   0.8978   0.9060   0.9139   0.9204
  0.9294   0.9376   0.9486   0.9518   0.9680   0.9700   0.9762   0.9819
  0.9893   1.0000   1.0023   1.0053   1.0129   1.0283   1.0339   1.0364
  1.0410   1.0436   1.0589   1.0636   1.0692   1.0833   1.0891   1.0956
  1.1035   1.1178   1.1234   1.1405   1.1491   1.1550   1.1611   1.1660
  1.1728   1.1793   1.1936   1.1972   1.2138   1.2209   1.2367   1.2461
  1.2468   1.2609   1.2682   1.2827   1.2916   1.3055   1.3126   1.3213
  1.3386   1.3413   1.3472   1.3645   1.3698   1.3904   1.3932   1.4203
  1.4333   1.4421   1.4613   1.4813   1.4861   1.5013   1.5058   1.5176
  1.5350   1.5439   1.5667   1.5776   1.5831   1.6030   1.6093   1.6290
  1.6324   1.6386   1.6467   1.6681   1.6773   1.6970   1.7080   1.7340
  1.7411   1.7484   1.7552   1.7743   1.7769   1.7897   1.7919   1.7933
  1.8024   1.8068   1.8097   1.8219   1.8273   1.8457   1.8544   1.8580
  1.8727   1.8796   1.8897   1.8956   1.9059   1.9188   1.9261   1.9339
  1.9386   1.9481   1.9550   1.9621   1.9629   1.9878   1.9941   2.0035
  2.0087   2.0147   2.0198   2.0318   2.0339   2.0439   2.0549   2.0565
  2.0615   2.0654   2.0784   2.0867   2.0874   2.0942   2.1023   2.1055
  2.1082   2.1193   2.1289   2.1312   2.1402   2.1488   2.1562   2.1703
  2.1754   2.1791   2.1885   2.1942   2.1993   2.2018   2.2182   2.2288
  2.2302   2.2388   2.2484   2.2533   2.2594   2.2658   2.2797   2.2866
  2.2969   2.3091   2.3131   2.3166   2.3255   2.3348   2.3381   2.3527
  2.3595   2.3743   2.3799   2.3891   2.3951   2.4001   2.4149   2.4230
  2.4282   2.4330   2.4415   2.4462   2.4585   2.4758   2.4768   2.4785
  2.4878   2.4931   2.5044   2.5091   2.5177   2.5206   2.5283   2.5380
  2.5460   2.5523   2.5665   2.5747   2.5871   2.5897   2.5938   2.6063
  2.6089   2.6231   2.6283   2.6346   2.6405   2.6468   2.6581   2.6687
  2.6735   2.6794   2.6871   2.6948   2.6968   2.7091   2.7209   2.7284
  2.7356   2.7398   2.7512   2.7641   2.7671   2.7724   2.7800   2.7893
  2.7916   2.7987   2.8139   2.8301   2.8378   2.8413   2.8506   2.8671
  2.8709   2.8843   2.8939   2.9042   2.9172   2.9316   2.9337   2.9573
  2.9601   2.9736   2.9853   2.9970   3.0070   3.0172   3.0229   3.0302
  3.0340   3.0623   3.0733   3.0737   3.0788   3.0950   3.1207   3.1355
  3.1442   3.1524   3.1595   3.1718   3.1870   3.1933   3.2093   3.2171
  3.2321   3.2561   3.2747   3.2830   3.2951   3.3017   3.3168   3.3309
  3.3332   3.3538   3.3605   3.3678   3.3899   3.3973   3.4010   3.4052
  3.4137   3.4217   3.4329   3.4466   3.4556   3.4723   3.4909   3.4959
  3.5113   3.5144   3.5267   3.5341   3.5634   3.5690   3.5948   3.6155
  3.6278   3.6449   3.6572   3.6690   3.6765   3.6988   3.7090   3.7140
  3.7369   3.7699   3.7866   3.7996   3.8064   3.8106   3.8383   3.8464
  3.8547   3.8841   3.8865   3.8884   3.9257   3.9644   3.9760   4.0066
  4.0208   4.0388   4.0639   4.0767   4.1010   4.1207   4.1488   4.1656
  4.1801   4.1876   4.2232   4.2467   4.2572   4.2780   4.2877   4.3034
  4.3341   4.3526   4.3724   4.4106   4.4383   4.4632   4.4892   4.5057
  4.5316   4.5474   4.5733   4.6215   4.6700   4.6949   4.7407   4.7607
  4.7780   4.8144   4.8510   4.8540   4.8933   4.9130   4.9487   4.9684
  4.9895   4.9971   5.0069   5.0154   5.0199   5.0462   5.0528   5.0760
  5.0885   5.1063   5.1089   5.1269   5.1478   5.1587   5.1613   5.1710
  5.1790   5.1804   5.1939   5.2224   5.2299   5.2432   5.2640   5.2759
  5.2913   5.3026   5.3223   5.3397   5.3552   5.3683   5.3740   5.3867
  5.4014   5.4064   5.4200   5.4385   5.4499   5.4606   5.4713   5.4787
  5.4945   5.5030   5.5129   5.5363   5.5472   5.5497   5.5598   5.5757
  5.6018   5.6156   5.6346   5.6385   5.6517   5.6829   5.7070   5.7127
  5.7217   5.7284   5.7349   5.7415   5.7521   5.7637   5.7758   5.7804
  5.7914   5.8013   5.8067   5.8128   5.8225   5.8294   5.8362   5.8452
  5.8574   5.8614   5.8685   5.8934   5.8967   5.8996   5.9073   5.9144
  5.9271   5.9315   5.9342   5.9450   5.9460   5.9567   5.9624   5.9832
  5.9950   6.0013   6.0042   6.0158   6.0317   6.0441   6.0481   6.0524
  6.0671   6.0705   6.0837   6.0920   6.0980   6.1100   6.1114   6.1143
  6.1228   6.1321   6.1432   6.1581   6.1651   6.1886   6.1906   6.1976
  6.2040   6.2100   6.2161   6.2331   6.2401   6.2422   6.2541   6.2596
  6.2700   6.2863   6.2914   6.2956   6.2991   6.3154   6.3184   6.3318
  6.3408   6.3455   6.3625   6.3679   6.3779   6.3871   6.3919   6.3980
  6.4151   6.4254   6.4379   6.4500   6.4556   6.4690   6.4769   6.4859
  6.4957   6.5041   6.5267   6.5275   6.5346   6.5398   6.5447   6.5589
  6.5738   6.5867   6.5919   6.6059   6.6097   6.6178   6.6312   6.6362
  6.6509   6.6571   6.6789   6.6985   6.7095   6.7196   6.7237   6.7408
  6.7470   6.7574   6.7700   6.7823   6.7897   6.8046   6.8228   6.8350
  6.8569   6.8670   6.8775   6.8866   6.9031   6.9169   6.9422   6.9496
  6.9632   6.9765   6.9839   6.9930   7.0096   7.0161   7.0258   7.0475
  7.0625   7.0735   7.0854   7.0909   7.1113   7.1340   7.1408   7.1540
  7.1769   7.1942   7.2146   7.2300   7.2323   7.2386   7.2530   7.2739
  7.2934   7.2971   7.3229   7.3263   7.3413   7.3461   7.3476   7.3570
  7.3825   7.3863   7.3941   7.4065   7.4341   7.4428   7.4499   7.4538
  7.4570   7.4674   7.4850   7.4919   7.5060   7.5252   7.5313   7.5597
  7.5675   7.5775   7.5878   7.6005   7.6081   7.6209   7.6280   7.6456
  7.6621   7.6804   7.6993   7.7086   7.7206   7.7242   7.7326   7.7598
  7.7612   7.7755   7.7854   7.7984   7.8166   7.8250   7.8391   7.8516
  7.8698   7.8793   7.8864   7.9062   7.9070   7.9171   7.9208   7.9432
  7.9545   7.9717   7.9823   8.0046   8.0073   8.0375   8.0568   8.0774
  8.0808   8.0959   8.1156   8.1302   8.1375   8.1397   8.1670   8.1720
  8.1767   8.1908   8.1969   8.2353   8.2407   8.2544   8.2610   8.2684
  8.2818   8.2874   8.2878   8.3001   8.3085   8.3237   8.3277   8.3297
  8.3377   8.3499   8.3535   8.3637   8.3734   8.3808   8.3890   8.3894
  8.3994   8.4141   8.4214   8.4276   8.4446   8.4514   8.4686   8.4820
  8.5019   8.5146   8.5213   8.5300   8.5492   8.5555   8.5713   8.5750
  8.5814   8.5946   8.6118   8.6207   8.6254   8.6354   8.6603   8.6706
  8.6865   8.6963   8.7218   8.7393   8.7468   8.7708   8.7789   8.7898
  8.8004   8.8087   8.8127   8.8239   8.8468   8.8562   8.8679   8.8721
  8.8895   8.9024   8.9262   8.9281   8.9540   8.9694   9.0136   9.1208
  9.2030   9.3058   9.3413   9.3580   9.3782   9.4007   9.4089   9.4191
  9.4300   9.4669   9.4810   9.5039   9.5204   9.5560   9.5748   9.6117
  9.6209   9.6686   9.6814   9.7032   9.7275   9.7566   9.7702   9.7970
  9.8027   9.8181   9.8256   9.8421   9.8567   9.8667   9.8740   9.9253
  9.9464   9.9838  10.0240  10.0539  10.0588  10.0726  10.0860  10.1216
 10.1377  10.1658  10.1947  10.2364  10.2562  10.3246  10.3387  10.3616
 10.3867  10.4068  10.4292  10.5722  10.6271  10.7037  10.7278  10.7645
 10.9553  11.3456  11.4449  11.4702  11.6049  11.6924  11.7645  11.8051
 11.8246  11.9068  11.9479  11.9958  12.0070  12.0829  12.3106  12.4208
 12.5335  12.5760  12.5949  12.7109  12.8860  13.1073  13.1553  13.2351
 13.8687  14.1448  14.4935  16.6144  28.0396  28.3773  28.4930  28.6062
 28.7565  29.0296  29.0914  29.1725  29.2162  29.4623  48.5489 146.6747
146.9846 147.1120 147.2032 147.3304 147.5911 147.6547 147.7752 147.8118
148.0497 253.0066
 
 Beta MOs
 -- Occupied --
-19.2441 -10.2885 -10.2476 -10.2464 -10.2460 -10.2389 -10.2356 -10.2330
-10.2323 -10.2313 -10.2306  -1.0814  -0.8664  -0.7911  -0.7789  -0.7412
 -0.7282  -0.6578  -0.6310  -0.5918  -0.5611  -0.5184  -0.5019  -0.4793
 -0.4621  -0.4442  -0.4408  -0.4305  -0.4206  -0.4087  -0.3974  -0.3825
 -0.3790  -0.3679  -0.3613  -0.3459  -0.3391  -0.2683  -0.2558
 -- Virtual --
 -0.0824  -0.0388  -0.0062   0.0114   0.0206   0.0243   0.0317   0.0386
  0.0411   0.0505   0.0588   0.0652   0.0695   0.0763   0.0830   0.0928
  0.1041   0.1078   0.1274   0.1285   0.1346   0.1428   0.1488   0.1534
  0.1566   0.1630   0.1733   0.1819   0.1831   0.1887   0.2071   0.2106
  0.2237   0.2266   0.2308   0.2395   0.2476   0.2530   0.2547   0.2594
  0.2641   0.2663   0.2702   0.2755   0.2797   0.2815   0.2854   0.2881
  0.2944   0.3003   0.3080   0.3084   0.3196   0.3233   0.3307   0.3359
  0.3401   0.3456   0.3543   0.3570   0.3671   0.3796   0.3859   0.3929
  0.3987   0.4071   0.4143   0.4167   0.4269   0.4317   0.4422   0.4497
  0.4548   0.4673   0.4725   0.4828   0.4909   0.5022   0.5044   0.5123
  0.5227   0.5332   0.5415   0.5465   0.5501   0.5659   0.5758   0.5810
  0.5931   0.5973   0.6018   0.6092   0.6127   0.6301   0.6394   0.6457
  0.6513   0.6614   0.6710   0.6809   0.6840   0.6880   0.6971   0.7072
  0.7163   0.7233   0.7270   0.7274   0.7358   0.7430   0.7537   0.7594
  0.7682   0.7755   0.7784   0.7799   0.7868   0.7928   0.7936   0.8036
  0.8119   0.8139   0.8191   0.8320   0.8336   0.8429   0.8512   0.8562
  0.8636   0.8700   0.8756   0.8808   0.8885   0.8943   0.8971   0.9038
  0.9137   0.9183   0.9286   0.9355   0.9473   0.9512   0.9639   0.9708
  0.9745   0.9788   0.9896   0.9975   1.0001   1.0041   1.0100   1.0269
  1.0304   1.0330   1.0409   1.0421   1.0565   1.0618   1.0684   1.0824
  1.0865   1.0925   1.0969   1.1155   1.1222   1.1393   1.1447   1.1522
  1.1588   1.1640   1.1688   1.1770   1.1898   1.1964   1.2104   1.2177
  1.2359   1.2414   1.2477   1.2584   1.2621   1.2801   1.2855   1.2985
  1.3114   1.3208   1.3352   1.3388   1.3466   1.3637   1.3704   1.3885
  1.3931   1.4168   1.4339   1.4380   1.4586   1.4771   1.4840   1.4996
  1.5025   1.5168   1.5339   1.5444   1.5642   1.5719   1.5809   1.6022
  1.6120   1.6280   1.6348   1.6372   1.6445   1.6686   1.6780   1.6980
  1.7100   1.7348   1.7438   1.7503   1.7565   1.7757   1.7796   1.7915
  1.7931   1.7940   1.8039   1.8112   1.8131   1.8246   1.8294   1.8452
  1.8569   1.8619   1.8759   1.8803   1.8913   1.9007   1.9072   1.9200
  1.9273   1.9354   1.9409   1.9494   1.9579   1.9617   1.9639   1.9873
  1.9942   2.0032   2.0058   2.0150   2.0192   2.0337   2.0362   2.0440
  2.0558   2.0576   2.0651   2.0662   2.0786   2.0890   2.0918   2.0945
  2.1041   2.1044   2.1116   2.1202   2.1237   2.1305   2.1400   2.1490
  2.1564   2.1706   2.1758   2.1791   2.1901   2.1966   2.1995   2.2021
  2.2209   2.2288   2.2342   2.2407   2.2494   2.2556   2.2616   2.2675
  2.2803   2.2894   2.2975   2.3108   2.3144   2.3179   2.3281   2.3390
  2.3408   2.3550   2.3595   2.3731   2.3823   2.3915   2.3971   2.4037
  2.4142   2.4226   2.4273   2.4331   2.4430   2.4507   2.4571   2.4723
  2.4773   2.4795   2.4867   2.4966   2.5056   2.5103   2.5146   2.5235
  2.5279   2.5390   2.5446   2.5521   2.5654   2.5763   2.5860   2.5888
  2.5980   2.6085   2.6103   2.6246   2.6311   2.6325   2.6395   2.6468
  2.6578   2.6687   2.6722   2.6806   2.6868   2.6938   2.6982   2.7054
  2.7208   2.7298   2.7386   2.7409   2.7523   2.7632   2.7685   2.7702
  2.7819   2.7879   2.7907   2.7966   2.8179   2.8290   2.8374   2.8396
  2.8498   2.8680   2.8706   2.8818   2.8973   2.8997   2.9222   2.9332
  2.9343   2.9529   2.9594   2.9734   2.9837   2.9967   3.0087   3.0162
  3.0259   3.0305   3.0379   3.0611   3.0729   3.0763   3.0795   3.0959
  3.1189   3.1328   3.1407   3.1584   3.1635   3.1731   3.1907   3.1966
  3.2112   3.2199   3.2367   3.2598   3.2751   3.2853   3.2965   3.3057
  3.3207   3.3331   3.3389   3.3563   3.3631   3.3705   3.3928   3.3983
  3.4015   3.4129   3.4154   3.4218   3.4339   3.4455   3.4563   3.4712
  3.4937   3.4959   3.5149   3.5198   3.5320   3.5391   3.5660   3.5726
  3.5968   3.6206   3.6325   3.6511   3.6645   3.6742   3.6795   3.7019
  3.7138   3.7194   3.7422   3.7712   3.7888   3.8007   3.8013   3.8098
  3.8366   3.8551   3.8609   3.8852   3.8905   3.8931   3.9348   3.9733
  3.9802   4.0103   4.0234   4.0409   4.0678   4.0820   4.1027   4.1234
  4.1532   4.1670   4.1836   4.1877   4.2278   4.2540   4.2621   4.2810
  4.2897   4.3047   4.3397   4.3586   4.3824   4.4135   4.4421   4.4688
  4.4981   4.5110   4.5359   4.5532   4.5801   4.6290   4.6848   4.7033
  4.7524   4.7685   4.7899   4.8250   4.8618   4.8716   4.9044   4.9282
  4.9676   4.9838   5.0116   5.0161   5.0272   5.0294   5.0475   5.0653
  5.0703   5.0889   5.1044   5.1255   5.1273   5.1460   5.1661   5.1749
  5.1809   5.1838   5.1981   5.2004   5.2146   5.2392   5.2569   5.2616
  5.2716   5.2919   5.3019   5.3121   5.3345   5.3503   5.3605   5.3784
  5.3849   5.3960   5.4039   5.4200   5.4263   5.4476   5.4620   5.4733
  5.4786   5.4898   5.4996   5.5133   5.5238   5.5291   5.5554   5.5607
  5.5689   5.5841   5.5961   5.6231   5.6321   5.6374   5.6559   5.6673
  5.6845   5.7105   5.7223   5.7273   5.7326   5.7403   5.7507   5.7618
  5.7751   5.7862   5.7897   5.7950   5.8032   5.8084   5.8260   5.8350
  5.8433   5.8504   5.8585   5.8654   5.8673   5.8956   5.9031   5.9077
  5.9096   5.9209   5.9322   5.9388   5.9408   5.9482   5.9524   5.9645
  5.9740   5.9875   5.9989   6.0025   6.0138   6.0259   6.0363   6.0446
  6.0521   6.0566   6.0675   6.0764   6.0908   6.0979   6.1068   6.1091
  6.1218   6.1230   6.1300   6.1386   6.1528   6.1641   6.1695   6.1974
  6.1984   6.2058   6.2091   6.2178   6.2260   6.2395   6.2432   6.2525
  6.2616   6.2634   6.2769   6.2898   6.2968   6.3028   6.3079   6.3138
  6.3196   6.3342   6.3477   6.3518   6.3656   6.3742   6.3833   6.4007
  6.4023   6.4050   6.4216   6.4319   6.4435   6.4611   6.4647   6.4767
  6.4787   6.4978   6.5050   6.5216   6.5256   6.5348   6.5431   6.5507
  6.5573   6.5646   6.5839   6.5969   6.6023   6.6145   6.6210   6.6293
  6.6408   6.6510   6.6531   6.6642   6.6980   6.7133   6.7216   6.7283
  6.7384   6.7528   6.7633   6.7771   6.7870   6.7954   6.8020   6.8234
  6.8321   6.8526   6.8842   6.8865   6.8932   6.9048   6.9159   6.9253
  6.9526   6.9641   6.9696   6.9847   6.9941   7.0108   7.0254   7.0349
  7.0416   7.0557   7.0843   7.0902   7.0981   7.0996   7.1235   7.1409
  7.1510   7.1626   7.1804   7.2087   7.2164   7.2378   7.2383   7.2433
  7.2620   7.2756   7.2980   7.3039   7.3253   7.3294   7.3378   7.3493
  7.3539   7.3631   7.3880   7.3935   7.3997   7.4141   7.4397   7.4448
  7.4532   7.4577   7.4617   7.4692   7.4877   7.4910   7.5098   7.5310
  7.5342   7.5650   7.5726   7.5845   7.5864   7.6051   7.6071   7.6239
  7.6320   7.6493   7.6629   7.6813   7.7011   7.7077   7.7253   7.7271
  7.7310   7.7562   7.7601   7.7769   7.7873   7.7974   7.8210   7.8324
  7.8487   7.8539   7.8733   7.8867   7.8994   7.9146   7.9187   7.9233
  7.9250   7.9522   7.9647   7.9748   7.9901   8.0107   8.0139   8.0415
  8.0695   8.0851   8.0915   8.1167   8.1222   8.1357   8.1467   8.1482
  8.1643   8.1691   8.1803   8.1894   8.2001   8.2378   8.2450   8.2604
  8.2700   8.2746   8.2832   8.2879   8.2937   8.3008   8.3139   8.3185
  8.3334   8.3366   8.3378   8.3464   8.3533   8.3712   8.3762   8.3849
  8.3866   8.3921   8.4017   8.4189   8.4241   8.4308   8.4482   8.4537
  8.4666   8.4726   8.5058   8.5077   8.5215   8.5312   8.5367   8.5523
  8.5724   8.5812   8.5892   8.5928   8.6116   8.6209   8.6317   8.6337
  8.6623   8.6747   8.6888   8.7040   8.7283   8.7435   8.7545   8.7687
  8.7780   8.7876   8.7968   8.8050   8.8124   8.8291   8.8450   8.8511
  8.8648   8.8682   8.8850   8.9081   8.9217   8.9334   8.9708   8.9788
  9.0302   9.1200   9.1537   9.2443   9.2817   9.3135   9.3640   9.3795
  9.4120   9.4159   9.4290   9.4377   9.4654   9.4836   9.4975   9.5164
  9.5540   9.5631   9.5741   9.6342   9.6640   9.6953   9.7142   9.7279
  9.7712   9.7779   9.7977   9.8081   9.8172   9.8240   9.8372   9.8585
  9.8709   9.9095   9.9416   9.9945  10.0480  10.0510  10.0655  10.0726
 10.0939  10.1180  10.1519  10.1674  10.2047  10.2515  10.2767  10.3309
 10.3352  10.3536  10.4049  10.4302  10.4571  10.5828  10.6201  10.7192
 10.7648  10.7696  10.9687  11.3545  11.4609  11.4885  11.6255  11.6737
 11.7387  11.8204  11.8316  11.8876  11.9427  11.9837  12.0174  12.0923
 12.3066  12.3698  12.4037  12.5353  12.6125  12.7206  12.8623  13.0933
 13.1466  13.2420  13.8938  14.1420  14.5169  16.6102  28.0358  28.3787
 28.4886  28.6021  28.7417  29.0258  29.0859  29.1737  29.2177  29.4577
 48.5758 146.6749 146.9868 147.1120 147.2034 147.3284 147.5909 147.6543
147.7763 147.8131 148.0494 253.0254
 --------------------------------------------------------------
 
          Ground-State Mulliken Net Atomic Charges

     Atom                 Charge (a.u.)    Spin (a.u.)
  --------------------------------------------------------
      1 C                    -0.025841       0.003361
      2 C                     0.009089       0.198457
      3 C                    -0.175867      -0.135354
      4 C                    -0.101501      -0.004951
      5 C                    -0.026331       0.074379
      6 C                     0.000540       0.167689
      7 C                    -0.111707       0.742494
      8 C                    -0.063221       0.005196
      9 C                     0.122020       0.794025
     10 C                    -0.185924      -0.010713
     11 O                    -0.461704       0.082321
     12 H                     0.040387      -0.005166
     13 H                     0.051202       0.010501
     14 H                     0.107107      -0.003893
     15 H                     0.046494       0.001454
     16 H                     0.015455       0.041980
     17 H                     0.028974      -0.000200
     18 H                     0.039400       0.011113
     19 H                     0.168519      -0.003129
     20 H                     0.067792       0.030327
     21 H                     0.055729       0.006094
     22 H                     0.158730      -0.000869
     23 H                     0.240661      -0.005115
  --------------------------------------------------------
  Sum of atomic charges =    -0.000000
  Sum of spin   charges =     2.000000

 -----------------------------------------------------------------
                    Cartesian Multipole Moments
 -----------------------------------------------------------------
    Charge (ESU x 10^10)
                -0.0000
    Dipole Moment (Debye)
         X       0.9035      Y       1.4636      Z       1.1709
       Tot       2.0808
    Quadrupole Moments (Debye-Ang)
        XX     -56.4008     XY       0.6661     YY     -69.4218
        XZ       3.6800     YZ       3.3213     ZZ     -63.4443
    Octopole Moments (Debye-Ang^2)
       XXX      12.6706    XXY      16.9828    XYY      -6.5650
       YYY      49.8162    XXZ      23.7483    XYZ      -0.7690
       YYZ       7.8229    XZZ      -1.4028    YZZ       7.7491
       ZZZ      32.9642
    Hexadecapole Moments (Debye-Ang^3)
      XXXX   -1087.1417   XXXY      62.8316   XXYY    -298.3096
      XYYY      75.8086   YYYY    -504.4478   XXXZ      -3.2938
      XXYZ     -76.1396   XYYZ     -31.5999   YYYZ    -218.0839
      XXZZ    -313.4913   XYZZ      21.6580   YYZZ    -207.8585
      XZZZ     -54.3535   YZZZ    -186.8190   ZZZZ    -822.8813
 -----------------------------------------------------------------
 Total job time:  283.40s(wall), 8270.70s(cpu) 
 Mon Jan 27 08:54:11 2025

        *************************************************************
        *                                                           *
        *  Thank you very much for using Q-Chem.  Have a nice day.  *
        *                                                           *
        *************************************************************


