
Running Job 1 of 2 acetophenone-triplet-wb97xd-M06-readSCF.in
qchem acetophenone-triplet-wb97xd-M06-readSCF.in_3390693.0 /expanse/lustre/scratch/whughes/temp_project/job_36179957/acetophenone-triplet-wb97xd-M06-readSCF-36179957/ 0
/cm/shared/apps/spack/0.17.3/cpu/b/opt/spack/linux-rocky8-zen2/gcc-10.2.0/qchem-6.0-rytxnwjazd34ekd2gqyi5ufsaimxsd3r/exe/qcprog.exe_s acetophenone-triplet-wb97xd-M06-readSCF.in_3390693.0 /expanse/lustre/scratch/whughes/temp_project/job_36179957/acetophenone-triplet-wb97xd-M06-readSCF-36179957/
                  Welcome to Q-Chem
     A Quantum Leap Into The Future Of Chemistry


 Q-Chem 6.0, Q-Chem, Inc., Pleasanton, CA (2022)

 License issued to: University of California, San Diego (site)

 E. Epifanovsky,  A. T. B. Gilbert,  Xintian Feng,  Joonho Lee,  Yuezhi Mao,  
 N. Mardirossian,  P. Pokhilko,  A. White,  M. Wormit,  M. P. Coons,  
 A. L. Dempwolff,  Zhengting Gan,  D. Hait,  P. R. Horn,  L. D. Jacobson,  
 I. Kaliman,  J. Kussmann,  A. W. Lange,  Ka Un Lao,  D. S. Levine,  Jie Liu,  
 S. C. McKenzie,  A. F. Morrison,  K. Nanda,  F. Plasser,  D. R. Rehn,  
 M. L. Vidal,  Zhi-Qiang You,  Ying Zhu,  B. Alam,  B. Albrecht,  
 A. Aldossary,  E. Alguire,  J. H. Andersen,  V. Athavale,  D. Barton,  
 K. Begam,  A. Behn,  N. Bellonzi,  Y. A. Bernard,  E. J. Berquist,  
 H. Burton,  A. Carreras,  K. Carter-Fenk,  Romit Chakraborty,  
 Chandrima Chakravarty,  Junhan Chen,  A. D. Chien,  K. D. Closser,  
 V. Cofer-Shabica,  L. Cunha,  S. Dasgupta,  Jia Deng,  M. de Wergifosse,  
 M. Diedenhofen,  Hainam Do,  S. Ehlert,  Po-Tung Fang,  S. Fatehi,  
 Qingguo Feng,  T. Friedhoff,  B. Ganoe,  J. Gayvert,  Qinghui Ge,  
 G. Gidofalvi,  M. Goldey,  J. Gomes,  C. Gonzalez-Espinoza,  S. Gulania,  
 A. Gunina,  J. A. Gyamfi,  M. W. D. Hanson-Heine,  P. H. P. Harbach,  
 A. W. Hauser,  M. F. Herbst,  M. Hernandez Vera,  M. Hodecker,  
 Z. C. Holden,  S. Houck,  Xunkun Huang,  Kerwin Hui,  B. C. Huynh,  
 K. Ikeda,  M. Ivanov,  Hyunjun Ji,  Zuxin Jin,  Hanjie Jiang,  B. Kaduk,  
 S. Kaehler,  R. Kang,  K. Khistyaev,  Jaehoon Kim,  Yongbin Kim,  
 P. Klunzinger,  Z. Koczor-Benda,  Joong Hoon Koh,  D. Kosenkov,  
 Saikiran Kotaru,  L. Koulias,  T. Kowalczyk,  C. M. Krauter,  K. Kue,  
 A. Kunitsa,  T. Kus,  A. Landau,  K. V. Lawler,  D. Lefrancois,  S. Lehtola,  
 Rain Li,  Shaozhi Li,  Yi-Pei Li,  Jiashu Liang,  M. Liebenthal,  
 Hung-Hsuan Lin,  You-Sheng Lin,  Fenglai Liu,  Kuan-Yu Liu,  
 M. Loipersberger,  A. Luenser,  C. Malbon,  A. Manjanath,  P. Manohar,  
 E. Mansoor,  S. F. Manzer,  Shan-Ping Mao,  A. V. Marenich,  T. Markovich,  
 S. Mason,  F. Matz,  S. A. Maurer,  P. F. McLaughlin,  M. F. S. J. Menger,  
 J.-M. Mewes,  S. A. Mewes,  P. Morgante,  Mohammad Mostafanejad,  
 J. W. Mullinax,  K. J. Oosterbaan,  G. Paran,  V. Parravicini,  
 Alexander C. Paul,  Suranjan K. Paul,  F. Pavosevic,  Zheng Pei,  S. Prager,  
 E. I. Proynov,  E. Ramos,  B. Rana,  A. E. Rask,  A. Rettig,  R. M. Richard,  
 F. Rob,  E. Rossomme,  T. Scheele,  M. Scheurer,  M. Schneider,  
 P. E. Schneider,  N. Sergueev,  S. M. Sharada,  Hengyuan Shen,  
 W. Skomorowski,  D. W. Small,  C. J. Stein,  Yingli Su,  Yu-Chuan Su,  
 E. J. Sundstrom,  Zhen Tao,  J. Thirman,  Hung-Yi Tsai,  T. Tsuchimochi,  
 N. M. Tubman,  C. Utku,  S. P. Veccham,  O. Vydrov,  J. Wenzel,  
 Jonathan Wong,  J. Witte,  A. Yamada,  Chou-Hsun Yang,  Kun Yao,  
 S. Yeganeh,  S. R. Yost,  A. Zech,  F. Zeller,  Igor Ying Zhang,  
 Xing Zhang,  Yu Zhang,  D. Zuev,  A. Aspuru-Guzik,  A. T. Bell,  
 N. A. Besley,  K. B. Bravaya,  B. R. Brooks,  D. Casanova,  Jeng-Da Chai,  
 Hsing-Ta Chen,  S. Coriani,  C. J. Cramer,  A. E. DePrince, III,  
 R. A. DiStasio Jr.,  A. Dreuw,  B. D. Dunietz,  T. R. Furlani,  
 W. A. Goddard III,  S. Grimme,  S. Hammes-Schiffer,  T. Head-Gordon,  
 W. J. Hehre,  Chao-Ping Hsu,  T.-C. Jagau,  Yousung Jung,  A. Klamt,  
 Jing Kong,  D. S. Lambrecht,  Xiangyuan Li,  WanZhen Liang,  N. J. Mayhall,  
 C. W. McCurdy,  J. B. Neaton,  T. Neudecker,  C. Ochsenfeld,  
 J. A. Parkhill,  R. Peverati,  V. A. Rassolov,  Haisheng Ren,  Yihan Shao,  
 L. V. Slipchenko,  R. P. Steele,  J. E. Subotnik,  A. J. W. Thom,  
 A. Tkatchenko,  D. G. Truhlar,  T. Van Voorhis,  Fan Wang,  
 T. A. Wesolowski,  K. B. Whaley,  H. L. Woodcock III,  P. M. Zimmerman,  
 S. Faraji,  P. M. W. Gill,  M. Head-Gordon,  J. M. Herbert,  A. I. Krylov

 Contributors to earlier versions of Q-Chem not listed above: 
 R. D. Adamson,  B. Austin,  R. Baer,  J. Baker,  G. J. O. Beran,  
 K. Brandhorst,  S. T. Brown,  E. F. C. Byrd,  Arup K. Chakraborty,  
 G. K. L. Chan,  Chun-Min Chang,  Yunqing Chen,  C.-L. Cheng,  
 Siu Hung Chien,  D. M. Chipman,  D. L. Crittenden,  H. Dachsel,  
 R. J. Doerksen,  A. D. Dutoi,  R. G. Edgar,  J. Fosso-Tande,  
 L. Fusti-Molnar,  D. Ghosh,  A. Ghysels,  A. Golubeva-Zadorozhnaya,  
 J. Gonthier,  M. S. Gordon,  S. R. Gwaltney,  G. Hawkins,  J. E. Herr,  
 A. Heyden,  S. Hirata,  E. G. Hohenstein,  G. Kedziora,  F. J. Keil,  
 C. Kelley,  Jihan Kim,  R. A. King,  R. Z. Khaliullin,  P. P. Korambath,  
 W. Kurlancheek,  A. Laurent,  A. M. Lee,  M. S. Lee,  S. V. Levchenko,  
 Ching Yeh Lin,  D. Liotard,  E. Livshits,  R. C. Lochan,  I. Lotan,  
 L. A. Martinez-Martinez,  P. E. Maslen,  N. Nair,  D. P. O'Neill,  
 D. Neuhauser,  E. Neuscamman,  C. M. Oana,  R. Olivares-Amaya,  R. Olson,  
 T. M. Perrine,  B. Peters,  P. A. Pieniazek,  A. Prociuk,  Y. M. Rhee,  
 J. Ritchie,  M. A. Rohrdanz,  E. Rosta,  N. J. Russ,  H. F. Schaefer III,  
 M. W. Schmidt,  N. E. Schultz,  S. Sharma,  N. Shenvi,  C. D. Sherrill,  
 A. C. Simmonett,  A. Sodt,  T. Stein,  D. Stuck,  K. S. Thanthiriwatte,  
 V. Vanovschi,  L. Vogt,  Tao Wang,  A. Warshel,  M. A. Watson,  
 C. F. Williams,  Q. Wu,  X. Xu,  Jun Yang,  W. Zhang,  Yan Zhao

   Please cite Q-Chem as follows:
  "Software for the frontiers of quantum chemistry:
   An overview of developments in the Q-Chem 5 package"
   J. Chem. Phys. 155, 084801 (2021)
   https://doi.org/10.1063/5.0055522 (open access)

 Q-Chem 6.0.2 for Intel X86 EM64T Linux

 Parts of Q-Chem use Armadillo 9.900.5 (Nocturnal Misbehaviour).
 http://arma.sourceforge.net/

 Q-Chem begins on Mon Jan  6 15:57:12 2025  

 Host: 
0

     Scratch files written to /expanse/lustre/scratch/whughes/temp_project/job_36179957/acetophenone-triplet-wb97xd-M06-readSCF-36179957//
 Dec722 |scratch|qcdevops|jenkins|workspace|build_RNUM    
 Processing $rem in /cm/shared/apps/spack/0.17.3/cpu/b/opt/spack/linux-rocky8-zen2/gcc-10.2.0/qchem-6.0-rytxnwjazd34ekd2gqyi5ufsaimxsd3r/config/preferences:
 Processing $rem in /home/whughes/.qchemrc:

 Checking the input file for inconsistencies... 	...done.

--------------------------------------------------------------
User input:
--------------------------------------------------------------
$molecule
0 3
C    -1.1599576056   -0.5960056999   1.1081179867
C    -1.237755677    -2.0930499703   1.2557417853
O    -2.0203901928   0.0293605135    1.8774458136
C    -0.2814408496   0.1045883571    0.256417251
C    -0.2911989995   1.5200478685    0.1943555064
C    0.5734053972    2.1889669472    -0.6431919051
C    1.473924005     1.4924766872    -1.4454233687
C    1.494716825     0.1015534743    -1.3946369941
C    0.6388963993    -0.58956184     -0.5641055555
H    -1.4856135223   -2.5537217794   0.2966724775
H    -0.279597205    -2.4879295765   1.6014435452
H    -2.0040844485   -2.3693350903   1.9779662312
H    -0.9854289563   2.0760919431    0.8117903293
H    0.5493374079    3.2713332455    -0.6753143821
H    2.1495614372    2.0260761081    -2.1005027839
H    2.1911944621    -0.449820521    -2.0143378743
H    0.6744315228    -1.6710716671   -0.5424400624
$end

$rem
METHOD      M06
BASIS       def2-QZVPP
SYM_IGNORE   TRUE
DFT_D       D4
MAX_SCF_CYCLES 300
$end

--------------------------------------------------------------
 Adding empirical dispersion correction 
 ----------------------------------------------------------------
 Doing -D4(0) with M06 parameters:
 s6  =   1.00000
 s8  =   0.16367
 s10 =   0.00000
 s9 =   1.00000
 a1  =   0.53456
 a2  =   6.06192
 -D4 energy including 3body term = -0.0031642508 hartrees
 ----------------------------------------------------------------
             Standard Nuclear Orientation (Angstroms)
    I     Atom           X                Y                Z
 ----------------------------------------------------------------
    1      C      -1.1599576056    -0.5960056999     1.1081179867
    2      C      -1.2377556770    -2.0930499703     1.2557417853
    3      O      -2.0203901928     0.0293605135     1.8774458136
    4      C      -0.2814408496     0.1045883571     0.2564172510
    5      C      -0.2911989995     1.5200478685     0.1943555064
    6      C       0.5734053972     2.1889669472    -0.6431919051
    7      C       1.4739240050     1.4924766872    -1.4454233687
    8      C       1.4947168250     0.1015534743    -1.3946369941
    9      C       0.6388963993    -0.5895618400    -0.5641055555
   10      H      -1.4856135223    -2.5537217794     0.2966724775
   11      H      -0.2795972050    -2.4879295765     1.6014435452
   12      H      -2.0040844485    -2.3693350903     1.9779662312
   13      H      -0.9854289563     2.0760919431     0.8117903293
   14      H       0.5493374079     3.2713332455    -0.6753143821
   15      H       2.1495614372     2.0260761081    -2.1005027839
   16      H       2.1911944621    -0.4498205210    -2.0143378743
   17      H       0.6744315228    -1.6710716671    -0.5424400624
 ----------------------------------------------------------------
 Nuclear Repulsion Energy =         400.95967070 hartrees
 There are       33 alpha and       31 beta electrons
 Requested basis set is def2-QZVPP
 There are 233 shells and 753 basis functions

 Total QAlloc Memory Limit   8000 MB
 Mega-Array Size       188 MB
 MEM_STATIC part       192 MB

 A cutoff of  1.0D-09 yielded  20109 shell pairs
 There are    207491 function pairs (    312194 Cartesian)
 Smallest overlap matrix eigenvalue = 6.16E-06

 Q-Chem warning in module stvman/mkSTV.C, line 305:

 Overlap eigenvalue is smaller than square root of threshold
 Use THRESH >= 12 to get rid of this warning


 Scale SEOQF with 1.000000e-01/1.000000e-01/1.000000e-01

 Standard Electronic Orientation quadrupole field applied
 Nucleus-field energy     =     0.0000000029 hartrees
 Guess from superposition of atomic densities
 Warning:  Energy on first SCF cycle will be non-variational
 SAD guess density has 64.000000 electrons

 -----------------------------------------------------------------------
  General SCF calculation program by
  Eric Jon Sundstrom, Paul Horn, Yuezhi Mao, Dmitri Zuev, Alec White,
  David Stuck, Shaama M.S., Shane Yost, Joonho Lee, David Small,
  Daniel Levine, Susi Lehtola, Hugh Burton, Evgeny Epifanovsky,
  Bang C. Huynh
 -----------------------------------------------------------------------
 Exchange:     0.2700 Hartree-Fock + 1.0000 M06
 Correlation:  1.0000 M06
 Using SG-3 standard quadrature grid
 Dispersion:   Grimme D4
 using 32 threads for integral computing
 -------------------------------------------------------
 OpenMP Integral computing Module                
 Release: version 1.0, May 2013, Q-Chem Inc. Pittsburgh 
 -------------------------------------------------------
 A unrestricted SCF calculation will be
 performed using DIIS
 SCF converges when DIIS error is below 1.0e-05
 ---------------------------------------
  Cycle       Energy         DIIS error
 ---------------------------------------
    1    -386.7729936411      7.09e-03  
    2    -384.4639367000      8.29e-04  
    3    -383.7636803299      1.79e-03  
    4    -384.5073463867      6.97e-04  
    5    -384.5584135167      5.89e-04  
    6    -384.6416356132      3.50e-04  
    7    -384.6591222393      2.23e-04  
    8    -384.6752664642      8.62e-05  
    9    -384.6773910267      3.54e-05  
   10    -384.6778304407      8.45e-06  Convergence criterion met
 ---------------------------------------
 SCF time:   CPU 9232.19s  wall 305.00s 
<S^2> =          2.028317112
 SCF   energy in the final basis set =     -384.6778304407
 Total energy in the final basis set =     -384.6778304407
 
 --------------------------------------------------------------
 
                    Orbital Energies (a.u.)
 --------------------------------------------------------------
 
 Alpha MOs
 -- Occupied --
-19.3086 -10.3122 -10.2691 -10.2600 -10.2435 -10.2406 -10.2405 -10.2398
-10.2359  -1.1196  -0.8726  -0.8012  -0.7618  -0.7525  -0.6597  -0.6152
 -0.5808  -0.5484  -0.5036  -0.4944  -0.4892  -0.4599  -0.4452  -0.4353
 -0.4252  -0.4198  -0.3870  -0.3858  -0.3599  -0.3488  -0.2892  -0.2734
 -0.1655
 -- Virtual --
 -0.0073   0.0000   0.0174   0.0192   0.0268   0.0382   0.0526   0.0563
  0.0582   0.0740   0.0826   0.1066   0.1178   0.1211   0.1306   0.1374
  0.1409   0.1482   0.1556   0.1589   0.1641   0.1730   0.1878   0.2092
  0.2170   0.2207   0.2246   0.2262   0.2419   0.2460   0.2466   0.2572
  0.2613   0.2717   0.2741   0.2778   0.2837   0.2938   0.2995   0.3020
  0.3111   0.3256   0.3295   0.3461   0.3533   0.3630   0.3660   0.3764
  0.3941   0.3994   0.4073   0.4187   0.4211   0.4320   0.4336   0.4413
  0.4530   0.4571   0.4721   0.4952   0.5033   0.5100   0.5112   0.5319
  0.5346   0.5473   0.5558   0.5730   0.5892   0.5991   0.6064   0.6249
  0.6292   0.6420   0.6509   0.6700   0.6795   0.6806   0.6815   0.6965
  0.6995   0.7017   0.7198   0.7258   0.7289   0.7389   0.7445   0.7586
  0.7591   0.7609   0.7849   0.7925   0.7974   0.8052   0.8199   0.8342
  0.8409   0.8422   0.8570   0.8605   0.8753   0.8756   0.8843   0.8898
  0.8904   0.9124   0.9127   0.9239   0.9359   0.9446   0.9551   0.9664
  0.9695   0.9750   0.9835   0.9913   0.9955   0.9964   1.0103   1.0234
  1.0340   1.0618   1.0620   1.0824   1.0900   1.1015   1.1211   1.1321
  1.1431   1.1455   1.1658   1.1690   1.1934   1.2201   1.2220   1.2335
  1.2500   1.2661   1.2773   1.2834   1.3029   1.3181   1.3416   1.3448
  1.3519   1.3727   1.3902   1.3997   1.4031   1.4285   1.4611   1.4619
  1.4890   1.5144   1.5252   1.5427   1.5552   1.5580   1.5795   1.5923
  1.5954   1.6236   1.6439   1.6705   1.6789   1.6834   1.7077   1.7126
  1.7221   1.7250   1.7444   1.7536   1.7665   1.7727   1.8128   1.8236
  1.8259   1.8281   1.8288   1.8455   1.8464   1.8667   1.8766   1.8841
  1.8946   1.9056   1.9197   1.9240   1.9399   1.9437   1.9497   1.9663
  1.9718   1.9847   1.9852   1.9971   2.0086   2.0169   2.0304   2.0343
  2.0540   2.0677   2.0694   2.0782   2.0787   2.0946   2.1098   2.1174
  2.1377   2.1468   2.1487   2.1716   2.1734   2.1807   2.1987   2.2020
  2.2121   2.2152   2.2222   2.2304   2.2329   2.2419   2.2458   2.2674
  2.2731   2.2961   2.3173   2.3255   2.3272   2.3442   2.3493   2.3607
  2.3873   2.3908   2.4048   2.4243   2.4278   2.4417   2.4426   2.4546
  2.4636   2.4722   2.4777   2.4878   2.4974   2.5211   2.5243   2.5377
  2.5447   2.5526   2.5572   2.5642   2.5699   2.5881   2.5978   2.6154
  2.6168   2.6246   2.6256   2.6603   2.6610   2.6712   2.6806   2.6851
  2.6971   2.7086   2.7165   2.7234   2.7343   2.7495   2.7522   2.7593
  2.7783   2.7858   2.8129   2.8242   2.8318   2.8569   2.8695   2.8781
  2.8962   2.9272   2.9390   2.9440   2.9747   2.9806   2.9937   3.0025
  3.0201   3.0206   3.0788   3.1028   3.1097   3.1289   3.1395   3.1548
  3.1738   3.1859   3.1917   3.2201   3.2221   3.2595   3.2717   3.2960
  3.3031   3.3038   3.3267   3.3325   3.3502   3.3765   3.3828   3.4011
  3.4082   3.4142   3.4254   3.4449   3.4512   3.4797   3.4934   3.4952
  3.5139   3.5449   3.5597   3.5774   3.5965   3.6099   3.6153   3.6742
  3.6912   3.6951   3.7378   3.7679   3.7802   3.7953   3.7991   3.8186
  3.8380   3.8920   3.8923   3.9412   3.9603   3.9849   4.0174   4.0216
  4.0340   4.0594   4.0716   4.0760   4.1150   4.1368   4.1677   4.1778
  4.2630   4.2892   4.2908   4.3346   4.3863   4.4042   4.4557   4.4706
  4.5003   4.5184   4.5479   4.5752   4.6745   4.6771   4.7082   4.7278
  4.7595   4.7933   4.8334   4.8508   4.8776   4.8982   4.9436   4.9449
  4.9781   4.9838   4.9904   4.9948   5.0241   5.0400   5.0610   5.0651
  5.1037   5.1089   5.1240   5.1365   5.1593   5.1765   5.1960   5.2041
  5.2334   5.2387   5.2565   5.2587   5.2984   5.3059   5.3260   5.3288
  5.3441   5.3641   5.3648   5.3859   5.4286   5.4378   5.4436   5.4637
  5.4669   5.4998   5.5098   5.5201   5.5434   5.5694   5.5826   5.5953
  5.6182   5.6520   5.6596   5.6916   5.6953   5.7203   5.7321   5.7364
  5.7469   5.7685   5.7851   5.7898   5.7907   5.8080   5.8205   5.8300
  5.8601   5.8620   5.8665   5.8879   5.8889   5.9176   5.9194   5.9326
  5.9362   5.9530   5.9738   5.9760   5.9852   6.0020   6.0124   6.0165
  6.0247   6.0342   6.0572   6.0583   6.0742   6.0928   6.1009   6.1282
  6.1328   6.1454   6.1464   6.1490   6.1597   6.1699   6.1895   6.1952
  6.1988   6.2175   6.2337   6.2394   6.2439   6.2552   6.2632   6.2731
  6.2923   6.2980   6.3048   6.3314   6.3570   6.3643   6.3680   6.3926
  6.3932   6.4116   6.4187   6.4472   6.4560   6.4775   6.4922   6.4958
  6.5120   6.5167   6.5249   6.5333   6.5343   6.5515   6.5779   6.5943
  6.6039   6.6188   6.6214   6.6333   6.6506   6.6739   6.6957   6.7041
  6.7182   6.7445   6.7749   6.7849   6.7886   6.8196   6.8372   6.8463
  6.8693   6.8777   6.9037   6.9117   6.9191   6.9413   6.9755   7.0019
  7.0139   7.0225   7.0374   7.0870   7.0886   7.1100   7.1378   7.1499
  7.1596   7.1645   7.1804   7.2194   7.2463   7.2646   7.2942   7.3095
  7.3232   7.3288   7.3644   7.3702   7.3897   7.4011   7.4199   7.4401
  7.4415   7.4574   7.4760   7.4860   7.5071   7.5335   7.5443   7.5613
  7.5721   7.6028   7.6068   7.6178   7.6400   7.6671   7.6775   7.6825
  7.7004   7.7451   7.7570   7.7933   7.8055   7.8085   7.8337   7.8556
  7.8702   7.8815   7.8861   7.9459   7.9627   7.9876   8.0027   8.0628
  8.0687   8.0808   8.0910   8.0921   8.1376   8.1468   8.1526   8.1653
  8.1943   8.1975   8.2045   8.2108   8.2187   8.2383   8.2476   8.2578
  8.2759   8.2766   8.2954   8.2963   8.3136   8.3189   8.3208   8.3288
  8.3504   8.3649   8.3874   8.3963   8.4097   8.4224   8.4608   8.4680
  8.4770   8.4870   8.5139   8.5351   8.5426   8.5682   8.5852   8.5992
  8.6112   8.6579   8.6828   8.6937   8.7234   8.7326   8.7418   8.7460
  8.7628   8.7739   8.7929   8.8053   8.8059   8.8228   8.8243   8.8763
  8.8903   8.9286   8.9680   9.0061   9.0143   9.0876   9.2689   9.3078
  9.3270   9.3777   9.3941   9.4190   9.4497   9.4689   9.4854   9.5574
  9.5830   9.5884   9.6059   9.6093   9.6576   9.6952   9.7470   9.7552
  9.7635   9.7778   9.8011   9.8413   9.8562   9.9224   9.9671  10.0272
 10.0378  10.0570  10.0979  10.0990  10.1215  10.2018  10.2936  10.3071
 10.3410  10.3660  10.4308  10.5186  10.6098  10.6661  10.7071  10.7646
 10.9148  11.0277  11.3089  11.3642  11.5153  11.5676  11.7867  11.8305
 11.8467  11.9455  11.9901  12.0972  12.1916  12.2857  12.5185  12.6367
 12.6873  12.9011  12.9160  13.1265  13.6679  14.1003  27.9885  28.3166
 28.6044  28.6822  29.0220  29.1417  29.1660  29.4587  48.0417 146.6148
146.9217 147.1965 147.2617 147.5744 147.7074 147.7698 148.0468 252.5064
 
 Beta MOs
 -- Occupied --
-19.2876 -10.3058 -10.2679 -10.2601 -10.2419 -10.2413 -10.2412 -10.2379
-10.2333  -1.0395  -0.8674  -0.7861  -0.7575  -0.7457  -0.6437  -0.6122
 -0.5656  -0.5235  -0.4813  -0.4739  -0.4617  -0.4525  -0.4324  -0.4282
 -0.4148  -0.3953  -0.3684  -0.3648  -0.3492  -0.2680  -0.2630
 -- Virtual --
 -0.1711  -0.0601  -0.0015   0.0024   0.0181   0.0273   0.0394   0.0433
  0.0539   0.0584   0.0632   0.0759   0.0839   0.1076   0.1200   0.1207
  0.1324   0.1387   0.1469   0.1491   0.1561   0.1606   0.1658   0.1820
  0.1911   0.2171   0.2198   0.2256   0.2262   0.2328   0.2454   0.2463
  0.2512   0.2588   0.2648   0.2735   0.2770   0.2832   0.2885   0.2965
  0.3027   0.3123   0.3125   0.3277   0.3312   0.3464   0.3560   0.3680
  0.3694   0.3828   0.3951   0.3999   0.4076   0.4211   0.4275   0.4337
  0.4345   0.4458   0.4531   0.4613   0.4735   0.4994   0.5090   0.5099
  0.5167   0.5333   0.5390   0.5492   0.5569   0.5750   0.5945   0.5988
  0.6093   0.6285   0.6317   0.6411   0.6536   0.6716   0.6816   0.6817
  0.6833   0.6990   0.7024   0.7065   0.7215   0.7258   0.7274   0.7394
  0.7443   0.7607   0.7620   0.7628   0.7845   0.7931   0.7978   0.8064
  0.8224   0.8327   0.8417   0.8458   0.8557   0.8598   0.8716   0.8744
  0.8835   0.8867   0.8929   0.9110   0.9116   0.9266   0.9361   0.9453
  0.9543   0.9667   0.9684   0.9770   0.9819   0.9916   0.9956   0.9971
  1.0094   1.0248   1.0330   1.0600   1.0627   1.0812   1.0889   1.1025
  1.1207   1.1315   1.1421   1.1469   1.1645   1.1678   1.1928   1.2187
  1.2214   1.2308   1.2486   1.2658   1.2761   1.2841   1.3090   1.3201
  1.3407   1.3468   1.3536   1.3780   1.3876   1.4043   1.4046   1.4329
  1.4599   1.4631   1.4958   1.5109   1.5284   1.5453   1.5528   1.5574
  1.5818   1.5930   1.5975   1.6223   1.6452   1.6696   1.6800   1.6818
  1.7101   1.7132   1.7248   1.7278   1.7457   1.7555   1.7677   1.7774
  1.8117   1.8227   1.8263   1.8306   1.8321   1.8452   1.8508   1.8700
  1.8758   1.8854   1.8963   1.9068   1.9200   1.9211   1.9391   1.9438
  1.9542   1.9689   1.9727   1.9861   1.9879   1.9981   2.0102   2.0170
  2.0307   2.0325   2.0569   2.0659   2.0682   2.0786   2.0793   2.0937
  2.1099   2.1179   2.1346   2.1474   2.1495   2.1705   2.1720   2.1817
  2.2011   2.2066   2.2104   2.2171   2.2227   2.2294   2.2321   2.2459
  2.2483   2.2673   2.2747   2.2969   2.3222   2.3257   2.3285   2.3436
  2.3508   2.3634   2.3890   2.3911   2.4047   2.4227   2.4284   2.4402
  2.4426   2.4564   2.4613   2.4715   2.4780   2.4893   2.4978   2.5249
  2.5263   2.5393   2.5446   2.5512   2.5581   2.5623   2.5680   2.5867
  2.5971   2.6137   2.6174   2.6237   2.6302   2.6581   2.6594   2.6709
  2.6854   2.6884   2.6987   2.7077   2.7149   2.7232   2.7331   2.7480
  2.7531   2.7584   2.7775   2.7849   2.8117   2.8206   2.8294   2.8579
  2.8695   2.8800   2.8959   2.9275   2.9406   2.9438   2.9744   2.9795
  2.9954   3.0052   3.0241   3.0293   3.0774   3.1065   3.1090   3.1333
  3.1412   3.1614   3.1767   3.1902   3.1924   3.2270   3.2301   3.2602
  3.2762   3.2979   3.3037   3.3052   3.3323   3.3335   3.3523   3.3777
  3.3917   3.4030   3.4120   3.4142   3.4272   3.4459   3.4524   3.4792
  3.5015   3.5017   3.5207   3.5486   3.5635   3.5814   3.6036   3.6151
  3.6206   3.6830   3.6947   3.7025   3.7362   3.7671   3.7812   3.7953
  3.8004   3.8281   3.8491   3.8951   3.9086   3.9474   3.9943   3.9946
  4.0201   4.0252   4.0406   4.0623   4.0823   4.0849   4.1260   4.1420
  4.1707   4.1789   4.2763   4.2967   4.3155   4.3386   4.4027   4.4220
  4.4610   4.4723   4.5065   4.5210   4.5515   4.5844   4.6803   4.6909
  4.7151   4.7348   4.7679   4.7998   4.8472   4.8637   4.8840   4.9018
  4.9524   4.9532   4.9876   4.9947   4.9983   5.0081   5.0342   5.0551
  5.0701   5.1041   5.1256   5.1299   5.1369   5.1465   5.1841   5.1906
  5.2081   5.2103   5.2294   5.2490   5.2637   5.2676   5.3158   5.3199
  5.3339   5.3374   5.3475   5.3648   5.3723   5.3964   5.4386   5.4446
  5.4490   5.4718   5.4780   5.5033   5.5037   5.5373   5.5444   5.5769
  5.5814   5.5970   5.6187   5.6321   5.6587   5.6936   5.6970   5.7255
  5.7279   5.7371   5.7376   5.7542   5.7809   5.7934   5.7939   5.8126
  5.8259   5.8383   5.8597   5.8627   5.8679   5.8875   5.8935   5.9229
  5.9263   5.9404   5.9445   5.9607   5.9738   5.9800   5.9844   5.9966
  6.0123   6.0232   6.0271   6.0404   6.0556   6.0589   6.0780   6.0956
  6.1029   6.1255   6.1365   6.1433   6.1539   6.1585   6.1636   6.1740
  6.1925   6.1950   6.2011   6.2247   6.2408   6.2452   6.2464   6.2581
  6.2657   6.2734   6.3004   6.3059   6.3098   6.3350   6.3613   6.3665
  6.3729   6.3943   6.3987   6.4175   6.4243   6.4536   6.4600   6.4838
  6.4976   6.4998   6.5125   6.5171   6.5353   6.5406   6.5499   6.5575
  6.5792   6.5980   6.6021   6.6236   6.6265   6.6379   6.6576   6.6765
  6.7043   6.7090   6.7330   6.7699   6.7817   6.7998   6.8044   6.8402
  6.8478   6.8578   6.8771   6.8833   6.9080   6.9252   6.9282   6.9550
  6.9899   7.0102   7.0194   7.0340   7.0494   7.0903   7.0911   7.1195
  7.1292   7.1637   7.1643   7.1724   7.1883   7.2239   7.2417   7.2668
  7.3018   7.3107   7.3230   7.3367   7.3680   7.3720   7.3940   7.4014
  7.4248   7.4450   7.4490   7.4569   7.4859   7.4879   7.5165   7.5368
  7.5433   7.5677   7.5689   7.6097   7.6099   7.6196   7.6389   7.6643
  7.6792   7.6919   7.7097   7.7499   7.7706   7.7935   7.8042   7.8056
  7.8478   7.8551   7.8712   7.8825   7.8861   7.9449   7.9676   7.9930
  8.0053   8.0600   8.0689   8.0905   8.0968   8.1131   8.1379   8.1472
  8.1526   8.1640   8.1930   8.2027   8.2054   8.2093   8.2221   8.2442
  8.2578   8.2658   8.2768   8.2870   8.2924   8.3040   8.3085   8.3169
  8.3245   8.3318   8.3617   8.3726   8.3859   8.4061   8.4104   8.4297
  8.4478   8.4666   8.4756   8.4799   8.5057   8.5345   8.5522   8.5644
  8.5811   8.5958   8.6129   8.6648   8.6879   8.6953   8.7132   8.7399
  8.7523   8.7524   8.7564   8.7772   8.8100   8.8186   8.8241   8.8524
  8.8575   8.8817   8.8889   8.9188   8.9534   9.0270   9.0328   9.1029
  9.2748   9.2877   9.3268   9.3498   9.3894   9.4110   9.4303   9.4585
  9.4711   9.4846   9.5516   9.5707   9.5731   9.6004   9.6064   9.6622
  9.7352   9.7355   9.7562   9.7756   9.8003   9.8101   9.8493   9.9005
  9.9594   9.9799  10.0404  10.0473  10.0894  10.1004  10.1327  10.2185
 10.3017  10.3075  10.3582  10.3932  10.4652  10.5383  10.6071  10.6705
 10.7406  10.7719  11.0008  11.0749  11.3073  11.3951  11.4913  11.5780
 11.7641  11.7718  11.8399  11.9481  12.1088  12.1375  12.2750  12.2872
 12.4876  12.5842  12.6123  12.8977  12.9828  13.1228  13.5534  14.1494
 27.9867  28.3147  28.6008  28.6782  29.0170  29.1393  29.1666  29.4554
 48.0475 146.6156 146.9280 147.1969 147.2639 147.5747 147.7079 147.7683
148.0469 252.6025
 --------------------------------------------------------------
 
          Ground-State Mulliken Net Atomic Charges

     Atom                 Charge (a.u.)    Spin (a.u.)
  --------------------------------------------------------
      1 C                    -0.020893       0.445872
      2 C                     0.009333       0.121504
      3 O                    -0.151034       1.059195
      4 C                    -0.298772      -0.096271
      5 C                     0.149379       0.219472
      6 C                    -0.159086      -0.108285
      7 C                     0.034978       0.246609
      8 C                    -0.048845      -0.101908
      9 C                    -0.055791       0.203340
     10 H                     0.080722       0.003217
     11 H                     0.079940       0.003753
     12 H                     0.109632      -0.011120
     13 H                    -0.011233       0.014445
     14 H                     0.150793      -0.009539
     15 H                    -0.001640       0.007242
     16 H                     0.014423      -0.009810
     17 H                     0.118093       0.012283
  --------------------------------------------------------
  Sum of atomic charges =     0.000000
  Sum of spin   charges =     2.000000

 -----------------------------------------------------------------
                    Cartesian Multipole Moments
 -----------------------------------------------------------------
    Charge (ESU x 10^10)
                 0.0000
    Dipole Moment (Debye)
         X       0.1466      Y      -1.5876      Z      -0.0546
       Tot       1.5953
    Quadrupole Moments (Debye-Ang)
        XX     -54.3980     XY       1.9260     YY     -46.0171
        XZ      -1.8689     YZ      -2.2994     ZZ     -54.4612
    Octopole Moments (Debye-Ang^2)
       XXX      14.6774    XXY     -14.9265    XYY      -0.1383
       YYY     -27.8682    XXZ     -10.4751    XYZ       0.7417
       YYZ       0.1130    XZZ      10.5820    YZZ     -14.8505
       ZZZ     -10.1624
    Hexadecapole Moments (Debye-Ang^3)
      XXXX    -533.8641   XXXY    -109.4942   XXYY    -188.2165
      XYYY    -105.9582   YYYY    -631.0530   XXXZ     212.1205
      XXYZ      30.8383   XYYZ      54.7396   YYYZ     110.4675
      XXZZ    -159.0941   XYZZ     -28.0953   YYZZ    -182.7467
      XZZZ     213.8330   YZZZ     116.5910   ZZZZ    -495.7628
 -----------------------------------------------------------------
 Total job time:  307.64s(wall), 9271.98s(cpu) 
 Mon Jan  6 16:02:20 2025

        *************************************************************
        *                                                           *
        *  Thank you very much for using Q-Chem.  Have a nice day.  *
        *                                                           *
        *************************************************************



Running Job 2 of 2 acetophenone-triplet-wb97xd-M06-readSCF.in
qchem acetophenone-triplet-wb97xd-M06-readSCF.in_3390693.1 /expanse/lustre/scratch/whughes/temp_project/job_36179957/acetophenone-triplet-wb97xd-M06-readSCF-36179957/ 0
/cm/shared/apps/spack/0.17.3/cpu/b/opt/spack/linux-rocky8-zen2/gcc-10.2.0/qchem-6.0-rytxnwjazd34ekd2gqyi5ufsaimxsd3r/exe/qcprog.exe_s acetophenone-triplet-wb97xd-M06-readSCF.in_3390693.1 /expanse/lustre/scratch/whughes/temp_project/job_36179957/acetophenone-triplet-wb97xd-M06-readSCF-36179957/
                  Welcome to Q-Chem
     A Quantum Leap Into The Future Of Chemistry


 Q-Chem 6.0, Q-Chem, Inc., Pleasanton, CA (2022)

 License issued to: University of California, San Diego (site)

 E. Epifanovsky,  A. T. B. Gilbert,  Xintian Feng,  Joonho Lee,  Yuezhi Mao,  
 N. Mardirossian,  P. Pokhilko,  A. White,  M. Wormit,  M. P. Coons,  
 A. L. Dempwolff,  Zhengting Gan,  D. Hait,  P. R. Horn,  L. D. Jacobson,  
 I. Kaliman,  J. Kussmann,  A. W. Lange,  Ka Un Lao,  D. S. Levine,  Jie Liu,  
 S. C. McKenzie,  A. F. Morrison,  K. Nanda,  F. Plasser,  D. R. Rehn,  
 M. L. Vidal,  Zhi-Qiang You,  Ying Zhu,  B. Alam,  B. Albrecht,  
 A. Aldossary,  E. Alguire,  J. H. Andersen,  V. Athavale,  D. Barton,  
 K. Begam,  A. Behn,  N. Bellonzi,  Y. A. Bernard,  E. J. Berquist,  
 H. Burton,  A. Carreras,  K. Carter-Fenk,  Romit Chakraborty,  
 Chandrima Chakravarty,  Junhan Chen,  A. D. Chien,  K. D. Closser,  
 V. Cofer-Shabica,  L. Cunha,  S. Dasgupta,  Jia Deng,  M. de Wergifosse,  
 M. Diedenhofen,  Hainam Do,  S. Ehlert,  Po-Tung Fang,  S. Fatehi,  
 Qingguo Feng,  T. Friedhoff,  B. Ganoe,  J. Gayvert,  Qinghui Ge,  
 G. Gidofalvi,  M. Goldey,  J. Gomes,  C. Gonzalez-Espinoza,  S. Gulania,  
 A. Gunina,  J. A. Gyamfi,  M. W. D. Hanson-Heine,  P. H. P. Harbach,  
 A. W. Hauser,  M. F. Herbst,  M. Hernandez Vera,  M. Hodecker,  
 Z. C. Holden,  S. Houck,  Xunkun Huang,  Kerwin Hui,  B. C. Huynh,  
 K. Ikeda,  M. Ivanov,  Hyunjun Ji,  Zuxin Jin,  Hanjie Jiang,  B. Kaduk,  
 S. Kaehler,  R. Kang,  K. Khistyaev,  Jaehoon Kim,  Yongbin Kim,  
 P. Klunzinger,  Z. Koczor-Benda,  Joong Hoon Koh,  D. Kosenkov,  
 Saikiran Kotaru,  L. Koulias,  T. Kowalczyk,  C. M. Krauter,  K. Kue,  
 A. Kunitsa,  T. Kus,  A. Landau,  K. V. Lawler,  D. Lefrancois,  S. Lehtola,  
 Rain Li,  Shaozhi Li,  Yi-Pei Li,  Jiashu Liang,  M. Liebenthal,  
 Hung-Hsuan Lin,  You-Sheng Lin,  Fenglai Liu,  Kuan-Yu Liu,  
 M. Loipersberger,  A. Luenser,  C. Malbon,  A. Manjanath,  P. Manohar,  
 E. Mansoor,  S. F. Manzer,  Shan-Ping Mao,  A. V. Marenich,  T. Markovich,  
 S. Mason,  F. Matz,  S. A. Maurer,  P. F. McLaughlin,  M. F. S. J. Menger,  
 J.-M. Mewes,  S. A. Mewes,  P. Morgante,  Mohammad Mostafanejad,  
 J. W. Mullinax,  K. J. Oosterbaan,  G. Paran,  V. Parravicini,  
 Alexander C. Paul,  Suranjan K. Paul,  F. Pavosevic,  Zheng Pei,  S. Prager,  
 E. I. Proynov,  E. Ramos,  B. Rana,  A. E. Rask,  A. Rettig,  R. M. Richard,  
 F. Rob,  E. Rossomme,  T. Scheele,  M. Scheurer,  M. Schneider,  
 P. E. Schneider,  N. Sergueev,  S. M. Sharada,  Hengyuan Shen,  
 W. Skomorowski,  D. W. Small,  C. J. Stein,  Yingli Su,  Yu-Chuan Su,  
 E. J. Sundstrom,  Zhen Tao,  J. Thirman,  Hung-Yi Tsai,  T. Tsuchimochi,  
 N. M. Tubman,  C. Utku,  S. P. Veccham,  O. Vydrov,  J. Wenzel,  
 Jonathan Wong,  J. Witte,  A. Yamada,  Chou-Hsun Yang,  Kun Yao,  
 S. Yeganeh,  S. R. Yost,  A. Zech,  F. Zeller,  Igor Ying Zhang,  
 Xing Zhang,  Yu Zhang,  D. Zuev,  A. Aspuru-Guzik,  A. T. Bell,  
 N. A. Besley,  K. B. Bravaya,  B. R. Brooks,  D. Casanova,  Jeng-Da Chai,  
 Hsing-Ta Chen,  S. Coriani,  C. J. Cramer,  A. E. DePrince, III,  
 R. A. DiStasio Jr.,  A. Dreuw,  B. D. Dunietz,  T. R. Furlani,  
 W. A. Goddard III,  S. Grimme,  S. Hammes-Schiffer,  T. Head-Gordon,  
 W. J. Hehre,  Chao-Ping Hsu,  T.-C. Jagau,  Yousung Jung,  A. Klamt,  
 Jing Kong,  D. S. Lambrecht,  Xiangyuan Li,  WanZhen Liang,  N. J. Mayhall,  
 C. W. McCurdy,  J. B. Neaton,  T. Neudecker,  C. Ochsenfeld,  
 J. A. Parkhill,  R. Peverati,  V. A. Rassolov,  Haisheng Ren,  Yihan Shao,  
 L. V. Slipchenko,  R. P. Steele,  J. E. Subotnik,  A. J. W. Thom,  
 A. Tkatchenko,  D. G. Truhlar,  T. Van Voorhis,  Fan Wang,  
 T. A. Wesolowski,  K. B. Whaley,  H. L. Woodcock III,  P. M. Zimmerman,  
 S. Faraji,  P. M. W. Gill,  M. Head-Gordon,  J. M. Herbert,  A. I. Krylov

 Contributors to earlier versions of Q-Chem not listed above: 
 R. D. Adamson,  B. Austin,  R. Baer,  J. Baker,  G. J. O. Beran,  
 K. Brandhorst,  S. T. Brown,  E. F. C. Byrd,  Arup K. Chakraborty,  
 G. K. L. Chan,  Chun-Min Chang,  Yunqing Chen,  C.-L. Cheng,  
 Siu Hung Chien,  D. M. Chipman,  D. L. Crittenden,  H. Dachsel,  
 R. J. Doerksen,  A. D. Dutoi,  R. G. Edgar,  J. Fosso-Tande,  
 L. Fusti-Molnar,  D. Ghosh,  A. Ghysels,  A. Golubeva-Zadorozhnaya,  
 J. Gonthier,  M. S. Gordon,  S. R. Gwaltney,  G. Hawkins,  J. E. Herr,  
 A. Heyden,  S. Hirata,  E. G. Hohenstein,  G. Kedziora,  F. J. Keil,  
 C. Kelley,  Jihan Kim,  R. A. King,  R. Z. Khaliullin,  P. P. Korambath,  
 W. Kurlancheek,  A. Laurent,  A. M. Lee,  M. S. Lee,  S. V. Levchenko,  
 Ching Yeh Lin,  D. Liotard,  E. Livshits,  R. C. Lochan,  I. Lotan,  
 L. A. Martinez-Martinez,  P. E. Maslen,  N. Nair,  D. P. O'Neill,  
 D. Neuhauser,  E. Neuscamman,  C. M. Oana,  R. Olivares-Amaya,  R. Olson,  
 T. M. Perrine,  B. Peters,  P. A. Pieniazek,  A. Prociuk,  Y. M. Rhee,  
 J. Ritchie,  M. A. Rohrdanz,  E. Rosta,  N. J. Russ,  H. F. Schaefer III,  
 M. W. Schmidt,  N. E. Schultz,  S. Sharma,  N. Shenvi,  C. D. Sherrill,  
 A. C. Simmonett,  A. Sodt,  T. Stein,  D. Stuck,  K. S. Thanthiriwatte,  
 V. Vanovschi,  L. Vogt,  Tao Wang,  A. Warshel,  M. A. Watson,  
 C. F. Williams,  Q. Wu,  X. Xu,  Jun Yang,  W. Zhang,  Yan Zhao

   Please cite Q-Chem as follows:
  "Software for the frontiers of quantum chemistry:
   An overview of developments in the Q-Chem 5 package"
   J. Chem. Phys. 155, 084801 (2021)
   https://doi.org/10.1063/5.0055522 (open access)

 Q-Chem 6.0.2 for Intel X86 EM64T Linux

 Parts of Q-Chem use Armadillo 9.900.5 (Nocturnal Misbehaviour).
 http://arma.sourceforge.net/

 Q-Chem begins on Mon Jan  6 16:02:20 2025  

 Host: 
0

     Scratch files written to /expanse/lustre/scratch/whughes/temp_project/job_36179957/acetophenone-triplet-wb97xd-M06-readSCF-36179957//
 Dec722 |scratch|qcdevops|jenkins|workspace|build_RNUM    
 Processing $rem in /cm/shared/apps/spack/0.17.3/cpu/b/opt/spack/linux-rocky8-zen2/gcc-10.2.0/qchem-6.0-rytxnwjazd34ekd2gqyi5ufsaimxsd3r/config/preferences:
 Processing $rem in /home/whughes/.qchemrc:

 Checking the input file for inconsistencies... 	...done.

--------------------------------------------------------------
User input:
--------------------------------------------------------------

$molecule
0 3
C    -1.1599576056   -0.5960056999   1.1081179867
C    -1.237755677    -2.0930499703   1.2557417853
O    -2.0203901928   0.0293605135    1.8774458136
C    -0.2814408496   0.1045883571    0.256417251
C    -0.2911989995   1.5200478685    0.1943555064
C    0.5734053972    2.1889669472    -0.6431919051
C    1.473924005     1.4924766872    -1.4454233687
C    1.494716825     0.1015534743    -1.3946369941
C    0.6388963993    -0.58956184     -0.5641055555
H    -1.4856135223   -2.5537217794   0.2966724775
H    -0.279597205    -2.4879295765   1.6014435452
H    -2.0040844485   -2.3693350903   1.9779662312
H    -0.9854289563   2.0760919431    0.8117903293
H    0.5493374079    3.2713332455    -0.6753143821
H    2.1495614372    2.0260761081    -2.1005027839
H    2.1911944621    -0.449820521    -2.0143378743
H    0.6744315228    -1.6710716671   -0.5424400624
$end

$rem
METHOD      M06
BASIS       def2-QZVPP
SYM_IGNORE   TRUE
DFT_D       D4
SCF_GUESS   read
MAX_SCF_CYCLES 300
$end
--------------------------------------------------------------
 Adding empirical dispersion correction 
 ----------------------------------------------------------------
 Doing -D4(0) with M06 parameters:
 s6  =   1.00000
 s8  =   0.16367
 s10 =   0.00000
 s9 =   1.00000
 a1  =   0.53456
 a2  =   6.06192
 -D4 energy including 3body term = -0.0031642508 hartrees
 ----------------------------------------------------------------
             Standard Nuclear Orientation (Angstroms)
    I     Atom           X                Y                Z
 ----------------------------------------------------------------
    1      C      -1.1599576056    -0.5960056999     1.1081179867
    2      C      -1.2377556770    -2.0930499703     1.2557417853
    3      O      -2.0203901928     0.0293605135     1.8774458136
    4      C      -0.2814408496     0.1045883571     0.2564172510
    5      C      -0.2911989995     1.5200478685     0.1943555064
    6      C       0.5734053972     2.1889669472    -0.6431919051
    7      C       1.4739240050     1.4924766872    -1.4454233687
    8      C       1.4947168250     0.1015534743    -1.3946369941
    9      C       0.6388963993    -0.5895618400    -0.5641055555
   10      H      -1.4856135223    -2.5537217794     0.2966724775
   11      H      -0.2795972050    -2.4879295765     1.6014435452
   12      H      -2.0040844485    -2.3693350903     1.9779662312
   13      H      -0.9854289563     2.0760919431     0.8117903293
   14      H       0.5493374079     3.2713332455    -0.6753143821
   15      H       2.1495614372     2.0260761081    -2.1005027839
   16      H       2.1911944621    -0.4498205210    -2.0143378743
   17      H       0.6744315228    -1.6710716671    -0.5424400624
 ----------------------------------------------------------------
 Nuclear Repulsion Energy =         400.95967070 hartrees
 There are       33 alpha and       31 beta electrons
 Requested basis set is def2-QZVPP
 There are 233 shells and 753 basis functions

 Total QAlloc Memory Limit   8000 MB
 Mega-Array Size       188 MB
 MEM_STATIC part       192 MB

 A cutoff of  1.0D-09 yielded  20109 shell pairs
 There are    207491 function pairs (    312194 Cartesian)
 Smallest overlap matrix eigenvalue = 6.16E-06

 Q-Chem warning in module stvman/mkSTV.C, line 305:

 Overlap eigenvalue is smaller than square root of threshold
 Use THRESH >= 12 to get rid of this warning


 Scale SEOQF with 1.000000e-01/1.000000e-01/1.000000e-01

 Standard Electronic Orientation quadrupole field applied
 Nucleus-field energy     =     0.0000000029 hartrees
 Guess MOs from SCF MO coefficient file

 -----------------------------------------------------------------------
  General SCF calculation program by
  Eric Jon Sundstrom, Paul Horn, Yuezhi Mao, Dmitri Zuev, Alec White,
  David Stuck, Shaama M.S., Shane Yost, Joonho Lee, David Small,
  Daniel Levine, Susi Lehtola, Hugh Burton, Evgeny Epifanovsky,
  Bang C. Huynh
 -----------------------------------------------------------------------
 Exchange:     0.2700 Hartree-Fock + 1.0000 M06
 Correlation:  1.0000 M06
 Using SG-3 standard quadrature grid
 Dispersion:   Grimme D4
 using 32 threads for integral computing
 -------------------------------------------------------
 OpenMP Integral computing Module                
 Release: version 1.0, May 2013, Q-Chem Inc. Pittsburgh 
 -------------------------------------------------------
 A unrestricted SCF calculation will be
 performed using DIIS
 SCF converges when DIIS error is below 1.0e-05
 ---------------------------------------
  Cycle       Energy         DIIS error
 ---------------------------------------
    1    -384.6778821933      3.82e-06  
    2    -384.6778900716      4.36e-06  Convergence criterion met
 ---------------------------------------
 SCF time:   CPU 1817.58s  wall 60.00s 
<S^2> =          2.029428612
 SCF   energy in the final basis set =     -384.6778900716
 Total energy in the final basis set =     -384.6778900716
 
 --------------------------------------------------------------
 
                    Orbital Energies (a.u.)
 --------------------------------------------------------------
 
 Alpha MOs
 -- Occupied --
-19.3082 -10.3124 -10.2691 -10.2600 -10.2440 -10.2410 -10.2404 -10.2388
-10.2364  -1.1195  -0.8726  -0.8012  -0.7617  -0.7526  -0.6598  -0.6153
 -0.5808  -0.5484  -0.5036  -0.4945  -0.4892  -0.4599  -0.4453  -0.4352
 -0.4250  -0.4198  -0.3870  -0.3859  -0.3600  -0.3488  -0.2891  -0.2734
 -0.1658
 -- Virtual --
 -0.0074   0.0001   0.0173   0.0193   0.0268   0.0383   0.0526   0.0563
  0.0583   0.0740   0.0826   0.1066   0.1179   0.1211   0.1306   0.1373
  0.1408   0.1481   0.1555   0.1589   0.1641   0.1729   0.1877   0.2092
  0.2169   0.2207   0.2246   0.2262   0.2418   0.2460   0.2466   0.2570
  0.2612   0.2717   0.2741   0.2778   0.2836   0.2938   0.2994   0.3018
  0.3111   0.3253   0.3295   0.3461   0.3533   0.3630   0.3658   0.3763
  0.3940   0.3994   0.4072   0.4186   0.4211   0.4319   0.4336   0.4413
  0.4530   0.4571   0.4720   0.4952   0.5033   0.5100   0.5112   0.5319
  0.5346   0.5472   0.5558   0.5730   0.5891   0.5990   0.6064   0.6249
  0.6292   0.6420   0.6508   0.6700   0.6793   0.6806   0.6815   0.6964
  0.6994   0.7017   0.7197   0.7256   0.7288   0.7388   0.7444   0.7587
  0.7591   0.7610   0.7849   0.7924   0.7973   0.8051   0.8199   0.8343
  0.8409   0.8421   0.8568   0.8605   0.8753   0.8754   0.8841   0.8897
  0.8903   0.9123   0.9126   0.9239   0.9357   0.9445   0.9548   0.9664
  0.9694   0.9749   0.9836   0.9912   0.9956   0.9965   1.0103   1.0233
  1.0341   1.0618   1.0620   1.0823   1.0900   1.1014   1.1211   1.1321
  1.1430   1.1455   1.1658   1.1689   1.1935   1.2199   1.2220   1.2333
  1.2498   1.2660   1.2772   1.2835   1.3029   1.3179   1.3415   1.3448
  1.3513   1.3729   1.3903   1.3997   1.4031   1.4285   1.4611   1.4618
  1.4889   1.5140   1.5252   1.5426   1.5550   1.5578   1.5795   1.5922
  1.5952   1.6235   1.6438   1.6704   1.6789   1.6834   1.7077   1.7126
  1.7220   1.7250   1.7444   1.7536   1.7663   1.7727   1.8128   1.8235
  1.8259   1.8280   1.8287   1.8452   1.8463   1.8666   1.8765   1.8840
  1.8945   1.9054   1.9196   1.9241   1.9399   1.9437   1.9496   1.9661
  1.9717   1.9847   1.9852   1.9970   2.0086   2.0169   2.0303   2.0342
  2.0539   2.0677   2.0695   2.0782   2.0786   2.0945   2.1098   2.1173
  2.1377   2.1467   2.1486   2.1715   2.1734   2.1807   2.1986   2.2019
  2.2121   2.2151   2.2222   2.2303   2.2328   2.2419   2.2459   2.2674
  2.2731   2.2959   2.3171   2.3255   2.3272   2.3439   2.3492   2.3605
  2.3872   2.3907   2.4047   2.4244   2.4278   2.4414   2.4426   2.4545
  2.4635   2.4722   2.4777   2.4877   2.4973   2.5210   2.5242   2.5377
  2.5445   2.5524   2.5572   2.5641   2.5699   2.5880   2.5978   2.6153
  2.6166   2.6242   2.6256   2.6603   2.6607   2.6708   2.6805   2.6848
  2.6970   2.7087   2.7165   2.7235   2.7340   2.7495   2.7521   2.7593
  2.7781   2.7857   2.8128   2.8243   2.8318   2.8569   2.8692   2.8780
  2.8962   2.9271   2.9389   2.9440   2.9746   2.9805   2.9937   3.0023
  3.0200   3.0205   3.0787   3.1028   3.1096   3.1289   3.1393   3.1548
  3.1738   3.1860   3.1916   3.2200   3.2222   3.2594   3.2718   3.2959
  3.3031   3.3038   3.3267   3.3322   3.3502   3.3764   3.3828   3.4010
  3.4082   3.4142   3.4253   3.4448   3.4511   3.4796   3.4933   3.4951
  3.5139   3.5449   3.5598   3.5773   3.5964   3.6098   3.6153   3.6742
  3.6911   3.6951   3.7379   3.7680   3.7802   3.7954   3.7990   3.8185
  3.8380   3.8919   3.8923   3.9417   3.9605   3.9849   4.0173   4.0215
  4.0340   4.0593   4.0716   4.0759   4.1148   4.1368   4.1676   4.1778
  4.2631   4.2892   4.2907   4.3346   4.3864   4.4042   4.4555   4.4705
  4.5003   4.5185   4.5478   4.5752   4.6739   4.6772   4.7083   4.7277
  4.7594   4.7930   4.8336   4.8509   4.8775   4.8981   4.9435   4.9449
  4.9781   4.9838   4.9903   4.9947   5.0241   5.0401   5.0609   5.0654
  5.1039   5.1089   5.1238   5.1365   5.1593   5.1766   5.1959   5.2041
  5.2335   5.2387   5.2564   5.2587   5.2985   5.3058   5.3259   5.3287
  5.3441   5.3641   5.3645   5.3858   5.4286   5.4377   5.4434   5.4637
  5.4667   5.4997   5.5096   5.5200   5.5433   5.5694   5.5825   5.5952
  5.6181   5.6521   5.6595   5.6914   5.6952   5.7203   5.7320   5.7364
  5.7469   5.7684   5.7850   5.7897   5.7907   5.8079   5.8205   5.8300
  5.8600   5.8621   5.8664   5.8878   5.8888   5.9175   5.9193   5.9325
  5.9360   5.9529   5.9737   5.9758   5.9852   6.0020   6.0125   6.0164
  6.0247   6.0341   6.0572   6.0582   6.0740   6.0926   6.1008   6.1282
  6.1327   6.1452   6.1463   6.1490   6.1596   6.1697   6.1895   6.1952
  6.1987   6.2174   6.2337   6.2394   6.2438   6.2551   6.2631   6.2731
  6.2921   6.2979   6.3048   6.3314   6.3569   6.3643   6.3680   6.3925
  6.3931   6.4115   6.4188   6.4472   6.4559   6.4773   6.4920   6.4958
  6.5119   6.5165   6.5248   6.5331   6.5343   6.5515   6.5778   6.5942
  6.6039   6.6189   6.6214   6.6332   6.6504   6.6738   6.6957   6.7039
  6.7182   6.7444   6.7748   6.7848   6.7886   6.8198   6.8371   6.8463
  6.8693   6.8777   6.9038   6.9117   6.9191   6.9413   6.9755   7.0018
  7.0139   7.0225   7.0374   7.0870   7.0886   7.1099   7.1376   7.1497
  7.1594   7.1644   7.1804   7.2193   7.2462   7.2647   7.2942   7.3094
  7.3231   7.3286   7.3643   7.3703   7.3898   7.4011   7.4199   7.4400
  7.4414   7.4573   7.4761   7.4860   7.5071   7.5336   7.5443   7.5613
  7.5720   7.6027   7.6069   7.6179   7.6402   7.6670   7.6774   7.6825
  7.7004   7.7451   7.7568   7.7932   7.8054   7.8084   7.8337   7.8556
  7.8701   7.8815   7.8860   7.9459   7.9626   7.9876   8.0026   8.0627
  8.0685   8.0810   8.0910   8.0919   8.1375   8.1468   8.1524   8.1653
  8.1943   8.1974   8.2045   8.2107   8.2186   8.2383   8.2477   8.2579
  8.2759   8.2766   8.2954   8.2961   8.3137   8.3191   8.3208   8.3288
  8.3504   8.3648   8.3874   8.3963   8.4097   8.4225   8.4608   8.4680
  8.4768   8.4871   8.5138   8.5351   8.5426   8.5683   8.5852   8.5992
  8.6112   8.6579   8.6828   8.6936   8.7233   8.7325   8.7416   8.7458
  8.7627   8.7740   8.7930   8.8054   8.8059   8.8228   8.8242   8.8762
  8.8902   8.9285   8.9680   9.0062   9.0143   9.0875   9.2685   9.3070
  9.3267   9.3773   9.3938   9.4185   9.4497   9.4688   9.4852   9.5572
  9.5833   9.5884   9.6058   9.6092   9.6581   9.6949   9.7471   9.7552
  9.7635   9.7779   9.8011   9.8415   9.8562   9.9225   9.9671  10.0274
 10.0380  10.0571  10.0980  10.0989  10.1216  10.2018  10.2940  10.3072
 10.3411  10.3662  10.4314  10.5188  10.6100  10.6663  10.7077  10.7648
 10.9149  11.0278  11.3090  11.3643  11.5146  11.5677  11.7868  11.8308
 11.8463  11.9454  11.9901  12.0973  12.1916  12.2848  12.5179  12.6368
 12.6876  12.9012  12.9161  13.1261  13.6680  14.1004  27.9884  28.3163
 28.6044  28.6819  29.0218  29.1418  29.1660  29.4585  48.0419 146.6146
146.9214 147.1965 147.2615 147.5742 147.7074 147.7697 148.0466 252.5067
 
 Beta MOs
 -- Occupied --
-19.2872 -10.3059 -10.2679 -10.2604 -10.2423 -10.2415 -10.2415 -10.2366
-10.2338  -1.0392  -0.8674  -0.7862  -0.7575  -0.7457  -0.6437  -0.6123
 -0.5656  -0.5235  -0.4813  -0.4739  -0.4615  -0.4526  -0.4324  -0.4282
 -0.4148  -0.3952  -0.3684  -0.3649  -0.3492  -0.2683  -0.2631
 -- Virtual --
 -0.1707  -0.0599  -0.0016   0.0025   0.0180   0.0273   0.0395   0.0432
  0.0539   0.0585   0.0632   0.0759   0.0839   0.1076   0.1201   0.1206
  0.1324   0.1387   0.1468   0.1490   0.1560   0.1605   0.1657   0.1820
  0.1911   0.2171   0.2197   0.2256   0.2262   0.2328   0.2453   0.2462
  0.2512   0.2587   0.2647   0.2735   0.2770   0.2833   0.2885   0.2964
  0.3026   0.3123   0.3125   0.3275   0.3311   0.3463   0.3560   0.3680
  0.3692   0.3828   0.3950   0.3999   0.4076   0.4210   0.4274   0.4337
  0.4345   0.4458   0.4530   0.4613   0.4734   0.4993   0.5089   0.5098
  0.5167   0.5332   0.5390   0.5491   0.5569   0.5751   0.5944   0.5988
  0.6092   0.6285   0.6317   0.6411   0.6536   0.6716   0.6816   0.6816
  0.6833   0.6988   0.7024   0.7064   0.7214   0.7258   0.7272   0.7393
  0.7441   0.7608   0.7620   0.7628   0.7845   0.7930   0.7977   0.8062
  0.8224   0.8327   0.8416   0.8457   0.8556   0.8597   0.8715   0.8742
  0.8833   0.8867   0.8928   0.9109   0.9115   0.9266   0.9359   0.9453
  0.9540   0.9666   0.9683   0.9769   0.9819   0.9915   0.9956   0.9972
  1.0094   1.0247   1.0331   1.0599   1.0627   1.0811   1.0888   1.1025
  1.1207   1.1315   1.1419   1.1468   1.1644   1.1677   1.1929   1.2184
  1.2214   1.2306   1.2483   1.2657   1.2759   1.2841   1.3090   1.3200
  1.3407   1.3464   1.3534   1.3781   1.3876   1.4044   1.4045   1.4330
  1.4599   1.4631   1.4958   1.5105   1.5283   1.5450   1.5526   1.5573
  1.5817   1.5928   1.5974   1.6222   1.6449   1.6695   1.6800   1.6817
  1.7101   1.7131   1.7247   1.7278   1.7456   1.7555   1.7676   1.7774
  1.8117   1.8226   1.8262   1.8304   1.8321   1.8448   1.8508   1.8700
  1.8757   1.8853   1.8962   1.9066   1.9199   1.9211   1.9391   1.9437
  1.9541   1.9687   1.9726   1.9861   1.9880   1.9980   2.0102   2.0169
  2.0307   2.0324   2.0567   2.0657   2.0683   2.0785   2.0793   2.0936
  2.1099   2.1178   2.1346   2.1473   2.1495   2.1705   2.1719   2.1817
  2.2011   2.2066   2.2104   2.2170   2.2228   2.2293   2.2321   2.2459
  2.2484   2.2673   2.2747   2.2968   2.3220   2.3257   2.3284   2.3433
  2.3507   2.3633   2.3890   2.3909   2.4045   2.4226   2.4283   2.4398
  2.4426   2.4562   2.4612   2.4715   2.4780   2.4892   2.4977   2.5248
  2.5263   2.5392   2.5444   2.5510   2.5580   2.5621   2.5680   2.5867
  2.5971   2.6135   2.6172   2.6233   2.6302   2.6582   2.6590   2.6705
  2.6854   2.6881   2.6985   2.7078   2.7149   2.7233   2.7328   2.7479
  2.7530   2.7583   2.7773   2.7848   2.8116   2.8207   2.8295   2.8579
  2.8691   2.8799   2.8959   2.9275   2.9405   2.9438   2.9744   2.9794
  2.9955   3.0050   3.0240   3.0294   3.0773   3.1065   3.1089   3.1332
  3.1410   3.1615   3.1767   3.1903   3.1924   3.2270   3.2300   3.2602
  3.2763   3.2978   3.3037   3.3051   3.3320   3.3334   3.3522   3.3776
  3.3917   3.4028   3.4120   3.4141   3.4271   3.4459   3.4523   3.4792
  3.5014   3.5017   3.5207   3.5486   3.5635   3.5813   3.6036   3.6150
  3.6206   3.6830   3.6945   3.7025   3.7363   3.7672   3.7812   3.7954
  3.8002   3.8281   3.8491   3.8950   3.9087   3.9479   3.9944   3.9947
  4.0201   4.0253   4.0405   4.0622   4.0824   4.0848   4.1259   4.1421
  4.1705   4.1788   4.2763   4.2967   4.3156   4.3386   4.4026   4.4222
  4.4607   4.4722   4.5064   4.5212   4.5514   4.5844   4.6797   4.6908
  4.7148   4.7346   4.7678   4.7994   4.8470   4.8636   4.8839   4.9017
  4.9523   4.9532   4.9875   4.9946   4.9983   5.0078   5.0342   5.0552
  5.0699   5.1041   5.1255   5.1300   5.1368   5.1465   5.1840   5.1907
  5.2080   5.2102   5.2295   5.2490   5.2635   5.2676   5.3158   5.3198
  5.3336   5.3374   5.3473   5.3646   5.3721   5.3964   5.4386   5.4447
  5.4489   5.4718   5.4780   5.5029   5.5037   5.5371   5.5443   5.5768
  5.5815   5.5969   5.6186   5.6317   5.6585   5.6936   5.6970   5.7254
  5.7277   5.7371   5.7376   5.7541   5.7808   5.7933   5.7938   5.8126
  5.8259   5.8384   5.8598   5.8625   5.8678   5.8874   5.8934   5.9229
  5.9263   5.9404   5.9443   5.9607   5.9736   5.9800   5.9844   5.9965
  6.0122   6.0232   6.0270   6.0404   6.0553   6.0588   6.0779   6.0954
  6.1027   6.1252   6.1363   6.1433   6.1538   6.1586   6.1636   6.1739
  6.1924   6.1949   6.2010   6.2246   6.2408   6.2452   6.2463   6.2581
  6.2657   6.2734   6.3003   6.3058   6.3097   6.3351   6.3613   6.3666
  6.3729   6.3943   6.3986   6.4175   6.4242   6.4535   6.4599   6.4836
  6.4975   6.4997   6.5124   6.5169   6.5353   6.5405   6.5499   6.5574
  6.5791   6.5978   6.6020   6.6236   6.6266   6.6378   6.6573   6.6764
  6.7041   6.7086   6.7331   6.7700   6.7815   6.7998   6.8043   6.8402
  6.8478   6.8579   6.8772   6.8830   6.9081   6.9250   6.9281   6.9550
  6.9899   7.0102   7.0193   7.0339   7.0494   7.0901   7.0909   7.1195
  7.1291   7.1636   7.1642   7.1723   7.1882   7.2237   7.2415   7.2666
  7.3017   7.3107   7.3228   7.3366   7.3680   7.3719   7.3939   7.4012
  7.4247   7.4448   7.4487   7.4567   7.4859   7.4877   7.5165   7.5369
  7.5434   7.5676   7.5688   7.6096   7.6099   7.6196   7.6389   7.6642
  7.6791   7.6919   7.7097   7.7498   7.7706   7.7935   7.8041   7.8054
  7.8478   7.8550   7.8710   7.8825   7.8860   7.9445   7.9676   7.9929
  8.0051   8.0598   8.0688   8.0903   8.0967   8.1129   8.1377   8.1469
  8.1526   8.1640   8.1930   8.2025   8.2053   8.2091   8.2220   8.2440
  8.2576   8.2656   8.2767   8.2869   8.2923   8.3037   8.3084   8.3170
  8.3245   8.3316   8.3616   8.3724   8.3859   8.4059   8.4104   8.4298
  8.4476   8.4665   8.4756   8.4799   8.5056   8.5345   8.5522   8.5644
  8.5809   8.5956   8.6128   8.6646   8.6877   8.6951   8.7130   8.7397
  8.7522   8.7523   8.7565   8.7773   8.8098   8.8186   8.8238   8.8527
  8.8578   8.8816   8.8889   8.9187   8.9531   9.0272   9.0331   9.1031
  9.2746   9.2877   9.3266   9.3499   9.3892   9.4107   9.4302   9.4576
  9.4712   9.4846   9.5514   9.5709   9.5733   9.6002   9.6060   9.6624
  9.7350   9.7356   9.7563   9.7757   9.8002   9.8098   9.8491   9.9002
  9.9596   9.9796  10.0405  10.0470  10.0892  10.1003  10.1323  10.2177
 10.3017  10.3077  10.3584  10.3934  10.4649  10.5383  10.6066  10.6704
 10.7402  10.7718  11.0014  11.0750  11.3074  11.3954  11.4906  11.5777
 11.7642  11.7720  11.8395  11.9480  12.1091  12.1376  12.2749  12.2869
 12.4869  12.5841  12.6122  12.8975  12.9829  13.1226  13.5536  14.1498
 27.9867  28.3145  28.6008  28.6781  29.0168  29.1393  29.1667  29.4553
 48.0474 146.6155 146.9275 147.1968 147.2637 147.5745 147.7079 147.7683
148.0467 252.6026
 --------------------------------------------------------------
 
          Ground-State Mulliken Net Atomic Charges

     Atom                 Charge (a.u.)    Spin (a.u.)
  --------------------------------------------------------
      1 C                    -0.021871       0.450057
      2 C                     0.008319       0.120970
      3 O                    -0.150419       1.059513
      4 C                    -0.299968      -0.101960
      5 C                     0.153434       0.219684
      6 C                    -0.160427      -0.108206
      7 C                     0.033745       0.245457
      8 C                    -0.049709      -0.107581
      9 C                    -0.056186       0.211335
     10 H                     0.081017       0.003194
     11 H                     0.080150       0.003652
     12 H                     0.109854      -0.011157
     13 H                    -0.011438       0.014674
     14 H                     0.151083      -0.009567
     15 H                    -0.000904       0.007734
     16 H                     0.014773      -0.009240
     17 H                     0.118547       0.011442
  --------------------------------------------------------
  Sum of atomic charges =     0.000000
  Sum of spin   charges =     2.000000

 -----------------------------------------------------------------
                    Cartesian Multipole Moments
 -----------------------------------------------------------------
    Charge (ESU x 10^10)
                 0.0000
    Dipole Moment (Debye)
         X       0.1340      Y      -1.5711      Z      -0.0442
       Tot       1.5775
    Quadrupole Moments (Debye-Ang)
        XX     -54.4002     XY       1.9094     YY     -46.0099
        XZ      -1.8668     YZ      -2.2879     ZZ     -54.4605
    Octopole Moments (Debye-Ang^2)
       XXX      14.6708    XXY     -14.9230    XYY      -0.1545
       YYY     -27.8559    XXZ     -10.4534    XYZ       0.7547
       YYZ       0.1238    XZZ      10.5532    YZZ     -14.8668
       ZZZ     -10.1335
    Hexadecapole Moments (Debye-Ang^3)
      XXXX    -533.8897   XXXY    -109.5279   XXYY    -188.2020
      XYYY    -105.9743   YYYY    -631.0818   XXXZ     212.1035
      XXYZ      30.8355   XYYZ      54.7328   YYYZ     110.4913
      XXZZ    -159.0426   XYZZ     -28.0709   YYZZ    -182.7431
      XZZZ     213.7624   YZZZ     116.5570   ZZZZ    -495.6691
 -----------------------------------------------------------------
 Total job time:  61.91s(wall), 1848.10s(cpu) 
 Mon Jan  6 16:03:22 2025

        *************************************************************
        *                                                           *
        *  Thank you very much for using Q-Chem.  Have a nice day.  *
        *                                                           *
        *************************************************************


