
Running Job 1 of 1 hat345-p2-doublet-wb97xd-M06.in
qchem hat345-p2-doublet-wb97xd-M06.in_2059261.0 /expanse/lustre/scratch/whughes/temp_project/job_32712340/hat345-p2-doublet-wb97xd-M06-32712340/ 0
/cm/shared/apps/spack/0.17.3/cpu/b/opt/spack/linux-rocky8-zen2/gcc-10.2.0/qchem-6.0-rytxnwjazd34ekd2gqyi5ufsaimxsd3r/exe/qcprog.exe_s hat345-p2-doublet-wb97xd-M06.in_2059261.0 /expanse/lustre/scratch/whughes/temp_project/job_32712340/hat345-p2-doublet-wb97xd-M06-32712340/
                  Welcome to Q-Chem
     A Quantum Leap Into The Future Of Chemistry


 Q-Chem 6.0, Q-Chem, Inc., Pleasanton, CA (2022)

 License issued to: University of California, San Diego (site)

 E. Epifanovsky,  A. T. B. Gilbert,  Xintian Feng,  Joonho Lee,  Yuezhi Mao,  
 N. Mardirossian,  P. Pokhilko,  A. White,  M. Wormit,  M. P. Coons,  
 A. L. Dempwolff,  Zhengting Gan,  D. Hait,  P. R. Horn,  L. D. Jacobson,  
 I. Kaliman,  J. Kussmann,  A. W. Lange,  Ka Un Lao,  D. S. Levine,  Jie Liu,  
 S. C. McKenzie,  A. F. Morrison,  K. Nanda,  F. Plasser,  D. R. Rehn,  
 M. L. Vidal,  Zhi-Qiang You,  Ying Zhu,  B. Alam,  B. Albrecht,  
 A. Aldossary,  E. Alguire,  J. H. Andersen,  V. Athavale,  D. Barton,  
 K. Begam,  A. Behn,  N. Bellonzi,  Y. A. Bernard,  E. J. Berquist,  
 H. Burton,  A. Carreras,  K. Carter-Fenk,  Romit Chakraborty,  
 Chandrima Chakravarty,  Junhan Chen,  A. D. Chien,  K. D. Closser,  
 V. Cofer-Shabica,  L. Cunha,  S. Dasgupta,  Jia Deng,  M. de Wergifosse,  
 M. Diedenhofen,  Hainam Do,  S. Ehlert,  Po-Tung Fang,  S. Fatehi,  
 Qingguo Feng,  T. Friedhoff,  B. Ganoe,  J. Gayvert,  Qinghui Ge,  
 G. Gidofalvi,  M. Goldey,  J. Gomes,  C. Gonzalez-Espinoza,  S. Gulania,  
 A. Gunina,  J. A. Gyamfi,  M. W. D. Hanson-Heine,  P. H. P. Harbach,  
 A. W. Hauser,  M. F. Herbst,  M. Hernandez Vera,  M. Hodecker,  
 Z. C. Holden,  S. Houck,  Xunkun Huang,  Kerwin Hui,  B. C. Huynh,  
 K. Ikeda,  M. Ivanov,  Hyunjun Ji,  Zuxin Jin,  Hanjie Jiang,  B. Kaduk,  
 S. Kaehler,  R. Kang,  K. Khistyaev,  Jaehoon Kim,  Yongbin Kim,  
 P. Klunzinger,  Z. Koczor-Benda,  Joong Hoon Koh,  D. Kosenkov,  
 Saikiran Kotaru,  L. Koulias,  T. Kowalczyk,  C. M. Krauter,  K. Kue,  
 A. Kunitsa,  T. Kus,  A. Landau,  K. V. Lawler,  D. Lefrancois,  S. Lehtola,  
 Rain Li,  Shaozhi Li,  Yi-Pei Li,  Jiashu Liang,  M. Liebenthal,  
 Hung-Hsuan Lin,  You-Sheng Lin,  Fenglai Liu,  Kuan-Yu Liu,  
 M. Loipersberger,  A. Luenser,  C. Malbon,  A. Manjanath,  P. Manohar,  
 E. Mansoor,  S. F. Manzer,  Shan-Ping Mao,  A. V. Marenich,  T. Markovich,  
 S. Mason,  F. Matz,  S. A. Maurer,  P. F. McLaughlin,  M. F. S. J. Menger,  
 J.-M. Mewes,  S. A. Mewes,  P. Morgante,  Mohammad Mostafanejad,  
 J. W. Mullinax,  K. J. Oosterbaan,  G. Paran,  V. Parravicini,  
 Alexander C. Paul,  Suranjan K. Paul,  F. Pavosevic,  Zheng Pei,  S. Prager,  
 E. I. Proynov,  E. Ramos,  B. Rana,  A. E. Rask,  A. Rettig,  R. M. Richard,  
 F. Rob,  E. Rossomme,  T. Scheele,  M. Scheurer,  M. Schneider,  
 P. E. Schneider,  N. Sergueev,  S. M. Sharada,  Hengyuan Shen,  
 W. Skomorowski,  D. W. Small,  C. J. Stein,  Yingli Su,  Yu-Chuan Su,  
 E. J. Sundstrom,  Zhen Tao,  J. Thirman,  Hung-Yi Tsai,  T. Tsuchimochi,  
 N. M. Tubman,  C. Utku,  S. P. Veccham,  O. Vydrov,  J. Wenzel,  
 Jonathan Wong,  J. Witte,  A. Yamada,  Chou-Hsun Yang,  Kun Yao,  
 S. Yeganeh,  S. R. Yost,  A. Zech,  F. Zeller,  Igor Ying Zhang,  
 Xing Zhang,  Yu Zhang,  D. Zuev,  A. Aspuru-Guzik,  A. T. Bell,  
 N. A. Besley,  K. B. Bravaya,  B. R. Brooks,  D. Casanova,  Jeng-Da Chai,  
 Hsing-Ta Chen,  S. Coriani,  C. J. Cramer,  A. E. DePrince, III,  
 R. A. DiStasio Jr.,  A. Dreuw,  B. D. Dunietz,  T. R. Furlani,  
 W. A. Goddard III,  S. Grimme,  S. Hammes-Schiffer,  T. Head-Gordon,  
 W. J. Hehre,  Chao-Ping Hsu,  T.-C. Jagau,  Yousung Jung,  A. Klamt,  
 Jing Kong,  D. S. Lambrecht,  Xiangyuan Li,  WanZhen Liang,  N. J. Mayhall,  
 C. W. McCurdy,  J. B. Neaton,  T. Neudecker,  C. Ochsenfeld,  
 J. A. Parkhill,  R. Peverati,  V. A. Rassolov,  Haisheng Ren,  Yihan Shao,  
 L. V. Slipchenko,  R. P. Steele,  J. E. Subotnik,  A. J. W. Thom,  
 A. Tkatchenko,  D. G. Truhlar,  T. Van Voorhis,  Fan Wang,  
 T. A. Wesolowski,  K. B. Whaley,  H. L. Woodcock III,  P. M. Zimmerman,  
 S. Faraji,  P. M. W. Gill,  M. Head-Gordon,  J. M. Herbert,  A. I. Krylov

 Contributors to earlier versions of Q-Chem not listed above: 
 R. D. Adamson,  B. Austin,  R. Baer,  J. Baker,  G. J. O. Beran,  
 K. Brandhorst,  S. T. Brown,  E. F. C. Byrd,  Arup K. Chakraborty,  
 G. K. L. Chan,  Chun-Min Chang,  Yunqing Chen,  C.-L. Cheng,  
 Siu Hung Chien,  D. M. Chipman,  D. L. Crittenden,  H. Dachsel,  
 R. J. Doerksen,  A. D. Dutoi,  R. G. Edgar,  J. Fosso-Tande,  
 L. Fusti-Molnar,  D. Ghosh,  A. Ghysels,  A. Golubeva-Zadorozhnaya,  
 J. Gonthier,  M. S. Gordon,  S. R. Gwaltney,  G. Hawkins,  J. E. Herr,  
 A. Heyden,  S. Hirata,  E. G. Hohenstein,  G. Kedziora,  F. J. Keil,  
 C. Kelley,  Jihan Kim,  R. A. King,  R. Z. Khaliullin,  P. P. Korambath,  
 W. Kurlancheek,  A. Laurent,  A. M. Lee,  M. S. Lee,  S. V. Levchenko,  
 Ching Yeh Lin,  D. Liotard,  E. Livshits,  R. C. Lochan,  I. Lotan,  
 L. A. Martinez-Martinez,  P. E. Maslen,  N. Nair,  D. P. O'Neill,  
 D. Neuhauser,  E. Neuscamman,  C. M. Oana,  R. Olivares-Amaya,  R. Olson,  
 T. M. Perrine,  B. Peters,  P. A. Pieniazek,  A. Prociuk,  Y. M. Rhee,  
 J. Ritchie,  M. A. Rohrdanz,  E. Rosta,  N. J. Russ,  H. F. Schaefer III,  
 M. W. Schmidt,  N. E. Schultz,  S. Sharma,  N. Shenvi,  C. D. Sherrill,  
 A. C. Simmonett,  A. Sodt,  T. Stein,  D. Stuck,  K. S. Thanthiriwatte,  
 V. Vanovschi,  L. Vogt,  Tao Wang,  A. Warshel,  M. A. Watson,  
 C. F. Williams,  Q. Wu,  X. Xu,  Jun Yang,  W. Zhang,  Yan Zhao

   Please cite Q-Chem as follows:
  "Software for the frontiers of quantum chemistry:
   An overview of developments in the Q-Chem 5 package"
   J. Chem. Phys. 155, 084801 (2021)
   https://doi.org/10.1063/5.0055522 (open access)

 Q-Chem 6.0.2 for Intel X86 EM64T Linux

 Parts of Q-Chem use Armadillo 9.900.5 (Nocturnal Misbehaviour).
 http://arma.sourceforge.net/

 Q-Chem begins on Fri Aug  2 08:15:28 2024  

 Host: 
0

     Scratch files written to /expanse/lustre/scratch/whughes/temp_project/job_32712340/hat345-p2-doublet-wb97xd-M06-32712340//
 Dec722 |scratch|qcdevops|jenkins|workspace|build_RNUM    
 Processing $rem in /cm/shared/apps/spack/0.17.3/cpu/b/opt/spack/linux-rocky8-zen2/gcc-10.2.0/qchem-6.0-rytxnwjazd34ekd2gqyi5ufsaimxsd3r/config/preferences:
 Processing $rem in /home/whughes/.qchemrc:

 Checking the input file for inconsistencies... 	...done.

--------------------------------------------------------------
User input:
--------------------------------------------------------------
$molecule
0 2
S    0.2420215558    -0.4099123805   -0.3950057909
O    -1.0335076923   -0.4326654141   0.3209030172
O    1.2017797607    0.7174046308    0.2726383762
H    0.6590469758    1.3893433238    0.7055488575
$end

$rem
METHOD      M06
BASIS       def2-QZVPP
SYM_IGNORE   TRUE
DFT_D       D4
MAX_SCF_CYCLES 300
$end

$end
--------------------------------------------------------------
 Adding empirical dispersion correction 
 ----------------------------------------------------------------
 Doing -D4(0) with M06 parameters:
 s6  =   1.00000
 s8  =   0.16367
 s10 =   0.00000
 s9 =   1.00000
 a1  =   0.53456
 a2  =   6.06192
 -D4 energy including 3body term = -0.0002874736 hartrees
 ----------------------------------------------------------------
             Standard Nuclear Orientation (Angstroms)
    I     Atom           X                Y                Z
 ----------------------------------------------------------------
    1      S       0.2420215558    -0.4099123805    -0.3950057909
    2      O      -1.0335076923    -0.4326654141     0.3209030172
    3      O       1.2017797607     0.7174046308     0.2726383762
    4      H       0.6590469758     1.3893433238     0.7055488575
 ----------------------------------------------------------------
 Nuclear Repulsion Energy =         111.47993817 hartrees
 There are       17 alpha and       16 beta electrons
 Requested basis set is def2-QZVPP
 There are 66 shells and 214 basis functions

 Total QAlloc Memory Limit   8000 MB
 Mega-Array Size       188 MB
 MEM_STATIC part       192 MB


                       Distance Matrix (Angstroms)
             S (  1)   O (  2)   O (  3)
   O (  2)  1.462880
   O (  3)  1.624108  2.514259
   H (  4)  2.149989  2.516428  0.966164
 
 A cutoff of  1.0D-09 yielded   2047 shell pairs
 There are     22519 function pairs (     34797 Cartesian)
 Smallest overlap matrix eigenvalue = 2.52E-04

 Scale SEOQF with 1.000000e-01/1.000000e-01/1.000000e+00

 Standard Electronic Orientation quadrupole field applied
 Nucleus-field energy     =    -0.0000000032 hartrees
 Guess from superposition of atomic densities
 Warning:  Energy on first SCF cycle will be non-variational
 SAD guess density has 33.000000 electrons

 -----------------------------------------------------------------------
  General SCF calculation program by
  Eric Jon Sundstrom, Paul Horn, Yuezhi Mao, Dmitri Zuev, Alec White,
  David Stuck, Shaama M.S., Shane Yost, Joonho Lee, David Small,
  Daniel Levine, Susi Lehtola, Hugh Burton, Evgeny Epifanovsky,
  Bang C. Huynh
 -----------------------------------------------------------------------
 Exchange:     0.2700 Hartree-Fock + 1.0000 M06
 Correlation:  1.0000 M06
 Using SG-3 standard quadrature grid
 Dispersion:   Grimme D4
 using 32 threads for integral computing
 -------------------------------------------------------
 OpenMP Integral computing Module                
 Release: version 1.0, May 2013, Q-Chem Inc. Pittsburgh 
 -------------------------------------------------------
 A unrestricted SCF calculation will be
 performed using DIIS
 SCF converges when DIIS error is below 1.0e-05
 ---------------------------------------
  Cycle       Energy         DIIS error
 ---------------------------------------
    1    -549.6607352055      1.37e-02  
    2    -549.0815900798      2.78e-03  
    3    -548.7186164828      5.33e-03  
    4    -549.1933384466      9.57e-04  
    5    -549.2069816165      3.49e-04  
    6    -549.2088912694      6.07e-05  
    7    -549.2089623861      1.61e-05  
    8    -549.2089711119      4.94e-06  Convergence criterion met
 ---------------------------------------
 SCF time:   CPU 203.94s  wall 6.00s 
<S^2> =          0.752759052
 SCF   energy in the final basis set =     -549.2089711119
 Total energy in the final basis set =     -549.2089711119
 
 --------------------------------------------------------------
 
                    Orbital Energies (a.u.)
 --------------------------------------------------------------
 
 Alpha MOs
 -- Occupied --
-89.1588 -19.2793 -19.2443  -8.1692  -6.0871  -6.0833  -6.0811  -1.1420
 -1.0698  -0.7170  -0.5551  -0.4939  -0.4827  -0.4288  -0.3932  -0.3538
 -0.2277
 -- Virtual --
 -0.0109   0.0181   0.0347   0.1322   0.1353   0.1558   0.1898   0.2253
  0.2497   0.2521   0.2776   0.2912   0.3103   0.3434   0.3445   0.3609
  0.3646   0.4714   0.5208   0.6042   0.6205   0.6442   0.7302   0.8332
  0.8572   0.8684   0.8707   0.8798   0.9061   0.9121   0.9289   0.9658
  0.9866   1.0068   1.0393   1.1237   1.1457   1.1680   1.1917   1.2481
  1.2878   1.2960   1.3207   1.3442   1.3642   1.3852   1.4331   1.4534
  1.5107   1.6710   1.7361   1.7632   1.8004   1.8832   1.9480   1.9896
  2.0781   2.1136   2.1837   2.2518   2.3346   2.4405   2.5253   2.5424
  2.5615   2.6111   2.6594   2.6631   2.6963   2.7634   2.7984   2.7994
  2.8131   2.8552   2.8729   2.9425   3.0132   3.0709   3.1014   3.1206
  3.1565   3.1991   3.2543   3.2842   3.3284   3.3310   3.4004   3.4052
  3.4567   3.5114   3.5428   3.6308   3.6963   3.7666   3.8114   3.8329
  3.8949   3.9548   3.9857   4.0442   4.1419   4.1588   4.1718   4.2511
  4.3232   4.3462   4.4055   4.5373   4.5828   4.6549   4.7736   4.8059
  4.8740   4.9822   5.0933   5.2282   5.2674   5.3361   5.4513   5.7512
  5.7710   6.2126   6.4634   6.5441   6.7067   7.0562   7.0941   7.2042
  7.2931   7.3081   7.6197   7.7408   7.8571   7.9868   8.3413   8.4799
  8.5562   8.5720   8.5869   8.6497   8.6933   8.7568   8.8657   8.8672
  8.8963   8.8990   8.9730   9.0031   9.0868   9.1081   9.2348   9.4123
  9.4626   9.6047   9.8938  10.0902  10.1519  10.3923  10.7481  10.9439
 10.9964  11.0302  11.1163  11.2001  11.2477  11.3002  11.3534  11.5569
 11.7179  11.7619  11.7936  11.7971  11.8939  11.9923  12.0366  12.0600
 12.2637  12.2851  12.3018  12.4676  12.4895  12.8554  13.7371  13.8341
 13.8960  14.0982  16.4385  24.4568  28.7468  29.1551  29.4384  47.9391
 48.2105  84.0445 252.3599 252.6268 450.2301
 
 Beta MOs
 -- Occupied --
-89.1558 -19.2773 -19.2370  -8.1653  -6.0840  -6.0782  -6.0723  -1.1301
 -1.0538  -0.6962  -0.5415  -0.4846  -0.4549  -0.4077  -0.3647  -0.3394
 -- Virtual --
 -0.1070  -0.0058   0.0243   0.0491   0.1390   0.1492   0.1625   0.1925
  0.2288   0.2530   0.2593   0.2804   0.2969   0.3215   0.3489   0.3553
  0.3625   0.3688   0.4753   0.5226   0.6048   0.6208   0.6458   0.7315
  0.8340   0.8668   0.8742   0.8758   0.8839   0.9123   0.9186   0.9455
  0.9692   0.9873   1.0082   1.0457   1.1295   1.1489   1.1704   1.1959
  1.2513   1.2913   1.2988   1.3245   1.3537   1.3677   1.3888   1.4349
  1.4549   1.5129   1.6724   1.7381   1.7656   1.7995   1.8879   1.9499
  1.9984   2.0890   2.1161   2.1840   2.2612   2.3407   2.4409   2.5312
  2.5628   2.5956   2.6314   2.6671   2.6924   2.7088   2.7751   2.8123
  2.8174   2.8374   2.8726   2.8822   2.9540   3.0325   3.0873   3.1238
  3.1344   3.1682   3.2113   3.2695   3.3241   3.3521   3.3664   3.4384
  3.4432   3.4685   3.5293   3.5522   3.6417   3.7059   3.7762   3.8271
  3.8436   3.9041   3.9648   3.9981   4.0543   4.1451   4.1664   4.1769
  4.2658   4.3279   4.3527   4.4078   4.5365   4.5907   4.6623   4.7952
  4.8248   4.8746   4.9896   5.1072   5.2530   5.2860   5.3359   5.4490
  5.7498   5.7705   6.2231   6.4642   6.5446   6.7255   7.0511   7.0906
  7.2026   7.2913   7.3290   7.6154   7.7404   7.8563   7.9880   8.3426
  8.4824   8.5664   8.5911   8.6064   8.6507   8.7231   8.7775   8.8850
  8.8869   8.9077   8.9110   8.9824   9.0120   9.0893   9.1112   9.2413
  9.4105   9.4659   9.5977   9.8889  10.0954  10.1553  10.3953  10.7600
 10.9553  11.0360  11.0602  11.1236  11.2184  11.2713  11.3203  11.3762
 11.5734  11.7344  11.7680  11.8019  11.8243  11.8887  12.0041  12.1073
 12.1286  12.2940  12.3065  12.3561  12.4570  12.5134  12.8506  13.7571
 13.8346  13.9120  14.1146  16.4382  24.4809  28.7715  29.1589  29.4430
 47.9861  48.2317  84.0599 252.4093 252.6408 450.2414
 --------------------------------------------------------------
 
          Ground-State Mulliken Net Atomic Charges

     Atom                 Charge (a.u.)    Spin (a.u.)
  --------------------------------------------------------
      1 S                     0.613004       0.614704
      2 O                    -0.435557       0.322945
      3 O                    -0.453044       0.063807
      4 H                     0.275597      -0.001456
  --------------------------------------------------------
  Sum of atomic charges =    -0.000000
  Sum of spin   charges =     1.000000

 -----------------------------------------------------------------
                    Cartesian Multipole Moments
 -----------------------------------------------------------------
    Charge (ESU x 10^10)
                -0.0000
    Dipole Moment (Debye)
         X       0.8659      Y       1.0678      Z      -0.3139
       Tot       1.4101
    Quadrupole Moments (Debye-Ang)
        XX     -27.3165     XY      -1.0434     YY     -20.5537
        XZ       0.6722     YZ       2.0763     ZZ     -22.6612
    Octopole Moments (Debye-Ang^2)
       XXX     -13.3694    XXY       1.8265    XYY      -3.5040
       YYY      12.4242    XXZ      -0.4784    XYZ       0.3779
       YYZ       3.5001    XZZ      -3.5825    YZZ       3.6333
       ZZZ       4.2191
    Hexadecapole Moments (Debye-Ang^3)
      XXXX    -118.2207   XXXY     -23.1812   XXYY     -30.5201
      XYYY     -16.3111   YYYY     -55.6110   XXXZ       1.7403
      XXYZ      -2.1035   XYYZ       3.1894   YYYZ      -3.0999
      XXZZ     -25.4838   XYZZ      -5.5538   YYZZ     -14.9752
      XZZZ       3.3124   YZZZ      -6.6100   ZZZZ     -42.4407
 -----------------------------------------------------------------
 Total job time:  101.79s(wall), 235.14s(cpu) 
 Fri Aug  2 08:17:10 2024

        *************************************************************
        *                                                           *
        *  Thank you very much for using Q-Chem.  Have a nice day.  *
        *                                                           *
        *************************************************************


