
Running Job 1 of 1 hat3c-ts1-triplet-M06.in
qchem hat3c-ts1-triplet-M06.in_2158496.0 /expanse/lustre/scratch/whughes/temp_project/job_32696735/hat3c-ts1-triplet-M06-32696735/ 0
/cm/shared/apps/spack/0.17.3/cpu/b/opt/spack/linux-rocky8-zen2/gcc-10.2.0/qchem-6.0-rytxnwjazd34ekd2gqyi5ufsaimxsd3r/exe/qcprog.exe_s hat3c-ts1-triplet-M06.in_2158496.0 /expanse/lustre/scratch/whughes/temp_project/job_32696735/hat3c-ts1-triplet-M06-32696735/
                  Welcome to Q-Chem
     A Quantum Leap Into The Future Of Chemistry


 Q-Chem 6.0, Q-Chem, Inc., Pleasanton, CA (2022)

 License issued to: University of California, San Diego (site)

 E. Epifanovsky,  A. T. B. Gilbert,  Xintian Feng,  Joonho Lee,  Yuezhi Mao,  
 N. Mardirossian,  P. Pokhilko,  A. White,  M. Wormit,  M. P. Coons,  
 A. L. Dempwolff,  Zhengting Gan,  D. Hait,  P. R. Horn,  L. D. Jacobson,  
 I. Kaliman,  J. Kussmann,  A. W. Lange,  Ka Un Lao,  D. S. Levine,  Jie Liu,  
 S. C. McKenzie,  A. F. Morrison,  K. Nanda,  F. Plasser,  D. R. Rehn,  
 M. L. Vidal,  Zhi-Qiang You,  Ying Zhu,  B. Alam,  B. Albrecht,  
 A. Aldossary,  E. Alguire,  J. H. Andersen,  V. Athavale,  D. Barton,  
 K. Begam,  A. Behn,  N. Bellonzi,  Y. A. Bernard,  E. J. Berquist,  
 H. Burton,  A. Carreras,  K. Carter-Fenk,  Romit Chakraborty,  
 Chandrima Chakravarty,  Junhan Chen,  A. D. Chien,  K. D. Closser,  
 V. Cofer-Shabica,  L. Cunha,  S. Dasgupta,  Jia Deng,  M. de Wergifosse,  
 M. Diedenhofen,  Hainam Do,  S. Ehlert,  Po-Tung Fang,  S. Fatehi,  
 Qingguo Feng,  T. Friedhoff,  B. Ganoe,  J. Gayvert,  Qinghui Ge,  
 G. Gidofalvi,  M. Goldey,  J. Gomes,  C. Gonzalez-Espinoza,  S. Gulania,  
 A. Gunina,  J. A. Gyamfi,  M. W. D. Hanson-Heine,  P. H. P. Harbach,  
 A. W. Hauser,  M. F. Herbst,  M. Hernandez Vera,  M. Hodecker,  
 Z. C. Holden,  S. Houck,  Xunkun Huang,  Kerwin Hui,  B. C. Huynh,  
 K. Ikeda,  M. Ivanov,  Hyunjun Ji,  Zuxin Jin,  Hanjie Jiang,  B. Kaduk,  
 S. Kaehler,  R. Kang,  K. Khistyaev,  Jaehoon Kim,  Yongbin Kim,  
 P. Klunzinger,  Z. Koczor-Benda,  Joong Hoon Koh,  D. Kosenkov,  
 Saikiran Kotaru,  L. Koulias,  T. Kowalczyk,  C. M. Krauter,  K. Kue,  
 A. Kunitsa,  T. Kus,  A. Landau,  K. V. Lawler,  D. Lefrancois,  S. Lehtola,  
 Rain Li,  Shaozhi Li,  Yi-Pei Li,  Jiashu Liang,  M. Liebenthal,  
 Hung-Hsuan Lin,  You-Sheng Lin,  Fenglai Liu,  Kuan-Yu Liu,  
 M. Loipersberger,  A. Luenser,  C. Malbon,  A. Manjanath,  P. Manohar,  
 E. Mansoor,  S. F. Manzer,  Shan-Ping Mao,  A. V. Marenich,  T. Markovich,  
 S. Mason,  F. Matz,  S. A. Maurer,  P. F. McLaughlin,  M. F. S. J. Menger,  
 J.-M. Mewes,  S. A. Mewes,  P. Morgante,  Mohammad Mostafanejad,  
 J. W. Mullinax,  K. J. Oosterbaan,  G. Paran,  V. Parravicini,  
 Alexander C. Paul,  Suranjan K. Paul,  F. Pavosevic,  Zheng Pei,  S. Prager,  
 E. I. Proynov,  E. Ramos,  B. Rana,  A. E. Rask,  A. Rettig,  R. M. Richard,  
 F. Rob,  E. Rossomme,  T. Scheele,  M. Scheurer,  M. Schneider,  
 P. E. Schneider,  N. Sergueev,  S. M. Sharada,  Hengyuan Shen,  
 W. Skomorowski,  D. W. Small,  C. J. Stein,  Yingli Su,  Yu-Chuan Su,  
 E. J. Sundstrom,  Zhen Tao,  J. Thirman,  Hung-Yi Tsai,  T. Tsuchimochi,  
 N. M. Tubman,  C. Utku,  S. P. Veccham,  O. Vydrov,  J. Wenzel,  
 Jonathan Wong,  J. Witte,  A. Yamada,  Chou-Hsun Yang,  Kun Yao,  
 S. Yeganeh,  S. R. Yost,  A. Zech,  F. Zeller,  Igor Ying Zhang,  
 Xing Zhang,  Yu Zhang,  D. Zuev,  A. Aspuru-Guzik,  A. T. Bell,  
 N. A. Besley,  K. B. Bravaya,  B. R. Brooks,  D. Casanova,  Jeng-Da Chai,  
 Hsing-Ta Chen,  S. Coriani,  C. J. Cramer,  A. E. DePrince, III,  
 R. A. DiStasio Jr.,  A. Dreuw,  B. D. Dunietz,  T. R. Furlani,  
 W. A. Goddard III,  S. Grimme,  S. Hammes-Schiffer,  T. Head-Gordon,  
 W. J. Hehre,  Chao-Ping Hsu,  T.-C. Jagau,  Yousung Jung,  A. Klamt,  
 Jing Kong,  D. S. Lambrecht,  Xiangyuan Li,  WanZhen Liang,  N. J. Mayhall,  
 C. W. McCurdy,  J. B. Neaton,  T. Neudecker,  C. Ochsenfeld,  
 J. A. Parkhill,  R. Peverati,  V. A. Rassolov,  Haisheng Ren,  Yihan Shao,  
 L. V. Slipchenko,  R. P. Steele,  J. E. Subotnik,  A. J. W. Thom,  
 A. Tkatchenko,  D. G. Truhlar,  T. Van Voorhis,  Fan Wang,  
 T. A. Wesolowski,  K. B. Whaley,  H. L. Woodcock III,  P. M. Zimmerman,  
 S. Faraji,  P. M. W. Gill,  M. Head-Gordon,  J. M. Herbert,  A. I. Krylov

 Contributors to earlier versions of Q-Chem not listed above: 
 R. D. Adamson,  B. Austin,  R. Baer,  J. Baker,  G. J. O. Beran,  
 K. Brandhorst,  S. T. Brown,  E. F. C. Byrd,  Arup K. Chakraborty,  
 G. K. L. Chan,  Chun-Min Chang,  Yunqing Chen,  C.-L. Cheng,  
 Siu Hung Chien,  D. M. Chipman,  D. L. Crittenden,  H. Dachsel,  
 R. J. Doerksen,  A. D. Dutoi,  R. G. Edgar,  J. Fosso-Tande,  
 L. Fusti-Molnar,  D. Ghosh,  A. Ghysels,  A. Golubeva-Zadorozhnaya,  
 J. Gonthier,  M. S. Gordon,  S. R. Gwaltney,  G. Hawkins,  J. E. Herr,  
 A. Heyden,  S. Hirata,  E. G. Hohenstein,  G. Kedziora,  F. J. Keil,  
 C. Kelley,  Jihan Kim,  R. A. King,  R. Z. Khaliullin,  P. P. Korambath,  
 W. Kurlancheek,  A. Laurent,  A. M. Lee,  M. S. Lee,  S. V. Levchenko,  
 Ching Yeh Lin,  D. Liotard,  E. Livshits,  R. C. Lochan,  I. Lotan,  
 L. A. Martinez-Martinez,  P. E. Maslen,  N. Nair,  D. P. O'Neill,  
 D. Neuhauser,  E. Neuscamman,  C. M. Oana,  R. Olivares-Amaya,  R. Olson,  
 T. M. Perrine,  B. Peters,  P. A. Pieniazek,  A. Prociuk,  Y. M. Rhee,  
 J. Ritchie,  M. A. Rohrdanz,  E. Rosta,  N. J. Russ,  H. F. Schaefer III,  
 M. W. Schmidt,  N. E. Schultz,  S. Sharma,  N. Shenvi,  C. D. Sherrill,  
 A. C. Simmonett,  A. Sodt,  T. Stein,  D. Stuck,  K. S. Thanthiriwatte,  
 V. Vanovschi,  L. Vogt,  Tao Wang,  A. Warshel,  M. A. Watson,  
 C. F. Williams,  Q. Wu,  X. Xu,  Jun Yang,  W. Zhang,  Yan Zhao

   Please cite Q-Chem as follows:
  "Software for the frontiers of quantum chemistry:
   An overview of developments in the Q-Chem 5 package"
   J. Chem. Phys. 155, 084801 (2021)
   https://doi.org/10.1063/5.0055522 (open access)

 Q-Chem 6.0.2 for Intel X86 EM64T Linux

 Parts of Q-Chem use Armadillo 9.900.5 (Nocturnal Misbehaviour).
 http://arma.sourceforge.net/

 Q-Chem begins on Thu Aug  1 15:57:30 2024  

 Host: 
0

     Scratch files written to /expanse/lustre/scratch/whughes/temp_project/job_32696735/hat3c-ts1-triplet-M06-32696735//
 Dec722 |scratch|qcdevops|jenkins|workspace|build_RNUM    
 Processing $rem in /cm/shared/apps/spack/0.17.3/cpu/b/opt/spack/linux-rocky8-zen2/gcc-10.2.0/qchem-6.0-rytxnwjazd34ekd2gqyi5ufsaimxsd3r/config/preferences:
 Processing $rem in /home/whughes/.qchemrc:

 Checking the input file for inconsistencies... 	...done.

--------------------------------------------------------------
User input:
--------------------------------------------------------------
$molecule
0 3
S    0.849958153     0.0852877699    -0.3819003105
O    0.2163961041    1.2892457809    -0.952324832
O    0.669847332     -0.218073392    1.1006319022
H    -0.1556369884   1.2156321637    1.9313353384
C    -0.5201925567   2.2502314822    2.1484430463
H    -1.1947909265   2.1324474113    2.9991028241
H    -1.0753583805   2.5912532801    1.2767994085
C    0.6406419384    3.1166399462    2.4579661551
H    1.1258709696    2.9555731086    3.4163343944
C    1.1281174408    4.0398004943    1.635510669
H    1.9819371475    4.6464948864    1.9093105002
H    0.6866304666    4.2140176984    0.6604657544
$end

$rem
METHOD      M06
BASIS       def2-QZVPP
SYM_IGNORE   TRUE
DFT_D       D4
MAX_SCF_CYCLES 300
$end

$end
--------------------------------------------------------------
 Adding empirical dispersion correction 
 ----------------------------------------------------------------
 Doing -D4(0) with M06 parameters:
 s6  =   1.00000
 s8  =   0.16367
 s10 =   0.00000
 s9 =   1.00000
 a1  =   0.53456
 a2  =   6.06192
 -D4 energy including 3body term = -0.0016468873 hartrees
 ----------------------------------------------------------------
             Standard Nuclear Orientation (Angstroms)
    I     Atom           X                Y                Z
 ----------------------------------------------------------------
    1      S       0.8499581530     0.0852877699    -0.3819003105
    2      O       0.2163961041     1.2892457809    -0.9523248320
    3      O       0.6698473320    -0.2180733920     1.1006319022
    4      H      -0.1556369884     1.2156321637     1.9313353384
    5      C      -0.5201925567     2.2502314822     2.1484430463
    6      H      -1.1947909265     2.1324474113     2.9991028241
    7      H      -1.0753583805     2.5912532801     1.2767994085
    8      C       0.6406419384     3.1166399462     2.4579661551
    9      H       1.1258709696     2.9555731086     3.4163343944
   10      C       1.1281174408     4.0398004943     1.6355106690
   11      H       1.9819371475     4.6464948864     1.9093105002
   12      H       0.6866304666     4.2140176984     0.6604657544
 ----------------------------------------------------------------
 Nuclear Repulsion Energy =         281.81546039 hartrees
 There are       29 alpha and       27 beta electrons
 Requested basis set is def2-QZVPP
 There are 167 shells and 535 basis functions

 Total QAlloc Memory Limit   8000 MB
 Mega-Array Size       188 MB
 MEM_STATIC part       192 MB


                       Distance Matrix (Angstroms)
             S (  1)   O (  2)   O (  3)   H (  4)   C (  5)   H (  6)
   O (  2)  1.475229
   O (  3)  1.523932  2.586940
   H (  4)  2.764048  2.908492  1.851217
   C (  5)  3.600963  3.328786  2.933706  1.118227
   H (  6)  4.450061  4.279745  3.550495  1.749434  1.092052
   H (  7)  3.569032  2.886667  3.311962  1.779505  1.088241  1.786364
   C (  8)  4.159056  3.892228  3.600489  2.127259  1.481217  2.151808
   H (  9)  4.768779  4.763295  3.955056  2.621999  2.194215  2.497417
   C ( 10)  4.448088  3.885059  4.315738  3.116322  2.486480  3.300497
   H ( 11)  5.228349  4.751549  5.102898  4.042342  3.472739  4.195198
   H ( 12)  4.261410  3.372907  4.453926  3.363754  2.743530  3.652657
             H (  7)   C (  8)   H (  9)   C ( 10)   H ( 11)
   C (  8)  2.148451
   H (  9)  3.091238  1.086213
   C ( 10)  2.661253  1.329019  2.084919
   H ( 11)  3.737799  2.107262  2.421402  1.082614
   H ( 12)  2.473426  2.106504  3.061279  1.084424  1.850532
 
 A cutoff of  1.0D-09 yielded  10680 shell pairs
 There are    107488 function pairs (    159030 Cartesian)
 Smallest overlap matrix eigenvalue = 6.02E-05

 Scale SEOQF with 1.000000e-01/1.000000e-01/1.000000e-01

 Standard Electronic Orientation quadrupole field applied
 Nucleus-field energy     =     0.0000000061 hartrees
 Guess from superposition of atomic densities
 Warning:  Energy on first SCF cycle will be non-variational
 SAD guess density has 56.000000 electrons

 -----------------------------------------------------------------------
  General SCF calculation program by
  Eric Jon Sundstrom, Paul Horn, Yuezhi Mao, Dmitri Zuev, Alec White,
  David Stuck, Shaama M.S., Shane Yost, Joonho Lee, David Small,
  Daniel Levine, Susi Lehtola, Hugh Burton, Evgeny Epifanovsky,
  Bang C. Huynh
 -----------------------------------------------------------------------
 Exchange:     0.2700 Hartree-Fock + 1.0000 M06
 Correlation:  1.0000 M06
 Using SG-3 standard quadrature grid
 Dispersion:   Grimme D4
 using 32 threads for integral computing
 -------------------------------------------------------
 OpenMP Integral computing Module                
 Release: version 1.0, May 2013, Q-Chem Inc. Pittsburgh 
 -------------------------------------------------------
 A unrestricted SCF calculation will be
 performed using DIIS
 SCF converges when DIIS error is below 1.0e-05
 ---------------------------------------
  Cycle       Energy         DIIS error
 ---------------------------------------
    1    -667.3028334082      7.82e-03  
    2    -666.1823591921      1.28e-03  
    3    -665.7863986270      2.20e-03  
    4    -666.3742299850      2.91e-04  
    5    -666.3760166023      2.84e-04  
    6    -666.3855636795      1.33e-04  
    7    -666.3875333296      2.99e-05  
    8    -666.3876209152      3.38e-05  
    9    -666.3877894090      1.58e-05  
   10    -666.3878577332      1.14e-05  
   11    -666.3879086638      5.58e-06  Convergence criterion met
 ---------------------------------------
 SCF time:   CPU 2911.16s  wall 94.00s 
<S^2> =          2.011729450
 SCF   energy in the final basis set =     -666.3879086638
 Total energy in the final basis set =     -666.3879086638
 
 --------------------------------------------------------------
 
                    Orbital Energies (a.u.)
 --------------------------------------------------------------
 
 Alpha MOs
 -- Occupied --
-89.1524 -19.2752 -19.2463 -10.2718 -10.2610 -10.2544  -8.1628  -6.0790
 -6.0773  -6.0769  -1.1319  -1.0566  -0.8269  -0.7222  -0.6645  -0.5878
 -0.5142  -0.5023  -0.4874  -0.4812  -0.4579  -0.4385  -0.4062  -0.3904
 -0.3813  -0.3719  -0.3455  -0.2972  -0.2058
 -- Virtual --
 -0.0123   0.0092   0.0217   0.0251   0.0366   0.0539   0.0626   0.0748
  0.0901   0.1020   0.1155   0.1225   0.1304   0.1419   0.1628   0.1775
  0.1833   0.1871   0.1996   0.2162   0.2274   0.2363   0.2609   0.2646
  0.2704   0.2810   0.2850   0.2898   0.3029   0.3058   0.3261   0.3321
  0.3450   0.3500   0.3604   0.3757   0.3925   0.4129   0.4249   0.4292
  0.4385   0.4661   0.4860   0.5034   0.5174   0.5419   0.5460   0.5787
  0.5984   0.6302   0.6311   0.6490   0.6518   0.6667   0.6745   0.6913
  0.7005   0.7170   0.7228   0.7262   0.7429   0.7546   0.7616   0.7798
  0.7897   0.8149   0.8173   0.8284   0.8311   0.8503   0.8603   0.8847
  0.8911   0.8996   0.9046   0.9110   0.9272   0.9283   0.9517   0.9604
  0.9618   0.9699   0.9913   0.9959   1.0059   1.0221   1.0255   1.0630
  1.0683   1.0737   1.0965   1.0995   1.1332   1.1361   1.1598   1.1707
  1.2049   1.2214   1.2318   1.2530   1.2783   1.2983   1.3181   1.3229
  1.3390   1.3614   1.3721   1.3868   1.4024   1.4129   1.4450   1.4683
  1.4778   1.5029   1.5254   1.5512   1.5757   1.5827   1.6507   1.6723
  1.7064   1.7343   1.7359   1.7648   1.7827   1.7879   1.7955   1.8197
  1.8261   1.8436   1.8675   1.8780   1.8853   1.9071   1.9179   1.9250
  1.9569   1.9632   1.9716   1.9827   2.0047   2.0183   2.0336   2.0448
  2.0703   2.0773   2.1067   2.1198   2.1198   2.1556   2.1781   2.1829
  2.2048   2.2149   2.2423   2.2613   2.2701   2.3032   2.3222   2.3416
  2.3767   2.3946   2.4275   2.4557   2.4643   2.4739   2.4792   2.4928
  2.5189   2.5269   2.5432   2.5599   2.5689   2.5855   2.6004   2.6224
  2.6353   2.6414   2.6577   2.6711   2.6899   2.7029   2.7099   2.7351
  2.7380   2.7472   2.7610   2.7640   2.7841   2.7909   2.8142   2.8325
  2.8457   2.8592   2.8834   2.8907   2.9270   2.9566   2.9732   3.0101
  3.0227   3.0647   3.0658   3.0816   3.0848   3.1138   3.1236   3.1388
  3.1801   3.1857   3.2111   3.2156   3.2226   3.2438   3.2828   3.2954
  3.3043   3.3228   3.3385   3.3500   3.3785   3.3944   3.4063   3.4087
  3.4389   3.4451   3.4619   3.4672   3.5212   3.5353   3.5452   3.5925
  3.6183   3.6546   3.6793   3.7008   3.7082   3.7143   3.7446   3.7589
  3.7810   3.8293   3.8650   3.8706   3.8773   3.8856   3.9069   3.9719
  4.0042   4.0145   4.0378   4.0731   4.1067   4.1468   4.1958   4.2141
  4.2356   4.2436   4.2620   4.3085   4.4107   4.4986   4.5524   4.5948
  4.7009   4.7470   4.8113   4.8191   4.8519   4.8735   4.8952   4.9228
  4.9315   4.9571   4.9999   5.0286   5.0459   5.1043   5.1161   5.1936
  5.2309   5.2470   5.2562   5.3072   5.3151   5.3423   5.3801   5.3930
  5.4067   5.4337   5.4738   5.4924   5.5312   5.5435   5.5834   5.6492
  5.6796   5.7049   5.7263   5.7488   5.7819   5.7985   5.8217   5.8494
  5.8578   5.8640   5.9060   5.9148   5.9496   5.9555   5.9790   6.0151
  6.0263   6.0710   6.0824   6.0868   6.1017   6.1152   6.1496   6.1803
  6.2107   6.2544   6.2671   6.2927   6.3028   6.3373   6.3496   6.3542
  6.3732   6.4253   6.4571   6.4844   6.4942   6.5572   6.5946   6.6307
  6.6743   6.7155   6.7364   6.7667   6.8333   6.8450   6.8701   6.8936
  6.9080   6.9435   7.0098   7.0309   7.0932   7.1002   7.1726   7.1867
  7.2037   7.2631   7.2849   7.3069   7.3338   7.3482   7.3616   7.3747
  7.4077   7.4354   7.4574   7.4861   7.5127   7.5708   7.5765   7.6137
  7.6249   7.6792   7.6839   7.7042   7.7371   7.8079   7.8479   7.8599
  7.8934   7.9234   7.9463   7.9682   7.9735   8.0142   8.0690   8.1499
  8.1524   8.1898   8.2038   8.2250   8.2311   8.2703   8.2809   8.3067
  8.3249   8.3497   8.3613   8.3688   8.3732   8.3981   8.4449   8.4864
  8.4977   8.5211   8.5436   8.5617   8.5829   8.6021   8.6142   8.6300
  8.6407   8.6612   8.6764   8.7314   8.7532   8.7863   8.8265   8.8532
  8.8722   8.8731   8.8806   8.8955   8.9110   8.9285   8.9449   8.9516
  9.0272   9.0418   9.0661   9.0791   9.1068   9.1142   9.1843   9.1879
  9.3243   9.3619   9.3916   9.4100   9.4434   9.4714   9.5006   9.5189
  9.5689   9.6380   9.6912   9.7026   9.7432   9.7976   9.8039   9.8266
  9.8783   9.8994   9.9759   9.9896  10.0700  10.1418  10.3068  10.4586
 10.6101  10.9908  10.9958  11.0061  11.0411  11.1021  11.1877  11.2434
 11.2619  11.3433  11.4905  11.6838  11.6963  11.7484  11.7772  11.7812
 11.7928  11.8207  11.8807  12.0251  12.0934  12.1323  12.2359  12.2605
 12.2821  12.4311  12.4531  12.4798  12.7003  12.7844  12.8427  13.0383
 13.8559  13.9379  24.5179  28.4397  28.7664  29.0881  29.1332  29.3057
 29.5521  47.9103  47.9716  84.1015 147.0299 147.7358 147.9073 252.3360
252.3984 450.3217
 
 Beta MOs
 -- Occupied --
-89.1485 -19.2621 -19.2366 -10.2718 -10.2593 -10.2531  -8.1580  -6.0752
 -6.0718  -6.0655  -1.0983  -1.0174  -0.8234  -0.7157  -0.6196  -0.5847
 -0.5035  -0.4682  -0.4626  -0.4554  -0.4396  -0.4210  -0.4023  -0.3794
 -0.3430  -0.3312  -0.2849
 -- Virtual --
 -0.2183  -0.0770  -0.0054   0.0102   0.0227   0.0278   0.0526   0.0599
  0.0734   0.0777   0.0911   0.1084   0.1189   0.1234   0.1362   0.1469
  0.1735   0.1841   0.1900   0.1938   0.2035   0.2177   0.2291   0.2396
  0.2659   0.2679   0.2729   0.2864   0.2913   0.2932   0.3053   0.3105
  0.3327   0.3374   0.3519   0.3552   0.3664   0.3801   0.3977   0.4141
  0.4275   0.4346   0.4404   0.4697   0.4881   0.5066   0.5174   0.5419
  0.5466   0.5831   0.6016   0.6328   0.6331   0.6496   0.6534   0.6680
  0.6750   0.6935   0.7016   0.7172   0.7244   0.7285   0.7438   0.7556
  0.7631   0.7806   0.7908   0.8160   0.8179   0.8289   0.8331   0.8533
  0.8608   0.8909   0.8946   0.9026   0.9092   0.9169   0.9306   0.9396
  0.9562   0.9631   0.9696   0.9760   0.9942   0.9999   1.0066   1.0276
  1.0348   1.0645   1.0717   1.0747   1.0989   1.1051   1.1359   1.1403
  1.1648   1.1726   1.2085   1.2265   1.2362   1.2550   1.2832   1.3036
  1.3237   1.3270   1.3447   1.3701   1.3764   1.3960   1.4084   1.4184
  1.4476   1.4732   1.4850   1.5087   1.5327   1.5532   1.5762   1.5876
  1.6550   1.6751   1.7088   1.7375   1.7396   1.7696   1.7842   1.7899
  1.7984   1.8228   1.8284   1.8456   1.8713   1.8799   1.8867   1.9090
  1.9191   1.9277   1.9597   1.9646   1.9784   1.9841   2.0104   2.0229
  2.0442   2.0573   2.0767   2.0809   2.1091   2.1208   2.1213   2.1575
  2.1797   2.1847   2.2064   2.2281   2.2462   2.2631   2.2711   2.3053
  2.3237   2.3429   2.3784   2.3959   2.4286   2.4569   2.4653   2.4743
  2.4797   2.4932   2.5198   2.5263   2.5445   2.5635   2.5736   2.6195
  2.6300   2.6362   2.6573   2.6614   2.6705   2.6764   2.6913   2.7090
  2.7125   2.7427   2.7516   2.7577   2.7743   2.7839   2.7932   2.8058
  2.8385   2.8489   2.8515   2.8779   2.8913   2.8979   2.9340   2.9610
  2.9743   3.0192   3.0349   3.0728   3.0946   3.1045   3.1127   3.1268
  3.1414   3.1583   3.1830   3.1962   3.2215   3.2234   3.2357   3.2536
  3.3013   3.3058   3.3286   3.3387   3.3543   3.3847   3.3854   3.3999
  3.4308   3.4502   3.4521   3.4595   3.4721   3.4793   3.5424   3.5451
  3.5646   3.6070   3.6432   3.6602   3.6840   3.7058   3.7117   3.7229
  3.7574   3.7616   3.7901   3.8357   3.8725   3.8811   3.8916   3.9018
  3.9132   3.9920   4.0177   4.0280   4.0490   4.0901   4.1287   4.1578
  4.2161   4.2192   4.2516   4.2639   4.2679   4.3080   4.4196   4.5153
  4.5674   4.6064   4.7210   4.7685   4.8275   4.8396   4.8601   4.8846
  4.9034   4.9453   4.9509   4.9695   5.0132   5.0360   5.0525   5.1220
  5.1411   5.1999   5.2326   5.2566   5.2824   5.3083   5.3162   5.3459
  5.3742   5.4018   5.4190   5.4363   5.4619   5.4938   5.5341   5.5502
  5.5871   5.6466   5.6776   5.6975   5.7236   5.7514   5.7888   5.7992
  5.8327   5.8480   5.8647   5.8760   5.9013   5.9161   5.9497   5.9652
  5.9886   6.0183   6.0281   6.0683   6.0825   6.0926   6.1018   6.1138
  6.1598   6.1833   6.2083   6.2512   6.2792   6.2929   6.3040   6.3384
  6.3489   6.3599   6.3723   6.4257   6.4678   6.4901   6.5064   6.5829
  6.5980   6.6342   6.6710   6.7220   6.7407   6.7731   6.8383   6.8446
  6.8747   6.9109   6.9187   6.9503   7.0106   7.0442   7.0958   7.1041
  7.1746   7.1936   7.2158   7.2655   7.2957   7.3306   7.3411   7.3620
  7.3669   7.3857   7.4181   7.4347   7.4589   7.4864   7.5203   7.5750
  7.5859   7.6180   7.6347   7.6817   7.6986   7.7024   7.7480   7.8093
  7.8537   7.8584   7.8983   7.9258   7.9468   7.9646   7.9756   8.0174
  8.0670   8.1493   8.1534   8.1842   8.2044   8.2256   8.2385   8.2706
  8.2832   8.3085   8.3287   8.3526   8.3628   8.3672   8.3874   8.4068
  8.4438   8.4920   8.5035   8.5377   8.5539   8.5787   8.6044   8.6253
  8.6352   8.6427   8.6661   8.6817   8.7062   8.7330   8.7667   8.7929
  8.8476   8.8676   8.8929   8.9003   8.9071   8.9212   8.9264   8.9349
  8.9523   8.9648   9.0314   9.0499   9.0744   9.0865   9.1105   9.1400
  9.1461   9.2075   9.3244   9.3321   9.3526   9.4585   9.4680   9.4725
  9.4954   9.5215   9.5613   9.6439   9.6824   9.7348   9.7559   9.8011
  9.8183   9.8286   9.8989   9.8998   9.9793   9.9979  10.0769  10.1471
 10.3211  10.4810  10.5881  11.0152  11.0461  11.0585  11.0961  11.1473
 11.2296  11.2968  11.3138  11.4005  11.4724  11.7054  11.7290  11.7886
 11.8146  11.8345  11.8354  11.8681  11.9109  12.1151  12.1954  12.2248
 12.2944  12.3008  12.3705  12.4419  12.4854  12.5560  12.6769  12.8184
 12.8865  13.0813  13.8769  13.9735  24.5489  28.4367  28.7924  29.0974
 29.1368  29.3041  29.5593  47.9722  48.0426  84.1219 147.0296 147.7361
147.9077 252.4202 252.4671 450.3349
 --------------------------------------------------------------
 
          Ground-State Mulliken Net Atomic Charges

     Atom                 Charge (a.u.)    Spin (a.u.)
  --------------------------------------------------------
      1 S                     0.632261       0.764365
      2 O                    -0.440083       0.394906
      3 O                    -0.371489       0.581871
      4 H                     0.017525      -0.028925
      5 C                    -0.051969       0.114485
      6 H                     0.081944       0.015151
      7 H                     0.089650      -0.002208
      8 C                    -0.300336       0.012609
      9 H                     0.119973      -0.004276
     10 C                     0.083430       0.164057
     11 H                     0.091506      -0.004307
     12 H                     0.047589      -0.007729
  --------------------------------------------------------
  Sum of atomic charges =    -0.000000
  Sum of spin   charges =     2.000000

 -----------------------------------------------------------------
                    Cartesian Multipole Moments
 -----------------------------------------------------------------
    Charge (ESU x 10^10)
                -0.0000
    Dipole Moment (Debye)
         X       0.3364      Y       1.3222      Z       1.5217
       Tot       2.0437
    Quadrupole Moments (Debye-Ang)
        XX     -41.1123     XY       2.0876     YY     -37.3019
        XZ      -0.4628     YZ       6.7851     ZZ     -39.8626
    Octopole Moments (Debye-Ang^2)
       XXX     -66.5018    XXY     -62.4071    XYY      -9.7082
       YYY    -181.8671    XXZ     -34.8581    XYZ       6.4643
       YYZ     -25.8713    XZZ     -20.5828    YZZ     -58.5487
       ZZZ     -95.3313
    Hexadecapole Moments (Debye-Ang^3)
      XXXX    -208.5522   XXXY    -101.5897   XXYY    -227.1942
      XYYY     -43.7532   YYYY   -1245.6842   XXXZ     -36.2855
      XXYZ     -98.8002   XYYZ      17.2113   YYYZ    -327.0294
      XXZZ    -134.7873   XYZZ     -21.6817   YYZZ    -318.3505
      XZZZ     -31.8028   YZZZ    -305.7422   ZZZZ    -611.1172
 -----------------------------------------------------------------
 Total job time:  96.39s(wall), 2944.86s(cpu) 
 Thu Aug  1 15:59:06 2024

        *************************************************************
        *                                                           *
        *  Thank you very much for using Q-Chem.  Have a nice day.  *
        *                                                           *
        *************************************************************


