
Running Job 1 of 1 ent1b-ts1-triplet-c1-wb97xd-M06.in
qchem ent1b-ts1-triplet-c1-wb97xd-M06.in_2583390.0 /expanse/lustre/scratch/whughes/temp_project/job_32693439/ent1b-ts1-triplet-c1-wb97xd-M06-32693439/ 0
/cm/shared/apps/spack/0.17.3/cpu/b/opt/spack/linux-rocky8-zen2/gcc-10.2.0/qchem-6.0-rytxnwjazd34ekd2gqyi5ufsaimxsd3r/exe/qcprog.exe_s ent1b-ts1-triplet-c1-wb97xd-M06.in_2583390.0 /expanse/lustre/scratch/whughes/temp_project/job_32693439/ent1b-ts1-triplet-c1-wb97xd-M06-32693439/
                  Welcome to Q-Chem
     A Quantum Leap Into The Future Of Chemistry


 Q-Chem 6.0, Q-Chem, Inc., Pleasanton, CA (2022)

 License issued to: University of California, San Diego (site)

 E. Epifanovsky,  A. T. B. Gilbert,  Xintian Feng,  Joonho Lee,  Yuezhi Mao,  
 N. Mardirossian,  P. Pokhilko,  A. White,  M. Wormit,  M. P. Coons,  
 A. L. Dempwolff,  Zhengting Gan,  D. Hait,  P. R. Horn,  L. D. Jacobson,  
 I. Kaliman,  J. Kussmann,  A. W. Lange,  Ka Un Lao,  D. S. Levine,  Jie Liu,  
 S. C. McKenzie,  A. F. Morrison,  K. Nanda,  F. Plasser,  D. R. Rehn,  
 M. L. Vidal,  Zhi-Qiang You,  Ying Zhu,  B. Alam,  B. Albrecht,  
 A. Aldossary,  E. Alguire,  J. H. Andersen,  V. Athavale,  D. Barton,  
 K. Begam,  A. Behn,  N. Bellonzi,  Y. A. Bernard,  E. J. Berquist,  
 H. Burton,  A. Carreras,  K. Carter-Fenk,  Romit Chakraborty,  
 Chandrima Chakravarty,  Junhan Chen,  A. D. Chien,  K. D. Closser,  
 V. Cofer-Shabica,  L. Cunha,  S. Dasgupta,  Jia Deng,  M. de Wergifosse,  
 M. Diedenhofen,  Hainam Do,  S. Ehlert,  Po-Tung Fang,  S. Fatehi,  
 Qingguo Feng,  T. Friedhoff,  B. Ganoe,  J. Gayvert,  Qinghui Ge,  
 G. Gidofalvi,  M. Goldey,  J. Gomes,  C. Gonzalez-Espinoza,  S. Gulania,  
 A. Gunina,  J. A. Gyamfi,  M. W. D. Hanson-Heine,  P. H. P. Harbach,  
 A. W. Hauser,  M. F. Herbst,  M. Hernandez Vera,  M. Hodecker,  
 Z. C. Holden,  S. Houck,  Xunkun Huang,  Kerwin Hui,  B. C. Huynh,  
 K. Ikeda,  M. Ivanov,  Hyunjun Ji,  Zuxin Jin,  Hanjie Jiang,  B. Kaduk,  
 S. Kaehler,  R. Kang,  K. Khistyaev,  Jaehoon Kim,  Yongbin Kim,  
 P. Klunzinger,  Z. Koczor-Benda,  Joong Hoon Koh,  D. Kosenkov,  
 Saikiran Kotaru,  L. Koulias,  T. Kowalczyk,  C. M. Krauter,  K. Kue,  
 A. Kunitsa,  T. Kus,  A. Landau,  K. V. Lawler,  D. Lefrancois,  S. Lehtola,  
 Rain Li,  Shaozhi Li,  Yi-Pei Li,  Jiashu Liang,  M. Liebenthal,  
 Hung-Hsuan Lin,  You-Sheng Lin,  Fenglai Liu,  Kuan-Yu Liu,  
 M. Loipersberger,  A. Luenser,  C. Malbon,  A. Manjanath,  P. Manohar,  
 E. Mansoor,  S. F. Manzer,  Shan-Ping Mao,  A. V. Marenich,  T. Markovich,  
 S. Mason,  F. Matz,  S. A. Maurer,  P. F. McLaughlin,  M. F. S. J. Menger,  
 J.-M. Mewes,  S. A. Mewes,  P. Morgante,  Mohammad Mostafanejad,  
 J. W. Mullinax,  K. J. Oosterbaan,  G. Paran,  V. Parravicini,  
 Alexander C. Paul,  Suranjan K. Paul,  F. Pavosevic,  Zheng Pei,  S. Prager,  
 E. I. Proynov,  E. Ramos,  B. Rana,  A. E. Rask,  A. Rettig,  R. M. Richard,  
 F. Rob,  E. Rossomme,  T. Scheele,  M. Scheurer,  M. Schneider,  
 P. E. Schneider,  N. Sergueev,  S. M. Sharada,  Hengyuan Shen,  
 W. Skomorowski,  D. W. Small,  C. J. Stein,  Yingli Su,  Yu-Chuan Su,  
 E. J. Sundstrom,  Zhen Tao,  J. Thirman,  Hung-Yi Tsai,  T. Tsuchimochi,  
 N. M. Tubman,  C. Utku,  S. P. Veccham,  O. Vydrov,  J. Wenzel,  
 Jonathan Wong,  J. Witte,  A. Yamada,  Chou-Hsun Yang,  Kun Yao,  
 S. Yeganeh,  S. R. Yost,  A. Zech,  F. Zeller,  Igor Ying Zhang,  
 Xing Zhang,  Yu Zhang,  D. Zuev,  A. Aspuru-Guzik,  A. T. Bell,  
 N. A. Besley,  K. B. Bravaya,  B. R. Brooks,  D. Casanova,  Jeng-Da Chai,  
 Hsing-Ta Chen,  S. Coriani,  C. J. Cramer,  A. E. DePrince, III,  
 R. A. DiStasio Jr.,  A. Dreuw,  B. D. Dunietz,  T. R. Furlani,  
 W. A. Goddard III,  S. Grimme,  S. Hammes-Schiffer,  T. Head-Gordon,  
 W. J. Hehre,  Chao-Ping Hsu,  T.-C. Jagau,  Yousung Jung,  A. Klamt,  
 Jing Kong,  D. S. Lambrecht,  Xiangyuan Li,  WanZhen Liang,  N. J. Mayhall,  
 C. W. McCurdy,  J. B. Neaton,  T. Neudecker,  C. Ochsenfeld,  
 J. A. Parkhill,  R. Peverati,  V. A. Rassolov,  Haisheng Ren,  Yihan Shao,  
 L. V. Slipchenko,  R. P. Steele,  J. E. Subotnik,  A. J. W. Thom,  
 A. Tkatchenko,  D. G. Truhlar,  T. Van Voorhis,  Fan Wang,  
 T. A. Wesolowski,  K. B. Whaley,  H. L. Woodcock III,  P. M. Zimmerman,  
 S. Faraji,  P. M. W. Gill,  M. Head-Gordon,  J. M. Herbert,  A. I. Krylov

 Contributors to earlier versions of Q-Chem not listed above: 
 R. D. Adamson,  B. Austin,  R. Baer,  J. Baker,  G. J. O. Beran,  
 K. Brandhorst,  S. T. Brown,  E. F. C. Byrd,  Arup K. Chakraborty,  
 G. K. L. Chan,  Chun-Min Chang,  Yunqing Chen,  C.-L. Cheng,  
 Siu Hung Chien,  D. M. Chipman,  D. L. Crittenden,  H. Dachsel,  
 R. J. Doerksen,  A. D. Dutoi,  R. G. Edgar,  J. Fosso-Tande,  
 L. Fusti-Molnar,  D. Ghosh,  A. Ghysels,  A. Golubeva-Zadorozhnaya,  
 J. Gonthier,  M. S. Gordon,  S. R. Gwaltney,  G. Hawkins,  J. E. Herr,  
 A. Heyden,  S. Hirata,  E. G. Hohenstein,  G. Kedziora,  F. J. Keil,  
 C. Kelley,  Jihan Kim,  R. A. King,  R. Z. Khaliullin,  P. P. Korambath,  
 W. Kurlancheek,  A. Laurent,  A. M. Lee,  M. S. Lee,  S. V. Levchenko,  
 Ching Yeh Lin,  D. Liotard,  E. Livshits,  R. C. Lochan,  I. Lotan,  
 L. A. Martinez-Martinez,  P. E. Maslen,  N. Nair,  D. P. O'Neill,  
 D. Neuhauser,  E. Neuscamman,  C. M. Oana,  R. Olivares-Amaya,  R. Olson,  
 T. M. Perrine,  B. Peters,  P. A. Pieniazek,  A. Prociuk,  Y. M. Rhee,  
 J. Ritchie,  M. A. Rohrdanz,  E. Rosta,  N. J. Russ,  H. F. Schaefer III,  
 M. W. Schmidt,  N. E. Schultz,  S. Sharma,  N. Shenvi,  C. D. Sherrill,  
 A. C. Simmonett,  A. Sodt,  T. Stein,  D. Stuck,  K. S. Thanthiriwatte,  
 V. Vanovschi,  L. Vogt,  Tao Wang,  A. Warshel,  M. A. Watson,  
 C. F. Williams,  Q. Wu,  X. Xu,  Jun Yang,  W. Zhang,  Yan Zhao

   Please cite Q-Chem as follows:
  "Software for the frontiers of quantum chemistry:
   An overview of developments in the Q-Chem 5 package"
   J. Chem. Phys. 155, 084801 (2021)
   https://doi.org/10.1063/5.0055522 (open access)

 Q-Chem 6.0.2 for Intel X86 EM64T Linux

 Parts of Q-Chem use Armadillo 9.900.5 (Nocturnal Misbehaviour).
 http://arma.sourceforge.net/

 Q-Chem begins on Thu Aug  1 12:55:02 2024  

 Host: 
0

     Scratch files written to /expanse/lustre/scratch/whughes/temp_project/job_32693439/ent1b-ts1-triplet-c1-wb97xd-M06-32693439//
 Dec722 |scratch|qcdevops|jenkins|workspace|build_RNUM    
 Processing $rem in /cm/shared/apps/spack/0.17.3/cpu/b/opt/spack/linux-rocky8-zen2/gcc-10.2.0/qchem-6.0-rytxnwjazd34ekd2gqyi5ufsaimxsd3r/config/preferences:
 Processing $rem in /home/whughes/.qchemrc:

 Checking the input file for inconsistencies... 	...done.

--------------------------------------------------------------
User input:
--------------------------------------------------------------
$molecule
0 3
C    0.7693919016    0.938413825     0.4157277926
C    2.1022198336    0.3398353027    0.4889018752
C    3.094671919     0.5858854719    -0.4207402234
C    -0.4065859021   0.2077010426    0.1716181555
C    -1.6624256248   0.8619771241    0.1417314024
C    -2.8214554991   0.1601213117    -0.0990388813
C    -2.7802401471   -1.2151477852   -0.3199676886
C    -1.5579528918   -1.8804702102   -0.297140012
C    -0.3900318994   -1.1894630346   -0.0571447717
H    0.7033369117    2.0087122908    0.5827751353
H    2.3466497676    -0.2641893292   1.3605083184
H    4.0281991703    0.0440469041    -0.3648824122
H    2.8637810189    1.0715050738    -1.359410761
H    -1.698680227    1.931134635     0.3130834067
H    -3.7706080276   0.6807467844    -0.1166155827
H    -3.6941732541   -1.7632546871   -0.5080509397
H    -1.5230172318   -2.9489370394   -0.4690592195
H    0.5559231808    -1.7175001385   -0.0452735763
Br   4.0084500014    2.5940824579    0.6051399823
$end

$rem
METHOD      M06
BASIS       def2-QZVPP
SYM_IGNORE   TRUE
DFT_D       D4
MAX_SCF_CYCLES 300
$end

$end
--------------------------------------------------------------
 Adding empirical dispersion correction 
 ----------------------------------------------------------------
 Doing -D4(0) with M06 parameters:
 s6  =   1.00000
 s8  =   0.16367
 s10 =   0.00000
 s9 =   1.00000
 a1  =   0.53456
 a2  =   6.06192
 -D4 energy including 3body term = -0.0038886475 hartrees
 ----------------------------------------------------------------
             Standard Nuclear Orientation (Angstroms)
    I     Atom           X                Y                Z
 ----------------------------------------------------------------
    1      C       0.7693919016     0.9384138250     0.4157277926
    2      C       2.1022198336     0.3398353027     0.4889018752
    3      C       3.0946719190     0.5858854719    -0.4207402234
    4      C      -0.4065859021     0.2077010426     0.1716181555
    5      C      -1.6624256248     0.8619771241     0.1417314024
    6      C      -2.8214554991     0.1601213117    -0.0990388813
    7      C      -2.7802401471    -1.2151477852    -0.3199676886
    8      C      -1.5579528918    -1.8804702102    -0.2971400120
    9      C      -0.3900318994    -1.1894630346    -0.0571447717
   10      H       0.7033369117     2.0087122908     0.5827751353
   11      H       2.3466497676    -0.2641893292     1.3605083184
   12      H       4.0281991703     0.0440469041    -0.3648824122
   13      H       2.8637810189     1.0715050738    -1.3594107610
   14      H      -1.6986802270     1.9311346350     0.3130834067
   15      H      -3.7706080276     0.6807467844    -0.1166155827
   16      H      -3.6941732541    -1.7632546871    -0.5080509397
   17      H      -1.5230172318    -2.9489370394    -0.4690592195
   18      H       0.5559231808    -1.7175001385    -0.0452735763
   19      Br      4.0084500014     2.5940824579     0.6051399823
 ----------------------------------------------------------------
 Nuclear Repulsion Energy =         637.98008941 hartrees
 There are       50 alpha and       48 beta electrons
 Requested basis set is def2-QZVPP
 There are 270 shells and 872 basis functions

 Total QAlloc Memory Limit   8000 MB
 Mega-Array Size       188 MB
 MEM_STATIC part       192 MB

 A cutoff of  1.0D-09 yielded  24121 shell pairs
 There are    244451 function pairs (    365295 Cartesian)
 Smallest overlap matrix eigenvalue = 6.13E-06

 Q-Chem warning in module stvman/mkSTV.C, line 305:

 Overlap eigenvalue is smaller than square root of threshold
 Use THRESH >= 12 to get rid of this warning


 Scale SEOQF with 1.000000e-01/1.000000e-01/1.000000e-01

 Standard Electronic Orientation quadrupole field applied
 Nucleus-field energy     =     0.0000000498 hartrees
 Guess from superposition of atomic densities
 Warning:  Energy on first SCF cycle will be non-variational
 SAD guess density has 98.000000 electrons

 -----------------------------------------------------------------------
  General SCF calculation program by
  Eric Jon Sundstrom, Paul Horn, Yuezhi Mao, Dmitri Zuev, Alec White,
  David Stuck, Shaama M.S., Shane Yost, Joonho Lee, David Small,
  Daniel Levine, Susi Lehtola, Hugh Burton, Evgeny Epifanovsky,
  Bang C. Huynh
 -----------------------------------------------------------------------
 Exchange:     0.2700 Hartree-Fock + 1.0000 M06
 Correlation:  1.0000 M06
 Using SG-3 standard quadrature grid
 Dispersion:   Grimme D4
 using 32 threads for integral computing
 -------------------------------------------------------
 OpenMP Integral computing Module                
 Release: version 1.0, May 2013, Q-Chem Inc. Pittsburgh 
 -------------------------------------------------------
 A unrestricted SCF calculation will be
 performed using DIIS
 SCF converges when DIIS error is below 1.0e-05
 ---------------------------------------
  Cycle       Energy         DIIS error
 ---------------------------------------
    1   -2924.4166302214      6.36e-03  
    2   -2922.1160518327      6.19e-04  
    3   -2922.0836762409      7.31e-04  
    4   -2922.2653224556      1.18e-04  
    5   -2922.2689105323      6.34e-05  
    6   -2922.2703105921      2.88e-05  
    7   -2922.2706399629      1.69e-05  
    8   -2922.2707731182      6.35e-06  Convergence criterion met
 ---------------------------------------
 SCF time:   CPU 8494.00s  wall 281.00s 
<S^2> =          2.046911463
 SCF   energy in the final basis set =    -2922.2707731182
 Total energy in the final basis set =    -2922.2707731182
 
 --------------------------------------------------------------
 
                    Orbital Energies (a.u.)
 --------------------------------------------------------------
 
 Alpha MOs
 -- Occupied --
******** -62.7774 -56.4886 -56.4835 -56.4833 -10.2924 -10.2897 -10.2698
-10.2692 -10.2585 -10.2573 -10.2563 -10.2546 -10.2533  -8.8222  -6.6028
 -6.5898  -6.5893  -2.6598  -2.6567  -2.6563  -2.6465  -2.6465  -0.8910
 -0.8478  -0.7939  -0.7742  -0.7567  -0.7075  -0.6377  -0.6249  -0.5869
 -0.5443  -0.5096  -0.4980  -0.4786  -0.4533  -0.4496  -0.4443  -0.4106
 -0.4029  -0.3816  -0.3722  -0.3600  -0.3202  -0.2910  -0.2890  -0.2877
 -0.2560  -0.2047
 -- Virtual --
 -0.0329  -0.0212  -0.0021   0.0058   0.0129   0.0198   0.0295   0.0359
  0.0457   0.0522   0.0712   0.0828   0.0937   0.0961   0.1152   0.1216
  0.1252   0.1287   0.1304   0.1358   0.1442   0.1541   0.1588   0.1708
  0.1717   0.1751   0.1999   0.2013   0.2052   0.2080   0.2102   0.2216
  0.2266   0.2306   0.2362   0.2426   0.2440   0.2463   0.2522   0.2556
  0.2628   0.2652   0.2706   0.2769   0.2863   0.2977   0.3012   0.3041
  0.3115   0.3172   0.3306   0.3438   0.3486   0.3513   0.3547   0.3664
  0.3735   0.3791   0.3839   0.3925   0.3980   0.4042   0.4126   0.4216
  0.4320   0.4405   0.4485   0.4561   0.4604   0.4780   0.4812   0.4932
  0.5040   0.5161   0.5206   0.5329   0.5414   0.5419   0.5567   0.5590
  0.5713   0.5834   0.6061   0.6080   0.6121   0.6235   0.6287   0.6441
  0.6565   0.6690   0.6778   0.6827   0.6841   0.6893   0.6945   0.7021
  0.7095   0.7152   0.7215   0.7256   0.7322   0.7398   0.7487   0.7638
  0.7701   0.7769   0.7820   0.7885   0.7950   0.7970   0.8005   0.8082
  0.8178   0.8209   0.8262   0.8439   0.8548   0.8608   0.8692   0.8703
  0.8735   0.8798   0.8878   0.8973   0.9046   0.9085   0.9251   0.9265
  0.9490   0.9582   0.9619   0.9633   0.9721   0.9842   0.9884   0.9912
  0.9990   1.0059   1.0151   1.0165   1.0194   1.0334   1.0534   1.0565
  1.0685   1.0753   1.0847   1.0914   1.0983   1.1057   1.1130   1.1192
  1.1284   1.1416   1.1511   1.1517   1.1603   1.1672   1.1825   1.1947
  1.2034   1.2121   1.2251   1.2306   1.2448   1.2628   1.2682   1.2758
  1.2853   1.2969   1.3063   1.3374   1.3500   1.3683   1.3808   1.3948
  1.4115   1.4247   1.4396   1.4670   1.4727   1.4847   1.4939   1.5136
  1.5295   1.5336   1.5471   1.5578   1.5629   1.5699   1.5758   1.6044
  1.6072   1.6191   1.6416   1.6447   1.6551   1.6640   1.6840   1.6879
  1.6978   1.7139   1.7248   1.7389   1.7469   1.7554   1.7791   1.7852
  1.7986   1.8064   1.8110   1.8169   1.8291   1.8341   1.8441   1.8494
  1.8550   1.8732   1.8819   1.8857   1.8921   1.9064   1.9167   1.9238
  1.9265   1.9318   1.9462   1.9523   1.9616   1.9726   1.9763   1.9807
  1.9997   2.0033   2.0203   2.0332   2.0436   2.0481   2.0629   2.0639
  2.0701   2.0739   2.0778   2.0904   2.1018   2.1198   2.1257   2.1398
  2.1485   2.1559   2.1628   2.1765   2.1861   2.1907   2.2085   2.2123
  2.2184   2.2243   2.2278   2.2361   2.2467   2.2586   2.2651   2.2720
  2.2879   2.2983   2.3201   2.3206   2.3362   2.3473   2.3584   2.3660
  2.3683   2.3798   2.3878   2.3988   2.4035   2.4112   2.4166   2.4220
  2.4404   2.4449   2.4536   2.4719   2.4722   2.4818   2.4907   2.4968
  2.4999   2.5077   2.5149   2.5255   2.5371   2.5411   2.5504   2.5564
  2.5628   2.5681   2.5737   2.5878   2.5883   2.6075   2.6104   2.6216
  2.6323   2.6326   2.6422   2.6637   2.6657   2.6731   2.6831   2.6881
  2.6932   2.6983   2.7071   2.7107   2.7120   2.7164   2.7199   2.7239
  2.7307   2.7365   2.7406   2.7453   2.7551   2.7603   2.7653   2.7827
  2.7894   2.7973   2.8035   2.8166   2.8178   2.8370   2.8580   2.8769
  2.8949   2.9070   2.9139   2.9236   2.9289   2.9522   2.9553   2.9797
  2.9839   2.9990   3.0084   3.0319   3.0532   3.0743   3.0940   3.0981
  3.1214   3.1293   3.1349   3.1606   3.1680   3.1790   3.1875   3.2185
  3.2213   3.2401   3.2715   3.2909   3.3061   3.3207   3.3275   3.3377
  3.3448   3.3629   3.3687   3.3874   3.3982   3.4038   3.4078   3.4258
  3.4345   3.4381   3.4582   3.4775   3.4942   3.5070   3.5227   3.5323
  3.5389   3.5519   3.5625   3.6015   3.6181   3.6495   3.6659   3.6868
  3.7204   3.7487   3.7559   3.7756   3.7863   3.8094   3.8300   3.8485
  3.8835   3.8909   3.9158   3.9311   3.9489   3.9765   3.9816   4.0093
  4.0162   4.0306   4.0633   4.0650   4.0854   4.1513   4.1521   4.1832
  4.2178   4.2503   4.2784   4.2951   4.3214   4.3913   4.4170   4.4555
  4.4843   4.5319   4.5707   4.6506   4.6517   4.6856   4.7164   4.7565
  4.8080   4.8107   4.8300   4.8525   4.8679   4.8996   4.9286   4.9469
  4.9539   4.9717   4.9767   4.9898   5.0054   5.0064   5.0149   5.0285
  5.0456   5.0716   5.0880   5.0898   5.0976   5.1107   5.1224   5.1430
  5.1531   5.1552   5.1739   5.1845   5.1996   5.2105   5.2233   5.2312
  5.2600   5.2765   5.2974   5.3022   5.3080   5.3156   5.3218   5.3375
  5.3553   5.3614   5.3740   5.3866   5.4115   5.4219   5.4439   5.4502
  5.4672   5.4749   5.4801   5.5104   5.5302   5.5363   5.5370   5.5766
  5.5962   5.6069   5.6276   5.6306   5.6376   5.6405   5.6751   5.6836
  5.7038   5.7071   5.7212   5.7506   5.7569   5.7621   5.7707   5.7756
  5.7888   5.8275   5.8378   5.8458   5.8599   5.8771   5.8826   5.8890
  5.9017   5.9120   5.9193   5.9261   5.9545   5.9619   5.9689   5.9741
  5.9820   5.9846   5.9993   6.0196   6.0287   6.0340   6.0432   6.0455
  6.0599   6.0779   6.0790   6.0922   6.1035   6.1051   6.1078   6.1228
  6.1277   6.1370   6.1445   6.1516   6.1671   6.1830   6.1955   6.2030
  6.2108   6.2153   6.2323   6.2383   6.2446   6.2615   6.2657   6.2705
  6.2772   6.2983   6.3132   6.3257   6.3397   6.3428   6.3615   6.3630
  6.3747   6.4007   6.4119   6.4225   6.4320   6.4498   6.4552   6.4773
  6.4839   6.4849   6.4966   6.5075   6.5255   6.5304   6.5338   6.5471
  6.5611   6.5862   6.5921   6.6207   6.6242   6.6344   6.6450   6.6719
  6.6796   6.6854   6.7010   6.7101   6.7264   6.7425   6.7465   6.7802
  6.8061   6.8152   6.8319   6.8465   6.8586   6.8658   6.8707   6.8803
  6.8988   6.9246   6.9560   6.9740   6.9890   7.0095   7.0370   7.0586
  7.0847   7.0924   7.0990   7.1201   7.1665   7.1836   7.1966   7.2111
  7.2247   7.2497   7.2601   7.2769   7.2956   7.2995   7.3113   7.3544
  7.3652   7.3695   7.3781   7.3885   7.3946   7.4085   7.4137   7.4310
  7.4465   7.4643   7.4701   7.4823   7.5073   7.5218   7.5525   7.5633
  7.5706   7.5844   7.5951   7.6049   7.6381   7.6455   7.6705   7.7085
  7.7177   7.7468   7.7853   7.7867   7.8030   7.8190   7.8313   7.8489
  7.8560   7.8700   7.8730   7.9126   7.9243   7.9355   7.9520   7.9612
  7.9927   8.0133   8.0398   8.0457   8.0617   8.0747   8.0903   8.1134
  8.1161   8.1204   8.1252   8.1467   8.1585   8.1701   8.1793   8.1844
  8.2024   8.2121   8.2267   8.2350   8.2468   8.2530   8.2599   8.2706
  8.2812   8.2960   8.3064   8.3197   8.3244   8.3306   8.3421   8.3500
  8.3551   8.3716   8.3834   8.3966   8.4222   8.4266   8.4370   8.4501
  8.4602   8.4683   8.4820   8.5089   8.5212   8.5343   8.5383   8.5620
  8.5744   8.5859   8.6443   8.6469   8.6582   8.6742   8.6955   8.7078
  8.7228   8.7605   8.7791   8.8651   8.8677   8.9035   8.9112   8.9377
  9.0094   9.0921   9.1354   9.2071   9.2695   9.3145   9.3669   9.4013
  9.4149   9.4353   9.4372   9.4537   9.4588   9.4807   9.4876   9.5132
  9.5317   9.5365   9.5488   9.5566   9.5823   9.5939   9.5967   9.6162
  9.6525   9.6799   9.7054   9.7264   9.7336   9.7572   9.7893   9.8062
  9.8363   9.8679   9.9348   9.9510  10.0149  10.0393  10.0634  10.0735
 10.1404  10.1976  10.2481  10.3448  10.3716  10.4718  10.4817  10.5940
 10.6442  10.6918  10.7509  10.7694  11.4994  11.5414  11.7835  12.2354
 12.2474  12.4315  12.5286  12.5730  12.6141  12.8140  13.7513  13.7851
 14.0440  27.9847  28.4354  28.5605  28.5900  28.7635  28.9528  29.0034
 29.1255  29.1456  29.4453  34.4163  34.4169  34.4265  34.4295  34.4466
 34.4585  34.4823  94.9483 146.6131 147.0484 147.1752 147.1957 147.3485
147.5799 147.6950 147.7247 148.0369 322.02951818.1489
 
 Beta MOs
 -- Occupied --
******** -62.7760 -56.4843 -56.4823 -56.4822 -10.2892 -10.2874 -10.2707
-10.2621 -10.2564 -10.2556 -10.2552 -10.2543 -10.2534  -8.8210  -6.5987
 -6.5888  -6.5883  -2.6572  -2.6548  -2.6544  -2.6455  -2.6455  -0.8856
 -0.8317  -0.7866  -0.7713  -0.7275  -0.6917  -0.6334  -0.6206  -0.5768
 -0.5375  -0.5014  -0.4921  -0.4742  -0.4490  -0.4453  -0.4391  -0.4011
 -0.3933  -0.3760  -0.3607  -0.3333  -0.2933  -0.2796  -0.2781  -0.2775
 -- Virtual --
 -0.1392  -0.0959  -0.0165  -0.0117   0.0049   0.0077   0.0148   0.0239
  0.0317   0.0410   0.0465   0.0527   0.0725   0.0839   0.0931   0.0968
  0.1141   0.1229   0.1279   0.1299   0.1337   0.1376   0.1446   0.1584
  0.1618   0.1709   0.1775   0.1806   0.2019   0.2044   0.2072   0.2119
  0.2150   0.2269   0.2297   0.2321   0.2388   0.2439   0.2455   0.2503
  0.2553   0.2569   0.2648   0.2679   0.2725   0.2820   0.2881   0.3003
  0.3018   0.3069   0.3142   0.3198   0.3328   0.3460   0.3518   0.3532
  0.3592   0.3705   0.3752   0.3804   0.3891   0.3960   0.3999   0.4088
  0.4136   0.4254   0.4342   0.4474   0.4489   0.4578   0.4606   0.4788
  0.4835   0.4964   0.5067   0.5163   0.5219   0.5355   0.5424   0.5461
  0.5576   0.5624   0.5735   0.5863   0.6059   0.6137   0.6142   0.6269
  0.6326   0.6470   0.6612   0.6700   0.6789   0.6818   0.6871   0.6880
  0.6977   0.7043   0.7096   0.7131   0.7231   0.7255   0.7333   0.7440
  0.7517   0.7628   0.7670   0.7755   0.7792   0.7882   0.7933   0.7949
  0.7988   0.8062   0.8149   0.8196   0.8253   0.8432   0.8539   0.8598
  0.8673   0.8698   0.8741   0.8792   0.8859   0.8946   0.9028   0.9059
  0.9239   0.9250   0.9469   0.9585   0.9608   0.9620   0.9689   0.9817
  0.9871   0.9894   0.9977   1.0048   1.0124   1.0140   1.0182   1.0319
  1.0517   1.0568   1.0698   1.0736   1.0836   1.0941   1.0974   1.1093
  1.1139   1.1192   1.1301   1.1398   1.1451   1.1475   1.1568   1.1655
  1.1825   1.1914   1.2010   1.2086   1.2221   1.2282   1.2423   1.2580
  1.2648   1.2734   1.2815   1.2918   1.3015   1.3328   1.3446   1.3659
  1.3770   1.3925   1.4089   1.4245   1.4399   1.4652   1.4697   1.4830
  1.4984   1.5130   1.5271   1.5358   1.5463   1.5578   1.5602   1.5666
  1.5784   1.6065   1.6096   1.6208   1.6439   1.6468   1.6548   1.6632
  1.6853   1.6931   1.6985   1.7154   1.7280   1.7408   1.7500   1.7556
  1.7803   1.7858   1.8018   1.8099   1.8118   1.8214   1.8321   1.8339
  1.8448   1.8572   1.8574   1.8741   1.8841   1.8869   1.8937   1.9083
  1.9209   1.9238   1.9279   1.9358   1.9444   1.9541   1.9628   1.9747
  1.9756   1.9799   1.9978   2.0033   2.0252   2.0335   2.0422   2.0494
  2.0654   2.0668   2.0680   2.0744   2.0782   2.0901   2.1063   2.1191
  2.1242   2.1403   2.1501   2.1579   2.1631   2.1788   2.1879   2.1914
  2.2099   2.2113   2.2197   2.2253   2.2306   2.2357   2.2447   2.2607
  2.2650   2.2740   2.2884   2.3010   2.3195   2.3243   2.3380   2.3497
  2.3582   2.3679   2.3691   2.3815   2.3868   2.3983   2.4048   2.4139
  2.4172   2.4221   2.4394   2.4430   2.4548   2.4713   2.4733   2.4849
  2.4910   2.4976   2.5017   2.5107   2.5154   2.5264   2.5373   2.5410
  2.5511   2.5558   2.5626   2.5697   2.5748   2.5866   2.5895   2.6081
  2.6138   2.6242   2.6325   2.6336   2.6418   2.6646   2.6671   2.6746
  2.6856   2.6897   2.6945   2.6993   2.7091   2.7130   2.7143   2.7219
  2.7236   2.7305   2.7352   2.7381   2.7437   2.7458   2.7545   2.7619
  2.7700   2.7796   2.7892   2.8011   2.8047   2.8171   2.8212   2.8396
  2.8597   2.8756   2.8968   2.9082   2.9145   2.9246   2.9317   2.9524
  2.9576   2.9779   2.9868   3.0005   3.0096   3.0345   3.0508   3.0766
  3.0975   3.1028   3.1225   3.1322   3.1390   3.1641   3.1708   3.1806
  3.1907   3.2209   3.2238   3.2451   3.2726   3.2906   3.3074   3.3223
  3.3299   3.3385   3.3454   3.3653   3.3707   3.3876   3.3982   3.4058
  3.4144   3.4264   3.4325   3.4382   3.4613   3.4775   3.4990   3.5123
  3.5265   3.5377   3.5423   3.5567   3.5676   3.6073   3.6216   3.6536
  3.6716   3.6899   3.7238   3.7499   3.7614   3.7787   3.7937   3.8125
  3.8360   3.8511   3.8855   3.8994   3.9238   3.9432   3.9520   3.9797
  3.9879   4.0089   4.0220   4.0376   4.0636   4.0669   4.0855   4.1495
  4.1626   4.1878   4.2244   4.2566   4.2999   4.3058   4.3318   4.3911
  4.4266   4.4591   4.4849   4.5358   4.5775   4.6535   4.6707   4.6940
  4.7212   4.7692   4.8195   4.8302   4.8454   4.8582   4.8838   4.9316
  4.9471   4.9575   4.9632   4.9831   4.9879   5.0099   5.0199   5.0274
  5.0368   5.0524   5.0585   5.0799   5.0982   5.1063   5.1080   5.1345
  5.1358   5.1519   5.1614   5.1687   5.1878   5.1993   5.2107   5.2215
  5.2387   5.2467   5.2699   5.2914   5.2997   5.3078   5.3168   5.3227
  5.3322   5.3392   5.3495   5.3658   5.3735   5.3966   5.4154   5.4257
  5.4499   5.4564   5.4643   5.4780   5.4824   5.5089   5.5280   5.5401
  5.5482   5.5593   5.5893   5.6000   5.6027   5.6118   5.6304   5.6494
  5.6633   5.6753   5.6953   5.7031   5.7157   5.7434   5.7545   5.7614
  5.7661   5.7726   5.7895   5.8322   5.8398   5.8425   5.8621   5.8775
  5.8878   5.8925   5.8977   5.9088   5.9245   5.9357   5.9504   5.9624
  5.9686   5.9758   5.9830   5.9850   6.0008   6.0245   6.0295   6.0364
  6.0410   6.0473   6.0626   6.0806   6.0876   6.0953   6.1038   6.1054
  6.1113   6.1167   6.1293   6.1450   6.1538   6.1565   6.1742   6.1807
  6.1982   6.2046   6.2089   6.2230   6.2402   6.2447   6.2487   6.2690
  6.2703   6.2761   6.2829   6.3091   6.3226   6.3280   6.3467   6.3530
  6.3611   6.3706   6.3831   6.4040   6.4123   6.4284   6.4421   6.4569
  6.4579   6.4759   6.4825   6.4874   6.5030   6.5176   6.5210   6.5357
  6.5442   6.5525   6.5652   6.5890   6.6065   6.6275   6.6308   6.6418
  6.6505   6.6666   6.6953   6.6983   6.7138   6.7235   6.7409   6.7523
  6.7677   6.8032   6.8159   6.8230   6.8535   6.8673   6.8735   6.8786
  6.8871   6.8914   6.9119   6.9371   6.9719   6.9910   7.0022   7.0217
  7.0458   7.0720   7.0954   7.0979   7.1093   7.1294   7.1695   7.1893
  7.2007   7.2195   7.2439   7.2573   7.2664   7.2765   7.3000   7.3074
  7.3194   7.3547   7.3706   7.3761   7.3838   7.3874   7.3975   7.4132
  7.4199   7.4305   7.4462   7.4623   7.4710   7.4875   7.5156   7.5310
  7.5623   7.5679   7.5767   7.5836   7.5938   7.6126   7.6356   7.6485
  7.6792   7.7123   7.7236   7.7581   7.7836   7.7916   7.8081   7.8311
  7.8350   7.8572   7.8635   7.8730   7.8915   7.9233   7.9342   7.9392
  7.9679   7.9844   7.9956   8.0166   8.0403   8.0490   8.0638   8.0765
  8.0940   8.1124   8.1174   8.1230   8.1281   8.1458   8.1631   8.1774
  8.1797   8.1862   8.2048   8.2170   8.2291   8.2392   8.2515   8.2559
  8.2672   8.2788   8.2894   8.2934   8.3075   8.3179   8.3259   8.3335
  8.3417   8.3549   8.3639   8.3816   8.3894   8.3961   8.4082   8.4240
  8.4335   8.4544   8.4654   8.4731   8.4872   8.5062   8.5273   8.5302
  8.5456   8.5699   8.5715   8.5900   8.6470   8.6525   8.6577   8.6811
  8.7061   8.7152   8.7324   8.7650   8.7819   8.8483   8.8693   8.8925
  8.9279   8.9366   8.9982   9.0363   9.0837   9.1892   9.2140   9.2381
  9.2924   9.3760   9.3803   9.4017   9.4225   9.4369   9.4483   9.4603
  9.4684   9.4831   9.4897   9.4987   9.5285   9.5388   9.5524   9.5580
  9.5797   9.6055   9.6083   9.6392   9.6630   9.7039   9.7090   9.7309
  9.7646   9.7797   9.8306   9.8640   9.9333   9.9657  10.0190  10.0281
 10.0656  10.0678  10.1485  10.2174  10.2986  10.3546  10.4328  10.4867
 10.4957  10.5974  10.6523  10.7252  10.7645  10.8029  11.5113  11.5535
 11.7745  12.1097  12.2422  12.3926  12.4151  12.5471  12.6497  12.7994
 13.7546  13.7885  14.0508  27.9821  28.4346  28.5516  28.5860  28.7471
 28.9641  28.9981  29.1224  29.1394  29.4420  34.4170  34.4176  34.4327
 34.4363  34.4561  34.4689  34.4933  94.9501 146.6131 147.0491 147.1734
147.1936 147.3470 147.5782 147.6949 147.7221 148.0367 322.03051818.1498
 --------------------------------------------------------------
 
          Ground-State Mulliken Net Atomic Charges

     Atom                 Charge (a.u.)    Spin (a.u.)
  --------------------------------------------------------
      1 C                     0.033085       0.694262
      2 C                    -0.198517       0.400270
      3 C                    -0.163812      -0.014724
      4 C                    -0.456167      -0.179546
      5 C                     0.006057       0.213853
      6 C                    -0.104801      -0.109664
      7 C                    -0.007137       0.251528
      8 C                    -0.142376      -0.106110
      9 C                     0.086894       0.222281
     10 H                     0.152236       0.024174
     11 H                     0.113180       0.014639
     12 H                     0.199223      -0.004322
     13 H                     0.149551      -0.014097
     14 H                     0.161556      -0.000614
     15 H                     0.091390      -0.009658
     16 H                     0.065992       0.006504
     17 H                     0.143301      -0.009756
     18 H                     0.069546       0.016271
     19 Br                   -0.199202       0.604709
  --------------------------------------------------------
  Sum of atomic charges =     0.000000
  Sum of spin   charges =     2.000000

 -----------------------------------------------------------------
                    Cartesian Multipole Moments
 -----------------------------------------------------------------
    Charge (ESU x 10^10)
                 0.0000
    Dipole Moment (Debye)
         X      -2.2966      Y      -2.5046      Z      -0.7594
       Tot       3.4820
    Quadrupole Moments (Debye-Ang)
        XX     -76.7981     XY     -10.5307     YY     -74.5389
        XZ      -2.5292     YZ      -0.9530     ZZ     -75.0097
    Octopole Moments (Debye-Ang^2)
       XXX    -234.1374    XXY     -86.8680    XYY     -87.6917
       YYY    -145.3193    XXZ     -27.6964    XYZ      -9.6227
       YYZ     -14.4970    XZZ     -51.1678    YZZ     -42.0638
       ZZZ     -34.5598
    Hexadecapole Moments (Debye-Ang^3)
      XXXX   -3399.2745   XXXY    -895.4386   XXYY    -820.9590
      XYYY    -770.6241   YYYY   -1206.7432   XXXZ    -201.2337
      XXYZ     -53.8250   XYYZ     -54.4003   YYYZ    -105.1369
      XXZZ    -594.1800   XYZZ    -250.2863   YYZZ    -238.4454
      XZZZ    -169.4117   YZZZ    -124.8220   ZZZZ    -176.4680
 -----------------------------------------------------------------
 Total job time:  285.34s(wall), 8537.79s(cpu) 
 Thu Aug  1 12:59:47 2024

        *************************************************************
        *                                                           *
        *  Thank you very much for using Q-Chem.  Have a nice day.  *
        *                                                           *
        *************************************************************


