
Running Job 1 of 1 ca1-ts2-triplet-wb97xd-conf2-M06.in
qchem ca1-ts2-triplet-wb97xd-conf2-M06.in_2304958.0 /expanse/lustre/scratch/whughes/temp_project/job_32692168/ca1-ts2-triplet-wb97xd-conf2-M06-32692168/ 0
/cm/shared/apps/spack/0.17.3/cpu/b/opt/spack/linux-rocky8-zen2/gcc-10.2.0/qchem-6.0-rytxnwjazd34ekd2gqyi5ufsaimxsd3r/exe/qcprog.exe_s ca1-ts2-triplet-wb97xd-conf2-M06.in_2304958.0 /expanse/lustre/scratch/whughes/temp_project/job_32692168/ca1-ts2-triplet-wb97xd-conf2-M06-32692168/
                  Welcome to Q-Chem
     A Quantum Leap Into The Future Of Chemistry


 Q-Chem 6.0, Q-Chem, Inc., Pleasanton, CA (2022)

 License issued to: University of California, San Diego (site)

 E. Epifanovsky,  A. T. B. Gilbert,  Xintian Feng,  Joonho Lee,  Yuezhi Mao,  
 N. Mardirossian,  P. Pokhilko,  A. White,  M. Wormit,  M. P. Coons,  
 A. L. Dempwolff,  Zhengting Gan,  D. Hait,  P. R. Horn,  L. D. Jacobson,  
 I. Kaliman,  J. Kussmann,  A. W. Lange,  Ka Un Lao,  D. S. Levine,  Jie Liu,  
 S. C. McKenzie,  A. F. Morrison,  K. Nanda,  F. Plasser,  D. R. Rehn,  
 M. L. Vidal,  Zhi-Qiang You,  Ying Zhu,  B. Alam,  B. Albrecht,  
 A. Aldossary,  E. Alguire,  J. H. Andersen,  V. Athavale,  D. Barton,  
 K. Begam,  A. Behn,  N. Bellonzi,  Y. A. Bernard,  E. J. Berquist,  
 H. Burton,  A. Carreras,  K. Carter-Fenk,  Romit Chakraborty,  
 Chandrima Chakravarty,  Junhan Chen,  A. D. Chien,  K. D. Closser,  
 V. Cofer-Shabica,  L. Cunha,  S. Dasgupta,  Jia Deng,  M. de Wergifosse,  
 M. Diedenhofen,  Hainam Do,  S. Ehlert,  Po-Tung Fang,  S. Fatehi,  
 Qingguo Feng,  T. Friedhoff,  B. Ganoe,  J. Gayvert,  Qinghui Ge,  
 G. Gidofalvi,  M. Goldey,  J. Gomes,  C. Gonzalez-Espinoza,  S. Gulania,  
 A. Gunina,  J. A. Gyamfi,  M. W. D. Hanson-Heine,  P. H. P. Harbach,  
 A. W. Hauser,  M. F. Herbst,  M. Hernandez Vera,  M. Hodecker,  
 Z. C. Holden,  S. Houck,  Xunkun Huang,  Kerwin Hui,  B. C. Huynh,  
 K. Ikeda,  M. Ivanov,  Hyunjun Ji,  Zuxin Jin,  Hanjie Jiang,  B. Kaduk,  
 S. Kaehler,  R. Kang,  K. Khistyaev,  Jaehoon Kim,  Yongbin Kim,  
 P. Klunzinger,  Z. Koczor-Benda,  Joong Hoon Koh,  D. Kosenkov,  
 Saikiran Kotaru,  L. Koulias,  T. Kowalczyk,  C. M. Krauter,  K. Kue,  
 A. Kunitsa,  T. Kus,  A. Landau,  K. V. Lawler,  D. Lefrancois,  S. Lehtola,  
 Rain Li,  Shaozhi Li,  Yi-Pei Li,  Jiashu Liang,  M. Liebenthal,  
 Hung-Hsuan Lin,  You-Sheng Lin,  Fenglai Liu,  Kuan-Yu Liu,  
 M. Loipersberger,  A. Luenser,  C. Malbon,  A. Manjanath,  P. Manohar,  
 E. Mansoor,  S. F. Manzer,  Shan-Ping Mao,  A. V. Marenich,  T. Markovich,  
 S. Mason,  F. Matz,  S. A. Maurer,  P. F. McLaughlin,  M. F. S. J. Menger,  
 J.-M. Mewes,  S. A. Mewes,  P. Morgante,  Mohammad Mostafanejad,  
 J. W. Mullinax,  K. J. Oosterbaan,  G. Paran,  V. Parravicini,  
 Alexander C. Paul,  Suranjan K. Paul,  F. Pavosevic,  Zheng Pei,  S. Prager,  
 E. I. Proynov,  E. Ramos,  B. Rana,  A. E. Rask,  A. Rettig,  R. M. Richard,  
 F. Rob,  E. Rossomme,  T. Scheele,  M. Scheurer,  M. Schneider,  
 P. E. Schneider,  N. Sergueev,  S. M. Sharada,  Hengyuan Shen,  
 W. Skomorowski,  D. W. Small,  C. J. Stein,  Yingli Su,  Yu-Chuan Su,  
 E. J. Sundstrom,  Zhen Tao,  J. Thirman,  Hung-Yi Tsai,  T. Tsuchimochi,  
 N. M. Tubman,  C. Utku,  S. P. Veccham,  O. Vydrov,  J. Wenzel,  
 Jonathan Wong,  J. Witte,  A. Yamada,  Chou-Hsun Yang,  Kun Yao,  
 S. Yeganeh,  S. R. Yost,  A. Zech,  F. Zeller,  Igor Ying Zhang,  
 Xing Zhang,  Yu Zhang,  D. Zuev,  A. Aspuru-Guzik,  A. T. Bell,  
 N. A. Besley,  K. B. Bravaya,  B. R. Brooks,  D. Casanova,  Jeng-Da Chai,  
 Hsing-Ta Chen,  S. Coriani,  C. J. Cramer,  A. E. DePrince, III,  
 R. A. DiStasio Jr.,  A. Dreuw,  B. D. Dunietz,  T. R. Furlani,  
 W. A. Goddard III,  S. Grimme,  S. Hammes-Schiffer,  T. Head-Gordon,  
 W. J. Hehre,  Chao-Ping Hsu,  T.-C. Jagau,  Yousung Jung,  A. Klamt,  
 Jing Kong,  D. S. Lambrecht,  Xiangyuan Li,  WanZhen Liang,  N. J. Mayhall,  
 C. W. McCurdy,  J. B. Neaton,  T. Neudecker,  C. Ochsenfeld,  
 J. A. Parkhill,  R. Peverati,  V. A. Rassolov,  Haisheng Ren,  Yihan Shao,  
 L. V. Slipchenko,  R. P. Steele,  J. E. Subotnik,  A. J. W. Thom,  
 A. Tkatchenko,  D. G. Truhlar,  T. Van Voorhis,  Fan Wang,  
 T. A. Wesolowski,  K. B. Whaley,  H. L. Woodcock III,  P. M. Zimmerman,  
 S. Faraji,  P. M. W. Gill,  M. Head-Gordon,  J. M. Herbert,  A. I. Krylov

 Contributors to earlier versions of Q-Chem not listed above: 
 R. D. Adamson,  B. Austin,  R. Baer,  J. Baker,  G. J. O. Beran,  
 K. Brandhorst,  S. T. Brown,  E. F. C. Byrd,  Arup K. Chakraborty,  
 G. K. L. Chan,  Chun-Min Chang,  Yunqing Chen,  C.-L. Cheng,  
 Siu Hung Chien,  D. M. Chipman,  D. L. Crittenden,  H. Dachsel,  
 R. J. Doerksen,  A. D. Dutoi,  R. G. Edgar,  J. Fosso-Tande,  
 L. Fusti-Molnar,  D. Ghosh,  A. Ghysels,  A. Golubeva-Zadorozhnaya,  
 J. Gonthier,  M. S. Gordon,  S. R. Gwaltney,  G. Hawkins,  J. E. Herr,  
 A. Heyden,  S. Hirata,  E. G. Hohenstein,  G. Kedziora,  F. J. Keil,  
 C. Kelley,  Jihan Kim,  R. A. King,  R. Z. Khaliullin,  P. P. Korambath,  
 W. Kurlancheek,  A. Laurent,  A. M. Lee,  M. S. Lee,  S. V. Levchenko,  
 Ching Yeh Lin,  D. Liotard,  E. Livshits,  R. C. Lochan,  I. Lotan,  
 L. A. Martinez-Martinez,  P. E. Maslen,  N. Nair,  D. P. O'Neill,  
 D. Neuhauser,  E. Neuscamman,  C. M. Oana,  R. Olivares-Amaya,  R. Olson,  
 T. M. Perrine,  B. Peters,  P. A. Pieniazek,  A. Prociuk,  Y. M. Rhee,  
 J. Ritchie,  M. A. Rohrdanz,  E. Rosta,  N. J. Russ,  H. F. Schaefer III,  
 M. W. Schmidt,  N. E. Schultz,  S. Sharma,  N. Shenvi,  C. D. Sherrill,  
 A. C. Simmonett,  A. Sodt,  T. Stein,  D. Stuck,  K. S. Thanthiriwatte,  
 V. Vanovschi,  L. Vogt,  Tao Wang,  A. Warshel,  M. A. Watson,  
 C. F. Williams,  Q. Wu,  X. Xu,  Jun Yang,  W. Zhang,  Yan Zhao

   Please cite Q-Chem as follows:
  "Software for the frontiers of quantum chemistry:
   An overview of developments in the Q-Chem 5 package"
   J. Chem. Phys. 155, 084801 (2021)
   https://doi.org/10.1063/5.0055522 (open access)

 Q-Chem 6.0.2 for Intel X86 EM64T Linux

 Parts of Q-Chem use Armadillo 9.900.5 (Nocturnal Misbehaviour).
 http://arma.sourceforge.net/

 Q-Chem begins on Thu Aug  1 11:26:17 2024  

 Host: 
0

     Scratch files written to /expanse/lustre/scratch/whughes/temp_project/job_32692168/ca1-ts2-triplet-wb97xd-conf2-M06-32692168//
 Dec722 |scratch|qcdevops|jenkins|workspace|build_RNUM    
 Processing $rem in /cm/shared/apps/spack/0.17.3/cpu/b/opt/spack/linux-rocky8-zen2/gcc-10.2.0/qchem-6.0-rytxnwjazd34ekd2gqyi5ufsaimxsd3r/config/preferences:
 Processing $rem in /home/whughes/.qchemrc:

 Checking the input file for inconsistencies... 	...done.

--------------------------------------------------------------
User input:
--------------------------------------------------------------
$molecule
0 3
H    0.3370431967    -1.0664551016   -1.657932388
C    0.8175154775    -0.7155076968   -0.757800387
C    -0.8014703827   -1.6862844879   0.4177263333
F    -0.2638301383   -2.1324750974   1.5474328355
F    -1.2348310782   -2.7331984957   -0.29895501
C    -1.7542803638   -0.5878074445   0.5906427956
F    -2.7043866313   -0.7741639682   1.5214442878
C    -2.0063339324   0.5030689255    -0.3845394453
C    -1.1446097106   1.7546469773    -0.1873319109
O    0.1840846673    1.6395420362    -0.6954242389
C    0.9118755338    0.5710375156    -0.3294792996
C    2.011310052     0.6881947634    0.6757928894
O    2.6203180571    -0.5903014252   0.6834380602
C    1.9854938648    -1.4318340977   -0.1818857054
O    2.3644876995    -2.5409568507   -0.3879426583
H    -3.0503444235   0.8031587773    -0.2748922205
H    -1.8804575939   0.1472254416    -1.4113538194
H    -1.1070179927   2.0196338204    0.873896934
H    -1.5750676997   2.5882253905    -0.7396930087
H    1.6414809526    0.920286633     1.6801464682
H    2.746967049     1.4454925547    0.391834505
$end

$rem
METHOD      M06
BASIS       def2-QZVPP
SYM_IGNORE   TRUE
DFT_D       D4
MAX_SCF_CYCLES 300
$end

$end
--------------------------------------------------------------
 Adding empirical dispersion correction 
 ----------------------------------------------------------------
 Doing -D4(0) with M06 parameters:
 s6  =   1.00000
 s8  =   0.16367
 s10 =   0.00000
 s9 =   1.00000
 a1  =   0.53456
 a2  =   6.06192
 -D4 energy including 3body term = -0.0049277036 hartrees
 ----------------------------------------------------------------
             Standard Nuclear Orientation (Angstroms)
    I     Atom           X                Y                Z
 ----------------------------------------------------------------
    1      H       0.3370431967    -1.0664551016    -1.6579323880
    2      C       0.8175154775    -0.7155076968    -0.7578003870
    3      C      -0.8014703827    -1.6862844879     0.4177263333
    4      F      -0.2638301383    -2.1324750974     1.5474328355
    5      F      -1.2348310782    -2.7331984957    -0.2989550100
    6      C      -1.7542803638    -0.5878074445     0.5906427956
    7      F      -2.7043866313    -0.7741639682     1.5214442878
    8      C      -2.0063339324     0.5030689255    -0.3845394453
    9      C      -1.1446097106     1.7546469773    -0.1873319109
   10      O       0.1840846673     1.6395420362    -0.6954242389
   11      C       0.9118755338     0.5710375156    -0.3294792996
   12      C       2.0113100520     0.6881947634     0.6757928894
   13      O       2.6203180571    -0.5903014252     0.6834380602
   14      C       1.9854938648    -1.4318340977    -0.1818857054
   15      O       2.3644876995    -2.5409568507    -0.3879426583
   16      H      -3.0503444235     0.8031587773    -0.2748922205
   17      H      -1.8804575939     0.1472254416    -1.4113538194
   18      H      -1.1070179927     2.0196338204     0.8738969340
   19      H      -1.5750676997     2.5882253905    -0.7396930087
   20      H       1.6414809526     0.9202866330     1.6801464682
   21      H       2.7469670490     1.4454925547     0.3918345050
 ----------------------------------------------------------------
 Nuclear Repulsion Energy =         986.03399820 hartrees
 There are       54 alpha and       52 beta electrons
 Requested basis set is def2-QZVPP
 There are 308 shells and 1008 basis functions

 Total QAlloc Memory Limit   8000 MB
 Mega-Array Size       188 MB
 MEM_STATIC part       192 MB

 A cutoff of  1.0D-09 yielded  32213 shell pairs
 There are    336385 function pairs (    507274 Cartesian)
 Smallest overlap matrix eigenvalue = 2.07E-05

 Q-Chem warning in module stvman/mkSTV.C, line 305:

 Overlap eigenvalue is smaller than square root of threshold
 Use THRESH >= 12 to get rid of this warning


 Scale SEOQF with 1.000000e-01/1.000000e-01/1.000000e-01

 Standard Electronic Orientation quadrupole field applied
 Nucleus-field energy     =     0.0000000225 hartrees
 Guess from superposition of atomic densities
 Warning:  Energy on first SCF cycle will be non-variational
 SAD guess density has 106.000000 electrons

 -----------------------------------------------------------------------
  General SCF calculation program by
  Eric Jon Sundstrom, Paul Horn, Yuezhi Mao, Dmitri Zuev, Alec White,
  David Stuck, Shaama M.S., Shane Yost, Joonho Lee, David Small,
  Daniel Levine, Susi Lehtola, Hugh Burton, Evgeny Epifanovsky,
  Bang C. Huynh
 -----------------------------------------------------------------------
 Exchange:     0.2700 Hartree-Fock + 1.0000 M06
 Correlation:  1.0000 M06
 Using SG-3 standard quadrature grid
 Dispersion:   Grimme D4
 using 32 threads for integral computing
 -------------------------------------------------------
 OpenMP Integral computing Module                
 Release: version 1.0, May 2013, Q-Chem Inc. Pittsburgh 
 -------------------------------------------------------
 A unrestricted SCF calculation will be
 performed using DIIS
 SCF converges when DIIS error is below 1.0e-05
 ---------------------------------------
  Cycle       Energy         DIIS error
 ---------------------------------------
    1    -837.1001192342      6.37e-03  
    2    -833.8265615309      7.77e-04  
    3    -833.3169249003      1.35e-03  
    4    -834.0275555216      2.82e-04  
    5    -834.0578080703      1.08e-04  
    6    -834.0613391039      5.20e-05  
    7    -834.0625320553      1.76e-05  
    8    -834.0627125697      7.90e-06  Convergence criterion met
 ---------------------------------------
 SCF time:   CPU 13929.21s  wall 472.00s 
<S^2> =          2.031408094
 SCF   energy in the final basis set =     -834.0627125697
 Total energy in the final basis set =     -834.0627125697
 
 --------------------------------------------------------------
 
                    Orbital Energies (a.u.)
 --------------------------------------------------------------
 
 Alpha MOs
 -- Occupied --
-24.8246 -24.8223 -24.8188 -19.2769 -19.2666 -19.1999 -10.4327 -10.3765
-10.3673 -10.3390 -10.3386 -10.3261 -10.2928 -10.2806  -1.3317  -1.2997
 -1.2730  -1.1428  -1.1269  -1.0587  -0.8597  -0.8487  -0.7784  -0.7629
 -0.7189  -0.6623  -0.6282  -0.6136  -0.6084  -0.5974  -0.5795  -0.5603
 -0.5395  -0.5359  -0.5280  -0.5276  -0.5070  -0.4901  -0.4862  -0.4748
 -0.4588  -0.4574  -0.4509  -0.4351  -0.4313  -0.4292  -0.4081  -0.3962
 -0.3530  -0.3313  -0.3191  -0.2989  -0.2496  -0.2193
 -- Virtual --
 -0.0396  -0.0111  -0.0020   0.0067   0.0221   0.0268   0.0393   0.0461
  0.0489   0.0579   0.0674   0.0744   0.0898   0.0964   0.1003   0.1088
  0.1133   0.1216   0.1390   0.1438   0.1464   0.1565   0.1607   0.1689
  0.1775   0.1836   0.1900   0.1936   0.1997   0.2063   0.2152   0.2171
  0.2240   0.2269   0.2351   0.2390   0.2459   0.2580   0.2598   0.2633
  0.2684   0.2732   0.2779   0.2878   0.2943   0.2991   0.3075   0.3121
  0.3199   0.3242   0.3317   0.3371   0.3452   0.3525   0.3656   0.3731
  0.3897   0.4003   0.4071   0.4172   0.4235   0.4392   0.4454   0.4480
  0.4560   0.4583   0.4652   0.4695   0.4767   0.4831   0.4928   0.4975
  0.5023   0.5101   0.5147   0.5248   0.5299   0.5353   0.5458   0.5539
  0.5653   0.5730   0.5770   0.5865   0.5966   0.6029   0.6082   0.6128
  0.6355   0.6364   0.6443   0.6564   0.6640   0.6801   0.6820   0.6944
  0.6989   0.7067   0.7200   0.7242   0.7297   0.7354   0.7408   0.7468
  0.7540   0.7590   0.7696   0.7740   0.7768   0.7853   0.7985   0.8035
  0.8122   0.8261   0.8278   0.8344   0.8452   0.8555   0.8679   0.8706
  0.8777   0.8909   0.8941   0.9010   0.9091   0.9244   0.9328   0.9411
  0.9420   0.9507   0.9652   0.9729   0.9794   0.9868   0.9951   1.0022
  1.0143   1.0161   1.0279   1.0413   1.0492   1.0597   1.0673   1.0739
  1.0910   1.0985   1.1029   1.1151   1.1173   1.1319   1.1371   1.1446
  1.1693   1.1794   1.1947   1.2166   1.2210   1.2255   1.2396   1.2569
  1.2654   1.2723   1.2938   1.3016   1.3147   1.3296   1.3335   1.3465
  1.3640   1.3735   1.3873   1.3969   1.4163   1.4254   1.4296   1.4399
  1.4469   1.4696   1.4770   1.4815   1.5006   1.5129   1.5323   1.5368
  1.5553   1.5609   1.5730   1.5778   1.5981   1.6075   1.6295   1.6369
  1.6373   1.6572   1.6599   1.6669   1.6779   1.6954   1.7042   1.7117
  1.7203   1.7227   1.7284   1.7316   1.7357   1.7479   1.7498   1.7690
  1.7722   1.7910   1.7954   1.8014   1.8106   1.8113   1.8200   1.8352
  1.8450   1.8515   1.8647   1.8670   1.8691   1.8764   1.8837   1.8932
  1.9025   1.9153   1.9220   1.9282   1.9357   1.9412   1.9460   1.9574
  1.9663   1.9742   1.9858   1.9877   1.9921   2.0050   2.0109   2.0196
  2.0231   2.0395   2.0515   2.0621   2.0658   2.0789   2.0832   2.0959
  2.1009   2.1093   2.1249   2.1313   2.1324   2.1394   2.1534   2.1657
  2.1760   2.1791   2.1877   2.1948   2.2041   2.2078   2.2163   2.2376
  2.2414   2.2466   2.2556   2.2756   2.2791   2.2815   2.2944   2.3092
  2.3234   2.3310   2.3410   2.3546   2.3566   2.3616   2.3748   2.3822
  2.3851   2.3995   2.4056   2.4141   2.4239   2.4330   2.4453   2.4556
  2.4668   2.4850   2.4913   2.5009   2.5070   2.5163   2.5261   2.5453
  2.5487   2.5588   2.5675   2.5718   2.5968   2.6050   2.6163   2.6227
  2.6331   2.6415   2.6486   2.6520   2.6605   2.6648   2.6785   2.6848
  2.7007   2.7158   2.7209   2.7273   2.7405   2.7484   2.7520   2.7605
  2.7689   2.7930   2.7974   2.8106   2.8163   2.8275   2.8353   2.8387
  2.8615   2.8789   2.8830   2.8972   2.9134   2.9285   2.9387   2.9423
  2.9526   2.9574   2.9839   2.9995   3.0070   3.0132   3.0246   3.0472
  3.0507   3.0552   3.0779   3.0946   3.1055   3.1342   3.1403   3.1579
  3.1751   3.1846   3.2031   3.2101   3.2174   3.2368   3.2569   3.2661
  3.2797   3.2920   3.3060   3.3126   3.3286   3.3445   3.3607   3.3724
  3.4009   3.4181   3.4279   3.4346   3.4447   3.4604   3.4805   3.4955
  3.5079   3.5232   3.5458   3.5533   3.5782   3.5855   3.5981   3.6077
  3.6315   3.6453   3.6543   3.6776   3.6868   3.7214   3.7274   3.7541
  3.7804   3.7850   3.8033   3.8123   3.8270   3.8410   3.8750   3.8827
  3.8876   3.9213   3.9386   3.9503   3.9630   3.9803   4.0030   4.0197
  4.0230   4.0601   4.0815   4.0902   4.1030   4.1274   4.1427   4.1559
  4.1649   4.1788   4.1916   4.1944   4.2152   4.2309   4.2459   4.2579
  4.2657   4.2935   4.3036   4.3065   4.3139   4.3387   4.3536   4.3609
  4.3632   4.3674   4.3851   4.3909   4.4154   4.4299   4.4464   4.4692
  4.4817   4.4995   4.5059   4.5251   4.5343   4.5449   4.6011   4.6034
  4.6079   4.6337   4.6340   4.6619   4.6698   4.6989   4.7206   4.7281
  4.7669   4.7747   4.7830   4.7990   4.8100   4.8362   4.8740   4.8785
  4.8944   4.9128   4.9324   4.9585   4.9918   4.9950   5.0056   5.0212
  5.0426   5.0529   5.0666   5.0698   5.1007   5.1083   5.1261   5.1398
  5.1455   5.1543   5.1755   5.1823   5.1972   5.2077   5.2251   5.2413
  5.2658   5.2860   5.2927   5.3011   5.3140   5.3204   5.3264   5.3561
  5.3718   5.3803   5.3896   5.4020   5.4370   5.4433   5.4485   5.4567
  5.4750   5.4924   5.4964   5.5133   5.5167   5.5221   5.5476   5.5546
  5.5613   5.5653   5.5762   5.6054   5.6093   5.6206   5.6491   5.6518
  5.6645   5.6730   5.6818   5.6907   5.6959   5.7209   5.7247   5.7370
  5.7515   5.7604   5.7661   5.7816   5.7986   5.8044   5.8074   5.8257
  5.8317   5.8453   5.8581   5.8668   5.8757   5.8865   5.9039   5.9099
  5.9223   5.9296   5.9346   5.9509   5.9619   5.9722   5.9790   5.9856
  5.9976   6.0105   6.0163   6.0258   6.0328   6.0399   6.0478   6.0509
  6.0586   6.0666   6.0888   6.0975   6.1104   6.1202   6.1379   6.1462
  6.1494   6.1685   6.1747   6.1840   6.1987   6.2012   6.2027   6.2157
  6.2265   6.2484   6.2504   6.2651   6.2683   6.2819   6.2945   6.3059
  6.3178   6.3281   6.3322   6.3467   6.3484   6.3648   6.3786   6.3838
  6.3884   6.4028   6.4041   6.4203   6.4320   6.4551   6.4576   6.4668
  6.4742   6.4799   6.4919   6.5026   6.5169   6.5300   6.5494   6.5562
  6.5604   6.5774   6.5900   6.6028   6.6104   6.6230   6.6410   6.6536
  6.6643   6.6734   6.6762   6.6929   6.7153   6.7450   6.7493   6.7692
  6.7815   6.7948   6.8050   6.8214   6.8292   6.8448   6.8523   6.8755
  6.8820   6.8926   6.9004   6.9258   6.9395   6.9472   6.9774   6.9898
  7.0045   7.0154   7.0258   7.0376   7.0593   7.0695   7.0847   7.0996
  7.1120   7.1499   7.1695   7.1834   7.1953   7.2009   7.2242   7.2321
  7.2410   7.2597   7.2793   7.2975   7.3060   7.3110   7.3274   7.3428
  7.3464   7.3830   7.4057   7.4161   7.4293   7.4393   7.4461   7.4666
  7.4843   7.5067   7.5105   7.5344   7.5438   7.5598   7.5714   7.5973
  7.6053   7.6177   7.6343   7.6574   7.6676   7.6767   7.6954   7.7053
  7.7189   7.7386   7.7577   7.7753   7.7900   7.8055   7.8230   7.8473
  7.8674   7.8965   7.9066   7.9145   7.9192   7.9499   7.9618   7.9781
  8.0168   8.0328   8.0429   8.0701   8.0715   8.0922   8.1376   8.1557
  8.2262   8.2520   8.2610   8.2815   8.2942   8.2959   8.3205   8.3443
  8.3512   8.3643   8.3665   8.3692   8.3967   8.4089   8.4220   8.4344
  8.4456   8.4601   8.4681   8.4735   8.5049   8.5226   8.5379   8.5493
  8.5628   8.5848   8.5985   8.6247   8.6517   8.6543   8.6617   8.6809
  8.7063   8.7257   8.7517   8.7676   8.7942   8.8177   8.8899   8.9049
  8.9260   8.9366   8.9472   8.9916   9.0351   9.0536   9.0963   9.1178
  9.1347   9.1479   9.1740   9.1878   9.2001   9.2078   9.2328   9.2729
  9.2864   9.3214   9.3629   9.4079   9.4518   9.4601   9.4826   9.5420
  9.5549   9.5706   9.5742   9.5978   9.6250   9.6563   9.6981   9.7352
  9.7475   9.7672   9.7713   9.7947   9.8185   9.8328   9.8499   9.9046
  9.9225   9.9487   9.9739   9.9856  10.0451  10.0768  10.1046  10.1253
 10.1600  10.2105  10.2313  10.2388  10.2857  10.3276  10.4029  10.5395
 10.5588  10.6514  10.7877  10.8600  10.9426  11.0021  11.1125  11.1518
 11.3962  11.3975  11.4000  11.4018  11.4032  11.4057  11.4157  11.4221
 11.4387  11.4531  11.4574  11.4735  11.4768  11.4915  11.5133  11.5459
 11.6011  11.6273  11.6478  11.6521  11.7201  11.7577  11.7661  11.7896
 11.8131  11.8596  11.9171  11.9211  11.9451  11.9750  12.0512  12.0524
 12.0704  12.0846  12.0974  12.1011  12.1200  12.1255  12.1843  12.1975
 12.2131  12.2194  12.2574  12.2872  12.3170  12.3400  12.3672  12.3914
 12.4378  12.4508  12.5160  12.5608  12.5696  12.6295  12.6850  12.7153
 12.7306  12.7387  12.7788  12.8895  13.0462  13.3494  13.3866  13.4451
 13.6627  13.7232  13.7753  14.2291  14.6173  14.6517  14.6536  14.6598
 14.6817  14.6886  14.7012  14.7160  14.7408  14.8589  14.8922  14.9516
 14.9783  15.0347  15.0376  15.0708  15.0980  15.3329  15.5888  15.6401
 15.6727  15.6774  15.7614  15.8264  15.8991  15.9469  15.9750  16.0163
 16.0706  16.1111  16.2274  16.3231  16.3603  16.3958  16.4844  16.5141
 16.7532  16.8000  16.8292  16.8819  16.9480  17.0087  28.2037  28.4197
 28.4737  28.5867  28.9692  29.0022  29.0878  29.1108  48.4206  48.5117
 48.6054  54.6480  54.7139  55.0402 146.8200 147.0062 147.0542 147.1684
147.5899 147.6194 147.7038 147.7388 252.8843 252.9876 253.0954 285.0138
285.0972 285.4928
 
 Beta MOs
 -- Occupied --
-24.8211 -24.8204 -24.8159 -19.2763 -19.2667 -19.2000 -10.4222 -10.3764
-10.3552 -10.3371 -10.3337 -10.3265 -10.2934 -10.2820  -1.3233  -1.2891
 -1.2657  -1.1422  -1.1240  -1.0592  -0.8497  -0.8384  -0.7641  -0.7578
 -0.7115  -0.6474  -0.6236  -0.6035  -0.5961  -0.5894  -0.5639  -0.5553
 -0.5329  -0.5254  -0.5249  -0.5096  -0.4958  -0.4829  -0.4787  -0.4639
 -0.4562  -0.4539  -0.4466  -0.4343  -0.4262  -0.4226  -0.4061  -0.3888
 -0.3430  -0.3300  -0.3078  -0.2984
 -- Virtual --
 -0.0998  -0.0887  -0.0146  -0.0093  -0.0022   0.0073   0.0217   0.0287
  0.0392   0.0456   0.0502   0.0626   0.0697   0.0773   0.0901   0.0971
  0.1014   0.1089   0.1154   0.1245   0.1388   0.1442   0.1495   0.1611
  0.1687   0.1741   0.1812   0.1880   0.1923   0.1969   0.2025   0.2081
  0.2152   0.2214   0.2244   0.2327   0.2384   0.2405   0.2503   0.2609
  0.2623   0.2658   0.2727   0.2789   0.2855   0.2929   0.2968   0.3024
  0.3113   0.3175   0.3244   0.3266   0.3319   0.3400   0.3451   0.3538
  0.3663   0.3814   0.3922   0.4004   0.4063   0.4179   0.4246   0.4403
  0.4455   0.4505   0.4518   0.4590   0.4680   0.4695   0.4827   0.4851
  0.4936   0.4994   0.5032   0.5109   0.5156   0.5266   0.5299   0.5353
  0.5472   0.5545   0.5669   0.5741   0.5798   0.5854   0.5979   0.6055
  0.6090   0.6130   0.6338   0.6366   0.6443   0.6570   0.6644   0.6811
  0.6824   0.6950   0.7004   0.7064   0.7188   0.7249   0.7286   0.7377
  0.7411   0.7476   0.7539   0.7602   0.7681   0.7717   0.7753   0.7864
  0.7997   0.8034   0.8121   0.8245   0.8257   0.8297   0.8436   0.8575
  0.8651   0.8693   0.8740   0.8906   0.8915   0.8994   0.9055   0.9235
  0.9292   0.9387   0.9411   0.9468   0.9640   0.9678   0.9769   0.9866
  0.9954   1.0016   1.0097   1.0160   1.0253   1.0369   1.0467   1.0561
  1.0633   1.0708   1.0893   1.0958   1.0980   1.1125   1.1133   1.1307
  1.1381   1.1424   1.1683   1.1771   1.1901   1.2126   1.2193   1.2213
  1.2363   1.2588   1.2636   1.2715   1.2917   1.3000   1.3142   1.3311
  1.3341   1.3460   1.3639   1.3741   1.3842   1.3979   1.4164   1.4261
  1.4293   1.4407   1.4448   1.4703   1.4778   1.4822   1.5020   1.5166
  1.5323   1.5396   1.5573   1.5626   1.5727   1.5805   1.5995   1.6108
  1.6318   1.6377   1.6403   1.6607   1.6630   1.6681   1.6791   1.6972
  1.7049   1.7169   1.7195   1.7234   1.7279   1.7305   1.7367   1.7509
  1.7553   1.7703   1.7742   1.7928   1.7988   1.8062   1.8131   1.8145
  1.8201   1.8337   1.8481   1.8534   1.8644   1.8691   1.8724   1.8784
  1.8880   1.8925   1.9052   1.9147   1.9230   1.9287   1.9379   1.9411
  1.9468   1.9585   1.9666   1.9757   1.9847   1.9888   1.9952   2.0069
  2.0128   2.0215   2.0273   2.0405   2.0538   2.0639   2.0666   2.0786
  2.0847   2.0944   2.1030   2.1084   2.1282   2.1333   2.1346   2.1423
  2.1567   2.1623   2.1762   2.1803   2.1896   2.1992   2.2049   2.2111
  2.2174   2.2374   2.2392   2.2456   2.2570   2.2755   2.2765   2.2827
  2.2950   2.3095   2.3217   2.3307   2.3408   2.3525   2.3554   2.3633
  2.3770   2.3826   2.3850   2.3983   2.4077   2.4152   2.4258   2.4314
  2.4451   2.4600   2.4700   2.4880   2.4919   2.5024   2.5068   2.5203
  2.5268   2.5449   2.5489   2.5618   2.5680   2.5702   2.5993   2.6041
  2.6171   2.6241   2.6338   2.6409   2.6466   2.6540   2.6640   2.6670
  2.6816   2.6840   2.7016   2.7126   2.7205   2.7303   2.7417   2.7491
  2.7573   2.7657   2.7686   2.7922   2.8002   2.8117   2.8179   2.8295
  2.8358   2.8383   2.8633   2.8800   2.8840   2.8971   2.9149   2.9298
  2.9378   2.9479   2.9556   2.9582   2.9841   3.0035   3.0071   3.0140
  3.0297   3.0483   3.0538   3.0606   3.0819   3.0955   3.1069   3.1362
  3.1481   3.1628   3.1792   3.1906   3.2073   3.2162   3.2253   3.2392
  3.2619   3.2713   3.2820   3.2956   3.3115   3.3141   3.3335   3.3484
  3.3676   3.3789   3.4086   3.4224   3.4324   3.4353   3.4491   3.4644
  3.4828   3.4986   3.5091   3.5257   3.5483   3.5562   3.5835   3.5873
  3.6028   3.6076   3.6340   3.6538   3.6561   3.6791   3.6902   3.7251
  3.7310   3.7566   3.7848   3.7912   3.8071   3.8163   3.8301   3.8427
  3.8776   3.8849   3.8900   3.9231   3.9409   3.9536   3.9656   3.9821
  4.0050   4.0227   4.0252   4.0606   4.0842   4.0912   4.1075   4.1291
  4.1495   4.1601   4.1664   4.1863   4.1956   4.1981   4.2216   4.2349
  4.2512   4.2607   4.2757   4.2967   4.3063   4.3107   4.3203   4.3412
  4.3573   4.3624   4.3664   4.3713   4.3881   4.3946   4.4183   4.4379
  4.4507   4.4737   4.4912   4.5031   4.5130   4.5338   4.5410   4.5478
  4.6056   4.6137   4.6155   4.6387   4.6424   4.6664   4.6742   4.7059
  4.7266   4.7361   4.7712   4.7797   4.7948   4.8122   4.8229   4.8580
  4.8790   4.8920   4.9071   4.9212   4.9472   4.9690   5.0002   5.0110
  5.0123   5.0317   5.0525   5.0583   5.0799   5.0933   5.1095   5.1206
  5.1322   5.1457   5.1575   5.1656   5.1882   5.1932   5.2080   5.2200
  5.2366   5.2509   5.2799   5.3020   5.3058   5.3127   5.3254   5.3321
  5.3397   5.3637   5.3833   5.3930   5.3983   5.4168   5.4490   5.4570
  5.4660   5.4692   5.4857   5.5041   5.5055   5.5250   5.5312   5.5401
  5.5581   5.5669   5.5707   5.5753   5.5869   5.6155   5.6216   5.6327
  5.6520   5.6659   5.6744   5.6920   5.6928   5.7045   5.7159   5.7276
  5.7342   5.7480   5.7606   5.7661   5.7710   5.7941   5.8122   5.8195
  5.8290   5.8428   5.8455   5.8542   5.8725   5.8791   5.8886   5.9006
  5.9164   5.9256   5.9348   5.9400   5.9438   5.9575   5.9713   5.9868
  5.9915   6.0054   6.0172   6.0207   6.0285   6.0439   6.0483   6.0570
  6.0579   6.0665   6.0792   6.0853   6.0993   6.1124   6.1203   6.1338
  6.1532   6.1561   6.1594   6.1794   6.1841   6.1973   6.2117   6.2134
  6.2190   6.2304   6.2457   6.2622   6.2679   6.2755   6.2880   6.2917
  6.3056   6.3156   6.3333   6.3410   6.3452   6.3574   6.3657   6.3818
  6.3931   6.3953   6.4008   6.4160   6.4251   6.4328   6.4428   6.4673
  6.4738   6.4826   6.4923   6.4987   6.5046   6.5189   6.5328   6.5499
  6.5639   6.5759   6.5810   6.5867   6.6076   6.6171   6.6263   6.6387
  6.6584   6.6676   6.6854   6.6960   6.7056   6.7097   6.7307   6.7645
  6.7674   6.7840   6.7935   6.8129   6.8185   6.8376   6.8443   6.8610
  6.8793   6.8910   6.9036   6.9159   6.9236   6.9410   6.9517   6.9682
  6.9863   7.0101   7.0234   7.0318   7.0448   7.0603   7.0795   7.0842
  7.1014   7.1184   7.1362   7.1671   7.1834   7.1930   7.2067   7.2247
  7.2374   7.2410   7.2641   7.2699   7.3007   7.3169   7.3261   7.3335
  7.3466   7.3571   7.3668   7.3906   7.4238   7.4282   7.4377   7.4526
  7.4634   7.4707   7.4891   7.5132   7.5178   7.5498   7.5559   7.5638
  7.5787   7.6012   7.6069   7.6248   7.6448   7.6642   7.6799   7.6845
  7.6973   7.7135   7.7295   7.7415   7.7671   7.7861   7.7954   7.8117
  7.8398   7.8683   7.8835   7.9004   7.9197   7.9367   7.9469   7.9547
  7.9677   7.9846   8.0309   8.0462   8.0819   8.0840   8.0913   8.1315
  8.1574   8.1736   8.2394   8.2576   8.2701   8.2843   8.2964   8.3038
  8.3234   8.3496   8.3580   8.3651   8.3675   8.3824   8.3987   8.4072
  8.4291   8.4348   8.4522   8.4594   8.4725   8.4754   8.5061   8.5249
  8.5414   8.5538   8.5714   8.5874   8.6033   8.6330   8.6519   8.6608
  8.6666   8.6864   8.7106   8.7280   8.7551   8.7764   8.8025   8.8181
  8.9041   8.9151   8.9263   8.9336   8.9518   9.0116   9.0484   9.0603
  9.0978   9.1206   9.1337   9.1498   9.1637   9.1920   9.2088   9.2228
  9.2533   9.2925   9.3064   9.3414   9.3428   9.4036   9.4177   9.4589
  9.4703   9.5396   9.5529   9.5575   9.5853   9.6070   9.6544   9.6797
  9.7025   9.7357   9.7446   9.7685   9.7797   9.7939   9.8229   9.8346
  9.8527   9.9067   9.9332   9.9566   9.9778   9.9851  10.0504  10.0830
 10.1094  10.1296  10.1606  10.2096  10.2339  10.2428  10.2860  10.3327
 10.4042  10.5621  10.5983  10.6575  10.8117  10.8898  10.9484  11.0065
 11.1128  11.1526  11.4077  11.4079  11.4091  11.4113  11.4125  11.4140
 11.4229  11.4298  11.4473  11.4620  11.4670  11.4774  11.4829  11.4932
 11.5200  11.5447  11.6083  11.6281  11.6473  11.6588  11.7329  11.7646
 11.7715  11.7891  11.7988  11.8701  11.9159  11.9193  11.9279  11.9728
 12.0479  12.0559  12.0772  12.0870  12.1026  12.1143  12.1250  12.1328
 12.1919  12.2030  12.2194  12.2208  12.2512  12.2869  12.3165  12.3421
 12.3678  12.3919  12.4372  12.4528  12.5278  12.5697  12.5870  12.6364
 12.6845  12.7123  12.7268  12.7387  12.7781  12.8857  13.0495  13.3490
 13.3862  13.4514  13.6630  13.7268  13.7807  14.2297  14.6196  14.6688
 14.6701  14.6837  14.7020  14.7050  14.7170  14.7243  14.7476  14.8709
 14.9072  14.9712  14.9925  15.0502  15.0521  15.0837  15.1138  15.3437
 15.6122  15.6577  15.6799  15.6911  15.7688  15.8339  15.9239  15.9836
 16.0087  16.0394  16.0988  16.1359  16.2642  16.3409  16.3719  16.4110
 16.4881  16.5235  16.7584  16.8195  16.8354  16.8948  16.9611  17.0112
 28.2175  28.4182  28.4785  28.5841  28.9692  29.0019  29.0928  29.1182
 48.4202  48.5138  48.6107  54.6661  54.7409  55.0587 146.8161 147.0001
147.0521 147.1683 147.5878 147.6167 147.7048 147.7398 252.8833 252.9877
253.0967 285.0269 285.1166 285.5063
 --------------------------------------------------------------
 
          Ground-State Mulliken Net Atomic Charges

     Atom                 Charge (a.u.)    Spin (a.u.)
  --------------------------------------------------------
      1 H                     0.065878      -0.006145
      2 C                    -0.028611      -0.146739
      3 C                     0.431368       0.605368
      4 F                    -0.198279       0.036208
      5 F                    -0.223264       0.048301
      6 C                     0.088203       0.896300
      7 F                    -0.230918       0.057312
      8 C                    -0.116791      -0.085950
      9 C                     0.007234       0.035556
     10 O                    -0.517642       0.010717
     11 C                    -0.020153       0.461098
     12 C                     0.185557       0.004741
     13 O                    -0.463889      -0.002662
     14 C                     0.431922       0.014680
     15 O                    -0.365275      -0.012188
     16 H                     0.233704       0.008914
     17 H                     0.010315       0.028243
     18 H                     0.133759       0.007363
     19 H                     0.220816       0.011538
     20 H                     0.192472       0.022944
     21 H                     0.163592       0.004400
  --------------------------------------------------------
  Sum of atomic charges =    -0.000000
  Sum of spin   charges =     2.000000

 -----------------------------------------------------------------
                    Cartesian Multipole Moments
 -----------------------------------------------------------------
    Charge (ESU x 10^10)
                -0.0000
    Dipole Moment (Debye)
         X      -3.2177      Y       5.5372      Z      -0.7860
       Tot       6.4522
    Quadrupole Moments (Debye-Ang)
        XX     -82.1865     XY       5.7615     YY     -88.4822
        XZ       3.4013     YZ       2.6690     ZZ     -77.9265
    Octopole Moments (Debye-Ang^2)
       XXX     -38.8592    XXY      75.3294    XYY     -29.1975
       YYY     150.0878    XXZ     -19.6624    XYZ       0.7429
       YYZ      -4.4214    XZZ      -2.4677    YZZ      39.4701
       ZZZ     -34.2544
    Hexadecapole Moments (Debye-Ang^3)
      XXXX   -1479.4128   XXXY     129.2596   XXYY    -471.2770
      XYYY     113.9994   YYYY   -1219.2026   XXXZ      52.5063
      XXYZ      21.1802   XYYZ      26.4643   YYYZ      50.0169
      XXZZ    -305.6746   XYZZ      22.8296   YYZZ    -248.9025
      XZZZ      49.9867   YZZZ      74.9706   ZZZZ    -338.9009
 -----------------------------------------------------------------
 Total job time:  474.92s(wall), 13977.88s(cpu) 
 Thu Aug  1 11:34:12 2024

        *************************************************************
        *                                                           *
        *  Thank you very much for using Q-Chem.  Have a nice day.  *
        *                                                           *
        *************************************************************


