
Running Job 1 of 1 ent1d-ts1-triplet-c1-wb97xd-M06.in
qchem ent1d-ts1-triplet-c1-wb97xd-M06.in_1371195.0 /expanse/lustre/scratch/whughes/temp_project/job_32693607/ent1d-ts1-triplet-c1-wb97xd-M06-32693607/ 0
/cm/shared/apps/spack/0.17.3/cpu/b/opt/spack/linux-rocky8-zen2/gcc-10.2.0/qchem-6.0-rytxnwjazd34ekd2gqyi5ufsaimxsd3r/exe/qcprog.exe_s ent1d-ts1-triplet-c1-wb97xd-M06.in_1371195.0 /expanse/lustre/scratch/whughes/temp_project/job_32693607/ent1d-ts1-triplet-c1-wb97xd-M06-32693607/
                  Welcome to Q-Chem
     A Quantum Leap Into The Future Of Chemistry


 Q-Chem 6.0, Q-Chem, Inc., Pleasanton, CA (2022)

 License issued to: University of California, San Diego (site)

 E. Epifanovsky,  A. T. B. Gilbert,  Xintian Feng,  Joonho Lee,  Yuezhi Mao,  
 N. Mardirossian,  P. Pokhilko,  A. White,  M. Wormit,  M. P. Coons,  
 A. L. Dempwolff,  Zhengting Gan,  D. Hait,  P. R. Horn,  L. D. Jacobson,  
 I. Kaliman,  J. Kussmann,  A. W. Lange,  Ka Un Lao,  D. S. Levine,  Jie Liu,  
 S. C. McKenzie,  A. F. Morrison,  K. Nanda,  F. Plasser,  D. R. Rehn,  
 M. L. Vidal,  Zhi-Qiang You,  Ying Zhu,  B. Alam,  B. Albrecht,  
 A. Aldossary,  E. Alguire,  J. H. Andersen,  V. Athavale,  D. Barton,  
 K. Begam,  A. Behn,  N. Bellonzi,  Y. A. Bernard,  E. J. Berquist,  
 H. Burton,  A. Carreras,  K. Carter-Fenk,  Romit Chakraborty,  
 Chandrima Chakravarty,  Junhan Chen,  A. D. Chien,  K. D. Closser,  
 V. Cofer-Shabica,  L. Cunha,  S. Dasgupta,  Jia Deng,  M. de Wergifosse,  
 M. Diedenhofen,  Hainam Do,  S. Ehlert,  Po-Tung Fang,  S. Fatehi,  
 Qingguo Feng,  T. Friedhoff,  B. Ganoe,  J. Gayvert,  Qinghui Ge,  
 G. Gidofalvi,  M. Goldey,  J. Gomes,  C. Gonzalez-Espinoza,  S. Gulania,  
 A. Gunina,  J. A. Gyamfi,  M. W. D. Hanson-Heine,  P. H. P. Harbach,  
 A. W. Hauser,  M. F. Herbst,  M. Hernandez Vera,  M. Hodecker,  
 Z. C. Holden,  S. Houck,  Xunkun Huang,  Kerwin Hui,  B. C. Huynh,  
 K. Ikeda,  M. Ivanov,  Hyunjun Ji,  Zuxin Jin,  Hanjie Jiang,  B. Kaduk,  
 S. Kaehler,  R. Kang,  K. Khistyaev,  Jaehoon Kim,  Yongbin Kim,  
 P. Klunzinger,  Z. Koczor-Benda,  Joong Hoon Koh,  D. Kosenkov,  
 Saikiran Kotaru,  L. Koulias,  T. Kowalczyk,  C. M. Krauter,  K. Kue,  
 A. Kunitsa,  T. Kus,  A. Landau,  K. V. Lawler,  D. Lefrancois,  S. Lehtola,  
 Rain Li,  Shaozhi Li,  Yi-Pei Li,  Jiashu Liang,  M. Liebenthal,  
 Hung-Hsuan Lin,  You-Sheng Lin,  Fenglai Liu,  Kuan-Yu Liu,  
 M. Loipersberger,  A. Luenser,  C. Malbon,  A. Manjanath,  P. Manohar,  
 E. Mansoor,  S. F. Manzer,  Shan-Ping Mao,  A. V. Marenich,  T. Markovich,  
 S. Mason,  F. Matz,  S. A. Maurer,  P. F. McLaughlin,  M. F. S. J. Menger,  
 J.-M. Mewes,  S. A. Mewes,  P. Morgante,  Mohammad Mostafanejad,  
 J. W. Mullinax,  K. J. Oosterbaan,  G. Paran,  V. Parravicini,  
 Alexander C. Paul,  Suranjan K. Paul,  F. Pavosevic,  Zheng Pei,  S. Prager,  
 E. I. Proynov,  E. Ramos,  B. Rana,  A. E. Rask,  A. Rettig,  R. M. Richard,  
 F. Rob,  E. Rossomme,  T. Scheele,  M. Scheurer,  M. Schneider,  
 P. E. Schneider,  N. Sergueev,  S. M. Sharada,  Hengyuan Shen,  
 W. Skomorowski,  D. W. Small,  C. J. Stein,  Yingli Su,  Yu-Chuan Su,  
 E. J. Sundstrom,  Zhen Tao,  J. Thirman,  Hung-Yi Tsai,  T. Tsuchimochi,  
 N. M. Tubman,  C. Utku,  S. P. Veccham,  O. Vydrov,  J. Wenzel,  
 Jonathan Wong,  J. Witte,  A. Yamada,  Chou-Hsun Yang,  Kun Yao,  
 S. Yeganeh,  S. R. Yost,  A. Zech,  F. Zeller,  Igor Ying Zhang,  
 Xing Zhang,  Yu Zhang,  D. Zuev,  A. Aspuru-Guzik,  A. T. Bell,  
 N. A. Besley,  K. B. Bravaya,  B. R. Brooks,  D. Casanova,  Jeng-Da Chai,  
 Hsing-Ta Chen,  S. Coriani,  C. J. Cramer,  A. E. DePrince, III,  
 R. A. DiStasio Jr.,  A. Dreuw,  B. D. Dunietz,  T. R. Furlani,  
 W. A. Goddard III,  S. Grimme,  S. Hammes-Schiffer,  T. Head-Gordon,  
 W. J. Hehre,  Chao-Ping Hsu,  T.-C. Jagau,  Yousung Jung,  A. Klamt,  
 Jing Kong,  D. S. Lambrecht,  Xiangyuan Li,  WanZhen Liang,  N. J. Mayhall,  
 C. W. McCurdy,  J. B. Neaton,  T. Neudecker,  C. Ochsenfeld,  
 J. A. Parkhill,  R. Peverati,  V. A. Rassolov,  Haisheng Ren,  Yihan Shao,  
 L. V. Slipchenko,  R. P. Steele,  J. E. Subotnik,  A. J. W. Thom,  
 A. Tkatchenko,  D. G. Truhlar,  T. Van Voorhis,  Fan Wang,  
 T. A. Wesolowski,  K. B. Whaley,  H. L. Woodcock III,  P. M. Zimmerman,  
 S. Faraji,  P. M. W. Gill,  M. Head-Gordon,  J. M. Herbert,  A. I. Krylov

 Contributors to earlier versions of Q-Chem not listed above: 
 R. D. Adamson,  B. Austin,  R. Baer,  J. Baker,  G. J. O. Beran,  
 K. Brandhorst,  S. T. Brown,  E. F. C. Byrd,  Arup K. Chakraborty,  
 G. K. L. Chan,  Chun-Min Chang,  Yunqing Chen,  C.-L. Cheng,  
 Siu Hung Chien,  D. M. Chipman,  D. L. Crittenden,  H. Dachsel,  
 R. J. Doerksen,  A. D. Dutoi,  R. G. Edgar,  J. Fosso-Tande,  
 L. Fusti-Molnar,  D. Ghosh,  A. Ghysels,  A. Golubeva-Zadorozhnaya,  
 J. Gonthier,  M. S. Gordon,  S. R. Gwaltney,  G. Hawkins,  J. E. Herr,  
 A. Heyden,  S. Hirata,  E. G. Hohenstein,  G. Kedziora,  F. J. Keil,  
 C. Kelley,  Jihan Kim,  R. A. King,  R. Z. Khaliullin,  P. P. Korambath,  
 W. Kurlancheek,  A. Laurent,  A. M. Lee,  M. S. Lee,  S. V. Levchenko,  
 Ching Yeh Lin,  D. Liotard,  E. Livshits,  R. C. Lochan,  I. Lotan,  
 L. A. Martinez-Martinez,  P. E. Maslen,  N. Nair,  D. P. O'Neill,  
 D. Neuhauser,  E. Neuscamman,  C. M. Oana,  R. Olivares-Amaya,  R. Olson,  
 T. M. Perrine,  B. Peters,  P. A. Pieniazek,  A. Prociuk,  Y. M. Rhee,  
 J. Ritchie,  M. A. Rohrdanz,  E. Rosta,  N. J. Russ,  H. F. Schaefer III,  
 M. W. Schmidt,  N. E. Schultz,  S. Sharma,  N. Shenvi,  C. D. Sherrill,  
 A. C. Simmonett,  A. Sodt,  T. Stein,  D. Stuck,  K. S. Thanthiriwatte,  
 V. Vanovschi,  L. Vogt,  Tao Wang,  A. Warshel,  M. A. Watson,  
 C. F. Williams,  Q. Wu,  X. Xu,  Jun Yang,  W. Zhang,  Yan Zhao

   Please cite Q-Chem as follows:
  "Software for the frontiers of quantum chemistry:
   An overview of developments in the Q-Chem 5 package"
   J. Chem. Phys. 155, 084801 (2021)
   https://doi.org/10.1063/5.0055522 (open access)

 Q-Chem 6.0.2 for Intel X86 EM64T Linux

 Parts of Q-Chem use Armadillo 9.900.5 (Nocturnal Misbehaviour).
 http://arma.sourceforge.net/

 Q-Chem begins on Thu Aug  1 13:15:52 2024  

 Host: 
0

     Scratch files written to /expanse/lustre/scratch/whughes/temp_project/job_32693607/ent1d-ts1-triplet-c1-wb97xd-M06-32693607//
 Dec722 |scratch|qcdevops|jenkins|workspace|build_RNUM    
 Processing $rem in /cm/shared/apps/spack/0.17.3/cpu/b/opt/spack/linux-rocky8-zen2/gcc-10.2.0/qchem-6.0-rytxnwjazd34ekd2gqyi5ufsaimxsd3r/config/preferences:
 Processing $rem in /home/whughes/.qchemrc:

 Checking the input file for inconsistencies... 	...done.

--------------------------------------------------------------
User input:
--------------------------------------------------------------
$molecule
0 3
C    0.9882823533    0.6826870804    -0.3985850269
C    1.8821593587    -0.1478612085   0.376926257
C    3.2139607352    0.1351222249    0.5489069327
Cl   2.9421144638    1.5568397522    2.3275821659
H    1.4110526249    1.5650280571    -0.8636601207
H    1.4666969772    -0.9889284604   0.9181153977
H    3.8552120025    -0.5670411638   1.0597192422
H    3.6986162564    0.8764491363    -0.071598441
C    -0.3410501406   0.4131113078    -0.5535697542
C    -1.093016548    -0.670459311    -0.023664386
S    -1.3773841981   1.4615719138    -1.5108216884
H    -0.6597453332   -1.4360609214   0.6021862346
C    -2.7722894345   0.4662194394    -1.2031404278
C    -4.0598619082   0.672929243     -1.6637908587
C    -2.4509740294   -0.6427697697   -0.3849295809
C    -5.0447393909   -0.2360682694   -1.3068825613
H    -4.2978088613   1.524279165     -2.2880118404
C    -3.4699537095   -1.5479572545   -0.0381891759
C    -4.7496982911   -1.3388888743   -0.4990510769
H    -6.0571019771   -0.0873153835   -1.6593742027
H    -3.2390708195   -2.400149316    0.588577018
H    -5.5376401303   -2.0319203873   -0.2348791062
$end

$rem
METHOD      M06
BASIS       def2-QZVPP
SYM_IGNORE   TRUE
DFT_D       D4
MAX_SCF_CYCLES 300
$end

$end
--------------------------------------------------------------
 Adding empirical dispersion correction 
 ----------------------------------------------------------------
 Doing -D4(0) with M06 parameters:
 s6  =   1.00000
 s8  =   0.16367
 s10 =   0.00000
 s9 =   1.00000
 a1  =   0.53456
 a2  =   6.06192
 -D4 energy including 3body term = -0.0055704016 hartrees
 ----------------------------------------------------------------
             Standard Nuclear Orientation (Angstroms)
    I     Atom           X                Y                Z
 ----------------------------------------------------------------
    1      C       0.9882823533     0.6826870804    -0.3985850269
    2      C       1.8821593587    -0.1478612085     0.3769262570
    3      C       3.2139607352     0.1351222249     0.5489069327
    4      Cl      2.9421144638     1.5568397522     2.3275821659
    5      H       1.4110526249     1.5650280571    -0.8636601207
    6      H       1.4666969772    -0.9889284604     0.9181153977
    7      H       3.8552120025    -0.5670411638     1.0597192422
    8      H       3.6986162564     0.8764491363    -0.0715984410
    9      C      -0.3410501406     0.4131113078    -0.5535697542
   10      C      -1.0930165480    -0.6704593110    -0.0236643860
   11      S      -1.3773841981     1.4615719138    -1.5108216884
   12      H      -0.6597453332    -1.4360609214     0.6021862346
   13      C      -2.7722894345     0.4662194394    -1.2031404278
   14      C      -4.0598619082     0.6729292430    -1.6637908587
   15      C      -2.4509740294    -0.6427697697    -0.3849295809
   16      C      -5.0447393909    -0.2360682694    -1.3068825613
   17      H      -4.2978088613     1.5242791650    -2.2880118404
   18      C      -3.4699537095    -1.5479572545    -0.0381891759
   19      C      -4.7496982911    -1.3388888743    -0.4990510769
   20      H      -6.0571019771    -0.0873153835    -1.6593742027
   21      H      -3.2390708195    -2.4001493160     0.5885770180
   22      H      -5.5376401303    -2.0319203873    -0.2348791062
 ----------------------------------------------------------------
 Nuclear Repulsion Energy =         861.75390837 hartrees
 There are       55 alpha and       53 beta electrons
 Requested basis set is def2-QZVPP
 There are 321 shells and 1037 basis functions

 Total QAlloc Memory Limit   8000 MB
 Mega-Array Size       188 MB
 MEM_STATIC part       192 MB

 A cutoff of  1.0D-09 yielded  30631 shell pairs
 There are    312741 function pairs (    468461 Cartesian)
 Smallest overlap matrix eigenvalue = 5.74E-06

 Q-Chem warning in module stvman/mkSTV.C, line 305:

 Overlap eigenvalue is smaller than square root of threshold
 Use THRESH >= 12 to get rid of this warning


 Scale SEOQF with 1.000000e-02/1.000000e-01/1.000000e-01

 Standard Electronic Orientation quadrupole field applied
 Nucleus-field energy     =    -0.0000000068 hartrees
 Guess from superposition of atomic densities
 Warning:  Energy on first SCF cycle will be non-variational
 SAD guess density has 108.000000 electrons

 -----------------------------------------------------------------------
  General SCF calculation program by
  Eric Jon Sundstrom, Paul Horn, Yuezhi Mao, Dmitri Zuev, Alec White,
  David Stuck, Shaama M.S., Shane Yost, Joonho Lee, David Small,
  Daniel Levine, Susi Lehtola, Hugh Burton, Evgeny Epifanovsky,
  Bang C. Huynh
 -----------------------------------------------------------------------
 Exchange:     0.2700 Hartree-Fock + 1.0000 M06
 Correlation:  1.0000 M06
 Using SG-3 standard quadrature grid
 Dispersion:   Grimme D4
 using 32 threads for integral computing
 -------------------------------------------------------
 OpenMP Integral computing Module                
 Release: version 1.0, May 2013, Q-Chem Inc. Pittsburgh 
 -------------------------------------------------------
 A unrestricted SCF calculation will be
 performed using DIIS
 SCF converges when DIIS error is below 1.0e-05
 ---------------------------------------
  Cycle       Energy         DIIS error
 ---------------------------------------
    1   -1285.9000969819      6.09e-03  
    2   -1282.4616914681      6.39e-04  
    3   -1281.5164024691      1.22e-03  
    4   -1282.5962281211      3.93e-04  
    5   -1282.7235651945      1.51e-04  
    6   -1282.7369460360      7.18e-05  
    7   -1282.7398110886      4.00e-05  
    8   -1282.7411027410      2.11e-05  
    9   -1282.7415497227      9.85e-06  Convergence criterion met
 ---------------------------------------
 SCF time:   CPU 17332.90s  wall 589.00s 
<S^2> =          2.028325104
 SCF   energy in the final basis set =    -1282.7415497227
 Total energy in the final basis set =    -1282.7415497227
 
 --------------------------------------------------------------
 
                    Orbital Energies (a.u.)
 --------------------------------------------------------------
 
 Alpha MOs
 -- Occupied --
******** -89.0656 -10.3075 -10.2972 -10.2905 -10.2844 -10.2790 -10.2762
-10.2714 -10.2693 -10.2678 -10.2676 -10.2610  -9.5360  -8.0893  -7.2495
 -7.2387  -7.2381  -6.0057  -6.0022  -5.9978  -0.9304  -0.8751  -0.8435
 -0.8063  -0.7926  -0.7654  -0.7464  -0.7141  -0.6383  -0.6242  -0.6151
 -0.5766  -0.5414  -0.5228  -0.5071  -0.4758  -0.4743  -0.4539  -0.4489
 -0.4472  -0.4221  -0.4101  -0.4047  -0.3882  -0.3769  -0.3739  -0.3614
 -0.3293  -0.3163  -0.2909  -0.2885  -0.2649  -0.2534  -0.1854
 -- Virtual --
 -0.0420  -0.0293  -0.0155  -0.0099   0.0052   0.0067   0.0175   0.0256
  0.0289   0.0425   0.0476   0.0509   0.0634   0.0708   0.0813   0.0851
  0.0927   0.1035   0.1084   0.1098   0.1116   0.1163   0.1256   0.1346
  0.1404   0.1440   0.1453   0.1520   0.1585   0.1656   0.1732   0.1753
  0.1912   0.1947   0.2012   0.2033   0.2107   0.2175   0.2225   0.2262
  0.2285   0.2306   0.2376   0.2413   0.2428   0.2449   0.2514   0.2557
  0.2595   0.2623   0.2708   0.2721   0.2824   0.2865   0.2918   0.2967
  0.2994   0.3031   0.3126   0.3181   0.3213   0.3277   0.3346   0.3411
  0.3447   0.3484   0.3491   0.3615   0.3720   0.3760   0.3824   0.3861
  0.3907   0.4005   0.4054   0.4062   0.4109   0.4154   0.4191   0.4246
  0.4305   0.4396   0.4520   0.4580   0.4646   0.4745   0.4831   0.4903
  0.4938   0.4963   0.5048   0.5090   0.5158   0.5216   0.5308   0.5374
  0.5480   0.5578   0.5585   0.5637   0.5740   0.5794   0.5881   0.5976
  0.6014   0.6065   0.6228   0.6291   0.6438   0.6492   0.6578   0.6671
  0.6701   0.6768   0.6860   0.6877   0.7000   0.7029   0.7052   0.7109
  0.7131   0.7180   0.7223   0.7283   0.7406   0.7419   0.7463   0.7534
  0.7568   0.7644   0.7746   0.7789   0.7867   0.7878   0.8018   0.8039
  0.8090   0.8180   0.8238   0.8284   0.8297   0.8394   0.8416   0.8510
  0.8573   0.8593   0.8705   0.8757   0.8832   0.8907   0.8952   0.9010
  0.9031   0.9160   0.9211   0.9237   0.9306   0.9384   0.9444   0.9510
  0.9598   0.9609   0.9654   0.9746   0.9751   0.9892   0.9963   1.0045
  1.0082   1.0166   1.0215   1.0297   1.0495   1.0532   1.0546   1.0569
  1.0712   1.0767   1.0876   1.0946   1.0990   1.1059   1.1157   1.1281
  1.1302   1.1327   1.1384   1.1443   1.1526   1.1576   1.1722   1.1755
  1.1821   1.1861   1.1954   1.2038   1.2101   1.2140   1.2207   1.2308
  1.2369   1.2418   1.2446   1.2539   1.2606   1.2842   1.2890   1.2935
  1.2956   1.3169   1.3230   1.3326   1.3359   1.3598   1.3740   1.3839
  1.3961   1.4032   1.4137   1.4336   1.4424   1.4474   1.4528   1.4569
  1.4771   1.4856   1.4929   1.4988   1.5029   1.5234   1.5337   1.5404
  1.5459   1.5572   1.5603   1.5714   1.5745   1.5960   1.6047   1.6111
  1.6156   1.6225   1.6312   1.6370   1.6556   1.6597   1.6651   1.6668
  1.6848   1.7043   1.7096   1.7107   1.7270   1.7327   1.7426   1.7497
  1.7724   1.7748   1.7859   1.7954   1.8070   1.8138   1.8177   1.8199
  1.8234   1.8292   1.8409   1.8493   1.8585   1.8672   1.8832   1.8926
  1.8961   1.8976   1.9148   1.9244   1.9277   1.9434   1.9466   1.9519
  1.9555   1.9683   1.9715   1.9771   1.9802   1.9844   1.9880   1.9945
  1.9991   2.0034   2.0214   2.0255   2.0421   2.0459   2.0510   2.0569
  2.0632   2.0729   2.0863   2.0902   2.1007   2.1083   2.1144   2.1191
  2.1267   2.1392   2.1445   2.1548   2.1619   2.1660   2.1675   2.1759
  2.1811   2.1915   2.1961   2.2047   2.2120   2.2141   2.2210   2.2331
  2.2378   2.2468   2.2476   2.2654   2.2810   2.2916   2.2999   2.3060
  2.3207   2.3234   2.3268   2.3405   2.3497   2.3521   2.3551   2.3740
  2.3766   2.3796   2.3890   2.3938   2.3988   2.4016   2.4089   2.4189
  2.4245   2.4260   2.4294   2.4364   2.4405   2.4470   2.4571   2.4643
  2.4731   2.4912   2.4990   2.5023   2.5131   2.5187   2.5329   2.5345
  2.5401   2.5505   2.5580   2.5643   2.5716   2.5795   2.5845   2.5874
  2.5947   2.6020   2.6048   2.6102   2.6193   2.6237   2.6289   2.6406
  2.6474   2.6531   2.6565   2.6663   2.6809   2.6826   2.6910   2.6955
  2.7072   2.7166   2.7257   2.7308   2.7361   2.7428   2.7549   2.7607
  2.7657   2.7727   2.7968   2.8086   2.8170   2.8228   2.8344   2.8530
  2.8612   2.8665   2.8770   2.8824   2.8995   2.9024   2.9156   2.9252
  2.9324   2.9552   2.9637   2.9786   2.9815   2.9904   3.0001   3.0263
  3.0324   3.0447   3.0589   3.0731   3.0972   3.1263   3.1427   3.1530
  3.1619   3.1830   3.1893   3.2017   3.2167   3.2217   3.2321   3.2414
  3.2497   3.2529   3.2673   3.2719   3.2905   3.2970   3.3075   3.3153
  3.3216   3.3300   3.3437   3.3455   3.3475   3.3553   3.3568   3.3674
  3.3737   3.3849   3.3970   3.4041   3.4078   3.4163   3.4333   3.4364
  3.4512   3.4556   3.4687   3.4715   3.4859   3.4872   3.5044   3.5150
  3.5201   3.5381   3.5507   3.5598   3.5689   3.5773   3.5946   3.6281
  3.6296   3.6392   3.6447   3.6643   3.6761   3.6822   3.6855   3.6879
  3.6890   3.7056   3.7143   3.7254   3.7321   3.7406   3.7568   3.7615
  3.7775   3.7831   3.7914   3.8171   3.8336   3.8427   3.8765   3.8934
  3.8978   3.9156   3.9249   3.9280   3.9417   3.9443   3.9463   3.9610
  3.9680   3.9846   3.9960   4.0062   4.0097   4.0216   4.0298   4.0520
  4.0585   4.0704   4.0776   4.1196   4.1282   4.1344   4.1549   4.1724
  4.1814   4.2288   4.2400   4.2720   4.3133   4.3263   4.3544   4.4078
  4.4140   4.4295   4.4537   4.4835   4.5015   4.5107   4.5505   4.5547
  4.5918   4.6198   4.6708   4.6800   4.7034   4.7260   4.7716   4.7970
  4.8049   4.8223   4.8290   4.8391   4.8611   4.8639   4.8752   4.8985
  4.9144   4.9342   4.9453   4.9628   4.9640   4.9830   4.9853   4.9910
  5.0173   5.0229   5.0356   5.0659   5.0670   5.0994   5.1138   5.1241
  5.1310   5.1528   5.1596   5.1784   5.1812   5.1987   5.2079   5.2266
  5.2318   5.2393   5.2502   5.2627   5.2744   5.2854   5.3142   5.3226
  5.3323   5.3458   5.3548   5.3666   5.3778   5.3822   5.4060   5.4121
  5.4205   5.4319   5.4354   5.4468   5.4620   5.4689   5.4947   5.5194
  5.5266   5.5362   5.5488   5.5633   5.5775   5.5864   5.5961   5.6117
  5.6148   5.6240   5.6279   5.6504   5.6615   5.6730   5.6800   5.6903
  5.7173   5.7228   5.7324   5.7354   5.7475   5.7766   5.7848   5.8102
  5.8129   5.8136   5.8311   5.8410   5.8469   5.8528   5.8714   5.8789
  5.8857   5.8946   5.9036   5.9123   5.9309   5.9330   5.9466   5.9489
  5.9599   5.9684   5.9725   5.9804   5.9876   5.9989   6.0210   6.0247
  6.0259   6.0416   6.0593   6.0672   6.0703   6.0798   6.0932   6.0959
  6.1077   6.1155   6.1232   6.1343   6.1367   6.1454   6.1466   6.1588
  6.1629   6.1683   6.1863   6.2018   6.2105   6.2209   6.2288   6.2326
  6.2353   6.2385   6.2480   6.2551   6.2628   6.2715   6.2758   6.2876
  6.2918   6.3138   6.3211   6.3311   6.3417   6.3537   6.3595   6.3688
  6.3767   6.3813   6.3949   6.4049   6.4220   6.4307   6.4422   6.4437
  6.4494   6.4582   6.4674   6.4735   6.4824   6.4946   6.5055   6.5088
  6.5170   6.5402   6.5463   6.5638   6.5717   6.5820   6.5863   6.5896
  6.5976   6.6150   6.6326   6.6341   6.6523   6.6753   6.6806   6.6860
  6.6935   6.7054   6.7191   6.7382   6.7474   6.7651   6.7813   6.7911
  6.8052   6.8190   6.8293   6.8389   6.8543   6.8623   6.8741   6.8825
  6.8960   6.9051   6.9171   6.9391   6.9638   6.9647   6.9959   6.9985
  7.0234   7.0323   7.0682   7.0749   7.0893   7.1121   7.1153   7.1301
  7.1445   7.1762   7.1856   7.2010   7.2198   7.2449   7.2561   7.2570
  7.2864   7.3006   7.3124   7.3223   7.3476   7.3634   7.3681   7.3848
  7.3984   7.4039   7.4077   7.4137   7.4229   7.4343   7.4647   7.4696
  7.4893   7.5052   7.5182   7.5431   7.5583   7.5704   7.5778   7.5899
  7.5945   7.6108   7.6282   7.6354   7.6508   7.6759   7.6971   7.7210
  7.7408   7.7456   7.7672   7.7882   7.7996   7.8045   7.8147   7.8205
  7.8511   7.8778   7.8809   7.9021   7.9197   7.9312   7.9453   7.9787
  7.9947   8.0085   8.0122   8.0175   8.0310   8.0405   8.0498   8.0583
  8.0858   8.0993   8.1111   8.1152   8.1392   8.1406   8.1608   8.1662
  8.1858   8.1939   8.1994   8.2031   8.2067   8.2255   8.2344   8.2483
  8.2543   8.2631   8.2688   8.2821   8.2907   8.2996   8.3134   8.3241
  8.3253   8.3325   8.3399   8.3439   8.3526   8.3611   8.3847   8.3876
  8.4085   8.4225   8.4356   8.4460   8.4615   8.4748   8.4773   8.4918
  8.4941   8.5132   8.5346   8.5455   8.5587   8.5892   8.6063   8.6188
  8.6314   8.6464   8.6600   8.6694   8.6814   8.7092   8.7266   8.7441
  8.7516   8.7736   8.8098   8.8210   8.8633   8.8819   8.8922   8.9254
  8.9698   9.0533   9.1329   9.1416   9.1558   9.2427   9.2531   9.2895
  9.3409   9.3483   9.4003   9.4267   9.4499   9.4748   9.5127   9.5327
  9.5348   9.5449   9.5595   9.6161   9.6258   9.6465   9.6819   9.6953
  9.7127   9.7411   9.7477   9.7839   9.8023   9.8117   9.8289   9.8828
  9.8947   9.9302   9.9476  10.0033  10.0169  10.0422  10.1139  10.1157
 10.2053  10.2065  10.2832  10.3590  10.4105  10.4641  10.5021  10.5432
 10.6139  10.6745  10.6870  10.7682  10.7796  10.7981  10.8556  10.8818
 10.9679  11.0305  11.3845  11.6162  11.9382  12.3168  12.3896  12.5204
 12.5763  12.6528  12.7524  12.8233  25.0256  27.9372  28.1983  28.4474
 28.4750  28.4907  28.7614  28.8643  28.9123  28.9226  29.0112  29.1168
 29.2527  29.3924  29.4245  29.4409  41.9394  41.9437  41.9778  84.5922
 98.5497 146.5642 146.8165 147.0594 147.0752 147.0981 147.3403 147.4889
147.5844 147.6848 147.8285 148.0085 451.0664 524.9104
 
 Beta MOs
 -- Occupied --
******** -89.0654 -10.3076 -10.2957 -10.2864 -10.2822 -10.2774 -10.2736
-10.2684 -10.2676 -10.2672 -10.2660 -10.2618  -9.5324  -8.0892  -7.2393
 -7.2354  -7.2350  -6.0056  -6.0021  -5.9974  -0.9259  -0.8692  -0.8312
 -0.8019  -0.7812  -0.7486  -0.7376  -0.7030  -0.6342  -0.6190  -0.6103
 -0.5690  -0.5369  -0.5188  -0.5030  -0.4735  -0.4717  -0.4504  -0.4443
 -0.4343  -0.4205  -0.4072  -0.3867  -0.3762  -0.3745  -0.3604  -0.3426
 -0.3132  -0.2906  -0.2760  -0.2746  -0.2499
 -- Virtual --
 -0.1591  -0.0935  -0.0242  -0.0181  -0.0141   0.0058   0.0062   0.0075
  0.0197   0.0273   0.0301   0.0460   0.0515   0.0635   0.0647   0.0713
  0.0831   0.0875   0.0966   0.1055   0.1106   0.1132   0.1160   0.1180
  0.1261   0.1352   0.1451   0.1460   0.1478   0.1583   0.1596   0.1701
  0.1767   0.1790   0.1940   0.1970   0.2058   0.2073   0.2130   0.2188
  0.2253   0.2277   0.2313   0.2324   0.2407   0.2429   0.2452   0.2472
  0.2530   0.2588   0.2631   0.2669   0.2746   0.2751   0.2840   0.2893
  0.2947   0.2985   0.3004   0.3051   0.3156   0.3208   0.3250   0.3295
  0.3353   0.3421   0.3490   0.3498   0.3514   0.3628   0.3731   0.3794
  0.3867   0.3898   0.3932   0.4031   0.4065   0.4077   0.4151   0.4181
  0.4219   0.4265   0.4338   0.4452   0.4563   0.4611   0.4675   0.4782
  0.4870   0.4930   0.4960   0.5012   0.5070   0.5116   0.5174   0.5240
  0.5353   0.5420   0.5510   0.5596   0.5609   0.5681   0.5794   0.5862
  0.5925   0.6005   0.6043   0.6088   0.6256   0.6338   0.6456   0.6500
  0.6618   0.6693   0.6737   0.6794   0.6862   0.6883   0.7027   0.7049
  0.7055   0.7124   0.7144   0.7189   0.7257   0.7314   0.7403   0.7435
  0.7490   0.7552   0.7592   0.7656   0.7751   0.7797   0.7878   0.7897
  0.8031   0.8065   0.8093   0.8184   0.8246   0.8271   0.8299   0.8397
  0.8422   0.8510   0.8575   0.8600   0.8707   0.8762   0.8826   0.8909
  0.8952   0.9010   0.9055   0.9160   0.9222   0.9243   0.9312   0.9387
  0.9451   0.9511   0.9592   0.9620   0.9659   0.9749   0.9763   0.9904
  0.9958   1.0043   1.0075   1.0165   1.0213   1.0286   1.0496   1.0532
  1.0559   1.0577   1.0708   1.0751   1.0879   1.0949   1.0990   1.1073
  1.1149   1.1273   1.1300   1.1318   1.1378   1.1426   1.1540   1.1585
  1.1731   1.1740   1.1827   1.1863   1.1963   1.2057   1.2114   1.2167
  1.2213   1.2304   1.2401   1.2420   1.2472   1.2583   1.2618   1.2828
  1.2897   1.2948   1.2971   1.3173   1.3247   1.3329   1.3384   1.3586
  1.3738   1.3852   1.3965   1.4045   1.4152   1.4358   1.4447   1.4484
  1.4532   1.4570   1.4795   1.4868   1.4931   1.4999   1.5022   1.5240
  1.5335   1.5405   1.5462   1.5583   1.5618   1.5721   1.5756   1.5979
  1.6059   1.6136   1.6171   1.6241   1.6333   1.6387   1.6577   1.6622
  1.6683   1.6694   1.6851   1.7054   1.7112   1.7156   1.7304   1.7335
  1.7440   1.7514   1.7735   1.7781   1.7881   1.7999   1.8077   1.8155
  1.8178   1.8216   1.8250   1.8294   1.8435   1.8523   1.8605   1.8689
  1.8889   1.8925   1.8981   1.9008   1.9177   1.9261   1.9348   1.9418
  1.9469   1.9507   1.9562   1.9685   1.9727   1.9831   1.9835   1.9878
  1.9940   1.9968   2.0011   2.0059   2.0250   2.0299   2.0419   2.0503
  2.0558   2.0592   2.0622   2.0766   2.0888   2.0940   2.1032   2.1117
  2.1202   2.1224   2.1298   2.1440   2.1461   2.1578   2.1634   2.1677
  2.1682   2.1774   2.1861   2.1956   2.1974   2.2063   2.2144   2.2159
  2.2251   2.2345   2.2417   2.2487   2.2503   2.2685   2.2835   2.2944
  2.3036   2.3078   2.3239   2.3273   2.3296   2.3440   2.3516   2.3537
  2.3579   2.3767   2.3800   2.3820   2.3915   2.3951   2.4014   2.4046
  2.4104   2.4202   2.4274   2.4294   2.4323   2.4401   2.4445   2.4497
  2.4596   2.4677   2.4757   2.4954   2.5019   2.5033   2.5163   2.5216
  2.5361   2.5372   2.5440   2.5523   2.5623   2.5659   2.5735   2.5813
  2.5867   2.5889   2.5987   2.6040   2.6085   2.6136   2.6210   2.6251
  2.6312   2.6431   2.6500   2.6561   2.6574   2.6679   2.6818   2.6850
  2.6925   2.6975   2.7080   2.7182   2.7273   2.7335   2.7374   2.7445
  2.7565   2.7617   2.7671   2.7751   2.7984   2.8096   2.8204   2.8245
  2.8379   2.8553   2.8634   2.8670   2.8776   2.8846   2.9011   2.9064
  2.9179   2.9295   2.9343   2.9579   2.9678   2.9809   2.9853   2.9959
  3.0041   3.0318   3.0356   3.0478   3.0627   3.0747   3.1004   3.1305
  3.1488   3.1577   3.1670   3.1855   3.1954   3.2081   3.2206   3.2244
  3.2346   3.2465   3.2544   3.2571   3.2598   3.2719   3.2999   3.3015
  3.3120   3.3219   3.3291   3.3347   3.3460   3.3512   3.3539   3.3595
  3.3695   3.3738   3.3776   3.3890   3.4013   3.4121   3.4123   3.4278
  3.4384   3.4485   3.4599   3.4644   3.4748   3.4763   3.4917   3.4954
  3.5102   3.5249   3.5309   3.5469   3.5557   3.5631   3.5776   3.5842
  3.5982   3.6327   3.6357   3.6402   3.6450   3.6710   3.6842   3.6903
  3.6940   3.6955   3.7015   3.7136   3.7228   3.7381   3.7401   3.7498
  3.7677   3.7727   3.7842   3.7907   3.7994   3.8337   3.8415   3.8485
  3.8830   3.8969   3.9130   3.9214   3.9303   3.9361   3.9474   3.9504
  3.9551   3.9656   3.9747   3.9995   4.0075   4.0122   4.0152   4.0222
  4.0338   4.0615   4.0637   4.0793   4.0950   4.1300   4.1401   4.1444
  4.1609   4.1783   4.1878   4.2390   4.2453   4.2765   4.3158   4.3342
  4.3611   4.4123   4.4175   4.4387   4.4595   4.4858   4.5097   4.5192
  4.5563   4.5620   4.5967   4.6249   4.6815   4.6918   4.7203   4.7394
  4.7785   4.8031   4.8225   4.8378   4.8450   4.8685   4.8712   4.8753
  4.8952   4.9170   4.9345   4.9492   4.9617   4.9687   4.9764   4.9933
  5.0098   5.0164   5.0306   5.0399   5.0548   5.0843   5.1000   5.1075
  5.1288   5.1357   5.1478   5.1611   5.1701   5.1878   5.1918   5.2090
  5.2165   5.2325   5.2446   5.2546   5.2592   5.2708   5.2815   5.2936
  5.3210   5.3294   5.3403   5.3535   5.3540   5.3668   5.3802   5.3844
  5.4144   5.4234   5.4239   5.4267   5.4379   5.4418   5.4547   5.4767
  5.4889   5.5143   5.5203   5.5315   5.5519   5.5531   5.5691   5.5778
  5.5839   5.5945   5.6075   5.6172   5.6316   5.6510   5.6605   5.6626
  5.6723   5.6847   5.6974   5.7048   5.7266   5.7374   5.7483   5.7765
  5.7782   5.8015   5.8080   5.8122   5.8253   5.8401   5.8473   5.8516
  5.8676   5.8804   5.8893   5.8907   5.9040   5.9146   5.9273   5.9360
  5.9433   5.9477   5.9633   5.9734   5.9737   5.9806   5.9898   5.9944
  6.0217   6.0302   6.0314   6.0497   6.0644   6.0711   6.0741   6.0826
  6.0969   6.1029   6.1136   6.1213   6.1237   6.1359   6.1406   6.1489
  6.1537   6.1587   6.1655   6.1711   6.1917   6.2081   6.2144   6.2252
  6.2312   6.2363   6.2371   6.2458   6.2485   6.2615   6.2686   6.2775
  6.2810   6.2949   6.2988   6.3152   6.3272   6.3359   6.3499   6.3565
  6.3646   6.3785   6.3861   6.3884   6.4018   6.4122   6.4289   6.4376
  6.4450   6.4497   6.4533   6.4637   6.4747   6.4791   6.4865   6.4982
  6.5092   6.5172   6.5237   6.5449   6.5508   6.5711   6.5808   6.5870
  6.5964   6.5980   6.6108   6.6205   6.6368   6.6482   6.6635   6.6793
  6.6916   6.6985   6.7046   6.7220   6.7337   6.7460   6.7584   6.7771
  6.7907   6.8028   6.8167   6.8296   6.8391   6.8458   6.8697   6.8812
  6.8876   6.8970   6.9087   6.9168   6.9317   6.9539   6.9753   6.9762
  7.0050   7.0078   7.0345   7.0496   7.0758   7.0884   7.1018   7.1197
  7.1273   7.1366   7.1598   7.1841   7.1941   7.2060   7.2315   7.2451
  7.2618   7.2701   7.2922   7.3005   7.3182   7.3263   7.3524   7.3665
  7.3698   7.3858   7.4075   7.4116   7.4130   7.4158   7.4216   7.4471
  7.4678   7.4742   7.4906   7.5093   7.5238   7.5385   7.5614   7.5731
  7.5825   7.5975   7.6033   7.6176   7.6338   7.6388   7.6552   7.6805
  7.7041   7.7251   7.7443   7.7508   7.7699   7.7886   7.8015   7.8103
  7.8209   7.8257   7.8628   7.8838   7.8891   7.9081   7.9245   7.9363
  7.9511   7.9828   8.0087   8.0166   8.0234   8.0277   8.0460   8.0538
  8.0591   8.0639   8.0957   8.1072   8.1155   8.1192   8.1383   8.1456
  8.1675   8.1846   8.1917   8.2001   8.2052   8.2084   8.2137   8.2328
  8.2413   8.2536   8.2604   8.2731   8.2748   8.2895   8.2973   8.3015
  8.3198   8.3259   8.3294   8.3315   8.3444   8.3492   8.3546   8.3581
  8.3708   8.3836   8.4048   8.4276   8.4327   8.4595   8.4645   8.4737
  8.4823   8.4931   8.4985   8.5254   8.5375   8.5462   8.5573   8.5979
  8.6132   8.6244   8.6467   8.6555   8.6674   8.6740   8.6818   8.7054
  8.7365   8.7455   8.7564   8.7858   8.8096   8.8306   8.8450   8.8826
  8.8945   8.9281   8.9740   9.0534   9.0999   9.1078   9.1306   9.1512
  9.2319   9.2598   9.2884   9.3179   9.3473   9.3758   9.4036   9.4286
  9.4466   9.4768   9.4823   9.5052   9.5292   9.5324   9.6054   9.6215
  9.6365   9.6871   9.6954   9.7131   9.7208   9.7636   9.7810   9.7915
  9.8210   9.8710   9.8926   9.9161   9.9527   9.9986  10.0116  10.0523
 10.1239  10.1332  10.2181  10.2704  10.2982  10.3983  10.4382  10.5045
 10.5172  10.5434  10.6238  10.7071  10.7515  10.7668  10.7950  10.8107
 10.8900  10.9201  11.0070  11.0504  11.3956  11.5808  11.9258  12.2412
 12.3764  12.4372  12.5462  12.5673  12.7322  12.8150  25.0269  27.9336
 28.1933  28.4403  28.4631  28.4857  28.7463  28.8658  28.9122  28.9298
 29.0053  29.1099  29.2402  29.3916  29.4223  29.4407  41.9400  41.9448
 41.9881  84.5929  98.5609 146.5645 146.8173 147.0594 147.0719 147.0969
147.3389 147.4888 147.5819 147.6833 147.8262 148.0082 451.0668 524.9209
 --------------------------------------------------------------
 
          Ground-State Mulliken Net Atomic Charges

     Atom                 Charge (a.u.)    Spin (a.u.)
  --------------------------------------------------------
      1 C                     0.215945       0.353882
      2 C                    -0.155548       0.363831
      3 C                     0.057085       0.111118
      4 Cl                   -0.307118       0.497443
      5 H                     0.019794      -0.001215
      6 H                     0.064126      -0.006227
      7 H                     0.096551      -0.006351
      8 H                     0.066568      -0.002542
      9 C                    -0.191143      -0.060075
     10 C                     0.297685       0.512178
     11 S                    -0.210679       0.018061
     12 H                     0.057645       0.002915
     13 C                    -0.226460       0.144127
     14 C                     0.226546      -0.071989
     15 C                    -0.294796      -0.129775
     16 C                    -0.066636       0.197894
     17 H                     0.049203      -0.006424
     18 C                     0.154340       0.166247
     19 C                    -0.071870      -0.082460
     20 H                     0.103533       0.003817
     21 H                     0.067778       0.002708
     22 H                     0.047453      -0.007162
  --------------------------------------------------------
  Sum of atomic charges =    -0.000000
  Sum of spin   charges =     2.000000

 -----------------------------------------------------------------
                    Cartesian Multipole Moments
 -----------------------------------------------------------------
    Charge (ESU x 10^10)
                -0.0000
    Dipole Moment (Debye)
         X      -3.3329      Y      -2.9252      Z      -3.0646
       Tot       5.3904
    Quadrupole Moments (Debye-Ang)
        XX     -79.7549     XY      -4.4407     YY     -89.9362
        XZ      -5.7191     YZ     -10.7058     ZZ     -98.8186
    Octopole Moments (Debye-Ang^2)
       XXX     150.4188    XXY     -52.0835    XYY      60.3454
       YYY     -86.2559    XXZ     -32.8296    XYZ      -7.5760
       YYZ      10.3580    XZZ      51.7101    YZZ     -31.3009
       ZZZ      33.0118
    Hexadecapole Moments (Debye-Ang^3)
      XXXX   -4288.9925   XXXY    -330.2061   XXYY    -901.9813
      XYYY    -325.7625   YYYY    -739.7969   XXXZ    -684.6886
      XXYZ    -117.8928   XYYZ    -276.0281   YYYZ     -61.1789
      XXZZ   -1009.3492   XYZZ    -168.4734   YYZZ    -293.4893
      XZZZ    -802.6710   YZZZ     -63.0441   ZZZZ   -1041.9713
 -----------------------------------------------------------------
 Total job time:  593.30s(wall), 17396.97s(cpu) 
 Thu Aug  1 13:25:46 2024

        *************************************************************
        *                                                           *
        *  Thank you very much for using Q-Chem.  Have a nice day.  *
        *                                                           *
        *************************************************************


