
Running Job 1 of 1 n1-r1-triplet-r-wb97xd-M06.in
qchem n1-r1-triplet-r-wb97xd-M06.in_2191009.0 /expanse/lustre/scratch/whughes/temp_project/job_32712652/n1-r1-triplet-r-wb97xd-M06-32712652/ 0
/cm/shared/apps/spack/0.17.3/cpu/b/opt/spack/linux-rocky8-zen2/gcc-10.2.0/qchem-6.0-rytxnwjazd34ekd2gqyi5ufsaimxsd3r/exe/qcprog.exe_s n1-r1-triplet-r-wb97xd-M06.in_2191009.0 /expanse/lustre/scratch/whughes/temp_project/job_32712652/n1-r1-triplet-r-wb97xd-M06-32712652/
                  Welcome to Q-Chem
     A Quantum Leap Into The Future Of Chemistry


 Q-Chem 6.0, Q-Chem, Inc., Pleasanton, CA (2022)

 License issued to: University of California, San Diego (site)

 E. Epifanovsky,  A. T. B. Gilbert,  Xintian Feng,  Joonho Lee,  Yuezhi Mao,  
 N. Mardirossian,  P. Pokhilko,  A. White,  M. Wormit,  M. P. Coons,  
 A. L. Dempwolff,  Zhengting Gan,  D. Hait,  P. R. Horn,  L. D. Jacobson,  
 I. Kaliman,  J. Kussmann,  A. W. Lange,  Ka Un Lao,  D. S. Levine,  Jie Liu,  
 S. C. McKenzie,  A. F. Morrison,  K. Nanda,  F. Plasser,  D. R. Rehn,  
 M. L. Vidal,  Zhi-Qiang You,  Ying Zhu,  B. Alam,  B. Albrecht,  
 A. Aldossary,  E. Alguire,  J. H. Andersen,  V. Athavale,  D. Barton,  
 K. Begam,  A. Behn,  N. Bellonzi,  Y. A. Bernard,  E. J. Berquist,  
 H. Burton,  A. Carreras,  K. Carter-Fenk,  Romit Chakraborty,  
 Chandrima Chakravarty,  Junhan Chen,  A. D. Chien,  K. D. Closser,  
 V. Cofer-Shabica,  L. Cunha,  S. Dasgupta,  Jia Deng,  M. de Wergifosse,  
 M. Diedenhofen,  Hainam Do,  S. Ehlert,  Po-Tung Fang,  S. Fatehi,  
 Qingguo Feng,  T. Friedhoff,  B. Ganoe,  J. Gayvert,  Qinghui Ge,  
 G. Gidofalvi,  M. Goldey,  J. Gomes,  C. Gonzalez-Espinoza,  S. Gulania,  
 A. Gunina,  J. A. Gyamfi,  M. W. D. Hanson-Heine,  P. H. P. Harbach,  
 A. W. Hauser,  M. F. Herbst,  M. Hernandez Vera,  M. Hodecker,  
 Z. C. Holden,  S. Houck,  Xunkun Huang,  Kerwin Hui,  B. C. Huynh,  
 K. Ikeda,  M. Ivanov,  Hyunjun Ji,  Zuxin Jin,  Hanjie Jiang,  B. Kaduk,  
 S. Kaehler,  R. Kang,  K. Khistyaev,  Jaehoon Kim,  Yongbin Kim,  
 P. Klunzinger,  Z. Koczor-Benda,  Joong Hoon Koh,  D. Kosenkov,  
 Saikiran Kotaru,  L. Koulias,  T. Kowalczyk,  C. M. Krauter,  K. Kue,  
 A. Kunitsa,  T. Kus,  A. Landau,  K. V. Lawler,  D. Lefrancois,  S. Lehtola,  
 Rain Li,  Shaozhi Li,  Yi-Pei Li,  Jiashu Liang,  M. Liebenthal,  
 Hung-Hsuan Lin,  You-Sheng Lin,  Fenglai Liu,  Kuan-Yu Liu,  
 M. Loipersberger,  A. Luenser,  C. Malbon,  A. Manjanath,  P. Manohar,  
 E. Mansoor,  S. F. Manzer,  Shan-Ping Mao,  A. V. Marenich,  T. Markovich,  
 S. Mason,  F. Matz,  S. A. Maurer,  P. F. McLaughlin,  M. F. S. J. Menger,  
 J.-M. Mewes,  S. A. Mewes,  P. Morgante,  Mohammad Mostafanejad,  
 J. W. Mullinax,  K. J. Oosterbaan,  G. Paran,  V. Parravicini,  
 Alexander C. Paul,  Suranjan K. Paul,  F. Pavosevic,  Zheng Pei,  S. Prager,  
 E. I. Proynov,  E. Ramos,  B. Rana,  A. E. Rask,  A. Rettig,  R. M. Richard,  
 F. Rob,  E. Rossomme,  T. Scheele,  M. Scheurer,  M. Schneider,  
 P. E. Schneider,  N. Sergueev,  S. M. Sharada,  Hengyuan Shen,  
 W. Skomorowski,  D. W. Small,  C. J. Stein,  Yingli Su,  Yu-Chuan Su,  
 E. J. Sundstrom,  Zhen Tao,  J. Thirman,  Hung-Yi Tsai,  T. Tsuchimochi,  
 N. M. Tubman,  C. Utku,  S. P. Veccham,  O. Vydrov,  J. Wenzel,  
 Jonathan Wong,  J. Witte,  A. Yamada,  Chou-Hsun Yang,  Kun Yao,  
 S. Yeganeh,  S. R. Yost,  A. Zech,  F. Zeller,  Igor Ying Zhang,  
 Xing Zhang,  Yu Zhang,  D. Zuev,  A. Aspuru-Guzik,  A. T. Bell,  
 N. A. Besley,  K. B. Bravaya,  B. R. Brooks,  D. Casanova,  Jeng-Da Chai,  
 Hsing-Ta Chen,  S. Coriani,  C. J. Cramer,  A. E. DePrince, III,  
 R. A. DiStasio Jr.,  A. Dreuw,  B. D. Dunietz,  T. R. Furlani,  
 W. A. Goddard III,  S. Grimme,  S. Hammes-Schiffer,  T. Head-Gordon,  
 W. J. Hehre,  Chao-Ping Hsu,  T.-C. Jagau,  Yousung Jung,  A. Klamt,  
 Jing Kong,  D. S. Lambrecht,  Xiangyuan Li,  WanZhen Liang,  N. J. Mayhall,  
 C. W. McCurdy,  J. B. Neaton,  T. Neudecker,  C. Ochsenfeld,  
 J. A. Parkhill,  R. Peverati,  V. A. Rassolov,  Haisheng Ren,  Yihan Shao,  
 L. V. Slipchenko,  R. P. Steele,  J. E. Subotnik,  A. J. W. Thom,  
 A. Tkatchenko,  D. G. Truhlar,  T. Van Voorhis,  Fan Wang,  
 T. A. Wesolowski,  K. B. Whaley,  H. L. Woodcock III,  P. M. Zimmerman,  
 S. Faraji,  P. M. W. Gill,  M. Head-Gordon,  J. M. Herbert,  A. I. Krylov

 Contributors to earlier versions of Q-Chem not listed above: 
 R. D. Adamson,  B. Austin,  R. Baer,  J. Baker,  G. J. O. Beran,  
 K. Brandhorst,  S. T. Brown,  E. F. C. Byrd,  Arup K. Chakraborty,  
 G. K. L. Chan,  Chun-Min Chang,  Yunqing Chen,  C.-L. Cheng,  
 Siu Hung Chien,  D. M. Chipman,  D. L. Crittenden,  H. Dachsel,  
 R. J. Doerksen,  A. D. Dutoi,  R. G. Edgar,  J. Fosso-Tande,  
 L. Fusti-Molnar,  D. Ghosh,  A. Ghysels,  A. Golubeva-Zadorozhnaya,  
 J. Gonthier,  M. S. Gordon,  S. R. Gwaltney,  G. Hawkins,  J. E. Herr,  
 A. Heyden,  S. Hirata,  E. G. Hohenstein,  G. Kedziora,  F. J. Keil,  
 C. Kelley,  Jihan Kim,  R. A. King,  R. Z. Khaliullin,  P. P. Korambath,  
 W. Kurlancheek,  A. Laurent,  A. M. Lee,  M. S. Lee,  S. V. Levchenko,  
 Ching Yeh Lin,  D. Liotard,  E. Livshits,  R. C. Lochan,  I. Lotan,  
 L. A. Martinez-Martinez,  P. E. Maslen,  N. Nair,  D. P. O'Neill,  
 D. Neuhauser,  E. Neuscamman,  C. M. Oana,  R. Olivares-Amaya,  R. Olson,  
 T. M. Perrine,  B. Peters,  P. A. Pieniazek,  A. Prociuk,  Y. M. Rhee,  
 J. Ritchie,  M. A. Rohrdanz,  E. Rosta,  N. J. Russ,  H. F. Schaefer III,  
 M. W. Schmidt,  N. E. Schultz,  S. Sharma,  N. Shenvi,  C. D. Sherrill,  
 A. C. Simmonett,  A. Sodt,  T. Stein,  D. Stuck,  K. S. Thanthiriwatte,  
 V. Vanovschi,  L. Vogt,  Tao Wang,  A. Warshel,  M. A. Watson,  
 C. F. Williams,  Q. Wu,  X. Xu,  Jun Yang,  W. Zhang,  Yan Zhao

   Please cite Q-Chem as follows:
  "Software for the frontiers of quantum chemistry:
   An overview of developments in the Q-Chem 5 package"
   J. Chem. Phys. 155, 084801 (2021)
   https://doi.org/10.1063/5.0055522 (open access)

 Q-Chem 6.0.2 for Intel X86 EM64T Linux

 Parts of Q-Chem use Armadillo 9.900.5 (Nocturnal Misbehaviour).
 http://arma.sourceforge.net/

 Q-Chem begins on Fri Aug  2 08:23:33 2024  

 Host: 
0

     Scratch files written to /expanse/lustre/scratch/whughes/temp_project/job_32712652/n1-r1-triplet-r-wb97xd-M06-32712652//
 Dec722 |scratch|qcdevops|jenkins|workspace|build_RNUM    
 Processing $rem in /cm/shared/apps/spack/0.17.3/cpu/b/opt/spack/linux-rocky8-zen2/gcc-10.2.0/qchem-6.0-rytxnwjazd34ekd2gqyi5ufsaimxsd3r/config/preferences:
 Processing $rem in /home/whughes/.qchemrc:

 Checking the input file for inconsistencies... 	...done.

--------------------------------------------------------------
User input:
--------------------------------------------------------------
$molecule
0 3
C    -0.5939758724   0.4113609471    -1.0786623671
C    -0.1378214777   -0.9992634925   -0.6563369074
N    1.3403999828    -0.8596005998   -0.8194255622
N    1.7696821832    -0.4848647309   0.3397630979
C    0.0589065452    1.2963063281    0.0166517928
C    0.6628816871    0.2622759403    0.9798081528
C    -0.3325091313   -0.9227618648   0.8677460231
H    -1.6854483917   0.4665622779    -1.0503807526
H    -0.2562794716   0.6577253708    -2.0824870897
H    -0.5680340935   -1.8300274912   -1.2075303299
H    -0.6769960074   1.9090285887    0.538338514
H    0.8267026251    1.9567486021    -0.3823681392
H    0.9358449211    0.6101526079    1.9704059984
H    0.0105560054    -1.8023794074   1.4071805231
H    -1.3539105043   -0.6712610761   1.1572990461
$end

$rem
METHOD      M06
BASIS       def2-QZVPP
SYM_IGNORE   TRUE
DFT_D       D4
MAX_SCF_CYCLES 300
$end

$end
--------------------------------------------------------------
 Adding empirical dispersion correction 
 ----------------------------------------------------------------
 Doing -D4(0) with M06 parameters:
 s6  =   1.00000
 s8  =   0.16367
 s10 =   0.00000
 s9 =   1.00000
 a1  =   0.53456
 a2  =   6.06192
 -D4 energy including 3body term = -0.0024030422 hartrees
 ----------------------------------------------------------------
             Standard Nuclear Orientation (Angstroms)
    I     Atom           X                Y                Z
 ----------------------------------------------------------------
    1      C      -0.5939758724     0.4113609471    -1.0786623671
    2      C      -0.1378214777    -0.9992634925    -0.6563369074
    3      N       1.3403999828    -0.8596005998    -0.8194255622
    4      N       1.7696821832    -0.4848647309     0.3397630979
    5      C       0.0589065452     1.2963063281     0.0166517928
    6      C       0.6628816871     0.2622759403     0.9798081528
    7      C      -0.3325091313    -0.9227618648     0.8677460231
    8      H      -1.6854483917     0.4665622779    -1.0503807526
    9      H      -0.2562794716     0.6577253708    -2.0824870897
   10      H      -0.5680340935    -1.8300274912    -1.2075303299
   11      H      -0.6769960074     1.9090285887     0.5383385140
   12      H       0.8267026251     1.9567486021    -0.3823681392
   13      H       0.9358449211     0.6101526079     1.9704059984
   14      H       0.0105560054    -1.8023794074     1.4071805231
   15      H      -1.3539105043    -0.6712610761     1.1572990461
 ----------------------------------------------------------------
 Nuclear Repulsion Energy =         313.92699484 hartrees
 There are       27 alpha and       25 beta electrons
 Requested basis set is def2-QZVPP
 There are 199 shells and 639 basis functions

 Total QAlloc Memory Limit   8000 MB
 Mega-Array Size       188 MB
 MEM_STATIC part       192 MB


                       Distance Matrix (Angstroms)
             C (  1)   C (  2)   N (  3)   N (  4)   C (  5)   C (  6)
   C (  2)  1.541524
   N (  3)  2.329025  1.493734
   N (  4)  2.898626  2.212553  1.291677
   C (  5)  1.552127  2.400262  2.643707  2.490728
   C (  6)  2.416447  2.215757  2.225956  1.480839  1.536774
   C (  7)  2.374185  1.538371  2.376797  2.211273  2.408699  1.551669
   H (  8)  1.093233  2.167733  3.311768  3.843910  2.206764  3.110957
   H (  9)  1.087381  2.189417  2.539092  3.358173  2.216644  3.221628
   H ( 10)  2.245240  1.085848  2.175885  3.109421  3.415500  3.267619
   H ( 11)  2.205582  3.190003  3.684931  3.428759  1.090476  2.168401
   H ( 12)  2.211646  3.121438  2.895985  2.715172  1.088537  2.180275
   H ( 13)  3.417117  3.262324  3.179151  2.133857  2.248774  1.084809
   H ( 14)  3.383123  2.219260  2.759546  2.443307  3.396728  2.207029
   H ( 15)  2.597902  2.208106  3.346972  3.234183  2.677396  2.229450
             C (  7)   H (  8)   H (  9)   H ( 10)   H ( 11)   H ( 12)
   H (  8)  2.727614
   H (  9)  3.347779  1.773220
   H ( 10)  2.277142  2.558835  2.655495
   H ( 11)  2.871623  2.371015  2.934534  4.128011
   H ( 12)  3.346362  2.996298  2.398065  4.118963  1.763828
   H ( 13)  2.274732  4.002118  4.224851  4.279651  2.517767  2.713076
   H ( 14)  1.087387  3.750218  4.277978  2.678105  3.873263  4.242596
   H ( 15)  1.091034  2.505675  3.669770  2.748228  2.738470  3.745942
             H ( 13)   H ( 14)
   H ( 14)  2.644559
   H ( 15)  2.747025  1.789871
 
 A cutoff of  1.0D-09 yielded  17425 shell pairs
 There are    182651 function pairs (    275438 Cartesian)
 Smallest overlap matrix eigenvalue = 1.63E-05

 Q-Chem warning in module stvman/mkSTV.C, line 305:

 Overlap eigenvalue is smaller than square root of threshold
 Use THRESH >= 12 to get rid of this warning


 Scale SEOQF with 1.000000e-01/1.000000e-01/1.000000e-01

 Standard Electronic Orientation quadrupole field applied
 Nucleus-field energy     =     0.0000000006 hartrees
 Guess from superposition of atomic densities
 Warning:  Energy on first SCF cycle will be non-variational
 SAD guess density has 52.000000 electrons

 -----------------------------------------------------------------------
  General SCF calculation program by
  Eric Jon Sundstrom, Paul Horn, Yuezhi Mao, Dmitri Zuev, Alec White,
  David Stuck, Shaama M.S., Shane Yost, Joonho Lee, David Small,
  Daniel Levine, Susi Lehtola, Hugh Burton, Evgeny Epifanovsky,
  Bang C. Huynh
 -----------------------------------------------------------------------
 Exchange:     0.2700 Hartree-Fock + 1.0000 M06
 Correlation:  1.0000 M06
 Using SG-3 standard quadrature grid
 Dispersion:   Grimme D4
 using 32 threads for integral computing
 -------------------------------------------------------
 OpenMP Integral computing Module                
 Release: version 1.0, May 2013, Q-Chem Inc. Pittsburgh 
 -------------------------------------------------------
 A unrestricted SCF calculation will be
 performed using DIIS
 SCF converges when DIIS error is below 1.0e-05
 ---------------------------------------
  Cycle       Energy         DIIS error
 ---------------------------------------
    1    -306.3265472163      7.48e-03  
    2    -304.5131188826      7.04e-04  
    3    -304.4738440401      8.97e-04  
    4    -304.6124555937      1.29e-04  
    5    -304.6138775932      8.66e-05  
    6    -304.6148817302      4.62e-05  
    7    -304.6152233244      1.68e-05  
    8    -304.6152770841      5.48e-06  Convergence criterion met
 ---------------------------------------
 SCF time:   CPU 5489.16s  wall 216.00s 
<S^2> =          2.007570945
 SCF   energy in the final basis set =     -304.6152770841
 Total energy in the final basis set =     -304.6152770841
 
 --------------------------------------------------------------
 
                    Orbital Energies (a.u.)
 --------------------------------------------------------------
 
 Alpha MOs
 -- Occupied --
-14.4296 -14.4190 -10.2975 -10.2958 -10.2569 -10.2531 -10.2512  -1.0596
 -0.8522  -0.7958  -0.7406  -0.6466  -0.6183  -0.5506  -0.5446  -0.5179
 -0.4881  -0.4246  -0.4055  -0.3926  -0.3912  -0.3863  -0.3597  -0.3520
 -0.3474  -0.2706  -0.1677
 -- Virtual --
  0.0031   0.0174   0.0246   0.0275   0.0416   0.0450   0.0599   0.0700
  0.0803   0.1042   0.1116   0.1196   0.1321   0.1373   0.1408   0.1548
  0.1609   0.1741   0.1897   0.1997   0.2207   0.2289   0.2341   0.2475
  0.2505   0.2543   0.2579   0.2696   0.2764   0.2811   0.2852   0.2883
  0.2953   0.2999   0.3011   0.3110   0.3192   0.3301   0.3353   0.3457
  0.3634   0.4060   0.4111   0.4182   0.4328   0.4761   0.4795   0.4851
  0.4904   0.5065   0.5206   0.5342   0.5412   0.5464   0.5599   0.5706
  0.6010   0.6083   0.6163   0.6354   0.6391   0.6593   0.6880   0.6975
  0.7118   0.7232   0.7322   0.7380   0.7531   0.7636   0.7757   0.7814
  0.7827   0.7878   0.7937   0.7978   0.8128   0.8152   0.8204   0.8406
  0.8589   0.8697   0.8860   0.8905   0.9140   0.9172   0.9513   0.9572
  0.9593   0.9727   0.9927   1.0141   1.0205   1.0298   1.0390   1.0445
  1.0686   1.0798   1.0873   1.1013   1.1103   1.1334   1.1368   1.1559
  1.1670   1.1773   1.1965   1.2049   1.2228   1.2289   1.2379   1.2599
  1.2661   1.2941   1.3061   1.3092   1.3293   1.3458   1.3589   1.3801
  1.3882   1.4080   1.4192   1.4347   1.4560   1.4661   1.4786   1.4931
  1.5200   1.5283   1.5542   1.5630   1.5720   1.6044   1.6244   1.6493
  1.6659   1.6765   1.6898   1.7128   1.7399   1.7748   1.7915   1.8020
  1.8321   1.8453   1.8758   1.8825   1.8962   1.9041   1.9117   1.9367
  1.9591   1.9710   1.9813   1.9975   2.0073   2.0116   2.0381   2.0596
  2.0706   2.0796   2.0895   2.1060   2.1110   2.1283   2.1422   2.1615
  2.1690   2.1767   2.1952   2.2059   2.2170   2.2274   2.2343   2.2513
  2.2664   2.2828   2.2915   2.3067   2.3278   2.3342   2.3571   2.3728
  2.3827   2.3859   2.3924   2.4242   2.4401   2.4607   2.4804   2.4852
  2.4882   2.5109   2.5256   2.5416   2.5549   2.5609   2.5701   2.5890
  2.5931   2.6111   2.6216   2.6393   2.6484   2.6642   2.6768   2.6844
  2.6893   2.7180   2.7242   2.7349   2.7436   2.7549   2.7620   2.7684
  2.7769   2.7807   2.8140   2.8219   2.8432   2.8631   2.8745   2.8899
  2.9068   2.9103   2.9289   2.9438   2.9535   2.9709   2.9847   2.9964
  3.0255   3.0409   3.0445   3.0699   3.0924   3.1055   3.1184   3.1369
  3.1430   3.1584   3.1680   3.1955   3.2043   3.2214   3.2599   3.2750
  3.2872   3.3044   3.3226   3.3332   3.3401   3.3569   3.3788   3.3997
  3.4177   3.4314   3.4348   3.4457   3.4586   3.4736   3.4956   3.5382
  3.5503   3.5875   3.5924   3.6016   3.6108   3.6294   3.6477   3.6649
  3.6726   3.6836   3.6988   3.7227   3.7478   3.7669   3.7757   3.7813
  3.7989   3.8102   3.8196   3.8248   3.8548   3.8715   3.9074   3.9150
  3.9607   3.9834   4.0103   4.0709   4.0873   4.1325   4.1542   4.1659
  4.2424   4.2785   4.3029   4.3606   4.3919   4.4168   4.4517   4.4925
  4.5657   4.5835   4.6416   4.6610   4.6881   4.7170   4.7412   4.8199
  4.8504   4.9161   4.9761   4.9984   5.0586   5.0753   5.0914   5.1268
  5.1444   5.1903   5.2651   5.3034   5.3085   5.3240   5.3759   5.4230
  5.4544   5.4677   5.5217   5.5377   5.5806   5.6242   5.6439   5.6542
  5.6605   5.6814   5.7184   5.7266   5.7394   5.7557   5.7636   5.7798
  5.8032   5.8128   5.8225   5.8451   5.8702   5.8731   5.8929   5.9086
  5.9186   5.9304   5.9495   5.9618   5.9715   5.9886   6.0051   6.0135
  6.0342   6.0373   6.0580   6.0680   6.0975   6.1057   6.1258   6.1321
  6.1571   6.1622   6.1795   6.2006   6.2051   6.2123   6.2261   6.2476
  6.2588   6.2836   6.2964   6.3000   6.3286   6.3395   6.3653   6.3830
  6.3909   6.4056   6.4218   6.4318   6.4434   6.4643   6.4681   6.4850
  6.4988   6.5187   6.5281   6.5636   6.5779   6.5968   6.6113   6.6152
  6.6263   6.6623   6.6903   6.7150   6.7315   6.7379   6.7582   6.7725
  6.7879   6.7964   6.8225   6.8261   6.8493   6.8629   6.8796   6.8951
  6.9081   6.9228   6.9440   6.9819   7.0083   7.0183   7.0300   7.0597
  7.0731   7.0849   7.1297   7.1433   7.1708   7.2051   7.2155   7.2397
  7.2692   7.2710   7.3026   7.3266   7.3494   7.3748   7.3789   7.3939
  7.4164   7.4208   7.4572   7.4742   7.4803   7.4966   7.5188   7.5485
  7.5617   7.5768   7.5918   7.6019   7.6139   7.6244   7.6675   7.6830
  7.6848   7.6923   7.6984   7.7155   7.7251   7.7381   7.7688   7.7784
  7.7844   7.7980   7.8082   7.8216   7.8391   7.8597   7.8876   7.8907
  7.9259   7.9302   7.9571   7.9605   7.9778   7.9958   8.0229   8.0486
  8.1140   8.1214   8.1308   8.1703   8.1988   8.2610   8.2761   8.2929
  8.3290   8.3326   8.3568   8.3851   8.3986   8.4075   8.4183   8.4282
  8.4398   8.4511   8.4688   8.4771   8.4839   8.4953   8.5118   8.5190
  8.5438   8.5615   8.5688   8.5888   8.5946   8.6211   8.6342   8.6413
  8.6520   8.6681   8.6779   8.6932   8.7048   8.7178   8.7257   8.7468
  8.7846   8.7926   8.7982   8.8154   8.8438   8.8601   8.8859   8.9042
  8.9425   8.9716   9.0022   9.0346   9.0415   9.0570   9.0879   9.1055
  9.1238   9.1478   9.1901   9.2287   9.2456   9.2524   9.2951   9.2973
  9.3069   9.3270   9.3625   9.3973   9.4145   9.4211   9.4694   9.4947
  9.5140   9.5379   9.5508   9.5959   9.6252   9.6649   9.7211   9.7465
  9.7612   9.7923   9.8040   9.8105   9.8330   9.8490   9.8569   9.8972
  9.9119   9.9248   9.9488   9.9940  10.0004  10.0628  10.1178  10.1382
 10.2003  10.2011  10.2700  10.3230  10.4386  10.4974  10.5460  10.5657
 10.7729  11.0446  11.2346  11.5262  11.5966  12.0261  12.1949  12.2577
 12.7150  12.8545  12.8750  13.0021  13.0528  13.1254  28.9044  29.0588
 29.0862  29.1933  29.2161  37.5113  37.8912 147.5103 147.6825 147.7150
147.8148 147.8485 196.3292 196.6615
 
 Beta MOs
 -- Occupied --
-14.4129 -14.4034 -10.2959 -10.2938 -10.2561 -10.2524 -10.2510  -1.0183
 -0.8376  -0.7720  -0.7355  -0.6257  -0.6032  -0.5361  -0.5292  -0.5050
 -0.4687  -0.4061  -0.3898  -0.3857  -0.3836  -0.3713  -0.3524  -0.3160
 -0.3081
 -- Virtual --
 -0.1205  -0.0152   0.0063   0.0217   0.0262   0.0285   0.0426   0.0468
  0.0606   0.0717   0.0823   0.1119   0.1146   0.1238   0.1332   0.1390
  0.1434   0.1565   0.1622   0.1791   0.1957   0.2054   0.2250   0.2335
  0.2381   0.2496   0.2534   0.2589   0.2608   0.2716   0.2793   0.2837
  0.2891   0.2906   0.2984   0.3038   0.3068   0.3171   0.3299   0.3375
  0.3394   0.3552   0.3684   0.4077   0.4187   0.4219   0.4371   0.4770
  0.4826   0.4876   0.4987   0.5091   0.5247   0.5361   0.5432   0.5475
  0.5588   0.5712   0.6035   0.6117   0.6203   0.6377   0.6467   0.6641
  0.6900   0.6973   0.7126   0.7254   0.7340   0.7402   0.7538   0.7638
  0.7766   0.7830   0.7841   0.7878   0.7937   0.7987   0.8151   0.8168
  0.8216   0.8396   0.8593   0.8713   0.8844   0.8921   0.9152   0.9202
  0.9532   0.9574   0.9610   0.9777   0.9926   1.0140   1.0216   1.0301
  1.0411   1.0471   1.0702   1.0802   1.0908   1.1027   1.1101   1.1334
  1.1366   1.1557   1.1684   1.1801   1.2002   1.2041   1.2227   1.2326
  1.2391   1.2609   1.2675   1.2939   1.3046   1.3081   1.3284   1.3436
  1.3590   1.3791   1.3868   1.4057   1.4214   1.4346   1.4555   1.4652
  1.4788   1.4916   1.5189   1.5291   1.5548   1.5628   1.5730   1.6051
  1.6267   1.6485   1.6664   1.6765   1.6917   1.7143   1.7403   1.7760
  1.7917   1.8032   1.8320   1.8450   1.8760   1.8827   1.8946   1.9036
  1.9133   1.9357   1.9594   1.9696   1.9798   1.9960   2.0056   2.0118
  2.0379   2.0605   2.0697   2.0785   2.0901   2.1057   2.1129   2.1275
  2.1423   2.1612   2.1691   2.1760   2.1957   2.2054   2.2166   2.2276
  2.2337   2.2509   2.2672   2.2825   2.2902   2.3051   2.3297   2.3340
  2.3574   2.3718   2.3822   2.3849   2.3914   2.4238   2.4377   2.4609
  2.4802   2.4853   2.4869   2.5104   2.5243   2.5442   2.5548   2.5603
  2.5685   2.5908   2.5937   2.6123   2.6222   2.6399   2.6496   2.6662
  2.6771   2.6845   2.6909   2.7185   2.7281   2.7346   2.7451   2.7553
  2.7659   2.7675   2.7789   2.7827   2.8175   2.8227   2.8432   2.8646
  2.8743   2.8901   2.9053   2.9174   2.9342   2.9465   2.9562   2.9758
  2.9876   2.9981   3.0278   3.0447   3.0473   3.0749   3.0943   3.1120
  3.1239   3.1391   3.1463   3.1583   3.1754   3.2037   3.2104   3.2235
  3.2638   3.2769   3.2931   3.3073   3.3321   3.3405   3.3503   3.3674
  3.3904   3.4037   3.4229   3.4403   3.4408   3.4499   3.4676   3.4983
  3.5100   3.5439   3.5531   3.5922   3.5997   3.6093   3.6164   3.6309
  3.6523   3.6659   3.6745   3.6888   3.7064   3.7236   3.7542   3.7658
  3.7808   3.7878   3.8015   3.8101   3.8234   3.8333   3.8617   3.8745
  3.9108   3.9172   3.9640   3.9933   4.0160   4.0779   4.0987   4.1348
  4.1570   4.1746   4.2499   4.2895   4.3175   4.3793   4.4021   4.4200
  4.4530   4.4981   4.5691   4.5866   4.6483   4.6767   4.6941   4.7221
  4.7675   4.8243   4.8651   4.9227   4.9827   5.0040   5.0640   5.0838
  5.1005   5.1295   5.1505   5.1977   5.2668   5.3074   5.3105   5.3254
  5.3814   5.4260   5.4536   5.4702   5.5244   5.5401   5.5796   5.6239
  5.6422   5.6478   5.6565   5.6840   5.7136   5.7231   5.7371   5.7511
  5.7562   5.7782   5.8060   5.8112   5.8247   5.8465   5.8660   5.8702
  5.8923   5.9032   5.9176   5.9296   5.9493   5.9617   5.9703   5.9836
  6.0016   6.0142   6.0325   6.0367   6.0542   6.0662   6.0990   6.1056
  6.1269   6.1315   6.1566   6.1653   6.1802   6.2006   6.2052   6.2117
  6.2290   6.2483   6.2574   6.2858   6.2971   6.3013   6.3314   6.3409
  6.3667   6.3823   6.3932   6.4083   6.4230   6.4319   6.4421   6.4661
  6.4688   6.4867   6.5012   6.5194   6.5324   6.5662   6.5800   6.6041
  6.6157   6.6200   6.6341   6.6649   6.6919   6.7174   6.7354   6.7419
  6.7650   6.7772   6.7889   6.8014   6.8281   6.8307   6.8538   6.8670
  6.8839   6.8960   6.9122   6.9276   6.9498   6.9869   7.0101   7.0244
  7.0387   7.0667   7.0743   7.0894   7.1309   7.1496   7.1740   7.2129
  7.2201   7.2457   7.2735   7.2764   7.3049   7.3283   7.3525   7.3773
  7.3800   7.3987   7.4175   7.4226   7.4602   7.4752   7.4821   7.4997
  7.5225   7.5549   7.5670   7.5781   7.5957   7.6021   7.6179   7.6256
  7.6718   7.6843   7.6864   7.6938   7.7011   7.7209   7.7309   7.7419
  7.7736   7.7809   7.7974   7.8051   7.8116   7.8245   7.8447   7.8618
  7.8917   7.8976   7.9306   7.9345   7.9609   7.9703   7.9803   8.0005
  8.0265   8.0574   8.1196   8.1260   8.1336   8.1774   8.2028   8.2631
  8.2798   8.2962   8.3317   8.3406   8.3586   8.3843   8.4005   8.4104
  8.4160   8.4350   8.4431   8.4522   8.4702   8.4806   8.4851   8.5033
  8.5124   8.5184   8.5491   8.5620   8.5692   8.5901   8.5930   8.6219
  8.6343   8.6451   8.6541   8.6690   8.6796   8.6912   8.7054   8.7175
  8.7332   8.7456   8.7867   8.7895   8.7971   8.8174   8.8451   8.8627
  8.8854   8.9088   8.9492   8.9844   9.0238   9.0564   9.0689   9.0778
  9.1020   9.1240   9.1605   9.1890   9.2184   9.2353   9.2635   9.2691
  9.3048   9.3146   9.3300   9.3720   9.3820   9.4063   9.4461   9.4564
  9.4736   9.5090   9.5142   9.5299   9.5649   9.6091   9.6605   9.6854
  9.7202   9.7668   9.7733   9.7906   9.8078   9.8188   9.8316   9.8446
  9.8644   9.9218   9.9356   9.9492   9.9719  10.0143  10.0252  10.0681
 10.1225  10.1397  10.1987  10.2143  10.2730  10.3207  10.4402  10.5059
 10.5499  10.6043  10.8129  11.1274  11.2912  11.5584  11.6541  12.0061
 12.1848  12.2507  12.7036  12.8275  12.8598  12.9929  13.0548  13.1206
 28.8998  29.0548  29.0855  29.1921  29.2161  37.5610  37.9340 147.5065
147.6784 147.7137 147.8137 147.8473 196.3764 196.7078
 --------------------------------------------------------------
 
          Ground-State Mulliken Net Atomic Charges

     Atom                 Charge (a.u.)    Spin (a.u.)
  --------------------------------------------------------
      1 C                    -0.287233       0.032898
      2 C                    -0.035650       0.042234
      3 N                    -0.256708       0.840763
      4 N                    -0.174497       0.924235
      5 C                    -0.166274       0.021479
      6 C                    -0.184487       0.043417
      7 C                    -0.083618       0.050040
      8 H                     0.173439       0.032655
      9 H                     0.152386      -0.009984
     10 H                     0.198588       0.015993
     11 H                     0.113927      -0.001390
     12 H                     0.088096      -0.002028
     13 H                     0.283643       0.001331
     14 H                     0.094069      -0.004544
     15 H                     0.084318       0.012901
  --------------------------------------------------------
  Sum of atomic charges =    -0.000000
  Sum of spin   charges =     2.000000

 -----------------------------------------------------------------
                    Cartesian Multipole Moments
 -----------------------------------------------------------------
    Charge (ESU x 10^10)
                 0.0000
    Dipole Moment (Debye)
         X      -2.8688      Y       0.9522      Z       0.8800
       Tot       3.1481
    Quadrupole Moments (Debye-Ang)
        XX     -47.5732     XY       2.9757     YY     -41.4291
        XZ       1.4691     YZ       0.0427     ZZ     -41.9067
    Octopole Moments (Debye-Ang^2)
       XXX     -52.9296    XXY      11.9453    XYY     -15.4514
       YYY      17.4699    XXZ       3.2467    XYZ      -1.2366
       YYZ       1.8288    XZZ     -15.9052    YZZ       7.6947
       ZZZ       8.6016
    Hexadecapole Moments (Debye-Ang^3)
      XXXX    -292.6831   XXXY      31.8622   XXYY     -92.4935
      XYYY      26.9040   YYYY    -256.8702   XXXZ     -15.5079
      XXYZ       0.4298   XYYZ      -3.6456   YYYZ      -0.0969
      XXZZ     -90.6939   XYZZ      12.5450   YYZZ     -80.3187
      XZZZ      -6.8037   YZZZ      -0.6415   ZZZZ    -231.5472
 -----------------------------------------------------------------
 Total job time:  222.71s(wall), 5540.55s(cpu) 
 Fri Aug  2 08:27:16 2024

        *************************************************************
        *                                                           *
        *  Thank you very much for using Q-Chem.  Have a nice day.  *
        *                                                           *
        *************************************************************


