
Running Job 1 of 1 n2-p1-triplet-wb97xd-M06.in
qchem n2-p1-triplet-wb97xd-M06.in_2349333.0 /expanse/lustre/scratch/whughes/temp_project/job_32712773/n2-p1-triplet-wb97xd-M06-32712773/ 0
/cm/shared/apps/spack/0.17.3/cpu/b/opt/spack/linux-rocky8-zen2/gcc-10.2.0/qchem-6.0-rytxnwjazd34ekd2gqyi5ufsaimxsd3r/exe/qcprog.exe_s n2-p1-triplet-wb97xd-M06.in_2349333.0 /expanse/lustre/scratch/whughes/temp_project/job_32712773/n2-p1-triplet-wb97xd-M06-32712773/
                  Welcome to Q-Chem
     A Quantum Leap Into The Future Of Chemistry


 Q-Chem 6.0, Q-Chem, Inc., Pleasanton, CA (2022)

 License issued to: University of California, San Diego (site)

 E. Epifanovsky,  A. T. B. Gilbert,  Xintian Feng,  Joonho Lee,  Yuezhi Mao,  
 N. Mardirossian,  P. Pokhilko,  A. White,  M. Wormit,  M. P. Coons,  
 A. L. Dempwolff,  Zhengting Gan,  D. Hait,  P. R. Horn,  L. D. Jacobson,  
 I. Kaliman,  J. Kussmann,  A. W. Lange,  Ka Un Lao,  D. S. Levine,  Jie Liu,  
 S. C. McKenzie,  A. F. Morrison,  K. Nanda,  F. Plasser,  D. R. Rehn,  
 M. L. Vidal,  Zhi-Qiang You,  Ying Zhu,  B. Alam,  B. Albrecht,  
 A. Aldossary,  E. Alguire,  J. H. Andersen,  V. Athavale,  D. Barton,  
 K. Begam,  A. Behn,  N. Bellonzi,  Y. A. Bernard,  E. J. Berquist,  
 H. Burton,  A. Carreras,  K. Carter-Fenk,  Romit Chakraborty,  
 Chandrima Chakravarty,  Junhan Chen,  A. D. Chien,  K. D. Closser,  
 V. Cofer-Shabica,  L. Cunha,  S. Dasgupta,  Jia Deng,  M. de Wergifosse,  
 M. Diedenhofen,  Hainam Do,  S. Ehlert,  Po-Tung Fang,  S. Fatehi,  
 Qingguo Feng,  T. Friedhoff,  B. Ganoe,  J. Gayvert,  Qinghui Ge,  
 G. Gidofalvi,  M. Goldey,  J. Gomes,  C. Gonzalez-Espinoza,  S. Gulania,  
 A. Gunina,  J. A. Gyamfi,  M. W. D. Hanson-Heine,  P. H. P. Harbach,  
 A. W. Hauser,  M. F. Herbst,  M. Hernandez Vera,  M. Hodecker,  
 Z. C. Holden,  S. Houck,  Xunkun Huang,  Kerwin Hui,  B. C. Huynh,  
 K. Ikeda,  M. Ivanov,  Hyunjun Ji,  Zuxin Jin,  Hanjie Jiang,  B. Kaduk,  
 S. Kaehler,  R. Kang,  K. Khistyaev,  Jaehoon Kim,  Yongbin Kim,  
 P. Klunzinger,  Z. Koczor-Benda,  Joong Hoon Koh,  D. Kosenkov,  
 Saikiran Kotaru,  L. Koulias,  T. Kowalczyk,  C. M. Krauter,  K. Kue,  
 A. Kunitsa,  T. Kus,  A. Landau,  K. V. Lawler,  D. Lefrancois,  S. Lehtola,  
 Rain Li,  Shaozhi Li,  Yi-Pei Li,  Jiashu Liang,  M. Liebenthal,  
 Hung-Hsuan Lin,  You-Sheng Lin,  Fenglai Liu,  Kuan-Yu Liu,  
 M. Loipersberger,  A. Luenser,  C. Malbon,  A. Manjanath,  P. Manohar,  
 E. Mansoor,  S. F. Manzer,  Shan-Ping Mao,  A. V. Marenich,  T. Markovich,  
 S. Mason,  F. Matz,  S. A. Maurer,  P. F. McLaughlin,  M. F. S. J. Menger,  
 J.-M. Mewes,  S. A. Mewes,  P. Morgante,  Mohammad Mostafanejad,  
 J. W. Mullinax,  K. J. Oosterbaan,  G. Paran,  V. Parravicini,  
 Alexander C. Paul,  Suranjan K. Paul,  F. Pavosevic,  Zheng Pei,  S. Prager,  
 E. I. Proynov,  E. Ramos,  B. Rana,  A. E. Rask,  A. Rettig,  R. M. Richard,  
 F. Rob,  E. Rossomme,  T. Scheele,  M. Scheurer,  M. Schneider,  
 P. E. Schneider,  N. Sergueev,  S. M. Sharada,  Hengyuan Shen,  
 W. Skomorowski,  D. W. Small,  C. J. Stein,  Yingli Su,  Yu-Chuan Su,  
 E. J. Sundstrom,  Zhen Tao,  J. Thirman,  Hung-Yi Tsai,  T. Tsuchimochi,  
 N. M. Tubman,  C. Utku,  S. P. Veccham,  O. Vydrov,  J. Wenzel,  
 Jonathan Wong,  J. Witte,  A. Yamada,  Chou-Hsun Yang,  Kun Yao,  
 S. Yeganeh,  S. R. Yost,  A. Zech,  F. Zeller,  Igor Ying Zhang,  
 Xing Zhang,  Yu Zhang,  D. Zuev,  A. Aspuru-Guzik,  A. T. Bell,  
 N. A. Besley,  K. B. Bravaya,  B. R. Brooks,  D. Casanova,  Jeng-Da Chai,  
 Hsing-Ta Chen,  S. Coriani,  C. J. Cramer,  A. E. DePrince, III,  
 R. A. DiStasio Jr.,  A. Dreuw,  B. D. Dunietz,  T. R. Furlani,  
 W. A. Goddard III,  S. Grimme,  S. Hammes-Schiffer,  T. Head-Gordon,  
 W. J. Hehre,  Chao-Ping Hsu,  T.-C. Jagau,  Yousung Jung,  A. Klamt,  
 Jing Kong,  D. S. Lambrecht,  Xiangyuan Li,  WanZhen Liang,  N. J. Mayhall,  
 C. W. McCurdy,  J. B. Neaton,  T. Neudecker,  C. Ochsenfeld,  
 J. A. Parkhill,  R. Peverati,  V. A. Rassolov,  Haisheng Ren,  Yihan Shao,  
 L. V. Slipchenko,  R. P. Steele,  J. E. Subotnik,  A. J. W. Thom,  
 A. Tkatchenko,  D. G. Truhlar,  T. Van Voorhis,  Fan Wang,  
 T. A. Wesolowski,  K. B. Whaley,  H. L. Woodcock III,  P. M. Zimmerman,  
 S. Faraji,  P. M. W. Gill,  M. Head-Gordon,  J. M. Herbert,  A. I. Krylov

 Contributors to earlier versions of Q-Chem not listed above: 
 R. D. Adamson,  B. Austin,  R. Baer,  J. Baker,  G. J. O. Beran,  
 K. Brandhorst,  S. T. Brown,  E. F. C. Byrd,  Arup K. Chakraborty,  
 G. K. L. Chan,  Chun-Min Chang,  Yunqing Chen,  C.-L. Cheng,  
 Siu Hung Chien,  D. M. Chipman,  D. L. Crittenden,  H. Dachsel,  
 R. J. Doerksen,  A. D. Dutoi,  R. G. Edgar,  J. Fosso-Tande,  
 L. Fusti-Molnar,  D. Ghosh,  A. Ghysels,  A. Golubeva-Zadorozhnaya,  
 J. Gonthier,  M. S. Gordon,  S. R. Gwaltney,  G. Hawkins,  J. E. Herr,  
 A. Heyden,  S. Hirata,  E. G. Hohenstein,  G. Kedziora,  F. J. Keil,  
 C. Kelley,  Jihan Kim,  R. A. King,  R. Z. Khaliullin,  P. P. Korambath,  
 W. Kurlancheek,  A. Laurent,  A. M. Lee,  M. S. Lee,  S. V. Levchenko,  
 Ching Yeh Lin,  D. Liotard,  E. Livshits,  R. C. Lochan,  I. Lotan,  
 L. A. Martinez-Martinez,  P. E. Maslen,  N. Nair,  D. P. O'Neill,  
 D. Neuhauser,  E. Neuscamman,  C. M. Oana,  R. Olivares-Amaya,  R. Olson,  
 T. M. Perrine,  B. Peters,  P. A. Pieniazek,  A. Prociuk,  Y. M. Rhee,  
 J. Ritchie,  M. A. Rohrdanz,  E. Rosta,  N. J. Russ,  H. F. Schaefer III,  
 M. W. Schmidt,  N. E. Schultz,  S. Sharma,  N. Shenvi,  C. D. Sherrill,  
 A. C. Simmonett,  A. Sodt,  T. Stein,  D. Stuck,  K. S. Thanthiriwatte,  
 V. Vanovschi,  L. Vogt,  Tao Wang,  A. Warshel,  M. A. Watson,  
 C. F. Williams,  Q. Wu,  X. Xu,  Jun Yang,  W. Zhang,  Yan Zhao

   Please cite Q-Chem as follows:
  "Software for the frontiers of quantum chemistry:
   An overview of developments in the Q-Chem 5 package"
   J. Chem. Phys. 155, 084801 (2021)
   https://doi.org/10.1063/5.0055522 (open access)

 Q-Chem 6.0.2 for Intel X86 EM64T Linux

 Parts of Q-Chem use Armadillo 9.900.5 (Nocturnal Misbehaviour).
 http://arma.sourceforge.net/

 Q-Chem begins on Fri Aug  2 08:27:40 2024  

 Host: 
0

     Scratch files written to /expanse/lustre/scratch/whughes/temp_project/job_32712773/n2-p1-triplet-wb97xd-M06-32712773//
 Dec722 |scratch|qcdevops|jenkins|workspace|build_RNUM    
 Processing $rem in /cm/shared/apps/spack/0.17.3/cpu/b/opt/spack/linux-rocky8-zen2/gcc-10.2.0/qchem-6.0-rytxnwjazd34ekd2gqyi5ufsaimxsd3r/config/preferences:
 Processing $rem in /home/whughes/.qchemrc:

 Checking the input file for inconsistencies... 	...done.

--------------------------------------------------------------
User input:
--------------------------------------------------------------
$molecule
0 3
C    0.8857253503    -0.2259598011   0.8590966551
C    1.6806083007    0.3464414024    1.9910016049
C    0.1192451429    0.6129533829    -0.0090539574
C    -0.9105342492   0.0968427197    -0.8567290674
C    -1.6638766935   -1.1616314801   -0.5617636374
C    -1.437694859    0.8908653285    -2.0109386317
C    1.1089579949    -1.6835686552   0.6064499006
C    0.3853382943    1.9844665203    -0.0303210993
H    1.8378833275    -0.4099522341   2.7634324264
H    2.6774064909    0.6702352473    1.66318999
H    1.1924224722    1.2046118957    2.4533769369
H    -1.4403865299   -1.9588928298   -1.281114303
H    -1.4737712409   -1.5461913684   0.4379451543
H    -2.7389077728   -0.9692969269   -0.6465491235
H    -0.6662694596   1.4925008569    -2.4920250013
H    -1.8662334949   0.2251273542    -2.7637834076
H    -2.2423149175   1.5709669765    -1.7011406431
H    0.6085786419    -2.316079327    1.3498094144
H    0.7793769933    -1.9985537583   -0.3812651273
H    2.1782235357    -1.9066364594   0.6887655295
H    -0.1879865032   2.6631799978    -0.6445565404
H    1.1742101761    2.4185691579    0.5661749273
$end

$rem
METHOD      M06
BASIS       def2-QZVPP
SYM_IGNORE   TRUE
DFT_D       D4
MAX_SCF_CYCLES 300
$end

$end
--------------------------------------------------------------
 Adding empirical dispersion correction 
 ----------------------------------------------------------------
 Doing -D4(0) with M06 parameters:
 s6  =   1.00000
 s8  =   0.16367
 s10 =   0.00000
 s9 =   1.00000
 a1  =   0.53456
 a2  =   6.06192
 -D4 energy including 3body term = -0.0038786440 hartrees
 ----------------------------------------------------------------
             Standard Nuclear Orientation (Angstroms)
    I     Atom           X                Y                Z
 ----------------------------------------------------------------
    1      C       0.8857253503    -0.2259598011     0.8590966551
    2      C       1.6806083007     0.3464414024     1.9910016049
    3      C       0.1192451429     0.6129533829    -0.0090539574
    4      C      -0.9105342492     0.0968427197    -0.8567290674
    5      C      -1.6638766935    -1.1616314801    -0.5617636374
    6      C      -1.4376948590     0.8908653285    -2.0109386317
    7      C       1.1089579949    -1.6835686552     0.6064499006
    8      C       0.3853382943     1.9844665203    -0.0303210993
    9      H       1.8378833275    -0.4099522341     2.7634324264
   10      H       2.6774064909     0.6702352473     1.6631899900
   11      H       1.1924224722     1.2046118957     2.4533769369
   12      H      -1.4403865299    -1.9588928298    -1.2811143030
   13      H      -1.4737712409    -1.5461913684     0.4379451543
   14      H      -2.7389077728    -0.9692969269    -0.6465491235
   15      H      -0.6662694596     1.4925008569    -2.4920250013
   16      H      -1.8662334949     0.2251273542    -2.7637834076
   17      H      -2.2423149175     1.5709669765    -1.7011406431
   18      H       0.6085786419    -2.3160793270     1.3498094144
   19      H       0.7793769933    -1.9985537583    -0.3812651273
   20      H       2.1782235357    -1.9066364594     0.6887655295
   21      H      -0.1879865032     2.6631799978    -0.6445565404
   22      H       1.1742101761     2.4185691579     0.5661749273
 ----------------------------------------------------------------
 Nuclear Repulsion Energy =         372.86512876 hartrees
 There are       32 alpha and       30 beta electrons
 Requested basis set is def2-QZVPP
 There are 276 shells and 876 basis functions

 Total QAlloc Memory Limit   8000 MB
 Mega-Array Size       188 MB
 MEM_STATIC part       192 MB

 A cutoff of  1.0D-09 yielded  27951 shell pairs
 There are    269803 function pairs (    395889 Cartesian)
 Smallest overlap matrix eigenvalue = 2.26E-05

 Q-Chem warning in module stvman/mkSTV.C, line 305:

 Overlap eigenvalue is smaller than square root of threshold
 Use THRESH >= 12 to get rid of this warning


 Scale SEOQF with 1.000000e-01/1.000000e-01/1.000000e-01

 Standard Electronic Orientation quadrupole field applied
 Guess from superposition of atomic densities
 Warning:  Energy on first SCF cycle will be non-variational
 SAD guess density has 62.000000 electrons

 -----------------------------------------------------------------------
  General SCF calculation program by
  Eric Jon Sundstrom, Paul Horn, Yuezhi Mao, Dmitri Zuev, Alec White,
  David Stuck, Shaama M.S., Shane Yost, Joonho Lee, David Small,
  Daniel Levine, Susi Lehtola, Hugh Burton, Evgeny Epifanovsky,
  Bang C. Huynh
 -----------------------------------------------------------------------
 Exchange:     0.2700 Hartree-Fock + 1.0000 M06
 Correlation:  1.0000 M06
 Using SG-3 standard quadrature grid
 Dispersion:   Grimme D4
 using 32 threads for integral computing
 -------------------------------------------------------
 OpenMP Integral computing Module                
 Release: version 1.0, May 2013, Q-Chem Inc. Pittsburgh 
 -------------------------------------------------------
 A unrestricted SCF calculation will be
 performed using DIIS
 SCF converges when DIIS error is below 1.0e-05
 ---------------------------------------
  Cycle       Energy         DIIS error
 ---------------------------------------
    1    -314.5757585274      5.80e-03  
    2    -312.8570785825      7.31e-04  
    3    -312.8243304574      8.28e-04  
    4    -313.0757239721      9.63e-05  
    5    -313.0772673538      5.56e-05  
    6    -313.0782596164      2.73e-05  
    7    -313.0785641216      7.23e-06  Convergence criterion met
 ---------------------------------------
 SCF time:   CPU 8788.97s  wall 293.00s 
<S^2> =          2.035591959
 SCF   energy in the final basis set =     -313.0785641216
 Total energy in the final basis set =     -313.0785641216
 
 --------------------------------------------------------------
 
                    Orbital Energies (a.u.)
 --------------------------------------------------------------
 
 Alpha MOs
 -- Occupied --
-10.2479 -10.2479 -10.2388 -10.2316 -10.2316 -10.2292 -10.2292 -10.2270
 -0.8487  -0.7947  -0.7437  -0.7048  -0.6971  -0.6381  -0.5860  -0.5006
 -0.4838  -0.4705  -0.4567  -0.4408  -0.4162  -0.4159  -0.4007  -0.4005
 -0.3925  -0.3845  -0.3689  -0.3505  -0.3455  -0.3141  -0.1937  -0.1819
 -- Virtual --
  0.0023   0.0137   0.0234   0.0361   0.0448   0.0455   0.0563   0.0628
  0.0665   0.0691   0.0759   0.0767   0.0802   0.0855   0.1038   0.1153
  0.1172   0.1280   0.1323   0.1360   0.1368   0.1577   0.1680   0.1831
  0.1853   0.1967   0.2071   0.2126   0.2202   0.2307   0.2367   0.2453
  0.2461   0.2518   0.2554   0.2643   0.2691   0.2731   0.2756   0.2808
  0.2848   0.2887   0.3024   0.3054   0.3083   0.3095   0.3224   0.3239
  0.3290   0.3353   0.3391   0.3457   0.3458   0.3550   0.3555   0.3626
  0.3961   0.4126   0.4184   0.4376   0.4390   0.4598   0.4698   0.4820
  0.4823   0.4867   0.5025   0.5172   0.5203   0.5316   0.5455   0.5463
  0.5511   0.5561   0.5623   0.5832   0.5918   0.5967   0.6031   0.6074
  0.6205   0.6280   0.6447   0.6577   0.6626   0.6788   0.6801   0.6963
  0.7006   0.7273   0.7296   0.7388   0.7460   0.7501   0.7511   0.7680
  0.7706   0.7769   0.7842   0.7864   0.7911   0.7977   0.8014   0.8087
  0.8139   0.8153   0.8174   0.8225   0.8394   0.8419   0.8513   0.8539
  0.8546   0.8682   0.8698   0.8800   0.8911   0.8971   0.9099   0.9136
  0.9212   0.9423   0.9427   0.9432   0.9593   0.9735   0.9775   0.9801
  0.9878   0.9882   1.0027   1.0029   1.0162   1.0264   1.0289   1.0479
  1.0514   1.0665   1.0777   1.0820   1.0889   1.0956   1.0991   1.1147
  1.1272   1.1314   1.1536   1.1695   1.1732   1.1914   1.1928   1.2092
  1.2145   1.2220   1.2274   1.2455   1.2473   1.2696   1.2862   1.2969
  1.3095   1.3153   1.3298   1.3340   1.3434   1.3467   1.3563   1.3809
  1.3846   1.4001   1.4038   1.4230   1.4250   1.4379   1.4488   1.4694
  1.4779   1.4940   1.5118   1.5322   1.5542   1.5622   1.5705   1.6103
  1.6326   1.6438   1.6443   1.6697   1.7251   1.7353   1.7365   1.7634
  1.7658   1.7940   1.7960   1.7973   1.8157   1.8258   1.8325   1.8460
  1.8603   1.8678   1.8701   1.8866   1.8888   1.9014   1.9148   1.9250
  1.9323   1.9472   1.9491   1.9523   1.9538   1.9563   1.9688   1.9837
  1.9940   2.0043   2.0114   2.0154   2.0212   2.0325   2.0399   2.0434
  2.0548   2.0573   2.0805   2.0811   2.0891   2.0917   2.0923   2.1055
  2.1119   2.1202   2.1314   2.1417   2.1463   2.1491   2.1561   2.1623
  2.1788   2.1944   2.1966   2.1992   2.2163   2.2277   2.2299   2.2331
  2.2365   2.2436   2.2530   2.2641   2.2701   2.2814   2.2854   2.2955
  2.3116   2.3294   2.3411   2.3477   2.3486   2.3638   2.3817   2.3879
  2.3980   2.4034   2.4214   2.4337   2.4364   2.4492   2.4637   2.4742
  2.4804   2.4892   2.5050   2.5111   2.5277   2.5319   2.5361   2.5427
  2.5486   2.5519   2.5599   2.5643   2.5876   2.5938   2.5967   2.6079
  2.6248   2.6259   2.6300   2.6462   2.6476   2.6677   2.6742   2.6908
  2.6957   2.6999   2.7045   2.7084   2.7292   2.7503   2.7522   2.7585
  2.7675   2.7729   2.7963   2.8063   2.8090   2.8158   2.8194   2.8210
  2.8302   2.8436   2.8491   2.8629   2.8679   2.8805   2.8829   2.9006
  2.9074   2.9248   2.9252   2.9341   2.9443   2.9534   2.9571   2.9879
  2.9945   2.9988   3.0043   3.0134   3.0149   3.0438   3.0442   3.0657
  3.0904   3.0948   3.0989   3.1108   3.1173   3.1307   3.1660   3.1742
  3.1847   3.1889   3.2356   3.2484   3.2490   3.2662   3.2709   3.2758
  3.2798   3.3068   3.3091   3.3106   3.3120   3.3290   3.3382   3.3462
  3.3610   3.3671   3.3838   3.3997   3.4073   3.4187   3.4327   3.4401
  3.4422   3.4655   3.4766   3.4833   3.4916   3.5118   3.5143   3.5455
  3.5679   3.5718   3.5750   3.5939   3.6066   3.6338   3.6635   3.6652
  3.6782   3.6850   3.6958   3.7014   3.7472   3.7504   3.7994   3.8085
  3.8101   3.8307   3.8316   3.8446   3.8471   3.8662   3.8746   3.8781
  3.8878   3.9272   3.9329   3.9465   3.9546   3.9627   4.0184   4.0899
  4.1255   4.1568   4.1979   4.2138   4.2462   4.3010   4.3086   4.3170
  4.3641   4.3976   4.4112   4.4513   4.4659   4.5245   4.5830   4.6304
  4.7584   4.8670   4.8719   4.8878   4.9590   4.9981   5.0165   5.0316
  5.0438   5.0668   5.0928   5.1075   5.1214   5.1344   5.1693   5.1709
  5.1899   5.2369   5.2646   5.2836   5.2894   5.2979   5.3111   5.3199
  5.3279   5.3419   5.3597   5.3745   5.3833   5.3888   5.4050   5.4185
  5.4564   5.4580   5.4649   5.4980   5.5027   5.5250   5.5258   5.5611
  5.5835   5.5946   5.6049   5.6188   5.6280   5.6450   5.6602   5.6848
  5.6929   5.7125   5.7149   5.7363   5.7398   5.7593   5.7689   5.7699
  5.7868   5.7901   5.7957   5.8078   5.8133   5.8145   5.8330   5.8489
  5.8514   5.8636   5.8686   5.8701   5.8943   5.8957   5.9011   5.9182
  5.9302   5.9322   5.9364   5.9410   5.9501   5.9581   5.9644   5.9680
  5.9784   5.9807   5.9880   5.9998   6.0211   6.0449   6.0453   6.0563
  6.0674   6.0761   6.0927   6.1139   6.1192   6.1218   6.1413   6.1482
  6.1570   6.1650   6.1748   6.1837   6.1973   6.2032   6.2087   6.2232
  6.2305   6.2383   6.2404   6.2567   6.2687   6.2754   6.2774   6.2799
  6.2871   6.2893   6.3091   6.3109   6.3208   6.3344   6.3379   6.3534
  6.3614   6.3839   6.3884   6.3960   6.4093   6.4148   6.4275   6.4290
  6.4427   6.4586   6.4773   6.4845   6.4916   6.4981   6.5196   6.5307
  6.5363   6.5493   6.5503   6.5663   6.5839   6.6137   6.6183   6.6269
  6.6409   6.6524   6.6534   6.6608   6.6776   6.6940   6.7150   6.7346
  6.7365   6.7726   6.7758   6.7902   6.7992   6.8049   6.8157   6.8259
  6.8273   6.8560   6.8589   6.8734   6.9015   6.9371   6.9390   6.9540
  6.9750   6.9832   6.9966   7.0080   7.0333   7.0504   7.0572   7.0667
  7.0721   7.1043   7.1294   7.1363   7.1403   7.1653   7.1929   7.2077
  7.2231   7.2272   7.2535   7.2783   7.2835   7.3218   7.3379   7.3406
  7.3679   7.3707   7.3873   7.3939   7.4036   7.4175   7.4242   7.4278
  7.4379   7.4466   7.4663   7.4677   7.4895   7.5007   7.5075   7.5129
  7.5154   7.5250   7.5500   7.5559   7.5643   7.5811   7.5936   7.6132
  7.6253   7.6282   7.6372   7.6567   7.6683   7.6851   7.6889   7.6968
  7.7045   7.7108   7.7228   7.7364   7.7374   7.7495   7.7698   7.7774
  7.7853   7.7992   7.8208   7.8259   7.8403   7.8436   7.8481   7.8547
  7.8639   7.8896   7.8913   7.9041   7.9165   7.9189   7.9386   7.9448
  7.9525   7.9609   7.9724   7.9977   8.0193   8.0350   8.0608   8.0708
  8.0791   8.0874   8.1053   8.1141   8.1240   8.1707   8.2052   8.2393
  8.2453   8.2708   8.2757   8.2811   8.2847   8.2913   8.3084   8.3116
  8.3159   8.3249   8.3340   8.3354   8.3435   8.3572   8.3649   8.3670
  8.3728   8.3814   8.3946   8.4122   8.4200   8.4253   8.4377   8.4461
  8.4506   8.4639   8.4728   8.4945   8.5015   8.5070   8.5156   8.5202
  8.5396   8.5437   8.5501   8.5812   8.5968   8.6010   8.6043   8.6139
  8.6296   8.6394   8.6435   8.6450   8.6679   8.6789   8.6867   8.7088
  8.7152   8.7454   8.7526   8.7852   8.7863   8.7867   8.8011   8.8171
  8.8471   8.8634   8.8700   8.8757   8.8986   8.9052   8.9146   8.9293
  8.9306   8.9537   8.9669   8.9740   8.9957   9.0262   9.0274   9.0886
  9.1059   9.1737   9.2276   9.3670   9.4276   9.4519   9.4576   9.4607
  9.4810   9.4878   9.4972   9.5122   9.5368   9.5389   9.5676   9.6177
  9.6415   9.7006   9.7211   9.7549   9.7611   9.7800   9.8006   9.8078
  9.8255   9.8332   9.8391   9.8402   9.8429   9.8605   9.8651   9.8732
  9.8743   9.8798   9.8871   9.8944   9.9097  10.0745  10.1006  10.1277
 10.1313  10.1560  10.1582  10.2070  10.2240  10.2310  10.2339  10.2600
 10.3602  10.3642  10.4320  10.4791  10.7052  10.7424  11.7785  11.8030
 11.8414  11.8677  11.9342  11.9693  11.9925  12.0472  12.0739  12.8673
 13.1050  13.1221  13.1587  13.1917  28.2876  28.5364  28.6844  29.0677
 29.1833  29.2091  29.2302  29.2509 146.9356 147.1296 147.2456 147.6256
147.7820 147.8050 147.8393 147.8490
 
 Beta MOs
 -- Occupied --
-10.2416 -10.2390 -10.2389 -10.2322 -10.2322 -10.2297 -10.2297 -10.2196
 -0.8346  -0.7812  -0.7340  -0.7030  -0.6956  -0.6185  -0.5706  -0.4904
 -0.4755  -0.4618  -0.4397  -0.4275  -0.4129  -0.4108  -0.3962  -0.3948
 -0.3845  -0.3819  -0.3665  -0.3468  -0.3414  -0.2823
 -- Virtual --
 -0.0578  -0.0401   0.0023   0.0151   0.0256   0.0398   0.0472   0.0481
  0.0583   0.0660   0.0672   0.0766   0.0781   0.0806   0.0820   0.1009
  0.1074   0.1178   0.1180   0.1328   0.1331   0.1375   0.1410   0.1590
  0.1678   0.1868   0.1941   0.2078   0.2084   0.2134   0.2226   0.2344
  0.2433   0.2518   0.2538   0.2565   0.2640   0.2672   0.2735   0.2772
  0.2781   0.2868   0.2892   0.2971   0.3047   0.3106   0.3161   0.3175
  0.3264   0.3321   0.3339   0.3395   0.3442   0.3508   0.3525   0.3561
  0.3583   0.3678   0.3987   0.4156   0.4251   0.4389   0.4411   0.4613
  0.4705   0.4822   0.4850   0.4888   0.5037   0.5185   0.5218   0.5332
  0.5485   0.5500   0.5533   0.5611   0.5661   0.5879   0.5941   0.5996
  0.6089   0.6117   0.6226   0.6376   0.6459   0.6593   0.6661   0.6805
  0.6830   0.7047   0.7061   0.7285   0.7328   0.7389   0.7508   0.7535
  0.7539   0.7706   0.7726   0.7740   0.7847   0.7892   0.7928   0.7986
  0.8013   0.8082   0.8129   0.8165   0.8193   0.8239   0.8363   0.8421
  0.8512   0.8534   0.8586   0.8657   0.8730   0.8800   0.8932   0.8995
  0.9073   0.9121   0.9222   0.9401   0.9438   0.9456   0.9612   0.9715
  0.9738   0.9775   0.9868   0.9895   0.9995   1.0009   1.0155   1.0243
  1.0280   1.0462   1.0507   1.0655   1.0747   1.0787   1.0913   1.0941
  1.0973   1.1099   1.1241   1.1301   1.1511   1.1653   1.1709   1.1902
  1.1903   1.2074   1.2101   1.2185   1.2242   1.2433   1.2469   1.2680
  1.2847   1.2953   1.3070   1.3120   1.3322   1.3397   1.3429   1.3431
  1.3543   1.3820   1.3851   1.4007   1.4023   1.4167   1.4238   1.4328
  1.4489   1.4722   1.4739   1.4951   1.5152   1.5314   1.5556   1.5632
  1.5642   1.6062   1.6348   1.6373   1.6491   1.6742   1.7290   1.7393
  1.7424   1.7721   1.7731   1.7966   1.7981   1.8038   1.8168   1.8257
  1.8397   1.8477   1.8661   1.8749   1.8779   1.8848   1.8907   1.9058
  1.9142   1.9293   1.9325   1.9462   1.9469   1.9542   1.9553   1.9649
  1.9724   1.9866   1.9960   2.0075   2.0095   2.0179   2.0191   2.0345
  2.0385   2.0445   2.0583   2.0637   2.0825   2.0831   2.0892   2.0900
  2.0907   2.1037   2.1104   2.1189   2.1293   2.1461   2.1474   2.1523
  2.1545   2.1667   2.1790   2.1975   2.1977   2.2001   2.2200   2.2315
  2.2320   2.2363   2.2430   2.2443   2.2545   2.2666   2.2699   2.2832
  2.2913   2.3019   2.3123   2.3284   2.3388   2.3492   2.3517   2.3652
  2.3827   2.3872   2.4000   2.4026   2.4259   2.4352   2.4377   2.4467
  2.4657   2.4748   2.4921   2.4931   2.5090   2.5129   2.5323   2.5353
  2.5421   2.5434   2.5500   2.5573   2.5614   2.5753   2.5890   2.5976
  2.6025   2.6093   2.6236   2.6282   2.6364   2.6445   2.6449   2.6676
  2.6700   2.6895   2.6952   2.7034   2.7035   2.7078   2.7321   2.7519
  2.7573   2.7613   2.7666   2.7799   2.8007   2.8031   2.8085   2.8178
  2.8189   2.8265   2.8333   2.8475   2.8477   2.8626   2.8696   2.8828
  2.8845   2.8967   2.9094   2.9224   2.9251   2.9349   2.9466   2.9538
  2.9581   2.9922   2.9953   3.0001   3.0038   3.0153   3.0172   3.0454
  3.0477   3.0624   3.0908   3.0974   3.1021   3.1122   3.1189   3.1335
  3.1701   3.1745   3.1884   3.1985   3.2374   3.2483   3.2539   3.2651
  3.2731   3.2759   3.2815   3.3094   3.3120   3.3147   3.3160   3.3336
  3.3388   3.3488   3.3650   3.3677   3.3932   3.4052   3.4107   3.4242
  3.4344   3.4433   3.4481   3.4700   3.4753   3.4892   3.4975   3.5187
  3.5192   3.5552   3.5672   3.5754   3.5871   3.6020   3.6119   3.6371
  3.6633   3.6787   3.6886   3.6908   3.7065   3.7071   3.7439   3.7572
  3.7986   3.8115   3.8139   3.8295   3.8304   3.8426   3.8466   3.8645
  3.8747   3.8762   3.8882   3.9334   3.9390   3.9548   3.9661   3.9699
  4.0289   4.0927   4.1360   4.1642   4.2051   4.2272   4.2468   4.3024
  4.3158   4.3290   4.3660   4.3977   4.4156   4.4565   4.4814   4.5429
  4.5912   4.6386   4.7851   4.8872   4.8971   4.9196   4.9829   5.0297
  5.0543   5.0642   5.0889   5.1049   5.1298   5.1465   5.1578   5.1678
  5.1987   5.2013   5.2107   5.2701   5.2840   5.2916   5.3070   5.3082
  5.3227   5.3353   5.3537   5.3560   5.3796   5.3874   5.4011   5.4059
  5.4261   5.4366   5.4605   5.4694   5.4913   5.5059   5.5182   5.5316
  5.5334   5.5456   5.5850   5.5863   5.6051   5.6363   5.6383   5.6521
  5.6580   5.6834   5.7000   5.7164   5.7188   5.7413   5.7434   5.7664
  5.7746   5.7794   5.7853   5.7950   5.8004   5.8101   5.8132   5.8243
  5.8420   5.8496   5.8563   5.8687   5.8739   5.8862   5.9022   5.9092
  5.9101   5.9217   5.9235   5.9357   5.9358   5.9376   5.9527   5.9629
  5.9649   5.9745   5.9849   5.9887   5.9924   6.0031   6.0261   6.0481
  6.0564   6.0647   6.0700   6.0847   6.1024   6.1103   6.1244   6.1370
  6.1471   6.1583   6.1626   6.1720   6.1803   6.1960   6.1999   6.2073
  6.2081   6.2255   6.2296   6.2493   6.2493   6.2648   6.2807   6.2832
  6.2838   6.2881   6.2944   6.2989   6.3103   6.3182   6.3267   6.3448
  6.3508   6.3670   6.3709   6.3825   6.3992   6.4001   6.4153   6.4235
  6.4317   6.4420   6.4534   6.4756   6.4838   6.4983   6.5049   6.5089
  6.5211   6.5406   6.5526   6.5611   6.5706   6.5751   6.5950   6.6365
  6.6409   6.6504   6.6638   6.6704   6.6828   6.6939   6.6958   6.7138
  6.7366   6.7545   6.7585   6.7796   6.8018   6.8027   6.8142   6.8252
  6.8334   6.8395   6.8565   6.8669   6.8892   6.8904   6.9223   6.9480
  6.9642   6.9653   6.9964   6.9999   7.0068   7.0132   7.0508   7.0583
  7.0684   7.0739   7.0833   7.1208   7.1303   7.1458   7.1589   7.1908
  7.2142   7.2188   7.2419   7.2444   7.2721   7.2852   7.3075   7.3315
  7.3394   7.3441   7.3640   7.3786   7.3834   7.3965   7.4057   7.4066
  7.4210   7.4272   7.4467   7.4506   7.4615   7.4706   7.4854   7.4873
  7.5023   7.5139   7.5204   7.5245   7.5571   7.5577   7.5659   7.5917
  7.6013   7.6208   7.6286   7.6313   7.6387   7.6545   7.6714   7.6843
  7.6864   7.6971   7.7017   7.7091   7.7280   7.7345   7.7386   7.7424
  7.7699   7.7785   7.7967   7.7994   7.8179   7.8312   7.8507   7.8559
  7.8613   7.8717   7.8732   7.8925   7.8973   7.9177   7.9221   7.9284
  7.9479   7.9553   7.9591   7.9635   7.9851   8.0041   8.0219   8.0385
  8.0683   8.0757   8.0864   8.1021   8.1292   8.1307   8.1367   8.1860
  8.2251   8.2343   8.2504   8.2718   8.2740   8.2833   8.2887   8.2954
  8.2984   8.3057   8.3102   8.3231   8.3261   8.3329   8.3384   8.3522
  8.3667   8.3695   8.3793   8.3898   8.3969   8.4126   8.4220   8.4308
  8.4363   8.4481   8.4518   8.4611   8.4747   8.4951   8.4980   8.5090
  8.5112   8.5214   8.5331   8.5442   8.5496   8.5569   8.5809   8.5955
  8.6093   8.6155   8.6328   8.6416   8.6456   8.6509   8.6706   8.6775
  8.6883   8.7027   8.7135   8.7507   8.7573   8.7820   8.7888   8.7900
  8.8014   8.8189   8.8415   8.8538   8.8575   8.8735   8.8984   8.9011
  8.9167   8.9218   8.9294   8.9494   8.9619   8.9679   8.9995   9.0265
  9.0420   9.0467   9.1249   9.2189   9.2379   9.3118   9.3460   9.4413
  9.4553   9.4646   9.4705   9.4932   9.5039   9.5126   9.5206   9.5340
  9.5556   9.5748   9.6098   9.6624   9.7314   9.7344   9.7593   9.7665
  9.7765   9.7847   9.8028   9.8330   9.8350   9.8403   9.8438   9.8588
  9.8673   9.8738   9.8785   9.8849   9.8909   9.8949   9.9080  10.0850
 10.1229  10.1312  10.1376  10.1765  10.1961  10.2061  10.2349  10.2420
 10.2698  10.2886  10.3631  10.3754  10.4322  10.4741  10.6294  10.6775
 11.6783  11.7652  11.8252  11.8418  11.8789  11.9541  11.9795  12.0362
 12.0524  12.6943  13.0973  13.1164  13.1509  13.1877  28.2896  28.5244
 28.6731  29.0572  29.1854  29.2105  29.2327  29.2511 146.9371 147.1284
147.2447 147.6243 147.7836 147.8064 147.8409 147.8503
 --------------------------------------------------------------
 
          Ground-State Mulliken Net Atomic Charges

     Atom                 Charge (a.u.)    Spin (a.u.)
  --------------------------------------------------------
      1 C                    -0.260488       0.779557
      2 C                    -0.079463       0.008919
      3 C                    -0.155332      -0.377934
      4 C                    -0.259569       0.779229
      5 C                    -0.123514       0.024695
      6 C                    -0.001431       0.012835
      7 C                    -0.088355       0.028238
      8 C                     0.178769       0.750043
      9 H                     0.091247      -0.001150
     10 H                     0.115103       0.016533
     11 H                     0.037311       0.000386
     12 H                     0.037314      -0.003984
     13 H                     0.075136      -0.004615
     14 H                     0.147012       0.009544
     15 H                     0.021867       0.000619
     16 H                     0.070438      -0.000915
     17 H                     0.072776       0.011925
     18 H                     0.014635      -0.006392
     19 H                     0.068673      -0.004419
     20 H                     0.142216       0.007910
     21 H                    -0.060574      -0.015924
     22 H                    -0.043773      -0.015097
  --------------------------------------------------------
  Sum of atomic charges =    -0.000000
  Sum of spin   charges =     2.000000

 -----------------------------------------------------------------
                    Cartesian Multipole Moments
 -----------------------------------------------------------------
    Charge (ESU x 10^10)
                -0.0000
    Dipole Moment (Debye)
         X      -0.1058      Y      -0.5125      Z       0.0074
       Tot       0.5234
    Quadrupole Moments (Debye-Ang)
        XX     -51.4509     XY      -0.0260     YY     -51.6390
        XZ       2.0961     YZ      -0.4157     ZZ     -51.7577
    Octopole Moments (Debye-Ang^2)
       XXX      -2.5378    XXY      -4.1589    XYY      -0.4264
       YYY     -10.9441    XXZ       0.5305    XYZ       1.2426
       YYZ      -0.5244    XZZ      -1.1903    YZZ      -5.7787
       ZZZ       0.2547
    Hexadecapole Moments (Debye-Ang^3)
      XXXX    -566.4585   XXXY      -3.0756   XXYY    -187.2190
      XYYY       0.1212   YYYY    -545.0788   XXXZ    -210.2126
      XXYZ      14.8955   XYYZ     -66.8806   YYYZ      38.9927
      XXZZ    -190.1668   XYZZ       0.8686   YYZZ    -178.9477
      XZZZ    -212.7101   YZZZ      41.1164   ZZZZ    -553.1734
 -----------------------------------------------------------------
 Total job time:  299.32s(wall), 8841.02s(cpu) 
 Fri Aug  2 08:32:39 2024

        *************************************************************
        *                                                           *
        *  Thank you very much for using Q-Chem.  Have a nice day.  *
        *                                                           *
        *************************************************************


