
Running Job 1 of 1 ent2-ts1-triplet-wb97xd-c1-M06.in
qchem ent2-ts1-triplet-wb97xd-c1-M06.in_72298.0 /expanse/lustre/scratch/whughes/temp_project/job_32695085/ent2-ts1-triplet-wb97xd-c1-M06-32695085/ 0
/cm/shared/apps/spack/0.17.3/cpu/b/opt/spack/linux-rocky8-zen2/gcc-10.2.0/qchem-6.0-rytxnwjazd34ekd2gqyi5ufsaimxsd3r/exe/qcprog.exe_s ent2-ts1-triplet-wb97xd-c1-M06.in_72298.0 /expanse/lustre/scratch/whughes/temp_project/job_32695085/ent2-ts1-triplet-wb97xd-c1-M06-32695085/
                  Welcome to Q-Chem
     A Quantum Leap Into The Future Of Chemistry


 Q-Chem 6.0, Q-Chem, Inc., Pleasanton, CA (2022)

 License issued to: University of California, San Diego (site)

 E. Epifanovsky,  A. T. B. Gilbert,  Xintian Feng,  Joonho Lee,  Yuezhi Mao,  
 N. Mardirossian,  P. Pokhilko,  A. White,  M. Wormit,  M. P. Coons,  
 A. L. Dempwolff,  Zhengting Gan,  D. Hait,  P. R. Horn,  L. D. Jacobson,  
 I. Kaliman,  J. Kussmann,  A. W. Lange,  Ka Un Lao,  D. S. Levine,  Jie Liu,  
 S. C. McKenzie,  A. F. Morrison,  K. Nanda,  F. Plasser,  D. R. Rehn,  
 M. L. Vidal,  Zhi-Qiang You,  Ying Zhu,  B. Alam,  B. Albrecht,  
 A. Aldossary,  E. Alguire,  J. H. Andersen,  V. Athavale,  D. Barton,  
 K. Begam,  A. Behn,  N. Bellonzi,  Y. A. Bernard,  E. J. Berquist,  
 H. Burton,  A. Carreras,  K. Carter-Fenk,  Romit Chakraborty,  
 Chandrima Chakravarty,  Junhan Chen,  A. D. Chien,  K. D. Closser,  
 V. Cofer-Shabica,  L. Cunha,  S. Dasgupta,  Jia Deng,  M. de Wergifosse,  
 M. Diedenhofen,  Hainam Do,  S. Ehlert,  Po-Tung Fang,  S. Fatehi,  
 Qingguo Feng,  T. Friedhoff,  B. Ganoe,  J. Gayvert,  Qinghui Ge,  
 G. Gidofalvi,  M. Goldey,  J. Gomes,  C. Gonzalez-Espinoza,  S. Gulania,  
 A. Gunina,  J. A. Gyamfi,  M. W. D. Hanson-Heine,  P. H. P. Harbach,  
 A. W. Hauser,  M. F. Herbst,  M. Hernandez Vera,  M. Hodecker,  
 Z. C. Holden,  S. Houck,  Xunkun Huang,  Kerwin Hui,  B. C. Huynh,  
 K. Ikeda,  M. Ivanov,  Hyunjun Ji,  Zuxin Jin,  Hanjie Jiang,  B. Kaduk,  
 S. Kaehler,  R. Kang,  K. Khistyaev,  Jaehoon Kim,  Yongbin Kim,  
 P. Klunzinger,  Z. Koczor-Benda,  Joong Hoon Koh,  D. Kosenkov,  
 Saikiran Kotaru,  L. Koulias,  T. Kowalczyk,  C. M. Krauter,  K. Kue,  
 A. Kunitsa,  T. Kus,  A. Landau,  K. V. Lawler,  D. Lefrancois,  S. Lehtola,  
 Rain Li,  Shaozhi Li,  Yi-Pei Li,  Jiashu Liang,  M. Liebenthal,  
 Hung-Hsuan Lin,  You-Sheng Lin,  Fenglai Liu,  Kuan-Yu Liu,  
 M. Loipersberger,  A. Luenser,  C. Malbon,  A. Manjanath,  P. Manohar,  
 E. Mansoor,  S. F. Manzer,  Shan-Ping Mao,  A. V. Marenich,  T. Markovich,  
 S. Mason,  F. Matz,  S. A. Maurer,  P. F. McLaughlin,  M. F. S. J. Menger,  
 J.-M. Mewes,  S. A. Mewes,  P. Morgante,  Mohammad Mostafanejad,  
 J. W. Mullinax,  K. J. Oosterbaan,  G. Paran,  V. Parravicini,  
 Alexander C. Paul,  Suranjan K. Paul,  F. Pavosevic,  Zheng Pei,  S. Prager,  
 E. I. Proynov,  E. Ramos,  B. Rana,  A. E. Rask,  A. Rettig,  R. M. Richard,  
 F. Rob,  E. Rossomme,  T. Scheele,  M. Scheurer,  M. Schneider,  
 P. E. Schneider,  N. Sergueev,  S. M. Sharada,  Hengyuan Shen,  
 W. Skomorowski,  D. W. Small,  C. J. Stein,  Yingli Su,  Yu-Chuan Su,  
 E. J. Sundstrom,  Zhen Tao,  J. Thirman,  Hung-Yi Tsai,  T. Tsuchimochi,  
 N. M. Tubman,  C. Utku,  S. P. Veccham,  O. Vydrov,  J. Wenzel,  
 Jonathan Wong,  J. Witte,  A. Yamada,  Chou-Hsun Yang,  Kun Yao,  
 S. Yeganeh,  S. R. Yost,  A. Zech,  F. Zeller,  Igor Ying Zhang,  
 Xing Zhang,  Yu Zhang,  D. Zuev,  A. Aspuru-Guzik,  A. T. Bell,  
 N. A. Besley,  K. B. Bravaya,  B. R. Brooks,  D. Casanova,  Jeng-Da Chai,  
 Hsing-Ta Chen,  S. Coriani,  C. J. Cramer,  A. E. DePrince, III,  
 R. A. DiStasio Jr.,  A. Dreuw,  B. D. Dunietz,  T. R. Furlani,  
 W. A. Goddard III,  S. Grimme,  S. Hammes-Schiffer,  T. Head-Gordon,  
 W. J. Hehre,  Chao-Ping Hsu,  T.-C. Jagau,  Yousung Jung,  A. Klamt,  
 Jing Kong,  D. S. Lambrecht,  Xiangyuan Li,  WanZhen Liang,  N. J. Mayhall,  
 C. W. McCurdy,  J. B. Neaton,  T. Neudecker,  C. Ochsenfeld,  
 J. A. Parkhill,  R. Peverati,  V. A. Rassolov,  Haisheng Ren,  Yihan Shao,  
 L. V. Slipchenko,  R. P. Steele,  J. E. Subotnik,  A. J. W. Thom,  
 A. Tkatchenko,  D. G. Truhlar,  T. Van Voorhis,  Fan Wang,  
 T. A. Wesolowski,  K. B. Whaley,  H. L. Woodcock III,  P. M. Zimmerman,  
 S. Faraji,  P. M. W. Gill,  M. Head-Gordon,  J. M. Herbert,  A. I. Krylov

 Contributors to earlier versions of Q-Chem not listed above: 
 R. D. Adamson,  B. Austin,  R. Baer,  J. Baker,  G. J. O. Beran,  
 K. Brandhorst,  S. T. Brown,  E. F. C. Byrd,  Arup K. Chakraborty,  
 G. K. L. Chan,  Chun-Min Chang,  Yunqing Chen,  C.-L. Cheng,  
 Siu Hung Chien,  D. M. Chipman,  D. L. Crittenden,  H. Dachsel,  
 R. J. Doerksen,  A. D. Dutoi,  R. G. Edgar,  J. Fosso-Tande,  
 L. Fusti-Molnar,  D. Ghosh,  A. Ghysels,  A. Golubeva-Zadorozhnaya,  
 J. Gonthier,  M. S. Gordon,  S. R. Gwaltney,  G. Hawkins,  J. E. Herr,  
 A. Heyden,  S. Hirata,  E. G. Hohenstein,  G. Kedziora,  F. J. Keil,  
 C. Kelley,  Jihan Kim,  R. A. King,  R. Z. Khaliullin,  P. P. Korambath,  
 W. Kurlancheek,  A. Laurent,  A. M. Lee,  M. S. Lee,  S. V. Levchenko,  
 Ching Yeh Lin,  D. Liotard,  E. Livshits,  R. C. Lochan,  I. Lotan,  
 L. A. Martinez-Martinez,  P. E. Maslen,  N. Nair,  D. P. O'Neill,  
 D. Neuhauser,  E. Neuscamman,  C. M. Oana,  R. Olivares-Amaya,  R. Olson,  
 T. M. Perrine,  B. Peters,  P. A. Pieniazek,  A. Prociuk,  Y. M. Rhee,  
 J. Ritchie,  M. A. Rohrdanz,  E. Rosta,  N. J. Russ,  H. F. Schaefer III,  
 M. W. Schmidt,  N. E. Schultz,  S. Sharma,  N. Shenvi,  C. D. Sherrill,  
 A. C. Simmonett,  A. Sodt,  T. Stein,  D. Stuck,  K. S. Thanthiriwatte,  
 V. Vanovschi,  L. Vogt,  Tao Wang,  A. Warshel,  M. A. Watson,  
 C. F. Williams,  Q. Wu,  X. Xu,  Jun Yang,  W. Zhang,  Yan Zhao

   Please cite Q-Chem as follows:
  "Software for the frontiers of quantum chemistry:
   An overview of developments in the Q-Chem 5 package"
   J. Chem. Phys. 155, 084801 (2021)
   https://doi.org/10.1063/5.0055522 (open access)

 Q-Chem 6.0.2 for Intel X86 EM64T Linux

 Parts of Q-Chem use Armadillo 9.900.5 (Nocturnal Misbehaviour).
 http://arma.sourceforge.net/

 Q-Chem begins on Thu Aug  1 13:31:17 2024  

 Host: 
0

     Scratch files written to /expanse/lustre/scratch/whughes/temp_project/job_32695085/ent2-ts1-triplet-wb97xd-c1-M06-32695085//
 Dec722 |scratch|qcdevops|jenkins|workspace|build_RNUM    
 Processing $rem in /cm/shared/apps/spack/0.17.3/cpu/b/opt/spack/linux-rocky8-zen2/gcc-10.2.0/qchem-6.0-rytxnwjazd34ekd2gqyi5ufsaimxsd3r/config/preferences:
 Processing $rem in /home/whughes/.qchemrc:

 Checking the input file for inconsistencies... 	...done.

--------------------------------------------------------------
User input:
--------------------------------------------------------------
$molecule
0 3
C    0.1050303864    -4.0902377526   0.4215324079
C    0.4236655492    -2.7566815123   -0.1521241622
C    0.1585591957    -1.5554404881   0.4772359159
C    0.4403131576    -0.3192784129   -0.0571399603
C    0.2039081577    0.9382571254    0.6595111808
N    0.3775908857    0.9279993134    1.9560744357
N    0.3257020998    2.0065648392    2.6776850868
N    -0.1583961061   2.5594350999    3.5541007958
C    -0.159321758    2.1799313551    -0.0537592117
O    -0.2859826001   3.2530535411    0.4821205915
O    -0.2889735893   1.9796669783    -1.3697380063
C    -0.6164795557   3.1348941748    -2.1377777672
H    1.007645653     -4.7006733288   0.5254505957
H    -0.3632489686   -4.0050192087   1.4026284493
H    -0.5717349456   -4.6490270798   -0.2327539929
H    0.8979217889    -2.7330399303   -1.1288607285
H    -0.3010281834   -1.5867604823   1.4618191685
H    0.8625066809    -0.2431313445   -1.0514694344
H    -0.6948418915   2.7925859691    -3.1658517643
H    -1.5627495881   3.5599034279    -1.803442969
H    0.1639686316    3.8899307161    -2.0447556311
$end

$rem
METHOD      M06
BASIS       def2-QZVPP
SYM_IGNORE   TRUE
DFT_D       D4
MAX_SCF_CYCLES 300
$end

$end
--------------------------------------------------------------
 Adding empirical dispersion correction 
 ----------------------------------------------------------------
 Doing -D4(0) with M06 parameters:
 s6  =   1.00000
 s8  =   0.16367
 s10 =   0.00000
 s9 =   1.00000
 a1  =   0.53456
 a2  =   6.06192
 -D4 energy including 3body term = -0.0038606227 hartrees
 ----------------------------------------------------------------
             Standard Nuclear Orientation (Angstroms)
    I     Atom           X                Y                Z
 ----------------------------------------------------------------
    1      C       0.1050303864    -4.0902377526     0.4215324079
    2      C       0.4236655492    -2.7566815123    -0.1521241622
    3      C       0.1585591957    -1.5554404881     0.4772359159
    4      C       0.4403131576    -0.3192784129    -0.0571399603
    5      C       0.2039081577     0.9382571254     0.6595111808
    6      N       0.3775908857     0.9279993134     1.9560744357
    7      N       0.3257020998     2.0065648392     2.6776850868
    8      N      -0.1583961061     2.5594350999     3.5541007958
    9      C      -0.1593217580     2.1799313551    -0.0537592117
   10      O      -0.2859826001     3.2530535411     0.4821205915
   11      O      -0.2889735893     1.9796669783    -1.3697380063
   12      C      -0.6164795557     3.1348941748    -2.1377777672
   13      H       1.0076456530    -4.7006733288     0.5254505957
   14      H      -0.3632489686    -4.0050192087     1.4026284493
   15      H      -0.5717349456    -4.6490270798    -0.2327539929
   16      H       0.8979217889    -2.7330399303    -1.1288607285
   17      H      -0.3010281834    -1.5867604823     1.4618191685
   18      H       0.8625066809    -0.2431313445    -1.0514694344
   19      H      -0.6948418915     2.7925859691    -3.1658517643
   20      H      -1.5627495881     3.5599034279    -1.8034429690
   21      H       0.1639686316     3.8899307161    -2.0447556311
 ----------------------------------------------------------------
 Nuclear Repulsion Energy =         651.07699899 hartrees
 There are       45 alpha and       43 beta electrons
 Requested basis set is def2-QZVPP
 There are 294 shells and 954 basis functions

 Total QAlloc Memory Limit   8000 MB
 Mega-Array Size       188 MB
 MEM_STATIC part       192 MB

 A cutoff of  1.0D-09 yielded  25459 shell pairs
 There are    255791 function pairs (    382145 Cartesian)
 Smallest overlap matrix eigenvalue = 2.33E-05

 Q-Chem warning in module stvman/mkSTV.C, line 305:

 Overlap eigenvalue is smaller than square root of threshold
 Use THRESH >= 12 to get rid of this warning


 Scale SEOQF with 1.000000e-01/1.000000e-01/1.000000e-01

 Standard Electronic Orientation quadrupole field applied
 Nucleus-field energy     =     0.0000000146 hartrees
 Guess from superposition of atomic densities
 Warning:  Energy on first SCF cycle will be non-variational
 SAD guess density has 88.000000 electrons

 -----------------------------------------------------------------------
  General SCF calculation program by
  Eric Jon Sundstrom, Paul Horn, Yuezhi Mao, Dmitri Zuev, Alec White,
  David Stuck, Shaama M.S., Shane Yost, Joonho Lee, David Small,
  Daniel Levine, Susi Lehtola, Hugh Burton, Evgeny Epifanovsky,
  Bang C. Huynh
 -----------------------------------------------------------------------
 Exchange:     0.2700 Hartree-Fock + 1.0000 M06
 Correlation:  1.0000 M06
 Using SG-3 standard quadrature grid
 Dispersion:   Grimme D4
 using 32 threads for integral computing
 -------------------------------------------------------
 OpenMP Integral computing Module                
 Release: version 1.0, May 2013, Q-Chem Inc. Pittsburgh 
 -------------------------------------------------------
 A unrestricted SCF calculation will be
 performed using DIIS
 SCF converges when DIIS error is below 1.0e-05
 ---------------------------------------
  Cycle       Energy         DIIS error
 ---------------------------------------
    1    -589.2630333497      6.50e-03  
    2    -586.3517801869      7.87e-04  
    3    -585.6897995401      1.48e-03  
    4    -586.5642846787      2.88e-04  
    5    -586.5988329441      1.36e-04  
    6    -586.6042095210      8.20e-05  
    7    -586.6065168694      4.36e-05  
    8    -586.6073549384      1.69e-05  
    9    -586.6075280356      7.76e-06  Convergence criterion met
 ---------------------------------------
 SCF time:   CPU 10477.31s  wall 348.00s 
<S^2> =          2.031531353
 SCF   energy in the final basis set =     -586.6075280356
 Total energy in the final basis set =     -586.6075280356
 
 --------------------------------------------------------------
 
                    Orbital Energies (a.u.)
 --------------------------------------------------------------
 
 Alpha MOs
 -- Occupied --
-19.2720 -19.2115 -14.5430 -14.4735 -14.4691 -10.3795 -10.3145 -10.3030
-10.2639 -10.2621 -10.2541 -10.2465  -1.1528  -1.1430  -1.0586  -0.9993
 -0.8492  -0.8106  -0.7596  -0.7348  -0.6588  -0.6437  -0.5851  -0.5732
 -0.5412  -0.5267  -0.5154  -0.5071  -0.4941  -0.4833  -0.4676  -0.4500
 -0.4426  -0.4345  -0.4144  -0.4035  -0.3884  -0.3823  -0.3760  -0.3501
 -0.3395  -0.3294  -0.3071  -0.2338  -0.1744
 -- Virtual --
 -0.0636  -0.0216   0.0014   0.0060   0.0154   0.0181   0.0391   0.0485
  0.0517   0.0526   0.0588   0.0716   0.0765   0.0802   0.0890   0.0999
  0.1121   0.1164   0.1192   0.1302   0.1344   0.1407   0.1458   0.1508
  0.1643   0.1662   0.1845   0.1913   0.1952   0.2024   0.2092   0.2110
  0.2173   0.2195   0.2240   0.2347   0.2443   0.2536   0.2606   0.2669
  0.2732   0.2750   0.2769   0.2806   0.2831   0.2878   0.2943   0.3053
  0.3109   0.3130   0.3183   0.3229   0.3390   0.3398   0.3527   0.3613
  0.3675   0.3759   0.3819   0.3840   0.3970   0.4157   0.4202   0.4247
  0.4326   0.4433   0.4469   0.4563   0.4664   0.4711   0.4739   0.4869
  0.4945   0.4999   0.5096   0.5178   0.5271   0.5384   0.5447   0.5537
  0.5653   0.5749   0.5801   0.5812   0.5958   0.6046   0.6143   0.6251
  0.6349   0.6386   0.6453   0.6522   0.6539   0.6593   0.6656   0.6755
  0.6790   0.6931   0.7005   0.7082   0.7239   0.7318   0.7377   0.7421
  0.7453   0.7504   0.7555   0.7650   0.7670   0.7690   0.7764   0.7809
  0.7886   0.8001   0.8054   0.8144   0.8264   0.8277   0.8355   0.8455
  0.8557   0.8597   0.8690   0.8779   0.8818   0.8868   0.8963   0.9091
  0.9179   0.9226   0.9280   0.9451   0.9523   0.9566   0.9667   0.9741
  0.9797   0.9879   0.9908   0.9965   1.0011   1.0086   1.0184   1.0262
  1.0307   1.0367   1.0435   1.0475   1.0595   1.0636   1.0764   1.0848
  1.0948   1.1053   1.1095   1.1149   1.1218   1.1407   1.1448   1.1584
  1.1603   1.1743   1.1919   1.2028   1.2095   1.2279   1.2348   1.2351
  1.2605   1.2643   1.2739   1.2801   1.3063   1.3083   1.3122   1.3218
  1.3459   1.3550   1.3698   1.3798   1.3850   1.4013   1.4092   1.4176
  1.4272   1.4444   1.4634   1.4708   1.4795   1.4947   1.5022   1.5240
  1.5255   1.5360   1.5485   1.5807   1.5863   1.5957   1.6180   1.6272
  1.6398   1.6433   1.6514   1.6832   1.7034   1.7148   1.7196   1.7312
  1.7413   1.7537   1.7581   1.7678   1.7807   1.7974   1.8018   1.8084
  1.8201   1.8252   1.8324   1.8431   1.8500   1.8507   1.8695   1.8775
  1.8809   1.8862   1.8989   1.9024   1.9076   1.9131   1.9270   1.9317
  1.9373   1.9501   1.9526   1.9619   1.9788   1.9910   1.9981   2.0045
  2.0197   2.0242   2.0401   2.0477   2.0577   2.0641   2.0709   2.0787
  2.0936   2.1002   2.1034   2.1102   2.1173   2.1283   2.1330   2.1439
  2.1475   2.1649   2.1690   2.1850   2.1916   2.1978   2.2016   2.2235
  2.2343   2.2473   2.2561   2.2629   2.2648   2.2834   2.2916   2.3043
  2.3148   2.3186   2.3275   2.3338   2.3521   2.3595   2.3740   2.3778
  2.3900   2.4080   2.4159   2.4181   2.4219   2.4296   2.4311   2.4429
  2.4488   2.4515   2.4649   2.4740   2.4814   2.4891   2.4966   2.5000
  2.5075   2.5117   2.5185   2.5288   2.5350   2.5451   2.5587   2.5753
  2.5810   2.5886   2.6013   2.6076   2.6309   2.6373   2.6416   2.6495
  2.6554   2.6750   2.6809   2.6859   2.6943   2.7054   2.7165   2.7286
  2.7323   2.7438   2.7558   2.7599   2.7604   2.7733   2.7746   2.7830
  2.8020   2.8069   2.8096   2.8171   2.8260   2.8380   2.8462   2.8640
  2.8765   2.8912   2.9072   2.9133   2.9200   2.9516   2.9542   2.9664
  2.9718   2.9853   2.9879   2.9993   3.0044   3.0090   3.0217   3.0342
  3.0431   3.0526   3.0599   3.0815   3.0943   3.1093   3.1128   3.1430
  3.1521   3.1546   3.1747   3.1885   3.1933   3.2076   3.2129   3.2176
  3.2279   3.2374   3.2480   3.2812   3.2983   3.3138   3.3248   3.3310
  3.3494   3.3673   3.3754   3.3867   3.3882   3.3929   3.4113   3.4219
  3.4335   3.4476   3.4665   3.4815   3.4982   3.5100   3.5270   3.5401
  3.5496   3.5670   3.5733   3.6003   3.6125   3.6316   3.6513   3.6709
  3.6774   3.6852   3.6903   3.6970   3.7175   3.7360   3.7570   3.7636
  3.7809   3.7828   3.7854   3.8040   3.8118   3.8185   3.8257   3.8475
  3.8794   3.8931   3.9047   3.9287   3.9297   3.9530   3.9722   3.9790
  3.9917   4.0026   4.0214   4.0266   4.0411   4.0690   4.0974   4.1105
  4.1205   4.1545   4.1625   4.2084   4.2196   4.2426   4.2746   4.2892
  4.3007   4.3381   4.3534   4.3707   4.3918   4.4248   4.4414   4.4595
  4.4772   4.5193   4.5303   4.5529   4.6002   4.6096   4.6321   4.7033
  4.7398   4.7815   4.8279   4.8342   4.8524   4.8689   4.8780   4.9085
  4.9418   4.9484   4.9704   4.9944   5.0125   5.0293   5.0523   5.0607
  5.1055   5.1133   5.1175   5.1341   5.1497   5.1847   5.1873   5.1982
  5.2127   5.2374   5.2493   5.2549   5.2648   5.2795   5.3091   5.3157
  5.3198   5.3464   5.3517   5.3655   5.3804   5.3832   5.4135   5.4268
  5.4637   5.4752   5.4853   5.4976   5.5059   5.5109   5.5370   5.5472
  5.5705   5.5865   5.5912   5.6053   5.6337   5.6400   5.6589   5.6737
  5.6777   5.6879   5.6971   5.7233   5.7295   5.7468   5.7638   5.7660
  5.7751   5.7813   5.7988   5.8194   5.8305   5.8358   5.8400   5.8599
  5.8666   5.8862   5.8970   5.9072   5.9233   5.9344   5.9464   5.9645
  5.9757   5.9858   5.9888   5.9994   6.0059   6.0115   6.0328   6.0380
  6.0469   6.0601   6.0761   6.0864   6.0950   6.1063   6.1099   6.1209
  6.1260   6.1343   6.1393   6.1484   6.1796   6.1924   6.2122   6.2175
  6.2268   6.2334   6.2397   6.2433   6.2559   6.2641   6.2765   6.2805
  6.2835   6.2997   6.3184   6.3244   6.3386   6.3439   6.3584   6.3675
  6.3730   6.3774   6.3912   6.4051   6.4086   6.4279   6.4313   6.4378
  6.4581   6.4738   6.4815   6.4939   6.5033   6.5213   6.5343   6.5604
  6.5712   6.5899   6.6066   6.6176   6.6400   6.6534   6.6641   6.6744
  6.6885   6.7005   6.7126   6.7199   6.7327   6.7488   6.7601   6.7767
  6.7824   6.7922   6.8145   6.8324   6.8491   6.8600   6.8787   6.9074
  6.9155   6.9333   6.9477   6.9587   6.9638   6.9769   6.9942   7.0125
  7.0199   7.0331   7.0553   7.0831   7.0959   7.1089   7.1212   7.1357
  7.1452   7.1771   7.2032   7.2148   7.2294   7.2451   7.2628   7.2692
  7.2815   7.2865   7.3000   7.3157   7.3201   7.3342   7.3475   7.3611
  7.3711   7.3800   7.3975   7.4395   7.4414   7.4510   7.4763   7.4781
  7.4958   7.5138   7.5250   7.5332   7.5560   7.5608   7.5655   7.5669
  7.5792   7.5827   7.6028   7.6119   7.6171   7.6247   7.6356   7.6465
  7.6629   7.6734   7.6915   7.7218   7.7310   7.7424   7.7841   7.7934
  7.8297   7.8413   7.8561   7.8624   7.8676   7.8934   7.9042   7.9305
  7.9345   7.9554   7.9724   7.9888   8.0324   8.0368   8.0651   8.0695
  8.1037   8.1331   8.1420   8.1600   8.1744   8.1829   8.1873   8.1945
  8.2152   8.2259   8.2354   8.2428   8.2654   8.2723   8.2729   8.2795
  8.2891   8.2934   8.3027   8.3154   8.3187   8.3229   8.3324   8.3333
  8.3355   8.3555   8.3571   8.3617   8.3813   8.3832   8.4094   8.4267
  8.4513   8.4556   8.4684   8.4755   8.4854   8.4936   8.5029   8.5083
  8.5120   8.5156   8.5393   8.5533   8.5640   8.5825   8.5865   8.6088
  8.6276   8.6439   8.6582   8.6727   8.7152   8.7294   8.7412   8.7590
  8.7631   8.7701   8.7750   8.7827   8.8112   8.8374   8.8499   8.8552
  8.8673   8.8857   8.9110   8.9203   8.9220   8.9596   8.9633   9.0210
  9.0251   9.0848   9.0999   9.1204   9.1317   9.1602   9.1724   9.1823
  9.1918   9.2190   9.2196   9.2408   9.2627   9.2740   9.3172   9.3425
  9.3700   9.4008   9.4178   9.4270   9.4319   9.4693   9.4832   9.5428
  9.5436   9.5498   9.5797   9.5919   9.6216   9.6456   9.6589   9.6772
  9.6808   9.6973   9.7118   9.7240   9.7475   9.7628   9.7830   9.7978
  9.8062   9.8194   9.8443   9.8509   9.8597   9.8748   9.9290   9.9364
  9.9703   9.9849  10.0131  10.0252  10.0768  10.0859  10.1094  10.1260
 10.1468  10.1618  10.2319  10.2801  10.2943  10.2970  10.3148  10.3210
 10.3530  10.3731  10.4765  10.4953  10.5955  10.7252  10.9288  10.9489
 11.0445  11.0951  11.1201  11.1883  11.2456  11.3831  11.4407  11.4618
 11.4832  11.5524  11.5765  11.6287  11.7495  11.7526  11.8437  11.8704
 11.9257  11.9507  12.0135  12.0421  12.0460  12.1277  12.2412  12.2638
 12.2959  12.3367  12.3727  12.4538  12.5043  12.5134  12.5546  12.6300
 12.7527  12.8313  12.9780  13.1045  13.2387  13.4830  13.5583  13.6720
 13.8034  14.2606  14.5072  14.6893  14.7861  28.2273  28.3873  28.5414
 28.7124  28.9555  29.1090  29.2807  37.1749  37.8178  38.5524  48.3533
 48.5191 146.8251 146.9811 147.1047 147.2749 147.5575 147.7028 147.8683
195.9281 196.5966 197.3412 252.8087 252.9887
 
 Beta MOs
 -- Occupied --
-19.2715 -19.2103 -14.5417 -14.4714 -14.4613 -10.3793 -10.3112 -10.3030
-10.2572 -10.2565 -10.2554 -10.2469  -1.1460  -1.1340  -1.0548  -0.9839
 -0.8356  -0.7976  -0.7557  -0.7290  -0.6465  -0.6362  -0.5801  -0.5670
 -0.5207  -0.5203  -0.5069  -0.5024  -0.4853  -0.4758  -0.4523  -0.4449
 -0.4308  -0.4247  -0.4092  -0.4001  -0.3860  -0.3731  -0.3509  -0.3426
 -0.3341  -0.3032  -0.2987
 -- Virtual --
 -0.1222  -0.0638  -0.0365  -0.0064   0.0020   0.0075   0.0189   0.0322
  0.0400   0.0497   0.0543   0.0556   0.0609   0.0727   0.0800   0.0878
  0.0918   0.1055   0.1135   0.1178   0.1217   0.1323   0.1352   0.1410
  0.1467   0.1636   0.1656   0.1701   0.1874   0.1942   0.1990   0.2064
  0.2118   0.2140   0.2203   0.2254   0.2291   0.2380   0.2458   0.2555
  0.2656   0.2714   0.2760   0.2774   0.2802   0.2836   0.2863   0.2893
  0.2989   0.3079   0.3128   0.3177   0.3228   0.3279   0.3401   0.3415
  0.3557   0.3621   0.3685   0.3772   0.3828   0.3853   0.3988   0.4165
  0.4195   0.4268   0.4334   0.4426   0.4480   0.4587   0.4675   0.4718
  0.4745   0.4869   0.4963   0.5028   0.5119   0.5211   0.5283   0.5423
  0.5467   0.5573   0.5656   0.5766   0.5816   0.5841   0.5986   0.6055
  0.6189   0.6291   0.6373   0.6422   0.6485   0.6568   0.6573   0.6628
  0.6666   0.6758   0.6802   0.6943   0.7023   0.7106   0.7229   0.7304
  0.7384   0.7418   0.7438   0.7496   0.7567   0.7654   0.7679   0.7706
  0.7773   0.7822   0.7914   0.8010   0.8058   0.8142   0.8269   0.8280
  0.8387   0.8466   0.8580   0.8599   0.8679   0.8762   0.8790   0.8846
  0.8952   0.9071   0.9158   0.9233   0.9295   0.9450   0.9535   0.9577
  0.9669   0.9728   0.9783   0.9868   0.9902   0.9960   1.0042   1.0084
  1.0158   1.0250   1.0304   1.0370   1.0421   1.0468   1.0597   1.0632
  1.0787   1.0835   1.0955   1.1036   1.1084   1.1143   1.1192   1.1399
  1.1418   1.1564   1.1595   1.1692   1.1882   1.2008   1.2065   1.2258
  1.2325   1.2335   1.2585   1.2631   1.2710   1.2789   1.3057   1.3063
  1.3113   1.3199   1.3452   1.3532   1.3662   1.3776   1.3828   1.3996
  1.4083   1.4167   1.4263   1.4437   1.4612   1.4699   1.4780   1.4950
  1.5038   1.5248   1.5281   1.5376   1.5470   1.5809   1.5832   1.5961
  1.6164   1.6270   1.6345   1.6440   1.6485   1.6905   1.7039   1.7132
  1.7221   1.7320   1.7430   1.7555   1.7592   1.7685   1.7809   1.7986
  1.8042   1.8108   1.8226   1.8269   1.8332   1.8461   1.8509   1.8527
  1.8729   1.8792   1.8849   1.8868   1.8997   1.9018   1.9087   1.9131
  1.9293   1.9324   1.9474   1.9513   1.9527   1.9633   1.9805   1.9915
  1.9983   2.0067   2.0206   2.0247   2.0417   2.0486   2.0597   2.0654
  2.0731   2.0795   2.0961   2.1025   2.1057   2.1117   2.1181   2.1291
  2.1349   2.1454   2.1497   2.1698   2.1712   2.1891   2.1918   2.2023
  2.2029   2.2246   2.2366   2.2488   2.2609   2.2630   2.2661   2.2837
  2.2934   2.3046   2.3159   2.3195   2.3274   2.3363   2.3534   2.3624
  2.3767   2.3805   2.3932   2.4108   2.4179   2.4192   2.4242   2.4305
  2.4337   2.4474   2.4515   2.4525   2.4673   2.4767   2.4841   2.4915
  2.4989   2.5018   2.5078   2.5145   2.5223   2.5352   2.5370   2.5470
  2.5585   2.5766   2.5863   2.5907   2.6035   2.6091   2.6343   2.6390
  2.6459   2.6558   2.6578   2.6803   2.6833   2.6867   2.6984   2.7102
  2.7190   2.7303   2.7359   2.7453   2.7579   2.7614   2.7643   2.7746
  2.7797   2.7846   2.8019   2.8073   2.8117   2.8196   2.8325   2.8401
  2.8499   2.8646   2.8800   2.8935   2.9085   2.9196   2.9237   2.9524
  2.9573   2.9718   2.9743   2.9879   2.9889   3.0002   3.0094   3.0133
  3.0245   3.0389   3.0462   3.0554   3.0635   3.0861   3.0985   3.1134
  3.1162   3.1422   3.1544   3.1576   3.1761   3.1921   3.2022   3.2115
  3.2181   3.2212   3.2309   3.2412   3.2500   3.2836   3.3061   3.3184
  3.3301   3.3350   3.3508   3.3753   3.3778   3.3878   3.3910   3.3975
  3.4154   3.4268   3.4387   3.4498   3.4690   3.4854   3.5020   3.5156
  3.5291   3.5446   3.5554   3.5745   3.5820   3.6073   3.6149   3.6367
  3.6562   3.6735   3.6790   3.6885   3.6908   3.7009   3.7212   3.7391
  3.7590   3.7682   3.7859   3.7887   3.7922   3.8077   3.8150   3.8200
  3.8314   3.8576   3.8843   3.8987   3.9155   3.9355   3.9367   3.9596
  3.9766   3.9877   4.0017   4.0070   4.0265   4.0302   4.0499   4.0717
  4.1010   4.1114   4.1207   4.1553   4.1660   4.2142   4.2221   4.2422
  4.2759   4.2962   4.3056   4.3425   4.3567   4.3772   4.3946   4.4281
  4.4448   4.4630   4.4784   4.5221   4.5330   4.5598   4.6019   4.6162
  4.6381   4.7113   4.7469   4.7904   4.8439   4.8558   4.8678   4.8876
  4.8983   4.9241   4.9633   4.9642   4.9878   5.0192   5.0356   5.0628
  5.0715   5.0796   5.1219   5.1242   5.1340   5.1438   5.1661   5.1913
  5.1998   5.2159   5.2277   5.2481   5.2554   5.2633   5.2774   5.2907
  5.3140   5.3206   5.3266   5.3499   5.3582   5.3764   5.3837   5.3952
  5.4155   5.4306   5.4410   5.4777   5.4866   5.5057   5.5105   5.5164
  5.5344   5.5450   5.5640   5.5881   5.5938   5.6041   5.6249   5.6506
  5.6629   5.6745   5.6799   5.6915   5.7059   5.7217   5.7313   5.7448
  5.7544   5.7625   5.7781   5.7821   5.8086   5.8149   5.8328   5.8387
  5.8414   5.8536   5.8722   5.8751   5.8873   5.9161   5.9218   5.9427
  5.9488   5.9638   5.9833   5.9882   5.9931   5.9960   6.0085   6.0191
  6.0379   6.0440   6.0512   6.0716   6.0825   6.0903   6.1035   6.1149
  6.1179   6.1241   6.1318   6.1354   6.1446   6.1582   6.1892   6.1923
  6.2116   6.2236   6.2325   6.2416   6.2487   6.2536   6.2594   6.2683
  6.2780   6.2878   6.2900   6.3084   6.3236   6.3268   6.3424   6.3486
  6.3654   6.3751   6.3780   6.3870   6.4053   6.4138   6.4184   6.4372
  6.4400   6.4478   6.4742   6.4863   6.4868   6.4982   6.5154   6.5307
  6.5450   6.5654   6.5803   6.5932   6.6137   6.6360   6.6443   6.6712
  6.6843   6.6899   6.7030   6.7129   6.7184   6.7346   6.7475   6.7646
  6.7772   6.7885   6.7934   6.8027   6.8263   6.8425   6.8625   6.8799
  6.8844   6.9176   6.9286   6.9494   6.9634   6.9670   6.9759   6.9950
  7.0068   7.0246   7.0261   7.0492   7.0649   7.0950   7.1078   7.1206
  7.1269   7.1434   7.1526   7.1870   7.2058   7.2169   7.2302   7.2535
  7.2702   7.2809   7.2819   7.2910   7.3006   7.3182   7.3232   7.3344
  7.3502   7.3540   7.3724   7.3824   7.3952   7.4447   7.4476   7.4612
  7.4766   7.4771   7.5013   7.5125   7.5257   7.5392   7.5551   7.5602
  7.5691   7.5711   7.5803   7.5876   7.6077   7.6113   7.6218   7.6303
  7.6351   7.6468   7.6657   7.6750   7.6978   7.7306   7.7385   7.7479
  7.7914   7.8051   7.8320   7.8428   7.8665   7.8689   7.8799   7.9063
  7.9142   7.9438   7.9453   7.9654   7.9794   8.0072   8.0419   8.0501
  8.0730   8.0864   8.1112   8.1403   8.1516   8.1611   8.1756   8.1910
  8.1934   8.2056   8.2229   8.2338   8.2392   8.2456   8.2603   8.2696
  8.2747   8.2846   8.2877   8.2957   8.3121   8.3215   8.3250   8.3323
  8.3343   8.3464   8.3521   8.3579   8.3615   8.3627   8.3737   8.3894
  8.4066   8.4170   8.4526   8.4572   8.4709   8.4759   8.4915   8.4957
  8.5104   8.5218   8.5300   8.5313   8.5378   8.5659   8.5781   8.5900
  8.6026   8.6239   8.6454   8.6526   8.6605   8.6915   8.7116   8.7216
  8.7437   8.7671   8.7732   8.7749   8.7790   8.7859   8.8183   8.8337
  8.8489   8.8515   8.8829   8.8914   8.9141   8.9223   8.9237   8.9656
  8.9688   9.0150   9.0353   9.0913   9.1016   9.1178   9.1287   9.1458
  9.1546   9.1782   9.1827   9.2011   9.2191   9.2360   9.2638   9.2644
  9.2756   9.3395   9.3661   9.3865   9.4046   9.4196   9.4344   9.4524
  9.4782   9.4842   9.5419   9.5572   9.5720   9.5905   9.5993   9.6363
  9.6532   9.6616   9.6805   9.6889   9.7090   9.7188   9.7239   9.7629
  9.7803   9.7857   9.8043   9.8131   9.8349   9.8498   9.8649   9.8733
  9.9181   9.9486   9.9735   9.9757  10.0126  10.0261  10.0736  10.0773
 10.0955  10.1156  10.1476  10.1653  10.2574  10.2901  10.3002  10.3181
 10.3210  10.3306  10.3533  10.4027  10.4973  10.5171  10.5966  10.7253
 10.9350  10.9741  11.0626  11.0944  11.1228  11.1930  11.2482  11.3831
 11.4433  11.4665  11.4864  11.5531  11.5789  11.6198  11.7509  11.7543
 11.8453  11.8696  11.9319  11.9537  11.9874  12.0422  12.0485  12.1371
 12.2097  12.2482  12.2749  12.2968  12.3740  12.4553  12.4959  12.5115
 12.5338  12.6247  12.7580  12.8339  12.9785  13.1069  13.2455  13.4805
 13.5430  13.6725  13.8022  14.2602  14.5030  14.6914  14.7592  28.2156
 28.3829  28.5329  28.6926  28.9556  29.1090  29.2792  37.1846  37.8221
 38.5563  48.3579  48.5239 146.8258 146.9813 147.1050 147.2729 147.5576
147.7038 147.8690 195.9524 196.6028 197.3530 252.8152 252.9937
 --------------------------------------------------------------
 
          Ground-State Mulliken Net Atomic Charges

     Atom                 Charge (a.u.)    Spin (a.u.)
  --------------------------------------------------------
      1 C                    -0.120423      -0.009939
      2 C                    -0.121838       0.611833
      3 C                    -0.141327      -0.157137
      4 C                    -0.057187       0.549061
      5 C                     0.059073       0.290756
      6 N                    -0.244591       0.066480
      7 N                     0.114411       0.014374
      8 N                     0.030592       0.532473
      9 C                     0.542220       0.012433
     10 O                    -0.481198       0.060621
     11 O                    -0.573898       0.020001
     12 C                    -0.056105      -0.000014
     13 H                     0.114869       0.008826
     14 H                     0.102576      -0.001144
     15 H                     0.069713       0.008445
     16 H                     0.067106      -0.001113
     17 H                     0.095077      -0.007865
     18 H                     0.108102       0.000270
     19 H                     0.218311      -0.000408
     20 H                     0.143072       0.001277
     21 H                     0.131446       0.000770
  --------------------------------------------------------
  Sum of atomic charges =    -0.000000
  Sum of spin   charges =     2.000000

 -----------------------------------------------------------------
                    Cartesian Multipole Moments
 -----------------------------------------------------------------
    Charge (ESU x 10^10)
                -0.0000
    Dipole Moment (Debye)
         X       0.1082      Y      -2.5855      Z      -3.2410
       Tot       4.1473
    Quadrupole Moments (Debye-Ang)
        XX     -69.1805     XY       0.1539     YY     -69.8089
        XZ       0.5607     YZ     -11.6282     ZZ     -71.4376
    Octopole Moments (Debye-Ang^2)
       XXX      -9.2969    XXY     -34.0403    XYY       0.6486
       YYY    -167.1800    XXZ     -33.4171    XYZ       9.3686
       YYZ     -72.9066    XZZ      -1.7792    YZZ     -47.1281
       ZZZ    -130.0719
    Hexadecapole Moments (Debye-Ang^3)
      XXXX    -135.8547   XXXY      94.4710   XXYY    -452.9122
      XYYY      95.8626   YYYY   -2683.9691   XXXZ     -46.9609
      XXYZ     -22.2927   XYYZ       4.9922   YYYZ    -203.8826
      XXZZ    -215.7990   XYZZ      37.4516   YYZZ    -656.8386
      XZZZ     -26.9349   YZZZ    -175.5543   ZZZZ   -1243.1028
 -----------------------------------------------------------------
 Total job time:  350.52s(wall), 10523.71s(cpu) 
 Thu Aug  1 13:37:07 2024

        *************************************************************
        *                                                           *
        *  Thank you very much for using Q-Chem.  Have a nice day.  *
        *                                                           *
        *************************************************************


