
Running Job 1 of 2 cyclopentenone-triplet-wb97xd-M06-readSCF.in
qchem cyclopentenone-triplet-wb97xd-M06-readSCF.in_112896.0 /expanse/lustre/scratch/whughes/temp_project/job_36180479/cyclopentenone-triplet-wb97xd-M06-readSCF-36180479/ 0
/cm/shared/apps/spack/0.17.3/cpu/b/opt/spack/linux-rocky8-zen2/gcc-10.2.0/qchem-6.0-rytxnwjazd34ekd2gqyi5ufsaimxsd3r/exe/qcprog.exe_s cyclopentenone-triplet-wb97xd-M06-readSCF.in_112896.0 /expanse/lustre/scratch/whughes/temp_project/job_36180479/cyclopentenone-triplet-wb97xd-M06-readSCF-36180479/
                  Welcome to Q-Chem
     A Quantum Leap Into The Future Of Chemistry


 Q-Chem 6.0, Q-Chem, Inc., Pleasanton, CA (2022)

 License issued to: University of California, San Diego (site)

 E. Epifanovsky,  A. T. B. Gilbert,  Xintian Feng,  Joonho Lee,  Yuezhi Mao,  
 N. Mardirossian,  P. Pokhilko,  A. White,  M. Wormit,  M. P. Coons,  
 A. L. Dempwolff,  Zhengting Gan,  D. Hait,  P. R. Horn,  L. D. Jacobson,  
 I. Kaliman,  J. Kussmann,  A. W. Lange,  Ka Un Lao,  D. S. Levine,  Jie Liu,  
 S. C. McKenzie,  A. F. Morrison,  K. Nanda,  F. Plasser,  D. R. Rehn,  
 M. L. Vidal,  Zhi-Qiang You,  Ying Zhu,  B. Alam,  B. Albrecht,  
 A. Aldossary,  E. Alguire,  J. H. Andersen,  V. Athavale,  D. Barton,  
 K. Begam,  A. Behn,  N. Bellonzi,  Y. A. Bernard,  E. J. Berquist,  
 H. Burton,  A. Carreras,  K. Carter-Fenk,  Romit Chakraborty,  
 Chandrima Chakravarty,  Junhan Chen,  A. D. Chien,  K. D. Closser,  
 V. Cofer-Shabica,  L. Cunha,  S. Dasgupta,  Jia Deng,  M. de Wergifosse,  
 M. Diedenhofen,  Hainam Do,  S. Ehlert,  Po-Tung Fang,  S. Fatehi,  
 Qingguo Feng,  T. Friedhoff,  B. Ganoe,  J. Gayvert,  Qinghui Ge,  
 G. Gidofalvi,  M. Goldey,  J. Gomes,  C. Gonzalez-Espinoza,  S. Gulania,  
 A. Gunina,  J. A. Gyamfi,  M. W. D. Hanson-Heine,  P. H. P. Harbach,  
 A. W. Hauser,  M. F. Herbst,  M. Hernandez Vera,  M. Hodecker,  
 Z. C. Holden,  S. Houck,  Xunkun Huang,  Kerwin Hui,  B. C. Huynh,  
 K. Ikeda,  M. Ivanov,  Hyunjun Ji,  Zuxin Jin,  Hanjie Jiang,  B. Kaduk,  
 S. Kaehler,  R. Kang,  K. Khistyaev,  Jaehoon Kim,  Yongbin Kim,  
 P. Klunzinger,  Z. Koczor-Benda,  Joong Hoon Koh,  D. Kosenkov,  
 Saikiran Kotaru,  L. Koulias,  T. Kowalczyk,  C. M. Krauter,  K. Kue,  
 A. Kunitsa,  T. Kus,  A. Landau,  K. V. Lawler,  D. Lefrancois,  S. Lehtola,  
 Rain Li,  Shaozhi Li,  Yi-Pei Li,  Jiashu Liang,  M. Liebenthal,  
 Hung-Hsuan Lin,  You-Sheng Lin,  Fenglai Liu,  Kuan-Yu Liu,  
 M. Loipersberger,  A. Luenser,  C. Malbon,  A. Manjanath,  P. Manohar,  
 E. Mansoor,  S. F. Manzer,  Shan-Ping Mao,  A. V. Marenich,  T. Markovich,  
 S. Mason,  F. Matz,  S. A. Maurer,  P. F. McLaughlin,  M. F. S. J. Menger,  
 J.-M. Mewes,  S. A. Mewes,  P. Morgante,  Mohammad Mostafanejad,  
 J. W. Mullinax,  K. J. Oosterbaan,  G. Paran,  V. Parravicini,  
 Alexander C. Paul,  Suranjan K. Paul,  F. Pavosevic,  Zheng Pei,  S. Prager,  
 E. I. Proynov,  E. Ramos,  B. Rana,  A. E. Rask,  A. Rettig,  R. M. Richard,  
 F. Rob,  E. Rossomme,  T. Scheele,  M. Scheurer,  M. Schneider,  
 P. E. Schneider,  N. Sergueev,  S. M. Sharada,  Hengyuan Shen,  
 W. Skomorowski,  D. W. Small,  C. J. Stein,  Yingli Su,  Yu-Chuan Su,  
 E. J. Sundstrom,  Zhen Tao,  J. Thirman,  Hung-Yi Tsai,  T. Tsuchimochi,  
 N. M. Tubman,  C. Utku,  S. P. Veccham,  O. Vydrov,  J. Wenzel,  
 Jonathan Wong,  J. Witte,  A. Yamada,  Chou-Hsun Yang,  Kun Yao,  
 S. Yeganeh,  S. R. Yost,  A. Zech,  F. Zeller,  Igor Ying Zhang,  
 Xing Zhang,  Yu Zhang,  D. Zuev,  A. Aspuru-Guzik,  A. T. Bell,  
 N. A. Besley,  K. B. Bravaya,  B. R. Brooks,  D. Casanova,  Jeng-Da Chai,  
 Hsing-Ta Chen,  S. Coriani,  C. J. Cramer,  A. E. DePrince, III,  
 R. A. DiStasio Jr.,  A. Dreuw,  B. D. Dunietz,  T. R. Furlani,  
 W. A. Goddard III,  S. Grimme,  S. Hammes-Schiffer,  T. Head-Gordon,  
 W. J. Hehre,  Chao-Ping Hsu,  T.-C. Jagau,  Yousung Jung,  A. Klamt,  
 Jing Kong,  D. S. Lambrecht,  Xiangyuan Li,  WanZhen Liang,  N. J. Mayhall,  
 C. W. McCurdy,  J. B. Neaton,  T. Neudecker,  C. Ochsenfeld,  
 J. A. Parkhill,  R. Peverati,  V. A. Rassolov,  Haisheng Ren,  Yihan Shao,  
 L. V. Slipchenko,  R. P. Steele,  J. E. Subotnik,  A. J. W. Thom,  
 A. Tkatchenko,  D. G. Truhlar,  T. Van Voorhis,  Fan Wang,  
 T. A. Wesolowski,  K. B. Whaley,  H. L. Woodcock III,  P. M. Zimmerman,  
 S. Faraji,  P. M. W. Gill,  M. Head-Gordon,  J. M. Herbert,  A. I. Krylov

 Contributors to earlier versions of Q-Chem not listed above: 
 R. D. Adamson,  B. Austin,  R. Baer,  J. Baker,  G. J. O. Beran,  
 K. Brandhorst,  S. T. Brown,  E. F. C. Byrd,  Arup K. Chakraborty,  
 G. K. L. Chan,  Chun-Min Chang,  Yunqing Chen,  C.-L. Cheng,  
 Siu Hung Chien,  D. M. Chipman,  D. L. Crittenden,  H. Dachsel,  
 R. J. Doerksen,  A. D. Dutoi,  R. G. Edgar,  J. Fosso-Tande,  
 L. Fusti-Molnar,  D. Ghosh,  A. Ghysels,  A. Golubeva-Zadorozhnaya,  
 J. Gonthier,  M. S. Gordon,  S. R. Gwaltney,  G. Hawkins,  J. E. Herr,  
 A. Heyden,  S. Hirata,  E. G. Hohenstein,  G. Kedziora,  F. J. Keil,  
 C. Kelley,  Jihan Kim,  R. A. King,  R. Z. Khaliullin,  P. P. Korambath,  
 W. Kurlancheek,  A. Laurent,  A. M. Lee,  M. S. Lee,  S. V. Levchenko,  
 Ching Yeh Lin,  D. Liotard,  E. Livshits,  R. C. Lochan,  I. Lotan,  
 L. A. Martinez-Martinez,  P. E. Maslen,  N. Nair,  D. P. O'Neill,  
 D. Neuhauser,  E. Neuscamman,  C. M. Oana,  R. Olivares-Amaya,  R. Olson,  
 T. M. Perrine,  B. Peters,  P. A. Pieniazek,  A. Prociuk,  Y. M. Rhee,  
 J. Ritchie,  M. A. Rohrdanz,  E. Rosta,  N. J. Russ,  H. F. Schaefer III,  
 M. W. Schmidt,  N. E. Schultz,  S. Sharma,  N. Shenvi,  C. D. Sherrill,  
 A. C. Simmonett,  A. Sodt,  T. Stein,  D. Stuck,  K. S. Thanthiriwatte,  
 V. Vanovschi,  L. Vogt,  Tao Wang,  A. Warshel,  M. A. Watson,  
 C. F. Williams,  Q. Wu,  X. Xu,  Jun Yang,  W. Zhang,  Yan Zhao

   Please cite Q-Chem as follows:
  "Software for the frontiers of quantum chemistry:
   An overview of developments in the Q-Chem 5 package"
   J. Chem. Phys. 155, 084801 (2021)
   https://doi.org/10.1063/5.0055522 (open access)

 Q-Chem 6.0.2 for Intel X86 EM64T Linux

 Parts of Q-Chem use Armadillo 9.900.5 (Nocturnal Misbehaviour).
 http://arma.sourceforge.net/

 Q-Chem begins on Mon Jan  6 16:18:15 2025  

 Host: 
0

     Scratch files written to /expanse/lustre/scratch/whughes/temp_project/job_36180479/cyclopentenone-triplet-wb97xd-M06-readSCF-36180479//
 Dec722 |scratch|qcdevops|jenkins|workspace|build_RNUM    
 Processing $rem in /cm/shared/apps/spack/0.17.3/cpu/b/opt/spack/linux-rocky8-zen2/gcc-10.2.0/qchem-6.0-rytxnwjazd34ekd2gqyi5ufsaimxsd3r/config/preferences:
 Processing $rem in /home/whughes/.qchemrc:

 Checking the input file for inconsistencies... 	...done.

--------------------------------------------------------------
User input:
--------------------------------------------------------------
$molecule
0 3
C    0.7927183308    0.7454394837    -0.3427446254
C    -0.2003533756   -0.1482743079   -1.1271418072
C    -0.9693566182   -0.8952840491   -0.0770020186
C    -0.5383953122   -0.5379775751   1.1905764445
C    0.4736735207    0.401996042     1.114501686
O    1.1469597878    0.9952749928    2.0417410947
H    0.6413826192    1.8120363975    -0.5192614915
H    1.8380640415    0.5197172154    -0.5618321036
H    0.3372119084    -0.8234901635   -1.7989347999
H    -0.853929533    0.4626502468    -1.7562689606
H    -1.7485841707   -1.6103278151   -0.2892176398
H    -0.9193901988   -0.9217594675   2.1255852213
$end

$rem
METHOD      M05-2X
BASIS       def2-QZVPP
SYM_IGNORE   TRUE
DFT_D       D3
MAX_SCF_CYCLES 300
$end

--------------------------------------------------------------
 Adding empirical dispersion correction 
 ----------------------------------------------------------------
 Doing -D3(0) with
 s6  =   1.00000
 s8  =   0.00000
 rs6 =   1.41700
 rs8 =   1.00000
 -D3 energy without 3body term =     -0.0003535291 hartrees
 ----------------------------------------------------------------
             Standard Nuclear Orientation (Angstroms)
    I     Atom           X                Y                Z
 ----------------------------------------------------------------
    1      C       0.7927183308     0.7454394837    -0.3427446254
    2      C      -0.2003533756    -0.1482743079    -1.1271418072
    3      C      -0.9693566182    -0.8952840491    -0.0770020186
    4      C      -0.5383953122    -0.5379775751     1.1905764445
    5      C       0.4736735207     0.4019960420     1.1145016860
    6      O       1.1469597878     0.9952749928     2.0417410947
    7      H       0.6413826192     1.8120363975    -0.5192614915
    8      H       1.8380640415     0.5197172154    -0.5618321036
    9      H       0.3372119084    -0.8234901635    -1.7989347999
   10      H      -0.8539295330     0.4626502468    -1.7562689606
   11      H      -1.7485841707    -1.6103278151    -0.2892176398
   12      H      -0.9193901988    -0.9217594675     2.1255852213
 ----------------------------------------------------------------
 Nuclear Repulsion Energy =         216.76436376 hartrees
 There are       23 alpha and       21 beta electrons
 Requested basis set is def2-QZVPP
 There are 162 shells and 522 basis functions

 Total QAlloc Memory Limit   8000 MB
 Mega-Array Size       188 MB
 MEM_STATIC part       192 MB


                       Distance Matrix (Angstroms)
             C (  1)   C (  2)   C (  3)   C (  4)   C (  5)   O (  6)
   C (  2)  1.549256
   C (  3)  2.422293  1.500728
   C (  4)  2.402102  2.374439  1.385695
   C (  5)  1.530787  2.404595  2.277049  1.383337
   O (  6)  2.423567  3.628330  3.541480  2.432235  1.290375
   H (  7)  1.091645  2.218300  3.181141  3.136557  2.164607  2.735222
   H (  8)  1.091649  2.218318  3.181022  3.136433  2.164605  2.735393
   H (  9)  2.188496  1.093709  2.162713  3.128160  3.163629  4.326013
   H ( 10)  2.188486  1.093705  2.162694  3.128053  3.163468  4.325752
   H ( 11)  3.465649  2.288392  1.078665  2.191867  3.310333  4.539461
   H ( 12)  3.435625  3.419872  2.203313  1.080133  2.171462  2.819903
             H (  7)   H (  8)   H (  9)   H ( 10)   H ( 11)
   H (  8)  1.761802
   H (  9)  2.945519  2.363723
   H ( 10)  2.363681  2.945635  1.753509
   H ( 11)  4.180603  4.180366  2.692379  2.692561
   H ( 12)  4.111553  4.111401  4.121961  4.121852  2.644421
 
 A cutoff of  1.0D-09 yielded  11389 shell pairs
 There are    119379 function pairs (    180367 Cartesian)
 Smallest overlap matrix eigenvalue = 1.58E-05

 Q-Chem warning in module stvman/mkSTV.C, line 305:

 Overlap eigenvalue is smaller than square root of threshold
 Use THRESH >= 12 to get rid of this warning


 Scale SEOQF with 1.000000e-01/1.000000e-01/1.000000e-01

 Standard Electronic Orientation quadrupole field applied
 Nucleus-field energy     =    -0.0000000044 hartrees
 Guess from superposition of atomic densities
 Warning:  Energy on first SCF cycle will be non-variational
 SAD guess density has 44.000000 electrons

 -----------------------------------------------------------------------
  General SCF calculation program by
  Eric Jon Sundstrom, Paul Horn, Yuezhi Mao, Dmitri Zuev, Alec White,
  David Stuck, Shaama M.S., Shane Yost, Joonho Lee, David Small,
  Daniel Levine, Susi Lehtola, Hugh Burton, Evgeny Epifanovsky,
  Bang C. Huynh
 -----------------------------------------------------------------------
 Exchange:     0.5600 Hartree-Fock + 1.0000 M05-2X
 Correlation:  1.0000 M05-2X
 Using SG-3 standard quadrature grid
 Dispersion:   Grimme D3
 using 32 threads for integral computing
 -------------------------------------------------------
 OpenMP Integral computing Module                
 Release: version 1.0, May 2013, Q-Chem Inc. Pittsburgh 
 -------------------------------------------------------
 A unrestricted SCF calculation will be
 performed using DIIS
 SCF converges when DIIS error is below 1.0e-05
 ---------------------------------------
  Cycle       Energy         DIIS error
 ---------------------------------------
    1    -270.9515235128      8.33e-03  
    2    -269.2309889743      8.05e-04  
    3    -269.2607119902      6.81e-04  
    4    -269.3156586550      1.46e-04  
    5    -269.3202002074      8.84e-05  
    6    -269.3218960397      3.19e-05  
    7    -269.3226957575      1.30e-05  
    8    -269.3228091354      8.20e-06  Convergence criterion met
 ---------------------------------------
 SCF time:   CPU 2976.90s  wall 96.00s 
<S^2> =          2.033771139
 SCF   energy in the final basis set =     -269.3228091354
 Total energy in the final basis set =     -269.3228091354
 
 --------------------------------------------------------------
 
                    Orbital Energies (a.u.)
 --------------------------------------------------------------
 
 Alpha MOs
 -- Occupied --
-19.7577 -10.6362 -10.5970 -10.5779 -10.5743 -10.5666  -1.2201  -0.9709
 -0.8379  -0.8010  -0.6815  -0.6381  -0.6054  -0.5729  -0.5563  -0.5171
 -0.4975  -0.4505  -0.4479  -0.4385  -0.4084  -0.3619  -0.1977
 -- Virtual --
  0.0628   0.0699   0.0905   0.0993   0.1088   0.1173   0.1231   0.1498
  0.1533   0.1834   0.1860   0.1877   0.2148   0.2173   0.2361   0.2395
  0.2548   0.2607   0.2813   0.3157   0.3274   0.3308   0.3336   0.3361
  0.3502   0.3589   0.3721   0.3788   0.3957   0.4066   0.4107   0.4130
  0.4212   0.4310   0.4377   0.4738   0.4766   0.5136   0.5220   0.5415
  0.5508   0.5675   0.6051   0.6216   0.6271   0.6552   0.6701   0.7008
  0.7088   0.7196   0.7281   0.7363   0.7554   0.7641   0.7919   0.7925
  0.7981   0.8024   0.8081   0.8189   0.8512   0.8584   0.8723   0.8781
  0.8842   0.8970   0.9004   0.9231   0.9478   0.9490   0.9565   0.9708
  0.9770   0.9962   1.0130   1.0136   1.0429   1.0450   1.0614   1.0623
  1.0907   1.1180   1.1457   1.1713   1.1864   1.2009   1.2240   1.2393
  1.2409   1.2578   1.2828   1.3218   1.3351   1.3542   1.3887   1.3956
  1.4124   1.4169   1.4503   1.4598   1.4864   1.5241   1.5333   1.5391
  1.5647   1.5753   1.5772   1.6426   1.6436   1.6770   1.6789   1.7153
  1.7328   1.7526   1.7981   1.8043   1.8354   1.8398   1.8529   1.8564
  1.8759   1.8865   1.8930   1.9548   1.9929   2.0089   2.0175   2.0225
  2.0344   2.0382   2.0464   2.0715   2.0739   2.0795   2.1110   2.1274
  2.1284   2.1498   2.1719   2.1809   2.1856   2.1858   2.1903   2.1942
  2.2266   2.2568   2.3002   2.3292   2.3367   2.3517   2.3621   2.3696
  2.3770   2.3914   2.4071   2.4114   2.4207   2.4356   2.4595   2.4631
  2.4985   2.5052   2.5438   2.5454   2.5763   2.5865   2.5943   2.6108
  2.6312   2.6331   2.6563   2.6586   2.6824   2.7020   2.7270   2.7557
  2.7632   2.7759   2.7796   2.7817   2.7994   2.8017   2.8266   2.8466
  2.8558   2.8886   2.8925   2.9063   2.9264   2.9446   2.9519   2.9950
  2.9959   3.0568   3.0852   3.1043   3.1135   3.1524   3.1726   3.2042
  3.2459   3.2744   3.3122   3.3216   3.3465   3.3477   3.3623   3.3815
  3.3935   3.4083   3.4136   3.4552   3.4788   3.4989   3.5177   3.5635
  3.5952   3.6000   3.6243   3.6487   3.6649   3.7140   3.7461   3.7466
  3.7744   3.7928   3.8489   3.8518   3.9062   3.9277   3.9344   3.9457
  3.9764   3.9901   4.0300   4.0318   4.0991   4.1334   4.1532   4.1870
  4.1964   4.2398   4.2422   4.3576   4.3989   4.5002   4.5689   4.5700
  4.6334   4.6691   4.7451   4.7777   4.7902   4.8504   4.8652   4.8705
  4.9184   4.9682   4.9767   4.9878   5.0167   5.0607   5.0684   5.1216
  5.1283   5.1736   5.2106   5.2451   5.2945   5.3158   5.3353   5.3854
  5.4014   5.4090   5.4551   5.4869   5.4936   5.4998   5.5303   5.5612
  5.6181   5.6263   5.6897   5.7151   5.7271   5.7561   5.7751   5.7811
  5.7828   5.8315   5.8484   5.8642   5.9042   5.9149   5.9205   5.9352
  5.9544   5.9588   5.9805   6.0000   6.0024   6.0226   6.0315   6.0404
  6.0639   6.0849   6.1126   6.1154   6.1672   6.1746   6.2013   6.2036
  6.2162   6.2391   6.2463   6.2571   6.2707   6.3096   6.3191   6.3405
  6.3427   6.3485   6.3824   6.3970   6.4080   6.4352   6.4434   6.4468
  6.4589   6.4888   6.5097   6.5255   6.5679   6.5745   6.6061   6.6472
  6.6496   6.6603   6.6760   6.7046   6.7146   6.7428   6.7734   6.8014
  6.8497   6.8659   6.8820   6.8875   6.9041   6.9440   6.9457   7.0031
  7.0087   7.0518   7.0593   7.0959   7.1593   7.1880   7.2046   7.2052
  7.2695   7.2945   7.3395   7.3413   7.3901   7.3996   7.4285   7.4407
  7.4542   7.4856   7.5167   7.5213   7.5544   7.5580   7.6205   7.6292
  7.6326   7.6568   7.6587   7.6802   7.6885   7.7377   7.7420   7.7748
  7.7859   7.7993   7.8173   7.8384   7.8673   7.8782   7.9283   7.9706
  7.9727   8.0096   8.0579   8.0606   8.0827   8.0956   8.1223   8.1426
  8.1685   8.1824   8.2050   8.2162   8.2208   8.2525   8.2629   8.2875
  8.3049   8.3564   8.3624   8.3979   8.4076   8.4140   8.4344   8.4719
  8.5274   8.5506   8.5752   8.6116   8.6712   8.6811   8.6894   8.6906
  8.7465   8.7477   8.7682   8.8081   8.8362   8.8498   8.8702   8.8865
  8.9119   9.0107   9.0372   9.0762   9.0826   9.1001   9.1872   9.3392
  9.3661   9.4260   9.4545   9.5360   9.5746   9.5803   9.6394   9.6400
  9.7281   9.7332   9.7430   9.8395   9.9071   9.9122  10.0077  10.0289
 10.0874  10.1077  10.1529  10.1714  10.1772  10.2364  10.2667  10.3287
 10.4284  10.4349  10.5711  10.7435  10.7831  11.0682  11.1239  11.2236
 11.6443  11.6690  11.8312  11.8619  11.8687  11.9924  12.2254  12.4768
 12.6106  12.8783  12.9616  13.0424  13.2982  13.7070  13.9714  28.3000
 28.7612  29.1248  29.1959  29.2481  48.0476 146.4713 146.9396 147.3112
147.3664 147.4726 252.1031
 
 Beta MOs
 -- Occupied --
-19.7345 -10.6312 -10.5953 -10.5783 -10.5755 -10.5589  -1.1564  -0.9535
 -0.8279  -0.7762  -0.6568  -0.6166  -0.5864  -0.5548  -0.4850  -0.4746
 -0.4608  -0.4425  -0.4320  -0.4306  -0.3236
 -- Virtual --
 -0.1157   0.0029   0.0629   0.0861   0.0922   0.1001   0.1180   0.1197
  0.1280   0.1494   0.1568   0.1852   0.1882   0.1895   0.2149   0.2189
  0.2395   0.2428   0.2610   0.2724   0.2923   0.3220   0.3320   0.3349
  0.3391   0.3401   0.3553   0.3608   0.3779   0.3880   0.3982   0.4089
  0.4182   0.4237   0.4282   0.4403   0.4480   0.4771   0.4811   0.5151
  0.5260   0.5458   0.5561   0.5793   0.6129   0.6244   0.6291   0.6611
  0.6781   0.7038   0.7169   0.7287   0.7355   0.7462   0.7564   0.7715
  0.7943   0.8008   0.8046   0.8062   0.8131   0.8253   0.8552   0.8650
  0.8756   0.8842   0.8893   0.8988   0.9001   0.9257   0.9522   0.9578
  0.9593   0.9756   0.9836   1.0000   1.0153   1.0172   1.0466   1.0499
  1.0658   1.0673   1.0946   1.1244   1.1483   1.1759   1.1944   1.2080
  1.2269   1.2419   1.2472   1.2606   1.2863   1.3252   1.3389   1.3576
  1.3950   1.4005   1.4215   1.4226   1.4591   1.4789   1.5019   1.5293
  1.5404   1.5505   1.5735   1.5807   1.5893   1.6471   1.6492   1.6789
  1.6871   1.7228   1.7370   1.7599   1.8040   1.8107   1.8465   1.8466
  1.8583   1.8631   1.8864   1.8939   1.8994   1.9594   1.9994   2.0137
  2.0226   2.0356   2.0382   2.0502   2.0559   2.0788   2.0797   2.0844
  2.1174   2.1306   2.1334   2.1561   2.1777   2.1869   2.1918   2.1941
  2.1952   2.2008   2.2340   2.2619   2.3053   2.3390   2.3472   2.3605
  2.3673   2.3761   2.3883   2.3967   2.4115   2.4195   2.4229   2.4364
  2.4665   2.4701   2.5071   2.5127   2.5529   2.5650   2.5798   2.6003
  2.6049   2.6157   2.6349   2.6386   2.6612   2.6681   2.6895   2.7122
  2.7332   2.7607   2.7678   2.7819   2.7867   2.7930   2.8061   2.8082
  2.8300   2.8559   2.8628   2.8990   2.9001   2.9099   2.9330   2.9514
  2.9588   3.0011   3.0034   3.0653   3.0960   3.1120   3.1190   3.1734
  3.1797   3.2135   3.2551   3.2875   3.3289   3.3294   3.3526   3.3571
  3.3722   3.3958   3.4073   3.4121   3.4165   3.4744   3.4903   3.5030
  3.5310   3.5745   3.6035   3.6089   3.6278   3.6609   3.6786   3.7232
  3.7525   3.7532   3.7824   3.8032   3.8502   3.8687   3.9180   3.9351
  3.9433   3.9595   3.9903   3.9918   4.0493   4.0644   4.1085   4.1460
  4.1701   4.2023   4.2034   4.2501   4.2533   4.3810   4.4154   4.5206
  4.5793   4.5846   4.6423   4.6838   4.7608   4.7866   4.8038   4.8672
  4.8766   4.8885   4.9300   4.9760   4.9904   5.0003   5.0394   5.0781
  5.0885   5.1390   5.1542   5.1895   5.2362   5.2590   5.3086   5.3248
  5.3584   5.3962   5.4107   5.4249   5.4751   5.4959   5.4981   5.5058
  5.5514   5.5753   5.6299   5.6592   5.6936   5.7398   5.7530   5.7681
  5.7790   5.7858   5.7860   5.8416   5.8525   5.8652   5.9111   5.9289
  5.9384   5.9484   5.9646   5.9692   5.9979   6.0098   6.0151   6.0397
  6.0417   6.0537   6.0728   6.0880   6.1202   6.1411   6.1732   6.1939
  6.2138   6.2209   6.2300   6.2515   6.2607   6.2751   6.2777   6.3176
  6.3208   6.3495   6.3525   6.3660   6.4015   6.4069   6.4237   6.4414
  6.4477   6.4633   6.4757   6.5027   6.5222   6.5330   6.5674   6.5952
  6.6144   6.6544   6.6626   6.6799   6.6963   6.7200   6.7332   6.7640
  6.7817   6.8012   6.8418   6.8700   6.8842   6.9053   6.9073   6.9511
  6.9532   7.0087   7.0176   7.0646   7.0691   7.1069   7.1595   7.1904
  7.2037   7.2239   7.2703   7.3072   7.3542   7.3598   7.3932   7.4157
  7.4367   7.4529   7.4665   7.4914   7.5226   7.5314   7.5612   7.5734
  7.6389   7.6449   7.6463   7.6618   7.6707   7.6924   7.6987   7.7495
  7.7528   7.7889   7.7909   7.8062   7.8301   7.8527   7.8765   7.8844
  7.9296   7.9770   7.9809   8.0074   8.0673   8.0787   8.0855   8.1067
  8.1271   8.1486   8.1848   8.2015   8.2138   8.2324   8.2344   8.2587
  8.2682   8.2924   8.3153   8.3667   8.3740   8.4053   8.4126   8.4280
  8.4451   8.4779   8.5326   8.5556   8.5792   8.6215   8.6882   8.6912
  8.7486   8.7585   8.7739   8.7747   8.7855   8.8146   8.8484   8.8808
  8.8842   8.9122   8.9532   9.0121   9.0475   9.0829   9.0906   9.1006
  9.1890   9.3470   9.3817   9.4192   9.4593   9.5373   9.5752   9.6176
  9.6526   9.6534   9.7368   9.7545   9.7613   9.8469   9.9086   9.9186
 10.0351  10.0519  10.0868  10.1129  10.1597  10.1772  10.1780  10.2410
 10.2619  10.3574  10.4285  10.4483  10.5988  10.8672  10.9612  11.0947
 11.2422  11.3075  11.6335  11.7145  11.8622  11.9860  11.9992  12.1691
 12.2305  12.5493  12.6580  12.9949  13.0017  13.0521  13.3068  13.7433
 14.0860  28.3293  28.8091  29.1298  29.2005  29.2561  48.1462 146.4777
146.9497 147.3128 147.3676 147.4747 252.1016
 --------------------------------------------------------------
 
          Ground-State Mulliken Net Atomic Charges

     Atom                 Charge (a.u.)    Spin (a.u.)
  --------------------------------------------------------
      1 C                    -0.153368       0.054784
      2 C                    -0.176540      -0.001710
      3 C                    -0.178286       0.706401
      4 C                    -0.133950      -0.228364
      5 C                     0.179693       0.515516
      6 O                    -0.143463       0.920587
      7 H                     0.099635       0.011295
      8 H                     0.097954       0.011007
      9 H                     0.109053       0.020974
     10 H                     0.110590       0.021088
     11 H                     0.113071      -0.058729
     12 H                     0.075611       0.027152
  --------------------------------------------------------
  Sum of atomic charges =     0.000000
  Sum of spin   charges =     2.000000

 -----------------------------------------------------------------
                    Cartesian Multipole Moments
 -----------------------------------------------------------------
    Charge (ESU x 10^10)
                 0.0000
    Dipole Moment (Debye)
         X      -0.2357      Y      -0.1682      Z      -1.5128
       Tot       1.5403
    Quadrupole Moments (Debye-Ang)
        XX     -36.4298     XY       0.6721     YY     -36.3663
        XZ      -2.5325     YZ      -2.3635     ZZ     -36.5224
    Octopole Moments (Debye-Ang^2)
       XXX      -8.1771    XXY      -5.4431    XYY      -5.6277
       YYY      -5.1689    XXZ     -17.2933    XYZ      -0.7831
       YYZ     -16.5602    XZZ     -10.0166    YZZ      -9.0094
       ZZZ     -40.4466
    Hexadecapole Moments (Debye-Ang^3)
      XXXX    -186.3229   XXXY     -57.4645   XXYY     -54.8505
      XYYY     -58.0924   YYYY    -164.1842   XXXZ     -36.3787
      XXYZ     -11.5966   XYYZ     -13.7203   YYYZ     -28.0386
      XXZZ     -94.6336   XYZZ     -24.1238   YYZZ     -89.3175
      XZZZ     -47.1329   YZZZ     -38.8918   ZZZZ    -347.5265
 -----------------------------------------------------------------
 Total job time:  97.85s(wall), 2999.18s(cpu) 
 Mon Jan  6 16:19:52 2025

        *************************************************************
        *                                                           *
        *  Thank you very much for using Q-Chem.  Have a nice day.  *
        *                                                           *
        *************************************************************



Running Job 2 of 2 cyclopentenone-triplet-wb97xd-M06-readSCF.in
qchem cyclopentenone-triplet-wb97xd-M06-readSCF.in_112896.1 /expanse/lustre/scratch/whughes/temp_project/job_36180479/cyclopentenone-triplet-wb97xd-M06-readSCF-36180479/ 0
/cm/shared/apps/spack/0.17.3/cpu/b/opt/spack/linux-rocky8-zen2/gcc-10.2.0/qchem-6.0-rytxnwjazd34ekd2gqyi5ufsaimxsd3r/exe/qcprog.exe_s cyclopentenone-triplet-wb97xd-M06-readSCF.in_112896.1 /expanse/lustre/scratch/whughes/temp_project/job_36180479/cyclopentenone-triplet-wb97xd-M06-readSCF-36180479/
                  Welcome to Q-Chem
     A Quantum Leap Into The Future Of Chemistry


 Q-Chem 6.0, Q-Chem, Inc., Pleasanton, CA (2022)

 License issued to: University of California, San Diego (site)

 E. Epifanovsky,  A. T. B. Gilbert,  Xintian Feng,  Joonho Lee,  Yuezhi Mao,  
 N. Mardirossian,  P. Pokhilko,  A. White,  M. Wormit,  M. P. Coons,  
 A. L. Dempwolff,  Zhengting Gan,  D. Hait,  P. R. Horn,  L. D. Jacobson,  
 I. Kaliman,  J. Kussmann,  A. W. Lange,  Ka Un Lao,  D. S. Levine,  Jie Liu,  
 S. C. McKenzie,  A. F. Morrison,  K. Nanda,  F. Plasser,  D. R. Rehn,  
 M. L. Vidal,  Zhi-Qiang You,  Ying Zhu,  B. Alam,  B. Albrecht,  
 A. Aldossary,  E. Alguire,  J. H. Andersen,  V. Athavale,  D. Barton,  
 K. Begam,  A. Behn,  N. Bellonzi,  Y. A. Bernard,  E. J. Berquist,  
 H. Burton,  A. Carreras,  K. Carter-Fenk,  Romit Chakraborty,  
 Chandrima Chakravarty,  Junhan Chen,  A. D. Chien,  K. D. Closser,  
 V. Cofer-Shabica,  L. Cunha,  S. Dasgupta,  Jia Deng,  M. de Wergifosse,  
 M. Diedenhofen,  Hainam Do,  S. Ehlert,  Po-Tung Fang,  S. Fatehi,  
 Qingguo Feng,  T. Friedhoff,  B. Ganoe,  J. Gayvert,  Qinghui Ge,  
 G. Gidofalvi,  M. Goldey,  J. Gomes,  C. Gonzalez-Espinoza,  S. Gulania,  
 A. Gunina,  J. A. Gyamfi,  M. W. D. Hanson-Heine,  P. H. P. Harbach,  
 A. W. Hauser,  M. F. Herbst,  M. Hernandez Vera,  M. Hodecker,  
 Z. C. Holden,  S. Houck,  Xunkun Huang,  Kerwin Hui,  B. C. Huynh,  
 K. Ikeda,  M. Ivanov,  Hyunjun Ji,  Zuxin Jin,  Hanjie Jiang,  B. Kaduk,  
 S. Kaehler,  R. Kang,  K. Khistyaev,  Jaehoon Kim,  Yongbin Kim,  
 P. Klunzinger,  Z. Koczor-Benda,  Joong Hoon Koh,  D. Kosenkov,  
 Saikiran Kotaru,  L. Koulias,  T. Kowalczyk,  C. M. Krauter,  K. Kue,  
 A. Kunitsa,  T. Kus,  A. Landau,  K. V. Lawler,  D. Lefrancois,  S. Lehtola,  
 Rain Li,  Shaozhi Li,  Yi-Pei Li,  Jiashu Liang,  M. Liebenthal,  
 Hung-Hsuan Lin,  You-Sheng Lin,  Fenglai Liu,  Kuan-Yu Liu,  
 M. Loipersberger,  A. Luenser,  C. Malbon,  A. Manjanath,  P. Manohar,  
 E. Mansoor,  S. F. Manzer,  Shan-Ping Mao,  A. V. Marenich,  T. Markovich,  
 S. Mason,  F. Matz,  S. A. Maurer,  P. F. McLaughlin,  M. F. S. J. Menger,  
 J.-M. Mewes,  S. A. Mewes,  P. Morgante,  Mohammad Mostafanejad,  
 J. W. Mullinax,  K. J. Oosterbaan,  G. Paran,  V. Parravicini,  
 Alexander C. Paul,  Suranjan K. Paul,  F. Pavosevic,  Zheng Pei,  S. Prager,  
 E. I. Proynov,  E. Ramos,  B. Rana,  A. E. Rask,  A. Rettig,  R. M. Richard,  
 F. Rob,  E. Rossomme,  T. Scheele,  M. Scheurer,  M. Schneider,  
 P. E. Schneider,  N. Sergueev,  S. M. Sharada,  Hengyuan Shen,  
 W. Skomorowski,  D. W. Small,  C. J. Stein,  Yingli Su,  Yu-Chuan Su,  
 E. J. Sundstrom,  Zhen Tao,  J. Thirman,  Hung-Yi Tsai,  T. Tsuchimochi,  
 N. M. Tubman,  C. Utku,  S. P. Veccham,  O. Vydrov,  J. Wenzel,  
 Jonathan Wong,  J. Witte,  A. Yamada,  Chou-Hsun Yang,  Kun Yao,  
 S. Yeganeh,  S. R. Yost,  A. Zech,  F. Zeller,  Igor Ying Zhang,  
 Xing Zhang,  Yu Zhang,  D. Zuev,  A. Aspuru-Guzik,  A. T. Bell,  
 N. A. Besley,  K. B. Bravaya,  B. R. Brooks,  D. Casanova,  Jeng-Da Chai,  
 Hsing-Ta Chen,  S. Coriani,  C. J. Cramer,  A. E. DePrince, III,  
 R. A. DiStasio Jr.,  A. Dreuw,  B. D. Dunietz,  T. R. Furlani,  
 W. A. Goddard III,  S. Grimme,  S. Hammes-Schiffer,  T. Head-Gordon,  
 W. J. Hehre,  Chao-Ping Hsu,  T.-C. Jagau,  Yousung Jung,  A. Klamt,  
 Jing Kong,  D. S. Lambrecht,  Xiangyuan Li,  WanZhen Liang,  N. J. Mayhall,  
 C. W. McCurdy,  J. B. Neaton,  T. Neudecker,  C. Ochsenfeld,  
 J. A. Parkhill,  R. Peverati,  V. A. Rassolov,  Haisheng Ren,  Yihan Shao,  
 L. V. Slipchenko,  R. P. Steele,  J. E. Subotnik,  A. J. W. Thom,  
 A. Tkatchenko,  D. G. Truhlar,  T. Van Voorhis,  Fan Wang,  
 T. A. Wesolowski,  K. B. Whaley,  H. L. Woodcock III,  P. M. Zimmerman,  
 S. Faraji,  P. M. W. Gill,  M. Head-Gordon,  J. M. Herbert,  A. I. Krylov

 Contributors to earlier versions of Q-Chem not listed above: 
 R. D. Adamson,  B. Austin,  R. Baer,  J. Baker,  G. J. O. Beran,  
 K. Brandhorst,  S. T. Brown,  E. F. C. Byrd,  Arup K. Chakraborty,  
 G. K. L. Chan,  Chun-Min Chang,  Yunqing Chen,  C.-L. Cheng,  
 Siu Hung Chien,  D. M. Chipman,  D. L. Crittenden,  H. Dachsel,  
 R. J. Doerksen,  A. D. Dutoi,  R. G. Edgar,  J. Fosso-Tande,  
 L. Fusti-Molnar,  D. Ghosh,  A. Ghysels,  A. Golubeva-Zadorozhnaya,  
 J. Gonthier,  M. S. Gordon,  S. R. Gwaltney,  G. Hawkins,  J. E. Herr,  
 A. Heyden,  S. Hirata,  E. G. Hohenstein,  G. Kedziora,  F. J. Keil,  
 C. Kelley,  Jihan Kim,  R. A. King,  R. Z. Khaliullin,  P. P. Korambath,  
 W. Kurlancheek,  A. Laurent,  A. M. Lee,  M. S. Lee,  S. V. Levchenko,  
 Ching Yeh Lin,  D. Liotard,  E. Livshits,  R. C. Lochan,  I. Lotan,  
 L. A. Martinez-Martinez,  P. E. Maslen,  N. Nair,  D. P. O'Neill,  
 D. Neuhauser,  E. Neuscamman,  C. M. Oana,  R. Olivares-Amaya,  R. Olson,  
 T. M. Perrine,  B. Peters,  P. A. Pieniazek,  A. Prociuk,  Y. M. Rhee,  
 J. Ritchie,  M. A. Rohrdanz,  E. Rosta,  N. J. Russ,  H. F. Schaefer III,  
 M. W. Schmidt,  N. E. Schultz,  S. Sharma,  N. Shenvi,  C. D. Sherrill,  
 A. C. Simmonett,  A. Sodt,  T. Stein,  D. Stuck,  K. S. Thanthiriwatte,  
 V. Vanovschi,  L. Vogt,  Tao Wang,  A. Warshel,  M. A. Watson,  
 C. F. Williams,  Q. Wu,  X. Xu,  Jun Yang,  W. Zhang,  Yan Zhao

   Please cite Q-Chem as follows:
  "Software for the frontiers of quantum chemistry:
   An overview of developments in the Q-Chem 5 package"
   J. Chem. Phys. 155, 084801 (2021)
   https://doi.org/10.1063/5.0055522 (open access)

 Q-Chem 6.0.2 for Intel X86 EM64T Linux

 Parts of Q-Chem use Armadillo 9.900.5 (Nocturnal Misbehaviour).
 http://arma.sourceforge.net/

 Q-Chem begins on Mon Jan  6 16:19:53 2025  

 Host: 
0

     Scratch files written to /expanse/lustre/scratch/whughes/temp_project/job_36180479/cyclopentenone-triplet-wb97xd-M06-readSCF-36180479//
 Dec722 |scratch|qcdevops|jenkins|workspace|build_RNUM    
 Processing $rem in /cm/shared/apps/spack/0.17.3/cpu/b/opt/spack/linux-rocky8-zen2/gcc-10.2.0/qchem-6.0-rytxnwjazd34ekd2gqyi5ufsaimxsd3r/config/preferences:
 Processing $rem in /home/whughes/.qchemrc:

 Checking the input file for inconsistencies... 	...done.

--------------------------------------------------------------
User input:
--------------------------------------------------------------

$molecule
0 3
C    0.7927183308    0.7454394837    -0.3427446254
C    -0.2003533756   -0.1482743079   -1.1271418072
C    -0.9693566182   -0.8952840491   -0.0770020186
C    -0.5383953122   -0.5379775751   1.1905764445
C    0.4736735207    0.401996042     1.114501686
O    1.1469597878    0.9952749928    2.0417410947
H    0.6413826192    1.8120363975    -0.5192614915
H    1.8380640415    0.5197172154    -0.5618321036
H    0.3372119084    -0.8234901635   -1.7989347999
H    -0.853929533    0.4626502468    -1.7562689606
H    -1.7485841707   -1.6103278151   -0.2892176398
H    -0.9193901988   -0.9217594675   2.1255852213
$end

$rem
METHOD      M06
BASIS       def2-QZVPP
SYM_IGNORE   TRUE
DFT_D       D4
SCF_GUESS   read
MAX_SCF_CYCLES 300
$end
--------------------------------------------------------------
 Adding empirical dispersion correction 
 ----------------------------------------------------------------
 Doing -D4(0) with M06 parameters:
 s6  =   1.00000
 s8  =   0.16367
 s10 =   0.00000
 s9 =   1.00000
 a1  =   0.53456
 a2  =   6.06192
 -D4 energy including 3body term = -0.0016022912 hartrees
 ----------------------------------------------------------------
             Standard Nuclear Orientation (Angstroms)
    I     Atom           X                Y                Z
 ----------------------------------------------------------------
    1      C       0.7927183308     0.7454394837    -0.3427446254
    2      C      -0.2003533756    -0.1482743079    -1.1271418072
    3      C      -0.9693566182    -0.8952840491    -0.0770020186
    4      C      -0.5383953122    -0.5379775751     1.1905764445
    5      C       0.4736735207     0.4019960420     1.1145016860
    6      O       1.1469597878     0.9952749928     2.0417410947
    7      H       0.6413826192     1.8120363975    -0.5192614915
    8      H       1.8380640415     0.5197172154    -0.5618321036
    9      H       0.3372119084    -0.8234901635    -1.7989347999
   10      H      -0.8539295330     0.4626502468    -1.7562689606
   11      H      -1.7485841707    -1.6103278151    -0.2892176398
   12      H      -0.9193901988    -0.9217594675     2.1255852213
 ----------------------------------------------------------------
 Nuclear Repulsion Energy =         216.76311500 hartrees
 There are       23 alpha and       21 beta electrons
 Requested basis set is def2-QZVPP
 There are 162 shells and 522 basis functions

 Total QAlloc Memory Limit   8000 MB
 Mega-Array Size       188 MB
 MEM_STATIC part       192 MB


                       Distance Matrix (Angstroms)
             C (  1)   C (  2)   C (  3)   C (  4)   C (  5)   O (  6)
   C (  2)  1.549256
   C (  3)  2.422293  1.500728
   C (  4)  2.402102  2.374439  1.385695
   C (  5)  1.530787  2.404595  2.277049  1.383337
   O (  6)  2.423567  3.628330  3.541480  2.432235  1.290375
   H (  7)  1.091645  2.218300  3.181141  3.136557  2.164607  2.735222
   H (  8)  1.091649  2.218318  3.181022  3.136433  2.164605  2.735393
   H (  9)  2.188496  1.093709  2.162713  3.128160  3.163629  4.326013
   H ( 10)  2.188486  1.093705  2.162694  3.128053  3.163468  4.325752
   H ( 11)  3.465649  2.288392  1.078665  2.191867  3.310333  4.539461
   H ( 12)  3.435625  3.419872  2.203313  1.080133  2.171462  2.819903
             H (  7)   H (  8)   H (  9)   H ( 10)   H ( 11)
   H (  8)  1.761802
   H (  9)  2.945519  2.363723
   H ( 10)  2.363681  2.945635  1.753509
   H ( 11)  4.180603  4.180366  2.692379  2.692561
   H ( 12)  4.111553  4.111401  4.121961  4.121852  2.644421
 
 A cutoff of  1.0D-09 yielded  11389 shell pairs
 There are    119379 function pairs (    180367 Cartesian)
 Smallest overlap matrix eigenvalue = 1.58E-05

 Q-Chem warning in module stvman/mkSTV.C, line 305:

 Overlap eigenvalue is smaller than square root of threshold
 Use THRESH >= 12 to get rid of this warning


 Scale SEOQF with 1.000000e-01/1.000000e-01/1.000000e-01

 Standard Electronic Orientation quadrupole field applied
 Nucleus-field energy     =    -0.0000000044 hartrees
 Guess MOs from SCF MO coefficient file

 -----------------------------------------------------------------------
  General SCF calculation program by
  Eric Jon Sundstrom, Paul Horn, Yuezhi Mao, Dmitri Zuev, Alec White,
  David Stuck, Shaama M.S., Shane Yost, Joonho Lee, David Small,
  Daniel Levine, Susi Lehtola, Hugh Burton, Evgeny Epifanovsky,
  Bang C. Huynh
 -----------------------------------------------------------------------
 Exchange:     0.2700 Hartree-Fock + 1.0000 M06
 Correlation:  1.0000 M06
 Using SG-3 standard quadrature grid
 Dispersion:   Grimme D4
 using 32 threads for integral computing
 -------------------------------------------------------
 OpenMP Integral computing Module                
 Release: version 1.0, May 2013, Q-Chem Inc. Pittsburgh 
 -------------------------------------------------------
 A unrestricted SCF calculation will be
 performed using DIIS
 SCF converges when DIIS error is below 1.0e-05
 ---------------------------------------
  Cycle       Energy         DIIS error
 ---------------------------------------
    1    -269.1535083741      8.07e-04  
    2    -269.1708962093      2.37e-04  
    3    -269.1717953352      1.13e-04  
    4    -269.1720841067      7.56e-05  
    5    -269.1727028627      6.69e-06  Convergence criterion met
 ---------------------------------------
 SCF time:   CPU 1890.07s  wall 62.00s 
<S^2> =          2.026158189
 SCF   energy in the final basis set =     -269.1727028627
 Total energy in the final basis set =     -269.1727028627
 
 --------------------------------------------------------------
 
                    Orbital Energies (a.u.)
 --------------------------------------------------------------
 
 Alpha MOs
 -- Occupied --
-19.2947 -10.3044 -10.2736 -10.2543 -10.2443 -10.2361  -1.1119  -0.8691
 -0.7429  -0.7101  -0.5989  -0.5584  -0.5328  -0.5001  -0.4717  -0.4421
 -0.4335  -0.3918  -0.3884  -0.3821  -0.3443  -0.3060  -0.1573
 -- Virtual --
  0.0081   0.0218   0.0251   0.0320   0.0508   0.0516   0.0616   0.0775
  0.0911   0.1226   0.1283   0.1376   0.1545   0.1594   0.1761   0.1775
  0.1989   0.2056   0.2145   0.2322   0.2468   0.2474   0.2578   0.2749
  0.2758   0.2760   0.2830   0.2994   0.3177   0.3254   0.3262   0.3389
  0.3439   0.3559   0.3838   0.4017   0.4153   0.4347   0.4537   0.4688
  0.4862   0.4862   0.5247   0.5319   0.5504   0.5844   0.5856   0.6206
  0.6365   0.6458   0.6504   0.6540   0.6756   0.6987   0.7045   0.7062
  0.7110   0.7197   0.7272   0.7354   0.7665   0.7698   0.7787   0.7802
  0.7863   0.8056   0.8147   0.8288   0.8564   0.8601   0.8691   0.8872
  0.8990   0.9069   0.9256   0.9369   0.9541   0.9687   0.9696   0.9850
  0.9936   1.0259   1.0513   1.0767   1.1009   1.1107   1.1115   1.1350
  1.1533   1.1539   1.1826   1.2342   1.2362   1.2596   1.2707   1.2768
  1.3105   1.3193   1.3471   1.3599   1.3699   1.4123   1.4200   1.4344
  1.4603   1.4778   1.5004   1.5038   1.5344   1.5707   1.5793   1.6171
  1.6409   1.6692   1.7131   1.7371   1.7514   1.7524   1.7661   1.7737
  1.7854   1.8048   1.8065   1.8637   1.9114   1.9326   1.9346   1.9458
  1.9471   1.9508   1.9737   1.9836   1.9898   1.9918   2.0288   2.0357
  2.0483   2.0664   2.0835   2.0978   2.0983   2.1019   2.1020   2.1138
  2.1431   2.1756   2.2251   2.2528   2.2557   2.2601   2.2874   2.2922
  2.2989   2.3129   2.3184   2.3240   2.3413   2.3510   2.3659   2.3719
  2.4207   2.4226   2.4543   2.4677   2.4930   2.5004   2.5033   2.5208
  2.5213   2.5551   2.5554   2.5665   2.5972   2.6025   2.6325   2.6416
  2.6668   2.6765   2.6771   2.6781   2.7057   2.7062   2.7186   2.7490
  2.7611   2.7626   2.7853   2.8166   2.8298   2.8313   2.8512   2.8661
  2.8999   2.9611   2.9761   3.0026   3.0089   3.0581   3.0909   3.1087
  3.1316   3.1795   3.2232   3.2260   3.2495   3.2536   3.2806   3.2887
  3.2989   3.3226   3.3226   3.3638   3.4023   3.4112   3.4216   3.4706
  3.5069   3.5191   3.5267   3.5492   3.5964   3.6220   3.6467   3.6615
  3.6756   3.6999   3.7404   3.7619   3.8088   3.8193   3.8289   3.8548
  3.8728   3.8924   3.9422   3.9477   4.0075   4.0554   4.0897   4.0905
  4.0990   4.1593   4.1626   4.2733   4.3217   4.4074   4.4726   4.4989
  4.5896   4.6003   4.6590   4.7083   4.7152   4.7826   4.8124   4.8656
  4.9004   4.9183   4.9288   4.9414   4.9964   5.0123   5.0511   5.0632
  5.1050   5.1460   5.1667   5.1762   5.2499   5.2733   5.2954   5.3332
  5.3564   5.3843   5.4071   5.4100   5.4397   5.4421   5.4747   5.5059
  5.5613   5.5865   5.6490   5.6616   5.6774   5.6946   5.7002   5.7053
  5.7196   5.7347   5.7807   5.7845   5.8325   5.8648   5.8779   5.8817
  5.9006   5.9060   5.9201   5.9225   5.9577   5.9595   5.9843   5.9875
  6.0055   6.0429   6.0584   6.0720   6.1073   6.1303   6.1464   6.1759
  6.1767   6.1943   6.2077   6.2408   6.2439   6.2494   6.2789   6.3099
  6.3122   6.3251   6.3340   6.3604   6.3692   6.3754   6.4045   6.4199
  6.4355   6.4506   6.4725   6.4828   6.5130   6.5379   6.5599   6.5748
  6.6262   6.6401   6.6413   6.6572   6.6727   6.7068   6.7115   6.7745
  6.7938   6.8106   6.8131   6.8681   6.8734   6.9144   6.9282   6.9564
  6.9778   7.0133   7.0384   7.0448   7.1054   7.1137   7.1448   7.1801
  7.2185   7.2506   7.2568   7.2937   7.3198   7.3452   7.3530   7.3810
  7.4069   7.4458   7.4787   7.4990   7.5136   7.5646   7.5796   7.6101
  7.6220   7.6234   7.6482   7.6555   7.6738   7.6996   7.7293   7.7447
  7.7670   7.7788   7.7996   7.8280   7.8398   7.8741   7.9207   7.9425
  7.9789   8.0194   8.0388   8.0595   8.1098   8.1152   8.1433   8.2047
  8.2058   8.2519   8.2554   8.2657   8.2780   8.2844   8.3523   8.3552
  8.3554   8.3721   8.4319   8.4507   8.4534   8.4597   8.4777   8.4795
  8.5109   8.5186   8.5938   8.6385   8.6462   8.6573   8.6990   8.7071
  8.7111   8.7543   8.7588   8.8017   8.8093   8.8361   8.8458   8.9452
  8.9481   8.9653   9.0273   9.0349   9.0720   9.1038   9.2125   9.2237
  9.3044   9.3677   9.4111   9.4199   9.4753   9.5070   9.5989   9.6359
  9.6533   9.6685   9.7755   9.7919   9.8155   9.8401   9.9402   9.9526
 10.0065  10.0354  10.0612  10.1533  10.1758  10.2060  10.2207  10.3497
 10.4248  10.4684  10.6150  10.9457  10.9527  11.0487  11.3246  11.4257
 11.6078  11.8192  11.8809  11.9754  12.0527  12.0742  12.1623  12.2910
 12.7352  12.7856  12.8238  13.0180  13.1292  13.8587  14.1154  28.2753
 28.7678  29.0867  29.1700  29.2205  48.1135 146.8577 147.3302 147.6949
147.7562 147.8563 252.5814
 
 Beta MOs
 -- Occupied --
-19.2754 -10.2993 -10.2719 -10.2546 -10.2449 -10.2290  -1.0387  -0.8549
 -0.7367  -0.6896  -0.5784  -0.5420  -0.5056  -0.4866  -0.4218  -0.4074
 -0.4050  -0.3868  -0.3758  -0.3732  -0.2764
 -- Virtual --
 -0.1678  -0.0350   0.0097   0.0279   0.0286   0.0336   0.0543   0.0649
  0.0685   0.0826   0.0933   0.1252   0.1312   0.1396   0.1566   0.1633
  0.1790   0.1847   0.2000   0.2116   0.2249   0.2400   0.2529   0.2543
  0.2622   0.2765   0.2770   0.2838   0.2896   0.3069   0.3253   0.3283
  0.3307   0.3425   0.3518   0.3622   0.3882   0.4038   0.4154   0.4399
  0.4563   0.4728   0.4874   0.4997   0.5310   0.5350   0.5529   0.5881
  0.5891   0.6226   0.6393   0.6535   0.6543   0.6554   0.6788   0.6978
  0.7070   0.7090   0.7149   0.7243   0.7258   0.7382   0.7661   0.7715
  0.7809   0.7830   0.7885   0.8050   0.8127   0.8279   0.8567   0.8594
  0.8658   0.8882   0.8958   0.9074   0.9228   0.9395   0.9540   0.9674
  0.9684   0.9853   0.9911   1.0284   1.0508   1.0742   1.1030   1.1088
  1.1129   1.1319   1.1533   1.1548   1.1790   1.2313   1.2344   1.2599
  1.2725   1.2750   1.3073   1.3187   1.3516   1.3663   1.3721   1.4154
  1.4216   1.4373   1.4627   1.4814   1.5015   1.5053   1.5373   1.5668
  1.5800   1.6217   1.6440   1.6780   1.7179   1.7439   1.7511   1.7522
  1.7667   1.7753   1.7891   1.8060   1.8094   1.8738   1.9114   1.9325
  1.9392   1.9475   1.9491   1.9541   1.9761   1.9847   1.9871   2.0017
  2.0278   2.0356   2.0455   2.0691   2.0852   2.0992   2.1033   2.1036
  2.1082   2.1141   2.1397   2.1751   2.2282   2.2541   2.2590   2.2663
  2.2876   2.2935   2.3009   2.3159   2.3197   2.3244   2.3396   2.3513
  2.3745   2.3749   2.4193   2.4287   2.4584   2.4706   2.4923   2.5028
  2.5103   2.5177   2.5185   2.5565   2.5570   2.5660   2.5973   2.6007
  2.6316   2.6388   2.6713   2.6771   2.6786   2.6820   2.7049   2.7078
  2.7213   2.7515   2.7595   2.7635   2.7880   2.8153   2.8269   2.8326
  2.8540   2.8686   2.9034   2.9642   2.9785   3.0029   3.0115   3.0576
  3.1012   3.1166   3.1340   3.1858   3.2314   3.2316   3.2519   3.2575
  3.2870   3.2979   3.3094   3.3260   3.3289   3.3675   3.4095   3.4163
  3.4301   3.4836   3.5111   3.5224   3.5298   3.5649   3.5990   3.6284
  3.6520   3.6653   3.6812   3.7101   3.7436   3.7771   3.8074   3.8244
  3.8363   3.8650   3.8804   3.9062   3.9459   3.9793   4.0046   4.0664
  4.0894   4.0973   4.1100   4.1680   4.1871   4.3042   4.3337   4.4307
  4.4760   4.5127   4.5947   4.6084   4.6597   4.7168   4.7201   4.7939
  4.8356   4.8874   4.9261   4.9342   4.9449   4.9630   5.0086   5.0267
  5.0767   5.0807   5.1206   5.1709   5.1770   5.2032   5.2693   5.2859
  5.3214   5.3416   5.3726   5.3933   5.4014   5.4384   5.4450   5.4636
  5.4726   5.4819   5.5501   5.5742   5.6182   5.6545   5.6681   5.6921
  5.7027   5.7162   5.7244   5.7431   5.7838   5.7899   5.8247   5.8649
  5.8780   5.8817   5.8939   5.9117   5.9193   5.9283   5.9475   5.9576
  5.9874   6.0002   6.0163   6.0441   6.0541   6.0803   6.1120   6.1324
  6.1550   6.1803   6.1811   6.1933   6.2127   6.2485   6.2493   6.2551
  6.2847   6.3241   6.3260   6.3263   6.3342   6.3466   6.3695   6.3829
  6.3999   6.4293   6.4557   6.4572   6.4759   6.4855   6.5217   6.5499
  6.5772   6.5903   6.6385   6.6407   6.6502   6.6603   6.6797   6.7144
  6.7342   6.7905   6.8086   6.8210   6.8250   6.8847   6.8856   6.9312
  6.9455   6.9715   6.9916   7.0185   7.0504   7.0615   7.1182   7.1254
  7.1611   7.1889   7.2279   7.2576   7.2657   7.2963   7.3144   7.3489
  7.3529   7.3794   7.3950   7.4470   7.4757   7.4987   7.5125   7.5587
  7.5759   7.6044   7.6287   7.6316   7.6642   7.6675   7.6829   7.7014
  7.7279   7.7415   7.7695   7.7787   7.8021   7.8385   7.8413   7.8871
  7.9229   7.9454   7.9896   8.0252   8.0374   8.0667   8.1052   8.1110
  8.1560   8.2015   8.2137   8.2560   8.2572   8.2769   8.2962   8.3071
  8.3377   8.3542   8.3545   8.3716   8.4292   8.4428   8.4483   8.4549
  8.4753   8.4797   8.4991   8.5376   8.5886   8.6334   8.6397   8.6555
  8.6835   8.6855   8.7091   8.7406   8.7574   8.8178   8.8501   8.8507
  8.8543   8.9354   8.9401   8.9656   9.0140   9.0483   9.0566   9.0954
  9.1676   9.1763   9.2522   9.3490   9.3852   9.4107   9.4831   9.5086
  9.5623   9.6195   9.6334   9.6580   9.6961   9.7582   9.7636   9.8086
  9.8929   9.9132   9.9984  10.0255  10.0523  10.1391  10.1428  10.1665
 10.2283  10.3523  10.4171  10.5118  10.6517  10.9739  11.0196  11.0710
 11.3209  11.4470  11.5759  11.7986  11.8239  11.9978  12.0829  12.1539
 12.2325  12.2463  12.6628  12.7281  12.7563  13.0382  13.1721  13.7557
 14.1547  28.2698  28.7549  29.0857  29.1736  29.2195  48.1210 146.8634
147.3335 147.6959 147.7579 147.8570 252.6733
 --------------------------------------------------------------
 
          Ground-State Mulliken Net Atomic Charges

     Atom                 Charge (a.u.)    Spin (a.u.)
  --------------------------------------------------------
      1 C                    -0.262164       0.103498
      2 C                    -0.126108      -0.002813
      3 C                    -0.138640       0.666006
      4 C                    -0.027874      -0.166477
      5 C                    -0.105819       0.379804
      6 O                    -0.147619       0.989598
      7 H                     0.232331       0.011270
      8 H                     0.220386       0.010791
      9 H                     0.097660       0.006437
     10 H                     0.094168       0.006204
     11 H                     0.060562       0.011850
     12 H                     0.103117      -0.016169
  --------------------------------------------------------
  Sum of atomic charges =     0.000000
  Sum of spin   charges =     2.000000

 -----------------------------------------------------------------
                    Cartesian Multipole Moments
 -----------------------------------------------------------------
    Charge (ESU x 10^10)
                 0.0000
    Dipole Moment (Debye)
         X      -0.2696      Y      -0.2004      Z      -1.5286
       Tot       1.5650
    Quadrupole Moments (Debye-Ang)
        XX     -36.2529     XY       0.4526     YY     -36.1557
        XZ      -2.5277     YZ      -2.3434     ZZ     -36.5514
    Octopole Moments (Debye-Ang^2)
       XXX      -8.3896    XXY      -5.2610    XYY      -5.4683
       YYY      -5.4701    XXZ     -16.9346    XYZ      -0.9954
       YYZ     -16.1928    XZZ      -9.8432    YZZ      -8.8064
       ZZZ     -40.5588
    Hexadecapole Moments (Debye-Ang^3)
      XXXX    -185.1863   XXXY     -57.7860   XXYY     -54.7720
      XYYY     -58.3202   YYYY    -163.0220   XXXZ     -35.8715
      XXYZ     -11.4939   XYYZ     -13.5881   YYYZ     -27.5665
      XXZZ     -93.9837   XYZZ     -24.1421   YYZZ     -88.7001
      XZZZ     -46.2911   YZZZ     -38.0797   ZZZZ    -346.7694
 -----------------------------------------------------------------
 Total job time:  62.16s(wall), 1907.79s(cpu) 
 Mon Jan  6 16:20:55 2025

        *************************************************************
        *                                                           *
        *  Thank you very much for using Q-Chem.  Have a nice day.  *
        *                                                           *
        *************************************************************


