
Running Job 1 of 1 FRAG2-R2_rdkit_conf_1_wb97xd-M06.in
qchem FRAG2-R2_rdkit_conf_1_wb97xd-M06.in_1378529.0 /expanse/lustre/scratch/whughes/temp_project/job_32695413/FRAG2-R2_rdkit_conf_1_wb97xd-M06-32695413/ 0
/cm/shared/apps/spack/0.17.3/cpu/b/opt/spack/linux-rocky8-zen2/gcc-10.2.0/qchem-6.0-rytxnwjazd34ekd2gqyi5ufsaimxsd3r/exe/qcprog.exe_s FRAG2-R2_rdkit_conf_1_wb97xd-M06.in_1378529.0 /expanse/lustre/scratch/whughes/temp_project/job_32695413/FRAG2-R2_rdkit_conf_1_wb97xd-M06-32695413/
                  Welcome to Q-Chem
     A Quantum Leap Into The Future Of Chemistry


 Q-Chem 6.0, Q-Chem, Inc., Pleasanton, CA (2022)

 License issued to: University of California, San Diego (site)

 E. Epifanovsky,  A. T. B. Gilbert,  Xintian Feng,  Joonho Lee,  Yuezhi Mao,  
 N. Mardirossian,  P. Pokhilko,  A. White,  M. Wormit,  M. P. Coons,  
 A. L. Dempwolff,  Zhengting Gan,  D. Hait,  P. R. Horn,  L. D. Jacobson,  
 I. Kaliman,  J. Kussmann,  A. W. Lange,  Ka Un Lao,  D. S. Levine,  Jie Liu,  
 S. C. McKenzie,  A. F. Morrison,  K. Nanda,  F. Plasser,  D. R. Rehn,  
 M. L. Vidal,  Zhi-Qiang You,  Ying Zhu,  B. Alam,  B. Albrecht,  
 A. Aldossary,  E. Alguire,  J. H. Andersen,  V. Athavale,  D. Barton,  
 K. Begam,  A. Behn,  N. Bellonzi,  Y. A. Bernard,  E. J. Berquist,  
 H. Burton,  A. Carreras,  K. Carter-Fenk,  Romit Chakraborty,  
 Chandrima Chakravarty,  Junhan Chen,  A. D. Chien,  K. D. Closser,  
 V. Cofer-Shabica,  L. Cunha,  S. Dasgupta,  Jia Deng,  M. de Wergifosse,  
 M. Diedenhofen,  Hainam Do,  S. Ehlert,  Po-Tung Fang,  S. Fatehi,  
 Qingguo Feng,  T. Friedhoff,  B. Ganoe,  J. Gayvert,  Qinghui Ge,  
 G. Gidofalvi,  M. Goldey,  J. Gomes,  C. Gonzalez-Espinoza,  S. Gulania,  
 A. Gunina,  J. A. Gyamfi,  M. W. D. Hanson-Heine,  P. H. P. Harbach,  
 A. W. Hauser,  M. F. Herbst,  M. Hernandez Vera,  M. Hodecker,  
 Z. C. Holden,  S. Houck,  Xunkun Huang,  Kerwin Hui,  B. C. Huynh,  
 K. Ikeda,  M. Ivanov,  Hyunjun Ji,  Zuxin Jin,  Hanjie Jiang,  B. Kaduk,  
 S. Kaehler,  R. Kang,  K. Khistyaev,  Jaehoon Kim,  Yongbin Kim,  
 P. Klunzinger,  Z. Koczor-Benda,  Joong Hoon Koh,  D. Kosenkov,  
 Saikiran Kotaru,  L. Koulias,  T. Kowalczyk,  C. M. Krauter,  K. Kue,  
 A. Kunitsa,  T. Kus,  A. Landau,  K. V. Lawler,  D. Lefrancois,  S. Lehtola,  
 Rain Li,  Shaozhi Li,  Yi-Pei Li,  Jiashu Liang,  M. Liebenthal,  
 Hung-Hsuan Lin,  You-Sheng Lin,  Fenglai Liu,  Kuan-Yu Liu,  
 M. Loipersberger,  A. Luenser,  C. Malbon,  A. Manjanath,  P. Manohar,  
 E. Mansoor,  S. F. Manzer,  Shan-Ping Mao,  A. V. Marenich,  T. Markovich,  
 S. Mason,  F. Matz,  S. A. Maurer,  P. F. McLaughlin,  M. F. S. J. Menger,  
 J.-M. Mewes,  S. A. Mewes,  P. Morgante,  Mohammad Mostafanejad,  
 J. W. Mullinax,  K. J. Oosterbaan,  G. Paran,  V. Parravicini,  
 Alexander C. Paul,  Suranjan K. Paul,  F. Pavosevic,  Zheng Pei,  S. Prager,  
 E. I. Proynov,  E. Ramos,  B. Rana,  A. E. Rask,  A. Rettig,  R. M. Richard,  
 F. Rob,  E. Rossomme,  T. Scheele,  M. Scheurer,  M. Schneider,  
 P. E. Schneider,  N. Sergueev,  S. M. Sharada,  Hengyuan Shen,  
 W. Skomorowski,  D. W. Small,  C. J. Stein,  Yingli Su,  Yu-Chuan Su,  
 E. J. Sundstrom,  Zhen Tao,  J. Thirman,  Hung-Yi Tsai,  T. Tsuchimochi,  
 N. M. Tubman,  C. Utku,  S. P. Veccham,  O. Vydrov,  J. Wenzel,  
 Jonathan Wong,  J. Witte,  A. Yamada,  Chou-Hsun Yang,  Kun Yao,  
 S. Yeganeh,  S. R. Yost,  A. Zech,  F. Zeller,  Igor Ying Zhang,  
 Xing Zhang,  Yu Zhang,  D. Zuev,  A. Aspuru-Guzik,  A. T. Bell,  
 N. A. Besley,  K. B. Bravaya,  B. R. Brooks,  D. Casanova,  Jeng-Da Chai,  
 Hsing-Ta Chen,  S. Coriani,  C. J. Cramer,  A. E. DePrince, III,  
 R. A. DiStasio Jr.,  A. Dreuw,  B. D. Dunietz,  T. R. Furlani,  
 W. A. Goddard III,  S. Grimme,  S. Hammes-Schiffer,  T. Head-Gordon,  
 W. J. Hehre,  Chao-Ping Hsu,  T.-C. Jagau,  Yousung Jung,  A. Klamt,  
 Jing Kong,  D. S. Lambrecht,  Xiangyuan Li,  WanZhen Liang,  N. J. Mayhall,  
 C. W. McCurdy,  J. B. Neaton,  T. Neudecker,  C. Ochsenfeld,  
 J. A. Parkhill,  R. Peverati,  V. A. Rassolov,  Haisheng Ren,  Yihan Shao,  
 L. V. Slipchenko,  R. P. Steele,  J. E. Subotnik,  A. J. W. Thom,  
 A. Tkatchenko,  D. G. Truhlar,  T. Van Voorhis,  Fan Wang,  
 T. A. Wesolowski,  K. B. Whaley,  H. L. Woodcock III,  P. M. Zimmerman,  
 S. Faraji,  P. M. W. Gill,  M. Head-Gordon,  J. M. Herbert,  A. I. Krylov

 Contributors to earlier versions of Q-Chem not listed above: 
 R. D. Adamson,  B. Austin,  R. Baer,  J. Baker,  G. J. O. Beran,  
 K. Brandhorst,  S. T. Brown,  E. F. C. Byrd,  Arup K. Chakraborty,  
 G. K. L. Chan,  Chun-Min Chang,  Yunqing Chen,  C.-L. Cheng,  
 Siu Hung Chien,  D. M. Chipman,  D. L. Crittenden,  H. Dachsel,  
 R. J. Doerksen,  A. D. Dutoi,  R. G. Edgar,  J. Fosso-Tande,  
 L. Fusti-Molnar,  D. Ghosh,  A. Ghysels,  A. Golubeva-Zadorozhnaya,  
 J. Gonthier,  M. S. Gordon,  S. R. Gwaltney,  G. Hawkins,  J. E. Herr,  
 A. Heyden,  S. Hirata,  E. G. Hohenstein,  G. Kedziora,  F. J. Keil,  
 C. Kelley,  Jihan Kim,  R. A. King,  R. Z. Khaliullin,  P. P. Korambath,  
 W. Kurlancheek,  A. Laurent,  A. M. Lee,  M. S. Lee,  S. V. Levchenko,  
 Ching Yeh Lin,  D. Liotard,  E. Livshits,  R. C. Lochan,  I. Lotan,  
 L. A. Martinez-Martinez,  P. E. Maslen,  N. Nair,  D. P. O'Neill,  
 D. Neuhauser,  E. Neuscamman,  C. M. Oana,  R. Olivares-Amaya,  R. Olson,  
 T. M. Perrine,  B. Peters,  P. A. Pieniazek,  A. Prociuk,  Y. M. Rhee,  
 J. Ritchie,  M. A. Rohrdanz,  E. Rosta,  N. J. Russ,  H. F. Schaefer III,  
 M. W. Schmidt,  N. E. Schultz,  S. Sharma,  N. Shenvi,  C. D. Sherrill,  
 A. C. Simmonett,  A. Sodt,  T. Stein,  D. Stuck,  K. S. Thanthiriwatte,  
 V. Vanovschi,  L. Vogt,  Tao Wang,  A. Warshel,  M. A. Watson,  
 C. F. Williams,  Q. Wu,  X. Xu,  Jun Yang,  W. Zhang,  Yan Zhao

   Please cite Q-Chem as follows:
  "Software for the frontiers of quantum chemistry:
   An overview of developments in the Q-Chem 5 package"
   J. Chem. Phys. 155, 084801 (2021)
   https://doi.org/10.1063/5.0055522 (open access)

 Q-Chem 6.0.2 for Intel X86 EM64T Linux

 Parts of Q-Chem use Armadillo 9.900.5 (Nocturnal Misbehaviour).
 http://arma.sourceforge.net/

 Q-Chem begins on Thu Aug  1 13:51:11 2024  

 Host: 
0

     Scratch files written to /expanse/lustre/scratch/whughes/temp_project/job_32695413/FRAG2-R2_rdkit_conf_1_wb97xd-M06-32695413//
 Dec722 |scratch|qcdevops|jenkins|workspace|build_RNUM    
 Processing $rem in /cm/shared/apps/spack/0.17.3/cpu/b/opt/spack/linux-rocky8-zen2/gcc-10.2.0/qchem-6.0-rytxnwjazd34ekd2gqyi5ufsaimxsd3r/config/preferences:
 Processing $rem in /home/whughes/.qchemrc:

 Checking the input file for inconsistencies... 	...done.

--------------------------------------------------------------
User input:
--------------------------------------------------------------
$molecule
0 1
O    1.3159248657    -0.2344304328   -1.1526270018
C    1.1180222183    0.0274808292    0.0077252908
C    2.1463018047    0.3474546695    0.9824205542
N    3.3794196352    0.3494631998    0.5611362113
N    4.4286581595    0.3456553059    0.1795905111
O    -0.091252151    0.0645778991    0.5839105431
C    -1.2017558218   -0.2340806743   -0.2716073551
C    -2.4576367923   -0.1391699072   0.5589821543
H    1.9764921328    0.5818159864    2.0190815658
H    -1.0671218301   -1.232842326    -0.6903687071
H    -1.2098631071   0.4747553726    -1.1013725202
H    -2.577923789    0.8634452063    0.9704154818
H    -2.4342545197   -0.8521757547   1.3836446769
H    -3.3250108051   -0.3618493737   -0.0638314052
$end

$rem
METHOD      M06
BASIS       def2-QZVPP
SYM_IGNORE   TRUE
DFT_D       D4
MAX_SCF_CYCLES 300
$end

$end
--------------------------------------------------------------
 Adding empirical dispersion correction 
 ----------------------------------------------------------------
 Doing -D4(0) with M06 parameters:
 s6  =   1.00000
 s8  =   0.16367
 s10 =   0.00000
 s9 =   1.00000
 a1  =   0.53456
 a2  =   6.06192
 -D4 energy including 3body term = -0.0019316716 hartrees
 ----------------------------------------------------------------
             Standard Nuclear Orientation (Angstroms)
    I     Atom           X                Y                Z
 ----------------------------------------------------------------
    1      O       1.3159248657    -0.2344304328    -1.1526270018
    2      C       1.1180222183     0.0274808292     0.0077252908
    3      C       2.1463018047     0.3474546695     0.9824205542
    4      N       3.3794196352     0.3494631998     0.5611362113
    5      N       4.4286581595     0.3456553059     0.1795905111
    6      O      -0.0912521510     0.0645778991     0.5839105431
    7      C      -1.2017558218    -0.2340806743    -0.2716073551
    8      C      -2.4576367923    -0.1391699072     0.5589821543
    9      H       1.9764921328     0.5818159864     2.0190815658
   10      H      -1.0671218301    -1.2328423260    -0.6903687071
   11      H      -1.2098631071     0.4747553726    -1.1013725202
   12      H      -2.5779237890     0.8634452063     0.9704154818
   13      H      -2.4342545197    -0.8521757547     1.3836446769
   14      H      -3.3250108051    -0.3618493737    -0.0638314052
 ----------------------------------------------------------------
 Nuclear Repulsion Energy =         350.65278047 hartrees
 There are       30 alpha and       30 beta electrons
 Requested basis set is def2-QZVPP
 There are 196 shells and 636 basis functions

 Total QAlloc Memory Limit   8000 MB
 Mega-Array Size       188 MB
 MEM_STATIC part       192 MB


                       Distance Matrix (Angstroms)
             O (  1)   C (  2)   C (  3)   N (  4)   N (  5)   O (  6)
   C (  2)  1.205894
   C (  3)  2.363587  1.452506
   N (  4)  2.745164  2.350288  1.303098
   N (  5)  3.435173  3.330328  2.419440  1.116465
   O (  6)  2.255020  1.340041  2.290301  3.482419  4.546655
   C (  7)  2.667379  2.351130  3.622190  4.692670  5.678137  1.433292
   C (  8)  4.144689  3.621739  4.648909  5.857473  6.913758  2.375271
   H (  9)  3.341009  2.256061  1.076302  2.036614  3.074511  2.569595
   H ( 10)  2.624771  2.617366  3.952424  4.882795  5.783777  2.063833
   H ( 11)  2.623962  2.617098  3.952498  4.882740  5.783637  2.063908
   H ( 12)  4.568884  3.909684  4.752336  5.993465  7.070057  2.640286
   H ( 13)  4.569259  3.909683  4.752009  5.993268  7.069945  2.640014
   H ( 14)  4.768647  4.460632  5.615427  6.770963  7.789685  3.325448
             C (  7)   C (  8)   H (  9)   H ( 10)   H ( 11)   H ( 12)
   C (  8)  1.508683
   H (  9)  4.001775  4.723686
   H ( 10)  1.091335  2.165763  4.460683
   H ( 11)  1.091341  2.165784  4.461116  1.762155
   H ( 12)  2.154303  1.090405  4.682064  3.071669  2.512961
   H ( 13)  2.154287  1.090409  4.681324  2.513064  3.071676  1.770524
   H ( 14)  2.137220  1.090789  5.773644  2.499848  2.500050  1.768941
             H ( 13)
   H ( 14)  1.768913
 
 A cutoff of  1.0D-09 yielded  13808 shell pairs
 There are    142382 function pairs (    214268 Cartesian)
 Smallest overlap matrix eigenvalue = 4.56E-05

 Scale SEOQF with 1.000000e-01/1.000000e-01/1.000000e-01

 Standard Electronic Orientation quadrupole field applied
 Nucleus-field energy     =     0.0000000092 hartrees
 Guess from superposition of atomic densities
 Warning:  Energy on first SCF cycle will be non-variational
 SAD guess density has 60.000000 electrons

 -----------------------------------------------------------------------
  General SCF calculation program by
  Eric Jon Sundstrom, Paul Horn, Yuezhi Mao, Dmitri Zuev, Alec White,
  David Stuck, Shaama M.S., Shane Yost, Joonho Lee, David Small,
  Daniel Levine, Susi Lehtola, Hugh Burton, Evgeny Epifanovsky,
  Bang C. Huynh
 -----------------------------------------------------------------------
 Exchange:     0.2700 Hartree-Fock + 1.0000 M06
 Correlation:  1.0000 M06
 Using SG-3 standard quadrature grid
 Dispersion:   Grimme D4
 using 32 threads for integral computing
 -------------------------------------------------------
 OpenMP Integral computing Module                
 Release: version 1.0, May 2013, Q-Chem Inc. Pittsburgh 
 -------------------------------------------------------
 A restricted SCF calculation will be
 performed using DIIS
 SCF converges when DIIS error is below 1.0e-05
 ---------------------------------------
  Cycle       Energy         DIIS error
 ---------------------------------------
    1    -417.6152956758      1.63e-02  
    2    -415.7236562879      2.02e-03  
    3    -415.4490320642      3.33e-03  
    4    -415.8796589615      5.94e-04  
    5    -415.8915858011      2.66e-04  
    6    -415.8935740538      1.19e-04  
    7    -415.8940067164      5.16e-05  
    8    -415.8940821365      2.72e-05  
    9    -415.8941118206      6.68e-06  Convergence criterion met
 ---------------------------------------
 SCF time:   CPU 2828.83s  wall 93.00s 
 SCF   energy in the final basis set =     -415.8941118206
 Total energy in the final basis set =     -415.8941118206
 
 --------------------------------------------------------------
 
                    Orbital Energies (a.u.)
 --------------------------------------------------------------
 
 Alpha MOs
 -- Occupied --
-19.2610 -19.1952 -14.5573 -14.4970 -10.3780 -10.3021 -10.2930 -10.2414
 -1.1590  -1.1331  -1.0454  -0.8863  -0.7960  -0.6936  -0.6146  -0.5764
 -0.5640  -0.5398  -0.5124  -0.4916  -0.4873  -0.4638  -0.4433  -0.4205
 -0.4126  -0.3814  -0.3727  -0.3247  -0.3022  -0.2649
 -- Virtual --
 -0.0607  -0.0308   0.0032   0.0179   0.0342   0.0423   0.0498   0.0606
  0.0625   0.0811   0.0831   0.1025   0.1083   0.1156   0.1280   0.1447
  0.1470   0.1648   0.1720   0.1913   0.1915   0.2005   0.2234   0.2330
  0.2338   0.2478   0.2562   0.2623   0.2826   0.2871   0.2904   0.2920
  0.2996   0.3002   0.3153   0.3253   0.3339   0.3626   0.3736   0.3815
  0.3995   0.4033   0.4054   0.4105   0.4253   0.4263   0.4595   0.4892
  0.4981   0.5064   0.5172   0.5362   0.5475   0.5650   0.5800   0.5880
  0.5901   0.5998   0.6189   0.6232   0.6419   0.6452   0.6631   0.6741
  0.6773   0.6883   0.7153   0.7168   0.7243   0.7377   0.7548   0.7571
  0.7597   0.7638   0.7783   0.7986   0.8063   0.8299   0.8383   0.8463
  0.8464   0.8719   0.8802   0.8823   0.8838   0.9286   0.9372   0.9483
  0.9649   0.9763   0.9847   0.9865   0.9973   0.9999   1.0025   1.0089
  1.0180   1.0544   1.0678   1.0760   1.0935   1.1267   1.1301   1.1362
  1.1598   1.1821   1.1960   1.2047   1.2245   1.2449   1.2467   1.2520
  1.2707   1.2875   1.3109   1.3383   1.3388   1.3516   1.3534   1.3735
  1.3994   1.3996   1.4265   1.4341   1.4686   1.4759   1.4820   1.5016
  1.5134   1.5150   1.5558   1.5839   1.6340   1.6657   1.6673   1.6978
  1.7373   1.7376   1.7732   1.7814   1.7820   1.7869   1.8082   1.8087
  1.8327   1.8419   1.8535   1.8900   1.8993   1.9057   1.9254   1.9515
  1.9554   1.9727   1.9911   1.9924   2.0017   2.0072   2.0262   2.0358
  2.0487   2.0587   2.0642   2.0991   2.1003   2.1057   2.1113   2.1347
  2.1781   2.1858   2.1860   2.1987   2.2032   2.2167   2.2326   2.2349
  2.2523   2.2983   2.2990   2.3067   2.3103   2.3396   2.3514   2.3709
  2.3716   2.4143   2.4281   2.4353   2.4434   2.4479   2.4646   2.4688
  2.4981   2.5188   2.5346   2.5458   2.5519   2.5702   2.5842   2.5900
  2.5952   2.6081   2.6096   2.6316   2.6614   2.6897   2.6900   2.7081
  2.7386   2.7458   2.7483   2.7725   2.7726   2.7818   2.7982   2.8154
  2.8260   2.8313   2.8491   2.8725   2.8977   2.9020   2.9178   2.9181
  2.9437   2.9509   2.9577   2.9867   2.9926   3.0157   3.0287   3.0515
  3.0517   3.0851   3.1022   3.1056   3.1262   3.1503   3.1605   3.1938
  3.2099   3.2116   3.2471   3.2793   3.3047   3.3185   3.3500   3.3617
  3.3798   3.4180   3.4445   3.4762   3.4983   3.5133   3.5372   3.5461
  3.5916   3.5941   3.5972   3.6063   3.6177   3.6823   3.6834   3.7181
  3.7260   3.7488   3.7656   3.7873   3.7979   3.8250   3.8575   3.8653
  3.8722   3.8859   3.8909   3.8986   3.9448   3.9718   4.0044   4.0110
  4.0494   4.0636   4.1093   4.1561   4.1592   4.1972   4.2211   4.2642
  4.2647   4.2740   4.3532   4.3637   4.3875   4.3879   4.4987   4.5398
  4.5409   4.5955   4.6046   4.6371   4.6591   4.7417   4.7805   4.7826
  4.8699   4.9217   4.9983   5.0181   5.0451   5.0541   5.0977   5.1460
  5.1503   5.1748   5.1899   5.2244   5.2278   5.2428   5.2489   5.2927
  5.3215   5.3300   5.3537   5.4313   5.4645   5.4655   5.5020   5.5069
  5.5236   5.5278   5.5673   5.5891   5.6110   5.6361   5.6675   5.6732
  5.6860   5.7269   5.7457   5.7664   5.7709   5.8042   5.8145   5.8580
  5.8695   5.8945   5.9082   5.9199   5.9262   5.9481   5.9679   5.9904
  5.9999   6.0010   6.0238   6.0720   6.0779   6.1034   6.1093   6.1263
  6.1417   6.1462   6.1638   6.1784   6.1928   6.1949   6.2229   6.2400
  6.2588   6.2700   6.2843   6.2954   6.2964   6.3089   6.3418   6.3688
  6.3851   6.4135   6.4300   6.4334   6.4589   6.5069   6.5087   6.5304
  6.5311   6.5589   6.5761   6.5836   6.6295   6.6480   6.6516   6.6606
  6.6800   6.7248   6.7291   6.7751   6.7963   6.8573   6.8652   6.8899
  6.8917   6.9090   6.9111   6.9193   6.9532   7.0016   7.0330   7.0705
  7.0831   7.0948   7.1066   7.1488   7.1968   7.2280   7.2531   7.2722
  7.2766   7.2888   7.3331   7.3516   7.3639   7.3764   7.3868   7.3886
  7.4119   7.4216   7.4427   7.4455   7.4918   7.5042   7.5245   7.5429
  7.5578   7.5896   7.6023   7.6209   7.6273   7.6469   7.6734   7.6827
  7.6973   7.7388   7.7652   7.7800   7.7934   7.8415   7.8545   7.8732
  7.9108   7.9245   7.9502   8.0082   8.0162   8.0655   8.0976   8.1063
  8.2258   8.2302   8.2378   8.2523   8.2676   8.2764   8.2826   8.3039
  8.3150   8.3168   8.3220   8.3284   8.3332   8.3539   8.3687   8.3757
  8.3944   8.4199   8.4235   8.4712   8.4737   8.4796   8.5028   8.5065
  8.5097   8.5250   8.5695   8.6108   8.6397   8.6512   8.6766   8.6992
  8.7018   8.7404   8.7656   8.8086   8.8318   8.8395   8.8517   8.8750
  8.9198   8.9270   8.9352   8.9419   8.9557   8.9649   8.9914   9.0517
  9.0576   9.0693   9.1228   9.1405   9.1573   9.2005   9.2219   9.2256
  9.2758   9.3765   9.3878   9.3977   9.4373   9.4483   9.5149   9.5203
  9.6096   9.7025   9.7298   9.7329   9.7684   9.7725   9.7818   9.7907
  9.8080   9.8214   9.8817   9.9058   9.9795   9.9829  10.0035  10.0594
 10.1014  10.1017  10.1407  10.1538  10.1615  10.2346  10.2791  10.3336
 10.3338  10.3556  10.4817  10.5200  10.6449  10.7192  10.8421  10.9721
 11.1270  11.1337  11.2095  11.4592  11.4694  11.5501  11.5615  11.6189
 11.6268  11.7612  11.7680  11.8735  11.8891  11.9781  12.0677  12.1037
 12.1058  12.2306  12.2715  12.4112  12.4414  12.5037  12.6003  12.7501
 12.7772  12.7952  12.7994  12.9713  12.9960  13.0873  13.2617  13.4801
 13.7582  13.8383  14.2546  14.5069  14.6935  14.9585  28.3542  28.7563
 28.9688  29.2042  37.3051  38.9378  48.3701  48.5216 146.9262 147.2952
147.5942 147.8106 196.0531 197.8145 252.8255 252.9906
 --------------------------------------------------------------
 
          Ground-State Mulliken Net Atomic Charges

     Atom                 Charge (a.u.)
  ----------------------------------------
      1 O                    -0.502320
      2 C                     0.461944
      3 C                    -0.113276
      4 N                     0.000239
      5 N                     0.127297
      6 O                    -0.576377
      7 C                     0.033605
      8 C                    -0.319183
      9 H                     0.184307
     10 H                     0.184986
     11 H                     0.153912
     12 H                     0.144173
     13 H                     0.109100
     14 H                     0.111595
  ----------------------------------------
  Sum of atomic charges =     0.000000

 -----------------------------------------------------------------
                    Cartesian Multipole Moments
 -----------------------------------------------------------------
    Charge (ESU x 10^10)
                -0.0000
    Dipole Moment (Debye)
         X      -1.5206      Y       0.4033      Z       2.2090
       Tot       2.7119
    Quadrupole Moments (Debye-Ang)
        XX     -45.8556     XY       1.6884     YY     -45.6569
        XZ       6.5859     YZ       0.0833     ZZ     -47.0898
    Octopole Moments (Debye-Ang^2)
       XXX    -145.6412    XXY      -1.1164    XYY     -40.9053
       YYY      -8.0491    XXZ       4.4342    XYZ       1.6504
       YYZ      -9.1654    XZZ     -37.7358    YZZ       0.4884
       ZZZ     -18.3267
    Hexadecapole Moments (Debye-Ang^3)
      XXXX   -1781.3992   XXXY     -65.0987   XXYY    -285.1174
      XYYY     -67.0732   YYYY     -75.3822   XXXZ      11.1197
      XXYZ       1.9016   XYYZ     -11.1337   YYYZ     -16.9668
      XXZZ    -287.9607   XYZZ     -15.0497   YYZZ     -43.1241
      XZZZ     -14.4470   YZZZ     -14.0274   ZZZZ    -182.3592
 -----------------------------------------------------------------
 Total job time:  95.28s(wall), 2858.39s(cpu) 
 Thu Aug  1 13:52:46 2024

        *************************************************************
        *                                                           *
        *  Thank you very much for using Q-Chem.  Have a nice day.  *
        *                                                           *
        *************************************************************


