
Running Job 1 of 1 frag1-ts1-triplet-wb97xd-c1-B3PW91.in
qchem frag1-ts1-triplet-wb97xd-c1-B3PW91.in_2343722.0 /expanse/lustre/scratch/whughes/temp_project/job_32695294/frag1-ts1-triplet-wb97xd-c1-B3PW91-32695294/ 0
/cm/shared/apps/spack/0.17.3/cpu/b/opt/spack/linux-rocky8-zen2/gcc-10.2.0/qchem-6.0-rytxnwjazd34ekd2gqyi5ufsaimxsd3r/exe/qcprog.exe_s frag1-ts1-triplet-wb97xd-c1-B3PW91.in_2343722.0 /expanse/lustre/scratch/whughes/temp_project/job_32695294/frag1-ts1-triplet-wb97xd-c1-B3PW91-32695294/
                  Welcome to Q-Chem
     A Quantum Leap Into The Future Of Chemistry


 Q-Chem 6.0, Q-Chem, Inc., Pleasanton, CA (2022)

 License issued to: University of California, San Diego (site)

 E. Epifanovsky,  A. T. B. Gilbert,  Xintian Feng,  Joonho Lee,  Yuezhi Mao,  
 N. Mardirossian,  P. Pokhilko,  A. White,  M. Wormit,  M. P. Coons,  
 A. L. Dempwolff,  Zhengting Gan,  D. Hait,  P. R. Horn,  L. D. Jacobson,  
 I. Kaliman,  J. Kussmann,  A. W. Lange,  Ka Un Lao,  D. S. Levine,  Jie Liu,  
 S. C. McKenzie,  A. F. Morrison,  K. Nanda,  F. Plasser,  D. R. Rehn,  
 M. L. Vidal,  Zhi-Qiang You,  Ying Zhu,  B. Alam,  B. Albrecht,  
 A. Aldossary,  E. Alguire,  J. H. Andersen,  V. Athavale,  D. Barton,  
 K. Begam,  A. Behn,  N. Bellonzi,  Y. A. Bernard,  E. J. Berquist,  
 H. Burton,  A. Carreras,  K. Carter-Fenk,  Romit Chakraborty,  
 Chandrima Chakravarty,  Junhan Chen,  A. D. Chien,  K. D. Closser,  
 V. Cofer-Shabica,  L. Cunha,  S. Dasgupta,  Jia Deng,  M. de Wergifosse,  
 M. Diedenhofen,  Hainam Do,  S. Ehlert,  Po-Tung Fang,  S. Fatehi,  
 Qingguo Feng,  T. Friedhoff,  B. Ganoe,  J. Gayvert,  Qinghui Ge,  
 G. Gidofalvi,  M. Goldey,  J. Gomes,  C. Gonzalez-Espinoza,  S. Gulania,  
 A. Gunina,  J. A. Gyamfi,  M. W. D. Hanson-Heine,  P. H. P. Harbach,  
 A. W. Hauser,  M. F. Herbst,  M. Hernandez Vera,  M. Hodecker,  
 Z. C. Holden,  S. Houck,  Xunkun Huang,  Kerwin Hui,  B. C. Huynh,  
 K. Ikeda,  M. Ivanov,  Hyunjun Ji,  Zuxin Jin,  Hanjie Jiang,  B. Kaduk,  
 S. Kaehler,  R. Kang,  K. Khistyaev,  Jaehoon Kim,  Yongbin Kim,  
 P. Klunzinger,  Z. Koczor-Benda,  Joong Hoon Koh,  D. Kosenkov,  
 Saikiran Kotaru,  L. Koulias,  T. Kowalczyk,  C. M. Krauter,  K. Kue,  
 A. Kunitsa,  T. Kus,  A. Landau,  K. V. Lawler,  D. Lefrancois,  S. Lehtola,  
 Rain Li,  Shaozhi Li,  Yi-Pei Li,  Jiashu Liang,  M. Liebenthal,  
 Hung-Hsuan Lin,  You-Sheng Lin,  Fenglai Liu,  Kuan-Yu Liu,  
 M. Loipersberger,  A. Luenser,  C. Malbon,  A. Manjanath,  P. Manohar,  
 E. Mansoor,  S. F. Manzer,  Shan-Ping Mao,  A. V. Marenich,  T. Markovich,  
 S. Mason,  F. Matz,  S. A. Maurer,  P. F. McLaughlin,  M. F. S. J. Menger,  
 J.-M. Mewes,  S. A. Mewes,  P. Morgante,  Mohammad Mostafanejad,  
 J. W. Mullinax,  K. J. Oosterbaan,  G. Paran,  V. Parravicini,  
 Alexander C. Paul,  Suranjan K. Paul,  F. Pavosevic,  Zheng Pei,  S. Prager,  
 E. I. Proynov,  E. Ramos,  B. Rana,  A. E. Rask,  A. Rettig,  R. M. Richard,  
 F. Rob,  E. Rossomme,  T. Scheele,  M. Scheurer,  M. Schneider,  
 P. E. Schneider,  N. Sergueev,  S. M. Sharada,  Hengyuan Shen,  
 W. Skomorowski,  D. W. Small,  C. J. Stein,  Yingli Su,  Yu-Chuan Su,  
 E. J. Sundstrom,  Zhen Tao,  J. Thirman,  Hung-Yi Tsai,  T. Tsuchimochi,  
 N. M. Tubman,  C. Utku,  S. P. Veccham,  O. Vydrov,  J. Wenzel,  
 Jonathan Wong,  J. Witte,  A. Yamada,  Chou-Hsun Yang,  Kun Yao,  
 S. Yeganeh,  S. R. Yost,  A. Zech,  F. Zeller,  Igor Ying Zhang,  
 Xing Zhang,  Yu Zhang,  D. Zuev,  A. Aspuru-Guzik,  A. T. Bell,  
 N. A. Besley,  K. B. Bravaya,  B. R. Brooks,  D. Casanova,  Jeng-Da Chai,  
 Hsing-Ta Chen,  S. Coriani,  C. J. Cramer,  A. E. DePrince, III,  
 R. A. DiStasio Jr.,  A. Dreuw,  B. D. Dunietz,  T. R. Furlani,  
 W. A. Goddard III,  S. Grimme,  S. Hammes-Schiffer,  T. Head-Gordon,  
 W. J. Hehre,  Chao-Ping Hsu,  T.-C. Jagau,  Yousung Jung,  A. Klamt,  
 Jing Kong,  D. S. Lambrecht,  Xiangyuan Li,  WanZhen Liang,  N. J. Mayhall,  
 C. W. McCurdy,  J. B. Neaton,  T. Neudecker,  C. Ochsenfeld,  
 J. A. Parkhill,  R. Peverati,  V. A. Rassolov,  Haisheng Ren,  Yihan Shao,  
 L. V. Slipchenko,  R. P. Steele,  J. E. Subotnik,  A. J. W. Thom,  
 A. Tkatchenko,  D. G. Truhlar,  T. Van Voorhis,  Fan Wang,  
 T. A. Wesolowski,  K. B. Whaley,  H. L. Woodcock III,  P. M. Zimmerman,  
 S. Faraji,  P. M. W. Gill,  M. Head-Gordon,  J. M. Herbert,  A. I. Krylov

 Contributors to earlier versions of Q-Chem not listed above: 
 R. D. Adamson,  B. Austin,  R. Baer,  J. Baker,  G. J. O. Beran,  
 K. Brandhorst,  S. T. Brown,  E. F. C. Byrd,  Arup K. Chakraborty,  
 G. K. L. Chan,  Chun-Min Chang,  Yunqing Chen,  C.-L. Cheng,  
 Siu Hung Chien,  D. M. Chipman,  D. L. Crittenden,  H. Dachsel,  
 R. J. Doerksen,  A. D. Dutoi,  R. G. Edgar,  J. Fosso-Tande,  
 L. Fusti-Molnar,  D. Ghosh,  A. Ghysels,  A. Golubeva-Zadorozhnaya,  
 J. Gonthier,  M. S. Gordon,  S. R. Gwaltney,  G. Hawkins,  J. E. Herr,  
 A. Heyden,  S. Hirata,  E. G. Hohenstein,  G. Kedziora,  F. J. Keil,  
 C. Kelley,  Jihan Kim,  R. A. King,  R. Z. Khaliullin,  P. P. Korambath,  
 W. Kurlancheek,  A. Laurent,  A. M. Lee,  M. S. Lee,  S. V. Levchenko,  
 Ching Yeh Lin,  D. Liotard,  E. Livshits,  R. C. Lochan,  I. Lotan,  
 L. A. Martinez-Martinez,  P. E. Maslen,  N. Nair,  D. P. O'Neill,  
 D. Neuhauser,  E. Neuscamman,  C. M. Oana,  R. Olivares-Amaya,  R. Olson,  
 T. M. Perrine,  B. Peters,  P. A. Pieniazek,  A. Prociuk,  Y. M. Rhee,  
 J. Ritchie,  M. A. Rohrdanz,  E. Rosta,  N. J. Russ,  H. F. Schaefer III,  
 M. W. Schmidt,  N. E. Schultz,  S. Sharma,  N. Shenvi,  C. D. Sherrill,  
 A. C. Simmonett,  A. Sodt,  T. Stein,  D. Stuck,  K. S. Thanthiriwatte,  
 V. Vanovschi,  L. Vogt,  Tao Wang,  A. Warshel,  M. A. Watson,  
 C. F. Williams,  Q. Wu,  X. Xu,  Jun Yang,  W. Zhang,  Yan Zhao

   Please cite Q-Chem as follows:
  "Software for the frontiers of quantum chemistry:
   An overview of developments in the Q-Chem 5 package"
   J. Chem. Phys. 155, 084801 (2021)
   https://doi.org/10.1063/5.0055522 (open access)

 Q-Chem 6.0.2 for Intel X86 EM64T Linux

 Parts of Q-Chem use Armadillo 9.900.5 (Nocturnal Misbehaviour).
 http://arma.sourceforge.net/

 Q-Chem begins on Thu Aug  1 13:39:04 2024  

 Host: 
0

     Scratch files written to /expanse/lustre/scratch/whughes/temp_project/job_32695294/frag1-ts1-triplet-wb97xd-c1-B3PW91-32695294//
 Dec722 |scratch|qcdevops|jenkins|workspace|build_RNUM    
 Processing $rem in /cm/shared/apps/spack/0.17.3/cpu/b/opt/spack/linux-rocky8-zen2/gcc-10.2.0/qchem-6.0-rytxnwjazd34ekd2gqyi5ufsaimxsd3r/config/preferences:
 Processing $rem in /home/whughes/.qchemrc:

 Checking the input file for inconsistencies... 	...done.

--------------------------------------------------------------
User input:
--------------------------------------------------------------
$molecule
0 3
C    -0.5353739237   -1.0614697004   0.051309851
C    0.0755545546    -0.0193110534   -0.8793232872
O    1.1586124751    -0.1219228547   -1.40100508
C    0.388761198     1.5020483056    0.4913369421
H    -0.8517560515   -1.8881293679   -0.5874398929
H    0.1989576862    -1.4341730318   0.7708705028
H    -1.4048298055   -0.6661418392   0.5691382228
H    -0.6406629139   1.7008317165    0.7600505844
H    1.0089374551    1.0265314665    1.2408976116
H    0.8730883256    2.2323263586    -0.1407814547
$end

$rem
METHOD      B3PW91
BASIS       def2-QZVPP
SYM_IGNORE   TRUE
DFT_D       D4
MAX_SCF_CYCLES 300
$end

$end
--------------------------------------------------------------
 Adding empirical dispersion correction 
 ----------------------------------------------------------------
 Doing -D4(0) with B3PW parameters:
 s6  =   1.00000
 s8  =   2.88364
 s10 =   0.00000
 s9 =   1.00000
 a1  =   0.46991
 a2  =   4.51641
 -D4 energy including 3body term = -0.0081557196 hartrees
 ----------------------------------------------------------------
             Standard Nuclear Orientation (Angstroms)
    I     Atom           X                Y                Z
 ----------------------------------------------------------------
    1      C      -0.5353739237    -1.0614697004     0.0513098510
    2      C       0.0755545546    -0.0193110534    -0.8793232872
    3      O       1.1586124751    -0.1219228547    -1.4010050800
    4      C       0.3887611980     1.5020483056     0.4913369421
    5      H      -0.8517560515    -1.8881293679    -0.5874398929
    6      H       0.1989576862    -1.4341730318     0.7708705028
    7      H      -1.4048298055    -0.6661418392     0.5691382228
    8      H      -0.6406629139     1.7008317165     0.7600505844
    9      H       1.0089374551     1.0265314665     1.2408976116
   10      H       0.8730883256     2.2323263586    -0.1407814547
 ----------------------------------------------------------------
 Nuclear Repulsion Energy =         113.62724288 hartrees
 There are       17 alpha and       15 beta electrons
 Requested basis set is def2-QZVPP
 There are 128 shells and 408 basis functions

 Total QAlloc Memory Limit   8000 MB
 Mega-Array Size       188 MB
 MEM_STATIC part       192 MB


                       Distance Matrix (Angstroms)
             C (  1)   C (  2)   O (  3)   C (  4)   H (  5)   H (  6)
   C (  2)  1.524928
   O (  3)  2.421065  1.206522
   C (  4)  2.760303  2.071555  2.609772
   H (  5)  1.091543  2.106557  2.796955  3.767751
   H (  6)  1.093580  2.177201  2.712929  2.955598  1.776255
   H (  7)  1.086455  2.169785  3.278548  2.814973  1.771106  1.789609
   H (  8)  2.853718  2.481815  3.351117  1.082329  3.839392  3.245510
   H (  9)  2.856530  2.541717  2.884614  1.082856  3.911553  2.632880
   H ( 10)  3.587444  2.500275  2.685550  1.080487  4.489181  3.837809
             H (  7)   H (  8)   H (  9)
   H (  8)  2.494587
   H (  9)  3.023686  1.845827
   H ( 10)  3.754200  1.839953  1.838867
 
 A cutoff of  1.0D-09 yielded   7271 shell pairs
 There are     74659 function pairs (    111571 Cartesian)
 Smallest overlap matrix eigenvalue = 9.02E-05

 Scale SEOQF with 1.000000e-01/1.000000e-01/1.000000e-01

 Standard Electronic Orientation quadrupole field applied
 Nucleus-field energy     =     0.0000000005 hartrees
 Guess from superposition of atomic densities
 Warning:  Energy on first SCF cycle will be non-variational
 SAD guess density has 32.000000 electrons

 -----------------------------------------------------------------------
  General SCF calculation program by
  Eric Jon Sundstrom, Paul Horn, Yuezhi Mao, Dmitri Zuev, Alec White,
  David Stuck, Shaama M.S., Shane Yost, Joonho Lee, David Small,
  Daniel Levine, Susi Lehtola, Hugh Burton, Evgeny Epifanovsky,
  Bang C. Huynh
 -----------------------------------------------------------------------
 Exchange:     0.2000 Hartree-Fock + 0.0800 Slater + 0.7200 B88
 Correlation:  0.1900 PW92 + 0.8100 PW91
 Using SG-1 standard quadrature grid
 Dispersion:   Grimme D4
 using 32 threads for integral computing
 -------------------------------------------------------
 OpenMP Integral computing Module                
 Release: version 1.0, May 2013, Q-Chem Inc. Pittsburgh 
 -------------------------------------------------------
 A unrestricted SCF calculation will be
 performed using DIIS
 SCF converges when DIIS error is below 1.0e-05
 ---------------------------------------
  Cycle       Energy         DIIS error
 ---------------------------------------
    1    -193.3609626637      7.77e-03  
    2    -192.9490599393      1.06e-03  
    3    -192.8649219983      1.61e-03  
    4    -193.0159751197      4.96e-04  
    5    -193.0329433480      8.03e-05  
    6    -193.0334635840      2.47e-05  
    7    -193.0335220617      1.12e-05  
    8    -193.0335364422      4.63e-06  Convergence criterion met
 ---------------------------------------
 SCF time:   CPU 627.31s  wall 21.00s 
<S^2> =          2.012471999
 SCF   energy in the final basis set =     -193.0335364422
 Total energy in the final basis set =     -193.0335364422
 
 --------------------------------------------------------------
 
                    Orbital Energies (a.u.)
 --------------------------------------------------------------
 
 Alpha MOs
 -- Occupied --
-19.1489 -10.2431 -10.2024 -10.1858  -1.0799  -0.7653  -0.7152  -0.5489
 -0.4699  -0.4656  -0.4613  -0.4386  -0.4324  -0.3935  -0.3853  -0.2670
 -0.1770
 -- Virtual --
  0.0130   0.0286   0.0579   0.0714   0.0834   0.1001   0.1211   0.1247
  0.1339   0.1400   0.1496   0.1580   0.1675   0.1924   0.2044   0.2513
  0.2839   0.2981   0.2992   0.3104   0.3238   0.3339   0.3402   0.3414
  0.3585   0.3823   0.4158   0.4185   0.4247   0.4646   0.4742   0.5190
  0.5413   0.5708   0.5923   0.5941   0.6153   0.6370   0.6440   0.6582
  0.6788   0.6859   0.7127   0.7191   0.7414   0.7537   0.7712   0.8025
  0.8153   0.8163   0.8298   0.8385   0.8544   0.8551   0.8714   0.8951
  0.9136   0.9332   0.9842   0.9955   1.0237   1.0458   1.0533   1.0716
  1.0896   1.1261   1.1358   1.1652   1.1971   1.2092   1.2255   1.2635
  1.2792   1.2811   1.3193   1.3510   1.3617   1.3752   1.4103   1.4220
  1.4405   1.4702   1.5041   1.5354   1.6167   1.6928   1.7102   1.7423
  1.7479   1.7829   1.7936   1.8157   1.8204   1.8543   1.8707   1.8790
  1.9015   1.9231   1.9377   1.9398   1.9547   1.9800   1.9896   2.0070
  2.0298   2.0487   2.0503   2.0607   2.1042   2.1424   2.1518   2.1597
  2.1695   2.1793   2.2019   2.2258   2.2437   2.2663   2.2704   2.3018
  2.3173   2.3737   2.4008   2.4145   2.4186   2.4434   2.4856   2.5214
  2.5462   2.5602   2.5745   2.6099   2.6226   2.6301   2.6482   2.6696
  2.6955   2.7155   2.7372   2.7559   2.7801   2.8041   2.8200   2.8245
  2.8361   2.8760   2.9063   2.9149   2.9341   2.9611   2.9784   3.0381
  3.0776   3.0897   3.1397   3.1497   3.1876   3.2129   3.2449   3.2860
  3.2943   3.3143   3.3415   3.3746   3.3967   3.4129   3.4573   3.4747
  3.4915   3.5039   3.5669   3.6515   3.6705   3.6958   3.7271   3.7569
  3.7861   3.8090   3.8109   3.8380   3.8631   3.8805   3.9727   4.0005
  4.0131   4.1006   4.1109   4.1662   4.2236   4.2507   4.2974   4.4293
  4.5750   4.6446   4.7615   4.8012   4.8467   4.8916   4.9689   5.0218
  5.1022   5.1408   5.1960   5.2060   5.2360   5.2880   5.3441   5.3591
  5.3978   5.4274   5.4860   5.5037   5.5517   5.5955   5.6439   5.6711
  5.6898   5.6903   5.6993   5.7730   5.7851   5.7899   5.8070   5.8186
  5.8619   5.8687   5.8790   5.9091   5.9160   5.9344   5.9495   6.0375
  6.0388   6.0492   6.0581   6.1133   6.1223   6.1428   6.1648   6.1873
  6.2028   6.2330   6.2691   6.2964   6.3092   6.3357   6.3522   6.3623
  6.3916   6.4216   6.4458   6.4544   6.4949   6.5126   6.5871   6.6113
  6.6223   6.6333   6.6714   6.6812   6.7232   6.7360   6.7587   6.7669
  6.8264   6.8471   6.9567   6.9621   6.9947   7.0451   7.0534   7.0844
  7.1044   7.2590   7.2950   7.3143   7.3212   7.3518   7.3792   7.3930
  7.4153   7.4676   7.5006   7.5260   7.5398   7.5504   7.5781   7.5920
  7.6129   7.6269   7.6351   7.6602   7.6815   7.6997   7.7393   7.7657
  7.7770   7.8290   7.8649   7.9052   7.9281   7.9473   8.0006   8.0322
  8.1380   8.1917   8.2111   8.2527   8.2607   8.2619   8.3092   8.3162
  8.3356   8.3495   8.3563   8.3967   8.4166   8.4290   8.4581   8.4985
  8.5049   8.5451   8.5736   8.6572   8.6918   8.7415   8.8257   8.8324
  8.8444   8.8636   8.8905   8.9115   8.9472   8.9511   8.9962   9.0513
  9.1117   9.1367   9.1851   9.2518   9.5704   9.5834   9.6386   9.7007
  9.7366   9.7762   9.7959   9.8133   9.8662   9.8759   9.8876   9.9235
  9.9294  10.0159  10.0866  10.2365  10.2528  10.3015  10.3507  10.4637
 10.5030  10.5478  10.5872  10.6223  10.9647  10.9773  11.3456  11.3741
 11.5828  11.7166  11.7604  11.8143  11.8534  11.9086  12.0210  12.0958
 12.1648  13.1358  13.1889  13.2118  13.3393  14.0350  14.3957  28.1083
 28.7419  29.0040  48.1151 147.1451 147.8170 148.1072 253.1870
 
 Beta MOs
 -- Occupied --
-19.1316 -10.2333 -10.1904 -10.1823  -1.0486  -0.7477  -0.6853  -0.5206
 -0.4506  -0.4495  -0.4371  -0.4247  -0.4202  -0.3620  -0.3412
 -- Virtual --
 -0.1312  -0.0355   0.0337   0.0498   0.0642   0.0759   0.0884   0.1056
  0.1285   0.1350   0.1398   0.1440   0.1557   0.1675   0.1876   0.2073
  0.2102   0.2592   0.2916   0.3031   0.3085   0.3237   0.3342   0.3390
  0.3481   0.3527   0.3658   0.3946   0.4293   0.4296   0.4383   0.4733
  0.4834   0.5324   0.5512   0.5817   0.5969   0.6011   0.6217   0.6487
  0.6607   0.6741   0.6863   0.6963   0.7231   0.7347   0.7541   0.7620
  0.7845   0.8113   0.8251   0.8302   0.8383   0.8448   0.8616   0.8628
  0.8869   0.9066   0.9282   0.9446   0.9938   1.0018   1.0327   1.0563
  1.0611   1.0797   1.1027   1.1361   1.1442   1.1737   1.2075   1.2232
  1.2365   1.2725   1.2881   1.2954   1.3322   1.3620   1.3758   1.3898
  1.4194   1.4346   1.4568   1.4917   1.5220   1.5476   1.6409   1.7088
  1.7262   1.7504   1.7598   1.7890   1.8061   1.8299   1.8342   1.8640
  1.8797   1.8915   1.9091   1.9406   1.9499   1.9544   1.9652   1.9969
  2.0007   2.0245   2.0418   2.0653   2.0667   2.0818   2.1158   2.1516
  2.1625   2.1724   2.1869   2.1886   2.2136   2.2351   2.2536   2.2786
  2.2918   2.3179   2.3329   2.3893   2.4143   2.4283   2.4332   2.4568
  2.4972   2.5284   2.5532   2.5660   2.5809   2.6163   2.6352   2.6397
  2.6578   2.6795   2.7027   2.7232   2.7434   2.7624   2.7915   2.8161
  2.8289   2.8343   2.8444   2.8860   2.9142   2.9252   2.9456   2.9699
  2.9909   3.0500   3.0910   3.1008   3.1505   3.1655   3.2018   3.2255
  3.2596   3.2965   3.3092   3.3287   3.3545   3.3867   3.4097   3.4286
  3.4718   3.4876   3.4995   3.5174   3.5879   3.6627   3.6861   3.7111
  3.7409   3.7774   3.7923   3.8150   3.8303   3.8461   3.8705   3.8983
  3.9924   4.0278   4.0338   4.1156   4.1343   4.1803   4.2375   4.2733
  4.3104   4.4511   4.5903   4.6666   4.7766   4.8235   4.8682   4.9210
  4.9915   5.0412   5.1331   5.1595   5.2159   5.2272   5.2616   5.3004
  5.3744   5.3799   5.4041   5.4563   5.5074   5.5147   5.5699   5.6183
  5.6605   5.6864   5.6972   5.7101   5.7171   5.7851   5.8021   5.8074
  5.8157   5.8346   5.8721   5.8811   5.8932   5.9156   5.9343   5.9385
  5.9627   6.0469   6.0530   6.0615   6.0754   6.1270   6.1367   6.1571
  6.1809   6.2005   6.2167   6.2483   6.2808   6.3111   6.3310   6.3520
  6.3665   6.3815   6.4025   6.4321   6.4598   6.4772   6.5088   6.5358
  6.6079   6.6260   6.6392   6.6467   6.6876   6.6974   6.7395   6.7599
  6.7916   6.7998   6.8482   6.8627   6.9695   6.9748   7.0122   7.0595
  7.0722   7.0959   7.1123   7.2736   7.3011   7.3181   7.3274   7.3583
  7.3857   7.3979   7.4249   7.4841   7.5125   7.5340   7.5508   7.5580
  7.5899   7.6023   7.6209   7.6339   7.6417   7.6668   7.6875   7.7044
  7.7457   7.7743   7.7834   7.8389   7.8715   7.9143   7.9339   7.9560
  8.0073   8.0348   8.1495   8.1945   8.2145   8.2581   8.2662   8.2737
  8.3121   8.3170   8.3369   8.3527   8.3592   8.4000   8.4205   8.4329
  8.4601   8.5027   8.5103   8.5509   8.5809   8.6614   8.6954   8.7464
  8.8433   8.8584   8.8690   8.8787   8.8961   8.9145   8.9538   8.9560
  9.0130   9.0617   9.1319   9.1456   9.1882   9.2714   9.5714   9.5842
  9.6600   9.7054   9.7402   9.7837   9.8008   9.8179   9.8765   9.8929
  9.9047   9.9389   9.9441  10.0202  10.1038  10.2556  10.2601  10.3117
 10.3653  10.4721  10.5195  10.5534  10.5939  10.6266  11.0210  11.0329
 11.3814  11.4083  11.5933  11.7246  11.7692  11.8329  11.8753  11.9389
 12.0303  12.1582  12.2242  13.1548  13.2179  13.2299  13.3627  14.0816
 14.4121  28.1251  28.7643  29.0101  48.1408 147.1522 147.8241 148.1099
253.1951
 --------------------------------------------------------------
 
          Ground-State Mulliken Net Atomic Charges

     Atom                 Charge (a.u.)    Spin (a.u.)
  --------------------------------------------------------
      1 C                    -0.159742       0.100500
      2 C                     0.029606       0.596434
      3 O                    -0.225911       0.557108
      4 C                    -0.233323       0.734958
      5 H                     0.093192       0.004587
      6 H                     0.077611       0.049648
      7 H                     0.084435      -0.004650
      8 H                     0.104027      -0.008950
      9 H                     0.108185      -0.006311
     10 H                     0.121921      -0.023323
  --------------------------------------------------------
  Sum of atomic charges =    -0.000000
  Sum of spin   charges =     2.000000

 -----------------------------------------------------------------
                    Cartesian Multipole Moments
 -----------------------------------------------------------------
    Charge (ESU x 10^10)
                 0.0000
    Dipole Moment (Debye)
         X      -1.2559      Y       0.0478      Z       2.2522
       Tot       2.5792
    Quadrupole Moments (Debye-Ang)
        XX     -26.9679     XY       1.1761     YY     -23.0055
        XZ       1.9688     YZ       0.5452     ZZ     -28.6156
    Octopole Moments (Debye-Ang^2)
       XXX     -19.1302    XXY      -1.3675    XYY      -4.8582
       YYY      -6.6499    XXZ      12.2413    XYZ      -1.9880
       YYZ       5.2241    XZZ      -7.7722    YZZ      -3.7649
       ZZZ      27.8716
    Hexadecapole Moments (Debye-Ang^3)
      XXXX    -108.7333   XXXY     -24.2565   XXYY     -48.5207
      XYYY     -21.0347   YYYY    -193.6426   XXXZ      26.2039
      XXYZ      -5.7845   XYYZ       6.7884   YYYZ     -19.2821
      XXZZ     -45.0181   XYZZ      -7.6188   YYZZ     -56.8664
      XZZZ      28.7497   YZZZ     -17.0801   ZZZZ    -149.4005
 -----------------------------------------------------------------
 Total job time:  23.70s(wall), 653.10s(cpu) 
 Thu Aug  1 13:39:28 2024

        *************************************************************
        *                                                           *
        *  Thank you very much for using Q-Chem.  Have a nice day.  *
        *                                                           *
        *************************************************************


