
Running Job 1 of 1 frag4-p1-doublet-wb97xd-B3PW91.in
qchem frag4-p1-doublet-wb97xd-B3PW91.in_2104834.0 /expanse/lustre/scratch/whughes/temp_project/job_32696430/frag4-p1-doublet-wb97xd-B3PW91-32696430/ 0
/cm/shared/apps/spack/0.17.3/cpu/b/opt/spack/linux-rocky8-zen2/gcc-10.2.0/qchem-6.0-rytxnwjazd34ekd2gqyi5ufsaimxsd3r/exe/qcprog.exe_s frag4-p1-doublet-wb97xd-B3PW91.in_2104834.0 /expanse/lustre/scratch/whughes/temp_project/job_32696430/frag4-p1-doublet-wb97xd-B3PW91-32696430/
                  Welcome to Q-Chem
     A Quantum Leap Into The Future Of Chemistry


 Q-Chem 6.0, Q-Chem, Inc., Pleasanton, CA (2022)

 License issued to: University of California, San Diego (site)

 E. Epifanovsky,  A. T. B. Gilbert,  Xintian Feng,  Joonho Lee,  Yuezhi Mao,  
 N. Mardirossian,  P. Pokhilko,  A. White,  M. Wormit,  M. P. Coons,  
 A. L. Dempwolff,  Zhengting Gan,  D. Hait,  P. R. Horn,  L. D. Jacobson,  
 I. Kaliman,  J. Kussmann,  A. W. Lange,  Ka Un Lao,  D. S. Levine,  Jie Liu,  
 S. C. McKenzie,  A. F. Morrison,  K. Nanda,  F. Plasser,  D. R. Rehn,  
 M. L. Vidal,  Zhi-Qiang You,  Ying Zhu,  B. Alam,  B. Albrecht,  
 A. Aldossary,  E. Alguire,  J. H. Andersen,  V. Athavale,  D. Barton,  
 K. Begam,  A. Behn,  N. Bellonzi,  Y. A. Bernard,  E. J. Berquist,  
 H. Burton,  A. Carreras,  K. Carter-Fenk,  Romit Chakraborty,  
 Chandrima Chakravarty,  Junhan Chen,  A. D. Chien,  K. D. Closser,  
 V. Cofer-Shabica,  L. Cunha,  S. Dasgupta,  Jia Deng,  M. de Wergifosse,  
 M. Diedenhofen,  Hainam Do,  S. Ehlert,  Po-Tung Fang,  S. Fatehi,  
 Qingguo Feng,  T. Friedhoff,  B. Ganoe,  J. Gayvert,  Qinghui Ge,  
 G. Gidofalvi,  M. Goldey,  J. Gomes,  C. Gonzalez-Espinoza,  S. Gulania,  
 A. Gunina,  J. A. Gyamfi,  M. W. D. Hanson-Heine,  P. H. P. Harbach,  
 A. W. Hauser,  M. F. Herbst,  M. Hernandez Vera,  M. Hodecker,  
 Z. C. Holden,  S. Houck,  Xunkun Huang,  Kerwin Hui,  B. C. Huynh,  
 K. Ikeda,  M. Ivanov,  Hyunjun Ji,  Zuxin Jin,  Hanjie Jiang,  B. Kaduk,  
 S. Kaehler,  R. Kang,  K. Khistyaev,  Jaehoon Kim,  Yongbin Kim,  
 P. Klunzinger,  Z. Koczor-Benda,  Joong Hoon Koh,  D. Kosenkov,  
 Saikiran Kotaru,  L. Koulias,  T. Kowalczyk,  C. M. Krauter,  K. Kue,  
 A. Kunitsa,  T. Kus,  A. Landau,  K. V. Lawler,  D. Lefrancois,  S. Lehtola,  
 Rain Li,  Shaozhi Li,  Yi-Pei Li,  Jiashu Liang,  M. Liebenthal,  
 Hung-Hsuan Lin,  You-Sheng Lin,  Fenglai Liu,  Kuan-Yu Liu,  
 M. Loipersberger,  A. Luenser,  C. Malbon,  A. Manjanath,  P. Manohar,  
 E. Mansoor,  S. F. Manzer,  Shan-Ping Mao,  A. V. Marenich,  T. Markovich,  
 S. Mason,  F. Matz,  S. A. Maurer,  P. F. McLaughlin,  M. F. S. J. Menger,  
 J.-M. Mewes,  S. A. Mewes,  P. Morgante,  Mohammad Mostafanejad,  
 J. W. Mullinax,  K. J. Oosterbaan,  G. Paran,  V. Parravicini,  
 Alexander C. Paul,  Suranjan K. Paul,  F. Pavosevic,  Zheng Pei,  S. Prager,  
 E. I. Proynov,  E. Ramos,  B. Rana,  A. E. Rask,  A. Rettig,  R. M. Richard,  
 F. Rob,  E. Rossomme,  T. Scheele,  M. Scheurer,  M. Schneider,  
 P. E. Schneider,  N. Sergueev,  S. M. Sharada,  Hengyuan Shen,  
 W. Skomorowski,  D. W. Small,  C. J. Stein,  Yingli Su,  Yu-Chuan Su,  
 E. J. Sundstrom,  Zhen Tao,  J. Thirman,  Hung-Yi Tsai,  T. Tsuchimochi,  
 N. M. Tubman,  C. Utku,  S. P. Veccham,  O. Vydrov,  J. Wenzel,  
 Jonathan Wong,  J. Witte,  A. Yamada,  Chou-Hsun Yang,  Kun Yao,  
 S. Yeganeh,  S. R. Yost,  A. Zech,  F. Zeller,  Igor Ying Zhang,  
 Xing Zhang,  Yu Zhang,  D. Zuev,  A. Aspuru-Guzik,  A. T. Bell,  
 N. A. Besley,  K. B. Bravaya,  B. R. Brooks,  D. Casanova,  Jeng-Da Chai,  
 Hsing-Ta Chen,  S. Coriani,  C. J. Cramer,  A. E. DePrince, III,  
 R. A. DiStasio Jr.,  A. Dreuw,  B. D. Dunietz,  T. R. Furlani,  
 W. A. Goddard III,  S. Grimme,  S. Hammes-Schiffer,  T. Head-Gordon,  
 W. J. Hehre,  Chao-Ping Hsu,  T.-C. Jagau,  Yousung Jung,  A. Klamt,  
 Jing Kong,  D. S. Lambrecht,  Xiangyuan Li,  WanZhen Liang,  N. J. Mayhall,  
 C. W. McCurdy,  J. B. Neaton,  T. Neudecker,  C. Ochsenfeld,  
 J. A. Parkhill,  R. Peverati,  V. A. Rassolov,  Haisheng Ren,  Yihan Shao,  
 L. V. Slipchenko,  R. P. Steele,  J. E. Subotnik,  A. J. W. Thom,  
 A. Tkatchenko,  D. G. Truhlar,  T. Van Voorhis,  Fan Wang,  
 T. A. Wesolowski,  K. B. Whaley,  H. L. Woodcock III,  P. M. Zimmerman,  
 S. Faraji,  P. M. W. Gill,  M. Head-Gordon,  J. M. Herbert,  A. I. Krylov

 Contributors to earlier versions of Q-Chem not listed above: 
 R. D. Adamson,  B. Austin,  R. Baer,  J. Baker,  G. J. O. Beran,  
 K. Brandhorst,  S. T. Brown,  E. F. C. Byrd,  Arup K. Chakraborty,  
 G. K. L. Chan,  Chun-Min Chang,  Yunqing Chen,  C.-L. Cheng,  
 Siu Hung Chien,  D. M. Chipman,  D. L. Crittenden,  H. Dachsel,  
 R. J. Doerksen,  A. D. Dutoi,  R. G. Edgar,  J. Fosso-Tande,  
 L. Fusti-Molnar,  D. Ghosh,  A. Ghysels,  A. Golubeva-Zadorozhnaya,  
 J. Gonthier,  M. S. Gordon,  S. R. Gwaltney,  G. Hawkins,  J. E. Herr,  
 A. Heyden,  S. Hirata,  E. G. Hohenstein,  G. Kedziora,  F. J. Keil,  
 C. Kelley,  Jihan Kim,  R. A. King,  R. Z. Khaliullin,  P. P. Korambath,  
 W. Kurlancheek,  A. Laurent,  A. M. Lee,  M. S. Lee,  S. V. Levchenko,  
 Ching Yeh Lin,  D. Liotard,  E. Livshits,  R. C. Lochan,  I. Lotan,  
 L. A. Martinez-Martinez,  P. E. Maslen,  N. Nair,  D. P. O'Neill,  
 D. Neuhauser,  E. Neuscamman,  C. M. Oana,  R. Olivares-Amaya,  R. Olson,  
 T. M. Perrine,  B. Peters,  P. A. Pieniazek,  A. Prociuk,  Y. M. Rhee,  
 J. Ritchie,  M. A. Rohrdanz,  E. Rosta,  N. J. Russ,  H. F. Schaefer III,  
 M. W. Schmidt,  N. E. Schultz,  S. Sharma,  N. Shenvi,  C. D. Sherrill,  
 A. C. Simmonett,  A. Sodt,  T. Stein,  D. Stuck,  K. S. Thanthiriwatte,  
 V. Vanovschi,  L. Vogt,  Tao Wang,  A. Warshel,  M. A. Watson,  
 C. F. Williams,  Q. Wu,  X. Xu,  Jun Yang,  W. Zhang,  Yan Zhao

   Please cite Q-Chem as follows:
  "Software for the frontiers of quantum chemistry:
   An overview of developments in the Q-Chem 5 package"
   J. Chem. Phys. 155, 084801 (2021)
   https://doi.org/10.1063/5.0055522 (open access)

 Q-Chem 6.0.2 for Intel X86 EM64T Linux

 Parts of Q-Chem use Armadillo 9.900.5 (Nocturnal Misbehaviour).
 http://arma.sourceforge.net/

 Q-Chem begins on Thu Aug  1 14:23:55 2024  

 Host: 
0

     Scratch files written to /expanse/lustre/scratch/whughes/temp_project/job_32696430/frag4-p1-doublet-wb97xd-B3PW91-32696430//
 Dec722 |scratch|qcdevops|jenkins|workspace|build_RNUM    
 Processing $rem in /cm/shared/apps/spack/0.17.3/cpu/b/opt/spack/linux-rocky8-zen2/gcc-10.2.0/qchem-6.0-rytxnwjazd34ekd2gqyi5ufsaimxsd3r/config/preferences:
 Processing $rem in /home/whughes/.qchemrc:

 Checking the input file for inconsistencies... 	...done.

--------------------------------------------------------------
User input:
--------------------------------------------------------------
$molecule
0 2
C    0.0909778343    1.1986004085    -2.2554799741
O    -0.8108090699   1.657077045     -2.8599707954
C    0.0703753407    0.4999756856    -0.9495097074
C    1.2637360134    0.0334600381    -0.4118643508
C    1.2600417497    -0.6220311453   0.8085751596
C    0.0646047685    -0.8085038519   1.4864169686
C    -1.1303042513   -0.342560447    0.950446657
C    -1.1318168268   0.31205019      -0.2670057501
H    2.1855699114    0.189735993     -0.9577732535
H    2.1869348139    -0.9871778767   1.2311616358
H    0.0613313829    -1.3208583691   2.4403713296
H    -2.0590277828   -0.4921893111   1.485971034
H    -2.051615884    0.6824216408    -0.7013389531
$end

$rem
METHOD      B3PW91
BASIS       def2-QZVPP
SYM_IGNORE   TRUE
DFT_D       D4
MAX_SCF_CYCLES 300
$end

$end
--------------------------------------------------------------
 Adding empirical dispersion correction 
 ----------------------------------------------------------------
 Doing -D4(0) with B3PW parameters:
 s6  =   1.00000
 s8  =   2.88364
 s10 =   0.00000
 s9 =   1.00000
 a1  =   0.46991
 a2  =   4.51641
 -D4 energy including 3body term = -0.0199641022 hartrees
 ----------------------------------------------------------------
             Standard Nuclear Orientation (Angstroms)
    I     Atom           X                Y                Z
 ----------------------------------------------------------------
    1      C       0.0909778343     1.1986004085    -2.2554799741
    2      O      -0.8108090699     1.6570770450    -2.8599707954
    3      C       0.0703753407     0.4999756856    -0.9495097074
    4      C       1.2637360134     0.0334600381    -0.4118643508
    5      C       1.2600417497    -0.6220311453     0.8085751596
    6      C       0.0646047685    -0.8085038519     1.4864169686
    7      C      -1.1303042513    -0.3425604470     0.9504466570
    8      C      -1.1318168268     0.3120501900    -0.2670057501
    9      H       2.1855699114     0.1897359930    -0.9577732535
   10      H       2.1869348139    -0.9871778767     1.2311616358
   11      H       0.0613313829    -1.3208583691     2.4403713296
   12      H      -2.0590277828    -0.4921893111     1.4859710340
   13      H      -2.0516158840     0.6824216408    -0.7013389531
 ----------------------------------------------------------------
 Nuclear Repulsion Energy =         311.11168104 hartrees
 There are       28 alpha and       27 beta electrons
 Requested basis set is def2-QZVPP
 There are 186 shells and 606 basis functions

 Total QAlloc Memory Limit   8000 MB
 Mega-Array Size       188 MB
 MEM_STATIC part       192 MB


                       Distance Matrix (Angstroms)
             C (  1)   O (  2)   C (  3)   C (  4)   C (  5)   C (  6)
   O (  2)  1.178486
   C (  3)  1.481236  2.401090
   C (  4)  2.476254  3.596261  1.389536
   C (  5)  3.750979  4.789675  2.401056  1.385336
   C (  6)  4.246287  5.073118  2.765120  2.397976  1.386835
   C (  7)  3.760940  4.315079  2.400278  2.780056  2.410806  1.390027
   C (  8)  2.497044  2.938641  1.395132  2.416044  2.783949  2.400324
   H (  9)  2.662549  3.840538  2.137841  1.082689  2.153034  3.386597
   H ( 10)  4.618152  5.719783  3.383309  2.143253  1.082147  2.145079
   H ( 11)  5.329125  6.141853  3.847962  3.378639  2.141968  1.082842
   H ( 12)  4.634625  5.006456  3.383831  3.862492  3.389977  2.147061
   H ( 13)  2.696758  2.673807  2.144230  3.390650  3.866331  3.389325
             C (  7)   C (  8)   H (  9)   H ( 10)   H ( 11)   H ( 12)
   C (  8)  1.382284
   H (  9)  3.862598  3.390748
   H ( 10)  3.390930  3.866085  2.485269
   H ( 11)  2.144047  3.379332  4.282718  2.468141
   H ( 12)  1.082452  2.139965  4.945050  4.282305  2.468501
   H ( 13)  2.151232  1.082521  4.273434  4.948478  4.283459  2.482759

 
 A cutoff of  1.0D-09 yielded  13812 shell pairs
 There are    147754 function pairs (    225359 Cartesian)
 Smallest overlap matrix eigenvalue = 6.38E-06

 Q-Chem warning in module stvman/mkSTV.C, line 305:

 Overlap eigenvalue is smaller than square root of threshold
 Use THRESH >= 12 to get rid of this warning


 Scale SEOQF with 1.000000e-01/1.000000e-01/1.000000e-01

 Standard Electronic Orientation quadrupole field applied
 Nucleus-field energy     =    -0.0000000095 hartrees
 Guess from superposition of atomic densities
 Warning:  Energy on first SCF cycle will be non-variational
 SAD guess density has 55.000000 electrons

 -----------------------------------------------------------------------
  General SCF calculation program by
  Eric Jon Sundstrom, Paul Horn, Yuezhi Mao, Dmitri Zuev, Alec White,
  David Stuck, Shaama M.S., Shane Yost, Joonho Lee, David Small,
  Daniel Levine, Susi Lehtola, Hugh Burton, Evgeny Epifanovsky,
  Bang C. Huynh
 -----------------------------------------------------------------------
 Exchange:     0.2000 Hartree-Fock + 0.0800 Slater + 0.7200 B88
 Correlation:  0.1900 PW92 + 0.8100 PW91
 Using SG-1 standard quadrature grid
 Dispersion:   Grimme D4
 using 32 threads for integral computing
 -------------------------------------------------------
 OpenMP Integral computing Module                
 Release: version 1.0, May 2013, Q-Chem Inc. Pittsburgh 
 -------------------------------------------------------
 A unrestricted SCF calculation will be
 performed using DIIS
 SCF converges when DIIS error is below 1.0e-05
 ---------------------------------------
  Cycle       Energy         DIIS error
 ---------------------------------------
    1    -346.7359196312      8.12e-03  
    2    -344.8268278296      8.57e-04  
    3    -344.7025230380      1.28e-03  
    4    -344.9341140253      3.44e-04  
    5    -344.9506684607      9.79e-05  
    6    -344.9521483083      2.36e-05  
    7    -344.9522421226      6.91e-06  Convergence criterion met
 ---------------------------------------
 SCF time:   CPU 2270.42s  wall 76.00s 
<S^2> =          0.753325437
 SCF   energy in the final basis set =     -344.9522421226
 Total energy in the final basis set =     -344.9522421226
 
 --------------------------------------------------------------
 
                    Orbital Energies (a.u.)
 --------------------------------------------------------------
 
 Alpha MOs
 -- Occupied --
-19.1590 -10.2537 -10.2049 -10.1942 -10.1940 -10.1928 -10.1902 -10.1889
 -1.0970  -0.8926  -0.7920  -0.7784  -0.6623  -0.6355  -0.5797  -0.5279
 -0.4903  -0.4861  -0.4613  -0.4490  -0.4396  -0.4197  -0.3935  -0.3830
 -0.3686  -0.2892  -0.2853  -0.2030
 -- Virtual --
 -0.0805  -0.0363   0.0216   0.0269   0.0487   0.0620   0.0834   0.0856
  0.1043   0.1053   0.1160   0.1316   0.1430   0.1567   0.1681   0.1698
  0.1701   0.1759   0.1923   0.2090   0.2275   0.2285   0.2452   0.2495
  0.2519   0.2664   0.2729   0.2785   0.2937   0.2966   0.3028   0.3044
  0.3159   0.3348   0.3464   0.3503   0.3662   0.3807   0.3830   0.3896
  0.4159   0.4241   0.4283   0.4451   0.4568   0.4628   0.4777   0.4823
  0.4883   0.5096   0.5176   0.5195   0.5232   0.5394   0.5605   0.5648
  0.5892   0.5987   0.6045   0.6433   0.6521   0.6682   0.6746   0.6996
  0.7025   0.7045   0.7065   0.7165   0.7287   0.7397   0.7462   0.7490
  0.7618   0.7775   0.7831   0.8041   0.8094   0.8191   0.8265   0.8270
  0.8522   0.8595   0.8923   0.8940   0.8952   0.8967   0.9057   0.9266
  0.9281   0.9419   0.9500   0.9854   0.9871   0.9974   1.0081   1.0150
  1.0156   1.0359   1.0554   1.0694   1.0935   1.1061   1.1222   1.1309
  1.1356   1.1463   1.1605   1.1658   1.2110   1.2257   1.2292   1.2401
  1.2711   1.2856   1.2943   1.3181   1.3427   1.3690   1.3742   1.3971
  1.4017   1.4440   1.4589   1.4798   1.5021   1.5141   1.5328   1.5499
  1.5581   1.5715   1.5976   1.6141   1.6210   1.6377   1.6558   1.6719
  1.6754   1.7114   1.7213   1.7320   1.7428   1.7682   1.7736   1.7858
  1.8039   1.8167   1.8338   1.8428   1.8519   1.8581   1.8773   1.9038
  1.9076   1.9223   1.9246   1.9395   1.9415   1.9447   1.9675   1.9769
  1.9946   2.0130   2.0213   2.0311   2.0333   2.0721   2.0758   2.0909
  2.1132   2.1186   2.1208   2.1406   2.1473   2.1593   2.1600   2.1719
  2.1870   2.2086   2.2215   2.2293   2.2380   2.2465   2.2611   2.2699
  2.2835   2.2994   2.3313   2.3590   2.3655   2.3755   2.3955   2.4007
  2.4086   2.4225   2.4275   2.4411   2.4495   2.4663   2.4668   2.4850
  2.4947   2.5161   2.5174   2.5393   2.5478   2.5588   2.5762   2.5884
  2.6163   2.6174   2.6229   2.6284   2.6432   2.6527   2.6583   2.6934
  2.7099   2.7262   2.7465   2.7546   2.7729   2.7755   2.7957   2.8051
  2.8208   2.8214   2.8489   2.8741   2.8982   2.9298   2.9458   2.9567
  3.0051   3.0155   3.0572   3.0819   3.0930   3.0984   3.1262   3.1452
  3.1682   3.1722   3.1947   3.2295   3.2435   3.2766   3.3483   3.3605
  3.3706   3.3813   3.3949   3.4070   3.4221   3.4433   3.4490   3.4710
  3.4869   3.5104   3.5221   3.5496   3.5718   3.5728   3.5961   3.6484
  3.6804   3.7053   3.7527   3.7637   3.8122   3.8320   3.8576   3.9021
  3.9022   3.9167   3.9745   3.9895   3.9980   4.0440   4.0667   4.0840
  4.0870   4.0977   4.1367   4.1857   4.2251   4.2780   4.3266   4.3311
  4.4429   4.4621   4.4717   4.4992   4.5517   4.5803   4.5973   4.6817
  4.6858   4.7072   4.7599   4.7927   4.7953   4.8071   4.8442   4.8557
  4.8945   4.9362   4.9400   4.9870   4.9888   5.0022   5.0110   5.0418
  5.0468   5.0687   5.0979   5.1249   5.1571   5.1585   5.1880   5.1902
  5.2243   5.2391   5.2526   5.2910   5.2919   5.3423   5.3476   5.3489
  5.3730   5.3759   5.4341   5.4376   5.4520   5.4906   5.4951   5.5194
  5.5427   5.5668   5.5831   5.5899   5.6181   5.6421   5.6865   5.7255
  5.7414   5.7842   5.8010   5.8243   5.8315   5.8355   5.8599   5.8606
  5.8724   5.8756   5.9114   5.9218   5.9242   5.9455   5.9640   5.9827
  5.9831   6.0012   6.0023   6.0335   6.0430   6.0565   6.0777   6.0953
  6.0974   6.1167   6.1312   6.1344   6.1578   6.1684   6.1734   6.1760
  6.1880   6.1998   6.2134   6.2303   6.2332   6.2426   6.2448   6.2676
  6.2722   6.2854   6.3050   6.3341   6.3458   6.3711   6.4048   6.4142
  6.4198   6.4384   6.4581   6.4738   6.4805   6.5147   6.5442   6.5506
  6.5799   6.5813   6.5904   6.6133   6.6134   6.6345   6.6520   6.6628
  6.6733   6.7027   6.7210   6.7300   6.7454   6.7585   6.7973   6.8161
  6.8269   6.8826   6.8998   6.9506   6.9617   6.9632   6.9706   7.0436
  7.0461   7.0552   7.0963   7.1039   7.1626   7.1651   7.1960   7.2242
  7.2469   7.2839   7.3185   7.3593   7.4047   7.4070   7.4089   7.4371
  7.4388   7.4631   7.5101   7.5169   7.5222   7.5242   7.5763   7.5908
  7.6433   7.6695   7.6839   7.7103   7.7163   7.7438   7.7911   7.8526
  7.8604   7.8687   7.8910   7.9266   7.9587   7.9607   7.9758   7.9876
  8.0393   8.0648   8.1021   8.1026   8.1237   8.1410   8.1807   8.1863
  8.1949   8.2495   8.2668   8.2744   8.2998   8.3055   8.3174   8.3358
  8.3494   8.3546   8.3800   8.3840   8.3889   8.4028   8.4326   8.4599
  8.4965   8.5020   8.5333   8.6030   8.6423   8.6432   8.6758   8.7073
  8.7502   8.7557   8.7775   8.8072   8.8296   8.8303   8.8805   8.9216
  8.9361   8.9672   9.0365   9.0676   9.1045   9.1304   9.3604   9.4479
  9.4835   9.5309   9.5606   9.6418   9.7018   9.7086   9.7486   9.7802
  9.8164   9.8226   9.8594   9.8814   9.9598   9.9848  10.0196  10.0755
 10.1044  10.1186  10.1484  10.2748  10.2791  10.2853  10.2986  10.3709
 10.4444  10.5640  10.6383  10.7562  10.7819  10.8376  10.9342  10.9516
 10.9719  11.3454  11.3722  11.7647  11.7750  11.8239  11.9236  12.0551
 12.0567  12.1693  12.6007  12.7244  12.8922  13.1919  13.2498  13.4564
 14.0252  14.5477  27.8338  28.1309  28.4350  28.5192  28.9125  29.0334
 29.3557  48.1239 146.9445 147.1805 147.5079 147.6008 147.9650 148.0879
148.4363 253.1954
 
 Beta MOs
 -- Occupied --
-19.1507 -10.2432 -10.2015 -10.1943 -10.1936 -10.1929 -10.1901 -10.1889
 -1.0814  -0.8906  -0.7868  -0.7778  -0.6529  -0.6340  -0.5719  -0.5203
 -0.4844  -0.4758  -0.4542  -0.4483  -0.4324  -0.3918  -0.3826  -0.3775
 -0.3603  -0.2877  -0.2852
 -- Virtual --
 -0.0733  -0.0634  -0.0363   0.0285   0.0331   0.0496   0.0643   0.0856
  0.0919   0.1061   0.1077   0.1193   0.1333   0.1478   0.1568   0.1701
  0.1716   0.1720   0.1791   0.1990   0.2117   0.2291   0.2313   0.2489
  0.2500   0.2536   0.2679   0.2752   0.2811   0.2948   0.2973   0.3044
  0.3095   0.3186   0.3403   0.3478   0.3564   0.3680   0.3846   0.3854
  0.3949   0.4166   0.4291   0.4327   0.4463   0.4586   0.4713   0.4793
  0.4861   0.4916   0.5138   0.5177   0.5224   0.5340   0.5412   0.5647
  0.5679   0.5935   0.6003   0.6142   0.6477   0.6562   0.6711   0.6791
  0.7012   0.7041   0.7076   0.7079   0.7205   0.7314   0.7405   0.7463
  0.7490   0.7760   0.7853   0.7889   0.8081   0.8123   0.8214   0.8300
  0.8316   0.8598   0.8601   0.8938   0.8954   0.8957   0.8976   0.9089
  0.9295   0.9314   0.9458   0.9538   0.9872   0.9894   0.9994   1.0097
  1.0170   1.0184   1.0404   1.0573   1.0765   1.0970   1.1129   1.1233
  1.1332   1.1368   1.1472   1.1648   1.1672   1.2136   1.2300   1.2338
  1.2426   1.2726   1.2890   1.3040   1.3225   1.3529   1.3727   1.3787
  1.4004   1.4116   1.4463   1.4609   1.4884   1.5095   1.5170   1.5349
  1.5518   1.5596   1.5730   1.6030   1.6190   1.6270   1.6418   1.6601
  1.6750   1.6791   1.7162   1.7221   1.7348   1.7439   1.7738   1.7778
  1.7885   1.8070   1.8182   1.8359   1.8448   1.8631   1.8667   1.8798
  1.9057   1.9089   1.9233   1.9255   1.9435   1.9444   1.9499   1.9693
  1.9826   1.9967   2.0162   2.0298   2.0372   2.0394   2.0776   2.0786
  2.0978   2.1179   2.1256   2.1316   2.1427   2.1500   2.1646   2.1653
  2.1755   2.1949   2.2156   2.2276   2.2295   2.2438   2.2492   2.2647
  2.2715   2.2850   2.3034   2.3391   2.3655   2.3712   2.3831   2.3993
  2.4012   2.4168   2.4277   2.4286   2.4416   2.4555   2.4686   2.4723
  2.4873   2.4954   2.5195   2.5195   2.5442   2.5508   2.5618   2.5778
  2.5914   2.6189   2.6202   2.6234   2.6298   2.6469   2.6547   2.6624
  2.6950   2.7155   2.7291   2.7495   2.7556   2.7758   2.7767   2.8003
  2.8059   2.8249   2.8280   2.8514   2.8776   2.9069   2.9324   2.9495
  2.9582   3.0069   3.0204   3.0633   3.0867   3.0953   3.1027   3.1285
  3.1505   3.1730   3.1758   3.1971   3.2372   3.2486   3.2855   3.3511
  3.3618   3.3721   3.3872   3.3975   3.4096   3.4233   3.4457   3.4505
  3.4733   3.4883   3.5128   3.5247   3.5508   3.5731   3.5785   3.5979
  3.6533   3.6847   3.7140   3.7559   3.7691   3.8133   3.8328   3.8656
  3.9057   3.9147   3.9283   3.9815   4.0018   4.0052   4.0482   4.0707
  4.0887   4.0893   4.1009   4.1407   4.1916   4.2295   4.2797   4.3342
  4.3408   4.4480   4.4744   4.4775   4.5006   4.5542   4.5882   4.6028
  4.6883   4.6954   4.7095   4.7641   4.7986   4.8020   4.8148   4.8463
  4.8596   4.9034   4.9421   4.9489   4.9905   4.9908   5.0140   5.0179
  5.0438   5.0543   5.0762   5.1024   5.1276   5.1614   5.1614   5.1906
  5.1917   5.2293   5.2421   5.2561   5.2941   5.2964   5.3435   5.3504
  5.3593   5.3743   5.3847   5.4377   5.4433   5.4552   5.4918   5.4969
  5.5213   5.5478   5.5726   5.5904   5.5940   5.6234   5.6458   5.6941
  5.7274   5.7541   5.7894   5.8101   5.8281   5.8358   5.8393   5.8614
  5.8647   5.8822   5.8856   5.9141   5.9283   5.9303   5.9590   5.9706
  5.9857   5.9901   6.0043   6.0096   6.0359   6.0463   6.0693   6.0905
  6.0975   6.1015   6.1199   6.1331   6.1420   6.1613   6.1760   6.1826
  6.1932   6.2008   6.2058   6.2181   6.2331   6.2417   6.2471   6.2487
  6.2704   6.2804   6.2872   6.3083   6.3396   6.3528   6.3768   6.4061
  6.4227   6.4243   6.4450   6.4606   6.4755   6.4872   6.5212   6.5497
  6.5518   6.5835   6.5854   6.5942   6.6152   6.6160   6.6370   6.6561
  6.6647   6.6743   6.7048   6.7223   6.7305   6.7548   6.7608   6.8056
  6.8217   6.8339   6.8863   6.9057   6.9518   6.9639   6.9651   6.9710
  7.0453   7.0496   7.0586   7.1061   7.1068   7.1673   7.1693   7.1971
  7.2321   7.2487   7.2882   7.3205   7.3679   7.4065   7.4081   7.4134
  7.4374   7.4402   7.4643   7.5143   7.5178   7.5234   7.5268   7.5788
  7.5983   7.6476   7.6716   7.6859   7.7173   7.7267   7.7455   7.7929
  7.8543   7.8617   7.8715   7.8932   7.9280   7.9591   7.9699   7.9798
  7.9915   8.0412   8.0678   8.1029   8.1032   8.1245   8.1415   8.1809
  8.1882   8.1959   8.2530   8.2708   8.2749   8.3025   8.3065   8.3184
  8.3364   8.3510   8.3575   8.3802   8.3847   8.3903   8.4036   8.4402
  8.4608   8.4968   8.5023   8.5343   8.6047   8.6434   8.6436   8.6776
  8.7083   8.7518   8.7560   8.7797   8.8098   8.8469   8.8472   8.8844
  8.9232   8.9369   8.9676   9.0388   9.0735   9.1101   9.1431   9.3636
  9.4515   9.4926   9.5319   9.5614   9.6422   9.7019   9.7116   9.7488
  9.7904   9.8182   9.8268   9.8604   9.8816   9.9647   9.9962  10.0210
 10.0766  10.1072  10.1209  10.1507  10.2764  10.2827  10.2888  10.3014
 10.3716  10.4561  10.5728  10.6490  10.7575  10.7840  10.8393  10.9561
 10.9600  10.9934  11.3633  11.3890  11.7672  11.7784  11.8356  11.9453
 12.0592  12.0869  12.1940  12.6010  12.7245  12.8924  13.1922  13.2552
 13.4853  14.0477  14.5585  27.8361  28.1453  28.4390  28.5195  28.9138
 29.0336  29.3562  48.1360 146.9457 147.1869 147.5095 147.6009 147.9656
148.0880 148.4366 253.1993
 --------------------------------------------------------------
 
          Ground-State Mulliken Net Atomic Charges

     Atom                 Charge (a.u.)    Spin (a.u.)
  --------------------------------------------------------
      1 C                     0.068075       0.625445
      2 O                    -0.211277       0.243220
      3 C                     0.036203       0.067152
      4 C                    -0.037907       0.000390
      5 C                    -0.095561       0.004261
      6 C                    -0.036240      -0.006750
      7 C                    -0.098471       0.005124
      8 C                    -0.039830       0.022865
      9 H                     0.077645       0.020877
     10 H                     0.082910       0.000138
     11 H                     0.082864      -0.000172
     12 H                     0.082209       0.005332
     13 H                     0.089383       0.012120
  --------------------------------------------------------
  Sum of atomic charges =    -0.000000
  Sum of spin   charges =     1.000000

 -----------------------------------------------------------------
                    Cartesian Multipole Moments
 -----------------------------------------------------------------
    Charge (ESU x 10^10)
                -0.0000
    Dipole Moment (Debye)
         X       0.5439      Y      -1.7305      Z       3.0703
       Tot       3.5661
    Quadrupole Moments (Debye-Ang)
        XX     -41.3289     XY       0.2148     YY     -49.2516
        XZ      -2.2306     YZ       2.3995     ZZ     -51.7876
    Octopole Moments (Debye-Ang^2)
       XXX       5.2471    XXY     -12.2984    XYY       3.8818
       YYY     -30.9194    XXZ      21.9525    XYZ      -4.2562
       YYZ      27.2786    XZZ       6.7469    YZZ     -30.7550
       ZZZ      84.0350
    Hexadecapole Moments (Debye-Ang^3)
      XXXX    -291.0338   XXXY      29.5305   XXYY     -99.6262
      XYYY      38.8213   YYYY    -257.5907   XXXZ     -30.5934
      XXYZ      57.9138   XYYZ     -14.2452   YYYZ     187.4428
      XXZZ    -171.5659   XYZZ      23.0336   YYZZ    -179.5471
      XZZZ     -46.0035   YZZZ     214.7575   ZZZZ    -756.0069
 -----------------------------------------------------------------
 Total job time:  77.18s(wall), 2301.16s(cpu) 
 Thu Aug  1 14:25:13 2024

        *************************************************************
        *                                                           *
        *  Thank you very much for using Q-Chem.  Have a nice day.  *
        *                                                           *
        *************************************************************


