
Running Job 1 of 1 ca3-ts1-triplet-wb97xd-conf9-B3PW91.in
qchem ca3-ts1-triplet-wb97xd-conf9-B3PW91.in_3501712.0 /expanse/lustre/scratch/whughes/temp_project/job_32692330/ca3-ts1-triplet-wb97xd-conf9-B3PW91-32692330/ 0
/cm/shared/apps/spack/0.17.3/cpu/b/opt/spack/linux-rocky8-zen2/gcc-10.2.0/qchem-6.0-rytxnwjazd34ekd2gqyi5ufsaimxsd3r/exe/qcprog.exe_s ca3-ts1-triplet-wb97xd-conf9-B3PW91.in_3501712.0 /expanse/lustre/scratch/whughes/temp_project/job_32692330/ca3-ts1-triplet-wb97xd-conf9-B3PW91-32692330/
                  Welcome to Q-Chem
     A Quantum Leap Into The Future Of Chemistry


 Q-Chem 6.0, Q-Chem, Inc., Pleasanton, CA (2022)

 License issued to: University of California, San Diego (site)

 E. Epifanovsky,  A. T. B. Gilbert,  Xintian Feng,  Joonho Lee,  Yuezhi Mao,  
 N. Mardirossian,  P. Pokhilko,  A. White,  M. Wormit,  M. P. Coons,  
 A. L. Dempwolff,  Zhengting Gan,  D. Hait,  P. R. Horn,  L. D. Jacobson,  
 I. Kaliman,  J. Kussmann,  A. W. Lange,  Ka Un Lao,  D. S. Levine,  Jie Liu,  
 S. C. McKenzie,  A. F. Morrison,  K. Nanda,  F. Plasser,  D. R. Rehn,  
 M. L. Vidal,  Zhi-Qiang You,  Ying Zhu,  B. Alam,  B. Albrecht,  
 A. Aldossary,  E. Alguire,  J. H. Andersen,  V. Athavale,  D. Barton,  
 K. Begam,  A. Behn,  N. Bellonzi,  Y. A. Bernard,  E. J. Berquist,  
 H. Burton,  A. Carreras,  K. Carter-Fenk,  Romit Chakraborty,  
 Chandrima Chakravarty,  Junhan Chen,  A. D. Chien,  K. D. Closser,  
 V. Cofer-Shabica,  L. Cunha,  S. Dasgupta,  Jia Deng,  M. de Wergifosse,  
 M. Diedenhofen,  Hainam Do,  S. Ehlert,  Po-Tung Fang,  S. Fatehi,  
 Qingguo Feng,  T. Friedhoff,  B. Ganoe,  J. Gayvert,  Qinghui Ge,  
 G. Gidofalvi,  M. Goldey,  J. Gomes,  C. Gonzalez-Espinoza,  S. Gulania,  
 A. Gunina,  J. A. Gyamfi,  M. W. D. Hanson-Heine,  P. H. P. Harbach,  
 A. W. Hauser,  M. F. Herbst,  M. Hernandez Vera,  M. Hodecker,  
 Z. C. Holden,  S. Houck,  Xunkun Huang,  Kerwin Hui,  B. C. Huynh,  
 K. Ikeda,  M. Ivanov,  Hyunjun Ji,  Zuxin Jin,  Hanjie Jiang,  B. Kaduk,  
 S. Kaehler,  R. Kang,  K. Khistyaev,  Jaehoon Kim,  Yongbin Kim,  
 P. Klunzinger,  Z. Koczor-Benda,  Joong Hoon Koh,  D. Kosenkov,  
 Saikiran Kotaru,  L. Koulias,  T. Kowalczyk,  C. M. Krauter,  K. Kue,  
 A. Kunitsa,  T. Kus,  A. Landau,  K. V. Lawler,  D. Lefrancois,  S. Lehtola,  
 Rain Li,  Shaozhi Li,  Yi-Pei Li,  Jiashu Liang,  M. Liebenthal,  
 Hung-Hsuan Lin,  You-Sheng Lin,  Fenglai Liu,  Kuan-Yu Liu,  
 M. Loipersberger,  A. Luenser,  C. Malbon,  A. Manjanath,  P. Manohar,  
 E. Mansoor,  S. F. Manzer,  Shan-Ping Mao,  A. V. Marenich,  T. Markovich,  
 S. Mason,  F. Matz,  S. A. Maurer,  P. F. McLaughlin,  M. F. S. J. Menger,  
 J.-M. Mewes,  S. A. Mewes,  P. Morgante,  Mohammad Mostafanejad,  
 J. W. Mullinax,  K. J. Oosterbaan,  G. Paran,  V. Parravicini,  
 Alexander C. Paul,  Suranjan K. Paul,  F. Pavosevic,  Zheng Pei,  S. Prager,  
 E. I. Proynov,  E. Ramos,  B. Rana,  A. E. Rask,  A. Rettig,  R. M. Richard,  
 F. Rob,  E. Rossomme,  T. Scheele,  M. Scheurer,  M. Schneider,  
 P. E. Schneider,  N. Sergueev,  S. M. Sharada,  Hengyuan Shen,  
 W. Skomorowski,  D. W. Small,  C. J. Stein,  Yingli Su,  Yu-Chuan Su,  
 E. J. Sundstrom,  Zhen Tao,  J. Thirman,  Hung-Yi Tsai,  T. Tsuchimochi,  
 N. M. Tubman,  C. Utku,  S. P. Veccham,  O. Vydrov,  J. Wenzel,  
 Jonathan Wong,  J. Witte,  A. Yamada,  Chou-Hsun Yang,  Kun Yao,  
 S. Yeganeh,  S. R. Yost,  A. Zech,  F. Zeller,  Igor Ying Zhang,  
 Xing Zhang,  Yu Zhang,  D. Zuev,  A. Aspuru-Guzik,  A. T. Bell,  
 N. A. Besley,  K. B. Bravaya,  B. R. Brooks,  D. Casanova,  Jeng-Da Chai,  
 Hsing-Ta Chen,  S. Coriani,  C. J. Cramer,  A. E. DePrince, III,  
 R. A. DiStasio Jr.,  A. Dreuw,  B. D. Dunietz,  T. R. Furlani,  
 W. A. Goddard III,  S. Grimme,  S. Hammes-Schiffer,  T. Head-Gordon,  
 W. J. Hehre,  Chao-Ping Hsu,  T.-C. Jagau,  Yousung Jung,  A. Klamt,  
 Jing Kong,  D. S. Lambrecht,  Xiangyuan Li,  WanZhen Liang,  N. J. Mayhall,  
 C. W. McCurdy,  J. B. Neaton,  T. Neudecker,  C. Ochsenfeld,  
 J. A. Parkhill,  R. Peverati,  V. A. Rassolov,  Haisheng Ren,  Yihan Shao,  
 L. V. Slipchenko,  R. P. Steele,  J. E. Subotnik,  A. J. W. Thom,  
 A. Tkatchenko,  D. G. Truhlar,  T. Van Voorhis,  Fan Wang,  
 T. A. Wesolowski,  K. B. Whaley,  H. L. Woodcock III,  P. M. Zimmerman,  
 S. Faraji,  P. M. W. Gill,  M. Head-Gordon,  J. M. Herbert,  A. I. Krylov

 Contributors to earlier versions of Q-Chem not listed above: 
 R. D. Adamson,  B. Austin,  R. Baer,  J. Baker,  G. J. O. Beran,  
 K. Brandhorst,  S. T. Brown,  E. F. C. Byrd,  Arup K. Chakraborty,  
 G. K. L. Chan,  Chun-Min Chang,  Yunqing Chen,  C.-L. Cheng,  
 Siu Hung Chien,  D. M. Chipman,  D. L. Crittenden,  H. Dachsel,  
 R. J. Doerksen,  A. D. Dutoi,  R. G. Edgar,  J. Fosso-Tande,  
 L. Fusti-Molnar,  D. Ghosh,  A. Ghysels,  A. Golubeva-Zadorozhnaya,  
 J. Gonthier,  M. S. Gordon,  S. R. Gwaltney,  G. Hawkins,  J. E. Herr,  
 A. Heyden,  S. Hirata,  E. G. Hohenstein,  G. Kedziora,  F. J. Keil,  
 C. Kelley,  Jihan Kim,  R. A. King,  R. Z. Khaliullin,  P. P. Korambath,  
 W. Kurlancheek,  A. Laurent,  A. M. Lee,  M. S. Lee,  S. V. Levchenko,  
 Ching Yeh Lin,  D. Liotard,  E. Livshits,  R. C. Lochan,  I. Lotan,  
 L. A. Martinez-Martinez,  P. E. Maslen,  N. Nair,  D. P. O'Neill,  
 D. Neuhauser,  E. Neuscamman,  C. M. Oana,  R. Olivares-Amaya,  R. Olson,  
 T. M. Perrine,  B. Peters,  P. A. Pieniazek,  A. Prociuk,  Y. M. Rhee,  
 J. Ritchie,  M. A. Rohrdanz,  E. Rosta,  N. J. Russ,  H. F. Schaefer III,  
 M. W. Schmidt,  N. E. Schultz,  S. Sharma,  N. Shenvi,  C. D. Sherrill,  
 A. C. Simmonett,  A. Sodt,  T. Stein,  D. Stuck,  K. S. Thanthiriwatte,  
 V. Vanovschi,  L. Vogt,  Tao Wang,  A. Warshel,  M. A. Watson,  
 C. F. Williams,  Q. Wu,  X. Xu,  Jun Yang,  W. Zhang,  Yan Zhao

   Please cite Q-Chem as follows:
  "Software for the frontiers of quantum chemistry:
   An overview of developments in the Q-Chem 5 package"
   J. Chem. Phys. 155, 084801 (2021)
   https://doi.org/10.1063/5.0055522 (open access)

 Q-Chem 6.0.2 for Intel X86 EM64T Linux

 Parts of Q-Chem use Armadillo 9.900.5 (Nocturnal Misbehaviour).
 http://arma.sourceforge.net/

 Q-Chem begins on Thu Aug  1 11:34:31 2024  

 Host: 
0

     Scratch files written to /expanse/lustre/scratch/whughes/temp_project/job_32692330/ca3-ts1-triplet-wb97xd-conf9-B3PW91-32692330//
 Dec722 |scratch|qcdevops|jenkins|workspace|build_RNUM    
 Processing $rem in /cm/shared/apps/spack/0.17.3/cpu/b/opt/spack/linux-rocky8-zen2/gcc-10.2.0/qchem-6.0-rytxnwjazd34ekd2gqyi5ufsaimxsd3r/config/preferences:
 Processing $rem in /home/whughes/.qchemrc:

 Checking the input file for inconsistencies... 	...done.

--------------------------------------------------------------
User input:
--------------------------------------------------------------
$molecule
0 3
C    2.5298870018    0.8536773915    0.7260122238
C    -0.1737000927   -1.8413405647   0.4634766315
C    0.268516168     -0.6623851903   0.9964641849
O    1.914213956     -0.0454451126   0.1266985674
C    0.5354705548    -2.5549490773   -0.6405569283
C    -1.4323520101   -2.4793947696   0.9754640456
C    -0.0814936358   0.223841923     1.9429957874
C    3.7547660617    1.7960302242    2.7234811184
C    3.4534551613    0.5695854379    1.8734230392
H    2.3679848569    1.9051920542    0.4409948871
H    0.7765909476    -3.5788132877   -0.3357171785
H    -0.1154609486   -2.6368124058   -1.5177547442
H    1.4498234769    -2.0453551958   -0.9275862387
H    -1.221610439    -3.4851725541   1.3528689401
H    -1.9004635299   -1.906227067    1.7738505737
H    -2.1578885105   -2.5915168508   0.1633481328
H    0.523305687     1.1125588485    2.1124839089
H    -0.9642999472   0.099376208     2.5604563231
H    4.4500429444    1.555611318     3.5280632347
H    4.2023964515    2.591124009     2.123310867
H    2.8436984235    2.193542675     3.1758555178
H    3.0005498242    -0.227346884    2.4716085039
H    4.3835092081    0.1507809806    1.4709975221
$end

$rem
METHOD      B3PW91
BASIS       def2-QZVPP
SYM_IGNORE   TRUE
DFT_D       D4
MAX_SCF_CYCLES 300
$end

$end
--------------------------------------------------------------
 Adding empirical dispersion correction 
 ----------------------------------------------------------------
 Doing -D4(0) with B3PW parameters:
 s6  =   1.00000
 s8  =   2.88364
 s10 =   0.00000
 s9 =   1.00000
 a1  =   0.46991
 a2  =   4.51641
 -D4 energy including 3body term = -0.0285584990 hartrees
 ----------------------------------------------------------------
             Standard Nuclear Orientation (Angstroms)
    I     Atom           X                Y                Z
 ----------------------------------------------------------------
    1      C       2.5298870018     0.8536773915     0.7260122238
    2      C      -0.1737000927    -1.8413405647     0.4634766315
    3      C       0.2685161680    -0.6623851903     0.9964641849
    4      O       1.9142139560    -0.0454451126     0.1266985674
    5      C       0.5354705548    -2.5549490773    -0.6405569283
    6      C      -1.4323520101    -2.4793947696     0.9754640456
    7      C      -0.0814936358     0.2238419230     1.9429957874
    8      C       3.7547660617     1.7960302242     2.7234811184
    9      C       3.4534551613     0.5695854379     1.8734230392
   10      H       2.3679848569     1.9051920542     0.4409948871
   11      H       0.7765909476    -3.5788132877    -0.3357171785
   12      H      -0.1154609486    -2.6368124058    -1.5177547442
   13      H       1.4498234769    -2.0453551958    -0.9275862387
   14      H      -1.2216104390    -3.4851725541     1.3528689401
   15      H      -1.9004635299    -1.9062270670     1.7738505737
   16      H      -2.1578885105    -2.5915168508     0.1633481328
   17      H       0.5233056870     1.1125588485     2.1124839089
   18      H      -0.9642999472     0.0993762080     2.5604563231
   19      H       4.4500429444     1.5556113180     3.5280632347
   20      H       4.2023964515     2.5911240090     2.1233108670
   21      H       2.8436984235     2.1935426750     3.1758555178
   22      H       3.0005498242    -0.2273468840     2.4716085039
   23      H       4.3835092081     0.1507809806     1.4709975221
 ----------------------------------------------------------------
 Nuclear Repulsion Energy =         434.79664815 hartrees
 There are       36 alpha and       34 beta electrons
 Requested basis set is def2-QZVPP
 There are 293 shells and 933 basis functions

 Total QAlloc Memory Limit   8000 MB
 Mega-Array Size       188 MB
 MEM_STATIC part       192 MB

 A cutoff of  1.0D-09 yielded  28044 shell pairs
 There are    266550 function pairs (    389891 Cartesian)
 Smallest overlap matrix eigenvalue = 2.76E-05

 Q-Chem warning in module stvman/mkSTV.C, line 305:

 Overlap eigenvalue is smaller than square root of threshold
 Use THRESH >= 12 to get rid of this warning


 Scale SEOQF with 1.000000e-01/1.000000e-01/1.000000e-01

 Standard Electronic Orientation quadrupole field applied
 Nucleus-field energy     =     0.0000000081 hartrees
 Guess from superposition of atomic densities
 Warning:  Energy on first SCF cycle will be non-variational
 SAD guess density has 70.000000 electrons

 -----------------------------------------------------------------------
  General SCF calculation program by
  Eric Jon Sundstrom, Paul Horn, Yuezhi Mao, Dmitri Zuev, Alec White,
  David Stuck, Shaama M.S., Shane Yost, Joonho Lee, David Small,
  Daniel Levine, Susi Lehtola, Hugh Burton, Evgeny Epifanovsky,
  Bang C. Huynh
 -----------------------------------------------------------------------
 Exchange:     0.2000 Hartree-Fock + 0.0800 Slater + 0.7200 B88
 Correlation:  0.1900 PW92 + 0.8100 PW91
 Using SG-1 standard quadrature grid
 Dispersion:   Grimme D4
 using 32 threads for integral computing
 -------------------------------------------------------
 OpenMP Integral computing Module                
 Release: version 1.0, May 2013, Q-Chem Inc. Pittsburgh 
 -------------------------------------------------------
 A unrestricted SCF calculation will be
 performed using DIIS
 SCF converges when DIIS error is below 1.0e-05
 ---------------------------------------
  Cycle       Energy         DIIS error
 ---------------------------------------
    1    -389.7870490910      5.52e-03  
    2    -388.1802354792      7.11e-04  
    3    -388.0929531318      8.66e-04  
    4    -388.3803475747      2.42e-04  
    5    -388.4002144693      5.90e-05  
    6    -388.4016550313      1.84e-05  
    7    -388.4018100805      1.16e-05  
    8    -388.4018919750      5.16e-06  Convergence criterion met
 ---------------------------------------
 SCF time:   CPU 5320.41s  wall 188.00s 
<S^2> =          2.033332323
 SCF   energy in the final basis set =     -388.4018919750
 Total energy in the final basis set =     -388.4018919750
 
 --------------------------------------------------------------
 
                    Orbital Energies (a.u.)
 --------------------------------------------------------------
 
 Alpha MOs
 -- Occupied --
-19.1196 -10.2212 -10.1961 -10.1895 -10.1666 -10.1644 -10.1621 -10.1557
-10.1527  -1.0368  -0.8352  -0.7845  -0.7552  -0.7026  -0.6570  -0.6382
 -0.5782  -0.5132  -0.4874  -0.4742  -0.4629  -0.4500  -0.4465  -0.4309
 -0.4108  -0.3933  -0.3895  -0.3818  -0.3776  -0.3668  -0.3628  -0.3408
 -0.3234  -0.2574  -0.1913  -0.1757
 -- Virtual --
 -0.0158   0.0276   0.0349   0.0435   0.0516   0.0605   0.0699   0.0715
  0.0865   0.0908   0.0969   0.1051   0.1103   0.1176   0.1282   0.1304
  0.1313   0.1354   0.1416   0.1496   0.1563   0.1603   0.1616   0.1736
  0.1844   0.1903   0.2020   0.2033   0.2108   0.2181   0.2398   0.2442
  0.2545   0.2670   0.2711   0.2809   0.2828   0.2881   0.2975   0.3037
  0.3071   0.3097   0.3175   0.3237   0.3248   0.3354   0.3381   0.3424
  0.3442   0.3480   0.3536   0.3616   0.3641   0.3725   0.3795   0.3852
  0.3961   0.4123   0.4220   0.4285   0.4427   0.4471   0.4530   0.4604
  0.4742   0.4789   0.4945   0.4992   0.5117   0.5212   0.5303   0.5329
  0.5538   0.5630   0.5688   0.5745   0.5809   0.5981   0.6037   0.6081
  0.6204   0.6262   0.6273   0.6364   0.6467   0.6541   0.6620   0.6659
  0.6728   0.6796   0.6844   0.6980   0.7037   0.7179   0.7275   0.7402
  0.7527   0.7584   0.7749   0.7795   0.7823   0.7982   0.8029   0.8058
  0.8094   0.8164   0.8189   0.8269   0.8329   0.8391   0.8460   0.8533
  0.8563   0.8603   0.8629   0.8655   0.8691   0.8786   0.8858   0.8929
  0.8958   0.9066   0.9093   0.9166   0.9279   0.9383   0.9461   0.9522
  0.9530   0.9551   0.9793   0.9867   0.9929   1.0057   1.0134   1.0193
  1.0320   1.0337   1.0445   1.0543   1.0569   1.0607   1.0672   1.0702
  1.0836   1.0849   1.0996   1.1075   1.1190   1.1285   1.1301   1.1387
  1.1587   1.1690   1.1890   1.1966   1.2045   1.2105   1.2248   1.2388
  1.2413   1.2562   1.2703   1.2801   1.2886   1.3038   1.3200   1.3299
  1.3412   1.3554   1.3666   1.3773   1.3899   1.3967   1.4079   1.4180
  1.4211   1.4293   1.4474   1.4612   1.4629   1.4784   1.4797   1.4925
  1.5100   1.5239   1.5354   1.5441   1.5589   1.5730   1.5800   1.5992
  1.6139   1.6273   1.6588   1.6728   1.7137   1.7166   1.7341   1.7474
  1.7527   1.7723   1.7873   1.7915   1.7961   1.8116   1.8119   1.8205
  1.8391   1.8448   1.8567   1.8751   1.8831   1.8848   1.8904   1.8978
  1.9107   1.9218   1.9266   1.9350   1.9370   1.9504   1.9521   1.9649
  1.9679   1.9741   1.9849   1.9908   2.0007   2.0092   2.0176   2.0261
  2.0301   2.0383   2.0432   2.0470   2.0570   2.0608   2.0693   2.0780
  2.0805   2.0874   2.0939   2.1036   2.1166   2.1229   2.1299   2.1377
  2.1444   2.1486   2.1557   2.1641   2.1696   2.1747   2.1817   2.1881
  2.1898   2.1990   2.2133   2.2181   2.2390   2.2415   2.2608   2.2715
  2.2760   2.2800   2.2884   2.3040   2.3174   2.3347   2.3357   2.3483
  2.3523   2.3657   2.3733   2.3767   2.3852   2.3958   2.4071   2.4148
  2.4252   2.4358   2.4496   2.4548   2.4623   2.4712   2.4793   2.4973
  2.5111   2.5163   2.5209   2.5361   2.5409   2.5419   2.5483   2.5686
  2.5703   2.5793   2.5859   2.5891   2.6012   2.6066   2.6175   2.6220
  2.6305   2.6437   2.6564   2.6632   2.6727   2.6935   2.7035   2.7159
  2.7184   2.7371   2.7525   2.7583   2.7648   2.7740   2.7825   2.7847
  2.7912   2.8023   2.8144   2.8226   2.8304   2.8426   2.8490   2.8575
  2.8594   2.8621   2.8778   2.8904   2.8951   2.8974   2.9045   2.9077
  2.9184   2.9330   2.9385   2.9584   2.9621   2.9637   2.9775   2.9905
  2.9970   3.0095   3.0269   3.0378   3.0427   3.0571   3.0750   3.0759
  3.0862   3.0954   3.1177   3.1325   3.1448   3.1559   3.1693   3.1896
  3.1926   3.2075   3.2179   3.2227   3.2352   3.2411   3.2501   3.2574
  3.2724   3.2818   3.2939   3.3082   3.3320   3.3470   3.3545   3.3693
  3.3779   3.3947   3.4056   3.4122   3.4246   3.4271   3.4400   3.4479
  3.4578   3.4723   3.4789   3.5109   3.5294   3.5453   3.5675   3.5703
  3.5756   3.5848   3.6147   3.6201   3.6316   3.6421   3.6644   3.6657
  3.6753   3.7003   3.7065   3.7212   3.7565   3.7874   3.8129   3.8178
  3.8244   3.8357   3.8551   3.8630   3.8756   3.8842   3.8919   3.8990
  3.9023   3.9121   3.9229   3.9476   3.9673   3.9818   3.9843   4.0295
  4.0689   4.1056   4.1219   4.1364   4.1608   4.1741   4.1959   4.2027
  4.2128   4.2539   4.2865   4.3180   4.3520   4.3697   4.3921   4.4277
  4.4528   4.4649   4.4934   4.5130   4.5462   4.5866   4.6491   4.7191
  4.7350   4.7905   4.8290   4.8474   4.8809   4.9476   4.9768   5.0024
  5.0183   5.0358   5.0538   5.0750   5.1057   5.1225   5.1500   5.1767
  5.1827   5.1989   5.2208   5.2523   5.2682   5.2902   5.3126   5.3530
  5.3562   5.3708   5.3866   5.3938   5.4035   5.4232   5.4411   5.4586
  5.4706   5.4724   5.4810   5.5079   5.5189   5.5360   5.5498   5.5618
  5.5749   5.5870   5.6035   5.6092   5.6267   5.6330   5.6591   5.6763
  5.6918   5.7128   5.7220   5.7313   5.7398   5.7511   5.7618   5.7657
  5.7904   5.8065   5.8194   5.8256   5.8330   5.8391   5.8442   5.8514
  5.8552   5.8585   5.8771   5.8836   5.8988   5.9122   5.9211   5.9229
  5.9259   5.9383   5.9428   5.9458   5.9543   5.9646   5.9781   5.9957
  5.9994   6.0047   6.0073   6.0169   6.0215   6.0220   6.0370   6.0525
  6.0655   6.0704   6.0753   6.0943   6.1013   6.1129   6.1195   6.1245
  6.1487   6.1510   6.1601   6.1679   6.1805   6.1917   6.1956   6.1995
  6.2052   6.2095   6.2206   6.2300   6.2392   6.2459   6.2524   6.2606
  6.2763   6.2819   6.2954   6.3130   6.3217   6.3332   6.3403   6.3500
  6.3676   6.3722   6.3806   6.3865   6.3885   6.4007   6.4079   6.4200
  6.4280   6.4481   6.4581   6.4635   6.4705   6.4891   6.4990   6.5076
  6.5185   6.5357   6.5460   6.5479   6.5732   6.5923   6.6085   6.6182
  6.6213   6.6289   6.6368   6.6446   6.6614   6.6728   6.6846   6.6859
  6.7079   6.7155   6.7274   6.7444   6.7551   6.7734   6.7848   6.7947
  6.8025   6.8146   6.8429   6.8539   6.8640   6.8795   6.9030   6.9127
  6.9358   6.9418   6.9435   6.9469   6.9554   6.9861   6.9911   7.0020
  7.0125   7.0522   7.0751   7.1036   7.1072   7.1299   7.1486   7.1751
  7.1969   7.2050   7.2142   7.2310   7.2542   7.2747   7.3107   7.3272
  7.3369   7.3465   7.3616   7.3640   7.3751   7.3841   7.4088   7.4201
  7.4304   7.4413   7.4590   7.4668   7.4719   7.4840   7.4961   7.5094
  7.5153   7.5230   7.5357   7.5427   7.5495   7.5667   7.5732   7.5791
  7.5884   7.6087   7.6118   7.6168   7.6274   7.6399   7.6542   7.6644
  7.6745   7.6790   7.6854   7.7010   7.7034   7.7209   7.7342   7.7423
  7.7541   7.7667   7.7690   7.7778   7.7803   7.7922   7.8026   7.8126
  7.8218   7.8347   7.8468   7.8507   7.8839   7.8901   7.8964   7.9061
  7.9186   7.9328   7.9531   7.9642   7.9673   7.9770   7.9896   8.0207
  8.0221   8.0279   8.0420   8.0514   8.0666   8.0810   8.0905   8.0944
  8.1132   8.1365   8.1876   8.2021   8.2083   8.2253   8.2469   8.2680
  8.3074   8.3147   8.3221   8.3312   8.3453   8.3528   8.3550   8.3649
  8.3796   8.3893   8.3957   8.4003   8.4032   8.4084   8.4164   8.4216
  8.4263   8.4292   8.4354   8.4421   8.4472   8.4685   8.4778   8.4951
  8.4980   8.5061   8.5155   8.5345   8.5574   8.5588   8.5730   8.5768
  8.5872   8.5965   8.6191   8.6331   8.6379   8.6500   8.6843   8.6957
  8.7010   8.7197   8.7289   8.7476   8.7547   8.7920   8.8170   8.8555
  8.8679   8.8766   8.8862   8.8949   8.9003   8.9155   8.9200   8.9285
  8.9474   8.9545   8.9705   8.9854   8.9943   9.0278   9.0292   9.0504
  9.0521   9.0621   9.1010   9.1036   9.1102   9.1433   9.1559   9.2006
  9.2130   9.2357   9.2598   9.2876   9.3726   9.4501   9.4792   9.5185
  9.5500   9.5755   9.5859   9.7016   9.7036   9.7096   9.7120   9.7265
  9.7409   9.7512   9.7533   9.7793   9.7860   9.8217   9.8442   9.8513
  9.8613   9.8853   9.8935   9.8987   9.9195   9.9352   9.9410   9.9515
  9.9601   9.9656  10.0063  10.0172  10.0503  10.0737  10.1022  10.1118
 10.1385  10.1592  10.2097  10.2485  10.2993  10.3470  10.3654  10.4003
 10.4407  10.4459  10.4534  10.4971  10.5347  10.6295  10.6349  10.7263
 10.7665  10.8608  10.8943  11.0292  11.2025  11.2942  11.4989  11.7818
 11.7955  11.8569  11.9057  11.9159  11.9849  12.0547  12.0657  12.1072
 12.1525  12.2090  12.2560  12.2929  12.5441  12.6440  12.9976  13.0764
 13.1982  13.2741  13.2907  13.3349  13.4097  14.2181  14.4412  28.1605
 28.6069  28.6388  29.0357  29.0415  29.1236  29.1466  29.2703  48.2360
147.2607 147.6775 147.7172 148.1505 148.1706 148.2147 148.2568 148.3474
253.3107
 
 Beta MOs
 -- Occupied --
-19.1212 -10.2134 -10.1874 -10.1800 -10.1641 -10.1625 -10.1588 -10.1556
-10.1529  -1.0363  -0.8140  -0.7822  -0.7361  -0.6990  -0.6515  -0.6206
 -0.5671  -0.4966  -0.4737  -0.4671  -0.4578  -0.4452  -0.4335  -0.4240
 -0.4046  -0.3886  -0.3834  -0.3792  -0.3711  -0.3647  -0.3591  -0.3393
 -0.2933  -0.2524
 -- Virtual --
 -0.0803  -0.0641   0.0178   0.0318   0.0379   0.0546   0.0627   0.0675
  0.0723   0.0752   0.0906   0.0985   0.1003   0.1093   0.1168   0.1201
  0.1314   0.1341   0.1357   0.1385   0.1472   0.1533   0.1606   0.1634
  0.1643   0.1770   0.1889   0.1963   0.2079   0.2110   0.2153   0.2291
  0.2442   0.2531   0.2609   0.2756   0.2763   0.2848   0.2912   0.2948
  0.3048   0.3077   0.3122   0.3163   0.3231   0.3270   0.3297   0.3389
  0.3422   0.3462   0.3469   0.3519   0.3574   0.3653   0.3676   0.3773
  0.3875   0.3947   0.3998   0.4202   0.4274   0.4349   0.4488   0.4526
  0.4600   0.4644   0.4794   0.4869   0.5004   0.5040   0.5165   0.5263
  0.5343   0.5394   0.5593   0.5697   0.5761   0.5818   0.5860   0.6027
  0.6069   0.6114   0.6229   0.6306   0.6321   0.6432   0.6521   0.6599
  0.6679   0.6745   0.6778   0.6842   0.6936   0.7011   0.7098   0.7217
  0.7343   0.7484   0.7577   0.7652   0.7803   0.7864   0.7885   0.8038
  0.8076   0.8109   0.8167   0.8197   0.8249   0.8374   0.8377   0.8443
  0.8526   0.8582   0.8631   0.8672   0.8711   0.8718   0.8766   0.8840
  0.8944   0.9010   0.9060   0.9132   0.9145   0.9212   0.9349   0.9437
  0.9508   0.9563   0.9600   0.9638   0.9861   0.9907   0.9993   1.0110
  1.0184   1.0246   1.0365   1.0410   1.0499   1.0606   1.0637   1.0666
  1.0721   1.0758   1.0892   1.0928   1.1052   1.1135   1.1248   1.1336
  1.1345   1.1459   1.1657   1.1743   1.1945   1.2028   1.2090   1.2201
  1.2312   1.2452   1.2461   1.2609   1.2742   1.2859   1.2943   1.3091
  1.3252   1.3346   1.3485   1.3602   1.3715   1.3811   1.3960   1.4005
  1.4134   1.4224   1.4277   1.4343   1.4534   1.4645   1.4693   1.4827
  1.4856   1.4966   1.5135   1.5291   1.5403   1.5534   1.5641   1.5781
  1.5852   1.6054   1.6198   1.6348   1.6652   1.6796   1.7236   1.7290
  1.7436   1.7536   1.7583   1.7785   1.7956   1.7975   1.8064   1.8178
  1.8207   1.8293   1.8464   1.8518   1.8649   1.8824   1.8886   1.8930
  1.8985   1.9056   1.9190   1.9303   1.9313   1.9411   1.9425   1.9562
  1.9591   1.9738   1.9776   1.9810   1.9914   1.9955   2.0084   2.0145
  2.0216   2.0330   2.0352   2.0443   2.0480   2.0552   2.0637   2.0676
  2.0742   2.0847   2.0895   2.0944   2.0994   2.1111   2.1231   2.1284
  2.1352   2.1457   2.1529   2.1545   2.1630   2.1707   2.1755   2.1818
  2.1872   2.1930   2.1958   2.2057   2.2190   2.2232   2.2497   2.2504
  2.2686   2.2784   2.2865   2.2882   2.2949   2.3180   2.3263   2.3404
  2.3445   2.3546   2.3593   2.3744   2.3818   2.3851   2.3932   2.4033
  2.4159   2.4229   2.4312   2.4445   2.4585   2.4616   2.4699   2.4803
  2.4912   2.5055   2.5160   2.5251   2.5301   2.5404   2.5471   2.5517
  2.5564   2.5754   2.5787   2.5909   2.5930   2.5965   2.6073   2.6114
  2.6244   2.6308   2.6386   2.6517   2.6650   2.6705   2.6834   2.6989
  2.7102   2.7213   2.7253   2.7455   2.7593   2.7653   2.7715   2.7799
  2.7876   2.7907   2.7969   2.8096   2.8205   2.8275   2.8357   2.8485
  2.8548   2.8632   2.8635   2.8672   2.8852   2.8955   2.8997   2.9045
  2.9101   2.9125   2.9245   2.9374   2.9438   2.9629   2.9674   2.9705
  2.9862   2.9999   3.0027   3.0140   3.0319   3.0428   3.0485   3.0618
  3.0793   3.0823   3.0900   3.1014   3.1243   3.1377   3.1520   3.1615
  3.1745   3.1961   3.1987   3.2135   3.2228   3.2275   3.2411   3.2480
  3.2570   3.2658   3.2775   3.2902   3.3008   3.3119   3.3372   3.3528
  3.3611   3.3773   3.3836   3.4014   3.4099   3.4187   3.4299   3.4379
  3.4455   3.4573   3.4651   3.4805   3.4866   3.5179   3.5400   3.5535
  3.5729   3.5742   3.5791   3.5918   3.6204   3.6323   3.6379   3.6528
  3.6693   3.6725   3.6850   3.7051   3.7173   3.7275   3.7624   3.7936
  3.8199   3.8242   3.8292   3.8391   3.8621   3.8665   3.8821   3.8919
  3.8950   3.9022   3.9070   3.9144   3.9275   3.9524   3.9710   3.9874
  3.9903   4.0358   4.0733   4.1141   4.1273   4.1453   4.1698   4.1787
  4.2004   4.2109   4.2231   4.2581   4.2904   4.3199   4.3614   4.3758
  4.3978   4.4354   4.4594   4.4712   4.5005   4.5236   4.5553   4.5909
  4.6594   4.7242   4.7445   4.8007   4.8419   4.8536   4.8901   4.9581
  4.9874   5.0072   5.0319   5.0483   5.0659   5.0862   5.1168   5.1395
  5.1593   5.1877   5.1970   5.2135   5.2343   5.2677   5.2751   5.3090
  5.3290   5.3606   5.3718   5.3805   5.3953   5.3989   5.4126   5.4302
  5.4482   5.4701   5.4769   5.4836   5.4876   5.5141   5.5310   5.5440
  5.5640   5.5712   5.5862   5.5996   5.6205   5.6218   5.6347   5.6470
  5.6685   5.6878   5.6980   5.7214   5.7350   5.7434   5.7527   5.7619
  5.7698   5.7790   5.8005   5.8152   5.8253   5.8303   5.8374   5.8486
  5.8496   5.8565   5.8580   5.8639   5.8844   5.8971   5.9015   5.9181
  5.9258   5.9286   5.9312   5.9427   5.9453   5.9497   5.9601   5.9732
  5.9868   6.0047   6.0085   6.0171   6.0207   6.0267   6.0301   6.0341
  6.0478   6.0608   6.0712   6.0790   6.0843   6.0988   6.1101   6.1193
  6.1255   6.1339   6.1539   6.1577   6.1730   6.1763   6.1892   6.2006
  6.2046   6.2057   6.2154   6.2172   6.2302   6.2396   6.2491   6.2580
  6.2603   6.2689   6.2824   6.2935   6.3048   6.3211   6.3249   6.3387
  6.3478   6.3567   6.3757   6.3786   6.3899   6.3941   6.3986   6.4089
  6.4166   6.4320   6.4393   6.4612   6.4673   6.4717   6.4833   6.4968
  6.5063   6.5180   6.5277   6.5510   6.5549   6.5567   6.5826   6.6027
  6.6187   6.6282   6.6313   6.6362   6.6465   6.6501   6.6791   6.6811
  6.6950   6.6965   6.7182   6.7300   6.7335   6.7491   6.7662   6.7825
  6.7947   6.8027   6.8126   6.8279   6.8543   6.8625   6.8702   6.8958
  6.9148   6.9194   6.9426   6.9451   6.9524   6.9577   6.9697   6.9897
  7.0006   7.0102   7.0250   7.0570   7.0825   7.1120   7.1172   7.1373
  7.1579   7.1785   7.2091   7.2136   7.2270   7.2339   7.2589   7.2881
  7.3154   7.3346   7.3463   7.3519   7.3678   7.3716   7.3788   7.3879
  7.4180   7.4256   7.4370   7.4508   7.4652   7.4729   7.4807   7.4865
  7.5030   7.5172   7.5199   7.5277   7.5393   7.5481   7.5536   7.5715
  7.5785   7.5875   7.5962   7.6146   7.6201   7.6210   7.6343   7.6456
  7.6609   7.6698   7.6808   7.6842   7.6907   7.7043   7.7063   7.7291
  7.7394   7.7495   7.7593   7.7695   7.7740   7.7836   7.7860   7.7956
  7.8088   7.8177   7.8267   7.8390   7.8501   7.8544   7.8905   7.8943
  7.9056   7.9128   7.9242   7.9408   7.9595   7.9689   7.9700   7.9819
  8.0013   8.0272   8.0276   8.0335   8.0461   8.0558   8.0677   8.0847
  8.0929   8.0975   8.1211   8.1418   8.1903   8.2067   8.2110   8.2331
  8.2554   8.2715   8.3096   8.3217   8.3275   8.3367   8.3473   8.3577
  8.3577   8.3667   8.3827   8.3924   8.3996   8.4048   8.4052   8.4112
  8.4183   8.4239   8.4308   8.4332   8.4410   8.4458   8.4516   8.4711
  8.4821   8.4977   8.5021   8.5091   8.5245   8.5389   8.5593   8.5654
  8.5763   8.5800   8.5921   8.6011   8.6269   8.6404   8.6431   8.6539
  8.6892   8.6982   8.7072   8.7210   8.7305   8.7557   8.7629   8.7941
  8.8194   8.8625   8.8695   8.8802   8.8905   8.8972   8.9078   8.9158
  8.9252   8.9336   8.9475   8.9547   8.9739   8.9894   8.9930   9.0289
  9.0306   9.0525   9.0549   9.0670   9.1069   9.1111   9.1137   9.1434
  9.1654   9.2037   9.2235   9.2404   9.2603   9.2925   9.3754   9.4573
  9.4812   9.5246   9.5556   9.5814   9.5889   9.7027   9.7066   9.7133
  9.7173   9.7274   9.7449   9.7525   9.7563   9.7806   9.7887   9.8236
  9.8533   9.8619   9.8639   9.8880   9.8959   9.8994   9.9200   9.9385
  9.9482   9.9610   9.9639   9.9709  10.0085  10.0212  10.0560  10.0779
 10.1039  10.1152  10.1410  10.1613  10.2124  10.2501  10.3026  10.3480
 10.3671  10.4006  10.4416  10.4511  10.4553  10.4989  10.5359  10.6313
 10.6356  10.7273  10.7821  10.8684  10.8974  11.0412  11.1952  11.2887
 11.4949  11.7825  11.7959  11.8603  11.9065  11.9160  11.9813  12.0551
 12.0685  12.1090  12.1539  12.2114  12.2579  12.2845  12.5415  12.6441
 13.0083  13.0781  13.1927  13.2765  13.2909  13.3347  13.4118  14.2181
 14.4396  28.1771  28.6217  28.6554  29.0366  29.0424  29.1238  29.1469
 29.2839  48.2329 147.2658 147.6816 147.7218 148.1515 148.1704 148.2148
148.2569 148.3513 253.3108
 --------------------------------------------------------------
 
          Ground-State Mulliken Net Atomic Charges

     Atom                 Charge (a.u.)    Spin (a.u.)
  --------------------------------------------------------
      1 C                     0.072873       0.488613
      2 C                     0.077598       0.591619
      3 C                     0.047423       0.372344
      4 O                    -0.371500      -0.103898
      5 C                    -0.167770      -0.021332
      6 C                    -0.174924       0.003215
      7 C                    -0.181518       0.564763
      8 C                    -0.167144       0.008351
      9 C                    -0.036480      -0.030790
     10 H                     0.087425      -0.026440
     11 H                     0.061354       0.026133
     12 H                     0.061661       0.028199
     13 H                     0.081817      -0.003173
     14 H                     0.067358       0.025271
     15 H                     0.058707      -0.001570
     16 H                     0.068254       0.026501
     17 H                     0.049745       0.008501
     18 H                     0.060180       0.011956
     19 H                     0.061902       0.000841
     20 H                     0.064509      -0.001997
     21 H                     0.056054      -0.001049
     22 H                     0.068101       0.010300
     23 H                     0.054377       0.023640
  --------------------------------------------------------
  Sum of atomic charges =    -0.000000
  Sum of spin   charges =     2.000000

 -----------------------------------------------------------------
                    Cartesian Multipole Moments
 -----------------------------------------------------------------
    Charge (ESU x 10^10)
                -0.0000
    Dipole Moment (Debye)
         X      -0.3023      Y      -0.3733      Z       1.0991
       Tot       1.1995
    Quadrupole Moments (Debye-Ang)
        XX     -53.4868     XY       3.3248     YY     -53.2304
        XZ       1.7728     YZ       1.1407     ZZ     -55.5381
    Octopole Moments (Debye-Ang^2)
       XXX    -190.8676    XXY      30.6633    XYY     -68.4863
       YYY      69.6261    XXZ     -50.9688    XYZ       2.4223
       YYZ     -61.2343    XZZ     -68.6128    YZZ      27.4193
       ZZZ    -182.8479
    Hexadecapole Moments (Debye-Ang^3)
      XXXX   -1599.1417   XXXY    -272.1437   XXYY    -444.6049
      XYYY    -285.4879   YYYY    -974.7453   XXXZ    -319.5297
      XXYZ     -35.9862   XYYZ    -121.8014   YYYZ    -130.8090
      XXZZ    -401.5929   XYZZ     -94.1510   YYZZ    -315.4240
      XZZZ    -353.4802   YZZZ    -115.2464   ZZZZ    -866.5818
 -----------------------------------------------------------------
 Total job time:  193.64s(wall), 5375.70s(cpu) 
 Thu Aug  1 11:37:44 2024

        *************************************************************
        *                                                           *
        *  Thank you very much for using Q-Chem.  Have a nice day.  *
        *                                                           *
        *************************************************************


