
Running Job 1 of 2 CA8-P1_rdkit_conf_4_wb97xd-B3PW91-readSCF.in
qchem CA8-P1_rdkit_conf_4_wb97xd-B3PW91-readSCF.in_2666540.0 /expanse/lustre/scratch/whughes/temp_project/job_36180351/CA8-P1_rdkit_conf_4_wb97xd-B3PW91-readSCF-36180351/ 0
/cm/shared/apps/spack/0.17.3/cpu/b/opt/spack/linux-rocky8-zen2/gcc-10.2.0/qchem-6.0-rytxnwjazd34ekd2gqyi5ufsaimxsd3r/exe/qcprog.exe_s CA8-P1_rdkit_conf_4_wb97xd-B3PW91-readSCF.in_2666540.0 /expanse/lustre/scratch/whughes/temp_project/job_36180351/CA8-P1_rdkit_conf_4_wb97xd-B3PW91-readSCF-36180351/
                  Welcome to Q-Chem
     A Quantum Leap Into The Future Of Chemistry


 Q-Chem 6.0, Q-Chem, Inc., Pleasanton, CA (2022)

 License issued to: University of California, San Diego (site)

 E. Epifanovsky,  A. T. B. Gilbert,  Xintian Feng,  Joonho Lee,  Yuezhi Mao,  
 N. Mardirossian,  P. Pokhilko,  A. White,  M. Wormit,  M. P. Coons,  
 A. L. Dempwolff,  Zhengting Gan,  D. Hait,  P. R. Horn,  L. D. Jacobson,  
 I. Kaliman,  J. Kussmann,  A. W. Lange,  Ka Un Lao,  D. S. Levine,  Jie Liu,  
 S. C. McKenzie,  A. F. Morrison,  K. Nanda,  F. Plasser,  D. R. Rehn,  
 M. L. Vidal,  Zhi-Qiang You,  Ying Zhu,  B. Alam,  B. Albrecht,  
 A. Aldossary,  E. Alguire,  J. H. Andersen,  V. Athavale,  D. Barton,  
 K. Begam,  A. Behn,  N. Bellonzi,  Y. A. Bernard,  E. J. Berquist,  
 H. Burton,  A. Carreras,  K. Carter-Fenk,  Romit Chakraborty,  
 Chandrima Chakravarty,  Junhan Chen,  A. D. Chien,  K. D. Closser,  
 V. Cofer-Shabica,  L. Cunha,  S. Dasgupta,  Jia Deng,  M. de Wergifosse,  
 M. Diedenhofen,  Hainam Do,  S. Ehlert,  Po-Tung Fang,  S. Fatehi,  
 Qingguo Feng,  T. Friedhoff,  B. Ganoe,  J. Gayvert,  Qinghui Ge,  
 G. Gidofalvi,  M. Goldey,  J. Gomes,  C. Gonzalez-Espinoza,  S. Gulania,  
 A. Gunina,  J. A. Gyamfi,  M. W. D. Hanson-Heine,  P. H. P. Harbach,  
 A. W. Hauser,  M. F. Herbst,  M. Hernandez Vera,  M. Hodecker,  
 Z. C. Holden,  S. Houck,  Xunkun Huang,  Kerwin Hui,  B. C. Huynh,  
 K. Ikeda,  M. Ivanov,  Hyunjun Ji,  Zuxin Jin,  Hanjie Jiang,  B. Kaduk,  
 S. Kaehler,  R. Kang,  K. Khistyaev,  Jaehoon Kim,  Yongbin Kim,  
 P. Klunzinger,  Z. Koczor-Benda,  Joong Hoon Koh,  D. Kosenkov,  
 Saikiran Kotaru,  L. Koulias,  T. Kowalczyk,  C. M. Krauter,  K. Kue,  
 A. Kunitsa,  T. Kus,  A. Landau,  K. V. Lawler,  D. Lefrancois,  S. Lehtola,  
 Rain Li,  Shaozhi Li,  Yi-Pei Li,  Jiashu Liang,  M. Liebenthal,  
 Hung-Hsuan Lin,  You-Sheng Lin,  Fenglai Liu,  Kuan-Yu Liu,  
 M. Loipersberger,  A. Luenser,  C. Malbon,  A. Manjanath,  P. Manohar,  
 E. Mansoor,  S. F. Manzer,  Shan-Ping Mao,  A. V. Marenich,  T. Markovich,  
 S. Mason,  F. Matz,  S. A. Maurer,  P. F. McLaughlin,  M. F. S. J. Menger,  
 J.-M. Mewes,  S. A. Mewes,  P. Morgante,  Mohammad Mostafanejad,  
 J. W. Mullinax,  K. J. Oosterbaan,  G. Paran,  V. Parravicini,  
 Alexander C. Paul,  Suranjan K. Paul,  F. Pavosevic,  Zheng Pei,  S. Prager,  
 E. I. Proynov,  E. Ramos,  B. Rana,  A. E. Rask,  A. Rettig,  R. M. Richard,  
 F. Rob,  E. Rossomme,  T. Scheele,  M. Scheurer,  M. Schneider,  
 P. E. Schneider,  N. Sergueev,  S. M. Sharada,  Hengyuan Shen,  
 W. Skomorowski,  D. W. Small,  C. J. Stein,  Yingli Su,  Yu-Chuan Su,  
 E. J. Sundstrom,  Zhen Tao,  J. Thirman,  Hung-Yi Tsai,  T. Tsuchimochi,  
 N. M. Tubman,  C. Utku,  S. P. Veccham,  O. Vydrov,  J. Wenzel,  
 Jonathan Wong,  J. Witte,  A. Yamada,  Chou-Hsun Yang,  Kun Yao,  
 S. Yeganeh,  S. R. Yost,  A. Zech,  F. Zeller,  Igor Ying Zhang,  
 Xing Zhang,  Yu Zhang,  D. Zuev,  A. Aspuru-Guzik,  A. T. Bell,  
 N. A. Besley,  K. B. Bravaya,  B. R. Brooks,  D. Casanova,  Jeng-Da Chai,  
 Hsing-Ta Chen,  S. Coriani,  C. J. Cramer,  A. E. DePrince, III,  
 R. A. DiStasio Jr.,  A. Dreuw,  B. D. Dunietz,  T. R. Furlani,  
 W. A. Goddard III,  S. Grimme,  S. Hammes-Schiffer,  T. Head-Gordon,  
 W. J. Hehre,  Chao-Ping Hsu,  T.-C. Jagau,  Yousung Jung,  A. Klamt,  
 Jing Kong,  D. S. Lambrecht,  Xiangyuan Li,  WanZhen Liang,  N. J. Mayhall,  
 C. W. McCurdy,  J. B. Neaton,  T. Neudecker,  C. Ochsenfeld,  
 J. A. Parkhill,  R. Peverati,  V. A. Rassolov,  Haisheng Ren,  Yihan Shao,  
 L. V. Slipchenko,  R. P. Steele,  J. E. Subotnik,  A. J. W. Thom,  
 A. Tkatchenko,  D. G. Truhlar,  T. Van Voorhis,  Fan Wang,  
 T. A. Wesolowski,  K. B. Whaley,  H. L. Woodcock III,  P. M. Zimmerman,  
 S. Faraji,  P. M. W. Gill,  M. Head-Gordon,  J. M. Herbert,  A. I. Krylov

 Contributors to earlier versions of Q-Chem not listed above: 
 R. D. Adamson,  B. Austin,  R. Baer,  J. Baker,  G. J. O. Beran,  
 K. Brandhorst,  S. T. Brown,  E. F. C. Byrd,  Arup K. Chakraborty,  
 G. K. L. Chan,  Chun-Min Chang,  Yunqing Chen,  C.-L. Cheng,  
 Siu Hung Chien,  D. M. Chipman,  D. L. Crittenden,  H. Dachsel,  
 R. J. Doerksen,  A. D. Dutoi,  R. G. Edgar,  J. Fosso-Tande,  
 L. Fusti-Molnar,  D. Ghosh,  A. Ghysels,  A. Golubeva-Zadorozhnaya,  
 J. Gonthier,  M. S. Gordon,  S. R. Gwaltney,  G. Hawkins,  J. E. Herr,  
 A. Heyden,  S. Hirata,  E. G. Hohenstein,  G. Kedziora,  F. J. Keil,  
 C. Kelley,  Jihan Kim,  R. A. King,  R. Z. Khaliullin,  P. P. Korambath,  
 W. Kurlancheek,  A. Laurent,  A. M. Lee,  M. S. Lee,  S. V. Levchenko,  
 Ching Yeh Lin,  D. Liotard,  E. Livshits,  R. C. Lochan,  I. Lotan,  
 L. A. Martinez-Martinez,  P. E. Maslen,  N. Nair,  D. P. O'Neill,  
 D. Neuhauser,  E. Neuscamman,  C. M. Oana,  R. Olivares-Amaya,  R. Olson,  
 T. M. Perrine,  B. Peters,  P. A. Pieniazek,  A. Prociuk,  Y. M. Rhee,  
 J. Ritchie,  M. A. Rohrdanz,  E. Rosta,  N. J. Russ,  H. F. Schaefer III,  
 M. W. Schmidt,  N. E. Schultz,  S. Sharma,  N. Shenvi,  C. D. Sherrill,  
 A. C. Simmonett,  A. Sodt,  T. Stein,  D. Stuck,  K. S. Thanthiriwatte,  
 V. Vanovschi,  L. Vogt,  Tao Wang,  A. Warshel,  M. A. Watson,  
 C. F. Williams,  Q. Wu,  X. Xu,  Jun Yang,  W. Zhang,  Yan Zhao

   Please cite Q-Chem as follows:
  "Software for the frontiers of quantum chemistry:
   An overview of developments in the Q-Chem 5 package"
   J. Chem. Phys. 155, 084801 (2021)
   https://doi.org/10.1063/5.0055522 (open access)

 Q-Chem 6.0.2 for Intel X86 EM64T Linux

 Parts of Q-Chem use Armadillo 9.900.5 (Nocturnal Misbehaviour).
 http://arma.sourceforge.net/

 Q-Chem begins on Mon Jan  6 16:13:34 2025  

 Host: 
0

     Scratch files written to /expanse/lustre/scratch/whughes/temp_project/job_36180351/CA8-P1_rdkit_conf_4_wb97xd-B3PW91-readSCF-36180351//
 Dec722 |scratch|qcdevops|jenkins|workspace|build_RNUM    
 Processing $rem in /cm/shared/apps/spack/0.17.3/cpu/b/opt/spack/linux-rocky8-zen2/gcc-10.2.0/qchem-6.0-rytxnwjazd34ekd2gqyi5ufsaimxsd3r/config/preferences:
 Processing $rem in /home/whughes/.qchemrc:

 Checking the input file for inconsistencies... 	...done.

--------------------------------------------------------------
User input:
--------------------------------------------------------------
$molecule
0 3
C    2.5303816099    0.5355407182    0.5400803783
C    1.7511292022    -0.5443141487   -0.1751670826
C    0.3505697736    -0.3313951119   -0.4011481236
C    -0.4944089982   -1.3222060422   -1.1116578301
O    -0.1336982887   0.8505385119    0.0185185659
C    -1.5379106265   1.0768403012    0.0253363127
C    -2.226611854    0.3531304806    1.1162852591
O    2.2935435055    -1.581833373    -0.5566173313
H    2.1062429091    0.7366021806    1.525380458
H    2.4972067693    1.4729529831    -0.0182764555
H    3.5618555493    0.2072701352    0.6436641743
H    -0.8785591573   -0.9200204424   -2.0548563421
H    0.1214999315    -2.1905035894   -1.3322532599
H    -1.3525946788   -1.634293975    -0.5100959288
H    -1.9730367486   0.8332870686    -0.9493324255
H    -1.6302171189   2.1621920492    0.1503737906
H    -3.290707617    0.1723980117    1.060540361
H    -1.6947841622   0.1238142422    2.0291254796
$end

$rem
METHOD      PBE0
BASIS       def2-QZVPP
SYM_IGNORE   TRUE
DFT_D       D3
MAX_SCF_CYCLES 300
$end

--------------------------------------------------------------
 Adding empirical dispersion correction 
 ----------------------------------------------------------------
 Doing -D3(OP) with
 s6  =   0.91826
 s8  =   0.00000
 a1  =   0.20000
 a2  =   4.75000
 pow =   12.00000
 -D3 energy without 3body term =     -0.0066932114 hartrees
 ----------------------------------------------------------------
             Standard Nuclear Orientation (Angstroms)
    I     Atom           X                Y                Z
 ----------------------------------------------------------------
    1      C       2.5303816099     0.5355407182     0.5400803783
    2      C       1.7511292022    -0.5443141487    -0.1751670826
    3      C       0.3505697736    -0.3313951119    -0.4011481236
    4      C      -0.4944089982    -1.3222060422    -1.1116578301
    5      O      -0.1336982887     0.8505385119     0.0185185659
    6      C      -1.5379106265     1.0768403012     0.0253363127
    7      C      -2.2266118540     0.3531304806     1.1162852591
    8      O       2.2935435055    -1.5818333730    -0.5566173313
    9      H       2.1062429091     0.7366021806     1.5253804580
   10      H       2.4972067693     1.4729529831    -0.0182764555
   11      H       3.5618555493     0.2072701352     0.6436641743
   12      H      -0.8785591573    -0.9200204424    -2.0548563421
   13      H       0.1214999315    -2.1905035894    -1.3322532599
   14      H      -1.3525946788    -1.6342939750    -0.5100959288
   15      H      -1.9730367486     0.8332870686    -0.9493324255
   16      H      -1.6302171189     2.1621920492     0.1503737906
   17      H      -3.2907076170     0.1723980117     1.0605403610
   18      H      -1.6947841622     0.1238142422     2.0291254796
 ----------------------------------------------------------------
 Nuclear Repulsion Energy =         377.14883998 hartrees
 There are       32 alpha and       30 beta electrons
 Requested basis set is def2-QZVPP
 There are 236 shells and 756 basis functions

 Total QAlloc Memory Limit   8000 MB
 Mega-Array Size       188 MB
 MEM_STATIC part       192 MB

 A cutoff of  1.0D-09 yielded  20636 shell pairs
 There are    204534 function pairs (    303175 Cartesian)
 Smallest overlap matrix eigenvalue = 3.90E-05

 Scale SEOQF with 1.000000e-01/1.000000e-01/1.000000e-01

 Standard Electronic Orientation quadrupole field applied
 Nucleus-field energy     =     0.0000000077 hartrees
 Guess from superposition of atomic densities
 Warning:  Energy on first SCF cycle will be non-variational
 SAD guess density has 62.000000 electrons

 -----------------------------------------------------------------------
  General SCF calculation program by
  Eric Jon Sundstrom, Paul Horn, Yuezhi Mao, Dmitri Zuev, Alec White,
  David Stuck, Shaama M.S., Shane Yost, Joonho Lee, David Small,
  Daniel Levine, Susi Lehtola, Hugh Burton, Evgeny Epifanovsky,
  Bang C. Huynh
 -----------------------------------------------------------------------
 Exchange:     0.2500 Hartree-Fock + 0.7500 PBE
 Correlation:  1.0000 PBE
 Using SG-1 standard quadrature grid
 Dispersion:   Grimme D3
 using 32 threads for integral computing
 -------------------------------------------------------
 OpenMP Integral computing Module                
 Release: version 1.0, May 2013, Q-Chem Inc. Pittsburgh 
 -------------------------------------------------------
 A unrestricted SCF calculation will be
 performed using DIIS
 SCF converges when DIIS error is below 1.0e-05
 ---------------------------------------
  Cycle       Energy         DIIS error
 ---------------------------------------
    1    -386.1535821186      6.44e-03  
    2    -384.5613556319      7.95e-04  
    3    -384.3444733231      1.27e-03  
    4    -384.7024913397      3.27e-04  
    5    -384.7281166473      6.58e-05  
    6    -384.7292545261      2.85e-05  
    7    -384.7294509781      1.56e-05  
    8    -384.7295334369      5.42e-06  Convergence criterion met
 ---------------------------------------
 SCF time:   CPU 3661.63s  wall 127.00s 
<S^2> =          2.015865018
 SCF   energy in the final basis set =     -384.7295334369
 Total energy in the final basis set =     -384.7295334369
 
 --------------------------------------------------------------
 
                    Orbital Energies (a.u.)
 --------------------------------------------------------------
 
 Alpha MOs
 -- Occupied --
-19.2678 -19.1744 -10.3054 -10.3006 -10.2870 -10.2583 -10.2288 -10.2098
 -1.1299  -1.0496  -0.8360  -0.7871  -0.7571  -0.6948  -0.6382  -0.5749
 -0.5270  -0.5050  -0.5023  -0.4674  -0.4555  -0.4427  -0.4319  -0.4192
 -0.4135  -0.3863  -0.3839  -0.3691  -0.3650  -0.2595  -0.2525  -0.2031
 -- Virtual --
  0.0169   0.0331   0.0399   0.0431   0.0511   0.0756   0.0790   0.0880
  0.0935   0.1077   0.1112   0.1160   0.1257   0.1291   0.1348   0.1440
  0.1568   0.1656   0.1705   0.1840   0.1904   0.2106   0.2162   0.2267
  0.2346   0.2583   0.2658   0.2702   0.2774   0.2871   0.2947   0.2971
  0.3022   0.3148   0.3167   0.3218   0.3297   0.3345   0.3399   0.3499
  0.3561   0.3586   0.3730   0.3791   0.3819   0.4056   0.4115   0.4224
  0.4331   0.4500   0.4516   0.4653   0.4794   0.4971   0.5046   0.5160
  0.5277   0.5414   0.5535   0.5634   0.5663   0.5814   0.5923   0.5985
  0.6101   0.6133   0.6314   0.6396   0.6544   0.6670   0.6855   0.6967
  0.7018   0.7150   0.7178   0.7265   0.7362   0.7521   0.7559   0.7702
  0.7797   0.7895   0.8002   0.8050   0.8096   0.8225   0.8246   0.8343
  0.8383   0.8431   0.8463   0.8537   0.8622   0.8805   0.8935   0.9062
  0.9183   0.9257   0.9363   0.9409   0.9490   0.9533   0.9675   0.9746
  0.9855   1.0012   1.0077   1.0252   1.0414   1.0446   1.0486   1.0519
  1.0624   1.0738   1.0864   1.0984   1.1130   1.1149   1.1259   1.1444
  1.1485   1.1547   1.1695   1.1862   1.2136   1.2165   1.2364   1.2541
  1.2594   1.2902   1.3056   1.3160   1.3261   1.3549   1.3823   1.3902
  1.4097   1.4129   1.4240   1.4472   1.4557   1.4567   1.4776   1.4968
  1.5076   1.5157   1.5265   1.5359   1.5519   1.5640   1.5998   1.6147
  1.6407   1.6696   1.6798   1.7075   1.7196   1.7230   1.7373   1.7469
  1.7727   1.7832   1.7951   1.8068   1.8214   1.8371   1.8409   1.8530
  1.8611   1.8638   1.8844   1.8888   1.9036   1.9077   1.9147   1.9241
  1.9334   1.9411   1.9556   1.9697   1.9783   1.9939   2.0048   2.0109
  2.0238   2.0303   2.0425   2.0508   2.0660   2.0692   2.0816   2.0928
  2.0991   2.1047   2.1172   2.1289   2.1324   2.1404   2.1618   2.1765
  2.1825   2.1883   2.1946   2.2034   2.2140   2.2260   2.2436   2.2498
  2.2619   2.2684   2.2844   2.2959   2.3035   2.3129   2.3273   2.3424
  2.3517   2.3635   2.3717   2.3855   2.4053   2.4165   2.4304   2.4466
  2.4562   2.4717   2.4820   2.4925   2.5001   2.5055   2.5175   2.5416
  2.5542   2.5626   2.5758   2.5887   2.5943   2.6199   2.6272   2.6348
  2.6444   2.6572   2.6739   2.6840   2.6951   2.7098   2.7110   2.7232
  2.7356   2.7509   2.7536   2.7590   2.7753   2.7928   2.8007   2.8101
  2.8335   2.8383   2.8575   2.8649   2.8712   2.8878   2.9056   2.9188
  2.9253   2.9389   2.9412   2.9587   2.9704   2.9867   3.0045   3.0347
  3.0385   3.0417   3.0562   3.0721   3.0779   3.1044   3.1181   3.1192
  3.1495   3.1571   3.1696   3.2028   3.2302   3.2562   3.2647   3.2733
  3.2853   3.2979   3.3098   3.3297   3.3387   3.3557   3.3847   3.3864
  3.4113   3.4215   3.4329   3.4568   3.4603   3.4719   3.4761   3.4977
  3.5069   3.5222   3.5482   3.5591   3.5777   3.5940   3.6064   3.6293
  3.6341   3.6541   3.6860   3.6893   3.7149   3.7317   3.7482   3.7666
  3.7802   3.8113   3.8406   3.8518   3.8800   3.9042   3.9100   3.9276
  3.9432   3.9524   3.9729   3.9980   4.0345   4.0516   4.0958   4.0988
  4.1358   4.1489   4.1554   4.1897   4.2527   4.2622   4.3007   4.3198
  4.3359   4.3530   4.3594   4.4207   4.4388   4.4647   4.4996   4.5179
  4.5662   4.5798   4.6061   4.6386   4.6656   4.6935   4.7517   4.7946
  4.8582   4.9208   4.9570   4.9643   4.9942   5.0340   5.0382   5.0650
  5.0869   5.1258   5.1331   5.1662   5.1822   5.1941   5.2178   5.2274
  5.2545   5.2862   5.3158   5.3270   5.3357   5.3590   5.4113   5.4260
  5.4413   5.4565   5.4730   5.5002   5.5127   5.5246   5.5598   5.5726
  5.5851   5.5975   5.6254   5.6279   5.6413   5.6576   5.6695   5.6943
  5.7203   5.7427   5.7720   5.8030   5.8050   5.8290   5.8371   5.8480
  5.8555   5.8735   5.8769   5.8889   5.8943   5.9145   5.9336   5.9454
  5.9520   5.9541   5.9615   5.9684   5.9737   5.9929   5.9992   6.0305
  6.0345   6.0451   6.0548   6.0650   6.0760   6.0828   6.0938   6.1143
  6.1249   6.1302   6.1400   6.1564   6.1669   6.1783   6.1839   6.1953
  6.2160   6.2208   6.2299   6.2622   6.2778   6.2978   6.3014   6.3148
  6.3238   6.3286   6.3418   6.3522   6.3678   6.3842   6.3946   6.4193
  6.4227   6.4370   6.4501   6.4686   6.4793   6.4964   6.5186   6.5285
  6.5377   6.5559   6.5727   6.5758   6.5918   6.6055   6.6150   6.6265
  6.6425   6.6665   6.6765   6.6898   6.6967   6.7277   6.7403   6.7522
  6.7655   6.7996   6.8146   6.8242   6.8372   6.8437   6.8718   6.8842
  6.9352   6.9487   6.9586   7.0087   7.0352   7.0422   7.0593   7.0850
  7.1178   7.1432   7.1674   7.1795   7.1827   7.1982   7.2243   7.2361
  7.2542   7.2802   7.3123   7.3365   7.3512   7.3880   7.3997   7.4120
  7.4175   7.4395   7.4491   7.4736   7.4834   7.5000   7.5067   7.5155
  7.5328   7.5380   7.5420   7.5491   7.5671   7.5841   7.6036   7.6249
  7.6413   7.6500   7.6734   7.6806   7.6864   7.7023   7.7295   7.7374
  7.7427   7.7466   7.7653   7.7755   7.7858   7.8038   7.8241   7.8540
  7.8666   7.8714   7.8827   7.9186   7.9303   7.9311   7.9454   7.9651
  7.9858   8.0023   8.0271   8.0339   8.0587   8.0843   8.1209   8.1287
  8.1626   8.1825   8.1928   8.2145   8.2524   8.2697   8.3072   8.3219
  8.3238   8.3422   8.3584   8.3639   8.3874   8.3919   8.3971   8.4086
  8.4168   8.4181   8.4227   8.4291   8.4407   8.4520   8.4815   8.4877
  8.5005   8.5134   8.5378   8.5461   8.5628   8.5925   8.6147   8.6178
  8.6253   8.6482   8.6672   8.6894   8.7055   8.7273   8.7641   8.7990
  8.8165   8.8534   8.8683   8.8835   8.9090   8.9159   8.9265   8.9368
  8.9394   8.9595   8.9666   8.9788   9.0094   9.0113   9.0515   9.0689
  9.0761   9.1175   9.1209   9.1257   9.1618   9.2102   9.2256   9.2685
  9.3168   9.3928   9.5125   9.5246   9.5542   9.6118   9.6680   9.7328
  9.7593   9.7632   9.7637   9.7939   9.8029   9.8070   9.8186   9.8426
  9.8476   9.8790   9.8936   9.9169   9.9260   9.9417   9.9646   9.9812
 10.0039  10.0155  10.0240  10.0502  10.0952  10.1081  10.1449  10.1565
 10.2188  10.2704  10.2778  10.3264  10.3333  10.3781  10.3923  10.4206
 10.5699  10.5877  10.6096  10.6321  10.7256  10.7945  10.9471  10.9823
 11.0567  11.1655  11.4369  11.5000  11.5313  11.5892  11.7746  11.8417
 11.8456  11.9003  11.9187  11.9721  12.0175  12.0671  12.1706  12.2158
 12.2255  12.2707  12.3090  12.3564  12.4253  12.4961  12.6105  12.7793
 12.7905  13.0081  13.0392  13.1300  13.2932  13.4041  13.4648  13.6102
 13.7413  14.2627  14.4207  14.7643  28.2663  28.6460  28.8053  28.9313
 29.1409  29.2293  48.2952  48.4498 147.4617 147.7891 147.9800 148.1202
148.3388 148.4314 253.4884 253.6736
 
 Beta MOs
 -- Occupied --
-19.2627 -19.1666 -10.3065 -10.2906 -10.2876 -10.2429 -10.2293 -10.2099
 -1.1187  -1.0360  -0.8188  -0.7723  -0.7521  -0.6750  -0.6212  -0.5677
 -0.5152  -0.4964  -0.4880  -0.4537  -0.4433  -0.4340  -0.4261  -0.4136
 -0.4115  -0.3828  -0.3645  -0.3569  -0.3347  -0.2508
 -- Virtual --
 -0.0757  -0.0732   0.0207   0.0423   0.0476   0.0553   0.0638   0.0797
  0.0842   0.0907   0.0984   0.1105   0.1132   0.1253   0.1277   0.1346
  0.1389   0.1487   0.1601   0.1732   0.1763   0.1911   0.2057   0.2156
  0.2254   0.2330   0.2415   0.2642   0.2725   0.2777   0.2850   0.2948
  0.2996   0.3044   0.3142   0.3207   0.3231   0.3271   0.3353   0.3400
  0.3429   0.3566   0.3607   0.3679   0.3776   0.3838   0.3897   0.4100
  0.4144   0.4288   0.4404   0.4552   0.4582   0.4745   0.4858   0.5024
  0.5098   0.5187   0.5316   0.5478   0.5588   0.5698   0.5716   0.5862
  0.5975   0.6032   0.6152   0.6201   0.6394   0.6427   0.6596   0.6702
  0.6958   0.7048   0.7194   0.7214   0.7262   0.7347   0.7460   0.7582
  0.7671   0.7768   0.7877   0.7950   0.8055   0.8113   0.8163   0.8268
  0.8297   0.8387   0.8437   0.8490   0.8528   0.8602   0.8725   0.8896
  0.9009   0.9164   0.9253   0.9310   0.9442   0.9495   0.9543   0.9621
  0.9743   0.9790   0.9899   1.0084   1.0127   1.0331   1.0487   1.0502
  1.0548   1.0582   1.0682   1.0810   1.0930   1.1040   1.1169   1.1233
  1.1314   1.1488   1.1567   1.1625   1.1765   1.1918   1.2189   1.2223
  1.2410   1.2593   1.2670   1.2968   1.3134   1.3224   1.3329   1.3608
  1.3890   1.3958   1.4162   1.4171   1.4291   1.4523   1.4598   1.4687
  1.4839   1.5025   1.5165   1.5222   1.5305   1.5427   1.5592   1.5716
  1.6091   1.6218   1.6493   1.6732   1.6834   1.7190   1.7298   1.7314
  1.7458   1.7557   1.7832   1.7915   1.8065   1.8182   1.8342   1.8445
  1.8568   1.8650   1.8712   1.8770   1.8929   1.8955   1.9109   1.9144
  1.9245   1.9331   1.9402   1.9503   1.9630   1.9792   1.9854   2.0005
  2.0137   2.0199   2.0298   2.0353   2.0490   2.0595   2.0716   2.0773
  2.0902   2.1005   2.1045   2.1116   2.1244   2.1354   2.1399   2.1470
  2.1726   2.1821   2.1907   2.1985   2.1998   2.2106   2.2200   2.2327
  2.2501   2.2552   2.2678   2.2755   2.2926   2.3050   2.3100   2.3202
  2.3371   2.3512   2.3583   2.3710   2.3806   2.3960   2.4178   2.4259
  2.4403   2.4519   2.4636   2.4790   2.4872   2.4976   2.5074   2.5151
  2.5285   2.5477   2.5619   2.5753   2.5803   2.5945   2.5993   2.6286
  2.6391   2.6417   2.6527   2.6639   2.6811   2.6906   2.7021   2.7162
  2.7171   2.7278   2.7422   2.7577   2.7621   2.7662   2.7845   2.7985
  2.8062   2.8147   2.8378   2.8456   2.8632   2.8700   2.8754   2.8975
  2.9126   2.9214   2.9295   2.9456   2.9494   2.9655   2.9786   2.9935
  3.0105   3.0401   3.0434   3.0483   3.0623   3.0804   3.0835   3.1084
  3.1235   3.1275   3.1543   3.1660   3.1789   3.2088   3.2367   3.2642
  3.2730   3.2788   3.2927   3.3014   3.3164   3.3373   3.3458   3.3607
  3.3905   3.3935   3.4220   3.4278   3.4406   3.4654   3.4675   3.4799
  3.4874   3.5045   3.5159   3.5357   3.5566   3.5700   3.5869   3.6018
  3.6129   3.6392   3.6462   3.6623   3.6941   3.6970   3.7269   3.7393
  3.7519   3.7721   3.7962   3.8171   3.8481   3.8638   3.8823   3.9121
  3.9135   3.9343   3.9505   3.9563   3.9801   4.0073   4.0431   4.0576
  4.1045   4.1098   4.1466   4.1587   4.1653   4.1975   4.2591   4.2706
  4.3075   4.3274   4.3428   4.3608   4.3663   4.4270   4.4459   4.4735
  4.5040   4.5231   4.5706   4.5919   4.6142   4.6459   4.6775   4.6984
  4.7628   4.7993   4.8654   4.9293   4.9712   4.9747   5.0053   5.0489
  5.0504   5.0776   5.1038   5.1401   5.1476   5.1771   5.1960   5.2138
  5.2264   5.2422   5.2773   5.3022   5.3284   5.3413   5.3577   5.3754
  5.4145   5.4308   5.4586   5.4646   5.4815   5.5079   5.5261   5.5379
  5.5741   5.5831   5.5953   5.6077   5.6368   5.6428   5.6501   5.6721
  5.6808   5.7135   5.7339   5.7506   5.7784   5.8087   5.8166   5.8364
  5.8419   5.8580   5.8638   5.8818   5.8918   5.8945   5.9037   5.9207
  5.9397   5.9496   5.9544   5.9619   5.9667   5.9740   5.9835   6.0024
  6.0060   6.0353   6.0428   6.0516   6.0613   6.0737   6.0791   6.0909
  6.1029   6.1205   6.1363   6.1377   6.1501   6.1644   6.1789   6.1880
  6.1907   6.2047   6.2253   6.2306   6.2361   6.2688   6.2831   6.3051
  6.3085   6.3205   6.3301   6.3371   6.3474   6.3583   6.3794   6.3904
  6.4019   6.4267   6.4332   6.4470   6.4555   6.4779   6.4902   6.5037
  6.5278   6.5369   6.5466   6.5629   6.5791   6.5870   6.6049   6.6130
  6.6229   6.6352   6.6513   6.6714   6.6807   6.6987   6.7054   6.7366
  6.7580   6.7668   6.7757   6.8094   6.8226   6.8294   6.8441   6.8624
  6.8824   6.8926   6.9430   6.9589   6.9677   7.0128   7.0428   7.0452
  7.0694   7.0912   7.1257   7.1479   7.1722   7.1877   7.1890   7.2028
  7.2356   7.2430   7.2587   7.2878   7.3156   7.3481   7.3604   7.3904
  7.4028   7.4150   7.4242   7.4440   7.4533   7.4816   7.4907   7.5042
  7.5110   7.5204   7.5379   7.5420   7.5476   7.5538   7.5757   7.5882
  7.6085   7.6309   7.6476   7.6524   7.6813   7.6849   7.6934   7.7076
  7.7336   7.7406   7.7465   7.7482   7.7707   7.7791   7.7902   7.8067
  7.8278   7.8596   7.8699   7.8738   7.8880   7.9230   7.9372   7.9382
  7.9526   7.9693   7.9947   8.0081   8.0345   8.0392   8.0618   8.0925
  8.1288   8.1311   8.1662   8.1874   8.2067   8.2193   8.2585   8.2745
  8.3094   8.3236   8.3301   8.3466   8.3627   8.3644   8.3899   8.3956
  8.4001   8.4154   8.4175   8.4210   8.4245   8.4341   8.4442   8.4556
  8.4879   8.4902   8.5039   8.5158   8.5403   8.5534   8.5674   8.5962
  8.6171   8.6219   8.6291   8.6557   8.6720   8.6921   8.7127   8.7321
  8.7670   8.8034   8.8215   8.8599   8.8726   8.8896   8.9156   8.9222
  8.9389   8.9429   8.9516   8.9619   8.9730   8.9828   9.0112   9.0162
  9.0525   9.0738   9.0794   9.1263   9.1279   9.1343   9.1626   9.2133
  9.2372   9.2735   9.3190   9.3971   9.5185   9.5301   9.5602   9.6167
  9.6736   9.7376   9.7642   9.7662   9.7684   9.7976   9.8044   9.8163
  9.8246   9.8463   9.8525   9.8826   9.8985   9.9242   9.9326   9.9486
  9.9700   9.9892  10.0111  10.0194  10.0299  10.0578  10.1004  10.1156
 10.1508  10.1642  10.2255  10.2732  10.2821  10.3341  10.3373  10.3881
 10.3958  10.4226  10.5703  10.5900  10.6119  10.6345  10.7272  10.7978
 10.9513  10.9860  11.0820  11.1896  11.4498  11.5159  11.5437  11.6044
 11.7762  11.8500  11.8547  11.9108  11.9354  11.9837  12.0281  12.0713
 12.1736  12.2264  12.2452  12.2763  12.3162  12.3708  12.4433  12.5110
 12.6200  12.7871  12.8063  13.0130  13.0528  13.1549  13.2950  13.4067
 13.4672  13.6139  13.7450  14.2805  14.4277  14.7773  28.2771  28.6534
 28.8329  28.9304  29.1408  29.2290  48.3060  48.4564 147.4643 147.7908
147.9873 148.1196 148.3387 148.4313 253.4914 253.6757
 --------------------------------------------------------------
 
          Ground-State Mulliken Net Atomic Charges

     Atom                 Charge (a.u.)    Spin (a.u.)
  --------------------------------------------------------
      1 C                    -0.144639      -0.002942
      2 C                     0.117757      -0.009311
      3 C                     0.190056       0.602305
      4 C                    -0.145554      -0.038461
      5 O                    -0.349249       0.120261
      6 C                     0.168592      -0.069561
      7 C                    -0.210424       1.067251
      8 O                    -0.388185       0.275994
      9 H                     0.068050      -0.000118
     10 H                     0.071681      -0.000230
     11 H                     0.085868      -0.001395
     12 H                     0.060800       0.031612
     13 H                     0.094820      -0.001134
     14 H                     0.064839       0.026399
     15 H                     0.060813       0.024127
     16 H                     0.070939       0.057840
     17 H                     0.083248      -0.038198
     18 H                     0.100586      -0.044438
  --------------------------------------------------------
  Sum of atomic charges =    -0.000000
  Sum of spin   charges =     2.000000

 -----------------------------------------------------------------
                    Cartesian Multipole Moments
 -----------------------------------------------------------------
    Charge (ESU x 10^10)
                -0.0000
    Dipole Moment (Debye)
         X      -4.0660      Y       2.3962      Z       0.5040
       Tot       4.7464
    Quadrupole Moments (Debye-Ang)
        XX     -51.1169     XY       5.4921     YY     -52.7525
        XZ       2.9537     YZ      -1.4238     ZZ     -47.6768
    Octopole Moments (Debye-Ang^2)
       XXX     -59.6180    XXY      24.7297    XYY     -26.1969
       YYY      24.6169    XXZ       9.3623    XYZ      -3.7033
       YYZ       3.0684    XZZ     -14.5592    YZZ       4.6256
       ZZZ       7.8822
    Hexadecapole Moments (Debye-Ang^3)
      XXXX    -964.4343   XXXY     119.4198   XXYY    -250.3867
      XYYY      93.7070   YYYY    -347.2075   XXXZ      48.7420
      XXYZ     -38.0233   XYYZ      17.8384   YYYZ     -70.5917
      XXZZ    -202.5423   XYZZ      30.4370   YYZZ     -97.8327
      XZZZ      36.6305   YZZZ     -69.6716   ZZZZ    -212.0801
 -----------------------------------------------------------------
 Total job time:  128.53s(wall), 3690.00s(cpu) 
 Mon Jan  6 16:15:42 2025

        *************************************************************
        *                                                           *
        *  Thank you very much for using Q-Chem.  Have a nice day.  *
        *                                                           *
        *************************************************************



Running Job 2 of 2 CA8-P1_rdkit_conf_4_wb97xd-B3PW91-readSCF.in
qchem CA8-P1_rdkit_conf_4_wb97xd-B3PW91-readSCF.in_2666540.1 /expanse/lustre/scratch/whughes/temp_project/job_36180351/CA8-P1_rdkit_conf_4_wb97xd-B3PW91-readSCF-36180351/ 0
/cm/shared/apps/spack/0.17.3/cpu/b/opt/spack/linux-rocky8-zen2/gcc-10.2.0/qchem-6.0-rytxnwjazd34ekd2gqyi5ufsaimxsd3r/exe/qcprog.exe_s CA8-P1_rdkit_conf_4_wb97xd-B3PW91-readSCF.in_2666540.1 /expanse/lustre/scratch/whughes/temp_project/job_36180351/CA8-P1_rdkit_conf_4_wb97xd-B3PW91-readSCF-36180351/
                  Welcome to Q-Chem
     A Quantum Leap Into The Future Of Chemistry


 Q-Chem 6.0, Q-Chem, Inc., Pleasanton, CA (2022)

 License issued to: University of California, San Diego (site)

 E. Epifanovsky,  A. T. B. Gilbert,  Xintian Feng,  Joonho Lee,  Yuezhi Mao,  
 N. Mardirossian,  P. Pokhilko,  A. White,  M. Wormit,  M. P. Coons,  
 A. L. Dempwolff,  Zhengting Gan,  D. Hait,  P. R. Horn,  L. D. Jacobson,  
 I. Kaliman,  J. Kussmann,  A. W. Lange,  Ka Un Lao,  D. S. Levine,  Jie Liu,  
 S. C. McKenzie,  A. F. Morrison,  K. Nanda,  F. Plasser,  D. R. Rehn,  
 M. L. Vidal,  Zhi-Qiang You,  Ying Zhu,  B. Alam,  B. Albrecht,  
 A. Aldossary,  E. Alguire,  J. H. Andersen,  V. Athavale,  D. Barton,  
 K. Begam,  A. Behn,  N. Bellonzi,  Y. A. Bernard,  E. J. Berquist,  
 H. Burton,  A. Carreras,  K. Carter-Fenk,  Romit Chakraborty,  
 Chandrima Chakravarty,  Junhan Chen,  A. D. Chien,  K. D. Closser,  
 V. Cofer-Shabica,  L. Cunha,  S. Dasgupta,  Jia Deng,  M. de Wergifosse,  
 M. Diedenhofen,  Hainam Do,  S. Ehlert,  Po-Tung Fang,  S. Fatehi,  
 Qingguo Feng,  T. Friedhoff,  B. Ganoe,  J. Gayvert,  Qinghui Ge,  
 G. Gidofalvi,  M. Goldey,  J. Gomes,  C. Gonzalez-Espinoza,  S. Gulania,  
 A. Gunina,  J. A. Gyamfi,  M. W. D. Hanson-Heine,  P. H. P. Harbach,  
 A. W. Hauser,  M. F. Herbst,  M. Hernandez Vera,  M. Hodecker,  
 Z. C. Holden,  S. Houck,  Xunkun Huang,  Kerwin Hui,  B. C. Huynh,  
 K. Ikeda,  M. Ivanov,  Hyunjun Ji,  Zuxin Jin,  Hanjie Jiang,  B. Kaduk,  
 S. Kaehler,  R. Kang,  K. Khistyaev,  Jaehoon Kim,  Yongbin Kim,  
 P. Klunzinger,  Z. Koczor-Benda,  Joong Hoon Koh,  D. Kosenkov,  
 Saikiran Kotaru,  L. Koulias,  T. Kowalczyk,  C. M. Krauter,  K. Kue,  
 A. Kunitsa,  T. Kus,  A. Landau,  K. V. Lawler,  D. Lefrancois,  S. Lehtola,  
 Rain Li,  Shaozhi Li,  Yi-Pei Li,  Jiashu Liang,  M. Liebenthal,  
 Hung-Hsuan Lin,  You-Sheng Lin,  Fenglai Liu,  Kuan-Yu Liu,  
 M. Loipersberger,  A. Luenser,  C. Malbon,  A. Manjanath,  P. Manohar,  
 E. Mansoor,  S. F. Manzer,  Shan-Ping Mao,  A. V. Marenich,  T. Markovich,  
 S. Mason,  F. Matz,  S. A. Maurer,  P. F. McLaughlin,  M. F. S. J. Menger,  
 J.-M. Mewes,  S. A. Mewes,  P. Morgante,  Mohammad Mostafanejad,  
 J. W. Mullinax,  K. J. Oosterbaan,  G. Paran,  V. Parravicini,  
 Alexander C. Paul,  Suranjan K. Paul,  F. Pavosevic,  Zheng Pei,  S. Prager,  
 E. I. Proynov,  E. Ramos,  B. Rana,  A. E. Rask,  A. Rettig,  R. M. Richard,  
 F. Rob,  E. Rossomme,  T. Scheele,  M. Scheurer,  M. Schneider,  
 P. E. Schneider,  N. Sergueev,  S. M. Sharada,  Hengyuan Shen,  
 W. Skomorowski,  D. W. Small,  C. J. Stein,  Yingli Su,  Yu-Chuan Su,  
 E. J. Sundstrom,  Zhen Tao,  J. Thirman,  Hung-Yi Tsai,  T. Tsuchimochi,  
 N. M. Tubman,  C. Utku,  S. P. Veccham,  O. Vydrov,  J. Wenzel,  
 Jonathan Wong,  J. Witte,  A. Yamada,  Chou-Hsun Yang,  Kun Yao,  
 S. Yeganeh,  S. R. Yost,  A. Zech,  F. Zeller,  Igor Ying Zhang,  
 Xing Zhang,  Yu Zhang,  D. Zuev,  A. Aspuru-Guzik,  A. T. Bell,  
 N. A. Besley,  K. B. Bravaya,  B. R. Brooks,  D. Casanova,  Jeng-Da Chai,  
 Hsing-Ta Chen,  S. Coriani,  C. J. Cramer,  A. E. DePrince, III,  
 R. A. DiStasio Jr.,  A. Dreuw,  B. D. Dunietz,  T. R. Furlani,  
 W. A. Goddard III,  S. Grimme,  S. Hammes-Schiffer,  T. Head-Gordon,  
 W. J. Hehre,  Chao-Ping Hsu,  T.-C. Jagau,  Yousung Jung,  A. Klamt,  
 Jing Kong,  D. S. Lambrecht,  Xiangyuan Li,  WanZhen Liang,  N. J. Mayhall,  
 C. W. McCurdy,  J. B. Neaton,  T. Neudecker,  C. Ochsenfeld,  
 J. A. Parkhill,  R. Peverati,  V. A. Rassolov,  Haisheng Ren,  Yihan Shao,  
 L. V. Slipchenko,  R. P. Steele,  J. E. Subotnik,  A. J. W. Thom,  
 A. Tkatchenko,  D. G. Truhlar,  T. Van Voorhis,  Fan Wang,  
 T. A. Wesolowski,  K. B. Whaley,  H. L. Woodcock III,  P. M. Zimmerman,  
 S. Faraji,  P. M. W. Gill,  M. Head-Gordon,  J. M. Herbert,  A. I. Krylov

 Contributors to earlier versions of Q-Chem not listed above: 
 R. D. Adamson,  B. Austin,  R. Baer,  J. Baker,  G. J. O. Beran,  
 K. Brandhorst,  S. T. Brown,  E. F. C. Byrd,  Arup K. Chakraborty,  
 G. K. L. Chan,  Chun-Min Chang,  Yunqing Chen,  C.-L. Cheng,  
 Siu Hung Chien,  D. M. Chipman,  D. L. Crittenden,  H. Dachsel,  
 R. J. Doerksen,  A. D. Dutoi,  R. G. Edgar,  J. Fosso-Tande,  
 L. Fusti-Molnar,  D. Ghosh,  A. Ghysels,  A. Golubeva-Zadorozhnaya,  
 J. Gonthier,  M. S. Gordon,  S. R. Gwaltney,  G. Hawkins,  J. E. Herr,  
 A. Heyden,  S. Hirata,  E. G. Hohenstein,  G. Kedziora,  F. J. Keil,  
 C. Kelley,  Jihan Kim,  R. A. King,  R. Z. Khaliullin,  P. P. Korambath,  
 W. Kurlancheek,  A. Laurent,  A. M. Lee,  M. S. Lee,  S. V. Levchenko,  
 Ching Yeh Lin,  D. Liotard,  E. Livshits,  R. C. Lochan,  I. Lotan,  
 L. A. Martinez-Martinez,  P. E. Maslen,  N. Nair,  D. P. O'Neill,  
 D. Neuhauser,  E. Neuscamman,  C. M. Oana,  R. Olivares-Amaya,  R. Olson,  
 T. M. Perrine,  B. Peters,  P. A. Pieniazek,  A. Prociuk,  Y. M. Rhee,  
 J. Ritchie,  M. A. Rohrdanz,  E. Rosta,  N. J. Russ,  H. F. Schaefer III,  
 M. W. Schmidt,  N. E. Schultz,  S. Sharma,  N. Shenvi,  C. D. Sherrill,  
 A. C. Simmonett,  A. Sodt,  T. Stein,  D. Stuck,  K. S. Thanthiriwatte,  
 V. Vanovschi,  L. Vogt,  Tao Wang,  A. Warshel,  M. A. Watson,  
 C. F. Williams,  Q. Wu,  X. Xu,  Jun Yang,  W. Zhang,  Yan Zhao

   Please cite Q-Chem as follows:
  "Software for the frontiers of quantum chemistry:
   An overview of developments in the Q-Chem 5 package"
   J. Chem. Phys. 155, 084801 (2021)
   https://doi.org/10.1063/5.0055522 (open access)

 Q-Chem 6.0.2 for Intel X86 EM64T Linux

 Parts of Q-Chem use Armadillo 9.900.5 (Nocturnal Misbehaviour).
 http://arma.sourceforge.net/

 Q-Chem begins on Mon Jan  6 16:15:42 2025  

 Host: 
0

     Scratch files written to /expanse/lustre/scratch/whughes/temp_project/job_36180351/CA8-P1_rdkit_conf_4_wb97xd-B3PW91-readSCF-36180351//
 Dec722 |scratch|qcdevops|jenkins|workspace|build_RNUM    
 Processing $rem in /cm/shared/apps/spack/0.17.3/cpu/b/opt/spack/linux-rocky8-zen2/gcc-10.2.0/qchem-6.0-rytxnwjazd34ekd2gqyi5ufsaimxsd3r/config/preferences:
 Processing $rem in /home/whughes/.qchemrc:

 Checking the input file for inconsistencies... 	...done.

--------------------------------------------------------------
User input:
--------------------------------------------------------------

$molecule
0 3
C    2.5303816099    0.5355407182    0.5400803783
C    1.7511292022    -0.5443141487   -0.1751670826
C    0.3505697736    -0.3313951119   -0.4011481236
C    -0.4944089982   -1.3222060422   -1.1116578301
O    -0.1336982887   0.8505385119    0.0185185659
C    -1.5379106265   1.0768403012    0.0253363127
C    -2.226611854    0.3531304806    1.1162852591
O    2.2935435055    -1.581833373    -0.5566173313
H    2.1062429091    0.7366021806    1.525380458
H    2.4972067693    1.4729529831    -0.0182764555
H    3.5618555493    0.2072701352    0.6436641743
H    -0.8785591573   -0.9200204424   -2.0548563421
H    0.1214999315    -2.1905035894   -1.3322532599
H    -1.3525946788   -1.634293975    -0.5100959288
H    -1.9730367486   0.8332870686    -0.9493324255
H    -1.6302171189   2.1621920492    0.1503737906
H    -3.290707617    0.1723980117    1.060540361
H    -1.6947841622   0.1238142422    2.0291254796
$end

$rem
METHOD      B3PW91
BASIS       def2-QZVPP
SYM_IGNORE   TRUE
DFT_D       D4
SCF_GUESS   read
MAX_SCF_CYCLES 300
$end
--------------------------------------------------------------
 Adding empirical dispersion correction 
 ----------------------------------------------------------------
 Doing -D4(0) with B3PW parameters:
 s6  =   1.00000
 s8  =   2.88364
 s10 =   0.00000
 s9 =   1.00000
 a1  =   0.46991
 a2  =   4.51641
 -D4 energy including 3body term = -0.0221041565 hartrees
 ----------------------------------------------------------------
             Standard Nuclear Orientation (Angstroms)
    I     Atom           X                Y                Z
 ----------------------------------------------------------------
    1      C       2.5303816099     0.5355407182     0.5400803783
    2      C       1.7511292022    -0.5443141487    -0.1751670826
    3      C       0.3505697736    -0.3313951119    -0.4011481236
    4      C      -0.4944089982    -1.3222060422    -1.1116578301
    5      O      -0.1336982887     0.8505385119     0.0185185659
    6      C      -1.5379106265     1.0768403012     0.0253363127
    7      C      -2.2266118540     0.3531304806     1.1162852591
    8      O       2.2935435055    -1.5818333730    -0.5566173313
    9      H       2.1062429091     0.7366021806     1.5253804580
   10      H       2.4972067693     1.4729529831    -0.0182764555
   11      H       3.5618555493     0.2072701352     0.6436641743
   12      H      -0.8785591573    -0.9200204424    -2.0548563421
   13      H       0.1214999315    -2.1905035894    -1.3322532599
   14      H      -1.3525946788    -1.6342939750    -0.5100959288
   15      H      -1.9730367486     0.8332870686    -0.9493324255
   16      H      -1.6302171189     2.1621920492     0.1503737906
   17      H      -3.2907076170     0.1723980117     1.0605403610
   18      H      -1.6947841622     0.1238142422     2.0291254796
 ----------------------------------------------------------------
 Nuclear Repulsion Energy =         377.13342903 hartrees
 There are       32 alpha and       30 beta electrons
 Requested basis set is def2-QZVPP
 There are 236 shells and 756 basis functions

 Total QAlloc Memory Limit   8000 MB
 Mega-Array Size       188 MB
 MEM_STATIC part       192 MB

 A cutoff of  1.0D-09 yielded  20636 shell pairs
 There are    204534 function pairs (    303175 Cartesian)
 Smallest overlap matrix eigenvalue = 3.90E-05

 Scale SEOQF with 1.000000e-01/1.000000e-01/1.000000e-01

 Standard Electronic Orientation quadrupole field applied
 Nucleus-field energy     =     0.0000000077 hartrees
 Guess MOs from SCF MO coefficient file

 -----------------------------------------------------------------------
  General SCF calculation program by
  Eric Jon Sundstrom, Paul Horn, Yuezhi Mao, Dmitri Zuev, Alec White,
  David Stuck, Shaama M.S., Shane Yost, Joonho Lee, David Small,
  Daniel Levine, Susi Lehtola, Hugh Burton, Evgeny Epifanovsky,
  Bang C. Huynh
 -----------------------------------------------------------------------
 Exchange:     0.2000 Hartree-Fock + 0.0800 Slater + 0.7200 B88
 Correlation:  0.1900 PW92 + 0.8100 PW91
 Using SG-1 standard quadrature grid
 Dispersion:   Grimme D4
 using 32 threads for integral computing
 -------------------------------------------------------
 OpenMP Integral computing Module                
 Release: version 1.0, May 2013, Q-Chem Inc. Pittsburgh 
 -------------------------------------------------------
 A unrestricted SCF calculation will be
 performed using DIIS
 SCF converges when DIIS error is below 1.0e-05
 ---------------------------------------
  Cycle       Energy         DIIS error
 ---------------------------------------
    1    -385.0468791234      1.03e-04  
    2    -385.0476536592      2.28e-05  
    3    -385.0476132871      2.64e-05  
    4    -385.0477393609      7.71e-06  Convergence criterion met
 ---------------------------------------
 SCF time:   CPU 1963.02s  wall 69.00s 
<S^2> =          2.014253999
 SCF   energy in the final basis set =     -385.0477393609
 Total energy in the final basis set =     -385.0477393609
 
 --------------------------------------------------------------
 
                    Orbital Energies (a.u.)
 --------------------------------------------------------------
 
 Alpha MOs
 -- Occupied --
-19.1803 -19.0868 -10.2447 -10.2390 -10.2261 -10.1977 -10.1684 -10.1501
 -1.1063  -1.0262  -0.8174  -0.7690  -0.7399  -0.6793  -0.6234  -0.5621
 -0.5146  -0.4931  -0.4899  -0.4568  -0.4449  -0.4327  -0.4221  -0.4085
 -0.4037  -0.3770  -0.3741  -0.3590  -0.3548  -0.2494  -0.2434  -0.1952
 -- Virtual --
  0.0185   0.0254   0.0415   0.0437   0.0519   0.0740   0.0775   0.0894
  0.0947   0.1077   0.1121   0.1153   0.1270   0.1285   0.1339   0.1449
  0.1581   0.1669   0.1710   0.1841   0.1896   0.2090   0.2124   0.2249
  0.2316   0.2543   0.2642   0.2670   0.2777   0.2812   0.2910   0.2955
  0.2969   0.3080   0.3129   0.3164   0.3255   0.3318   0.3366   0.3452
  0.3525   0.3543   0.3667   0.3730   0.3753   0.4010   0.4073   0.4177
  0.4286   0.4448   0.4482   0.4597   0.4762   0.4931   0.4993   0.5113
  0.5226   0.5371   0.5482   0.5571   0.5599   0.5749   0.5855   0.5906
  0.6019   0.6053   0.6248   0.6320   0.6455   0.6593   0.6774   0.6883
  0.6937   0.7052   0.7112   0.7181   0.7282   0.7428   0.7478   0.7623
  0.7715   0.7815   0.7918   0.7969   0.8010   0.8135   0.8159   0.8270
  0.8301   0.8346   0.8379   0.8458   0.8537   0.8729   0.8855   0.8974
  0.9100   0.9175   0.9279   0.9316   0.9404   0.9446   0.9587   0.9655
  0.9775   0.9934   1.0001   1.0170   1.0332   1.0369   1.0398   1.0426
  1.0542   1.0665   1.0785   1.0904   1.1043   1.1063   1.1169   1.1362
  1.1401   1.1465   1.1608   1.1765   1.2042   1.2069   1.2278   1.2436
  1.2504   1.2794   1.2957   1.3052   1.3164   1.3457   1.3716   1.3794
  1.4002   1.4028   1.4137   1.4361   1.4424   1.4453   1.4651   1.4841
  1.4956   1.5036   1.5150   1.5237   1.5394   1.5517   1.5871   1.6019
  1.6281   1.6552   1.6670   1.6942   1.7074   1.7089   1.7240   1.7336
  1.7598   1.7702   1.7820   1.7927   1.8085   1.8246   1.8286   1.8407
  1.8481   1.8509   1.8712   1.8762   1.8900   1.8945   1.9009   1.9105
  1.9195   1.9270   1.9422   1.9559   1.9647   1.9800   1.9914   1.9969
  2.0097   2.0168   2.0287   2.0369   2.0518   2.0560   2.0675   2.0788
  2.0851   2.0906   2.1033   2.1153   2.1178   2.1264   2.1479   2.1623
  2.1679   2.1739   2.1803   2.1885   2.1997   2.2115   2.2292   2.2351
  2.2472   2.2534   2.2696   2.2809   2.2884   2.2977   2.3118   2.3269
  2.3362   2.3487   2.3565   2.3704   2.3902   2.4010   2.4153   2.4311
  2.4408   2.4563   2.4670   2.4774   2.4849   2.4900   2.5018   2.5265
  2.5384   2.5470   2.5598   2.5732   2.5788   2.6043   2.6109   2.6197
  2.6288   2.6412   2.6575   2.6680   2.6792   2.6936   2.6954   2.7070
  2.7197   2.7347   2.7379   2.7427   2.7589   2.7771   2.7848   2.7949
  2.8175   2.8220   2.8405   2.8482   2.8552   2.8710   2.8893   2.9027
  2.9085   2.9230   2.9248   2.9422   2.9531   2.9699   2.9884   3.0177
  3.0216   3.0252   3.0382   3.0555   3.0603   3.0872   3.0999   3.1023
  3.1309   3.1391   3.1522   3.1852   3.2128   3.2376   3.2469   3.2543
  3.2671   3.2808   3.2908   3.3117   3.3192   3.3379   3.3669   3.3682
  3.3929   3.4021   3.4133   3.4390   3.4419   3.4523   3.4575   3.4787
  3.4879   3.5041   3.5288   3.5399   3.5580   3.5744   3.5867   3.6099
  3.6148   3.6336   3.6656   3.6692   3.6943   3.7107   3.7287   3.7470
  3.7602   3.7908   3.8208   3.8318   3.8613   3.8843   3.8918   3.9076
  3.9220   3.9335   3.9524   3.9778   4.0129   4.0301   4.0736   4.0767
  4.1141   4.1275   4.1336   4.1679   4.2314   4.2398   4.2785   4.2984
  4.3145   4.3311   4.3376   4.3992   4.4158   4.4424   4.4775   4.4957
  4.5434   4.5574   4.5824   4.6157   4.6436   4.6698   4.7283   4.7702
  4.8359   4.8974   4.9351   4.9411   4.9694   5.0111   5.0174   5.0429
  5.0642   5.1045   5.1085   5.1441   5.1586   5.1724   5.1949   5.2016
  5.2328   5.2650   5.2934   5.3038   5.3126   5.3348   5.3898   5.4042
  5.4189   5.4336   5.4504   5.4773   5.4910   5.5038   5.5370   5.5505
  5.5638   5.5755   5.6028   5.6055   5.6186   5.6349   5.6459   5.6714
  5.6968   5.7198   5.7493   5.7801   5.7821   5.8065   5.8149   5.8253
  5.8329   5.8512   5.8552   5.8666   5.8716   5.8917   5.9117   5.9242
  5.9304   5.9327   5.9392   5.9460   5.9516   5.9709   5.9771   6.0080
  6.0123   6.0223   6.0319   6.0424   6.0531   6.0597   6.0710   6.0910
  6.1018   6.1081   6.1176   6.1335   6.1438   6.1560   6.1609   6.1725
  6.1924   6.1982   6.2075   6.2396   6.2543   6.2754   6.2796   6.2927
  6.3015   6.3060   6.3192   6.3295   6.3442   6.3614   6.3721   6.3961
  6.3995   6.4138   6.4258   6.4451   6.4559   6.4721   6.4959   6.5047
  6.5140   6.5329   6.5491   6.5518   6.5670   6.5819   6.5915   6.6022
  6.6190   6.6430   6.6530   6.6653   6.6736   6.7029   6.7147   6.7274
  6.7411   6.7750   6.7897   6.8000   6.8125   6.8186   6.8472   6.8584
  6.9106   6.9240   6.9336   6.9826   7.0106   7.0167   7.0332   7.0593
  7.0932   7.1166   7.1414   7.1533   7.1594   7.1734   7.1999   7.2103
  7.2284   7.2549   7.2873   7.3122   7.3259   7.3630   7.3753   7.3869
  7.3919   7.4152   7.4246   7.4492   7.4590   7.4753   7.4826   7.4911
  7.5079   7.5131   7.5177   7.5249   7.5424   7.5593   7.5790   7.6012
  7.6177   7.6269   7.6488   7.6561   7.6628   7.6785   7.7048   7.7134
  7.7190   7.7227   7.7414   7.7523   7.7625   7.7801   7.8001   7.8284
  7.8427   7.8471   7.8579   7.8954   7.9057   7.9075   7.9213   7.9409
  7.9604   7.9784   8.0020   8.0092   8.0343   8.0601   8.0959   8.1040
  8.1371   8.1578   8.1671   8.1898   8.2260   8.2445   8.2823   8.2945
  8.2985   8.3164   8.3315   8.3394   8.3628   8.3674   8.3723   8.3841
  8.3922   8.3941   8.3990   8.4050   8.4150   8.4278   8.4556   8.4627
  8.4752   8.4893   8.5141   8.5211   8.5372   8.5682   8.5901   8.5930
  8.6010   8.6231   8.6430   8.6647   8.6803   8.7023   8.7377   8.7740
  8.7913   8.8283   8.8433   8.8585   8.8834   8.8900   8.8989   8.9127
  8.9138   8.9355   8.9419   8.9552   8.9847   8.9860   9.0266   9.0444
  9.0513   9.0892   9.0947   9.0984   9.1365   9.1833   9.1985   9.2418
  9.2899   9.3612   9.4812   9.4918   9.5233   9.5803   9.6377   9.7027
  9.7295   9.7325   9.7338   9.7649   9.7729   9.7793   9.7912   9.8150
  9.8219   9.8537   9.8677   9.8908   9.8997   9.9137   9.9356   9.9528
  9.9765   9.9884   9.9974  10.0212  10.0637  10.0795  10.1149  10.1266
 10.1875  10.2443  10.2510  10.2979  10.3069  10.3489  10.3648  10.3947
 10.5438  10.5617  10.5785  10.6045  10.6985  10.7641  10.9157  10.9504
 11.0223  11.1311  11.4024  11.4658  11.4973  11.5554  11.7441  11.8099
 11.8141  11.8633  11.8853  11.9376  11.9835  12.0320  12.1368  12.1726
 12.1905  12.2369  12.2755  12.3189  12.3867  12.4524  12.5700  12.7394
 12.7495  12.9730  13.0038  13.0875  13.2544  13.3681  13.4250  13.5682
 13.6968  14.2154  14.3760  14.7173  28.2035  28.5830  28.7414  28.8678
 29.0768  29.1653  48.2125  48.3670 147.3026 147.6299 147.8197 147.9608
148.1785 148.2712 253.2846 253.4699
 
 Beta MOs
 -- Occupied --
-19.1754 -19.0790 -10.2457 -10.2292 -10.2266 -10.1825 -10.1689 -10.1502
 -1.0958  -1.0133  -0.8012  -0.7552  -0.7351  -0.6606  -0.6075  -0.5552
 -0.5035  -0.4842  -0.4772  -0.4439  -0.4335  -0.4243  -0.4168  -0.4039
 -0.4009  -0.3736  -0.3555  -0.3480  -0.3269  -0.2406
 -- Virtual --
 -0.0855  -0.0826   0.0223   0.0438   0.0480   0.0531   0.0583   0.0785
  0.0812   0.0921   0.0989   0.1101   0.1138   0.1237   0.1290   0.1347
  0.1380   0.1493   0.1612   0.1744   0.1766   0.1906   0.2053   0.2141
  0.2214   0.2306   0.2394   0.2615   0.2721   0.2742   0.2849   0.2883
  0.2958   0.3024   0.3079   0.3133   0.3180   0.3213   0.3303   0.3368
  0.3404   0.3520   0.3570   0.3632   0.3720   0.3765   0.3843   0.4053
  0.4103   0.4240   0.4359   0.4490   0.4558   0.4686   0.4828   0.4984
  0.5044   0.5138   0.5265   0.5432   0.5535   0.5633   0.5657   0.5800
  0.5905   0.5955   0.6064   0.6128   0.6320   0.6357   0.6507   0.6628
  0.6879   0.6976   0.7105   0.7143   0.7171   0.7266   0.7390   0.7501
  0.7589   0.7692   0.7801   0.7871   0.7977   0.8033   0.8085   0.8181
  0.8214   0.8309   0.8364   0.8408   0.8450   0.8529   0.8649   0.8825
  0.8934   0.9083   0.9173   0.9230   0.9360   0.9408   0.9463   0.9534
  0.9663   0.9701   0.9824   1.0008   1.0054   1.0251   1.0412   1.0431
  1.0466   1.0489   1.0605   1.0738   1.0851   1.0965   1.1085   1.1153
  1.1228   1.1412   1.1482   1.1547   1.1684   1.1828   1.2100   1.2133
  1.2328   1.2488   1.2585   1.2861   1.3041   1.3121   1.3239   1.3520
  1.3788   1.3854   1.4067   1.4073   1.4189   1.4416   1.4483   1.4554
  1.4717   1.4902   1.5044   1.5095   1.5195   1.5308   1.5464   1.5599
  1.5965   1.6090   1.6373   1.6588   1.6707   1.7061   1.7157   1.7194
  1.7331   1.7426   1.7703   1.7790   1.7938   1.8037   1.8211   1.8325
  1.8446   1.8526   1.8583   1.8643   1.8804   1.8822   1.8976   1.9015
  1.9109   1.9196   1.9267   1.9364   1.9498   1.9656   1.9721   1.9867
  2.0002   2.0066   2.0159   2.0219   2.0351   2.0459   2.0574   2.0645
  2.0765   2.0866   2.0908   2.0979   2.1108   2.1219   2.1256   2.1333
  2.1587   2.1681   2.1764   2.1843   2.1854   2.1958   2.2060   2.2183
  2.2357   2.2407   2.2531   2.2607   2.2778   2.2907   2.2952   2.3055
  2.3218   2.3361   2.3431   2.3564   2.3656   2.3811   2.4027   2.4107
  2.4255   2.4367   2.4485   2.4639   2.4725   2.4827   2.4921   2.5000
  2.5132   2.5328   2.5462   2.5599   2.5646   2.5792   2.5840   2.6132
  2.6235   2.6265   2.6376   2.6481   2.6647   2.6748   2.6865   2.7002
  2.7015   2.7121   2.7264   2.7413   2.7469   2.7500   2.7686   2.7829
  2.7906   2.7995   2.8221   2.8292   2.8463   2.8537   2.8595   2.8807
  2.8963   2.9055   2.9128   2.9295   2.9333   2.9491   2.9614   2.9768
  2.9944   3.0232   3.0271   3.0314   3.0443   3.0640   3.0660   3.0914
  3.1067   3.1096   3.1359   3.1480   3.1619   3.1912   3.2195   3.2460
  3.2552   3.2599   3.2746   3.2844   3.2978   3.3197   3.3262   3.3429
  3.3729   3.3755   3.4036   3.4089   3.4216   3.4469   3.4495   3.4610
  3.4686   3.4856   3.4971   3.5177   3.5375   3.5511   3.5673   3.5823
  3.5934   3.6203   3.6266   3.6423   3.6741   3.6768   3.7070   3.7186
  3.7325   3.7528   3.7765   3.7968   3.8282   3.8442   3.8637   3.8934
  3.8948   3.9147   3.9295   3.9366   3.9596   3.9872   4.0216   4.0362
  4.0824   4.0878   4.1251   4.1373   4.1436   4.1760   4.2378   4.2483
  4.2853   4.3063   4.3215   4.3390   4.3446   4.4055   4.4230   4.4513
  4.4820   4.5010   4.5480   4.5698   4.5908   4.6232   4.6556   4.6749
  4.7398   4.7750   4.8432   4.9063   4.9489   4.9520   4.9809   5.0277
  5.0282   5.0558   5.0808   5.1167   5.1253   5.1550   5.1728   5.1919
  5.2039   5.2167   5.2556   5.2811   5.3064   5.3172   5.3344   5.3530
  5.3931   5.4089   5.4364   5.4417   5.4587   5.4853   5.5047   5.5172
  5.5515   5.5612   5.5741   5.5859   5.6146   5.6209   5.6279   5.6492
  5.6583   5.6909   5.7108   5.7281   5.7557   5.7866   5.7936   5.8139
  5.8201   5.8353   5.8416   5.8604   5.8694   5.8721   5.8820   5.8982
  5.9180   5.9285   5.9342   5.9393   5.9447   5.9518   5.9614   5.9808
  5.9843   6.0129   6.0208   6.0291   6.0387   6.0516   6.0560   6.0684
  6.0804   6.0974   6.1139   6.1157   6.1275   6.1417   6.1563   6.1654
  6.1683   6.1825   6.2022   6.2084   6.2137   6.2465   6.2599   6.2831
  6.2870   6.2985   6.3081   6.3148   6.3253   6.3353   6.3562   6.3678
  6.3797   6.4038   6.4103   6.4240   6.4314   6.4548   6.4673   6.4798
  6.5051   6.5137   6.5232   6.5401   6.5557   6.5637   6.5809   6.5896
  6.5995   6.6115   6.6281   6.6480   6.6575   6.6755   6.6817   6.7120
  6.7337   6.7433   6.7513   6.7850   6.7984   6.8056   6.8195   6.8382
  6.8584   6.8678   6.9187   6.9344   6.9440   6.9868   7.0183   7.0205
  7.0439   7.0662   7.1017   7.1217   7.1468   7.1629   7.1655   7.1780
  7.2110   7.2182   7.2332   7.2632   7.2907   7.3247   7.3358   7.3657
  7.3786   7.3901   7.3989   7.4198   7.4290   7.4577   7.4669   7.4796
  7.4871   7.4963   7.5135   7.5171   7.5237   7.5299   7.5515   7.5637
  7.5839   7.6075   7.6243   7.6294   7.6573   7.6607   7.6700   7.6838
  7.7091   7.7168   7.7229   7.7243   7.7471   7.7560   7.7671   7.7831
  7.8038   7.8346   7.8460   7.8497   7.8635   7.9004   7.9136   7.9139
  7.9291   7.9451   7.9696   7.9844   8.0102   8.0146   8.0378   8.0693
  8.1049   8.1065   8.1409   8.1633   8.1821   8.1948   8.2327   8.2497
  8.2847   8.2965   8.3054   8.3213   8.3363   8.3398   8.3655   8.3713
  8.3755   8.3910   8.3929   8.3973   8.4008   8.4103   8.4185   8.4317
  8.4624   8.4651   8.4790   8.4917   8.5166   8.5288   8.5425   8.5720
  8.5926   8.5973   8.6051   8.6311   8.6480   8.6675   8.6879   8.7074
  8.7410   8.7787   8.7965   8.8350   8.8477   8.8648   8.8906   8.8973
  8.9150   8.9158   8.9253   8.9380   8.9482   8.9592   8.9868   8.9910
  9.0277   9.0495   9.0548   9.0984   9.1020   9.1072   9.1377   9.1867
  9.2103   9.2470   9.2928   9.3659   9.4880   9.4978   9.5298   9.5855
  9.6435   9.7079   9.7337   9.7369   9.7384   9.7688   9.7743   9.7890
  9.7976   9.8212   9.8250   9.8577   9.8729   9.8985   9.9064   9.9210
  9.9413   9.9613   9.9839   9.9928  10.0031  10.0290  10.0692  10.0868
 10.1205  10.1359  10.1950  10.2476  10.2551  10.3060  10.3111  10.3593
 10.3678  10.3969  10.5442  10.5641  10.5811  10.6073  10.7005  10.7676
 10.9201  10.9545  11.0485  11.1560  11.4156  11.4823  11.5101  11.5712
 11.7457  11.8188  11.8237  11.8743  11.9025  11.9493  11.9944  12.0365
 12.1401  12.1921  12.2029  12.2429  12.2831  12.3346  12.4045  12.4676
 12.5798  12.7489  12.7638  12.9781  13.0209  13.1138  13.2565  13.3709
 13.4276  13.5720  13.7007  14.2347  14.3837  14.7309  28.2144  28.5904
 28.7695  28.8671  29.0767  29.1650  48.2243  48.3742 147.3055 147.6318
147.8278 147.9601 148.1784 148.2711 253.2883 253.4723
 --------------------------------------------------------------
 
          Ground-State Mulliken Net Atomic Charges

     Atom                 Charge (a.u.)    Spin (a.u.)
  --------------------------------------------------------
      1 C                    -0.161839      -0.003089
      2 C                     0.109134      -0.008879
      3 C                     0.191228       0.599936
      4 C                    -0.158152      -0.040117
      5 O                    -0.364594       0.122100
      6 C                     0.154046      -0.064992
      7 C                    -0.222087       1.073214
      8 O                    -0.389968       0.276779
      9 H                     0.074555       0.000065
     10 H                     0.079044       0.000050
     11 H                     0.096898      -0.001531
     12 H                     0.065790       0.030292
     13 H                     0.103777      -0.001332
     14 H                     0.068827       0.027383
     15 H                     0.070556       0.021571
     16 H                     0.085571       0.054016
     17 H                     0.089648      -0.039061
     18 H                     0.107566      -0.046406
  --------------------------------------------------------
  Sum of atomic charges =    -0.000000
  Sum of spin   charges =     2.000000

 -----------------------------------------------------------------
                    Cartesian Multipole Moments
 -----------------------------------------------------------------
    Charge (ESU x 10^10)
                -0.0000
    Dipole Moment (Debye)
         X      -4.0803      Y       2.4019      Z       0.4969
       Tot       4.7608
    Quadrupole Moments (Debye-Ang)
        XX     -51.0485     XY       5.4700     YY     -52.6013
        XZ       2.9373     YZ      -1.4339     ZZ     -47.5303
    Octopole Moments (Debye-Ang^2)
       XXX     -59.5860    XXY      24.7128    XYY     -26.1896
       YYY      24.5738    XXZ       9.2688    XYZ      -3.7339
       YYZ       3.1215    XZZ     -14.4725    YZZ       4.6308
       ZZZ       7.8347
    Hexadecapole Moments (Debye-Ang^3)
      XXXX    -961.9234   XXXY     119.1196   XXYY    -249.5562
      XYYY      93.6461   YYYY    -345.9182   XXXZ      48.6452
      XXYZ     -37.9304   XYYZ      17.8515   YYYZ     -70.4483
      XXZZ    -201.7453   XYZZ      30.3122   YYZZ     -97.3109
      XZZZ      36.4715   YZZZ     -69.4325   ZZZZ    -210.9955
 -----------------------------------------------------------------
 Total job time:  69.70s(wall), 1988.30s(cpu) 
 Mon Jan  6 16:16:52 2025

        *************************************************************
        *                                                           *
        *  Thank you very much for using Q-Chem.  Have a nice day.  *
        *                                                           *
        *************************************************************


