
Running Job 1 of 1 s6-i1-triplet-wb97xd-B3PW91.in
qchem s6-i1-triplet-wb97xd-B3PW91.in_2792335.0 /expanse/lustre/scratch/whughes/temp_project/job_32713858/s6-i1-triplet-wb97xd-B3PW91-32713858/ 0
/cm/shared/apps/spack/0.17.3/cpu/b/opt/spack/linux-rocky8-zen2/gcc-10.2.0/qchem-6.0-rytxnwjazd34ekd2gqyi5ufsaimxsd3r/exe/qcprog.exe_s s6-i1-triplet-wb97xd-B3PW91.in_2792335.0 /expanse/lustre/scratch/whughes/temp_project/job_32713858/s6-i1-triplet-wb97xd-B3PW91-32713858/
                  Welcome to Q-Chem
     A Quantum Leap Into The Future Of Chemistry


 Q-Chem 6.0, Q-Chem, Inc., Pleasanton, CA (2022)

 License issued to: University of California, San Diego (site)

 E. Epifanovsky,  A. T. B. Gilbert,  Xintian Feng,  Joonho Lee,  Yuezhi Mao,  
 N. Mardirossian,  P. Pokhilko,  A. White,  M. Wormit,  M. P. Coons,  
 A. L. Dempwolff,  Zhengting Gan,  D. Hait,  P. R. Horn,  L. D. Jacobson,  
 I. Kaliman,  J. Kussmann,  A. W. Lange,  Ka Un Lao,  D. S. Levine,  Jie Liu,  
 S. C. McKenzie,  A. F. Morrison,  K. Nanda,  F. Plasser,  D. R. Rehn,  
 M. L. Vidal,  Zhi-Qiang You,  Ying Zhu,  B. Alam,  B. Albrecht,  
 A. Aldossary,  E. Alguire,  J. H. Andersen,  V. Athavale,  D. Barton,  
 K. Begam,  A. Behn,  N. Bellonzi,  Y. A. Bernard,  E. J. Berquist,  
 H. Burton,  A. Carreras,  K. Carter-Fenk,  Romit Chakraborty,  
 Chandrima Chakravarty,  Junhan Chen,  A. D. Chien,  K. D. Closser,  
 V. Cofer-Shabica,  L. Cunha,  S. Dasgupta,  Jia Deng,  M. de Wergifosse,  
 M. Diedenhofen,  Hainam Do,  S. Ehlert,  Po-Tung Fang,  S. Fatehi,  
 Qingguo Feng,  T. Friedhoff,  B. Ganoe,  J. Gayvert,  Qinghui Ge,  
 G. Gidofalvi,  M. Goldey,  J. Gomes,  C. Gonzalez-Espinoza,  S. Gulania,  
 A. Gunina,  J. A. Gyamfi,  M. W. D. Hanson-Heine,  P. H. P. Harbach,  
 A. W. Hauser,  M. F. Herbst,  M. Hernandez Vera,  M. Hodecker,  
 Z. C. Holden,  S. Houck,  Xunkun Huang,  Kerwin Hui,  B. C. Huynh,  
 K. Ikeda,  M. Ivanov,  Hyunjun Ji,  Zuxin Jin,  Hanjie Jiang,  B. Kaduk,  
 S. Kaehler,  R. Kang,  K. Khistyaev,  Jaehoon Kim,  Yongbin Kim,  
 P. Klunzinger,  Z. Koczor-Benda,  Joong Hoon Koh,  D. Kosenkov,  
 Saikiran Kotaru,  L. Koulias,  T. Kowalczyk,  C. M. Krauter,  K. Kue,  
 A. Kunitsa,  T. Kus,  A. Landau,  K. V. Lawler,  D. Lefrancois,  S. Lehtola,  
 Rain Li,  Shaozhi Li,  Yi-Pei Li,  Jiashu Liang,  M. Liebenthal,  
 Hung-Hsuan Lin,  You-Sheng Lin,  Fenglai Liu,  Kuan-Yu Liu,  
 M. Loipersberger,  A. Luenser,  C. Malbon,  A. Manjanath,  P. Manohar,  
 E. Mansoor,  S. F. Manzer,  Shan-Ping Mao,  A. V. Marenich,  T. Markovich,  
 S. Mason,  F. Matz,  S. A. Maurer,  P. F. McLaughlin,  M. F. S. J. Menger,  
 J.-M. Mewes,  S. A. Mewes,  P. Morgante,  Mohammad Mostafanejad,  
 J. W. Mullinax,  K. J. Oosterbaan,  G. Paran,  V. Parravicini,  
 Alexander C. Paul,  Suranjan K. Paul,  F. Pavosevic,  Zheng Pei,  S. Prager,  
 E. I. Proynov,  E. Ramos,  B. Rana,  A. E. Rask,  A. Rettig,  R. M. Richard,  
 F. Rob,  E. Rossomme,  T. Scheele,  M. Scheurer,  M. Schneider,  
 P. E. Schneider,  N. Sergueev,  S. M. Sharada,  Hengyuan Shen,  
 W. Skomorowski,  D. W. Small,  C. J. Stein,  Yingli Su,  Yu-Chuan Su,  
 E. J. Sundstrom,  Zhen Tao,  J. Thirman,  Hung-Yi Tsai,  T. Tsuchimochi,  
 N. M. Tubman,  C. Utku,  S. P. Veccham,  O. Vydrov,  J. Wenzel,  
 Jonathan Wong,  J. Witte,  A. Yamada,  Chou-Hsun Yang,  Kun Yao,  
 S. Yeganeh,  S. R. Yost,  A. Zech,  F. Zeller,  Igor Ying Zhang,  
 Xing Zhang,  Yu Zhang,  D. Zuev,  A. Aspuru-Guzik,  A. T. Bell,  
 N. A. Besley,  K. B. Bravaya,  B. R. Brooks,  D. Casanova,  Jeng-Da Chai,  
 Hsing-Ta Chen,  S. Coriani,  C. J. Cramer,  A. E. DePrince, III,  
 R. A. DiStasio Jr.,  A. Dreuw,  B. D. Dunietz,  T. R. Furlani,  
 W. A. Goddard III,  S. Grimme,  S. Hammes-Schiffer,  T. Head-Gordon,  
 W. J. Hehre,  Chao-Ping Hsu,  T.-C. Jagau,  Yousung Jung,  A. Klamt,  
 Jing Kong,  D. S. Lambrecht,  Xiangyuan Li,  WanZhen Liang,  N. J. Mayhall,  
 C. W. McCurdy,  J. B. Neaton,  T. Neudecker,  C. Ochsenfeld,  
 J. A. Parkhill,  R. Peverati,  V. A. Rassolov,  Haisheng Ren,  Yihan Shao,  
 L. V. Slipchenko,  R. P. Steele,  J. E. Subotnik,  A. J. W. Thom,  
 A. Tkatchenko,  D. G. Truhlar,  T. Van Voorhis,  Fan Wang,  
 T. A. Wesolowski,  K. B. Whaley,  H. L. Woodcock III,  P. M. Zimmerman,  
 S. Faraji,  P. M. W. Gill,  M. Head-Gordon,  J. M. Herbert,  A. I. Krylov

 Contributors to earlier versions of Q-Chem not listed above: 
 R. D. Adamson,  B. Austin,  R. Baer,  J. Baker,  G. J. O. Beran,  
 K. Brandhorst,  S. T. Brown,  E. F. C. Byrd,  Arup K. Chakraborty,  
 G. K. L. Chan,  Chun-Min Chang,  Yunqing Chen,  C.-L. Cheng,  
 Siu Hung Chien,  D. M. Chipman,  D. L. Crittenden,  H. Dachsel,  
 R. J. Doerksen,  A. D. Dutoi,  R. G. Edgar,  J. Fosso-Tande,  
 L. Fusti-Molnar,  D. Ghosh,  A. Ghysels,  A. Golubeva-Zadorozhnaya,  
 J. Gonthier,  M. S. Gordon,  S. R. Gwaltney,  G. Hawkins,  J. E. Herr,  
 A. Heyden,  S. Hirata,  E. G. Hohenstein,  G. Kedziora,  F. J. Keil,  
 C. Kelley,  Jihan Kim,  R. A. King,  R. Z. Khaliullin,  P. P. Korambath,  
 W. Kurlancheek,  A. Laurent,  A. M. Lee,  M. S. Lee,  S. V. Levchenko,  
 Ching Yeh Lin,  D. Liotard,  E. Livshits,  R. C. Lochan,  I. Lotan,  
 L. A. Martinez-Martinez,  P. E. Maslen,  N. Nair,  D. P. O'Neill,  
 D. Neuhauser,  E. Neuscamman,  C. M. Oana,  R. Olivares-Amaya,  R. Olson,  
 T. M. Perrine,  B. Peters,  P. A. Pieniazek,  A. Prociuk,  Y. M. Rhee,  
 J. Ritchie,  M. A. Rohrdanz,  E. Rosta,  N. J. Russ,  H. F. Schaefer III,  
 M. W. Schmidt,  N. E. Schultz,  S. Sharma,  N. Shenvi,  C. D. Sherrill,  
 A. C. Simmonett,  A. Sodt,  T. Stein,  D. Stuck,  K. S. Thanthiriwatte,  
 V. Vanovschi,  L. Vogt,  Tao Wang,  A. Warshel,  M. A. Watson,  
 C. F. Williams,  Q. Wu,  X. Xu,  Jun Yang,  W. Zhang,  Yan Zhao

   Please cite Q-Chem as follows:
  "Software for the frontiers of quantum chemistry:
   An overview of developments in the Q-Chem 5 package"
   J. Chem. Phys. 155, 084801 (2021)
   https://doi.org/10.1063/5.0055522 (open access)

 Q-Chem 6.0.2 for Intel X86 EM64T Linux

 Parts of Q-Chem use Armadillo 9.900.5 (Nocturnal Misbehaviour).
 http://arma.sourceforge.net/

 Q-Chem begins on Fri Aug  2 09:29:27 2024  

 Host: 
0

     Scratch files written to /expanse/lustre/scratch/whughes/temp_project/job_32713858/s6-i1-triplet-wb97xd-B3PW91-32713858//
 Dec722 |scratch|qcdevops|jenkins|workspace|build_RNUM    
 Processing $rem in /cm/shared/apps/spack/0.17.3/cpu/b/opt/spack/linux-rocky8-zen2/gcc-10.2.0/qchem-6.0-rytxnwjazd34ekd2gqyi5ufsaimxsd3r/config/preferences:
 Processing $rem in /home/whughes/.qchemrc:

 Checking the input file for inconsistencies... 	...done.

--------------------------------------------------------------
User input:
--------------------------------------------------------------
$molecule
0 3
C    -0.7032120811   0.4228182805    -0.0462432729
C    0.6233909449    -0.265687047    0.1350367682
C    1.2687473706    -0.6648262427   -1.1188530276
C    -1.716448475    0.3103700871    0.8038229798
S    1.5244111985    1.113859518     0.9835531455
H    -0.7849387841   1.0592893523    -0.9212646318
H    0.5379794994    -1.0922452599   0.8379877436
H    1.2064262146    -0.0193569666   -1.9849875023
H    1.9628480839    -1.4927897045   -1.1383270431
H    -2.6501619625   0.8308217597    0.6352102254
H    -1.6440030093   -0.3071447769   1.6917456152
$end

$rem
METHOD      B3PW91
BASIS       def2-QZVPP
SYM_IGNORE   TRUE
DFT_D       D4
MAX_SCF_CYCLES 300
$end

$end
--------------------------------------------------------------
 Adding empirical dispersion correction 
 ----------------------------------------------------------------
 Doing -D4(0) with B3PW parameters:
 s6  =   1.00000
 s8  =   2.88364
 s10 =   0.00000
 s9 =   1.00000
 a1  =   0.46991
 a2  =   4.51641
 -D4 energy including 3body term = -0.0138114165 hartrees
 ----------------------------------------------------------------
             Standard Nuclear Orientation (Angstroms)
    I     Atom           X                Y                Z
 ----------------------------------------------------------------
    1      C      -0.7032120811     0.4228182805    -0.0462432729
    2      C       0.6233909449    -0.2656870470     0.1350367682
    3      C       1.2687473706    -0.6648262427    -1.1188530276
    4      C      -1.7164484750     0.3103700871     0.8038229798
    5      S       1.5244111985     1.1138595180     0.9835531455
    6      H      -0.7849387841     1.0592893523    -0.9212646318
    7      H       0.5379794994    -1.0922452599     0.8379877436
    8      H       1.2064262146    -0.0193569666    -1.9849875023
    9      H       1.9628480839    -1.4927897045    -1.1383270431
   10      H      -2.6501619625     0.8308217597     0.6352102254
   11      H      -1.6440030093    -0.3071447769     1.6917456152
 ----------------------------------------------------------------
 Nuclear Repulsion Energy =         198.71008770 hartrees
 There are       24 alpha and       22 beta electrons
 Requested basis set is def2-QZVPP
 There are 150 shells and 478 basis functions

 Total QAlloc Memory Limit   8000 MB
 Mega-Array Size       188 MB
 MEM_STATIC part       192 MB


                       Distance Matrix (Angstroms)
             C (  1)   C (  2)   C (  3)   C (  4)   S (  5)   H (  6)
   C (  2)  1.505582
   C (  3)  2.494411  1.465618
   C (  4)  1.327368  2.500793  3.682266
   S (  5)  2.549573  1.853366  2.765718  3.343811
   H (  6)  1.085098  2.203345  2.688725  2.098694  2.994062
   H (  7)  2.148916  1.088409  2.132120  2.655361  2.420978  3.078016
   H (  8)  2.756985  2.212490  1.081990  4.053317  3.193357  2.502103
   H (  9)  3.459780  2.218419  1.080592  4.534375  3.389576  3.756402
   H ( 10)  2.102727  3.488360  4.546598  1.082183  4.198632  2.440055
   H ( 11)  2.106784  2.750661  4.063436  1.083965  3.543958  3.071312
             H (  7)   H (  8)   H (  9)   H ( 10)
   H (  8)  3.093073
   H (  9)  2.469110  1.860111
   H ( 10)  3.728747  4.739358  5.461178
   H ( 11)  2.471100  4.661130  4.735445  1.850295
 
 A cutoff of  1.0D-09 yielded   9568 shell pairs
 There are     98788 function pairs (    147949 Cartesian)
 Smallest overlap matrix eigenvalue = 4.94E-05

 Scale SEOQF with 1.000000e-01/1.000000e-01/1.000000e-01

 Standard Electronic Orientation quadrupole field applied
 Nucleus-field energy     =     0.0000000012 hartrees
 Guess from superposition of atomic densities
 Warning:  Energy on first SCF cycle will be non-variational
 SAD guess density has 46.000000 electrons

 -----------------------------------------------------------------------
  General SCF calculation program by
  Eric Jon Sundstrom, Paul Horn, Yuezhi Mao, Dmitri Zuev, Alec White,
  David Stuck, Shaama M.S., Shane Yost, Joonho Lee, David Small,
  Daniel Levine, Susi Lehtola, Hugh Burton, Evgeny Epifanovsky,
  Bang C. Huynh
 -----------------------------------------------------------------------
 Exchange:     0.2000 Hartree-Fock + 0.0800 Slater + 0.7200 B88
 Correlation:  0.1900 PW92 + 0.8100 PW91
 Using SG-1 standard quadrature grid
 Dispersion:   Grimme D4
 using 32 threads for integral computing
 -------------------------------------------------------
 OpenMP Integral computing Module                
 Release: version 1.0, May 2013, Q-Chem Inc. Pittsburgh 
 -------------------------------------------------------
 A unrestricted SCF calculation will be
 performed using DIIS
 SCF converges when DIIS error is below 1.0e-05
 ---------------------------------------
  Cycle       Energy         DIIS error
 ---------------------------------------
    1    -554.7794362675      7.46e-03  
    2    -553.9968840296      9.32e-04  
    3    -553.8187205368      1.42e-03  
    4    -554.0972750744      2.95e-04  
    5    -554.1101724180      6.68e-05  
    6    -554.1110852216      2.70e-05  
    7    -554.1112663817      1.53e-05  
    8    -554.1113595678      8.93e-06  Convergence criterion met
 ---------------------------------------
 SCF time:   CPU 1012.58s  wall 34.00s 
<S^2> =          2.014409124
 SCF   energy in the final basis set =     -554.1113595678
 Total energy in the final basis set =     -554.1113595678
 
 --------------------------------------------------------------
 
                    Orbital Energies (a.u.)
 --------------------------------------------------------------
 
 Alpha MOs
 -- Occupied --
-88.8480 -10.2186 -10.1965 -10.1854 -10.1800  -7.9466  -5.9121  -5.9043
 -5.8951  -0.8534  -0.7661  -0.6996  -0.6227  -0.5771  -0.4870  -0.4827
 -0.4173  -0.4115  -0.4022  -0.3739  -0.3140  -0.2673  -0.2550  -0.2201
 -- Virtual --
 -0.0216   0.0283   0.0436   0.0483   0.0495   0.0865   0.0954   0.1024
  0.1109   0.1330   0.1374   0.1475   0.1614   0.1737   0.1789   0.1844
  0.1885   0.1970   0.2153   0.2346   0.2436   0.2516   0.2653   0.2892
  0.2987   0.3076   0.3120   0.3219   0.3314   0.3384   0.3560   0.3612
  0.3710   0.3768   0.4051   0.4136   0.4305   0.4454   0.4696   0.4856
  0.4906   0.5139   0.5268   0.5565   0.5724   0.5851   0.6039   0.6210
  0.6306   0.6623   0.6797   0.6857   0.7066   0.7222   0.7223   0.7329
  0.7485   0.7607   0.7660   0.7773   0.7907   0.8010   0.8094   0.8145
  0.8194   0.8486   0.8581   0.8664   0.8748   0.8797   0.9034   0.9217
  0.9312   0.9402   0.9586   0.9711   0.9754   0.9891   1.0068   1.0161
  1.0259   1.0340   1.0600   1.0808   1.0952   1.1003   1.1076   1.1266
  1.1433   1.1672   1.1817   1.1897   1.2101   1.2240   1.2406   1.2546
  1.2735   1.2984   1.3143   1.3237   1.3807   1.4017   1.4187   1.4436
  1.4536   1.4834   1.5194   1.5378   1.5849   1.6128   1.6382   1.6789
  1.6860   1.7522   1.7571   1.7766   1.7796   1.7884   1.8007   1.8355
  1.8493   1.8726   1.8773   1.8930   1.9098   1.9229   1.9394   1.9598
  1.9732   1.9889   1.9935   2.0045   2.0182   2.0215   2.0406   2.0688
  2.0785   2.0892   2.1096   2.1134   2.1379   2.1599   2.1727   2.1874
  2.2076   2.2247   2.2558   2.2780   2.2896   2.3097   2.3244   2.3603
  2.3678   2.3775   2.3938   2.4314   2.4476   2.4730   2.4913   2.4951
  2.5078   2.5231   2.5308   2.5551   2.5702   2.5764   2.6026   2.6133
  2.6249   2.6493   2.6638   2.6708   2.6892   2.6976   2.7119   2.7189
  2.7268   2.7378   2.7563   2.7611   2.7691   2.8284   2.8321   2.8555
  2.8662   2.8799   2.9068   2.9250   2.9432   2.9613   2.9768   2.9848
  2.9883   3.0150   3.0424   3.0754   3.0918   3.1227   3.1345   3.1865
  3.2027   3.2302   3.2549   3.2679   3.2811   3.2998   3.3147   3.3323
  3.3656   3.3811   3.3955   3.4013   3.4239   3.4442   3.4611   3.4751
  3.4940   3.5083   3.5448   3.5683   3.6102   3.6225   3.6426   3.6621
  3.6880   3.6909   3.7371   3.7457   3.7578   3.8009   3.8237   3.8316
  3.8747   3.9025   3.9417   3.9562   3.9893   4.0435   4.0651   4.0988
  4.1280   4.1991   4.2544   4.2975   4.3939   4.4094   4.6476   4.6875
  4.7759   4.9108   4.9294   4.9542   4.9759   5.0337   5.0605   5.1134
  5.1573   5.1795   5.1986   5.2155   5.2647   5.3117   5.3244   5.3842
  5.3996   5.4688   5.4794   5.5208   5.5364   5.5537   5.5889   5.6355
  5.6598   5.6770   5.6858   5.7136   5.7512   5.7854   5.7940   5.8058
  5.8385   5.8475   5.8914   5.9247   5.9514   5.9623   5.9713   5.9838
  5.9970   6.0139   6.0323   6.0381   6.0811   6.1077   6.1202   6.1352
  6.1524   6.1790   6.1865   6.1945   6.2182   6.2262   6.2596   6.2800
  6.2919   6.3261   6.3412   6.3688   6.3889   6.4172   6.4244   6.4729
  6.4871   6.4934   6.5192   6.5277   6.5724   6.6080   6.6173   6.6410
  6.6813   6.6971   6.7342   6.7595   6.7915   6.8255   6.8540   6.8855
  6.9072   6.9333   6.9640   7.0078   7.0335   7.0818   7.1071   7.1176
  7.1593   7.1957   7.2427   7.2630   7.2945   7.3125   7.3370   7.3860
  7.4271   7.4452   7.4672   7.4915   7.4975   7.5091   7.5362   7.5513
  7.5778   7.5949   7.6312   7.6620   7.6742   7.7028   7.7141   7.7287
  7.7699   7.8028   7.8394   7.8770   7.9221   7.9490   7.9674   8.0168
  8.0256   8.0410   8.0790   8.1208   8.1306   8.1532   8.1783   8.2011
  8.2207   8.2389   8.2468   8.2623   8.2678   8.3142   8.3377   8.3507
  8.3696   8.4408   8.4457   8.4751   8.4805   8.5108   8.5420   8.5660
  8.5819   8.6372   8.6858   8.6940   8.6962   8.7104   8.7419   8.7849
  8.8186   8.8973   8.9070   8.9434   8.9935   9.0594   9.0946   9.1705
  9.2018   9.2257   9.3104   9.3846   9.4062   9.5814   9.6477   9.6617
  9.7032   9.7284   9.7692   9.8345   9.8615   9.8896   9.8946   9.9231
 10.0059  10.0906  10.1806  10.1973  10.2282  10.5921  10.6127  10.7291
 10.8914  11.2435  11.7317  11.8188  12.6948  12.8094  12.9179  13.0111
 24.4756  28.3530  28.6091  28.7062  28.7376  28.7961  29.1621  29.2948
 83.9355 147.4268 147.7792 147.9278 148.2743 450.8442
 
 Beta MOs
 -- Occupied --
-88.8416 -10.2198 -10.1960 -10.1777 -10.1712  -7.9402  -5.8983  -5.8937
 -5.8909  -0.8430  -0.7524  -0.6568  -0.6045  -0.5693  -0.4813  -0.4768
 -0.4096  -0.4033  -0.3845  -0.3646  -0.2863  -0.2370
 -- Virtual --
 -0.1464  -0.0760  -0.0080   0.0353   0.0456   0.0534   0.0592   0.0894
  0.0971   0.1104   0.1188   0.1359   0.1466   0.1568   0.1713   0.1801
  0.1880   0.1963   0.2016   0.2125   0.2297   0.2437   0.2519   0.2676
  0.2734   0.2996   0.3084   0.3160   0.3228   0.3336   0.3410   0.3496
  0.3603   0.3716   0.3817   0.3887   0.4131   0.4246   0.4401   0.4583
  0.4792   0.4951   0.4982   0.5225   0.5385   0.5699   0.5801   0.5906
  0.6088   0.6300   0.6358   0.6689   0.6930   0.6990   0.7154   0.7269
  0.7324   0.7423   0.7582   0.7707   0.7837   0.7861   0.8027   0.8155
  0.8201   0.8231   0.8327   0.8593   0.8653   0.8731   0.8856   0.8927
  0.9131   0.9317   0.9435   0.9593   0.9708   0.9860   0.9943   1.0011
  1.0187   1.0279   1.0348   1.0545   1.0762   1.0947   1.1062   1.1078
  1.1183   1.1400   1.1560   1.1817   1.1949   1.2013   1.2182   1.2382
  1.2490   1.2686   1.2847   1.3117   1.3255   1.3326   1.3923   1.4086
  1.4316   1.4557   1.4654   1.4947   1.5286   1.5461   1.5913   1.6236
  1.6488   1.6866   1.6920   1.7627   1.7710   1.7834   1.7916   1.7989
  1.8230   1.8408   1.8589   1.8835   1.8920   1.8977   1.9201   1.9350
  1.9521   1.9713   1.9801   1.9981   2.0007   2.0156   2.0256   2.0333
  2.0490   2.0752   2.0942   2.0979   2.1150   2.1189   2.1434   2.1683
  2.1814   2.1955   2.2175   2.2334   2.2629   2.2836   2.2984   2.3221
  2.3311   2.3674   2.3745   2.3872   2.4090   2.4377   2.4529   2.4822
  2.5028   2.5080   2.5148   2.5272   2.5380   2.5623   2.5785   2.5871
  2.6112   2.6225   2.6387   2.6582   2.6743   2.6791   2.6983   2.7046
  2.7247   2.7294   2.7454   2.7507   2.7647   2.7739   2.7804   2.8355
  2.8434   2.8654   2.8731   2.8937   2.9153   2.9405   2.9637   2.9710
  3.0011   3.0051   3.0095   3.0392   3.0527   3.0980   3.1110   3.1464
  3.1570   3.1957   3.2174   3.2468   3.2770   3.2866   3.2978   3.3137
  3.3281   3.3459   3.3771   3.3957   3.4120   3.4226   3.4321   3.4598
  3.4769   3.4962   3.5072   3.5217   3.5600   3.5789   3.6184   3.6385
  3.6540   3.6743   3.6956   3.7039   3.7529   3.7590   3.7729   3.8099
  3.8321   3.8419   3.8877   3.9135   3.9527   3.9622   4.0000   4.0506
  4.0766   4.1077   4.1359   4.2065   4.2647   4.3058   4.3969   4.4143
  4.6534   4.6928   4.7896   4.9184   4.9364   4.9585   4.9829   5.0439
  5.0670   5.1194   5.1811   5.1917   5.2058   5.2374   5.2792   5.3261
  5.3490   5.3915   5.4078   5.4740   5.4977   5.5279   5.5464   5.5680
  5.6214   5.6480   5.6755   5.6820   5.6938   5.7237   5.7644   5.7927
  5.8071   5.8102   5.8489   5.8605   5.8946   5.9305   5.9587   5.9660
  5.9807   5.9895   6.0033   6.0211   6.0358   6.0461   6.0903   6.1151
  6.1302   6.1419   6.1577   6.1856   6.1923   6.1986   6.2238   6.2300
  6.2669   6.2873   6.2996   6.3349   6.3445   6.3725   6.4003   6.4246
  6.4298   6.4766   6.4935   6.5048   6.5283   6.5318   6.5788   6.6154
  6.6334   6.6506   6.6971   6.7173   6.7409   6.7682   6.8115   6.8386
  6.8639   6.8906   6.9141   6.9387   6.9672   7.0129   7.0385   7.0921
  7.1113   7.1257   7.1707   7.2031   7.2505   7.2701   7.3038   7.3219
  7.3497   7.3888   7.4294   7.4480   7.4710   7.4949   7.5026   7.5147
  7.5396   7.5538   7.5815   7.6008   7.6366   7.6672   7.6771   7.7045
  7.7178   7.7322   7.7730   7.8045   7.8420   7.8811   7.9272   7.9511
  7.9705   8.0258   8.0275   8.0434   8.0851   8.1277   8.1385   8.1548
  8.1828   8.2033   8.2219   8.2422   8.2469   8.2659   8.2678   8.3184
  8.3383   8.3519   8.3708   8.4420   8.4472   8.4785   8.4844   8.5140
  8.5428   8.5694   8.5834   8.6396   8.6932   8.7000   8.7093   8.7196
  8.7452   8.7884   8.8210   8.8988   8.9106   8.9531   8.9977   9.0674
  9.0988   9.1719   9.2027   9.2269   9.3192   9.3865   9.4085   9.5843
  9.6484   9.6633   9.7040   9.7313   9.7710   9.8384   9.8682   9.8931
  9.9084   9.9408  10.0067  10.0934  10.1845  10.1990  10.2308  10.5937
 10.6147  10.7310  10.8921  11.2446  11.7330  11.8269  12.6957  12.8109
 12.9329  13.0137  24.4863  28.3555  28.6183  28.7152  28.7532  28.8123
 29.1658  29.2999  83.9445 147.4278 147.7858 147.9280 148.2752 450.8486
 --------------------------------------------------------------
 
          Ground-State Mulliken Net Atomic Charges

     Atom                 Charge (a.u.)    Spin (a.u.)
  --------------------------------------------------------
      1 C                    -0.064461      -0.023474
      2 C                     0.082265      -0.084028
      3 C                    -0.200890       0.997138
      4 C                    -0.149768       0.153639
      5 S                    -0.141157       1.056384
      6 H                     0.081429      -0.005858
      7 H                     0.058642      -0.000606
      8 H                     0.080976      -0.040039
      9 H                     0.087637      -0.044133
     10 H                     0.091864      -0.004507
     11 H                     0.073463      -0.004517
  --------------------------------------------------------
  Sum of atomic charges =     0.000000
  Sum of spin   charges =     2.000000

 -----------------------------------------------------------------
                    Cartesian Multipole Moments
 -----------------------------------------------------------------
    Charge (ESU x 10^10)
                -0.0000
    Dipole Moment (Debye)
         X      -1.2272      Y      -1.0894      Z      -0.5765
       Tot       1.7393
    Quadrupole Moments (Debye-Ang)
        XX     -37.8790     XY      -3.8240     YY     -39.5178
        XZ      -1.9805     YZ      -2.4707     ZZ     -38.8608
    Octopole Moments (Debye-Ang^2)
       XXX     -55.3750    XXY     -15.0646    XYY     -17.1729
       YYY     -41.6383    XXZ      -8.9766    XYZ       1.3614
       YYZ     -10.7825    XZZ     -18.4862    YZZ     -13.9695
       ZZZ     -37.2776
    Hexadecapole Moments (Debye-Ang^3)
      XXXX    -457.3092   XXXY     -43.1044   XXYY    -109.0769
      XYYY     -31.8450   YYYY    -196.2201   XXXZ      -0.4158
      XXYZ     -16.1302   XYYZ       1.8631   YYYZ     -59.1555
      XXZZ    -114.3182   XYZZ      -8.0936   YYZZ     -70.8906
      XZZZ      -7.9145   YZZZ     -68.4763   ZZZZ    -234.4938
 -----------------------------------------------------------------
 Total job time:  36.65s(wall), 1046.39s(cpu) 
 Fri Aug  2 09:30:03 2024

        *************************************************************
        *                                                           *
        *  Thank you very much for using Q-Chem.  Have a nice day.  *
        *                                                           *
        *************************************************************


