
Running Job 1 of 1 s3-p1-doublet-wb97xd-B3PW91.in
qchem s3-p1-doublet-wb97xd-B3PW91.in_3067513.0 /expanse/lustre/scratch/whughes/temp_project/job_32713645/s3-p1-doublet-wb97xd-B3PW91-32713645/ 0
/cm/shared/apps/spack/0.17.3/cpu/b/opt/spack/linux-rocky8-zen2/gcc-10.2.0/qchem-6.0-rytxnwjazd34ekd2gqyi5ufsaimxsd3r/exe/qcprog.exe_s s3-p1-doublet-wb97xd-B3PW91.in_3067513.0 /expanse/lustre/scratch/whughes/temp_project/job_32713645/s3-p1-doublet-wb97xd-B3PW91-32713645/
                  Welcome to Q-Chem
     A Quantum Leap Into The Future Of Chemistry


 Q-Chem 6.0, Q-Chem, Inc., Pleasanton, CA (2022)

 License issued to: University of California, San Diego (site)

 E. Epifanovsky,  A. T. B. Gilbert,  Xintian Feng,  Joonho Lee,  Yuezhi Mao,  
 N. Mardirossian,  P. Pokhilko,  A. White,  M. Wormit,  M. P. Coons,  
 A. L. Dempwolff,  Zhengting Gan,  D. Hait,  P. R. Horn,  L. D. Jacobson,  
 I. Kaliman,  J. Kussmann,  A. W. Lange,  Ka Un Lao,  D. S. Levine,  Jie Liu,  
 S. C. McKenzie,  A. F. Morrison,  K. Nanda,  F. Plasser,  D. R. Rehn,  
 M. L. Vidal,  Zhi-Qiang You,  Ying Zhu,  B. Alam,  B. Albrecht,  
 A. Aldossary,  E. Alguire,  J. H. Andersen,  V. Athavale,  D. Barton,  
 K. Begam,  A. Behn,  N. Bellonzi,  Y. A. Bernard,  E. J. Berquist,  
 H. Burton,  A. Carreras,  K. Carter-Fenk,  Romit Chakraborty,  
 Chandrima Chakravarty,  Junhan Chen,  A. D. Chien,  K. D. Closser,  
 V. Cofer-Shabica,  L. Cunha,  S. Dasgupta,  Jia Deng,  M. de Wergifosse,  
 M. Diedenhofen,  Hainam Do,  S. Ehlert,  Po-Tung Fang,  S. Fatehi,  
 Qingguo Feng,  T. Friedhoff,  B. Ganoe,  J. Gayvert,  Qinghui Ge,  
 G. Gidofalvi,  M. Goldey,  J. Gomes,  C. Gonzalez-Espinoza,  S. Gulania,  
 A. Gunina,  J. A. Gyamfi,  M. W. D. Hanson-Heine,  P. H. P. Harbach,  
 A. W. Hauser,  M. F. Herbst,  M. Hernandez Vera,  M. Hodecker,  
 Z. C. Holden,  S. Houck,  Xunkun Huang,  Kerwin Hui,  B. C. Huynh,  
 K. Ikeda,  M. Ivanov,  Hyunjun Ji,  Zuxin Jin,  Hanjie Jiang,  B. Kaduk,  
 S. Kaehler,  R. Kang,  K. Khistyaev,  Jaehoon Kim,  Yongbin Kim,  
 P. Klunzinger,  Z. Koczor-Benda,  Joong Hoon Koh,  D. Kosenkov,  
 Saikiran Kotaru,  L. Koulias,  T. Kowalczyk,  C. M. Krauter,  K. Kue,  
 A. Kunitsa,  T. Kus,  A. Landau,  K. V. Lawler,  D. Lefrancois,  S. Lehtola,  
 Rain Li,  Shaozhi Li,  Yi-Pei Li,  Jiashu Liang,  M. Liebenthal,  
 Hung-Hsuan Lin,  You-Sheng Lin,  Fenglai Liu,  Kuan-Yu Liu,  
 M. Loipersberger,  A. Luenser,  C. Malbon,  A. Manjanath,  P. Manohar,  
 E. Mansoor,  S. F. Manzer,  Shan-Ping Mao,  A. V. Marenich,  T. Markovich,  
 S. Mason,  F. Matz,  S. A. Maurer,  P. F. McLaughlin,  M. F. S. J. Menger,  
 J.-M. Mewes,  S. A. Mewes,  P. Morgante,  Mohammad Mostafanejad,  
 J. W. Mullinax,  K. J. Oosterbaan,  G. Paran,  V. Parravicini,  
 Alexander C. Paul,  Suranjan K. Paul,  F. Pavosevic,  Zheng Pei,  S. Prager,  
 E. I. Proynov,  E. Ramos,  B. Rana,  A. E. Rask,  A. Rettig,  R. M. Richard,  
 F. Rob,  E. Rossomme,  T. Scheele,  M. Scheurer,  M. Schneider,  
 P. E. Schneider,  N. Sergueev,  S. M. Sharada,  Hengyuan Shen,  
 W. Skomorowski,  D. W. Small,  C. J. Stein,  Yingli Su,  Yu-Chuan Su,  
 E. J. Sundstrom,  Zhen Tao,  J. Thirman,  Hung-Yi Tsai,  T. Tsuchimochi,  
 N. M. Tubman,  C. Utku,  S. P. Veccham,  O. Vydrov,  J. Wenzel,  
 Jonathan Wong,  J. Witte,  A. Yamada,  Chou-Hsun Yang,  Kun Yao,  
 S. Yeganeh,  S. R. Yost,  A. Zech,  F. Zeller,  Igor Ying Zhang,  
 Xing Zhang,  Yu Zhang,  D. Zuev,  A. Aspuru-Guzik,  A. T. Bell,  
 N. A. Besley,  K. B. Bravaya,  B. R. Brooks,  D. Casanova,  Jeng-Da Chai,  
 Hsing-Ta Chen,  S. Coriani,  C. J. Cramer,  A. E. DePrince, III,  
 R. A. DiStasio Jr.,  A. Dreuw,  B. D. Dunietz,  T. R. Furlani,  
 W. A. Goddard III,  S. Grimme,  S. Hammes-Schiffer,  T. Head-Gordon,  
 W. J. Hehre,  Chao-Ping Hsu,  T.-C. Jagau,  Yousung Jung,  A. Klamt,  
 Jing Kong,  D. S. Lambrecht,  Xiangyuan Li,  WanZhen Liang,  N. J. Mayhall,  
 C. W. McCurdy,  J. B. Neaton,  T. Neudecker,  C. Ochsenfeld,  
 J. A. Parkhill,  R. Peverati,  V. A. Rassolov,  Haisheng Ren,  Yihan Shao,  
 L. V. Slipchenko,  R. P. Steele,  J. E. Subotnik,  A. J. W. Thom,  
 A. Tkatchenko,  D. G. Truhlar,  T. Van Voorhis,  Fan Wang,  
 T. A. Wesolowski,  K. B. Whaley,  H. L. Woodcock III,  P. M. Zimmerman,  
 S. Faraji,  P. M. W. Gill,  M. Head-Gordon,  J. M. Herbert,  A. I. Krylov

 Contributors to earlier versions of Q-Chem not listed above: 
 R. D. Adamson,  B. Austin,  R. Baer,  J. Baker,  G. J. O. Beran,  
 K. Brandhorst,  S. T. Brown,  E. F. C. Byrd,  Arup K. Chakraborty,  
 G. K. L. Chan,  Chun-Min Chang,  Yunqing Chen,  C.-L. Cheng,  
 Siu Hung Chien,  D. M. Chipman,  D. L. Crittenden,  H. Dachsel,  
 R. J. Doerksen,  A. D. Dutoi,  R. G. Edgar,  J. Fosso-Tande,  
 L. Fusti-Molnar,  D. Ghosh,  A. Ghysels,  A. Golubeva-Zadorozhnaya,  
 J. Gonthier,  M. S. Gordon,  S. R. Gwaltney,  G. Hawkins,  J. E. Herr,  
 A. Heyden,  S. Hirata,  E. G. Hohenstein,  G. Kedziora,  F. J. Keil,  
 C. Kelley,  Jihan Kim,  R. A. King,  R. Z. Khaliullin,  P. P. Korambath,  
 W. Kurlancheek,  A. Laurent,  A. M. Lee,  M. S. Lee,  S. V. Levchenko,  
 Ching Yeh Lin,  D. Liotard,  E. Livshits,  R. C. Lochan,  I. Lotan,  
 L. A. Martinez-Martinez,  P. E. Maslen,  N. Nair,  D. P. O'Neill,  
 D. Neuhauser,  E. Neuscamman,  C. M. Oana,  R. Olivares-Amaya,  R. Olson,  
 T. M. Perrine,  B. Peters,  P. A. Pieniazek,  A. Prociuk,  Y. M. Rhee,  
 J. Ritchie,  M. A. Rohrdanz,  E. Rosta,  N. J. Russ,  H. F. Schaefer III,  
 M. W. Schmidt,  N. E. Schultz,  S. Sharma,  N. Shenvi,  C. D. Sherrill,  
 A. C. Simmonett,  A. Sodt,  T. Stein,  D. Stuck,  K. S. Thanthiriwatte,  
 V. Vanovschi,  L. Vogt,  Tao Wang,  A. Warshel,  M. A. Watson,  
 C. F. Williams,  Q. Wu,  X. Xu,  Jun Yang,  W. Zhang,  Yan Zhao

   Please cite Q-Chem as follows:
  "Software for the frontiers of quantum chemistry:
   An overview of developments in the Q-Chem 5 package"
   J. Chem. Phys. 155, 084801 (2021)
   https://doi.org/10.1063/5.0055522 (open access)

 Q-Chem 6.0.2 for Intel X86 EM64T Linux

 Parts of Q-Chem use Armadillo 9.900.5 (Nocturnal Misbehaviour).
 http://arma.sourceforge.net/

 Q-Chem begins on Fri Aug  2 09:10:31 2024  

 Host: 
0

     Scratch files written to /expanse/lustre/scratch/whughes/temp_project/job_32713645/s3-p1-doublet-wb97xd-B3PW91-32713645//
 Dec722 |scratch|qcdevops|jenkins|workspace|build_RNUM    
 Processing $rem in /cm/shared/apps/spack/0.17.3/cpu/b/opt/spack/linux-rocky8-zen2/gcc-10.2.0/qchem-6.0-rytxnwjazd34ekd2gqyi5ufsaimxsd3r/config/preferences:
 Processing $rem in /home/whughes/.qchemrc:

 Checking the input file for inconsistencies... 	...done.

--------------------------------------------------------------
User input:
--------------------------------------------------------------
$molecule
0 2
C    0.3199481259    0.0115809631    1.8377418922
C    0.4876252812    -1.3461487648   1.6050097568
C    0.3304573491    -1.8653912633   0.3277367549
C    0.0068345504    -1.029021084    -0.7278793187
C    -0.1668285168   0.3233319124    -0.474748381
C    -0.003666797    0.8613958781    0.7928967599
S    -0.5314892225   1.4189520121    -1.839446184
O    -1.1473570332   0.6411226413    -2.8921369857
O    -1.1545011537   2.6115557437    -1.3083216452
H    0.4387610991    0.4113506286    2.8362296297
H    0.7416330375    -2.0048280666   2.4256017331
H    0.4575063304    -2.9254899597   0.1518041638
H    -0.1290743248   -1.4152537301   -1.7288489173
H    -0.1476127256   1.9209270891    0.9549197415
$end

$rem
METHOD      B3PW91
BASIS       def2-QZVPP
SYM_IGNORE   TRUE
DFT_D       D4
MAX_SCF_CYCLES 300
$end

$end
--------------------------------------------------------------
 Adding empirical dispersion correction 
 ----------------------------------------------------------------
 Doing -D4(0) with B3PW parameters:
 s6  =   1.00000
 s8  =   2.88364
 s10 =   0.00000
 s9 =   1.00000
 a1  =   0.46991
 a2  =   4.51641
 -D4 energy including 3body term = -0.0253376393 hartrees
 ----------------------------------------------------------------
             Standard Nuclear Orientation (Angstroms)
    I     Atom           X                Y                Z
 ----------------------------------------------------------------
    1      C       0.3199481259     0.0115809631     1.8377418922
    2      C       0.4876252812    -1.3461487648     1.6050097568
    3      C       0.3304573491    -1.8653912633     0.3277367549
    4      C       0.0068345504    -1.0290210840    -0.7278793187
    5      C      -0.1668285168     0.3233319124    -0.4747483810
    6      C      -0.0036667970     0.8613958781     0.7928967599
    7      S      -0.5314892225     1.4189520121    -1.8394461840
    8      O      -1.1473570332     0.6411226413    -2.8921369857
    9      O      -1.1545011537     2.6115557437    -1.3083216452
   10      H       0.4387610991     0.4113506286     2.8362296297
   11      H       0.7416330375    -2.0048280666     2.4256017331
   12      H       0.4575063304    -2.9254899597     0.1518041638
   13      H      -0.1290743248    -1.4152537301    -1.7288489173
   14      H      -0.1476127256     1.9209270891     0.9549197415
 ----------------------------------------------------------------
 Nuclear Repulsion Energy =         506.07935000 hartrees
 There are       37 alpha and       36 beta electrons
 Requested basis set is def2-QZVPP
 There are 208 shells and 676 basis functions

 Total QAlloc Memory Limit   8000 MB
 Mega-Array Size       188 MB
 MEM_STATIC part       192 MB


                       Distance Matrix (Angstroms)
             C (  1)   C (  2)   C (  3)   C (  4)   C (  5)   C (  6)
   C (  2)  1.387699
   C (  3)  2.408994  1.387711
   C (  4)  2.786271  2.402936  1.385125
   C (  5)  2.383642  2.746064  2.383649  1.386756
   C (  6)  1.385140  2.402946  2.786284  2.426221  1.386744
   S (  7)  4.028319  4.533062  4.028219  2.741887  1.787669  2.742024
   O (  8)  4.992100  5.181384  4.339831  2.967415  2.627964  3.864715
   O (  9)  4.339537  5.181458  4.992479  3.865154  2.627986  2.966917
   H ( 10)  1.082086  2.146414  3.389369  3.868346  3.367055  2.138573
   H ( 11)  2.142266  1.082474  2.142322  3.381800  3.828533  3.381780
   H ( 12)  3.389350  2.146400  1.082083  2.138584  3.367077  3.868357
   H ( 13)  3.867564  3.391122  2.154841  1.081474  2.144032  3.399715
   H ( 14)  2.154899  3.391155  3.867572  3.399685  2.143975  1.081470
             S (  7)   O (  8)   O (  9)   H ( 10)   H ( 11)   H ( 12)
   O (  8)  1.446537
   O (  9)  1.446562  2.528068
   H ( 10)  4.880429  5.948340  4.955471
   H ( 11)  5.615491  6.232791  6.232857  2.469467
   H ( 12)  4.880304  4.955995  5.948900  4.282639  2.469514
   H ( 13)  2.864767  2.572707  4.176546  4.949633  4.285463  2.482287
   H ( 14)  2.864930  4.175791  2.571586  2.482334  4.285466  4.949639
             H ( 13)
   H ( 14)  4.281712
 
 A cutoff of  1.0D-09 yielded  16214 shell pairs
 There are    172690 function pairs (    262637 Cartesian)
 Smallest overlap matrix eigenvalue = 6.36E-06

 Q-Chem warning in module stvman/mkSTV.C, line 305:

 Overlap eigenvalue is smaller than square root of threshold
 Use THRESH >= 12 to get rid of this warning


 Scale SEOQF with 1.000000e-01/1.000000e-01/1.000000e-01

 Standard Electronic Orientation quadrupole field applied
 Nucleus-field energy     =    -0.0000000092 hartrees
 Guess from superposition of atomic densities
 Warning:  Energy on first SCF cycle will be non-variational
 SAD guess density has 73.000000 electrons

 -----------------------------------------------------------------------
  General SCF calculation program by
  Eric Jon Sundstrom, Paul Horn, Yuezhi Mao, Dmitri Zuev, Alec White,
  David Stuck, Shaama M.S., Shane Yost, Joonho Lee, David Small,
  Daniel Levine, Susi Lehtola, Hugh Burton, Evgeny Epifanovsky,
  Bang C. Huynh
 -----------------------------------------------------------------------
 Exchange:     0.2000 Hartree-Fock + 0.0800 Slater + 0.7200 B88
 Correlation:  0.1900 PW92 + 0.8100 PW91
 Using SG-1 standard quadrature grid
 Dispersion:   Grimme D4
 using 32 threads for integral computing
 -------------------------------------------------------
 OpenMP Integral computing Module                
 Release: version 1.0, May 2013, Q-Chem Inc. Pittsburgh 
 -------------------------------------------------------
 A unrestricted SCF calculation will be
 performed using DIIS
 SCF converges when DIIS error is below 1.0e-05
 ---------------------------------------
  Cycle       Energy         DIIS error
 ---------------------------------------
    1    -782.5587710449      8.07e-03  
    2    -780.0258448831      1.15e-03  
    3    -779.5124159609      2.10e-03  
    4    -780.2592014931      2.72e-04  
    5    -780.2724420180      1.34e-04  
    6    -780.2762087844      3.53e-05  
    7    -780.2764263727      1.58e-05  
    8    -780.2764878109      4.29e-06  Convergence criterion met
 ---------------------------------------
 SCF time:   CPU 3124.99s  wall 104.00s 
<S^2> =          0.754911414
 SCF   energy in the final basis set =     -780.2764878109
 Total energy in the final basis set =     -780.2764878109
 
 --------------------------------------------------------------
 
                    Orbital Energies (a.u.)
 --------------------------------------------------------------
 
 Alpha MOs
 -- Occupied --
-88.9997 -19.1455 -19.1455 -10.2274 -10.2044 -10.2044 -10.2002 -10.1984
-10.1983  -8.0807  -6.0401  -6.0382  -6.0379  -1.1304  -1.0383  -0.9040
 -0.8031  -0.7888  -0.6898  -0.6461  -0.6109  -0.5594  -0.5062  -0.4995
 -0.4910  -0.4757  -0.4725  -0.4592  -0.4119  -0.3999  -0.3820  -0.3713
 -0.3584  -0.3439  -0.3035  -0.2946  -0.2521
 -- Virtual --
 -0.0616  -0.0465   0.0208   0.0467   0.0486   0.0606   0.0641   0.0776
  0.0887   0.1004   0.1027   0.1091   0.1239   0.1282   0.1521   0.1541
  0.1608   0.1651   0.1757   0.1799   0.2008   0.2112   0.2197   0.2323
  0.2379   0.2423   0.2559   0.2634   0.2692   0.2761   0.2773   0.2927
  0.2951   0.3047   0.3092   0.3158   0.3248   0.3387   0.3496   0.3603
  0.3655   0.3809   0.3947   0.4116   0.4129   0.4166   0.4329   0.4424
  0.4501   0.4540   0.4618   0.4668   0.4686   0.4754   0.5038   0.5076
  0.5135   0.5286   0.5441   0.5548   0.5606   0.5801   0.5855   0.5946
  0.6038   0.6399   0.6430   0.6677   0.6693   0.6802   0.6827   0.7019
  0.7080   0.7168   0.7375   0.7384   0.7416   0.7482   0.7620   0.7879
  0.7904   0.8020   0.8152   0.8202   0.8360   0.8537   0.8586   0.8759
  0.8800   0.8826   0.8853   0.8928   0.8943   0.9137   0.9212   0.9266
  0.9397   0.9739   0.9759   0.9792   0.9840   0.9894   1.0064   1.0141
  1.0165   1.0366   1.0479   1.0555   1.0565   1.0675   1.0762   1.1092
  1.1231   1.1274   1.1304   1.1424   1.1458   1.1803   1.1929   1.2171
  1.2222   1.2228   1.2471   1.2556   1.2640   1.2911   1.3069   1.3355
  1.3456   1.3746   1.3805   1.3899   1.4041   1.4134   1.4314   1.4446
  1.4544   1.4622   1.4846   1.4937   1.5099   1.5298   1.5327   1.5551
  1.5648   1.5814   1.5833   1.6008   1.6102   1.6251   1.6368   1.6396
  1.6545   1.6942   1.7000   1.7164   1.7298   1.7428   1.7558   1.7767
  1.7776   1.8074   1.8105   1.8186   1.8348   1.8394   1.8463   1.8886
  1.8922   1.8948   1.9093   1.9259   1.9351   1.9422   1.9452   1.9573
  1.9810   1.9834   1.9947   1.9999   2.0275   2.0374   2.0522   2.0825
  2.0899   2.0951   2.1082   2.1312   2.1409   2.1442   2.1525   2.1670
  2.1760   2.1781   2.1845   2.1998   2.2119   2.2336   2.2490   2.2640
  2.2832   2.2876   2.2963   2.3181   2.3224   2.3504   2.3601   2.3938
  2.4067   2.4079   2.4180   2.4348   2.4410   2.4514   2.4615   2.4623
  2.4811   2.4967   2.5332   2.5345   2.5466   2.5577   2.5742   2.5856
  2.6046   2.6089   2.6210   2.6255   2.6296   2.6466   2.6675   2.6676
  2.6755   2.7040   2.7202   2.7245   2.7361   2.7419   2.7572   2.7603
  2.7790   2.7875   2.7973   2.8041   2.8148   2.8470   2.8801   2.8906
  2.9216   2.9370   2.9377   2.9625   2.9728   3.0296   3.0319   3.0650
  3.0708   3.0809   3.0894   3.1079   3.1200   3.1384   3.1385   3.1821
  3.1856   3.1927   3.2074   3.2239   3.2543   3.2677   3.2728   3.3166
  3.3384   3.3406   3.3517   3.3585   3.3775   3.3792   3.4077   3.4237
  3.4289   3.4325   3.4457   3.4596   3.4799   3.5006   3.5159   3.5258
  3.5457   3.5484   3.5521   3.5724   3.5879   3.6153   3.6424   3.6605
  3.6904   3.7281   3.7365   3.7685   3.8097   3.8165   3.8396   3.8628
  3.8795   3.9051   3.9111   3.9337   3.9663   3.9871   4.0063   4.0203
  4.0327   4.0503   4.0685   4.0704   4.0878   4.1134   4.1331   4.1533
  4.1708   4.2029   4.2906   4.3152   4.3312   4.3355   4.3433   4.3839
  4.3867   4.5060   4.5225   4.5504   4.5714   4.5840   4.6237   4.6636
  4.7020   4.7300   4.7366   4.7898   4.8123   4.8313   4.8563   4.8603
  4.8623   4.8948   4.9244   4.9359   4.9721   4.9745   5.0231   5.0316
  5.0460   5.0573   5.0764   5.0774   5.1149   5.1240   5.1411   5.1877
  5.2047   5.2290   5.2498   5.2601   5.2774   5.3115   5.3349   5.3386
  5.3634   5.3664   5.3909   5.4013   5.4186   5.4239   5.4481   5.4915
  5.4980   5.4995   5.5163   5.5427   5.5619   5.6324   5.6382   5.6551
  5.6693   5.6864   5.7054   5.7426   5.7868   5.7893   5.8306   5.8532
  5.8709   5.8751   5.8844   5.9024   5.9260   5.9415   5.9697   5.9931
  6.0083   6.0271   6.0390   6.0425   6.0724   6.0894   6.0955   6.0982
  6.1046   6.1224   6.1372   6.1730   6.1735   6.2016   6.2191   6.2263
  6.2349   6.2391   6.2501   6.2774   6.2798   6.2851   6.2897   6.3495
  6.3793   6.3818   6.3912   6.4069   6.4349   6.4648   6.5103   6.5113
  6.5316   6.5353   6.5570   6.5869   6.5969   6.6017   6.6340   6.6433
  6.6610   6.6718   6.6902   6.6992   6.7200   6.7287   6.7419   6.7434
  6.7799   6.8314   6.8330   6.9082   6.9212   6.9486   6.9609   6.9694
  7.0017   7.0419   7.0509   7.0860   7.0990   7.1337   7.1459   7.1682
  7.1859   7.2563   7.2993   7.2998   7.3707   7.3835   7.4008   7.4245
  7.4341   7.4354   7.4478   7.5007   7.5106   7.5331   7.5480   7.5564
  7.6058   7.6418   7.6553   7.6829   7.6962   7.7643   7.7973   7.8349
  7.8485   7.8558   7.8784   7.9234   7.9458   7.9605   7.9754   8.0083
  8.0760   8.0984   8.1102   8.1229   8.1271   8.1625   8.1757   8.1758
  8.2062   8.2170   8.2660   8.2814   8.2928   8.3141   8.3168   8.3347
  8.3373   8.3725   8.3793   8.3862   8.3961   8.4536   8.4758   8.4810
  8.4971   8.5224   8.5272   8.5636   8.6092   8.6127   8.6499   8.6782
  8.6860   8.6989   8.7040   8.7433   8.7504   8.7713   8.8290   8.8299
  8.8314   8.8324   8.8616   8.8634   8.8947   8.9074   8.9112   8.9235
  8.9249   8.9656   8.9693   9.0202   9.0329   9.1100   9.1217   9.1925
  9.3043   9.3581   9.4490   9.5116   9.5385   9.5489   9.5682   9.6110
  9.6367   9.6508   9.6975   9.7081   9.7461   9.8084   9.8124   9.8480
  9.8754  10.0119  10.0584  10.0697  10.0725  10.1171  10.1475  10.1909
 10.2666  10.2936  10.3210  10.3666  10.5710  10.7330  10.7495  10.8097
 10.9353  10.9424  10.9427  10.9711  10.9773  11.1819  11.2104  11.2822
 11.3034  11.7121  11.7847  11.7901  11.7987  11.8247  11.8805  11.9108
 12.0271  12.0472  12.0975  12.0995  12.1374  12.2728  12.3053  12.3584
 12.4565  12.6009  12.7172  12.8910  12.9002  12.9241  13.1822  13.9934
 14.0011  24.8888  27.8466  28.3650  28.5171  28.7522  28.8823  29.0220
 29.2335  29.3398  29.5213  47.9587  47.9668  84.2815 146.9587 147.4576
147.6025 147.9355 148.0764 148.4198 253.0087 253.0178 451.5135
 
 Beta MOs
 -- Occupied --
-88.9972 -19.1385 -19.1385 -10.2249 -10.2040 -10.2040 -10.1998 -10.1985
-10.1983  -8.0778  -6.0368  -6.0364  -6.0324  -1.1180  -1.0233  -0.9019
 -0.7983  -0.7880  -0.6778  -0.6452  -0.6024  -0.5518  -0.4968  -0.4961
 -0.4749  -0.4674  -0.4612  -0.4586  -0.4078  -0.3982  -0.3806  -0.3490
 -0.3402  -0.3347  -0.2978  -0.2935
 -- Virtual --
 -0.1428  -0.0546  -0.0454   0.0218   0.0469   0.0522   0.0654   0.0717
  0.0820   0.0971   0.1046   0.1054   0.1127   0.1279   0.1326   0.1525
  0.1546   0.1627   0.1653   0.1780   0.1819   0.2059   0.2130   0.2212
  0.2333   0.2390   0.2447   0.2579   0.2646   0.2704   0.2798   0.2802
  0.2939   0.2959   0.3059   0.3123   0.3221   0.3270   0.3409   0.3513
  0.3676   0.3688   0.3818   0.3974   0.4130   0.4136   0.4217   0.4397
  0.4435   0.4531   0.4572   0.4629   0.4686   0.4701   0.4756   0.5080
  0.5093   0.5139   0.5324   0.5475   0.5578   0.5643   0.5823   0.5886
  0.5975   0.6065   0.6420   0.6450   0.6687   0.6729   0.6830   0.6841
  0.7027   0.7102   0.7184   0.7390   0.7391   0.7426   0.7495   0.7666
  0.7902   0.7929   0.8024   0.8169   0.8213   0.8401   0.8541   0.8610
  0.8781   0.8817   0.8857   0.8860   0.8940   0.8960   0.9184   0.9223
  0.9330   0.9408   0.9771   0.9808   0.9813   0.9914   0.9918   1.0079
  1.0204   1.0219   1.0386   1.0569   1.0598   1.0613   1.0776   1.0786
  1.1099   1.1259   1.1283   1.1323   1.1437   1.1500   1.1892   1.1950
  1.2211   1.2264   1.2278   1.2483   1.2574   1.2653   1.2946   1.3102
  1.3392   1.3484   1.3810   1.3845   1.4000   1.4129   1.4189   1.4341
  1.4512   1.4652   1.4657   1.4877   1.4967   1.5125   1.5315   1.5349
  1.5577   1.5657   1.5856   1.5858   1.6043   1.6136   1.6276   1.6392
  1.6422   1.6592   1.6947   1.7012   1.7169   1.7312   1.7449   1.7586
  1.7800   1.7805   1.8082   1.8115   1.8195   1.8383   1.8401   1.8493
  1.8901   1.8949   1.8963   1.9120   1.9272   1.9361   1.9436   1.9460
  1.9580   1.9835   1.9843   1.9975   2.0014   2.0301   2.0390   2.0531
  2.0848   2.0927   2.0976   2.1111   2.1343   2.1427   2.1455   2.1540
  2.1693   2.1765   2.1801   2.1872   2.2012   2.2160   2.2347   2.2498
  2.2657   2.2849   2.2901   2.2989   2.3206   2.3235   2.3515   2.3677
  2.3957   2.4081   2.4089   2.4190   2.4356   2.4424   2.4534   2.4625
  2.4647   2.4828   2.4971   2.5361   2.5366   2.5473   2.5607   2.5767
  2.5861   2.6064   2.6104   2.6227   2.6260   2.6316   2.6482   2.6685
  2.6719   2.6787   2.7051   2.7218   2.7323   2.7387   2.7444   2.7610
  2.7750   2.7808   2.7883   2.8022   2.8109   2.8165   2.8485   2.8857
  2.8918   2.9251   2.9384   2.9443   2.9716   2.9760   3.0322   3.0389
  3.0670   3.0787   3.0837   3.0928   3.1142   3.1253   3.1425   3.1456
  3.1868   3.1894   3.1993   3.2108   3.2305   3.2613   3.2720   3.2800
  3.3256   3.3418   3.3455   3.3579   3.3599   3.3817   3.3839   3.4125
  3.4260   3.4322   3.4345   3.4470   3.4657   3.4885   3.5040   3.5214
  3.5288   3.5508   3.5541   3.5545   3.5798   3.5928   3.6194   3.6448
  3.6642   3.6987   3.7328   3.7425   3.7712   3.8176   3.8188   3.8412
  3.8687   3.8849   3.9117   3.9223   3.9425   3.9728   3.9935   4.0131
  4.0301   4.0427   4.0531   4.0734   4.0739   4.0904   4.1163   4.1393
  4.1562   4.1796   4.2052   4.3044   4.3218   4.3349   4.3416   4.3482
  4.3882   4.3941   4.5084   4.5233   4.5531   4.5738   4.5871   4.6306
  4.6665   4.7039   4.7339   4.7404   4.7919   4.8154   4.8405   4.8614
  4.8641   4.8656   4.8992   4.9261   4.9405   4.9748   4.9802   5.0244
  5.0344   5.0475   5.0628   5.0801   5.0810   5.1177   5.1254   5.1425
  5.1885   5.2061   5.2302   5.2524   5.2623   5.2803   5.3141   5.3375
  5.3428   5.3646   5.3677   5.3983   5.4059   5.4253   5.4307   5.4526
  5.4930   5.4988   5.5010   5.5193   5.5443   5.5655   5.6340   5.6425
  5.6572   5.6703   5.6886   5.7072   5.7435   5.7880   5.7914   5.8315
  5.8538   5.8734   5.8758   5.8852   5.9044   5.9268   5.9428   5.9703
  5.9934   6.0091   6.0278   6.0407   6.0437   6.0733   6.0901   6.0963
  6.0986   6.1052   6.1242   6.1378   6.1737   6.1747   6.2025   6.2207
  6.2274   6.2361   6.2402   6.2509   6.2781   6.2809   6.2860   6.2925
  6.3521   6.3804   6.3832   6.3925   6.4081   6.4355   6.4659   6.5114
  6.5154   6.5331   6.5368   6.5581   6.5882   6.5979   6.6027   6.6347
  6.6444   6.6627   6.6725   6.6900   6.7010   6.7209   6.7298   6.7453
  6.7480   6.7835   6.8336   6.8401   6.9102   6.9223   6.9504   6.9618
  6.9702   7.0033   7.0431   7.0526   7.0876   7.1013   7.1359   7.1483
  7.1701   7.1902   7.2576   7.2999   7.3037   7.3724   7.3861   7.4015
  7.4252   7.4344   7.4364   7.4488   7.5023   7.5111   7.5346   7.5485
  7.5591   7.6070   7.6426   7.6578   7.6839   7.6967   7.7648   7.7988
  7.8353   7.8492   7.8655   7.8790   7.9242   7.9463   7.9620   7.9767
  8.0089   8.0768   8.0986   8.1106   8.1236   8.1274   8.1631   8.1762
  8.1767   8.2080   8.2178   8.2664   8.2820   8.2939   8.3145   8.3180
  8.3362   8.3377   8.3729   8.3798   8.3874   8.3973   8.4544   8.4807
  8.4827   8.4975   8.5281   8.5318   8.5641   8.6125   8.6137   8.6531
  8.6796   8.6881   8.7046   8.7053   8.7441   8.7508   8.7732   8.8421
  8.8434   8.8446   8.8455   8.8730   8.8754   8.9026   8.9102   8.9139
  8.9261   8.9346   8.9696   8.9764   9.0212   9.0363   9.1204   9.1250
  9.2023   9.3146   9.3594   9.4504   9.5125   9.5475   9.5548   9.5709
  9.6207   9.6370   9.6575   9.6978   9.7087   9.7464   9.8088   9.8127
  9.8485   9.8761  10.0122  10.0595  10.0706  10.0783  10.1178  10.1482
 10.1981  10.2669  10.2949  10.3226  10.3673  10.5718  10.7333  10.7508
 10.8103  10.9365  10.9618  10.9621  10.9908  10.9946  11.1984  11.2267
 11.2963  11.3192  11.7130  11.7962  11.8065  11.8151  11.8390  11.8922
 11.9191  12.0495  12.0528  12.1184  12.1185  12.1555  12.2929  12.3323
 12.3701  12.4630  12.6013  12.7177  12.8945  12.9089  12.9342  13.1825
 14.0096  14.0163  24.8936  27.8480  28.3671  28.5174  28.7608  28.8836
 29.0222  29.2350  29.3404  29.5224  47.9690  47.9771  84.2850 146.9593
147.4585 147.6026 147.9359 148.0765 148.4200 253.0119 253.0210 451.5156
 --------------------------------------------------------------
 
          Ground-State Mulliken Net Atomic Charges

     Atom                 Charge (a.u.)    Spin (a.u.)
  --------------------------------------------------------
      1 C                    -0.075196      -0.009142
      2 C                    -0.063716       0.026776
      3 C                    -0.073723      -0.009159
      4 C                    -0.042988       0.021165
      5 C                    -0.011434       0.093845
      6 C                    -0.044862       0.021137
      7 S                     0.666288       0.376748
      8 O                    -0.386282       0.229750
      9 O                    -0.385962       0.229677
     10 H                     0.088390       0.001833
     11 H                     0.083815      -0.001328
     12 H                     0.087207       0.001843
     13 H                     0.079334       0.008407
     14 H                     0.079129       0.008449
  --------------------------------------------------------
  Sum of atomic charges =     0.000000
  Sum of spin   charges =     1.000000

 -----------------------------------------------------------------
                    Cartesian Multipole Moments
 -----------------------------------------------------------------
    Charge (ESU x 10^10)
                 0.0000
    Dipole Moment (Debye)
         X       2.2622      Y      -2.5745      Z       3.2130
       Tot       4.6978
    Quadrupole Moments (Debye-Ang)
        XX     -62.5232     XY       2.8185     YY     -58.3096
        XZ      -3.7230     YZ       3.0529     ZZ     -60.0529
    Octopole Moments (Debye-Ang^2)
       XXX      39.6631    XXY     -20.0361    XYY      26.0008
       YYY     -79.4312    XXZ      29.4084    XYZ      -7.8530
       YYZ      34.1509    XZZ      29.7970    YZZ     -22.4472
       ZZZ     109.5687
    Hexadecapole Moments (Debye-Ang^3)
      XXXX    -195.0923   XXXY     122.2743   XXYY    -171.6506
      XYYY     136.4269   YYYY    -764.9859   XXXZ    -153.9925
      XXYZ      74.8161   XYYZ     -57.4882   YYYZ     225.3884
      XXZZ    -208.2071   XYZZ      45.3512   YYZZ    -267.5963
      XZZZ    -174.8803   YZZZ     208.1615   ZZZZ    -983.4384
 -----------------------------------------------------------------
 Total job time:  106.07s(wall), 3152.27s(cpu) 
 Fri Aug  2 09:12:18 2024

        *************************************************************
        *                                                           *
        *  Thank you very much for using Q-Chem.  Have a nice day.  *
        *                                                           *
        *************************************************************


