
Running Job 1 of 1 53-ts1-c1-B3PW91.in
qchem 53-ts1-c1-B3PW91.in_3446828.0 /expanse/lustre/scratch/whughes/temp_project/job_40349834/53-ts1-c1-B3PW91-40349834/ 0
/cm/shared/apps/spack/0.17.3/cpu/b/opt/spack/linux-rocky8-zen2/gcc-10.2.0/qchem-6.0-rytxnwjazd34ekd2gqyi5ufsaimxsd3r/exe/qcprog.exe_s 53-ts1-c1-B3PW91.in_3446828.0 /expanse/lustre/scratch/whughes/temp_project/job_40349834/53-ts1-c1-B3PW91-40349834/
                  Welcome to Q-Chem
     A Quantum Leap Into The Future Of Chemistry


 Q-Chem 6.0, Q-Chem, Inc., Pleasanton, CA (2022)

 License issued to: University of California, San Diego (site)

 E. Epifanovsky,  A. T. B. Gilbert,  Xintian Feng,  Joonho Lee,  Yuezhi Mao,  
 N. Mardirossian,  P. Pokhilko,  A. White,  M. Wormit,  M. P. Coons,  
 A. L. Dempwolff,  Zhengting Gan,  D. Hait,  P. R. Horn,  L. D. Jacobson,  
 I. Kaliman,  J. Kussmann,  A. W. Lange,  Ka Un Lao,  D. S. Levine,  Jie Liu,  
 S. C. McKenzie,  A. F. Morrison,  K. Nanda,  F. Plasser,  D. R. Rehn,  
 M. L. Vidal,  Zhi-Qiang You,  Ying Zhu,  B. Alam,  B. Albrecht,  
 A. Aldossary,  E. Alguire,  J. H. Andersen,  V. Athavale,  D. Barton,  
 K. Begam,  A. Behn,  N. Bellonzi,  Y. A. Bernard,  E. J. Berquist,  
 H. Burton,  A. Carreras,  K. Carter-Fenk,  Romit Chakraborty,  
 Chandrima Chakravarty,  Junhan Chen,  A. D. Chien,  K. D. Closser,  
 V. Cofer-Shabica,  L. Cunha,  S. Dasgupta,  Jia Deng,  M. de Wergifosse,  
 M. Diedenhofen,  Hainam Do,  S. Ehlert,  Po-Tung Fang,  S. Fatehi,  
 Qingguo Feng,  T. Friedhoff,  B. Ganoe,  J. Gayvert,  Qinghui Ge,  
 G. Gidofalvi,  M. Goldey,  J. Gomes,  C. Gonzalez-Espinoza,  S. Gulania,  
 A. Gunina,  J. A. Gyamfi,  M. W. D. Hanson-Heine,  P. H. P. Harbach,  
 A. W. Hauser,  M. F. Herbst,  M. Hernandez Vera,  M. Hodecker,  
 Z. C. Holden,  S. Houck,  Xunkun Huang,  Kerwin Hui,  B. C. Huynh,  
 K. Ikeda,  M. Ivanov,  Hyunjun Ji,  Zuxin Jin,  Hanjie Jiang,  B. Kaduk,  
 S. Kaehler,  R. Kang,  K. Khistyaev,  Jaehoon Kim,  Yongbin Kim,  
 P. Klunzinger,  Z. Koczor-Benda,  Joong Hoon Koh,  D. Kosenkov,  
 Saikiran Kotaru,  L. Koulias,  T. Kowalczyk,  C. M. Krauter,  K. Kue,  
 A. Kunitsa,  T. Kus,  A. Landau,  K. V. Lawler,  D. Lefrancois,  S. Lehtola,  
 Rain Li,  Shaozhi Li,  Yi-Pei Li,  Jiashu Liang,  M. Liebenthal,  
 Hung-Hsuan Lin,  You-Sheng Lin,  Fenglai Liu,  Kuan-Yu Liu,  
 M. Loipersberger,  A. Luenser,  C. Malbon,  A. Manjanath,  P. Manohar,  
 E. Mansoor,  S. F. Manzer,  Shan-Ping Mao,  A. V. Marenich,  T. Markovich,  
 S. Mason,  F. Matz,  S. A. Maurer,  P. F. McLaughlin,  M. F. S. J. Menger,  
 J.-M. Mewes,  S. A. Mewes,  P. Morgante,  Mohammad Mostafanejad,  
 J. W. Mullinax,  K. J. Oosterbaan,  G. Paran,  V. Parravicini,  
 Alexander C. Paul,  Suranjan K. Paul,  F. Pavosevic,  Zheng Pei,  S. Prager,  
 E. I. Proynov,  E. Ramos,  B. Rana,  A. E. Rask,  A. Rettig,  R. M. Richard,  
 F. Rob,  E. Rossomme,  T. Scheele,  M. Scheurer,  M. Schneider,  
 P. E. Schneider,  N. Sergueev,  S. M. Sharada,  Hengyuan Shen,  
 W. Skomorowski,  D. W. Small,  C. J. Stein,  Yingli Su,  Yu-Chuan Su,  
 E. J. Sundstrom,  Zhen Tao,  J. Thirman,  Hung-Yi Tsai,  T. Tsuchimochi,  
 N. M. Tubman,  C. Utku,  S. P. Veccham,  O. Vydrov,  J. Wenzel,  
 Jonathan Wong,  J. Witte,  A. Yamada,  Chou-Hsun Yang,  Kun Yao,  
 S. Yeganeh,  S. R. Yost,  A. Zech,  F. Zeller,  Igor Ying Zhang,  
 Xing Zhang,  Yu Zhang,  D. Zuev,  A. Aspuru-Guzik,  A. T. Bell,  
 N. A. Besley,  K. B. Bravaya,  B. R. Brooks,  D. Casanova,  Jeng-Da Chai,  
 Hsing-Ta Chen,  S. Coriani,  C. J. Cramer,  A. E. DePrince, III,  
 R. A. DiStasio Jr.,  A. Dreuw,  B. D. Dunietz,  T. R. Furlani,  
 W. A. Goddard III,  S. Grimme,  S. Hammes-Schiffer,  T. Head-Gordon,  
 W. J. Hehre,  Chao-Ping Hsu,  T.-C. Jagau,  Yousung Jung,  A. Klamt,  
 Jing Kong,  D. S. Lambrecht,  Xiangyuan Li,  WanZhen Liang,  N. J. Mayhall,  
 C. W. McCurdy,  J. B. Neaton,  T. Neudecker,  C. Ochsenfeld,  
 J. A. Parkhill,  R. Peverati,  V. A. Rassolov,  Haisheng Ren,  Yihan Shao,  
 L. V. Slipchenko,  R. P. Steele,  J. E. Subotnik,  A. J. W. Thom,  
 A. Tkatchenko,  D. G. Truhlar,  T. Van Voorhis,  Fan Wang,  
 T. A. Wesolowski,  K. B. Whaley,  H. L. Woodcock III,  P. M. Zimmerman,  
 S. Faraji,  P. M. W. Gill,  M. Head-Gordon,  J. M. Herbert,  A. I. Krylov

 Contributors to earlier versions of Q-Chem not listed above: 
 R. D. Adamson,  B. Austin,  R. Baer,  J. Baker,  G. J. O. Beran,  
 K. Brandhorst,  S. T. Brown,  E. F. C. Byrd,  Arup K. Chakraborty,  
 G. K. L. Chan,  Chun-Min Chang,  Yunqing Chen,  C.-L. Cheng,  
 Siu Hung Chien,  D. M. Chipman,  D. L. Crittenden,  H. Dachsel,  
 R. J. Doerksen,  A. D. Dutoi,  R. G. Edgar,  J. Fosso-Tande,  
 L. Fusti-Molnar,  D. Ghosh,  A. Ghysels,  A. Golubeva-Zadorozhnaya,  
 J. Gonthier,  M. S. Gordon,  S. R. Gwaltney,  G. Hawkins,  J. E. Herr,  
 A. Heyden,  S. Hirata,  E. G. Hohenstein,  G. Kedziora,  F. J. Keil,  
 C. Kelley,  Jihan Kim,  R. A. King,  R. Z. Khaliullin,  P. P. Korambath,  
 W. Kurlancheek,  A. Laurent,  A. M. Lee,  M. S. Lee,  S. V. Levchenko,  
 Ching Yeh Lin,  D. Liotard,  E. Livshits,  R. C. Lochan,  I. Lotan,  
 L. A. Martinez-Martinez,  P. E. Maslen,  N. Nair,  D. P. O'Neill,  
 D. Neuhauser,  E. Neuscamman,  C. M. Oana,  R. Olivares-Amaya,  R. Olson,  
 T. M. Perrine,  B. Peters,  P. A. Pieniazek,  A. Prociuk,  Y. M. Rhee,  
 J. Ritchie,  M. A. Rohrdanz,  E. Rosta,  N. J. Russ,  H. F. Schaefer III,  
 M. W. Schmidt,  N. E. Schultz,  S. Sharma,  N. Shenvi,  C. D. Sherrill,  
 A. C. Simmonett,  A. Sodt,  T. Stein,  D. Stuck,  K. S. Thanthiriwatte,  
 V. Vanovschi,  L. Vogt,  Tao Wang,  A. Warshel,  M. A. Watson,  
 C. F. Williams,  Q. Wu,  X. Xu,  Jun Yang,  W. Zhang,  Yan Zhao

   Please cite Q-Chem as follows:
  "Software for the frontiers of quantum chemistry:
   An overview of developments in the Q-Chem 5 package"
   J. Chem. Phys. 155, 084801 (2021)
   https://doi.org/10.1063/5.0055522 (open access)

 Q-Chem 6.0.2 for Intel X86 EM64T Linux

 Parts of Q-Chem use Armadillo 9.900.5 (Nocturnal Misbehaviour).
 http://arma.sourceforge.net/

 Q-Chem begins on Mon Jun 16 10:28:51 2025  

 Host: 
0

     Scratch files written to /expanse/lustre/scratch/whughes/temp_project/job_40349834/53-ts1-c1-B3PW91-40349834//
 Dec722 |scratch|qcdevops|jenkins|workspace|build_RNUM    
 Processing $rem in /cm/shared/apps/spack/0.17.3/cpu/b/opt/spack/linux-rocky8-zen2/gcc-10.2.0/qchem-6.0-rytxnwjazd34ekd2gqyi5ufsaimxsd3r/config/preferences:
 Processing $rem in /home/whughes/.qchemrc:

 Checking the input file for inconsistencies... 	...done.

--------------------------------------------------------------
User input:
--------------------------------------------------------------
$molecule
read 53-ts1-c1.xyz
$end

$rem
METHOD      B3PW91
BASIS       def2-QZVPP
SYM_IGNORE   TRUE
DFT_D       D4
MAX_SCF_CYCLES 300
$end

$end
--------------------------------------------------------------
 Adding empirical dispersion correction 
 ----------------------------------------------------------------
 Doing -D4(0) with B3PW parameters:
 s6  =   1.00000
 s8  =   2.88364
 s10 =   0.00000
 s9 =   1.00000
 a1  =   0.46991
 a2  =   4.51641
 -D4 energy including 3body term = -0.0463677066 hartrees
 ----------------------------------------------------------------
             Standard Nuclear Orientation (Angstroms)
    I     Atom           X                Y                Z
 ----------------------------------------------------------------
    1      C      -2.8530948938    -1.3197965535    -0.4254455874
    2      C      -1.5286783313    -2.0108852358    -0.0882858262
    3      C      -0.4099819232    -1.1467301147    -0.5881718829
    4      C      -0.4602520589     0.2790681031    -0.1652836579
    5      C      -1.6909134151     0.8851067918     0.2752235351
    6      C      -2.9493187435     0.0259565897     0.2828361770
    7      H      -1.4543570858    -2.1403092764     0.9967873181
    8      H      -1.4776637466    -3.0010208765    -0.5419558579
    9      H      -2.9140733291    -1.1819386538    -1.5088767538
   10      H      -3.6976019135    -1.9501994185    -0.1400375356
   11      H      -3.1929699470    -0.1253680043     1.3391223364
   12      H      -3.7556242969     0.6367735736    -0.1261557248
   13      O      -1.7484741829     2.0309890866     0.7166057170
   14      H      -0.2132597173    -1.2487881781    -1.6598184105
   15      N       0.7193582246     0.9848697688    -0.1929870965
   16      C       0.7519275237     2.4226528092    -0.4536767779
   17      H       0.6649759969     2.9875729460     0.4721342649
   18      H       1.7022835181     2.6408762632    -0.9338221271
   19      H      -0.0748753935     2.6929451540    -1.1028107419
   20      C       1.9586615644     0.3435497770    -0.0253621401
   21      O       2.9971132263     0.8872611595    -0.3273928965
   22      C       1.8833929016    -1.0251359057     0.5515011089
   23      H       1.4921901174    -0.9968318808     1.5702950610
   24      H       0.8197563896    -1.4624064572    -0.0491920731
   25      C       3.0943947088    -1.8925247820     0.3622857270
   26      H       3.9588890649    -1.4614636838     0.8727181153
   27      H       2.9213812183    -2.8907707713     0.7646264298
   28      H       3.3547815240    -1.9799412303    -0.6928877005
 ----------------------------------------------------------------
 Nuclear Repulsion Energy =         832.97573192 hartrees
 There are       50 alpha and       48 beta electrons
 Requested basis set is def2-QZVPP
 There are 371 shells and 1191 basis functions

 Total QAlloc Memory Limit   8000 MB
 Mega-Array Size       188 MB
 MEM_STATIC part       192 MB

 A cutoff of  1.0D-09 yielded  44533 shell pairs
 There are    433919 function pairs (    639712 Cartesian)
 Smallest overlap matrix eigenvalue = 1.10E-05

 Q-Chem warning in module stvman/mkSTV.C, line 305:

 Overlap eigenvalue is smaller than square root of threshold
 Use THRESH >= 12 to get rid of this warning


 Scale SEOQF with 1.000000e-01/1.000000e-01/1.000000e-01

 Standard Electronic Orientation quadrupole field applied
 Nucleus-field energy     =     0.0000000281 hartrees
 Guess from superposition of atomic densities
 Warning:  Energy on first SCF cycle will be non-variational
 SAD guess density has 98.000000 electrons

 -----------------------------------------------------------------------
  General SCF calculation program by
  Eric Jon Sundstrom, Paul Horn, Yuezhi Mao, Dmitri Zuev, Alec White,
  David Stuck, Shaama M.S., Shane Yost, Joonho Lee, David Small,
  Daniel Levine, Susi Lehtola, Hugh Burton, Evgeny Epifanovsky,
  Bang C. Huynh
 -----------------------------------------------------------------------
 Exchange:     0.2000 Hartree-Fock + 0.0800 Slater + 0.7200 B88
 Correlation:  0.1900 PW92 + 0.8100 PW91
 Using SG-1 standard quadrature grid
 Dispersion:   Grimme D4
 using 32 threads for integral computing
 -------------------------------------------------------
 OpenMP Integral computing Module                
 Release: version 1.0, May 2013, Q-Chem Inc. Pittsburgh 
 -------------------------------------------------------
 A unrestricted SCF calculation will be
 performed using DIIS
 SCF converges when DIIS error is below 1.0e-05
 ---------------------------------------
  Cycle       Energy         DIIS error
 ---------------------------------------
    1    -598.0932583293      5.38e-03  
    2    -594.9849373245      6.91e-04  
    3    -594.1829149342      1.36e-03  
    4    -595.1830835582      3.84e-04  
    5    -595.2809532080      6.34e-05  
    6    -595.2822014971      5.41e-05  
    7    -595.2838080831      1.83e-05  
    8    -595.2840476521      7.39e-06  Convergence criterion met
 ---------------------------------------
 SCF time:   CPU 15562.21s  wall 544.00s 
<S^2> =          2.012549547
 SCF   energy in the final basis set =     -595.2840476521
 Total energy in the final basis set =     -595.2840476521
 
 --------------------------------------------------------------
 
                    Orbital Energies (a.u.)
 --------------------------------------------------------------
 
 Alpha MOs
 -- Occupied --
-19.1056 -19.0947 -14.3783 -10.2753 -10.2385 -10.2298 -10.1988 -10.1952
-10.1895 -10.1813 -10.1767 -10.1699 -10.1664  -1.0705  -1.0394  -0.9760
 -0.8552  -0.8093  -0.7710  -0.7465  -0.7225  -0.6729  -0.6375  -0.6206
 -0.5853  -0.5292  -0.5229  -0.4980  -0.4865  -0.4825  -0.4641  -0.4585
 -0.4410  -0.4381  -0.4332  -0.4247  -0.4165  -0.4020  -0.3975  -0.3868
 -0.3830  -0.3712  -0.3654  -0.3523  -0.3475  -0.3170  -0.2838  -0.2572
 -0.2180  -0.1862
 -- Virtual --
 -0.0139   0.0148   0.0218   0.0339   0.0411   0.0420   0.0564   0.0647
  0.0729   0.0752   0.0882   0.0940   0.0979   0.1071   0.1074   0.1141
  0.1175   0.1258   0.1277   0.1407   0.1430   0.1471   0.1485   0.1566
  0.1667   0.1690   0.1729   0.1770   0.1855   0.1881   0.2017   0.2060
  0.2172   0.2205   0.2235   0.2362   0.2392   0.2462   0.2486   0.2549
  0.2681   0.2733   0.2814   0.2824   0.2841   0.2900   0.2914   0.2959
  0.3007   0.3063   0.3100   0.3166   0.3223   0.3243   0.3264   0.3287
  0.3325   0.3348   0.3389   0.3461   0.3481   0.3531   0.3590   0.3621
  0.3652   0.3752   0.3772   0.3866   0.3901   0.4061   0.4161   0.4188
  0.4231   0.4316   0.4421   0.4449   0.4510   0.4706   0.4748   0.4778
  0.4894   0.4936   0.5056   0.5110   0.5229   0.5291   0.5312   0.5389
  0.5475   0.5509   0.5543   0.5639   0.5693   0.5752   0.5773   0.5848
  0.5934   0.5939   0.6012   0.6101   0.6151   0.6192   0.6214   0.6331
  0.6419   0.6430   0.6511   0.6601   0.6712   0.6801   0.6866   0.6900
  0.7044   0.7174   0.7237   0.7349   0.7481   0.7519   0.7540   0.7674
  0.7707   0.7740   0.7847   0.7904   0.7949   0.7955   0.7996   0.8061
  0.8085   0.8135   0.8179   0.8198   0.8227   0.8252   0.8319   0.8381
  0.8406   0.8452   0.8508   0.8569   0.8628   0.8663   0.8715   0.8765
  0.8813   0.8965   0.8994   0.9036   0.9105   0.9162   0.9201   0.9372
  0.9393   0.9463   0.9542   0.9590   0.9603   0.9738   0.9865   0.9879
  0.9914   1.0091   1.0146   1.0179   1.0257   1.0313   1.0348   1.0439
  1.0483   1.0618   1.0674   1.0723   1.0747   1.0798   1.0863   1.0923
  1.1043   1.1159   1.1229   1.1314   1.1444   1.1458   1.1522   1.1585
  1.1710   1.1788   1.1839   1.1898   1.2037   1.2098   1.2197   1.2283
  1.2386   1.2472   1.2505   1.2550   1.2640   1.2800   1.2829   1.2936
  1.3018   1.3157   1.3291   1.3343   1.3406   1.3458   1.3606   1.3704
  1.3761   1.3825   1.3878   1.4038   1.4080   1.4144   1.4225   1.4338
  1.4437   1.4508   1.4539   1.4602   1.4705   1.4877   1.4938   1.4992
  1.5129   1.5203   1.5245   1.5287   1.5400   1.5467   1.5522   1.5543
  1.5673   1.5722   1.5835   1.5908   1.5945   1.6020   1.6128   1.6229
  1.6317   1.6475   1.6607   1.6781   1.6864   1.6919   1.7073   1.7112
  1.7262   1.7293   1.7384   1.7525   1.7633   1.7723   1.7876   1.7960
  1.8074   1.8167   1.8240   1.8377   1.8438   1.8465   1.8607   1.8668
  1.8714   1.8818   1.8864   1.8975   1.9128   1.9199   1.9238   1.9287
  1.9350   1.9440   1.9483   1.9592   1.9653   1.9736   1.9822   1.9857
  1.9943   2.0016   2.0086   2.0162   2.0174   2.0273   2.0300   2.0342
  2.0412   2.0486   2.0511   2.0611   2.0739   2.0764   2.0772   2.0850
  2.0939   2.1038   2.1053   2.1094   2.1126   2.1198   2.1235   2.1369
  2.1434   2.1510   2.1577   2.1648   2.1736   2.1797   2.1823   2.1933
  2.2011   2.2050   2.2115   2.2170   2.2230   2.2260   2.2386   2.2469
  2.2515   2.2553   2.2631   2.2730   2.2798   2.2829   2.2894   2.2983
  2.3017   2.3034   2.3160   2.3283   2.3356   2.3391   2.3513   2.3662
  2.3682   2.3699   2.3772   2.3903   2.3970   2.4009   2.4105   2.4171
  2.4299   2.4366   2.4384   2.4550   2.4590   2.4658   2.4719   2.4764
  2.4808   2.4917   2.5026   2.5048   2.5111   2.5147   2.5311   2.5355
  2.5430   2.5544   2.5568   2.5702   2.5780   2.5846   2.5921   2.5989
  2.6090   2.6208   2.6249   2.6310   2.6419   2.6473   2.6543   2.6659
  2.6673   2.6829   2.6888   2.6928   2.7075   2.7143   2.7201   2.7223
  2.7261   2.7345   2.7452   2.7607   2.7649   2.7764   2.7837   2.7920
  2.7939   2.8073   2.8120   2.8165   2.8239   2.8368   2.8444   2.8517
  2.8540   2.8674   2.8709   2.8785   2.8858   2.8922   2.8988   2.9044
  2.9121   2.9136   2.9188   2.9255   2.9356   2.9481   2.9558   2.9622
  2.9748   2.9785   2.9820   2.9917   3.0008   3.0078   3.0131   3.0247
  3.0320   3.0446   3.0468   3.0693   3.0728   3.0787   3.0882   3.0935
  3.1027   3.1135   3.1217   3.1288   3.1358   3.1503   3.1537   3.1611
  3.1761   3.1781   3.1952   3.1996   3.2109   3.2168   3.2324   3.2512
  3.2526   3.2619   3.2729   3.2796   3.2922   3.2945   3.3042   3.3244
  3.3277   3.3307   3.3415   3.3482   3.3659   3.3773   3.3800   3.3864
  3.3946   3.4035   3.4139   3.4226   3.4326   3.4423   3.4470   3.4592
  3.4818   3.4935   3.4992   3.5113   3.5193   3.5333   3.5355   3.5448
  3.5488   3.5624   3.5784   3.5806   3.5878   3.6115   3.6133   3.6290
  3.6522   3.6551   3.6666   3.6691   3.6712   3.6881   3.7036   3.7090
  3.7194   3.7227   3.7349   3.7366   3.7615   3.7705   3.7771   3.7876
  3.8028   3.8155   3.8302   3.8349   3.8374   3.8411   3.8624   3.8701
  3.8814   3.8879   3.9024   3.9087   3.9224   3.9246   3.9386   3.9586
  3.9681   3.9765   3.9857   3.9979   4.0000   4.0068   4.0168   4.0436
  4.0558   4.0617   4.0776   4.0840   4.1047   4.1142   4.1248   4.1422
  4.1610   4.1717   4.1896   4.2030   4.2073   4.2119   4.2226   4.2529
  4.2739   4.2911   4.3034   4.3198   4.3282   4.3453   4.3754   4.3819
  4.3971   4.4337   4.4393   4.4644   4.4843   4.5133   4.5310   4.5560
  4.5740   4.6364   4.6553   4.6590   4.6873   4.7167   4.7372   4.7604
  4.7648   4.7849   4.7942   4.8298   4.8467   4.8599   4.8784   4.9108
  4.9202   4.9318   4.9503   4.9871   5.0003   5.0403   5.0637   5.0785
  5.0831   5.1040   5.1281   5.1334   5.1530   5.1697   5.1952   5.2158
  5.2411   5.2638   5.2811   5.2880   5.2954   5.3304   5.3397   5.3473
  5.3561   5.3829   5.3854   5.4101   5.4131   5.4374   5.4425   5.4537
  5.4637   5.4828   5.4966   5.5096   5.5157   5.5301   5.5394   5.5494
  5.5687   5.5824   5.5939   5.6062   5.6224   5.6336   5.6434   5.6559
  5.6662   5.6757   5.6954   5.6990   5.7087   5.7295   5.7305   5.7562
  5.7684   5.7714   5.7865   5.7926   5.7975   5.8079   5.8145   5.8197
  5.8276   5.8347   5.8422   5.8530   5.8613   5.8708   5.8789   5.8864
  5.8888   5.8960   5.9098   5.9139   5.9181   5.9294   5.9336   5.9378
  5.9532   5.9591   5.9626   5.9771   5.9837   5.9933   5.9975   6.0114
  6.0190   6.0262   6.0439   6.0504   6.0592   6.0627   6.0698   6.0764
  6.0839   6.0973   6.1077   6.1139   6.1200   6.1243   6.1282   6.1398
  6.1459   6.1496   6.1639   6.1707   6.1776   6.1909   6.1931   6.2069
  6.2116   6.2180   6.2225   6.2314   6.2367   6.2424   6.2515   6.2556
  6.2621   6.2713   6.2743   6.2886   6.2982   6.2995   6.3048   6.3085
  6.3294   6.3352   6.3384   6.3460   6.3494   6.3609   6.3701   6.3725
  6.3857   6.3943   6.3980   6.4058   6.4088   6.4226   6.4281   6.4292
  6.4348   6.4560   6.4667   6.4793   6.4857   6.4955   6.5047   6.5099
  6.5194   6.5295   6.5465   6.5511   6.5602   6.5714   6.5765   6.5824
  6.5907   6.5973   6.6152   6.6246   6.6297   6.6373   6.6464   6.6589
  6.6748   6.6853   6.6914   6.6979   6.7009   6.7166   6.7283   6.7398
  6.7448   6.7508   6.7589   6.7840   6.7891   6.7935   6.7997   6.8105
  6.8245   6.8425   6.8624   6.8760   6.8835   6.8865   6.9033   6.9129
  6.9222   6.9284   6.9377   6.9451   6.9584   6.9704   6.9927   6.9997
  7.0061   7.0189   7.0269   7.0315   7.0411   7.0561   7.0633   7.0831
  7.0938   7.1140   7.1227   7.1409   7.1515   7.1646   7.1733   7.2050
  7.2073   7.2126   7.2207   7.2376   7.2519   7.2642   7.2801   7.2938
  7.3012   7.3135   7.3307   7.3361   7.3511   7.3721   7.3759   7.3838
  7.3920   7.3953   7.4115   7.4239   7.4271   7.4397   7.4535   7.4606
  7.4812   7.4954   7.5000   7.5094   7.5145   7.5225   7.5243   7.5389
  7.5508   7.5614   7.5643   7.5867   7.5974   7.6072   7.6158   7.6234
  7.6263   7.6432   7.6506   7.6630   7.6650   7.6725   7.6761   7.6906
  7.6936   7.7032   7.7107   7.7317   7.7375   7.7461   7.7537   7.7621
  7.7652   7.7750   7.7849   7.7989   7.8159   7.8363   7.8392   7.8434
  7.8542   7.8690   7.8733   7.8751   7.8784   7.9003   7.9045   7.9112
  7.9228   7.9326   7.9359   7.9550   7.9724   7.9765   7.9851   7.9922
  8.0043   8.0109   8.0238   8.0291   8.0395   8.0535   8.0561   8.0605
  8.0726   8.0827   8.0843   8.1105   8.1283   8.1385   8.1419   8.1650
  8.1695   8.1727   8.1874   8.2114   8.2271   8.2355   8.2511   8.2595
  8.2728   8.2911   8.3015   8.3097   8.3192   8.3362   8.3495   8.3596
  8.3669   8.3749   8.3897   8.3956   8.3988   8.4080   8.4151   8.4209
  8.4256   8.4351   8.4437   8.4560   8.4628   8.4668   8.4755   8.4901
  8.4984   8.5049   8.5121   8.5198   8.5299   8.5383   8.5442   8.5466
  8.5608   8.5645   8.5763   8.5835   8.5970   8.6166   8.6245   8.6289
  8.6388   8.6435   8.6587   8.6617   8.6680   8.6744   8.6880   8.6972
  8.7112   8.7247   8.7441   8.7497   8.7688   8.7885   8.7949   8.8129
  8.8261   8.8432   8.8609   8.8841   8.8881   8.8920   8.8939   8.9045
  8.9081   8.9129   8.9263   8.9320   8.9436   8.9513   8.9558   8.9690
  8.9827   8.9937   8.9970   9.0345   9.0414   9.0576   9.0646   9.0765
  9.0836   9.1017   9.1073   9.1198   9.1446   9.1464   9.1526   9.1670
  9.1782   9.1888   9.2093   9.2254   9.2443   9.2516   9.2876   9.2957
  9.3197   9.3900   9.4059   9.4337   9.4867   9.4951   9.5073   9.5235
  9.5337   9.5581   9.5836   9.6230   9.6435   9.6458   9.6687   9.6817
  9.7022   9.7087   9.7164   9.7340   9.7401   9.7677   9.7844   9.7997
  9.8098   9.8174   9.8363   9.8443   9.8489   9.8686   9.8740   9.8864
  9.8947   9.9083   9.9170   9.9220   9.9403   9.9628   9.9673   9.9746
 10.0288  10.0388  10.0526  10.0724  10.0754  10.0790  10.0899  10.1174
 10.1239  10.1357  10.1491  10.1556  10.1768  10.2011  10.2210  10.2308
 10.2382  10.2481  10.2592  10.2988  10.3438  10.3557  10.3879  10.4192
 10.4442  10.4501  10.4754  10.5171  10.5550  10.5803  10.5895  10.6044
 10.6350  10.6559  10.7129  10.7975  10.8882  10.9632  11.0655  11.1043
 11.1520  11.1657  11.2382  11.4692  11.4737  11.5841  11.5893  11.6098
 11.7336  11.8206  11.8837  11.8925  11.9086  11.9248  11.9692  12.0064
 12.0954  12.1667  12.2064  12.2151  12.2576  12.2836  12.3138  12.3273
 12.3712  12.4032  12.4159  12.4301  12.8035  12.9315  13.0966  13.1038
 13.1453  13.1948  13.2032  13.3160  13.4075  13.4457  13.5127  14.2255
 14.2642  14.3986  14.5068  28.2734  28.4506  28.6252  28.8569  28.9040
 29.0339  29.0541  29.0994  29.1678  29.1716  37.9084  48.2546  48.2820
147.3809 147.5128 147.6781 147.9910 148.0311 148.1344 148.1651 148.2329
148.2936 148.3243 197.2940 253.3328 253.3641
 
 Beta MOs
 -- Occupied --
-19.1026 -19.0878 -14.3747 -10.2752 -10.2380 -10.2227 -10.1894 -10.1889
-10.1870 -10.1815 -10.1759 -10.1701 -10.1665  -1.0645  -1.0277  -0.9663
 -0.8452  -0.7976  -0.7599  -0.7385  -0.7173  -0.6653  -0.6294  -0.6108
 -0.5792  -0.5227  -0.5133  -0.4875  -0.4773  -0.4700  -0.4544  -0.4535
 -0.4342  -0.4329  -0.4269  -0.4153  -0.4089  -0.3948  -0.3908  -0.3829
 -0.3770  -0.3606  -0.3541  -0.3469  -0.3357  -0.2912  -0.2767  -0.2464
 -- Virtual --
 -0.1212  -0.0853   0.0044   0.0184   0.0298   0.0368   0.0441   0.0512
  0.0616   0.0669   0.0755   0.0776   0.0909   0.0960   0.0999   0.1091
  0.1113   0.1160   0.1219   0.1297   0.1317   0.1432   0.1447   0.1492
  0.1503   0.1585   0.1689   0.1713   0.1766   0.1828   0.1909   0.1920
  0.2064   0.2086   0.2212   0.2246   0.2291   0.2410   0.2430   0.2514
  0.2535   0.2605   0.2713   0.2768   0.2840   0.2870   0.2881   0.2932
  0.2966   0.2992   0.3040   0.3119   0.3129   0.3197   0.3258   0.3266
  0.3307   0.3340   0.3367   0.3392   0.3430   0.3487   0.3508   0.3556
  0.3628   0.3663   0.3669   0.3792   0.3800   0.3902   0.3926   0.4096
  0.4196   0.4238   0.4265   0.4371   0.4480   0.4482   0.4564   0.4745
  0.4781   0.4826   0.4935   0.4965   0.5105   0.5140   0.5257   0.5325
  0.5344   0.5438   0.5507   0.5546   0.5588   0.5669   0.5714   0.5784
  0.5807   0.5873   0.5961   0.5968   0.6042   0.6125   0.6186   0.6216
  0.6243   0.6374   0.6450   0.6475   0.6544   0.6639   0.6744   0.6844
  0.6920   0.6938   0.7077   0.7237   0.7306   0.7384   0.7520   0.7576
  0.7585   0.7728   0.7735   0.7793   0.7880   0.7944   0.7971   0.8000
  0.8018   0.8089   0.8122   0.8157   0.8205   0.8226   0.8251   0.8276
  0.8361   0.8414   0.8436   0.8483   0.8541   0.8596   0.8650   0.8696
  0.8750   0.8816   0.8842   0.9003   0.9038   0.9087   0.9141   0.9189
  0.9229   0.9405   0.9416   0.9495   0.9585   0.9628   0.9644   0.9768
  0.9889   0.9917   0.9949   1.0132   1.0172   1.0218   1.0286   1.0331
  1.0390   1.0477   1.0514   1.0652   1.0719   1.0757   1.0788   1.0824
  1.0901   1.0967   1.1080   1.1201   1.1270   1.1353   1.1469   1.1490
  1.1562   1.1633   1.1760   1.1831   1.1868   1.1952   1.2067   1.2130
  1.2249   1.2326   1.2434   1.2512   1.2535   1.2591   1.2678   1.2846
  1.2883   1.2982   1.3060   1.3199   1.3332   1.3392   1.3447   1.3505
  1.3645   1.3737   1.3804   1.3873   1.3909   1.4079   1.4125   1.4181
  1.4259   1.4375   1.4485   1.4541   1.4592   1.4657   1.4757   1.4925
  1.4978   1.5046   1.5182   1.5257   1.5287   1.5331   1.5449   1.5509
  1.5560   1.5581   1.5708   1.5771   1.5880   1.5951   1.5990   1.6102
  1.6199   1.6268   1.6362   1.6522   1.6653   1.6823   1.6913   1.6970
  1.7126   1.7164   1.7321   1.7334   1.7432   1.7571   1.7697   1.7782
  1.7914   1.8006   1.8127   1.8213   1.8286   1.8426   1.8485   1.8519
  1.8641   1.8708   1.8767   1.8865   1.8919   1.9023   1.9160   1.9237
  1.9284   1.9352   1.9403   1.9486   1.9557   1.9655   1.9687   1.9773
  1.9873   1.9913   1.9984   2.0056   2.0119   2.0199   2.0215   2.0325
  2.0347   2.0390   2.0456   2.0524   2.0553   2.0660   2.0801   2.0815
  2.0820   2.0888   2.0989   2.1085   2.1090   2.1137   2.1166   2.1242
  2.1274   2.1403   2.1486   2.1556   2.1631   2.1689   2.1780   2.1844
  2.1858   2.1978   2.2044   2.2078   2.2156   2.2215   2.2274   2.2313
  2.2421   2.2528   2.2565   2.2594   2.2668   2.2764   2.2850   2.2868
  2.2937   2.3037   2.3060   2.3083   2.3215   2.3328   2.3398   2.3454
  2.3579   2.3724   2.3735   2.3751   2.3825   2.3946   2.4020   2.4069
  2.4176   2.4238   2.4349   2.4416   2.4433   2.4607   2.4636   2.4701
  2.4765   2.4805   2.4853   2.4981   2.5064   2.5090   2.5153   2.5189
  2.5349   2.5400   2.5474   2.5575   2.5621   2.5740   2.5817   2.5889
  2.5962   2.6029   2.6130   2.6261   2.6299   2.6341   2.6459   2.6517
  2.6595   2.6697   2.6709   2.6865   2.6932   2.6973   2.7125   2.7186
  2.7239   2.7268   2.7297   2.7388   2.7498   2.7656   2.7691   2.7811
  2.7892   2.7960   2.7973   2.8115   2.8155   2.8203   2.8289   2.8415
  2.8482   2.8555   2.8579   2.8706   2.8746   2.8838   2.8908   2.8949
  2.9028   2.9082   2.9157   2.9174   2.9230   2.9293   2.9389   2.9520
  2.9597   2.9662   2.9788   2.9828   2.9851   2.9963   3.0044   3.0119
  3.0175   3.0283   3.0370   3.0496   3.0513   3.0736   3.0758   3.0846
  3.0921   3.0981   3.1059   3.1185   3.1249   3.1336   3.1404   3.1556
  3.1589   3.1644   3.1809   3.1838   3.2008   3.2045   3.2155   3.2217
  3.2366   3.2561   3.2585   3.2675   3.2775   3.2841   3.2970   3.3004
  3.3083   3.3289   3.3325   3.3352   3.3469   3.3520   3.3693   3.3829
  3.3848   3.3906   3.3984   3.4086   3.4187   3.4264   3.4381   3.4463
  3.4516   3.4653   3.4871   3.4988   3.5038   3.5153   3.5255   3.5380
  3.5416   3.5505   3.5532   3.5681   3.5823   3.5853   3.5922   3.6156
  3.6185   3.6331   3.6558   3.6609   3.6710   3.6750   3.6762   3.6930
  3.7097   3.7133   3.7242   3.7264   3.7392   3.7415   3.7663   3.7745
  3.7832   3.7932   3.8077   3.8200   3.8352   3.8395   3.8425   3.8460
  3.8661   3.8727   3.8858   3.8909   3.9062   3.9136   3.9265   3.9274
  3.9434   3.9627   3.9732   3.9824   3.9937   4.0036   4.0082   4.0153
  4.0228   4.0484   4.0627   4.0673   4.0813   4.0908   4.1134   4.1223
  4.1330   4.1482   4.1671   4.1787   4.1964   4.2100   4.2144   4.2176
  4.2320   4.2593   4.2795   4.2977   4.3101   4.3263   4.3352   4.3505
  4.3790   4.3866   4.4017   4.4403   4.4453   4.4696   4.4908   4.5195
  4.5366   4.5636   4.5790   4.6423   4.6618   4.6646   4.6938   4.7262
  4.7412   4.7668   4.7714   4.7893   4.8001   4.8373   4.8550   4.8656
  4.8852   4.9185   4.9252   4.9398   4.9570   4.9943   5.0097   5.0469
  5.0703   5.0861   5.0889   5.1123   5.1352   5.1440   5.1642   5.1822
  5.2020   5.2236   5.2498   5.2743   5.2879   5.2946   5.3020   5.3357
  5.3496   5.3534   5.3627   5.3885   5.3921   5.4157   5.4181   5.4425
  5.4475   5.4575   5.4694   5.4900   5.5010   5.5152   5.5225   5.5371
  5.5437   5.5541   5.5733   5.5886   5.6012   5.6127   5.6289   5.6404
  5.6497   5.6622   5.6730   5.6813   5.7001   5.7041   5.7133   5.7352
  5.7381   5.7612   5.7719   5.7759   5.7907   5.7958   5.8021   5.8138
  5.8196   5.8234   5.8301   5.8391   5.8470   5.8564   5.8649   5.8742
  5.8843   5.8900   5.8930   5.8986   5.9150   5.9192   5.9210   5.9336
  5.9385   5.9410   5.9607   5.9633   5.9670   5.9837   5.9870   5.9999
  6.0043   6.0168   6.0232   6.0314   6.0480   6.0574   6.0655   6.0686
  6.0742   6.0808   6.0878   6.1030   6.1118   6.1188   6.1224   6.1278
  6.1324   6.1457   6.1505   6.1544   6.1699   6.1744   6.1833   6.1972
  6.1988   6.2110   6.2174   6.2241   6.2264   6.2364   6.2405   6.2478
  6.2568   6.2608   6.2672   6.2758   6.2800   6.2943   6.3020   6.3051
  6.3100   6.3127   6.3335   6.3404   6.3445   6.3536   6.3557   6.3677
  6.3751   6.3809   6.3909   6.3992   6.4049   6.4130   6.4161   6.4276
  6.4325   6.4340   6.4405   6.4601   6.4717   6.4842   6.4909   6.4995
  6.5094   6.5153   6.5277   6.5360   6.5526   6.5609   6.5657   6.5796
  6.5837   6.5885   6.5952   6.6039   6.6218   6.6302   6.6375   6.6422
  6.6518   6.6650   6.6847   6.6896   6.6970   6.7033   6.7085   6.7207
  6.7342   6.7462   6.7510   6.7566   6.7643   6.7878   6.7957   6.8013
  6.8048   6.8174   6.8285   6.8497   6.8688   6.8835   6.8901   6.8927
  6.9069   6.9171   6.9259   6.9359   6.9431   6.9549   6.9650   6.9755
  6.9982   7.0036   7.0144   7.0254   7.0340   7.0371   7.0497   7.0618
  7.0734   7.0887   7.1035   7.1186   7.1302   7.1487   7.1567   7.1694
  7.1788   7.2096   7.2124   7.2198   7.2249   7.2437   7.2571   7.2713
  7.2873   7.3015   7.3093   7.3180   7.3341   7.3414   7.3563   7.3777
  7.3785   7.3863   7.3962   7.3995   7.4153   7.4272   7.4298   7.4450
  7.4581   7.4633   7.4858   7.5010   7.5048   7.5134   7.5192   7.5256
  7.5289   7.5449   7.5555   7.5653   7.5689   7.5904   7.6031   7.6113
  7.6195   7.6273   7.6294   7.6489   7.6544   7.6661   7.6685   7.6759
  7.6799   7.6928   7.6968   7.7061   7.7141   7.7359   7.7398   7.7498
  7.7561   7.7651   7.7697   7.7780   7.7891   7.8032   7.8198   7.8397
  7.8419   7.8468   7.8575   7.8723   7.8767   7.8794   7.8823   7.9040
  7.9088   7.9164   7.9270   7.9371   7.9406   7.9609   7.9754   7.9817
  7.9911   7.9969   8.0084   8.0150   8.0263   8.0328   8.0434   8.0567
  8.0598   8.0641   8.0759   8.0864   8.0875   8.1144   8.1330   8.1421
  8.1450   8.1695   8.1740   8.1768   8.1919   8.2149   8.2343   8.2402
  8.2556   8.2643   8.2773   8.2960   8.3056   8.3151   8.3239   8.3394
  8.3522   8.3624   8.3714   8.3792   8.3912   8.3983   8.4030   8.4119
  8.4177   8.4237   8.4284   8.4388   8.4465   8.4583   8.4652   8.4699
  8.4781   8.4933   8.5023   8.5082   8.5152   8.5232   8.5330   8.5415
  8.5482   8.5501   8.5640   8.5684   8.5802   8.5856   8.5989   8.6201
  8.6275   8.6311   8.6424   8.6471   8.6615   8.6641   8.6708   8.6772
  8.6930   8.7003   8.7136   8.7284   8.7474   8.7525   8.7722   8.7871
  8.7984   8.8164   8.8303   8.8466   8.8653   8.8900   8.8937   8.8953
  8.9032   8.9095   8.9165   8.9176   8.9287   8.9357   8.9466   8.9529
  8.9610   8.9721   8.9854   8.9972   9.0008   9.0374   9.0446   9.0604
  9.0692   9.0792   9.0854   9.1054   9.1113   9.1253   9.1492   9.1493
  9.1566   9.1717   9.1837   9.1948   9.2155   9.2285   9.2469   9.2548
  9.2915   9.3001   9.3234   9.3946   9.4110   9.4411   9.4913   9.4993
  9.5115   9.5295   9.5386   9.5646   9.5884   9.6282   9.6483   9.6499
  9.6717   9.6838   9.7049   9.7112   9.7204   9.7362   9.7447   9.7712
  9.7873   9.8049   9.8139   9.8232   9.8412   9.8486   9.8537   9.8706
  9.8762   9.8882   9.9002   9.9108   9.9199   9.9275   9.9462   9.9667
  9.9726   9.9768  10.0341  10.0416  10.0550  10.0754  10.0812  10.0826
 10.0949  10.1209  10.1297  10.1396  10.1523  10.1576  10.1803  10.2055
 10.2243  10.2335  10.2414  10.2508  10.2635  10.3009  10.3508  10.3626
 10.3927  10.4221  10.4470  10.4527  10.4818  10.5282  10.5585  10.5822
 10.5916  10.6063  10.6383  10.6633  10.7206  10.8019  10.8920  10.9669
 11.0755  11.1258  11.1612  11.1876  11.2432  11.4813  11.4841  11.5932
 11.6046  11.6271  11.7390  11.8251  11.8905  11.9095  11.9129  11.9346
 11.9724  12.0096  12.0974  12.1738  12.2121  12.2251  12.2701  12.2899
 12.3202  12.3382  12.3731  12.4051  12.4317  12.4466  12.8086  12.9403
 13.0984  13.1248  13.1469  13.2025  13.2062  13.3176  13.4105  13.4480
 13.5153  14.2342  14.2812  14.4054  14.5097  28.2818  28.4512  28.6323
 28.8730  28.9188  29.0340  29.0551  29.0997  29.1685  29.1715  37.9144
 48.2604  48.2912 147.3829 147.5128 147.6799 147.9962 148.0360 148.1345
148.1655 148.2331 148.2936 148.3245 197.2957 253.3347 253.3669
 --------------------------------------------------------------
 
          Ground-State Mulliken Net Atomic Charges

     Atom                 Charge (a.u.)    Spin (a.u.)
  --------------------------------------------------------
      1 C                    -0.122531       0.028619
      2 C                    -0.138473      -0.016595
      3 C                    -0.016727       0.521222
      4 C                     0.184722       0.489366
      5 C                     0.022144       0.018582
      6 C                    -0.019520      -0.002583
      7 H                     0.061579       0.008437
      8 H                     0.076859      -0.002615
      9 H                     0.059084      -0.008123
     10 H                     0.064856       0.014510
     11 H                     0.074158       0.001312
     12 H                     0.074109       0.006858
     13 O                    -0.361439       0.256212
     14 H                     0.050509       0.035417
     15 N                    -0.242337       0.139931
     16 C                    -0.003143      -0.003418
     17 H                     0.093523       0.004964
     18 H                     0.091507       0.005544
     19 H                     0.071597       0.002501
     20 C                     0.171357       0.010468
     21 O                    -0.361735       0.108336
     22 C                    -0.019193       0.421915
     23 H                     0.071043      -0.007963
     24 H                     0.084038      -0.057922
     25 C                    -0.186010      -0.008657
     26 H                     0.091981       0.028457
     27 H                     0.055257       0.001894
     28 H                     0.072787       0.003330
  --------------------------------------------------------
  Sum of atomic charges =    -0.000000
  Sum of spin   charges =     2.000000

 -----------------------------------------------------------------
                    Cartesian Multipole Moments
 -----------------------------------------------------------------
    Charge (ESU x 10^10)
                -0.0000
    Dipole Moment (Debye)
         X      -1.5649      Y      -3.8623      Z      -0.6702
       Tot       4.2209
    Quadrupole Moments (Debye-Ang)
        XX     -86.5658     XY       1.9438     YY     -79.8199
        XZ       4.4156     YZ      -3.3003     ZZ     -76.8790
    Octopole Moments (Debye-Ang^2)
       XXX     -38.4014    XXY     -26.8725    XYY      15.5141
       YYY       1.9482    XXZ       4.9748    XYZ       6.8539
       YYZ      -7.6090    XZZ       3.7385    YZZ      -0.0562
       ZZZ       2.0963
    Hexadecapole Moments (Debye-Ang^3)
      XXXX   -2212.2561   XXXY     -33.5703   XXYY    -565.1402
      XYYY      44.7843   YYYY   -1105.1355   XXXZ      24.4893
      XXYZ     -10.6215   XYYZ      14.2359   YYYZ     -14.4306
      XXZZ    -385.7109   XYZZ       4.3587   YYZZ    -219.3361
      XZZZ      -4.3502   YZZZ       2.7081   ZZZZ    -202.0674
 -----------------------------------------------------------------
 Total job time:  551.06s(wall), 15617.05s(cpu) 
 Mon Jun 16 10:38:02 2025

        *************************************************************
        *                                                           *
        *  Thank you very much for using Q-Chem.  Have a nice day.  *
        *                                                           *
        *************************************************************


