
Running Job 1 of 1 HAT2-P1_rdkit_conf_8_wb97xd-B3PW91.in
qchem HAT2-P1_rdkit_conf_8_wb97xd-B3PW91.in_1202531.0 /expanse/lustre/scratch/whughes/temp_project/job_32696620/HAT2-P1_rdkit_conf_8_wb97xd-B3PW91-32696620/ 0
/cm/shared/apps/spack/0.17.3/cpu/b/opt/spack/linux-rocky8-zen2/gcc-10.2.0/qchem-6.0-rytxnwjazd34ekd2gqyi5ufsaimxsd3r/exe/qcprog.exe_s HAT2-P1_rdkit_conf_8_wb97xd-B3PW91.in_1202531.0 /expanse/lustre/scratch/whughes/temp_project/job_32696620/HAT2-P1_rdkit_conf_8_wb97xd-B3PW91-32696620/
                  Welcome to Q-Chem
     A Quantum Leap Into The Future Of Chemistry


 Q-Chem 6.0, Q-Chem, Inc., Pleasanton, CA (2022)

 License issued to: University of California, San Diego (site)

 E. Epifanovsky,  A. T. B. Gilbert,  Xintian Feng,  Joonho Lee,  Yuezhi Mao,  
 N. Mardirossian,  P. Pokhilko,  A. White,  M. Wormit,  M. P. Coons,  
 A. L. Dempwolff,  Zhengting Gan,  D. Hait,  P. R. Horn,  L. D. Jacobson,  
 I. Kaliman,  J. Kussmann,  A. W. Lange,  Ka Un Lao,  D. S. Levine,  Jie Liu,  
 S. C. McKenzie,  A. F. Morrison,  K. Nanda,  F. Plasser,  D. R. Rehn,  
 M. L. Vidal,  Zhi-Qiang You,  Ying Zhu,  B. Alam,  B. Albrecht,  
 A. Aldossary,  E. Alguire,  J. H. Andersen,  V. Athavale,  D. Barton,  
 K. Begam,  A. Behn,  N. Bellonzi,  Y. A. Bernard,  E. J. Berquist,  
 H. Burton,  A. Carreras,  K. Carter-Fenk,  Romit Chakraborty,  
 Chandrima Chakravarty,  Junhan Chen,  A. D. Chien,  K. D. Closser,  
 V. Cofer-Shabica,  L. Cunha,  S. Dasgupta,  Jia Deng,  M. de Wergifosse,  
 M. Diedenhofen,  Hainam Do,  S. Ehlert,  Po-Tung Fang,  S. Fatehi,  
 Qingguo Feng,  T. Friedhoff,  B. Ganoe,  J. Gayvert,  Qinghui Ge,  
 G. Gidofalvi,  M. Goldey,  J. Gomes,  C. Gonzalez-Espinoza,  S. Gulania,  
 A. Gunina,  J. A. Gyamfi,  M. W. D. Hanson-Heine,  P. H. P. Harbach,  
 A. W. Hauser,  M. F. Herbst,  M. Hernandez Vera,  M. Hodecker,  
 Z. C. Holden,  S. Houck,  Xunkun Huang,  Kerwin Hui,  B. C. Huynh,  
 K. Ikeda,  M. Ivanov,  Hyunjun Ji,  Zuxin Jin,  Hanjie Jiang,  B. Kaduk,  
 S. Kaehler,  R. Kang,  K. Khistyaev,  Jaehoon Kim,  Yongbin Kim,  
 P. Klunzinger,  Z. Koczor-Benda,  Joong Hoon Koh,  D. Kosenkov,  
 Saikiran Kotaru,  L. Koulias,  T. Kowalczyk,  C. M. Krauter,  K. Kue,  
 A. Kunitsa,  T. Kus,  A. Landau,  K. V. Lawler,  D. Lefrancois,  S. Lehtola,  
 Rain Li,  Shaozhi Li,  Yi-Pei Li,  Jiashu Liang,  M. Liebenthal,  
 Hung-Hsuan Lin,  You-Sheng Lin,  Fenglai Liu,  Kuan-Yu Liu,  
 M. Loipersberger,  A. Luenser,  C. Malbon,  A. Manjanath,  P. Manohar,  
 E. Mansoor,  S. F. Manzer,  Shan-Ping Mao,  A. V. Marenich,  T. Markovich,  
 S. Mason,  F. Matz,  S. A. Maurer,  P. F. McLaughlin,  M. F. S. J. Menger,  
 J.-M. Mewes,  S. A. Mewes,  P. Morgante,  Mohammad Mostafanejad,  
 J. W. Mullinax,  K. J. Oosterbaan,  G. Paran,  V. Parravicini,  
 Alexander C. Paul,  Suranjan K. Paul,  F. Pavosevic,  Zheng Pei,  S. Prager,  
 E. I. Proynov,  E. Ramos,  B. Rana,  A. E. Rask,  A. Rettig,  R. M. Richard,  
 F. Rob,  E. Rossomme,  T. Scheele,  M. Scheurer,  M. Schneider,  
 P. E. Schneider,  N. Sergueev,  S. M. Sharada,  Hengyuan Shen,  
 W. Skomorowski,  D. W. Small,  C. J. Stein,  Yingli Su,  Yu-Chuan Su,  
 E. J. Sundstrom,  Zhen Tao,  J. Thirman,  Hung-Yi Tsai,  T. Tsuchimochi,  
 N. M. Tubman,  C. Utku,  S. P. Veccham,  O. Vydrov,  J. Wenzel,  
 Jonathan Wong,  J. Witte,  A. Yamada,  Chou-Hsun Yang,  Kun Yao,  
 S. Yeganeh,  S. R. Yost,  A. Zech,  F. Zeller,  Igor Ying Zhang,  
 Xing Zhang,  Yu Zhang,  D. Zuev,  A. Aspuru-Guzik,  A. T. Bell,  
 N. A. Besley,  K. B. Bravaya,  B. R. Brooks,  D. Casanova,  Jeng-Da Chai,  
 Hsing-Ta Chen,  S. Coriani,  C. J. Cramer,  A. E. DePrince, III,  
 R. A. DiStasio Jr.,  A. Dreuw,  B. D. Dunietz,  T. R. Furlani,  
 W. A. Goddard III,  S. Grimme,  S. Hammes-Schiffer,  T. Head-Gordon,  
 W. J. Hehre,  Chao-Ping Hsu,  T.-C. Jagau,  Yousung Jung,  A. Klamt,  
 Jing Kong,  D. S. Lambrecht,  Xiangyuan Li,  WanZhen Liang,  N. J. Mayhall,  
 C. W. McCurdy,  J. B. Neaton,  T. Neudecker,  C. Ochsenfeld,  
 J. A. Parkhill,  R. Peverati,  V. A. Rassolov,  Haisheng Ren,  Yihan Shao,  
 L. V. Slipchenko,  R. P. Steele,  J. E. Subotnik,  A. J. W. Thom,  
 A. Tkatchenko,  D. G. Truhlar,  T. Van Voorhis,  Fan Wang,  
 T. A. Wesolowski,  K. B. Whaley,  H. L. Woodcock III,  P. M. Zimmerman,  
 S. Faraji,  P. M. W. Gill,  M. Head-Gordon,  J. M. Herbert,  A. I. Krylov

 Contributors to earlier versions of Q-Chem not listed above: 
 R. D. Adamson,  B. Austin,  R. Baer,  J. Baker,  G. J. O. Beran,  
 K. Brandhorst,  S. T. Brown,  E. F. C. Byrd,  Arup K. Chakraborty,  
 G. K. L. Chan,  Chun-Min Chang,  Yunqing Chen,  C.-L. Cheng,  
 Siu Hung Chien,  D. M. Chipman,  D. L. Crittenden,  H. Dachsel,  
 R. J. Doerksen,  A. D. Dutoi,  R. G. Edgar,  J. Fosso-Tande,  
 L. Fusti-Molnar,  D. Ghosh,  A. Ghysels,  A. Golubeva-Zadorozhnaya,  
 J. Gonthier,  M. S. Gordon,  S. R. Gwaltney,  G. Hawkins,  J. E. Herr,  
 A. Heyden,  S. Hirata,  E. G. Hohenstein,  G. Kedziora,  F. J. Keil,  
 C. Kelley,  Jihan Kim,  R. A. King,  R. Z. Khaliullin,  P. P. Korambath,  
 W. Kurlancheek,  A. Laurent,  A. M. Lee,  M. S. Lee,  S. V. Levchenko,  
 Ching Yeh Lin,  D. Liotard,  E. Livshits,  R. C. Lochan,  I. Lotan,  
 L. A. Martinez-Martinez,  P. E. Maslen,  N. Nair,  D. P. O'Neill,  
 D. Neuhauser,  E. Neuscamman,  C. M. Oana,  R. Olivares-Amaya,  R. Olson,  
 T. M. Perrine,  B. Peters,  P. A. Pieniazek,  A. Prociuk,  Y. M. Rhee,  
 J. Ritchie,  M. A. Rohrdanz,  E. Rosta,  N. J. Russ,  H. F. Schaefer III,  
 M. W. Schmidt,  N. E. Schultz,  S. Sharma,  N. Shenvi,  C. D. Sherrill,  
 A. C. Simmonett,  A. Sodt,  T. Stein,  D. Stuck,  K. S. Thanthiriwatte,  
 V. Vanovschi,  L. Vogt,  Tao Wang,  A. Warshel,  M. A. Watson,  
 C. F. Williams,  Q. Wu,  X. Xu,  Jun Yang,  W. Zhang,  Yan Zhao

   Please cite Q-Chem as follows:
  "Software for the frontiers of quantum chemistry:
   An overview of developments in the Q-Chem 5 package"
   J. Chem. Phys. 155, 084801 (2021)
   https://doi.org/10.1063/5.0055522 (open access)

 Q-Chem 6.0.2 for Intel X86 EM64T Linux

 Parts of Q-Chem use Armadillo 9.900.5 (Nocturnal Misbehaviour).
 http://arma.sourceforge.net/

 Q-Chem begins on Thu Aug  1 14:37:55 2024  

 Host: 
0

     Scratch files written to /expanse/lustre/scratch/whughes/temp_project/job_32696620/HAT2-P1_rdkit_conf_8_wb97xd-B3PW91-32696620//
 Dec722 |scratch|qcdevops|jenkins|workspace|build_RNUM    
 Processing $rem in /cm/shared/apps/spack/0.17.3/cpu/b/opt/spack/linux-rocky8-zen2/gcc-10.2.0/qchem-6.0-rytxnwjazd34ekd2gqyi5ufsaimxsd3r/config/preferences:
 Processing $rem in /home/whughes/.qchemrc:

 Checking the input file for inconsistencies... 	...done.

--------------------------------------------------------------
User input:
--------------------------------------------------------------
$molecule
0 3
C    1.8758529491    0.9722797006    0.6422689693
C    1.4098978873    0.0870898278    -0.4532617459
C    0.7532022487    -1.225457254    -0.1748151913
C    -0.6212488187   -1.1309002318   0.534676655
C    -1.6474548036   -0.3812088787   -0.2420838414
C    -1.9352803847   1.0538059165    0.0022407335
O    1.0294955054    0.7860303312    -1.5723338697
H    2.6047659204    1.6960908968    0.2722921077
H    2.3402315659    0.3867799131    1.4369643552
H    1.0497422201    1.5460576121    1.0895405237
H    1.4217954471    -1.8269720786   0.4488094152
H    0.6282750427    -1.7795581075   -1.1134127525
H    -0.9659597816   -2.1530227177   0.7304820766
H    -0.4752255333   -0.654992018    1.5093781422
H    -2.058781131    -0.8540776487   -1.1283449818
H    -2.8945631114   1.3552693231    -0.421608273
H    -1.1650453855   1.6988589581    -0.4459393252
H    -1.9475599557   1.2790719918    1.0730652656
H    0.5976601187    0.1900544639    -2.1877182631
$end

$rem
METHOD      B3PW91
BASIS       def2-QZVPP
SYM_IGNORE   TRUE
DFT_D       D4
MAX_SCF_CYCLES 300
$end

$end
--------------------------------------------------------------
 Adding empirical dispersion correction 
 ----------------------------------------------------------------
 Doing -D4(0) with B3PW parameters:
 s6  =   1.00000
 s8  =   2.88364
 s10 =   0.00000
 s9 =   1.00000
 a1  =   0.46991
 a2  =   4.51641
 -D4 energy including 3body term = -0.0233096834 hartrees
 ----------------------------------------------------------------
             Standard Nuclear Orientation (Angstroms)
    I     Atom           X                Y                Z
 ----------------------------------------------------------------
    1      C       1.8758529491     0.9722797006     0.6422689693
    2      C       1.4098978873     0.0870898278    -0.4532617459
    3      C       0.7532022487    -1.2254572540    -0.1748151913
    4      C      -0.6212488187    -1.1309002318     0.5346766550
    5      C      -1.6474548036    -0.3812088787    -0.2420838414
    6      C      -1.9352803847     1.0538059165     0.0022407335
    7      O       1.0294955054     0.7860303312    -1.5723338697
    8      H       2.6047659204     1.6960908968     0.2722921077
    9      H       2.3402315659     0.3867799131     1.4369643552
   10      H       1.0497422201     1.5460576121     1.0895405237
   11      H       1.4217954471    -1.8269720786     0.4488094152
   12      H       0.6282750427    -1.7795581075    -1.1134127525
   13      H      -0.9659597816    -2.1530227177     0.7304820766
   14      H      -0.4752255333    -0.6549920180     1.5093781422
   15      H      -2.0587811310    -0.8540776487    -1.1283449818
   16      H      -2.8945631114     1.3552693231    -0.4216082730
   17      H      -1.1650453855     1.6988589581    -0.4459393252
   18      H      -1.9475599557     1.2790719918     1.0730652656
   19      H       0.5976601187     0.1900544639    -2.1877182631
 ----------------------------------------------------------------
 Nuclear Repulsion Energy =         315.63469031 hartrees
 There are       29 alpha and       27 beta electrons
 Requested basis set is def2-QZVPP
 There are 239 shells and 759 basis functions

 Total QAlloc Memory Limit   8000 MB
 Mega-Array Size       188 MB
 MEM_STATIC part       192 MB

 A cutoff of  1.0D-09 yielded  22499 shell pairs
 There are    220241 function pairs (    323132 Cartesian)
 Smallest overlap matrix eigenvalue = 4.09E-05

 Scale SEOQF with 1.000000e-01/1.000000e-01/1.000000e-01

 Standard Electronic Orientation quadrupole field applied
 Nucleus-field energy     =     0.0000000042 hartrees
 Guess from superposition of atomic densities
 Warning:  Energy on first SCF cycle will be non-variational
 SAD guess density has 56.000000 electrons

 -----------------------------------------------------------------------
  General SCF calculation program by
  Eric Jon Sundstrom, Paul Horn, Yuezhi Mao, Dmitri Zuev, Alec White,
  David Stuck, Shaama M.S., Shane Yost, Joonho Lee, David Small,
  Daniel Levine, Susi Lehtola, Hugh Burton, Evgeny Epifanovsky,
  Bang C. Huynh
 -----------------------------------------------------------------------
 Exchange:     0.2000 Hartree-Fock + 0.0800 Slater + 0.7200 B88
 Correlation:  0.1900 PW92 + 0.8100 PW91
 Using SG-1 standard quadrature grid
 Dispersion:   Grimme D4
 using 32 threads for integral computing
 -------------------------------------------------------
 OpenMP Integral computing Module                
 Release: version 1.0, May 2013, Q-Chem Inc. Pittsburgh 
 -------------------------------------------------------
 A unrestricted SCF calculation will be
 performed using DIIS
 SCF converges when DIIS error is below 1.0e-05
 ---------------------------------------
  Cycle       Energy         DIIS error
 ---------------------------------------
    1    -312.1184373022      6.07e-03  
    2    -310.8430568168      8.08e-04  
    3    -310.7877634232      9.37e-04  
    4    -311.0264550286      1.09e-04  
    5    -311.0286431963      5.44e-05  
    6    -311.0292795898      1.90e-05  
    7    -311.0293652585      5.17e-06  Convergence criterion met
 ---------------------------------------
 SCF time:   CPU 3123.15s  wall 110.00s 
<S^2> =          2.008422080
 SCF   energy in the final basis set =     -311.0293652585
 Total energy in the final basis set =     -311.0293652585
 
 --------------------------------------------------------------
 
                    Orbital Energies (a.u.)
 --------------------------------------------------------------
 
 Alpha MOs
 -- Occupied --
-19.1419 -10.2063 -10.1696 -10.1693 -10.1642 -10.1522 -10.1518  -1.0583
 -0.8169  -0.7678  -0.7273  -0.6609  -0.5973  -0.5718  -0.5052  -0.4683
 -0.4559  -0.4450  -0.4202  -0.4090  -0.3956  -0.3906  -0.3712  -0.3659
 -0.3607  -0.3404  -0.3305  -0.1972  -0.1527
 -- Virtual --
  0.0198   0.0374   0.0506   0.0541   0.0718   0.0764   0.0833   0.0970
  0.1048   0.1107   0.1203   0.1260   0.1271   0.1425   0.1444   0.1633
  0.1702   0.1726   0.1848   0.2000   0.2028   0.2148   0.2212   0.2267
  0.2456   0.2484   0.2612   0.2688   0.2716   0.2822   0.2964   0.3040
  0.3104   0.3124   0.3144   0.3248   0.3281   0.3322   0.3362   0.3413
  0.3495   0.3611   0.3646   0.3730   0.3780   0.3835   0.3871   0.4021
  0.4049   0.4332   0.4375   0.4593   0.4643   0.4938   0.5105   0.5326
  0.5370   0.5460   0.5683   0.5706   0.5783   0.5947   0.6037   0.6074
  0.6186   0.6283   0.6361   0.6411   0.6558   0.6735   0.6814   0.6934
  0.7004   0.7056   0.7163   0.7270   0.7413   0.7498   0.7678   0.7729
  0.7822   0.7926   0.8013   0.8063   0.8096   0.8164   0.8339   0.8405
  0.8457   0.8493   0.8549   0.8609   0.8724   0.8761   0.8845   0.8951
  0.9115   0.9175   0.9452   0.9466   0.9587   0.9589   0.9693   0.9820
  0.9904   0.9990   1.0055   1.0157   1.0297   1.0429   1.0588   1.0652
  1.0694   1.0881   1.0955   1.1052   1.1119   1.1227   1.1277   1.1411
  1.1568   1.1677   1.1771   1.1887   1.2023   1.2145   1.2186   1.2378
  1.2556   1.2692   1.3068   1.3182   1.3245   1.3332   1.3378   1.3478
  1.3604   1.3704   1.3771   1.3961   1.4102   1.4285   1.4445   1.4521
  1.4688   1.4728   1.4910   1.5071   1.5166   1.5248   1.5376   1.5571
  1.5667   1.6065   1.6116   1.6368   1.6721   1.6849   1.7320   1.7499
  1.7700   1.7791   1.7895   1.7955   1.8215   1.8295   1.8381   1.8515
  1.8664   1.8848   1.8931   1.9138   1.9177   1.9292   1.9397   1.9453
  1.9565   1.9684   1.9748   1.9873   1.9968   2.0052   2.0176   2.0299
  2.0354   2.0490   2.0538   2.0677   2.0744   2.0778   2.0912   2.0971
  2.1030   2.1235   2.1263   2.1353   2.1457   2.1554   2.1743   2.1790
  2.1895   2.1959   2.2086   2.2196   2.2279   2.2341   2.2424   2.2479
  2.2582   2.2689   2.2883   2.2910   2.3021   2.3130   2.3258   2.3398
  2.3560   2.3726   2.3808   2.3939   2.4011   2.4110   2.4277   2.4314
  2.4376   2.4579   2.4692   2.4934   2.5010   2.5139   2.5242   2.5274
  2.5353   2.5521   2.5624   2.5700   2.5779   2.6035   2.6068   2.6161
  2.6170   2.6268   2.6412   2.6645   2.6671   2.6762   2.6940   2.7122
  2.7169   2.7202   2.7297   2.7454   2.7519   2.7631   2.7790   2.7885
  2.7939   2.8023   2.8178   2.8281   2.8467   2.8548   2.8723   2.8816
  2.8920   2.9072   2.9194   2.9296   2.9379   2.9519   2.9661   2.9899
  2.9967   3.0046   3.0153   3.0219   3.0327   3.0422   3.0532   3.0658
  3.0868   3.0959   3.1222   3.1301   3.1375   3.1588   3.1690   3.1795
  3.1932   3.2126   3.2266   3.2344   3.2427   3.2628   3.2852   3.2921
  3.3138   3.3222   3.3413   3.3506   3.3675   3.3748   3.3873   3.4090
  3.4293   3.4376   3.4466   3.4721   3.4854   3.4971   3.5029   3.5180
  3.5408   3.5667   3.5837   3.5956   3.6164   3.6367   3.6442   3.6739
  3.6786   3.6994   3.7056   3.7227   3.7380   3.7437   3.7719   3.8023
  3.8386   3.8434   3.8810   3.8892   3.9079   3.9157   3.9289   3.9332
  3.9532   3.9786   4.0008   4.0127   4.0284   4.0392   4.0669   4.0934
  4.1493   4.1958   4.2368   4.2627   4.2801   4.2996   4.3193   4.3516
  4.3744   4.3925   4.4397   4.4539   4.4606   4.5018   4.5786   4.6055
  4.6389   4.7375   4.7582   4.8085   4.8868   4.8936   4.9573   4.9730
  5.0343   5.0596   5.1058   5.1489   5.1623   5.1907   5.2088   5.2208
  5.2366   5.2859   5.2963   5.3180   5.3518   5.4074   5.4253   5.4431
  5.4604   5.4844   5.4887   5.5027   5.5265   5.5449   5.5717   5.5961
  5.6124   5.6259   5.6598   5.6819   5.6931   5.7236   5.7378   5.7469
  5.7564   5.7735   5.7817   5.8067   5.8126   5.8206   5.8250   5.8405
  5.8468   5.8578   5.8665   5.8759   5.8927   5.8984   5.9087   5.9188
  5.9353   5.9434   5.9545   5.9604   5.9677   5.9709   5.9814   5.9894
  6.0088   6.0187   6.0319   6.0406   6.0587   6.0789   6.0944   6.1017
  6.1103   6.1185   6.1451   6.1553   6.1664   6.1690   6.1905   6.2046
  6.2083   6.2271   6.2412   6.2479   6.2623   6.2684   6.2906   6.3084
  6.3188   6.3347   6.3371   6.3542   6.3624   6.3710   6.3800   6.4013
  6.4113   6.4209   6.4310   6.4370   6.4587   6.4664   6.4758   6.4796
  6.5029   6.5128   6.5268   6.5312   6.5452   6.5610   6.5675   6.5899
  6.6003   6.6115   6.6189   6.6440   6.6597   6.6926   6.6987   6.7003
  6.7163   6.7408   6.7585   6.7864   6.7927   6.8007   6.8207   6.8353
  6.8569   6.8610   6.8962   6.9117   6.9265   6.9300   6.9585   6.9635
  6.9878   6.9998   7.0290   7.0489   7.0750   7.1042   7.1112   7.1210
  7.1339   7.1483   7.1697   7.1990   7.2149   7.2210   7.2509   7.2763
  7.2890   7.3372   7.3517   7.3573   7.3812   7.3913   7.4021   7.4156
  7.4276   7.4384   7.4432   7.4570   7.4828   7.4890   7.4997   7.5061
  7.5246   7.5471   7.5503   7.5665   7.5913   7.5985   7.6112   7.6171
  7.6363   7.6506   7.6554   7.6629   7.6870   7.6916   7.6971   7.7048
  7.7161   7.7349   7.7553   7.7600   7.7658   7.7998   7.8036   7.8230
  7.8351   7.8504   7.8635   7.8767   7.8904   7.9039   7.9126   7.9257
  7.9367   7.9486   7.9585   7.9719   7.9924   8.0072   8.0234   8.0317
  8.0565   8.0635   8.0807   8.0835   8.0954   8.1253   8.1343   8.1443
  8.1841   8.2000   8.2200   8.2262   8.2559   8.2849   8.3049   8.3257
  8.3458   8.3622   8.3725   8.3772   8.3829   8.3891   8.3940   8.4052
  8.4117   8.4259   8.4317   8.4472   8.4599   8.4708   8.4777   8.4919
  8.5010   8.5128   8.5327   8.5394   8.5683   8.5833   8.5932   8.6123
  8.6207   8.6323   8.6426   8.6534   8.6675   8.6714   8.6909   8.7093
  8.7202   8.7583   8.7690   8.7951   8.7991   8.8245   8.8394   8.8797
  8.8907   8.9138   8.9186   8.9330   8.9511   8.9656   8.9735   8.9856
  8.9916   9.0225   9.0596   9.0736   9.0913   9.1092   9.1410   9.1532
  9.2419   9.2654   9.3059   9.3269   9.3593   9.3939   9.5195   9.5371
  9.5797   9.5914   9.6498   9.6722   9.6774   9.7158   9.7221   9.7414
  9.7601   9.7833   9.8354   9.8506   9.8888   9.8966   9.9149   9.9216
  9.9245   9.9311   9.9601   9.9993  10.0260  10.0433  10.0500  10.0717
 10.0963  10.1106  10.1458  10.2085  10.2307  10.2596  10.2799  10.3364
 10.3546  10.4056  10.4262  10.4608  10.5030  10.5411  10.5573  10.6036
 10.7936  10.9632  11.3517  11.3909  11.5505  11.7412  11.8197  11.8833
 11.9305  11.9538  12.0561  12.0979  12.1796  12.2902  12.3995  12.4635
 12.5468  12.6875  12.7037  13.0371  13.0563  13.2142  13.2786  13.2839
 13.8611  14.1162  14.4675  16.7133  28.3282  28.6028  29.0378  29.0635
 29.1120  29.1413  48.3894 147.4096 147.6927 148.1475 148.1843 148.2341
148.2590 253.4675
 
 Beta MOs
 -- Occupied --
-19.1376 -10.1922 -10.1685 -10.1637 -10.1550 -10.1529 -10.1526  -1.0480
 -0.8025  -0.7513  -0.7213  -0.6537  -0.5863  -0.5542  -0.4968  -0.4585
 -0.4397  -0.4303  -0.4114  -0.3960  -0.3903  -0.3856  -0.3659  -0.3574
 -0.3392  -0.3359  -0.3231
 -- Virtual --
 -0.0476  -0.0140   0.0252   0.0399   0.0540   0.0591   0.0756   0.0793
  0.0864   0.1008   0.1095   0.1156   0.1248   0.1310   0.1335   0.1471
  0.1508   0.1687   0.1755   0.1785   0.1889   0.2044   0.2079   0.2251
  0.2303   0.2354   0.2501   0.2552   0.2691   0.2737   0.2841   0.2914
  0.3055   0.3118   0.3158   0.3189   0.3215   0.3282   0.3361   0.3382
  0.3408   0.3493   0.3578   0.3683   0.3706   0.3803   0.3847   0.3889
  0.3950   0.4092   0.4152   0.4402   0.4470   0.4663   0.4693   0.5003
  0.5193   0.5385   0.5465   0.5541   0.5728   0.5778   0.5839   0.5989
  0.6117   0.6132   0.6253   0.6377   0.6405   0.6484   0.6585   0.6842
  0.6849   0.7022   0.7078   0.7178   0.7224   0.7351   0.7448   0.7573
  0.7743   0.7814   0.7903   0.8006   0.8072   0.8119   0.8183   0.8252
  0.8390   0.8479   0.8518   0.8573   0.8618   0.8717   0.8790   0.8830
  0.8919   0.9017   0.9200   0.9270   0.9518   0.9554   0.9654   0.9668
  0.9754   0.9892   0.9976   1.0070   1.0115   1.0220   1.0377   1.0485
  1.0684   1.0728   1.0775   1.0959   1.1035   1.1101   1.1213   1.1283
  1.1370   1.1491   1.1675   1.1759   1.1837   1.1965   1.2102   1.2242
  1.2295   1.2458   1.2642   1.2779   1.3130   1.3247   1.3335   1.3392
  1.3429   1.3537   1.3730   1.3788   1.3840   1.4005   1.4171   1.4375
  1.4505   1.4586   1.4747   1.4807   1.4963   1.5144   1.5224   1.5300
  1.5428   1.5646   1.5743   1.6161   1.6180   1.6437   1.6812   1.6976
  1.7385   1.7566   1.7767   1.7869   1.7965   1.8125   1.8349   1.8376
  1.8438   1.8591   1.8713   1.8897   1.9018   1.9208   1.9299   1.9364
  1.9467   1.9552   1.9678   1.9764   1.9836   1.9941   2.0071   2.0107
  2.0287   2.0370   2.0427   2.0576   2.0626   2.0739   2.0823   2.0920
  2.0986   2.1038   2.1102   2.1315   2.1341   2.1438   2.1535   2.1670
  2.1858   2.1872   2.1948   2.2110   2.2166   2.2254   2.2354   2.2410
  2.2517   2.2583   2.2656   2.2790   2.2963   2.2987   2.3162   2.3244
  2.3376   2.3541   2.3636   2.3813   2.3863   2.4002   2.4086   2.4179
  2.4359   2.4390   2.4521   2.4685   2.4825   2.5021   2.5072   2.5229
  2.5326   2.5361   2.5428   2.5588   2.5694   2.5744   2.5892   2.6105
  2.6155   2.6232   2.6267   2.6344   2.6518   2.6710   2.6741   2.6844
  2.7044   2.7182   2.7247   2.7305   2.7370   2.7520   2.7598   2.7725
  2.7843   2.7984   2.8033   2.8101   2.8250   2.8366   2.8537   2.8618
  2.8802   2.8879   2.8982   2.9138   2.9262   2.9361   2.9455   2.9584
  2.9768   2.9950   3.0043   3.0114   3.0252   3.0269   3.0411   3.0482
  3.0623   3.0759   3.0949   3.1033   3.1291   3.1381   3.1445   3.1661
  3.1753   3.1883   3.1974   3.2193   3.2352   3.2428   3.2492   3.2711
  3.2920   3.3005   3.3204   3.3317   3.3467   3.3582   3.3780   3.3839
  3.4016   3.4164   3.4363   3.4463   3.4537   3.4765   3.4908   3.5040
  3.5105   3.5252   3.5484   3.5725   3.5925   3.6043   3.6243   3.6453
  3.6517   3.6809   3.6849   3.7078   3.7125   3.7319   3.7481   3.7514
  3.7809   3.8101   3.8458   3.8516   3.8881   3.8921   3.9121   3.9198
  3.9343   3.9404   3.9646   3.9854   4.0056   4.0246   4.0374   4.0527
  4.0778   4.1016   4.1612   4.2026   4.2448   4.2733   4.2871   4.3099
  4.3284   4.3571   4.3811   4.3981   4.4448   4.4609   4.4680   4.5141
  4.5874   4.6199   4.6504   4.7470   4.7646   4.8156   4.8968   4.9020
  4.9684   4.9846   5.0469   5.0797   5.1204   5.1607   5.1781   5.2074
  5.2284   5.2394   5.2601   5.3030   5.3196   5.3319   5.3724   5.4127
  5.4333   5.4492   5.4662   5.4967   5.5018   5.5189   5.5377   5.5563
  5.5839   5.6060   5.6252   5.6399   5.6669   5.6967   5.7035   5.7345
  5.7497   5.7607   5.7687   5.7811   5.7888   5.8191   5.8221   5.8316
  5.8349   5.8501   5.8538   5.8648   5.8726   5.8816   5.8986   5.9049
  5.9139   5.9288   5.9430   5.9489   5.9620   5.9671   5.9750   5.9834
  5.9922   5.9987   6.0258   6.0332   6.0425   6.0477   6.0674   6.0853
  6.1013   6.1117   6.1203   6.1271   6.1583   6.1651   6.1751   6.1807
  6.1995   6.2135   6.2153   6.2390   6.2507   6.2570   6.2705   6.2800
  6.2965   6.3156   6.3299   6.3423   6.3484   6.3603   6.3706   6.3812
  6.3919   6.4082   6.4206   6.4292   6.4443   6.4497   6.4667   6.4813
  6.4875   6.4916   6.5150   6.5261   6.5392   6.5440   6.5515   6.5706
  6.5784   6.6002   6.6135   6.6196   6.6335   6.6516   6.6703   6.7036
  6.7073   6.7182   6.7273   6.7517   6.7706   6.7965   6.8048   6.8169
  6.8321   6.8457   6.8668   6.8823   6.9049   6.9243   6.9330   6.9441
  6.9674   6.9776   6.9982   7.0064   7.0343   7.0588   7.0855   7.1118
  7.1163   7.1286   7.1393   7.1546   7.1773   7.2069   7.2204   7.2283
  7.2569   7.2818   7.2944   7.3428   7.3594   7.3622   7.3888   7.3967
  7.4079   7.4228   7.4361   7.4441   7.4528   7.4627   7.4893   7.4947
  7.5072   7.5130   7.5320   7.5525   7.5557   7.5735   7.5968   7.6055
  7.6184   7.6247   7.6426   7.6551   7.6629   7.6694   7.6937   7.7006
  7.7037   7.7099   7.7220   7.7421   7.7629   7.7672   7.7728   7.8057
  7.8097   7.8283   7.8392   7.8566   7.8679   7.8836   7.8966   7.9086
  7.9186   7.9300   7.9433   7.9544   7.9671   7.9794   7.9989   8.0153
  8.0304   8.0381   8.0625   8.0699   8.0849   8.0909   8.1017   8.1307
  8.1378   8.1502   8.1893   8.2068   8.2257   8.2313   8.2593   8.2922
  8.3074   8.3330   8.3499   8.3665   8.3773   8.3845   8.3903   8.3943
  8.3997   8.4161   8.4183   8.4327   8.4363   8.4523   8.4668   8.4770
  8.4838   8.4986   8.5085   8.5180   8.5368   8.5453   8.5727   8.5886
  8.5983   8.6164   8.6257   8.6370   8.6489   8.6589   8.6736   8.6768
  8.6958   8.7166   8.7258   8.7637   8.7743   8.8007   8.8045   8.8289
  8.8447   8.8839   8.8937   8.9179   8.9233   8.9375   8.9546   8.9698
  8.9788   8.9900   8.9971   9.0299   9.0664   9.0792   9.0992   9.1154
  9.1463   9.1636   9.2462   9.2680   9.3120   9.3342   9.3675   9.3990
  9.5260   9.5438   9.5875   9.5986   9.6529   9.6774   9.6819   9.7213
  9.7273   9.7443   9.7640   9.7894   9.8388   9.8596   9.8944   9.9009
  9.9197   9.9258   9.9294   9.9376   9.9647  10.0076  10.0353  10.0473
 10.0549  10.0764  10.1001  10.1194  10.1486  10.2114  10.2345  10.2632
 10.2834  10.3410  10.3575  10.4085  10.4295  10.4646  10.5052  10.5441
 10.5607  10.6059  10.7997  10.9715  11.3563  11.4017  11.5614  11.7549
 11.8233  11.8891  11.9358  11.9635  12.0621  12.1009  12.1828  12.2920
 12.4024  12.4671  12.5604  12.6993  12.7122  13.0402  13.0589  13.2209
 13.2815  13.2870  13.8731  14.1183  14.4797  16.7156  28.3546  28.6309
 29.0383  29.0642  29.1115  29.1409  48.3956 147.4176 147.7005 148.1476
148.1845 148.2341 148.2589 253.4695
 --------------------------------------------------------------
 
          Ground-State Mulliken Net Atomic Charges

     Atom                 Charge (a.u.)    Spin (a.u.)
  --------------------------------------------------------
      1 C                    -0.171388      -0.049948
      2 C                     0.124455       0.846073
      3 C                    -0.141306       0.011466
      4 C                    -0.047055      -0.021685
      5 C                    -0.153424       1.006043
      6 C                    -0.131632      -0.065042
      7 O                    -0.352451       0.100899
      8 H                     0.086177       0.008925
      9 H                     0.070961      -0.000640
     10 H                     0.042920       0.068282
     11 H                     0.067858       0.017099
     12 H                     0.040930      -0.003301
     13 H                     0.064361       0.034725
     14 H                     0.039662      -0.000833
     15 H                     0.069142      -0.041346
     16 H                     0.064588       0.004883
     17 H                     0.055981       0.068127
     18 H                     0.050065       0.017375
     19 H                     0.220155      -0.001102
  --------------------------------------------------------
  Sum of atomic charges =    -0.000000
  Sum of spin   charges =     2.000000

 -----------------------------------------------------------------
                    Cartesian Multipole Moments
 -----------------------------------------------------------------
    Charge (ESU x 10^10)
                -0.0000
    Dipole Moment (Debye)
         X      -0.5334      Y      -1.0696      Z       0.0686
       Tot       1.1972
    Quadrupole Moments (Debye-Ang)
        XX     -48.0338     XY      -1.3658     YY     -46.1440
        XZ       2.7767     YZ       2.3709     ZZ     -43.0436
    Octopole Moments (Debye-Ang^2)
       XXX     -12.7419    XXY       0.7231    XYY      -4.2367
       YYY      -8.4529    XXZ       8.5359    XYZ       1.0899
       YYZ       7.8021    XZZ      -6.4796    YZZ      -6.3434
       ZZZ       8.9135
    Hexadecapole Moments (Debye-Ang^3)
      XXXX    -664.7048   XXXY     -18.3504   XXYY    -162.8177
      XYYY     -13.7125   YYYY    -338.6366   XXXZ      25.0189
      XXYZ       4.2572   XYYZ       5.9913   YYYZ      12.4094
      XXZZ    -150.0043   XYZZ     -11.8460   YYZZ     -98.6954
      XZZZ      10.3587   YZZZ      18.2625   ZZZZ    -199.1633
 -----------------------------------------------------------------
 Total job time:  113.04s(wall), 3169.34s(cpu) 
 Thu Aug  1 14:39:48 2024

        *************************************************************
        *                                                           *
        *  Thank you very much for using Q-Chem.  Have a nice day.  *
        *                                                           *
        *************************************************************


