
Running Job 1 of 2 hat8-ts1-triplet-B3PW91-readSCF.in
qchem hat8-ts1-triplet-B3PW91-readSCF.in_1168519.0 /expanse/lustre/scratch/whughes/temp_project/job_36546951/hat8-ts1-triplet-B3PW91-readSCF-36546951/ 0
/cm/shared/apps/spack/0.17.3/cpu/b/opt/spack/linux-rocky8-zen2/gcc-10.2.0/qchem-6.0-rytxnwjazd34ekd2gqyi5ufsaimxsd3r/exe/qcprog.exe_s hat8-ts1-triplet-B3PW91-readSCF.in_1168519.0 /expanse/lustre/scratch/whughes/temp_project/job_36546951/hat8-ts1-triplet-B3PW91-readSCF-36546951/
                  Welcome to Q-Chem
     A Quantum Leap Into The Future Of Chemistry


 Q-Chem 6.0, Q-Chem, Inc., Pleasanton, CA (2022)

 License issued to: University of California, San Diego (site)

 E. Epifanovsky,  A. T. B. Gilbert,  Xintian Feng,  Joonho Lee,  Yuezhi Mao,  
 N. Mardirossian,  P. Pokhilko,  A. White,  M. Wormit,  M. P. Coons,  
 A. L. Dempwolff,  Zhengting Gan,  D. Hait,  P. R. Horn,  L. D. Jacobson,  
 I. Kaliman,  J. Kussmann,  A. W. Lange,  Ka Un Lao,  D. S. Levine,  Jie Liu,  
 S. C. McKenzie,  A. F. Morrison,  K. Nanda,  F. Plasser,  D. R. Rehn,  
 M. L. Vidal,  Zhi-Qiang You,  Ying Zhu,  B. Alam,  B. Albrecht,  
 A. Aldossary,  E. Alguire,  J. H. Andersen,  V. Athavale,  D. Barton,  
 K. Begam,  A. Behn,  N. Bellonzi,  Y. A. Bernard,  E. J. Berquist,  
 H. Burton,  A. Carreras,  K. Carter-Fenk,  Romit Chakraborty,  
 Chandrima Chakravarty,  Junhan Chen,  A. D. Chien,  K. D. Closser,  
 V. Cofer-Shabica,  L. Cunha,  S. Dasgupta,  Jia Deng,  M. de Wergifosse,  
 M. Diedenhofen,  Hainam Do,  S. Ehlert,  Po-Tung Fang,  S. Fatehi,  
 Qingguo Feng,  T. Friedhoff,  B. Ganoe,  J. Gayvert,  Qinghui Ge,  
 G. Gidofalvi,  M. Goldey,  J. Gomes,  C. Gonzalez-Espinoza,  S. Gulania,  
 A. Gunina,  J. A. Gyamfi,  M. W. D. Hanson-Heine,  P. H. P. Harbach,  
 A. W. Hauser,  M. F. Herbst,  M. Hernandez Vera,  M. Hodecker,  
 Z. C. Holden,  S. Houck,  Xunkun Huang,  Kerwin Hui,  B. C. Huynh,  
 K. Ikeda,  M. Ivanov,  Hyunjun Ji,  Zuxin Jin,  Hanjie Jiang,  B. Kaduk,  
 S. Kaehler,  R. Kang,  K. Khistyaev,  Jaehoon Kim,  Yongbin Kim,  
 P. Klunzinger,  Z. Koczor-Benda,  Joong Hoon Koh,  D. Kosenkov,  
 Saikiran Kotaru,  L. Koulias,  T. Kowalczyk,  C. M. Krauter,  K. Kue,  
 A. Kunitsa,  T. Kus,  A. Landau,  K. V. Lawler,  D. Lefrancois,  S. Lehtola,  
 Rain Li,  Shaozhi Li,  Yi-Pei Li,  Jiashu Liang,  M. Liebenthal,  
 Hung-Hsuan Lin,  You-Sheng Lin,  Fenglai Liu,  Kuan-Yu Liu,  
 M. Loipersberger,  A. Luenser,  C. Malbon,  A. Manjanath,  P. Manohar,  
 E. Mansoor,  S. F. Manzer,  Shan-Ping Mao,  A. V. Marenich,  T. Markovich,  
 S. Mason,  F. Matz,  S. A. Maurer,  P. F. McLaughlin,  M. F. S. J. Menger,  
 J.-M. Mewes,  S. A. Mewes,  P. Morgante,  Mohammad Mostafanejad,  
 J. W. Mullinax,  K. J. Oosterbaan,  G. Paran,  V. Parravicini,  
 Alexander C. Paul,  Suranjan K. Paul,  F. Pavosevic,  Zheng Pei,  S. Prager,  
 E. I. Proynov,  E. Ramos,  B. Rana,  A. E. Rask,  A. Rettig,  R. M. Richard,  
 F. Rob,  E. Rossomme,  T. Scheele,  M. Scheurer,  M. Schneider,  
 P. E. Schneider,  N. Sergueev,  S. M. Sharada,  Hengyuan Shen,  
 W. Skomorowski,  D. W. Small,  C. J. Stein,  Yingli Su,  Yu-Chuan Su,  
 E. J. Sundstrom,  Zhen Tao,  J. Thirman,  Hung-Yi Tsai,  T. Tsuchimochi,  
 N. M. Tubman,  C. Utku,  S. P. Veccham,  O. Vydrov,  J. Wenzel,  
 Jonathan Wong,  J. Witte,  A. Yamada,  Chou-Hsun Yang,  Kun Yao,  
 S. Yeganeh,  S. R. Yost,  A. Zech,  F. Zeller,  Igor Ying Zhang,  
 Xing Zhang,  Yu Zhang,  D. Zuev,  A. Aspuru-Guzik,  A. T. Bell,  
 N. A. Besley,  K. B. Bravaya,  B. R. Brooks,  D. Casanova,  Jeng-Da Chai,  
 Hsing-Ta Chen,  S. Coriani,  C. J. Cramer,  A. E. DePrince, III,  
 R. A. DiStasio Jr.,  A. Dreuw,  B. D. Dunietz,  T. R. Furlani,  
 W. A. Goddard III,  S. Grimme,  S. Hammes-Schiffer,  T. Head-Gordon,  
 W. J. Hehre,  Chao-Ping Hsu,  T.-C. Jagau,  Yousung Jung,  A. Klamt,  
 Jing Kong,  D. S. Lambrecht,  Xiangyuan Li,  WanZhen Liang,  N. J. Mayhall,  
 C. W. McCurdy,  J. B. Neaton,  T. Neudecker,  C. Ochsenfeld,  
 J. A. Parkhill,  R. Peverati,  V. A. Rassolov,  Haisheng Ren,  Yihan Shao,  
 L. V. Slipchenko,  R. P. Steele,  J. E. Subotnik,  A. J. W. Thom,  
 A. Tkatchenko,  D. G. Truhlar,  T. Van Voorhis,  Fan Wang,  
 T. A. Wesolowski,  K. B. Whaley,  H. L. Woodcock III,  P. M. Zimmerman,  
 S. Faraji,  P. M. W. Gill,  M. Head-Gordon,  J. M. Herbert,  A. I. Krylov

 Contributors to earlier versions of Q-Chem not listed above: 
 R. D. Adamson,  B. Austin,  R. Baer,  J. Baker,  G. J. O. Beran,  
 K. Brandhorst,  S. T. Brown,  E. F. C. Byrd,  Arup K. Chakraborty,  
 G. K. L. Chan,  Chun-Min Chang,  Yunqing Chen,  C.-L. Cheng,  
 Siu Hung Chien,  D. M. Chipman,  D. L. Crittenden,  H. Dachsel,  
 R. J. Doerksen,  A. D. Dutoi,  R. G. Edgar,  J. Fosso-Tande,  
 L. Fusti-Molnar,  D. Ghosh,  A. Ghysels,  A. Golubeva-Zadorozhnaya,  
 J. Gonthier,  M. S. Gordon,  S. R. Gwaltney,  G. Hawkins,  J. E. Herr,  
 A. Heyden,  S. Hirata,  E. G. Hohenstein,  G. Kedziora,  F. J. Keil,  
 C. Kelley,  Jihan Kim,  R. A. King,  R. Z. Khaliullin,  P. P. Korambath,  
 W. Kurlancheek,  A. Laurent,  A. M. Lee,  M. S. Lee,  S. V. Levchenko,  
 Ching Yeh Lin,  D. Liotard,  E. Livshits,  R. C. Lochan,  I. Lotan,  
 L. A. Martinez-Martinez,  P. E. Maslen,  N. Nair,  D. P. O'Neill,  
 D. Neuhauser,  E. Neuscamman,  C. M. Oana,  R. Olivares-Amaya,  R. Olson,  
 T. M. Perrine,  B. Peters,  P. A. Pieniazek,  A. Prociuk,  Y. M. Rhee,  
 J. Ritchie,  M. A. Rohrdanz,  E. Rosta,  N. J. Russ,  H. F. Schaefer III,  
 M. W. Schmidt,  N. E. Schultz,  S. Sharma,  N. Shenvi,  C. D. Sherrill,  
 A. C. Simmonett,  A. Sodt,  T. Stein,  D. Stuck,  K. S. Thanthiriwatte,  
 V. Vanovschi,  L. Vogt,  Tao Wang,  A. Warshel,  M. A. Watson,  
 C. F. Williams,  Q. Wu,  X. Xu,  Jun Yang,  W. Zhang,  Yan Zhao

   Please cite Q-Chem as follows:
  "Software for the frontiers of quantum chemistry:
   An overview of developments in the Q-Chem 5 package"
   J. Chem. Phys. 155, 084801 (2021)
   https://doi.org/10.1063/5.0055522 (open access)

 Q-Chem 6.0.2 for Intel X86 EM64T Linux

 Parts of Q-Chem use Armadillo 9.900.5 (Nocturnal Misbehaviour).
 http://arma.sourceforge.net/

 Q-Chem begins on Mon Jan 27 08:47:24 2025  

 Host: 
0

     Scratch files written to /expanse/lustre/scratch/whughes/temp_project/job_36546951/hat8-ts1-triplet-B3PW91-readSCF-36546951//
 Dec722 |scratch|qcdevops|jenkins|workspace|build_RNUM    
 Processing $rem in /cm/shared/apps/spack/0.17.3/cpu/b/opt/spack/linux-rocky8-zen2/gcc-10.2.0/qchem-6.0-rytxnwjazd34ekd2gqyi5ufsaimxsd3r/config/preferences:
 Processing $rem in /home/whughes/.qchemrc:

 Checking the input file for inconsistencies... 	...done.

--------------------------------------------------------------
User input:
--------------------------------------------------------------
$molecule
read hat8-ts1-triplet.xyz
$end

$rem
METHOD      B97M-V
BASIS       def2-QZVPP
SYM_IGNORE   TRUE
DFT_D       false
MAX_SCF_CYCLES 300
$end

--------------------------------------------------------------
 ----------------------------------------------------------------
             Standard Nuclear Orientation (Angstroms)
    I     Atom           X                Y                Z
 ----------------------------------------------------------------
    1      C       1.6429449200     2.3830376578     0.4138534733
    2      C       0.6047323519     1.3634685031     0.0623586121
    3      C      -1.4123895774    -0.6118632008    -0.3028901323
    4      C      -1.1820441760    -2.0284092789     0.1687010882
    5      O      -0.1679596690     1.0127548366     1.0873035614
    6      H       1.6093013585     2.5965721383     1.4805971912
    7      H       2.6451960904     2.0246536879     0.1652098857
    8      H       1.4766749671     3.3179882615    -0.1289833304
    9      H      -2.4706544308    -0.3554388737    -0.3944824722
   10      H      -1.4751852187    -2.7325762848    -0.6160172598
   11      H      -0.1265157884    -2.1970556205     0.3852484204
   12      H      -1.7677516168    -2.2541936181     1.0604184721
   13      C       0.4275605500     0.8206931306    -1.2273566338
   14      C      -0.5832476820    -0.1530193553    -1.4563281082
   15      C       1.2278254599     1.2216735538    -2.3240843554
   16      C      -0.7654703532    -0.6684895795    -2.7256770719
   17      C       1.0248117124     0.6881574634    -3.5768651698
   18      H       2.0052192836     1.9602005150    -2.1775350941
   19      C       0.0265959160    -0.2588385252    -3.7933140398
   20      H      -1.5426908989    -1.4072393224    -2.8884275582
   21      H       1.6480055787     1.0124946584    -4.4010823119
   22      H      -0.1329117376    -0.6736240983    -4.7795822709
   23      H      -1.0255146399     0.1226689910     0.5836695142
 ----------------------------------------------------------------
 Nuclear Repulsion Energy =         589.27486527 hartrees
 There are       41 alpha and       39 beta electrons
 Requested basis set is def2-QZVPP
 There are 307 shells and 987 basis functions

 Total QAlloc Memory Limit   8000 MB
 Mega-Array Size       188 MB
 MEM_STATIC part       192 MB

 A cutoff of  1.0D-09 yielded  32369 shell pairs
 There are    322103 function pairs (    478466 Cartesian)
 Smallest overlap matrix eigenvalue = 5.33E-06

 Q-Chem warning in module stvman/mkSTV.C, line 305:

 Overlap eigenvalue is smaller than square root of threshold
 Use THRESH >= 12 to get rid of this warning


 Scale SEOQF with 1.000000e-01/1.000000e-01/1.000000e-01

 Standard Electronic Orientation quadrupole field applied
 Nucleus-field energy     =    -0.0000000218 hartrees
 Guess from superposition of atomic densities
 Warning:  Energy on first SCF cycle will be non-variational
 SAD guess density has 80.000000 electrons

 -----------------------------------------------------------------------
  General SCF calculation program by
  Eric Jon Sundstrom, Paul Horn, Yuezhi Mao, Dmitri Zuev, Alec White,
  David Stuck, Shaama M.S., Shane Yost, Joonho Lee, David Small,
  Daniel Levine, Susi Lehtola, Hugh Burton, Evgeny Epifanovsky,
  Bang C. Huynh
 -----------------------------------------------------------------------
 Exchange:  B97M-V      Correlation:  B97M-V
 Using SG-2 standard quadrature grid
 Nonlocal Correlation:  VV10 with C = 0.0100 and b = 6.00 and scale = 1.00000
 Grid used for NLC:  SG-1 standard quadrature
 using 32 threads for integral computing
 -------------------------------------------------------
 OpenMP Integral computing Module                
 Release: version 1.0, May 2013, Q-Chem Inc. Pittsburgh 
 -------------------------------------------------------
 A unrestricted SCF calculation will be
 performed using DIIS
 SCF converges when DIIS error is below 1.0e-05
 ---------------------------------------
  Cycle       Energy         DIIS error
 ---------------------------------------
    1    -465.5868778244      5.86e-03  
    2    -463.3473724594      7.00e-04  
    3    -462.7047708514      1.19e-03  
    4    -463.2798399734      7.69e-04  
    5    -463.5926464584      1.44e-04  
    6    -463.5951408750      1.47e-04  
    7    -463.6044278641      3.83e-05  
    8    -463.6049367551      2.71e-05  
    9    -463.6053202927      8.36e-06  Convergence criterion met
 ---------------------------------------
 SCF time:   CPU 4643.22s  wall 148.00s 
<S^2> =          2.022968048
 SCF   energy in the final basis set =     -463.6053202927
 Total energy in the final basis set =     -463.6053202927
 
 --------------------------------------------------------------
 
                    Orbital Energies (a.u.)
 --------------------------------------------------------------
 
 Alpha MOs
 -- Occupied --
-19.1998 -10.2384 -10.2100 -10.1895 -10.1892 -10.1866 -10.1831 -10.1783
-10.1773 -10.1738 -10.1716  -1.0494  -0.8466  -0.7845  -0.7621  -0.7171
 -0.7108  -0.6307  -0.6135  -0.5622  -0.5471  -0.4927  -0.4619  -0.4507
 -0.4331  -0.4213  -0.4088  -0.4083  -0.3915  -0.3839  -0.3682  -0.3588
 -0.3538  -0.3512  -0.3349  -0.3316  -0.3086  -0.2478  -0.2381  -0.2343
 -0.1239
 -- Virtual --
 -0.0336   0.0019   0.0048   0.0160   0.0283   0.0384   0.0477   0.0553
  0.0639   0.0727   0.0781   0.0845   0.0904   0.0964   0.0996   0.1088
  0.1144   0.1230   0.1295   0.1357   0.1373   0.1485   0.1520   0.1577
  0.1617   0.1702   0.1799   0.1865   0.1965   0.2109   0.2195   0.2270
  0.2352   0.2386   0.2446   0.2566   0.2604   0.2657   0.2728   0.2744
  0.2805   0.2819   0.2906   0.2944   0.2963   0.2990   0.3049   0.3096
  0.3113   0.3154   0.3190   0.3239   0.3302   0.3405   0.3449   0.3526
  0.3555   0.3728   0.3762   0.3862   0.3900   0.4055   0.4161   0.4203
  0.4250   0.4337   0.4460   0.4522   0.4614   0.4642   0.4703   0.4853
  0.4917   0.4974   0.5010   0.5121   0.5238   0.5355   0.5418   0.5524
  0.5552   0.5675   0.5729   0.5809   0.5910   0.5970   0.6079   0.6117
  0.6217   0.6283   0.6396   0.6467   0.6630   0.6761   0.6791   0.6985
  0.7062   0.7106   0.7175   0.7214   0.7261   0.7334   0.7394   0.7503
  0.7551   0.7654   0.7753   0.7767   0.7807   0.7914   0.7942   0.8106
  0.8129   0.8159   0.8236   0.8248   0.8322   0.8400   0.8463   0.8495
  0.8562   0.8679   0.8754   0.8776   0.8905   0.8918   0.9038   0.9108
  0.9229   0.9269   0.9383   0.9435   0.9493   0.9541   0.9601   0.9711
  0.9775   0.9861   0.9886   1.0027   1.0136   1.0200   1.0228   1.0266
  1.0327   1.0452   1.0493   1.0565   1.0662   1.0679   1.0751   1.0824
  1.0850   1.1052   1.1063   1.1119   1.1242   1.1364   1.1391   1.1569
  1.1669   1.1750   1.1805   1.1971   1.2196   1.2225   1.2450   1.2489
  1.2578   1.2656   1.2785   1.2906   1.2943   1.3105   1.3169   1.3341
  1.3390   1.3436   1.3603   1.3661   1.3702   1.3904   1.4089   1.4127
  1.4280   1.4393   1.4442   1.4641   1.4679   1.4855   1.4946   1.4988
  1.5067   1.5253   1.5359   1.5476   1.5560   1.5688   1.5831   1.6016
  1.6138   1.6323   1.6559   1.6651   1.6744   1.6836   1.6906   1.7035
  1.7119   1.7215   1.7442   1.7493   1.7631   1.7879   1.7923   1.8021
  1.8130   1.8267   1.8332   1.8401   1.8483   1.8529   1.8634   1.8681
  1.8791   1.8846   1.8892   1.8932   1.9097   1.9144   1.9301   1.9341
  1.9501   1.9561   1.9629   1.9823   1.9904   2.0033   2.0073   2.0236
  2.0319   2.0419   2.0485   2.0544   2.0647   2.0671   2.0784   2.0854
  2.0927   2.0984   2.1039   2.1100   2.1206   2.1317   2.1339   2.1392
  2.1480   2.1552   2.1580   2.1743   2.1837   2.1852   2.1916   2.1995
  2.2093   2.2167   2.2279   2.2376   2.2480   2.2532   2.2617   2.2749
  2.2822   2.2891   2.2922   2.2998   2.3073   2.3161   2.3203   2.3311
  2.3402   2.3472   2.3624   2.3681   2.3749   2.3857   2.3949   2.3976
  2.4069   2.4252   2.4294   2.4360   2.4514   2.4554   2.4741   2.4843
  2.4898   2.5000   2.5101   2.5240   2.5284   2.5345   2.5426   2.5571
  2.5618   2.5812   2.5825   2.5902   2.5970   2.6111   2.6127   2.6328
  2.6364   2.6507   2.6566   2.6629   2.6708   2.6787   2.6958   2.6986
  2.7078   2.7133   2.7216   2.7317   2.7403   2.7476   2.7526   2.7563
  2.7586   2.7664   2.7763   2.7926   2.8052   2.8167   2.8224   2.8306
  2.8349   2.8521   2.8542   2.8600   2.8660   2.8875   2.8936   2.9115
  2.9199   2.9276   2.9355   2.9466   2.9524   2.9539   2.9591   2.9749
  2.9834   2.9894   2.9992   3.0127   3.0197   3.0329   3.0394   3.0506
  3.0640   3.0731   3.0796   3.0892   3.0931   3.1185   3.1305   3.1408
  3.1615   3.1703   3.1850   3.1903   3.2007   3.2032   3.2103   3.2202
  3.2365   3.2483   3.2646   3.2764   3.2901   3.2989   3.3221   3.3242
  3.3406   3.3536   3.3593   3.3752   3.3844   3.4019   3.4101   3.4166
  3.4289   3.4389   3.4622   3.4719   3.4872   3.4960   3.5076   3.5301
  3.5376   3.5436   3.5600   3.5703   3.5841   3.5984   3.6191   3.6252
  3.6320   3.6344   3.6445   3.6620   3.6751   3.6830   3.7068   3.7203
  3.7324   3.7445   3.7560   3.7703   3.7797   3.7854   3.8029   3.8119
  3.8238   3.8602   3.8719   3.8955   3.9053   3.9170   3.9345   3.9491
  3.9681   3.9899   3.9969   4.0235   4.0324   4.0516   4.0540   4.0660
  4.0755   4.0880   4.0975   4.1169   4.1346   4.1794   4.1900   4.2105
  4.2381   4.2791   4.2915   4.3145   4.3338   4.3450   4.3637   4.3863
  4.4095   4.4283   4.4361   4.4804   4.5125   4.5520   4.5616   4.5744
  4.5964   4.6158   4.6321   4.6476   4.7276   4.7517   4.7597   4.7962
  4.8017   4.8211   4.8324   4.8500   4.9022   4.9559   4.9906   4.9952
  5.0455   5.0706   5.1124   5.1301   5.1476   5.1693   5.2011   5.2092
  5.2369   5.2663   5.2813   5.3037   5.3079   5.3206   5.3315   5.3421
  5.3487   5.3835   5.3861   5.4083   5.4283   5.4298   5.4362   5.4439
  5.4791   5.4929   5.4951   5.5171   5.5394   5.5589   5.5694   5.5827
  5.5927   5.6190   5.6386   5.6451   5.6632   5.6718   5.6942   5.7039
  5.7156   5.7229   5.7268   5.7523   5.7746   5.7799   5.8096   5.8108
  5.8161   5.8301   5.8337   5.8488   5.8664   5.8748   5.8987   5.9184
  5.9255   5.9314   5.9482   5.9677   5.9939   6.0068   6.0166   6.0275
  6.0491   6.0626   6.0696   6.0745   6.0856   6.1085   6.1269   6.1290
  6.1427   6.1463   6.1627   6.1646   6.1750   6.1859   6.1972   6.1996
  6.2009   6.2084   6.2245   6.2329   6.2380   6.2430   6.2605   6.2692
  6.2794   6.2902   6.2966   6.3107   6.3209   6.3368   6.3547   6.3679
  6.3813   6.3882   6.3931   6.3952   6.4121   6.4234   6.4262   6.4320
  6.4334   6.4468   6.4563   6.4695   6.4793   6.4812   6.4915   6.4983
  6.5048   6.5109   6.5287   6.5430   6.5484   6.5581   6.5631   6.5674
  6.5803   6.5899   6.5928   6.5983   6.6034   6.6197   6.6266   6.6325
  6.6403   6.6513   6.6597   6.6705   6.6801   6.6834   6.6931   6.7031
  6.7071   6.7122   6.7313   6.7470   6.7563   6.7627   6.7704   6.7801
  6.7815   6.7929   6.8108   6.8273   6.8356   6.8473   6.8536   6.8660
  6.8856   6.8911   6.9037   6.9076   6.9104   6.9281   6.9323   6.9381
  6.9709   6.9864   6.9877   6.9944   7.0091   7.0103   7.0225   7.0351
  7.0439   7.0579   7.0739   7.0892   7.0948   7.1077   7.1195   7.1287
  7.1514   7.1576   7.1696   7.1766   7.1880   7.2032   7.2249   7.2403
  7.2484   7.2644   7.2683   7.2879   7.2980   7.3031   7.3225   7.3490
  7.3655   7.3810   7.3966   7.4006   7.4150   7.4192   7.4492   7.4607
  7.4845   7.5044   7.5080   7.5252   7.5417   7.5477   7.5579   7.5782
  7.5928   7.6003   7.6240   7.6281   7.6442   7.6808   7.6924   7.7088
  7.7358   7.7561   7.7709   7.7841   7.7887   7.8028   7.8160   7.8185
  7.8427   7.8518   7.8549   7.8751   7.8894   7.9042   7.9264   7.9344
  7.9381   7.9627   7.9722   7.9769   8.0041   8.0274   8.0304   8.0578
  8.0754   8.0942   8.1032   8.1101   8.1268   8.1435   8.1595   8.1839
  8.1945   8.2028   8.2152   8.2378   8.2465   8.2599   8.2660   8.2826
  8.2882   8.2942   8.3108   8.3157   8.3213   8.3486   8.3556   8.3739
  8.3855   8.4012   8.4196   8.4234   8.4314   8.4440   8.4573   8.4745
  8.4814   8.5016   8.5143   8.5295   8.5445   8.5669   8.5982   8.6170
  8.6408   8.6474   8.6582   8.6709   8.6813   8.6941   8.7107   8.7298
  8.7358   8.7451   8.7674   8.7718   8.7737   8.7853   8.8005   8.8192
  8.8356   8.8489   8.8522   8.8741   8.8842   8.8944   8.9086   8.9124
  8.9216   8.9366   8.9552   8.9601   8.9639   8.9677   8.9860   8.9875
  8.9954   9.0008   9.0148   9.0202   9.0418   9.0557   9.0653   9.0673
  9.0846   9.0994   9.1128   9.1268   9.1314   9.1423   9.1491   9.1584
  9.1740   9.1818   9.2108   9.2244   9.2373   9.2531   9.2714   9.2830
  9.3051   9.3156   9.3281   9.3536   9.3638   9.3698   9.3787   9.3835
  9.3901   9.4121   9.4165   9.4281   9.4339   9.4493   9.4594   9.4838
  9.4928   9.5127   9.5309   9.5721   9.5893   9.6233   9.6806   9.7295
  9.7415   9.7861   9.8014   9.8394   9.9005   9.9272   9.9561   9.9747
  9.9856  10.0026  10.0205  10.0366  10.0667  10.0862  10.1244  10.1274
 10.1404  10.1542  10.1912  10.2213  10.2667  10.2820  10.3124  10.3676
 10.3768  10.4067  10.4164  10.4367  10.4530  10.4579  10.4599  10.4855
 10.5166  10.5378  10.5509  10.5689  10.6069  10.6386  10.6498  10.6922
 10.7598  10.7698  10.7846  10.8078  10.8514  10.8595  10.8894  10.9586
 10.9662  10.9921  11.0443  11.0557  11.1077  11.1534  11.1727  11.2975
 11.4362  11.5472  11.8271  12.0208  12.1020  12.1272  12.2164  12.2513
 12.3056  12.3464  12.4241  12.4911  12.5532  12.5986  12.6864  12.7079
 12.9883  13.0069  13.0563  13.1722  13.2002  13.3565  13.4910  13.5890
 13.6351  13.8693  14.3955  15.0790  28.6963  29.0323  29.2389  29.3300
 29.6193  29.7289  29.8075  29.8508  29.9001  30.1415  49.1462 150.6526
150.9672 151.1627 151.2313 151.4972 151.6110 151.7339 151.7790 151.8460
152.0299 258.3130
 
 Beta MOs
 -- Occupied --
-19.1778 -10.2299 -10.2034 -10.1898 -10.1865 -10.1860 -10.1828 -10.1789
-10.1750 -10.1745 -10.1683  -1.0063  -0.8404  -0.7742  -0.7511  -0.7126
 -0.7058  -0.6230  -0.6023  -0.5547  -0.5328  -0.4789  -0.4502  -0.4417
 -0.4258  -0.4077  -0.4038  -0.3986  -0.3813  -0.3770  -0.3649  -0.3531
 -0.3350  -0.3299  -0.3255  -0.3165  -0.3051  -0.2336  -0.2258
 -- Virtual --
 -0.1672  -0.0769  -0.0272   0.0073   0.0186   0.0251   0.0299   0.0415
  0.0490   0.0573   0.0655   0.0771   0.0796   0.0889   0.0933   0.0991
  0.1034   0.1123   0.1168   0.1259   0.1346   0.1382   0.1410   0.1521
  0.1576   0.1623   0.1648   0.1741   0.1836   0.1931   0.2034   0.2189
  0.2263   0.2326   0.2400   0.2432   0.2508   0.2607   0.2635   0.2708
  0.2772   0.2812   0.2834   0.2863   0.2953   0.2982   0.3012   0.3069
  0.3087   0.3138   0.3147   0.3196   0.3250   0.3320   0.3331   0.3437
  0.3522   0.3578   0.3597   0.3796   0.3815   0.3898   0.3949   0.4117
  0.4229   0.4252   0.4296   0.4376   0.4502   0.4569   0.4641   0.4705
  0.4773   0.4889   0.4969   0.5045   0.5077   0.5160   0.5276   0.5400
  0.5476   0.5580   0.5595   0.5732   0.5792   0.5866   0.5956   0.6016
  0.6129   0.6159   0.6256   0.6340   0.6449   0.6529   0.6671   0.6809
  0.6846   0.7049   0.7111   0.7168   0.7226   0.7271   0.7312   0.7394
  0.7445   0.7564   0.7618   0.7682   0.7802   0.7813   0.7870   0.7966
  0.7998   0.8141   0.8178   0.8194   0.8277   0.8353   0.8373   0.8452
  0.8502   0.8551   0.8610   0.8719   0.8806   0.8846   0.8959   0.8992
  0.9086   0.9167   0.9283   0.9319   0.9440   0.9490   0.9543   0.9609
  0.9670   0.9766   0.9819   0.9918   0.9942   1.0080   1.0190   1.0253
  1.0293   1.0321   1.0370   1.0504   1.0548   1.0615   1.0705   1.0744
  1.0809   1.0878   1.0925   1.1103   1.1145   1.1173   1.1314   1.1412
  1.1455   1.1628   1.1731   1.1805   1.1865   1.2045   1.2254   1.2280
  1.2515   1.2536   1.2641   1.2721   1.2844   1.2956   1.3007   1.3164
  1.3252   1.3398   1.3466   1.3493   1.3682   1.3737   1.3763   1.3988
  1.4154   1.4196   1.4365   1.4503   1.4524   1.4715   1.4765   1.4938
  1.5032   1.5098   1.5145   1.5308   1.5439   1.5551   1.5666   1.5793
  1.5925   1.6111   1.6222   1.6429   1.6630   1.6733   1.6859   1.6899
  1.7040   1.7120   1.7202   1.7320   1.7501   1.7588   1.7725   1.7970
  1.8046   1.8129   1.8221   1.8346   1.8422   1.8509   1.8566   1.8606
  1.8713   1.8763   1.8888   1.8922   1.9006   1.9047   1.9175   1.9222
  1.9400   1.9433   1.9615   1.9640   1.9693   1.9907   1.9987   2.0125
  2.0171   2.0335   2.0411   2.0510   2.0599   2.0641   2.0726   2.0763
  2.0895   2.0924   2.0991   2.1069   2.1125   2.1192   2.1303   2.1403
  2.1451   2.1494   2.1573   2.1646   2.1662   2.1834   2.1925   2.1954
  2.2015   2.2098   2.2176   2.2277   2.2358   2.2475   2.2585   2.2632
  2.2698   2.2828   2.2910   2.2983   2.3015   2.3107   2.3191   2.3289
  2.3302   2.3410   2.3495   2.3601   2.3724   2.3763   2.3853   2.3942
  2.4051   2.4075   2.4145   2.4343   2.4384   2.4468   2.4618   2.4669
  2.4869   2.4966   2.4994   2.5119   2.5237   2.5344   2.5367   2.5454
  2.5510   2.5639   2.5699   2.5894   2.5914   2.5993   2.6071   2.6192
  2.6214   2.6418   2.6452   2.6589   2.6651   2.6735   2.6820   2.6884
  2.7057   2.7106   2.7199   2.7207   2.7289   2.7397   2.7494   2.7587
  2.7593   2.7638   2.7671   2.7773   2.7840   2.8040   2.8152   2.8262
  2.8303   2.8409   2.8449   2.8621   2.8635   2.8686   2.8755   2.8979
  2.9036   2.9202   2.9280   2.9365   2.9454   2.9562   2.9610   2.9667
  2.9680   2.9842   2.9908   2.9976   3.0109   3.0239   3.0303   3.0433
  3.0528   3.0636   3.0741   3.0839   3.0876   3.1001   3.1040   3.1289
  3.1416   3.1512   3.1752   3.1810   3.1977   3.2002   3.2121   3.2153
  3.2213   3.2309   3.2489   3.2592   3.2798   3.2876   3.3024   3.3110
  3.3344   3.3378   3.3539   3.3659   3.3711   3.3895   3.3975   3.4146
  3.4219   3.4286   3.4405   3.4539   3.4761   3.4823   3.4992   3.5126
  3.5210   3.5399   3.5487   3.5573   3.5698   3.5832   3.5983   3.6110
  3.6310   3.6384   3.6442   3.6468   3.6522   3.6738   3.6902   3.6958
  3.7231   3.7345   3.7460   3.7599   3.7686   3.7836   3.7927   3.8010
  3.8156   3.8245   3.8394   3.8766   3.8872   3.9153   3.9235   3.9376
  3.9507   3.9648   3.9887   4.0090   4.0121   4.0365   4.0465   4.0575
  4.0668   4.0756   4.0863   4.1074   4.1119   4.1368   4.1484   4.1971
  4.2033   4.2309   4.2531   4.2908   4.3086   4.3327   4.3470   4.3679
  4.3856   4.4145   4.4272   4.4472   4.4612   4.5038   4.5274   4.5694
  4.5779   4.6023   4.6166   4.6423   4.6644   4.6676   4.7449   4.7675
  4.8045   4.8177   4.8269   4.8352   4.8713   4.8785   4.9343   4.9712
  5.0070   5.0122   5.0591   5.0804   5.1307   5.1405   5.1636   5.1857
  5.2255   5.2313   5.2728   5.2854   5.2973   5.3180   5.3217   5.3401
  5.3495   5.3605   5.3686   5.3989   5.4127   5.4217   5.4383   5.4521
  5.4530   5.4617   5.4983   5.5072   5.5083   5.5328   5.5525   5.5754
  5.5834   5.5969   5.6092   5.6336   5.6563   5.6618   5.6808   5.6829
  5.7149   5.7184   5.7301   5.7355   5.7430   5.7714   5.7923   5.7969
  5.8203   5.8264   5.8349   5.8458   5.8482   5.8696   5.8833   5.8909
  5.9165   5.9368   5.9440   5.9490   5.9695   5.9844   6.0112   6.0281
  6.0363   6.0460   6.0652   6.0795   6.0832   6.0911   6.0980   6.1256
  6.1400   6.1471   6.1561   6.1619   6.1762   6.1776   6.1860   6.2048
  6.2126   6.2140   6.2184   6.2203   6.2368   6.2471   6.2501   6.2587
  6.2770   6.2828   6.2936   6.3046   6.3135   6.3287   6.3365   6.3525
  6.3653   6.3839   6.3971   6.3998   6.4059   6.4117   6.4248   6.4365
  6.4407   6.4442   6.4491   6.4643   6.4759   6.4834   6.4917   6.4958
  6.5079   6.5156   6.5186   6.5316   6.5465   6.5589   6.5620   6.5725
  6.5754   6.5776   6.5902   6.6036   6.6058   6.6145   6.6179   6.6431
  6.6462   6.6493   6.6541   6.6619   6.6774   6.6845   6.6916   6.6972
  6.7094   6.7192   6.7200   6.7308   6.7441   6.7642   6.7764   6.7787
  6.7865   6.7963   6.7981   6.8119   6.8305   6.8412   6.8472   6.8674
  6.8734   6.8794   6.9008   6.9080   6.9177   6.9266   6.9281   6.9427
  6.9512   6.9585   6.9867   7.0000   7.0034   7.0136   7.0215   7.0289
  7.0364   7.0504   7.0605   7.0687   7.0934   7.1058   7.1065   7.1214
  7.1480   7.1520   7.1762   7.1806   7.1844   7.1982   7.2113   7.2234
  7.2458   7.2668   7.2701   7.2864   7.2913   7.3022   7.3131   7.3243
  7.3367   7.3654   7.3834   7.4017   7.4169   7.4221   7.4297   7.4421
  7.4703   7.4801   7.5040   7.5227   7.5280   7.5477   7.5613   7.5684
  7.5713   7.5984   7.6081   7.6260   7.6416   7.6489   7.6703   7.7110
  7.7163   7.7275   7.7585   7.7726   7.7857   7.7990   7.8104   7.8259
  7.8308   7.8391   7.8523   7.8607   7.8847   7.8999   7.9082   7.9273
  7.9461   7.9505   7.9564   7.9793   7.9942   8.0056   8.0387   8.0425
  8.0789   8.0820   8.1055   8.1109   8.1193   8.1323   8.1408   8.1619
  8.1918   8.2047   8.2180   8.2189   8.2340   8.2552   8.2668   8.2694
  8.2770   8.2989   8.3026   8.3059   8.3191   8.3306   8.3391   8.3657
  8.3801   8.3881   8.4023   8.4232   8.4340   8.4352   8.4592   8.4668
  8.4817   8.4882   8.5077   8.5256   8.5287   8.5503   8.5664   8.5829
  8.6140   8.6360   8.6577   8.6655   8.6818   8.6959   8.7094   8.7168
  8.7246   8.7400   8.7487   8.7573   8.7773   8.7884   8.7906   8.8022
  8.8217   8.8357   8.8505   8.8566   8.8686   8.8840   8.8971   8.9107
  8.9218   8.9324   8.9499   8.9646   8.9700   8.9719   8.9835   8.9912
  8.9963   9.0045   9.0159   9.0246   9.0305   9.0560   9.0664   9.0739
  9.0802   9.0949   9.1136   9.1200   9.1305   9.1490   9.1530   9.1565
  9.1837   9.1955   9.2028   9.2321   9.2396   9.2538   9.2689   9.2735
  9.2921   9.3150   9.3309   9.3426   9.3568   9.3615   9.3764   9.3910
  9.3985   9.4036   9.4326   9.4344   9.4382   9.4464   9.4658   9.4743
  9.4901   9.5166   9.5249   9.5383   9.5783   9.6209   9.6308   9.6939
  9.7395   9.7697   9.8282   9.8608   9.8671   9.8752   9.9425   9.9537
  9.9807  10.0006  10.0184  10.0217  10.0518  10.0611  10.0857  10.1175
 10.1457  10.1892  10.2061  10.2225  10.2311  10.2535  10.2645  10.3101
 10.3395  10.3672  10.4032  10.4378  10.4493  10.4630  10.4671  10.4692
 10.5105  10.5298  10.5413  10.5541  10.5835  10.5989  10.6533  10.6612
 10.6724  10.7410  10.7814  10.7887  10.8002  10.8084  10.8874  10.9065
 10.9513  10.9929  10.9980  11.0180  11.0727  11.0867  11.1441  11.1896
 11.2089  11.3121  11.4502  11.6713  11.9405  12.0991  12.1688  12.2109
 12.2539  12.3077  12.3669  12.4466  12.4891  12.5485  12.5536  12.6798
 12.8009  12.8160  13.0005  13.0794  13.1606  13.1854  13.2475  13.4427
 13.4855  13.6037  13.6623  13.9854  14.5246  15.2014  28.7013  29.0520
 29.2452  29.3431  29.6305  29.7401  29.8252  29.8590  29.9048  30.1476
 49.2233 150.6552 150.9783 151.1665 151.2373 151.5016 151.6153 151.7463
151.7828 151.8487 152.0331 258.3553
 --------------------------------------------------------------
 
          Ground-State Mulliken Net Atomic Charges

     Atom                 Charge (a.u.)    Spin (a.u.)
  --------------------------------------------------------
      1 C                    -0.486000       0.020613
      2 C                     0.095167       0.502471
      3 C                    -0.120293       0.300773
      4 C                    -0.503201       0.011887
      5 O                    -0.330815       0.623403
      6 H                     0.165581       0.008091
      7 H                     0.174124       0.013977
      8 H                     0.191182       0.016317
      9 H                     0.171821       0.007453
     10 H                     0.169543       0.019883
     11 H                     0.164313       0.002723
     12 H                     0.172046       0.002096
     13 C                     0.118043      -0.066131
     14 C                     0.172539       0.199690
     15 C                    -0.294927       0.208944
     16 C                    -0.291392      -0.091376
     17 C                    -0.313099      -0.103126
     18 H                     0.207645      -0.001895
     19 C                    -0.296978       0.258374
     20 H                     0.205726       0.000125
     21 H                     0.222784      -0.000204
     22 H                     0.195664      -0.008147
     23 H                     0.210527       0.074058
  --------------------------------------------------------
  Sum of atomic charges =     0.000000
  Sum of spin   charges =     2.000000

 -----------------------------------------------------------------
                    Cartesian Multipole Moments
 -----------------------------------------------------------------
    Charge (ESU x 10^10)
                 0.0000
    Dipole Moment (Debye)
         X      -0.1372      Y      -0.4746      Z       0.0675
       Tot       0.4986
    Quadrupole Moments (Debye-Ang)
        XX     -63.3323     XY       5.8022     YY     -64.1651
        XZ       0.2001     YZ       0.4555     ZZ     -68.1680
    Octopole Moments (Debye-Ang^2)
       XXX     -17.6438    XXY     -18.0253    XYY      -0.6046
       YYY     -58.8453    XXZ      80.9273    XYZ      -6.1932
       YYZ      83.0357    XZZ      -0.4146    YZZ     -26.6982
       ZZZ     229.1721
    Hexadecapole Moments (Debye-Ang^3)
      XXXX    -528.3207   XXXY    -228.8622   XXYY    -209.4957
      XYYY    -223.4311   YYYY    -779.0197   XXXZ      64.6446
      XXYZ       1.1607   XYYZ      24.6180   YYYZ      24.2172
      XXZZ    -379.8591   XYZZ     -50.2223   YYZZ    -432.9823
      XZZZ      39.1820   YZZZ      38.6654   ZZZZ   -1674.2411
 -----------------------------------------------------------------
 Total job time:  151.38s(wall), 4686.51s(cpu) 
 Mon Jan 27 08:49:56 2025

        *************************************************************
        *                                                           *
        *  Thank you very much for using Q-Chem.  Have a nice day.  *
        *                                                           *
        *************************************************************



Running Job 2 of 2 hat8-ts1-triplet-B3PW91-readSCF.in
qchem hat8-ts1-triplet-B3PW91-readSCF.in_1168519.1 /expanse/lustre/scratch/whughes/temp_project/job_36546951/hat8-ts1-triplet-B3PW91-readSCF-36546951/ 0
/cm/shared/apps/spack/0.17.3/cpu/b/opt/spack/linux-rocky8-zen2/gcc-10.2.0/qchem-6.0-rytxnwjazd34ekd2gqyi5ufsaimxsd3r/exe/qcprog.exe_s hat8-ts1-triplet-B3PW91-readSCF.in_1168519.1 /expanse/lustre/scratch/whughes/temp_project/job_36546951/hat8-ts1-triplet-B3PW91-readSCF-36546951/
                  Welcome to Q-Chem
     A Quantum Leap Into The Future Of Chemistry


 Q-Chem 6.0, Q-Chem, Inc., Pleasanton, CA (2022)

 License issued to: University of California, San Diego (site)

 E. Epifanovsky,  A. T. B. Gilbert,  Xintian Feng,  Joonho Lee,  Yuezhi Mao,  
 N. Mardirossian,  P. Pokhilko,  A. White,  M. Wormit,  M. P. Coons,  
 A. L. Dempwolff,  Zhengting Gan,  D. Hait,  P. R. Horn,  L. D. Jacobson,  
 I. Kaliman,  J. Kussmann,  A. W. Lange,  Ka Un Lao,  D. S. Levine,  Jie Liu,  
 S. C. McKenzie,  A. F. Morrison,  K. Nanda,  F. Plasser,  D. R. Rehn,  
 M. L. Vidal,  Zhi-Qiang You,  Ying Zhu,  B. Alam,  B. Albrecht,  
 A. Aldossary,  E. Alguire,  J. H. Andersen,  V. Athavale,  D. Barton,  
 K. Begam,  A. Behn,  N. Bellonzi,  Y. A. Bernard,  E. J. Berquist,  
 H. Burton,  A. Carreras,  K. Carter-Fenk,  Romit Chakraborty,  
 Chandrima Chakravarty,  Junhan Chen,  A. D. Chien,  K. D. Closser,  
 V. Cofer-Shabica,  L. Cunha,  S. Dasgupta,  Jia Deng,  M. de Wergifosse,  
 M. Diedenhofen,  Hainam Do,  S. Ehlert,  Po-Tung Fang,  S. Fatehi,  
 Qingguo Feng,  T. Friedhoff,  B. Ganoe,  J. Gayvert,  Qinghui Ge,  
 G. Gidofalvi,  M. Goldey,  J. Gomes,  C. Gonzalez-Espinoza,  S. Gulania,  
 A. Gunina,  J. A. Gyamfi,  M. W. D. Hanson-Heine,  P. H. P. Harbach,  
 A. W. Hauser,  M. F. Herbst,  M. Hernandez Vera,  M. Hodecker,  
 Z. C. Holden,  S. Houck,  Xunkun Huang,  Kerwin Hui,  B. C. Huynh,  
 K. Ikeda,  M. Ivanov,  Hyunjun Ji,  Zuxin Jin,  Hanjie Jiang,  B. Kaduk,  
 S. Kaehler,  R. Kang,  K. Khistyaev,  Jaehoon Kim,  Yongbin Kim,  
 P. Klunzinger,  Z. Koczor-Benda,  Joong Hoon Koh,  D. Kosenkov,  
 Saikiran Kotaru,  L. Koulias,  T. Kowalczyk,  C. M. Krauter,  K. Kue,  
 A. Kunitsa,  T. Kus,  A. Landau,  K. V. Lawler,  D. Lefrancois,  S. Lehtola,  
 Rain Li,  Shaozhi Li,  Yi-Pei Li,  Jiashu Liang,  M. Liebenthal,  
 Hung-Hsuan Lin,  You-Sheng Lin,  Fenglai Liu,  Kuan-Yu Liu,  
 M. Loipersberger,  A. Luenser,  C. Malbon,  A. Manjanath,  P. Manohar,  
 E. Mansoor,  S. F. Manzer,  Shan-Ping Mao,  A. V. Marenich,  T. Markovich,  
 S. Mason,  F. Matz,  S. A. Maurer,  P. F. McLaughlin,  M. F. S. J. Menger,  
 J.-M. Mewes,  S. A. Mewes,  P. Morgante,  Mohammad Mostafanejad,  
 J. W. Mullinax,  K. J. Oosterbaan,  G. Paran,  V. Parravicini,  
 Alexander C. Paul,  Suranjan K. Paul,  F. Pavosevic,  Zheng Pei,  S. Prager,  
 E. I. Proynov,  E. Ramos,  B. Rana,  A. E. Rask,  A. Rettig,  R. M. Richard,  
 F. Rob,  E. Rossomme,  T. Scheele,  M. Scheurer,  M. Schneider,  
 P. E. Schneider,  N. Sergueev,  S. M. Sharada,  Hengyuan Shen,  
 W. Skomorowski,  D. W. Small,  C. J. Stein,  Yingli Su,  Yu-Chuan Su,  
 E. J. Sundstrom,  Zhen Tao,  J. Thirman,  Hung-Yi Tsai,  T. Tsuchimochi,  
 N. M. Tubman,  C. Utku,  S. P. Veccham,  O. Vydrov,  J. Wenzel,  
 Jonathan Wong,  J. Witte,  A. Yamada,  Chou-Hsun Yang,  Kun Yao,  
 S. Yeganeh,  S. R. Yost,  A. Zech,  F. Zeller,  Igor Ying Zhang,  
 Xing Zhang,  Yu Zhang,  D. Zuev,  A. Aspuru-Guzik,  A. T. Bell,  
 N. A. Besley,  K. B. Bravaya,  B. R. Brooks,  D. Casanova,  Jeng-Da Chai,  
 Hsing-Ta Chen,  S. Coriani,  C. J. Cramer,  A. E. DePrince, III,  
 R. A. DiStasio Jr.,  A. Dreuw,  B. D. Dunietz,  T. R. Furlani,  
 W. A. Goddard III,  S. Grimme,  S. Hammes-Schiffer,  T. Head-Gordon,  
 W. J. Hehre,  Chao-Ping Hsu,  T.-C. Jagau,  Yousung Jung,  A. Klamt,  
 Jing Kong,  D. S. Lambrecht,  Xiangyuan Li,  WanZhen Liang,  N. J. Mayhall,  
 C. W. McCurdy,  J. B. Neaton,  T. Neudecker,  C. Ochsenfeld,  
 J. A. Parkhill,  R. Peverati,  V. A. Rassolov,  Haisheng Ren,  Yihan Shao,  
 L. V. Slipchenko,  R. P. Steele,  J. E. Subotnik,  A. J. W. Thom,  
 A. Tkatchenko,  D. G. Truhlar,  T. Van Voorhis,  Fan Wang,  
 T. A. Wesolowski,  K. B. Whaley,  H. L. Woodcock III,  P. M. Zimmerman,  
 S. Faraji,  P. M. W. Gill,  M. Head-Gordon,  J. M. Herbert,  A. I. Krylov

 Contributors to earlier versions of Q-Chem not listed above: 
 R. D. Adamson,  B. Austin,  R. Baer,  J. Baker,  G. J. O. Beran,  
 K. Brandhorst,  S. T. Brown,  E. F. C. Byrd,  Arup K. Chakraborty,  
 G. K. L. Chan,  Chun-Min Chang,  Yunqing Chen,  C.-L. Cheng,  
 Siu Hung Chien,  D. M. Chipman,  D. L. Crittenden,  H. Dachsel,  
 R. J. Doerksen,  A. D. Dutoi,  R. G. Edgar,  J. Fosso-Tande,  
 L. Fusti-Molnar,  D. Ghosh,  A. Ghysels,  A. Golubeva-Zadorozhnaya,  
 J. Gonthier,  M. S. Gordon,  S. R. Gwaltney,  G. Hawkins,  J. E. Herr,  
 A. Heyden,  S. Hirata,  E. G. Hohenstein,  G. Kedziora,  F. J. Keil,  
 C. Kelley,  Jihan Kim,  R. A. King,  R. Z. Khaliullin,  P. P. Korambath,  
 W. Kurlancheek,  A. Laurent,  A. M. Lee,  M. S. Lee,  S. V. Levchenko,  
 Ching Yeh Lin,  D. Liotard,  E. Livshits,  R. C. Lochan,  I. Lotan,  
 L. A. Martinez-Martinez,  P. E. Maslen,  N. Nair,  D. P. O'Neill,  
 D. Neuhauser,  E. Neuscamman,  C. M. Oana,  R. Olivares-Amaya,  R. Olson,  
 T. M. Perrine,  B. Peters,  P. A. Pieniazek,  A. Prociuk,  Y. M. Rhee,  
 J. Ritchie,  M. A. Rohrdanz,  E. Rosta,  N. J. Russ,  H. F. Schaefer III,  
 M. W. Schmidt,  N. E. Schultz,  S. Sharma,  N. Shenvi,  C. D. Sherrill,  
 A. C. Simmonett,  A. Sodt,  T. Stein,  D. Stuck,  K. S. Thanthiriwatte,  
 V. Vanovschi,  L. Vogt,  Tao Wang,  A. Warshel,  M. A. Watson,  
 C. F. Williams,  Q. Wu,  X. Xu,  Jun Yang,  W. Zhang,  Yan Zhao

   Please cite Q-Chem as follows:
  "Software for the frontiers of quantum chemistry:
   An overview of developments in the Q-Chem 5 package"
   J. Chem. Phys. 155, 084801 (2021)
   https://doi.org/10.1063/5.0055522 (open access)

 Q-Chem 6.0.2 for Intel X86 EM64T Linux

 Parts of Q-Chem use Armadillo 9.900.5 (Nocturnal Misbehaviour).
 http://arma.sourceforge.net/

 Q-Chem begins on Mon Jan 27 08:49:56 2025  

 Host: 
0

     Scratch files written to /expanse/lustre/scratch/whughes/temp_project/job_36546951/hat8-ts1-triplet-B3PW91-readSCF-36546951//
 Dec722 |scratch|qcdevops|jenkins|workspace|build_RNUM    
 Processing $rem in /cm/shared/apps/spack/0.17.3/cpu/b/opt/spack/linux-rocky8-zen2/gcc-10.2.0/qchem-6.0-rytxnwjazd34ekd2gqyi5ufsaimxsd3r/config/preferences:
 Processing $rem in /home/whughes/.qchemrc:

 Checking the input file for inconsistencies... 	...done.

--------------------------------------------------------------
User input:
--------------------------------------------------------------

$molecule
read
$end

$rem
METHOD      B3PW91
BASIS       def2-QZVPP
SYM_IGNORE   TRUE
SCF_GUESS   read
DFT_D       D4
MAX_SCF_CYCLES 300
$end

$end
--------------------------------------------------------------
 Adding empirical dispersion correction 
 ----------------------------------------------------------------
 Doing -D4(0) with B3PW parameters:
 s6  =   1.00000
 s8  =   2.88364
 s10 =   0.00000
 s9 =   1.00000
 a1  =   0.46991
 a2  =   4.51641
 -D4 energy including 3body term = -0.0378745316 hartrees
 ----------------------------------------------------------------
             Standard Nuclear Orientation (Angstroms)
    I     Atom           X                Y                Z
 ----------------------------------------------------------------
    1      C       1.6429449200     2.3830376578     0.4138534733
    2      C       0.6047323519     1.3634685031     0.0623586121
    3      C      -1.4123895774    -0.6118632008    -0.3028901323
    4      C      -1.1820441760    -2.0284092789     0.1687010882
    5      O      -0.1679596690     1.0127548366     1.0873035614
    6      H       1.6093013585     2.5965721383     1.4805971912
    7      H       2.6451960904     2.0246536879     0.1652098857
    8      H       1.4766749671     3.3179882615    -0.1289833304
    9      H      -2.4706544308    -0.3554388737    -0.3944824722
   10      H      -1.4751852187    -2.7325762848    -0.6160172598
   11      H      -0.1265157884    -2.1970556205     0.3852484204
   12      H      -1.7677516168    -2.2541936181     1.0604184721
   13      C       0.4275605500     0.8206931306    -1.2273566338
   14      C      -0.5832476820    -0.1530193553    -1.4563281082
   15      C       1.2278254599     1.2216735538    -2.3240843554
   16      C      -0.7654703532    -0.6684895795    -2.7256770719
   17      C       1.0248117124     0.6881574634    -3.5768651698
   18      H       2.0052192836     1.9602005150    -2.1775350941
   19      C       0.0265959160    -0.2588385252    -3.7933140398
   20      H      -1.5426908989    -1.4072393224    -2.8884275582
   21      H       1.6480055787     1.0124946584    -4.4010823119
   22      H      -0.1329117376    -0.6736240983    -4.7795822709
   23      H      -1.0255146399     0.1226689910     0.5836695142
 ----------------------------------------------------------------
 Nuclear Repulsion Energy =         589.23699074 hartrees
 There are       41 alpha and       39 beta electrons
 Requested basis set is def2-QZVPP
 There are 307 shells and 987 basis functions

 Total QAlloc Memory Limit   8000 MB
 Mega-Array Size       188 MB
 MEM_STATIC part       192 MB

 A cutoff of  1.0D-09 yielded  32369 shell pairs
 There are    322103 function pairs (    478466 Cartesian)
 Smallest overlap matrix eigenvalue = 5.33E-06

 Q-Chem warning in module stvman/mkSTV.C, line 305:

 Overlap eigenvalue is smaller than square root of threshold
 Use THRESH >= 12 to get rid of this warning


 Scale SEOQF with 1.000000e-01/1.000000e-01/1.000000e-01

 Standard Electronic Orientation quadrupole field applied
 Nucleus-field energy     =    -0.0000000218 hartrees
 Guess MOs from SCF MO coefficient file

 -----------------------------------------------------------------------
  General SCF calculation program by
  Eric Jon Sundstrom, Paul Horn, Yuezhi Mao, Dmitri Zuev, Alec White,
  David Stuck, Shaama M.S., Shane Yost, Joonho Lee, David Small,
  Daniel Levine, Susi Lehtola, Hugh Burton, Evgeny Epifanovsky,
  Bang C. Huynh
 -----------------------------------------------------------------------
 Exchange:     0.2000 Hartree-Fock + 0.0800 Slater + 0.7200 B88
 Correlation:  0.1900 PW92 + 0.8100 PW91
 Using SG-1 standard quadrature grid
 Dispersion:   Grimme D4
 using 32 threads for integral computing
 -------------------------------------------------------
 OpenMP Integral computing Module                
 Release: version 1.0, May 2013, Q-Chem Inc. Pittsburgh 
 -------------------------------------------------------
 A unrestricted SCF calculation will be
 performed using DIIS
 SCF converges when DIIS error is below 1.0e-05
 ---------------------------------------
  Cycle       Energy         DIIS error
 ---------------------------------------
    1    -463.4443764060      7.79e-04  
    2    -463.4709177633      3.71e-05  
    3    -463.4707594247      3.81e-05  
    4    -463.4714372167      9.64e-06  Convergence criterion met
 ---------------------------------------
 SCF time:   CPU 5043.63s  wall 174.00s 
<S^2> =          2.028762509
 SCF   energy in the final basis set =     -463.4714372167
 Total energy in the final basis set =     -463.4714372167
 
 --------------------------------------------------------------
 
                    Orbital Energies (a.u.)
 --------------------------------------------------------------
 
 Alpha MOs
 -- Occupied --
-19.1717 -10.2243 -10.1952 -10.1757 -10.1742 -10.1710 -10.1680 -10.1639
-10.1631 -10.1604 -10.1581  -1.0662  -0.8711  -0.8109  -0.7860  -0.7407
 -0.7360  -0.6567  -0.6406  -0.5906  -0.5770  -0.5260  -0.4925  -0.4822
 -0.4651  -0.4532  -0.4400  -0.4379  -0.4219  -0.4136  -0.3972  -0.3892
 -0.3854  -0.3815  -0.3658  -0.3609  -0.3365  -0.2754  -0.2708  -0.2597
 -0.1491
 -- Virtual --
 -0.0157   0.0173   0.0284   0.0377   0.0490   0.0599   0.0675   0.0780
  0.0834   0.0938   0.0970   0.1065   0.1101   0.1164   0.1195   0.1288
  0.1353   0.1431   0.1503   0.1552   0.1581   0.1689   0.1716   0.1773
  0.1821   0.1892   0.2002   0.2073   0.2167   0.2297   0.2383   0.2448
  0.2545   0.2570   0.2645   0.2752   0.2780   0.2847   0.2909   0.2929
  0.2984   0.3013   0.3081   0.3116   0.3139   0.3169   0.3232   0.3280
  0.3296   0.3326   0.3372   0.3420   0.3486   0.3596   0.3631   0.3710
  0.3723   0.3884   0.3908   0.4027   0.4064   0.4200   0.4314   0.4341
  0.4372   0.4489   0.4589   0.4641   0.4745   0.4769   0.4821   0.4983
  0.5042   0.5092   0.5123   0.5249   0.5363   0.5511   0.5532   0.5601
  0.5664   0.5764   0.5795   0.5871   0.5961   0.6029   0.6138   0.6163
  0.6260   0.6319   0.6435   0.6525   0.6641   0.6785   0.6825   0.7016
  0.7072   0.7109   0.7177   0.7245   0.7278   0.7344   0.7392   0.7479
  0.7520   0.7622   0.7709   0.7746   0.7797   0.7899   0.7936   0.8085
  0.8109   0.8191   0.8229   0.8255   0.8328   0.8393   0.8466   0.8506
  0.8564   0.8675   0.8707   0.8740   0.8844   0.8895   0.9028   0.9064
  0.9172   0.9197   0.9319   0.9387   0.9450   0.9498   0.9539   0.9636
  0.9718   0.9776   0.9835   0.9949   1.0066   1.0108   1.0155   1.0160
  1.0223   1.0349   1.0406   1.0451   1.0565   1.0593   1.0643   1.0715
  1.0750   1.0938   1.0959   1.0989   1.1113   1.1245   1.1267   1.1440
  1.1533   1.1607   1.1653   1.1838   1.2009   1.2044   1.2264   1.2303
  1.2410   1.2465   1.2592   1.2697   1.2741   1.2874   1.2964   1.3125
  1.3190   1.3234   1.3373   1.3441   1.3498   1.3661   1.3848   1.3883
  1.4035   1.4173   1.4227   1.4377   1.4450   1.4608   1.4674   1.4749
  1.4809   1.4988   1.5106   1.5229   1.5296   1.5423   1.5573   1.5739
  1.5827   1.6044   1.6279   1.6368   1.6419   1.6509   1.6596   1.6703
  1.6846   1.6923   1.7111   1.7147   1.7331   1.7535   1.7567   1.7722
  1.7785   1.7928   1.7959   1.8037   1.8103   1.8152   1.8283   1.8327
  1.8424   1.8478   1.8543   1.8597   1.8719   1.8819   1.8926   1.8967
  1.9111   1.9173   1.9218   1.9347   1.9471   1.9628   1.9716   1.9765
  1.9902   1.9955   2.0020   2.0088   2.0186   2.0211   2.0321   2.0359
  2.0425   2.0526   2.0545   2.0599   2.0670   2.0805   2.0831   2.0885
  2.0987   2.1026   2.1083   2.1185   2.1267   2.1298   2.1357   2.1435
  2.1507   2.1563   2.1668   2.1734   2.1849   2.1917   2.1991   2.2055
  2.2129   2.2224   2.2290   2.2329   2.2420   2.2453   2.2538   2.2587
  2.2693   2.2805   2.2812   2.2926   2.3000   2.3156   2.3212   2.3269
  2.3297   2.3522   2.3582   2.3630   2.3776   2.3818   2.3955   2.4086
  2.4128   2.4259   2.4323   2.4399   2.4427   2.4519   2.4573   2.4674
  2.4755   2.4873   2.4980   2.5015   2.5109   2.5200   2.5218   2.5417
  2.5459   2.5579   2.5659   2.5704   2.5822   2.5851   2.6017   2.6099
  2.6122   2.6171   2.6292   2.6321   2.6433   2.6471   2.6583   2.6602
  2.6647   2.6684   2.6834   2.6956   2.7058   2.7184   2.7223   2.7322
  2.7339   2.7456   2.7529   2.7605   2.7627   2.7828   2.7901   2.8053
  2.8097   2.8173   2.8256   2.8395   2.8407   2.8485   2.8522   2.8631
  2.8737   2.8789   2.8899   2.9042   2.9065   2.9182   2.9316   2.9445
  2.9467   2.9566   2.9689   2.9769   2.9855   3.0027   3.0131   3.0213
  3.0427   3.0568   3.0623   3.0681   3.0779   3.0841   3.0915   3.1021
  3.1208   3.1238   3.1485   3.1603   3.1673   3.1781   3.1996   3.2054
  3.2184   3.2284   3.2357   3.2517   3.2618   3.2758   3.2846   3.2892
  3.3001   3.3141   3.3372   3.3437   3.3586   3.3673   3.3823   3.3958
  3.3993   3.4067   3.4214   3.4350   3.4472   3.4613   3.4689   3.4891
  3.4916   3.4971   3.5048   3.5217   3.5360   3.5441   3.5710   3.5821
  3.5884   3.6039   3.6108   3.6294   3.6394   3.6445   3.6595   3.6689
  3.6833   3.7167   3.7302   3.7554   3.7623   3.7752   3.7921   3.7998
  3.8229   3.8450   3.8556   3.8656   3.8790   3.8874   3.9002   3.9063
  3.9158   3.9368   3.9519   3.9596   3.9840   4.0285   4.0324   4.0573
  4.0861   4.1206   4.1403   4.1514   4.1714   4.1929   4.2028   4.2314
  4.2435   4.2626   4.2713   4.3168   4.3485   4.3713   4.3894   4.4063
  4.4241   4.4504   4.4670   4.4922   4.5545   4.5730   4.5854   4.6272
  4.6409   4.6481   4.6612   4.6794   4.7356   4.7635   4.7951   4.8012
  4.8519   4.8905   4.9081   4.9219   4.9321   4.9621   5.0027   5.0196
  5.0442   5.0548   5.0742   5.0844   5.0927   5.1166   5.1234   5.1274
  5.1363   5.1671   5.1848   5.1901   5.2127   5.2195   5.2225   5.2280
  5.2627   5.2667   5.2782   5.2955   5.3221   5.3437   5.3521   5.3724
  5.3780   5.4017   5.4200   5.4220   5.4378   5.4435   5.4753   5.4810
  5.4902   5.4948   5.4983   5.5187   5.5419   5.5468   5.5649   5.5728
  5.5883   5.6015   5.6122   5.6279   5.6317   5.6427   5.6708   5.6799
  5.6913   5.7078   5.7180   5.7383   5.7657   5.7771   5.7874   5.7993
  5.8054   5.8140   5.8264   5.8397   5.8492   5.8621   5.8679   5.8796
  5.8819   5.8865   5.8987   5.9039   5.9124   5.9229   5.9255   5.9335
  5.9362   5.9493   5.9530   5.9608   5.9660   5.9843   5.9890   6.0010
  6.0082   6.0109   6.0256   6.0284   6.0492   6.0548   6.0664   6.0717
  6.0853   6.0965   6.1094   6.1170   6.1325   6.1394   6.1432   6.1533
  6.1559   6.1643   6.1740   6.1813   6.1970   6.2037   6.2118   6.2126
  6.2229   6.2411   6.2537   6.2581   6.2651   6.2745   6.2853   6.2920
  6.2957   6.2996   6.3132   6.3186   6.3278   6.3335   6.3407   6.3423
  6.3498   6.3635   6.3788   6.3826   6.3954   6.3987   6.4034   6.4118
  6.4246   6.4360   6.4413   6.4496   6.4813   6.4855   6.4886   6.4974
  6.5029   6.5199   6.5362   6.5478   6.5535   6.5603   6.5814   6.5900
  6.6041   6.6067   6.6129   6.6246   6.6320   6.6335   6.6398   6.6591
  6.6763   6.6899   6.6975   6.7059   6.7148   6.7239   6.7317   6.7402
  6.7578   6.7625   6.7795   6.7969   6.8144   6.8166   6.8301   6.8440
  6.8533   6.8714   6.8817   6.8861   6.9043   6.9091   6.9320   6.9431
  6.9529   6.9552   6.9681   6.9768   6.9860   7.0082   7.0428   7.0479
  7.0659   7.0827   7.1018   7.1113   7.1207   7.1254   7.1442   7.1494
  7.1873   7.1927   7.2073   7.2240   7.2307   7.2481   7.2583   7.2770
  7.3057   7.3123   7.3289   7.3436   7.3637   7.3685   7.3811   7.4040
  7.4154   7.4291   7.4431   7.4567   7.4671   7.4691   7.4863   7.4939
  7.5028   7.5077   7.5185   7.5199   7.5337   7.5474   7.5614   7.5703
  7.5777   7.6029   7.6215   7.6288   7.6345   7.6495   7.6558   7.6565
  7.6811   7.7026   7.7094   7.7182   7.7253   7.7330   7.7394   7.7555
  7.7599   7.7817   7.7924   7.8226   7.8277   7.8346   7.8538   7.8630
  7.8711   7.8901   7.9040   7.9129   7.9284   7.9396   7.9448   7.9526
  7.9706   7.9783   7.9917   8.0116   8.0133   8.0237   8.0566   8.0644
  8.0942   8.0964   8.1173   8.1467   8.1539   8.1681   8.1693   8.1891
  8.1907   8.2045   8.2154   8.2441   8.2642   8.2762   8.2882   8.3084
  8.3163   8.3187   8.3295   8.3360   8.3381   8.3505   8.3563   8.3638
  8.3795   8.3861   8.3890   8.3941   8.3994   8.4032   8.4165   8.4296
  8.4338   8.4573   8.4653   8.4705   8.4721   8.4793   8.4903   8.4938
  8.5137   8.5294   8.5426   8.5470   8.5616   8.5777   8.5910   8.5974
  8.6027   8.6201   8.6420   8.6501   8.6540   8.6837   8.7010   8.7113
  8.7175   8.7383   8.7609   8.7744   8.7828   8.7913   8.8466   8.8706
  8.8801   8.8850   8.8949   8.8979   8.9190   8.9312   8.9401   8.9559
  8.9642   8.9727   8.9749   8.9824   8.9915   9.0130   9.0340   9.0490
  9.0600   9.0711   9.0956   9.1264   9.1935   9.2047   9.2632   9.2986
  9.3252   9.4022   9.4096   9.4575   9.5043   9.5333   9.5758   9.6233
  9.6378   9.6761   9.6851   9.7139   9.7194   9.7297   9.7354   9.7504
  9.7610   9.7781   9.8075   9.8267   9.8278   9.8629   9.8721   9.8757
  9.8898   9.8970   9.9302   9.9431   9.9638   9.9868   9.9974  10.0374
 10.0557  10.0794  10.1249  10.1393  10.1536  10.1857  10.2146  10.2334
 10.2485  10.2505  10.2958  10.3267  10.3490  10.3925  10.4242  10.4510
 10.4706  10.4810  10.5114  10.5920  10.6037  10.6421  10.7539  10.8464
 10.8961  11.0957  11.3600  11.5388  11.6248  11.6681  11.7941  11.8251
 11.8567  11.9585  11.9898  12.1262  12.1683  12.2496  12.2871  12.3028
 12.5418  12.6381  12.7129  12.7762  12.8768  12.9552  13.1855  13.2899
 13.3031  13.4414  13.9111  14.5452  27.9975  28.3273  28.5211  28.6113
 28.8886  28.9962  29.0758  29.1240  29.1737  29.3898  48.1894 147.1273
147.4369 147.6260 147.6937 147.9525 148.0645 148.1872 148.2283 148.2935
148.4729 253.2757
 
 Beta MOs
 -- Occupied --
-19.1510 -10.2155 -10.1882 -10.1753 -10.1725 -10.1705 -10.1678 -10.1648
-10.1619 -10.1600 -10.1545  -1.0240  -0.8647  -0.7996  -0.7741  -0.7359
 -0.7304  -0.6480  -0.6281  -0.5822  -0.5610  -0.5106  -0.4789  -0.4728
 -0.4563  -0.4376  -0.4339  -0.4277  -0.4110  -0.4068  -0.3937  -0.3823
 -0.3650  -0.3560  -0.3513  -0.3468  -0.3336  -0.2576  -0.2504
 -- Virtual --
 -0.1462  -0.0595  -0.0097   0.0306   0.0399   0.0435   0.0503   0.0625
  0.0685   0.0799   0.0846   0.0976   0.0987   0.1102   0.1122   0.1188
  0.1226   0.1318   0.1375   0.1458   0.1552   0.1572   0.1611   0.1720
  0.1762   0.1809   0.1848   0.1922   0.2031   0.2129   0.2239   0.2366
  0.2431   0.2497   0.2592   0.2611   0.2691   0.2782   0.2808   0.2889
  0.2944   0.2982   0.3011   0.3047   0.3118   0.3149   0.3174   0.3234
  0.3257   0.3312   0.3325   0.3366   0.3422   0.3476   0.3514   0.3628
  0.3686   0.3739   0.3765   0.3934   0.3957   0.4065   0.4093   0.4248
  0.4372   0.4378   0.4416   0.4517   0.4623   0.4680   0.4767   0.4817
  0.4883   0.5014   0.5069   0.5135   0.5188   0.5276   0.5391   0.5546
  0.5573   0.5644   0.5694   0.5796   0.5845   0.5918   0.5994   0.6062
  0.6171   0.6192   0.6284   0.6360   0.6470   0.6560   0.6667   0.6818
  0.6861   0.7057   0.7110   0.7163   0.7223   0.7285   0.7310   0.7385
  0.7423   0.7533   0.7579   0.7628   0.7743   0.7775   0.7847   0.7943
  0.7977   0.8120   0.8149   0.8211   0.8255   0.8349   0.8367   0.8435
  0.8488   0.8555   0.8598   0.8706   0.8756   0.8786   0.8922   0.8945
  0.9058   0.9104   0.9204   0.9224   0.9359   0.9418   0.9486   0.9539
  0.9594   0.9667   0.9751   0.9816   0.9871   0.9982   1.0098   1.0146
  1.0188   1.0204   1.0251   1.0382   1.0444   1.0492   1.0592   1.0630
  1.0683   1.0758   1.0798   1.0964   1.1015   1.1023   1.1151   1.1273
  1.1307   1.1465   1.1575   1.1633   1.1688   1.1884   1.2048   1.2082
  1.2297   1.2332   1.2449   1.2509   1.2629   1.2727   1.2785   1.2913
  1.3026   1.3156   1.3248   1.3274   1.3418   1.3484   1.3539   1.3715
  1.3882   1.3931   1.4104   1.4265   1.4271   1.4424   1.4510   1.4672
  1.4736   1.4811   1.4858   1.5022   1.5163   1.5267   1.5359   1.5484
  1.5639   1.5783   1.5873   1.6112   1.6322   1.6423   1.6497   1.6548
  1.6668   1.6749   1.6900   1.6979   1.7141   1.7201   1.7398   1.7582
  1.7635   1.7775   1.7841   1.7983   1.7995   1.8103   1.8156   1.8193
  1.8327   1.8364   1.8472   1.8547   1.8604   1.8632   1.8756   1.8860
  1.8988   1.9029   1.9185   1.9220   1.9249   1.9389   1.9531   1.9671
  1.9765   1.9813   1.9931   1.9998   2.0097   2.0141   2.0231   2.0259
  2.0370   2.0394   2.0465   2.0577   2.0580   2.0650   2.0721   2.0848
  2.0877   2.0954   2.1036   2.1062   2.1124   2.1233   2.1302   2.1356
  2.1401   2.1483   2.1539   2.1597   2.1715   2.1792   2.1903   2.1959
  2.2024   2.2087   2.2176   2.2272   2.2337   2.2391   2.2487   2.2518
  2.2582   2.2631   2.2739   2.2858   2.2877   2.2968   2.3053   2.3201
  2.3249   2.3319   2.3344   2.3564   2.3642   2.3673   2.3840   2.3878
  2.4025   2.4142   2.4171   2.4313   2.4379   2.4454   2.4476   2.4553
  2.4634   2.4714   2.4798   2.4917   2.5013   2.5060   2.5156   2.5233
  2.5269   2.5463   2.5500   2.5616   2.5689   2.5769   2.5878   2.5897
  2.6056   2.6140   2.6166   2.6222   2.6333   2.6363   2.6479   2.6507
  2.6617   2.6636   2.6689   2.6723   2.6879   2.7001   2.7095   2.7225
  2.7278   2.7360   2.7394   2.7529   2.7581   2.7657   2.7663   2.7863
  2.7950   2.8094   2.8136   2.8214   2.8292   2.8430   2.8451   2.8525
  2.8566   2.8674   2.8773   2.8829   2.8946   2.9076   2.9117   2.9229
  2.9374   2.9493   2.9519   2.9610   2.9720   2.9808   2.9908   3.0059
  3.0171   3.0264   3.0485   3.0608   3.0668   3.0743   3.0823   3.0889
  3.0967   3.1062   3.1249   3.1295   3.1563   3.1643   3.1726   3.1834
  3.2046   3.2106   3.2258   3.2351   3.2409   3.2591   3.2671   3.2804
  3.2888   3.2934   3.3046   3.3206   3.3428   3.3482   3.3633   3.3745
  3.3866   3.4006   3.4047   3.4113   3.4257   3.4408   3.4541   3.4666
  3.4730   3.4932   3.4981   3.5037   3.5087   3.5269   3.5418   3.5501
  3.5769   3.5893   3.5934   3.6113   3.6160   3.6350   3.6469   3.6498
  3.6669   3.6743   3.6892   3.7243   3.7341   3.7612   3.7711   3.7839
  3.7973   3.8060   3.8337   3.8525   3.8624   3.8692   3.8827   3.8892
  3.9058   3.9095   3.9203   3.9454   3.9564   3.9694   3.9898   4.0339
  4.0410   4.0670   4.0934   4.1273   4.1472   4.1578   4.1760   4.2000
  4.2164   4.2428   4.2520   4.2667   4.2900   4.3266   4.3559   4.3822
  4.3959   4.4179   4.4336   4.4597   4.4806   4.5072   4.5617   4.5778
  4.5995   4.6349   4.6497   4.6546   4.6800   4.6918   4.7454   4.7696
  4.8007   4.8074   4.8593   4.8940   4.9130   4.9287   4.9380   4.9689
  5.0114   5.0276   5.0555   5.0652   5.0825   5.0917   5.1013   5.1225
  5.1315   5.1334   5.1506   5.1743   5.1940   5.1973   5.2200   5.2266
  5.2299   5.2353   5.2707   5.2736   5.2844   5.3009   5.3278   5.3489
  5.3587   5.3765   5.3860   5.4075   5.4251   5.4290   5.4433   5.4479
  5.4806   5.4866   5.4970   5.5013   5.5043   5.5257   5.5478   5.5522
  5.5702   5.5776   5.5949   5.6072   5.6199   5.6389   5.6404   5.6513
  5.6767   5.6908   5.6988   5.7135   5.7287   5.7431   5.7715   5.7834
  5.7940   5.8045   5.8104   5.8186   5.8313   5.8466   5.8551   5.8679
  5.8733   5.8838   5.8863   5.8928   5.9016   5.9084   5.9184   5.9264
  5.9284   5.9392   5.9398   5.9526   5.9573   5.9660   5.9717   5.9889
  5.9938   6.0070   6.0131   6.0159   6.0333   6.0359   6.0540   6.0611
  6.0717   6.0767   6.0906   6.1030   6.1139   6.1212   6.1376   6.1444
  6.1480   6.1570   6.1596   6.1674   6.1787   6.1877   6.2036   6.2095
  6.2166   6.2175   6.2284   6.2440   6.2576   6.2633   6.2701   6.2806
  6.2913   6.2983   6.3034   6.3047   6.3188   6.3264   6.3321   6.3388
  6.3449   6.3504   6.3538   6.3702   6.3857   6.3882   6.4037   6.4041
  6.4079   6.4185   6.4306   6.4410   6.4468   6.4575   6.4896   6.4925
  6.4950   6.5033   6.5084   6.5257   6.5425   6.5554   6.5603   6.5665
  6.5873   6.5973   6.6101   6.6121   6.6203   6.6319   6.6388   6.6402
  6.6477   6.6658   6.6835   6.6939   6.7037   6.7116   6.7212   6.7299
  6.7377   6.7461   6.7632   6.7705   6.7859   6.8018   6.8200   6.8218
  6.8388   6.8500   6.8608   6.8777   6.8859   6.8910   6.9133   6.9144
  6.9420   6.9495   6.9579   6.9624   6.9757   6.9830   6.9930   7.0152
  7.0491   7.0534   7.0726   7.0878   7.1055   7.1185   7.1269   7.1304
  7.1504   7.1541   7.1930   7.1969   7.2130   7.2303   7.2344   7.2534
  7.2648   7.2819   7.3094   7.3183   7.3350   7.3492   7.3693   7.3739
  7.3853   7.4090   7.4190   7.4334   7.4481   7.4606   7.4701   7.4728
  7.4886   7.4963   7.5073   7.5119   7.5230   7.5235   7.5381   7.5509
  7.5655   7.5742   7.5826   7.6070   7.6275   7.6339   7.6401   7.6527
  7.6611   7.6618   7.6850   7.7066   7.7126   7.7216   7.7289   7.7373
  7.7443   7.7593   7.7646   7.7853   7.7981   7.8262   7.8315   7.8386
  7.8573   7.8667   7.8792   7.8933   7.9072   7.9170   7.9326   7.9425
  7.9485   7.9559   7.9739   7.9813   7.9961   8.0153   8.0165   8.0275
  8.0630   8.0676   8.0963   8.1008   8.1208   8.1489   8.1562   8.1709
  8.1730   8.1921   8.1944   8.2083   8.2200   8.2482   8.2671   8.2800
  8.2917   8.3119   8.3200   8.3213   8.3329   8.3389   8.3421   8.3555
  8.3585   8.3663   8.3832   8.3902   8.3933   8.3978   8.4023   8.4077
  8.4198   8.4324   8.4363   8.4597   8.4678   8.4753   8.4755   8.4814
  8.4944   8.4973   8.5181   8.5329   8.5460   8.5504   8.5653   8.5817
  8.5935   8.6006   8.6054   8.6229   8.6454   8.6566   8.6578   8.6903
  8.7072   8.7144   8.7208   8.7392   8.7675   8.7779   8.7907   8.7953
  8.8519   8.8802   8.8851   8.8888   8.8997   8.9020   8.9273   8.9378
  8.9442   8.9635   8.9687   8.9754   8.9787   8.9869   8.9955   9.0181
  9.0391   9.0532   9.0648   9.0770   9.1006   9.1471   9.2017   9.2112
  9.2800   9.3066   9.3348   9.4089   9.4154   9.4636   9.5127   9.5376
  9.5796   9.6362   9.6540   9.6821   9.6938   9.7200   9.7243   9.7335
  9.7374   9.7537   9.7662   9.7822   9.8125   9.8287   9.8302   9.8656
  9.8730   9.8781   9.8928   9.8997   9.9334   9.9476   9.9757   9.9909
 10.0044  10.0425  10.0616  10.0845  10.1315  10.1436  10.1666  10.1932
 10.2180  10.2379  10.2512  10.2533  10.2990  10.3296  10.3671  10.3970
 10.4304  10.4570  10.4767  10.4854  10.5148  10.5979  10.6126  10.6582
 10.7562  10.8480  10.8988  11.1376  11.4065  11.5909  11.6443  11.6842
 11.7999  11.8545  11.8814  11.9794  12.0145  12.1396  12.1920  12.2534
 12.3177  12.3586  12.5895  12.6669  12.7142  12.8213  12.8780  12.9711
 13.1866  13.3046  13.3079  13.4702  13.9618  14.5814  28.0000  28.3371
 28.5247  28.6176  28.8928  29.0012  29.0830  29.1258  29.1742  29.3920
 48.2202 147.1279 147.4397 147.6269 147.6951 147.9535 148.0654 148.1899
148.2289 148.2939 148.4735 253.2855
 --------------------------------------------------------------
 
          Ground-State Mulliken Net Atomic Charges

     Atom                 Charge (a.u.)    Spin (a.u.)
  --------------------------------------------------------
      1 C                    -0.188679       0.001257
      2 C                     0.123313       0.500470
      3 C                    -0.012309       0.358466
      4 C                    -0.164669      -0.000331
      5 O                    -0.355811       0.649961
      6 H                     0.091222       0.001399
      7 H                     0.081981       0.023292
      8 H                     0.085067       0.026804
      9 H                     0.051579       0.016221
     10 H                     0.066293       0.031936
     11 H                     0.080276       0.003988
     12 H                     0.065287       0.003044
     13 C                     0.029277      -0.058311
     14 C                     0.192881       0.190930
     15 C                    -0.134304       0.199785
     16 C                    -0.153268      -0.080032
     17 C                    -0.115906      -0.100053
     18 H                     0.058281      -0.005601
     19 C                    -0.108614       0.252249
     20 H                     0.062270      -0.000474
     21 H                     0.068757       0.001701
     22 H                     0.068547      -0.013191
     23 H                     0.108528      -0.003506
  --------------------------------------------------------
  Sum of atomic charges =     0.000000
  Sum of spin   charges =     2.000000

 -----------------------------------------------------------------
                    Cartesian Multipole Moments
 -----------------------------------------------------------------
    Charge (ESU x 10^10)
                 0.0000
    Dipole Moment (Debye)
         X      -0.1636      Y      -0.5435      Z      -0.0631
       Tot       0.5711
    Quadrupole Moments (Debye-Ang)
        XX     -62.2802     XY       6.1630     YY     -63.3281
        XZ       0.1340     YZ       0.4319     ZZ     -67.1897
    Octopole Moments (Debye-Ang^2)
       XXX     -17.5571    XXY     -17.8255    XYY      -0.3176
       YYY     -58.2899    XXZ      79.3350    XYZ      -6.9875
       YYZ      81.4857    XZZ      -0.0373    YZZ     -26.8820
       ZZZ     224.3016
    Hexadecapole Moments (Debye-Ang^3)
      XXXX    -516.4764   XXXY    -224.7031   XXYY    -205.2415
      XYYY    -219.1081   YYYY    -765.9385   XXXZ      63.2672
      XXYZ       0.2643   XYYZ      23.9042   YYYZ      23.5757
      XXZZ    -373.0143   XYZZ     -46.6527   YYZZ    -426.1099
      XZZZ      36.7449   YZZZ      39.4649   ZZZZ   -1641.5699
 -----------------------------------------------------------------
 Total job time:  176.85s(wall), 5080.52s(cpu) 
 Mon Jan 27 08:52:53 2025

        *************************************************************
        *                                                           *
        *  Thank you very much for using Q-Chem.  Have a nice day.  *
        *                                                           *
        *************************************************************


