
Running Job 1 of 2 methyl-doublet-wb97xd-B3PW91-readSCF.in
qchem methyl-doublet-wb97xd-B3PW91-readSCF.in_3944354.0 /expanse/lustre/scratch/whughes/temp_project/job_36179770/methyl-doublet-wb97xd-B3PW91-readSCF-36179770/ 0
/cm/shared/apps/spack/0.17.3/cpu/b/opt/spack/linux-rocky8-zen2/gcc-10.2.0/qchem-6.0-rytxnwjazd34ekd2gqyi5ufsaimxsd3r/exe/qcprog.exe_s methyl-doublet-wb97xd-B3PW91-readSCF.in_3944354.0 /expanse/lustre/scratch/whughes/temp_project/job_36179770/methyl-doublet-wb97xd-B3PW91-readSCF-36179770/
                  Welcome to Q-Chem
     A Quantum Leap Into The Future Of Chemistry


 Q-Chem 6.0, Q-Chem, Inc., Pleasanton, CA (2022)

 License issued to: University of California, San Diego (site)

 E. Epifanovsky,  A. T. B. Gilbert,  Xintian Feng,  Joonho Lee,  Yuezhi Mao,  
 N. Mardirossian,  P. Pokhilko,  A. White,  M. Wormit,  M. P. Coons,  
 A. L. Dempwolff,  Zhengting Gan,  D. Hait,  P. R. Horn,  L. D. Jacobson,  
 I. Kaliman,  J. Kussmann,  A. W. Lange,  Ka Un Lao,  D. S. Levine,  Jie Liu,  
 S. C. McKenzie,  A. F. Morrison,  K. Nanda,  F. Plasser,  D. R. Rehn,  
 M. L. Vidal,  Zhi-Qiang You,  Ying Zhu,  B. Alam,  B. Albrecht,  
 A. Aldossary,  E. Alguire,  J. H. Andersen,  V. Athavale,  D. Barton,  
 K. Begam,  A. Behn,  N. Bellonzi,  Y. A. Bernard,  E. J. Berquist,  
 H. Burton,  A. Carreras,  K. Carter-Fenk,  Romit Chakraborty,  
 Chandrima Chakravarty,  Junhan Chen,  A. D. Chien,  K. D. Closser,  
 V. Cofer-Shabica,  L. Cunha,  S. Dasgupta,  Jia Deng,  M. de Wergifosse,  
 M. Diedenhofen,  Hainam Do,  S. Ehlert,  Po-Tung Fang,  S. Fatehi,  
 Qingguo Feng,  T. Friedhoff,  B. Ganoe,  J. Gayvert,  Qinghui Ge,  
 G. Gidofalvi,  M. Goldey,  J. Gomes,  C. Gonzalez-Espinoza,  S. Gulania,  
 A. Gunina,  J. A. Gyamfi,  M. W. D. Hanson-Heine,  P. H. P. Harbach,  
 A. W. Hauser,  M. F. Herbst,  M. Hernandez Vera,  M. Hodecker,  
 Z. C. Holden,  S. Houck,  Xunkun Huang,  Kerwin Hui,  B. C. Huynh,  
 K. Ikeda,  M. Ivanov,  Hyunjun Ji,  Zuxin Jin,  Hanjie Jiang,  B. Kaduk,  
 S. Kaehler,  R. Kang,  K. Khistyaev,  Jaehoon Kim,  Yongbin Kim,  
 P. Klunzinger,  Z. Koczor-Benda,  Joong Hoon Koh,  D. Kosenkov,  
 Saikiran Kotaru,  L. Koulias,  T. Kowalczyk,  C. M. Krauter,  K. Kue,  
 A. Kunitsa,  T. Kus,  A. Landau,  K. V. Lawler,  D. Lefrancois,  S. Lehtola,  
 Rain Li,  Shaozhi Li,  Yi-Pei Li,  Jiashu Liang,  M. Liebenthal,  
 Hung-Hsuan Lin,  You-Sheng Lin,  Fenglai Liu,  Kuan-Yu Liu,  
 M. Loipersberger,  A. Luenser,  C. Malbon,  A. Manjanath,  P. Manohar,  
 E. Mansoor,  S. F. Manzer,  Shan-Ping Mao,  A. V. Marenich,  T. Markovich,  
 S. Mason,  F. Matz,  S. A. Maurer,  P. F. McLaughlin,  M. F. S. J. Menger,  
 J.-M. Mewes,  S. A. Mewes,  P. Morgante,  Mohammad Mostafanejad,  
 J. W. Mullinax,  K. J. Oosterbaan,  G. Paran,  V. Parravicini,  
 Alexander C. Paul,  Suranjan K. Paul,  F. Pavosevic,  Zheng Pei,  S. Prager,  
 E. I. Proynov,  E. Ramos,  B. Rana,  A. E. Rask,  A. Rettig,  R. M. Richard,  
 F. Rob,  E. Rossomme,  T. Scheele,  M. Scheurer,  M. Schneider,  
 P. E. Schneider,  N. Sergueev,  S. M. Sharada,  Hengyuan Shen,  
 W. Skomorowski,  D. W. Small,  C. J. Stein,  Yingli Su,  Yu-Chuan Su,  
 E. J. Sundstrom,  Zhen Tao,  J. Thirman,  Hung-Yi Tsai,  T. Tsuchimochi,  
 N. M. Tubman,  C. Utku,  S. P. Veccham,  O. Vydrov,  J. Wenzel,  
 Jonathan Wong,  J. Witte,  A. Yamada,  Chou-Hsun Yang,  Kun Yao,  
 S. Yeganeh,  S. R. Yost,  A. Zech,  F. Zeller,  Igor Ying Zhang,  
 Xing Zhang,  Yu Zhang,  D. Zuev,  A. Aspuru-Guzik,  A. T. Bell,  
 N. A. Besley,  K. B. Bravaya,  B. R. Brooks,  D. Casanova,  Jeng-Da Chai,  
 Hsing-Ta Chen,  S. Coriani,  C. J. Cramer,  A. E. DePrince, III,  
 R. A. DiStasio Jr.,  A. Dreuw,  B. D. Dunietz,  T. R. Furlani,  
 W. A. Goddard III,  S. Grimme,  S. Hammes-Schiffer,  T. Head-Gordon,  
 W. J. Hehre,  Chao-Ping Hsu,  T.-C. Jagau,  Yousung Jung,  A. Klamt,  
 Jing Kong,  D. S. Lambrecht,  Xiangyuan Li,  WanZhen Liang,  N. J. Mayhall,  
 C. W. McCurdy,  J. B. Neaton,  T. Neudecker,  C. Ochsenfeld,  
 J. A. Parkhill,  R. Peverati,  V. A. Rassolov,  Haisheng Ren,  Yihan Shao,  
 L. V. Slipchenko,  R. P. Steele,  J. E. Subotnik,  A. J. W. Thom,  
 A. Tkatchenko,  D. G. Truhlar,  T. Van Voorhis,  Fan Wang,  
 T. A. Wesolowski,  K. B. Whaley,  H. L. Woodcock III,  P. M. Zimmerman,  
 S. Faraji,  P. M. W. Gill,  M. Head-Gordon,  J. M. Herbert,  A. I. Krylov

 Contributors to earlier versions of Q-Chem not listed above: 
 R. D. Adamson,  B. Austin,  R. Baer,  J. Baker,  G. J. O. Beran,  
 K. Brandhorst,  S. T. Brown,  E. F. C. Byrd,  Arup K. Chakraborty,  
 G. K. L. Chan,  Chun-Min Chang,  Yunqing Chen,  C.-L. Cheng,  
 Siu Hung Chien,  D. M. Chipman,  D. L. Crittenden,  H. Dachsel,  
 R. J. Doerksen,  A. D. Dutoi,  R. G. Edgar,  J. Fosso-Tande,  
 L. Fusti-Molnar,  D. Ghosh,  A. Ghysels,  A. Golubeva-Zadorozhnaya,  
 J. Gonthier,  M. S. Gordon,  S. R. Gwaltney,  G. Hawkins,  J. E. Herr,  
 A. Heyden,  S. Hirata,  E. G. Hohenstein,  G. Kedziora,  F. J. Keil,  
 C. Kelley,  Jihan Kim,  R. A. King,  R. Z. Khaliullin,  P. P. Korambath,  
 W. Kurlancheek,  A. Laurent,  A. M. Lee,  M. S. Lee,  S. V. Levchenko,  
 Ching Yeh Lin,  D. Liotard,  E. Livshits,  R. C. Lochan,  I. Lotan,  
 L. A. Martinez-Martinez,  P. E. Maslen,  N. Nair,  D. P. O'Neill,  
 D. Neuhauser,  E. Neuscamman,  C. M. Oana,  R. Olivares-Amaya,  R. Olson,  
 T. M. Perrine,  B. Peters,  P. A. Pieniazek,  A. Prociuk,  Y. M. Rhee,  
 J. Ritchie,  M. A. Rohrdanz,  E. Rosta,  N. J. Russ,  H. F. Schaefer III,  
 M. W. Schmidt,  N. E. Schultz,  S. Sharma,  N. Shenvi,  C. D. Sherrill,  
 A. C. Simmonett,  A. Sodt,  T. Stein,  D. Stuck,  K. S. Thanthiriwatte,  
 V. Vanovschi,  L. Vogt,  Tao Wang,  A. Warshel,  M. A. Watson,  
 C. F. Williams,  Q. Wu,  X. Xu,  Jun Yang,  W. Zhang,  Yan Zhao

   Please cite Q-Chem as follows:
  "Software for the frontiers of quantum chemistry:
   An overview of developments in the Q-Chem 5 package"
   J. Chem. Phys. 155, 084801 (2021)
   https://doi.org/10.1063/5.0055522 (open access)

 Q-Chem 6.0.2 for Intel X86 EM64T Linux

 Parts of Q-Chem use Armadillo 9.900.5 (Nocturnal Misbehaviour).
 http://arma.sourceforge.net/

 Q-Chem begins on Mon Jan  6 15:54:13 2025  

 Host: 
0

     Scratch files written to /expanse/lustre/scratch/whughes/temp_project/job_36179770/methyl-doublet-wb97xd-B3PW91-readSCF-36179770//
 Dec722 |scratch|qcdevops|jenkins|workspace|build_RNUM    
 Processing $rem in /cm/shared/apps/spack/0.17.3/cpu/b/opt/spack/linux-rocky8-zen2/gcc-10.2.0/qchem-6.0-rytxnwjazd34ekd2gqyi5ufsaimxsd3r/config/preferences:
 Processing $rem in /home/whughes/.qchemrc:

 Checking the input file for inconsistencies... 	...done.

--------------------------------------------------------------
User input:
--------------------------------------------------------------
$molecule
0 2
C    -0.0000696634   0.0000038474    -0.0000431851
H    0.2875149257    0.8842415719    -0.5482662154
H    0.2846504507    -0.9761006523   -0.3624061917
H    -0.5720957129   0.0918552331    0.9107165923
$end

$rem
METHOD      M06
BASIS       def2-QZVPP
SYM_IGNORE   TRUE
DFT_D       D4
MAX_SCF_CYCLES 300
$end

--------------------------------------------------------------
 Adding empirical dispersion correction 
 ----------------------------------------------------------------
 Doing -D4(0) with M06 parameters:
 s6  =   1.00000
 s8  =   0.16367
 s10 =   0.00000
 s9 =   1.00000
 a1  =   0.53456
 a2  =   6.06192
 -D4 energy including 3body term = -0.0000952781 hartrees
 ----------------------------------------------------------------
             Standard Nuclear Orientation (Angstroms)
    I     Atom           X                Y                Z
 ----------------------------------------------------------------
    1      C      -0.0000696634     0.0000038474    -0.0000431851
    2      H       0.2875149257     0.8842415719    -0.5482662154
    3      H       0.2846504507    -0.9761006523    -0.3624061917
    4      H      -0.5720957129     0.0918552331     0.9107165923
 ----------------------------------------------------------------
 Nuclear Repulsion Energy =           9.67342499 hartrees
 There are        5 alpha and        4 beta electrons
 Requested basis set is def2-QZVPP
 There are 47 shells and 147 basis functions

 Total QAlloc Memory Limit   8000 MB
 Mega-Array Size       188 MB
 MEM_STATIC part       192 MB


                       Distance Matrix (Angstroms)
             C (  1)   H (  2)   H (  3)
   H (  2)  1.079412
   H (  3)  1.079422  1.869606
   H (  4)  1.079414  1.869609  1.869595
 
 A cutoff of  1.0D-09 yielded   1128 shell pairs
 There are     11148 function pairs (     16257 Cartesian)
 Smallest overlap matrix eigenvalue = 1.89E-04

 Scale SEOQF with 1.000000e+00/1.000000e+00/1.000000e+00

 Standard Electronic Orientation quadrupole field applied
 Guess from superposition of atomic densities
 Warning:  Energy on first SCF cycle will be non-variational
 SAD guess density has 9.000000 electrons

 -----------------------------------------------------------------------
  General SCF calculation program by
  Eric Jon Sundstrom, Paul Horn, Yuezhi Mao, Dmitri Zuev, Alec White,
  David Stuck, Shaama M.S., Shane Yost, Joonho Lee, David Small,
  Daniel Levine, Susi Lehtola, Hugh Burton, Evgeny Epifanovsky,
  Bang C. Huynh
 -----------------------------------------------------------------------
 Exchange:     0.2700 Hartree-Fock + 1.0000 M06
 Correlation:  1.0000 M06
 Using SG-3 standard quadrature grid
 Dispersion:   Grimme D4
 using 32 threads for integral computing
 -------------------------------------------------------
 OpenMP Integral computing Module                
 Release: version 1.0, May 2013, Q-Chem Inc. Pittsburgh 
 -------------------------------------------------------
 A unrestricted SCF calculation will be
 performed using DIIS
 SCF converges when DIIS error is below 1.0e-05
 ---------------------------------------
  Cycle       Energy         DIIS error
 ---------------------------------------
    1     -39.7239600118      9.96e-03  
    2     -39.7920166686      1.65e-03  
    3     -39.7979046737      1.46e-03  
    4     -39.8207358443      1.65e-04  
    5     -39.8209453644      4.93e-05  
    6     -39.8209659946      1.16e-05  
    7     -39.8209682567      3.01e-06  Convergence criterion met
 ---------------------------------------
 SCF time:   CPU 73.06s  wall 2.00s 
<S^2> =          0.755241303
 SCF   energy in the final basis set =      -39.8209682567
 Total energy in the final basis set =      -39.8209682567
 
 --------------------------------------------------------------
 
                    Orbital Energies (a.u.)
 --------------------------------------------------------------
 
 Alpha MOs
 -- Occupied --
-10.2475  -0.6996  -0.4354  -0.4352  -0.2403
 -- Virtual --
  0.0137   0.0676   0.0677   0.1124   0.1125   0.1257   0.2280   0.3053
  0.3112   0.3116   0.4149   0.4151   0.5750   0.5753   0.5895   0.6167
  0.6871   0.7221   0.7223   0.7489   0.7536   0.7536   0.8034   0.8987
  0.8989   1.0652   1.1178   1.1180   1.2094   1.2096   1.6397   1.6399
  1.6498   1.7217   1.8244   1.8248   1.8565   1.8566   1.8789   1.9102
  1.9912   2.0650   2.0651   2.2454   2.2456   2.3507   2.3726   2.3787
  2.3790   2.4613   2.4616   2.4992   2.5931   2.5953   2.5955   2.7022
  2.7473   2.7473   3.0266   3.1866   3.1871   3.3174   3.3177   3.4145
  3.5135   3.6703   3.6717   3.7879   3.7901   3.9816   4.9889   5.0566
  5.0584   5.0790   5.1809   5.1813   5.4341   5.4344   5.4671   5.4686
  5.6683   5.6733   5.7184   5.7804   5.8956   5.9057   5.9065   5.9760
  5.9816   6.2280   6.2410   6.2613   6.3680   6.5724   6.5871   6.6131
  6.6148   6.7434   6.9327   6.9470   7.0872   7.0898   7.2400   7.2494
  7.3231   7.3967   7.4094   7.4236   7.4280   7.4490   7.4972   7.8716
  8.0114   8.0797   8.1100   8.1252   8.1818   8.1828   8.1856   8.1879
  8.2538   8.2568   8.2712   8.5701   8.7660   8.8088   8.9576   8.9777
  9.3658   9.3870   9.6269   9.7163   9.7178   9.7763  10.2220  10.8938
 10.9008  11.1045  11.1492  13.0249  28.7729 147.3158
 
 Beta MOs
 -- Occupied --
-10.2357  -0.6477  -0.4204  -0.4202
 -- Virtual --
 -0.0586   0.0209   0.0725   0.0726   0.1166   0.1167   0.1783   0.2481
  0.3048   0.3053   0.3257   0.4117   0.4117   0.5769   0.5772   0.5912
  0.6014   0.7203   0.7341   0.7342   0.7499   0.7499   0.7860   0.8126
  0.8767   0.8770   1.0459   1.1085   1.1087   1.1815   1.1820   1.6530
  1.6534   1.6970   1.7210   1.7968   1.7976   1.8572   1.8677   1.8678
  1.9014   1.9701   2.0550   2.0556   2.2243   2.2246   2.3254   2.3569
  2.3571   2.3868   2.4394   2.4397   2.5644   2.5697   2.5787   2.5788
  2.6802   2.7215   2.7216   3.0656   3.1809   3.1823   3.3265   3.3271
  3.4273   3.4851   3.6376   3.6400   3.7776   3.7803   3.8898   5.0321
  5.0343   5.0369   5.0382   5.0447   5.1315   5.1804   5.3933   5.4030
  5.4048   5.6665   5.6721   5.7181   5.7227   5.8662   5.8671   5.8878
  5.8936   5.9042   6.1187   6.1350   6.2615   6.2685   6.5043   6.5135
  6.6545   6.6570   6.7921   6.8192   6.8661   7.0600   7.0617   7.1970
  7.2042   7.2951   7.3429   7.3551   7.3813   7.3988   7.4080   7.4545
  7.8730   7.9765   8.0091   8.0250   8.0429   8.1258   8.1378   8.1409
  8.1490   8.1930   8.1955   8.2251   8.4823   8.5853   8.7153   8.7269
  8.8171   8.9201   9.1161   9.1397   9.6521   9.6548   9.7771  10.2301
 10.4795  10.4934  10.8375  10.8716  12.6412  28.7191 147.3010
 --------------------------------------------------------------
 
          Ground-State Mulliken Net Atomic Charges

     Atom                 Charge (a.u.)    Spin (a.u.)
  --------------------------------------------------------
      1 C                    -0.293288       1.031558
      2 H                     0.084420      -0.010239
      3 H                     0.113933      -0.010521
      4 H                     0.094935      -0.010797
  --------------------------------------------------------
  Sum of atomic charges =    -0.000000
  Sum of spin   charges =     1.000000

 -----------------------------------------------------------------
                    Cartesian Multipole Moments
 -----------------------------------------------------------------
    Charge (ESU x 10^10)
                 0.0000
    Dipole Moment (Debye)
         X       0.0007      Y       0.0020      Z      -0.0037
       Tot       0.0043
    Quadrupole Moments (Debye-Ang)
        XX      -8.4902     XY      -0.0795     YY      -7.2039
        XZ      -0.8122     YZ      -0.0494     ZZ      -7.6973
    Octopole Moments (Debye-Ang^2)
       XXX      -0.1319    XXY       0.0236    XYY       0.4600
       YYY      -0.2155    XXZ       0.2102    XYZ      -0.0811
       YYZ      -0.7161    XZZ      -0.3257    YZZ       0.2012
       ZZZ       0.5009
    Hexadecapole Moments (Debye-Ang^3)
      XXXX     -12.7884   XXXY       0.0955   XXYY      -4.7848
      XYYY       0.0198   YYYY     -14.6968   XXXZ       0.9786
      XXYZ       0.0516   XYYZ       0.0662   YYYZ       0.0103
      XXZZ      -4.2584   XYZZ       0.0361   YYZZ      -4.8516
      XZZZ       0.4976   YZZZ       0.0286   ZZZZ     -14.2578
 -----------------------------------------------------------------
 Total job time:  3.37s(wall), 89.44s(cpu) 
 Mon Jan  6 15:54:16 2025

        *************************************************************
        *                                                           *
        *  Thank you very much for using Q-Chem.  Have a nice day.  *
        *                                                           *
        *************************************************************



Running Job 2 of 2 methyl-doublet-wb97xd-B3PW91-readSCF.in
qchem methyl-doublet-wb97xd-B3PW91-readSCF.in_3944354.1 /expanse/lustre/scratch/whughes/temp_project/job_36179770/methyl-doublet-wb97xd-B3PW91-readSCF-36179770/ 0
/cm/shared/apps/spack/0.17.3/cpu/b/opt/spack/linux-rocky8-zen2/gcc-10.2.0/qchem-6.0-rytxnwjazd34ekd2gqyi5ufsaimxsd3r/exe/qcprog.exe_s methyl-doublet-wb97xd-B3PW91-readSCF.in_3944354.1 /expanse/lustre/scratch/whughes/temp_project/job_36179770/methyl-doublet-wb97xd-B3PW91-readSCF-36179770/
                  Welcome to Q-Chem
     A Quantum Leap Into The Future Of Chemistry


 Q-Chem 6.0, Q-Chem, Inc., Pleasanton, CA (2022)

 License issued to: University of California, San Diego (site)

 E. Epifanovsky,  A. T. B. Gilbert,  Xintian Feng,  Joonho Lee,  Yuezhi Mao,  
 N. Mardirossian,  P. Pokhilko,  A. White,  M. Wormit,  M. P. Coons,  
 A. L. Dempwolff,  Zhengting Gan,  D. Hait,  P. R. Horn,  L. D. Jacobson,  
 I. Kaliman,  J. Kussmann,  A. W. Lange,  Ka Un Lao,  D. S. Levine,  Jie Liu,  
 S. C. McKenzie,  A. F. Morrison,  K. Nanda,  F. Plasser,  D. R. Rehn,  
 M. L. Vidal,  Zhi-Qiang You,  Ying Zhu,  B. Alam,  B. Albrecht,  
 A. Aldossary,  E. Alguire,  J. H. Andersen,  V. Athavale,  D. Barton,  
 K. Begam,  A. Behn,  N. Bellonzi,  Y. A. Bernard,  E. J. Berquist,  
 H. Burton,  A. Carreras,  K. Carter-Fenk,  Romit Chakraborty,  
 Chandrima Chakravarty,  Junhan Chen,  A. D. Chien,  K. D. Closser,  
 V. Cofer-Shabica,  L. Cunha,  S. Dasgupta,  Jia Deng,  M. de Wergifosse,  
 M. Diedenhofen,  Hainam Do,  S. Ehlert,  Po-Tung Fang,  S. Fatehi,  
 Qingguo Feng,  T. Friedhoff,  B. Ganoe,  J. Gayvert,  Qinghui Ge,  
 G. Gidofalvi,  M. Goldey,  J. Gomes,  C. Gonzalez-Espinoza,  S. Gulania,  
 A. Gunina,  J. A. Gyamfi,  M. W. D. Hanson-Heine,  P. H. P. Harbach,  
 A. W. Hauser,  M. F. Herbst,  M. Hernandez Vera,  M. Hodecker,  
 Z. C. Holden,  S. Houck,  Xunkun Huang,  Kerwin Hui,  B. C. Huynh,  
 K. Ikeda,  M. Ivanov,  Hyunjun Ji,  Zuxin Jin,  Hanjie Jiang,  B. Kaduk,  
 S. Kaehler,  R. Kang,  K. Khistyaev,  Jaehoon Kim,  Yongbin Kim,  
 P. Klunzinger,  Z. Koczor-Benda,  Joong Hoon Koh,  D. Kosenkov,  
 Saikiran Kotaru,  L. Koulias,  T. Kowalczyk,  C. M. Krauter,  K. Kue,  
 A. Kunitsa,  T. Kus,  A. Landau,  K. V. Lawler,  D. Lefrancois,  S. Lehtola,  
 Rain Li,  Shaozhi Li,  Yi-Pei Li,  Jiashu Liang,  M. Liebenthal,  
 Hung-Hsuan Lin,  You-Sheng Lin,  Fenglai Liu,  Kuan-Yu Liu,  
 M. Loipersberger,  A. Luenser,  C. Malbon,  A. Manjanath,  P. Manohar,  
 E. Mansoor,  S. F. Manzer,  Shan-Ping Mao,  A. V. Marenich,  T. Markovich,  
 S. Mason,  F. Matz,  S. A. Maurer,  P. F. McLaughlin,  M. F. S. J. Menger,  
 J.-M. Mewes,  S. A. Mewes,  P. Morgante,  Mohammad Mostafanejad,  
 J. W. Mullinax,  K. J. Oosterbaan,  G. Paran,  V. Parravicini,  
 Alexander C. Paul,  Suranjan K. Paul,  F. Pavosevic,  Zheng Pei,  S. Prager,  
 E. I. Proynov,  E. Ramos,  B. Rana,  A. E. Rask,  A. Rettig,  R. M. Richard,  
 F. Rob,  E. Rossomme,  T. Scheele,  M. Scheurer,  M. Schneider,  
 P. E. Schneider,  N. Sergueev,  S. M. Sharada,  Hengyuan Shen,  
 W. Skomorowski,  D. W. Small,  C. J. Stein,  Yingli Su,  Yu-Chuan Su,  
 E. J. Sundstrom,  Zhen Tao,  J. Thirman,  Hung-Yi Tsai,  T. Tsuchimochi,  
 N. M. Tubman,  C. Utku,  S. P. Veccham,  O. Vydrov,  J. Wenzel,  
 Jonathan Wong,  J. Witte,  A. Yamada,  Chou-Hsun Yang,  Kun Yao,  
 S. Yeganeh,  S. R. Yost,  A. Zech,  F. Zeller,  Igor Ying Zhang,  
 Xing Zhang,  Yu Zhang,  D. Zuev,  A. Aspuru-Guzik,  A. T. Bell,  
 N. A. Besley,  K. B. Bravaya,  B. R. Brooks,  D. Casanova,  Jeng-Da Chai,  
 Hsing-Ta Chen,  S. Coriani,  C. J. Cramer,  A. E. DePrince, III,  
 R. A. DiStasio Jr.,  A. Dreuw,  B. D. Dunietz,  T. R. Furlani,  
 W. A. Goddard III,  S. Grimme,  S. Hammes-Schiffer,  T. Head-Gordon,  
 W. J. Hehre,  Chao-Ping Hsu,  T.-C. Jagau,  Yousung Jung,  A. Klamt,  
 Jing Kong,  D. S. Lambrecht,  Xiangyuan Li,  WanZhen Liang,  N. J. Mayhall,  
 C. W. McCurdy,  J. B. Neaton,  T. Neudecker,  C. Ochsenfeld,  
 J. A. Parkhill,  R. Peverati,  V. A. Rassolov,  Haisheng Ren,  Yihan Shao,  
 L. V. Slipchenko,  R. P. Steele,  J. E. Subotnik,  A. J. W. Thom,  
 A. Tkatchenko,  D. G. Truhlar,  T. Van Voorhis,  Fan Wang,  
 T. A. Wesolowski,  K. B. Whaley,  H. L. Woodcock III,  P. M. Zimmerman,  
 S. Faraji,  P. M. W. Gill,  M. Head-Gordon,  J. M. Herbert,  A. I. Krylov

 Contributors to earlier versions of Q-Chem not listed above: 
 R. D. Adamson,  B. Austin,  R. Baer,  J. Baker,  G. J. O. Beran,  
 K. Brandhorst,  S. T. Brown,  E. F. C. Byrd,  Arup K. Chakraborty,  
 G. K. L. Chan,  Chun-Min Chang,  Yunqing Chen,  C.-L. Cheng,  
 Siu Hung Chien,  D. M. Chipman,  D. L. Crittenden,  H. Dachsel,  
 R. J. Doerksen,  A. D. Dutoi,  R. G. Edgar,  J. Fosso-Tande,  
 L. Fusti-Molnar,  D. Ghosh,  A. Ghysels,  A. Golubeva-Zadorozhnaya,  
 J. Gonthier,  M. S. Gordon,  S. R. Gwaltney,  G. Hawkins,  J. E. Herr,  
 A. Heyden,  S. Hirata,  E. G. Hohenstein,  G. Kedziora,  F. J. Keil,  
 C. Kelley,  Jihan Kim,  R. A. King,  R. Z. Khaliullin,  P. P. Korambath,  
 W. Kurlancheek,  A. Laurent,  A. M. Lee,  M. S. Lee,  S. V. Levchenko,  
 Ching Yeh Lin,  D. Liotard,  E. Livshits,  R. C. Lochan,  I. Lotan,  
 L. A. Martinez-Martinez,  P. E. Maslen,  N. Nair,  D. P. O'Neill,  
 D. Neuhauser,  E. Neuscamman,  C. M. Oana,  R. Olivares-Amaya,  R. Olson,  
 T. M. Perrine,  B. Peters,  P. A. Pieniazek,  A. Prociuk,  Y. M. Rhee,  
 J. Ritchie,  M. A. Rohrdanz,  E. Rosta,  N. J. Russ,  H. F. Schaefer III,  
 M. W. Schmidt,  N. E. Schultz,  S. Sharma,  N. Shenvi,  C. D. Sherrill,  
 A. C. Simmonett,  A. Sodt,  T. Stein,  D. Stuck,  K. S. Thanthiriwatte,  
 V. Vanovschi,  L. Vogt,  Tao Wang,  A. Warshel,  M. A. Watson,  
 C. F. Williams,  Q. Wu,  X. Xu,  Jun Yang,  W. Zhang,  Yan Zhao

   Please cite Q-Chem as follows:
  "Software for the frontiers of quantum chemistry:
   An overview of developments in the Q-Chem 5 package"
   J. Chem. Phys. 155, 084801 (2021)
   https://doi.org/10.1063/5.0055522 (open access)

 Q-Chem 6.0.2 for Intel X86 EM64T Linux

 Parts of Q-Chem use Armadillo 9.900.5 (Nocturnal Misbehaviour).
 http://arma.sourceforge.net/

 Q-Chem begins on Mon Jan  6 15:54:17 2025  

 Host: 
0

     Scratch files written to /expanse/lustre/scratch/whughes/temp_project/job_36179770/methyl-doublet-wb97xd-B3PW91-readSCF-36179770//
 Dec722 |scratch|qcdevops|jenkins|workspace|build_RNUM    
 Processing $rem in /cm/shared/apps/spack/0.17.3/cpu/b/opt/spack/linux-rocky8-zen2/gcc-10.2.0/qchem-6.0-rytxnwjazd34ekd2gqyi5ufsaimxsd3r/config/preferences:
 Processing $rem in /home/whughes/.qchemrc:

 Checking the input file for inconsistencies... 	...done.

--------------------------------------------------------------
User input:
--------------------------------------------------------------

$molecule
0 2
C    -0.0000696634   0.0000038474    -0.0000431851
H    0.2875149257    0.8842415719    -0.5482662154
H    0.2846504507    -0.9761006523   -0.3624061917
H    -0.5720957129   0.0918552331    0.9107165923
$end

$rem
METHOD      B3PW91
BASIS       def2-QZVPP
SYM_IGNORE   TRUE
DFT_D       D4
SCF_GUESS   read
MAX_SCF_CYCLES 300
$end
--------------------------------------------------------------
 Adding empirical dispersion correction 
 ----------------------------------------------------------------
 Doing -D4(0) with B3PW parameters:
 s6  =   1.00000
 s8  =   2.88364
 s10 =   0.00000
 s9 =   1.00000
 a1  =   0.46991
 a2  =   4.51641
 -D4 energy including 3body term = -0.0008776105 hartrees
 ----------------------------------------------------------------
             Standard Nuclear Orientation (Angstroms)
    I     Atom           X                Y                Z
 ----------------------------------------------------------------
    1      C      -0.0000696634     0.0000038474    -0.0000431851
    2      H       0.2875149257     0.8842415719    -0.5482662154
    3      H       0.2846504507    -0.9761006523    -0.3624061917
    4      H      -0.5720957129     0.0918552331     0.9107165923
 ----------------------------------------------------------------
 Nuclear Repulsion Energy =           9.67264265 hartrees
 There are        5 alpha and        4 beta electrons
 Requested basis set is def2-QZVPP
 There are 47 shells and 147 basis functions

 Total QAlloc Memory Limit   8000 MB
 Mega-Array Size       188 MB
 MEM_STATIC part       192 MB


                       Distance Matrix (Angstroms)
             C (  1)   H (  2)   H (  3)
   H (  2)  1.079412
   H (  3)  1.079422  1.869606
   H (  4)  1.079414  1.869609  1.869595
 
 A cutoff of  1.0D-09 yielded   1128 shell pairs
 There are     11148 function pairs (     16257 Cartesian)
 Smallest overlap matrix eigenvalue = 1.89E-04

 Scale SEOQF with 1.000000e+00/1.000000e+00/1.000000e+00

 Standard Electronic Orientation quadrupole field applied
 Guess MOs from SCF MO coefficient file

 -----------------------------------------------------------------------
  General SCF calculation program by
  Eric Jon Sundstrom, Paul Horn, Yuezhi Mao, Dmitri Zuev, Alec White,
  David Stuck, Shaama M.S., Shane Yost, Joonho Lee, David Small,
  Daniel Levine, Susi Lehtola, Hugh Burton, Evgeny Epifanovsky,
  Bang C. Huynh
 -----------------------------------------------------------------------
 Exchange:     0.2000 Hartree-Fock + 0.0800 Slater + 0.7200 B88
 Correlation:  0.1900 PW92 + 0.8100 PW91
 Using SG-1 standard quadrature grid
 Dispersion:   Grimme D4
 using 32 threads for integral computing
 -------------------------------------------------------
 OpenMP Integral computing Module                
 Release: version 1.0, May 2013, Q-Chem Inc. Pittsburgh 
 -------------------------------------------------------
 A unrestricted SCF calculation will be
 performed using DIIS
 SCF converges when DIIS error is below 1.0e-05
 ---------------------------------------
  Cycle       Energy         DIIS error
 ---------------------------------------
    1     -39.8437552580      1.29e-03  
    2     -39.8464869944      4.90e-05  
    3     -39.8465118645      1.76e-05  
    4     -39.8465147884      1.09e-05  
    5     -39.8465163628      1.24e-06  Convergence criterion met
 ---------------------------------------
 SCF time:   CPU 25.70s  wall 1.00s 
<S^2> =          0.754475754
 SCF   energy in the final basis set =      -39.8465163628
 Total energy in the final basis set =      -39.8465163628
 
 --------------------------------------------------------------
 
                    Orbital Energies (a.u.)
 --------------------------------------------------------------
 
 Alpha MOs
 -- Occupied --
-10.1759  -0.6934  -0.4256  -0.4256  -0.2416
 -- Virtual --
  0.0393   0.1053   0.1053   0.1415   0.1415   0.1460   0.2289   0.3476
  0.3476   0.3490   0.4094   0.4094   0.6138   0.6139   0.6155   0.6334
  0.7177   0.7618   0.7618   0.7755   0.7771   0.7771   0.8490   0.9323
  0.9323   1.1061   1.1691   1.1692   1.2662   1.2663   1.6505   1.6505
  1.6757   1.7414   1.8431   1.8432   1.8598   1.8598   1.8852   1.9139
  2.0147   2.0901   2.0901   2.2921   2.2921   2.3754   2.4102   2.4137
  2.4137   2.5135   2.5135   2.5632   2.6599   2.6599   2.6898   2.7644
  2.7999   2.7999   3.0530   3.2330   3.2331   3.3798   3.3798   3.4691
  3.5582   3.7381   3.7381   3.8543   3.8543   4.0432   5.0391   5.1117
  5.1117   5.1433   5.2199   5.2200   5.4949   5.4949   5.5258   5.5359
  5.7309   5.7310   5.8228   5.8509   5.9380   5.9486   5.9486   6.0265
  6.0266   6.3330   6.3444   6.3446   6.4309   6.6660   6.6660   6.6686
  6.6688   6.8367   7.0419   7.0420   7.1583   7.1583   7.3600   7.3601
  7.4111   7.4904   7.5000   7.5002   7.5343   7.5344   7.5837   7.9204
  8.1108   8.1364   8.1549   8.1550   8.2092   8.2094   8.2254   8.2257
  8.3097   8.4161   8.4162   8.7111   8.8101   8.9898   9.0937   9.0939
  9.4549   9.4551   9.7268   9.8528   9.8528   9.9400  10.3404  11.0497
 11.0503  11.3696  11.3697  13.2945  28.6989 147.7430
 
 Beta MOs
 -- Occupied --
-10.1607  -0.6504  -0.4150  -0.4150
 -- Virtual --
 -0.0674   0.0476   0.1082   0.1083   0.1450   0.1451   0.1894   0.2675
  0.3535   0.3535   0.3674   0.4401   0.4401   0.6186   0.6186   0.6316
  0.6484   0.7522   0.7863   0.7863   0.7968   0.7968   0.8383   0.8631
  0.9344   0.9344   1.1241   1.1836   1.1836   1.2738   1.2738   1.6946
  1.6947   1.7304   1.7421   1.8542   1.8542   1.8875   1.8875   1.9346
  1.9395   2.0198   2.1222   2.1223   2.3009   2.3009   2.3970   2.4289
  2.4290   2.4309   2.5118   2.5118   2.6172   2.6680   2.6681   2.6875
  2.7655   2.8161   2.8162   3.0905   3.2387   3.2387   3.4173   3.4173
  3.5104   3.5974   3.7481   3.7481   3.8634   3.8634   4.0522   5.0890
  5.1354   5.1354   5.1613   5.2692   5.2692   5.5300   5.5301   5.5350
  5.5879   5.7806   5.7807   5.8468   5.8634   5.9365   5.9576   5.9576
  6.0309   6.0310   6.3543   6.3568   6.3570   6.4441   6.6765   6.6766
  6.7308   6.7312   6.9185   7.0477   7.0478   7.1661   7.1662   7.3563
  7.3564   7.4199   7.4900   7.5136   7.5138   7.5468   7.5469   7.6047
  7.9259   8.1078   8.1345   8.1594   8.1595   8.2075   8.2077   8.2230
  8.2232   8.3231   8.4198   8.4199   8.7157   8.8237   8.9849   9.0952
  9.0954   9.4532   9.4533   9.7293   9.8739   9.8740   9.9798  10.3425
 11.0558  11.0564  11.3749  11.3749  13.3134  28.7283 147.7511
 --------------------------------------------------------------
 
          Ground-State Mulliken Net Atomic Charges

     Atom                 Charge (a.u.)    Spin (a.u.)
  --------------------------------------------------------
      1 C                    -0.249051       1.162022
      2 H                     0.082976      -0.053942
      3 H                     0.083053      -0.054040
      4 H                     0.083022      -0.054039
  --------------------------------------------------------
  Sum of atomic charges =    -0.000000
  Sum of spin   charges =     1.000000

 -----------------------------------------------------------------
                    Cartesian Multipole Moments
 -----------------------------------------------------------------
    Charge (ESU x 10^10)
                 0.0000
    Dipole Moment (Debye)
         X       0.0001      Y      -0.0000      Z      -0.0001
       Tot       0.0002
    Quadrupole Moments (Debye-Ang)
        XX      -8.5245     XY      -0.0808     YY      -7.1955
        XZ      -0.8298     YZ      -0.0503     ZZ      -7.7067
    Octopole Moments (Debye-Ang^2)
       XXX      -0.1363    XXY       0.0235    XYY       0.4809
       YYY      -0.2327    XXZ       0.2187    XYZ      -0.0846
       YYZ      -0.7493    XZZ      -0.3427    YZZ       0.2091
       ZZZ       0.5315
    Hexadecapole Moments (Debye-Ang^3)
      XXXX     -12.9517   XXXY       0.0964   XXYY      -4.8415
      XYYY       0.0194   YYYY     -14.8518   XXXZ       0.9882
      XXYZ       0.0520   XYYZ       0.0680   YYYZ       0.0121
      XXZZ      -4.3130   XYZZ       0.0363   YYZZ      -4.9087
      XZZZ       0.5022   YZZZ       0.0306   ZZZZ     -14.4198
 -----------------------------------------------------------------
 Total job time:  1.25s(wall), 32.63s(cpu) 
 Mon Jan  6 15:54:18 2025

        *************************************************************
        *                                                           *
        *  Thank you very much for using Q-Chem.  Have a nice day.  *
        *                                                           *
        *************************************************************


