
Running Job 1 of 2 methane-neutral-wb97xd-B3PW91-readSCF.in
qchem methane-neutral-wb97xd-B3PW91-readSCF.in_3543755.0 /expanse/lustre/scratch/whughes/temp_project/job_36179682/methane-neutral-wb97xd-B3PW91-readSCF-36179682/ 0
/cm/shared/apps/spack/0.17.3/cpu/b/opt/spack/linux-rocky8-zen2/gcc-10.2.0/qchem-6.0-rytxnwjazd34ekd2gqyi5ufsaimxsd3r/exe/qcprog.exe_s methane-neutral-wb97xd-B3PW91-readSCF.in_3543755.0 /expanse/lustre/scratch/whughes/temp_project/job_36179682/methane-neutral-wb97xd-B3PW91-readSCF-36179682/
                  Welcome to Q-Chem
     A Quantum Leap Into The Future Of Chemistry


 Q-Chem 6.0, Q-Chem, Inc., Pleasanton, CA (2022)

 License issued to: University of California, San Diego (site)

 E. Epifanovsky,  A. T. B. Gilbert,  Xintian Feng,  Joonho Lee,  Yuezhi Mao,  
 N. Mardirossian,  P. Pokhilko,  A. White,  M. Wormit,  M. P. Coons,  
 A. L. Dempwolff,  Zhengting Gan,  D. Hait,  P. R. Horn,  L. D. Jacobson,  
 I. Kaliman,  J. Kussmann,  A. W. Lange,  Ka Un Lao,  D. S. Levine,  Jie Liu,  
 S. C. McKenzie,  A. F. Morrison,  K. Nanda,  F. Plasser,  D. R. Rehn,  
 M. L. Vidal,  Zhi-Qiang You,  Ying Zhu,  B. Alam,  B. Albrecht,  
 A. Aldossary,  E. Alguire,  J. H. Andersen,  V. Athavale,  D. Barton,  
 K. Begam,  A. Behn,  N. Bellonzi,  Y. A. Bernard,  E. J. Berquist,  
 H. Burton,  A. Carreras,  K. Carter-Fenk,  Romit Chakraborty,  
 Chandrima Chakravarty,  Junhan Chen,  A. D. Chien,  K. D. Closser,  
 V. Cofer-Shabica,  L. Cunha,  S. Dasgupta,  Jia Deng,  M. de Wergifosse,  
 M. Diedenhofen,  Hainam Do,  S. Ehlert,  Po-Tung Fang,  S. Fatehi,  
 Qingguo Feng,  T. Friedhoff,  B. Ganoe,  J. Gayvert,  Qinghui Ge,  
 G. Gidofalvi,  M. Goldey,  J. Gomes,  C. Gonzalez-Espinoza,  S. Gulania,  
 A. Gunina,  J. A. Gyamfi,  M. W. D. Hanson-Heine,  P. H. P. Harbach,  
 A. W. Hauser,  M. F. Herbst,  M. Hernandez Vera,  M. Hodecker,  
 Z. C. Holden,  S. Houck,  Xunkun Huang,  Kerwin Hui,  B. C. Huynh,  
 K. Ikeda,  M. Ivanov,  Hyunjun Ji,  Zuxin Jin,  Hanjie Jiang,  B. Kaduk,  
 S. Kaehler,  R. Kang,  K. Khistyaev,  Jaehoon Kim,  Yongbin Kim,  
 P. Klunzinger,  Z. Koczor-Benda,  Joong Hoon Koh,  D. Kosenkov,  
 Saikiran Kotaru,  L. Koulias,  T. Kowalczyk,  C. M. Krauter,  K. Kue,  
 A. Kunitsa,  T. Kus,  A. Landau,  K. V. Lawler,  D. Lefrancois,  S. Lehtola,  
 Rain Li,  Shaozhi Li,  Yi-Pei Li,  Jiashu Liang,  M. Liebenthal,  
 Hung-Hsuan Lin,  You-Sheng Lin,  Fenglai Liu,  Kuan-Yu Liu,  
 M. Loipersberger,  A. Luenser,  C. Malbon,  A. Manjanath,  P. Manohar,  
 E. Mansoor,  S. F. Manzer,  Shan-Ping Mao,  A. V. Marenich,  T. Markovich,  
 S. Mason,  F. Matz,  S. A. Maurer,  P. F. McLaughlin,  M. F. S. J. Menger,  
 J.-M. Mewes,  S. A. Mewes,  P. Morgante,  Mohammad Mostafanejad,  
 J. W. Mullinax,  K. J. Oosterbaan,  G. Paran,  V. Parravicini,  
 Alexander C. Paul,  Suranjan K. Paul,  F. Pavosevic,  Zheng Pei,  S. Prager,  
 E. I. Proynov,  E. Ramos,  B. Rana,  A. E. Rask,  A. Rettig,  R. M. Richard,  
 F. Rob,  E. Rossomme,  T. Scheele,  M. Scheurer,  M. Schneider,  
 P. E. Schneider,  N. Sergueev,  S. M. Sharada,  Hengyuan Shen,  
 W. Skomorowski,  D. W. Small,  C. J. Stein,  Yingli Su,  Yu-Chuan Su,  
 E. J. Sundstrom,  Zhen Tao,  J. Thirman,  Hung-Yi Tsai,  T. Tsuchimochi,  
 N. M. Tubman,  C. Utku,  S. P. Veccham,  O. Vydrov,  J. Wenzel,  
 Jonathan Wong,  J. Witte,  A. Yamada,  Chou-Hsun Yang,  Kun Yao,  
 S. Yeganeh,  S. R. Yost,  A. Zech,  F. Zeller,  Igor Ying Zhang,  
 Xing Zhang,  Yu Zhang,  D. Zuev,  A. Aspuru-Guzik,  A. T. Bell,  
 N. A. Besley,  K. B. Bravaya,  B. R. Brooks,  D. Casanova,  Jeng-Da Chai,  
 Hsing-Ta Chen,  S. Coriani,  C. J. Cramer,  A. E. DePrince, III,  
 R. A. DiStasio Jr.,  A. Dreuw,  B. D. Dunietz,  T. R. Furlani,  
 W. A. Goddard III,  S. Grimme,  S. Hammes-Schiffer,  T. Head-Gordon,  
 W. J. Hehre,  Chao-Ping Hsu,  T.-C. Jagau,  Yousung Jung,  A. Klamt,  
 Jing Kong,  D. S. Lambrecht,  Xiangyuan Li,  WanZhen Liang,  N. J. Mayhall,  
 C. W. McCurdy,  J. B. Neaton,  T. Neudecker,  C. Ochsenfeld,  
 J. A. Parkhill,  R. Peverati,  V. A. Rassolov,  Haisheng Ren,  Yihan Shao,  
 L. V. Slipchenko,  R. P. Steele,  J. E. Subotnik,  A. J. W. Thom,  
 A. Tkatchenko,  D. G. Truhlar,  T. Van Voorhis,  Fan Wang,  
 T. A. Wesolowski,  K. B. Whaley,  H. L. Woodcock III,  P. M. Zimmerman,  
 S. Faraji,  P. M. W. Gill,  M. Head-Gordon,  J. M. Herbert,  A. I. Krylov

 Contributors to earlier versions of Q-Chem not listed above: 
 R. D. Adamson,  B. Austin,  R. Baer,  J. Baker,  G. J. O. Beran,  
 K. Brandhorst,  S. T. Brown,  E. F. C. Byrd,  Arup K. Chakraborty,  
 G. K. L. Chan,  Chun-Min Chang,  Yunqing Chen,  C.-L. Cheng,  
 Siu Hung Chien,  D. M. Chipman,  D. L. Crittenden,  H. Dachsel,  
 R. J. Doerksen,  A. D. Dutoi,  R. G. Edgar,  J. Fosso-Tande,  
 L. Fusti-Molnar,  D. Ghosh,  A. Ghysels,  A. Golubeva-Zadorozhnaya,  
 J. Gonthier,  M. S. Gordon,  S. R. Gwaltney,  G. Hawkins,  J. E. Herr,  
 A. Heyden,  S. Hirata,  E. G. Hohenstein,  G. Kedziora,  F. J. Keil,  
 C. Kelley,  Jihan Kim,  R. A. King,  R. Z. Khaliullin,  P. P. Korambath,  
 W. Kurlancheek,  A. Laurent,  A. M. Lee,  M. S. Lee,  S. V. Levchenko,  
 Ching Yeh Lin,  D. Liotard,  E. Livshits,  R. C. Lochan,  I. Lotan,  
 L. A. Martinez-Martinez,  P. E. Maslen,  N. Nair,  D. P. O'Neill,  
 D. Neuhauser,  E. Neuscamman,  C. M. Oana,  R. Olivares-Amaya,  R. Olson,  
 T. M. Perrine,  B. Peters,  P. A. Pieniazek,  A. Prociuk,  Y. M. Rhee,  
 J. Ritchie,  M. A. Rohrdanz,  E. Rosta,  N. J. Russ,  H. F. Schaefer III,  
 M. W. Schmidt,  N. E. Schultz,  S. Sharma,  N. Shenvi,  C. D. Sherrill,  
 A. C. Simmonett,  A. Sodt,  T. Stein,  D. Stuck,  K. S. Thanthiriwatte,  
 V. Vanovschi,  L. Vogt,  Tao Wang,  A. Warshel,  M. A. Watson,  
 C. F. Williams,  Q. Wu,  X. Xu,  Jun Yang,  W. Zhang,  Yan Zhao

   Please cite Q-Chem as follows:
  "Software for the frontiers of quantum chemistry:
   An overview of developments in the Q-Chem 5 package"
   J. Chem. Phys. 155, 084801 (2021)
   https://doi.org/10.1063/5.0055522 (open access)

 Q-Chem 6.0.2 for Intel X86 EM64T Linux

 Parts of Q-Chem use Armadillo 9.900.5 (Nocturnal Misbehaviour).
 http://arma.sourceforge.net/

 Q-Chem begins on Mon Jan  6 15:52:49 2025  

 Host: 
0

     Scratch files written to /expanse/lustre/scratch/whughes/temp_project/job_36179682/methane-neutral-wb97xd-B3PW91-readSCF-36179682//
 Dec722 |scratch|qcdevops|jenkins|workspace|build_RNUM    
 Processing $rem in /cm/shared/apps/spack/0.17.3/cpu/b/opt/spack/linux-rocky8-zen2/gcc-10.2.0/qchem-6.0-rytxnwjazd34ekd2gqyi5ufsaimxsd3r/config/preferences:
 Processing $rem in /home/whughes/.qchemrc:

 Checking the input file for inconsistencies... 	...done.

--------------------------------------------------------------
User input:
--------------------------------------------------------------
$molecule
0 1
C    -0.0000010546   0.0000035414    0.0000085391
H    -0.1130979303   0.076461042     -1.0803540422
H    -0.8052530166   -0.609677534    0.4070235983
H    0.9582624083    -0.4618829412   0.2328503881
H    -0.0399094068   0.9950958919    0.4404705167
$end

$rem
METHOD      M06
BASIS       def2-QZVPP
SYM_IGNORE   TRUE
DFT_D       D4
MAX_SCF_CYCLES 300
$end

--------------------------------------------------------------
 Adding empirical dispersion correction 
 ----------------------------------------------------------------
 Doing -D4(0) with M06 parameters:
 s6  =   1.00000
 s8  =   0.16367
 s10 =   0.00000
 s9 =   1.00000
 a1  =   0.53456
 a2  =   6.06192
 -D4 energy including 3body term = -0.0001418392 hartrees
 ----------------------------------------------------------------
             Standard Nuclear Orientation (Angstroms)
    I     Atom           X                Y                Z
 ----------------------------------------------------------------
    1      C      -0.0000010546     0.0000035414     0.0000085391
    2      H      -0.1130979303     0.0764610420    -1.0803540422
    3      H      -0.8052530166    -0.6096775340     0.4070235983
    4      H       0.9582624083    -0.4618829412     0.2328503881
    5      H      -0.0399094068     0.9950958919     0.4404705167
 ----------------------------------------------------------------
 Nuclear Repulsion Energy =          13.44819363 hartrees
 There are        5 alpha and        5 beta electrons
 Requested basis set is def2-QZVPP
 There are 57 shells and 177 basis functions

 Total QAlloc Memory Limit   8000 MB
 Mega-Array Size       188 MB
 MEM_STATIC part       192 MB


                       Distance Matrix (Angstroms)
             C (  1)   H (  2)   H (  3)   H (  4)
   H (  2)  1.088954
   H (  3)  1.088946  1.778245
   H (  4)  1.088955  1.778239  1.778248
   H (  5)  1.088948  1.778245  1.778248  1.778269
 
 A cutoff of  1.0D-09 yielded   1653 shell pairs
 There are     16073 function pairs (     23166 Cartesian)
 Smallest overlap matrix eigenvalue = 1.38E-04

 Scale SEOQF with 1.000000e+00/1.000000e+00/1.000000e+00

 Standard Electronic Orientation quadrupole field applied
 Guess from superposition of atomic densities
 Warning:  Energy on first SCF cycle will be non-variational
 SAD guess density has 10.000000 electrons

 -----------------------------------------------------------------------
  General SCF calculation program by
  Eric Jon Sundstrom, Paul Horn, Yuezhi Mao, Dmitri Zuev, Alec White,
  David Stuck, Shaama M.S., Shane Yost, Joonho Lee, David Small,
  Daniel Levine, Susi Lehtola, Hugh Burton, Evgeny Epifanovsky,
  Bang C. Huynh
 -----------------------------------------------------------------------
 Exchange:     0.2700 Hartree-Fock + 1.0000 M06
 Correlation:  1.0000 M06
 Using SG-3 standard quadrature grid
 Dispersion:   Grimme D4
 using 32 threads for integral computing
 -------------------------------------------------------
 OpenMP Integral computing Module                
 Release: version 1.0, May 2013, Q-Chem Inc. Pittsburgh 
 -------------------------------------------------------
 A restricted SCF calculation will be
 performed using DIIS
 SCF converges when DIIS error is below 1.0e-05
 ---------------------------------------
  Cycle       Energy         DIIS error
 ---------------------------------------
    1     -40.4194103024      2.04e-02  
    2     -40.4385990673      3.97e-03  
    3     -40.4358181701      4.29e-03  
    4     -40.4990046495      3.88e-04  
    5     -40.4991784399      7.93e-05  
    6     -40.4991884086      1.82e-05  
    7     -40.4991889939      4.68e-06  Convergence criterion met
 ---------------------------------------
 SCF time:   CPU 83.09s  wall 3.00s 
 SCF   energy in the final basis set =      -40.4991889939
 Total energy in the final basis set =      -40.4991889939
 
 --------------------------------------------------------------
 
                    Orbital Energies (a.u.)
 --------------------------------------------------------------
 
 Alpha MOs
 -- Occupied --
-10.2188  -0.7041  -0.4026  -0.4022  -0.4019
 -- Virtual --
  0.0090   0.0738   0.0739   0.0740   0.1096   0.1096   0.1097   0.2988
  0.2993   0.2998   0.3160   0.3795   0.3795   0.4044   0.5976   0.5977
  0.5978   0.6500   0.6501   0.6502   0.6956   0.6957   0.6958   0.8863
  0.8864   0.8867   0.9284   1.0014   1.0015   1.0016   1.0093   1.0094
  1.0806   1.3220   1.3222   1.3224   1.6388   1.6388   1.7917   1.7922
  1.7928   1.8471   1.8482   1.8491   1.9877   2.0683   2.0688   2.0692
  2.0777   2.0778   2.0778   2.2074   2.2074   2.4337   2.4521   2.4522
  2.4542   2.4543   2.4544   2.6470   2.6477   2.6484   2.7755   2.7757
  2.7758   2.8987   2.8987   2.8987   2.9082   3.1024   3.1032   3.1036
  3.1162   3.1164   3.1166   3.3521   3.6570   3.6571   3.6573   3.7425
  3.7425   3.9821   3.9854   3.9884   5.1730   5.1736   5.2536   5.2541
  5.2542   5.4433   5.5719   5.5842   5.5955   5.8129   5.8135   5.8144
  5.8528   5.9230   5.9231   5.9237   6.0208   6.0212   6.0214   6.1653
  6.2110   6.2197   6.2308   6.3814   6.3963   6.4128   6.4233   6.5081
  6.5095   6.8163   7.0687   7.0703   7.0943   7.1013   7.1034   7.1797
  7.2251   7.2704   7.4106   7.4142   7.4199   7.5489   7.5497   7.6147
  7.6151   7.6179   7.6622   7.6750   7.6885   7.9414   8.0487   8.1584
  8.1594   8.1766   8.1806   8.1871   8.2836   8.2981   8.3132   8.3601
  8.3625   8.3641   8.5966   8.6008   8.6056   8.7863   8.7942   8.8013
  9.2651   9.2662   9.3417   9.3546   9.3711   9.6712   9.6749   9.6888
  9.8361   9.8364   9.8394  10.2943  10.2955  10.2959  11.2358  11.3135
 11.3784  13.4414  29.1696 147.7537
 --------------------------------------------------------------
 
          Ground-State Mulliken Net Atomic Charges

     Atom                 Charge (a.u.)
  ----------------------------------------
      1 C                    -0.283160
      2 H                     0.113136
      3 H                     0.027914
      4 H                     0.063850
      5 H                     0.078259
  ----------------------------------------
  Sum of atomic charges =     0.000000

 -----------------------------------------------------------------
                    Cartesian Multipole Moments
 -----------------------------------------------------------------
    Charge (ESU x 10^10)
                 0.0000
    Dipole Moment (Debye)
         X      -0.0029      Y      -0.0055      Z       0.0089
       Tot       0.0108
    Quadrupole Moments (Debye-Ang)
        XX      -8.3582     XY       0.0002     YY      -8.3565
        XZ      -0.0007     YZ      -0.0015     ZZ      -8.3607
    Octopole Moments (Debye-Ang^2)
       XXX       0.2427    XXY      -0.5788    XYY      -0.0959
       YYY       0.4496    XXZ       0.3307    XYZ       0.0630
       YYZ       0.4494    XZZ      -0.1574    YZZ       0.1094
       ZZZ      -0.7474
    Hexadecapole Moments (Debye-Ang^3)
      XXXX     -15.7813   XXXY      -0.1084   XXYY      -5.2339
      XYYY       0.0636   YYYY     -15.9111   XXXZ      -0.0105
      XXYZ      -0.3314   XYYZ      -0.1164   YYYZ       0.3989
      XXZZ      -5.5737   XYZZ       0.0510   YYZZ      -5.4473
      XZZZ       0.1197   YZZZ      -0.0739   ZZZZ     -15.5978
 -----------------------------------------------------------------
 Total job time:  4.19s(wall), 100.38s(cpu) 
 Mon Jan  6 15:52:53 2025

        *************************************************************
        *                                                           *
        *  Thank you very much for using Q-Chem.  Have a nice day.  *
        *                                                           *
        *************************************************************



Running Job 2 of 2 methane-neutral-wb97xd-B3PW91-readSCF.in
qchem methane-neutral-wb97xd-B3PW91-readSCF.in_3543755.1 /expanse/lustre/scratch/whughes/temp_project/job_36179682/methane-neutral-wb97xd-B3PW91-readSCF-36179682/ 0
/cm/shared/apps/spack/0.17.3/cpu/b/opt/spack/linux-rocky8-zen2/gcc-10.2.0/qchem-6.0-rytxnwjazd34ekd2gqyi5ufsaimxsd3r/exe/qcprog.exe_s methane-neutral-wb97xd-B3PW91-readSCF.in_3543755.1 /expanse/lustre/scratch/whughes/temp_project/job_36179682/methane-neutral-wb97xd-B3PW91-readSCF-36179682/
                  Welcome to Q-Chem
     A Quantum Leap Into The Future Of Chemistry


 Q-Chem 6.0, Q-Chem, Inc., Pleasanton, CA (2022)

 License issued to: University of California, San Diego (site)

 E. Epifanovsky,  A. T. B. Gilbert,  Xintian Feng,  Joonho Lee,  Yuezhi Mao,  
 N. Mardirossian,  P. Pokhilko,  A. White,  M. Wormit,  M. P. Coons,  
 A. L. Dempwolff,  Zhengting Gan,  D. Hait,  P. R. Horn,  L. D. Jacobson,  
 I. Kaliman,  J. Kussmann,  A. W. Lange,  Ka Un Lao,  D. S. Levine,  Jie Liu,  
 S. C. McKenzie,  A. F. Morrison,  K. Nanda,  F. Plasser,  D. R. Rehn,  
 M. L. Vidal,  Zhi-Qiang You,  Ying Zhu,  B. Alam,  B. Albrecht,  
 A. Aldossary,  E. Alguire,  J. H. Andersen,  V. Athavale,  D. Barton,  
 K. Begam,  A. Behn,  N. Bellonzi,  Y. A. Bernard,  E. J. Berquist,  
 H. Burton,  A. Carreras,  K. Carter-Fenk,  Romit Chakraborty,  
 Chandrima Chakravarty,  Junhan Chen,  A. D. Chien,  K. D. Closser,  
 V. Cofer-Shabica,  L. Cunha,  S. Dasgupta,  Jia Deng,  M. de Wergifosse,  
 M. Diedenhofen,  Hainam Do,  S. Ehlert,  Po-Tung Fang,  S. Fatehi,  
 Qingguo Feng,  T. Friedhoff,  B. Ganoe,  J. Gayvert,  Qinghui Ge,  
 G. Gidofalvi,  M. Goldey,  J. Gomes,  C. Gonzalez-Espinoza,  S. Gulania,  
 A. Gunina,  J. A. Gyamfi,  M. W. D. Hanson-Heine,  P. H. P. Harbach,  
 A. W. Hauser,  M. F. Herbst,  M. Hernandez Vera,  M. Hodecker,  
 Z. C. Holden,  S. Houck,  Xunkun Huang,  Kerwin Hui,  B. C. Huynh,  
 K. Ikeda,  M. Ivanov,  Hyunjun Ji,  Zuxin Jin,  Hanjie Jiang,  B. Kaduk,  
 S. Kaehler,  R. Kang,  K. Khistyaev,  Jaehoon Kim,  Yongbin Kim,  
 P. Klunzinger,  Z. Koczor-Benda,  Joong Hoon Koh,  D. Kosenkov,  
 Saikiran Kotaru,  L. Koulias,  T. Kowalczyk,  C. M. Krauter,  K. Kue,  
 A. Kunitsa,  T. Kus,  A. Landau,  K. V. Lawler,  D. Lefrancois,  S. Lehtola,  
 Rain Li,  Shaozhi Li,  Yi-Pei Li,  Jiashu Liang,  M. Liebenthal,  
 Hung-Hsuan Lin,  You-Sheng Lin,  Fenglai Liu,  Kuan-Yu Liu,  
 M. Loipersberger,  A. Luenser,  C. Malbon,  A. Manjanath,  P. Manohar,  
 E. Mansoor,  S. F. Manzer,  Shan-Ping Mao,  A. V. Marenich,  T. Markovich,  
 S. Mason,  F. Matz,  S. A. Maurer,  P. F. McLaughlin,  M. F. S. J. Menger,  
 J.-M. Mewes,  S. A. Mewes,  P. Morgante,  Mohammad Mostafanejad,  
 J. W. Mullinax,  K. J. Oosterbaan,  G. Paran,  V. Parravicini,  
 Alexander C. Paul,  Suranjan K. Paul,  F. Pavosevic,  Zheng Pei,  S. Prager,  
 E. I. Proynov,  E. Ramos,  B. Rana,  A. E. Rask,  A. Rettig,  R. M. Richard,  
 F. Rob,  E. Rossomme,  T. Scheele,  M. Scheurer,  M. Schneider,  
 P. E. Schneider,  N. Sergueev,  S. M. Sharada,  Hengyuan Shen,  
 W. Skomorowski,  D. W. Small,  C. J. Stein,  Yingli Su,  Yu-Chuan Su,  
 E. J. Sundstrom,  Zhen Tao,  J. Thirman,  Hung-Yi Tsai,  T. Tsuchimochi,  
 N. M. Tubman,  C. Utku,  S. P. Veccham,  O. Vydrov,  J. Wenzel,  
 Jonathan Wong,  J. Witte,  A. Yamada,  Chou-Hsun Yang,  Kun Yao,  
 S. Yeganeh,  S. R. Yost,  A. Zech,  F. Zeller,  Igor Ying Zhang,  
 Xing Zhang,  Yu Zhang,  D. Zuev,  A. Aspuru-Guzik,  A. T. Bell,  
 N. A. Besley,  K. B. Bravaya,  B. R. Brooks,  D. Casanova,  Jeng-Da Chai,  
 Hsing-Ta Chen,  S. Coriani,  C. J. Cramer,  A. E. DePrince, III,  
 R. A. DiStasio Jr.,  A. Dreuw,  B. D. Dunietz,  T. R. Furlani,  
 W. A. Goddard III,  S. Grimme,  S. Hammes-Schiffer,  T. Head-Gordon,  
 W. J. Hehre,  Chao-Ping Hsu,  T.-C. Jagau,  Yousung Jung,  A. Klamt,  
 Jing Kong,  D. S. Lambrecht,  Xiangyuan Li,  WanZhen Liang,  N. J. Mayhall,  
 C. W. McCurdy,  J. B. Neaton,  T. Neudecker,  C. Ochsenfeld,  
 J. A. Parkhill,  R. Peverati,  V. A. Rassolov,  Haisheng Ren,  Yihan Shao,  
 L. V. Slipchenko,  R. P. Steele,  J. E. Subotnik,  A. J. W. Thom,  
 A. Tkatchenko,  D. G. Truhlar,  T. Van Voorhis,  Fan Wang,  
 T. A. Wesolowski,  K. B. Whaley,  H. L. Woodcock III,  P. M. Zimmerman,  
 S. Faraji,  P. M. W. Gill,  M. Head-Gordon,  J. M. Herbert,  A. I. Krylov

 Contributors to earlier versions of Q-Chem not listed above: 
 R. D. Adamson,  B. Austin,  R. Baer,  J. Baker,  G. J. O. Beran,  
 K. Brandhorst,  S. T. Brown,  E. F. C. Byrd,  Arup K. Chakraborty,  
 G. K. L. Chan,  Chun-Min Chang,  Yunqing Chen,  C.-L. Cheng,  
 Siu Hung Chien,  D. M. Chipman,  D. L. Crittenden,  H. Dachsel,  
 R. J. Doerksen,  A. D. Dutoi,  R. G. Edgar,  J. Fosso-Tande,  
 L. Fusti-Molnar,  D. Ghosh,  A. Ghysels,  A. Golubeva-Zadorozhnaya,  
 J. Gonthier,  M. S. Gordon,  S. R. Gwaltney,  G. Hawkins,  J. E. Herr,  
 A. Heyden,  S. Hirata,  E. G. Hohenstein,  G. Kedziora,  F. J. Keil,  
 C. Kelley,  Jihan Kim,  R. A. King,  R. Z. Khaliullin,  P. P. Korambath,  
 W. Kurlancheek,  A. Laurent,  A. M. Lee,  M. S. Lee,  S. V. Levchenko,  
 Ching Yeh Lin,  D. Liotard,  E. Livshits,  R. C. Lochan,  I. Lotan,  
 L. A. Martinez-Martinez,  P. E. Maslen,  N. Nair,  D. P. O'Neill,  
 D. Neuhauser,  E. Neuscamman,  C. M. Oana,  R. Olivares-Amaya,  R. Olson,  
 T. M. Perrine,  B. Peters,  P. A. Pieniazek,  A. Prociuk,  Y. M. Rhee,  
 J. Ritchie,  M. A. Rohrdanz,  E. Rosta,  N. J. Russ,  H. F. Schaefer III,  
 M. W. Schmidt,  N. E. Schultz,  S. Sharma,  N. Shenvi,  C. D. Sherrill,  
 A. C. Simmonett,  A. Sodt,  T. Stein,  D. Stuck,  K. S. Thanthiriwatte,  
 V. Vanovschi,  L. Vogt,  Tao Wang,  A. Warshel,  M. A. Watson,  
 C. F. Williams,  Q. Wu,  X. Xu,  Jun Yang,  W. Zhang,  Yan Zhao

   Please cite Q-Chem as follows:
  "Software for the frontiers of quantum chemistry:
   An overview of developments in the Q-Chem 5 package"
   J. Chem. Phys. 155, 084801 (2021)
   https://doi.org/10.1063/5.0055522 (open access)

 Q-Chem 6.0.2 for Intel X86 EM64T Linux

 Parts of Q-Chem use Armadillo 9.900.5 (Nocturnal Misbehaviour).
 http://arma.sourceforge.net/

 Q-Chem begins on Mon Jan  6 15:52:53 2025  

 Host: 
0

     Scratch files written to /expanse/lustre/scratch/whughes/temp_project/job_36179682/methane-neutral-wb97xd-B3PW91-readSCF-36179682//
 Dec722 |scratch|qcdevops|jenkins|workspace|build_RNUM    
 Processing $rem in /cm/shared/apps/spack/0.17.3/cpu/b/opt/spack/linux-rocky8-zen2/gcc-10.2.0/qchem-6.0-rytxnwjazd34ekd2gqyi5ufsaimxsd3r/config/preferences:
 Processing $rem in /home/whughes/.qchemrc:

 Checking the input file for inconsistencies... 	...done.

--------------------------------------------------------------
User input:
--------------------------------------------------------------

$molecule
0 1
C    -0.0000010546   0.0000035414    0.0000085391
H    -0.1130979303   0.076461042     -1.0803540422
H    -0.8052530166   -0.609677534    0.4070235983
H    0.9582624083    -0.4618829412   0.2328503881
H    -0.0399094068   0.9950958919    0.4404705167
$end

$rem
METHOD      B3PW91
BASIS       def2-QZVPP
SYM_IGNORE   TRUE
DFT_D       D4
SCF_GUESS   read
MAX_SCF_CYCLES 300
$end
--------------------------------------------------------------
 Adding empirical dispersion correction 
 ----------------------------------------------------------------
 Doing -D4(0) with B3PW parameters:
 s6  =   1.00000
 s8  =   2.88364
 s10 =   0.00000
 s9 =   1.00000
 a1  =   0.46991
 a2  =   4.51641
 -D4 energy including 3body term = -0.0012898342 hartrees
 ----------------------------------------------------------------
             Standard Nuclear Orientation (Angstroms)
    I     Atom           X                Y                Z
 ----------------------------------------------------------------
    1      C      -0.0000010546     0.0000035414     0.0000085391
    2      H      -0.1130979303     0.0764610420    -1.0803540422
    3      H      -0.8052530166    -0.6096775340     0.4070235983
    4      H       0.9582624083    -0.4618829412     0.2328503881
    5      H      -0.0399094068     0.9950958919     0.4404705167
 ----------------------------------------------------------------
 Nuclear Repulsion Energy =          13.44704563 hartrees
 There are        5 alpha and        5 beta electrons
 Requested basis set is def2-QZVPP
 There are 57 shells and 177 basis functions

 Total QAlloc Memory Limit   8000 MB
 Mega-Array Size       188 MB
 MEM_STATIC part       192 MB


                       Distance Matrix (Angstroms)
             C (  1)   H (  2)   H (  3)   H (  4)
   H (  2)  1.088954
   H (  3)  1.088946  1.778245
   H (  4)  1.088955  1.778239  1.778248
   H (  5)  1.088948  1.778245  1.778248  1.778269
 
 A cutoff of  1.0D-09 yielded   1653 shell pairs
 There are     16073 function pairs (     23166 Cartesian)
 Smallest overlap matrix eigenvalue = 1.38E-04

 Scale SEOQF with 1.000000e+00/1.000000e+00/1.000000e+00

 Standard Electronic Orientation quadrupole field applied
 Guess MOs from SCF MO coefficient file

 -----------------------------------------------------------------------
  General SCF calculation program by
  Eric Jon Sundstrom, Paul Horn, Yuezhi Mao, Dmitri Zuev, Alec White,
  David Stuck, Shaama M.S., Shane Yost, Joonho Lee, David Small,
  Daniel Levine, Susi Lehtola, Hugh Burton, Evgeny Epifanovsky,
  Bang C. Huynh
 -----------------------------------------------------------------------
 Exchange:     0.2000 Hartree-Fock + 0.0800 Slater + 0.7200 B88
 Correlation:  0.1900 PW92 + 0.8100 PW91
 Using SG-1 standard quadrature grid
 Dispersion:   Grimme D4
 using 32 threads for integral computing
 -------------------------------------------------------
 OpenMP Integral computing Module                
 Release: version 1.0, May 2013, Q-Chem Inc. Pittsburgh 
 -------------------------------------------------------
 A restricted SCF calculation will be
 performed using DIIS
 SCF converges when DIIS error is below 1.0e-05
 ---------------------------------------
  Cycle       Energy         DIIS error
 ---------------------------------------
    1     -40.5242836079      2.05e-03  
    2     -40.5263705539      7.24e-05  
    3     -40.5263701168      5.76e-05  
    4     -40.5263823629      4.99e-06  Convergence criterion met
 ---------------------------------------
 SCF time:   CPU 26.92s  wall 1.00s 
 SCF   energy in the final basis set =      -40.5263823629
 Total energy in the final basis set =      -40.5263823629
 
 --------------------------------------------------------------
 
                    Orbital Energies (a.u.)
 --------------------------------------------------------------
 
 Alpha MOs
 -- Occupied --
-10.1421  -0.6984  -0.3947  -0.3947  -0.3947
 -- Virtual --
  0.0372   0.1090   0.1090   0.1090   0.1393   0.1394   0.1394   0.3368
  0.3368   0.3368   0.3589   0.3852   0.3852   0.4327   0.6418   0.6418
  0.6418   0.6767   0.6767   0.6767   0.7313   0.7313   0.7313   0.9326
  0.9326   0.9327   1.0077   1.0487   1.0487   1.0487   1.0638   1.0638
  1.1271   1.4276   1.4276   1.4277   1.6669   1.6669   1.8063   1.8063
  1.8063   1.8592   1.8592   1.8592   1.9980   2.0912   2.0913   2.0913
  2.1144   2.1144   2.1144   2.2526   2.2526   2.4689   2.5085   2.5085
  2.5217   2.5217   2.5217   2.7197   2.7198   2.7198   2.8640   2.8641
  2.8641   2.9549   2.9820   2.9821   2.9821   3.1212   3.1213   3.1213
  3.1935   3.1936   3.1936   3.4033   3.7361   3.7361   3.7362   3.8256
  3.8256   4.0526   4.0526   4.0526   5.2306   5.2307   5.3545   5.3545
  5.3545   5.5742   5.6803   5.6803   5.6803   5.8730   5.8730   5.8730
  5.8871   5.9899   5.9899   5.9899   6.0984   6.0984   6.0984   6.2495
  6.3045   6.3045   6.3046   6.4977   6.5265   6.5265   6.5266   6.6113
  6.6114   6.8993   7.2094   7.2095   7.2095   7.2482   7.2483   7.3105
  7.3105   7.3106   7.5510   7.5510   7.5511   7.6466   7.6466   7.6692
  7.6693   7.6693   7.7887   7.7887   7.7888   7.9940   8.1843   8.2775
  8.2776   8.2909   8.2910   8.2912   8.3551   8.3552   8.3553   8.3897
  8.3898   8.3900   8.7388   8.7389   8.7390   8.9384   8.9384   8.9385
  9.3878   9.3880   9.6075   9.6076   9.6076   9.7748   9.7749  10.0056
 10.0057  10.0057  10.0600  10.4806  10.4807  10.4807  11.5594  11.5595
 11.5596  13.6789  29.0956 148.1788
 --------------------------------------------------------------
 
          Ground-State Mulliken Net Atomic Charges

     Atom                 Charge (a.u.)
  ----------------------------------------
      1 C                    -0.228652
      2 H                     0.057139
      3 H                     0.057563
      4 H                     0.057020
      5 H                     0.056929
  ----------------------------------------
  Sum of atomic charges =     0.000000

 -----------------------------------------------------------------
                    Cartesian Multipole Moments
 -----------------------------------------------------------------
    Charge (ESU x 10^10)
                 0.0000
    Dipole Moment (Debye)
         X       0.0001      Y       0.0001      Z      -0.0001
       Tot       0.0002
    Quadrupole Moments (Debye-Ang)
        XX      -8.3651     XY      -0.0000     YY      -8.3651
        XZ      -0.0001     YZ      -0.0000     ZZ      -8.3652
    Octopole Moments (Debye-Ang^2)
       XXX       0.2664    XXY      -0.6108    XYY      -0.1009
       YYY       0.4940    XXZ       0.3472    XYZ       0.0663
       YYZ       0.4716    XZZ      -0.1653    YZZ       0.1169
       ZZZ      -0.8193
    Hexadecapole Moments (Debye-Ang^3)
      XXXX     -15.9721   XXXY      -0.1148   XXYY      -5.3016
      XYYY       0.0634   YYYY     -16.1021   XXXZ      -0.0080
      XXYZ      -0.3384   XYYZ      -0.1183   YYYZ       0.4141
      XXZZ      -5.6479   XYZZ       0.0515   YYZZ      -5.5183
      XZZZ       0.1262   YZZZ      -0.0759   ZZZZ     -15.7558
 -----------------------------------------------------------------
 Total job time:  2.09s(wall), 33.50s(cpu) 
 Mon Jan  6 15:52:55 2025

        *************************************************************
        *                                                           *
        *  Thank you very much for using Q-Chem.  Have a nice day.  *
        *                                                           *
        *************************************************************


