
Running Job 1 of 1 hat7-ts1-triplet-B3PW91.in
qchem hat7-ts1-triplet-B3PW91.in_2623721.0 /expanse/lustre/scratch/whughes/temp_project/job_32696814/hat7-ts1-triplet-B3PW91-32696814/ 0
/cm/shared/apps/spack/0.17.3/cpu/b/opt/spack/linux-rocky8-zen2/gcc-10.2.0/qchem-6.0-rytxnwjazd34ekd2gqyi5ufsaimxsd3r/exe/qcprog.exe_s hat7-ts1-triplet-B3PW91.in_2623721.0 /expanse/lustre/scratch/whughes/temp_project/job_32696814/hat7-ts1-triplet-B3PW91-32696814/
                  Welcome to Q-Chem
     A Quantum Leap Into The Future Of Chemistry


 Q-Chem 6.0, Q-Chem, Inc., Pleasanton, CA (2022)

 License issued to: University of California, San Diego (site)

 E. Epifanovsky,  A. T. B. Gilbert,  Xintian Feng,  Joonho Lee,  Yuezhi Mao,  
 N. Mardirossian,  P. Pokhilko,  A. White,  M. Wormit,  M. P. Coons,  
 A. L. Dempwolff,  Zhengting Gan,  D. Hait,  P. R. Horn,  L. D. Jacobson,  
 I. Kaliman,  J. Kussmann,  A. W. Lange,  Ka Un Lao,  D. S. Levine,  Jie Liu,  
 S. C. McKenzie,  A. F. Morrison,  K. Nanda,  F. Plasser,  D. R. Rehn,  
 M. L. Vidal,  Zhi-Qiang You,  Ying Zhu,  B. Alam,  B. Albrecht,  
 A. Aldossary,  E. Alguire,  J. H. Andersen,  V. Athavale,  D. Barton,  
 K. Begam,  A. Behn,  N. Bellonzi,  Y. A. Bernard,  E. J. Berquist,  
 H. Burton,  A. Carreras,  K. Carter-Fenk,  Romit Chakraborty,  
 Chandrima Chakravarty,  Junhan Chen,  A. D. Chien,  K. D. Closser,  
 V. Cofer-Shabica,  L. Cunha,  S. Dasgupta,  Jia Deng,  M. de Wergifosse,  
 M. Diedenhofen,  Hainam Do,  S. Ehlert,  Po-Tung Fang,  S. Fatehi,  
 Qingguo Feng,  T. Friedhoff,  B. Ganoe,  J. Gayvert,  Qinghui Ge,  
 G. Gidofalvi,  M. Goldey,  J. Gomes,  C. Gonzalez-Espinoza,  S. Gulania,  
 A. Gunina,  J. A. Gyamfi,  M. W. D. Hanson-Heine,  P. H. P. Harbach,  
 A. W. Hauser,  M. F. Herbst,  M. Hernandez Vera,  M. Hodecker,  
 Z. C. Holden,  S. Houck,  Xunkun Huang,  Kerwin Hui,  B. C. Huynh,  
 K. Ikeda,  M. Ivanov,  Hyunjun Ji,  Zuxin Jin,  Hanjie Jiang,  B. Kaduk,  
 S. Kaehler,  R. Kang,  K. Khistyaev,  Jaehoon Kim,  Yongbin Kim,  
 P. Klunzinger,  Z. Koczor-Benda,  Joong Hoon Koh,  D. Kosenkov,  
 Saikiran Kotaru,  L. Koulias,  T. Kowalczyk,  C. M. Krauter,  K. Kue,  
 A. Kunitsa,  T. Kus,  A. Landau,  K. V. Lawler,  D. Lefrancois,  S. Lehtola,  
 Rain Li,  Shaozhi Li,  Yi-Pei Li,  Jiashu Liang,  M. Liebenthal,  
 Hung-Hsuan Lin,  You-Sheng Lin,  Fenglai Liu,  Kuan-Yu Liu,  
 M. Loipersberger,  A. Luenser,  C. Malbon,  A. Manjanath,  P. Manohar,  
 E. Mansoor,  S. F. Manzer,  Shan-Ping Mao,  A. V. Marenich,  T. Markovich,  
 S. Mason,  F. Matz,  S. A. Maurer,  P. F. McLaughlin,  M. F. S. J. Menger,  
 J.-M. Mewes,  S. A. Mewes,  P. Morgante,  Mohammad Mostafanejad,  
 J. W. Mullinax,  K. J. Oosterbaan,  G. Paran,  V. Parravicini,  
 Alexander C. Paul,  Suranjan K. Paul,  F. Pavosevic,  Zheng Pei,  S. Prager,  
 E. I. Proynov,  E. Ramos,  B. Rana,  A. E. Rask,  A. Rettig,  R. M. Richard,  
 F. Rob,  E. Rossomme,  T. Scheele,  M. Scheurer,  M. Schneider,  
 P. E. Schneider,  N. Sergueev,  S. M. Sharada,  Hengyuan Shen,  
 W. Skomorowski,  D. W. Small,  C. J. Stein,  Yingli Su,  Yu-Chuan Su,  
 E. J. Sundstrom,  Zhen Tao,  J. Thirman,  Hung-Yi Tsai,  T. Tsuchimochi,  
 N. M. Tubman,  C. Utku,  S. P. Veccham,  O. Vydrov,  J. Wenzel,  
 Jonathan Wong,  J. Witte,  A. Yamada,  Chou-Hsun Yang,  Kun Yao,  
 S. Yeganeh,  S. R. Yost,  A. Zech,  F. Zeller,  Igor Ying Zhang,  
 Xing Zhang,  Yu Zhang,  D. Zuev,  A. Aspuru-Guzik,  A. T. Bell,  
 N. A. Besley,  K. B. Bravaya,  B. R. Brooks,  D. Casanova,  Jeng-Da Chai,  
 Hsing-Ta Chen,  S. Coriani,  C. J. Cramer,  A. E. DePrince, III,  
 R. A. DiStasio Jr.,  A. Dreuw,  B. D. Dunietz,  T. R. Furlani,  
 W. A. Goddard III,  S. Grimme,  S. Hammes-Schiffer,  T. Head-Gordon,  
 W. J. Hehre,  Chao-Ping Hsu,  T.-C. Jagau,  Yousung Jung,  A. Klamt,  
 Jing Kong,  D. S. Lambrecht,  Xiangyuan Li,  WanZhen Liang,  N. J. Mayhall,  
 C. W. McCurdy,  J. B. Neaton,  T. Neudecker,  C. Ochsenfeld,  
 J. A. Parkhill,  R. Peverati,  V. A. Rassolov,  Haisheng Ren,  Yihan Shao,  
 L. V. Slipchenko,  R. P. Steele,  J. E. Subotnik,  A. J. W. Thom,  
 A. Tkatchenko,  D. G. Truhlar,  T. Van Voorhis,  Fan Wang,  
 T. A. Wesolowski,  K. B. Whaley,  H. L. Woodcock III,  P. M. Zimmerman,  
 S. Faraji,  P. M. W. Gill,  M. Head-Gordon,  J. M. Herbert,  A. I. Krylov

 Contributors to earlier versions of Q-Chem not listed above: 
 R. D. Adamson,  B. Austin,  R. Baer,  J. Baker,  G. J. O. Beran,  
 K. Brandhorst,  S. T. Brown,  E. F. C. Byrd,  Arup K. Chakraborty,  
 G. K. L. Chan,  Chun-Min Chang,  Yunqing Chen,  C.-L. Cheng,  
 Siu Hung Chien,  D. M. Chipman,  D. L. Crittenden,  H. Dachsel,  
 R. J. Doerksen,  A. D. Dutoi,  R. G. Edgar,  J. Fosso-Tande,  
 L. Fusti-Molnar,  D. Ghosh,  A. Ghysels,  A. Golubeva-Zadorozhnaya,  
 J. Gonthier,  M. S. Gordon,  S. R. Gwaltney,  G. Hawkins,  J. E. Herr,  
 A. Heyden,  S. Hirata,  E. G. Hohenstein,  G. Kedziora,  F. J. Keil,  
 C. Kelley,  Jihan Kim,  R. A. King,  R. Z. Khaliullin,  P. P. Korambath,  
 W. Kurlancheek,  A. Laurent,  A. M. Lee,  M. S. Lee,  S. V. Levchenko,  
 Ching Yeh Lin,  D. Liotard,  E. Livshits,  R. C. Lochan,  I. Lotan,  
 L. A. Martinez-Martinez,  P. E. Maslen,  N. Nair,  D. P. O'Neill,  
 D. Neuhauser,  E. Neuscamman,  C. M. Oana,  R. Olivares-Amaya,  R. Olson,  
 T. M. Perrine,  B. Peters,  P. A. Pieniazek,  A. Prociuk,  Y. M. Rhee,  
 J. Ritchie,  M. A. Rohrdanz,  E. Rosta,  N. J. Russ,  H. F. Schaefer III,  
 M. W. Schmidt,  N. E. Schultz,  S. Sharma,  N. Shenvi,  C. D. Sherrill,  
 A. C. Simmonett,  A. Sodt,  T. Stein,  D. Stuck,  K. S. Thanthiriwatte,  
 V. Vanovschi,  L. Vogt,  Tao Wang,  A. Warshel,  M. A. Watson,  
 C. F. Williams,  Q. Wu,  X. Xu,  Jun Yang,  W. Zhang,  Yan Zhao

   Please cite Q-Chem as follows:
  "Software for the frontiers of quantum chemistry:
   An overview of developments in the Q-Chem 5 package"
   J. Chem. Phys. 155, 084801 (2021)
   https://doi.org/10.1063/5.0055522 (open access)

 Q-Chem 6.0.2 for Intel X86 EM64T Linux

 Parts of Q-Chem use Armadillo 9.900.5 (Nocturnal Misbehaviour).
 http://arma.sourceforge.net/

 Q-Chem begins on Thu Aug  1 16:02:48 2024  

 Host: 
0

     Scratch files written to /expanse/lustre/scratch/whughes/temp_project/job_32696814/hat7-ts1-triplet-B3PW91-32696814//
 Dec722 |scratch|qcdevops|jenkins|workspace|build_RNUM    
 Processing $rem in /cm/shared/apps/spack/0.17.3/cpu/b/opt/spack/linux-rocky8-zen2/gcc-10.2.0/qchem-6.0-rytxnwjazd34ekd2gqyi5ufsaimxsd3r/config/preferences:
 Processing $rem in /home/whughes/.qchemrc:

 Checking the input file for inconsistencies... 	...done.

--------------------------------------------------------------
User input:
--------------------------------------------------------------
$molecule
0 3
O    -0.6557036903   0.316612822     -1.1202506103
S    -0.8945293834   0.2409777812    0.3356226677
O    0.3924224942    -0.3317515066   1.0556459895
H    1.401792152     -0.2016685679   0.3728547012
O    1.9182857862    -0.4725469336   -0.5914480762
H    1.3403336413    -0.1005835951   -1.2874316719
$end

$rem
METHOD      B3PW91
BASIS       def2-QZVPP
SYM_IGNORE   TRUE
DFT_D       D4
MAX_SCF_CYCLES 300
$end

$end
--------------------------------------------------------------
 Adding empirical dispersion correction 
 ----------------------------------------------------------------
 Doing -D4(0) with B3PW parameters:
 s6  =   1.00000
 s8  =   2.88364
 s10 =   0.00000
 s9 =   1.00000
 a1  =   0.46991
 a2  =   4.51641
 -D4 energy including 3body term = -0.0053801937 hartrees
 ----------------------------------------------------------------
             Standard Nuclear Orientation (Angstroms)
    I     Atom           X                Y                Z
 ----------------------------------------------------------------
    1      O      -0.6557036903     0.3166128220    -1.1202506103
    2      S      -0.8945293834     0.2409777812     0.3356226677
    3      O       0.3924224942    -0.3317515066     1.0556459895
    4      H       1.4017921520    -0.2016685679     0.3728547012
    5      O       1.9182857862    -0.4725469336    -0.5914480762
    6      H       1.3403336413    -0.1005835951    -1.2874316719
 ----------------------------------------------------------------
 Nuclear Repulsion Energy =         175.72541341 hartrees
 There are       22 alpha and       20 beta electrons
 Requested basis set is def2-QZVPP
 There are 93 shells and 301 basis functions

 Total QAlloc Memory Limit   8000 MB
 Mega-Array Size       188 MB
 MEM_STATIC part       192 MB


                       Distance Matrix (Angstroms)
             O (  1)   S (  2)   O (  3)   H (  4)   O (  5)
   S (  2)  1.477270
   O (  3)  2.500694  1.581992
   H (  4)  2.594469  2.338892  1.225542
   O (  5)  2.743689  3.046392  2.249667  1.126952
   H (  6)  2.046013  2.783089  2.538107  1.664496  0.978151
 
 A cutoff of  1.0D-09 yielded   3858 shell pairs
 There are     42416 function pairs (     65162 Cartesian)
 Smallest overlap matrix eigenvalue = 2.36E-04

 Scale SEOQF with 1.000000e-01/1.000000e+00/1.000000e-01

 Standard Electronic Orientation quadrupole field applied
 Nucleus-field energy     =     0.0000000023 hartrees
 Guess from superposition of atomic densities
 Warning:  Energy on first SCF cycle will be non-variational
 SAD guess density has 42.000000 electrons

 -----------------------------------------------------------------------
  General SCF calculation program by
  Eric Jon Sundstrom, Paul Horn, Yuezhi Mao, Dmitri Zuev, Alec White,
  David Stuck, Shaama M.S., Shane Yost, Joonho Lee, David Small,
  Daniel Levine, Susi Lehtola, Hugh Burton, Evgeny Epifanovsky,
  Bang C. Huynh
 -----------------------------------------------------------------------
 Exchange:     0.2000 Hartree-Fock + 0.0800 Slater + 0.7200 B88
 Correlation:  0.1900 PW92 + 0.8100 PW91
 Using SG-1 standard quadrature grid
 Dispersion:   Grimme D4
 using 32 threads for integral computing
 -------------------------------------------------------
 OpenMP Integral computing Module                
 Release: version 1.0, May 2013, Q-Chem Inc. Pittsburgh 
 -------------------------------------------------------
 A unrestricted SCF calculation will be
 performed using DIIS
 SCF converges when DIIS error is below 1.0e-05
 ---------------------------------------
  Cycle       Energy         DIIS error
 ---------------------------------------
    1    -625.4643283218      1.03e-02  
    2    -624.7700617071      2.20e-03  
    3    -623.5755803498      5.55e-03  
    4    -624.9000220410      1.23e-03  
    5    -624.9422434082      8.46e-04  
    6    -624.9618193264      3.65e-04  
    7    -624.9647836455      2.55e-04  
    8    -624.9670806926      1.24e-04  
    9    -624.9678868867      2.30e-05  
   10    -624.9679825252      1.31e-05  
   11    -624.9680195860      6.34e-06  Convergence criterion met
 ---------------------------------------
 SCF time:   CPU 335.65s  wall 10.00s 
<S^2> =          2.012433709
 SCF   energy in the final basis set =     -624.9680195860
 Total energy in the final basis set =     -624.9680195860
 
 --------------------------------------------------------------
 
                    Orbital Energies (a.u.)
 --------------------------------------------------------------
 
 Alpha MOs
 -- Occupied --
-88.9746 -19.2142 -19.1998 -19.1641  -8.0624  -6.0217  -6.0209  -6.0170
 -1.1340  -1.0753  -1.0397  -0.6954  -0.5932  -0.5145  -0.4942  -0.4907
 -0.4551  -0.4099  -0.3900  -0.3763  -0.3530  -0.2343
 -- Virtual --
 -0.0005   0.0131   0.0527   0.1042   0.1398   0.1482   0.1875   0.2110
  0.2164   0.2280   0.2545   0.2695   0.2765   0.2832   0.2988   0.3114
  0.3298   0.3489   0.3682   0.4032   0.4209   0.4458   0.5089   0.5333
  0.5661   0.5843   0.6302   0.6628   0.7041   0.7745   0.7862   0.8598
  0.8754   0.8806   0.8876   0.9064   0.9121   0.9253   0.9400   0.9570
  0.9725   1.0180   1.0246   1.0551   1.0947   1.1300   1.1610   1.1852
  1.2053   1.2120   1.2704   1.2954   1.3019   1.3414   1.3451   1.3529
  1.3853   1.4067   1.4304   1.4336   1.5229   1.5498   1.5834   1.5915
  1.6458   1.7066   1.7590   1.7691   1.8294   1.8438   1.9343   1.9709
  1.9890   2.0392   2.0624   2.1706   2.2038   2.2153   2.2869   2.3312
  2.3758   2.4524   2.5302   2.5476   2.5644   2.5762   2.5828   2.6280
  2.6458   2.6612   2.7083   2.7406   2.7560   2.7649   2.7963   2.8220
  2.8427   2.8586   2.9004   2.9669   2.9925   3.0356   3.0532   3.1007
  3.1182   3.1638   3.1957   3.2482   3.2684   3.3108   3.3253   3.3456
  3.4238   3.4352   3.4492   3.4755   3.5496   3.5837   3.6108   3.6508
  3.6674   3.7483   3.7763   3.8119   3.8553   3.8671   3.9114   3.9347
  3.9944   4.0378   4.0657   4.1055   4.1270   4.1511   4.1952   4.2032
  4.2261   4.2765   4.3154   4.3589   4.3953   4.4426   4.4862   4.5264
  4.5802   4.6848   4.7056   4.7455   4.8018   4.9316   4.9497   4.9860
  5.0259   5.0596   5.1682   5.1972   5.2502   5.3616   5.4118   5.5075
  5.7976   5.8146   5.9449   6.0013   6.1464   6.3976   6.4515   6.5219
  6.7312   6.8426   6.8834   6.9408   7.0910   7.1258   7.2139   7.2535
  7.2860   7.3133   7.4730   7.6154   7.7227   7.8450   7.8958   7.9315
  7.9826   8.1311   8.1872   8.2212   8.2874   8.4332   8.4824   8.5143
  8.5374   8.5693   8.6049   8.6245   8.6512   8.7287   8.8064   8.8118
  8.8303   8.8687   8.8774   8.9077   8.9409   9.0011   9.0320   9.1655
  9.1764   9.3199   9.3390   9.3879   9.4488   9.5636   9.6535   9.8574
  9.8663   9.9487  10.1400  10.2010  10.3585  10.5339  10.6905  10.7259
 10.7837  10.9033  10.9342  10.9986  11.0730  11.1247  11.1554  11.2084
 11.2504  11.3043  11.4142  11.4231  11.5128  11.5420  11.6156  11.6774
 11.6921  11.7126  11.7409  11.7642  11.8235  11.9453  12.0022  12.0985
 12.1521  12.1817  12.2080  12.2188  12.3066  12.3585  12.4216  12.5554
 12.7733  12.8718  12.9136  13.4472  13.6312  13.8467  14.0232  14.0910
 14.3203  15.1284  16.4137  24.3268  28.5780  29.0091  29.2978  47.8024
 47.8709  47.9958  83.7661 252.8297 252.8985 253.0412 450.6390
 
 Beta MOs
 -- Occupied --
-88.9705 -19.1964 -19.1863 -19.1534  -8.0583  -6.0196  -6.0148  -6.0075
 -1.1093  -1.0388  -1.0062  -0.6613  -0.5680  -0.4846  -0.4760  -0.4497
 -0.4146  -0.3544  -0.3515  -0.3381
 -- Virtual --
 -0.2359  -0.1118   0.0150   0.0275   0.0642   0.1087   0.1496   0.1594
  0.1913   0.2217   0.2271   0.2359   0.2622   0.2834   0.2859   0.2970
  0.3079   0.3266   0.3370   0.3671   0.3803   0.4098   0.4290   0.4504
  0.5192   0.5363   0.5746   0.5968   0.6394   0.6734   0.7101   0.7819
  0.7895   0.8679   0.8913   0.8944   0.8995   0.9206   0.9297   0.9337
  0.9669   0.9736   0.9854   1.0285   1.0372   1.0644   1.1069   1.1434
  1.1693   1.2040   1.2184   1.2308   1.2843   1.3083   1.3195   1.3583
  1.3645   1.3695   1.4000   1.4201   1.4420   1.4475   1.5334   1.5640
  1.5913   1.6010   1.6566   1.7194   1.7719   1.7826   1.8401   1.8559
  1.9466   1.9800   1.9970   2.0442   2.0686   2.1813   2.2080   2.2233
  2.2913   2.3356   2.3785   2.4583   2.5388   2.5597   2.5706   2.5895
  2.5929   2.6394   2.6618   2.6753   2.7253   2.7536   2.7750   2.7829
  2.8083   2.8424   2.8581   2.8683   2.9122   2.9736   3.0040   3.0558
  3.0700   3.1193   3.1398   3.1786   3.2081   3.2639   3.2864   3.3337
  3.3432   3.3689   3.4420   3.4567   3.4698   3.4952   3.5644   3.5988
  3.6279   3.6641   3.6859   3.7770   3.7978   3.8317   3.8686   3.8878
  3.9380   3.9556   4.0220   4.0624   4.0872   4.1248   4.1447   4.1691
  4.2154   4.2243   4.2468   4.2917   4.3363   4.3749   4.4171   4.4568
  4.5091   4.5418   4.5925   4.6994   4.7201   4.7637   4.8234   4.9477
  4.9588   4.9966   5.0432   5.0902   5.1975   5.2225   5.2651   5.3708
  5.4233   5.5164   5.7995   5.8166   5.9425   5.9987   6.1650   6.4083
  6.4619   6.5284   6.7440   6.8540   6.8911   6.9509   7.0936   7.1304
  7.2154   7.2566   7.2970   7.3186   7.4827   7.6124   7.7228   7.8453
  7.8941   7.9322   7.9911   8.1295   8.1851   8.2238   8.2918   8.4363
  8.4912   8.5249   8.5476   8.5791   8.6160   8.6367   8.6597   8.7378
  8.8234   8.8284   8.8506   8.8853   8.8958   8.9253   8.9608   9.0160
  9.0482   9.1814   9.1980   9.3382   9.3643   9.4059   9.4674   9.5748
  9.6797   9.8745   9.8842   9.9700  10.1645  10.2236  10.3793  10.5603
 10.7208  10.7571  10.8056  10.9345  10.9644  11.0284  11.1033  11.1526
 11.1820  11.2459  11.2833  11.3500  11.4474  11.4659  11.5465  11.5729
 11.6380  11.7141  11.7224  11.7333  11.7652  11.7895  11.8544  11.9719
 12.0363  12.1279  12.1823  12.2142  12.2372  12.2549  12.3274  12.3931
 12.4470  12.5982  12.7880  12.8986  12.9640  13.4805  13.6629  13.8728
 14.0575  14.1383  14.3481  15.1589  16.4246  24.3342  28.5932  29.0119
 29.2999  47.8184  47.8915  48.0223  83.7719 252.8346 252.9050 253.0492
450.6420
 --------------------------------------------------------------
 
          Ground-State Mulliken Net Atomic Charges

     Atom                 Charge (a.u.)    Spin (a.u.)
  --------------------------------------------------------
      1 O                    -0.417202       0.336120
      2 S                     0.516884       0.646875
      3 O                    -0.387153       0.426569
      4 H                     0.295930      -0.036292
      5 O                    -0.253862       0.643021
      6 H                     0.245402      -0.016293
  --------------------------------------------------------
  Sum of atomic charges =    -0.000000
  Sum of spin   charges =     2.000000

 -----------------------------------------------------------------
                    Cartesian Multipole Moments
 -----------------------------------------------------------------
    Charge (ESU x 10^10)
                -0.0000
    Dipole Moment (Debye)
         X      -0.0553      Y       0.7520      Z       0.2465
       Tot       0.7933
    Quadrupole Moments (Debye-Ang)
        XX     -29.2571     XY       1.3765     YY     -30.5422
        XZ      -2.4673     YZ       0.6156     ZZ     -30.5428
    Octopole Moments (Debye-Ang^2)
       XXX      -4.2836    XXY       2.9673    XYY      -1.3345
       YYY       0.5082    XXZ       1.4602    XYZ      -1.4410
       YYZ       0.3925    XZZ       4.1444    YZZ      -0.0655
       ZZZ      -2.3660
    Hexadecapole Moments (Debye-Ang^3)
      XXXX    -243.9179   XXXY      32.3649   XXYY     -50.4164
      XYYY      30.8796   YYYY     -48.8685   XXXZ      15.2533
      XXYZ      -0.9333   XYYZ       5.4274   YYYZ       3.3283
      XXZZ     -57.9287   XYZZ      10.9904   YYZZ     -31.3668
      XZZZ       2.5325   YZZZ       5.6249   ZZZZ    -129.5392
 -----------------------------------------------------------------
 Total job time:  11.64s(wall), 354.17s(cpu) 
 Thu Aug  1 16:02:59 2024

        *************************************************************
        *                                                           *
        *  Thank you very much for using Q-Chem.  Have a nice day.  *
        *                                                           *
        *************************************************************


