
Running Job 1 of 1 hat3-ts1-triplet-wb97xd-cx2-B3PW91.in
qchem hat3-ts1-triplet-wb97xd-cx2-B3PW91.in_2726617.0 /expanse/lustre/scratch/whughes/temp_project/job_32696757/hat3-ts1-triplet-wb97xd-cx2-B3PW91-32696757/ 0
/cm/shared/apps/spack/0.17.3/cpu/b/opt/spack/linux-rocky8-zen2/gcc-10.2.0/qchem-6.0-rytxnwjazd34ekd2gqyi5ufsaimxsd3r/exe/qcprog.exe_s hat3-ts1-triplet-wb97xd-cx2-B3PW91.in_2726617.0 /expanse/lustre/scratch/whughes/temp_project/job_32696757/hat3-ts1-triplet-wb97xd-cx2-B3PW91-32696757/
                  Welcome to Q-Chem
     A Quantum Leap Into The Future Of Chemistry


 Q-Chem 6.0, Q-Chem, Inc., Pleasanton, CA (2022)

 License issued to: University of California, San Diego (site)

 E. Epifanovsky,  A. T. B. Gilbert,  Xintian Feng,  Joonho Lee,  Yuezhi Mao,  
 N. Mardirossian,  P. Pokhilko,  A. White,  M. Wormit,  M. P. Coons,  
 A. L. Dempwolff,  Zhengting Gan,  D. Hait,  P. R. Horn,  L. D. Jacobson,  
 I. Kaliman,  J. Kussmann,  A. W. Lange,  Ka Un Lao,  D. S. Levine,  Jie Liu,  
 S. C. McKenzie,  A. F. Morrison,  K. Nanda,  F. Plasser,  D. R. Rehn,  
 M. L. Vidal,  Zhi-Qiang You,  Ying Zhu,  B. Alam,  B. Albrecht,  
 A. Aldossary,  E. Alguire,  J. H. Andersen,  V. Athavale,  D. Barton,  
 K. Begam,  A. Behn,  N. Bellonzi,  Y. A. Bernard,  E. J. Berquist,  
 H. Burton,  A. Carreras,  K. Carter-Fenk,  Romit Chakraborty,  
 Chandrima Chakravarty,  Junhan Chen,  A. D. Chien,  K. D. Closser,  
 V. Cofer-Shabica,  L. Cunha,  S. Dasgupta,  Jia Deng,  M. de Wergifosse,  
 M. Diedenhofen,  Hainam Do,  S. Ehlert,  Po-Tung Fang,  S. Fatehi,  
 Qingguo Feng,  T. Friedhoff,  B. Ganoe,  J. Gayvert,  Qinghui Ge,  
 G. Gidofalvi,  M. Goldey,  J. Gomes,  C. Gonzalez-Espinoza,  S. Gulania,  
 A. Gunina,  J. A. Gyamfi,  M. W. D. Hanson-Heine,  P. H. P. Harbach,  
 A. W. Hauser,  M. F. Herbst,  M. Hernandez Vera,  M. Hodecker,  
 Z. C. Holden,  S. Houck,  Xunkun Huang,  Kerwin Hui,  B. C. Huynh,  
 K. Ikeda,  M. Ivanov,  Hyunjun Ji,  Zuxin Jin,  Hanjie Jiang,  B. Kaduk,  
 S. Kaehler,  R. Kang,  K. Khistyaev,  Jaehoon Kim,  Yongbin Kim,  
 P. Klunzinger,  Z. Koczor-Benda,  Joong Hoon Koh,  D. Kosenkov,  
 Saikiran Kotaru,  L. Koulias,  T. Kowalczyk,  C. M. Krauter,  K. Kue,  
 A. Kunitsa,  T. Kus,  A. Landau,  K. V. Lawler,  D. Lefrancois,  S. Lehtola,  
 Rain Li,  Shaozhi Li,  Yi-Pei Li,  Jiashu Liang,  M. Liebenthal,  
 Hung-Hsuan Lin,  You-Sheng Lin,  Fenglai Liu,  Kuan-Yu Liu,  
 M. Loipersberger,  A. Luenser,  C. Malbon,  A. Manjanath,  P. Manohar,  
 E. Mansoor,  S. F. Manzer,  Shan-Ping Mao,  A. V. Marenich,  T. Markovich,  
 S. Mason,  F. Matz,  S. A. Maurer,  P. F. McLaughlin,  M. F. S. J. Menger,  
 J.-M. Mewes,  S. A. Mewes,  P. Morgante,  Mohammad Mostafanejad,  
 J. W. Mullinax,  K. J. Oosterbaan,  G. Paran,  V. Parravicini,  
 Alexander C. Paul,  Suranjan K. Paul,  F. Pavosevic,  Zheng Pei,  S. Prager,  
 E. I. Proynov,  E. Ramos,  B. Rana,  A. E. Rask,  A. Rettig,  R. M. Richard,  
 F. Rob,  E. Rossomme,  T. Scheele,  M. Scheurer,  M. Schneider,  
 P. E. Schneider,  N. Sergueev,  S. M. Sharada,  Hengyuan Shen,  
 W. Skomorowski,  D. W. Small,  C. J. Stein,  Yingli Su,  Yu-Chuan Su,  
 E. J. Sundstrom,  Zhen Tao,  J. Thirman,  Hung-Yi Tsai,  T. Tsuchimochi,  
 N. M. Tubman,  C. Utku,  S. P. Veccham,  O. Vydrov,  J. Wenzel,  
 Jonathan Wong,  J. Witte,  A. Yamada,  Chou-Hsun Yang,  Kun Yao,  
 S. Yeganeh,  S. R. Yost,  A. Zech,  F. Zeller,  Igor Ying Zhang,  
 Xing Zhang,  Yu Zhang,  D. Zuev,  A. Aspuru-Guzik,  A. T. Bell,  
 N. A. Besley,  K. B. Bravaya,  B. R. Brooks,  D. Casanova,  Jeng-Da Chai,  
 Hsing-Ta Chen,  S. Coriani,  C. J. Cramer,  A. E. DePrince, III,  
 R. A. DiStasio Jr.,  A. Dreuw,  B. D. Dunietz,  T. R. Furlani,  
 W. A. Goddard III,  S. Grimme,  S. Hammes-Schiffer,  T. Head-Gordon,  
 W. J. Hehre,  Chao-Ping Hsu,  T.-C. Jagau,  Yousung Jung,  A. Klamt,  
 Jing Kong,  D. S. Lambrecht,  Xiangyuan Li,  WanZhen Liang,  N. J. Mayhall,  
 C. W. McCurdy,  J. B. Neaton,  T. Neudecker,  C. Ochsenfeld,  
 J. A. Parkhill,  R. Peverati,  V. A. Rassolov,  Haisheng Ren,  Yihan Shao,  
 L. V. Slipchenko,  R. P. Steele,  J. E. Subotnik,  A. J. W. Thom,  
 A. Tkatchenko,  D. G. Truhlar,  T. Van Voorhis,  Fan Wang,  
 T. A. Wesolowski,  K. B. Whaley,  H. L. Woodcock III,  P. M. Zimmerman,  
 S. Faraji,  P. M. W. Gill,  M. Head-Gordon,  J. M. Herbert,  A. I. Krylov

 Contributors to earlier versions of Q-Chem not listed above: 
 R. D. Adamson,  B. Austin,  R. Baer,  J. Baker,  G. J. O. Beran,  
 K. Brandhorst,  S. T. Brown,  E. F. C. Byrd,  Arup K. Chakraborty,  
 G. K. L. Chan,  Chun-Min Chang,  Yunqing Chen,  C.-L. Cheng,  
 Siu Hung Chien,  D. M. Chipman,  D. L. Crittenden,  H. Dachsel,  
 R. J. Doerksen,  A. D. Dutoi,  R. G. Edgar,  J. Fosso-Tande,  
 L. Fusti-Molnar,  D. Ghosh,  A. Ghysels,  A. Golubeva-Zadorozhnaya,  
 J. Gonthier,  M. S. Gordon,  S. R. Gwaltney,  G. Hawkins,  J. E. Herr,  
 A. Heyden,  S. Hirata,  E. G. Hohenstein,  G. Kedziora,  F. J. Keil,  
 C. Kelley,  Jihan Kim,  R. A. King,  R. Z. Khaliullin,  P. P. Korambath,  
 W. Kurlancheek,  A. Laurent,  A. M. Lee,  M. S. Lee,  S. V. Levchenko,  
 Ching Yeh Lin,  D. Liotard,  E. Livshits,  R. C. Lochan,  I. Lotan,  
 L. A. Martinez-Martinez,  P. E. Maslen,  N. Nair,  D. P. O'Neill,  
 D. Neuhauser,  E. Neuscamman,  C. M. Oana,  R. Olivares-Amaya,  R. Olson,  
 T. M. Perrine,  B. Peters,  P. A. Pieniazek,  A. Prociuk,  Y. M. Rhee,  
 J. Ritchie,  M. A. Rohrdanz,  E. Rosta,  N. J. Russ,  H. F. Schaefer III,  
 M. W. Schmidt,  N. E. Schultz,  S. Sharma,  N. Shenvi,  C. D. Sherrill,  
 A. C. Simmonett,  A. Sodt,  T. Stein,  D. Stuck,  K. S. Thanthiriwatte,  
 V. Vanovschi,  L. Vogt,  Tao Wang,  A. Warshel,  M. A. Watson,  
 C. F. Williams,  Q. Wu,  X. Xu,  Jun Yang,  W. Zhang,  Yan Zhao

   Please cite Q-Chem as follows:
  "Software for the frontiers of quantum chemistry:
   An overview of developments in the Q-Chem 5 package"
   J. Chem. Phys. 155, 084801 (2021)
   https://doi.org/10.1063/5.0055522 (open access)

 Q-Chem 6.0.2 for Intel X86 EM64T Linux

 Parts of Q-Chem use Armadillo 9.900.5 (Nocturnal Misbehaviour).
 http://arma.sourceforge.net/

 Q-Chem begins on Thu Aug  1 15:59:41 2024  

 Host: 
0

     Scratch files written to /expanse/lustre/scratch/whughes/temp_project/job_32696757/hat3-ts1-triplet-wb97xd-cx2-B3PW91-32696757//
 Dec722 |scratch|qcdevops|jenkins|workspace|build_RNUM    
 Processing $rem in /cm/shared/apps/spack/0.17.3/cpu/b/opt/spack/linux-rocky8-zen2/gcc-10.2.0/qchem-6.0-rytxnwjazd34ekd2gqyi5ufsaimxsd3r/config/preferences:
 Processing $rem in /home/whughes/.qchemrc:

 Checking the input file for inconsistencies... 	...done.

--------------------------------------------------------------
User input:
--------------------------------------------------------------
$molecule
0 3
S    0.2867009333    -0.4383484123   -0.4365953978
O    -1.1204974847   -0.0343464183   -0.3349581004
O    1.2422894027    0.4209750774    0.4974587131
H    0.4647640649    1.4003537084    1.2231687673
C    -0.2055636634   2.1772212746    1.7885278505
H    -0.9474124666   1.5982392913    2.330050095
H    0.4839790639    2.7101436452    2.4390986684
H    -0.6471255302   2.8072256437    1.0222502639
$end

$rem
METHOD      B3PW91
BASIS       def2-QZVPP
SYM_IGNORE   TRUE
DFT_D       D4
MAX_SCF_CYCLES 300
$end

$end
--------------------------------------------------------------
 Adding empirical dispersion correction 
 ----------------------------------------------------------------
 Doing -D4(0) with B3PW parameters:
 s6  =   1.00000
 s8  =   2.88364
 s10 =   0.00000
 s9 =   1.00000
 a1  =   0.46991
 a2  =   4.51641
 -D4 energy including 3body term = -0.0067703274 hartrees
 ----------------------------------------------------------------
             Standard Nuclear Orientation (Angstroms)
    I     Atom           X                Y                Z
 ----------------------------------------------------------------
    1      S       0.2867009333    -0.4383484123    -0.4365953978
    2      O      -1.1204974847    -0.0343464183    -0.3349581004
    3      O       1.2422894027     0.4209750774     0.4974587131
    4      H       0.4647640649     1.4003537084     1.2231687673
    5      C      -0.2055636634     2.1772212746     1.7885278505
    6      H      -0.9474124666     1.5982392913     2.3300500950
    7      H       0.4839790639     2.7101436452     2.4390986684
    8      H      -0.6471255302     2.8072256437     1.0222502639
 ----------------------------------------------------------------
 Nuclear Repulsion Energy =         169.94528552 hartrees
 There are       22 alpha and       20 beta electrons
 Requested basis set is def2-QZVPP
 There are 113 shells and 361 basis functions

 Total QAlloc Memory Limit   8000 MB
 Mega-Array Size       188 MB
 MEM_STATIC part       192 MB


                       Distance Matrix (Angstroms)
             S (  1)   O (  2)   O (  3)   H (  4)   C (  5)   H (  6)
   O (  2)  1.467568
   O (  3)  1.588724  2.546173
   H (  4)  2.483415  2.645596  1.445816
   C (  5)  3.469107  3.199582  2.616780  1.171535
   H (  6)  3.650350  3.130106  3.088549  1.805156  1.085728
   H (  7)  4.268669  4.219237  3.096012  1.787290  1.087528  1.815793
   H (  8)  3.678860  3.184435  3.088606  1.804427  1.085847  1.806145
             H (  7)
   H (  8)  1.815567
 
 A cutoff of  1.0D-09 yielded   5384 shell pairs
 There are     55496 function pairs (     82729 Cartesian)
 Smallest overlap matrix eigenvalue = 1.04E-04

 Scale SEOQF with 1.000000e-01/1.000000e-01/1.000000e-01

 Standard Electronic Orientation quadrupole field applied
 Nucleus-field energy     =     0.0000000005 hartrees
 Guess from superposition of atomic densities
 Warning:  Energy on first SCF cycle will be non-variational
 SAD guess density has 42.000000 electrons

 -----------------------------------------------------------------------
  General SCF calculation program by
  Eric Jon Sundstrom, Paul Horn, Yuezhi Mao, Dmitri Zuev, Alec White,
  David Stuck, Shaama M.S., Shane Yost, Joonho Lee, David Small,
  Daniel Levine, Susi Lehtola, Hugh Burton, Evgeny Epifanovsky,
  Bang C. Huynh
 -----------------------------------------------------------------------
 Exchange:     0.2000 Hartree-Fock + 0.0800 Slater + 0.7200 B88
 Correlation:  0.1900 PW92 + 0.8100 PW91
 Using SG-1 standard quadrature grid
 Dispersion:   Grimme D4
 using 32 threads for integral computing
 -------------------------------------------------------
 OpenMP Integral computing Module                
 Release: version 1.0, May 2013, Q-Chem Inc. Pittsburgh 
 -------------------------------------------------------
 A unrestricted SCF calculation will be
 performed using DIIS
 SCF converges when DIIS error is below 1.0e-05
 ---------------------------------------
  Cycle       Energy         DIIS error
 ---------------------------------------
    1    -589.4718140784      8.79e-03  
    2    -588.8844396401      1.70e-03  
    3    -588.4781833205      3.28e-03  
    4    -589.0298154797      6.35e-04  
    5    -589.0448883677      3.72e-04  
    6    -589.0515250533      1.66e-04  
    7    -589.0530335639      4.70e-05  
    8    -589.0532928856      2.30e-05  
    9    -589.0534394089      1.22e-05  
   10    -589.0534783438      3.76e-06  Convergence criterion met
 ---------------------------------------
 SCF time:   CPU 525.91s  wall 17.00s 
<S^2> =          2.013050832
 SCF   energy in the final basis set =     -589.0534783438
 Total energy in the final basis set =     -589.0534783438
 
 --------------------------------------------------------------
 
                    Orbital Energies (a.u.)
 --------------------------------------------------------------
 
 Alpha MOs
 -- Occupied --
-88.9631 -19.2036 -19.1514 -10.1904  -8.0510  -6.0105  -6.0093  -6.0061
 -1.1123  -1.0364  -0.7433  -0.6656  -0.5226  -0.4857  -0.4772  -0.4351
 -0.4337  -0.4261  -0.3860  -0.3515  -0.3302  -0.2204
 -- Virtual --
  0.0107   0.0254   0.0434   0.0921   0.0966   0.1172   0.1219   0.1272
  0.1539   0.1599   0.1928   0.2161   0.2340   0.2472   0.2772   0.2852
  0.2945   0.3108   0.3203   0.3267   0.3347   0.3449   0.3587   0.3594
  0.4034   0.4311   0.4354   0.4776   0.5261   0.5454   0.5952   0.6134
  0.6225   0.6440   0.6512   0.6583   0.6966   0.7107   0.7169   0.7758
  0.7837   0.8146   0.8818   0.8941   0.8946   0.9011   0.9185   0.9208
  0.9271   0.9533   0.9733   0.9764   0.9917   0.9942   1.0030   1.0307
  1.0349   1.0484   1.0811   1.0876   1.1354   1.1482   1.1634   1.2616
  1.2778   1.2904   1.3149   1.3280   1.3580   1.3668   1.3855   1.3997
  1.4207   1.4651   1.4960   1.5663   1.5736   1.5804   1.6173   1.6914
  1.7112   1.7177   1.7702   1.7792   1.7920   1.8336   1.8571   1.8719
  1.9271   1.9301   1.9398   1.9581   2.0025   2.0461   2.0671   2.0922
  2.1103   2.1231   2.1615   2.2051   2.2591   2.2890   2.2946   2.4088
  2.4560   2.4783   2.5100   2.5204   2.5320   2.5766   2.5879   2.6181
  2.6452   2.6737   2.6758   2.6972   2.7149   2.7331   2.7354   2.7658
  2.7692   2.7863   2.7899   2.8320   2.8341   2.8743   2.8905   2.9174
  2.9361   2.9587   3.0190   3.0328   3.0453   3.0840   3.0882   3.1089
  3.1320   3.1627   3.1694   3.2049   3.2566   3.2896   3.3261   3.3326
  3.3484   3.3566   3.3891   3.4228   3.4513   3.4560   3.4948   3.5264
  3.5639   3.5719   3.6185   3.6489   3.6912   3.7592   3.7772   3.7803
  3.8390   3.8526   3.9047   3.9218   3.9607   3.9860   4.0018   4.0887
  4.1188   4.1464   4.1566   4.2084   4.2263   4.2601   4.3567   4.4731
  4.5643   4.5986   4.7000   4.7637   4.7983   4.9185   4.9855   5.0029
  5.0545   5.1507   5.1738   5.2372   5.2501   5.3079   5.3873   5.4728
  5.4913   5.5205   5.6234   5.6996   5.7080   5.8129   5.8269   5.8597
  5.8806   5.8968   5.9897   6.0202   6.0213   6.0821   6.1155   6.1588
  6.2715   6.2893   6.3011   6.3555   6.4428   6.5484   6.5710   6.5753
  6.6206   6.6627   6.7244   6.7748   6.8919   7.0349   7.0634   7.2150
  7.2372   7.2428   7.2560   7.2836   7.3381   7.3693   7.4864   7.5425
  7.5573   7.5616   7.6362   7.6661   7.6991   7.7115   7.7515   7.7565
  7.8710   8.0508   8.1732   8.2319   8.2347   8.2690   8.2989   8.3090
  8.3184   8.3791   8.3839   8.4140   8.4362   8.5041   8.5186   8.5230
  8.5285   8.5662   8.6051   8.6177   8.6234   8.6609   8.7430   8.8017
  8.8121   8.8256   8.8261   8.8362   8.8529   8.8751   8.8895   8.9148
  9.0028   9.0642   9.0805   9.0842   9.1015   9.1650   9.2316   9.3275
  9.3503   9.4030   9.4182   9.5430   9.5856   9.6279   9.8193   9.8647
  9.8758   9.8955  10.0325  10.0431  10.0989  10.3265  10.4189  10.4615
 10.4853  10.9057  10.9236  11.0388  11.1097  11.1453  11.2214  11.3399
 11.5050  11.5531  11.6149  11.6562  11.7022  11.7174  11.7631  11.7916
 11.8663  11.9425  12.0640  12.0834  12.1506  12.1928  12.2039  12.2263
 12.3988  12.5081  12.7677  12.8130  13.5839  13.8643  14.1836  24.3325
 28.5884  28.9881  29.0723  29.3413  47.8111  47.8427  83.7732 148.1711
252.8380 252.8677 450.6438
 
 Beta MOs
 -- Occupied --
-88.9590 -19.1834 -19.1400 -10.1844  -8.0468  -6.0081  -6.0034  -5.9962
 -1.0837  -0.9988  -0.7227  -0.6243  -0.4799  -0.4613  -0.4364  -0.4297
 -0.4244  -0.3921  -0.3374  -0.3220
 -- Virtual --
 -0.2102  -0.0961   0.0283   0.0400   0.0551   0.0941   0.0987   0.1243
  0.1291   0.1296   0.1583   0.1742   0.1976   0.2256   0.2413   0.2665
  0.2824   0.2982   0.3095   0.3287   0.3297   0.3313   0.3480   0.3485
  0.3651   0.3719   0.4074   0.4432   0.4449   0.4819   0.5312   0.5570
  0.6039   0.6217   0.6249   0.6524   0.6586   0.6629   0.7025   0.7159
  0.7226   0.7817   0.7902   0.8217   0.8958   0.9030   0.9080   0.9089
  0.9304   0.9331   0.9590   0.9615   0.9851   0.9859   0.9994   1.0061
  1.0086   1.0444   1.0476   1.0570   1.0899   1.1020   1.1412   1.1672
  1.1757   1.2703   1.2944   1.3070   1.3226   1.3370   1.3669   1.3792
  1.4035   1.4118   1.4296   1.4787   1.5091   1.5777   1.5898   1.5946
  1.6270   1.7034   1.7265   1.7276   1.7717   1.7928   1.8061   1.8448
  1.8644   1.8862   1.9348   1.9376   1.9533   1.9678   2.0144   2.0567
  2.0693   2.0942   2.1183   2.1287   2.1653   2.2192   2.2690   2.2938
  2.2987   2.4214   2.4582   2.4841   2.5120   2.5220   2.5351   2.5936
  2.6064   2.6281   2.6553   2.6835   2.6869   2.7075   2.7171   2.7474
  2.7523   2.7748   2.7817   2.7917   2.8003   2.8417   2.8589   2.8901
  2.8987   2.9236   2.9498   2.9646   3.0343   3.0444   3.0564   3.1000
  3.1062   3.1207   3.1473   3.1754   3.1779   3.2164   3.2765   3.2990
  3.3371   3.3434   3.3718   3.3737   3.4003   3.4461   3.4679   3.4763
  3.5058   3.5407   3.5774   3.5879   3.6397   3.6675   3.7072   3.7640
  3.7838   3.7941   3.8600   3.8769   3.9210   3.9435   3.9747   4.0006
  4.0189   4.1083   4.1363   4.1765   4.1798   4.2310   4.2412   4.2841
  4.3890   4.4838   4.5823   4.6198   4.7165   4.7799   4.8224   4.9289
  4.9994   5.0269   5.0828   5.1623   5.1837   5.2629   5.2666   5.3112
  5.4061   5.5000   5.5070   5.5390   5.6284   5.7075   5.7149   5.8249
  5.8293   5.8606   5.8876   5.9042   5.9965   6.0231   6.0248   6.0933
  6.1300   6.1755   6.2806   6.2930   6.3058   6.3719   6.4597   6.5587
  6.5815   6.5865   6.6323   6.6772   6.7384   6.7889   6.9009   7.0397
  7.0685   7.2182   7.2422   7.2461   7.2636   7.2943   7.3466   7.3793
  7.4880   7.5458   7.5596   7.5657   7.6368   7.6717   7.7034   7.7153
  7.7516   7.7568   7.8766   8.0534   8.1750   8.2345   8.2365   8.2720
  8.3020   8.3105   8.3213   8.3798   8.3830   8.4133   8.4380   8.5144
  8.5319   8.5339   8.5390   8.5798   8.6138   8.6298   8.6349   8.6675
  8.7593   8.8212   8.8287   8.8461   8.8478   8.8572   8.8743   8.8936
  8.8951   8.9367   9.0232   9.0812   9.0936   9.1054   9.1232   9.1800
  9.2466   9.3343   9.3687   9.4158   9.4382   9.5453   9.5890   9.6367
  9.8332   9.8719   9.8849   9.9044  10.0399  10.0570  10.1137  10.3672
 10.4352  10.4775  10.4861  10.9373  10.9549  11.0766  11.1396  11.1719
 11.2502  11.3884  11.5280  11.5857  11.6314  11.6760  11.7223  11.7486
 11.7770  11.8293  11.9193  11.9797  12.1193  12.1221  12.1937  12.2373
 12.2429  12.2518  12.4323  12.5477  12.7934  12.8626  13.6105  13.8907
 14.2134  24.3400  28.6024  28.9928  29.0827  29.3433  47.8288  47.8720
 83.7791 148.1744 252.8438 252.8765 450.6468
 --------------------------------------------------------------
 
          Ground-State Mulliken Net Atomic Charges

     Atom                 Charge (a.u.)    Spin (a.u.)
  --------------------------------------------------------
      1 S                     0.504417       0.671788
      2 O                    -0.386136       0.353392
      3 O                    -0.338615       0.645747
      4 H                     0.142316      -0.002295
      5 C                    -0.196951       0.321290
      6 H                     0.097638       0.000961
      7 H                     0.080586       0.007845
      8 H                     0.096744       0.001271
  --------------------------------------------------------
  Sum of atomic charges =     0.000000
  Sum of spin   charges =     2.000000

 -----------------------------------------------------------------
                    Cartesian Multipole Moments
 -----------------------------------------------------------------
    Charge (ESU x 10^10)
                 0.0000
    Dipole Moment (Debye)
         X       0.5653      Y       0.9226      Z       0.9186
       Tot       1.4194
    Quadrupole Moments (Debye-Ang)
        XX     -34.6428     XY      -0.8701     YY     -26.7301
        XZ      -1.5517     YZ       3.2240     ZZ     -28.1771
    Octopole Moments (Debye-Ang^2)
       XXX      -7.6763    XXY     -14.8037    XYY      -3.0296
       YYY     -33.6635    XXZ      -9.4572    XYZ       0.6831
       YYZ      -4.4282    XZZ      -3.2295    YZZ      -8.9777
       ZZZ     -24.2716
    Hexadecapole Moments (Debye-Ang^3)
      XXXX    -144.5633   XXXY       2.7691   XXYY     -69.3075
      XYYY       5.7261   YYYY    -263.5549   XXXZ      -7.1775
      XXYZ     -33.0926   XYYZ       2.9009   YYYZ     -89.8424
      XXZZ     -57.8234   XYZZ       5.0752   YYZZ     -70.6422
      XZZZ      -3.4439   YZZZ     -90.8748   ZZZZ    -205.6801
 -----------------------------------------------------------------
 Total job time:  19.27s(wall), 554.21s(cpu) 
 Thu Aug  1 16:00:00 2024

        *************************************************************
        *                                                           *
        *  Thank you very much for using Q-Chem.  Have a nice day.  *
        *                                                           *
        *************************************************************


