
Running Job 1 of 1 CA1-R1_rdkit_conf_4_wb97xd-B3PW91.in
qchem CA1-R1_rdkit_conf_4_wb97xd-B3PW91.in_3707877.0 /expanse/lustre/scratch/whughes/temp_project/job_32692109/CA1-R1_rdkit_conf_4_wb97xd-B3PW91-32692109/ 0
/cm/shared/apps/spack/0.17.3/cpu/b/opt/spack/linux-rocky8-zen2/gcc-10.2.0/qchem-6.0-rytxnwjazd34ekd2gqyi5ufsaimxsd3r/exe/qcprog.exe_s CA1-R1_rdkit_conf_4_wb97xd-B3PW91.in_3707877.0 /expanse/lustre/scratch/whughes/temp_project/job_32692109/CA1-R1_rdkit_conf_4_wb97xd-B3PW91-32692109/
                  Welcome to Q-Chem
     A Quantum Leap Into The Future Of Chemistry


 Q-Chem 6.0, Q-Chem, Inc., Pleasanton, CA (2022)

 License issued to: University of California, San Diego (site)

 E. Epifanovsky,  A. T. B. Gilbert,  Xintian Feng,  Joonho Lee,  Yuezhi Mao,  
 N. Mardirossian,  P. Pokhilko,  A. White,  M. Wormit,  M. P. Coons,  
 A. L. Dempwolff,  Zhengting Gan,  D. Hait,  P. R. Horn,  L. D. Jacobson,  
 I. Kaliman,  J. Kussmann,  A. W. Lange,  Ka Un Lao,  D. S. Levine,  Jie Liu,  
 S. C. McKenzie,  A. F. Morrison,  K. Nanda,  F. Plasser,  D. R. Rehn,  
 M. L. Vidal,  Zhi-Qiang You,  Ying Zhu,  B. Alam,  B. Albrecht,  
 A. Aldossary,  E. Alguire,  J. H. Andersen,  V. Athavale,  D. Barton,  
 K. Begam,  A. Behn,  N. Bellonzi,  Y. A. Bernard,  E. J. Berquist,  
 H. Burton,  A. Carreras,  K. Carter-Fenk,  Romit Chakraborty,  
 Chandrima Chakravarty,  Junhan Chen,  A. D. Chien,  K. D. Closser,  
 V. Cofer-Shabica,  L. Cunha,  S. Dasgupta,  Jia Deng,  M. de Wergifosse,  
 M. Diedenhofen,  Hainam Do,  S. Ehlert,  Po-Tung Fang,  S. Fatehi,  
 Qingguo Feng,  T. Friedhoff,  B. Ganoe,  J. Gayvert,  Qinghui Ge,  
 G. Gidofalvi,  M. Goldey,  J. Gomes,  C. Gonzalez-Espinoza,  S. Gulania,  
 A. Gunina,  J. A. Gyamfi,  M. W. D. Hanson-Heine,  P. H. P. Harbach,  
 A. W. Hauser,  M. F. Herbst,  M. Hernandez Vera,  M. Hodecker,  
 Z. C. Holden,  S. Houck,  Xunkun Huang,  Kerwin Hui,  B. C. Huynh,  
 K. Ikeda,  M. Ivanov,  Hyunjun Ji,  Zuxin Jin,  Hanjie Jiang,  B. Kaduk,  
 S. Kaehler,  R. Kang,  K. Khistyaev,  Jaehoon Kim,  Yongbin Kim,  
 P. Klunzinger,  Z. Koczor-Benda,  Joong Hoon Koh,  D. Kosenkov,  
 Saikiran Kotaru,  L. Koulias,  T. Kowalczyk,  C. M. Krauter,  K. Kue,  
 A. Kunitsa,  T. Kus,  A. Landau,  K. V. Lawler,  D. Lefrancois,  S. Lehtola,  
 Rain Li,  Shaozhi Li,  Yi-Pei Li,  Jiashu Liang,  M. Liebenthal,  
 Hung-Hsuan Lin,  You-Sheng Lin,  Fenglai Liu,  Kuan-Yu Liu,  
 M. Loipersberger,  A. Luenser,  C. Malbon,  A. Manjanath,  P. Manohar,  
 E. Mansoor,  S. F. Manzer,  Shan-Ping Mao,  A. V. Marenich,  T. Markovich,  
 S. Mason,  F. Matz,  S. A. Maurer,  P. F. McLaughlin,  M. F. S. J. Menger,  
 J.-M. Mewes,  S. A. Mewes,  P. Morgante,  Mohammad Mostafanejad,  
 J. W. Mullinax,  K. J. Oosterbaan,  G. Paran,  V. Parravicini,  
 Alexander C. Paul,  Suranjan K. Paul,  F. Pavosevic,  Zheng Pei,  S. Prager,  
 E. I. Proynov,  E. Ramos,  B. Rana,  A. E. Rask,  A. Rettig,  R. M. Richard,  
 F. Rob,  E. Rossomme,  T. Scheele,  M. Scheurer,  M. Schneider,  
 P. E. Schneider,  N. Sergueev,  S. M. Sharada,  Hengyuan Shen,  
 W. Skomorowski,  D. W. Small,  C. J. Stein,  Yingli Su,  Yu-Chuan Su,  
 E. J. Sundstrom,  Zhen Tao,  J. Thirman,  Hung-Yi Tsai,  T. Tsuchimochi,  
 N. M. Tubman,  C. Utku,  S. P. Veccham,  O. Vydrov,  J. Wenzel,  
 Jonathan Wong,  J. Witte,  A. Yamada,  Chou-Hsun Yang,  Kun Yao,  
 S. Yeganeh,  S. R. Yost,  A. Zech,  F. Zeller,  Igor Ying Zhang,  
 Xing Zhang,  Yu Zhang,  D. Zuev,  A. Aspuru-Guzik,  A. T. Bell,  
 N. A. Besley,  K. B. Bravaya,  B. R. Brooks,  D. Casanova,  Jeng-Da Chai,  
 Hsing-Ta Chen,  S. Coriani,  C. J. Cramer,  A. E. DePrince, III,  
 R. A. DiStasio Jr.,  A. Dreuw,  B. D. Dunietz,  T. R. Furlani,  
 W. A. Goddard III,  S. Grimme,  S. Hammes-Schiffer,  T. Head-Gordon,  
 W. J. Hehre,  Chao-Ping Hsu,  T.-C. Jagau,  Yousung Jung,  A. Klamt,  
 Jing Kong,  D. S. Lambrecht,  Xiangyuan Li,  WanZhen Liang,  N. J. Mayhall,  
 C. W. McCurdy,  J. B. Neaton,  T. Neudecker,  C. Ochsenfeld,  
 J. A. Parkhill,  R. Peverati,  V. A. Rassolov,  Haisheng Ren,  Yihan Shao,  
 L. V. Slipchenko,  R. P. Steele,  J. E. Subotnik,  A. J. W. Thom,  
 A. Tkatchenko,  D. G. Truhlar,  T. Van Voorhis,  Fan Wang,  
 T. A. Wesolowski,  K. B. Whaley,  H. L. Woodcock III,  P. M. Zimmerman,  
 S. Faraji,  P. M. W. Gill,  M. Head-Gordon,  J. M. Herbert,  A. I. Krylov

 Contributors to earlier versions of Q-Chem not listed above: 
 R. D. Adamson,  B. Austin,  R. Baer,  J. Baker,  G. J. O. Beran,  
 K. Brandhorst,  S. T. Brown,  E. F. C. Byrd,  Arup K. Chakraborty,  
 G. K. L. Chan,  Chun-Min Chang,  Yunqing Chen,  C.-L. Cheng,  
 Siu Hung Chien,  D. M. Chipman,  D. L. Crittenden,  H. Dachsel,  
 R. J. Doerksen,  A. D. Dutoi,  R. G. Edgar,  J. Fosso-Tande,  
 L. Fusti-Molnar,  D. Ghosh,  A. Ghysels,  A. Golubeva-Zadorozhnaya,  
 J. Gonthier,  M. S. Gordon,  S. R. Gwaltney,  G. Hawkins,  J. E. Herr,  
 A. Heyden,  S. Hirata,  E. G. Hohenstein,  G. Kedziora,  F. J. Keil,  
 C. Kelley,  Jihan Kim,  R. A. King,  R. Z. Khaliullin,  P. P. Korambath,  
 W. Kurlancheek,  A. Laurent,  A. M. Lee,  M. S. Lee,  S. V. Levchenko,  
 Ching Yeh Lin,  D. Liotard,  E. Livshits,  R. C. Lochan,  I. Lotan,  
 L. A. Martinez-Martinez,  P. E. Maslen,  N. Nair,  D. P. O'Neill,  
 D. Neuhauser,  E. Neuscamman,  C. M. Oana,  R. Olivares-Amaya,  R. Olson,  
 T. M. Perrine,  B. Peters,  P. A. Pieniazek,  A. Prociuk,  Y. M. Rhee,  
 J. Ritchie,  M. A. Rohrdanz,  E. Rosta,  N. J. Russ,  H. F. Schaefer III,  
 M. W. Schmidt,  N. E. Schultz,  S. Sharma,  N. Shenvi,  C. D. Sherrill,  
 A. C. Simmonett,  A. Sodt,  T. Stein,  D. Stuck,  K. S. Thanthiriwatte,  
 V. Vanovschi,  L. Vogt,  Tao Wang,  A. Warshel,  M. A. Watson,  
 C. F. Williams,  Q. Wu,  X. Xu,  Jun Yang,  W. Zhang,  Yan Zhao

   Please cite Q-Chem as follows:
  "Software for the frontiers of quantum chemistry:
   An overview of developments in the Q-Chem 5 package"
   J. Chem. Phys. 155, 084801 (2021)
   https://doi.org/10.1063/5.0055522 (open access)

 Q-Chem 6.0.2 for Intel X86 EM64T Linux

 Parts of Q-Chem use Armadillo 9.900.5 (Nocturnal Misbehaviour).
 http://arma.sourceforge.net/

 Q-Chem begins on Thu Aug  1 11:21:02 2024  

 Host: 
0

     Scratch files written to /expanse/lustre/scratch/whughes/temp_project/job_32692109/CA1-R1_rdkit_conf_4_wb97xd-B3PW91-32692109//
 Dec722 |scratch|qcdevops|jenkins|workspace|build_RNUM    
 Processing $rem in /cm/shared/apps/spack/0.17.3/cpu/b/opt/spack/linux-rocky8-zen2/gcc-10.2.0/qchem-6.0-rytxnwjazd34ekd2gqyi5ufsaimxsd3r/config/preferences:
 Processing $rem in /home/whughes/.qchemrc:

 Checking the input file for inconsistencies... 	...done.

--------------------------------------------------------------
User input:
--------------------------------------------------------------
$molecule
0 3
O    -4.4601914352   0.9540924772    -0.5913617693
C    -3.4598773823   0.5419686449    -0.0903714735
O    -3.3838082008   0.2665654291    1.2525474959
C    -2.0943647028   -0.2049190062   1.5779147674
C    -1.3569543938   -0.2002137702   0.2766507659
O    -0.0964840586   -0.6054390069   0.2809268438
C    0.5864227011    -0.5583693074   -0.9664062296
C    2.0185531397    -0.9852538141   -0.7354761372
C    2.757167962     -0.0809549725   0.1780491235
F    3.9498922505    -0.5428266177   0.5919289951
C    2.5355778032    1.3499494762    0.3172488041
F    3.2743511083    2.1696969965    -0.4304447791
F    2.4352450603    1.8398659569    1.5429612171
C    -2.1572196546   0.2390563373    -0.6972461671
H    -1.6252479729   0.4591592751    2.3080130626
H    -2.1595689504   -1.2093737749   2.0031574654
H    0.0974234682    -1.2336579599   -1.6735800756
H    0.535012334     0.4597314369    -1.3646891307
H    2.0440014019    -1.9971722922   -0.3223367925
H    2.5226965121    -1.0348407755   -1.7103572072
H    -1.96252699     0.3728352676    -1.7472287791
$end

$rem
METHOD      B3PW91
BASIS       def2-QZVPP
SYM_IGNORE   TRUE
DFT_D       D4
MAX_SCF_CYCLES 300
$end

$end
--------------------------------------------------------------
 Adding empirical dispersion correction 
 ----------------------------------------------------------------
 Doing -D4(0) with B3PW parameters:
 s6  =   1.00000
 s8  =   2.88364
 s10 =   0.00000
 s9 =   1.00000
 a1  =   0.46991
 a2  =   4.51641
 -D4 energy including 3body term = -0.0308414859 hartrees
 ----------------------------------------------------------------
             Standard Nuclear Orientation (Angstroms)
    I     Atom           X                Y                Z
 ----------------------------------------------------------------
    1      O      -4.4601914352     0.9540924772    -0.5913617693
    2      C      -3.4598773823     0.5419686449    -0.0903714735
    3      O      -3.3838082008     0.2665654291     1.2525474959
    4      C      -2.0943647028    -0.2049190062     1.5779147674
    5      C      -1.3569543938    -0.2002137702     0.2766507659
    6      O      -0.0964840586    -0.6054390069     0.2809268438
    7      C       0.5864227011    -0.5583693074    -0.9664062296
    8      C       2.0185531397    -0.9852538141    -0.7354761372
    9      C       2.7571679620    -0.0809549725     0.1780491235
   10      F       3.9498922505    -0.5428266177     0.5919289951
   11      C       2.5355778032     1.3499494762     0.3172488041
   12      F       3.2743511083     2.1696969965    -0.4304447791
   13      F       2.4352450603     1.8398659569     1.5429612171
   14      C      -2.1572196546     0.2390563373    -0.6972461671
   15      H      -1.6252479729     0.4591592751     2.3080130626
   16      H      -2.1595689504    -1.2093737749     2.0031574654
   17      H       0.0974234682    -1.2336579599    -1.6735800756
   18      H       0.5350123340     0.4597314369    -1.3646891307
   19      H       2.0440014019    -1.9971722922    -0.3223367925
   20      H       2.5226965121    -1.0348407755    -1.7103572072
   21      H      -1.9625269900     0.3728352676    -1.7472287791
 ----------------------------------------------------------------
 Nuclear Repulsion Energy =         897.89979275 hartrees
 There are       54 alpha and       52 beta electrons
 Requested basis set is def2-QZVPP
 There are 308 shells and 1008 basis functions

 Total QAlloc Memory Limit   8000 MB
 Mega-Array Size       188 MB
 MEM_STATIC part       192 MB

 A cutoff of  1.0D-09 yielded  28627 shell pairs
 There are    293305 function pairs (    439848 Cartesian)
 Smallest overlap matrix eigenvalue = 2.49E-05

 Q-Chem warning in module stvman/mkSTV.C, line 305:

 Overlap eigenvalue is smaller than square root of threshold
 Use THRESH >= 12 to get rid of this warning


 Scale SEOQF with 1.000000e-01/1.000000e-01/1.000000e-01

 Standard Electronic Orientation quadrupole field applied
 Nucleus-field energy     =     0.0000000276 hartrees
 Guess from superposition of atomic densities
 Warning:  Energy on first SCF cycle will be non-variational
 SAD guess density has 106.000000 electrons

 -----------------------------------------------------------------------
  General SCF calculation program by
  Eric Jon Sundstrom, Paul Horn, Yuezhi Mao, Dmitri Zuev, Alec White,
  David Stuck, Shaama M.S., Shane Yost, Joonho Lee, David Small,
  Daniel Levine, Susi Lehtola, Hugh Burton, Evgeny Epifanovsky,
  Bang C. Huynh
 -----------------------------------------------------------------------
 Exchange:     0.2000 Hartree-Fock + 0.0800 Slater + 0.7200 B88
 Correlation:  0.1900 PW92 + 0.8100 PW91
 Using SG-1 standard quadrature grid
 Dispersion:   Grimme D4
 using 32 threads for integral computing
 -------------------------------------------------------
 OpenMP Integral computing Module                
 Release: version 1.0, May 2013, Q-Chem Inc. Pittsburgh 
 -------------------------------------------------------
 A unrestricted SCF calculation will be
 performed using DIIS
 SCF converges when DIIS error is below 1.0e-05
 ---------------------------------------
  Cycle       Energy         DIIS error
 ---------------------------------------
    1    -837.1498339756      6.22e-03  
    2    -834.0309989146      7.13e-04  
    3    -832.9497378640      1.49e-03  
    4    -834.1114800165      4.99e-04  
    5    -834.2185160571      1.35e-04  
    6    -834.2248341581      9.58e-05  
    7    -834.2285060283      2.84e-05  
    8    -834.2288269832      1.01e-05  
    9    -834.2288737516      4.51e-06  Convergence criterion met
 ---------------------------------------
 SCF time:   CPU 7747.22s  wall 263.00s 
<S^2> =          2.005671291
 SCF   energy in the final basis set =     -834.2288737516
 Total energy in the final basis set =     -834.2288737516
 
 --------------------------------------------------------------
 
                    Orbital Energies (a.u.)
 --------------------------------------------------------------
 
 Alpha MOs
 -- Occupied --
-24.7293 -24.7285 -24.7211 -19.2037 -19.1678 -19.0988 -10.3578 -10.2973
-10.2896 -10.2683 -10.2641 -10.2470 -10.2197 -10.1847  -1.3159  -1.2718
 -1.2550  -1.1359  -1.1169  -1.0359  -0.8701  -0.8281  -0.7852  -0.7536
 -0.7103  -0.6565  -0.6228  -0.6056  -0.6043  -0.5927  -0.5720  -0.5574
 -0.5407  -0.5247  -0.5220  -0.5147  -0.4992  -0.4859  -0.4795  -0.4728
 -0.4532  -0.4497  -0.4419  -0.4232  -0.4200  -0.4162  -0.3950  -0.3838
 -0.3756  -0.3111  -0.2832  -0.2798  -0.2614  -0.2520
 -- Virtual --
 -0.0393   0.0079   0.0256   0.0305   0.0343   0.0498   0.0567   0.0648
  0.0739   0.0802   0.0814   0.0852   0.1016   0.1120   0.1153   0.1300
  0.1367   0.1416   0.1489   0.1548   0.1603   0.1651   0.1757   0.1812
  0.1930   0.2007   0.2077   0.2171   0.2181   0.2223   0.2287   0.2319
  0.2388   0.2479   0.2622   0.2641   0.2689   0.2756   0.2774   0.2825
  0.2894   0.2901   0.2919   0.3016   0.3052   0.3068   0.3192   0.3322
  0.3400   0.3453   0.3575   0.3619   0.3676   0.3688   0.3825   0.3851
  0.3946   0.3985   0.4166   0.4233   0.4275   0.4368   0.4400   0.4416
  0.4507   0.4643   0.4697   0.4731   0.4857   0.5019   0.5099   0.5153
  0.5162   0.5226   0.5258   0.5314   0.5407   0.5431   0.5507   0.5591
  0.5719   0.5838   0.5901   0.6028   0.6121   0.6142   0.6217   0.6297
  0.6528   0.6584   0.6682   0.6731   0.6759   0.6848   0.6937   0.7024
  0.7113   0.7230   0.7258   0.7301   0.7373   0.7394   0.7595   0.7663
  0.7741   0.7745   0.7872   0.7951   0.7984   0.8055   0.8108   0.8165
  0.8257   0.8276   0.8340   0.8410   0.8492   0.8539   0.8696   0.8755
  0.8898   0.8942   0.9068   0.9123   0.9192   0.9334   0.9396   0.9484
  0.9520   0.9596   0.9702   0.9820   0.9863   0.9984   1.0112   1.0173
  1.0287   1.0322   1.0446   1.0512   1.0580   1.0695   1.0857   1.0875
  1.0979   1.1073   1.1131   1.1208   1.1342   1.1481   1.1663   1.1716
  1.1830   1.1881   1.2013   1.2093   1.2199   1.2267   1.2442   1.2519
  1.2689   1.2732   1.2857   1.3120   1.3182   1.3340   1.3416   1.3508
  1.3578   1.3690   1.3987   1.4055   1.4200   1.4250   1.4321   1.4327
  1.4464   1.4524   1.4639   1.4810   1.4989   1.5213   1.5298   1.5368
  1.5604   1.5732   1.5752   1.5961   1.6064   1.6200   1.6306   1.6429
  1.6505   1.6524   1.6660   1.6728   1.6745   1.6790   1.6892   1.6953
  1.7000   1.7090   1.7134   1.7266   1.7325   1.7406   1.7459   1.7537
  1.7574   1.7710   1.7725   1.7798   1.7948   1.8039   1.8152   1.8204
  1.8326   1.8350   1.8469   1.8495   1.8544   1.8579   1.8653   1.8721
  1.8910   1.8948   1.9047   1.9143   1.9221   1.9371   1.9380   1.9419
  1.9457   1.9589   1.9673   1.9721   1.9829   1.9892   1.9935   2.0050
  2.0089   2.0184   2.0351   2.0379   2.0424   2.0492   2.0580   2.0674
  2.0741   2.0818   2.0851   2.0907   2.0991   2.1102   2.1221   2.1279
  2.1494   2.1545   2.1597   2.1734   2.1787   2.1857   2.1984   2.2069
  2.2108   2.2309   2.2417   2.2477   2.2506   2.2651   2.2718   2.2761
  2.2876   2.3041   2.3097   2.3158   2.3286   2.3401   2.3459   2.3596
  2.3646   2.3801   2.3888   2.3979   2.4189   2.4251   2.4303   2.4428
  2.4464   2.4596   2.4668   2.4726   2.4902   2.4989   2.5043   2.5115
  2.5274   2.5456   2.5492   2.5514   2.5543   2.5644   2.5929   2.6010
  2.6148   2.6271   2.6323   2.6399   2.6629   2.6668   2.6820   2.6876
  2.6928   2.7034   2.7214   2.7247   2.7389   2.7635   2.7688   2.7779
  2.7949   2.7991   2.8046   2.8182   2.8269   2.8361   2.8382   2.8411
  2.8504   2.8706   2.8800   2.8932   2.8965   2.9150   2.9185   2.9394
  2.9516   2.9663   2.9814   2.9911   3.0045   3.0125   3.0277   3.0585
  3.0659   3.0741   3.0970   3.1047   3.1239   3.1459   3.1522   3.1617
  3.1641   3.1869   3.2043   3.2257   3.2309   3.2540   3.2666   3.2770
  3.2999   3.3041   3.3175   3.3320   3.3520   3.3692   3.3783   3.3888
  3.4118   3.4321   3.4390   3.4472   3.4520   3.4691   3.4864   3.5033
  3.5171   3.5176   3.5306   3.5425   3.5561   3.5780   3.6045   3.6088
  3.6222   3.6496   3.6656   3.6966   3.7055   3.7417   3.7444   3.7645
  3.7756   3.8014   3.8300   3.8403   3.8523   3.8586   3.8776   3.8949
  3.9045   3.9412   3.9527   3.9647   3.9693   3.9906   4.0028   4.0174
  4.0482   4.0692   4.0751   4.1005   4.1034   4.1061   4.1103   4.1396
  4.1450   4.1497   4.1625   4.1731   4.1867   4.2076   4.2204   4.2418
  4.2605   4.2715   4.2821   4.2878   4.2972   4.3255   4.3376   4.3402
  4.3639   4.3682   4.3843   4.3861   4.4026   4.4166   4.4325   4.4432
  4.4719   4.5032   4.5141   4.5259   4.5380   4.5523   4.5608   4.5673
  4.6040   4.6234   4.6510   4.6638   4.6713   4.6860   4.6982   4.7209
  4.7550   4.7640   4.7909   4.8212   4.8465   4.8607   4.8924   4.9072
  4.9195   4.9543   4.9629   4.9695   4.9784   5.0039   5.0161   5.0266
  5.0365   5.0447   5.0650   5.0874   5.1131   5.1231   5.1395   5.1412
  5.1546   5.1744   5.1888   5.1963   5.2065   5.2203   5.2343   5.2457
  5.2697   5.2765   5.2859   5.2911   5.3023   5.3108   5.3242   5.3263
  5.3549   5.3768   5.3867   5.4211   5.4340   5.4488   5.4581   5.4827
  5.4906   5.5015   5.5069   5.5162   5.5309   5.5405   5.5557   5.5745
  5.5882   5.5940   5.6099   5.6111   5.6348   5.6568   5.6701   5.6756
  5.6832   5.6929   5.7094   5.7152   5.7298   5.7353   5.7485   5.7692
  5.7858   5.8049   5.8217   5.8266   5.8334   5.8438   5.8626   5.8705
  5.8806   5.8878   5.9042   5.9050   5.9129   5.9145   5.9192   5.9428
  5.9575   5.9618   5.9716   5.9795   5.9954   6.0081   6.0156   6.0164
  6.0291   6.0345   6.0436   6.0560   6.0678   6.0698   6.0779   6.0952
  6.1034   6.1178   6.1229   6.1256   6.1326   6.1391   6.1506   6.1629
  6.1706   6.1902   6.2040   6.2097   6.2121   6.2231   6.2433   6.2496
  6.2513   6.2729   6.2813   6.2853   6.2945   6.3052   6.3154   6.3223
  6.3401   6.3446   6.3573   6.3630   6.3676   6.3777   6.3872   6.4089
  6.4112   6.4194   6.4307   6.4498   6.4569   6.4680   6.4764   6.4940
  6.5062   6.5083   6.5212   6.5274   6.5385   6.5627   6.5729   6.5829
  6.5892   6.5933   6.6196   6.6216   6.6434   6.6502   6.6588   6.6705
  6.6801   6.6901   6.7019   6.7231   6.7279   6.7436   6.7555   6.7882
  6.8118   6.8255   6.8350   6.8520   6.8680   6.8817   6.8889   6.9082
  6.9225   6.9308   6.9335   6.9597   6.9735   6.9849   6.9975   7.0125
  7.0392   7.0707   7.0887   7.1107   7.1153   7.1261   7.1503   7.1602
  7.1691   7.1938   7.1988   7.2335   7.2498   7.2753   7.2920   7.3025
  7.3081   7.3366   7.3489   7.3598   7.3720   7.4014   7.4190   7.4461
  7.4505   7.4669   7.4856   7.4969   7.5124   7.5355   7.5470   7.5669
  7.5899   7.5996   7.6046   7.6219   7.6388   7.6494   7.6644   7.6782
  7.6827   7.7094   7.7207   7.7443   7.7669   7.7832   7.8095   7.8210
  7.8236   7.8415   7.8646   7.8759   7.8820   7.8872   7.9252   7.9327
  7.9354   7.9645   7.9757   7.9940   7.9974   8.0194   8.0365   8.0460
  8.0810   8.1155   8.1238   8.1374   8.1577   8.2198   8.2453   8.2711
  8.2812   8.2938   8.3266   8.3301   8.3331   8.3534   8.3729   8.3784
  8.4075   8.4125   8.4309   8.4375   8.4509   8.4627   8.4746   8.4973
  8.5082   8.5275   8.5339   8.5613   8.5775   8.6094   8.6179   8.6392
  8.6768   8.6854   8.6955   8.7400   8.7449   8.7692   8.8055   8.8261
  8.8546   8.8788   8.8816   8.8913   8.8954   8.9173   8.9252   8.9854
  9.0433   9.0616   9.0929   9.1000   9.1407   9.1815   9.1831   9.2077
  9.2150   9.2281   9.2359   9.2608   9.2941   9.3348   9.4231   9.4377
  9.4704   9.5010   9.5178   9.5520   9.5644   9.5944   9.5968   9.6453
  9.6664   9.7300   9.7621   9.7852   9.7941   9.8150   9.8655   9.8903
  9.8923   9.9173   9.9305   9.9542   9.9800  10.0066  10.0227  10.0304
 10.0548  10.0550  10.0807  10.1388  10.1473  10.1750  10.2064  10.2174
 10.2511  10.2913  10.3278  10.3332  10.4016  10.4617  10.4862  10.5299
 10.6787  10.8266  10.8916  10.9384  11.0135  11.0172  11.0582  11.2127
 11.3288  11.3292  11.3308  11.3327  11.3389  11.3410  11.3436  11.3461
 11.3634  11.3893  11.3926  11.3981  11.4036  11.4342  11.4978  11.5273
 11.5455  11.5500  11.5751  11.5896  11.6617  11.6815  11.7049  11.7792
 11.8096  11.8533  11.8646  11.8774  11.9601  11.9760  12.0097  12.0166
 12.0195  12.0255  12.0424  12.0640  12.1015  12.1087  12.1470  12.1597
 12.1624  12.1825  12.2016  12.2164  12.2233  12.3050  12.3270  12.3480
 12.3872  12.3964  12.4609  12.5403  12.6008  12.6533  12.6777  12.7205
 12.8080  12.8376  12.9905  13.0752  13.1869  13.2795  13.3458  13.5533
 13.6468  13.7613  13.9483  14.1562  14.5079  14.5107  14.5210  14.5339
 14.5405  14.5622  14.6054  14.6957  14.7039  14.7435  14.7552  14.8073
 14.8422  14.8484  14.8790  14.9095  14.9449  15.0741  15.4461  15.4757
 15.5053  15.5538  15.6375  15.6814  15.7529  15.8266  15.8440  15.8595
 15.8849  15.9527  16.0872  16.1142  16.1280  16.2377  16.2721  16.3252
 16.5713  16.6665  16.6717  16.7104  16.7525  16.7739  28.0163  28.2048
 28.3223  28.5009  28.8992  28.9314  29.0253  29.1334  48.2329  48.3152
 48.4181  54.4245  54.5355  54.6775 147.0636 147.2806 147.3417 147.5392
147.9906 148.0333 148.1589 148.2215 253.3058 253.4038 253.5275 285.4004
285.5328 285.7071
 
 Beta MOs
 -- Occupied --
-24.7248 -24.7235 -24.7157 -19.2036 -19.1678 -19.0986 -10.3426 -10.2897
-10.2815 -10.2683 -10.2638 -10.2470 -10.2206 -10.1847  -1.3043  -1.2594
 -1.2449  -1.1357  -1.1169  -1.0357  -0.8614  -0.8212  -0.7665  -0.7460
 -0.7029  -0.6425  -0.6207  -0.6025  -0.5909  -0.5824  -0.5588  -0.5517
 -0.5270  -0.5167  -0.5131  -0.4966  -0.4900  -0.4783  -0.4693  -0.4573
 -0.4469  -0.4436  -0.4392  -0.4214  -0.4193  -0.4092  -0.3940  -0.3802
 -0.3750  -0.3110  -0.2827  -0.2789
 -- Virtual --
 -0.1003  -0.0914  -0.0388   0.0116   0.0284   0.0323   0.0395   0.0529
  0.0592   0.0686   0.0758   0.0816   0.0862   0.0874   0.1053   0.1150
  0.1219   0.1349   0.1406   0.1521   0.1550   0.1630   0.1739   0.1791
  0.1841   0.1911   0.1991   0.2039   0.2116   0.2206   0.2235   0.2243
  0.2327   0.2353   0.2456   0.2571   0.2657   0.2665   0.2715   0.2791
  0.2849   0.2903   0.2927   0.2950   0.2967   0.3046   0.3101   0.3119
  0.3237   0.3367   0.3445   0.3520   0.3631   0.3652   0.3712   0.3746
  0.3873   0.3909   0.3978   0.4030   0.4187   0.4256   0.4306   0.4379
  0.4418   0.4439   0.4529   0.4660   0.4717   0.4753   0.4893   0.5046
  0.5139   0.5179   0.5187   0.5242   0.5293   0.5335   0.5422   0.5481
  0.5540   0.5648   0.5765   0.5897   0.5951   0.6058   0.6171   0.6195
  0.6251   0.6361   0.6560   0.6647   0.6728   0.6800   0.6853   0.6896
  0.7033   0.7179   0.7213   0.7271   0.7318   0.7389   0.7398   0.7450
  0.7657   0.7688   0.7779   0.7817   0.7913   0.7998   0.8031   0.8139
  0.8182   0.8191   0.8278   0.8358   0.8410   0.8439   0.8531   0.8568
  0.8740   0.8804   0.8962   0.8977   0.9081   0.9140   0.9230   0.9414
  0.9443   0.9512   0.9564   0.9657   0.9722   0.9877   0.9896   1.0030
  1.0161   1.0206   1.0322   1.0365   1.0485   1.0538   1.0610   1.0732
  1.0882   1.0911   1.1037   1.1091   1.1193   1.1285   1.1392   1.1524
  1.1709   1.1779   1.1870   1.1901   1.2067   1.2127   1.2211   1.2305
  1.2454   1.2587   1.2736   1.2751   1.2920   1.3161   1.3196   1.3362
  1.3437   1.3528   1.3589   1.3712   1.4067   1.4133   1.4222   1.4277
  1.4353   1.4358   1.4491   1.4540   1.4697   1.4861   1.5043   1.5231
  1.5395   1.5433   1.5665   1.5750   1.5834   1.5995   1.6132   1.6270
  1.6322   1.6496   1.6552   1.6616   1.6699   1.6773   1.6789   1.6876
  1.6998   1.7033   1.7057   1.7173   1.7229   1.7309   1.7393   1.7482
  1.7551   1.7619   1.7644   1.7761   1.7783   1.7887   1.8000   1.8082
  1.8176   1.8265   1.8359   1.8475   1.8507   1.8534   1.8633   1.8644
  1.8733   1.8789   1.8974   1.9026   1.9089   1.9224   1.9370   1.9412
  1.9425   1.9512   1.9522   1.9649   1.9708   1.9776   1.9862   1.9966
  1.9990   2.0116   2.0172   2.0248   2.0440   2.0457   2.0488   2.0528
  2.0633   2.0737   2.0796   2.0862   2.0928   2.0971   2.1028   2.1168
  2.1289   2.1368   2.1549   2.1688   2.1706   2.1834   2.1942   2.2007
  2.2066   2.2102   2.2153   2.2370   2.2458   2.2526   2.2595   2.2711
  2.2784   2.2822   2.2936   2.3066   2.3167   2.3250   2.3345   2.3458
  2.3528   2.3694   2.3740   2.3871   2.3963   2.4038   2.4269   2.4312
  2.4365   2.4452   2.4531   2.4638   2.4726   2.4868   2.4968   2.5048
  2.5087   2.5172   2.5318   2.5516   2.5534   2.5605   2.5656   2.5717
  2.5997   2.6081   2.6229   2.6351   2.6376   2.6481   2.6676   2.6695
  2.6866   2.6917   2.7040   2.7091   2.7269   2.7298   2.7462   2.7707
  2.7749   2.7816   2.7996   2.8044   2.8090   2.8248   2.8343   2.8391
  2.8409   2.8457   2.8600   2.8767   2.8898   2.8998   2.9024   2.9213
  2.9243   2.9474   2.9584   2.9699   2.9848   2.9967   3.0115   3.0167
  3.0350   3.0624   3.0686   3.0797   3.0992   3.1124   3.1270   3.1514
  3.1580   3.1655   3.1772   3.1932   3.2076   3.2307   3.2394   3.2599
  3.2729   3.2869   3.3022   3.3086   3.3260   3.3430   3.3580   3.3769
  3.3801   3.3912   3.4148   3.4349   3.4395   3.4490   3.4601   3.4729
  3.4916   3.5066   3.5211   3.5299   3.5406   3.5450   3.5600   3.5818
  3.6077   3.6131   3.6282   3.6517   3.6693   3.7010   3.7118   3.7438
  3.7472   3.7682   3.7780   3.8018   3.8313   3.8417   3.8528   3.8615
  3.8796   3.8976   3.9081   3.9418   3.9557   3.9658   3.9701   3.9915
  4.0071   4.0218   4.0548   4.0709   4.0763   4.1023   4.1053   4.1102
  4.1215   4.1466   4.1511   4.1532   4.1655   4.1788   4.1921   4.2126
  4.2268   4.2465   4.2737   4.2776   4.2853   4.2989   4.3028   4.3271
  4.3460   4.3536   4.3675   4.3702   4.3876   4.3944   4.4091   4.4220
  4.4417   4.4444   4.4841   4.5152   4.5195   4.5294   4.5457   4.5591
  4.5701   4.5724   4.6097   4.6319   4.6524   4.6655   4.6783   4.6880
  4.7080   4.7268   4.7560   4.7745   4.7944   4.8225   4.8618   4.8684
  4.8942   4.9094   4.9269   4.9644   4.9678   4.9781   4.9826   5.0121
  5.0249   5.0384   5.0453   5.0551   5.0710   5.0919   5.1153   5.1291
  5.1418   5.1540   5.1559   5.1799   5.1974   5.2094   5.2164   5.2323
  5.2400   5.2572   5.2809   5.2857   5.2937   5.2988   5.3106   5.3175
  5.3286   5.3442   5.3709   5.3869   5.4046   5.4303   5.4369   5.4519
  5.4631   5.4851   5.5041   5.5126   5.5149   5.5326   5.5407   5.5504
  5.5717   5.5795   5.5896   5.6033   5.6254   5.6296   5.6456   5.6629
  5.6744   5.6814   5.6942   5.6975   5.7191   5.7241   5.7357   5.7498
  5.7591   5.7817   5.8009   5.8096   5.8254   5.8282   5.8355   5.8525
  5.8675   5.8835   5.8899   5.8996   5.9060   5.9182   5.9225   5.9319
  5.9407   5.9568   5.9635   5.9756   5.9790   5.9860   6.0028   6.0196
  6.0240   6.0252   6.0418   6.0513   6.0580   6.0650   6.0758   6.0839
  6.0946   6.1084   6.1102   6.1232   6.1290   6.1352   6.1446   6.1460
  6.1610   6.1705   6.1794   6.1990   6.2118   6.2193   6.2271   6.2342
  6.2469   6.2522   6.2627   6.2812   6.2888   6.2915   6.3002   6.3143
  6.3215   6.3312   6.3430   6.3552   6.3617   6.3690   6.3764   6.3888
  6.4035   6.4176   6.4220   6.4340   6.4377   6.4527   6.4713   6.4801
  6.4858   6.5044   6.5087   6.5165   6.5264   6.5363   6.5438   6.5702
  6.5791   6.5935   6.5991   6.6027   6.6242   6.6288   6.6515   6.6590
  6.6663   6.6758   6.6817   6.6980   6.7084   6.7266   6.7323   6.7532
  6.7669   6.7938   6.8249   6.8288   6.8442   6.8570   6.8806   6.8888
  6.8992   6.9205   6.9275   6.9339   6.9417   6.9631   6.9786   6.9936
  7.0093   7.0158   7.0440   7.0759   7.0912   7.1191   7.1224   7.1291
  7.1530   7.1703   7.1731   7.2021   7.2173   7.2482   7.2683   7.2918
  7.3000   7.3080   7.3249   7.3416   7.3577   7.3666   7.3751   7.4066
  7.4279   7.4549   7.4608   7.4706   7.4888   7.4987   7.5144   7.5415
  7.5548   7.5703   7.5926   7.6028   7.6072   7.6236   7.6440   7.6502
  7.6724   7.6793   7.6854   7.7122   7.7219   7.7555   7.7711   7.7919
  7.8148   7.8299   7.8331   7.8440   7.8686   7.8806   7.8846   7.8892
  7.9302   7.9355   7.9419   7.9731   7.9773   7.9950   8.0107   8.0322
  8.0419   8.0514   8.0971   8.1187   8.1322   8.1453   8.1586   8.2224
  8.2613   8.2723   8.2843   8.3024   8.3269   8.3323   8.3336   8.3545
  8.3761   8.3807   8.4108   8.4148   8.4342   8.4407   8.4541   8.4712
  8.4773   8.5001   8.5102   8.5279   8.5410   8.5682   8.5796   8.6142
  8.6189   8.6445   8.6780   8.6879   8.7008   8.7436   8.7510   8.7692
  8.8063   8.8266   8.8571   8.8792   8.8830   8.8928   8.8958   8.9192
  8.9298   8.9885   9.0466   9.0717   9.0935   9.1017   9.1464   9.1818
  9.1834   9.2105   9.2175   9.2373   9.2418   9.2724   9.2990   9.3464
  9.4232   9.4385   9.4706   9.5072   9.5246   9.5576   9.5658   9.5948
  9.5970   9.6456   9.6670   9.7470   9.7637   9.7880   9.7949   9.8151
  9.8655   9.8918   9.8929   9.9176   9.9320   9.9547   9.9815  10.0098
 10.0234  10.0308  10.0555  10.0574  10.0833  10.1394  10.1486  10.1756
 10.2076  10.2175  10.2514  10.2914  10.3299  10.3333  10.4018  10.4620
 10.4864  10.5318  10.6788  10.8267  10.8916  10.9385  11.0136  11.0177
 11.0587  11.2128  11.3359  11.3364  11.3384  11.3404  11.3465  11.3492
 11.3498  11.3530  11.3697  11.3958  11.3983  11.3990  11.4096  11.4347
 11.4979  11.5326  11.5458  11.5502  11.5804  11.5898  11.6679  11.6872
 11.7124  11.7792  11.8172  11.8534  11.8648  11.8777  11.9603  11.9826
 12.0146  12.0183  12.0249  12.0308  12.0439  12.0724  12.1044  12.1153
 12.1509  12.1618  12.1631  12.1832  12.2045  12.2212  12.2255  12.3055
 12.3275  12.3520  12.3872  12.4031  12.4613  12.5406  12.6008  12.6533
 12.6777  12.7207  12.8083  12.8376  12.9937  13.0765  13.1870  13.2798
 13.3458  13.5535  13.6468  13.7616  13.9484  14.1567  14.5200  14.5224
 14.5331  14.5463  14.5538  14.5753  14.6055  14.6959  14.7118  14.7445
 14.7653  14.8165  14.8519  14.8586  14.8894  14.9185  14.9557  15.0802
 15.4597  15.4889  15.5174  15.5589  15.6438  15.6878  15.7659  15.8413
 15.8590  15.8741  15.8990  15.9670  16.1022  16.1290  16.1426  16.2433
 16.2766  16.3312  16.5774  16.6762  16.6809  16.7226  16.7627  16.7822
 28.0446  28.2049  28.3506  28.5008  28.8994  28.9316  29.0242  29.1334
 48.2331  48.3153  48.4183  54.4312  54.5431  54.6842 147.0729 147.2807
147.3508 147.5392 147.9906 148.0335 148.1584 148.2215 253.3059 253.4038
253.5276 285.4030 285.5357 285.7097
 --------------------------------------------------------------
 
          Ground-State Mulliken Net Atomic Charges

     Atom                 Charge (a.u.)    Spin (a.u.)
  --------------------------------------------------------
      1 O                    -0.342251       0.002494
      2 C                     0.307482      -0.002176
      3 O                    -0.353274       0.000097
      4 C                     0.175624       0.000804
      5 C                     0.175419      -0.000715
      6 O                    -0.345492      -0.001534
      7 C                     0.148434       0.023693
      8 C                    -0.081420      -0.056269
      9 C                     0.171365       0.866720
     10 F                    -0.201444       0.092365
     11 C                     0.333143       0.827014
     12 F                    -0.194088       0.082483
     13 F                    -0.191630       0.073331
     14 C                    -0.165424       0.002491
     15 H                     0.088143       0.000023
     16 H                     0.082356      -0.000034
     17 H                     0.075826       0.002094
     18 H                     0.053270       0.005044
     19 H                     0.090545       0.018417
     20 H                     0.078800       0.063393
     21 H                     0.094615       0.000266
  --------------------------------------------------------
  Sum of atomic charges =    -0.000000
  Sum of spin   charges =     2.000000

 -----------------------------------------------------------------
                    Cartesian Multipole Moments
 -----------------------------------------------------------------
    Charge (ESU x 10^10)
                -0.0000
    Dipole Moment (Debye)
         X       4.3139      Y      -3.0582      Z      -1.1245
       Tot       5.4062
    Quadrupole Moments (Debye-Ang)
        XX    -112.6635     XY       3.9087     YY     -78.9497
        XZ      -6.5864     YZ       1.1278     ZZ     -73.6312
    Octopole Moments (Debye-Ang^2)
       XXX     128.8792    XXY     -60.7952    XYY       0.9426
       YYY     -66.9260    XXZ      -8.5185    XYZ       1.2351
       YYZ      -9.8109    XZZ       1.6159    YZZ     -23.7471
       ZZZ     -33.3637
    Hexadecapole Moments (Debye-Ang^3)
      XXXX   -4299.5699   XXXY     115.0284   XXYY    -705.2703
      XYYY     -48.4958   YYYY    -512.4857   XXXZ     -54.4984
      XXYZ       8.7580   XYYZ      -5.8679   YYYZ     -36.9762
      XXZZ    -673.3788   XYZZ      -9.6618   YYZZ    -158.9960
      XZZZ       1.7620   YZZZ     -39.3937   ZZZZ    -423.1094
 -----------------------------------------------------------------
 Total job time:  266.45s(wall), 7802.56s(cpu) 
 Thu Aug  1 11:25:28 2024

        *************************************************************
        *                                                           *
        *  Thank you very much for using Q-Chem.  Have a nice day.  *
        *                                                           *
        *************************************************************


