
Running Job 1 of 1 ca1-ts1-triplet-wb97xd-conf3-B3PW91.in
qchem ca1-ts1-triplet-wb97xd-conf3-B3PW91.in_1302815.0 /expanse/lustre/scratch/whughes/temp_project/job_32692136/ca1-ts1-triplet-wb97xd-conf3-B3PW91-32692136/ 0
/cm/shared/apps/spack/0.17.3/cpu/b/opt/spack/linux-rocky8-zen2/gcc-10.2.0/qchem-6.0-rytxnwjazd34ekd2gqyi5ufsaimxsd3r/exe/qcprog.exe_s ca1-ts1-triplet-wb97xd-conf3-B3PW91.in_1302815.0 /expanse/lustre/scratch/whughes/temp_project/job_32692136/ca1-ts1-triplet-wb97xd-conf3-B3PW91-32692136/
                  Welcome to Q-Chem
     A Quantum Leap Into The Future Of Chemistry


 Q-Chem 6.0, Q-Chem, Inc., Pleasanton, CA (2022)

 License issued to: University of California, San Diego (site)

 E. Epifanovsky,  A. T. B. Gilbert,  Xintian Feng,  Joonho Lee,  Yuezhi Mao,  
 N. Mardirossian,  P. Pokhilko,  A. White,  M. Wormit,  M. P. Coons,  
 A. L. Dempwolff,  Zhengting Gan,  D. Hait,  P. R. Horn,  L. D. Jacobson,  
 I. Kaliman,  J. Kussmann,  A. W. Lange,  Ka Un Lao,  D. S. Levine,  Jie Liu,  
 S. C. McKenzie,  A. F. Morrison,  K. Nanda,  F. Plasser,  D. R. Rehn,  
 M. L. Vidal,  Zhi-Qiang You,  Ying Zhu,  B. Alam,  B. Albrecht,  
 A. Aldossary,  E. Alguire,  J. H. Andersen,  V. Athavale,  D. Barton,  
 K. Begam,  A. Behn,  N. Bellonzi,  Y. A. Bernard,  E. J. Berquist,  
 H. Burton,  A. Carreras,  K. Carter-Fenk,  Romit Chakraborty,  
 Chandrima Chakravarty,  Junhan Chen,  A. D. Chien,  K. D. Closser,  
 V. Cofer-Shabica,  L. Cunha,  S. Dasgupta,  Jia Deng,  M. de Wergifosse,  
 M. Diedenhofen,  Hainam Do,  S. Ehlert,  Po-Tung Fang,  S. Fatehi,  
 Qingguo Feng,  T. Friedhoff,  B. Ganoe,  J. Gayvert,  Qinghui Ge,  
 G. Gidofalvi,  M. Goldey,  J. Gomes,  C. Gonzalez-Espinoza,  S. Gulania,  
 A. Gunina,  J. A. Gyamfi,  M. W. D. Hanson-Heine,  P. H. P. Harbach,  
 A. W. Hauser,  M. F. Herbst,  M. Hernandez Vera,  M. Hodecker,  
 Z. C. Holden,  S. Houck,  Xunkun Huang,  Kerwin Hui,  B. C. Huynh,  
 K. Ikeda,  M. Ivanov,  Hyunjun Ji,  Zuxin Jin,  Hanjie Jiang,  B. Kaduk,  
 S. Kaehler,  R. Kang,  K. Khistyaev,  Jaehoon Kim,  Yongbin Kim,  
 P. Klunzinger,  Z. Koczor-Benda,  Joong Hoon Koh,  D. Kosenkov,  
 Saikiran Kotaru,  L. Koulias,  T. Kowalczyk,  C. M. Krauter,  K. Kue,  
 A. Kunitsa,  T. Kus,  A. Landau,  K. V. Lawler,  D. Lefrancois,  S. Lehtola,  
 Rain Li,  Shaozhi Li,  Yi-Pei Li,  Jiashu Liang,  M. Liebenthal,  
 Hung-Hsuan Lin,  You-Sheng Lin,  Fenglai Liu,  Kuan-Yu Liu,  
 M. Loipersberger,  A. Luenser,  C. Malbon,  A. Manjanath,  P. Manohar,  
 E. Mansoor,  S. F. Manzer,  Shan-Ping Mao,  A. V. Marenich,  T. Markovich,  
 S. Mason,  F. Matz,  S. A. Maurer,  P. F. McLaughlin,  M. F. S. J. Menger,  
 J.-M. Mewes,  S. A. Mewes,  P. Morgante,  Mohammad Mostafanejad,  
 J. W. Mullinax,  K. J. Oosterbaan,  G. Paran,  V. Parravicini,  
 Alexander C. Paul,  Suranjan K. Paul,  F. Pavosevic,  Zheng Pei,  S. Prager,  
 E. I. Proynov,  E. Ramos,  B. Rana,  A. E. Rask,  A. Rettig,  R. M. Richard,  
 F. Rob,  E. Rossomme,  T. Scheele,  M. Scheurer,  M. Schneider,  
 P. E. Schneider,  N. Sergueev,  S. M. Sharada,  Hengyuan Shen,  
 W. Skomorowski,  D. W. Small,  C. J. Stein,  Yingli Su,  Yu-Chuan Su,  
 E. J. Sundstrom,  Zhen Tao,  J. Thirman,  Hung-Yi Tsai,  T. Tsuchimochi,  
 N. M. Tubman,  C. Utku,  S. P. Veccham,  O. Vydrov,  J. Wenzel,  
 Jonathan Wong,  J. Witte,  A. Yamada,  Chou-Hsun Yang,  Kun Yao,  
 S. Yeganeh,  S. R. Yost,  A. Zech,  F. Zeller,  Igor Ying Zhang,  
 Xing Zhang,  Yu Zhang,  D. Zuev,  A. Aspuru-Guzik,  A. T. Bell,  
 N. A. Besley,  K. B. Bravaya,  B. R. Brooks,  D. Casanova,  Jeng-Da Chai,  
 Hsing-Ta Chen,  S. Coriani,  C. J. Cramer,  A. E. DePrince, III,  
 R. A. DiStasio Jr.,  A. Dreuw,  B. D. Dunietz,  T. R. Furlani,  
 W. A. Goddard III,  S. Grimme,  S. Hammes-Schiffer,  T. Head-Gordon,  
 W. J. Hehre,  Chao-Ping Hsu,  T.-C. Jagau,  Yousung Jung,  A. Klamt,  
 Jing Kong,  D. S. Lambrecht,  Xiangyuan Li,  WanZhen Liang,  N. J. Mayhall,  
 C. W. McCurdy,  J. B. Neaton,  T. Neudecker,  C. Ochsenfeld,  
 J. A. Parkhill,  R. Peverati,  V. A. Rassolov,  Haisheng Ren,  Yihan Shao,  
 L. V. Slipchenko,  R. P. Steele,  J. E. Subotnik,  A. J. W. Thom,  
 A. Tkatchenko,  D. G. Truhlar,  T. Van Voorhis,  Fan Wang,  
 T. A. Wesolowski,  K. B. Whaley,  H. L. Woodcock III,  P. M. Zimmerman,  
 S. Faraji,  P. M. W. Gill,  M. Head-Gordon,  J. M. Herbert,  A. I. Krylov

 Contributors to earlier versions of Q-Chem not listed above: 
 R. D. Adamson,  B. Austin,  R. Baer,  J. Baker,  G. J. O. Beran,  
 K. Brandhorst,  S. T. Brown,  E. F. C. Byrd,  Arup K. Chakraborty,  
 G. K. L. Chan,  Chun-Min Chang,  Yunqing Chen,  C.-L. Cheng,  
 Siu Hung Chien,  D. M. Chipman,  D. L. Crittenden,  H. Dachsel,  
 R. J. Doerksen,  A. D. Dutoi,  R. G. Edgar,  J. Fosso-Tande,  
 L. Fusti-Molnar,  D. Ghosh,  A. Ghysels,  A. Golubeva-Zadorozhnaya,  
 J. Gonthier,  M. S. Gordon,  S. R. Gwaltney,  G. Hawkins,  J. E. Herr,  
 A. Heyden,  S. Hirata,  E. G. Hohenstein,  G. Kedziora,  F. J. Keil,  
 C. Kelley,  Jihan Kim,  R. A. King,  R. Z. Khaliullin,  P. P. Korambath,  
 W. Kurlancheek,  A. Laurent,  A. M. Lee,  M. S. Lee,  S. V. Levchenko,  
 Ching Yeh Lin,  D. Liotard,  E. Livshits,  R. C. Lochan,  I. Lotan,  
 L. A. Martinez-Martinez,  P. E. Maslen,  N. Nair,  D. P. O'Neill,  
 D. Neuhauser,  E. Neuscamman,  C. M. Oana,  R. Olivares-Amaya,  R. Olson,  
 T. M. Perrine,  B. Peters,  P. A. Pieniazek,  A. Prociuk,  Y. M. Rhee,  
 J. Ritchie,  M. A. Rohrdanz,  E. Rosta,  N. J. Russ,  H. F. Schaefer III,  
 M. W. Schmidt,  N. E. Schultz,  S. Sharma,  N. Shenvi,  C. D. Sherrill,  
 A. C. Simmonett,  A. Sodt,  T. Stein,  D. Stuck,  K. S. Thanthiriwatte,  
 V. Vanovschi,  L. Vogt,  Tao Wang,  A. Warshel,  M. A. Watson,  
 C. F. Williams,  Q. Wu,  X. Xu,  Jun Yang,  W. Zhang,  Yan Zhao

   Please cite Q-Chem as follows:
  "Software for the frontiers of quantum chemistry:
   An overview of developments in the Q-Chem 5 package"
   J. Chem. Phys. 155, 084801 (2021)
   https://doi.org/10.1063/5.0055522 (open access)

 Q-Chem 6.0.2 for Intel X86 EM64T Linux

 Parts of Q-Chem use Armadillo 9.900.5 (Nocturnal Misbehaviour).
 http://arma.sourceforge.net/

 Q-Chem begins on Thu Aug  1 11:23:11 2024  

 Host: 
0

     Scratch files written to /expanse/lustre/scratch/whughes/temp_project/job_32692136/ca1-ts1-triplet-wb97xd-conf3-B3PW91-32692136//
 Dec722 |scratch|qcdevops|jenkins|workspace|build_RNUM    
 Processing $rem in /cm/shared/apps/spack/0.17.3/cpu/b/opt/spack/linux-rocky8-zen2/gcc-10.2.0/qchem-6.0-rytxnwjazd34ekd2gqyi5ufsaimxsd3r/config/preferences:
 Processing $rem in /home/whughes/.qchemrc:

 Checking the input file for inconsistencies... 	...done.

--------------------------------------------------------------
User input:
--------------------------------------------------------------
$molecule
0 3
H    1.0382503027    2.4127065829    -0.3107629824
C    1.3434625482    1.4164452612    -0.0417113229
C    0.6344376002    0.4812881118    0.6617448413
C    -0.706078529    -0.5012870705   -0.8117616015
C    -1.8894059513   -0.4308600636   0.0999396159
C    -1.3737620386   -0.2514865188   1.5291753787
O    -0.3961531264   0.7716737316    1.4865424865
F    -0.2241852041   -1.7442649825   -0.9912248774
C    -0.6810745884   0.2600865545    -2.0932150135
F    -0.9696364963   1.5452463654    -1.968830002
F    -1.4090869607   -0.2704179197   -3.0729715762
C    1.5869825155    -0.6629789059   0.9611894582
O    2.7034017974    -0.4223901343   0.1290188491
C    2.6215063603    0.8269105531    -0.4318884359
O    3.4982391977    1.2736048422    -1.108498413
H    -2.5013970431   -1.3307850374   0.008169267
H    -2.4959051373   0.4346300672    -0.1677128571
H    -2.1522692139   0.0836771795    2.210170742
H    -0.9466001731   -1.1834787899   1.9132561999
H    1.883929191     -0.6046525363   2.0133836019
H    1.2036262894    -1.6591146664   0.7522646852
$end

$rem
METHOD      B3PW91
BASIS       def2-QZVPP
SYM_IGNORE   TRUE
DFT_D       D4
MAX_SCF_CYCLES 300
$end

$end
--------------------------------------------------------------
 Adding empirical dispersion correction 
 ----------------------------------------------------------------
 Doing -D4(0) with B3PW parameters:
 s6  =   1.00000
 s8  =   2.88364
 s10 =   0.00000
 s9 =   1.00000
 a1  =   0.46991
 a2  =   4.51641
 -D4 energy including 3body term = -0.0377302451 hartrees
 ----------------------------------------------------------------
             Standard Nuclear Orientation (Angstroms)
    I     Atom           X                Y                Z
 ----------------------------------------------------------------
    1      H       1.0382503027     2.4127065829    -0.3107629824
    2      C       1.3434625482     1.4164452612    -0.0417113229
    3      C       0.6344376002     0.4812881118     0.6617448413
    4      C      -0.7060785290    -0.5012870705    -0.8117616015
    5      C      -1.8894059513    -0.4308600636     0.0999396159
    6      C      -1.3737620386    -0.2514865188     1.5291753787
    7      O      -0.3961531264     0.7716737316     1.4865424865
    8      F      -0.2241852041    -1.7442649825    -0.9912248774
    9      C      -0.6810745884     0.2600865545    -2.0932150135
   10      F      -0.9696364963     1.5452463654    -1.9688300020
   11      F      -1.4090869607    -0.2704179197    -3.0729715762
   12      C       1.5869825155    -0.6629789059     0.9611894582
   13      O       2.7034017974    -0.4223901343     0.1290188491
   14      C       2.6215063603     0.8269105531    -0.4318884359
   15      O       3.4982391977     1.2736048422    -1.1084984130
   16      H      -2.5013970431    -1.3307850374     0.0081692670
   17      H      -2.4959051373     0.4346300672    -0.1677128571
   18      H      -2.1522692139     0.0836771795     2.2101707420
   19      H      -0.9466001731    -1.1834787899     1.9132561999
   20      H       1.8839291910    -0.6046525363     2.0133836019
   21      H       1.2036262894    -1.6591146664     0.7522646852
 ----------------------------------------------------------------
 Nuclear Repulsion Energy =         988.40397063 hartrees
 There are       54 alpha and       52 beta electrons
 Requested basis set is def2-QZVPP
 There are 308 shells and 1008 basis functions

 Total QAlloc Memory Limit   8000 MB
 Mega-Array Size       188 MB
 MEM_STATIC part       192 MB

 A cutoff of  1.0D-09 yielded  32431 shell pairs
 There are    339357 function pairs (    512082 Cartesian)
 Smallest overlap matrix eigenvalue = 1.97E-05

 Q-Chem warning in module stvman/mkSTV.C, line 305:

 Overlap eigenvalue is smaller than square root of threshold
 Use THRESH >= 12 to get rid of this warning


 Scale SEOQF with 1.000000e-01/1.000000e-01/1.000000e-01

 Standard Electronic Orientation quadrupole field applied
 Nucleus-field energy     =    -0.0000000051 hartrees
 Guess from superposition of atomic densities
 Warning:  Energy on first SCF cycle will be non-variational
 SAD guess density has 106.000000 electrons

 -----------------------------------------------------------------------
  General SCF calculation program by
  Eric Jon Sundstrom, Paul Horn, Yuezhi Mao, Dmitri Zuev, Alec White,
  David Stuck, Shaama M.S., Shane Yost, Joonho Lee, David Small,
  Daniel Levine, Susi Lehtola, Hugh Burton, Evgeny Epifanovsky,
  Bang C. Huynh
 -----------------------------------------------------------------------
 Exchange:     0.2000 Hartree-Fock + 0.0800 Slater + 0.7200 B88
 Correlation:  0.1900 PW92 + 0.8100 PW91
 Using SG-1 standard quadrature grid
 Dispersion:   Grimme D4
 using 32 threads for integral computing
 -------------------------------------------------------
 OpenMP Integral computing Module                
 Release: version 1.0, May 2013, Q-Chem Inc. Pittsburgh 
 -------------------------------------------------------
 A unrestricted SCF calculation will be
 performed using DIIS
 SCF converges when DIIS error is below 1.0e-05
 ---------------------------------------
  Cycle       Energy         DIIS error
 ---------------------------------------
    1    -837.1342633223      6.19e-03  
    2    -833.9824889357      7.39e-04  
    3    -832.6031742411      1.67e-03  
    4    -834.0859238052      4.94e-04  
    5    -834.2021921888      1.15e-04  
    6    -834.2080392252      8.44e-05  
    7    -834.2109094791      2.69e-05  
    8    -834.2112607005      1.17e-05  
    9    -834.2113498178      6.50e-06  Convergence criterion met
 ---------------------------------------
 SCF time:   CPU 10229.74s  wall 347.00s 
<S^2> =          2.026083456
 SCF   energy in the final basis set =     -834.2113498178
 Total energy in the final basis set =     -834.2113498178
 
 --------------------------------------------------------------
 
                    Orbital Energies (a.u.)
 --------------------------------------------------------------
 
 Alpha MOs
 -- Occupied --
-24.7312 -24.7260 -24.7207 -19.1865 -19.1687 -19.1024 -10.3575 -10.3064
-10.2886 -10.2748 -10.2581 -10.2458 -10.2143 -10.1963  -1.3165  -1.2737
 -1.2547  -1.1252  -1.1135  -1.0376  -0.8536  -0.8384  -0.7720  -0.7532
 -0.7083  -0.6565  -0.6182  -0.6061  -0.5956  -0.5945  -0.5632  -0.5595
 -0.5512  -0.5269  -0.5130  -0.5057  -0.4909  -0.4811  -0.4782  -0.4730
 -0.4534  -0.4484  -0.4406  -0.4230  -0.4198  -0.4134  -0.3955  -0.3884
 -0.3446  -0.3206  -0.3096  -0.2842  -0.2612  -0.2290
 -- Virtual --
 -0.0346   0.0128   0.0309   0.0350   0.0399   0.0501   0.0546   0.0600
  0.0720   0.0826   0.0887   0.1022   0.1056   0.1138   0.1263   0.1301
  0.1376   0.1516   0.1549   0.1565   0.1726   0.1744   0.1793   0.1833
  0.1932   0.2102   0.2140   0.2152   0.2274   0.2305   0.2407   0.2435
  0.2519   0.2602   0.2639   0.2666   0.2727   0.2793   0.2847   0.2887
  0.3019   0.3046   0.3099   0.3132   0.3179   0.3204   0.3270   0.3333
  0.3387   0.3439   0.3567   0.3672   0.3718   0.3856   0.4053   0.4065
  0.4098   0.4159   0.4214   0.4367   0.4377   0.4438   0.4484   0.4604
  0.4654   0.4798   0.4843   0.4912   0.4972   0.5135   0.5204   0.5228
  0.5321   0.5431   0.5444   0.5525   0.5638   0.5699   0.5713   0.5773
  0.5977   0.6020   0.6093   0.6135   0.6248   0.6399   0.6489   0.6577
  0.6650   0.6672   0.6753   0.6867   0.6895   0.6974   0.7132   0.7197
  0.7225   0.7352   0.7458   0.7499   0.7546   0.7697   0.7787   0.7830
  0.7870   0.7987   0.8014   0.8073   0.8174   0.8193   0.8267   0.8393
  0.8444   0.8551   0.8617   0.8731   0.8768   0.8839   0.8904   0.9036
  0.9131   0.9254   0.9287   0.9353   0.9434   0.9620   0.9667   0.9733
  0.9804   0.9932   1.0069   1.0124   1.0165   1.0264   1.0351   1.0368
  1.0528   1.0696   1.0756   1.0886   1.0943   1.1022   1.1096   1.1160
  1.1360   1.1443   1.1536   1.1648   1.1732   1.1858   1.2034   1.2085
  1.2205   1.2400   1.2436   1.2600   1.2649   1.2701   1.2795   1.2946
  1.3057   1.3254   1.3307   1.3500   1.3666   1.3713   1.3782   1.3847
  1.4135   1.4200   1.4279   1.4403   1.4461   1.4491   1.4619   1.4760
  1.4807   1.5023   1.5034   1.5099   1.5255   1.5316   1.5599   1.5693
  1.5715   1.5781   1.5976   1.6077   1.6238   1.6319   1.6412   1.6530
  1.6655   1.6793   1.6819   1.6856   1.6900   1.6972   1.7007   1.7120
  1.7324   1.7401   1.7495   1.7547   1.7629   1.7723   1.7760   1.7886
  1.7965   1.7994   1.8139   1.8257   1.8327   1.8356   1.8440   1.8527
  1.8603   1.8681   1.8711   1.8859   1.8903   1.9005   1.9064   1.9141
  1.9202   1.9256   1.9325   1.9502   1.9548   1.9584   1.9665   1.9752
  1.9869   2.0001   2.0051   2.0089   2.0205   2.0276   2.0453   2.0526
  2.0590   2.0653   2.0736   2.0909   2.0991   2.1095   2.1136   2.1173
  2.1318   2.1368   2.1502   2.1555   2.1683   2.1755   2.1841   2.1973
  2.2069   2.2173   2.2199   2.2268   2.2301   2.2539   2.2594   2.2623
  2.2779   2.2845   2.2912   2.3068   2.3217   2.3245   2.3305   2.3427
  2.3460   2.3582   2.3707   2.3747   2.3852   2.4040   2.4126   2.4184
  2.4267   2.4405   2.4454   2.4659   2.4732   2.4797   2.4914   2.5017
  2.5052   2.5108   2.5246   2.5388   2.5558   2.5614   2.5759   2.5795
  2.5892   2.6040   2.6053   2.6131   2.6325   2.6499   2.6730   2.6738
  2.6803   2.6868   2.7009   2.7086   2.7157   2.7189   2.7371   2.7462
  2.7505   2.7651   2.7763   2.7901   2.7935   2.8113   2.8184   2.8294
  2.8355   2.8481   2.8539   2.8619   2.8729   2.8850   2.8997   2.9068
  2.9095   2.9257   2.9404   2.9470   2.9585   2.9687   2.9762   2.9892
  2.9984   3.0086   3.0113   3.0339   3.0364   3.0588   3.0760   3.0846
  3.0903   3.1187   3.1217   3.1401   3.1612   3.1769   3.1976   3.1990
  3.2205   3.2389   3.2514   3.2528   3.2890   3.2946   3.3054   3.3165
  3.3346   3.3506   3.3611   3.3883   3.3891   3.4045   3.4289   3.4395
  3.4522   3.4606   3.4785   3.4866   3.5033   3.5193   3.5281   3.5391
  3.5533   3.5706   3.5898   3.6014   3.6064   3.6164   3.6472   3.6595
  3.6756   3.6860   3.7110   3.7310   3.7329   3.7538   3.7715   3.7951
  3.8093   3.8404   3.8483   3.8606   3.8740   3.8992   3.9029   3.9261
  3.9331   3.9563   3.9670   3.9772   4.0029   4.0141   4.0386   4.0604
  4.0705   4.0869   4.1011   4.1148   4.1334   4.1449   4.1596   4.1663
  4.1771   4.1981   4.2037   4.2065   4.2391   4.2466   4.2593   4.2766
  4.2822   4.2948   4.3054   4.3139   4.3319   4.3484   4.3537   4.3772
  4.3933   4.4065   4.4165   4.4253   4.4279   4.4526   4.4551   4.4926
  4.4973   4.5103   4.5293   4.5590   4.5664   4.5777   4.5975   4.6096
  4.6288   4.6536   4.6666   4.6856   4.7062   4.7247   4.7403   4.7567
  4.7770   4.7920   4.8249   4.8311   4.8380   4.8719   4.8959   4.9193
  4.9311   4.9556   4.9568   4.9862   5.0074   5.0240   5.0365   5.0514
  5.0594   5.0828   5.0885   5.1045   5.1082   5.1330   5.1632   5.1683
  5.1812   5.1921   5.2008   5.2105   5.2319   5.2486   5.2561   5.2704
  5.2971   5.3051   5.3326   5.3427   5.3636   5.3887   5.3925   5.4002
  5.4170   5.4302   5.4380   5.4408   5.4637   5.4844   5.4984   5.5117
  5.5267   5.5313   5.5530   5.5622   5.5861   5.5984   5.6015   5.6084
  5.6166   5.6273   5.6361   5.6532   5.6690   5.6810   5.6948   5.7092
  5.7246   5.7417   5.7532   5.7629   5.7668   5.7883   5.7916   5.8123
  5.8203   5.8362   5.8441   5.8547   5.8751   5.8828   5.8895   5.9058
  5.9147   5.9213   5.9235   5.9317   5.9530   5.9718   5.9753   5.9834
  5.9872   5.9965   6.0079   6.0190   6.0243   6.0374   6.0401   6.0572
  6.0730   6.0784   6.0886   6.1001   6.1073   6.1258   6.1312   6.1345
  6.1397   6.1517   6.1659   6.1762   6.1868   6.1939   6.1993   6.2172
  6.2214   6.2262   6.2467   6.2553   6.2669   6.2691   6.2746   6.2837
  6.3073   6.3100   6.3282   6.3357   6.3445   6.3487   6.3620   6.3712
  6.3886   6.3972   6.4094   6.4148   6.4283   6.4304   6.4505   6.4605
  6.4750   6.4864   6.5079   6.5111   6.5201   6.5269   6.5493   6.5579
  6.5637   6.5760   6.5796   6.5974   6.6097   6.6171   6.6365   6.6433
  6.6537   6.6595   6.6900   6.6932   6.7020   6.7120   6.7152   6.7326
  6.7497   6.7579   6.7809   6.7976   6.8102   6.8117   6.8389   6.8430
  6.8487   6.8735   6.8832   6.8997   6.9037   6.9116   6.9190   6.9418
  6.9579   6.9744   6.9878   7.0166   7.0205   7.0329   7.0485   7.0608
  7.0767   7.1063   7.1235   7.1380   7.1510   7.1747   7.1889   7.2215
  7.2341   7.2397   7.2495   7.2855   7.2923   7.2994   7.3158   7.3267
  7.3506   7.3647   7.3676   7.3889   7.3940   7.3965   7.4321   7.4478
  7.4695   7.4733   7.4934   7.5178   7.5335   7.5534   7.5583   7.5764
  7.5825   7.5905   7.6074   7.6277   7.6688   7.6797   7.6952   7.7096
  7.7184   7.7500   7.7580   7.7710   7.7872   7.7943   7.8141   7.8326
  7.8386   7.8774   7.8824   7.8958   7.9136   7.9167   7.9307   7.9463
  7.9707   7.9769   7.9953   8.0145   8.0329   8.0432   8.0610   8.0693
  8.0896   8.0948   8.1360   8.1609   8.1660   8.1869   8.2112   8.2633
  8.2779   8.3046   8.3148   8.3188   8.3564   8.3648   8.3840   8.3911
  8.4158   8.4347   8.4579   8.4601   8.4677   8.4761   8.5095   8.5316
  8.5440   8.5739   8.5813   8.5920   8.5997   8.6145   8.6423   8.6753
  8.6944   8.7067   8.7343   8.7704   8.7817   8.8060   8.8226   8.8540
  8.8686   8.8820   8.8883   8.9052   8.9359   8.9559   8.9581   8.9712
  9.0415   9.0619   9.0924   9.1021   9.1410   9.1490   9.1842   9.1982
  9.2407   9.2494   9.2528   9.2669   9.2775   9.3190   9.3254   9.3743
  9.4224   9.4660   9.4820   9.5308   9.5674   9.5735   9.6307   9.6395
  9.6635   9.7251   9.7519   9.7775   9.8198   9.8466   9.8665   9.8847
  9.9149   9.9253   9.9260   9.9620   9.9890  10.0023  10.0200  10.0299
 10.0505  10.0662  10.0784  10.1102  10.1347  10.1731  10.1974  10.2290
 10.2490  10.2929  10.3041  10.4167  10.4341  10.4806  10.5104  10.5730
 10.6190  10.7048  10.8140  10.9582  10.9930  11.0127  11.0442  11.1579
 11.3287  11.3302  11.3339  11.3340  11.3422  11.3445  11.3464  11.3476
 11.3619  11.3904  11.3974  11.4002  11.4026  11.5138  11.5187  11.5437
 11.5529  11.5735  11.5817  11.5855  11.6663  11.6771  11.7006  11.8074
 11.8245  11.8651  11.8851  11.9098  11.9856  11.9927  12.0202  12.0484
 12.0567  12.0784  12.0861  12.0887  12.1248  12.1313  12.1617  12.1723
 12.1961  12.2155  12.2391  12.2548  12.2808  12.3089  12.3134  12.3467
 12.3982  12.4269  12.5495  12.6056  12.6280  12.6544  12.6841  12.7024
 12.7587  12.9136  13.0665  13.1658  13.2030  13.2746  13.3677  13.4183
 13.6418  13.7162  13.7326  14.1682  14.5196  14.5261  14.5354  14.5430
 14.5765  14.5864  14.6180  14.6946  14.7148  14.7285  14.7663  14.8355
 14.8518  14.8844  14.8860  14.9215  15.0499  15.1723  15.4839  15.5107
 15.5390  15.5572  15.6061  15.6884  15.7793  15.8534  15.9029  15.9249
 15.9706  16.0209  16.1180  16.1347  16.2341  16.2978  16.3091  16.3839
 16.5996  16.6832  16.7178  16.7701  16.8063  16.8895  28.1368  28.3342
 28.4940  28.5800  28.9275  28.9584  29.0580  29.0707  48.2413  48.3444
 48.4596  54.4779  54.6239  54.7965 147.1592 147.4263 147.5728 147.6531
148.0076 148.0543 148.1612 148.2014 253.3164 253.4354 253.5766 285.4635
285.6392 285.8485
 
 Beta MOs
 -- Occupied --
-24.7280 -24.7215 -24.7184 -19.1866 -19.1682 -19.1003 -10.3415 -10.2948
-10.2892 -10.2769 -10.2575 -10.2456 -10.2139 -10.1896  -1.3069  -1.2680
 -1.2464  -1.1246  -1.1129  -1.0345  -0.8458  -0.8262  -0.7549  -0.7498
 -0.6983  -0.6469  -0.6136  -0.5960  -0.5912  -0.5856  -0.5555  -0.5486
 -0.5322  -0.5171  -0.5096  -0.5028  -0.4824  -0.4734  -0.4674  -0.4603
 -0.4503  -0.4455  -0.4386  -0.4175  -0.4156  -0.4074  -0.3923  -0.3838
 -0.3384  -0.3108  -0.2866  -0.2815
 -- Virtual --
 -0.1344  -0.0875  -0.0133   0.0146   0.0323   0.0413   0.0444   0.0560
  0.0564   0.0687   0.0744   0.0874   0.0981   0.1053   0.1131   0.1189
  0.1281   0.1358   0.1400   0.1563   0.1591   0.1640   0.1783   0.1846
  0.1892   0.1950   0.1992   0.2138   0.2160   0.2213   0.2322   0.2369
  0.2463   0.2516   0.2568   0.2638   0.2681   0.2689   0.2762   0.2813
  0.2874   0.2957   0.3059   0.3077   0.3144   0.3160   0.3219   0.3304
  0.3322   0.3376   0.3463   0.3501   0.3629   0.3686   0.3756   0.3879
  0.4083   0.4105   0.4119   0.4186   0.4251   0.4407   0.4430   0.4498
  0.4519   0.4625   0.4696   0.4835   0.4880   0.4937   0.4995   0.5155
  0.5235   0.5267   0.5345   0.5459   0.5466   0.5556   0.5698   0.5722
  0.5755   0.5801   0.6027   0.6074   0.6133   0.6198   0.6302   0.6454
  0.6559   0.6639   0.6700   0.6718   0.6816   0.6942   0.6961   0.7006
  0.7194   0.7252   0.7288   0.7465   0.7509   0.7548   0.7620   0.7752
  0.7815   0.7860   0.7906   0.8011   0.8071   0.8111   0.8222   0.8236
  0.8300   0.8419   0.8483   0.8598   0.8697   0.8774   0.8824   0.8931
  0.8952   0.9077   0.9167   0.9299   0.9342   0.9395   0.9475   0.9662
  0.9712   0.9807   0.9848   0.9968   1.0087   1.0164   1.0204   1.0310
  1.0384   1.0434   1.0556   1.0739   1.0806   1.0929   1.0998   1.1056
  1.1146   1.1215   1.1418   1.1496   1.1582   1.1698   1.1774   1.1936
  1.2068   1.2114   1.2246   1.2426   1.2476   1.2649   1.2700   1.2745
  1.2862   1.2985   1.3099   1.3275   1.3354   1.3523   1.3715   1.3778
  1.3805   1.3890   1.4173   1.4232   1.4320   1.4442   1.4477   1.4531
  1.4660   1.4826   1.4851   1.5051   1.5087   1.5134   1.5286   1.5372
  1.5649   1.5756   1.5782   1.5823   1.6015   1.6141   1.6296   1.6378
  1.6470   1.6582   1.6693   1.6862   1.6886   1.6938   1.6967   1.7039
  1.7096   1.7188   1.7393   1.7488   1.7533   1.7606   1.7683   1.7797
  1.7829   1.7951   1.8016   1.8067   1.8186   1.8328   1.8376   1.8398
  1.8502   1.8611   1.8667   1.8751   1.8792   1.8894   1.8956   1.9049
  1.9115   1.9180   1.9274   1.9327   1.9405   1.9564   1.9624   1.9679
  1.9759   1.9797   1.9915   2.0055   2.0117   2.0158   2.0280   2.0353
  2.0492   2.0573   2.0652   2.0698   2.0833   2.0977   2.1053   2.1130
  2.1184   2.1244   2.1423   2.1443   2.1576   2.1608   2.1742   2.1808
  2.1908   2.2028   2.2145   2.2234   2.2283   2.2342   2.2413   2.2583
  2.2646   2.2706   2.2842   2.2904   2.2974   2.3149   2.3256   2.3322
  2.3389   2.3481   2.3535   2.3655   2.3764   2.3812   2.3977   2.4108
  2.4173   2.4273   2.4329   2.4458   2.4506   2.4730   2.4780   2.4867
  2.4957   2.5073   2.5140   2.5190   2.5340   2.5448   2.5629   2.5673
  2.5812   2.5835   2.5926   2.6075   2.6117   2.6194   2.6383   2.6530
  2.6785   2.6819   2.6879   2.6933   2.7076   2.7144   2.7206   2.7311
  2.7431   2.7512   2.7566   2.7700   2.7811   2.7952   2.7996   2.8162
  2.8226   2.8329   2.8406   2.8526   2.8614   2.8677   2.8803   2.8932
  2.9056   2.9109   2.9151   2.9307   2.9465   2.9528   2.9646   2.9759
  2.9813   2.9963   3.0029   3.0137   3.0155   3.0418   3.0424   3.0657
  3.0825   3.0894   3.0945   3.1243   3.1284   3.1458   3.1678   3.1804
  3.2049   3.2055   3.2294   3.2438   3.2561   3.2622   3.2948   3.2990
  3.3094   3.3216   3.3401   3.3556   3.3659   3.3915   3.3920   3.4112
  3.4341   3.4440   3.4599   3.4665   3.4840   3.4927   3.5079   3.5287
  3.5338   3.5433   3.5572   3.5752   3.5978   3.6044   3.6098   3.6210
  3.6524   3.6618   3.6810   3.6908   3.7143   3.7346   3.7349   3.7572
  3.7751   3.7985   3.8111   3.8447   3.8521   3.8642   3.8778   3.9030
  3.9078   3.9289   3.9364   3.9598   3.9717   3.9810   4.0057   4.0173
  4.0420   4.0632   4.0747   4.0913   4.1057   4.1202   4.1397   4.1499
  4.1644   4.1704   4.1824   4.2051   4.2083   4.2117   4.2440   4.2504
  4.2640   4.2806   4.2865   4.3052   4.3113   4.3185   4.3381   4.3506
  4.3584   4.3828   4.3985   4.4138   4.4226   4.4303   4.4313   4.4567
  4.4626   4.4994   4.5050   4.5209   4.5375   4.5643   4.5710   4.5798
  4.6066   4.6162   4.6343   4.6567   4.6723   4.6927   4.7139   4.7339
  4.7453   4.7640   4.7835   4.7983   4.8289   4.8370   4.8481   4.8827
  4.9044   4.9273   4.9398   4.9640   4.9646   4.9961   5.0144   5.0327
  5.0433   5.0605   5.0653   5.0897   5.0962   5.1130   5.1164   5.1375
  5.1701   5.1743   5.1866   5.2022   5.2079   5.2152   5.2373   5.2566
  5.2629   5.2784   5.3040   5.3152   5.3420   5.3583   5.3694   5.3957
  5.3994   5.4066   5.4238   5.4402   5.4437   5.4471   5.4744   5.4926
  5.5046   5.5171   5.5311   5.5453   5.5642   5.5715   5.5936   5.6039
  5.6098   5.6113   5.6228   5.6346   5.6476   5.6658   5.6769   5.6887
  5.7015   5.7173   5.7316   5.7522   5.7676   5.7688   5.7739   5.7988
  5.8007   5.8202   5.8277   5.8411   5.8528   5.8608   5.8836   5.8892
  5.8996   5.9149   5.9221   5.9275   5.9303   5.9497   5.9610   5.9786
  5.9834   5.9925   5.9961   6.0083   6.0146   6.0268   6.0316   6.0442
  6.0472   6.0667   6.0804   6.0906   6.1007   6.1114   6.1142   6.1325
  6.1363   6.1378   6.1511   6.1638   6.1795   6.1838   6.1951   6.2025
  6.2069   6.2229   6.2323   6.2395   6.2591   6.2647   6.2744   6.2760
  6.2844   6.2964   6.3150   6.3174   6.3390   6.3441   6.3501   6.3529
  6.3776   6.3791   6.3989   6.4059   6.4195   6.4258   6.4343   6.4397
  6.4605   6.4681   6.4876   6.4977   6.5150   6.5190   6.5303   6.5353
  6.5590   6.5658   6.5724   6.5817   6.5859   6.6070   6.6187   6.6277
  6.6448   6.6498   6.6598   6.6669   6.6959   6.6989   6.7082   6.7191
  6.7250   6.7412   6.7583   6.7676   6.7884   6.8051   6.8152   6.8207
  6.8451   6.8512   6.8625   6.8798   6.8915   6.9067   6.9137   6.9172
  6.9253   6.9482   6.9641   6.9824   6.9959   7.0227   7.0303   7.0437
  7.0552   7.0674   7.0825   7.1148   7.1320   7.1452   7.1580   7.1792
  7.1960   7.2385   7.2429   7.2462   7.2655   7.2910   7.3042   7.3148
  7.3295   7.3411   7.3544   7.3752   7.3779   7.3928   7.3990   7.4049
  7.4394   7.4507   7.4769   7.4810   7.4952   7.5218   7.5369   7.5547
  7.5623   7.5810   7.5855   7.5952   7.6101   7.6321   7.6751   7.6829
  7.6988   7.7145   7.7215   7.7548   7.7615   7.7736   7.7913   7.7990
  7.8187   7.8362   7.8432   7.8826   7.8887   7.9006   7.9176   7.9221
  7.9349   7.9524   7.9789   7.9859   8.0022   8.0158   8.0395   8.0481
  8.0657   8.0823   8.0959   8.1030   8.1399   8.1673   8.1727   8.1923
  8.2195   8.2688   8.2911   8.3071   8.3156   8.3215   8.3570   8.3659
  8.3852   8.3930   8.4178   8.4362   8.4594   8.4616   8.4704   8.4769
  8.5121   8.5332   8.5460   8.5759   8.5860   8.5933   8.6002   8.6182
  8.6429   8.6765   8.6985   8.7078   8.7370   8.7726   8.7831   8.8081
  8.8231   8.8558   8.8718   8.8869   8.8925   8.9062   8.9367   8.9579
  8.9595   8.9724   9.0449   9.0654   9.0954   9.1047   9.1445   9.1511
  9.1880   9.2033   9.2469   9.2516   9.2563   9.2735   9.2828   9.3282
  9.3350   9.3857   9.4346   9.4669   9.4858   9.5315   9.5713   9.5804
  9.6322   9.6409   9.6645   9.7259   9.7531   9.7789   9.8207   9.8472
  9.8673   9.8853   9.9158   9.9263   9.9268   9.9639   9.9903  10.0047
 10.0231  10.0341  10.0510  10.0684  10.0810  10.1118  10.1355  10.1741
 10.1982  10.2301  10.2506  10.2939  10.3051  10.4194  10.4352  10.4814
 10.5115  10.5739  10.6210  10.7053  10.8141  10.9587  10.9938  11.0199
 11.0507  11.1590  11.3345  11.3360  11.3403  11.3405  11.3471  11.3490
 11.3512  11.3526  11.3666  11.3937  11.4010  11.4044  11.4066  11.5147
 11.5197  11.5478  11.5562  11.5779  11.5824  11.5866  11.6696  11.6801
 11.7044  11.8137  11.8266  11.8689  11.8885  11.9103  11.9902  11.9952
 12.0262  12.0543  12.0575  12.0835  12.0885  12.0911  12.1267  12.1352
 12.1671  12.1750  12.1979  12.2175  12.2405  12.2572  12.2817  12.3135
 12.3170  12.3476  12.4038  12.4287  12.5491  12.6064  12.6272  12.6556
 12.6842  12.7039  12.7600  12.9172  13.0670  13.1676  13.2032  13.2816
 13.3681  13.4187  13.6422  13.7167  13.7333  14.1743  14.5298  14.5360
 14.5447  14.5532  14.5829  14.5922  14.6218  14.6959  14.7160  14.7331
 14.7745  14.8404  14.8576  14.8911  14.8934  14.9295  15.0541  15.1754
 15.4938  15.5207  15.5447  15.5636  15.6080  15.6912  15.7909  15.8654
 15.9140  15.9353  15.9795  16.0286  16.1301  16.1463  16.2393  16.3009
 16.3145  16.3853  16.6039  16.6910  16.7224  16.7757  16.8136  16.8957
 28.1643  28.3371  28.5114  28.5811  28.9296  28.9595  29.0623  29.0737
 48.2440  48.3455  48.4595  54.4833  54.6293  54.7998 147.1698 147.4268
147.5781 147.6541 148.0084 148.0547 148.1626 148.2018 253.3173 253.4358
253.5766 285.4656 285.6413 285.8497
 --------------------------------------------------------------
 
          Ground-State Mulliken Net Atomic Charges

     Atom                 Charge (a.u.)    Spin (a.u.)
  --------------------------------------------------------
      1 H                     0.112043      -0.013498
      2 C                    -0.139029       0.434591
      3 C                     0.217610      -0.113291
      4 C                     0.209971       0.577943
      5 C                    -0.093755       0.021723
      6 C                     0.127589       0.013832
      7 O                    -0.390650      -0.006367
      8 F                    -0.221168       0.042043
      9 C                     0.323174       0.824480
     10 F                    -0.196976       0.048854
     11 F                    -0.193473       0.070369
     12 C                     0.186678       0.008940
     13 O                    -0.348038       0.015395
     14 C                     0.305179      -0.028136
     15 O                    -0.334501       0.079427
     16 H                     0.082332       0.028091
     17 H                     0.079430       0.001124
     18 H                     0.088158       0.002258
     19 H                     0.063512      -0.000757
     20 H                     0.073944      -0.003414
     21 H                     0.047968      -0.003608
  --------------------------------------------------------
  Sum of atomic charges =    -0.000000
  Sum of spin   charges =     2.000000

 -----------------------------------------------------------------
                    Cartesian Multipole Moments
 -----------------------------------------------------------------
    Charge (ESU x 10^10)
                -0.0000
    Dipole Moment (Debye)
         X      -5.5814      Y      -1.6126      Z       3.8508
       Tot       6.9700
    Quadrupole Moments (Debye-Ang)
        XX     -91.2362     XY      -2.5860     YY     -78.8692
        XZ       4.3691     YZ      -1.5521     ZZ     -80.6334
    Octopole Moments (Debye-Ang^2)
       XXX    -161.2446    XXY     -30.6876    XYY     -30.1258
       YYY     -32.2517    XXZ      57.4877    XYZ       7.4274
       YYZ      29.9086    XZZ     -25.9538    YZZ     -18.3454
       ZZZ      90.3769
    Hexadecapole Moments (Debye-Ang^3)
      XXXX   -1725.8040   XXXY    -185.5514   XXYY    -352.0115
      XYYY    -122.7751   YYYY    -469.4626   XXXZ      49.2850
      XXYZ      46.6570   XYYZ       0.7971   YYYZ      41.7799
      XXZZ    -419.7718   XYZZ     -52.4414   YYZZ    -249.4332
      XZZZ     -44.0681   YZZZ      37.8553   ZZZZ    -966.6614
 -----------------------------------------------------------------
 Total job time:  349.79s(wall), 10276.13s(cpu) 
 Thu Aug  1 11:29:01 2024

        *************************************************************
        *                                                           *
        *  Thank you very much for using Q-Chem.  Have a nice day.  *
        *                                                           *
        *************************************************************


