
Running Job 1 of 1 hat3c-ts1-triplet-B3PW91.in
qchem hat3c-ts1-triplet-B3PW91.in_2074039.0 /expanse/lustre/scratch/whughes/temp_project/job_32696730/hat3c-ts1-triplet-B3PW91-32696730/ 0
/cm/shared/apps/spack/0.17.3/cpu/b/opt/spack/linux-rocky8-zen2/gcc-10.2.0/qchem-6.0-rytxnwjazd34ekd2gqyi5ufsaimxsd3r/exe/qcprog.exe_s hat3c-ts1-triplet-B3PW91.in_2074039.0 /expanse/lustre/scratch/whughes/temp_project/job_32696730/hat3c-ts1-triplet-B3PW91-32696730/
                  Welcome to Q-Chem
     A Quantum Leap Into The Future Of Chemistry


 Q-Chem 6.0, Q-Chem, Inc., Pleasanton, CA (2022)

 License issued to: University of California, San Diego (site)

 E. Epifanovsky,  A. T. B. Gilbert,  Xintian Feng,  Joonho Lee,  Yuezhi Mao,  
 N. Mardirossian,  P. Pokhilko,  A. White,  M. Wormit,  M. P. Coons,  
 A. L. Dempwolff,  Zhengting Gan,  D. Hait,  P. R. Horn,  L. D. Jacobson,  
 I. Kaliman,  J. Kussmann,  A. W. Lange,  Ka Un Lao,  D. S. Levine,  Jie Liu,  
 S. C. McKenzie,  A. F. Morrison,  K. Nanda,  F. Plasser,  D. R. Rehn,  
 M. L. Vidal,  Zhi-Qiang You,  Ying Zhu,  B. Alam,  B. Albrecht,  
 A. Aldossary,  E. Alguire,  J. H. Andersen,  V. Athavale,  D. Barton,  
 K. Begam,  A. Behn,  N. Bellonzi,  Y. A. Bernard,  E. J. Berquist,  
 H. Burton,  A. Carreras,  K. Carter-Fenk,  Romit Chakraborty,  
 Chandrima Chakravarty,  Junhan Chen,  A. D. Chien,  K. D. Closser,  
 V. Cofer-Shabica,  L. Cunha,  S. Dasgupta,  Jia Deng,  M. de Wergifosse,  
 M. Diedenhofen,  Hainam Do,  S. Ehlert,  Po-Tung Fang,  S. Fatehi,  
 Qingguo Feng,  T. Friedhoff,  B. Ganoe,  J. Gayvert,  Qinghui Ge,  
 G. Gidofalvi,  M. Goldey,  J. Gomes,  C. Gonzalez-Espinoza,  S. Gulania,  
 A. Gunina,  J. A. Gyamfi,  M. W. D. Hanson-Heine,  P. H. P. Harbach,  
 A. W. Hauser,  M. F. Herbst,  M. Hernandez Vera,  M. Hodecker,  
 Z. C. Holden,  S. Houck,  Xunkun Huang,  Kerwin Hui,  B. C. Huynh,  
 K. Ikeda,  M. Ivanov,  Hyunjun Ji,  Zuxin Jin,  Hanjie Jiang,  B. Kaduk,  
 S. Kaehler,  R. Kang,  K. Khistyaev,  Jaehoon Kim,  Yongbin Kim,  
 P. Klunzinger,  Z. Koczor-Benda,  Joong Hoon Koh,  D. Kosenkov,  
 Saikiran Kotaru,  L. Koulias,  T. Kowalczyk,  C. M. Krauter,  K. Kue,  
 A. Kunitsa,  T. Kus,  A. Landau,  K. V. Lawler,  D. Lefrancois,  S. Lehtola,  
 Rain Li,  Shaozhi Li,  Yi-Pei Li,  Jiashu Liang,  M. Liebenthal,  
 Hung-Hsuan Lin,  You-Sheng Lin,  Fenglai Liu,  Kuan-Yu Liu,  
 M. Loipersberger,  A. Luenser,  C. Malbon,  A. Manjanath,  P. Manohar,  
 E. Mansoor,  S. F. Manzer,  Shan-Ping Mao,  A. V. Marenich,  T. Markovich,  
 S. Mason,  F. Matz,  S. A. Maurer,  P. F. McLaughlin,  M. F. S. J. Menger,  
 J.-M. Mewes,  S. A. Mewes,  P. Morgante,  Mohammad Mostafanejad,  
 J. W. Mullinax,  K. J. Oosterbaan,  G. Paran,  V. Parravicini,  
 Alexander C. Paul,  Suranjan K. Paul,  F. Pavosevic,  Zheng Pei,  S. Prager,  
 E. I. Proynov,  E. Ramos,  B. Rana,  A. E. Rask,  A. Rettig,  R. M. Richard,  
 F. Rob,  E. Rossomme,  T. Scheele,  M. Scheurer,  M. Schneider,  
 P. E. Schneider,  N. Sergueev,  S. M. Sharada,  Hengyuan Shen,  
 W. Skomorowski,  D. W. Small,  C. J. Stein,  Yingli Su,  Yu-Chuan Su,  
 E. J. Sundstrom,  Zhen Tao,  J. Thirman,  Hung-Yi Tsai,  T. Tsuchimochi,  
 N. M. Tubman,  C. Utku,  S. P. Veccham,  O. Vydrov,  J. Wenzel,  
 Jonathan Wong,  J. Witte,  A. Yamada,  Chou-Hsun Yang,  Kun Yao,  
 S. Yeganeh,  S. R. Yost,  A. Zech,  F. Zeller,  Igor Ying Zhang,  
 Xing Zhang,  Yu Zhang,  D. Zuev,  A. Aspuru-Guzik,  A. T. Bell,  
 N. A. Besley,  K. B. Bravaya,  B. R. Brooks,  D. Casanova,  Jeng-Da Chai,  
 Hsing-Ta Chen,  S. Coriani,  C. J. Cramer,  A. E. DePrince, III,  
 R. A. DiStasio Jr.,  A. Dreuw,  B. D. Dunietz,  T. R. Furlani,  
 W. A. Goddard III,  S. Grimme,  S. Hammes-Schiffer,  T. Head-Gordon,  
 W. J. Hehre,  Chao-Ping Hsu,  T.-C. Jagau,  Yousung Jung,  A. Klamt,  
 Jing Kong,  D. S. Lambrecht,  Xiangyuan Li,  WanZhen Liang,  N. J. Mayhall,  
 C. W. McCurdy,  J. B. Neaton,  T. Neudecker,  C. Ochsenfeld,  
 J. A. Parkhill,  R. Peverati,  V. A. Rassolov,  Haisheng Ren,  Yihan Shao,  
 L. V. Slipchenko,  R. P. Steele,  J. E. Subotnik,  A. J. W. Thom,  
 A. Tkatchenko,  D. G. Truhlar,  T. Van Voorhis,  Fan Wang,  
 T. A. Wesolowski,  K. B. Whaley,  H. L. Woodcock III,  P. M. Zimmerman,  
 S. Faraji,  P. M. W. Gill,  M. Head-Gordon,  J. M. Herbert,  A. I. Krylov

 Contributors to earlier versions of Q-Chem not listed above: 
 R. D. Adamson,  B. Austin,  R. Baer,  J. Baker,  G. J. O. Beran,  
 K. Brandhorst,  S. T. Brown,  E. F. C. Byrd,  Arup K. Chakraborty,  
 G. K. L. Chan,  Chun-Min Chang,  Yunqing Chen,  C.-L. Cheng,  
 Siu Hung Chien,  D. M. Chipman,  D. L. Crittenden,  H. Dachsel,  
 R. J. Doerksen,  A. D. Dutoi,  R. G. Edgar,  J. Fosso-Tande,  
 L. Fusti-Molnar,  D. Ghosh,  A. Ghysels,  A. Golubeva-Zadorozhnaya,  
 J. Gonthier,  M. S. Gordon,  S. R. Gwaltney,  G. Hawkins,  J. E. Herr,  
 A. Heyden,  S. Hirata,  E. G. Hohenstein,  G. Kedziora,  F. J. Keil,  
 C. Kelley,  Jihan Kim,  R. A. King,  R. Z. Khaliullin,  P. P. Korambath,  
 W. Kurlancheek,  A. Laurent,  A. M. Lee,  M. S. Lee,  S. V. Levchenko,  
 Ching Yeh Lin,  D. Liotard,  E. Livshits,  R. C. Lochan,  I. Lotan,  
 L. A. Martinez-Martinez,  P. E. Maslen,  N. Nair,  D. P. O'Neill,  
 D. Neuhauser,  E. Neuscamman,  C. M. Oana,  R. Olivares-Amaya,  R. Olson,  
 T. M. Perrine,  B. Peters,  P. A. Pieniazek,  A. Prociuk,  Y. M. Rhee,  
 J. Ritchie,  M. A. Rohrdanz,  E. Rosta,  N. J. Russ,  H. F. Schaefer III,  
 M. W. Schmidt,  N. E. Schultz,  S. Sharma,  N. Shenvi,  C. D. Sherrill,  
 A. C. Simmonett,  A. Sodt,  T. Stein,  D. Stuck,  K. S. Thanthiriwatte,  
 V. Vanovschi,  L. Vogt,  Tao Wang,  A. Warshel,  M. A. Watson,  
 C. F. Williams,  Q. Wu,  X. Xu,  Jun Yang,  W. Zhang,  Yan Zhao

   Please cite Q-Chem as follows:
  "Software for the frontiers of quantum chemistry:
   An overview of developments in the Q-Chem 5 package"
   J. Chem. Phys. 155, 084801 (2021)
   https://doi.org/10.1063/5.0055522 (open access)

 Q-Chem 6.0.2 for Intel X86 EM64T Linux

 Parts of Q-Chem use Armadillo 9.900.5 (Nocturnal Misbehaviour).
 http://arma.sourceforge.net/

 Q-Chem begins on Thu Aug  1 15:57:30 2024  

 Host: 
0

     Scratch files written to /expanse/lustre/scratch/whughes/temp_project/job_32696730/hat3c-ts1-triplet-B3PW91-32696730//
 Dec722 |scratch|qcdevops|jenkins|workspace|build_RNUM    
 Processing $rem in /cm/shared/apps/spack/0.17.3/cpu/b/opt/spack/linux-rocky8-zen2/gcc-10.2.0/qchem-6.0-rytxnwjazd34ekd2gqyi5ufsaimxsd3r/config/preferences:
 Processing $rem in /home/whughes/.qchemrc:

 Checking the input file for inconsistencies... 	...done.

--------------------------------------------------------------
User input:
--------------------------------------------------------------
$molecule
0 3
S    0.849958153     0.0852877699    -0.3819003105
O    0.2163961041    1.2892457809    -0.952324832
O    0.669847332     -0.218073392    1.1006319022
H    -0.1556369884   1.2156321637    1.9313353384
C    -0.5201925567   2.2502314822    2.1484430463
H    -1.1947909265   2.1324474113    2.9991028241
H    -1.0753583805   2.5912532801    1.2767994085
C    0.6406419384    3.1166399462    2.4579661551
H    1.1258709696    2.9555731086    3.4163343944
C    1.1281174408    4.0398004943    1.635510669
H    1.9819371475    4.6464948864    1.9093105002
H    0.6866304666    4.2140176984    0.6604657544
$end

$rem
METHOD      B3PW91
BASIS       def2-QZVPP
SYM_IGNORE   TRUE
DFT_D       D4
MAX_SCF_CYCLES 300
$end

$end
--------------------------------------------------------------
 Adding empirical dispersion correction 
 ----------------------------------------------------------------
 Doing -D4(0) with B3PW parameters:
 s6  =   1.00000
 s8  =   2.88364
 s10 =   0.00000
 s9 =   1.00000
 a1  =   0.46991
 a2  =   4.51641
 -D4 energy including 3body term = -0.0128269051 hartrees
 ----------------------------------------------------------------
             Standard Nuclear Orientation (Angstroms)
    I     Atom           X                Y                Z
 ----------------------------------------------------------------
    1      S       0.8499581530     0.0852877699    -0.3819003105
    2      O       0.2163961041     1.2892457809    -0.9523248320
    3      O       0.6698473320    -0.2180733920     1.1006319022
    4      H      -0.1556369884     1.2156321637     1.9313353384
    5      C      -0.5201925567     2.2502314822     2.1484430463
    6      H      -1.1947909265     2.1324474113     2.9991028241
    7      H      -1.0753583805     2.5912532801     1.2767994085
    8      C       0.6406419384     3.1166399462     2.4579661551
    9      H       1.1258709696     2.9555731086     3.4163343944
   10      C       1.1281174408     4.0398004943     1.6355106690
   11      H       1.9819371475     4.6464948864     1.9093105002
   12      H       0.6866304666     4.2140176984     0.6604657544
 ----------------------------------------------------------------
 Nuclear Repulsion Energy =         281.80428038 hartrees
 There are       29 alpha and       27 beta electrons
 Requested basis set is def2-QZVPP
 There are 167 shells and 535 basis functions

 Total QAlloc Memory Limit   8000 MB
 Mega-Array Size       188 MB
 MEM_STATIC part       192 MB


                       Distance Matrix (Angstroms)
             S (  1)   O (  2)   O (  3)   H (  4)   C (  5)   H (  6)
   O (  2)  1.475229
   O (  3)  1.523932  2.586940
   H (  4)  2.764048  2.908492  1.851217
   C (  5)  3.600963  3.328786  2.933706  1.118227
   H (  6)  4.450061  4.279745  3.550495  1.749434  1.092052
   H (  7)  3.569032  2.886667  3.311962  1.779505  1.088241  1.786364
   C (  8)  4.159056  3.892228  3.600489  2.127259  1.481217  2.151808
   H (  9)  4.768779  4.763295  3.955056  2.621999  2.194215  2.497417
   C ( 10)  4.448088  3.885059  4.315738  3.116322  2.486480  3.300497
   H ( 11)  5.228349  4.751549  5.102898  4.042342  3.472739  4.195198
   H ( 12)  4.261410  3.372907  4.453926  3.363754  2.743530  3.652657
             H (  7)   C (  8)   H (  9)   C ( 10)   H ( 11)
   C (  8)  2.148451
   H (  9)  3.091238  1.086213
   C ( 10)  2.661253  1.329019  2.084919
   H ( 11)  3.737799  2.107262  2.421402  1.082614
   H ( 12)  2.473426  2.106504  3.061279  1.084424  1.850532
 
 A cutoff of  1.0D-09 yielded  10680 shell pairs
 There are    107488 function pairs (    159030 Cartesian)
 Smallest overlap matrix eigenvalue = 6.02E-05

 Scale SEOQF with 1.000000e-01/1.000000e-01/1.000000e-01

 Standard Electronic Orientation quadrupole field applied
 Nucleus-field energy     =     0.0000000061 hartrees
 Guess from superposition of atomic densities
 Warning:  Energy on first SCF cycle will be non-variational
 SAD guess density has 56.000000 electrons

 -----------------------------------------------------------------------
  General SCF calculation program by
  Eric Jon Sundstrom, Paul Horn, Yuezhi Mao, Dmitri Zuev, Alec White,
  David Stuck, Shaama M.S., Shane Yost, Joonho Lee, David Small,
  Daniel Levine, Susi Lehtola, Hugh Burton, Evgeny Epifanovsky,
  Bang C. Huynh
 -----------------------------------------------------------------------
 Exchange:     0.2000 Hartree-Fock + 0.0800 Slater + 0.7200 B88
 Correlation:  0.1900 PW92 + 0.8100 PW91
 Using SG-1 standard quadrature grid
 Dispersion:   Grimme D4
 using 32 threads for integral computing
 -------------------------------------------------------
 OpenMP Integral computing Module                
 Release: version 1.0, May 2013, Q-Chem Inc. Pittsburgh 
 -------------------------------------------------------
 A unrestricted SCF calculation will be
 performed using DIIS
 SCF converges when DIIS error is below 1.0e-05
 ---------------------------------------
  Cycle       Energy         DIIS error
 ---------------------------------------
    1    -667.3241974528      7.61e-03  
    2    -666.2551383224      1.26e-03  
    3    -665.7811472636      2.26e-03  
    4    -666.4394277738      3.55e-04  
    5    -666.4391639241      3.70e-04  
    6    -666.4581635996      1.36e-04  
    7    -666.4604415875      2.20e-05  
    8    -666.4605487066      2.19e-05  
    9    -666.4606018922      1.48e-05  
   10    -666.4606486666      9.53e-06  Convergence criterion met
 ---------------------------------------
 SCF time:   CPU 1293.02s  wall 43.00s 
<S^2> =          2.014156571
 SCF   energy in the final basis set =     -666.4606486666
 Total energy in the final basis set =     -666.4606486666
 
 --------------------------------------------------------------
 
                    Orbital Energies (a.u.)
 --------------------------------------------------------------
 
 Alpha MOs
 -- Occupied --
-88.9598 -19.1786 -19.1549 -10.1977 -10.1861 -10.1791  -8.0473  -6.0058
 -6.0053  -6.0040  -1.1092  -1.0328  -0.8238  -0.7178  -0.6503  -0.5830
 -0.5044  -0.4935  -0.4755  -0.4729  -0.4507  -0.4325  -0.3984  -0.3790
 -0.3739  -0.3580  -0.3383  -0.2924  -0.2068
 -- Virtual --
 -0.0214   0.0213   0.0384   0.0476   0.0592   0.0639   0.0906   0.1033
  0.1182   0.1221   0.1368   0.1438   0.1518   0.1655   0.1754   0.1940
  0.2089   0.2136   0.2263   0.2390   0.2507   0.2556   0.2710   0.2856
  0.2941   0.3012   0.3108   0.3145   0.3275   0.3335   0.3401   0.3522
  0.3661   0.3714   0.3841   0.3990   0.4123   0.4379   0.4430   0.4475
  0.4642   0.4932   0.5032   0.5263   0.5460   0.5682   0.5832   0.5931
  0.6349   0.6425   0.6678   0.6768   0.6825   0.6975   0.7006   0.7258
  0.7351   0.7486   0.7548   0.7616   0.7832   0.7871   0.7983   0.8198
  0.8305   0.8475   0.8546   0.8655   0.8670   0.8842   0.9005   0.9035
  0.9147   0.9243   0.9285   0.9438   0.9492   0.9597   0.9836   0.9916
  1.0045   1.0153   1.0235   1.0262   1.0471   1.0490   1.0563   1.0922
  1.1017   1.1133   1.1275   1.1311   1.1596   1.1817   1.1974   1.2112
  1.2345   1.2498   1.2728   1.3009   1.3121   1.3179   1.3467   1.3712
  1.3852   1.3867   1.4085   1.4147   1.4401   1.4628   1.4741   1.4989
  1.5180   1.5232   1.5500   1.5968   1.6158   1.6468   1.6858   1.6958
  1.7416   1.7575   1.7645   1.7808   1.7956   1.8121   1.8211   1.8467
  1.8493   1.8727   1.8872   1.8984   1.9229   1.9326   1.9439   1.9495
  1.9845   1.9882   2.0000   2.0125   2.0338   2.0458   2.0596   2.0736
  2.1036   2.1078   2.1319   2.1487   2.1536   2.1857   2.2092   2.2200
  2.2373   2.2467   2.2734   2.2994   2.3125   2.3486   2.3661   2.3847
  2.4185   2.4319   2.4685   2.4967   2.5155   2.5232   2.5361   2.5488
  2.5658   2.5731   2.5848   2.6080   2.6160   2.6295   2.6340   2.6452
  2.6558   2.6850   2.7001   2.7148   2.7304   2.7374   2.7501   2.7663
  2.7725   2.7750   2.7961   2.8071   2.8211   2.8337   2.8460   2.8633
  2.8974   2.9007   2.9267   2.9459   2.9839   3.0005   3.0276   3.0575
  3.0686   3.0892   3.1039   3.1246   3.1277   3.1484   3.1618   3.1741
  3.1942   3.2136   3.2373   3.2399   3.2740   3.2885   3.3010   3.3395
  3.3521   3.3698   3.3747   3.3980   3.4313   3.4446   3.4519   3.4639
  3.4800   3.4850   3.5019   3.5162   3.5388   3.5665   3.5840   3.6218
  3.6380   3.7089   3.7297   3.7471   3.7496   3.7696   3.7752   3.8174
  3.8317   3.8551   3.8876   3.9060   3.9189   3.9369   3.9659   4.0065
  4.0246   4.0318   4.0732   4.1131   4.1208   4.1950   4.2048   4.2386
  4.2564   4.2773   4.3337   4.3789   4.4179   4.5092   4.5699   4.6473
  4.7043   4.7582   4.8225   4.8670   4.8928   4.9079   4.9449   4.9542
  4.9845   5.0138   5.0247   5.0701   5.1065   5.1142   5.1415   5.2377
  5.2520   5.2917   5.3159   5.3690   5.3739   5.4106   5.4277   5.4688
  5.4887   5.5102   5.5605   5.5715   5.6316   5.6449   5.6676   5.7359
  5.7910   5.7975   5.8050   5.8338   5.8502   5.8765   5.9029   5.9243
  5.9363   5.9505   5.9696   5.9883   6.0201   6.0321   6.0672   6.0810
  6.0908   6.1353   6.1560   6.1578   6.1827   6.2139   6.2222   6.2461
  6.3051   6.3266   6.3398   6.3701   6.4041   6.4188   6.4397   6.4550
  6.4857   6.5073   6.5486   6.5557   6.5800   6.6370   6.6620   6.7075
  6.7726   6.7943   6.8141   6.8363   6.9006   6.9177   6.9347   6.9550
  6.9945   7.0254   7.0940   7.1142   7.1837   7.2145   7.2900   7.3174
  7.3235   7.3623   7.3819   7.4030   7.4475   7.4671   7.4795   7.5131
  7.5153   7.5385   7.5477   7.5908   7.6282   7.6563   7.6718   7.7140
  7.7276   7.7670   7.7701   7.7962   7.8328   7.8969   7.9276   7.9451
  7.9805   8.0037   8.0161   8.0446   8.0663   8.1048   8.1432   8.1777
  8.2216   8.2310   8.2956   8.3072   8.3436   8.3459   8.3604   8.3901
  8.4089   8.4197   8.4237   8.4369   8.4557   8.4882   8.5146   8.5266
  8.5350   8.5624   8.5706   8.5810   8.6038   8.6185   8.6460   8.7001
  8.7168   8.7625   8.8056   8.8128   8.8246   8.8255   8.8318   8.8339
  8.8434   8.8641   8.8949   8.9029   8.9425   8.9540   8.9973   9.0217
  9.0668   9.1066   9.1424   9.1570   9.1809   9.2048   9.2793   9.2935
  9.4050   9.4298   9.4512   9.4748   9.6273   9.6365   9.6848   9.6945
  9.7329   9.7734   9.7970   9.8242   9.8772   9.8920   9.9577   9.9758
 10.0360  10.0704  10.1641  10.1873  10.2693  10.3531  10.4994  10.6116
 10.8875  10.9052  10.9144  10.9668  11.0308  11.1070  11.1553  11.1777
 11.2349  11.3066  11.6131  11.6565  11.7055  11.7178  11.7426  11.7497
 11.7707  11.9190  11.9797  11.9940  12.0370  12.1011  12.1640  12.1920
 12.2074  12.3613  12.4508  12.7270  12.7687  12.7817  12.9779  13.2363
 13.7978  13.8755  24.3643  28.3726  28.6037  28.9356  29.0481  29.2292
 29.3929  47.7819  47.8269  83.8020 147.4430 148.1525 148.3244 252.8065
252.8576 450.6912
 
 Beta MOs
 -- Occupied --
-88.9551 -19.1612 -19.1415 -10.1977 -10.1837 -10.1773  -8.0423  -6.0029
 -5.9996  -5.9922  -1.0802  -0.9978  -0.8194  -0.7105  -0.6036  -0.5800
 -0.4975  -0.4609  -0.4551  -0.4483  -0.4279  -0.4137  -0.3950  -0.3725
 -0.3296  -0.3246  -0.2801
 -- Virtual --
 -0.2235  -0.0797  -0.0130   0.0341   0.0480   0.0562   0.0628   0.0736
  0.0919   0.1051   0.1235   0.1277   0.1419   0.1480   0.1562   0.1703
  0.1876   0.2010   0.2131   0.2188   0.2297   0.2423   0.2541   0.2671
  0.2790   0.2913   0.3046   0.3079   0.3161   0.3201   0.3357   0.3369
  0.3508   0.3601   0.3737   0.3767   0.3895   0.4038   0.4189   0.4418
  0.4477   0.4526   0.4697   0.4986   0.5068   0.5326   0.5476   0.5710
  0.5843   0.6076   0.6396   0.6511   0.6711   0.6787   0.6867   0.7021
  0.7038   0.7300   0.7387   0.7510   0.7592   0.7684   0.7889   0.7905
  0.8013   0.8225   0.8358   0.8509   0.8591   0.8699   0.8722   0.8899
  0.9068   0.9138   0.9285   0.9335   0.9415   0.9513   0.9681   0.9757
  0.9991   1.0027   1.0106   1.0235   1.0328   1.0385   1.0513   1.0611
  1.0620   1.0987   1.1090   1.1221   1.1338   1.1400   1.1714   1.1863
  1.2029   1.2192   1.2442   1.2595   1.2771   1.3088   1.3232   1.3279
  1.3552   1.3780   1.3928   1.4019   1.4189   1.4240   1.4494   1.4720
  1.4846   1.5075   1.5255   1.5341   1.5619   1.6010   1.6247   1.6498
  1.6908   1.7017   1.7450   1.7654   1.7683   1.7922   1.8069   1.8167
  1.8285   1.8509   1.8545   1.8767   1.8925   1.9030   1.9266   1.9380
  1.9476   1.9551   1.9887   1.9935   2.0057   2.0149   2.0391   2.0503
  2.0667   2.0803   2.1075   2.1098   2.1358   2.1521   2.1562   2.1890
  2.2130   2.2231   2.2401   2.2580   2.2781   2.3023   2.3157   2.3528
  2.3680   2.3868   2.4223   2.4341   2.4721   2.4991   2.5187   2.5245
  2.5384   2.5510   2.5680   2.5764   2.5895   2.6191   2.6284   2.6396
  2.6461   2.6585   2.6681   2.6883   2.7050   2.7201   2.7373   2.7466
  2.7578   2.7777   2.7820   2.7933   2.8057   2.8117   2.8318   2.8474
  2.8609   2.8799   2.9009   2.9088   2.9329   2.9485   2.9899   3.0086
  3.0342   3.0657   3.0821   3.0991   3.1255   3.1342   3.1445   3.1603
  3.1697   3.1844   3.2063   3.2220   3.2489   3.2492   3.2801   3.2939
  3.3208   3.3519   3.3576   3.3761   3.3986   3.4071   3.4388   3.4592
  3.4694   3.4772   3.4892   3.4975   3.5082   3.5209   3.5548   3.5781
  3.5939   3.6365   3.6553   3.7167   3.7352   3.7553   3.7619   3.7745
  3.7847   3.8204   3.8441   3.8729   3.9073   3.9152   3.9279   3.9409
  3.9687   4.0218   4.0435   4.0512   4.0925   4.1244   4.1419   4.2042
  4.2285   4.2606   4.2741   4.2812   4.3354   4.3810   4.4312   4.5312
  4.5916   4.6517   4.7233   4.7779   4.8445   4.8723   4.9032   4.9131
  4.9570   4.9629   4.9908   5.0178   5.0361   5.0773   5.1098   5.1404
  5.1559   5.2433   5.2793   5.2965   5.3190   5.3770   5.3824   5.4149
  5.4434   5.4744   5.4925   5.5148   5.5633   5.5762   5.6368   5.6501
  5.6753   5.7395   5.7948   5.8016   5.8064   5.8365   5.8533   5.8801
  5.9062   5.9269   5.9399   5.9542   5.9739   5.9899   6.0239   6.0358
  6.0691   6.0844   6.0927   6.1375   6.1587   6.1601   6.1861   6.2176
  6.2254   6.2482   6.3074   6.3292   6.3436   6.3731   6.4073   6.4231
  6.4413   6.4581   6.4875   6.5108   6.5527   6.5588   6.5965   6.6406
  6.6676   6.7110   6.7751   6.7975   6.8168   6.8411   6.9096   6.9299
  6.9389   6.9586   6.9998   7.0278   7.0978   7.1174   7.1852   7.2163
  7.2928   7.3213   7.3378   7.3643   7.3842   7.4065   7.4489   7.4686
  7.4813   7.5148   7.5173   7.5403   7.5494   7.5924   7.6294   7.6584
  7.6728   7.7164   7.7295   7.7691   7.7717   7.7983   7.8345   7.8984
  7.9288   7.9469   7.9817   8.0050   8.0168   8.0483   8.0673   8.1076
  8.1440   8.1787   8.2220   8.2309   8.2982   8.3091   8.3470   8.3474
  8.3633   8.3917   8.4102   8.4212   8.4284   8.4415   8.4606   8.4945
  8.5252   8.5303   8.5476   8.5658   8.5757   8.5940   8.6100   8.6283
  8.6514   8.7050   8.7250   8.7693   8.8129   8.8319   8.8426   8.8446
  8.8499   8.8544   8.8665   8.8827   8.9003   8.9202   8.9538   8.9645
  9.0142   9.0386   9.0858   9.1102   9.1651   9.1697   9.1821   9.2134
  9.2798   9.3137   9.4261   9.4434   9.4630   9.4925   9.6283   9.6395
  9.6903   9.6952   9.7365   9.7776   9.8102   9.8266   9.8813   9.8953
  9.9708   9.9807  10.0396  10.0735  10.1655  10.1885  10.2719  10.3560
 10.5026  10.6141  10.8880  10.9384  10.9478  11.0077  11.0638  11.1444
 11.1898  11.2124  11.2393  11.3529  11.6444  11.6856  11.7374  11.7423
 11.7637  11.7721  11.7926  11.9459  12.0056  12.0158  12.0868  12.1356
 12.2052  12.2190  12.2451  12.3905  12.5050  12.7578  12.7866  12.7955
 12.9805  13.2413  13.8328  13.9063  24.3728  28.3745  28.6183  28.9411
 29.0512  29.2321  29.3953  47.8071  47.8472  83.8086 147.4434 148.1533
148.3252 252.8143 252.8638 450.6947
 --------------------------------------------------------------
 
          Ground-State Mulliken Net Atomic Charges

     Atom                 Charge (a.u.)    Spin (a.u.)
  --------------------------------------------------------
      1 S                     0.505477       0.754827
      2 O                    -0.377070       0.416565
      3 O                    -0.341129       0.560738
      4 H                     0.097430       0.021695
      5 C                    -0.100034       0.064779
      6 H                     0.067875       0.021011
      7 H                     0.073645      -0.001601
      8 C                    -0.055452       0.001725
      9 H                     0.074546      -0.001513
     10 C                    -0.133791       0.174446
     11 H                     0.093767      -0.006563
     12 H                     0.094735      -0.006109
  --------------------------------------------------------
  Sum of atomic charges =    -0.000000
  Sum of spin   charges =     2.000000

 -----------------------------------------------------------------
                    Cartesian Multipole Moments
 -----------------------------------------------------------------
    Charge (ESU x 10^10)
                -0.0000
    Dipole Moment (Debye)
         X       0.3000      Y       1.4849      Z       1.5295
       Tot       2.1527
    Quadrupole Moments (Debye-Ang)
        XX     -41.1260     XY       2.2199     YY     -36.9966
        XZ      -0.3888     YZ       6.7814     ZZ     -39.8458
    Octopole Moments (Debye-Ang^2)
       XXX     -66.5715    XXY     -61.9188    XYY      -9.1418
       YYY    -180.5713    XXZ     -34.5365    XYZ       6.7775
       YYZ     -25.9605    XZZ     -20.4912    YZZ     -58.2772
       ZZZ     -94.4390
    Hexadecapole Moments (Debye-Ang^3)
      XXXX    -208.5913   XXXY    -100.6712   XXYY    -225.3335
      XYYY     -40.5954   YYYY   -1241.2308   XXXZ     -35.9033
      XXYZ     -97.6752   XYYZ      18.5422   YYYZ    -327.2026
      XXZZ    -134.2316   XYZZ     -20.8401   YYZZ    -318.2329
      XZZZ     -31.0795   YZZZ    -303.7079   ZZZZ    -608.1331
 -----------------------------------------------------------------
 Total job time:  45.26s(wall), 1324.92s(cpu) 
 Thu Aug  1 15:58:15 2024

        *************************************************************
        *                                                           *
        *  Thank you very much for using Q-Chem.  Have a nice day.  *
        *                                                           *
        *************************************************************


