
Running Job 1 of 1 SIL1-P1_rdkit_conf_1_wb97xd-B3PW91.in
qchem SIL1-P1_rdkit_conf_1_wb97xd-B3PW91.in_3219579.0 /expanse/lustre/scratch/whughes/temp_project/job_35550508/SIL1-P1_rdkit_conf_1_wb97xd-B3PW91-35550508/ 0
/cm/shared/apps/spack/0.17.3/cpu/b/opt/spack/linux-rocky8-zen2/gcc-10.2.0/qchem-6.0-rytxnwjazd34ekd2gqyi5ufsaimxsd3r/exe/qcprog.exe_s SIL1-P1_rdkit_conf_1_wb97xd-B3PW91.in_3219579.0 /expanse/lustre/scratch/whughes/temp_project/job_35550508/SIL1-P1_rdkit_conf_1_wb97xd-B3PW91-35550508/
                  Welcome to Q-Chem
     A Quantum Leap Into The Future Of Chemistry


 Q-Chem 6.0, Q-Chem, Inc., Pleasanton, CA (2022)

 License issued to: University of California, San Diego (site)

 E. Epifanovsky,  A. T. B. Gilbert,  Xintian Feng,  Joonho Lee,  Yuezhi Mao,  
 N. Mardirossian,  P. Pokhilko,  A. White,  M. Wormit,  M. P. Coons,  
 A. L. Dempwolff,  Zhengting Gan,  D. Hait,  P. R. Horn,  L. D. Jacobson,  
 I. Kaliman,  J. Kussmann,  A. W. Lange,  Ka Un Lao,  D. S. Levine,  Jie Liu,  
 S. C. McKenzie,  A. F. Morrison,  K. Nanda,  F. Plasser,  D. R. Rehn,  
 M. L. Vidal,  Zhi-Qiang You,  Ying Zhu,  B. Alam,  B. Albrecht,  
 A. Aldossary,  E. Alguire,  J. H. Andersen,  V. Athavale,  D. Barton,  
 K. Begam,  A. Behn,  N. Bellonzi,  Y. A. Bernard,  E. J. Berquist,  
 H. Burton,  A. Carreras,  K. Carter-Fenk,  Romit Chakraborty,  
 Chandrima Chakravarty,  Junhan Chen,  A. D. Chien,  K. D. Closser,  
 V. Cofer-Shabica,  L. Cunha,  S. Dasgupta,  Jia Deng,  M. de Wergifosse,  
 M. Diedenhofen,  Hainam Do,  S. Ehlert,  Po-Tung Fang,  S. Fatehi,  
 Qingguo Feng,  T. Friedhoff,  B. Ganoe,  J. Gayvert,  Qinghui Ge,  
 G. Gidofalvi,  M. Goldey,  J. Gomes,  C. Gonzalez-Espinoza,  S. Gulania,  
 A. Gunina,  J. A. Gyamfi,  M. W. D. Hanson-Heine,  P. H. P. Harbach,  
 A. W. Hauser,  M. F. Herbst,  M. Hernandez Vera,  M. Hodecker,  
 Z. C. Holden,  S. Houck,  Xunkun Huang,  Kerwin Hui,  B. C. Huynh,  
 K. Ikeda,  M. Ivanov,  Hyunjun Ji,  Zuxin Jin,  Hanjie Jiang,  B. Kaduk,  
 S. Kaehler,  R. Kang,  K. Khistyaev,  Jaehoon Kim,  Yongbin Kim,  
 P. Klunzinger,  Z. Koczor-Benda,  Joong Hoon Koh,  D. Kosenkov,  
 Saikiran Kotaru,  L. Koulias,  T. Kowalczyk,  C. M. Krauter,  K. Kue,  
 A. Kunitsa,  T. Kus,  A. Landau,  K. V. Lawler,  D. Lefrancois,  S. Lehtola,  
 Rain Li,  Shaozhi Li,  Yi-Pei Li,  Jiashu Liang,  M. Liebenthal,  
 Hung-Hsuan Lin,  You-Sheng Lin,  Fenglai Liu,  Kuan-Yu Liu,  
 M. Loipersberger,  A. Luenser,  C. Malbon,  A. Manjanath,  P. Manohar,  
 E. Mansoor,  S. F. Manzer,  Shan-Ping Mao,  A. V. Marenich,  T. Markovich,  
 S. Mason,  F. Matz,  S. A. Maurer,  P. F. McLaughlin,  M. F. S. J. Menger,  
 J.-M. Mewes,  S. A. Mewes,  P. Morgante,  Mohammad Mostafanejad,  
 J. W. Mullinax,  K. J. Oosterbaan,  G. Paran,  V. Parravicini,  
 Alexander C. Paul,  Suranjan K. Paul,  F. Pavosevic,  Zheng Pei,  S. Prager,  
 E. I. Proynov,  E. Ramos,  B. Rana,  A. E. Rask,  A. Rettig,  R. M. Richard,  
 F. Rob,  E. Rossomme,  T. Scheele,  M. Scheurer,  M. Schneider,  
 P. E. Schneider,  N. Sergueev,  S. M. Sharada,  Hengyuan Shen,  
 W. Skomorowski,  D. W. Small,  C. J. Stein,  Yingli Su,  Yu-Chuan Su,  
 E. J. Sundstrom,  Zhen Tao,  J. Thirman,  Hung-Yi Tsai,  T. Tsuchimochi,  
 N. M. Tubman,  C. Utku,  S. P. Veccham,  O. Vydrov,  J. Wenzel,  
 Jonathan Wong,  J. Witte,  A. Yamada,  Chou-Hsun Yang,  Kun Yao,  
 S. Yeganeh,  S. R. Yost,  A. Zech,  F. Zeller,  Igor Ying Zhang,  
 Xing Zhang,  Yu Zhang,  D. Zuev,  A. Aspuru-Guzik,  A. T. Bell,  
 N. A. Besley,  K. B. Bravaya,  B. R. Brooks,  D. Casanova,  Jeng-Da Chai,  
 Hsing-Ta Chen,  S. Coriani,  C. J. Cramer,  A. E. DePrince, III,  
 R. A. DiStasio Jr.,  A. Dreuw,  B. D. Dunietz,  T. R. Furlani,  
 W. A. Goddard III,  S. Grimme,  S. Hammes-Schiffer,  T. Head-Gordon,  
 W. J. Hehre,  Chao-Ping Hsu,  T.-C. Jagau,  Yousung Jung,  A. Klamt,  
 Jing Kong,  D. S. Lambrecht,  Xiangyuan Li,  WanZhen Liang,  N. J. Mayhall,  
 C. W. McCurdy,  J. B. Neaton,  T. Neudecker,  C. Ochsenfeld,  
 J. A. Parkhill,  R. Peverati,  V. A. Rassolov,  Haisheng Ren,  Yihan Shao,  
 L. V. Slipchenko,  R. P. Steele,  J. E. Subotnik,  A. J. W. Thom,  
 A. Tkatchenko,  D. G. Truhlar,  T. Van Voorhis,  Fan Wang,  
 T. A. Wesolowski,  K. B. Whaley,  H. L. Woodcock III,  P. M. Zimmerman,  
 S. Faraji,  P. M. W. Gill,  M. Head-Gordon,  J. M. Herbert,  A. I. Krylov

 Contributors to earlier versions of Q-Chem not listed above: 
 R. D. Adamson,  B. Austin,  R. Baer,  J. Baker,  G. J. O. Beran,  
 K. Brandhorst,  S. T. Brown,  E. F. C. Byrd,  Arup K. Chakraborty,  
 G. K. L. Chan,  Chun-Min Chang,  Yunqing Chen,  C.-L. Cheng,  
 Siu Hung Chien,  D. M. Chipman,  D. L. Crittenden,  H. Dachsel,  
 R. J. Doerksen,  A. D. Dutoi,  R. G. Edgar,  J. Fosso-Tande,  
 L. Fusti-Molnar,  D. Ghosh,  A. Ghysels,  A. Golubeva-Zadorozhnaya,  
 J. Gonthier,  M. S. Gordon,  S. R. Gwaltney,  G. Hawkins,  J. E. Herr,  
 A. Heyden,  S. Hirata,  E. G. Hohenstein,  G. Kedziora,  F. J. Keil,  
 C. Kelley,  Jihan Kim,  R. A. King,  R. Z. Khaliullin,  P. P. Korambath,  
 W. Kurlancheek,  A. Laurent,  A. M. Lee,  M. S. Lee,  S. V. Levchenko,  
 Ching Yeh Lin,  D. Liotard,  E. Livshits,  R. C. Lochan,  I. Lotan,  
 L. A. Martinez-Martinez,  P. E. Maslen,  N. Nair,  D. P. O'Neill,  
 D. Neuhauser,  E. Neuscamman,  C. M. Oana,  R. Olivares-Amaya,  R. Olson,  
 T. M. Perrine,  B. Peters,  P. A. Pieniazek,  A. Prociuk,  Y. M. Rhee,  
 J. Ritchie,  M. A. Rohrdanz,  E. Rosta,  N. J. Russ,  H. F. Schaefer III,  
 M. W. Schmidt,  N. E. Schultz,  S. Sharma,  N. Shenvi,  C. D. Sherrill,  
 A. C. Simmonett,  A. Sodt,  T. Stein,  D. Stuck,  K. S. Thanthiriwatte,  
 V. Vanovschi,  L. Vogt,  Tao Wang,  A. Warshel,  M. A. Watson,  
 C. F. Williams,  Q. Wu,  X. Xu,  Jun Yang,  W. Zhang,  Yan Zhao

   Please cite Q-Chem as follows:
  "Software for the frontiers of quantum chemistry:
   An overview of developments in the Q-Chem 5 package"
   J. Chem. Phys. 155, 084801 (2021)
   https://doi.org/10.1063/5.0055522 (open access)

 Q-Chem 6.0.2 for Intel X86 EM64T Linux

 Parts of Q-Chem use Armadillo 9.900.5 (Nocturnal Misbehaviour).
 http://arma.sourceforge.net/

 Q-Chem begins on Tue Dec  3 10:35:29 2024  

 Host: 
0

     Scratch files written to /expanse/lustre/scratch/whughes/temp_project/job_35550508/SIL1-P1_rdkit_conf_1_wb97xd-B3PW91-35550508//
 Dec722 |scratch|qcdevops|jenkins|workspace|build_RNUM    
 Processing $rem in /cm/shared/apps/spack/0.17.3/cpu/b/opt/spack/linux-rocky8-zen2/gcc-10.2.0/qchem-6.0-rytxnwjazd34ekd2gqyi5ufsaimxsd3r/config/preferences:
 Processing $rem in /home/whughes/.qchemrc:

 Checking the input file for inconsistencies... 	...done.

--------------------------------------------------------------
User input:
--------------------------------------------------------------
$molecule
0 3
C    -1.5428256243   -0.4265469514   -1.4631734889
Si   -2.0493199264   0.4132380035    0.1178638849
O    -0.7416279787   0.3155692154    1.1980070887
C    0.4430556725    0.8226352338    0.9485262731
C    1.6102332292    0.1558035194    0.556936532
C    2.8133615448    0.8682175665    0.3405539092
C    3.9554026321    0.2088993314    -0.0549566311
C    3.9510393091    -1.1716880365   -0.2480828691
C    2.7769849923    -1.8879669269   -0.0347157321
C    1.6214169398    -1.2484994034   0.3608469834
C    -3.4235859      -0.4785226664   0.9912802478
C    -2.4367861557   2.2101327404    -0.1630287348
H    -0.6311598523   0.0221683105    -1.8635709802
H    -2.3260465579   -0.332878669    -2.2192092456
H    -1.3506146832   -1.4892853167   -1.305150402
H    2.8217335687    1.9403277368    0.4904723819
H    4.8665776665    0.7716646279    -0.216503084
H    4.8531035433    -1.682370564    -0.5583034978
H    2.7679266199    -2.9617188168   -0.1783095694
H    0.7134275188    -1.8114573886   0.5337942975
H    -3.6615444546   0.0038454049    1.9410343249
H    -4.3281871748   -0.4828452319   0.3787894226
H    -3.1506467073   -1.5153294297   1.196084322
H    -2.680588473    2.7110441654    0.7756892573
H    -3.2884218419   2.3216646335    -0.8382448204
H    -1.5830079068   2.723898912     -0.6096298699
$end

$rem
METHOD      B3PW91
BASIS       def2-QZVPP
SYM_IGNORE   TRUE
DFT_D       D4
MAX_SCF_CYCLES 300
$end

$end
--------------------------------------------------------------
 Adding empirical dispersion correction 
 ----------------------------------------------------------------
 Doing -D4(0) with B3PW parameters:
 s6  =   1.00000
 s8  =   2.88364
 s10 =   0.00000
 s9 =   1.00000
 a1  =   0.46991
 a2  =   4.51641
 -D4 energy including 3body term = -0.0431460269 hartrees
 ----------------------------------------------------------------
             Standard Nuclear Orientation (Angstroms)
    I     Atom           X                Y                Z
 ----------------------------------------------------------------
    1      C      -1.5428256243    -0.4265469514    -1.4631734889
    2      Si     -2.0493199264     0.4132380035     0.1178638849
    3      O      -0.7416279787     0.3155692154     1.1980070887
    4      C       0.4430556725     0.8226352338     0.9485262731
    5      C       1.6102332292     0.1558035194     0.5569365320
    6      C       2.8133615448     0.8682175665     0.3405539092
    7      C       3.9554026321     0.2088993314    -0.0549566311
    8      C       3.9510393091    -1.1716880365    -0.2480828691
    9      C       2.7769849923    -1.8879669269    -0.0347157321
   10      C       1.6214169398    -1.2484994034     0.3608469834
   11      C      -3.4235859000    -0.4785226664     0.9912802478
   12      C      -2.4367861557     2.2101327404    -0.1630287348
   13      H      -0.6311598523     0.0221683105    -1.8635709802
   14      H      -2.3260465579    -0.3328786690    -2.2192092456
   15      H      -1.3506146832    -1.4892853167    -1.3051504020
   16      H       2.8217335687     1.9403277368     0.4904723819
   17      H       4.8665776665     0.7716646279    -0.2165030840
   18      H       4.8531035433    -1.6823705640    -0.5583034978
   19      H       2.7679266199    -2.9617188168    -0.1783095694
   20      H       0.7134275188    -1.8114573886     0.5337942975
   21      H      -3.6615444546     0.0038454049     1.9410343249
   22      H      -4.3281871748    -0.4828452319     0.3787894226
   23      H      -3.1506467073    -1.5153294297     1.1960843220
   24      H      -2.6805884730     2.7110441654     0.7756892573
   25      H      -3.2884218419     2.3216646335    -0.8382448204
   26      H      -1.5830079068     2.7238989120    -0.6096298699
 ----------------------------------------------------------------
 Nuclear Repulsion Energy =         754.61006328 hartrees
 There are       49 alpha and       47 beta electrons
 Requested basis set is def2-QZVPP
 There are 349 shells and 1117 basis functions

 Total QAlloc Memory Limit   8000 MB
 Mega-Array Size       188 MB
 MEM_STATIC part       192 MB

 A cutoff of  1.0D-09 yielded  36821 shell pairs
 There are    353935 function pairs (    518759 Cartesian)
 Smallest overlap matrix eigenvalue = 6.27E-06

 Q-Chem warning in module stvman/mkSTV.C, line 305:

 Overlap eigenvalue is smaller than square root of threshold
 Use THRESH >= 12 to get rid of this warning


 Scale SEOQF with 1.000000e-01/1.000000e-01/1.000000e-01

 Standard Electronic Orientation quadrupole field applied
 Nucleus-field energy     =     0.0000000254 hartrees
 Guess from superposition of atomic densities
 Warning:  Energy on first SCF cycle will be non-variational
 SAD guess density has 96.000000 electrons

 -----------------------------------------------------------------------
  General SCF calculation program by
  Eric Jon Sundstrom, Paul Horn, Yuezhi Mao, Dmitri Zuev, Alec White,
  David Stuck, Shaama M.S., Shane Yost, Joonho Lee, David Small,
  Daniel Levine, Susi Lehtola, Hugh Burton, Evgeny Epifanovsky,
  Bang C. Huynh
 -----------------------------------------------------------------------
 Exchange:     0.2000 Hartree-Fock + 0.0800 Slater + 0.7200 B88
 Correlation:  0.1900 PW92 + 0.8100 PW91
 Using SG-1 standard quadrature grid
 Dispersion:   Grimme D4
 using 32 threads for integral computing
 -------------------------------------------------------
 OpenMP Integral computing Module                
 Release: version 1.0, May 2013, Q-Chem Inc. Pittsburgh 
 -------------------------------------------------------
 A unrestricted SCF calculation will be
 performed using DIIS
 SCF converges when DIIS error is below 1.0e-05
 ---------------------------------------
  Cycle       Energy         DIIS error
 ---------------------------------------
    1    -756.5727989435      5.44e-03  
    2    -753.8932117996      7.45e-04  
    3    -753.6907568867      9.22e-04  
    4    -754.2073406511      2.13e-04  
    5    -754.2386112861      6.30e-05  
    6    -754.2413156074      3.27e-05  
    7    -754.2420861529      1.22e-05  
    8    -754.2422515969      4.59e-06  Convergence criterion met
 ---------------------------------------
 SCF time:   CPU 9153.30s  wall 319.00s 
<S^2> =          2.032596608
 SCF   energy in the final basis set =     -754.2422515969
 Total energy in the final basis set =     -754.2422515969
 
 --------------------------------------------------------------
 
                    Orbital Energies (a.u.)
 --------------------------------------------------------------
 
 Alpha MOs
 -- Occupied --
-66.0949 -19.1584 -10.2341 -10.1784 -10.1658 -10.1632 -10.1616 -10.1598
-10.1592 -10.1494 -10.1474 -10.1468  -5.2811  -3.6375  -3.6338  -3.6336
 -1.0755  -0.8633  -0.7753  -0.7509  -0.7338  -0.6978  -0.6957  -0.6672
 -0.6073  -0.5933  -0.5389  -0.4930  -0.4718  -0.4656  -0.4429  -0.4379
 -0.4294  -0.4217  -0.4205  -0.4171  -0.4062  -0.4012  -0.3961  -0.3953
 -0.3756  -0.3597  -0.3411  -0.3196  -0.3162  -0.2838  -0.2639  -0.2336
 -0.1672
 -- Virtual --
 -0.0114   0.0136   0.0185   0.0402   0.0453   0.0500   0.0529   0.0602
  0.0646   0.0724   0.0796   0.0869   0.0990   0.1016   0.1061   0.1099
  0.1131   0.1183   0.1216   0.1263   0.1283   0.1308   0.1348   0.1433
  0.1502   0.1552   0.1557   0.1682   0.1781   0.1820   0.1861   0.1883
  0.1964   0.2022   0.2100   0.2138   0.2176   0.2250   0.2330   0.2400
  0.2424   0.2583   0.2628   0.2722   0.2746   0.2785   0.2801   0.2850
  0.2896   0.2935   0.2977   0.2989   0.3030   0.3068   0.3103   0.3118
  0.3179   0.3205   0.3343   0.3374   0.3406   0.3488   0.3548   0.3604
  0.3646   0.3667   0.3706   0.3832   0.3862   0.3878   0.3978   0.4031
  0.4180   0.4306   0.4408   0.4453   0.4543   0.4592   0.4669   0.4716
  0.4724   0.4870   0.4908   0.4987   0.5014   0.5072   0.5090   0.5135
  0.5217   0.5242   0.5370   0.5394   0.5438   0.5498   0.5516   0.5548
  0.5654   0.5734   0.5778   0.5907   0.5972   0.6037   0.6095   0.6140
  0.6260   0.6339   0.6444   0.6485   0.6560   0.6577   0.6653   0.6761
  0.6813   0.6883   0.6980   0.6998   0.7057   0.7082   0.7151   0.7172
  0.7286   0.7375   0.7383   0.7437   0.7484   0.7601   0.7647   0.7707
  0.7757   0.7804   0.7912   0.7953   0.7983   0.8021   0.8143   0.8253
  0.8284   0.8289   0.8358   0.8371   0.8437   0.8473   0.8504   0.8510
  0.8584   0.8626   0.8702   0.8760   0.8821   0.8857   0.8982   0.9021
  0.9103   0.9147   0.9208   0.9254   0.9313   0.9398   0.9471   0.9499
  0.9571   0.9613   0.9683   0.9730   0.9829   0.9912   0.9927   1.0076
  1.0098   1.0153   1.0207   1.0281   1.0312   1.0373   1.0429   1.0500
  1.0588   1.0646   1.0673   1.0775   1.0777   1.0878   1.0914   1.0990
  1.1059   1.1171   1.1194   1.1293   1.1341   1.1401   1.1416   1.1522
  1.1599   1.1642   1.1760   1.1810   1.1897   1.1918   1.1962   1.2026
  1.2146   1.2211   1.2357   1.2528   1.2564   1.2588   1.2742   1.2791
  1.2907   1.2926   1.3047   1.3072   1.3189   1.3365   1.3474   1.3570
  1.3711   1.3755   1.3780   1.3982   1.4075   1.4130   1.4290   1.4374
  1.4469   1.4537   1.4604   1.4776   1.4829   1.4838   1.5063   1.5116
  1.5204   1.5213   1.5315   1.5324   1.5491   1.5602   1.5818   1.5893
  1.5984   1.6074   1.6166   1.6238   1.6316   1.6495   1.6516   1.6718
  1.6764   1.6851   1.7016   1.7198   1.7381   1.7478   1.7546   1.7588
  1.7737   1.7802   1.7908   1.8074   1.8093   1.8182   1.8292   1.8351
  1.8381   1.8435   1.8527   1.8645   1.8732   1.8838   1.8883   1.8951
  1.9073   1.9110   1.9124   1.9212   1.9272   1.9314   1.9365   1.9443
  1.9528   1.9587   1.9646   1.9666   1.9709   1.9771   1.9847   1.9895
  1.9956   2.0064   2.0082   2.0189   2.0251   2.0296   2.0356   2.0413
  2.0444   2.0526   2.0649   2.0774   2.0867   2.0905   2.0926   2.1031
  2.1067   2.1114   2.1167   2.1216   2.1299   2.1350   2.1371   2.1458
  2.1472   2.1576   2.1632   2.1651   2.1747   2.1795   2.1821   2.1871
  2.2001   2.2034   2.2074   2.2086   2.2229   2.2275   2.2296   2.2353
  2.2487   2.2540   2.2554   2.2608   2.2635   2.2710   2.2777   2.2878
  2.2901   2.2932   2.3053   2.3142   2.3205   2.3238   2.3323   2.3361
  2.3464   2.3569   2.3626   2.3714   2.3850   2.3937   2.3979   2.4084
  2.4160   2.4178   2.4331   2.4358   2.4449   2.4497   2.4571   2.4696
  2.4711   2.4732   2.4822   2.4898   2.4941   2.4976   2.5093   2.5152
  2.5204   2.5257   2.5367   2.5410   2.5428   2.5501   2.5614   2.5620
  2.5738   2.5812   2.5906   2.5923   2.5987   2.6089   2.6161   2.6193
  2.6230   2.6338   2.6401   2.6481   2.6561   2.6592   2.6702   2.6759
  2.6852   2.6941   2.6972   2.7067   2.7131   2.7203   2.7241   2.7360
  2.7371   2.7468   2.7686   2.7698   2.7708   2.7822   2.7868   2.7941
  2.8033   2.8048   2.8170   2.8232   2.8333   2.8361   2.8536   2.8565
  2.8744   2.8783   2.8856   2.8961   2.8986   2.9112   2.9170   2.9220
  2.9278   2.9304   2.9411   2.9511   2.9659   2.9722   2.9789   2.9856
  2.9901   2.9960   3.0019   3.0138   3.0347   3.0408   3.0558   3.0657
  3.0679   3.0769   3.0838   3.0954   3.1115   3.1164   3.1207   3.1321
  3.1404   3.1637   3.1728   3.1925   3.2004   3.2083   3.2096   3.2327
  3.2446   3.2503   3.2533   3.2588   3.2674   3.2865   3.2954   3.3027
  3.3134   3.3290   3.3301   3.3591   3.3868   3.3946   3.3981   3.4004
  3.4107   3.4262   3.4297   3.4335   3.4378   3.4489   3.4608   3.4693
  3.4778   3.4826   3.4991   3.5044   3.5156   3.5199   3.5337   3.5404
  3.5673   3.5737   3.5829   3.5951   3.5964   3.5984   3.6235   3.6360
  3.6424   3.6661   3.6781   3.6922   3.7027   3.7192   3.7275   3.7389
  3.7462   3.7534   3.7867   3.7957   3.7996   3.8363   3.8431   3.8486
  3.8618   3.8685   3.8722   3.8793   3.8926   3.8951   3.9017   3.9121
  3.9183   3.9260   3.9638   4.0005   4.0247   4.0456   4.0648   4.1052
  4.1119   4.1268   4.1334   4.1553   4.1809   4.2384   4.2460   4.2595
  4.2691   4.2872   4.2937   4.3105   4.3245   4.3312   4.3555   4.3698
  4.4036   4.4505   4.4949   4.5043   4.5254   4.5462   4.5648   4.5798
  4.6163   4.6336   4.6425   4.6946   4.7117   4.7236   4.7422   4.8072
  4.8166   4.8361   4.8527   4.8764   4.8986   4.9045   4.9729   4.9951
  5.0242   5.0330   5.0403   5.0429   5.0559   5.0864   5.1403   5.1554
  5.1711   5.1860   5.1870   5.2023   5.2081   5.2214   5.2274   5.2407
  5.2683   5.2789   5.2880   5.3035   5.3077   5.3162   5.3270   5.3353
  5.3609   5.3715   5.3806   5.4019   5.4077   5.4096   5.4173   5.4288
  5.4423   5.4557   5.4797   5.4844   5.4909   5.4986   5.5301   5.5349
  5.5657   5.5728   5.5930   5.6067   5.6140   5.6212   5.6347   5.6437
  5.6646   5.6858   5.7194   5.7309   5.7337   5.7427   5.7603   5.7617
  5.7768   5.7881   5.7965   5.8077   5.8140   5.8162   5.8210   5.8310
  5.8418   5.8459   5.8486   5.8572   5.8659   5.8708   5.8800   5.8852
  5.8904   5.8957   5.9004   5.9026   5.9200   5.9272   5.9312   5.9349
  5.9395   5.9463   5.9525   5.9553   5.9596   5.9671   5.9772   5.9789
  5.9846   5.9896   6.0098   6.0196   6.0293   6.0313   6.0347   6.0412
  6.0453   6.0642   6.0660   6.0833   6.0943   6.1060   6.1115   6.1173
  6.1271   6.1333   6.1421   6.1487   6.1560   6.1602   6.1628   6.1654
  6.1683   6.1750   6.1890   6.1986   6.2074   6.2119   6.2184   6.2288
  6.2357   6.2527   6.2583   6.2666   6.2723   6.2798   6.2818   6.2957
  6.2969   6.2992   6.3089   6.3179   6.3293   6.3364   6.3499   6.3552
  6.3572   6.3642   6.3698   6.3723   6.3837   6.3908   6.4026   6.4069
  6.4168   6.4272   6.4359   6.4494   6.4592   6.4668   6.4750   6.4853
  6.4931   6.5035   6.5129   6.5188   6.5361   6.5479   6.5589   6.5622
  6.5750   6.5789   6.5826   6.5995   6.6049   6.6131   6.6199   6.6227
  6.6237   6.6313   6.6322   6.6511   6.6578   6.6633   6.6849   6.6959
  6.7061   6.7212   6.7250   6.7384   6.7413   6.7520   6.7570   6.7703
  6.7736   6.7849   6.7910   6.8052   6.8148   6.8334   6.8378   6.8433
  6.8637   6.8713   6.9099   6.9285   6.9514   6.9598   6.9622   6.9715
  6.9896   6.9998   7.0031   7.0166   7.0175   7.0446   7.0511   7.0552
  7.0828   7.0958   7.1198   7.1365   7.1487   7.1597   7.1673   7.1728
  7.2244   7.2340   7.2703   7.2933   7.3139   7.3295   7.3383   7.3732
  7.3749   7.3798   7.4013   7.4093   7.4128   7.4164   7.4368   7.4407
  7.4500   7.4525   7.4596   7.4691   7.4697   7.4793   7.4841   7.4991
  7.5055   7.5092   7.5150   7.5228   7.5301   7.5399   7.5506   7.5548
  7.5728   7.5994   7.6253   7.6333   7.6474   7.6571   7.6788   7.6859
  7.7029   7.7102   7.7134   7.7286   7.7312   7.7362   7.7385   7.7446
  7.7742   7.7776   7.7829   7.7853   7.7916   7.8018   7.8095   7.8236
  7.8278   7.8358   7.8401   7.8765   7.8803   7.8842   7.8894   7.8999
  7.9161   7.9225   7.9282   7.9334   7.9518   7.9663   7.9878   8.0297
  8.0443   8.0897   8.1059   8.1072   8.1187   8.1234   8.1334   8.1428
  8.1585   8.1670   8.2038   8.2160   8.2362   8.2563   8.2696   8.2907
  8.2978   8.3000   8.3026   8.3057   8.3127   8.3143   8.3176   8.3219
  8.3258   8.3287   8.3306   8.3338   8.3416   8.3424   8.3470   8.3574
  8.3707   8.3726   8.3833   8.3891   8.3938   8.4009   8.4054   8.4065
  8.4138   8.4212   8.4230   8.4266   8.4316   8.4361   8.4373   8.4407
  8.4533   8.4621   8.4728   8.4853   8.4969   8.5271   8.5334   8.5388
  8.5545   8.5718   8.5763   8.6137   8.6219   8.6433   8.6626   8.6734
  8.7140   8.7167   8.7305   8.7830   8.7917   8.8054   8.8161   8.8323
  8.8362   8.8444   8.8532   8.8638   8.8691   8.8749   8.8857   8.8900
  8.8938   8.8986   8.9027   8.9132   8.9158   8.9305   8.9331   8.9472
  8.9516   8.9536   8.9608   8.9953   9.0519   9.1003   9.1404   9.1515
  9.2126   9.3903   9.4784   9.5428   9.5884   9.6545   9.6664   9.6717
  9.6927   9.7117   9.7309   9.7380   9.7461   9.7541   9.7665   9.7722
  9.7771   9.8354   9.8406   9.8444   9.8538   9.8557   9.8718   9.8737
  9.8785   9.8834   9.8888   9.9029   9.9164   9.9294   9.9834  10.0214
 10.0307  10.0398  10.0569  10.0656  10.1357  10.1685  10.2122  10.2507
 10.2645  10.2743  10.2888  10.2958  10.2979  10.3008  10.3095  10.3306
 10.3685  10.4373  10.4688  10.5065  10.5303  10.5504  10.5747  10.6349
 10.7276  10.7823  10.8632  10.9882  11.2099  11.2404  11.6106  11.7793
 11.8451  11.8954  11.9197  11.9881  11.9937  12.0239  12.0482  12.0683
 12.1179  12.1417  12.1465  12.4102  12.4382  12.6218  12.7465  12.7626
 12.7764  12.9027  12.9351  12.9445  13.0281  13.1155  13.2259  13.2562
 13.2799  13.8168  14.4009  17.1757  27.8370  28.1227  28.5255  28.5759
 28.9292  28.9471  28.9572  29.0706  29.0725  29.3718  48.1980  58.4641
146.9342 147.2126 147.6079 147.6549 147.9799 148.0479 148.0589 148.1273
148.1769 148.4520 253.2757 316.8789
 
 Beta MOs
 -- Occupied --
-66.0948 -19.1515 -10.2094 -10.1789 -10.1631 -10.1617 -10.1613 -10.1599
-10.1556 -10.1494 -10.1473 -10.1467  -5.2808  -3.6371  -3.6336  -3.6334
 -1.0571  -0.8578  -0.7630  -0.7469  -0.7328  -0.6976  -0.6955  -0.6428
 -0.6037  -0.5832  -0.5317  -0.4793  -0.4562  -0.4536  -0.4376  -0.4333
 -0.4260  -0.4204  -0.4188  -0.4111  -0.4053  -0.3958  -0.3922  -0.3773
 -0.3661  -0.3540  -0.3387  -0.3172  -0.3105  -0.2642  -0.2541
 -- Virtual --
 -0.0663  -0.0606  -0.0045   0.0171   0.0411   0.0438   0.0498   0.0527
  0.0585   0.0612   0.0673   0.0731   0.0813   0.0889   0.1020   0.1036
  0.1091   0.1120   0.1148   0.1209   0.1238   0.1278   0.1298   0.1322
  0.1385   0.1469   0.1564   0.1589   0.1619   0.1719   0.1816   0.1870
  0.1894   0.1961   0.2033   0.2076   0.2138   0.2150   0.2220   0.2285
  0.2340   0.2425   0.2528   0.2616   0.2685   0.2734   0.2764   0.2799
  0.2824   0.2870   0.2917   0.2966   0.3004   0.3026   0.3066   0.3091
  0.3133   0.3154   0.3228   0.3268   0.3363   0.3411   0.3434   0.3540
  0.3588   0.3644   0.3668   0.3688   0.3757   0.3867   0.3909   0.3917
  0.4007   0.4073   0.4242   0.4362   0.4448   0.4500   0.4604   0.4619
  0.4723   0.4763   0.4792   0.4895   0.4969   0.5014   0.5077   0.5096
  0.5137   0.5180   0.5251   0.5293   0.5392   0.5431   0.5473   0.5533
  0.5552   0.5590   0.5689   0.5768   0.5800   0.5981   0.6006   0.6068
  0.6144   0.6212   0.6299   0.6371   0.6513   0.6573   0.6589   0.6622
  0.6670   0.6789   0.6827   0.6924   0.7014   0.7033   0.7112   0.7135
  0.7198   0.7220   0.7329   0.7419   0.7447   0.7510   0.7537   0.7659
  0.7701   0.7738   0.7794   0.7866   0.7939   0.8012   0.8020   0.8074
  0.8206   0.8270   0.8305   0.8376   0.8385   0.8443   0.8456   0.8516
  0.8520   0.8570   0.8608   0.8644   0.8763   0.8818   0.8878   0.8919
  0.9011   0.9066   0.9145   0.9180   0.9252   0.9297   0.9361   0.9423
  0.9515   0.9530   0.9614   0.9643   0.9725   0.9775   0.9854   0.9947
  0.9958   1.0123   1.0154   1.0191   1.0242   1.0303   1.0330   1.0410
  1.0470   1.0540   1.0633   1.0682   1.0711   1.0818   1.0824   1.0905
  1.0941   1.1019   1.1106   1.1208   1.1238   1.1361   1.1418   1.1439
  1.1492   1.1584   1.1636   1.1687   1.1794   1.1845   1.1951   1.1965
  1.2028   1.2059   1.2177   1.2244   1.2405   1.2559   1.2585   1.2661
  1.2790   1.2846   1.2939   1.2968   1.3078   1.3115   1.3217   1.3396
  1.3523   1.3624   1.3788   1.3807   1.3822   1.4004   1.4101   1.4164
  1.4317   1.4412   1.4521   1.4580   1.4627   1.4811   1.4870   1.4927
  1.5082   1.5166   1.5228   1.5269   1.5346   1.5375   1.5535   1.5639
  1.5881   1.5927   1.6074   1.6106   1.6201   1.6302   1.6349   1.6539
  1.6553   1.6778   1.6819   1.6983   1.7043   1.7248   1.7443   1.7530
  1.7613   1.7649   1.7780   1.7868   1.7968   1.8087   1.8122   1.8228
  1.8340   1.8391   1.8431   1.8493   1.8576   1.8699   1.8774   1.8881
  1.8967   1.8988   1.9097   1.9146   1.9174   1.9290   1.9318   1.9389
  1.9395   1.9467   1.9571   1.9637   1.9671   1.9720   1.9743   1.9851
  1.9879   1.9942   1.9988   2.0101   2.0196   2.0242   2.0281   2.0374
  2.0388   2.0466   2.0498   2.0563   2.0700   2.0825   2.0930   2.0965
  2.1000   2.1057   2.1160   2.1197   2.1237   2.1302   2.1327   2.1407
  2.1451   2.1490   2.1536   2.1631   2.1669   2.1702   2.1821   2.1839
  2.1868   2.1928   2.2031   2.2077   2.2113   2.2155   2.2274   2.2308
  2.2367   2.2406   2.2523   2.2582   2.2632   2.2642   2.2674   2.2766
  2.2812   2.2932   2.2946   2.3013   2.3093   2.3189   2.3281   2.3290
  2.3384   2.3437   2.3546   2.3614   2.3697   2.3771   2.3890   2.3986
  2.4026   2.4147   2.4206   2.4231   2.4377   2.4456   2.4527   2.4542
  2.4636   2.4748   2.4752   2.4784   2.4858   2.4943   2.4964   2.5005
  2.5166   2.5194   2.5236   2.5292   2.5423   2.5449   2.5483   2.5551
  2.5646   2.5651   2.5796   2.5861   2.5958   2.5984   2.6034   2.6126
  2.6202   2.6244   2.6281   2.6378   2.6461   2.6516   2.6592   2.6645
  2.6763   2.6810   2.6927   2.7006   2.7032   2.7115   2.7211   2.7240
  2.7323   2.7389   2.7393   2.7522   2.7711   2.7753   2.7771   2.7868
  2.7919   2.7975   2.8069   2.8099   2.8211   2.8274   2.8367   2.8407
  2.8585   2.8619   2.8796   2.8843   2.8889   2.8975   2.9007   2.9139
  2.9205   2.9247   2.9296   2.9321   2.9444   2.9553   2.9703   2.9807
  2.9823   2.9908   2.9929   3.0016   3.0056   3.0172   3.0390   3.0449
  3.0599   3.0699   3.0760   3.0788   3.0848   3.0983   3.1151   3.1193
  3.1261   3.1393   3.1467   3.1696   3.1750   3.1968   3.2024   3.2124
  3.2161   3.2378   3.2509   3.2523   3.2593   3.2613   3.2733   3.2900
  3.2994   3.3069   3.3173   3.3313   3.3395   3.3640   3.3903   3.3973
  3.4002   3.4036   3.4128   3.4272   3.4314   3.4369   3.4407   3.4524
  3.4636   3.4747   3.4820   3.4841   3.5016   3.5080   3.5189   3.5242
  3.5364   3.5465   3.5741   3.5771   3.5874   3.6006   3.6010   3.6047
  3.6306   3.6403   3.6465   3.6691   3.6806   3.6963   3.7049   3.7235
  3.7311   3.7406   3.7483   3.7594   3.7908   3.8025   3.8063   3.8392
  3.8457   3.8503   3.8657   3.8714   3.8750   3.8802   3.8937   3.8997
  3.9058   3.9172   3.9215   3.9267   3.9740   4.0064   4.0311   4.0513
  4.0706   4.1082   4.1186   4.1338   4.1388   4.1595   4.1874   4.2423
  4.2562   4.2665   4.2723   4.2914   4.2986   4.3155   4.3274   4.3376
  4.3597   4.3811   4.4115   4.4610   4.5016   4.5120   4.5312   4.5530
  4.5723   4.5836   4.6193   4.6435   4.6507   4.7051   4.7224   4.7399
  4.7466   4.8163   4.8258   4.8504   4.8698   4.8887   4.9083   4.9176
  4.9999   5.0105   5.0371   5.0439   5.0483   5.0587   5.0667   5.0900
  5.1498   5.1620   5.1803   5.1921   5.1984   5.2094   5.2167   5.2258
  5.2344   5.2468   5.2750   5.2841   5.2948   5.3062   5.3103   5.3198
  5.3298   5.3436   5.3685   5.3803   5.3865   5.4070   5.4114   5.4145
  5.4238   5.4315   5.4468   5.4588   5.4870   5.4890   5.4973   5.5047
  5.5367   5.5397   5.5749   5.5793   5.5962   5.6100   5.6221   5.6278
  5.6435   5.6488   5.6791   5.6913   5.7200   5.7339   5.7363   5.7482
  5.7666   5.7709   5.7797   5.7915   5.8020   5.8099   5.8165   5.8198
  5.8249   5.8367   5.8451   5.8507   5.8527   5.8636   5.8706   5.8812
  5.8844   5.8930   5.8976   5.9029   5.9044   5.9132   5.9273   5.9309
  5.9357   5.9440   5.9450   5.9490   5.9546   5.9596   5.9634   5.9733
  5.9828   5.9867   5.9921   6.0022   6.0163   6.0281   6.0308   6.0356
  6.0390   6.0488   6.0511   6.0729   6.0762   6.1017   6.1085   6.1127
  6.1238   6.1278   6.1316   6.1472   6.1488   6.1517   6.1618   6.1664
  6.1692   6.1726   6.1766   6.1822   6.1959   6.2050   6.2190   6.2229
  6.2270   6.2448   6.2475   6.2607   6.2655   6.2731   6.2804   6.2841
  6.2956   6.3029   6.3057   6.3140   6.3176   6.3318   6.3387   6.3443
  6.3563   6.3590   6.3623   6.3710   6.3753   6.3802   6.3885   6.3968
  6.4101   6.4165   6.4249   6.4306   6.4443   6.4558   6.4694   6.4745
  6.4851   6.4886   6.5020   6.5092   6.5210   6.5292   6.5426   6.5572
  6.5637   6.5698   6.5808   6.5841   6.5861   6.6047   6.6095   6.6146
  6.6244   6.6262   6.6285   6.6361   6.6371   6.6583   6.6643   6.6732
  6.6918   6.7033   6.7128   6.7237   6.7359   6.7417   6.7469   6.7585
  6.7668   6.7816   6.7876   6.7903   6.7942   6.8106   6.8178   6.8415
  6.8482   6.8508   6.8737   6.8838   6.9191   6.9370   6.9579   6.9662
  6.9668   6.9859   6.9924   7.0067   7.0102   7.0175   7.0184   7.0481
  7.0527   7.0567   7.0904   7.1041   7.1311   7.1411   7.1505   7.1644
  7.1722   7.1771   7.2321   7.2413   7.2802   7.3086   7.3245   7.3368
  7.3440   7.3737   7.3761   7.3812   7.4070   7.4104   7.4134   7.4171
  7.4391   7.4409   7.4528   7.4532   7.4668   7.4703   7.4735   7.4808
  7.4894   7.5052   7.5060   7.5101   7.5155   7.5252   7.5319   7.5439
  7.5541   7.5591   7.5749   7.6128   7.6259   7.6335   7.6486   7.6622
  7.6843   7.6919   7.7040   7.7129   7.7162   7.7291   7.7320   7.7371
  7.7398   7.7451   7.7749   7.7786   7.7832   7.7855   7.7919   7.8021
  7.8100   7.8263   7.8289   7.8367   7.8414   7.8772   7.8841   7.8863
  7.8922   7.9030   7.9189   7.9229   7.9294   7.9358   7.9546   7.9677
  7.9896   8.0353   8.0532   8.0924   8.1068   8.1079   8.1189   8.1239
  8.1337   8.1482   8.1589   8.1678   8.2089   8.2209   8.2393   8.2615
  8.2722   8.2910   8.2994   8.3003   8.3035   8.3069   8.3134   8.3148
  8.3180   8.3227   8.3262   8.3300   8.3317   8.3379   8.3421   8.3467
  8.3492   8.3585   8.3722   8.3733   8.3841   8.3898   8.3963   8.4046
  8.4076   8.4097   8.4167   8.4241   8.4251   8.4274   8.4330   8.4373
  8.4408   8.4422   8.4554   8.4680   8.4757   8.4905   8.4999   8.5276
  8.5369   8.5393   8.5561   8.5724   8.5789   8.6140   8.6222   8.6486
  8.6638   8.6753   8.7160   8.7194   8.7304   8.7842   8.7935   8.8090
  8.8195   8.8326   8.8368   8.8457   8.8541   8.8645   8.8729   8.8754
  8.8883   8.8915   8.8944   8.8996   8.9039   8.9147   8.9196   8.9323
  8.9391   8.9482   8.9538   8.9560   8.9645   8.9965   9.0564   9.1059
  9.1521   9.1637   9.2264   9.3928   9.4811   9.5443   9.5889   9.6629
  9.6689   9.6727   9.6940   9.7118   9.7326   9.7407   9.7466   9.7544
  9.7676   9.7741   9.7835   9.8359   9.8411   9.8449   9.8539   9.8558
  9.8720   9.8741   9.8786   9.8839   9.8889   9.9042   9.9217   9.9296
  9.9887  10.0217  10.0328  10.0416  10.0570  10.0657  10.1385  10.1726
 10.2144  10.2525  10.2655  10.2747  10.2889  10.2971  10.2995  10.3019
 10.3116  10.3397  10.3791  10.4397  10.4869  10.5168  10.5305  10.5511
 10.5756  10.6411  10.7296  10.7839  10.8649  10.9888  11.2300  11.2604
 11.6249  11.7813  11.8522  11.9067  11.9338  11.9902  11.9956  12.0259
 12.0576  12.0702  12.1203  12.1420  12.1475  12.4318  12.4588  12.6230
 12.7480  12.7640  12.7776  12.9041  12.9384  12.9576  13.0443  13.1163
 13.2266  13.2565  13.2801  13.8279  14.4195  17.1763  27.8500  28.1446
 28.5278  28.5854  28.9339  28.9487  28.9573  29.0716  29.0734  29.3741
 48.2080  58.4643 146.9402 147.2196 147.6086 147.6577 147.9819 148.0479
148.0590 148.1278 148.1770 148.4527 253.2791 316.8791
 --------------------------------------------------------------
 
          Ground-State Mulliken Net Atomic Charges

     Atom                 Charge (a.u.)    Spin (a.u.)
  --------------------------------------------------------
      1 C                    -0.328641       0.003059
      2 Si                    0.707339       0.026495
      3 O                    -0.393044       0.154009
      4 C                     0.076458       1.407608
      5 C                     0.124695      -0.094637
      6 C                    -0.114135       0.209747
      7 C                    -0.095827      -0.102964
      8 C                    -0.074739       0.252884
      9 C                    -0.108265      -0.104014
     10 C                    -0.098455       0.256725
     11 C                    -0.322356       0.001472
     12 C                    -0.331033       0.002634
     13 H                     0.076985      -0.000240
     14 H                     0.062840       0.001326
     15 H                     0.066547      -0.000860
     16 H                     0.071440      -0.001503
     17 H                     0.071946       0.001172
     18 H                     0.070792      -0.014788
     19 H                     0.075173       0.006145
     20 H                     0.052195      -0.006651
     21 H                     0.071505      -0.000103
     22 H                     0.063053       0.000144
     23 H                     0.067424      -0.000735
     24 H                     0.070896       0.001969
     25 H                     0.063626      -0.001482
     26 H                     0.073580       0.002588
  --------------------------------------------------------
  Sum of atomic charges =    -0.000000
  Sum of spin   charges =     2.000000

 -----------------------------------------------------------------
                    Cartesian Multipole Moments
 -----------------------------------------------------------------
    Charge (ESU x 10^10)
                -0.0000
    Dipole Moment (Debye)
         X      -2.1455      Y      -0.1103      Z      -1.1710
       Tot       2.4468
    Quadrupole Moments (Debye-Ang)
        XX     -72.8061     XY      -0.3245     YY     -76.3649
        XZ      -1.0613     YZ       0.0581     ZZ     -83.7581
    Octopole Moments (Debye-Ang^2)
       XXX     -50.3903    XXY       3.2121    XYY     -11.0653
       YYY     -15.0785    XXZ     -23.2418    XYZ       2.0673
       YYZ     -12.6502    XZZ     -30.3281    YZZ       1.0443
       ZZZ     -39.6985
    Hexadecapole Moments (Debye-Ang^3)
      XXXX   -3067.9580   XXXY     233.9130   XXYY    -633.2223
      XYYY     240.0828   YYYY    -700.2362   XXXZ     -10.5328
      XXYZ      10.2842   XYYZ      -3.0288   YYYZ     -17.3415
      XXZZ    -624.6521   XYZZ      80.3929   YYZZ    -188.1323
      XZZZ      17.6938   YZZZ     -24.8838   ZZZZ    -380.4771
 -----------------------------------------------------------------
 Total job time:  324.61s(wall), 9201.30s(cpu) 
 Tue Dec  3 10:40:54 2024

        *************************************************************
        *                                                           *
        *  Thank you very much for using Q-Chem.  Have a nice day.  *
        *                                                           *
        *************************************************************


