
Running Job 1 of 1 sil4-ts1-wb97xd-c6-B3PW91.in
qchem sil4-ts1-wb97xd-c6-B3PW91.in_2312738.0 /expanse/lustre/scratch/whughes/temp_project/job_35550830/sil4-ts1-wb97xd-c6-B3PW91-35550830/ 0
/cm/shared/apps/spack/0.17.3/cpu/b/opt/spack/linux-rocky8-zen2/gcc-10.2.0/qchem-6.0-rytxnwjazd34ekd2gqyi5ufsaimxsd3r/exe/qcprog.exe_s sil4-ts1-wb97xd-c6-B3PW91.in_2312738.0 /expanse/lustre/scratch/whughes/temp_project/job_35550830/sil4-ts1-wb97xd-c6-B3PW91-35550830/
                  Welcome to Q-Chem
     A Quantum Leap Into The Future Of Chemistry


 Q-Chem 6.0, Q-Chem, Inc., Pleasanton, CA (2022)

 License issued to: University of California, San Diego (site)

 E. Epifanovsky,  A. T. B. Gilbert,  Xintian Feng,  Joonho Lee,  Yuezhi Mao,  
 N. Mardirossian,  P. Pokhilko,  A. White,  M. Wormit,  M. P. Coons,  
 A. L. Dempwolff,  Zhengting Gan,  D. Hait,  P. R. Horn,  L. D. Jacobson,  
 I. Kaliman,  J. Kussmann,  A. W. Lange,  Ka Un Lao,  D. S. Levine,  Jie Liu,  
 S. C. McKenzie,  A. F. Morrison,  K. Nanda,  F. Plasser,  D. R. Rehn,  
 M. L. Vidal,  Zhi-Qiang You,  Ying Zhu,  B. Alam,  B. Albrecht,  
 A. Aldossary,  E. Alguire,  J. H. Andersen,  V. Athavale,  D. Barton,  
 K. Begam,  A. Behn,  N. Bellonzi,  Y. A. Bernard,  E. J. Berquist,  
 H. Burton,  A. Carreras,  K. Carter-Fenk,  Romit Chakraborty,  
 Chandrima Chakravarty,  Junhan Chen,  A. D. Chien,  K. D. Closser,  
 V. Cofer-Shabica,  L. Cunha,  S. Dasgupta,  Jia Deng,  M. de Wergifosse,  
 M. Diedenhofen,  Hainam Do,  S. Ehlert,  Po-Tung Fang,  S. Fatehi,  
 Qingguo Feng,  T. Friedhoff,  B. Ganoe,  J. Gayvert,  Qinghui Ge,  
 G. Gidofalvi,  M. Goldey,  J. Gomes,  C. Gonzalez-Espinoza,  S. Gulania,  
 A. Gunina,  J. A. Gyamfi,  M. W. D. Hanson-Heine,  P. H. P. Harbach,  
 A. W. Hauser,  M. F. Herbst,  M. Hernandez Vera,  M. Hodecker,  
 Z. C. Holden,  S. Houck,  Xunkun Huang,  Kerwin Hui,  B. C. Huynh,  
 K. Ikeda,  M. Ivanov,  Hyunjun Ji,  Zuxin Jin,  Hanjie Jiang,  B. Kaduk,  
 S. Kaehler,  R. Kang,  K. Khistyaev,  Jaehoon Kim,  Yongbin Kim,  
 P. Klunzinger,  Z. Koczor-Benda,  Joong Hoon Koh,  D. Kosenkov,  
 Saikiran Kotaru,  L. Koulias,  T. Kowalczyk,  C. M. Krauter,  K. Kue,  
 A. Kunitsa,  T. Kus,  A. Landau,  K. V. Lawler,  D. Lefrancois,  S. Lehtola,  
 Rain Li,  Shaozhi Li,  Yi-Pei Li,  Jiashu Liang,  M. Liebenthal,  
 Hung-Hsuan Lin,  You-Sheng Lin,  Fenglai Liu,  Kuan-Yu Liu,  
 M. Loipersberger,  A. Luenser,  C. Malbon,  A. Manjanath,  P. Manohar,  
 E. Mansoor,  S. F. Manzer,  Shan-Ping Mao,  A. V. Marenich,  T. Markovich,  
 S. Mason,  F. Matz,  S. A. Maurer,  P. F. McLaughlin,  M. F. S. J. Menger,  
 J.-M. Mewes,  S. A. Mewes,  P. Morgante,  Mohammad Mostafanejad,  
 J. W. Mullinax,  K. J. Oosterbaan,  G. Paran,  V. Parravicini,  
 Alexander C. Paul,  Suranjan K. Paul,  F. Pavosevic,  Zheng Pei,  S. Prager,  
 E. I. Proynov,  E. Ramos,  B. Rana,  A. E. Rask,  A. Rettig,  R. M. Richard,  
 F. Rob,  E. Rossomme,  T. Scheele,  M. Scheurer,  M. Schneider,  
 P. E. Schneider,  N. Sergueev,  S. M. Sharada,  Hengyuan Shen,  
 W. Skomorowski,  D. W. Small,  C. J. Stein,  Yingli Su,  Yu-Chuan Su,  
 E. J. Sundstrom,  Zhen Tao,  J. Thirman,  Hung-Yi Tsai,  T. Tsuchimochi,  
 N. M. Tubman,  C. Utku,  S. P. Veccham,  O. Vydrov,  J. Wenzel,  
 Jonathan Wong,  J. Witte,  A. Yamada,  Chou-Hsun Yang,  Kun Yao,  
 S. Yeganeh,  S. R. Yost,  A. Zech,  F. Zeller,  Igor Ying Zhang,  
 Xing Zhang,  Yu Zhang,  D. Zuev,  A. Aspuru-Guzik,  A. T. Bell,  
 N. A. Besley,  K. B. Bravaya,  B. R. Brooks,  D. Casanova,  Jeng-Da Chai,  
 Hsing-Ta Chen,  S. Coriani,  C. J. Cramer,  A. E. DePrince, III,  
 R. A. DiStasio Jr.,  A. Dreuw,  B. D. Dunietz,  T. R. Furlani,  
 W. A. Goddard III,  S. Grimme,  S. Hammes-Schiffer,  T. Head-Gordon,  
 W. J. Hehre,  Chao-Ping Hsu,  T.-C. Jagau,  Yousung Jung,  A. Klamt,  
 Jing Kong,  D. S. Lambrecht,  Xiangyuan Li,  WanZhen Liang,  N. J. Mayhall,  
 C. W. McCurdy,  J. B. Neaton,  T. Neudecker,  C. Ochsenfeld,  
 J. A. Parkhill,  R. Peverati,  V. A. Rassolov,  Haisheng Ren,  Yihan Shao,  
 L. V. Slipchenko,  R. P. Steele,  J. E. Subotnik,  A. J. W. Thom,  
 A. Tkatchenko,  D. G. Truhlar,  T. Van Voorhis,  Fan Wang,  
 T. A. Wesolowski,  K. B. Whaley,  H. L. Woodcock III,  P. M. Zimmerman,  
 S. Faraji,  P. M. W. Gill,  M. Head-Gordon,  J. M. Herbert,  A. I. Krylov

 Contributors to earlier versions of Q-Chem not listed above: 
 R. D. Adamson,  B. Austin,  R. Baer,  J. Baker,  G. J. O. Beran,  
 K. Brandhorst,  S. T. Brown,  E. F. C. Byrd,  Arup K. Chakraborty,  
 G. K. L. Chan,  Chun-Min Chang,  Yunqing Chen,  C.-L. Cheng,  
 Siu Hung Chien,  D. M. Chipman,  D. L. Crittenden,  H. Dachsel,  
 R. J. Doerksen,  A. D. Dutoi,  R. G. Edgar,  J. Fosso-Tande,  
 L. Fusti-Molnar,  D. Ghosh,  A. Ghysels,  A. Golubeva-Zadorozhnaya,  
 J. Gonthier,  M. S. Gordon,  S. R. Gwaltney,  G. Hawkins,  J. E. Herr,  
 A. Heyden,  S. Hirata,  E. G. Hohenstein,  G. Kedziora,  F. J. Keil,  
 C. Kelley,  Jihan Kim,  R. A. King,  R. Z. Khaliullin,  P. P. Korambath,  
 W. Kurlancheek,  A. Laurent,  A. M. Lee,  M. S. Lee,  S. V. Levchenko,  
 Ching Yeh Lin,  D. Liotard,  E. Livshits,  R. C. Lochan,  I. Lotan,  
 L. A. Martinez-Martinez,  P. E. Maslen,  N. Nair,  D. P. O'Neill,  
 D. Neuhauser,  E. Neuscamman,  C. M. Oana,  R. Olivares-Amaya,  R. Olson,  
 T. M. Perrine,  B. Peters,  P. A. Pieniazek,  A. Prociuk,  Y. M. Rhee,  
 J. Ritchie,  M. A. Rohrdanz,  E. Rosta,  N. J. Russ,  H. F. Schaefer III,  
 M. W. Schmidt,  N. E. Schultz,  S. Sharma,  N. Shenvi,  C. D. Sherrill,  
 A. C. Simmonett,  A. Sodt,  T. Stein,  D. Stuck,  K. S. Thanthiriwatte,  
 V. Vanovschi,  L. Vogt,  Tao Wang,  A. Warshel,  M. A. Watson,  
 C. F. Williams,  Q. Wu,  X. Xu,  Jun Yang,  W. Zhang,  Yan Zhao

   Please cite Q-Chem as follows:
  "Software for the frontiers of quantum chemistry:
   An overview of developments in the Q-Chem 5 package"
   J. Chem. Phys. 155, 084801 (2021)
   https://doi.org/10.1063/5.0055522 (open access)

 Q-Chem 6.0.2 for Intel X86 EM64T Linux

 Parts of Q-Chem use Armadillo 9.900.5 (Nocturnal Misbehaviour).
 http://arma.sourceforge.net/

 Q-Chem begins on Tue Dec  3 10:56:43 2024  

 Host: 
0

     Scratch files written to /expanse/lustre/scratch/whughes/temp_project/job_35550830/sil4-ts1-wb97xd-c6-B3PW91-35550830//
 Dec722 |scratch|qcdevops|jenkins|workspace|build_RNUM    
 Processing $rem in /cm/shared/apps/spack/0.17.3/cpu/b/opt/spack/linux-rocky8-zen2/gcc-10.2.0/qchem-6.0-rytxnwjazd34ekd2gqyi5ufsaimxsd3r/config/preferences:
 Processing $rem in /home/whughes/.qchemrc:

 Checking the input file for inconsistencies... 	...done.

--------------------------------------------------------------
User input:
--------------------------------------------------------------
$molecule
0 3
O    0.2290181806    1.836333429     0.7755525466
C    0.1157792058    1.4377287442    -0.4622312087
Si   -1.4308047307   0.8717885142    0.6981312992
C    -1.0437028743   -0.3961560609   2.0058350147
C    -2.5160248656   2.2619300779    1.2997864173
C    -2.3982152708   -0.0126730356   -0.6724657032
C    1.0589978012    0.7034061037    -1.3516899191
C    1.5845772309    -0.6389644747   -0.8241929981
C    2.4506323802    -0.5067866224   0.4212422242
C    3.1128838818    -1.799205942    0.851098201
Cl   1.9249309891    -3.0544244011   1.3507722358
H    -1.964802821    -0.8962772175   2.3159380279
H    -0.3632847917   -1.1661309304   1.6367816275
H    -0.5899281218   0.0637765449    2.8844715933
H    -2.1023922244   2.7312400921    2.1928911626
H    -2.6116656689   3.0294583202    0.5287820265
H    -3.5178579946   1.8919526707    1.5302918455
H    -3.3320139864   -0.3920963882   -0.2451024017
H    -2.6462683925   0.6628816082    -1.4920273541
H    -1.8396162455   -0.8585761671   -1.0763984465
H    0.5457153404    0.544019782     -2.301487378
H    1.9050323495    1.3706790782    -1.5650739617
H    2.1702109719    -1.1087542944   -1.6216257136
H    0.7431608891    -1.306126896    -0.6232641721
H    1.8697683661    -0.0973809995   1.2494025737
H    3.2572236847    0.2090139944    0.2255180909
H    3.69332415      -2.2411954222   0.0425788782
H    3.7613383368    -1.6441366476   1.7100246419
$end

$rem
METHOD      B3PW91
BASIS       def2-QZVPP
SYM_IGNORE   TRUE
DFT_D       D4
MAX_SCF_CYCLES 300
$end

$end
--------------------------------------------------------------
 Adding empirical dispersion correction 
 ----------------------------------------------------------------
 Doing -D4(0) with B3PW parameters:
 s6  =   1.00000
 s8  =   2.88364
 s10 =   0.00000
 s9 =   1.00000
 a1  =   0.46991
 a2  =   4.51641
 -D4 energy including 3body term = -0.0455255958 hartrees
 ----------------------------------------------------------------
             Standard Nuclear Orientation (Angstroms)
    I     Atom           X                Y                Z
 ----------------------------------------------------------------
    1      O       0.2290181806     1.8363334290     0.7755525466
    2      C       0.1157792058     1.4377287442    -0.4622312087
    3      Si     -1.4308047307     0.8717885142     0.6981312992
    4      C      -1.0437028743    -0.3961560609     2.0058350147
    5      C      -2.5160248656     2.2619300779     1.2997864173
    6      C      -2.3982152708    -0.0126730356    -0.6724657032
    7      C       1.0589978012     0.7034061037    -1.3516899191
    8      C       1.5845772309    -0.6389644747    -0.8241929981
    9      C       2.4506323802    -0.5067866224     0.4212422242
   10      C       3.1128838818    -1.7992059420     0.8510982010
   11      Cl      1.9249309891    -3.0544244011     1.3507722358
   12      H      -1.9648028210    -0.8962772175     2.3159380279
   13      H      -0.3632847917    -1.1661309304     1.6367816275
   14      H      -0.5899281218     0.0637765449     2.8844715933
   15      H      -2.1023922244     2.7312400921     2.1928911626
   16      H      -2.6116656689     3.0294583202     0.5287820265
   17      H      -3.5178579946     1.8919526707     1.5302918455
   18      H      -3.3320139864    -0.3920963882    -0.2451024017
   19      H      -2.6462683925     0.6628816082    -1.4920273541
   20      H      -1.8396162455    -0.8585761671    -1.0763984465
   21      H       0.5457153404     0.5440197820    -2.3014873780
   22      H       1.9050323495     1.3706790782    -1.5650739617
   23      H       2.1702109719    -1.1087542944    -1.6216257136
   24      H       0.7431608891    -1.3061268960    -0.6232641721
   25      H       1.8697683661    -0.0973809995     1.2494025737
   26      H       3.2572236847     0.2090139944     0.2255180909
   27      H       3.6933241500    -2.2411954222     0.0425788782
   28      H       3.7613383368    -1.6441366476     1.7100246419
 ----------------------------------------------------------------
 Nuclear Repulsion Energy =         843.88856534 hartrees
 There are       53 alpha and       51 beta electrons
 Requested basis set is def2-QZVPP
 There are 367 shells and 1163 basis functions

 Total QAlloc Memory Limit   8000 MB
 Mega-Array Size       188 MB
 MEM_STATIC part       192 MB

 A cutoff of  1.0D-09 yielded  42987 shell pairs
 There are    403967 function pairs (    585778 Cartesian)
 Smallest overlap matrix eigenvalue = 2.55E-05

 Q-Chem warning in module stvman/mkSTV.C, line 305:

 Overlap eigenvalue is smaller than square root of threshold
 Use THRESH >= 12 to get rid of this warning


 Scale SEOQF with 1.000000e-01/1.000000e-01/1.000000e-01

 Standard Electronic Orientation quadrupole field applied
 Nucleus-field energy     =     0.0000000201 hartrees
 Guess from superposition of atomic densities
 Warning:  Energy on first SCF cycle will be non-variational
 SAD guess density has 104.000000 electrons

 -----------------------------------------------------------------------
  General SCF calculation program by
  Eric Jon Sundstrom, Paul Horn, Yuezhi Mao, Dmitri Zuev, Alec White,
  David Stuck, Shaama M.S., Shane Yost, Joonho Lee, David Small,
  Daniel Levine, Susi Lehtola, Hugh Burton, Evgeny Epifanovsky,
  Bang C. Huynh
 -----------------------------------------------------------------------
 Exchange:     0.2000 Hartree-Fock + 0.0800 Slater + 0.7200 B88
 Correlation:  0.1900 PW92 + 0.8100 PW91
 Using SG-1 standard quadrature grid
 Dispersion:   Grimme D4
 using 32 threads for integral computing
 -------------------------------------------------------
 OpenMP Integral computing Module                
 Release: version 1.0, May 2013, Q-Chem Inc. Pittsburgh 
 -------------------------------------------------------
 A unrestricted SCF calculation will be
 performed using DIIS
 SCF converges when DIIS error is below 1.0e-05
 ---------------------------------------
  Cycle       Energy         DIIS error
 ---------------------------------------
    1   -1141.6835251800      4.87e-03  
    2   -1139.7044015805      6.63e-04  
    3   -1139.6207008483      7.46e-04  
    4   -1139.9860248214      1.29e-04  
    5   -1139.9935701302      6.03e-05  
    6   -1139.9953017309      2.12e-05  
    7   -1139.9955594364      5.15e-06  Convergence criterion met
 ---------------------------------------
 SCF time:   CPU 9254.11s  wall 327.00s 
<S^2> =          2.009151474
 SCF   energy in the final basis set =    -1139.9955594364
 Total energy in the final basis set =    -1139.9955594364
 
 --------------------------------------------------------------
 
                    Orbital Energies (a.u.)
 --------------------------------------------------------------
 
 Alpha MOs
 -- Occupied --
******** -66.0932 -19.1524 -10.2252 -10.2237 -10.1876 -10.1743 -10.1727
-10.1431 -10.1365 -10.1357  -9.4502  -7.2088  -7.2001  -7.2001  -5.2767
 -3.6338  -3.6293  -3.6291  -1.0715  -0.8672  -0.8143  -0.7499  -0.7227
 -0.6861  -0.6849  -0.6689  -0.6048  -0.5701  -0.5197  -0.4982  -0.4752
 -0.4687  -0.4492  -0.4326  -0.4241  -0.4171  -0.4133  -0.4100  -0.3997
 -0.3940  -0.3898  -0.3850  -0.3799  -0.3723  -0.3526  -0.3475  -0.3140
 -0.3073  -0.3003  -0.2988  -0.2287  -0.1697
 -- Virtual --
  0.0132   0.0216   0.0338   0.0406   0.0487   0.0573   0.0610   0.0621
  0.0661   0.0778   0.0836   0.0878   0.0983   0.1003   0.1036   0.1074
  0.1120   0.1212   0.1233   0.1262   0.1346   0.1361   0.1379   0.1420
  0.1486   0.1518   0.1593   0.1727   0.1800   0.1838   0.1887   0.1914
  0.1953   0.2049   0.2094   0.2139   0.2177   0.2210   0.2338   0.2400
  0.2472   0.2505   0.2520   0.2566   0.2670   0.2707   0.2793   0.2867
  0.2873   0.2884   0.2942   0.2995   0.3027   0.3060   0.3114   0.3156
  0.3187   0.3202   0.3261   0.3304   0.3372   0.3437   0.3483   0.3509
  0.3526   0.3598   0.3689   0.3741   0.3770   0.3824   0.3851   0.3898
  0.4037   0.4066   0.4146   0.4162   0.4287   0.4345   0.4425   0.4486
  0.4641   0.4687   0.4766   0.4834   0.4931   0.4983   0.5068   0.5082
  0.5263   0.5299   0.5345   0.5377   0.5437   0.5476   0.5533   0.5573
  0.5665   0.5681   0.5775   0.5854   0.5872   0.6020   0.6059   0.6174
  0.6218   0.6272   0.6371   0.6382   0.6490   0.6540   0.6608   0.6674
  0.6754   0.6817   0.6824   0.6912   0.6974   0.6994   0.7089   0.7119
  0.7189   0.7319   0.7422   0.7538   0.7556   0.7621   0.7684   0.7724
  0.7761   0.7871   0.7946   0.8037   0.8080   0.8126   0.8183   0.8223
  0.8244   0.8299   0.8407   0.8474   0.8509   0.8512   0.8557   0.8573
  0.8634   0.8654   0.8701   0.8772   0.8809   0.8878   0.8926   0.9049
  0.9122   0.9175   0.9256   0.9446   0.9479   0.9529   0.9570   0.9667
  0.9708   0.9815   0.9888   0.9907   0.9965   1.0054   1.0114   1.0156
  1.0230   1.0280   1.0342   1.0445   1.0456   1.0463   1.0595   1.0634
  1.0670   1.0753   1.0786   1.0864   1.0868   1.1011   1.1022   1.1185
  1.1200   1.1249   1.1279   1.1397   1.1464   1.1559   1.1618   1.1670
  1.1696   1.1755   1.1860   1.1923   1.2055   1.2071   1.2101   1.2150
  1.2228   1.2266   1.2377   1.2434   1.2480   1.2554   1.2632   1.2657
  1.2747   1.2776   1.2890   1.2947   1.3048   1.3133   1.3227   1.3299
  1.3361   1.3441   1.3608   1.3653   1.3733   1.3775   1.3841   1.3951
  1.4065   1.4142   1.4236   1.4287   1.4347   1.4419   1.4525   1.4543
  1.4594   1.4719   1.4795   1.4893   1.4976   1.5038   1.5090   1.5180
  1.5217   1.5350   1.5399   1.5551   1.5699   1.5757   1.5800   1.5830
  1.5907   1.6012   1.6089   1.6191   1.6405   1.6467   1.6574   1.6601
  1.6927   1.7007   1.7103   1.7222   1.7299   1.7361   1.7527   1.7650
  1.7773   1.7856   1.8142   1.8167   1.8210   1.8285   1.8396   1.8447
  1.8512   1.8656   1.8783   1.8842   1.8903   1.9023   1.9159   1.9213
  1.9295   1.9309   1.9400   1.9448   1.9475   1.9558   1.9686   1.9720
  1.9795   1.9827   1.9873   1.9947   2.0020   2.0062   2.0175   2.0231
  2.0291   2.0338   2.0435   2.0485   2.0549   2.0573   2.0643   2.0712
  2.0783   2.0854   2.0962   2.0997   2.1045   2.1119   2.1222   2.1257
  2.1336   2.1361   2.1417   2.1485   2.1586   2.1646   2.1658   2.1705
  2.1771   2.1865   2.1894   2.1992   2.2042   2.2065   2.2225   2.2266
  2.2289   2.2347   2.2419   2.2448   2.2494   2.2589   2.2648   2.2719
  2.2756   2.2915   2.2990   2.3075   2.3140   2.3210   2.3279   2.3347
  2.3398   2.3466   2.3578   2.3592   2.3659   2.3694   2.3827   2.3914
  2.3957   2.4053   2.4116   2.4199   2.4282   2.4348   2.4413   2.4491
  2.4531   2.4575   2.4624   2.4669   2.4820   2.4928   2.4991   2.5015
  2.5127   2.5172   2.5201   2.5269   2.5318   2.5490   2.5494   2.5537
  2.5700   2.5746   2.5878   2.5917   2.6042   2.6132   2.6185   2.6256
  2.6318   2.6386   2.6448   2.6507   2.6610   2.6715   2.6735   2.6847
  2.6868   2.6921   2.7022   2.7091   2.7160   2.7301   2.7399   2.7440
  2.7472   2.7548   2.7629   2.7812   2.7821   2.7840   2.8025   2.8109
  2.8160   2.8316   2.8333   2.8369   2.8534   2.8630   2.8650   2.8727
  2.8791   2.8907   2.8930   2.9043   2.9106   2.9129   2.9187   2.9312
  2.9331   2.9410   2.9451   2.9570   2.9585   2.9639   2.9716   2.9799
  2.9833   2.9919   3.0033   3.0081   3.0167   3.0258   3.0280   3.0399
  3.0479   3.0581   3.0626   3.0720   3.0778   3.0833   3.0897   3.0941
  3.1033   3.1156   3.1212   3.1273   3.1320   3.1482   3.1571   3.1597
  3.1826   3.1889   3.2064   3.2109   3.2149   3.2279   3.2370   3.2517
  3.2581   3.2727   3.2808   3.2895   3.3056   3.3161   3.3258   3.3300
  3.3410   3.3439   3.3495   3.3669   3.3762   3.3794   3.3853   3.3900
  3.3993   3.4058   3.4192   3.4244   3.4353   3.4475   3.4535   3.4601
  3.4715   3.4751   3.4876   3.4954   3.5010   3.5057   3.5102   3.5229
  3.5293   3.5490   3.5520   3.5601   3.5674   3.5901   3.6002   3.6079
  3.6105   3.6233   3.6259   3.6293   3.6391   3.6554   3.6585   3.6653
  3.6965   3.7045   3.7104   3.7204   3.7220   3.7369   3.7476   3.7492
  3.7583   3.7632   3.7797   3.7974   3.8007   3.8059   3.8111   3.8268
  3.8337   3.8439   3.8533   3.8591   3.8704   3.8741   3.8879   3.8944
  3.9003   3.9088   3.9171   3.9229   3.9294   3.9482   3.9533   3.9581
  3.9627   3.9740   3.9789   3.9958   4.0036   4.0122   4.0224   4.0387
  4.0412   4.0625   4.0685   4.0904   4.1087   4.1151   4.1367   4.1788
  4.1909   4.2096   4.2246   4.2344   4.2589   4.2954   4.3082   4.3249
  4.3268   4.3421   4.3440   4.3573   4.3712   4.3794   4.4062   4.4390
  4.4468   4.4859   4.4880   4.5482   4.5649   4.5940   4.6073   4.6301
  4.6566   4.6832   4.6961   4.7507   4.7863   4.7910   4.8168   4.8400
  4.8869   4.9511   4.9803   5.0022   5.0187   5.0483   5.1040   5.1198
  5.1320   5.1690   5.2036   5.2136   5.2342   5.2423   5.2880   5.3010
  5.3119   5.3216   5.3335   5.3422   5.3758   5.3981   5.4281   5.4409
  5.4624   5.4752   5.4811   5.4979   5.5101   5.5305   5.5403   5.5681
  5.5825   5.5879   5.6210   5.6303   5.6349   5.6553   5.6756   5.6918
  5.7050   5.7215   5.7347   5.7453   5.7483   5.7665   5.7736   5.7823
  5.7905   5.7976   5.8060   5.8162   5.8194   5.8226   5.8294   5.8398
  5.8521   5.8574   5.8597   5.8696   5.8715   5.8747   5.8756   5.8844
  5.8863   5.9019   5.9081   5.9202   5.9269   5.9366   5.9430   5.9490
  5.9545   5.9594   5.9667   5.9748   5.9872   5.9947   6.0007   6.0047
  6.0207   6.0263   6.0317   6.0449   6.0492   6.0509   6.0609   6.0675
  6.0795   6.0865   6.0922   6.1059   6.1203   6.1220   6.1385   6.1400
  6.1414   6.1549   6.1611   6.1710   6.1728   6.1830   6.1902   6.1937
  6.2063   6.2141   6.2265   6.2333   6.2384   6.2492   6.2534   6.2644
  6.2698   6.2868   6.2932   6.3023   6.3150   6.3168   6.3264   6.3307
  6.3485   6.3593   6.3627   6.3692   6.3831   6.3866   6.3874   6.3953
  6.4038   6.4077   6.4114   6.4154   6.4351   6.4360   6.4421   6.4503
  6.4556   6.4617   6.4791   6.4857   6.4955   6.4987   6.5109   6.5228
  6.5344   6.5375   6.5440   6.5483   6.5536   6.5609   6.5725   6.5889
  6.5971   6.6069   6.6122   6.6265   6.6364   6.6453   6.6521   6.6595
  6.6688   6.6858   6.6908   6.6942   6.7053   6.7177   6.7262   6.7438
  6.7597   6.7643   6.7742   6.7858   6.7998   6.8049   6.8109   6.8344
  6.8400   6.8437   6.8491   6.8557   6.8775   6.8816   6.9037   6.9271
  6.9415   6.9484   6.9680   6.9936   7.0066   7.0133   7.0232   7.0262
  7.0356   7.0529   7.0652   7.0751   7.0914   7.0996   7.1138   7.1348
  7.1396   7.1703   7.1746   7.1989   7.2173   7.2299   7.2451   7.2640
  7.2742   7.2821   7.2927   7.3246   7.3587   7.3782   7.3846   7.3933
  7.4023   7.4161   7.4214   7.4298   7.4409   7.4489   7.4545   7.4584
  7.4708   7.4749   7.4765   7.4909   7.5053   7.5151   7.5220   7.5239
  7.5297   7.5446   7.5498   7.5632   7.5710   7.5942   7.6007   7.6072
  7.6294   7.6486   7.6582   7.6735   7.6812   7.6911   7.7096   7.7147
  7.7293   7.7350   7.7376   7.7416   7.7533   7.7614   7.7653   7.7745
  7.7812   7.7891   7.7951   7.8131   7.8182   7.8196   7.8325   7.8375
  7.8487   7.8602   7.8634   7.8698   7.8817   7.8844   7.8909   7.9023
  7.9080   7.9108   7.9165   7.9325   7.9366   7.9505   7.9591   7.9609
  7.9700   7.9800   7.9926   8.0061   8.0092   8.0210   8.0355   8.0499
  8.0575   8.0976   8.1185   8.1217   8.1301   8.1388   8.1454   8.1596
  8.1796   8.2011   8.2332   8.2465   8.2806   8.3053   8.3145   8.3221
  8.3257   8.3353   8.3391   8.3418   8.3502   8.3529   8.3592   8.3648
  8.3669   8.3700   8.3805   8.3923   8.3971   8.4071   8.4130   8.4142
  8.4208   8.4297   8.4380   8.4402   8.4450   8.4540   8.4578   8.4619
  8.4692   8.4740   8.4852   8.4903   8.5005   8.5105   8.5262   8.5340
  8.5475   8.5595   8.5660   8.5682   8.5879   8.5921   8.6121   8.6203
  8.6433   8.6477   8.6632   8.6705   8.7034   8.7154   8.7353   8.7460
  8.7540   8.7731   8.7912   8.8120   8.8433   8.8479   8.8518   8.8624
  8.8661   8.8730   8.8856   8.8990   8.9010   8.9054   8.9130   8.9157
  8.9175   8.9223   8.9283   8.9375   8.9424   8.9576   8.9595   8.9722
  8.9794   8.9922   9.0000   9.0033   9.0231   9.0328   9.0435   9.0724
  9.1052   9.1093   9.1413   9.1722   9.2434   9.2898   9.3007   9.3344
  9.3984   9.4249   9.4665   9.5526   9.5550   9.6240   9.6347   9.6707
  9.6877   9.6972   9.7114   9.7342   9.7562   9.7648   9.7821   9.7917
  9.8053   9.8196   9.8263   9.8454   9.8563   9.8619   9.8741   9.8835
  9.8889   9.9007   9.9136   9.9245   9.9358   9.9515   9.9741  10.0065
 10.0225  10.0541  10.0585  10.0621  10.0756  10.0912  10.1079  10.1262
 10.1491  10.1907  10.2031  10.2275  10.2599  10.2746  10.2859  10.2884
 10.3092  10.3153  10.3404  10.3464  10.3529  10.4043  10.4565  10.4797
 10.5626  10.5674  10.5855  10.6077  10.6131  10.7213  10.7570  10.9203
 10.9373  11.2282  11.2510  11.2534  11.3903  11.4863  11.9111  12.0057
 12.0131  12.0312  12.0611  12.0863  12.1478  12.1569  12.2105  12.2395
 12.3496  12.3938  12.4377  12.4451  12.5071  12.7332  12.7883  12.8163
 12.8789  12.8993  13.0023  13.0616  13.0852  13.1833  13.2898  13.3129
 13.3987  13.7879  14.2802  17.2120  28.2114  28.8923  28.9652  29.0062
 29.0266  29.0906  29.1067  29.1314  29.1475  41.7225  41.7355  41.8313
 48.1786  58.5182  98.5924 147.2763 148.0258 148.0690 148.1109 148.1425
148.2033 148.2467 148.2812 253.2560 316.9635 526.0042
 
 Beta MOs
 -- Occupied --
******** -66.0932 -19.1358 -10.2237 -10.2051 -10.1862 -10.1743 -10.1714
-10.1408 -10.1365 -10.1358  -9.4502  -7.2088  -7.2001  -7.2001  -5.2766
 -3.6335  -3.6293  -3.6290  -1.0365  -0.8669  -0.8084  -0.7428  -0.7196
 -0.6850  -0.6822  -0.6599  -0.5997  -0.5328  -0.4980  -0.4899  -0.4698
 -0.4562  -0.4434  -0.4256  -0.4138  -0.4130  -0.4070  -0.4024  -0.3939
 -0.3886  -0.3838  -0.3796  -0.3667  -0.3583  -0.3471  -0.3386  -0.3036
 -0.3015  -0.2994  -0.2956
 -- Virtual --
 -0.0991  -0.0264   0.0135   0.0237   0.0363   0.0413   0.0516   0.0616
  0.0634   0.0673   0.0705   0.0810   0.0856   0.0916   0.0997   0.1023
  0.1063   0.1111   0.1134   0.1243   0.1253   0.1301   0.1380   0.1384
  0.1406   0.1481   0.1511   0.1546   0.1625   0.1749   0.1838   0.1862
  0.1903   0.1930   0.1991   0.2087   0.2157   0.2164   0.2227   0.2243
  0.2366   0.2418   0.2507   0.2536   0.2564   0.2593   0.2713   0.2759
  0.2827   0.2892   0.2914   0.2940   0.2957   0.3016   0.3051   0.3091
  0.3144   0.3189   0.3212   0.3250   0.3292   0.3371   0.3405   0.3452
  0.3499   0.3532   0.3558   0.3622   0.3717   0.3769   0.3831   0.3859
  0.3883   0.4001   0.4063   0.4097   0.4169   0.4194   0.4348   0.4383
  0.4471   0.4568   0.4667   0.4728   0.4819   0.4884   0.4964   0.5023
  0.5087   0.5116   0.5285   0.5320   0.5368   0.5423   0.5469   0.5512
  0.5578   0.5612   0.5693   0.5726   0.5809   0.5874   0.5900   0.6055
  0.6089   0.6214   0.6259   0.6305   0.6397   0.6437   0.6519   0.6560
  0.6636   0.6701   0.6793   0.6829   0.6852   0.6947   0.7017   0.7035
  0.7132   0.7162   0.7245   0.7363   0.7465   0.7577   0.7624   0.7661
  0.7746   0.7757   0.7804   0.7944   0.7960   0.8060   0.8106   0.8159
  0.8206   0.8259   0.8267   0.8325   0.8437   0.8486   0.8529   0.8548
  0.8574   0.8614   0.8660   0.8678   0.8741   0.8813   0.8848   0.8920
  0.8964   0.9089   0.9181   0.9219   0.9278   0.9478   0.9519   0.9566
  0.9624   0.9699   0.9734   0.9834   0.9914   0.9940   1.0024   1.0109
  1.0156   1.0184   1.0267   1.0305   1.0369   1.0474   1.0477   1.0488
  1.0645   1.0674   1.0718   1.0797   1.0822   1.0901   1.0914   1.1039
  1.1054   1.1205   1.1239   1.1285   1.1308   1.1426   1.1494   1.1601
  1.1658   1.1703   1.1755   1.1785   1.1879   1.1962   1.2089   1.2101
  1.2131   1.2189   1.2239   1.2293   1.2399   1.2462   1.2530   1.2584
  1.2664   1.2711   1.2773   1.2798   1.2923   1.2984   1.3075   1.3180
  1.3258   1.3328   1.3437   1.3467   1.3654   1.3688   1.3755   1.3812
  1.3891   1.3972   1.4106   1.4198   1.4262   1.4314   1.4375   1.4458
  1.4550   1.4575   1.4622   1.4748   1.4852   1.4917   1.4999   1.5082
  1.5125   1.5206   1.5246   1.5394   1.5431   1.5584   1.5721   1.5813
  1.5837   1.5898   1.5926   1.6078   1.6154   1.6263   1.6439   1.6532
  1.6638   1.6685   1.7005   1.7066   1.7153   1.7286   1.7342   1.7408
  1.7592   1.7749   1.7858   1.7915   1.8186   1.8205   1.8286   1.8321
  1.8444   1.8473   1.8558   1.8684   1.8807   1.8883   1.8946   1.9056
  1.9207   1.9258   1.9330   1.9354   1.9412   1.9489   1.9525   1.9624
  1.9740   1.9749   1.9845   1.9865   1.9907   1.9994   2.0065   2.0085
  2.0217   2.0258   2.0321   2.0391   2.0467   2.0558   2.0578   2.0625
  2.0718   2.0748   2.0815   2.0920   2.1008   2.1038   2.1090   2.1144
  2.1269   2.1307   2.1386   2.1426   2.1469   2.1530   2.1644   2.1687
  2.1698   2.1742   2.1807   2.1900   2.1938   2.2056   2.2065   2.2118
  2.2272   2.2294   2.2339   2.2388   2.2448   2.2502   2.2545   2.2635
  2.2685   2.2751   2.2801   2.2944   2.3037   2.3121   2.3189   2.3271
  2.3304   2.3428   2.3445   2.3509   2.3623   2.3633   2.3708   2.3735
  2.3861   2.3966   2.4002   2.4111   2.4168   2.4231   2.4376   2.4412
  2.4470   2.4516   2.4574   2.4622   2.4698   2.4732   2.4857   2.4963
  2.5034   2.5047   2.5154   2.5223   2.5231   2.5325   2.5361   2.5521
  2.5562   2.5584   2.5740   2.5767   2.5907   2.6000   2.6082   2.6164
  2.6226   2.6295   2.6359   2.6437   2.6478   2.6539   2.6652   2.6765
  2.6806   2.6883   2.6903   2.6984   2.7062   2.7143   2.7197   2.7349
  2.7427   2.7474   2.7496   2.7579   2.7679   2.7851   2.7866   2.7874
  2.8072   2.8142   2.8195   2.8344   2.8370   2.8415   2.8594   2.8677
  2.8701   2.8784   2.8822   2.8952   2.8976   2.9070   2.9134   2.9145
  2.9216   2.9326   2.9357   2.9435   2.9482   2.9602   2.9621   2.9679
  2.9749   2.9826   2.9858   2.9944   3.0061   3.0104   3.0201   3.0288
  3.0328   3.0419   3.0517   3.0611   3.0664   3.0763   3.0807   3.0856
  3.0933   3.1000   3.1062   3.1196   3.1240   3.1320   3.1373   3.1511
  3.1596   3.1638   3.1872   3.1933   3.2093   3.2162   3.2210   3.2332
  3.2406   3.2544   3.2616   3.2787   3.2843   3.2929   3.3079   3.3212
  3.3288   3.3326   3.3440   3.3489   3.3528   3.3695   3.3781   3.3821
  3.3886   3.3940   3.4019   3.4105   3.4230   3.4276   3.4386   3.4509
  3.4567   3.4637   3.4760   3.4778   3.4915   3.4986   3.5050   3.5117
  3.5130   3.5244   3.5320   3.5511   3.5560   3.5636   3.5714   3.5925
  3.6015   3.6117   3.6147   3.6259   3.6310   3.6340   3.6427   3.6594
  3.6620   3.6716   3.6987   3.7066   3.7151   3.7232   3.7251   3.7384
  3.7507   3.7526   3.7617   3.7660   3.7836   3.8009   3.8045   3.8098
  3.8161   3.8302   3.8354   3.8472   3.8573   3.8625   3.8718   3.8773
  3.8924   3.8971   3.9029   3.9121   3.9193   3.9260   3.9347   3.9542
  3.9561   3.9644   3.9649   3.9783   3.9859   4.0007   4.0076   4.0188
  4.0244   4.0406   4.0496   4.0661   4.0736   4.0945   4.1112   4.1191
  4.1418   4.1865   4.2051   4.2163   4.2299   4.2379   4.2704   4.3043
  4.3127   4.3272   4.3327   4.3452   4.3472   4.3657   4.3753   4.3879
  4.4125   4.4448   4.4506   4.4941   4.5028   4.5562   4.5713   4.6049
  4.6173   4.6384   4.6696   4.6892   4.7011   4.7539   4.7925   4.8031
  4.8277   4.8513   4.9011   4.9651   4.9885   5.0186   5.0476   5.0683
  5.1129   5.1306   5.1498   5.1802   5.2115   5.2178   5.2450   5.2543
  5.2952   5.3069   5.3167   5.3264   5.3402   5.3501   5.3875   5.4051
  5.4389   5.4472   5.4702   5.4819   5.4864   5.5058   5.5145   5.5357
  5.5435   5.5735   5.5867   5.5918   5.6289   5.6371   5.6438   5.6605
  5.6850   5.6967   5.7101   5.7258   5.7387   5.7490   5.7627   5.7697
  5.7840   5.7879   5.7959   5.8003   5.8078   5.8194   5.8236   5.8261
  5.8318   5.8464   5.8551   5.8601   5.8655   5.8726   5.8733   5.8783
  5.8801   5.8861   5.8902   5.9065   5.9121   5.9224   5.9324   5.9397
  5.9453   5.9520   5.9584   5.9617   5.9688   5.9781   5.9902   6.0001
  6.0075   6.0109   6.0234   6.0304   6.0393   6.0480   6.0531   6.0609
  6.0643   6.0716   6.0842   6.0960   6.0979   6.1159   6.1258   6.1278
  6.1431   6.1433   6.1502   6.1656   6.1683   6.1733   6.1784   6.1869
  6.1942   6.1985   6.2131   6.2209   6.2309   6.2384   6.2454   6.2548
  6.2612   6.2739   6.2815   6.2957   6.2965   6.3124   6.3209   6.3247
  6.3324   6.3392   6.3551   6.3621   6.3673   6.3744   6.3866   6.3899
  6.3921   6.4017   6.4076   6.4138   6.4198   6.4255   6.4411   6.4433
  6.4468   6.4609   6.4626   6.4701   6.4862   6.4915   6.4980   6.5016
  6.5160   6.5272   6.5400   6.5450   6.5531   6.5552   6.5608   6.5747
  6.5866   6.5958   6.6051   6.6104   6.6148   6.6293   6.6401   6.6492
  6.6574   6.6641   6.6780   6.6922   6.7017   6.7115   6.7160   6.7230
  6.7341   6.7469   6.7635   6.7715   6.7783   6.7968   6.8034   6.8106
  6.8143   6.8373   6.8426   6.8500   6.8540   6.8597   6.8829   6.8896
  6.9120   6.9308   6.9456   6.9542   6.9725   6.9978   7.0081   7.0171
  7.0279   7.0294   7.0369   7.0561   7.0764   7.0786   7.0959   7.1103
  7.1188   7.1436   7.1499   7.1744   7.1802   7.2017   7.2216   7.2348
  7.2540   7.2775   7.2845   7.2967   7.3032   7.3279   7.3615   7.3823
  7.3868   7.3955   7.4030   7.4174   7.4243   7.4308   7.4420   7.4503
  7.4562   7.4602   7.4719   7.4761   7.4798   7.4940   7.5093   7.5173
  7.5247   7.5264   7.5310   7.5461   7.5518   7.5649   7.5727   7.5967
  7.6032   7.6090   7.6327   7.6499   7.6605   7.6746   7.6833   7.6925
  7.7124   7.7191   7.7305   7.7369   7.7413   7.7440   7.7545   7.7629
  7.7672   7.7759   7.7825   7.7904   7.7958   7.8146   7.8195   7.8264
  7.8351   7.8390   7.8500   7.8613   7.8654   7.8733   7.8833   7.8870
  7.8938   7.9043   7.9099   7.9124   7.9172   7.9336   7.9395   7.9524
  7.9603   7.9632   7.9716   7.9817   7.9944   8.0093   8.0154   8.0247
  8.0371   8.0536   8.0626   8.1014   8.1205   8.1244   8.1321   8.1411
  8.1491   8.1630   8.1827   8.2038   8.2386   8.2510   8.2954   8.3066
  8.3171   8.3226   8.3270   8.3373   8.3398   8.3440   8.3511   8.3533
  8.3613   8.3661   8.3681   8.3710   8.3824   8.3926   8.3976   8.4086
  8.4142   8.4163   8.4223   8.4317   8.4390   8.4419   8.4464   8.4553
  8.4584   8.4632   8.4703   8.4746   8.4884   8.4911   8.5017   8.5127
  8.5281   8.5352   8.5494   8.5606   8.5672   8.5696   8.5904   8.5937
  8.6134   8.6225   8.6441   8.6490   8.6644   8.6712   8.7066   8.7169
  8.7378   8.7479   8.7560   8.7752   8.7925   8.8140   8.8450   8.8496
  8.8533   8.8658   8.8681   8.8743   8.8899   8.9005   8.9029   8.9069
  8.9151   8.9179   8.9194   8.9253   8.9341   8.9426   8.9468   8.9630
  8.9678   8.9745   8.9866   9.0021   9.0075   9.0280   9.0338   9.0389
  9.0486   9.0868   9.1074   9.1128   9.1461   9.1747   9.2453   9.2947
  9.3072   9.3356   9.4024   9.4411   9.4694   9.5535   9.5582   9.6260
  9.6535   9.6756   9.6895   9.6996   9.7127   9.7353   9.7571   9.7649
  9.7841   9.7987   9.8123   9.8209   9.8281   9.8470   9.8576   9.8630
  9.8751   9.8850   9.8891   9.9015   9.9138   9.9264   9.9371   9.9520
  9.9782  10.0070  10.0240  10.0554  10.0599  10.0644  10.0764  10.0923
 10.1122  10.1300  10.1510  10.2011  10.2128  10.2402  10.2717  10.2759
 10.2882  10.2920  10.3115  10.3169  10.3411  10.3483  10.3539  10.4059
 10.4654  10.4909  10.5631  10.5683  10.5862  10.6092  10.6150  10.7214
 10.7570  10.9204  10.9373  11.2506  11.2686  11.2931  11.4353  11.5274
 11.9363  12.0098  12.0243  12.0451  12.0819  12.0921  12.1482  12.1608
 12.2142  12.2416  12.3536  12.3960  12.4471  12.4951  12.5502  12.7449
 12.7893  12.8434  12.8806  12.9287  13.0052  13.0675  13.0865  13.1844
 13.2908  13.3137  13.4032  13.8093  14.3220  17.2126  28.2469  28.8925
 28.9679  29.0063  29.0286  29.0916  29.1070  29.1330  29.1477  41.7225
 41.7355  41.8313  48.2032  58.5183  98.5924 147.2880 148.0258 148.0703
148.1108 148.1434 148.2037 148.2469 148.2820 253.2637 316.9635 526.0042
 --------------------------------------------------------------
 
          Ground-State Mulliken Net Atomic Charges

     Atom                 Charge (a.u.)    Spin (a.u.)
  --------------------------------------------------------
      1 O                    -0.408709       0.485531
      2 C                     0.031832       1.194234
      3 Si                    0.705809       0.119866
      4 C                    -0.323445      -0.003675
      5 C                    -0.374654       0.001606
      6 C                    -0.349779       0.087362
      7 C                    -0.055901       0.021768
      8 C                    -0.052532       0.038869
      9 C                    -0.040139      -0.002769
     10 C                     0.025816       0.000414
     11 Cl                   -0.234602      -0.000113
     12 H                     0.058497      -0.001157
     13 H                     0.062408       0.001614
     14 H                     0.072534      -0.000679
     15 H                     0.081661      -0.000143
     16 H                     0.069553       0.000171
     17 H                     0.063763      -0.002364
     18 H                     0.059817       0.026804
     19 H                     0.080282      -0.008233
     20 H                     0.065834      -0.006585
     21 H                     0.085451      -0.011433
     22 H                     0.049227       0.047311
     23 H                     0.054747       0.011639
     24 H                     0.026609      -0.001026
     25 H                     0.057404      -0.001826
     26 H                     0.048860       0.002062
     27 H                     0.067995       0.000350
     28 H                     0.071664       0.000402
  --------------------------------------------------------
  Sum of atomic charges =    -0.000000
  Sum of spin   charges =     2.000000

 -----------------------------------------------------------------
                    Cartesian Multipole Moments
 -----------------------------------------------------------------
    Charge (ESU x 10^10)
                -0.0000
    Dipole Moment (Debye)
         X       0.7751      Y       0.0776      Z      -1.2111
       Tot       1.4400
    Quadrupole Moments (Debye-Ang)
        XX     -74.4215     XY       0.7388     YY     -94.5877
        XZ      -2.5807     YZ       1.8299     ZZ     -83.6026
    Octopole Moments (Debye-Ang^2)
       XXX     -29.0836    XXY       8.3936    XYY     -31.1204
       YYY      49.6205    XXZ     -34.9059    XYZ       5.3787
       YYZ     -52.7931    XZZ     -18.1743    YZZ      17.1699
       ZZZ    -122.0932
    Hexadecapole Moments (Debye-Ang^3)
      XXXX   -1847.2591   XXXY     493.3810   XXYY    -595.3154
      XYYY     574.0924   YYYY   -1607.6937   XXXZ       6.8183
      XXYZ      34.6874   XYYZ     -22.9059   YYYZ     140.4724
      XXZZ    -452.1353   XYZZ     179.2632   YYZZ    -400.6248
      XZZZ      -0.4198   YZZZ     133.0442   ZZZZ    -780.4489
 -----------------------------------------------------------------
 Total job time:  330.91s(wall), 9301.77s(cpu) 
 Tue Dec  3 11:02:14 2024

        *************************************************************
        *                                                           *
        *  Thank you very much for using Q-Chem.  Have a nice day.  *
        *                                                           *
        *************************************************************


