
Running Job 1 of 1 ent1-p1-doublet-wb97xd-B3PW91.in
qchem ent1-p1-doublet-wb97xd-B3PW91.in_1622888.0 /expanse/lustre/scratch/whughes/temp_project/job_32693629/ent1-p1-doublet-wb97xd-B3PW91-32693629/ 0
/cm/shared/apps/spack/0.17.3/cpu/b/opt/spack/linux-rocky8-zen2/gcc-10.2.0/qchem-6.0-rytxnwjazd34ekd2gqyi5ufsaimxsd3r/exe/qcprog.exe_s ent1-p1-doublet-wb97xd-B3PW91.in_1622888.0 /expanse/lustre/scratch/whughes/temp_project/job_32693629/ent1-p1-doublet-wb97xd-B3PW91-32693629/
                  Welcome to Q-Chem
     A Quantum Leap Into The Future Of Chemistry


 Q-Chem 6.0, Q-Chem, Inc., Pleasanton, CA (2022)

 License issued to: University of California, San Diego (site)

 E. Epifanovsky,  A. T. B. Gilbert,  Xintian Feng,  Joonho Lee,  Yuezhi Mao,  
 N. Mardirossian,  P. Pokhilko,  A. White,  M. Wormit,  M. P. Coons,  
 A. L. Dempwolff,  Zhengting Gan,  D. Hait,  P. R. Horn,  L. D. Jacobson,  
 I. Kaliman,  J. Kussmann,  A. W. Lange,  Ka Un Lao,  D. S. Levine,  Jie Liu,  
 S. C. McKenzie,  A. F. Morrison,  K. Nanda,  F. Plasser,  D. R. Rehn,  
 M. L. Vidal,  Zhi-Qiang You,  Ying Zhu,  B. Alam,  B. Albrecht,  
 A. Aldossary,  E. Alguire,  J. H. Andersen,  V. Athavale,  D. Barton,  
 K. Begam,  A. Behn,  N. Bellonzi,  Y. A. Bernard,  E. J. Berquist,  
 H. Burton,  A. Carreras,  K. Carter-Fenk,  Romit Chakraborty,  
 Chandrima Chakravarty,  Junhan Chen,  A. D. Chien,  K. D. Closser,  
 V. Cofer-Shabica,  L. Cunha,  S. Dasgupta,  Jia Deng,  M. de Wergifosse,  
 M. Diedenhofen,  Hainam Do,  S. Ehlert,  Po-Tung Fang,  S. Fatehi,  
 Qingguo Feng,  T. Friedhoff,  B. Ganoe,  J. Gayvert,  Qinghui Ge,  
 G. Gidofalvi,  M. Goldey,  J. Gomes,  C. Gonzalez-Espinoza,  S. Gulania,  
 A. Gunina,  J. A. Gyamfi,  M. W. D. Hanson-Heine,  P. H. P. Harbach,  
 A. W. Hauser,  M. F. Herbst,  M. Hernandez Vera,  M. Hodecker,  
 Z. C. Holden,  S. Houck,  Xunkun Huang,  Kerwin Hui,  B. C. Huynh,  
 K. Ikeda,  M. Ivanov,  Hyunjun Ji,  Zuxin Jin,  Hanjie Jiang,  B. Kaduk,  
 S. Kaehler,  R. Kang,  K. Khistyaev,  Jaehoon Kim,  Yongbin Kim,  
 P. Klunzinger,  Z. Koczor-Benda,  Joong Hoon Koh,  D. Kosenkov,  
 Saikiran Kotaru,  L. Koulias,  T. Kowalczyk,  C. M. Krauter,  K. Kue,  
 A. Kunitsa,  T. Kus,  A. Landau,  K. V. Lawler,  D. Lefrancois,  S. Lehtola,  
 Rain Li,  Shaozhi Li,  Yi-Pei Li,  Jiashu Liang,  M. Liebenthal,  
 Hung-Hsuan Lin,  You-Sheng Lin,  Fenglai Liu,  Kuan-Yu Liu,  
 M. Loipersberger,  A. Luenser,  C. Malbon,  A. Manjanath,  P. Manohar,  
 E. Mansoor,  S. F. Manzer,  Shan-Ping Mao,  A. V. Marenich,  T. Markovich,  
 S. Mason,  F. Matz,  S. A. Maurer,  P. F. McLaughlin,  M. F. S. J. Menger,  
 J.-M. Mewes,  S. A. Mewes,  P. Morgante,  Mohammad Mostafanejad,  
 J. W. Mullinax,  K. J. Oosterbaan,  G. Paran,  V. Parravicini,  
 Alexander C. Paul,  Suranjan K. Paul,  F. Pavosevic,  Zheng Pei,  S. Prager,  
 E. I. Proynov,  E. Ramos,  B. Rana,  A. E. Rask,  A. Rettig,  R. M. Richard,  
 F. Rob,  E. Rossomme,  T. Scheele,  M. Scheurer,  M. Schneider,  
 P. E. Schneider,  N. Sergueev,  S. M. Sharada,  Hengyuan Shen,  
 W. Skomorowski,  D. W. Small,  C. J. Stein,  Yingli Su,  Yu-Chuan Su,  
 E. J. Sundstrom,  Zhen Tao,  J. Thirman,  Hung-Yi Tsai,  T. Tsuchimochi,  
 N. M. Tubman,  C. Utku,  S. P. Veccham,  O. Vydrov,  J. Wenzel,  
 Jonathan Wong,  J. Witte,  A. Yamada,  Chou-Hsun Yang,  Kun Yao,  
 S. Yeganeh,  S. R. Yost,  A. Zech,  F. Zeller,  Igor Ying Zhang,  
 Xing Zhang,  Yu Zhang,  D. Zuev,  A. Aspuru-Guzik,  A. T. Bell,  
 N. A. Besley,  K. B. Bravaya,  B. R. Brooks,  D. Casanova,  Jeng-Da Chai,  
 Hsing-Ta Chen,  S. Coriani,  C. J. Cramer,  A. E. DePrince, III,  
 R. A. DiStasio Jr.,  A. Dreuw,  B. D. Dunietz,  T. R. Furlani,  
 W. A. Goddard III,  S. Grimme,  S. Hammes-Schiffer,  T. Head-Gordon,  
 W. J. Hehre,  Chao-Ping Hsu,  T.-C. Jagau,  Yousung Jung,  A. Klamt,  
 Jing Kong,  D. S. Lambrecht,  Xiangyuan Li,  WanZhen Liang,  N. J. Mayhall,  
 C. W. McCurdy,  J. B. Neaton,  T. Neudecker,  C. Ochsenfeld,  
 J. A. Parkhill,  R. Peverati,  V. A. Rassolov,  Haisheng Ren,  Yihan Shao,  
 L. V. Slipchenko,  R. P. Steele,  J. E. Subotnik,  A. J. W. Thom,  
 A. Tkatchenko,  D. G. Truhlar,  T. Van Voorhis,  Fan Wang,  
 T. A. Wesolowski,  K. B. Whaley,  H. L. Woodcock III,  P. M. Zimmerman,  
 S. Faraji,  P. M. W. Gill,  M. Head-Gordon,  J. M. Herbert,  A. I. Krylov

 Contributors to earlier versions of Q-Chem not listed above: 
 R. D. Adamson,  B. Austin,  R. Baer,  J. Baker,  G. J. O. Beran,  
 K. Brandhorst,  S. T. Brown,  E. F. C. Byrd,  Arup K. Chakraborty,  
 G. K. L. Chan,  Chun-Min Chang,  Yunqing Chen,  C.-L. Cheng,  
 Siu Hung Chien,  D. M. Chipman,  D. L. Crittenden,  H. Dachsel,  
 R. J. Doerksen,  A. D. Dutoi,  R. G. Edgar,  J. Fosso-Tande,  
 L. Fusti-Molnar,  D. Ghosh,  A. Ghysels,  A. Golubeva-Zadorozhnaya,  
 J. Gonthier,  M. S. Gordon,  S. R. Gwaltney,  G. Hawkins,  J. E. Herr,  
 A. Heyden,  S. Hirata,  E. G. Hohenstein,  G. Kedziora,  F. J. Keil,  
 C. Kelley,  Jihan Kim,  R. A. King,  R. Z. Khaliullin,  P. P. Korambath,  
 W. Kurlancheek,  A. Laurent,  A. M. Lee,  M. S. Lee,  S. V. Levchenko,  
 Ching Yeh Lin,  D. Liotard,  E. Livshits,  R. C. Lochan,  I. Lotan,  
 L. A. Martinez-Martinez,  P. E. Maslen,  N. Nair,  D. P. O'Neill,  
 D. Neuhauser,  E. Neuscamman,  C. M. Oana,  R. Olivares-Amaya,  R. Olson,  
 T. M. Perrine,  B. Peters,  P. A. Pieniazek,  A. Prociuk,  Y. M. Rhee,  
 J. Ritchie,  M. A. Rohrdanz,  E. Rosta,  N. J. Russ,  H. F. Schaefer III,  
 M. W. Schmidt,  N. E. Schultz,  S. Sharma,  N. Shenvi,  C. D. Sherrill,  
 A. C. Simmonett,  A. Sodt,  T. Stein,  D. Stuck,  K. S. Thanthiriwatte,  
 V. Vanovschi,  L. Vogt,  Tao Wang,  A. Warshel,  M. A. Watson,  
 C. F. Williams,  Q. Wu,  X. Xu,  Jun Yang,  W. Zhang,  Yan Zhao

   Please cite Q-Chem as follows:
  "Software for the frontiers of quantum chemistry:
   An overview of developments in the Q-Chem 5 package"
   J. Chem. Phys. 155, 084801 (2021)
   https://doi.org/10.1063/5.0055522 (open access)

 Q-Chem 6.0.2 for Intel X86 EM64T Linux

 Parts of Q-Chem use Armadillo 9.900.5 (Nocturnal Misbehaviour).
 http://arma.sourceforge.net/

 Q-Chem begins on Thu Aug  1 13:17:55 2024  

 Host: 
0

     Scratch files written to /expanse/lustre/scratch/whughes/temp_project/job_32693629/ent1-p1-doublet-wb97xd-B3PW91-32693629//
 Dec722 |scratch|qcdevops|jenkins|workspace|build_RNUM    
 Processing $rem in /cm/shared/apps/spack/0.17.3/cpu/b/opt/spack/linux-rocky8-zen2/gcc-10.2.0/qchem-6.0-rytxnwjazd34ekd2gqyi5ufsaimxsd3r/config/preferences:
 Processing $rem in /home/whughes/.qchemrc:

 Checking the input file for inconsistencies... 	...done.

--------------------------------------------------------------
User input:
--------------------------------------------------------------
$molecule
0 2
C    1.0464100408    0.9008783375    0.0000806835
C    2.3362018678    0.3515728852    0.000179543
C    3.4761736293    1.0918071984    0.0002656558
C    -0.1955455321   0.1836046442    -0.0000151415
C    -1.4024339742   0.9060301113    -0.0001019242
C    -2.6251140713   0.2641615607    -0.0001953064
C    -2.6858460872   -1.1233323355   -0.0002055643
C    -1.5057347807   -1.8580829442   -0.0001213683
C    -0.2811776877   -1.2208511497   -0.0000278316
H    0.9742055586    1.9845247172    0.0000761362
H    2.4380730287    -0.7288978159   0.0001891475
H    4.4514677105    0.6250452522    0.000340981
H    3.4413308134    2.1749600096    0.000261294
H    -1.3634794769   1.9891644243    -0.0000943858
H    -3.5377920523   0.8468391045    -0.0002604599
H    -3.6429934831   -1.6286280065   -0.0002787035
H    -1.5444716993   -2.9402989457   -0.0001291318
H    0.6207251956    -1.8185000477   0.0000353764
$end

$rem
METHOD      B3PW91
BASIS       def2-QZVPP
SYM_IGNORE   TRUE
DFT_D       D4
MAX_SCF_CYCLES 300
$end

$end
--------------------------------------------------------------
 Adding empirical dispersion correction 
 ----------------------------------------------------------------
 Doing -D4(0) with B3PW parameters:
 s6  =   1.00000
 s8  =   2.88364
 s10 =   0.00000
 s9 =   1.00000
 a1  =   0.46991
 a2  =   4.51641
 -D4 energy including 3body term = -0.0272935727 hartrees
 ----------------------------------------------------------------
             Standard Nuclear Orientation (Angstroms)
    I     Atom           X                Y                Z
 ----------------------------------------------------------------
    1      C       1.0464100408     0.9008783375     0.0000806835
    2      C       2.3362018678     0.3515728852     0.0001795430
    3      C       3.4761736293     1.0918071984     0.0002656558
    4      C      -0.1955455321     0.1836046442    -0.0000151415
    5      C      -1.4024339742     0.9060301113    -0.0001019242
    6      C      -2.6251140713     0.2641615607    -0.0001953064
    7      C      -2.6858460872    -1.1233323355    -0.0002055643
    8      C      -1.5057347807    -1.8580829442    -0.0001213683
    9      C      -0.2811776877    -1.2208511497    -0.0000278316
   10      H       0.9742055586     1.9845247172     0.0000761362
   11      H       2.4380730287    -0.7288978159     0.0001891475
   12      H       4.4514677105     0.6250452522     0.0003409810
   13      H       3.4413308134     2.1749600096     0.0002612940
   14      H      -1.3634794769     1.9891644243    -0.0000943858
   15      H      -3.5377920523     0.8468391045    -0.0002604599
   16      H      -3.6429934831    -1.6286280065    -0.0002787035
   17      H      -1.5444716993    -2.9402989457    -0.0001291318
   18      H       0.6207251956    -1.8185000477     0.0000353764
 ----------------------------------------------------------------
 Nuclear Repulsion Energy =         380.48110183 hartrees
 There are       32 alpha and       31 beta electrons
 Requested basis set is def2-QZVPP
 There are 243 shells and 783 basis functions

 Total QAlloc Memory Limit   8000 MB
 Mega-Array Size       188 MB
 MEM_STATIC part       192 MB

 A cutoff of  1.0D-09 yielded  21086 shell pairs
 There are    213394 function pairs (    319045 Cartesian)
 Smallest overlap matrix eigenvalue = 5.93E-06

 Q-Chem warning in module stvman/mkSTV.C, line 305:

 Overlap eigenvalue is smaller than square root of threshold
 Use THRESH >= 12 to get rid of this warning


 Scale SEOQF with 1.000000e-01/1.000000e-01/1.000000e+00

 Standard Electronic Orientation quadrupole field applied
 Nucleus-field energy     =     0.0000000164 hartrees
 Guess from superposition of atomic densities
 Warning:  Energy on first SCF cycle will be non-variational
 SAD guess density has 63.000000 electrons

 -----------------------------------------------------------------------
  General SCF calculation program by
  Eric Jon Sundstrom, Paul Horn, Yuezhi Mao, Dmitri Zuev, Alec White,
  David Stuck, Shaama M.S., Shane Yost, Joonho Lee, David Small,
  Daniel Levine, Susi Lehtola, Hugh Burton, Evgeny Epifanovsky,
  Bang C. Huynh
 -----------------------------------------------------------------------
 Exchange:     0.2000 Hartree-Fock + 0.0800 Slater + 0.7200 B88
 Correlation:  0.1900 PW92 + 0.8100 PW91
 Using SG-1 standard quadrature grid
 Dispersion:   Grimme D4
 using 32 threads for integral computing
 -------------------------------------------------------
 OpenMP Integral computing Module                
 Release: version 1.0, May 2013, Q-Chem Inc. Pittsburgh 
 -------------------------------------------------------
 A unrestricted SCF calculation will be
 performed using DIIS
 SCF converges when DIIS error is below 1.0e-05
 ---------------------------------------
  Cycle       Energy         DIIS error
 ---------------------------------------
    1    -350.3503540267      6.77e-03  
    2    -348.1974200261      7.08e-04  
    3    -348.1838447374      7.41e-04  
    4    -348.3629297885      9.30e-05  
    5    -348.3650633334      4.95e-05  
    6    -348.3659857950      1.63e-05  
    7    -348.3661476404      7.99e-06  Convergence criterion met
 ---------------------------------------
 SCF time:   CPU 3811.47s  wall 130.00s 
<S^2> =          0.785619208
 SCF   energy in the final basis set =     -348.3661476404
 Total energy in the final basis set =     -348.3661476404
 
 --------------------------------------------------------------
 
                    Orbital Energies (a.u.)
 --------------------------------------------------------------
 
 Alpha MOs
 -- Occupied --
-10.1810 -10.1802 -10.1715 -10.1714 -10.1712 -10.1700 -10.1699 -10.1686
-10.1682  -0.8740  -0.8175  -0.7651  -0.7577  -0.6861  -0.6206  -0.6031
 -0.5597  -0.5289  -0.4800  -0.4732  -0.4502  -0.4296  -0.4209  -0.4040
 -0.3941  -0.3701  -0.3556  -0.3409  -0.3400  -0.2763  -0.2691  -0.1875
 -- Virtual --
 -0.0255  -0.0161   0.0353   0.0415   0.0432   0.0480   0.0672   0.0706
  0.0919   0.0996   0.1082   0.1140   0.1268   0.1323   0.1333   0.1417
  0.1485   0.1704   0.1705   0.1763   0.1823   0.1844   0.1939   0.2123
  0.2138   0.2143   0.2320   0.2412   0.2570   0.2652   0.2653   0.2710
  0.2795   0.2840   0.2856   0.2959   0.2988   0.3072   0.3086   0.3161
  0.3245   0.3382   0.3451   0.3498   0.3563   0.3725   0.3828   0.3864
  0.3967   0.4087   0.4191   0.4266   0.4297   0.4322   0.4483   0.4575
  0.4639   0.4646   0.4673   0.4830   0.4845   0.5001   0.5139   0.5168
  0.5257   0.5328   0.5339   0.5403   0.5618   0.5632   0.5756   0.5856
  0.5907   0.6141   0.6308   0.6319   0.6530   0.6545   0.6789   0.6835
  0.7001   0.7119   0.7153   0.7168   0.7304   0.7319   0.7428   0.7491
  0.7534   0.7622   0.7711   0.7712   0.7758   0.7789   0.7892   0.8088
  0.8145   0.8236   0.8363   0.8404   0.8560   0.8571   0.8619   0.8623
  0.8660   0.8692   0.8790   0.8899   0.9009   0.9120   0.9191   0.9219
  0.9264   0.9362   0.9529   0.9531   0.9689   0.9737   0.9933   0.9949
  1.0029   1.0145   1.0236   1.0251   1.0286   1.0469   1.0530   1.0603
  1.0781   1.0856   1.0902   1.1185   1.1231   1.1297   1.1438   1.1552
  1.1624   1.1734   1.1760   1.2019   1.2104   1.2153   1.2391   1.2481
  1.2504   1.2623   1.2775   1.2889   1.2992   1.3029   1.3128   1.3554
  1.3728   1.3947   1.4237   1.4385   1.4729   1.4793   1.4954   1.5174
  1.5222   1.5421   1.5510   1.5655   1.5822   1.5876   1.6009   1.6224
  1.6335   1.6416   1.6508   1.6661   1.6715   1.6919   1.7040   1.7072
  1.7237   1.7393   1.7518   1.7530   1.7628   1.7682   1.7820   1.7941
  1.8238   1.8403   1.8463   1.8530   1.8600   1.8623   1.8692   1.8730
  1.8847   1.9021   1.9028   1.9231   1.9340   1.9436   1.9461   1.9522
  1.9543   1.9603   1.9819   1.9923   1.9939   2.0031   2.0047   2.0099
  2.0152   2.0368   2.0459   2.0495   2.0664   2.0699   2.0716   2.1006
  2.1103   2.1195   2.1232   2.1237   2.1370   2.1402   2.1651   2.1672
  2.1817   2.1930   2.2020   2.2091   2.2269   2.2304   2.2428   2.2499
  2.2608   2.2647   2.2681   2.2848   2.2951   2.3046   2.3170   2.3294
  2.3425   2.3489   2.3685   2.3791   2.3911   2.4016   2.4190   2.4241
  2.4349   2.4396   2.4459   2.4505   2.4636   2.4770   2.4784   2.4786
  2.4897   2.5066   2.5083   2.5120   2.5142   2.5324   2.5396   2.5419
  2.5544   2.5560   2.5714   2.5791   2.5872   2.5928   2.6109   2.6180
  2.6194   2.6268   2.6487   2.6625   2.6702   2.6703   2.6786   2.6800
  2.6881   2.7049   2.7141   2.7268   2.7438   2.7451   2.7555   2.7741
  2.7851   2.7884   2.8035   2.8041   2.8205   2.8338   2.8395   2.8642
  2.8690   2.8952   2.9225   2.9290   2.9414   2.9574   2.9829   2.9877
  3.0053   3.0182   3.0372   3.0394   3.0659   3.0665   3.0866   3.1461
  3.1521   3.1651   3.1900   3.2048   3.2127   3.2317   3.2557   3.2774
  3.2919   3.3206   3.3478   3.3617   3.3628   3.3808   3.3837   3.3942
  3.3974   3.4027   3.4177   3.4345   3.4490   3.4609   3.4667   3.4778
  3.4788   3.4959   3.5020   3.5253   3.5657   3.5727   3.5733   3.5990
  3.6009   3.6198   3.6265   3.6847   3.6894   3.7085   3.7471   3.7800
  3.7843   3.8224   3.8519   3.8684   3.8991   3.9071   3.9268   3.9610
  3.9889   4.0129   4.0398   4.0499   4.0740   4.1047   4.1069   4.1224
  4.1642   4.2095   4.2413   4.2757   4.3128   4.3215   4.3717   4.4097
  4.4274   4.4859   4.5326   4.5545   4.5866   4.6263   4.6834   4.7162
  4.7280   4.7459   4.8081   4.8193   4.8235   4.8677   4.9152   4.9196
  4.9368   4.9690   4.9852   4.9975   4.9988   5.0101   5.0219   5.0499
  5.0537   5.0579   5.0684   5.1004   5.1408   5.1675   5.1890   5.2006
  5.2037   5.2179   5.2296   5.2554   5.2791   5.2832   5.2918   5.3401
  5.3419   5.3557   5.3626   5.3741   5.3815   5.3870   5.4072   5.4096
  5.4464   5.4576   5.4667   5.5081   5.5106   5.5198   5.5275   5.5404
  5.5463   5.5671   5.5838   5.5892   5.5952   5.6222   5.6368   5.6698
  5.6769   5.7025   5.7067   5.7361   5.7452   5.7500   5.7633   5.7796
  5.8070   5.8117   5.8197   5.8679   5.8702   5.8828   5.8845   5.9005
  5.9050   5.9127   5.9298   5.9377   5.9587   5.9649   5.9688   5.9774
  5.9795   6.0075   6.0158   6.0224   6.0345   6.0411   6.0619   6.0720
  6.0720   6.0877   6.0971   6.1063   6.1182   6.1373   6.1388   6.1544
  6.1614   6.1727   6.1868   6.1898   6.1998   6.2036   6.2093   6.2193
  6.2205   6.2290   6.2382   6.2553   6.2605   6.2647   6.2805   6.2823
  6.2932   6.2939   6.3164   6.3334   6.3436   6.3487   6.3608   6.3681
  6.4006   6.4028   6.4145   6.4419   6.4510   6.4544   6.4567   6.4806
  6.4894   6.4994   6.5102   6.5171   6.5350   6.5603   6.5606   6.5685
  6.5915   6.6119   6.6177   6.6301   6.6449   6.6533   6.6617   6.6758
  6.6772   6.6783   6.6995   6.7082   6.7245   6.7289   6.7433   6.7541
  6.7873   6.8027   6.8101   6.8482   6.8529   6.8532   6.8924   6.9160
  6.9298   6.9474   6.9562   6.9620   6.9745   6.9824   7.0053   7.0152
  7.0476   7.0595   7.0881   7.0884   7.1048   7.1328   7.1385   7.1882
  7.2043   7.2270   7.2454   7.2745   7.2947   7.3039   7.3362   7.3644
  7.3792   7.3911   7.3954   7.4164   7.4390   7.4493   7.4696   7.4771
  7.4834   7.4932   7.5117   7.5227   7.5288   7.5299   7.5387   7.5513
  7.5537   7.5785   7.5987   7.6191   7.6547   7.6852   7.6900   7.7056
  7.7068   7.7176   7.7398   7.7460   7.7928   7.8024   7.8116   7.8249
  7.8548   7.8951   7.9030   7.9084   7.9421   7.9653   7.9720   7.9751
  7.9788   8.0113   8.0435   8.0595   8.0722   8.0805   8.0958   8.1080
  8.1315   8.1363   8.1474   8.1697   8.1760   8.2039   8.2080   8.2223
  8.2345   8.2371   8.2529   8.2670   8.2901   8.2926   8.2974   8.3003
  8.3106   8.3242   8.3461   8.3475   8.3589   8.3592   8.3905   8.3907
  8.3989   8.4021   8.4200   8.4248   8.4540   8.4707   8.4874   8.5012
  8.5046   8.5151   8.5288   8.5495   8.5681   8.5733   8.6070   8.6230
  8.6288   8.6547   8.6646   8.6766   8.6984   8.7054   8.7363   8.7457
  8.7756   8.8234   8.8269   8.8433   8.8616   8.8876   8.8935   8.9277
  8.9884   8.9986   9.0541   9.0586   9.1263   9.1810   9.2897   9.3183
  9.4050   9.4453   9.5454   9.5801   9.6022   9.6636   9.6888   9.7165
  9.7193   9.7609   9.7663   9.7801   9.7913   9.8142   9.8350   9.8604
  9.8837   9.8938   9.8996   9.9069   9.9858  10.0239  10.0363  10.0888
 10.1125  10.1310  10.2034  10.2444  10.2481  10.2816  10.2880  10.3017
 10.3731  10.4210  10.4714  10.5218  10.7167  10.7451  10.7994  10.8738
 10.9995  11.0631  11.4350  11.7602  11.8083  12.0932  12.5025  12.6311
 12.7369  12.9265  12.9558  13.0054  13.2157  27.9269  28.2998  28.4061
 28.5489  28.6770  28.9550  29.0662  29.2229  29.4165 147.0441 147.3955
147.4974 147.6351 147.7437 148.0050 148.1227 148.2939 148.5011
 
 Beta MOs
 -- Occupied --
-10.1820 -10.1743 -10.1724 -10.1712 -10.1695 -10.1689 -10.1686 -10.1676
-10.1616  -0.8709  -0.8092  -0.7606  -0.7553  -0.6705  -0.6185  -0.5992
 -0.5558  -0.5269  -0.4767  -0.4710  -0.4490  -0.4285  -0.4181  -0.4003
 -0.3842  -0.3680  -0.3534  -0.3401  -0.3170  -0.2631  -0.2596
 -- Virtual --
 -0.0970  -0.0168  -0.0053   0.0358   0.0437   0.0502   0.0576   0.0682
  0.0711   0.0929   0.1005   0.1099   0.1169   0.1277   0.1346   0.1362
  0.1463   0.1535   0.1712   0.1765   0.1775   0.1834   0.1945   0.1968
  0.2131   0.2164   0.2247   0.2357   0.2468   0.2581   0.2663   0.2673
  0.2740   0.2819   0.2867   0.2873   0.2973   0.3008   0.3097   0.3102
  0.3176   0.3293   0.3410   0.3467   0.3515   0.3596   0.3762   0.3850
  0.3890   0.3985   0.4107   0.4202   0.4321   0.4343   0.4362   0.4520
  0.4609   0.4649   0.4662   0.4713   0.4859   0.4873   0.5035   0.5179
  0.5198   0.5267   0.5345   0.5367   0.5434   0.5665   0.5668   0.5772
  0.5912   0.5912   0.6158   0.6347   0.6347   0.6557   0.6597   0.6811
  0.6928   0.7010   0.7159   0.7191   0.7217   0.7319   0.7338   0.7471
  0.7508   0.7584   0.7649   0.7739   0.7770   0.7807   0.7845   0.7925
  0.8168   0.8174   0.8270   0.8391   0.8419   0.8614   0.8646   0.8669
  0.8685   0.8721   0.8769   0.8807   0.8933   0.9016   0.9134   0.9215
  0.9232   0.9290   0.9384   0.9551   0.9558   0.9716   0.9803   0.9962
  1.0035   1.0045   1.0155   1.0281   1.0282   1.0339   1.0513   1.0545
  1.0626   1.0815   1.0890   1.0936   1.1228   1.1287   1.1321   1.1452
  1.1576   1.1644   1.1752   1.1804   1.2053   1.2148   1.2193   1.2429
  1.2521   1.2528   1.2658   1.2796   1.2918   1.3006   1.3072   1.3168
  1.3596   1.3743   1.3991   1.4253   1.4395   1.4748   1.4841   1.4966
  1.5197   1.5237   1.5488   1.5534   1.5684   1.5854   1.5899   1.6030
  1.6236   1.6353   1.6437   1.6597   1.6690   1.6789   1.6935   1.7087
  1.7098   1.7272   1.7442   1.7563   1.7571   1.7647   1.7701   1.7891
  1.8034   1.8259   1.8490   1.8530   1.8556   1.8638   1.8684   1.8772
  1.8793   1.8870   1.9050   1.9091   1.9262   1.9376   1.9477   1.9514
  1.9570   1.9623   1.9656   1.9853   1.9940   1.9965   2.0052   2.0079
  2.0113   2.0199   2.0409   2.0533   2.0572   2.0675   2.0731   2.0757
  2.1043   2.1132   2.1227   2.1265   2.1285   2.1410   2.1446   2.1674
  2.1710   2.1860   2.1980   2.2055   2.2132   2.2302   2.2338   2.2466
  2.2514   2.2632   2.2702   2.2709   2.2872   2.2977   2.3065   2.3192
  2.3322   2.3462   2.3550   2.3709   2.3834   2.3935   2.4057   2.4231
  2.4287   2.4387   2.4424   2.4491   2.4557   2.4670   2.4802   2.4824
  2.4863   2.4978   2.5085   2.5114   2.5152   2.5169   2.5361   2.5453
  2.5535   2.5594   2.5599   2.5755   2.5837   2.5890   2.5941   2.6157
  2.6201   2.6264   2.6294   2.6533   2.6640   2.6728   2.6752   2.6835
  2.6900   2.6913   2.7062   2.7172   2.7305   2.7464   2.7489   2.7568
  2.7766   2.7861   2.7897   2.8072   2.8073   2.8224   2.8351   2.8435
  2.8677   2.8709   2.8979   2.9251   2.9311   2.9455   2.9596   2.9874
  2.9909   3.0079   3.0202   3.0397   3.0460   3.0683   3.0720   3.0886
  3.1486   3.1539   3.1690   3.1912   3.2088   3.2152   3.2369   3.2596
  3.2812   3.2989   3.3248   3.3504   3.3645   3.3686   3.3837   3.3940
  3.3957   3.3988   3.4134   3.4213   3.4391   3.4570   3.4617   3.4674
  3.4813   3.4873   3.4968   3.5054   3.5281   3.5737   3.5743   3.5781
  3.6030   3.6039   3.6213   3.6327   3.6916   3.6916   3.7125   3.7523
  3.7824   3.7931   3.8243   3.8544   3.8716   3.9026   3.9121   3.9327
  3.9646   3.9944   4.0187   4.0425   4.0519   4.0749   4.1066   4.1115
  4.1236   4.1646   4.2110   4.2451   4.2799   4.3171   4.3234   4.3743
  4.4129   4.4299   4.4889   4.5347   4.5559   4.5891   4.6278   4.6858
  4.7189   4.7310   4.7479   4.8110   4.8221   4.8276   4.8716   4.9172
  4.9282   4.9408   4.9744   4.9895   5.0043   5.0059   5.0155   5.0258
  5.0533   5.0569   5.0629   5.0720   5.1109   5.1466   5.1720   5.1919
  5.2064   5.2147   5.2215   5.2332   5.2605   5.2829   5.2871   5.2960
  5.3456   5.3537   5.3627   5.3730   5.3785   5.3860   5.3916   5.4112
  5.4137   5.4486   5.4650   5.4727   5.5105   5.5150   5.5273   5.5313
  5.5434   5.5497   5.5761   5.5936   5.5989   5.6000   5.6235   5.6468
  5.6724   5.6798   5.7063   5.7092   5.7413   5.7470   5.7647   5.7716
  5.7837   5.8141   5.8146   5.8251   5.8694   5.8755   5.8851   5.8875
  5.9025   5.9111   5.9188   5.9323   5.9423   5.9623   5.9680   5.9727
  5.9800   5.9844   6.0094   6.0176   6.0227   6.0383   6.0456   6.0645
  6.0746   6.0748   6.0928   6.1003   6.1111   6.1195   6.1396   6.1421
  6.1550   6.1626   6.1797   6.1912   6.1927   6.2044   6.2116   6.2122
  6.2239   6.2244   6.2320   6.2439   6.2597   6.2640   6.2702   6.2858
  6.2863   6.2961   6.2968   6.3212   6.3372   6.3464   6.3557   6.3646
  6.3777   6.4015   6.4049   6.4194   6.4456   6.4547   6.4604   6.4632
  6.4846   6.4949   6.5025   6.5185   6.5214   6.5363   6.5640   6.5671
  6.5738   6.5949   6.6143   6.6199   6.6380   6.6475   6.6660   6.6717
  6.6772   6.6809   6.6891   6.7019   6.7161   6.7288   6.7317   6.7480
  6.7558   6.7963   6.8113   6.8126   6.8551   6.8560   6.8644   6.8964
  6.9196   6.9316   6.9564   6.9593   6.9667   6.9763   6.9855   7.0096
  7.0180   7.0575   7.0633   7.0925   7.0946   7.1069   7.1357   7.1416
  7.1946   7.2071   7.2292   7.2492   7.2780   7.2983   7.3114   7.3367
  7.3671   7.3810   7.3955   7.3971   7.4183   7.4415   7.4502   7.4721
  7.4785   7.4844   7.4971   7.5125   7.5254   7.5308   7.5323   7.5416
  7.5526   7.5550   7.5823   7.6005   7.6224   7.6561   7.6870   7.6923
  7.7082   7.7104   7.7199   7.7415   7.7480   7.7933   7.8046   7.8133
  7.8260   7.8567   7.8957   7.9047   7.9095   7.9428   7.9664   7.9741
  7.9761   7.9798   8.0121   8.0451   8.0617   8.0752   8.0815   8.0987
  8.1080   8.1332   8.1368   8.1483   8.1711   8.1769   8.2076   8.2084
  8.2229   8.2383   8.2418   8.2547   8.2679   8.2922   8.2942   8.2991
  8.3016   8.3130   8.3264   8.3484   8.3486   8.3604   8.3610   8.3914
  8.3939   8.4009   8.4033   8.4221   8.4263   8.4562   8.4710   8.4897
  8.5034   8.5051   8.5155   8.5349   8.5518   8.5685   8.5747   8.6088
  8.6278   8.6336   8.6565   8.6667   8.6791   8.6997   8.7079   8.7403
  8.7462   8.7764   8.8263   8.8281   8.8464   8.8622   8.8880   8.8945
  8.9284   8.9891   9.0014   9.0546   9.0584   9.1262   9.1809   9.2888
  9.3192   9.4048   9.4455   9.5456   9.5806   9.6024   9.6638   9.6890
  9.7167   9.7205   9.7630   9.7691   9.7801   9.7924   9.8153   9.8354
  9.8614   9.8944   9.8956   9.9085   9.9137   9.9862  10.0249  10.0374
 10.0949  10.1134  10.1315  10.2043  10.2454  10.2484  10.2821  10.2895
 10.3024  10.3742  10.4222  10.4721  10.5239  10.7174  10.7459  10.7997
 10.8746  10.9995  11.0635  11.4360  11.7634  11.8085  12.0942  12.5076
 12.6316  12.7390  12.9282  12.9579  13.0114  13.2160  27.9281  28.3049
 28.4073  28.5503  28.6869  28.9596  29.0674  29.2276  29.4184 147.0443
147.3967 147.4977 147.6355 147.7464 148.0062 148.1230 148.2952 148.5016
 --------------------------------------------------------------
 
          Ground-State Mulliken Net Atomic Charges

     Atom                 Charge (a.u.)    Spin (a.u.)
  --------------------------------------------------------
      1 C                    -0.047722       0.534551
      2 C                    -0.064492      -0.180881
      3 C                    -0.175029       0.510596
      4 C                     0.125824      -0.102514
      5 C                    -0.064296       0.143046
      6 C                    -0.121047      -0.072680
      7 C                    -0.047311       0.172002
      8 C                    -0.133214      -0.070953
      9 C                    -0.062091       0.144895
     10 H                     0.050259      -0.014957
     11 H                     0.039726      -0.002081
     12 H                     0.086273      -0.023713
     13 H                     0.064127      -0.020483
     14 H                     0.064644      -0.004487
     15 H                     0.073865       0.000863
     16 H                     0.074398      -0.009312
     17 H                     0.075205       0.000701
     18 H                     0.060879      -0.004594
  --------------------------------------------------------
  Sum of atomic charges =    -0.000000
  Sum of spin   charges =     1.000000

 -----------------------------------------------------------------
                    Cartesian Multipole Moments
 -----------------------------------------------------------------
    Charge (ESU x 10^10)
                -0.0000
    Dipole Moment (Debye)
         X      -0.1521      Y      -0.0556      Z      -0.0000
       Tot       0.1619
    Quadrupole Moments (Debye-Ang)
        XX     -48.2914     XY      -0.3527     YY     -47.7316
        XZ       0.0008     YZ       0.0000     ZZ     -59.1558
    Octopole Moments (Debye-Ang^2)
       XXX      15.9418    XXY      -0.2860    XYY       5.9149
       YYY       5.2969    XXZ       0.0001    XYZ      -0.0002
       YYZ       0.0004    XZZ       7.4584    YZZ       2.0291
       ZZZ       0.0017
    Hexadecapole Moments (Debye-Ang^3)
      XXXX   -1387.1389   XXXY    -176.2077   XXYY    -305.0779
      XYYY    -165.4608   YYYY    -425.2701   XXXZ      -0.0378
      XXYZ      -0.0030   XYYZ      -0.0157   YYYZ      -0.0130
      XXZZ    -297.8595   XYZZ     -69.2988   YYZZ     -99.3109
      XZZZ      -0.0629   YZZZ      -0.0165   ZZZZ     -69.0415
 -----------------------------------------------------------------
 Total job time:  132.58s(wall), 3846.81s(cpu) 
 Thu Aug  1 13:20:07 2024

        *************************************************************
        *                                                           *
        *  Thank you very much for using Q-Chem.  Have a nice day.  *
        *                                                           *
        *************************************************************


