
Running Job 1 of 1 ca4-ts1-triplet-wb97xd-c2-B3PW91.in
qchem ca4-ts1-triplet-wb97xd-c2-B3PW91.in_2712274.0 /expanse/lustre/scratch/whughes/temp_project/job_32692413/ca4-ts1-triplet-wb97xd-c2-B3PW91-32692413/ 0
/cm/shared/apps/spack/0.17.3/cpu/b/opt/spack/linux-rocky8-zen2/gcc-10.2.0/qchem-6.0-rytxnwjazd34ekd2gqyi5ufsaimxsd3r/exe/qcprog.exe_s ca4-ts1-triplet-wb97xd-c2-B3PW91.in_2712274.0 /expanse/lustre/scratch/whughes/temp_project/job_32692413/ca4-ts1-triplet-wb97xd-c2-B3PW91-32692413/
                  Welcome to Q-Chem
     A Quantum Leap Into The Future Of Chemistry


 Q-Chem 6.0, Q-Chem, Inc., Pleasanton, CA (2022)

 License issued to: University of California, San Diego (site)

 E. Epifanovsky,  A. T. B. Gilbert,  Xintian Feng,  Joonho Lee,  Yuezhi Mao,  
 N. Mardirossian,  P. Pokhilko,  A. White,  M. Wormit,  M. P. Coons,  
 A. L. Dempwolff,  Zhengting Gan,  D. Hait,  P. R. Horn,  L. D. Jacobson,  
 I. Kaliman,  J. Kussmann,  A. W. Lange,  Ka Un Lao,  D. S. Levine,  Jie Liu,  
 S. C. McKenzie,  A. F. Morrison,  K. Nanda,  F. Plasser,  D. R. Rehn,  
 M. L. Vidal,  Zhi-Qiang You,  Ying Zhu,  B. Alam,  B. Albrecht,  
 A. Aldossary,  E. Alguire,  J. H. Andersen,  V. Athavale,  D. Barton,  
 K. Begam,  A. Behn,  N. Bellonzi,  Y. A. Bernard,  E. J. Berquist,  
 H. Burton,  A. Carreras,  K. Carter-Fenk,  Romit Chakraborty,  
 Chandrima Chakravarty,  Junhan Chen,  A. D. Chien,  K. D. Closser,  
 V. Cofer-Shabica,  L. Cunha,  S. Dasgupta,  Jia Deng,  M. de Wergifosse,  
 M. Diedenhofen,  Hainam Do,  S. Ehlert,  Po-Tung Fang,  S. Fatehi,  
 Qingguo Feng,  T. Friedhoff,  B. Ganoe,  J. Gayvert,  Qinghui Ge,  
 G. Gidofalvi,  M. Goldey,  J. Gomes,  C. Gonzalez-Espinoza,  S. Gulania,  
 A. Gunina,  J. A. Gyamfi,  M. W. D. Hanson-Heine,  P. H. P. Harbach,  
 A. W. Hauser,  M. F. Herbst,  M. Hernandez Vera,  M. Hodecker,  
 Z. C. Holden,  S. Houck,  Xunkun Huang,  Kerwin Hui,  B. C. Huynh,  
 K. Ikeda,  M. Ivanov,  Hyunjun Ji,  Zuxin Jin,  Hanjie Jiang,  B. Kaduk,  
 S. Kaehler,  R. Kang,  K. Khistyaev,  Jaehoon Kim,  Yongbin Kim,  
 P. Klunzinger,  Z. Koczor-Benda,  Joong Hoon Koh,  D. Kosenkov,  
 Saikiran Kotaru,  L. Koulias,  T. Kowalczyk,  C. M. Krauter,  K. Kue,  
 A. Kunitsa,  T. Kus,  A. Landau,  K. V. Lawler,  D. Lefrancois,  S. Lehtola,  
 Rain Li,  Shaozhi Li,  Yi-Pei Li,  Jiashu Liang,  M. Liebenthal,  
 Hung-Hsuan Lin,  You-Sheng Lin,  Fenglai Liu,  Kuan-Yu Liu,  
 M. Loipersberger,  A. Luenser,  C. Malbon,  A. Manjanath,  P. Manohar,  
 E. Mansoor,  S. F. Manzer,  Shan-Ping Mao,  A. V. Marenich,  T. Markovich,  
 S. Mason,  F. Matz,  S. A. Maurer,  P. F. McLaughlin,  M. F. S. J. Menger,  
 J.-M. Mewes,  S. A. Mewes,  P. Morgante,  Mohammad Mostafanejad,  
 J. W. Mullinax,  K. J. Oosterbaan,  G. Paran,  V. Parravicini,  
 Alexander C. Paul,  Suranjan K. Paul,  F. Pavosevic,  Zheng Pei,  S. Prager,  
 E. I. Proynov,  E. Ramos,  B. Rana,  A. E. Rask,  A. Rettig,  R. M. Richard,  
 F. Rob,  E. Rossomme,  T. Scheele,  M. Scheurer,  M. Schneider,  
 P. E. Schneider,  N. Sergueev,  S. M. Sharada,  Hengyuan Shen,  
 W. Skomorowski,  D. W. Small,  C. J. Stein,  Yingli Su,  Yu-Chuan Su,  
 E. J. Sundstrom,  Zhen Tao,  J. Thirman,  Hung-Yi Tsai,  T. Tsuchimochi,  
 N. M. Tubman,  C. Utku,  S. P. Veccham,  O. Vydrov,  J. Wenzel,  
 Jonathan Wong,  J. Witte,  A. Yamada,  Chou-Hsun Yang,  Kun Yao,  
 S. Yeganeh,  S. R. Yost,  A. Zech,  F. Zeller,  Igor Ying Zhang,  
 Xing Zhang,  Yu Zhang,  D. Zuev,  A. Aspuru-Guzik,  A. T. Bell,  
 N. A. Besley,  K. B. Bravaya,  B. R. Brooks,  D. Casanova,  Jeng-Da Chai,  
 Hsing-Ta Chen,  S. Coriani,  C. J. Cramer,  A. E. DePrince, III,  
 R. A. DiStasio Jr.,  A. Dreuw,  B. D. Dunietz,  T. R. Furlani,  
 W. A. Goddard III,  S. Grimme,  S. Hammes-Schiffer,  T. Head-Gordon,  
 W. J. Hehre,  Chao-Ping Hsu,  T.-C. Jagau,  Yousung Jung,  A. Klamt,  
 Jing Kong,  D. S. Lambrecht,  Xiangyuan Li,  WanZhen Liang,  N. J. Mayhall,  
 C. W. McCurdy,  J. B. Neaton,  T. Neudecker,  C. Ochsenfeld,  
 J. A. Parkhill,  R. Peverati,  V. A. Rassolov,  Haisheng Ren,  Yihan Shao,  
 L. V. Slipchenko,  R. P. Steele,  J. E. Subotnik,  A. J. W. Thom,  
 A. Tkatchenko,  D. G. Truhlar,  T. Van Voorhis,  Fan Wang,  
 T. A. Wesolowski,  K. B. Whaley,  H. L. Woodcock III,  P. M. Zimmerman,  
 S. Faraji,  P. M. W. Gill,  M. Head-Gordon,  J. M. Herbert,  A. I. Krylov

 Contributors to earlier versions of Q-Chem not listed above: 
 R. D. Adamson,  B. Austin,  R. Baer,  J. Baker,  G. J. O. Beran,  
 K. Brandhorst,  S. T. Brown,  E. F. C. Byrd,  Arup K. Chakraborty,  
 G. K. L. Chan,  Chun-Min Chang,  Yunqing Chen,  C.-L. Cheng,  
 Siu Hung Chien,  D. M. Chipman,  D. L. Crittenden,  H. Dachsel,  
 R. J. Doerksen,  A. D. Dutoi,  R. G. Edgar,  J. Fosso-Tande,  
 L. Fusti-Molnar,  D. Ghosh,  A. Ghysels,  A. Golubeva-Zadorozhnaya,  
 J. Gonthier,  M. S. Gordon,  S. R. Gwaltney,  G. Hawkins,  J. E. Herr,  
 A. Heyden,  S. Hirata,  E. G. Hohenstein,  G. Kedziora,  F. J. Keil,  
 C. Kelley,  Jihan Kim,  R. A. King,  R. Z. Khaliullin,  P. P. Korambath,  
 W. Kurlancheek,  A. Laurent,  A. M. Lee,  M. S. Lee,  S. V. Levchenko,  
 Ching Yeh Lin,  D. Liotard,  E. Livshits,  R. C. Lochan,  I. Lotan,  
 L. A. Martinez-Martinez,  P. E. Maslen,  N. Nair,  D. P. O'Neill,  
 D. Neuhauser,  E. Neuscamman,  C. M. Oana,  R. Olivares-Amaya,  R. Olson,  
 T. M. Perrine,  B. Peters,  P. A. Pieniazek,  A. Prociuk,  Y. M. Rhee,  
 J. Ritchie,  M. A. Rohrdanz,  E. Rosta,  N. J. Russ,  H. F. Schaefer III,  
 M. W. Schmidt,  N. E. Schultz,  S. Sharma,  N. Shenvi,  C. D. Sherrill,  
 A. C. Simmonett,  A. Sodt,  T. Stein,  D. Stuck,  K. S. Thanthiriwatte,  
 V. Vanovschi,  L. Vogt,  Tao Wang,  A. Warshel,  M. A. Watson,  
 C. F. Williams,  Q. Wu,  X. Xu,  Jun Yang,  W. Zhang,  Yan Zhao

   Please cite Q-Chem as follows:
  "Software for the frontiers of quantum chemistry:
   An overview of developments in the Q-Chem 5 package"
   J. Chem. Phys. 155, 084801 (2021)
   https://doi.org/10.1063/5.0055522 (open access)

 Q-Chem 6.0.2 for Intel X86 EM64T Linux

 Parts of Q-Chem use Armadillo 9.900.5 (Nocturnal Misbehaviour).
 http://arma.sourceforge.net/

 Q-Chem begins on Thu Aug  1 11:38:34 2024  

 Host: 
0

     Scratch files written to /expanse/lustre/scratch/whughes/temp_project/job_32692413/ca4-ts1-triplet-wb97xd-c2-B3PW91-32692413//
 Dec722 |scratch|qcdevops|jenkins|workspace|build_RNUM    
 Processing $rem in /cm/shared/apps/spack/0.17.3/cpu/b/opt/spack/linux-rocky8-zen2/gcc-10.2.0/qchem-6.0-rytxnwjazd34ekd2gqyi5ufsaimxsd3r/config/preferences:
 Processing $rem in /home/whughes/.qchemrc:

 Checking the input file for inconsistencies... 	...done.

--------------------------------------------------------------
User input:
--------------------------------------------------------------
$molecule
0 3
C    1.0906247262    1.0225084876    0.037532269
N    1.0627038512    -0.2283171275   0.4203978361
N    0.1129935773    -0.5577928953   1.330121953
C    -0.8938507284   0.2467061647    1.8140337812
N    -0.8502603815   1.5291437035    1.3150572327
C    0.1298236287    2.0281320949    0.460827826
O    -1.7143748738   -0.1443773326   2.6059166698
O    0.147097566     3.1892936507    0.1248117217
C    -0.5843648454   -1.0261956577   -1.7442527453
C    0.7018506697    -1.4579976807   -1.2367955312
H    1.8495431518    1.3062991149    -0.6763514562
H    0.1470855492    -1.4993573704   1.6798009188
H    -1.5507160408   2.1708012669    1.6537643945
H    -0.9971600234   -1.4434577247   -2.6557265983
H    -1.1740475571   -0.2733074636   -1.2309002275
H    0.7735381702    -2.42077652     -0.7334592779
H    1.5981505601    -1.2082517107   -1.7993307663
$end

$rem
METHOD      B3PW91
BASIS       def2-QZVPP
SYM_IGNORE   TRUE
DFT_D       D4
MAX_SCF_CYCLES 300
$end

$end
--------------------------------------------------------------
 Adding empirical dispersion correction 
 ----------------------------------------------------------------
 Doing -D4(0) with B3PW parameters:
 s6  =   1.00000
 s8  =   2.88364
 s10 =   0.00000
 s9 =   1.00000
 a1  =   0.46991
 a2  =   4.51641
 -D4 energy including 3body term = -0.0269297838 hartrees
 ----------------------------------------------------------------
             Standard Nuclear Orientation (Angstroms)
    I     Atom           X                Y                Z
 ----------------------------------------------------------------
    1      C       1.0906247262     1.0225084876     0.0375322690
    2      N       1.0627038512    -0.2283171275     0.4203978361
    3      N       0.1129935773    -0.5577928953     1.3301219530
    4      C      -0.8938507284     0.2467061647     1.8140337812
    5      N      -0.8502603815     1.5291437035     1.3150572327
    6      C       0.1298236287     2.0281320949     0.4608278260
    7      O      -1.7143748738    -0.1443773326     2.6059166698
    8      O       0.1470975660     3.1892936507     0.1248117217
    9      C      -0.5843648454    -1.0261956577    -1.7442527453
   10      C       0.7018506697    -1.4579976807    -1.2367955312
   11      H       1.8495431518     1.3062991149    -0.6763514562
   12      H       0.1470855492    -1.4993573704     1.6798009188
   13      H      -1.5507160408     2.1708012669     1.6537643945
   14      H      -0.9971600234    -1.4434577247    -2.6557265983
   15      H      -1.1740475571    -0.2733074636    -1.2309002275
   16      H       0.7735381702    -2.4207765200    -0.7334592779
   17      H       1.5981505601    -1.2082517107    -1.7993307663
 ----------------------------------------------------------------
 Nuclear Repulsion Energy =         527.89807284 hartrees
 There are       38 alpha and       36 beta electrons
 Requested basis set is def2-QZVPP
 There are 240 shells and 780 basis functions

 Total QAlloc Memory Limit   8000 MB
 Mega-Array Size       188 MB
 MEM_STATIC part       192 MB

 A cutoff of  1.0D-09 yielded  21188 shell pairs
 There are    220642 function pairs (    332933 Cartesian)
 Smallest overlap matrix eigenvalue = 3.53E-05

 Scale SEOQF with 1.000000e-01/1.000000e-01/1.000000e-01

 Standard Electronic Orientation quadrupole field applied
 Nucleus-field energy     =    -0.0000000014 hartrees
 Guess from superposition of atomic densities
 Warning:  Energy on first SCF cycle will be non-variational
 SAD guess density has 74.000000 electrons

 -----------------------------------------------------------------------
  General SCF calculation program by
  Eric Jon Sundstrom, Paul Horn, Yuezhi Mao, Dmitri Zuev, Alec White,
  David Stuck, Shaama M.S., Shane Yost, Joonho Lee, David Small,
  Daniel Levine, Susi Lehtola, Hugh Burton, Evgeny Epifanovsky,
  Bang C. Huynh
 -----------------------------------------------------------------------
 Exchange:     0.2000 Hartree-Fock + 0.0800 Slater + 0.7200 B88
 Correlation:  0.1900 PW92 + 0.8100 PW91
 Using SG-1 standard quadrature grid
 Dispersion:   Grimme D4
 using 32 threads for integral computing
 -------------------------------------------------------
 OpenMP Integral computing Module                
 Release: version 1.0, May 2013, Q-Chem Inc. Pittsburgh 
 -------------------------------------------------------
 A unrestricted SCF calculation will be
 performed using DIIS
 SCF converges when DIIS error is below 1.0e-05
 ---------------------------------------
  Cycle       Energy         DIIS error
 ---------------------------------------
    1    -511.5172643776      7.09e-03  
    2    -509.1317432018      9.80e-04  
    3    -508.3466363519      2.08e-03  
    4    -509.3328069701      3.57e-04  
    5    -509.3655432856      1.00e-04  
    6    -509.3677707320      4.30e-05  
    7    -509.3682041431      1.93e-05  
    8    -509.3683126277      6.45e-06  Convergence criterion met
 ---------------------------------------
 SCF time:   CPU 4315.89s  wall 147.00s 
<S^2> =          2.022650915
 SCF   energy in the final basis set =     -509.3683126277
 Total energy in the final basis set =     -509.3683126277
 
 --------------------------------------------------------------
 
                    Orbital Energies (a.u.)
 --------------------------------------------------------------
 
 Alpha MOs
 -- Occupied --
-19.1099 -19.1072 -14.4087 -14.4026 -14.3735 -10.3213 -10.2896 -10.2225
-10.2192 -10.2002  -1.1119  -1.0683  -1.0509  -0.9577  -0.8794  -0.7972
 -0.7343  -0.6891  -0.6390  -0.6254  -0.6010  -0.5241  -0.5204  -0.4731
 -0.4722  -0.4678  -0.4640  -0.4453  -0.4436  -0.4299  -0.4136  -0.3809
 -0.3104  -0.3077  -0.2898  -0.2851  -0.2419  -0.2041
 -- Virtual --
 -0.0672  -0.0085   0.0109   0.0324   0.0411   0.0467   0.0668   0.0758
  0.0916   0.0971   0.1014   0.1077   0.1099   0.1283   0.1399   0.1530
  0.1595   0.1707   0.1801   0.1909   0.2013   0.2050   0.2135   0.2204
  0.2302   0.2381   0.2397   0.2440   0.2542   0.2598   0.2671   0.2747
  0.2837   0.2921   0.2971   0.3074   0.3130   0.3166   0.3240   0.3261
  0.3399   0.3509   0.3642   0.3714   0.3738   0.3987   0.4088   0.4099
  0.4254   0.4270   0.4379   0.4383   0.4438   0.4614   0.4681   0.4735
  0.4916   0.4944   0.5110   0.5234   0.5429   0.5571   0.5777   0.5838
  0.5994   0.6012   0.6084   0.6154   0.6282   0.6404   0.6463   0.6566
  0.6671   0.6713   0.6788   0.6919   0.7000   0.7146   0.7182   0.7302
  0.7352   0.7406   0.7546   0.7600   0.7703   0.7828   0.7947   0.7972
  0.8132   0.8207   0.8256   0.8320   0.8408   0.8474   0.8552   0.8669
  0.8712   0.8800   0.8960   0.8997   0.9027   0.9210   0.9325   0.9411
  0.9491   0.9556   0.9675   0.9781   0.9911   1.0082   1.0144   1.0169
  1.0423   1.0649   1.0704   1.0837   1.0886   1.1014   1.1110   1.1251
  1.1405   1.1419   1.1563   1.1694   1.1833   1.1970   1.2151   1.2248
  1.2415   1.2495   1.2717   1.2923   1.3008   1.3104   1.3196   1.3294
  1.3474   1.3717   1.3770   1.3910   1.3978   1.4099   1.4283   1.4398
  1.4520   1.4619   1.4707   1.4824   1.4874   1.4958   1.5178   1.5239
  1.5371   1.5618   1.5725   1.5759   1.5951   1.6167   1.6400   1.6449
  1.6853   1.6973   1.7019   1.7104   1.7299   1.7427   1.7507   1.7714
  1.7793   1.7832   1.7961   1.8093   1.8218   1.8344   1.8361   1.8551
  1.8632   1.8853   1.8906   1.8979   1.9136   1.9233   1.9345   1.9406
  1.9493   1.9671   1.9746   1.9822   1.9886   2.0031   2.0101   2.0258
  2.0308   2.0435   2.0544   2.0654   2.0793   2.0801   2.0900   2.1166
  2.1193   2.1319   2.1495   2.1606   2.1675   2.1709   2.1845   2.1979
  2.2053   2.2221   2.2353   2.2434   2.2568   2.2692   2.2807   2.3009
  2.3045   2.3227   2.3369   2.3536   2.3630   2.3725   2.3860   2.3875
  2.4031   2.4106   2.4415   2.4519   2.4576   2.4639   2.4761   2.4840
  2.5096   2.5161   2.5219   2.5341   2.5496   2.5607   2.5706   2.5771
  2.5886   2.6002   2.6109   2.6235   2.6315   2.6439   2.6539   2.6695
  2.6830   2.6874   2.7025   2.7040   2.7191   2.7471   2.7570   2.7593
  2.7721   2.7904   2.7950   2.8229   2.8267   2.8481   2.8560   2.8652
  2.8778   2.8958   2.9087   2.9219   2.9424   2.9526   2.9555   2.9810
  2.9929   2.9990   3.0195   3.0256   3.0313   3.0692   3.0823   3.0899
  3.1044   3.1261   3.1406   3.1767   3.1949   3.2179   3.2357   3.2465
  3.2532   3.2766   3.2787   3.3021   3.3089   3.3178   3.3239   3.3353
  3.3670   3.3780   3.3834   3.4043   3.4240   3.4440   3.4583   3.4625
  3.4772   3.5058   3.5177   3.5254   3.5326   3.5681   3.5805   3.5840
  3.6055   3.6160   3.6284   3.6348   3.6421   3.6630   3.6735   3.6800
  3.7106   3.7304   3.7424   3.7597   3.8002   3.8070   3.8156   3.8376
  3.8589   3.8814   3.8943   3.9152   3.9273   3.9569   3.9661   3.9750
  4.0154   4.0323   4.0523   4.0689   4.0789   4.0990   4.1209   4.1337
  4.1526   4.1614   4.1820   4.2017   4.2251   4.2635   4.2869   4.2957
  4.3231   4.3368   4.3604   4.3955   4.4108   4.4153   4.4616   4.5031
  4.5213   4.5594   4.6056   4.6219   4.6407   4.6537   4.6608   4.6776
  4.7015   4.7541   4.7932   4.8079   4.8377   4.8615   4.8826   4.9433
  4.9686   4.9910   4.9919   5.0265   5.0355   5.0498   5.0881   5.1226
  5.1426   5.1741   5.1758   5.2082   5.2176   5.2281   5.2639   5.2793
  5.2810   5.3186   5.3218   5.3465   5.3840   5.3944   5.4091   5.4363
  5.4549   5.4775   5.4973   5.5116   5.5305   5.5443   5.5488   5.5612
  5.5901   5.6014   5.6207   5.6322   5.6527   5.6667   5.6907   5.6951
  5.7188   5.7223   5.7596   5.7629   5.7853   5.8055   5.8106   5.8351
  5.8482   5.8769   5.8906   5.9118   5.9233   5.9286   5.9463   5.9469
  5.9589   5.9789   6.0065   6.0166   6.0250   6.0348   6.0665   6.0730
  6.0955   6.0974   6.1213   6.1257   6.1383   6.1487   6.1551   6.1658
  6.1801   6.1970   6.2061   6.2170   6.2358   6.2502   6.2659   6.2882
  6.3122   6.3193   6.3271   6.3396   6.3595   6.3664   6.3857   6.3903
  6.4143   6.4329   6.4467   6.4827   6.4836   6.4896   6.5026   6.5387
  6.5422   6.5611   6.5871   6.5948   6.6248   6.6369   6.6548   6.6727
  6.6803   6.6902   6.7002   6.7196   6.7337   6.7580   6.7803   6.8716
  6.8863   6.9131   6.9254   6.9381   6.9775   6.9955   7.0217   7.0250
  7.0432   7.0785   7.1016   7.1101   7.1395   7.1589   7.1657   7.1885
  7.1905   7.1987   7.2094   7.2409   7.2702   7.2767   7.2894   7.3309
  7.3340   7.3587   7.3895   7.4120   7.4265   7.4587   7.4814   7.5018
  7.5259   7.5304   7.5404   7.5599   7.5629   7.5775   7.6001   7.6029
  7.6178   7.6249   7.6287   7.6507   7.6770   7.6933   7.7075   7.7162
  7.7537   7.7559   7.7671   7.8039   7.8159   7.8230   7.8285   7.8483
  7.8521   7.8899   7.9214   7.9325   7.9494   7.9610   7.9822   8.0027
  8.0328   8.0455   8.0621   8.0943   8.1147   8.1235   8.1351   8.1423
  8.1675   8.1898   8.1998   8.2011   8.2290   8.2399   8.2532   8.2622
  8.2733   8.2884   8.3003   8.3389   8.3445   8.3593   8.3681   8.3796
  8.3932   8.4181   8.4303   8.4358   8.4638   8.4756   8.5047   8.5159
  8.5357   8.5442   8.5863   8.6191   8.6329   8.6733   8.6821   8.7092
  8.7420   8.7721   8.7832   8.8045   8.8099   8.8308   8.8494   8.8739
  8.8767   8.8872   8.8948   8.9434   8.9735   9.0035   9.0291   9.0779
  9.0847   9.1107   9.1126   9.1251   9.1361   9.1495   9.1601   9.1717
  9.1848   9.2149   9.2245   9.2483   9.2845   9.3156   9.3451   9.3595
  9.3784   9.3843   9.4216   9.4504   9.4924   9.5368   9.5584   9.5706
  9.5892   9.5918   9.6272   9.6524   9.6922   9.7168   9.7355   9.7607
  9.7737   9.7980   9.8295   9.8520   9.8599   9.8776   9.9134   9.9272
  9.9830  10.0018  10.0215  10.0261  10.0437  10.0924  10.1224  10.1515
 10.1982  10.2079  10.2634  10.2928  10.3320  10.3661  10.4029  10.4152
 10.4664  10.4675  10.5655  10.5735  10.7023  10.7216  10.7298  10.8341
 10.9148  10.9219  10.9844  11.0115  11.0375  11.0465  11.0577  11.1451
 11.2424  11.4428  11.4475  11.4676  11.5339  11.5940  11.6284  11.6309
 11.6578  11.6973  11.7778  11.8191  11.8428  11.8462  11.8588  11.8779
 11.9575  11.9753  12.0105  12.0166  12.0650  12.1112  12.1389  12.1428
 12.2118  12.2644  12.3099  12.3605  12.6201  12.7363  12.8744  13.0202
 13.1804  13.1940  13.5367  13.7166  14.1263  14.1561  14.5124  14.5235
 14.9644  15.0161  28.2585  28.3617  28.6950  28.7289  28.7544  37.6824
 38.0216  38.0872  48.2060  48.2353 147.3239 147.3914 147.7401 147.7773
147.8755 197.0230 197.3790 197.4470 253.2757 253.3089
 
 Beta MOs
 -- Occupied --
-19.1101 -19.1054 -14.4073 -14.4024 -14.3728 -10.3213 -10.2897 -10.2181
-10.2092 -10.1858  -1.1111  -1.0660  -1.0500  -0.9561  -0.8759  -0.7594
 -0.7276  -0.6880  -0.6264  -0.6030  -0.5985  -0.5219  -0.5142  -0.4713
 -0.4660  -0.4522  -0.4447  -0.4435  -0.4285  -0.4241  -0.4076  -0.3690
 -0.3059  -0.3030  -0.2829  -0.2763
 -- Virtual --
 -0.1082  -0.0816  -0.0345  -0.0042   0.0143   0.0375   0.0456   0.0533
  0.0707   0.0818   0.0970   0.1016   0.1068   0.1132   0.1146   0.1335
  0.1449   0.1600   0.1707   0.1797   0.1882   0.1984   0.2072   0.2104
  0.2246   0.2285   0.2339   0.2436   0.2469   0.2545   0.2609   0.2649
  0.2728   0.2825   0.2871   0.3015   0.3045   0.3147   0.3209   0.3273
  0.3315   0.3372   0.3473   0.3565   0.3681   0.3749   0.3796   0.4030
  0.4139   0.4165   0.4291   0.4336   0.4398   0.4445   0.4503   0.4635
  0.4709   0.4776   0.4987   0.4998   0.5167   0.5331   0.5480   0.5607
  0.5818   0.5899   0.6078   0.6089   0.6153   0.6247   0.6358   0.6438
  0.6524   0.6725   0.6745   0.6805   0.6885   0.6981   0.7096   0.7177
  0.7248   0.7394   0.7415   0.7534   0.7625   0.7661   0.7858   0.8001
  0.8020   0.8079   0.8211   0.8313   0.8340   0.8439   0.8534   0.8551
  0.8604   0.8775   0.8812   0.8926   0.9007   0.9078   0.9153   0.9243
  0.9390   0.9474   0.9546   0.9606   0.9722   0.9870   0.9984   1.0146
  1.0207   1.0214   1.0501   1.0716   1.0759   1.0915   1.0956   1.1094
  1.1190   1.1331   1.1490   1.1499   1.1630   1.1759   1.1929   1.2038
  1.2213   1.2332   1.2500   1.2578   1.2760   1.2985   1.3110   1.3179
  1.3246   1.3359   1.3548   1.3765   1.3839   1.3959   1.4019   1.4173
  1.4320   1.4452   1.4573   1.4650   1.4762   1.4876   1.4934   1.5007
  1.5201   1.5278   1.5407   1.5654   1.5758   1.5825   1.5978   1.6205
  1.6459   1.6523   1.6888   1.7044   1.7114   1.7233   1.7410   1.7546
  1.7640   1.7864   1.7898   1.7991   1.8066   1.8159   1.8321   1.8421
  1.8517   1.8640   1.8690   1.8958   1.9011   1.9116   1.9211   1.9322
  1.9432   1.9513   1.9562   1.9800   1.9879   1.9926   1.9982   2.0117
  2.0220   2.0348   2.0377   2.0520   2.0640   2.0777   2.0875   2.0955
  2.1000   2.1250   2.1265   2.1410   2.1604   2.1681   2.1755   2.1810
  2.1924   2.2040   2.2158   2.2294   2.2437   2.2524   2.2665   2.2794
  2.2931   2.3134   2.3167   2.3307   2.3474   2.3634   2.3725   2.3790
  2.3922   2.3944   2.4128   2.4175   2.4482   2.4584   2.4665   2.4756
  2.4898   2.4995   2.5161   2.5227   2.5305   2.5413   2.5592   2.5654
  2.5826   2.5873   2.5989   2.6079   2.6174   2.6288   2.6415   2.6532
  2.6622   2.6756   2.6911   2.6928   2.7072   2.7100   2.7263   2.7552
  2.7635   2.7684   2.7819   2.7977   2.8048   2.8276   2.8384   2.8577
  2.8646   2.8747   2.8847   2.9027   2.9182   2.9320   2.9514   2.9593
  2.9597   2.9867   2.9975   3.0042   3.0232   3.0318   3.0345   3.0762
  3.0913   3.0936   3.1129   3.1321   3.1485   3.1805   3.2006   3.2261
  3.2416   3.2532   3.2644   3.2818   3.2894   3.3061   3.3223   3.3257
  3.3390   3.3484   3.3745   3.3854   3.3899   3.4099   3.4329   3.4529
  3.4652   3.4724   3.4859   3.5109   3.5268   3.5308   3.5444   3.5767
  3.5867   3.5938   3.6155   3.6253   3.6368   3.6454   3.6570   3.6741
  3.6798   3.6871   3.7228   3.7362   3.7542   3.7702   3.8086   3.8149
  3.8300   3.8448   3.8668   3.8876   3.9008   3.9191   3.9339   3.9633
  3.9790   3.9842   4.0185   4.0361   4.0559   4.0709   4.0827   4.1014
  4.1247   4.1377   4.1589   4.1643   4.1927   4.2069   4.2284   4.2687
  4.2885   4.2975   4.3243   4.3383   4.3692   4.3984   4.4140   4.4197
  4.4635   4.5102   4.5234   4.5636   4.6072   4.6237   4.6537   4.6580
  4.6662   4.6789   4.7030   4.7556   4.7960   4.8103   4.8412   4.8646
  4.8871   4.9528   4.9738   4.9967   5.0128   5.0432   5.0583   5.0638
  5.0964   5.1282   5.1465   5.1772   5.1884   5.2195   5.2341   5.2598
  5.2743   5.2946   5.3029   5.3312   5.3398   5.3745   5.3946   5.4088
  5.4178   5.4384   5.4687   5.4881   5.5068   5.5170   5.5403   5.5505
  5.5653   5.5728   5.5992   5.6264   5.6379   5.6543   5.6689   5.6814
  5.6950   5.6992   5.7271   5.7292   5.7728   5.7782   5.7984   5.8161
  5.8255   5.8562   5.8633   5.8869   5.8960   5.9238   5.9329   5.9337
  5.9539   5.9622   5.9770   5.9871   6.0191   6.0244   6.0334   6.0488
  6.0792   6.0876   6.1031   6.1113   6.1258   6.1319   6.1457   6.1546
  6.1651   6.1781   6.1920   6.2112   6.2148   6.2355   6.2511   6.2550
  6.2786   6.3016   6.3197   6.3367   6.3418   6.3482   6.3665   6.3769
  6.3938   6.4030   6.4235   6.4372   6.4573   6.4850   6.4934   6.4998
  6.5098   6.5520   6.5651   6.5760   6.6014   6.6114   6.6300   6.6442
  6.6655   6.6883   6.7102   6.7106   6.7190   6.7336   6.7546   6.7952
  6.8007   6.8752   6.8917   6.9157   6.9278   6.9450   6.9817   6.9967
  7.0240   7.0373   7.0641   7.0959   7.1157   7.1244   7.1476   7.1694
  7.1741   7.1941   7.2008   7.2078   7.2210   7.2479   7.2721   7.2883
  7.2942   7.3372   7.3409   7.3643   7.4014   7.4200   7.4326   7.4668
  7.4880   7.5103   7.5336   7.5389   7.5498   7.5689   7.5710   7.5826
  7.6024   7.6158   7.6225   7.6298   7.6382   7.6589   7.6920   7.7049
  7.7147   7.7256   7.7581   7.7616   7.7738   7.8103   7.8243   7.8296
  7.8318   7.8546   7.8611   7.8965   7.9232   7.9347   7.9563   7.9652
  7.9871   8.0061   8.0378   8.0566   8.0693   8.1054   8.1180   8.1288
  8.1399   8.1490   8.1794   8.1970   8.2033   8.2071   8.2332   8.2447
  8.2565   8.2671   8.2806   8.2911   8.3047   8.3420   8.3504   8.3653
  8.3709   8.3861   8.3964   8.4218   8.4328   8.4389   8.4719   8.4826
  8.5129   8.5247   8.5388   8.5479   8.5883   8.6214   8.6402   8.6784
  8.6840   8.7128   8.7517   8.7746   8.7901   8.8104   8.8192   8.8361
  8.8508   8.8741   8.8807   8.8908   8.8956   8.9452   8.9753   9.0057
  9.0313   9.0809   9.0872   9.1133   9.1157   9.1283   9.1380   9.1524
  9.1629   9.1754   9.1950   9.2195   9.2267   9.2496   9.2866   9.3188
  9.3495   9.3630   9.3825   9.3856   9.4235   9.4510   9.4941   9.5392
  9.5618   9.5720   9.5927   9.5991   9.6314   9.6546   9.6955   9.7187
  9.7406   9.7647   9.7896   9.8144   9.8408   9.8551   9.8639   9.8928
  9.9174   9.9359  10.0008  10.0205  10.0227  10.0327  10.0500  10.0947
 10.1248  10.1601  10.1998  10.2088  10.2649  10.2948  10.3326  10.3718
 10.4053  10.4162  10.4682  10.4706  10.5734  10.5754  10.7037  10.7273
 10.7304  10.8352  10.9157  10.9226  10.9862  11.0145  11.0398  11.0479
 11.0614  11.1463  11.2435  11.4451  11.4488  11.4688  11.5346  11.5954
 11.6297  11.6337  11.6584  11.6994  11.7796  11.8197  11.8463  11.8525
 11.8646  11.8793  11.9600  11.9774  12.0125  12.0245  12.0680  12.1134
 12.1394  12.1482  12.2137  12.2646  12.3113  12.3640  12.6221  12.7405
 12.8905  13.0400  13.1850  13.1947  13.5373  13.7168  14.1258  14.1612
 14.5132  14.5239  14.9648  15.0164  28.2610  28.3617  28.7017  28.7531
 28.7767  37.6840  38.0223  38.0880  48.2058  48.2378 147.3244 147.3914
147.7420 147.7840 147.8818 197.0244 197.3792 197.4473 253.2756 253.3097
 --------------------------------------------------------------
 
          Ground-State Mulliken Net Atomic Charges

     Atom                 Charge (a.u.)    Spin (a.u.)
  --------------------------------------------------------
      1 C                     0.021202       0.284780
      2 N                    -0.154716       0.010947
      3 N                    -0.113378       0.001472
      4 C                     0.351306      -0.000518
      5 N                    -0.250941       0.027802
      6 C                     0.243200       0.003734
      7 O                    -0.366967      -0.007457
      8 O                    -0.362347       0.064973
      9 C                    -0.151293       1.037568
     10 C                    -0.079789       0.558894
     11 H                     0.133618      -0.009389
     12 H                     0.194205       0.002368
     13 H                     0.204842      -0.001188
     14 H                     0.089027      -0.015629
     15 H                     0.066449      -0.021216
     16 H                     0.081789       0.036089
     17 H                     0.093794       0.026770
  --------------------------------------------------------
  Sum of atomic charges =     0.000000
  Sum of spin   charges =     2.000000

 -----------------------------------------------------------------
                    Cartesian Multipole Moments
 -----------------------------------------------------------------
    Charge (ESU x 10^10)
                 0.0000
    Dipole Moment (Debye)
         X       1.3151      Y      -3.1202      Z      -1.6797
       Tot       3.7797
    Quadrupole Moments (Debye-Ang)
        XX     -60.0378     XY      -4.3476     YY     -65.2986
        XZ       3.8987     YZ       3.5278     ZZ     -61.4689
    Octopole Moments (Debye-Ang^2)
       XXX      19.2012    XXY     -11.7094    XYY      -3.0253
       YYY    -122.8686    XXZ     -40.4214    XYZ      -9.3915
       YYZ     -12.8246    XZZ      21.8837    YZZ     -20.0923
       ZZZ     -98.9764
    Hexadecapole Moments (Debye-Ang^3)
      XXXX    -363.4976   XXXY      -1.9028   XXYY    -180.1292
      XYYY     -24.4461   YYYY    -988.2324   XXXZ     120.5029
      XXYZ     -23.7582   XYYZ      22.8841   YYYZ    -107.0489
      XXZZ    -208.7873   XYZZ     -10.9455   YYZZ    -231.1584
      XZZZ     167.5865   YZZZ     -92.9839   ZZZZ    -793.7933
 -----------------------------------------------------------------
 Total job time:  150.26s(wall), 4356.04s(cpu) 
 Thu Aug  1 11:41:04 2024

        *************************************************************
        *                                                           *
        *  Thank you very much for using Q-Chem.  Have a nice day.  *
        *                                                           *
        *************************************************************


