
Running Job 1 of 1 N1-I1_rdkit_conf_1_wb97xd-B3PW91.in
qchem N1-I1_rdkit_conf_1_wb97xd-B3PW91.in_2616226.0 /expanse/lustre/scratch/whughes/temp_project/job_32712592/N1-I1_rdkit_conf_1_wb97xd-B3PW91-32712592/ 0
/cm/shared/apps/spack/0.17.3/cpu/b/opt/spack/linux-rocky8-zen2/gcc-10.2.0/qchem-6.0-rytxnwjazd34ekd2gqyi5ufsaimxsd3r/exe/qcprog.exe_s N1-I1_rdkit_conf_1_wb97xd-B3PW91.in_2616226.0 /expanse/lustre/scratch/whughes/temp_project/job_32712592/N1-I1_rdkit_conf_1_wb97xd-B3PW91-32712592/
                  Welcome to Q-Chem
     A Quantum Leap Into The Future Of Chemistry


 Q-Chem 6.0, Q-Chem, Inc., Pleasanton, CA (2022)

 License issued to: University of California, San Diego (site)

 E. Epifanovsky,  A. T. B. Gilbert,  Xintian Feng,  Joonho Lee,  Yuezhi Mao,  
 N. Mardirossian,  P. Pokhilko,  A. White,  M. Wormit,  M. P. Coons,  
 A. L. Dempwolff,  Zhengting Gan,  D. Hait,  P. R. Horn,  L. D. Jacobson,  
 I. Kaliman,  J. Kussmann,  A. W. Lange,  Ka Un Lao,  D. S. Levine,  Jie Liu,  
 S. C. McKenzie,  A. F. Morrison,  K. Nanda,  F. Plasser,  D. R. Rehn,  
 M. L. Vidal,  Zhi-Qiang You,  Ying Zhu,  B. Alam,  B. Albrecht,  
 A. Aldossary,  E. Alguire,  J. H. Andersen,  V. Athavale,  D. Barton,  
 K. Begam,  A. Behn,  N. Bellonzi,  Y. A. Bernard,  E. J. Berquist,  
 H. Burton,  A. Carreras,  K. Carter-Fenk,  Romit Chakraborty,  
 Chandrima Chakravarty,  Junhan Chen,  A. D. Chien,  K. D. Closser,  
 V. Cofer-Shabica,  L. Cunha,  S. Dasgupta,  Jia Deng,  M. de Wergifosse,  
 M. Diedenhofen,  Hainam Do,  S. Ehlert,  Po-Tung Fang,  S. Fatehi,  
 Qingguo Feng,  T. Friedhoff,  B. Ganoe,  J. Gayvert,  Qinghui Ge,  
 G. Gidofalvi,  M. Goldey,  J. Gomes,  C. Gonzalez-Espinoza,  S. Gulania,  
 A. Gunina,  J. A. Gyamfi,  M. W. D. Hanson-Heine,  P. H. P. Harbach,  
 A. W. Hauser,  M. F. Herbst,  M. Hernandez Vera,  M. Hodecker,  
 Z. C. Holden,  S. Houck,  Xunkun Huang,  Kerwin Hui,  B. C. Huynh,  
 K. Ikeda,  M. Ivanov,  Hyunjun Ji,  Zuxin Jin,  Hanjie Jiang,  B. Kaduk,  
 S. Kaehler,  R. Kang,  K. Khistyaev,  Jaehoon Kim,  Yongbin Kim,  
 P. Klunzinger,  Z. Koczor-Benda,  Joong Hoon Koh,  D. Kosenkov,  
 Saikiran Kotaru,  L. Koulias,  T. Kowalczyk,  C. M. Krauter,  K. Kue,  
 A. Kunitsa,  T. Kus,  A. Landau,  K. V. Lawler,  D. Lefrancois,  S. Lehtola,  
 Rain Li,  Shaozhi Li,  Yi-Pei Li,  Jiashu Liang,  M. Liebenthal,  
 Hung-Hsuan Lin,  You-Sheng Lin,  Fenglai Liu,  Kuan-Yu Liu,  
 M. Loipersberger,  A. Luenser,  C. Malbon,  A. Manjanath,  P. Manohar,  
 E. Mansoor,  S. F. Manzer,  Shan-Ping Mao,  A. V. Marenich,  T. Markovich,  
 S. Mason,  F. Matz,  S. A. Maurer,  P. F. McLaughlin,  M. F. S. J. Menger,  
 J.-M. Mewes,  S. A. Mewes,  P. Morgante,  Mohammad Mostafanejad,  
 J. W. Mullinax,  K. J. Oosterbaan,  G. Paran,  V. Parravicini,  
 Alexander C. Paul,  Suranjan K. Paul,  F. Pavosevic,  Zheng Pei,  S. Prager,  
 E. I. Proynov,  E. Ramos,  B. Rana,  A. E. Rask,  A. Rettig,  R. M. Richard,  
 F. Rob,  E. Rossomme,  T. Scheele,  M. Scheurer,  M. Schneider,  
 P. E. Schneider,  N. Sergueev,  S. M. Sharada,  Hengyuan Shen,  
 W. Skomorowski,  D. W. Small,  C. J. Stein,  Yingli Su,  Yu-Chuan Su,  
 E. J. Sundstrom,  Zhen Tao,  J. Thirman,  Hung-Yi Tsai,  T. Tsuchimochi,  
 N. M. Tubman,  C. Utku,  S. P. Veccham,  O. Vydrov,  J. Wenzel,  
 Jonathan Wong,  J. Witte,  A. Yamada,  Chou-Hsun Yang,  Kun Yao,  
 S. Yeganeh,  S. R. Yost,  A. Zech,  F. Zeller,  Igor Ying Zhang,  
 Xing Zhang,  Yu Zhang,  D. Zuev,  A. Aspuru-Guzik,  A. T. Bell,  
 N. A. Besley,  K. B. Bravaya,  B. R. Brooks,  D. Casanova,  Jeng-Da Chai,  
 Hsing-Ta Chen,  S. Coriani,  C. J. Cramer,  A. E. DePrince, III,  
 R. A. DiStasio Jr.,  A. Dreuw,  B. D. Dunietz,  T. R. Furlani,  
 W. A. Goddard III,  S. Grimme,  S. Hammes-Schiffer,  T. Head-Gordon,  
 W. J. Hehre,  Chao-Ping Hsu,  T.-C. Jagau,  Yousung Jung,  A. Klamt,  
 Jing Kong,  D. S. Lambrecht,  Xiangyuan Li,  WanZhen Liang,  N. J. Mayhall,  
 C. W. McCurdy,  J. B. Neaton,  T. Neudecker,  C. Ochsenfeld,  
 J. A. Parkhill,  R. Peverati,  V. A. Rassolov,  Haisheng Ren,  Yihan Shao,  
 L. V. Slipchenko,  R. P. Steele,  J. E. Subotnik,  A. J. W. Thom,  
 A. Tkatchenko,  D. G. Truhlar,  T. Van Voorhis,  Fan Wang,  
 T. A. Wesolowski,  K. B. Whaley,  H. L. Woodcock III,  P. M. Zimmerman,  
 S. Faraji,  P. M. W. Gill,  M. Head-Gordon,  J. M. Herbert,  A. I. Krylov

 Contributors to earlier versions of Q-Chem not listed above: 
 R. D. Adamson,  B. Austin,  R. Baer,  J. Baker,  G. J. O. Beran,  
 K. Brandhorst,  S. T. Brown,  E. F. C. Byrd,  Arup K. Chakraborty,  
 G. K. L. Chan,  Chun-Min Chang,  Yunqing Chen,  C.-L. Cheng,  
 Siu Hung Chien,  D. M. Chipman,  D. L. Crittenden,  H. Dachsel,  
 R. J. Doerksen,  A. D. Dutoi,  R. G. Edgar,  J. Fosso-Tande,  
 L. Fusti-Molnar,  D. Ghosh,  A. Ghysels,  A. Golubeva-Zadorozhnaya,  
 J. Gonthier,  M. S. Gordon,  S. R. Gwaltney,  G. Hawkins,  J. E. Herr,  
 A. Heyden,  S. Hirata,  E. G. Hohenstein,  G. Kedziora,  F. J. Keil,  
 C. Kelley,  Jihan Kim,  R. A. King,  R. Z. Khaliullin,  P. P. Korambath,  
 W. Kurlancheek,  A. Laurent,  A. M. Lee,  M. S. Lee,  S. V. Levchenko,  
 Ching Yeh Lin,  D. Liotard,  E. Livshits,  R. C. Lochan,  I. Lotan,  
 L. A. Martinez-Martinez,  P. E. Maslen,  N. Nair,  D. P. O'Neill,  
 D. Neuhauser,  E. Neuscamman,  C. M. Oana,  R. Olivares-Amaya,  R. Olson,  
 T. M. Perrine,  B. Peters,  P. A. Pieniazek,  A. Prociuk,  Y. M. Rhee,  
 J. Ritchie,  M. A. Rohrdanz,  E. Rosta,  N. J. Russ,  H. F. Schaefer III,  
 M. W. Schmidt,  N. E. Schultz,  S. Sharma,  N. Shenvi,  C. D. Sherrill,  
 A. C. Simmonett,  A. Sodt,  T. Stein,  D. Stuck,  K. S. Thanthiriwatte,  
 V. Vanovschi,  L. Vogt,  Tao Wang,  A. Warshel,  M. A. Watson,  
 C. F. Williams,  Q. Wu,  X. Xu,  Jun Yang,  W. Zhang,  Yan Zhao

   Please cite Q-Chem as follows:
  "Software for the frontiers of quantum chemistry:
   An overview of developments in the Q-Chem 5 package"
   J. Chem. Phys. 155, 084801 (2021)
   https://doi.org/10.1063/5.0055522 (open access)

 Q-Chem 6.0.2 for Intel X86 EM64T Linux

 Parts of Q-Chem use Armadillo 9.900.5 (Nocturnal Misbehaviour).
 http://arma.sourceforge.net/

 Q-Chem begins on Fri Aug  2 08:22:33 2024  

 Host: 
0

     Scratch files written to /expanse/lustre/scratch/whughes/temp_project/job_32712592/N1-I1_rdkit_conf_1_wb97xd-B3PW91-32712592//
 Dec722 |scratch|qcdevops|jenkins|workspace|build_RNUM    
 Processing $rem in /cm/shared/apps/spack/0.17.3/cpu/b/opt/spack/linux-rocky8-zen2/gcc-10.2.0/qchem-6.0-rytxnwjazd34ekd2gqyi5ufsaimxsd3r/config/preferences:
 Processing $rem in /home/whughes/.qchemrc:

 Checking the input file for inconsistencies... 	...done.

--------------------------------------------------------------
User input:
--------------------------------------------------------------
$molecule
0 3
N    2.2824503588    -1.7448181605   0.9739385022
N    1.226534419     -1.3012361531   0.7828171492
C    1.0108305956    -0.0072094761   0.011556139
C    0.0839380179    -0.3104109353   -1.1635590252
C    -1.3265789515   -0.3091791614   -0.5557005487
C    -1.2112177178   0.6322569749    0.5927264792
C    0.2119280341    0.9485096189    0.9040623587
H    1.9913678491    0.36815804      -0.2804057008
H    0.345349724     -1.2410081723   -1.6665583642
H    0.1822750362    0.5001447865    -1.8890032648
H    -1.594633256    -1.317443881    -0.2116757307
H    -2.0930329599   -0.0176439289   -1.2788568411
H    -2.0476518491   0.987401435     1.1764347116
H    0.4704161111    1.9839119993    0.6431341171
H    0.4677245885    0.8287670138    1.9610900187
$end

$rem
METHOD      B3PW91
BASIS       def2-QZVPP
SYM_IGNORE   TRUE
DFT_D       D4
MAX_SCF_CYCLES 300
$end

$end
--------------------------------------------------------------
 Adding empirical dispersion correction 
 ----------------------------------------------------------------
 Doing -D4(0) with B3PW parameters:
 s6  =   1.00000
 s8  =   2.88364
 s10 =   0.00000
 s9 =   1.00000
 a1  =   0.46991
 a2  =   4.51641
 -D4 energy including 3body term = -0.0193658588 hartrees
 ----------------------------------------------------------------
             Standard Nuclear Orientation (Angstroms)
    I     Atom           X                Y                Z
 ----------------------------------------------------------------
    1      N       2.2824503588    -1.7448181605     0.9739385022
    2      N       1.2265344190    -1.3012361531     0.7828171492
    3      C       1.0108305956    -0.0072094761     0.0115561390
    4      C       0.0839380179    -0.3104109353    -1.1635590252
    5      C      -1.3265789515    -0.3091791614    -0.5557005487
    6      C      -1.2112177178     0.6322569749     0.5927264792
    7      C       0.2119280341     0.9485096189     0.9040623587
    8      H       1.9913678491     0.3681580400    -0.2804057008
    9      H       0.3453497240    -1.2410081723    -1.6665583642
   10      H       0.1822750362     0.5001447865    -1.8890032648
   11      H      -1.5946332560    -1.3174438810    -0.2116757307
   12      H      -2.0930329599    -0.0176439289    -1.2788568411
   13      H      -2.0476518491     0.9874014350     1.1764347116
   14      H       0.4704161111     1.9839119993     0.6431341171
   15      H       0.4677245885     0.8287670138     1.9610900187
 ----------------------------------------------------------------
 Nuclear Repulsion Energy =         289.91357018 hartrees
 There are       27 alpha and       25 beta electrons
 Requested basis set is def2-QZVPP
 There are 199 shells and 639 basis functions

 Total QAlloc Memory Limit   8000 MB
 Mega-Array Size       188 MB
 MEM_STATIC part       192 MB


                       Distance Matrix (Angstroms)
             N (  1)   N (  2)   C (  3)   C (  4)   C (  5)   C (  6)
   N (  2)  1.161142
   C (  3)  2.358491  1.521800
   C (  4)  3.385244  2.464882  1.527075
   C (  5)  4.174440  3.048638  2.424139  1.535920
   C (  6)  4.242820  3.117237  2.384151  2.377097  1.489461
   C (  7)  3.397935  2.470927  1.532388  2.424112  2.465703  1.490735
   H (  8)  2.474425  2.121860  1.089769  2.208779  3.397550  3.329964
   H (  9)  3.313368  2.603758  2.186594  1.089658  2.213065  3.322107
   H ( 10)  4.200837  3.387340  2.134488  1.092218  2.170102  2.849256
   H ( 11)  4.076777  2.991365  2.924891  2.176648  1.098546  2.143689
   H ( 12)  5.215656  4.113105  3.361435  2.199593  1.093343  2.168592
   H ( 13)  5.124043  4.014112  3.420601  3.421047  2.280649  1.080030
   H ( 14)  4.158885  3.373933  2.157662  2.945747  3.150343  2.158102
   H ( 15)  3.300157  2.549712  2.189635  3.347902  3.293734  2.174829
             C (  7)   H (  8)   H (  9)   H ( 10)   H ( 11)   H ( 12)
   H (  8)  2.214990
   H (  9)  3.379331  2.687045
   H ( 10)  2.828980  2.424422  1.762864
   H ( 11)  3.105331  3.963002  2.426120  3.045400
   H ( 12)  3.318348  4.222331  2.755475  2.411931  1.754069
   H ( 13)  2.276269  4.338148  4.332998  3.821898  2.728441  2.653419
   H ( 14)  1.098616  2.403514  3.968681  2.948951  3.986738  3.777770
   H ( 15)  1.094110  2.749173  4.178370  3.874622  3.685166  4.215584
             H ( 13)   H ( 14)
   H ( 14)  2.760092
   H ( 15)  2.639691  1.752534
 
 A cutoff of  1.0D-09 yielded  16601 shell pairs
 There are    171103 function pairs (    256143 Cartesian)
 Smallest overlap matrix eigenvalue = 1.81E-05

 Q-Chem warning in module stvman/mkSTV.C, line 305:

 Overlap eigenvalue is smaller than square root of threshold
 Use THRESH >= 12 to get rid of this warning


 Scale SEOQF with 1.000000e-01/1.000000e-01/1.000000e-01

 Standard Electronic Orientation quadrupole field applied
 Nucleus-field energy     =     0.0000000024 hartrees
 Guess from superposition of atomic densities
 Warning:  Energy on first SCF cycle will be non-variational
 SAD guess density has 52.000000 electrons

 -----------------------------------------------------------------------
  General SCF calculation program by
  Eric Jon Sundstrom, Paul Horn, Yuezhi Mao, Dmitri Zuev, Alec White,
  David Stuck, Shaama M.S., Shane Yost, Joonho Lee, David Small,
  Daniel Levine, Susi Lehtola, Hugh Burton, Evgeny Epifanovsky,
  Bang C. Huynh
 -----------------------------------------------------------------------
 Exchange:     0.2000 Hartree-Fock + 0.0800 Slater + 0.7200 B88
 Correlation:  0.1900 PW92 + 0.8100 PW91
 Using SG-1 standard quadrature grid
 Dispersion:   Grimme D4
 using 32 threads for integral computing
 -------------------------------------------------------
 OpenMP Integral computing Module                
 Release: version 1.0, May 2013, Q-Chem Inc. Pittsburgh 
 -------------------------------------------------------
 A unrestricted SCF calculation will be
 performed using DIIS
 SCF converges when DIIS error is below 1.0e-05
 ---------------------------------------
  Cycle       Energy         DIIS error
 ---------------------------------------
    1    -306.1237011310      7.17e-03  
    2    -304.6569340784      7.29e-04  
    3    -304.6076529612      8.84e-04  
    4    -304.7688754919      9.87e-05  
    5    -304.7704953356      4.09e-05  
    6    -304.7707902477      1.67e-05  
    7    -304.7708473569      7.21e-06  Convergence criterion met
 ---------------------------------------
 SCF time:   CPU 2404.89s  wall 82.00s 
<S^2> =          2.009546984
 SCF   energy in the final basis set =     -304.7708473569
 Total energy in the final basis set =     -304.7708473569
 
 --------------------------------------------------------------
 
                    Orbital Energies (a.u.)
 --------------------------------------------------------------
 
 Alpha MOs
 -- Occupied --
-14.3792 -14.3593 -10.2217 -10.1795 -10.1780 -10.1773 -10.1719  -1.0732
 -0.8753  -0.7550  -0.7365  -0.6452  -0.5769  -0.5572  -0.5202  -0.4792
 -0.4606  -0.4492  -0.4206  -0.4067  -0.3781  -0.3714  -0.3690  -0.3608
 -0.3566  -0.2028  -0.1925
 -- Virtual --
 -0.0305   0.0247   0.0456   0.0557   0.0623   0.0740   0.0774   0.0886
  0.0951   0.1124   0.1201   0.1337   0.1426   0.1523   0.1632   0.1692
  0.1825   0.1908   0.1927   0.1994   0.2349   0.2575   0.2618   0.2703
  0.2754   0.2859   0.2861   0.2930   0.2958   0.3008   0.3119   0.3187
  0.3239   0.3278   0.3332   0.3399   0.3425   0.3474   0.3608   0.3788
  0.3937   0.3962   0.4089   0.4186   0.4404   0.4554   0.4653   0.5141
  0.5375   0.5460   0.5563   0.5660   0.5783   0.5952   0.6120   0.6219
  0.6249   0.6312   0.6549   0.6608   0.6782   0.6946   0.7038   0.7098
  0.7141   0.7202   0.7494   0.7530   0.7645   0.7791   0.7833   0.8001
  0.8052   0.8083   0.8214   0.8265   0.8285   0.8378   0.8483   0.8619
  0.8660   0.8833   0.8968   0.9061   0.9087   0.9271   0.9339   0.9451
  0.9557   0.9870   0.9997   1.0255   1.0265   1.0386   1.0466   1.0553
  1.0740   1.0750   1.0881   1.1048   1.1085   1.1243   1.1255   1.1367
  1.1654   1.1838   1.1962   1.2036   1.2119   1.2225   1.2457   1.2634
  1.2772   1.2928   1.3030   1.3297   1.3375   1.3393   1.3605   1.3800
  1.3834   1.4027   1.4087   1.4353   1.4546   1.4747   1.4894   1.5052
  1.5162   1.5337   1.5585   1.5618   1.6064   1.6128   1.6232   1.6434
  1.6619   1.6891   1.6953   1.7269   1.7543   1.7685   1.7847   1.7968
  1.8194   1.8462   1.8626   1.8774   1.9175   1.9422   1.9466   1.9562
  1.9700   1.9806   1.9995   2.0096   2.0279   2.0506   2.0521   2.0663
  2.0712   2.0833   2.1040   2.1182   2.1243   2.1344   2.1444   2.1519
  2.1637   2.1828   2.1895   2.1964   2.2209   2.2262   2.2347   2.2599
  2.2726   2.2790   2.3001   2.3127   2.3295   2.3493   2.3629   2.3732
  2.3798   2.3903   2.4023   2.4086   2.4395   2.4456   2.4569   2.4793
  2.4929   2.5003   2.5239   2.5349   2.5413   2.5573   2.5664   2.5827
  2.5893   2.6102   2.6211   2.6344   2.6392   2.6510   2.6579   2.6618
  2.6920   2.6985   2.7137   2.7284   2.7337   2.7455   2.7592   2.7747
  2.7858   2.7917   2.8037   2.8091   2.8297   2.8397   2.8719   2.8888
  2.8946   2.9035   2.9232   2.9282   2.9360   2.9541   2.9567   2.9811
  2.9855   3.0056   3.0163   3.0332   3.0525   3.0570   3.0861   3.1017
  3.1079   3.1334   3.1350   3.1512   3.1910   3.2000   3.2124   3.2309
  3.2477   3.2691   3.2746   3.2998   3.3033   3.3159   3.3473   3.3652
  3.3701   3.3878   3.4033   3.4120   3.4330   3.4585   3.4820   3.4978
  3.5282   3.5316   3.5607   3.5816   3.6004   3.6137   3.6250   3.6427
  3.6571   3.6715   3.6946   3.7046   3.7254   3.7409   3.7644   3.7666
  3.8117   3.8201   3.8329   3.8367   3.8444   3.8695   3.8909   3.9090
  3.9361   3.9563   3.9777   3.9926   4.0135   4.0540   4.0842   4.1079
  4.1653   4.1878   4.2404   4.2830   4.3419   4.3637   4.4238   4.4364
  4.5462   4.5941   4.6247   4.6698   4.7546   4.7802   4.8390   4.8590
  4.9131   4.9384   5.0035   5.0100   5.0468   5.0984   5.1299   5.1469
  5.1603   5.1955   5.2612   5.2753   5.3113   5.3506   5.3840   5.4033
  5.4486   5.4819   5.5077   5.5352   5.5711   5.5936   5.6359   5.6624
  5.7286   5.7418   5.7576   5.7744   5.7884   5.8065   5.8222   5.8397
  5.8420   5.8638   5.8709   5.8983   5.9174   5.9250   5.9381   5.9590
  5.9719   5.9798   5.9962   6.0003   6.0304   6.0501   6.0595   6.0710
  6.0769   6.0821   6.1145   6.1273   6.1353   6.1524   6.1825   6.1864
  6.1945   6.2073   6.2385   6.2615   6.2757   6.2840   6.3058   6.3196
  6.3277   6.3523   6.3558   6.3677   6.3788   6.4113   6.4189   6.4221
  6.4342   6.4536   6.4834   6.4885   6.5056   6.5166   6.5446   6.5671
  6.5697   6.6041   6.6094   6.6232   6.6361   6.6574   6.6789   6.6958
  6.7021   6.7234   6.7391   6.7466   6.7540   6.7705   6.7755   6.7937
  6.8014   6.8304   6.8528   6.8660   6.8862   6.9004   6.9174   6.9241
  6.9390   6.9522   6.9696   6.9950   7.0077   7.0444   7.0629   7.0745
  7.1164   7.1403   7.1784   7.1898   7.2201   7.2421   7.2560   7.2762
  7.2936   7.3371   7.3391   7.3598   7.3832   7.4018   7.4253   7.4563
  7.4671   7.4802   7.4905   7.5025   7.5234   7.5516   7.5615   7.5914
  7.6017   7.6064   7.6228   7.6399   7.6539   7.6746   7.6898   7.7074
  7.7286   7.7351   7.7397   7.7549   7.7764   7.7862   7.8105   7.8142
  7.8249   7.8287   7.8410   7.8692   7.8800   7.9097   7.9358   7.9376
  7.9684   7.9816   7.9837   8.0120   8.0457   8.0524   8.0609   8.1071
  8.1422   8.1729   8.1831   8.2022   8.2185   8.2373   8.2605   8.2746
  8.2934   8.3164   8.3317   8.3527   8.3798   8.3865   8.3983   8.4117
  8.4308   8.4462   8.4593   8.4612   8.4654   8.4833   8.4975   8.5010
  8.5278   8.5377   8.5464   8.5626   8.5821   8.5974   8.6121   8.6240
  8.6432   8.6611   8.6785   8.6921   8.7013   8.7148   8.7325   8.7619
  8.7781   8.8271   8.8443   8.8593   8.8765   8.8890   8.9195   8.9374
  8.9443   8.9671   8.9945   8.9974   9.0122   9.0217   9.0556   9.0799
  9.0985   9.1360   9.1440   9.1561   9.1743   9.2430   9.2675   9.2787
  9.3616   9.3797   9.3930   9.4352   9.4695   9.5208   9.5594   9.5846
  9.6126   9.6334   9.6624   9.7037   9.7342   9.8102   9.8271   9.8515
  9.8626   9.8755   9.9023   9.9289   9.9433   9.9679   9.9885  10.0117
 10.0321  10.0642  10.0885  10.1025  10.1169  10.1306  10.1457  10.1792
 10.1928  10.2099  10.2648  10.4457  10.4861  10.4917  10.5484  10.6044
 10.6352  10.7985  11.5433  12.1350  12.2005  12.2920  12.3079  12.4753
 12.8089  13.0158  13.1435  13.1678  13.1986  14.6773  28.6783  28.8812
 29.0234  29.0636  29.1074  37.0938  38.1816 147.7647 147.9992 148.1463
148.1928 148.2395 196.3821 197.5074
 
 Beta MOs
 -- Occupied --
-14.3756 -14.3444 -10.2171 -10.1806 -10.1774 -10.1727 -10.1633  -1.0563
 -0.8652  -0.7431  -0.7238  -0.6306  -0.5592  -0.5445  -0.5127  -0.4652
 -0.4445  -0.4202  -0.4028  -0.3933  -0.3702  -0.3646  -0.3621  -0.3524
 -0.3442
 -- Virtual --
 -0.0591  -0.0512  -0.0180   0.0291   0.0500   0.0580   0.0665   0.0792
  0.0826   0.0926   0.0990   0.1181   0.1258   0.1386   0.1463   0.1564
  0.1664   0.1738   0.1874   0.1955   0.2010   0.2209   0.2415   0.2664
  0.2715   0.2783   0.2834   0.2925   0.2956   0.2974   0.3022   0.3123
  0.3165   0.3252   0.3278   0.3328   0.3411   0.3454   0.3522   0.3558
  0.3684   0.3842   0.3987   0.4024   0.4142   0.4282   0.4482   0.4628
  0.4714   0.5230   0.5447   0.5530   0.5600   0.5733   0.5808   0.5988
  0.6209   0.6275   0.6326   0.6467   0.6613   0.6730   0.6841   0.7003
  0.7114   0.7185   0.7240   0.7285   0.7593   0.7597   0.7705   0.7869
  0.7947   0.8056   0.8149   0.8152   0.8276   0.8316   0.8401   0.8459
  0.8600   0.8689   0.8828   0.8934   0.9065   0.9102   0.9169   0.9351
  0.9466   0.9507   0.9635   0.9966   1.0101   1.0338   1.0348   1.0533
  1.0578   1.0658   1.0805   1.0859   1.0939   1.1143   1.1229   1.1315
  1.1323   1.1475   1.1697   1.1904   1.2024   1.2144   1.2174   1.2289
  1.2529   1.2713   1.2851   1.2980   1.3098   1.3381   1.3444   1.3492
  1.3687   1.3855   1.3933   1.4111   1.4175   1.4403   1.4600   1.4820
  1.4944   1.5115   1.5228   1.5394   1.5674   1.5709   1.6125   1.6195
  1.6320   1.6473   1.6693   1.6976   1.7054   1.7377   1.7628   1.7758
  1.7925   1.8136   1.8314   1.8550   1.8696   1.8913   1.9285   1.9497
  1.9564   1.9612   1.9757   1.9889   2.0074   2.0161   2.0391   2.0560
  2.0589   2.0713   2.0836   2.0928   2.1093   2.1255   2.1305   2.1429
  2.1522   2.1587   2.1748   2.1882   2.2007   2.2036   2.2279   2.2341
  2.2421   2.2694   2.2836   2.2911   2.3060   2.3220   2.3382   2.3563
  2.3709   2.3779   2.3879   2.3969   2.4109   2.4175   2.4467   2.4605
  2.4649   2.4903   2.5053   2.5086   2.5324   2.5457   2.5586   2.5744
  2.5789   2.5926   2.5974   2.6181   2.6267   2.6478   2.6504   2.6591
  2.6646   2.6692   2.7009   2.7045   2.7230   2.7435   2.7460   2.7548
  2.7680   2.7813   2.7940   2.8001   2.8147   2.8154   2.8370   2.8508
  2.8784   2.8983   2.9054   2.9160   2.9314   2.9349   2.9458   2.9619
  2.9708   2.9873   3.0001   3.0153   3.0257   3.0463   3.0642   3.0661
  3.0929   3.1110   3.1169   3.1411   3.1442   3.1635   3.1981   3.2110
  3.2198   3.2393   3.2549   3.2743   3.2856   3.3103   3.3129   3.3243
  3.3574   3.3751   3.3796   3.3969   3.4132   3.4235   3.4421   3.4649
  3.4928   3.5057   3.5417   3.5418   3.5698   3.5888   3.6071   3.6205
  3.6294   3.6508   3.6653   3.6771   3.7022   3.7219   3.7309   3.7455
  3.7723   3.7811   3.8203   3.8287   3.8393   3.8477   3.8569   3.8763
  3.8980   3.9165   3.9457   3.9665   3.9880   3.9993   4.0265   4.0635
  4.0963   4.1152   4.1865   4.2016   4.2460   4.2902   4.3507   4.3779
  4.4319   4.4462   4.5562   4.6003   4.6309   4.6777   4.7588   4.7840
  4.8520   4.8665   4.9202   4.9466   5.0109   5.0230   5.0640   5.1145
  5.1433   5.1604   5.1882   5.2142   5.2698   5.2981   5.3207   5.3616
  5.3961   5.4088   5.4737   5.4921   5.5162   5.5436   5.5777   5.6000
  5.6427   5.6700   5.7331   5.7499   5.7641   5.7800   5.8003   5.8233
  5.8303   5.8485   5.8554   5.8668   5.8788   5.9061   5.9237   5.9352
  5.9507   5.9659   5.9782   5.9870   6.0021   6.0043   6.0388   6.0545
  6.0665   6.0769   6.0849   6.0918   6.1233   6.1328   6.1437   6.1645
  6.1885   6.1998   6.2025   6.2178   6.2455   6.2734   6.2837   6.2909
  6.3103   6.3274   6.3375   6.3607   6.3632   6.3767   6.3881   6.4196
  6.4265   6.4300   6.4467   6.4611   6.4926   6.4979   6.5147   6.5287
  6.5515   6.5758   6.5791   6.6141   6.6176   6.6333   6.6442   6.6640
  6.6890   6.7041   6.7113   6.7439   6.7529   6.7548   6.7733   6.7841
  6.7971   6.8149   6.8241   6.8477   6.8649   6.8767   6.8987   6.9076
  6.9268   6.9333   6.9480   6.9597   6.9761   7.0019   7.0168   7.0490
  7.0737   7.0833   7.1248   7.1450   7.1843   7.1958   7.2247   7.2482
  7.2623   7.2861   7.3023   7.3434   7.3460   7.3687   7.3929   7.4085
  7.4352   7.4675   7.4799   7.4871   7.4972   7.5135   7.5306   7.5592
  7.5713   7.5997   7.6077   7.6138   7.6288   7.6484   7.6628   7.6816
  7.6975   7.7145   7.7361   7.7434   7.7500   7.7631   7.7848   7.7923
  7.8181   7.8215   7.8346   7.8371   7.8512   7.8795   7.8903   7.9155
  7.9408   7.9459   7.9748   7.9893   7.9922   8.0181   8.0517   8.0588
  8.0672   8.1127   8.1470   8.1776   8.1898   8.2068   8.2238   8.2460
  8.2687   8.2870   8.3000   8.3261   8.3397   8.3581   8.3901   8.4017
  8.4235   8.4408   8.4460   8.4582   8.4644   8.4700   8.4829   8.5001
  8.5028   8.5126   8.5391   8.5521   8.5555   8.5747   8.5958   8.6092
  8.6191   8.6319   8.6515   8.6695   8.6892   8.7029   8.7134   8.7297
  8.7445   8.7665   8.7935   8.8381   8.8537   8.8672   8.8857   8.8960
  8.9311   8.9502   8.9590   8.9735   9.0032   9.0066   9.0200   9.0326
  9.0655   9.0873   9.1063   9.1419   9.1524   9.1642   9.1830   9.2508
  9.2765   9.2911   9.3673   9.3975   9.4122   9.4414   9.4786   9.5326
  9.5724   9.5994   9.6211   9.6419   9.6710   9.7113   9.7525   9.8203
  9.8372   9.8580   9.8675   9.8829   9.9144   9.9344   9.9634   9.9730
  9.9967  10.0187  10.0427  10.0718  10.0966  10.1088  10.1229  10.1356
 10.1542  10.1838  10.1970  10.2141  10.2764  10.4649  10.4896  10.4999
 10.5535  10.6107  10.6423  10.8120  11.5622  12.1406  12.2234  12.2989
 12.3169  12.4777  12.8208  13.0194  13.1482  13.1709  13.2016  14.6884
 28.7043  28.8896  29.0229  29.0630  29.1075  37.1107  38.1938 147.7721
148.0022 148.1458 148.1927 148.2394 196.3875 197.5116
 --------------------------------------------------------------
 
          Ground-State Mulliken Net Atomic Charges

     Atom                 Charge (a.u.)    Spin (a.u.)
  --------------------------------------------------------
      1 N                    -0.091633       0.710155
      2 N                    -0.116470       0.096796
      3 C                     0.163934       0.159887
      4 C                    -0.090209       0.012972
      5 C                    -0.071649      -0.083701
      6 C                    -0.174395       1.028577
      7 C                    -0.063766      -0.086190
      8 H                     0.007904       0.035998
      9 H                     0.066644       0.002701
     10 H                     0.067099      -0.002374
     11 H                     0.062320       0.054757
     12 H                     0.052956       0.029988
     13 H                     0.075599      -0.047444
     14 H                     0.054443       0.052004
     15 H                     0.057223       0.035876
  --------------------------------------------------------
  Sum of atomic charges =    -0.000000
  Sum of spin   charges =     2.000000

 -----------------------------------------------------------------
                    Cartesian Multipole Moments
 -----------------------------------------------------------------
    Charge (ESU x 10^10)
                -0.0000
    Dipole Moment (Debye)
         X      -1.4932      Y       2.1137      Z      -1.3112
       Tot       2.9011
    Quadrupole Moments (Debye-Ang)
        XX     -46.7201     XY       4.8815     YY     -45.8553
        XZ      -2.4320     YZ       3.2079     ZZ     -42.2007
    Octopole Moments (Debye-Ang^2)
       XXX     -51.6269    XXY      22.9751    XYY     -19.2907
       YYY      38.3036    XXZ     -13.8286    XYZ       4.8129
       YYZ     -13.1736    XZZ     -13.5992    YZZ      14.1459
       ZZZ     -23.0480
    Hexadecapole Moments (Debye-Ang^3)
      XXXX    -517.8118   XXXY     125.3094   XXYY    -151.7989
      XYYY     113.4084   YYYY    -304.6013   XXXZ     -75.9251
      XXYZ      16.7415   XYYZ     -31.4517   YYYZ      17.8613
      XXZZ    -123.7267   XYZZ      34.2609   YYZZ     -93.5646
      XZZZ     -55.9573   YZZZ       9.7769   ZZZZ    -241.2511
 -----------------------------------------------------------------
 Total job time:  231.43s(wall), 2445.07s(cpu) 
 Fri Aug  2 08:26:24 2024

        *************************************************************
        *                                                           *
        *  Thank you very much for using Q-Chem.  Have a nice day.  *
        *                                                           *
        *************************************************************


