
Running Job 1 of 1 n1-ts1-triplet-wb97xd-c1-B3PW91.in
qchem n1-ts1-triplet-wb97xd-c1-B3PW91.in_2365926.0 /expanse/lustre/scratch/whughes/temp_project/job_32712676/n1-ts1-triplet-wb97xd-c1-B3PW91-32712676/ 0
/cm/shared/apps/spack/0.17.3/cpu/b/opt/spack/linux-rocky8-zen2/gcc-10.2.0/qchem-6.0-rytxnwjazd34ekd2gqyi5ufsaimxsd3r/exe/qcprog.exe_s n1-ts1-triplet-wb97xd-c1-B3PW91.in_2365926.0 /expanse/lustre/scratch/whughes/temp_project/job_32712676/n1-ts1-triplet-wb97xd-c1-B3PW91-32712676/
                  Welcome to Q-Chem
     A Quantum Leap Into The Future Of Chemistry


 Q-Chem 6.0, Q-Chem, Inc., Pleasanton, CA (2022)

 License issued to: University of California, San Diego (site)

 E. Epifanovsky,  A. T. B. Gilbert,  Xintian Feng,  Joonho Lee,  Yuezhi Mao,  
 N. Mardirossian,  P. Pokhilko,  A. White,  M. Wormit,  M. P. Coons,  
 A. L. Dempwolff,  Zhengting Gan,  D. Hait,  P. R. Horn,  L. D. Jacobson,  
 I. Kaliman,  J. Kussmann,  A. W. Lange,  Ka Un Lao,  D. S. Levine,  Jie Liu,  
 S. C. McKenzie,  A. F. Morrison,  K. Nanda,  F. Plasser,  D. R. Rehn,  
 M. L. Vidal,  Zhi-Qiang You,  Ying Zhu,  B. Alam,  B. Albrecht,  
 A. Aldossary,  E. Alguire,  J. H. Andersen,  V. Athavale,  D. Barton,  
 K. Begam,  A. Behn,  N. Bellonzi,  Y. A. Bernard,  E. J. Berquist,  
 H. Burton,  A. Carreras,  K. Carter-Fenk,  Romit Chakraborty,  
 Chandrima Chakravarty,  Junhan Chen,  A. D. Chien,  K. D. Closser,  
 V. Cofer-Shabica,  L. Cunha,  S. Dasgupta,  Jia Deng,  M. de Wergifosse,  
 M. Diedenhofen,  Hainam Do,  S. Ehlert,  Po-Tung Fang,  S. Fatehi,  
 Qingguo Feng,  T. Friedhoff,  B. Ganoe,  J. Gayvert,  Qinghui Ge,  
 G. Gidofalvi,  M. Goldey,  J. Gomes,  C. Gonzalez-Espinoza,  S. Gulania,  
 A. Gunina,  J. A. Gyamfi,  M. W. D. Hanson-Heine,  P. H. P. Harbach,  
 A. W. Hauser,  M. F. Herbst,  M. Hernandez Vera,  M. Hodecker,  
 Z. C. Holden,  S. Houck,  Xunkun Huang,  Kerwin Hui,  B. C. Huynh,  
 K. Ikeda,  M. Ivanov,  Hyunjun Ji,  Zuxin Jin,  Hanjie Jiang,  B. Kaduk,  
 S. Kaehler,  R. Kang,  K. Khistyaev,  Jaehoon Kim,  Yongbin Kim,  
 P. Klunzinger,  Z. Koczor-Benda,  Joong Hoon Koh,  D. Kosenkov,  
 Saikiran Kotaru,  L. Koulias,  T. Kowalczyk,  C. M. Krauter,  K. Kue,  
 A. Kunitsa,  T. Kus,  A. Landau,  K. V. Lawler,  D. Lefrancois,  S. Lehtola,  
 Rain Li,  Shaozhi Li,  Yi-Pei Li,  Jiashu Liang,  M. Liebenthal,  
 Hung-Hsuan Lin,  You-Sheng Lin,  Fenglai Liu,  Kuan-Yu Liu,  
 M. Loipersberger,  A. Luenser,  C. Malbon,  A. Manjanath,  P. Manohar,  
 E. Mansoor,  S. F. Manzer,  Shan-Ping Mao,  A. V. Marenich,  T. Markovich,  
 S. Mason,  F. Matz,  S. A. Maurer,  P. F. McLaughlin,  M. F. S. J. Menger,  
 J.-M. Mewes,  S. A. Mewes,  P. Morgante,  Mohammad Mostafanejad,  
 J. W. Mullinax,  K. J. Oosterbaan,  G. Paran,  V. Parravicini,  
 Alexander C. Paul,  Suranjan K. Paul,  F. Pavosevic,  Zheng Pei,  S. Prager,  
 E. I. Proynov,  E. Ramos,  B. Rana,  A. E. Rask,  A. Rettig,  R. M. Richard,  
 F. Rob,  E. Rossomme,  T. Scheele,  M. Scheurer,  M. Schneider,  
 P. E. Schneider,  N. Sergueev,  S. M. Sharada,  Hengyuan Shen,  
 W. Skomorowski,  D. W. Small,  C. J. Stein,  Yingli Su,  Yu-Chuan Su,  
 E. J. Sundstrom,  Zhen Tao,  J. Thirman,  Hung-Yi Tsai,  T. Tsuchimochi,  
 N. M. Tubman,  C. Utku,  S. P. Veccham,  O. Vydrov,  J. Wenzel,  
 Jonathan Wong,  J. Witte,  A. Yamada,  Chou-Hsun Yang,  Kun Yao,  
 S. Yeganeh,  S. R. Yost,  A. Zech,  F. Zeller,  Igor Ying Zhang,  
 Xing Zhang,  Yu Zhang,  D. Zuev,  A. Aspuru-Guzik,  A. T. Bell,  
 N. A. Besley,  K. B. Bravaya,  B. R. Brooks,  D. Casanova,  Jeng-Da Chai,  
 Hsing-Ta Chen,  S. Coriani,  C. J. Cramer,  A. E. DePrince, III,  
 R. A. DiStasio Jr.,  A. Dreuw,  B. D. Dunietz,  T. R. Furlani,  
 W. A. Goddard III,  S. Grimme,  S. Hammes-Schiffer,  T. Head-Gordon,  
 W. J. Hehre,  Chao-Ping Hsu,  T.-C. Jagau,  Yousung Jung,  A. Klamt,  
 Jing Kong,  D. S. Lambrecht,  Xiangyuan Li,  WanZhen Liang,  N. J. Mayhall,  
 C. W. McCurdy,  J. B. Neaton,  T. Neudecker,  C. Ochsenfeld,  
 J. A. Parkhill,  R. Peverati,  V. A. Rassolov,  Haisheng Ren,  Yihan Shao,  
 L. V. Slipchenko,  R. P. Steele,  J. E. Subotnik,  A. J. W. Thom,  
 A. Tkatchenko,  D. G. Truhlar,  T. Van Voorhis,  Fan Wang,  
 T. A. Wesolowski,  K. B. Whaley,  H. L. Woodcock III,  P. M. Zimmerman,  
 S. Faraji,  P. M. W. Gill,  M. Head-Gordon,  J. M. Herbert,  A. I. Krylov

 Contributors to earlier versions of Q-Chem not listed above: 
 R. D. Adamson,  B. Austin,  R. Baer,  J. Baker,  G. J. O. Beran,  
 K. Brandhorst,  S. T. Brown,  E. F. C. Byrd,  Arup K. Chakraborty,  
 G. K. L. Chan,  Chun-Min Chang,  Yunqing Chen,  C.-L. Cheng,  
 Siu Hung Chien,  D. M. Chipman,  D. L. Crittenden,  H. Dachsel,  
 R. J. Doerksen,  A. D. Dutoi,  R. G. Edgar,  J. Fosso-Tande,  
 L. Fusti-Molnar,  D. Ghosh,  A. Ghysels,  A. Golubeva-Zadorozhnaya,  
 J. Gonthier,  M. S. Gordon,  S. R. Gwaltney,  G. Hawkins,  J. E. Herr,  
 A. Heyden,  S. Hirata,  E. G. Hohenstein,  G. Kedziora,  F. J. Keil,  
 C. Kelley,  Jihan Kim,  R. A. King,  R. Z. Khaliullin,  P. P. Korambath,  
 W. Kurlancheek,  A. Laurent,  A. M. Lee,  M. S. Lee,  S. V. Levchenko,  
 Ching Yeh Lin,  D. Liotard,  E. Livshits,  R. C. Lochan,  I. Lotan,  
 L. A. Martinez-Martinez,  P. E. Maslen,  N. Nair,  D. P. O'Neill,  
 D. Neuhauser,  E. Neuscamman,  C. M. Oana,  R. Olivares-Amaya,  R. Olson,  
 T. M. Perrine,  B. Peters,  P. A. Pieniazek,  A. Prociuk,  Y. M. Rhee,  
 J. Ritchie,  M. A. Rohrdanz,  E. Rosta,  N. J. Russ,  H. F. Schaefer III,  
 M. W. Schmidt,  N. E. Schultz,  S. Sharma,  N. Shenvi,  C. D. Sherrill,  
 A. C. Simmonett,  A. Sodt,  T. Stein,  D. Stuck,  K. S. Thanthiriwatte,  
 V. Vanovschi,  L. Vogt,  Tao Wang,  A. Warshel,  M. A. Watson,  
 C. F. Williams,  Q. Wu,  X. Xu,  Jun Yang,  W. Zhang,  Yan Zhao

   Please cite Q-Chem as follows:
  "Software for the frontiers of quantum chemistry:
   An overview of developments in the Q-Chem 5 package"
   J. Chem. Phys. 155, 084801 (2021)
   https://doi.org/10.1063/5.0055522 (open access)

 Q-Chem 6.0.2 for Intel X86 EM64T Linux

 Parts of Q-Chem use Armadillo 9.900.5 (Nocturnal Misbehaviour).
 http://arma.sourceforge.net/

 Q-Chem begins on Fri Aug  2 08:24:34 2024  

 Host: 
0

     Scratch files written to /expanse/lustre/scratch/whughes/temp_project/job_32712676/n1-ts1-triplet-wb97xd-c1-B3PW91-32712676//
 Dec722 |scratch|qcdevops|jenkins|workspace|build_RNUM    
 Processing $rem in /cm/shared/apps/spack/0.17.3/cpu/b/opt/spack/linux-rocky8-zen2/gcc-10.2.0/qchem-6.0-rytxnwjazd34ekd2gqyi5ufsaimxsd3r/config/preferences:
 Processing $rem in /home/whughes/.qchemrc:

 Checking the input file for inconsistencies... 	...done.

--------------------------------------------------------------
User input:
--------------------------------------------------------------
$molecule
0 3
C    -0.5444411568   0.404798059     -1.0840719435
C    -0.2387631505   -0.9903916731   -0.6075882256
N    1.6336686296    -0.6912807466   -0.7406222275
N    1.8473928483    -0.4041613193   0.4306090242
C    0.0628689046    1.2956695877    0.0349060903
C    0.66871468      0.282069173     1.0181769848
C    -0.3003510349   -0.9241875805   0.8924367203
H    -1.6303015928   0.5336193287    -1.1551768191
H    -0.1174060225   0.6034912186    -2.0646723855
H    -0.5063445892   -1.8677370029   -1.1799603616
H    -0.7014089701   1.8881009473    0.5394342711
H    0.8213214203    1.9764911786    -0.3473879561
H    0.8789469099    0.6438525234    2.0194423491
H    0.0700475091    -1.8120595102   1.3997151483
H    -1.3062443852   -0.6851971837   1.2466053307
$end

$rem
METHOD      B3PW91
BASIS       def2-QZVPP
SYM_IGNORE   TRUE
DFT_D       D4
MAX_SCF_CYCLES 300
$end

$end
--------------------------------------------------------------
 Adding empirical dispersion correction 
 ----------------------------------------------------------------
 Doing -D4(0) with B3PW parameters:
 s6  =   1.00000
 s8  =   2.88364
 s10 =   0.00000
 s9 =   1.00000
 a1  =   0.46991
 a2  =   4.51641
 -D4 energy including 3body term = -0.0212065994 hartrees
 ----------------------------------------------------------------
             Standard Nuclear Orientation (Angstroms)
    I     Atom           X                Y                Z
 ----------------------------------------------------------------
    1      C      -0.5444411568     0.4047980590    -1.0840719435
    2      C      -0.2387631505    -0.9903916731    -0.6075882256
    3      N       1.6336686296    -0.6912807466    -0.7406222275
    4      N       1.8473928483    -0.4041613193     0.4306090242
    5      C       0.0628689046     1.2956695877     0.0349060903
    6      C       0.6687146800     0.2820691730     1.0181769848
    7      C      -0.3003510349    -0.9241875805     0.8924367203
    8      H      -1.6303015928     0.5336193287    -1.1551768191
    9      H      -0.1174060225     0.6034912186    -2.0646723855
   10      H      -0.5063445892    -1.8677370029    -1.1799603616
   11      H      -0.7014089701     1.8881009473     0.5394342711
   12      H       0.8213214203     1.9764911786    -0.3473879561
   13      H       0.8789469099     0.6438525234     2.0194423491
   14      H       0.0700475091    -1.8120595102     1.3997151483
   15      H      -1.3062443852    -0.6851971837     1.2466053307
 ----------------------------------------------------------------
 Nuclear Repulsion Energy =         309.32725411 hartrees
 There are       27 alpha and       25 beta electrons
 Requested basis set is def2-QZVPP
 There are 199 shells and 639 basis functions

 Total QAlloc Memory Limit   8000 MB
 Mega-Array Size       188 MB
 MEM_STATIC part       192 MB


                       Distance Matrix (Angstroms)
             C (  1)   C (  2)   N (  3)   N (  4)   C (  5)   C (  6)
   C (  2)  1.505666
   N (  3)  2.462419  1.900833
   N (  4)  2.944409  2.402825  1.224703
   C (  5)  1.553895  2.393712  2.648930  2.496103
   C (  6)  2.430280  2.255169  2.229780  1.485069  1.536638
   C (  7)  2.394237  1.502748  2.541960  2.257546  2.407292  1.552403
   H (  8)  1.095785  2.135145  3.510803  3.935544  2.205412  3.173676
   H (  9)  1.087849  2.162934  2.548687  3.332001  2.218071  3.197696
   H ( 10)  2.274876  1.081177  2.481275  3.205631  3.436138  3.291540
   H ( 11)  2.204677  3.132957  3.707336  3.429679  1.090708  2.164664
   H ( 12)  2.208672  3.161309  2.816300  2.706586  1.088539  2.181541
   H ( 13)  3.422716  3.289577  3.157553  2.135559  2.242595  1.085181
   H ( 14)  3.385447  2.190837  2.877864  2.465827  3.394221  2.211187
   H ( 15)  2.683373  2.161179  3.548549  3.269596  2.695648  2.210938
             C (  7)   H (  8)   H (  9)   H ( 10)   H ( 11)   H ( 12)
   H (  8)  2.843711
   H (  9)  3.333432  1.766612
   H ( 10)  2.286383  2.651491  2.653480
   H ( 11)  2.862591  2.359909  2.961866  4.135298
   H ( 12)  3.348022  2.957171  2.390691  4.151381  1.764362
   H ( 13)  2.262661  4.048047  4.204086  4.296893  2.497219  2.716824
   H ( 14)  1.087586  3.862754  4.227529  2.643871  3.876392  4.239092
   H ( 15)  1.092874  2.712763  3.746814  2.815397  2.736381  3.761906
             H ( 13)   H ( 14)
   H ( 14)  2.658925
   H ( 15)  2.671837  1.785340
 
 A cutoff of  1.0D-09 yielded  17320 shell pairs
 There are    181566 function pairs (    273842 Cartesian)
 Smallest overlap matrix eigenvalue = 1.69E-05

 Q-Chem warning in module stvman/mkSTV.C, line 305:

 Overlap eigenvalue is smaller than square root of threshold
 Use THRESH >= 12 to get rid of this warning


 Scale SEOQF with 1.000000e-01/1.000000e-01/1.000000e-01

 Standard Electronic Orientation quadrupole field applied
 Nucleus-field energy     =     0.0000000007 hartrees
 Guess from superposition of atomic densities
 Warning:  Energy on first SCF cycle will be non-variational
 SAD guess density has 52.000000 electrons

 -----------------------------------------------------------------------
  General SCF calculation program by
  Eric Jon Sundstrom, Paul Horn, Yuezhi Mao, Dmitri Zuev, Alec White,
  David Stuck, Shaama M.S., Shane Yost, Joonho Lee, David Small,
  Daniel Levine, Susi Lehtola, Hugh Burton, Evgeny Epifanovsky,
  Bang C. Huynh
 -----------------------------------------------------------------------
 Exchange:     0.2000 Hartree-Fock + 0.0800 Slater + 0.7200 B88
 Correlation:  0.1900 PW92 + 0.8100 PW91
 Using SG-1 standard quadrature grid
 Dispersion:   Grimme D4
 using 32 threads for integral computing
 -------------------------------------------------------
 OpenMP Integral computing Module                
 Release: version 1.0, May 2013, Q-Chem Inc. Pittsburgh 
 -------------------------------------------------------
 A unrestricted SCF calculation will be
 performed using DIIS
 SCF converges when DIIS error is below 1.0e-05
 ---------------------------------------
  Cycle       Energy         DIIS error
 ---------------------------------------
    1    -306.2022090853      7.19e-03  
    2    -304.6277204879      6.84e-04  
    3    -304.5878970300      8.26e-04  
    4    -304.7246995429      1.28e-04  
    5    -304.7268156570      6.87e-05  
    6    -304.7276234331      3.10e-05  
    7    -304.7277870285      1.55e-05  
    8    -304.7278289752      5.46e-06  Convergence criterion met
 ---------------------------------------
 SCF time:   CPU 3140.60s  wall 108.00s 
<S^2> =          2.013044831
 SCF   energy in the final basis set =     -304.7278289752
 Total energy in the final basis set =     -304.7278289752
 
 --------------------------------------------------------------
 
                    Orbital Energies (a.u.)
 --------------------------------------------------------------
 
 Alpha MOs
 -- Occupied --
-14.3421 -14.3376 -10.2204 -10.2171 -10.1814 -10.1772 -10.1739  -1.0438
 -0.8624  -0.7619  -0.7372  -0.6362  -0.5900  -0.5441  -0.5298  -0.5087
 -0.4722  -0.4097  -0.4000  -0.3942  -0.3808  -0.3722  -0.3614  -0.3503
 -0.3390  -0.2387  -0.1534
 -- Virtual --
  0.0081   0.0268   0.0512   0.0567   0.0590   0.0726   0.0780   0.0870
  0.1054   0.1088   0.1337   0.1420   0.1525   0.1546   0.1620   0.1771
  0.1792   0.1878   0.1989   0.2201   0.2461   0.2532   0.2656   0.2720
  0.2811   0.2845   0.2933   0.3026   0.3059   0.3093   0.3139   0.3178
  0.3234   0.3268   0.3371   0.3419   0.3499   0.3568   0.3616   0.3650
  0.3887   0.4220   0.4314   0.4479   0.4651   0.4847   0.5078   0.5193
  0.5284   0.5401   0.5616   0.5659   0.5670   0.5710   0.5936   0.6055
  0.6242   0.6415   0.6517   0.6683   0.6696   0.6923   0.7221   0.7349
  0.7406   0.7513   0.7623   0.7725   0.7903   0.7969   0.8037   0.8091
  0.8156   0.8201   0.8258   0.8363   0.8396   0.8475   0.8713   0.8756
  0.8920   0.9065   0.9139   0.9225   0.9414   0.9439   0.9717   0.9798
  0.9966   1.0016   1.0296   1.0387   1.0604   1.0689   1.0719   1.0801
  1.0868   1.1114   1.1155   1.1389   1.1550   1.1632   1.1827   1.1916
  1.2027   1.2168   1.2361   1.2417   1.2564   1.2618   1.2766   1.3019
  1.3222   1.3323   1.3392   1.3479   1.3663   1.3836   1.4002   1.4218
  1.4309   1.4503   1.4715   1.4933   1.5061   1.5168   1.5198   1.5448
  1.5568   1.5606   1.5879   1.5987   1.6130   1.6267   1.6490   1.6575
  1.6785   1.6945   1.7214   1.7365   1.7581   1.7749   1.8161   1.8169
  1.8506   1.8696   1.8856   1.9191   1.9240   1.9427   1.9627   1.9696
  1.9834   1.9966   2.0059   2.0214   2.0280   2.0498   2.0696   2.0774
  2.1004   2.1059   2.1119   2.1301   2.1402   2.1538   2.1798   2.1920
  2.1999   2.2163   2.2347   2.2434   2.2533   2.2663   2.2722   2.2832
  2.3140   2.3206   2.3292   2.3502   2.3594   2.3728   2.3782   2.3901
  2.4079   2.4223   2.4273   2.4447   2.4568   2.4688   2.4754   2.5216
  2.5277   2.5303   2.5589   2.5607   2.5882   2.6020   2.6085   2.6132
  2.6176   2.6258   2.6549   2.6755   2.6839   2.6907   2.7048   2.7134
  2.7335   2.7430   2.7703   2.7811   2.7855   2.7981   2.8122   2.8185
  2.8222   2.8421   2.8481   2.8568   2.8772   2.8927   2.9158   2.9261
  2.9562   2.9698   2.9799   2.9878   3.0050   3.0162   3.0400   3.0526
  3.0587   3.0827   3.0901   3.1003   3.1154   3.1246   3.1533   3.1606
  3.1724   3.1850   3.2141   3.2228   3.2402   3.2710   3.2730   3.3011
  3.3089   3.3267   3.3376   3.3667   3.3815   3.3965   3.4107   3.4173
  3.4342   3.4391   3.4754   3.4841   3.4866   3.4928   3.5093   3.5464
  3.5744   3.5848   3.6271   3.6356   3.6587   3.6957   3.7023   3.7092
  3.7241   3.7314   3.7435   3.7550   3.7770   3.7906   3.8136   3.8367
  3.8512   3.8593   3.8817   3.9033   3.9174   3.9411   3.9568   3.9608
  3.9676   3.9952   4.0407   4.0508   4.1054   4.1227   4.1671   4.2318
  4.2687   4.3122   4.3381   4.3780   4.3966   4.4664   4.5217   4.5402
  4.5705   4.6370   4.6701   4.7056   4.7422   4.7693   4.8059   4.8767
  4.9118   4.9281   4.9876   5.0102   5.0615   5.1097   5.1334   5.1679
  5.2221   5.2664   5.2993   5.3105   5.3706   5.3865   5.4008   5.4186
  5.4863   5.5171   5.5454   5.5722   5.6117   5.6271   5.6681   5.7070
  5.7272   5.7615   5.7666   5.8012   5.8132   5.8310   5.8361   5.8541
  5.8686   5.8846   5.9125   5.9222   5.9418   5.9597   5.9723   5.9840
  5.9917   5.9975   6.0124   6.0208   6.0407   6.0537   6.0893   6.1005
  6.1219   6.1300   6.1366   6.1556   6.1616   6.1767   6.1941   6.1944
  6.2266   6.2295   6.2537   6.2580   6.2758   6.2839   6.3078   6.3235
  6.3321   6.3374   6.3529   6.3745   6.3902   6.4055   6.4161   6.4451
  6.4526   6.4596   6.4893   6.5060   6.5246   6.5318   6.5532   6.5638
  6.5753   6.5911   6.6021   6.6145   6.6504   6.6702   6.6835   6.6977
  6.7411   6.7544   6.7709   6.7783   6.7802   6.8231   6.8327   6.8448
  6.8525   6.8656   6.8843   6.9024   6.9090   6.9401   6.9613   6.9755
  6.9947   7.0130   7.0208   7.0499   7.0576   7.0682   7.0932   7.1085
  7.1300   7.1590   7.1701   7.1978   7.2430   7.2534   7.2741   7.2863
  7.3194   7.3323   7.3464   7.3816   7.3994   7.4284   7.4386   7.4644
  7.4713   7.4773   7.5177   7.5313   7.5382   7.5669   7.5714   7.5763
  7.6172   7.6366   7.6540   7.6671   7.6863   7.7050   7.7189   7.7261
  7.7386   7.7644   7.7727   7.7876   7.7962   7.8045   7.8211   7.8296
  7.8419   7.8660   7.8721   7.8938   7.9102   7.9141   7.9404   7.9491
  7.9643   7.9944   8.0119   8.0302   8.0523   8.0586   8.0881   8.1333
  8.1395   8.1639   8.2231   8.2498   8.2782   8.3122   8.3224   8.3365
  8.3414   8.3700   8.4026   8.4074   8.4327   8.4403   8.4650   8.4752
  8.4925   8.4978   8.5140   8.5327   8.5461   8.5505   8.5622   8.5686
  8.5833   8.5955   8.6126   8.6355   8.6627   8.6797   8.6966   8.7131
  8.7383   8.7485   8.7866   8.8089   8.8204   8.8370   8.8447   8.8653
  8.8891   8.9080   8.9148   8.9223   8.9697   8.9834   8.9954   9.0120
  9.0175   9.0619   9.0777   9.0828   9.1082   9.1385   9.1622   9.1951
  9.2068   9.2302   9.2496   9.2629   9.2662   9.2994   9.3368   9.3499
  9.3663   9.4322   9.4339   9.4460   9.4670   9.5179   9.5411   9.5756
  9.6478   9.6643   9.6838   9.7359   9.7631   9.7979   9.8163   9.8463
  9.8638   9.8766   9.9041   9.9298   9.9639   9.9805  10.0089  10.0360
 10.0405  10.0660  10.0978  10.1256  10.1298  10.1893  10.2227  10.2431
 10.3143  10.3523  10.3879  10.4703  10.5144  10.5742  10.6687  10.7093
 10.8148  10.8614  11.5602  11.6895  11.8383  12.3934  12.4400  12.5329
 13.0645  13.1434  13.1651  13.2639  13.3815  13.9590  28.7779  28.9600
 29.0217  29.1068  29.1507  37.2503  37.9705 147.8765 148.0680 148.1428
148.2214 148.2896 196.5701 197.2697
 
 Beta MOs
 -- Occupied --
-14.3270 -14.3213 -10.2140 -10.2110 -10.1812 -10.1773 -10.1735  -1.0160
 -0.8522  -0.7455  -0.7307  -0.6194  -0.5753  -0.5260  -0.5175  -0.4926
 -0.4555  -0.3876  -0.3863  -0.3789  -0.3748  -0.3645  -0.3514  -0.3201
 -0.3131
 -- Virtual --
 -0.1146  -0.0156   0.0260   0.0459   0.0542   0.0592   0.0696   0.0745
  0.0805   0.0898   0.1085   0.1126   0.1410   0.1459   0.1553   0.1580
  0.1644   0.1798   0.1876   0.1928   0.2089   0.2290   0.2558   0.2611
  0.2705   0.2755   0.2875   0.2895   0.2981   0.3072   0.3103   0.3154
  0.3196   0.3217   0.3268   0.3319   0.3403   0.3509   0.3567   0.3617
  0.3694   0.3710   0.3935   0.4313   0.4421   0.4558   0.4695   0.4924
  0.5133   0.5267   0.5350   0.5442   0.5668   0.5701   0.5749   0.5793
  0.5992   0.6091   0.6356   0.6470   0.6574   0.6735   0.6798   0.7016
  0.7262   0.7412   0.7499   0.7568   0.7693   0.7765   0.7964   0.8009
  0.8081   0.8136   0.8212   0.8224   0.8299   0.8429   0.8445   0.8537
  0.8748   0.8802   0.8966   0.9098   0.9204   0.9309   0.9468   0.9518
  0.9781   0.9870   1.0060   1.0090   1.0352   1.0468   1.0683   1.0751
  1.0799   1.0895   1.0982   1.1192   1.1225   1.1450   1.1631   1.1734
  1.1899   1.1964   1.2114   1.2228   1.2444   1.2503   1.2703   1.2777
  1.2813   1.3094   1.3313   1.3384   1.3456   1.3540   1.3756   1.3897
  1.4088   1.4277   1.4366   1.4546   1.4795   1.5006   1.5139   1.5251
  1.5292   1.5516   1.5652   1.5707   1.5935   1.6075   1.6218   1.6341
  1.6574   1.6650   1.6861   1.7044   1.7290   1.7438   1.7671   1.7845
  1.8231   1.8263   1.8579   1.8776   1.8932   1.9259   1.9311   1.9467
  1.9682   1.9751   1.9888   2.0020   2.0108   2.0271   2.0338   2.0542
  2.0764   2.0838   2.1075   2.1113   2.1179   2.1413   2.1450   2.1586
  2.1881   2.1964   2.2059   2.2226   2.2417   2.2497   2.2608   2.2739
  2.2776   2.2896   2.3203   2.3250   2.3348   2.3563   2.3656   2.3787
  2.3851   2.3985   2.4156   2.4280   2.4341   2.4523   2.4639   2.4757
  2.4836   2.5279   2.5364   2.5371   2.5631   2.5702   2.5945   2.6068
  2.6154   2.6210   2.6245   2.6315   2.6613   2.6802   2.6911   2.7002
  2.7102   2.7207   2.7401   2.7479   2.7770   2.7866   2.7911   2.8028
  2.8219   2.8251   2.8290   2.8502   2.8565   2.8621   2.8861   2.8988
  2.9223   2.9332   2.9657   2.9770   2.9872   2.9952   3.0130   3.0240
  3.0511   3.0600   3.0700   3.0959   3.0997   3.1088   3.1262   3.1340
  3.1678   3.1696   3.1826   3.1946   3.2229   3.2318   3.2514   3.2838
  3.2858   3.3139   3.3189   3.3372   3.3471   3.3747   3.3894   3.4100
  3.4221   3.4289   3.4422   3.4541   3.4878   3.4965   3.4990   3.5046
  3.5211   3.5562   3.5868   3.5963   3.6384   3.6526   3.6669   3.7055
  3.7119   3.7199   3.7348   3.7404   3.7507   3.7612   3.7850   3.8008
  3.8246   3.8437   3.8583   3.8671   3.8894   3.9159   3.9266   3.9514
  3.9647   3.9666   3.9780   4.0059   4.0517   4.0593   4.1198   4.1402
  4.1768   4.2432   4.2817   4.3215   4.3534   4.4024   4.4146   4.4723
  4.5284   4.5485   4.5805   4.6457   4.6780   4.7131   4.7484   4.7792
  4.8129   4.8907   4.9185   4.9430   5.0002   5.0183   5.0754   5.1236
  5.1388   5.1756   5.2339   5.2786   5.3114   5.3193   5.3801   5.3903
  5.4087   5.4264   5.4926   5.5309   5.5540   5.5819   5.6259   5.6352
  5.6782   5.7136   5.7317   5.7655   5.7712   5.8056   5.8189   5.8360
  5.8425   5.8596   5.8726   5.8889   5.9177   5.9303   5.9505   5.9652
  5.9771   5.9911   5.9969   6.0020   6.0162   6.0268   6.0460   6.0569
  6.0946   6.1054   6.1307   6.1369   6.1415   6.1617   6.1673   6.1815
  6.1982   6.2007   6.2323   6.2401   6.2589   6.2629   6.2817   6.2895
  6.3132   6.3296   6.3389   6.3458   6.3584   6.3802   6.4015   6.4143
  6.4226   6.4512   6.4581   6.4669   6.4961   6.5123   6.5289   6.5403
  6.5617   6.5733   6.5807   6.5995   6.6194   6.6250   6.6594   6.6781
  6.6906   6.7053   6.7483   6.7621   6.7814   6.7867   6.7881   6.8326
  6.8401   6.8567   6.8591   6.8720   6.8944   6.9078   6.9157   6.9515
  6.9682   6.9839   7.0056   7.0219   7.0333   7.0633   7.0680   7.0765
  7.1051   7.1178   7.1409   7.1705   7.1813   7.2126   7.2485   7.2612
  7.2873   7.2948   7.3255   7.3441   7.3588   7.3899   7.4108   7.4353
  7.4479   7.4706   7.4758   7.4885   7.5221   7.5384   7.5500   7.5729
  7.5791   7.5818   7.6220   7.6413   7.6595   7.6726   7.6924   7.7110
  7.7260   7.7322   7.7471   7.7697   7.7798   7.7970   7.8009   7.8086
  7.8265   7.8350   7.8485   7.8764   7.8806   7.9051   7.9164   7.9206
  7.9475   7.9616   7.9741   8.0031   8.0210   8.0371   8.0585   8.0642
  8.0952   8.1393   8.1438   8.1689   8.2286   8.2533   8.2838   8.3178
  8.3257   8.3423   8.3458   8.3777   8.4105   8.4160   8.4415   8.4485
  8.4675   8.4791   8.4985   8.5069   8.5204   8.5398   8.5506   8.5580
  8.5695   8.5755   8.5874   8.6041   8.6193   8.6431   8.6696   8.6844
  8.7051   8.7193   8.7486   8.7557   8.7939   8.8157   8.8295   8.8500
  8.8558   8.8814   8.8995   8.9137   8.9250   8.9338   8.9789   8.9965
  9.0028   9.0226   9.0375   9.0817   9.0890   9.0965   9.1242   9.1545
  9.1801   9.2113   9.2209   9.2477   9.2753   9.2761   9.2896   9.3152
  9.3483   9.3734   9.3887   9.4450   9.4569   9.4737   9.5046   9.5405
  9.5593   9.6082   9.6701   9.6887   9.7065   9.7580   9.7824   9.8043
  9.8270   9.8515   9.8797   9.8905   9.9172   9.9389   9.9706   9.9895
 10.0197  10.0446  10.0478  10.0736  10.1106  10.1318  10.1396  10.1962
 10.2320  10.2462  10.3184  10.3568  10.3942  10.4760  10.5171  10.5864
 10.6737  10.7120  10.8411  10.9018  11.6028  11.7189  11.8666  12.3955
 12.4420  12.5340  13.0686  13.1464  13.1670  13.2652  13.3832  13.9747
 28.7894  28.9695  29.0231  29.1076  29.1515  37.2752  37.9948 147.8803
148.0713 148.1431 148.2217 148.2901 196.5787 197.2783
 --------------------------------------------------------------
 
          Ground-State Mulliken Net Atomic Charges

     Atom                 Charge (a.u.)    Spin (a.u.)
  --------------------------------------------------------
      1 C                    -0.090187      -0.016897
      2 C                    -0.035380       0.501931
      3 N                    -0.203901       0.717490
      4 N                    -0.148609       0.615445
      5 C                    -0.102920       0.019951
      6 C                     0.011630       0.118683
      7 C                    -0.078207       0.011094
      8 H                     0.060044       0.043209
      9 H                     0.080990       0.005119
     10 H                     0.106217      -0.009171
     11 H                     0.062219      -0.000952
     12 H                     0.082286      -0.002258
     13 H                     0.089011      -0.004016
     14 H                     0.085790       0.001444
     15 H                     0.081016      -0.001070
  --------------------------------------------------------
  Sum of atomic charges =     0.000000
  Sum of spin   charges =     2.000000

 -----------------------------------------------------------------
                    Cartesian Multipole Moments
 -----------------------------------------------------------------
    Charge (ESU x 10^10)
                 0.0000
    Dipole Moment (Debye)
         X      -3.2133      Y       0.8702      Z       0.8166
       Tot       3.4278
    Quadrupole Moments (Debye-Ang)
        XX     -48.2847     XY       2.9558     YY     -41.2073
        XZ       1.3294     YZ       0.0368     ZZ     -41.5307
    Octopole Moments (Debye-Ang^2)
       XXX     -62.4343    XXY      11.2477    XYY     -17.6678
       YYY      12.6928    XXZ       1.5749    XYZ      -1.2606
       YYZ       0.1936    XZZ     -18.6313    YZZ       6.0677
       ZZZ       3.2422
    Hexadecapole Moments (Debye-Ang^3)
      XXXX    -333.6357   XXXY      29.0980   XXYY     -97.2557
      XYYY      24.2268   YYYY    -245.6154   XXXZ     -16.8932
      XXYZ       0.5793   XYYZ      -3.6062   YYYZ       3.4652
      XXZZ     -97.7407   XYZZ      11.5032   YYZZ     -78.5482
      XZZZ      -9.8419   YZZZ       3.4984   ZZZZ    -231.6911
 -----------------------------------------------------------------
 Total job time:  111.91s(wall), 3173.18s(cpu) 
 Fri Aug  2 08:26:26 2024

        *************************************************************
        *                                                           *
        *  Thank you very much for using Q-Chem.  Have a nice day.  *
        *                                                           *
        *************************************************************


