
Running Job 1 of 1 n2-r1-triplet-wb97xd-B3PW91.in
qchem n2-r1-triplet-wb97xd-B3PW91.in_3670221.0 /expanse/lustre/scratch/whughes/temp_project/job_32712796/n2-r1-triplet-wb97xd-B3PW91-32712796/ 0
/cm/shared/apps/spack/0.17.3/cpu/b/opt/spack/linux-rocky8-zen2/gcc-10.2.0/qchem-6.0-rytxnwjazd34ekd2gqyi5ufsaimxsd3r/exe/qcprog.exe_s n2-r1-triplet-wb97xd-B3PW91.in_3670221.0 /expanse/lustre/scratch/whughes/temp_project/job_32712796/n2-r1-triplet-wb97xd-B3PW91-32712796/
                  Welcome to Q-Chem
     A Quantum Leap Into The Future Of Chemistry


 Q-Chem 6.0, Q-Chem, Inc., Pleasanton, CA (2022)

 License issued to: University of California, San Diego (site)

 E. Epifanovsky,  A. T. B. Gilbert,  Xintian Feng,  Joonho Lee,  Yuezhi Mao,  
 N. Mardirossian,  P. Pokhilko,  A. White,  M. Wormit,  M. P. Coons,  
 A. L. Dempwolff,  Zhengting Gan,  D. Hait,  P. R. Horn,  L. D. Jacobson,  
 I. Kaliman,  J. Kussmann,  A. W. Lange,  Ka Un Lao,  D. S. Levine,  Jie Liu,  
 S. C. McKenzie,  A. F. Morrison,  K. Nanda,  F. Plasser,  D. R. Rehn,  
 M. L. Vidal,  Zhi-Qiang You,  Ying Zhu,  B. Alam,  B. Albrecht,  
 A. Aldossary,  E. Alguire,  J. H. Andersen,  V. Athavale,  D. Barton,  
 K. Begam,  A. Behn,  N. Bellonzi,  Y. A. Bernard,  E. J. Berquist,  
 H. Burton,  A. Carreras,  K. Carter-Fenk,  Romit Chakraborty,  
 Chandrima Chakravarty,  Junhan Chen,  A. D. Chien,  K. D. Closser,  
 V. Cofer-Shabica,  L. Cunha,  S. Dasgupta,  Jia Deng,  M. de Wergifosse,  
 M. Diedenhofen,  Hainam Do,  S. Ehlert,  Po-Tung Fang,  S. Fatehi,  
 Qingguo Feng,  T. Friedhoff,  B. Ganoe,  J. Gayvert,  Qinghui Ge,  
 G. Gidofalvi,  M. Goldey,  J. Gomes,  C. Gonzalez-Espinoza,  S. Gulania,  
 A. Gunina,  J. A. Gyamfi,  M. W. D. Hanson-Heine,  P. H. P. Harbach,  
 A. W. Hauser,  M. F. Herbst,  M. Hernandez Vera,  M. Hodecker,  
 Z. C. Holden,  S. Houck,  Xunkun Huang,  Kerwin Hui,  B. C. Huynh,  
 K. Ikeda,  M. Ivanov,  Hyunjun Ji,  Zuxin Jin,  Hanjie Jiang,  B. Kaduk,  
 S. Kaehler,  R. Kang,  K. Khistyaev,  Jaehoon Kim,  Yongbin Kim,  
 P. Klunzinger,  Z. Koczor-Benda,  Joong Hoon Koh,  D. Kosenkov,  
 Saikiran Kotaru,  L. Koulias,  T. Kowalczyk,  C. M. Krauter,  K. Kue,  
 A. Kunitsa,  T. Kus,  A. Landau,  K. V. Lawler,  D. Lefrancois,  S. Lehtola,  
 Rain Li,  Shaozhi Li,  Yi-Pei Li,  Jiashu Liang,  M. Liebenthal,  
 Hung-Hsuan Lin,  You-Sheng Lin,  Fenglai Liu,  Kuan-Yu Liu,  
 M. Loipersberger,  A. Luenser,  C. Malbon,  A. Manjanath,  P. Manohar,  
 E. Mansoor,  S. F. Manzer,  Shan-Ping Mao,  A. V. Marenich,  T. Markovich,  
 S. Mason,  F. Matz,  S. A. Maurer,  P. F. McLaughlin,  M. F. S. J. Menger,  
 J.-M. Mewes,  S. A. Mewes,  P. Morgante,  Mohammad Mostafanejad,  
 J. W. Mullinax,  K. J. Oosterbaan,  G. Paran,  V. Parravicini,  
 Alexander C. Paul,  Suranjan K. Paul,  F. Pavosevic,  Zheng Pei,  S. Prager,  
 E. I. Proynov,  E. Ramos,  B. Rana,  A. E. Rask,  A. Rettig,  R. M. Richard,  
 F. Rob,  E. Rossomme,  T. Scheele,  M. Scheurer,  M. Schneider,  
 P. E. Schneider,  N. Sergueev,  S. M. Sharada,  Hengyuan Shen,  
 W. Skomorowski,  D. W. Small,  C. J. Stein,  Yingli Su,  Yu-Chuan Su,  
 E. J. Sundstrom,  Zhen Tao,  J. Thirman,  Hung-Yi Tsai,  T. Tsuchimochi,  
 N. M. Tubman,  C. Utku,  S. P. Veccham,  O. Vydrov,  J. Wenzel,  
 Jonathan Wong,  J. Witte,  A. Yamada,  Chou-Hsun Yang,  Kun Yao,  
 S. Yeganeh,  S. R. Yost,  A. Zech,  F. Zeller,  Igor Ying Zhang,  
 Xing Zhang,  Yu Zhang,  D. Zuev,  A. Aspuru-Guzik,  A. T. Bell,  
 N. A. Besley,  K. B. Bravaya,  B. R. Brooks,  D. Casanova,  Jeng-Da Chai,  
 Hsing-Ta Chen,  S. Coriani,  C. J. Cramer,  A. E. DePrince, III,  
 R. A. DiStasio Jr.,  A. Dreuw,  B. D. Dunietz,  T. R. Furlani,  
 W. A. Goddard III,  S. Grimme,  S. Hammes-Schiffer,  T. Head-Gordon,  
 W. J. Hehre,  Chao-Ping Hsu,  T.-C. Jagau,  Yousung Jung,  A. Klamt,  
 Jing Kong,  D. S. Lambrecht,  Xiangyuan Li,  WanZhen Liang,  N. J. Mayhall,  
 C. W. McCurdy,  J. B. Neaton,  T. Neudecker,  C. Ochsenfeld,  
 J. A. Parkhill,  R. Peverati,  V. A. Rassolov,  Haisheng Ren,  Yihan Shao,  
 L. V. Slipchenko,  R. P. Steele,  J. E. Subotnik,  A. J. W. Thom,  
 A. Tkatchenko,  D. G. Truhlar,  T. Van Voorhis,  Fan Wang,  
 T. A. Wesolowski,  K. B. Whaley,  H. L. Woodcock III,  P. M. Zimmerman,  
 S. Faraji,  P. M. W. Gill,  M. Head-Gordon,  J. M. Herbert,  A. I. Krylov

 Contributors to earlier versions of Q-Chem not listed above: 
 R. D. Adamson,  B. Austin,  R. Baer,  J. Baker,  G. J. O. Beran,  
 K. Brandhorst,  S. T. Brown,  E. F. C. Byrd,  Arup K. Chakraborty,  
 G. K. L. Chan,  Chun-Min Chang,  Yunqing Chen,  C.-L. Cheng,  
 Siu Hung Chien,  D. M. Chipman,  D. L. Crittenden,  H. Dachsel,  
 R. J. Doerksen,  A. D. Dutoi,  R. G. Edgar,  J. Fosso-Tande,  
 L. Fusti-Molnar,  D. Ghosh,  A. Ghysels,  A. Golubeva-Zadorozhnaya,  
 J. Gonthier,  M. S. Gordon,  S. R. Gwaltney,  G. Hawkins,  J. E. Herr,  
 A. Heyden,  S. Hirata,  E. G. Hohenstein,  G. Kedziora,  F. J. Keil,  
 C. Kelley,  Jihan Kim,  R. A. King,  R. Z. Khaliullin,  P. P. Korambath,  
 W. Kurlancheek,  A. Laurent,  A. M. Lee,  M. S. Lee,  S. V. Levchenko,  
 Ching Yeh Lin,  D. Liotard,  E. Livshits,  R. C. Lochan,  I. Lotan,  
 L. A. Martinez-Martinez,  P. E. Maslen,  N. Nair,  D. P. O'Neill,  
 D. Neuhauser,  E. Neuscamman,  C. M. Oana,  R. Olivares-Amaya,  R. Olson,  
 T. M. Perrine,  B. Peters,  P. A. Pieniazek,  A. Prociuk,  Y. M. Rhee,  
 J. Ritchie,  M. A. Rohrdanz,  E. Rosta,  N. J. Russ,  H. F. Schaefer III,  
 M. W. Schmidt,  N. E. Schultz,  S. Sharma,  N. Shenvi,  C. D. Sherrill,  
 A. C. Simmonett,  A. Sodt,  T. Stein,  D. Stuck,  K. S. Thanthiriwatte,  
 V. Vanovschi,  L. Vogt,  Tao Wang,  A. Warshel,  M. A. Watson,  
 C. F. Williams,  Q. Wu,  X. Xu,  Jun Yang,  W. Zhang,  Yan Zhao

   Please cite Q-Chem as follows:
  "Software for the frontiers of quantum chemistry:
   An overview of developments in the Q-Chem 5 package"
   J. Chem. Phys. 155, 084801 (2021)
   https://doi.org/10.1063/5.0055522 (open access)

 Q-Chem 6.0.2 for Intel X86 EM64T Linux

 Parts of Q-Chem use Armadillo 9.900.5 (Nocturnal Misbehaviour).
 http://arma.sourceforge.net/

 Q-Chem begins on Fri Aug  2 08:28:43 2024  

 Host: 
0

     Scratch files written to /expanse/lustre/scratch/whughes/temp_project/job_32712796/n2-r1-triplet-wb97xd-B3PW91-32712796//
 Dec722 |scratch|qcdevops|jenkins|workspace|build_RNUM    
 Processing $rem in /cm/shared/apps/spack/0.17.3/cpu/b/opt/spack/linux-rocky8-zen2/gcc-10.2.0/qchem-6.0-rytxnwjazd34ekd2gqyi5ufsaimxsd3r/config/preferences:
 Processing $rem in /home/whughes/.qchemrc:

 Checking the input file for inconsistencies... 	...done.

--------------------------------------------------------------
User input:
--------------------------------------------------------------
$molecule
0 3
C    -0.4788820798   -0.2275047965   -1.1775904155
N    -1.1092886009   1.0865230817    -0.8632671663
N    -1.3410192583   1.0962631026    0.3953766963
C    -0.0687579656   0.7153959964    1.0730636916
C    0.4001105073    -0.3570143933   0.0767104643
C    1.3750578646    -1.2265387451   0.2633002298
C    -0.3808968172   0.176867658     2.4581986666
C    0.9138844889    1.885437095     1.1333463816
C    -1.5141778827   -1.3505549844   -1.248993385
C    0.3063200497    -0.1092586338   -2.4720330436
H    1.6562210994    -1.9380024142   -0.5041667509
H    1.9332069671    -1.2635751797   1.1913891859
H    0.5302994476    -0.19162081     2.9324487972
H    -0.7977305458   0.9672347611    3.0837414225
H    -1.0987582555   -0.640746354    2.4016580826
H    0.5091143219    2.6830642643    1.7582245776
H    1.8599344189    1.5502668501    1.5616511288
H    1.103542464     2.2829140307    0.1368279343
H    -1.0106201859   -2.306678869    -1.4008091284
H    -2.0918900835   -1.4031538805   -0.3267639042
H    -2.197539863    -1.1780301937   -2.0819219171
H    -0.3707488341   0.0758026505    -3.3069296873
H    1.0239305995    0.7085268544    -2.4147625028
H    0.8486881434    -1.0356170904   -2.668700358
$end

$rem
METHOD      B3PW91
BASIS       def2-QZVPP
SYM_IGNORE   TRUE
DFT_D       D4
MAX_SCF_CYCLES 300
$end

$end
--------------------------------------------------------------
 Adding empirical dispersion correction 
 ----------------------------------------------------------------
 Doing -D4(0) with B3PW parameters:
 s6  =   1.00000
 s8  =   2.88364
 s10 =   0.00000
 s9 =   1.00000
 a1  =   0.46991
 a2  =   4.51641
 -D4 energy including 3body term = -0.0394769587 hartrees
 ----------------------------------------------------------------
             Standard Nuclear Orientation (Angstroms)
    I     Atom           X                Y                Z
 ----------------------------------------------------------------
    1      C      -0.4788820798    -0.2275047965    -1.1775904155
    2      N      -1.1092886009     1.0865230817    -0.8632671663
    3      N      -1.3410192583     1.0962631026     0.3953766963
    4      C      -0.0687579656     0.7153959964     1.0730636916
    5      C       0.4001105073    -0.3570143933     0.0767104643
    6      C       1.3750578646    -1.2265387451     0.2633002298
    7      C      -0.3808968172     0.1768676580     2.4581986666
    8      C       0.9138844889     1.8854370950     1.1333463816
    9      C      -1.5141778827    -1.3505549844    -1.2489933850
   10      C       0.3063200497    -0.1092586338    -2.4720330436
   11      H       1.6562210994    -1.9380024142    -0.5041667509
   12      H       1.9332069671    -1.2635751797     1.1913891859
   13      H       0.5302994476    -0.1916208100     2.9324487972
   14      H      -0.7977305458     0.9672347611     3.0837414225
   15      H      -1.0987582555    -0.6407463540     2.4016580826
   16      H       0.5091143219     2.6830642643     1.7582245776
   17      H       1.8599344189     1.5502668501     1.5616511288
   18      H       1.1035424640     2.2829140307     0.1368279343
   19      H      -1.0106201859    -2.3066788690    -1.4008091284
   20      H      -2.0918900835    -1.4031538805    -0.3267639042
   21      H      -2.1975398630    -1.1780301937    -2.0819219171
   22      H      -0.3707488341     0.0758026505    -3.3069296873
   23      H       1.0239305995     0.7085268544    -2.4147625028
   24      H       0.8486881434    -1.0356170904    -2.6687003580
 ----------------------------------------------------------------
 Nuclear Repulsion Energy =         564.20027023 hartrees
 There are       39 alpha and       37 beta electrons
 Requested basis set is def2-QZVPP
 There are 310 shells and 990 basis functions

 Total QAlloc Memory Limit   8000 MB
 Mega-Array Size       188 MB
 MEM_STATIC part       192 MB

 A cutoff of  1.0D-09 yielded  35301 shell pairs
 There are    347537 function pairs (    513840 Cartesian)
 Smallest overlap matrix eigenvalue = 1.42E-05

 Q-Chem warning in module stvman/mkSTV.C, line 305:

 Overlap eigenvalue is smaller than square root of threshold
 Use THRESH >= 12 to get rid of this warning


 Scale SEOQF with 1.000000e-01/1.000000e-01/1.000000e-01

 Standard Electronic Orientation quadrupole field applied
 Nucleus-field energy     =    -0.0000000090 hartrees
 Guess from superposition of atomic densities
 Warning:  Energy on first SCF cycle will be non-variational
 SAD guess density has 76.000000 electrons

 -----------------------------------------------------------------------
  General SCF calculation program by
  Eric Jon Sundstrom, Paul Horn, Yuezhi Mao, Dmitri Zuev, Alec White,
  David Stuck, Shaama M.S., Shane Yost, Joonho Lee, David Small,
  Daniel Levine, Susi Lehtola, Hugh Burton, Evgeny Epifanovsky,
  Bang C. Huynh
 -----------------------------------------------------------------------
 Exchange:     0.2000 Hartree-Fock + 0.0800 Slater + 0.7200 B88
 Correlation:  0.1900 PW92 + 0.8100 PW91
 Using SG-1 standard quadrature grid
 Dispersion:   Grimme D4
 using 32 threads for integral computing
 -------------------------------------------------------
 OpenMP Integral computing Module                
 Release: version 1.0, May 2013, Q-Chem Inc. Pittsburgh 
 -------------------------------------------------------
 A unrestricted SCF calculation will be
 performed using DIIS
 SCF converges when DIIS error is below 1.0e-05
 ---------------------------------------
  Cycle       Energy         DIIS error
 ---------------------------------------
    1    -424.6418582867      5.60e-03  
    2    -422.4966748472      6.58e-04  
    3    -422.4664165555      6.95e-04  
    4    -422.7074907994      9.05e-05  
    5    -422.7103558539      4.96e-05  
    6    -422.7114561348      1.33e-05  
    7    -422.7115274791      8.61e-06  Convergence criterion met
 ---------------------------------------
 SCF time:   CPU 7695.43s  wall 273.00s 
<S^2> =          2.007072423
 SCF   energy in the final basis set =     -422.7115274791
 Total energy in the final basis set =     -422.7115274791
 
 --------------------------------------------------------------
 
                    Orbital Energies (a.u.)
 --------------------------------------------------------------
 
 Alpha MOs
 -- Occupied --
-14.3459 -14.3456 -10.2251 -10.2251 -10.1867 -10.1627 -10.1599 -10.1599
-10.1587 -10.1587  -1.0485  -0.8366  -0.8364  -0.7474  -0.7080  -0.7005
 -0.6812  -0.6552  -0.5537  -0.5444  -0.4875  -0.4873  -0.4633  -0.4577
 -0.4269  -0.4252  -0.4163  -0.4082  -0.4010  -0.3979  -0.3814  -0.3762
 -0.3593  -0.3543  -0.3451  -0.3262  -0.2728  -0.2561  -0.1852
 -- Virtual --
 -0.0102   0.0207   0.0380   0.0551   0.0565   0.0710   0.0745   0.0762
  0.0907   0.0993   0.1011   0.1021   0.1154   0.1211   0.1280   0.1302
  0.1338   0.1360   0.1402   0.1452   0.1577   0.1582   0.1687   0.1733
  0.1799   0.1959   0.2077   0.2078   0.2201   0.2240   0.2299   0.2312
  0.2369   0.2566   0.2717   0.2726   0.2782   0.2813   0.2924   0.2952
  0.2971   0.3077   0.3108   0.3168   0.3176   0.3235   0.3333   0.3334
  0.3389   0.3451   0.3525   0.3542   0.3615   0.3663   0.3710   0.3772
  0.3798   0.3868   0.3923   0.3925   0.3926   0.4049   0.4129   0.4163
  0.4296   0.4450   0.4620   0.4700   0.4860   0.4987   0.5017   0.5191
  0.5213   0.5335   0.5492   0.5534   0.5604   0.5682   0.5732   0.5806
  0.5898   0.5931   0.6011   0.6128   0.6130   0.6179   0.6355   0.6456
  0.6567   0.6568   0.6709   0.6763   0.6958   0.6994   0.7056   0.7076
  0.7136   0.7245   0.7549   0.7591   0.7700   0.7726   0.7815   0.7844
  0.7925   0.7927   0.7968   0.8048   0.8112   0.8130   0.8274   0.8336
  0.8360   0.8439   0.8476   0.8549   0.8598   0.8662   0.8671   0.8757
  0.8804   0.8969   0.8985   0.9169   0.9243   0.9294   0.9309   0.9397
  0.9476   0.9484   0.9591   0.9629   0.9669   0.9677   0.9809   0.9952
  1.0015   1.0079   1.0186   1.0292   1.0296   1.0491   1.0536   1.0571
  1.0634   1.0819   1.0910   1.0911   1.1086   1.1115   1.1174   1.1254
  1.1359   1.1373   1.1540   1.1641   1.1732   1.1741   1.1794   1.1843
  1.2074   1.2086   1.2164   1.2193   1.2296   1.2360   1.2378   1.2872
  1.2899   1.3026   1.3112   1.3171   1.3239   1.3397   1.3457   1.3590
  1.3671   1.3680   1.3841   1.3924   1.4096   1.4118   1.4339   1.4368
  1.4405   1.4510   1.4534   1.4618   1.4741   1.4821   1.5002   1.5087
  1.5132   1.5147   1.5325   1.5487   1.5496   1.5823   1.5921   1.5959
  1.6091   1.6144   1.6200   1.6282   1.6423   1.6763   1.6794   1.6899
  1.7005   1.7150   1.7378   1.7489   1.7741   1.7836   1.7928   1.8021
  1.8050   1.8263   1.8387   1.8412   1.8512   1.8613   1.8764   1.8767
  1.8805   1.8808   1.8911   1.9087   1.9184   1.9331   1.9353   1.9592
  1.9665   1.9699   1.9755   1.9776   1.9853   1.9892   2.0004   2.0123
  2.0176   2.0284   2.0432   2.0580   2.0589   2.0620   2.0787   2.0793
  2.0927   2.0986   2.1070   2.1238   2.1242   2.1358   2.1375   2.1654
  2.1661   2.1724   2.1738   2.1886   2.1887   2.2085   2.2123   2.2201
  2.2246   2.2379   2.2448   2.2450   2.2548   2.2634   2.2794   2.2940
  2.3026   2.3100   2.3120   2.3134   2.3309   2.3382   2.3425   2.3456
  2.3527   2.3638   2.3712   2.3869   2.3892   2.3989   2.4173   2.4306
  2.4308   2.4332   2.4411   2.4449   2.4554   2.4675   2.4756   2.4822
  2.4890   2.4918   2.5211   2.5279   2.5383   2.5484   2.5498   2.5620
  2.5704   2.5835   2.5934   2.5937   2.6005   2.6105   2.6259   2.6262
  2.6343   2.6379   2.6607   2.6824   2.6854   2.6892   2.6994   2.7048
  2.7125   2.7148   2.7267   2.7363   2.7533   2.7616   2.7762   2.7779
  2.8007   2.8159   2.8183   2.8373   2.8393   2.8449   2.8564   2.8572
  2.8663   2.8739   2.8817   2.8864   2.8996   2.9045   2.9060   2.9087
  2.9100   2.9157   2.9307   2.9363   2.9561   2.9575   2.9667   2.9737
  2.9880   3.0026   3.0190   3.0275   3.0330   3.0359   3.0435   3.0474
  3.0598   3.0715   3.0744   3.0770   3.0864   3.0960   3.1159   3.1249
  3.1367   3.1449   3.1500   3.1622   3.1799   3.1814   3.1987   3.2123
  3.2183   3.2330   3.2364   3.2441   3.2613   3.2635   3.2691   3.2810
  3.3076   3.3324   3.3342   3.3356   3.3428   3.3561   3.3598   3.3667
  3.3839   3.3948   3.4045   3.4186   3.4278   3.4309   3.4454   3.4505
  3.4699   3.4709   3.4860   3.5032   3.5083   3.5252   3.5276   3.5347
  3.5367   3.5503   3.5792   3.5850   3.6028   3.6084   3.6174   3.6206
  3.6318   3.6417   3.6452   3.6597   3.6723   3.6767   3.6999   3.7114
  3.7204   3.7340   3.7446   3.7610   3.7637   3.7800   3.8057   3.8107
  3.8391   3.8639   3.8689   3.8823   3.8879   3.8890   3.9012   3.9154
  3.9165   3.9202   3.9326   3.9372   3.9477   3.9581   3.9596   3.9668
  4.0050   4.0120   4.0321   4.0576   4.0665   4.0743   4.1627   4.1848
  4.1948   4.2171   4.2500   4.2916   4.3127   4.3146   4.3334   4.3956
  4.4121   4.4401   4.4461   4.4620   4.4693   4.4921   4.5159   4.5192
  4.5723   4.5830   4.6547   4.6969   4.7092   4.7286   4.7751   4.7988
  4.8425   4.8833   4.8896   4.9333   4.9938   5.0038   5.0229   5.0494
  5.0593   5.1195   5.1514   5.1627   5.2187   5.2195   5.2462   5.2554
  5.2793   5.3461   5.3594   5.3658   5.3931   5.4185   5.4309   5.4548
  5.4765   5.4853   5.4983   5.5030   5.5179   5.5318   5.5337   5.5500
  5.5653   5.5821   5.6059   5.6123   5.6247   5.6310   5.6337   5.6825
  5.6841   5.6871   5.7179   5.7477   5.7768   5.7780   5.8008   5.8077
  5.8187   5.8247   5.8349   5.8462   5.8493   5.8522   5.8717   5.8820
  5.8846   5.8917   5.8967   5.8995   5.9042   5.9236   5.9323   5.9327
  5.9417   5.9476   5.9532   5.9646   5.9658   5.9741   5.9792   5.9894
  6.0083   6.0119   6.0220   6.0363   6.0380   6.0408   6.0540   6.0547
  6.0837   6.0887   6.1065   6.1167   6.1347   6.1375   6.1425   6.1588
  6.1697   6.1744   6.1908   6.1971   6.1984   6.2197   6.2213   6.2377
  6.2393   6.2456   6.2547   6.2628   6.2629   6.2781   6.2869   6.3074
  6.3257   6.3308   6.3470   6.3476   6.3548   6.3599   6.3665   6.3821
  6.3959   6.4020   6.4044   6.4149   6.4177   6.4268   6.4344   6.4480
  6.4536   6.4786   6.4846   6.4860   6.4957   6.5060   6.5250   6.5355
  6.5399   6.5399   6.5580   6.5683   6.5782   6.5975   6.5988   6.6247
  6.6336   6.6418   6.6424   6.6601   6.6621   6.6702   6.6828   6.6859
  6.6891   6.6994   6.7009   6.7258   6.7486   6.7505   6.7748   6.7996
  6.8017   6.8268   6.8303   6.8496   6.8584   6.8674   6.8790   6.8919
  6.9073   6.9110   6.9320   6.9340   6.9542   6.9586   6.9885   7.0011
  7.0070   7.0438   7.0504   7.0615   7.0918   7.0935   7.0977   7.1170
  7.1202   7.1383   7.1395   7.1597   7.1598   7.1882   7.1902   7.2039
  7.2144   7.2264   7.2450   7.2516   7.2570   7.2832   7.2891   7.3041
  7.3214   7.3265   7.3492   7.3742   7.3899   7.3959   7.4161   7.4284
  7.4293   7.4499   7.4558   7.4626   7.4660   7.4692   7.4821   7.4844
  7.5189   7.5309   7.5414   7.5516   7.5638   7.5747   7.5777   7.5868
  7.5887   7.5941   7.6192   7.6239   7.6291   7.6384   7.6488   7.6562
  7.6588   7.6691   7.6697   7.6845   7.6953   7.7156   7.7233   7.7260
  7.7473   7.7526   7.7578   7.7635   7.7884   7.7908   7.7915   7.8149
  7.8295   7.8418   7.8445   7.8483   7.8612   7.8733   7.8811   7.8903
  7.9085   7.9209   7.9239   7.9336   7.9363   7.9380   7.9460   7.9604
  7.9689   7.9774   7.9884   8.0055   8.0237   8.0246   8.0503   8.0517
  8.0532   8.0697   8.0785   8.0895   8.0944   8.1117   8.1190   8.1548
  8.1587   8.1750   8.1806   8.1924   8.1938   8.2134   8.2162   8.2547
  8.2567   8.3006   8.3161   8.3323   8.3582   8.3655   8.3745   8.3762
  8.3819   8.4056   8.4117   8.4328   8.4367   8.4382   8.4515   8.4528
  8.4609   8.4683   8.4830   8.4936   8.4949   8.5008   8.5065   8.5112
  8.5177   8.5280   8.5318   8.5349   8.5394   8.5495   8.5651   8.5885
  8.5953   8.6033   8.6231   8.6293   8.6408   8.6487   8.6543   8.6761
  8.6840   8.6909   8.7129   8.7168   8.7280   8.7523   8.7719   8.7764
  8.8009   8.8080   8.8117   8.8494   8.8632   8.8778   8.8779   8.9069
  8.9185   8.9442   8.9580   8.9591   8.9646   8.9759   8.9901   8.9989
  9.0256   9.0284   9.0330   9.0481   9.0534   9.0547   9.0594   9.0719
  9.0794   9.0874   9.0887   9.1202   9.1216   9.1260   9.1311   9.1825
  9.2105   9.2411   9.2664   9.2844   9.3093   9.3316   9.3375   9.3885
  9.4083   9.4267   9.4292   9.4413   9.4450   9.4955   9.5371   9.5588
  9.6311   9.6969   9.7025   9.7658   9.7967   9.7980   9.8139   9.8147
  9.8262   9.8385   9.8422   9.8437   9.8526   9.8719   9.8823   9.8914
  9.8916   9.9015   9.9074   9.9086   9.9162   9.9222   9.9410   9.9480
  9.9489   9.9907   9.9987  10.0028  10.0150  10.0343  10.0690  10.1015
 10.1134  10.1322  10.1408  10.1871  10.3343  10.3671  10.3896  10.4146
 10.4248  10.4290  10.4452  10.4529  10.4697  10.5277  10.5298  10.5863
 10.5891  10.6985  10.7019  10.7286  10.7432  10.8595  10.9246  11.0746
 11.1675  11.3948  11.6263  11.7528  12.0536  12.1754  12.1838  12.2010
 12.2324  12.2708  12.3134  12.3587  12.3785  13.0698  13.2932  13.3226
 13.3746  13.4096  13.4487  28.4839  28.8313  28.8344  29.1438  29.2019
 29.2025  29.2441  29.2565  37.5493  37.8182 147.5906 147.9700 147.9732
148.2634 148.3067 148.3108 148.3446 148.4004 196.9191 197.1298
 
 Beta MOs
 -- Occupied --
-14.3261 -14.3257 -10.2226 -10.2226 -10.1858 -10.1627 -10.1594 -10.1594
-10.1587 -10.1586  -1.0131  -0.8281  -0.8238  -0.7455  -0.7052  -0.6992
 -0.6522  -0.6453  -0.5420  -0.5345  -0.4766  -0.4660  -0.4576  -0.4518
 -0.4206  -0.4206  -0.4096  -0.3999  -0.3982  -0.3971  -0.3733  -0.3672
 -0.3545  -0.3229  -0.3163  -0.3040  -0.2696
 -- Virtual --
 -0.1183  -0.0336  -0.0076   0.0217   0.0388   0.0563   0.0579   0.0720
  0.0762   0.0780   0.0919   0.1004   0.1023   0.1050   0.1201   0.1231
  0.1291   0.1314   0.1382   0.1408   0.1459   0.1496   0.1591   0.1596
  0.1712   0.1750   0.1811   0.1973   0.2126   0.2136   0.2248   0.2269
  0.2342   0.2382   0.2415   0.2591   0.2738   0.2758   0.2816   0.2891
  0.2953   0.2986   0.3019   0.3113   0.3149   0.3200   0.3215   0.3298
  0.3350   0.3372   0.3408   0.3484   0.3541   0.3560   0.3656   0.3755
  0.3766   0.3794   0.3817   0.3926   0.3938   0.3965   0.4006   0.4154
  0.4195   0.4220   0.4333   0.4547   0.4652   0.4722   0.4885   0.5037
  0.5043   0.5223   0.5266   0.5401   0.5550   0.5572   0.5655   0.5717
  0.5763   0.5842   0.5921   0.5955   0.6046   0.6149   0.6175   0.6232
  0.6373   0.6491   0.6588   0.6589   0.6725   0.6825   0.7041   0.7063
  0.7103   0.7104   0.7182   0.7264   0.7568   0.7608   0.7746   0.7757
  0.7838   0.7903   0.7938   0.7974   0.7989   0.8075   0.8140   0.8149
  0.8295   0.8352   0.8379   0.8461   0.8487   0.8563   0.8611   0.8683
  0.8697   0.8807   0.8828   0.8989   0.9008   0.9227   0.9284   0.9328
  0.9329   0.9459   0.9501   0.9516   0.9624   0.9644   0.9688   0.9692
  0.9831   0.9996   1.0060   1.0125   1.0206   1.0317   1.0350   1.0545
  1.0587   1.0639   1.0696   1.0867   1.0945   1.0972   1.1152   1.1166
  1.1262   1.1352   1.1381   1.1426   1.1560   1.1675   1.1799   1.1805
  1.1840   1.1869   1.2089   1.2119   1.2224   1.2244   1.2371   1.2385
  1.2445   1.2909   1.2964   1.3089   1.3208   1.3215   1.3300   1.3431
  1.3508   1.3615   1.3729   1.3731   1.3874   1.3956   1.4133   1.4169
  1.4374   1.4395   1.4497   1.4547   1.4549   1.4684   1.4778   1.4873
  1.5072   1.5138   1.5197   1.5245   1.5402   1.5526   1.5581   1.5860
  1.5951   1.5994   1.6126   1.6203   1.6250   1.6351   1.6489   1.6837
  1.6915   1.6987   1.7041   1.7204   1.7476   1.7528   1.7832   1.7846
  1.7991   1.8051   1.8075   1.8287   1.8413   1.8462   1.8555   1.8637
  1.8797   1.8802   1.8841   1.8844   1.8943   1.9121   1.9227   1.9348
  1.9385   1.9613   1.9679   1.9719   1.9792   1.9794   1.9884   1.9947
  2.0027   2.0150   2.0189   2.0308   2.0476   2.0603   2.0611   2.0655
  2.0823   2.0825   2.0977   2.1030   2.1108   2.1272   2.1278   2.1390
  2.1400   2.1665   2.1688   2.1752   2.1774   2.1901   2.1924   2.2099
  2.2146   2.2238   2.2273   2.2411   2.2490   2.2493   2.2582   2.2664
  2.2833   2.2981   2.3049   2.3136   2.3149   2.3166   2.3346   2.3407
  2.3476   2.3509   2.3559   2.3657   2.3762   2.3890   2.3922   2.4041
  2.4205   2.4339   2.4343   2.4383   2.4461   2.4489   2.4575   2.4702
  2.4793   2.4858   2.4928   2.4961   2.5228   2.5320   2.5414   2.5523
  2.5524   2.5669   2.5735   2.5847   2.5960   2.5978   2.6074   2.6135
  2.6280   2.6308   2.6377   2.6394   2.6626   2.6854   2.6909   2.6924
  2.7089   2.7092   2.7156   2.7249   2.7311   2.7411   2.7571   2.7697
  2.7808   2.7821   2.8034   2.8200   2.8217   2.8402   2.8429   2.8501
  2.8605   2.8628   2.8740   2.8801   2.8845   2.8888   2.9032   2.9078
  2.9093   2.9121   2.9155   2.9195   2.9324   2.9387   2.9615   2.9616
  2.9691   2.9779   2.9914   3.0115   3.0244   3.0358   3.0388   3.0411
  3.0461   3.0512   3.0626   3.0771   3.0824   3.0833   3.0949   3.1003
  3.1204   3.1328   3.1429   3.1489   3.1562   3.1650   3.1883   3.1894
  3.2112   3.2188   3.2240   3.2372   3.2455   3.2527   3.2654   3.2706
  3.2747   3.2889   3.3128   3.3381   3.3399   3.3481   3.3524   3.3595
  3.3688   3.3750   3.3886   3.4015   3.4077   3.4222   3.4319   3.4411
  3.4477   3.4554   3.4745   3.4759   3.5045   3.5132   3.5162   3.5317
  3.5338   3.5376   3.5513   3.5541   3.5846   3.5959   3.6092   3.6166
  3.6217   3.6302   3.6384   3.6495   3.6523   3.6677   3.6776   3.6819
  3.7066   3.7182   3.7239   3.7379   3.7531   3.7703   3.7776   3.7880
  3.8124   3.8184   3.8485   3.8685   3.8751   3.8909   3.8915   3.8916
  3.9046   3.9184   3.9243   3.9273   3.9340   3.9409   3.9541   3.9636
  3.9652   3.9755   4.0136   4.0187   4.0419   4.0705   4.0751   4.0851
  4.1663   4.1961   4.2154   4.2252   4.2586   4.3022   4.3212   4.3271
  4.3461   4.4129   4.4194   4.4447   4.4559   4.4656   4.4751   4.4961
  4.5233   4.5269   4.5782   4.5952   4.6666   4.7149   4.7158   4.7464
  4.7868   4.8073   4.8479   4.8946   4.9013   4.9409   4.9999   5.0101
  5.0273   5.0587   5.0650   5.1244   5.1581   5.1690   5.2251   5.2251
  5.2477   5.2623   5.2846   5.3511   5.3607   5.3719   5.3981   5.4206
  5.4321   5.4567   5.4773   5.4889   5.4999   5.5057   5.5201   5.5339
  5.5360   5.5521   5.5669   5.5877   5.6074   5.6143   5.6274   5.6339
  5.6371   5.6840   5.6873   5.6908   5.7201   5.7513   5.7787   5.7807
  5.8018   5.8098   5.8227   5.8283   5.8364   5.8490   5.8523   5.8546
  5.8752   5.8835   5.8868   5.8950   5.8983   5.9047   5.9065   5.9282
  5.9343   5.9346   5.9443   5.9490   5.9539   5.9668   5.9682   5.9752
  5.9817   5.9914   6.0102   6.0161   6.0230   6.0396   6.0408   6.0432
  6.0553   6.0568   6.0859   6.0915   6.1085   6.1198   6.1369   6.1390
  6.1454   6.1608   6.1736   6.1772   6.1924   6.1992   6.1997   6.2234
  6.2251   6.2397   6.2435   6.2486   6.2572   6.2652   6.2653   6.2805
  6.2900   6.3092   6.3283   6.3329   6.3485   6.3495   6.3575   6.3623
  6.3698   6.3835   6.3974   6.4048   6.4075   6.4183   6.4195   6.4294
  6.4379   6.4506   6.4558   6.4824   6.4907   6.4911   6.4995   6.5099
  6.5297   6.5382   6.5431   6.5475   6.5625   6.5740   6.5822   6.6010
  6.6055   6.6323   6.6443   6.6444   6.6486   6.6655   6.6667   6.6743
  6.6861   6.6904   6.7000   6.7031   6.7065   6.7307   6.7522   6.7574
  6.7795   6.8051   6.8059   6.8303   6.8334   6.8531   6.8640   6.8702
  6.8830   6.8948   6.9157   6.9172   6.9374   6.9385   6.9620   6.9650
  6.9928   7.0072   7.0104   7.0471   7.0602   7.0657   7.0939   7.0982
  7.1004   7.1207   7.1244   7.1423   7.1434   7.1645   7.1664   7.1916
  7.1937   7.2081   7.2252   7.2327   7.2499   7.2602   7.2628   7.2900
  7.2969   7.3135   7.3290   7.3340   7.3537   7.3780   7.3945   7.3989
  7.4218   7.4320   7.4325   7.4587   7.4609   7.4666   7.4685   7.4712
  7.4887   7.4902   7.5226   7.5328   7.5519   7.5576   7.5663   7.5839
  7.5859   7.5922   7.5942   7.5970   7.6220   7.6287   7.6357   7.6408
  7.6509   7.6593   7.6620   7.6710   7.6741   7.6883   7.6998   7.7215
  7.7294   7.7327   7.7503   7.7546   7.7630   7.7669   7.7922   7.7952
  7.8067   7.8183   7.8325   7.8441   7.8505   7.8507   7.8670   7.8766
  7.8861   7.8934   7.9104   7.9230   7.9255   7.9363   7.9405   7.9436
  7.9504   7.9638   7.9791   7.9799   7.9957   8.0087   8.0284   8.0381
  8.0535   8.0571   8.0715   8.0734   8.0823   8.0929   8.0985   8.1133
  8.1219   8.1578   8.1635   8.1793   8.1830   8.1974   8.2043   8.2176
  8.2264   8.2581   8.2700   8.3037   8.3178   8.3340   8.3600   8.3667
  8.3760   8.3785   8.3836   8.4110   8.4142   8.4344   8.4405   8.4411
  8.4541   8.4561   8.4630   8.4709   8.4853   8.4948   8.4962   8.5021
  8.5086   8.5125   8.5214   8.5343   8.5345   8.5362   8.5411   8.5512
  8.5663   8.5908   8.6000   8.6065   8.6257   8.6340   8.6482   8.6532
  8.6572   8.6783   8.6945   8.6979   8.7200   8.7264   8.7338   8.7583
  8.7790   8.7803   8.8091   8.8192   8.8250   8.8601   8.8737   8.8846
  8.8875   8.9192   8.9292   8.9475   8.9619   8.9642   8.9788   8.9881
  8.9953   9.0019   9.0286   9.0313   9.0372   9.0525   9.0543   9.0615
  9.0630   9.0755   9.0842   9.0926   9.0975   9.1255   9.1330   9.1384
  9.1419   9.2049   9.2386   9.2683   9.2927   9.3167   9.3169   9.3499
  9.3535   9.4005   9.4286   9.4514   9.4661   9.4763   9.4913   9.5308
  9.5766   9.5980   9.6649   9.7258   9.7269   9.7685   9.7984   9.8011
  9.8165   9.8203   9.8288   9.8447   9.8468   9.8481   9.8572   9.8739
  9.8838   9.8980   9.8981   9.9029   9.9091   9.9098   9.9212   9.9238
  9.9454   9.9496   9.9615   9.9932  10.0048  10.0092  10.0433  10.0551
 10.0909  10.1045  10.1166  10.1444  10.1532  10.2124  10.3403  10.3722
 10.3976  10.4180  10.4268  10.4304  10.4472  10.4541  10.4771  10.5465
 10.5519  10.5876  10.5927  10.7003  10.7034  10.7300  10.7738  10.8930
 10.9286  11.1238  11.1705  11.4365  11.6591  11.8073  12.0548  12.1760
 12.1852  12.2023  12.2327  12.2718  12.3140  12.3601  12.3790  13.0707
 13.3116  13.3230  13.3750  13.4103  13.4492  28.4850  28.8354  28.8386
 29.1444  29.2026  29.2031  29.2447  29.2570  37.5815  37.8498 147.5910
147.9716 147.9749 148.2635 148.3071 148.3110 148.3448 148.4007 196.9298
197.1405
 --------------------------------------------------------------
 
          Ground-State Mulliken Net Atomic Charges

     Atom                 Charge (a.u.)    Spin (a.u.)
  --------------------------------------------------------
      1 C                     0.227182       0.092283
      2 N                    -0.213241       0.848954
      3 N                    -0.213193       0.848907
      4 C                     0.222892       0.092090
      5 C                     0.120821       0.039295
      6 C                    -0.249495       0.012443
      7 C                    -0.208857       0.004955
      8 C                    -0.206075       0.024795
      9 C                    -0.209096       0.024963
     10 C                    -0.209050       0.004998
     11 H                     0.066915       0.004188
     12 H                     0.065437       0.004202
     13 H                     0.058440       0.003528
     14 H                     0.071590      -0.001538
     15 H                     0.064324      -0.002248
     16 H                     0.070917      -0.001555
     17 H                     0.064957       0.003164
     18 H                     0.071319      -0.002251
     19 H                     0.066186       0.003150
     20 H                     0.071762      -0.002338
     21 H                     0.070491      -0.001677
     22 H                     0.072642      -0.001555
     23 H                     0.064773      -0.002278
     24 H                     0.058358       0.003525
  --------------------------------------------------------
  Sum of atomic charges =    -0.000000
  Sum of spin   charges =     2.000000

 -----------------------------------------------------------------
                    Cartesian Multipole Moments
 -----------------------------------------------------------------
    Charge (ESU x 10^10)
                -0.0000
    Dipole Moment (Debye)
         X       1.7958      Y      -1.5980      Z       0.3426
       Tot       2.4281
    Quadrupole Moments (Debye-Ang)
        XX     -65.1158     XY       2.6347     YY     -63.7133
        XZ       0.9585     YZ       2.8317     ZZ     -59.0814
    Octopole Moments (Debye-Ang^2)
       XXX      32.6046    XXY     -15.9243    XYY      15.4899
       YYY     -26.4932    XXZ       1.8683    XYZ      -1.4644
       YYZ       3.6017    XZZ       9.6508    YZZ      -8.9887
       ZZZ       5.5465
    Hexadecapole Moments (Debye-Ang^3)
      XXXX    -476.8554   XXXY       2.3834   XXYY    -168.9521
      XYYY      -4.1519   YYYY    -531.1306   XXXZ     -40.3284
      XXYZ     -37.2305   XYYZ     -25.2305   YYYZ     -90.7634
      XXZZ    -223.1497   XYZZ      -2.3413   YYZZ    -239.4476
      XZZZ     -43.8403   YZZZ     -98.4434   ZZZZ    -907.2373
 -----------------------------------------------------------------
 Total job time:  284.31s(wall), 7754.37s(cpu) 
 Fri Aug  2 08:33:27 2024

        *************************************************************
        *                                                           *
        *  Thank you very much for using Q-Chem.  Have a nice day.  *
        *                                                           *
        *************************************************************


