
Running Job 1 of 1 n2-ts1-triplet-wb97xd-c1-B3PW91.in
qchem n2-ts1-triplet-wb97xd-c1-B3PW91.in_1747181.0 /expanse/lustre/scratch/whughes/temp_project/job_32712826/n2-ts1-triplet-wb97xd-c1-B3PW91-32712826/ 0
/cm/shared/apps/spack/0.17.3/cpu/b/opt/spack/linux-rocky8-zen2/gcc-10.2.0/qchem-6.0-rytxnwjazd34ekd2gqyi5ufsaimxsd3r/exe/qcprog.exe_s n2-ts1-triplet-wb97xd-c1-B3PW91.in_1747181.0 /expanse/lustre/scratch/whughes/temp_project/job_32712826/n2-ts1-triplet-wb97xd-c1-B3PW91-32712826/
                  Welcome to Q-Chem
     A Quantum Leap Into The Future Of Chemistry


 Q-Chem 6.0, Q-Chem, Inc., Pleasanton, CA (2022)

 License issued to: University of California, San Diego (site)

 E. Epifanovsky,  A. T. B. Gilbert,  Xintian Feng,  Joonho Lee,  Yuezhi Mao,  
 N. Mardirossian,  P. Pokhilko,  A. White,  M. Wormit,  M. P. Coons,  
 A. L. Dempwolff,  Zhengting Gan,  D. Hait,  P. R. Horn,  L. D. Jacobson,  
 I. Kaliman,  J. Kussmann,  A. W. Lange,  Ka Un Lao,  D. S. Levine,  Jie Liu,  
 S. C. McKenzie,  A. F. Morrison,  K. Nanda,  F. Plasser,  D. R. Rehn,  
 M. L. Vidal,  Zhi-Qiang You,  Ying Zhu,  B. Alam,  B. Albrecht,  
 A. Aldossary,  E. Alguire,  J. H. Andersen,  V. Athavale,  D. Barton,  
 K. Begam,  A. Behn,  N. Bellonzi,  Y. A. Bernard,  E. J. Berquist,  
 H. Burton,  A. Carreras,  K. Carter-Fenk,  Romit Chakraborty,  
 Chandrima Chakravarty,  Junhan Chen,  A. D. Chien,  K. D. Closser,  
 V. Cofer-Shabica,  L. Cunha,  S. Dasgupta,  Jia Deng,  M. de Wergifosse,  
 M. Diedenhofen,  Hainam Do,  S. Ehlert,  Po-Tung Fang,  S. Fatehi,  
 Qingguo Feng,  T. Friedhoff,  B. Ganoe,  J. Gayvert,  Qinghui Ge,  
 G. Gidofalvi,  M. Goldey,  J. Gomes,  C. Gonzalez-Espinoza,  S. Gulania,  
 A. Gunina,  J. A. Gyamfi,  M. W. D. Hanson-Heine,  P. H. P. Harbach,  
 A. W. Hauser,  M. F. Herbst,  M. Hernandez Vera,  M. Hodecker,  
 Z. C. Holden,  S. Houck,  Xunkun Huang,  Kerwin Hui,  B. C. Huynh,  
 K. Ikeda,  M. Ivanov,  Hyunjun Ji,  Zuxin Jin,  Hanjie Jiang,  B. Kaduk,  
 S. Kaehler,  R. Kang,  K. Khistyaev,  Jaehoon Kim,  Yongbin Kim,  
 P. Klunzinger,  Z. Koczor-Benda,  Joong Hoon Koh,  D. Kosenkov,  
 Saikiran Kotaru,  L. Koulias,  T. Kowalczyk,  C. M. Krauter,  K. Kue,  
 A. Kunitsa,  T. Kus,  A. Landau,  K. V. Lawler,  D. Lefrancois,  S. Lehtola,  
 Rain Li,  Shaozhi Li,  Yi-Pei Li,  Jiashu Liang,  M. Liebenthal,  
 Hung-Hsuan Lin,  You-Sheng Lin,  Fenglai Liu,  Kuan-Yu Liu,  
 M. Loipersberger,  A. Luenser,  C. Malbon,  A. Manjanath,  P. Manohar,  
 E. Mansoor,  S. F. Manzer,  Shan-Ping Mao,  A. V. Marenich,  T. Markovich,  
 S. Mason,  F. Matz,  S. A. Maurer,  P. F. McLaughlin,  M. F. S. J. Menger,  
 J.-M. Mewes,  S. A. Mewes,  P. Morgante,  Mohammad Mostafanejad,  
 J. W. Mullinax,  K. J. Oosterbaan,  G. Paran,  V. Parravicini,  
 Alexander C. Paul,  Suranjan K. Paul,  F. Pavosevic,  Zheng Pei,  S. Prager,  
 E. I. Proynov,  E. Ramos,  B. Rana,  A. E. Rask,  A. Rettig,  R. M. Richard,  
 F. Rob,  E. Rossomme,  T. Scheele,  M. Scheurer,  M. Schneider,  
 P. E. Schneider,  N. Sergueev,  S. M. Sharada,  Hengyuan Shen,  
 W. Skomorowski,  D. W. Small,  C. J. Stein,  Yingli Su,  Yu-Chuan Su,  
 E. J. Sundstrom,  Zhen Tao,  J. Thirman,  Hung-Yi Tsai,  T. Tsuchimochi,  
 N. M. Tubman,  C. Utku,  S. P. Veccham,  O. Vydrov,  J. Wenzel,  
 Jonathan Wong,  J. Witte,  A. Yamada,  Chou-Hsun Yang,  Kun Yao,  
 S. Yeganeh,  S. R. Yost,  A. Zech,  F. Zeller,  Igor Ying Zhang,  
 Xing Zhang,  Yu Zhang,  D. Zuev,  A. Aspuru-Guzik,  A. T. Bell,  
 N. A. Besley,  K. B. Bravaya,  B. R. Brooks,  D. Casanova,  Jeng-Da Chai,  
 Hsing-Ta Chen,  S. Coriani,  C. J. Cramer,  A. E. DePrince, III,  
 R. A. DiStasio Jr.,  A. Dreuw,  B. D. Dunietz,  T. R. Furlani,  
 W. A. Goddard III,  S. Grimme,  S. Hammes-Schiffer,  T. Head-Gordon,  
 W. J. Hehre,  Chao-Ping Hsu,  T.-C. Jagau,  Yousung Jung,  A. Klamt,  
 Jing Kong,  D. S. Lambrecht,  Xiangyuan Li,  WanZhen Liang,  N. J. Mayhall,  
 C. W. McCurdy,  J. B. Neaton,  T. Neudecker,  C. Ochsenfeld,  
 J. A. Parkhill,  R. Peverati,  V. A. Rassolov,  Haisheng Ren,  Yihan Shao,  
 L. V. Slipchenko,  R. P. Steele,  J. E. Subotnik,  A. J. W. Thom,  
 A. Tkatchenko,  D. G. Truhlar,  T. Van Voorhis,  Fan Wang,  
 T. A. Wesolowski,  K. B. Whaley,  H. L. Woodcock III,  P. M. Zimmerman,  
 S. Faraji,  P. M. W. Gill,  M. Head-Gordon,  J. M. Herbert,  A. I. Krylov

 Contributors to earlier versions of Q-Chem not listed above: 
 R. D. Adamson,  B. Austin,  R. Baer,  J. Baker,  G. J. O. Beran,  
 K. Brandhorst,  S. T. Brown,  E. F. C. Byrd,  Arup K. Chakraborty,  
 G. K. L. Chan,  Chun-Min Chang,  Yunqing Chen,  C.-L. Cheng,  
 Siu Hung Chien,  D. M. Chipman,  D. L. Crittenden,  H. Dachsel,  
 R. J. Doerksen,  A. D. Dutoi,  R. G. Edgar,  J. Fosso-Tande,  
 L. Fusti-Molnar,  D. Ghosh,  A. Ghysels,  A. Golubeva-Zadorozhnaya,  
 J. Gonthier,  M. S. Gordon,  S. R. Gwaltney,  G. Hawkins,  J. E. Herr,  
 A. Heyden,  S. Hirata,  E. G. Hohenstein,  G. Kedziora,  F. J. Keil,  
 C. Kelley,  Jihan Kim,  R. A. King,  R. Z. Khaliullin,  P. P. Korambath,  
 W. Kurlancheek,  A. Laurent,  A. M. Lee,  M. S. Lee,  S. V. Levchenko,  
 Ching Yeh Lin,  D. Liotard,  E. Livshits,  R. C. Lochan,  I. Lotan,  
 L. A. Martinez-Martinez,  P. E. Maslen,  N. Nair,  D. P. O'Neill,  
 D. Neuhauser,  E. Neuscamman,  C. M. Oana,  R. Olivares-Amaya,  R. Olson,  
 T. M. Perrine,  B. Peters,  P. A. Pieniazek,  A. Prociuk,  Y. M. Rhee,  
 J. Ritchie,  M. A. Rohrdanz,  E. Rosta,  N. J. Russ,  H. F. Schaefer III,  
 M. W. Schmidt,  N. E. Schultz,  S. Sharma,  N. Shenvi,  C. D. Sherrill,  
 A. C. Simmonett,  A. Sodt,  T. Stein,  D. Stuck,  K. S. Thanthiriwatte,  
 V. Vanovschi,  L. Vogt,  Tao Wang,  A. Warshel,  M. A. Watson,  
 C. F. Williams,  Q. Wu,  X. Xu,  Jun Yang,  W. Zhang,  Yan Zhao

   Please cite Q-Chem as follows:
  "Software for the frontiers of quantum chemistry:
   An overview of developments in the Q-Chem 5 package"
   J. Chem. Phys. 155, 084801 (2021)
   https://doi.org/10.1063/5.0055522 (open access)

 Q-Chem 6.0.2 for Intel X86 EM64T Linux

 Parts of Q-Chem use Armadillo 9.900.5 (Nocturnal Misbehaviour).
 http://arma.sourceforge.net/

 Q-Chem begins on Fri Aug  2 08:31:47 2024  

 Host: 
0

     Scratch files written to /expanse/lustre/scratch/whughes/temp_project/job_32712826/n2-ts1-triplet-wb97xd-c1-B3PW91-32712826//
 Dec722 |scratch|qcdevops|jenkins|workspace|build_RNUM    
 Processing $rem in /cm/shared/apps/spack/0.17.3/cpu/b/opt/spack/linux-rocky8-zen2/gcc-10.2.0/qchem-6.0-rytxnwjazd34ekd2gqyi5ufsaimxsd3r/config/preferences:
 Processing $rem in /home/whughes/.qchemrc:

 Checking the input file for inconsistencies... 	...done.

--------------------------------------------------------------
User input:
--------------------------------------------------------------
$molecule
0 3
C    -0.4909757275   -0.2284012248   -1.1619811244
N    -1.2231650067   1.0532372813    -0.8805356259
N    -1.6291450366   1.1122291418    0.2529963797
C    0.0769430874    0.6623584574    1.1558065248
C    0.3701070573    -0.3693209931   0.1125121987
C    1.2742211985    -1.3231896345   0.2748172243
C    -0.3262510731   0.1806053158    2.5097454845
C    0.8951572922    1.9132456217    1.0793476661
C    -1.4712993801   -1.3916232227   -1.2847578986
C    0.3335652335    -0.048508535    -2.4252103972
H    1.4750282677    -2.0554052846   -0.4987006503
H    1.8520263169    -1.410928003    1.1870538398
H    0.530790603     -0.2747155305   3.0202334743
H    -0.6830170449   1.0067161841    3.1252768867
H    -1.1098570573   -0.5732990972   2.4363980408
H    0.502221462     2.682181798     1.7454003182
H    1.9286784749    1.6957286717    1.3742134776
H    0.917582257     2.3037568816    0.0607661105
H    -0.9278981853   -2.3282064969   -1.4189200506
H    -2.0847612457   -1.4712053989   -0.3877632443
H    -2.1243594817   -1.2413634015   -2.146136134
H    -0.3230531954   0.1184913374    -3.2802110014
H    1.0050802648    0.8045412013    -2.3295531659
H    0.931978919     -0.9400300692   -2.6174783336
$end

$rem
METHOD      B3PW91
BASIS       def2-QZVPP
SYM_IGNORE   TRUE
DFT_D       D4
MAX_SCF_CYCLES 300
$end

$end
--------------------------------------------------------------
 Adding empirical dispersion correction 
 ----------------------------------------------------------------
 Doing -D4(0) with B3PW parameters:
 s6  =   1.00000
 s8  =   2.88364
 s10 =   0.00000
 s9 =   1.00000
 a1  =   0.46991
 a2  =   4.51641
 -D4 energy including 3body term = -0.0393273576 hartrees
 ----------------------------------------------------------------
             Standard Nuclear Orientation (Angstroms)
    I     Atom           X                Y                Z
 ----------------------------------------------------------------
    1      C      -0.4909757275    -0.2284012248    -1.1619811244
    2      N      -1.2231650067     1.0532372813    -0.8805356259
    3      N      -1.6291450366     1.1122291418     0.2529963797
    4      C       0.0769430874     0.6623584574     1.1558065248
    5      C       0.3701070573    -0.3693209931     0.1125121987
    6      C       1.2742211985    -1.3231896345     0.2748172243
    7      C      -0.3262510731     0.1806053158     2.5097454845
    8      C       0.8951572922     1.9132456217     1.0793476661
    9      C      -1.4712993801    -1.3916232227    -1.2847578986
   10      C       0.3335652335    -0.0485085350    -2.4252103972
   11      H       1.4750282677    -2.0554052846    -0.4987006503
   12      H       1.8520263169    -1.4109280030     1.1870538398
   13      H       0.5307906030    -0.2747155305     3.0202334743
   14      H      -0.6830170449     1.0067161841     3.1252768867
   15      H      -1.1098570573    -0.5732990972     2.4363980408
   16      H       0.5022214620     2.6821817980     1.7454003182
   17      H       1.9286784749     1.6957286717     1.3742134776
   18      H       0.9175822570     2.3037568816     0.0607661105
   19      H      -0.9278981853    -2.3282064969    -1.4189200506
   20      H      -2.0847612457    -1.4712053989    -0.3877632443
   21      H      -2.1243594817    -1.2413634015    -2.1461361340
   22      H      -0.3230531954     0.1184913374    -3.2802110014
   23      H       1.0050802648     0.8045412013    -2.3295531659
   24      H       0.9319789190    -0.9400300692    -2.6174783336
 ----------------------------------------------------------------
 Nuclear Repulsion Energy =         556.89917378 hartrees
 There are       39 alpha and       37 beta electrons
 Requested basis set is def2-QZVPP
 There are 310 shells and 990 basis functions

 Total QAlloc Memory Limit   8000 MB
 Mega-Array Size       188 MB
 MEM_STATIC part       192 MB

 A cutoff of  1.0D-09 yielded  35163 shell pairs
 There are    345955 function pairs (    511286 Cartesian)
 Smallest overlap matrix eigenvalue = 1.51E-05

 Q-Chem warning in module stvman/mkSTV.C, line 305:

 Overlap eigenvalue is smaller than square root of threshold
 Use THRESH >= 12 to get rid of this warning


 Scale SEOQF with 1.000000e-01/1.000000e-01/1.000000e-01

 Standard Electronic Orientation quadrupole field applied
 Nucleus-field energy     =    -0.0000000086 hartrees
 Guess from superposition of atomic densities
 Warning:  Energy on first SCF cycle will be non-variational
 SAD guess density has 76.000000 electrons

 -----------------------------------------------------------------------
  General SCF calculation program by
  Eric Jon Sundstrom, Paul Horn, Yuezhi Mao, Dmitri Zuev, Alec White,
  David Stuck, Shaama M.S., Shane Yost, Joonho Lee, David Small,
  Daniel Levine, Susi Lehtola, Hugh Burton, Evgeny Epifanovsky,
  Bang C. Huynh
 -----------------------------------------------------------------------
 Exchange:     0.2000 Hartree-Fock + 0.0800 Slater + 0.7200 B88
 Correlation:  0.1900 PW92 + 0.8100 PW91
 Using SG-1 standard quadrature grid
 Dispersion:   Grimme D4
 using 32 threads for integral computing
 -------------------------------------------------------
 OpenMP Integral computing Module                
 Release: version 1.0, May 2013, Q-Chem Inc. Pittsburgh 
 -------------------------------------------------------
 A unrestricted SCF calculation will be
 performed using DIIS
 SCF converges when DIIS error is below 1.0e-05
 ---------------------------------------
  Cycle       Energy         DIIS error
 ---------------------------------------
    1    -424.5066200922      5.55e-03  
    2    -422.4823577901      6.53e-04  
    3    -422.4554927363      6.82e-04  
    4    -422.6879736461      1.07e-04  
    5    -422.6921167988      5.79e-05  
    6    -422.6937340146      1.33e-05  
    7    -422.6938039999      8.57e-06  Convergence criterion met
 ---------------------------------------
 SCF time:   CPU 7670.94s  wall 271.00s 
<S^2> =          2.012436020
 SCF   energy in the final basis set =     -422.6938039999
 Total energy in the final basis set =     -422.6938039999
 
 --------------------------------------------------------------
 
                    Orbital Energies (a.u.)
 --------------------------------------------------------------
 
 Alpha MOs
 -- Occupied --
-14.3424 -14.3406 -10.2257 -10.2202 -10.1874 -10.1645 -10.1635 -10.1629
-10.1593 -10.1581  -1.0455  -0.8530  -0.8192  -0.7500  -0.7109  -0.7024
 -0.6638  -0.6310  -0.5620  -0.5198  -0.4879  -0.4804  -0.4600  -0.4530
 -0.4335  -0.4258  -0.4195  -0.4058  -0.4031  -0.3999  -0.3818  -0.3751
 -0.3698  -0.3666  -0.3503  -0.3257  -0.2748  -0.2239  -0.1602
 -- Virtual --
 -0.0111   0.0014   0.0204   0.0381   0.0536   0.0578   0.0705   0.0761
  0.0766   0.0916   0.0998   0.1003   0.1062   0.1151   0.1214   0.1279
  0.1298   0.1384   0.1414   0.1438   0.1539   0.1593   0.1670   0.1687
  0.1819   0.1849   0.1989   0.2064   0.2109   0.2226   0.2307   0.2332
  0.2440   0.2539   0.2622   0.2682   0.2794   0.2825   0.2945   0.2970
  0.3036   0.3087   0.3101   0.3119   0.3175   0.3214   0.3274   0.3392
  0.3405   0.3435   0.3525   0.3545   0.3604   0.3652   0.3719   0.3739
  0.3806   0.3841   0.3862   0.3886   0.4036   0.4068   0.4149   0.4199
  0.4264   0.4394   0.4561   0.4599   0.4819   0.4970   0.5041   0.5138
  0.5189   0.5324   0.5395   0.5525   0.5590   0.5663   0.5710   0.5808
  0.5879   0.5978   0.6094   0.6113   0.6183   0.6268   0.6385   0.6473
  0.6566   0.6637   0.6693   0.6802   0.6895   0.6941   0.6973   0.7077
  0.7119   0.7202   0.7445   0.7676   0.7692   0.7727   0.7792   0.7826
  0.7877   0.7942   0.7948   0.8041   0.8098   0.8121   0.8294   0.8300
  0.8330   0.8423   0.8449   0.8524   0.8569   0.8645   0.8653   0.8740
  0.8795   0.8878   0.8975   0.9003   0.9135   0.9260   0.9339   0.9364
  0.9413   0.9550   0.9577   0.9604   0.9661   0.9706   0.9778   0.9833
  0.9993   1.0108   1.0135   1.0204   1.0275   1.0347   1.0352   1.0530
  1.0613   1.0824   1.0866   1.0908   1.0975   1.1015   1.1157   1.1274
  1.1300   1.1338   1.1424   1.1529   1.1641   1.1711   1.1787   1.1880
  1.1931   1.1949   1.2092   1.2097   1.2180   1.2354   1.2439   1.2633
  1.2884   1.2890   1.2945   1.3024   1.3128   1.3244   1.3401   1.3442
  1.3563   1.3689   1.3818   1.3854   1.3929   1.3964   1.4073   1.4183
  1.4284   1.4335   1.4345   1.4519   1.4611   1.4746   1.4832   1.4866
  1.4973   1.5118   1.5213   1.5304   1.5472   1.5581   1.5630   1.5819
  1.5938   1.6041   1.6117   1.6197   1.6268   1.6382   1.6537   1.6757
  1.6805   1.7054   1.7344   1.7476   1.7656   1.7703   1.7823   1.7968
  1.8046   1.8218   1.8326   1.8471   1.8514   1.8589   1.8727   1.8759
  1.8821   1.8892   1.8910   1.9132   1.9188   1.9309   1.9410   1.9431
  1.9496   1.9631   1.9660   1.9773   1.9798   1.9938   1.9958   2.0096
  2.0145   2.0211   2.0361   2.0429   2.0505   2.0606   2.0712   2.0803
  2.0881   2.0974   2.1032   2.1129   2.1253   2.1372   2.1383   2.1517
  2.1574   2.1645   2.1664   2.1774   2.1814   2.1934   2.1991   2.2045
  2.2141   2.2291   2.2327   2.2481   2.2582   2.2652   2.2715   2.2838
  2.2934   2.2980   2.3005   2.3121   2.3181   2.3224   2.3343   2.3374
  2.3580   2.3647   2.3709   2.3767   2.3787   2.3928   2.4072   2.4112
  2.4213   2.4260   2.4445   2.4571   2.4596   2.4656   2.4705   2.4780
  2.4808   2.4925   2.4980   2.5085   2.5243   2.5305   2.5409   2.5438
  2.5672   2.5787   2.5826   2.5903   2.5970   2.6022   2.6061   2.6289
  2.6413   2.6446   2.6480   2.6549   2.6619   2.6706   2.6878   2.6906
  2.7006   2.7055   2.7135   2.7237   2.7308   2.7433   2.7670   2.7729
  2.7821   2.7911   2.8083   2.8140   2.8174   2.8335   2.8431   2.8487
  2.8587   2.8691   2.8744   2.8791   2.8829   2.8932   2.8982   2.9094
  2.9168   2.9185   2.9244   2.9294   2.9348   2.9430   2.9603   2.9635
  2.9833   2.9878   2.9933   3.0055   3.0132   3.0295   3.0362   3.0442
  3.0473   3.0569   3.0699   3.0718   3.0779   3.0826   3.0933   3.0966
  3.1138   3.1390   3.1448   3.1542   3.1600   3.1703   3.1804   3.1847
  3.2064   3.2177   3.2250   3.2429   3.2447   3.2526   3.2642   3.2806
  3.2908   3.2987   3.3110   3.3155   3.3224   3.3315   3.3428   3.3527
  3.3628   3.3654   3.3721   3.3868   3.3922   3.4076   3.4212   3.4437
  3.4476   3.4592   3.4624   3.4760   3.4779   3.4930   3.4948   3.5060
  3.5331   3.5364   3.5470   3.5552   3.5677   3.5752   3.5897   3.5960
  3.6186   3.6281   3.6396   3.6410   3.6503   3.6636   3.6714   3.6822
  3.6935   3.7158   3.7206   3.7352   3.7442   3.7487   3.7887   3.7947
  3.8079   3.8172   3.8252   3.8410   3.8571   3.8667   3.8908   3.8968
  3.9038   3.9053   3.9152   3.9224   3.9295   3.9360   3.9523   3.9633
  3.9659   3.9807   4.0063   4.0190   4.0362   4.0462   4.0921   4.1089
  4.1492   4.1876   4.2003   4.2354   4.2524   4.2848   4.3073   4.3300
  4.3655   4.3887   4.4442   4.4508   4.4595   4.4729   4.4953   4.5159
  4.5414   4.5851   4.6269   4.6631   4.7053   4.7664   4.7891   4.8198
  4.8260   4.8655   4.9224   4.9470   4.9732   5.0136   5.0189   5.0379
  5.0615   5.1029   5.1246   5.1676   5.1866   5.2120   5.2241   5.2600
  5.2850   5.3077   5.3414   5.3590   5.3679   5.3818   5.4251   5.4321
  5.4452   5.4570   5.4699   5.4804   5.5033   5.5138   5.5274   5.5321
  5.5637   5.5654   5.5729   5.5860   5.6184   5.6273   5.6377   5.6475
  5.6691   5.6926   5.7048   5.7237   5.7306   5.7678   5.7750   5.7938
  5.7993   5.8071   5.8124   5.8241   5.8273   5.8454   5.8541   5.8559
  5.8716   5.8851   5.8907   5.8941   5.8986   5.9061   5.9139   5.9230
  5.9311   5.9408   5.9461   5.9562   5.9592   5.9625   5.9689   5.9830
  5.9928   5.9971   6.0087   6.0164   6.0217   6.0421   6.0497   6.0581
  6.0615   6.0760   6.0830   6.0861   6.1064   6.1180   6.1340   6.1458
  6.1481   6.1666   6.1735   6.1835   6.1873   6.2015   6.2020   6.2247
  6.2291   6.2359   6.2419   6.2520   6.2559   6.2682   6.2789   6.2966
  6.3041   6.3247   6.3290   6.3375   6.3470   6.3540   6.3613   6.3722
  6.3754   6.3822   6.3897   6.4029   6.4111   6.4190   6.4265   6.4316
  6.4451   6.4606   6.4690   6.4784   6.4855   6.4952   6.4993   6.5156
  6.5280   6.5381   6.5391   6.5585   6.5696   6.5873   6.5968   6.6054
  6.6073   6.6340   6.6355   6.6434   6.6544   6.6665   6.6707   6.6816
  6.6915   6.6921   6.7204   6.7294   6.7373   6.7531   6.7652   6.7790
  6.7937   6.8098   6.8252   6.8321   6.8404   6.8442   6.8629   6.8732
  6.8847   6.9023   6.9242   6.9252   6.9553   6.9714   6.9854   6.9953
  6.9962   7.0062   7.0084   7.0409   7.0507   7.0598   7.0728   7.0838
  7.1043   7.1066   7.1225   7.1259   7.1347   7.1472   7.1526   7.1786
  7.1980   7.2010   7.2138   7.2320   7.2404   7.2521   7.2592   7.2657
  7.2981   7.3045   7.3169   7.3423   7.3508   7.3764   7.3856   7.3914
  7.4021   7.4265   7.4291   7.4341   7.4403   7.4566   7.4684   7.4691
  7.4909   7.4995   7.5045   7.5180   7.5288   7.5496   7.5623   7.5684
  7.5740   7.5821   7.5867   7.6037   7.6070   7.6198   7.6335   7.6405
  7.6530   7.6590   7.6608   7.6745   7.6817   7.6885   7.7060   7.7140
  7.7301   7.7361   7.7487   7.7603   7.7649   7.7760   7.7769   7.8007
  7.8040   7.8159   7.8315   7.8405   7.8503   7.8635   7.8690   7.8791
  7.8861   7.8939   7.9063   7.9172   7.9292   7.9359   7.9380   7.9529
  7.9687   7.9712   7.9780   7.9884   8.0159   8.0184   8.0225   8.0446
  8.0656   8.0694   8.0783   8.0865   8.0916   8.0947   8.1081   8.1208
  8.1326   8.1427   8.1549   8.1727   8.1851   8.1924   8.2041   8.2356
  8.2720   8.2969   8.3142   8.3284   8.3336   8.3608   8.3634   8.3742
  8.3796   8.3924   8.3941   8.3989   8.4161   8.4199   8.4354   8.4413
  8.4497   8.4579   8.4609   8.4655   8.4728   8.4839   8.4950   8.4996
  8.5021   8.5129   8.5220   8.5291   8.5343   8.5407   8.5482   8.5513
  8.5720   8.5874   8.5930   8.6123   8.6255   8.6373   8.6510   8.6609
  8.6776   8.6847   8.6943   8.7096   8.7277   8.7353   8.7451   8.7530
  8.7664   8.7749   8.8004   8.8065   8.8215   8.8540   8.8669   8.8725
  8.8845   8.9019   8.9253   8.9361   8.9518   8.9572   8.9696   8.9762
  8.9892   8.9943   9.0024   9.0117   9.0215   9.0344   9.0400   9.0426
  9.0574   9.0629   9.0778   9.0890   9.0947   9.1012   9.1101   9.1245
  9.1367   9.1534   9.1813   9.2055   9.2189   9.2778   9.3331   9.3472
  9.3562   9.4153   9.4496   9.4627   9.4674   9.4770   9.5148   9.5399
  9.5846   9.6002   9.6591   9.6929   9.7125   9.7452   9.7644   9.7739
  9.7870   9.7988   9.8066   9.8195   9.8281   9.8373   9.8516   9.8663
  9.8790   9.8884   9.8924   9.9012   9.9069   9.9126   9.9201   9.9225
  9.9263   9.9398   9.9444   9.9557   9.9969  10.0009  10.0110  10.0184
 10.0925  10.1048  10.1120  10.1299  10.1467  10.2067  10.3283  10.3534
 10.3786  10.3884  10.4196  10.4308  10.4518  10.4746  10.4927  10.5494
 10.5860  10.5947  10.6415  10.6933  10.7077  10.7962  10.8554  10.9204
 11.1160  11.6256  11.8525  11.9603  12.0613  12.0954  12.1712  12.1966
 12.2224  12.2775  12.2851  12.3012  12.3943  13.0576  13.3076  13.3698
 13.3991  13.4373  14.2174  28.5000  28.7004  28.8300  29.1213  29.1591
 29.2060  29.2139  29.2549  37.3854  38.0357 147.5971 147.8463 147.9737
148.2293 148.2720 148.3114 148.3198 148.3818 196.7189 197.3477
 
 Beta MOs
 -- Occupied --
-14.3279 -14.3266 -10.2218 -10.2100 -10.1878 -10.1640 -10.1638 -10.1633
-10.1592 -10.1581  -1.0189  -0.8442  -0.8076  -0.7469  -0.7090  -0.7012
 -0.6506  -0.6115  -0.5493  -0.5042  -0.4769  -0.4637  -0.4523  -0.4450
 -0.4243  -0.4210  -0.4127  -0.3998  -0.3981  -0.3965  -0.3691  -0.3674
 -0.3601  -0.3455  -0.3251  -0.3160  -0.2717
 -- Virtual --
 -0.1028  -0.0278  -0.0086   0.0216   0.0374   0.0438   0.0554   0.0606
  0.0721   0.0782   0.0793   0.0938   0.1012   0.1029   0.1104   0.1179
  0.1256   0.1296   0.1311   0.1411   0.1446   0.1501   0.1564   0.1602
  0.1708   0.1714   0.1861   0.1881   0.2016   0.2123   0.2147   0.2262
  0.2336   0.2393   0.2481   0.2569   0.2671   0.2717   0.2819   0.2889
  0.2975   0.3008   0.3081   0.3130   0.3158   0.3194   0.3204   0.3267
  0.3293   0.3416   0.3436   0.3479   0.3547   0.3596   0.3652   0.3705
  0.3759   0.3773   0.3850   0.3882   0.3905   0.3912   0.4090   0.4132
  0.4206   0.4265   0.4292   0.4466   0.4603   0.4649   0.4851   0.4996
  0.5073   0.5186   0.5241   0.5389   0.5453   0.5579   0.5634   0.5705
  0.5748   0.5834   0.5918   0.6007   0.6136   0.6141   0.6248   0.6294
  0.6411   0.6504   0.6591   0.6692   0.6741   0.6858   0.6957   0.7005
  0.7020   0.7116   0.7170   0.7227   0.7473   0.7704   0.7742   0.7777
  0.7812   0.7880   0.7901   0.7957   0.7976   0.8072   0.8138   0.8152
  0.8314   0.8329   0.8366   0.8448   0.8473   0.8544   0.8585   0.8662
  0.8676   0.8771   0.8829   0.8914   0.9026   0.9033   0.9164   0.9311
  0.9383   0.9409   0.9443   0.9574   0.9609   0.9635   0.9706   0.9724
  0.9832   0.9889   1.0037   1.0137   1.0206   1.0280   1.0338   1.0385
  1.0407   1.0576   1.0676   1.0880   1.0914   1.0945   1.1052   1.1085
  1.1210   1.1331   1.1338   1.1382   1.1474   1.1562   1.1725   1.1747
  1.1821   1.1910   1.1985   1.2020   1.2123   1.2172   1.2241   1.2394
  1.2532   1.2706   1.2938   1.2953   1.2996   1.3081   1.3210   1.3292
  1.3442   1.3497   1.3604   1.3755   1.3867   1.3892   1.3962   1.4036
  1.4112   1.4219   1.4316   1.4392   1.4401   1.4566   1.4649   1.4815
  1.4864   1.4926   1.5016   1.5184   1.5286   1.5339   1.5546   1.5624
  1.5695   1.5882   1.5989   1.6111   1.6168   1.6280   1.6318   1.6450
  1.6574   1.6823   1.6873   1.7117   1.7401   1.7547   1.7706   1.7791
  1.7870   1.7995   1.8069   1.8260   1.8353   1.8504   1.8554   1.8616
  1.8756   1.8791   1.8866   1.8923   1.8950   1.9160   1.9209   1.9338
  1.9457   1.9465   1.9528   1.9665   1.9692   1.9801   1.9833   1.9977
  2.0017   2.0139   2.0173   2.0277   2.0402   2.0460   2.0535   2.0652
  2.0742   2.0835   2.0919   2.1024   2.1071   2.1169   2.1293   2.1395
  2.1413   2.1547   2.1629   2.1683   2.1726   2.1807   2.1843   2.1992
  2.2045   2.2068   2.2205   2.2318   2.2367   2.2533   2.2634   2.2687
  2.2752   2.2878   2.2969   2.3016   2.3064   2.3171   2.3217   2.3273
  2.3364   2.3439   2.3612   2.3686   2.3751   2.3819   2.3833   2.3981
  2.4124   2.4153   2.4281   2.4322   2.4482   2.4618   2.4644   2.4708
  2.4759   2.4822   2.4851   2.4963   2.5028   2.5134   2.5294   2.5346
  2.5435   2.5512   2.5704   2.5829   2.5877   2.5931   2.6021   2.6060
  2.6106   2.6329   2.6446   2.6494   2.6511   2.6584   2.6670   2.6754
  2.6940   2.6944   2.7067   2.7108   2.7176   2.7307   2.7353   2.7484
  2.7728   2.7772   2.7879   2.7974   2.8135   2.8188   2.8217   2.8380
  2.8500   2.8537   2.8641   2.8733   2.8783   2.8838   2.8897   2.8977
  2.9010   2.9121   2.9206   2.9220   2.9306   2.9344   2.9386   2.9475
  2.9644   2.9699   2.9875   2.9919   3.0025   3.0114   3.0201   3.0356
  3.0420   3.0504   3.0520   3.0608   3.0744   3.0781   3.0853   3.0892
  3.0988   3.1038   3.1201   3.1453   3.1503   3.1591   3.1679   3.1775
  3.1863   3.1949   3.2135   3.2270   3.2353   3.2468   3.2509   3.2587
  3.2720   3.2860   3.2978   3.3062   3.3194   3.3236   3.3299   3.3407
  3.3510   3.3588   3.3691   3.3697   3.3812   3.3914   3.4006   3.4128
  3.4307   3.4509   3.4534   3.4665   3.4697   3.4820   3.4845   3.4987
  3.5000   3.5103   3.5399   3.5437   3.5537   3.5627   3.5758   3.5816
  3.5943   3.6032   3.6249   3.6336   3.6488   3.6509   3.6597   3.6689
  3.6765   3.6923   3.7015   3.7226   3.7244   3.7422   3.7511   3.7576
  3.7934   3.8018   3.8156   3.8245   3.8312   3.8473   3.8665   3.8751
  3.8945   3.9006   3.9058   3.9090   3.9189   3.9279   3.9323   3.9395
  3.9556   3.9694   3.9746   3.9876   4.0169   4.0306   4.0468   4.0592
  4.1008   4.1182   4.1582   4.1949   4.2070   4.2442   4.2641   4.2969
  4.3163   4.3435   4.3747   4.3953   4.4473   4.4570   4.4634   4.4790
  4.5020   4.5210   4.5451   4.5931   4.6392   4.6716   4.7205   4.7832
  4.7968   4.8294   4.8316   4.8732   4.9339   4.9536   4.9812   5.0211
  5.0260   5.0480   5.0669   5.1126   5.1323   5.1727   5.1937   5.2185
  5.2295   5.2683   5.2923   5.3164   5.3507   5.3647   5.3739   5.3897
  5.4270   5.4365   5.4486   5.4590   5.4719   5.4823   5.5100   5.5175
  5.5299   5.5367   5.5678   5.5688   5.5772   5.5897   5.6219   5.6340
  5.6417   5.6515   5.6737   5.6960   5.7084   5.7298   5.7375   5.7729
  5.7803   5.7980   5.8027   5.8111   5.8150   5.8280   5.8316   5.8491
  5.8579   5.8584   5.8740   5.8881   5.8928   5.8980   5.9013   5.9099
  5.9186   5.9252   5.9336   5.9429   5.9491   5.9597   5.9627   5.9664
  5.9716   5.9856   5.9959   5.9999   6.0112   6.0192   6.0256   6.0456
  6.0532   6.0613   6.0644   6.0812   6.0857   6.0899   6.1109   6.1219
  6.1380   6.1493   6.1522   6.1696   6.1790   6.1870   6.1896   6.2041
  6.2053   6.2283   6.2327   6.2393   6.2462   6.2556   6.2594   6.2732
  6.2825   6.3006   6.3068   6.3293   6.3331   6.3404   6.3520   6.3564
  6.3632   6.3748   6.3801   6.3875   6.3923   6.4070   6.4140   6.4227
  6.4308   6.4364   6.4520   6.4635   6.4730   6.4838   6.4909   6.5005
  6.5039   6.5237   6.5326   6.5433   6.5446   6.5679   6.5772   6.5932
  6.6015   6.6092   6.6120   6.6380   6.6413   6.6498   6.6602   6.6738
  6.6750   6.6850   6.6961   6.6989   6.7280   6.7338   6.7434   6.7585
  6.7731   6.7848   6.7986   6.8142   6.8316   6.8381   6.8475   6.8558
  6.8675   6.8830   6.8940   6.9067   6.9306   6.9356   6.9635   6.9783
  6.9910   7.0004   7.0057   7.0128   7.0163   7.0499   7.0550   7.0689
  7.0805   7.0942   7.1099   7.1139   7.1268   7.1375   7.1401   7.1553
  7.1587   7.1870   7.2033   7.2080   7.2231   7.2389   7.2470   7.2600
  7.2692   7.2761   7.3037   7.3084   7.3252   7.3509   7.3559   7.3867
  7.3924   7.3969   7.4075   7.4329   7.4355   7.4377   7.4438   7.4610
  7.4732   7.4742   7.4952   7.5054   7.5125   7.5228   7.5327   7.5561
  7.5671   7.5760   7.5796   7.5870   7.5914   7.6078   7.6105   7.6263
  7.6362   7.6455   7.6575   7.6622   7.6642   7.6791   7.6854   7.6924
  7.7111   7.7190   7.7345   7.7409   7.7528   7.7634   7.7698   7.7812
  7.7875   7.8044   7.8094   7.8200   7.8347   7.8465   7.8561   7.8679
  7.8734   7.8860   7.8898   7.8965   7.9090   7.9228   7.9364   7.9394
  7.9429   7.9566   7.9742   7.9763   7.9843   7.9948   8.0221   8.0252
  8.0280   8.0491   8.0701   8.0719   8.0816   8.0907   8.0974   8.0982
  8.1121   8.1247   8.1375   8.1471   8.1581   8.1767   8.1893   8.1958
  8.2076   8.2401   8.2772   8.2995   8.3218   8.3324   8.3374   8.3651
  8.3685   8.3784   8.3825   8.3955   8.3991   8.4029   8.4190   8.4229
  8.4378   8.4447   8.4515   8.4601   8.4655   8.4713   8.4778   8.4866
  8.4969   8.5026   8.5082   8.5161   8.5254   8.5326   8.5382   8.5435
  8.5526   8.5552   8.5801   8.5904   8.5968   8.6182   8.6306   8.6418
  8.6558   8.6671   8.6839   8.6904   8.6992   8.7129   8.7325   8.7402
  8.7500   8.7588   8.7731   8.7808   8.8098   8.8136   8.8314   8.8601
  8.8799   8.8884   8.9062   8.9153   8.9378   8.9475   8.9598   8.9626
  8.9743   8.9808   8.9955   9.0004   9.0130   9.0182   9.0248   9.0403
  9.0456   9.0478   9.0623   9.0681   9.0843   9.0965   9.1002   9.1146
  9.1196   9.1405   9.1450   9.1724   9.1958   9.2269   9.2447   9.2855
  9.3466   9.3591   9.3774   9.4231   9.4696   9.4765   9.4937   9.5035
  9.5259   9.5688   9.6120   9.6364   9.6918   9.7176   9.7316   9.7537
  9.7698   9.7770   9.7908   9.8024   9.8088   9.8242   9.8327   9.8421
  9.8568   9.8695   9.8846   9.8918   9.8975   9.9047   9.9080   9.9158
  9.9242   9.9265   9.9298   9.9446   9.9492   9.9624   9.9998  10.0051
 10.0134  10.0360  10.0954  10.1071  10.1138  10.1396  10.1618  10.2253
 10.3318  10.3561  10.3821  10.3909  10.4229  10.4328  10.4528  10.4764
 10.4995  10.5599  10.5887  10.6027  10.6441  10.6963  10.7097  10.8255
 10.8827  10.9230  11.1196  11.6639  11.8759  11.9862  12.0632  12.0987
 12.1733  12.1983  12.2242  12.2787  12.2864  12.3026  12.3952  13.0587
 13.3088  13.3704  13.4002  13.4382  14.2324  28.5009  28.7167  28.8374
 29.1214  29.1590  29.2062  29.2141  29.2555  37.4086  38.0576 147.5976
147.8511 147.9764 148.2293 148.2718 148.3116 148.3199 148.3819 196.7267
197.3553
 --------------------------------------------------------------
 
          Ground-State Mulliken Net Atomic Charges

     Atom                 Charge (a.u.)    Spin (a.u.)
  --------------------------------------------------------
      1 C                     0.190801       0.160689
      2 N                    -0.172877       0.509053
      3 N                    -0.214520       0.717159
      4 C                     0.174537       0.547615
      5 C                     0.134788      -0.038650
      6 C                    -0.252739       0.042511
      7 C                    -0.195578      -0.021974
      8 C                    -0.190215      -0.028748
      9 C                    -0.196011       0.007082
     10 C                    -0.198382       0.004844
     11 H                     0.061599       0.005018
     12 H                     0.067994      -0.000169
     13 H                     0.066657       0.037841
     14 H                     0.067157       0.003470
     15 H                     0.067097       0.007574
     16 H                     0.069617       0.003155
     17 H                     0.072625       0.031812
     18 H                     0.063782       0.007187
     19 H                     0.058459       0.004483
     20 H                     0.070916       0.003107
     21 H                     0.068183      -0.000369
     22 H                     0.071218      -0.001778
     23 H                     0.059685      -0.002099
     24 H                     0.055206       0.001190
  --------------------------------------------------------
  Sum of atomic charges =    -0.000000
  Sum of spin   charges =     2.000000

 -----------------------------------------------------------------
                    Cartesian Multipole Moments
 -----------------------------------------------------------------
    Charge (ESU x 10^10)
                -0.0000
    Dipole Moment (Debye)
         X       2.0872      Y      -1.5846      Z       0.4330
       Tot       2.6561
    Quadrupole Moments (Debye-Ang)
        XX     -65.8815     XY       3.1987     YY     -63.4287
        XZ       1.2198     YZ       2.6021     ZZ     -58.5890
    Octopole Moments (Debye-Ang^2)
       XXX      38.6936    XXY     -15.5982    XYY      18.2934
       YYY     -24.3695    XXZ       1.8825    XYZ      -1.0869
       YYZ       3.7731    XZZ      11.0997    YZZ      -8.0273
       ZZZ       8.3997
    Hexadecapole Moments (Debye-Ang^3)
      XXXX    -495.5868   XXXY      11.3541   XXYY    -175.9887
      XYYY       1.8769   YYYY    -549.0473   XXXZ     -45.6876
      XXYZ     -35.5095   XYYZ     -25.0113   YYYZ     -84.7953
      XXZZ    -227.3627   XYZZ      -0.4146   YYZZ    -241.6083
      XZZZ     -50.2028   YZZZ     -91.2995   ZZZZ    -903.1731
 -----------------------------------------------------------------
 Total job time:  274.61s(wall), 7719.24s(cpu) 
 Fri Aug  2 08:36:22 2024

        *************************************************************
        *                                                           *
        *  Thank you very much for using Q-Chem.  Have a nice day.  *
        *                                                           *
        *************************************************************


