
Running Job 1 of 1 ent2-ts1-triplet-wb97xd-c1-B3PW91.in
qchem ent2-ts1-triplet-wb97xd-c1-B3PW91.in_2604874.0 /expanse/lustre/scratch/whughes/temp_project/job_32695078/ent2-ts1-triplet-wb97xd-c1-B3PW91-32695078/ 0
/cm/shared/apps/spack/0.17.3/cpu/b/opt/spack/linux-rocky8-zen2/gcc-10.2.0/qchem-6.0-rytxnwjazd34ekd2gqyi5ufsaimxsd3r/exe/qcprog.exe_s ent2-ts1-triplet-wb97xd-c1-B3PW91.in_2604874.0 /expanse/lustre/scratch/whughes/temp_project/job_32695078/ent2-ts1-triplet-wb97xd-c1-B3PW91-32695078/
                  Welcome to Q-Chem
     A Quantum Leap Into The Future Of Chemistry


 Q-Chem 6.0, Q-Chem, Inc., Pleasanton, CA (2022)

 License issued to: University of California, San Diego (site)

 E. Epifanovsky,  A. T. B. Gilbert,  Xintian Feng,  Joonho Lee,  Yuezhi Mao,  
 N. Mardirossian,  P. Pokhilko,  A. White,  M. Wormit,  M. P. Coons,  
 A. L. Dempwolff,  Zhengting Gan,  D. Hait,  P. R. Horn,  L. D. Jacobson,  
 I. Kaliman,  J. Kussmann,  A. W. Lange,  Ka Un Lao,  D. S. Levine,  Jie Liu,  
 S. C. McKenzie,  A. F. Morrison,  K. Nanda,  F. Plasser,  D. R. Rehn,  
 M. L. Vidal,  Zhi-Qiang You,  Ying Zhu,  B. Alam,  B. Albrecht,  
 A. Aldossary,  E. Alguire,  J. H. Andersen,  V. Athavale,  D. Barton,  
 K. Begam,  A. Behn,  N. Bellonzi,  Y. A. Bernard,  E. J. Berquist,  
 H. Burton,  A. Carreras,  K. Carter-Fenk,  Romit Chakraborty,  
 Chandrima Chakravarty,  Junhan Chen,  A. D. Chien,  K. D. Closser,  
 V. Cofer-Shabica,  L. Cunha,  S. Dasgupta,  Jia Deng,  M. de Wergifosse,  
 M. Diedenhofen,  Hainam Do,  S. Ehlert,  Po-Tung Fang,  S. Fatehi,  
 Qingguo Feng,  T. Friedhoff,  B. Ganoe,  J. Gayvert,  Qinghui Ge,  
 G. Gidofalvi,  M. Goldey,  J. Gomes,  C. Gonzalez-Espinoza,  S. Gulania,  
 A. Gunina,  J. A. Gyamfi,  M. W. D. Hanson-Heine,  P. H. P. Harbach,  
 A. W. Hauser,  M. F. Herbst,  M. Hernandez Vera,  M. Hodecker,  
 Z. C. Holden,  S. Houck,  Xunkun Huang,  Kerwin Hui,  B. C. Huynh,  
 K. Ikeda,  M. Ivanov,  Hyunjun Ji,  Zuxin Jin,  Hanjie Jiang,  B. Kaduk,  
 S. Kaehler,  R. Kang,  K. Khistyaev,  Jaehoon Kim,  Yongbin Kim,  
 P. Klunzinger,  Z. Koczor-Benda,  Joong Hoon Koh,  D. Kosenkov,  
 Saikiran Kotaru,  L. Koulias,  T. Kowalczyk,  C. M. Krauter,  K. Kue,  
 A. Kunitsa,  T. Kus,  A. Landau,  K. V. Lawler,  D. Lefrancois,  S. Lehtola,  
 Rain Li,  Shaozhi Li,  Yi-Pei Li,  Jiashu Liang,  M. Liebenthal,  
 Hung-Hsuan Lin,  You-Sheng Lin,  Fenglai Liu,  Kuan-Yu Liu,  
 M. Loipersberger,  A. Luenser,  C. Malbon,  A. Manjanath,  P. Manohar,  
 E. Mansoor,  S. F. Manzer,  Shan-Ping Mao,  A. V. Marenich,  T. Markovich,  
 S. Mason,  F. Matz,  S. A. Maurer,  P. F. McLaughlin,  M. F. S. J. Menger,  
 J.-M. Mewes,  S. A. Mewes,  P. Morgante,  Mohammad Mostafanejad,  
 J. W. Mullinax,  K. J. Oosterbaan,  G. Paran,  V. Parravicini,  
 Alexander C. Paul,  Suranjan K. Paul,  F. Pavosevic,  Zheng Pei,  S. Prager,  
 E. I. Proynov,  E. Ramos,  B. Rana,  A. E. Rask,  A. Rettig,  R. M. Richard,  
 F. Rob,  E. Rossomme,  T. Scheele,  M. Scheurer,  M. Schneider,  
 P. E. Schneider,  N. Sergueev,  S. M. Sharada,  Hengyuan Shen,  
 W. Skomorowski,  D. W. Small,  C. J. Stein,  Yingli Su,  Yu-Chuan Su,  
 E. J. Sundstrom,  Zhen Tao,  J. Thirman,  Hung-Yi Tsai,  T. Tsuchimochi,  
 N. M. Tubman,  C. Utku,  S. P. Veccham,  O. Vydrov,  J. Wenzel,  
 Jonathan Wong,  J. Witte,  A. Yamada,  Chou-Hsun Yang,  Kun Yao,  
 S. Yeganeh,  S. R. Yost,  A. Zech,  F. Zeller,  Igor Ying Zhang,  
 Xing Zhang,  Yu Zhang,  D. Zuev,  A. Aspuru-Guzik,  A. T. Bell,  
 N. A. Besley,  K. B. Bravaya,  B. R. Brooks,  D. Casanova,  Jeng-Da Chai,  
 Hsing-Ta Chen,  S. Coriani,  C. J. Cramer,  A. E. DePrince, III,  
 R. A. DiStasio Jr.,  A. Dreuw,  B. D. Dunietz,  T. R. Furlani,  
 W. A. Goddard III,  S. Grimme,  S. Hammes-Schiffer,  T. Head-Gordon,  
 W. J. Hehre,  Chao-Ping Hsu,  T.-C. Jagau,  Yousung Jung,  A. Klamt,  
 Jing Kong,  D. S. Lambrecht,  Xiangyuan Li,  WanZhen Liang,  N. J. Mayhall,  
 C. W. McCurdy,  J. B. Neaton,  T. Neudecker,  C. Ochsenfeld,  
 J. A. Parkhill,  R. Peverati,  V. A. Rassolov,  Haisheng Ren,  Yihan Shao,  
 L. V. Slipchenko,  R. P. Steele,  J. E. Subotnik,  A. J. W. Thom,  
 A. Tkatchenko,  D. G. Truhlar,  T. Van Voorhis,  Fan Wang,  
 T. A. Wesolowski,  K. B. Whaley,  H. L. Woodcock III,  P. M. Zimmerman,  
 S. Faraji,  P. M. W. Gill,  M. Head-Gordon,  J. M. Herbert,  A. I. Krylov

 Contributors to earlier versions of Q-Chem not listed above: 
 R. D. Adamson,  B. Austin,  R. Baer,  J. Baker,  G. J. O. Beran,  
 K. Brandhorst,  S. T. Brown,  E. F. C. Byrd,  Arup K. Chakraborty,  
 G. K. L. Chan,  Chun-Min Chang,  Yunqing Chen,  C.-L. Cheng,  
 Siu Hung Chien,  D. M. Chipman,  D. L. Crittenden,  H. Dachsel,  
 R. J. Doerksen,  A. D. Dutoi,  R. G. Edgar,  J. Fosso-Tande,  
 L. Fusti-Molnar,  D. Ghosh,  A. Ghysels,  A. Golubeva-Zadorozhnaya,  
 J. Gonthier,  M. S. Gordon,  S. R. Gwaltney,  G. Hawkins,  J. E. Herr,  
 A. Heyden,  S. Hirata,  E. G. Hohenstein,  G. Kedziora,  F. J. Keil,  
 C. Kelley,  Jihan Kim,  R. A. King,  R. Z. Khaliullin,  P. P. Korambath,  
 W. Kurlancheek,  A. Laurent,  A. M. Lee,  M. S. Lee,  S. V. Levchenko,  
 Ching Yeh Lin,  D. Liotard,  E. Livshits,  R. C. Lochan,  I. Lotan,  
 L. A. Martinez-Martinez,  P. E. Maslen,  N. Nair,  D. P. O'Neill,  
 D. Neuhauser,  E. Neuscamman,  C. M. Oana,  R. Olivares-Amaya,  R. Olson,  
 T. M. Perrine,  B. Peters,  P. A. Pieniazek,  A. Prociuk,  Y. M. Rhee,  
 J. Ritchie,  M. A. Rohrdanz,  E. Rosta,  N. J. Russ,  H. F. Schaefer III,  
 M. W. Schmidt,  N. E. Schultz,  S. Sharma,  N. Shenvi,  C. D. Sherrill,  
 A. C. Simmonett,  A. Sodt,  T. Stein,  D. Stuck,  K. S. Thanthiriwatte,  
 V. Vanovschi,  L. Vogt,  Tao Wang,  A. Warshel,  M. A. Watson,  
 C. F. Williams,  Q. Wu,  X. Xu,  Jun Yang,  W. Zhang,  Yan Zhao

   Please cite Q-Chem as follows:
  "Software for the frontiers of quantum chemistry:
   An overview of developments in the Q-Chem 5 package"
   J. Chem. Phys. 155, 084801 (2021)
   https://doi.org/10.1063/5.0055522 (open access)

 Q-Chem 6.0.2 for Intel X86 EM64T Linux

 Parts of Q-Chem use Armadillo 9.900.5 (Nocturnal Misbehaviour).
 http://arma.sourceforge.net/

 Q-Chem begins on Thu Aug  1 13:31:17 2024  

 Host: 
0

     Scratch files written to /expanse/lustre/scratch/whughes/temp_project/job_32695078/ent2-ts1-triplet-wb97xd-c1-B3PW91-32695078//
 Dec722 |scratch|qcdevops|jenkins|workspace|build_RNUM    
 Processing $rem in /cm/shared/apps/spack/0.17.3/cpu/b/opt/spack/linux-rocky8-zen2/gcc-10.2.0/qchem-6.0-rytxnwjazd34ekd2gqyi5ufsaimxsd3r/config/preferences:
 Processing $rem in /home/whughes/.qchemrc:

 Checking the input file for inconsistencies... 	...done.

--------------------------------------------------------------
User input:
--------------------------------------------------------------
$molecule
0 3
C    0.1050303864    -4.0902377526   0.4215324079
C    0.4236655492    -2.7566815123   -0.1521241622
C    0.1585591957    -1.5554404881   0.4772359159
C    0.4403131576    -0.3192784129   -0.0571399603
C    0.2039081577    0.9382571254    0.6595111808
N    0.3775908857    0.9279993134    1.9560744357
N    0.3257020998    2.0065648392    2.6776850868
N    -0.1583961061   2.5594350999    3.5541007958
C    -0.159321758    2.1799313551    -0.0537592117
O    -0.2859826001   3.2530535411    0.4821205915
O    -0.2889735893   1.9796669783    -1.3697380063
C    -0.6164795557   3.1348941748    -2.1377777672
H    1.007645653     -4.7006733288   0.5254505957
H    -0.3632489686   -4.0050192087   1.4026284493
H    -0.5717349456   -4.6490270798   -0.2327539929
H    0.8979217889    -2.7330399303   -1.1288607285
H    -0.3010281834   -1.5867604823   1.4618191685
H    0.8625066809    -0.2431313445   -1.0514694344
H    -0.6948418915   2.7925859691    -3.1658517643
H    -1.5627495881   3.5599034279    -1.803442969
H    0.1639686316    3.8899307161    -2.0447556311
$end

$rem
METHOD      B3PW91
BASIS       def2-QZVPP
SYM_IGNORE   TRUE
DFT_D       D4
MAX_SCF_CYCLES 300
$end

$end
--------------------------------------------------------------
 Adding empirical dispersion correction 
 ----------------------------------------------------------------
 Doing -D4(0) with B3PW parameters:
 s6  =   1.00000
 s8  =   2.88364
 s10 =   0.00000
 s9 =   1.00000
 a1  =   0.46991
 a2  =   4.51641
 -D4 energy including 3body term = -0.0292501866 hartrees
 ----------------------------------------------------------------
             Standard Nuclear Orientation (Angstroms)
    I     Atom           X                Y                Z
 ----------------------------------------------------------------
    1      C       0.1050303864    -4.0902377526     0.4215324079
    2      C       0.4236655492    -2.7566815123    -0.1521241622
    3      C       0.1585591957    -1.5554404881     0.4772359159
    4      C       0.4403131576    -0.3192784129    -0.0571399603
    5      C       0.2039081577     0.9382571254     0.6595111808
    6      N       0.3775908857     0.9279993134     1.9560744357
    7      N       0.3257020998     2.0065648392     2.6776850868
    8      N      -0.1583961061     2.5594350999     3.5541007958
    9      C      -0.1593217580     2.1799313551    -0.0537592117
   10      O      -0.2859826001     3.2530535411     0.4821205915
   11      O      -0.2889735893     1.9796669783    -1.3697380063
   12      C      -0.6164795557     3.1348941748    -2.1377777672
   13      H       1.0076456530    -4.7006733288     0.5254505957
   14      H      -0.3632489686    -4.0050192087     1.4026284493
   15      H      -0.5717349456    -4.6490270798    -0.2327539929
   16      H       0.8979217889    -2.7330399303    -1.1288607285
   17      H      -0.3010281834    -1.5867604823     1.4618191685
   18      H       0.8625066809    -0.2431313445    -1.0514694344
   19      H      -0.6948418915     2.7925859691    -3.1658517643
   20      H      -1.5627495881     3.5599034279    -1.8034429690
   21      H       0.1639686316     3.8899307161    -2.0447556311
 ----------------------------------------------------------------
 Nuclear Repulsion Energy =         651.05160943 hartrees
 There are       45 alpha and       43 beta electrons
 Requested basis set is def2-QZVPP
 There are 294 shells and 954 basis functions

 Total QAlloc Memory Limit   8000 MB
 Mega-Array Size       188 MB
 MEM_STATIC part       192 MB

 A cutoff of  1.0D-09 yielded  25459 shell pairs
 There are    255791 function pairs (    382145 Cartesian)
 Smallest overlap matrix eigenvalue = 2.33E-05

 Q-Chem warning in module stvman/mkSTV.C, line 305:

 Overlap eigenvalue is smaller than square root of threshold
 Use THRESH >= 12 to get rid of this warning


 Scale SEOQF with 1.000000e-01/1.000000e-01/1.000000e-01

 Standard Electronic Orientation quadrupole field applied
 Nucleus-field energy     =     0.0000000146 hartrees
 Guess from superposition of atomic densities
 Warning:  Energy on first SCF cycle will be non-variational
 SAD guess density has 88.000000 electrons

 -----------------------------------------------------------------------
  General SCF calculation program by
  Eric Jon Sundstrom, Paul Horn, Yuezhi Mao, Dmitri Zuev, Alec White,
  David Stuck, Shaama M.S., Shane Yost, Joonho Lee, David Small,
  Daniel Levine, Susi Lehtola, Hugh Burton, Evgeny Epifanovsky,
  Bang C. Huynh
 -----------------------------------------------------------------------
 Exchange:     0.2000 Hartree-Fock + 0.0800 Slater + 0.7200 B88
 Correlation:  0.1900 PW92 + 0.8100 PW91
 Using SG-1 standard quadrature grid
 Dispersion:   Grimme D4
 using 32 threads for integral computing
 -------------------------------------------------------
 OpenMP Integral computing Module                
 Release: version 1.0, May 2013, Q-Chem Inc. Pittsburgh 
 -------------------------------------------------------
 A unrestricted SCF calculation will be
 performed using DIIS
 SCF converges when DIIS error is below 1.0e-05
 ---------------------------------------
  Cycle       Energy         DIIS error
 ---------------------------------------
    1    -589.2880385260      6.33e-03  
    2    -586.5194589446      7.71e-04  
    3    -585.4517080499      1.68e-03  
    4    -586.6828558412      3.93e-04  
    5    -586.7482082753      2.24e-04  
    6    -586.7616675490      1.47e-04  
    7    -586.7698670896      5.21e-05  
    8    -586.7710192784      2.19e-05  
    9    -586.7713604110      9.95e-06  Convergence criterion met
 ---------------------------------------
 SCF time:   CPU 7321.81s  wall 253.00s 
<S^2> =          2.031668500
 SCF   energy in the final basis set =     -586.7713604110
 Total energy in the final basis set =     -586.7713604110
 
 --------------------------------------------------------------
 
                    Orbital Energies (a.u.)
 --------------------------------------------------------------
 
 Alpha MOs
 -- Occupied --
-19.1803 -19.1187 -14.4564 -14.3937 -14.3837 -10.3013 -10.2417 -10.2247
-10.1914 -10.1901 -10.1785 -10.1708  -1.1437  -1.1299  -1.0420  -0.9934
 -0.8459  -0.8066  -0.7551  -0.7309  -0.6542  -0.6368  -0.5780  -0.5647
 -0.5286  -0.5170  -0.5049  -0.4960  -0.4843  -0.4754  -0.4573  -0.4413
 -0.4360  -0.4252  -0.4069  -0.3960  -0.3796  -0.3728  -0.3686  -0.3402
 -0.3284  -0.3217  -0.2963  -0.2293  -0.1717
 -- Virtual --
 -0.0746  -0.0315   0.0083   0.0292   0.0329   0.0444   0.0609   0.0666
  0.0746   0.0818   0.0856   0.0946   0.0974   0.1027   0.1097   0.1244
  0.1329   0.1349   0.1404   0.1519   0.1580   0.1606   0.1687   0.1739
  0.1825   0.1930   0.2017   0.2080   0.2196   0.2226   0.2302   0.2332
  0.2384   0.2413   0.2461   0.2558   0.2648   0.2738   0.2881   0.2921
  0.2989   0.3049   0.3073   0.3161   0.3168   0.3186   0.3230   0.3299
  0.3352   0.3375   0.3452   0.3477   0.3644   0.3655   0.3710   0.3890
  0.3925   0.4011   0.4034   0.4103   0.4226   0.4401   0.4415   0.4526
  0.4605   0.4638   0.4732   0.4841   0.4891   0.4943   0.5000   0.5139
  0.5232   0.5239   0.5365   0.5436   0.5570   0.5687   0.5743   0.5771
  0.5943   0.6008   0.6051   0.6133   0.6204   0.6328   0.6427   0.6549
  0.6595   0.6687   0.6727   0.6755   0.6812   0.6873   0.6917   0.7055
  0.7087   0.7212   0.7232   0.7307   0.7528   0.7613   0.7643   0.7737
  0.7775   0.7815   0.7863   0.7975   0.7990   0.8033   0.8126   0.8178
  0.8235   0.8353   0.8431   0.8488   0.8528   0.8579   0.8698   0.8740
  0.8791   0.8962   0.9026   0.9136   0.9157   0.9249   0.9293   0.9451
  0.9516   0.9602   0.9691   0.9740   0.9889   0.9914   1.0042   1.0094
  1.0195   1.0294   1.0318   1.0403   1.0426   1.0534   1.0559   1.0658
  1.0664   1.0744   1.0896   1.0900   1.1025   1.1034   1.1101   1.1200
  1.1311   1.1403   1.1452   1.1550   1.1589   1.1773   1.1819   1.1882
  1.2019   1.2192   1.2295   1.2360   1.2565   1.2602   1.2714   1.2826
  1.2938   1.3010   1.3318   1.3388   1.3418   1.3487   1.3739   1.3907
  1.4022   1.4050   1.4150   1.4158   1.4277   1.4419   1.4435   1.4567
  1.4618   1.4798   1.4991   1.5031   1.5110   1.5209   1.5386   1.5454
  1.5517   1.5636   1.5764   1.6022   1.6146   1.6176   1.6480   1.6630
  1.6835   1.6871   1.7002   1.7138   1.7277   1.7429   1.7482   1.7611
  1.7724   1.7807   1.7840   1.7918   1.8079   1.8209   1.8270   1.8380
  1.8422   1.8491   1.8595   1.8663   1.8748   1.8784   1.8945   1.9068
  1.9097   1.9131   1.9224   1.9340   1.9353   1.9410   1.9519   1.9559
  1.9683   1.9741   1.9811   1.9948   2.0066   2.0183   2.0282   2.0342
  2.0430   2.0541   2.0651   2.0816   2.0835   2.0921   2.0988   2.1097
  2.1189   2.1249   2.1344   2.1421   2.1488   2.1553   2.1661   2.1754
  2.1800   2.1974   2.1997   2.2186   2.2242   2.2274   2.2326   2.2523
  2.2673   2.2754   2.2798   2.2818   2.2962   2.3069   2.3183   2.3347
  2.3397   2.3498   2.3593   2.3657   2.3818   2.3921   2.4028   2.4139
  2.4217   2.4369   2.4437   2.4543   2.4606   2.4644   2.4718   2.4749
  2.4858   2.4902   2.5013   2.5076   2.5145   2.5232   2.5309   2.5371
  2.5439   2.5493   2.5594   2.5662   2.5744   2.5839   2.5990   2.6072
  2.6206   2.6278   2.6385   2.6521   2.6725   2.6756   2.6790   2.6899
  2.6976   2.7147   2.7210   2.7280   2.7421   2.7500   2.7552   2.7633
  2.7781   2.7920   2.7960   2.7997   2.8058   2.8170   2.8235   2.8448
  2.8502   2.8549   2.8602   2.8681   2.8768   2.8852   2.8926   2.9046
  2.9188   2.9416   2.9480   2.9487   2.9641   2.9869   2.9967   3.0023
  3.0140   3.0272   3.0380   3.0462   3.0467   3.0522   3.0674   3.0767
  3.0832   3.0959   3.1037   3.1333   3.1363   3.1528   3.1574   3.1704
  3.1875   3.2006   3.2101   3.2281   3.2321   3.2411   3.2510   3.2633
  3.2699   3.2827   3.2944   3.3157   3.3311   3.3518   3.3579   3.3648
  3.3843   3.3965   3.4066   3.4211   3.4311   3.4404   3.4451   3.4548
  3.4847   3.4921   3.5025   3.5146   3.5303   3.5471   3.5686   3.5733
  3.5848   3.6089   3.6121   3.6377   3.6507   3.6658   3.6867   3.7105
  3.7179   3.7325   3.7432   3.7498   3.7684   3.7802   3.7985   3.8113
  3.8183   3.8287   3.8436   3.8473   3.8582   3.8590   3.8833   3.8956
  3.9110   3.9259   3.9310   3.9537   3.9598   3.9806   3.9922   4.0146
  4.0268   4.0357   4.0601   4.0688   4.0782   4.1110   4.1382   4.1607
  4.1706   4.1906   4.2016   4.2338   4.2567   4.2755   4.3178   4.3337
  4.3373   4.3764   4.3819   4.4045   4.4160   4.4582   4.4765   4.4934
  4.5034   4.5566   4.5652   4.5936   4.6289   4.6339   4.6727   4.7415
  4.7723   4.8166   4.8785   4.8868   4.8952   4.9219   4.9284   4.9476
  4.9859   4.9983   5.0133   5.0379   5.0600   5.0771   5.0920   5.1156
  5.1428   5.1527   5.1620   5.1767   5.2038   5.2266   5.2412   5.2515
  5.2861   5.3058   5.3157   5.3311   5.3399   5.3518   5.3608   5.3752
  5.3853   5.3942   5.4098   5.4232   5.4476   5.4589   5.4670   5.4798
  5.5265   5.5375   5.5517   5.5667   5.5878   5.5957   5.6018   5.6261
  5.6479   5.6638   5.6752   5.6941   5.7097   5.7236   5.7381   5.7467
  5.7633   5.7676   5.7822   5.8002   5.8122   5.8183   5.8356   5.8498
  5.8631   5.8762   5.8835   5.8929   5.8999   5.9062   5.9181   5.9291
  5.9305   5.9444   5.9680   5.9830   5.9997   6.0197   6.0261   6.0460
  6.0574   6.0599   6.0633   6.0774   6.0858   6.0997   6.1037   6.1149
  6.1244   6.1372   6.1553   6.1617   6.1711   6.1772   6.1815   6.1932
  6.2034   6.2118   6.2147   6.2307   6.2436   6.2610   6.2686   6.2830
  6.2923   6.2996   6.3019   6.3144   6.3268   6.3348   6.3402   6.3477
  6.3567   6.3697   6.3779   6.3935   6.3955   6.4113   6.4232   6.4412
  6.4433   6.4543   6.4652   6.4727   6.4834   6.4952   6.5023   6.5178
  6.5326   6.5500   6.5579   6.5827   6.5884   6.6035   6.6108   6.6421
  6.6516   6.6652   6.6788   6.6924   6.7084   6.7300   6.7345   6.7502
  6.7509   6.7638   6.7716   6.7796   6.7876   6.8117   6.8186   6.8350
  6.8505   6.8569   6.8802   6.9054   6.9145   6.9245   6.9484   6.9676
  6.9944   6.9979   7.0197   7.0265   7.0346   7.0419   7.0663   7.0770
  7.1012   7.1195   7.1326   7.1615   7.1669   7.1746   7.2134   7.2162
  7.2625   7.2997   7.3115   7.3278   7.3350   7.3430   7.3539   7.3618
  7.3740   7.3986   7.3996   7.4075   7.4129   7.4256   7.4323   7.4493
  7.4750   7.4851   7.4948   7.5121   7.5313   7.5512   7.5585   7.5748
  7.5854   7.6105   7.6133   7.6209   7.6358   7.6417   7.6530   7.6573
  7.6698   7.6715   7.6883   7.6974   7.6998   7.7064   7.7100   7.7213
  7.7502   7.7591   7.7969   7.8141   7.8168   7.8315   7.8598   7.8745
  7.9304   7.9328   7.9378   7.9429   7.9524   7.9581   7.9884   8.0016
  8.0272   8.0303   8.0439   8.0524   8.1034   8.1153   8.1312   8.1591
  8.1769   8.1838   8.1901   8.2202   8.2292   8.2484   8.2627   8.2693
  8.2809   8.2876   8.2986   8.3013   8.3064   8.3239   8.3297   8.3345
  8.3402   8.3447   8.3524   8.3620   8.3720   8.3767   8.3829   8.3881
  8.4022   8.4108   8.4232   8.4357   8.4562   8.4717   8.4839   8.4860
  8.4975   8.5037   8.5192   8.5313   8.5485   8.5671   8.5796   8.5875
  8.5996   8.6158   8.6415   8.6514   8.6533   8.6836   8.6966   8.7048
  8.7130   8.7250   8.7528   8.7607   8.7730   8.7965   8.7990   8.8125
  8.8479   8.8584   8.8620   8.8721   8.8811   8.9029   8.9079   8.9167
  8.9528   8.9731   8.9755   8.9804   8.9906   9.0042   9.0851   9.0895
  9.0956   9.0979   9.1354   9.1601   9.1752   9.1844   9.1898   9.2096
  9.2180   9.2537   9.2959   9.3478   9.3661   9.4273   9.4512   9.4597
  9.5173   9.5502   9.5652   9.5702   9.6060   9.6262   9.6497   9.6590
  9.6617   9.6796   9.6954   9.7115   9.7220   9.7528   9.7719   9.7871
  9.8104   9.8296   9.8363   9.8634   9.8703   9.8968   9.9066   9.9140
  9.9188   9.9305   9.9485   9.9648   9.9814   9.9973  10.0073  10.0441
 10.0692  10.1096  10.1352  10.1644  10.1778  10.1996  10.2508  10.2566
 10.2719  10.2975  10.3081  10.3362  10.3513  10.3616  10.3987  10.4483
 10.4998  10.5141  10.5243  10.5971  10.6651  10.7999  10.9682  11.0197
 11.0469  11.1243  11.1552  11.1634  11.2597  11.3521  11.4313  11.4848
 11.5152  11.6247  11.6703  11.7687  11.7838  11.8333  11.8730  11.8896
 11.9709  12.0048  12.0096  12.0382  12.1540  12.1697  12.1982  12.3200
 12.3270  12.3753  12.3944  12.4388  12.5378  12.5463  12.6503  12.6790
 12.7790  12.9111  13.1775  13.2389  13.2885  13.4604  13.6383  13.6658
 13.7904  14.2056  14.5427  14.6475  14.9232  28.1456  28.3149  28.4681
 28.6256  28.9049  29.0305  29.2046  37.0531  37.6775  38.4159  48.1815
 48.3459 147.2412 147.3983 147.5206 147.6928 147.9839 148.1242 148.2884
196.3363 197.0040 197.7548 253.2542 253.4363
 
 Beta MOs
 -- Occupied --
-19.1796 -19.1169 -14.4543 -14.3905 -14.3728 -10.3009 -10.2373 -10.2247
-10.1822 -10.1820 -10.1808 -10.1714  -1.1351  -1.1255  -1.0391  -0.9810
 -0.8317  -0.7937  -0.7513  -0.7254  -0.6421  -0.6290  -0.5732  -0.5604
 -0.5115  -0.5075  -0.4942  -0.4903  -0.4762  -0.4699  -0.4441  -0.4363
 -0.4239  -0.4152  -0.4024  -0.3917  -0.3777  -0.3660  -0.3421  -0.3336
 -0.3222  -0.2948  -0.2909
 -- Virtual --
 -0.1297  -0.0709  -0.0446  -0.0145   0.0280   0.0324   0.0345   0.0463
  0.0624   0.0758   0.0818   0.0832   0.0899   0.0998   0.1009   0.1045
  0.1140   0.1286   0.1344   0.1392   0.1429   0.1555   0.1605   0.1637
  0.1730   0.1828   0.1885   0.1968   0.2066   0.2131   0.2254   0.2300
  0.2354   0.2391   0.2437   0.2448   0.2499   0.2615   0.2707   0.2781
  0.2947   0.3014   0.3040   0.3080   0.3094   0.3183   0.3205   0.3223
  0.3269   0.3356   0.3387   0.3452   0.3474   0.3504   0.3687   0.3706
  0.3743   0.3922   0.3948   0.4058   0.4069   0.4143   0.4260   0.4431
  0.4453   0.4564   0.4657   0.4694   0.4766   0.4869   0.4931   0.4963
  0.5034   0.5165   0.5270   0.5288   0.5417   0.5476   0.5631   0.5733
  0.5792   0.5827   0.5995   0.6035   0.6109   0.6164   0.6237   0.6353
  0.6484   0.6625   0.6649   0.6728   0.6778   0.6806   0.6864   0.6912
  0.6991   0.7085   0.7137   0.7267   0.7293   0.7373   0.7595   0.7658
  0.7679   0.7769   0.7839   0.7851   0.7932   0.8015   0.8038   0.8092
  0.8177   0.8219   0.8273   0.8391   0.8495   0.8538   0.8589   0.8628
  0.8783   0.8865   0.8900   0.9019   0.9077   0.9179   0.9203   0.9277
  0.9353   0.9502   0.9567   0.9673   0.9734   0.9813   0.9947   0.9957
  1.0100   1.0139   1.0219   1.0327   1.0397   1.0429   1.0509   1.0567
  1.0602   1.0697   1.0720   1.0812   1.0932   1.0950   1.1082   1.1127
  1.1207   1.1272   1.1385   1.1491   1.1522   1.1591   1.1664   1.1854
  1.1871   1.1963   1.2087   1.2240   1.2341   1.2402   1.2606   1.2668
  1.2771   1.2848   1.3009   1.3046   1.3353   1.3429   1.3436   1.3543
  1.3771   1.3942   1.4075   1.4081   1.4183   1.4213   1.4325   1.4460
  1.4481   1.4609   1.4645   1.4832   1.5034   1.5078   1.5149   1.5268
  1.5454   1.5513   1.5562   1.5685   1.5832   1.6083   1.6199   1.6250
  1.6538   1.6684   1.6898   1.6911   1.7056   1.7245   1.7317   1.7466
  1.7550   1.7646   1.7760   1.7861   1.7878   1.7974   1.8110   1.8260
  1.8310   1.8414   1.8497   1.8555   1.8645   1.8738   1.8802   1.8835
  1.9007   1.9129   1.9141   1.9174   1.9267   1.9375   1.9414   1.9457
  1.9573   1.9609   1.9758   1.9807   1.9858   2.0032   2.0131   2.0229
  2.0323   2.0386   2.0493   2.0593   2.0712   2.0871   2.0892   2.0975
  2.1032   2.1158   2.1245   2.1328   2.1398   2.1456   2.1550   2.1596
  2.1724   2.1797   2.1852   2.2032   2.2049   2.2257   2.2285   2.2354
  2.2381   2.2585   2.2730   2.2825   2.2868   2.2894   2.3012   2.3138
  2.3251   2.3399   2.3450   2.3548   2.3630   2.3716   2.3874   2.3988
  2.4118   2.4193   2.4285   2.4458   2.4528   2.4614   2.4671   2.4694
  2.4791   2.4839   2.4925   2.4968   2.5089   2.5182   2.5231   2.5305
  2.5400   2.5441   2.5494   2.5569   2.5638   2.5743   2.5803   2.5894
  2.6035   2.6199   2.6248   2.6337   2.6481   2.6579   2.6791   2.6853
  2.6895   2.6970   2.7052   2.7212   2.7280   2.7354   2.7489   2.7555
  2.7610   2.7703   2.7828   2.7986   2.8034   2.8084   2.8114   2.8236
  2.8329   2.8493   2.8542   2.8603   2.8653   2.8730   2.8875   2.8894
  2.8968   2.9116   2.9273   2.9469   2.9551   2.9569   2.9704   2.9943
  3.0047   3.0081   3.0184   3.0350   3.0427   3.0512   3.0559   3.0606
  3.0713   3.0820   3.0886   3.0993   3.1097   3.1375   3.1422   3.1601
  3.1633   3.1774   3.1918   3.2059   3.2143   3.2338   3.2417   3.2478
  3.2590   3.2670   3.2771   3.2847   3.2991   3.3235   3.3389   3.3571
  3.3643   3.3714   3.3882   3.4020   3.4137   3.4267   3.4367   3.4452
  3.4558   3.4613   3.4884   3.4983   3.5090   3.5196   3.5342   3.5555
  3.5758   3.5803   3.5897   3.6180   3.6194   3.6453   3.6557   3.6735
  3.6920   3.7162   3.7252   3.7373   3.7494   3.7533   3.7711   3.7866
  3.8076   3.8154   3.8275   3.8376   3.8471   3.8534   3.8614   3.8660
  3.8904   3.9034   3.9175   3.9302   3.9410   3.9614   3.9669   3.9857
  3.9971   4.0228   4.0328   4.0446   4.0684   4.0759   4.0873   4.1174
  4.1421   4.1655   4.1757   4.1944   4.2055   4.2400   4.2608   4.2799
  4.3223   4.3368   4.3434   4.3800   4.3881   4.4103   4.4221   4.4656
  4.4793   4.4956   4.5071   4.5584   4.5696   4.5975   4.6315   4.6400
  4.6790   4.7454   4.7774   4.8209   4.8842   4.8938   4.9021   4.9296
  4.9392   4.9539   4.9962   5.0053   5.0216   5.0485   5.0710   5.0886
  5.0983   5.1268   5.1528   5.1598   5.1711   5.1811   5.2103   5.2419
  5.2503   5.2651   5.2921   5.3119   5.3216   5.3395   5.3436   5.3554
  5.3659   5.3812   5.3926   5.4025   5.4185   5.4306   5.4521   5.4648
  5.4740   5.4872   5.5340   5.5454   5.5602   5.5745   5.5937   5.6047
  5.6077   5.6314   5.6606   5.6683   5.6851   5.6974   5.7193   5.7352
  5.7438   5.7532   5.7690   5.7759   5.7887   5.8014   5.8172   5.8251
  5.8442   5.8551   5.8672   5.8811   5.8878   5.8958   5.9047   5.9120
  5.9229   5.9335   5.9354   5.9493   5.9749   5.9909   6.0056   6.0246
  6.0306   6.0521   6.0632   6.0660   6.0690   6.0826   6.0914   6.1044
  6.1106   6.1240   6.1343   6.1431   6.1618   6.1704   6.1776   6.1843
  6.1867   6.1972   6.2078   6.2164   6.2219   6.2384   6.2518   6.2691
  6.2774   6.2914   6.2993   6.3064   6.3084   6.3210   6.3339   6.3375
  6.3474   6.3543   6.3638   6.3742   6.3831   6.4010   6.4023   6.4202
  6.4351   6.4463   6.4532   6.4619   6.4744   6.4813   6.4937   6.5032
  6.5118   6.5235   6.5404   6.5554   6.5665   6.5893   6.5971   6.6090
  6.6129   6.6542   6.6577   6.6724   6.6860   6.7002   6.7201   6.7372
  6.7475   6.7575   6.7650   6.7717   6.7778   6.7855   6.7942   6.8233
  6.8327   6.8430   6.8585   6.8628   6.8871   6.9124   6.9249   6.9310
  6.9575   6.9790   7.0045   7.0079   7.0255   7.0335   7.0441   7.0507
  7.0739   7.0839   7.1104   7.1238   7.1372   7.1696   7.1720   7.1806
  7.2172   7.2207   7.2661   7.3009   7.3182   7.3334   7.3373   7.3500
  7.3592   7.3626   7.3823   7.4034   7.4058   7.4128   7.4199   7.4291
  7.4364   7.4569   7.4800   7.4911   7.5027   7.5179   7.5379   7.5573
  7.5625   7.5819   7.5915   7.6122   7.6186   7.6270   7.6409   7.6484
  7.6546   7.6614   7.6725   7.6733   7.6931   7.7020   7.7039   7.7095
  7.7122   7.7269   7.7558   7.7631   7.7978   7.8204   7.8218   7.8343
  7.8670   7.8791   7.9325   7.9385   7.9417   7.9478   7.9569   7.9638
  7.9935   8.0078   8.0319   8.0352   8.0507   8.0588   8.1107   8.1216
  8.1382   8.1655   8.1823   8.1905   8.1984   8.2230   8.2344   8.2519
  8.2633   8.2732   8.2883   8.2921   8.3015   8.3154   8.3276   8.3316
  8.3359   8.3401   8.3445   8.3473   8.3552   8.3675   8.3759   8.3816
  8.3864   8.3922   8.4039   8.4160   8.4334   8.4418   8.4616   8.4815
  8.4918   8.4976   8.5064   8.5155   8.5243   8.5397   8.5588   8.5760
  8.5884   8.6009   8.6057   8.6210   8.6463   8.6560   8.6638   8.6899
  8.6976   8.7135   8.7234   8.7326   8.7577   8.7687   8.7834   8.8041
  8.8106   8.8164   8.8557   8.8665   8.8696   8.8785   8.8866   8.9061
  8.9133   8.9174   8.9602   8.9757   8.9810   8.9848   8.9938   9.0173
  9.0898   9.0976   9.0988   9.1036   9.1421   9.1636   9.1873   9.1887
  9.1930   9.2187   9.2296   9.2665   9.2978   9.3538   9.3749   9.4315
  9.4569   9.4614   9.5230   9.5541   9.5744   9.5818   9.6121   9.6267
  9.6543   9.6638   9.6671   9.6811   9.7023   9.7155   9.7272   9.7549
  9.7756   9.7885   9.8154   9.8350   9.8453   9.8674   9.8765   9.9027
  9.9137   9.9181   9.9258   9.9336   9.9530   9.9784   9.9874  10.0000
 10.0086  10.0472  10.0708  10.1125  10.1448  10.1663  10.1807  10.2043
 10.2519  10.2595  10.2779  10.2997  10.3169  10.3399  10.3568  10.3669
 10.4015  10.4526  10.5024  10.5160  10.5330  10.6026  10.6668  10.8026
 10.9698  11.0253  11.0504  11.1301  11.1597  11.1667  11.2654  11.3551
 11.4338  11.4877  11.5262  11.6253  11.6733  11.7721  11.7878  11.8358
 11.8758  11.8902  11.9831  12.0073  12.0109  12.0405  12.1571  12.1756
 12.2008  12.3231  12.3320  12.3811  12.4012  12.4414  12.5408  12.5514
 12.6577  12.6813  12.7805  12.9148  13.1832  13.2392  13.2909  13.4612
 13.6409  13.6708  13.7912  14.2105  14.5440  14.6494  14.9317  28.1527
 28.3207  28.4735  28.6397  28.9049  29.0321  29.2084  37.0654  37.6833
 38.4233  48.1836  48.3474 147.2428 147.3998 147.5219 147.6969 147.9839
148.1247 148.2892 196.3402 197.0062 197.7574 253.2549 253.4368
 --------------------------------------------------------------
 
          Ground-State Mulliken Net Atomic Charges

     Atom                 Charge (a.u.)    Spin (a.u.)
  --------------------------------------------------------
      1 C                    -0.134479      -0.036571
      2 C                    -0.064145       0.607282
      3 C                    -0.010401      -0.152915
      4 C                    -0.052088       0.518789
      5 C                     0.136870       0.279351
      6 N                    -0.189284       0.093528
      7 N                     0.163544       0.057327
      8 N                    -0.066505       0.505282
      9 C                     0.295691       0.025108
     10 O                    -0.365438       0.059819
     11 O                    -0.362085       0.016945
     12 C                     0.014063      -0.002097
     13 H                     0.072566       0.026346
     14 H                     0.058239      -0.001052
     15 H                     0.071825       0.028256
     16 H                     0.053122      -0.021218
     17 H                     0.040430      -0.002137
     18 H                     0.054570      -0.005264
     19 H                     0.091040      -0.000055
     20 H                     0.095733       0.001563
     21 H                     0.096732       0.001712
  --------------------------------------------------------
  Sum of atomic charges =    -0.000000
  Sum of spin   charges =     2.000000

 -----------------------------------------------------------------
                    Cartesian Multipole Moments
 -----------------------------------------------------------------
    Charge (ESU x 10^10)
                -0.0000
    Dipole Moment (Debye)
         X       0.1048      Y      -2.6947      Z      -3.4373
       Tot       4.3689
    Quadrupole Moments (Debye-Ang)
        XX     -69.2973     XY       0.0544     YY     -69.8538
        XZ       0.4753     YZ     -12.1809     ZZ     -71.8266
    Octopole Moments (Debye-Ang^2)
       XXX      -9.3129    XXY     -34.5087    XYY       0.4955
       YYY    -169.0463    XXZ     -33.9925    XYZ       9.4982
       YYZ     -74.4678    XZZ      -1.7961    YZZ     -49.2548
       ZZZ    -133.7985
    Hexadecapole Moments (Debye-Ang^3)
      XXXX    -136.4611   XXXY      94.0318   XXYY    -453.1260
      XYYY      94.7469   YYYY   -2684.0018   XXXZ     -47.0495
      XXYZ     -23.5167   XYYZ       4.8002   YYYZ    -210.4290
      XXZZ    -217.3084   XYZZ      37.2875   YYZZ    -661.4732
      XZZZ     -26.7290   YZZZ    -185.4264   ZZZZ   -1256.8330
 -----------------------------------------------------------------
 Total job time:  255.36s(wall), 7363.81s(cpu) 
 Thu Aug  1 13:35:32 2024

        *************************************************************
        *                                                           *
        *  Thank you very much for using Q-Chem.  Have a nice day.  *
        *                                                           *
        *************************************************************


