
Running Job 1 of 1 frag2-ts1-triplet-wb97xd-c5-r-B3PW91.in
qchem frag2-ts1-triplet-wb97xd-c5-r-B3PW91.in_221137.0 /expanse/lustre/scratch/whughes/temp_project/job_36415957/frag2-ts1-triplet-wb97xd-c5-r-B3PW91-36415957/ 0
/cm/shared/apps/spack/0.17.3/cpu/b/opt/spack/linux-rocky8-zen2/gcc-10.2.0/qchem-6.0-rytxnwjazd34ekd2gqyi5ufsaimxsd3r/exe/qcprog.exe_s frag2-ts1-triplet-wb97xd-c5-r-B3PW91.in_221137.0 /expanse/lustre/scratch/whughes/temp_project/job_36415957/frag2-ts1-triplet-wb97xd-c5-r-B3PW91-36415957/
                  Welcome to Q-Chem
     A Quantum Leap Into The Future Of Chemistry


 Q-Chem 6.0, Q-Chem, Inc., Pleasanton, CA (2022)

 License issued to: University of California, San Diego (site)

 E. Epifanovsky,  A. T. B. Gilbert,  Xintian Feng,  Joonho Lee,  Yuezhi Mao,  
 N. Mardirossian,  P. Pokhilko,  A. White,  M. Wormit,  M. P. Coons,  
 A. L. Dempwolff,  Zhengting Gan,  D. Hait,  P. R. Horn,  L. D. Jacobson,  
 I. Kaliman,  J. Kussmann,  A. W. Lange,  Ka Un Lao,  D. S. Levine,  Jie Liu,  
 S. C. McKenzie,  A. F. Morrison,  K. Nanda,  F. Plasser,  D. R. Rehn,  
 M. L. Vidal,  Zhi-Qiang You,  Ying Zhu,  B. Alam,  B. Albrecht,  
 A. Aldossary,  E. Alguire,  J. H. Andersen,  V. Athavale,  D. Barton,  
 K. Begam,  A. Behn,  N. Bellonzi,  Y. A. Bernard,  E. J. Berquist,  
 H. Burton,  A. Carreras,  K. Carter-Fenk,  Romit Chakraborty,  
 Chandrima Chakravarty,  Junhan Chen,  A. D. Chien,  K. D. Closser,  
 V. Cofer-Shabica,  L. Cunha,  S. Dasgupta,  Jia Deng,  M. de Wergifosse,  
 M. Diedenhofen,  Hainam Do,  S. Ehlert,  Po-Tung Fang,  S. Fatehi,  
 Qingguo Feng,  T. Friedhoff,  B. Ganoe,  J. Gayvert,  Qinghui Ge,  
 G. Gidofalvi,  M. Goldey,  J. Gomes,  C. Gonzalez-Espinoza,  S. Gulania,  
 A. Gunina,  J. A. Gyamfi,  M. W. D. Hanson-Heine,  P. H. P. Harbach,  
 A. W. Hauser,  M. F. Herbst,  M. Hernandez Vera,  M. Hodecker,  
 Z. C. Holden,  S. Houck,  Xunkun Huang,  Kerwin Hui,  B. C. Huynh,  
 K. Ikeda,  M. Ivanov,  Hyunjun Ji,  Zuxin Jin,  Hanjie Jiang,  B. Kaduk,  
 S. Kaehler,  R. Kang,  K. Khistyaev,  Jaehoon Kim,  Yongbin Kim,  
 P. Klunzinger,  Z. Koczor-Benda,  Joong Hoon Koh,  D. Kosenkov,  
 Saikiran Kotaru,  L. Koulias,  T. Kowalczyk,  C. M. Krauter,  K. Kue,  
 A. Kunitsa,  T. Kus,  A. Landau,  K. V. Lawler,  D. Lefrancois,  S. Lehtola,  
 Rain Li,  Shaozhi Li,  Yi-Pei Li,  Jiashu Liang,  M. Liebenthal,  
 Hung-Hsuan Lin,  You-Sheng Lin,  Fenglai Liu,  Kuan-Yu Liu,  
 M. Loipersberger,  A. Luenser,  C. Malbon,  A. Manjanath,  P. Manohar,  
 E. Mansoor,  S. F. Manzer,  Shan-Ping Mao,  A. V. Marenich,  T. Markovich,  
 S. Mason,  F. Matz,  S. A. Maurer,  P. F. McLaughlin,  M. F. S. J. Menger,  
 J.-M. Mewes,  S. A. Mewes,  P. Morgante,  Mohammad Mostafanejad,  
 J. W. Mullinax,  K. J. Oosterbaan,  G. Paran,  V. Parravicini,  
 Alexander C. Paul,  Suranjan K. Paul,  F. Pavosevic,  Zheng Pei,  S. Prager,  
 E. I. Proynov,  E. Ramos,  B. Rana,  A. E. Rask,  A. Rettig,  R. M. Richard,  
 F. Rob,  E. Rossomme,  T. Scheele,  M. Scheurer,  M. Schneider,  
 P. E. Schneider,  N. Sergueev,  S. M. Sharada,  Hengyuan Shen,  
 W. Skomorowski,  D. W. Small,  C. J. Stein,  Yingli Su,  Yu-Chuan Su,  
 E. J. Sundstrom,  Zhen Tao,  J. Thirman,  Hung-Yi Tsai,  T. Tsuchimochi,  
 N. M. Tubman,  C. Utku,  S. P. Veccham,  O. Vydrov,  J. Wenzel,  
 Jonathan Wong,  J. Witte,  A. Yamada,  Chou-Hsun Yang,  Kun Yao,  
 S. Yeganeh,  S. R. Yost,  A. Zech,  F. Zeller,  Igor Ying Zhang,  
 Xing Zhang,  Yu Zhang,  D. Zuev,  A. Aspuru-Guzik,  A. T. Bell,  
 N. A. Besley,  K. B. Bravaya,  B. R. Brooks,  D. Casanova,  Jeng-Da Chai,  
 Hsing-Ta Chen,  S. Coriani,  C. J. Cramer,  A. E. DePrince, III,  
 R. A. DiStasio Jr.,  A. Dreuw,  B. D. Dunietz,  T. R. Furlani,  
 W. A. Goddard III,  S. Grimme,  S. Hammes-Schiffer,  T. Head-Gordon,  
 W. J. Hehre,  Chao-Ping Hsu,  T.-C. Jagau,  Yousung Jung,  A. Klamt,  
 Jing Kong,  D. S. Lambrecht,  Xiangyuan Li,  WanZhen Liang,  N. J. Mayhall,  
 C. W. McCurdy,  J. B. Neaton,  T. Neudecker,  C. Ochsenfeld,  
 J. A. Parkhill,  R. Peverati,  V. A. Rassolov,  Haisheng Ren,  Yihan Shao,  
 L. V. Slipchenko,  R. P. Steele,  J. E. Subotnik,  A. J. W. Thom,  
 A. Tkatchenko,  D. G. Truhlar,  T. Van Voorhis,  Fan Wang,  
 T. A. Wesolowski,  K. B. Whaley,  H. L. Woodcock III,  P. M. Zimmerman,  
 S. Faraji,  P. M. W. Gill,  M. Head-Gordon,  J. M. Herbert,  A. I. Krylov

 Contributors to earlier versions of Q-Chem not listed above: 
 R. D. Adamson,  B. Austin,  R. Baer,  J. Baker,  G. J. O. Beran,  
 K. Brandhorst,  S. T. Brown,  E. F. C. Byrd,  Arup K. Chakraborty,  
 G. K. L. Chan,  Chun-Min Chang,  Yunqing Chen,  C.-L. Cheng,  
 Siu Hung Chien,  D. M. Chipman,  D. L. Crittenden,  H. Dachsel,  
 R. J. Doerksen,  A. D. Dutoi,  R. G. Edgar,  J. Fosso-Tande,  
 L. Fusti-Molnar,  D. Ghosh,  A. Ghysels,  A. Golubeva-Zadorozhnaya,  
 J. Gonthier,  M. S. Gordon,  S. R. Gwaltney,  G. Hawkins,  J. E. Herr,  
 A. Heyden,  S. Hirata,  E. G. Hohenstein,  G. Kedziora,  F. J. Keil,  
 C. Kelley,  Jihan Kim,  R. A. King,  R. Z. Khaliullin,  P. P. Korambath,  
 W. Kurlancheek,  A. Laurent,  A. M. Lee,  M. S. Lee,  S. V. Levchenko,  
 Ching Yeh Lin,  D. Liotard,  E. Livshits,  R. C. Lochan,  I. Lotan,  
 L. A. Martinez-Martinez,  P. E. Maslen,  N. Nair,  D. P. O'Neill,  
 D. Neuhauser,  E. Neuscamman,  C. M. Oana,  R. Olivares-Amaya,  R. Olson,  
 T. M. Perrine,  B. Peters,  P. A. Pieniazek,  A. Prociuk,  Y. M. Rhee,  
 J. Ritchie,  M. A. Rohrdanz,  E. Rosta,  N. J. Russ,  H. F. Schaefer III,  
 M. W. Schmidt,  N. E. Schultz,  S. Sharma,  N. Shenvi,  C. D. Sherrill,  
 A. C. Simmonett,  A. Sodt,  T. Stein,  D. Stuck,  K. S. Thanthiriwatte,  
 V. Vanovschi,  L. Vogt,  Tao Wang,  A. Warshel,  M. A. Watson,  
 C. F. Williams,  Q. Wu,  X. Xu,  Jun Yang,  W. Zhang,  Yan Zhao

   Please cite Q-Chem as follows:
  "Software for the frontiers of quantum chemistry:
   An overview of developments in the Q-Chem 5 package"
   J. Chem. Phys. 155, 084801 (2021)
   https://doi.org/10.1063/5.0055522 (open access)

 Q-Chem 6.0.2 for Intel X86 EM64T Linux

 Parts of Q-Chem use Armadillo 9.900.5 (Nocturnal Misbehaviour).
 http://arma.sourceforge.net/

 Q-Chem begins on Tue Jan 21 12:00:21 2025  

 Host: 
0

     Scratch files written to /expanse/lustre/scratch/whughes/temp_project/job_36415957/frag2-ts1-triplet-wb97xd-c5-r-B3PW91-36415957//
 Dec722 |scratch|qcdevops|jenkins|workspace|build_RNUM    
 Processing $rem in /cm/shared/apps/spack/0.17.3/cpu/b/opt/spack/linux-rocky8-zen2/gcc-10.2.0/qchem-6.0-rytxnwjazd34ekd2gqyi5ufsaimxsd3r/config/preferences:
 Processing $rem in /home/whughes/.qchemrc:

 Checking the input file for inconsistencies... 	...done.

--------------------------------------------------------------
User input:
--------------------------------------------------------------
$molecule
read frag2-ts1-triplet-wb97xd-c5-r.xyz
$end

$rem
METHOD      B3PW91
BASIS       def2-QZVPP
SYM_IGNORE   TRUE
DFT_D       D4
MAX_SCF_CYCLES 300
$end

$end
--------------------------------------------------------------
 Adding empirical dispersion correction 
 ----------------------------------------------------------------
 Doing -D4(0) with B3PW parameters:
 s6  =   1.00000
 s8  =   2.88364
 s10 =   0.00000
 s9 =   1.00000
 a1  =   0.46991
 a2  =   4.51641
 -D4 energy including 3body term = -0.0557060286 hartrees
 ----------------------------------------------------------------
             Standard Nuclear Orientation (Angstroms)
    I     Atom           X                Y                Z
 ----------------------------------------------------------------
    1      N      -1.0020474847     0.7811529901     0.2018930225
    2      N       0.0433563002     0.2629086849     0.7530650263
    3      C       1.0502684230     1.0971849518     1.2386416278
    4      C      -1.9875689881    -0.0822464073    -0.2320285035
    5      O      -2.0387265493    -1.2922032882    -0.1088796976
    6      O       2.0717972849     0.6392929839     1.6908164277
    7      O       0.7607519059     2.3858930292     1.1525560945
    8      C       1.7651823763     3.2829855358     1.6488098731
    9      H       2.6922920740     3.1130302892     1.0988512610
   10      H       1.9538010081     3.0546992789     2.6990979606
   11      C       1.2482414045     4.6872673105     1.4613713576
   12      H       1.9884171549     5.3994405143     1.8286524630
   13      H       1.0605951198     4.8947247390     0.4077849065
   14      H       0.3204129175     4.8364708546     2.0137397733
   15      C      -4.0569475606    -0.1064364778    -1.3335042975
   16      H      -4.5263166029    -0.6492154583    -0.5106675674
   17      H      -3.6993913589    -0.8437792999    -2.0549764992
   18      O      -2.9404955511     0.6312856031    -0.8283216276
   19      C      -5.0067658652     0.8804193003    -1.9662845891
   20      H      -4.5234967644     1.4148079284    -2.7845222873
   21      H      -5.8733723749     0.3502751302    -2.3636177725
   22      H      -5.3537209844     1.6097742533    -1.2340358823
   23      C       0.5965642148    -1.6669313229     0.9011822515
   24      C       1.8407282628    -1.7782396042     0.0730703345
   25      O       2.8697004575    -2.2506726333     0.4632536332
   26      O       1.6016267379    -1.3109257453    -1.1447293275
   27      C       2.6938616588    -1.3554981494    -2.0802360398
   28      H       2.4626088659    -0.5692134772    -2.7963657824
   29      H       3.6145463792    -1.1051142386    -1.5540723836
   30      N       0.7717045818    -2.0011900223     2.1749067118
   31      N       0.8560712986    -2.0454261863     3.2960781579
   32      H      -0.3590739496    -1.9871280740     0.4909212423
   33      C       2.7898515965    -2.7068381216    -2.7517339660
   34      H       3.5802051113    -2.6828028976    -3.5036285341
   35      H       3.0318116505    -3.4832926162    -2.0267291367
   36      H       1.8518624194    -2.9597875872    -3.2470174391
 ----------------------------------------------------------------
 Nuclear Repulsion Energy =        1650.73686854 hartrees
 There are       77 alpha and       75 beta electrons
 Requested basis set is def2-QZVPP
 There are 500 shells and 1620 basis functions

 Total QAlloc Memory Limit   8000 MB
 Mega-Array Size       188 MB
 MEM_STATIC part       192 MB

 A cutoff of  1.0D-09 yielded  56021 shell pairs
 There are    536545 function pairs (    788700 Cartesian)
 Smallest overlap matrix eigenvalue = 2.16E-05

 Q-Chem warning in module stvman/mkSTV.C, line 305:

 Overlap eigenvalue is smaller than square root of threshold
 Use THRESH >= 12 to get rid of this warning


 Scale SEOQF with 1.000000e-02/1.000000e-02/1.000000e-01

 Standard Electronic Orientation quadrupole field applied
 Nucleus-field energy     =    -0.0000000340 hartrees
 Guess from superposition of atomic densities
 Warning:  Energy on first SCF cycle will be non-variational
 SAD guess density has 152.000000 electrons

 -----------------------------------------------------------------------
  General SCF calculation program by
  Eric Jon Sundstrom, Paul Horn, Yuezhi Mao, Dmitri Zuev, Alec White,
  David Stuck, Shaama M.S., Shane Yost, Joonho Lee, David Small,
  Daniel Levine, Susi Lehtola, Hugh Burton, Evgeny Epifanovsky,
  Bang C. Huynh
 -----------------------------------------------------------------------
 Exchange:     0.2000 Hartree-Fock + 0.0800 Slater + 0.7200 B88
 Correlation:  0.1900 PW92 + 0.8100 PW91
 Using SG-1 standard quadrature grid
 Dispersion:   Grimme D4
 using 32 threads for integral computing
 -------------------------------------------------------
 OpenMP Integral computing Module                
 Release: version 1.0, May 2013, Q-Chem Inc. Pittsburgh 
 -------------------------------------------------------
 A unrestricted SCF calculation will be
 performed using DIIS
 SCF converges when DIIS error is below 1.0e-05
 ---------------------------------------
  Cycle       Energy         DIIS error
 ---------------------------------------
    1   -1065.1189233464      4.86e-03  
    2   -1060.6181045061      6.35e-04  
    3   -1059.4161161999      1.23e-03  
    4   -1060.9574541491      2.74e-04  
    5   -1061.0385704626      8.34e-05  
    6   -1061.0425865131      5.64e-05  
    7   -1061.0459501890      1.75e-05  
    8   -1061.0462432627      9.89e-06  Convergence criterion met
 ---------------------------------------
 SCF time:   CPU 21724.21s  wall 750.00s 
<S^2> =          2.015484768
 SCF   energy in the final basis set =    -1061.0462432627
 Total energy in the final basis set =    -1061.0462432627
 
 --------------------------------------------------------------
 
                    Orbital Energies (a.u.)
 --------------------------------------------------------------
 
 Alpha MOs
 -- Occupied --
-19.1792 -19.1714 -19.1666 -19.1179 -19.1100 -19.1082 -14.4668 -14.4245
-14.3917 -14.3581 -10.3161 -10.3128 -10.3106 -10.2681 -10.2303 -10.2249
-10.2231 -10.1661 -10.1628 -10.1628  -1.1560  -1.1391  -1.1327  -1.1280
 -1.0470  -1.0454  -1.0374  -1.0204  -0.8961  -0.8354  -0.7946  -0.7882
 -0.7684  -0.6995  -0.6733  -0.6472  -0.6194  -0.6010  -0.5836  -0.5779
 -0.5639  -0.5547  -0.5369  -0.5229  -0.5093  -0.5058  -0.5017  -0.4904
 -0.4886  -0.4817  -0.4791  -0.4706  -0.4561  -0.4416  -0.4383  -0.4261
 -0.4211  -0.4181  -0.4042  -0.4020  -0.3983  -0.3962  -0.3877  -0.3739
 -0.3660  -0.3640  -0.3596  -0.3579  -0.3390  -0.3243  -0.3188  -0.3184
 -0.3049  -0.3009  -0.2873  -0.2162  -0.2092
 -- Virtual --
 -0.0754  -0.0482   0.0181   0.0245   0.0319   0.0332   0.0477   0.0511
  0.0553   0.0567   0.0632   0.0719   0.0729   0.0759   0.0818   0.0848
  0.0862   0.0923   0.0959   0.0987   0.0993   0.1068   0.1093   0.1150
  0.1161   0.1229   0.1312   0.1351   0.1398   0.1414   0.1484   0.1529
  0.1577   0.1643   0.1653   0.1702   0.1769   0.1807   0.1827   0.1907
  0.1942   0.1998   0.2064   0.2099   0.2137   0.2236   0.2249   0.2291
  0.2393   0.2432   0.2471   0.2502   0.2573   0.2682   0.2703   0.2736
  0.2774   0.2855   0.2875   0.2917   0.2944   0.2980   0.2996   0.3062
  0.3077   0.3111   0.3123   0.3140   0.3173   0.3200   0.3228   0.3248
  0.3261   0.3298   0.3331   0.3368   0.3380   0.3418   0.3427   0.3447
  0.3475   0.3520   0.3534   0.3573   0.3608   0.3665   0.3756   0.3764
  0.3824   0.3842   0.3947   0.3981   0.4058   0.4071   0.4154   0.4222
  0.4232   0.4393   0.4465   0.4528   0.4531   0.4639   0.4693   0.4757
  0.4804   0.4873   0.4884   0.4935   0.4981   0.5074   0.5162   0.5184
  0.5216   0.5273   0.5352   0.5368   0.5444   0.5478   0.5549   0.5581
  0.5621   0.5699   0.5731   0.5768   0.5872   0.5882   0.5932   0.5968
  0.6000   0.6049   0.6109   0.6153   0.6204   0.6232   0.6286   0.6378
  0.6450   0.6481   0.6521   0.6567   0.6618   0.6688   0.6715   0.6760
  0.6814   0.6824   0.6864   0.6915   0.6948   0.7005   0.7051   0.7074
  0.7097   0.7151   0.7215   0.7265   0.7345   0.7370   0.7417   0.7517
  0.7559   0.7600   0.7697   0.7793   0.7796   0.7876   0.7905   0.7936
  0.7965   0.7986   0.8026   0.8054   0.8104   0.8126   0.8178   0.8211
  0.8233   0.8266   0.8286   0.8358   0.8394   0.8437   0.8456   0.8535
  0.8544   0.8576   0.8649   0.8719   0.8778   0.8904   0.8932   0.8988
  0.9021   0.9036   0.9064   0.9156   0.9199   0.9223   0.9239   0.9255
  0.9290   0.9386   0.9446   0.9486   0.9609   0.9627   0.9679   0.9762
  0.9806   0.9878   0.9897   0.9950   0.9969   1.0009   1.0057   1.0076
  1.0144   1.0219   1.0279   1.0356   1.0404   1.0424   1.0489   1.0517
  1.0533   1.0556   1.0584   1.0614   1.0642   1.0689   1.0740   1.0768
  1.0808   1.0884   1.0938   1.1012   1.1046   1.1113   1.1206   1.1244
  1.1278   1.1430   1.1468   1.1536   1.1641   1.1747   1.1829   1.1851
  1.1904   1.1943   1.2052   1.2072   1.2208   1.2270   1.2292   1.2377
  1.2382   1.2447   1.2469   1.2515   1.2600   1.2627   1.2664   1.2733
  1.2768   1.2838   1.2892   1.2927   1.2984   1.3055   1.3143   1.3207
  1.3277   1.3331   1.3376   1.3550   1.3577   1.3591   1.3636   1.3715
  1.3797   1.3853   1.3862   1.3949   1.4094   1.4132   1.4177   1.4204
  1.4301   1.4335   1.4344   1.4383   1.4474   1.4544   1.4612   1.4648
  1.4693   1.4796   1.4823   1.4907   1.4964   1.4973   1.5019   1.5116
  1.5171   1.5281   1.5343   1.5357   1.5417   1.5533   1.5566   1.5592
  1.5700   1.5806   1.5833   1.5950   1.5956   1.6036   1.6089   1.6221
  1.6316   1.6347   1.6434   1.6458   1.6690   1.6815   1.6909   1.6998
  1.7080   1.7274   1.7316   1.7418   1.7493   1.7542   1.7671   1.7711
  1.7771   1.7799   1.7877   1.7902   1.7993   1.8025   1.8036   1.8147
  1.8178   1.8225   1.8287   1.8326   1.8353   1.8361   1.8432   1.8486
  1.8502   1.8626   1.8720   1.8735   1.8895   1.8929   1.8985   1.9016
  1.9040   1.9143   1.9217   1.9281   1.9323   1.9391   1.9461   1.9487
  1.9541   1.9617   1.9647   1.9667   1.9753   1.9798   1.9827   1.9862
  1.9889   1.9952   1.9964   2.0038   2.0039   2.0101   2.0165   2.0224
  2.0283   2.0376   2.0398   2.0477   2.0506   2.0548   2.0582   2.0652
  2.0692   2.0718   2.0763   2.0789   2.0850   2.0914   2.0937   2.0951
  2.0996   2.1050   2.1091   2.1157   2.1212   2.1265   2.1300   2.1334
  2.1359   2.1441   2.1468   2.1494   2.1585   2.1603   2.1641   2.1661
  2.1750   2.1768   2.1818   2.1867   2.1888   2.1970   2.2043   2.2082
  2.2239   2.2242   2.2308   2.2391   2.2480   2.2543   2.2585   2.2677
  2.2769   2.2797   2.2830   2.2906   2.2940   2.3040   2.3083   2.3137
  2.3231   2.3260   2.3342   2.3434   2.3492   2.3587   2.3599   2.3650
  2.3730   2.3782   2.3806   2.3880   2.3925   2.3983   2.4102   2.4181
  2.4234   2.4291   2.4328   2.4373   2.4456   2.4516   2.4567   2.4637
  2.4707   2.4785   2.4817   2.4923   2.4957   2.5051   2.5103   2.5133
  2.5198   2.5208   2.5401   2.5483   2.5510   2.5553   2.5617   2.5664
  2.5740   2.5768   2.5848   2.5910   2.5928   2.5986   2.6053   2.6127
  2.6217   2.6249   2.6273   2.6330   2.6406   2.6496   2.6576   2.6606
  2.6627   2.6657   2.6766   2.6845   2.6899   2.6919   2.7039   2.7117
  2.7198   2.7228   2.7316   2.7380   2.7446   2.7484   2.7568   2.7632
  2.7697   2.7723   2.7798   2.7845   2.7946   2.7992   2.8063   2.8099
  2.8113   2.8148   2.8218   2.8267   2.8301   2.8320   2.8385   2.8409
  2.8418   2.8513   2.8605   2.8668   2.8721   2.8785   2.8823   2.8911
  2.8943   2.9005   2.9027   2.9044   2.9085   2.9122   2.9211   2.9266
  2.9386   2.9427   2.9548   2.9579   2.9620   2.9651   2.9690   2.9730
  2.9829   2.9881   2.9912   3.0006   3.0072   3.0090   3.0146   3.0230
  3.0329   3.0422   3.0444   3.0563   3.0627   3.0657   3.0775   3.0853
  3.0900   3.1016   3.1077   3.1176   3.1241   3.1274   3.1334   3.1380
  3.1472   3.1528   3.1543   3.1621   3.1652   3.1770   3.1821   3.1865
  3.1945   3.1997   3.2074   3.2158   3.2325   3.2353   3.2412   3.2474
  3.2545   3.2588   3.2686   3.2721   3.2843   3.2914   3.2965   3.3083
  3.3124   3.3191   3.3244   3.3343   3.3401   3.3415   3.3545   3.3602
  3.3657   3.3797   3.3875   3.3945   3.3952   3.4045   3.4054   3.4207
  3.4273   3.4391   3.4428   3.4507   3.4703   3.4732   3.4814   3.4878
  3.5098   3.5201   3.5215   3.5268   3.5392   3.5515   3.5647   3.5731
  3.5762   3.5845   3.5912   3.5970   3.6138   3.6223   3.6251   3.6309
  3.6408   3.6466   3.6489   3.6567   3.6643   3.6726   3.6768   3.6863
  3.6908   3.6967   3.6993   3.7120   3.7162   3.7306   3.7378   3.7434
  3.7565   3.7787   3.7830   3.7898   3.8005   3.8097   3.8119   3.8223
  3.8318   3.8363   3.8423   3.8542   3.8660   3.8685   3.8699   3.8801
  3.8837   3.8870   3.8895   3.8931   3.8963   3.8980   3.9019   3.9085
  3.9190   3.9247   3.9276   3.9301   3.9387   3.9437   3.9496   3.9566
  3.9702   3.9813   3.9986   4.0014   4.0102   4.0186   4.0291   4.0346
  4.0475   4.0679   4.0702   4.0735   4.0804   4.0963   4.1099   4.1207
  4.1311   4.1500   4.1572   4.1683   4.1774   4.1843   4.1913   4.2081
  4.2111   4.2170   4.2327   4.2476   4.2535   4.2633   4.2660   4.2787
  4.2816   4.2900   4.3053   4.3119   4.3223   4.3282   4.3416   4.3553
  4.3678   4.3818   4.4029   4.4117   4.4162   4.4208   4.4375   4.4417
  4.4559   4.4645   4.4762   4.4881   4.4954   4.5372   4.5563   4.5574
  4.5676   4.5787   4.5836   4.6006   4.6071   4.6159   4.6319   4.6413
  4.6526   4.6658   4.6838   4.6923   4.6992   4.7034   4.7117   4.7259
  4.7434   4.7557   4.8050   4.8422   4.8502   4.8606   4.8762   4.8799
  4.9164   4.9498   4.9572   4.9702   5.0058   5.0299   5.0388   5.0569
  5.0624   5.0653   5.0744   5.0894   5.1185   5.1364   5.1416   5.1578
  5.1757   5.1847   5.1993   5.2015   5.2165   5.2215   5.2245   5.2253
  5.2367   5.2419   5.2549   5.2695   5.2790   5.2900   5.3048   5.3097
  5.3187   5.3416   5.3468   5.3476   5.3519   5.3684   5.3775   5.3932
  5.4230   5.4266   5.4378   5.4470   5.4506   5.4540   5.4643   5.4790
  5.4986   5.5072   5.5302   5.5414   5.5516   5.5617   5.5684   5.5748
  5.5840   5.5879   5.5953   5.6060   5.6107   5.6133   5.6240   5.6326
  5.6383   5.6529   5.6644   5.6706   5.6761   5.6846   5.6909   5.7040
  5.7090   5.7372   5.7626   5.7653   5.7704   5.7773   5.7813   5.7947
  5.8016   5.8058   5.8181   5.8285   5.8350   5.8490   5.8506   5.8569
  5.8629   5.8661   5.8682   5.8770   5.8779   5.8843   5.8925   5.8956
  5.9056   5.9118   5.9137   5.9160   5.9185   5.9222   5.9324   5.9355
  5.9423   5.9525   5.9579   5.9607   5.9730   5.9775   5.9926   5.9988
  6.0057   6.0180   6.0281   6.0360   6.0395   6.0438   6.0546   6.0565
  6.0638   6.0693   6.0713   6.0802   6.0864   6.0942   6.0979   6.1038
  6.1115   6.1191   6.1260   6.1453   6.1500   6.1561   6.1616   6.1712
  6.1732   6.1799   6.1886   6.1922   6.1997   6.2009   6.2164   6.2225
  6.2323   6.2424   6.2435   6.2481   6.2517   6.2618   6.2645   6.2680
  6.2724   6.2754   6.2809   6.2884   6.2898   6.2984   6.3007   6.3109
  6.3193   6.3286   6.3344   6.3370   6.3410   6.3442   6.3466   6.3557
  6.3602   6.3630   6.3669   6.3763   6.3779   6.3843   6.3858   6.3924
  6.4128   6.4189   6.4326   6.4425   6.4523   6.4585   6.4642   6.4782
  6.4829   6.4878   6.5017   6.5039   6.5119   6.5248   6.5291   6.5319
  6.5417   6.5491   6.5617   6.5667   6.5722   6.5800   6.5926   6.6034
  6.6154   6.6244   6.6296   6.6371   6.6405   6.6433   6.6505   6.6691
  6.6778   6.6834   6.6855   6.6954   6.7021   6.7059   6.7113   6.7152
  6.7258   6.7302   6.7323   6.7440   6.7498   6.7641   6.7775   6.7952
  6.8087   6.8102   6.8127   6.8240   6.8509   6.8519   6.8690   6.8716
  6.8747   6.8809   6.8898   6.9125   6.9172   6.9205   6.9304   6.9369
  6.9423   6.9486   6.9517   6.9712   6.9786   6.9866   6.9903   6.9919
  6.9977   7.0080   7.0119   7.0243   7.0331   7.0460   7.0541   7.0589
  7.0867   7.1019   7.1151   7.1257   7.1391   7.1502   7.1673   7.1751
  7.1919   7.2235   7.2255   7.2266   7.2320   7.2594   7.2743   7.2788
  7.2857   7.2884   7.3008   7.3062   7.3076   7.3165   7.3549   7.3625
  7.3736   7.3800   7.3856   7.3886   7.3919   7.3934   7.4026   7.4088
  7.4282   7.4452   7.4500   7.4548   7.4675   7.4757   7.4777   7.4845
  7.4855   7.4958   7.5012   7.5051   7.5074   7.5109   7.5209   7.5337
  7.5473   7.5531   7.5551   7.5588   7.5687   7.5836   7.5962   7.6010
  7.6055   7.6078   7.6085   7.6107   7.6296   7.6407   7.6440   7.6568
  7.6595   7.6669   7.6832   7.6840   7.6886   7.6928   7.7005   7.7030
  7.7156   7.7266   7.7355   7.7426   7.7450   7.7501   7.7589   7.7662
  7.7717   7.7735   7.7739   7.7802   7.7836   7.7847   7.7881   7.8112
  7.8204   7.8282   7.8427   7.8438   7.8481   7.8491   7.8587   7.8659
  7.8717   7.8855   7.9068   7.9245   7.9260   7.9276   7.9375   7.9622
  7.9789   7.9923   7.9961   7.9998   8.0043   8.0088   8.0134   8.0171
  8.0305   8.0589   8.0739   8.0774   8.0857   8.0917   8.1184   8.1298
  8.1354   8.1597   8.1615   8.1896   8.1974   8.2096   8.2415   8.2609
  8.2762   8.2931   8.2984   8.3021   8.3039   8.3163   8.3193   8.3206
  8.3303   8.3416   8.3511   8.3643   8.3647   8.3671   8.3778   8.3797
  8.3802   8.3918   8.3934   8.3968   8.3979   8.4054   8.4116   8.4191
  8.4252   8.4317   8.4359   8.4407   8.4436   8.4438   8.4518   8.4534
  8.4591   8.4612   8.4683   8.4750   8.4807   8.4873   8.4931   8.4981
  8.5074   8.5129   8.5170   8.5319   8.5505   8.5552   8.5696   8.5731
  8.5869   8.5931   8.5959   8.6053   8.6093   8.6206   8.6216   8.6316
  8.6358   8.6489   8.6654   8.6773   8.6849   8.6952   8.6981   8.7294
  8.7509   8.7562   8.7647   8.7685   8.7807   8.7894   8.7984   8.8064
  8.8084   8.8181   8.8231   8.8299   8.8397   8.8416   8.8490   8.8550
  8.8591   8.8770   8.8820   8.8855   8.9001   8.9194   8.9464   8.9481
  8.9530   8.9653   8.9678   8.9717   8.9770   8.9875   8.9899   8.9962
  8.9973   9.0068   9.0094   9.0118   9.0161   9.0227   9.0271   9.0282
  9.0397   9.0406   9.0494   9.0550   9.0634   9.0659   9.0754   9.0781
  9.0866   9.1010   9.1081   9.1300   9.1517   9.1596   9.1717   9.1742
  9.1759   9.1806   9.1890   9.1915   9.2062   9.2094   9.2162   9.2243
  9.2372   9.2701   9.2792   9.3103   9.3330   9.3553   9.3772   9.3838
  9.4004   9.4124   9.4266   9.4492   9.4693   9.4766   9.4802   9.4834
  9.4934   9.4977   9.5395   9.5680   9.5707   9.5782   9.5935   9.6139
  9.6318   9.6803   9.6833   9.6892   9.6904   9.6991   9.7162   9.7190
  9.7296   9.7484   9.7516   9.7642   9.7684   9.7809   9.8071   9.8238
  9.8305   9.8422   9.8515   9.8618   9.8630   9.8662   9.8676   9.8695
  9.8703   9.8726   9.8772   9.8809   9.8891   9.9018   9.9236   9.9272
  9.9329   9.9464   9.9631   9.9704   9.9763   9.9896  10.0141  10.0205
 10.0425  10.0476  10.0612  10.0707  10.0740  10.0996  10.1171  10.1226
 10.1317  10.1452  10.1639  10.1722  10.1882  10.2179  10.2215  10.2348
 10.2423  10.2947  10.3134  10.3213  10.3236  10.3363  10.3389  10.3545
 10.3562  10.3644  10.3668  10.3748  10.3797  10.3972  10.4045  10.4113
 10.4417  10.4575  10.4677  10.4751  10.4839  10.5028  10.5110  10.5658
 10.6208  10.6492  10.6527  10.6877  10.6918  10.7245  10.7813  10.8673
 10.9778  10.9835  11.0388  11.0469  11.0609  11.0833  11.0932  11.1142
 11.1383  11.1929  11.2205  11.2604  11.2673  11.3476  11.3601  11.3881
 11.4060  11.4287  11.4787  11.4871  11.4976  11.5054  11.5242  11.5457
 11.6297  11.6889  11.6986  11.7224  11.7593  11.7646  11.7902  11.8184
 11.8362  11.8376  11.8426  11.8482  11.8562  11.8597  11.8846  11.9200
 11.9434  11.9520  11.9656  11.9677  11.9974  12.0059  12.0092  12.0683
 12.0886  12.0940  12.1041  12.1115  12.1133  12.1636  12.1833  12.1908
 12.2176  12.2229  12.2511  12.3151  12.3268  12.3316  12.3586  12.3616
 12.4053  12.4500  12.4563  12.4664  12.5279  12.5332  12.5570  12.5682
 12.5892  12.7196  12.7359  12.7536  12.7577  12.7730  12.8062  12.8078
 12.8315  13.0207  13.0360  13.0473  13.1434  13.1838  13.2024  13.2121
 13.2623  13.3052  13.3113  13.3277  13.4439  13.4616  13.4951  13.7058
 13.7210  13.7662  13.8371  13.8712  13.9066  14.2103  14.2408  14.2509
 14.4530  14.5163  14.6051  14.6647  14.6873  14.7149  15.0912  28.2967
 28.3320  28.4493  28.7261  28.9143  28.9161  28.9176  29.1286  29.1310
 29.1351  37.2375  37.3809  37.8392  38.6971  48.1955  48.2085  48.2159
 48.3303  48.3571  48.4054 147.3226 147.3551 147.5058 147.8280 148.0200
148.0215 148.0233 148.2357 148.2384 148.2424 196.5152 196.7268 197.1580
198.0935 253.2731 253.2870 253.2930 253.4211 253.4517 253.5072
 
 Beta MOs
 -- Occupied --
-19.1792 -19.1708 -19.1652 -19.1173 -19.1073 -19.1055 -14.4655 -14.4162
-14.3759 -14.3466 -10.3157 -10.3129 -10.3099 -10.2646 -10.2303 -10.2249
-10.2231 -10.1661 -10.1628 -10.1628  -1.1476  -1.1338  -1.1317  -1.1245
 -1.0445  -1.0366  -1.0327  -1.0044  -0.8835  -0.8191  -0.7940  -0.7873
 -0.7596  -0.6980  -0.6701  -0.6425  -0.6167  -0.5965  -0.5775  -0.5739
 -0.5628  -0.5498  -0.5163  -0.5125  -0.5048  -0.4986  -0.4946  -0.4839
 -0.4795  -0.4793  -0.4720  -0.4523  -0.4473  -0.4344  -0.4331  -0.4234
 -0.4190  -0.4120  -0.4037  -0.4009  -0.3925  -0.3861  -0.3807  -0.3698
 -0.3633  -0.3619  -0.3575  -0.3352  -0.3234  -0.3204  -0.3125  -0.3091
 -0.3001  -0.2968  -0.2656
 -- Virtual --
 -0.1155  -0.1119  -0.0685  -0.0251   0.0257   0.0324   0.0329   0.0342
  0.0521   0.0562   0.0595   0.0651   0.0722   0.0729   0.0765   0.0793
  0.0854   0.0868   0.0881   0.0933   0.0978   0.1007   0.1018   0.1079
  0.1110   0.1155   0.1170   0.1243   0.1320   0.1359   0.1411   0.1422
  0.1505   0.1540   0.1594   0.1649   0.1660   0.1721   0.1787   0.1829
  0.1848   0.1934   0.1956   0.2028   0.2083   0.2116   0.2152   0.2260
  0.2314   0.2330   0.2420   0.2467   0.2509   0.2520   0.2593   0.2711
  0.2726   0.2769   0.2798   0.2872   0.2892   0.2947   0.2960   0.2996
  0.3008   0.3073   0.3103   0.3126   0.3142   0.3152   0.3189   0.3220
  0.3240   0.3262   0.3281   0.3318   0.3351   0.3373   0.3386   0.3426
  0.3438   0.3460   0.3496   0.3531   0.3557   0.3588   0.3639   0.3680
  0.3781   0.3795   0.3856   0.3881   0.3970   0.4008   0.4084   0.4104
  0.4187   0.4244   0.4277   0.4417   0.4484   0.4541   0.4558   0.4672
  0.4709   0.4777   0.4819   0.4888   0.4908   0.4958   0.5001   0.5091
  0.5178   0.5199   0.5247   0.5292   0.5373   0.5386   0.5462   0.5502
  0.5571   0.5596   0.5632   0.5723   0.5744   0.5783   0.5898   0.5899
  0.5950   0.5983   0.6013   0.6062   0.6134   0.6168   0.6238   0.6261
  0.6308   0.6404   0.6469   0.6500   0.6541   0.6602   0.6642   0.6720
  0.6745   0.6783   0.6836   0.6854   0.6878   0.6931   0.6974   0.7020
  0.7063   0.7090   0.7108   0.7163   0.7239   0.7288   0.7367   0.7392
  0.7438   0.7533   0.7582   0.7616   0.7752   0.7816   0.7831   0.7895
  0.7924   0.7959   0.7980   0.8005   0.8039   0.8063   0.8119   0.8137
  0.8197   0.8219   0.8242   0.8280   0.8295   0.8373   0.8408   0.8453
  0.8478   0.8553   0.8581   0.8597   0.8664   0.8738   0.8791   0.8914
  0.8942   0.9010   0.9034   0.9053   0.9086   0.9167   0.9222   0.9242
  0.9254   0.9269   0.9309   0.9398   0.9464   0.9518   0.9637   0.9649
  0.9698   0.9785   0.9823   0.9900   0.9920   0.9986   1.0006   1.0040
  1.0084   1.0106   1.0163   1.0245   1.0312   1.0371   1.0421   1.0450
  1.0495   1.0526   1.0545   1.0568   1.0596   1.0632   1.0672   1.0717
  1.0761   1.0783   1.0828   1.0907   1.0986   1.1061   1.1117   1.1138
  1.1247   1.1296   1.1324   1.1455   1.1486   1.1564   1.1669   1.1777
  1.1859   1.1889   1.1922   1.1976   1.2090   1.2115   1.2232   1.2304
  1.2337   1.2391   1.2408   1.2480   1.2506   1.2556   1.2631   1.2657
  1.2688   1.2777   1.2803   1.2858   1.2908   1.2948   1.3010   1.3102
  1.3170   1.3232   1.3306   1.3350   1.3401   1.3567   1.3599   1.3633
  1.3673   1.3728   1.3834   1.3879   1.3907   1.4012   1.4122   1.4154
  1.4218   1.4229   1.4319   1.4348   1.4370   1.4417   1.4493   1.4563
  1.4650   1.4670   1.4724   1.4833   1.4863   1.4944   1.4993   1.5001
  1.5051   1.5142   1.5200   1.5298   1.5375   1.5388   1.5460   1.5569
  1.5596   1.5636   1.5739   1.5830   1.5891   1.5973   1.5984   1.6084
  1.6137   1.6250   1.6367   1.6381   1.6474   1.6494   1.6729   1.6839
  1.6935   1.7025   1.7110   1.7300   1.7345   1.7446   1.7516   1.7564
  1.7700   1.7734   1.7795   1.7822   1.7905   1.7920   1.8008   1.8035
  1.8051   1.8158   1.8190   1.8233   1.8295   1.8343   1.8377   1.8384
  1.8449   1.8498   1.8516   1.8643   1.8738   1.8756   1.8919   1.8940
  1.9005   1.9041   1.9056   1.9170   1.9245   1.9301   1.9348   1.9418
  1.9479   1.9512   1.9556   1.9634   1.9656   1.9691   1.9778   1.9811
  1.9846   1.9884   1.9912   1.9968   1.9998   2.0058   2.0060   2.0113
  2.0182   2.0242   2.0302   2.0390   2.0421   2.0491   2.0523   2.0564
  2.0600   2.0675   2.0700   2.0737   2.0774   2.0802   2.0872   2.0928
  2.0952   2.0969   2.1010   2.1059   2.1112   2.1178   2.1232   2.1273
  2.1323   2.1347   2.1376   2.1452   2.1482   2.1517   2.1596   2.1625
  2.1651   2.1686   2.1771   2.1781   2.1830   2.1875   2.1911   2.1990
  2.2062   2.2099   2.2256   2.2274   2.2338   2.2426   2.2515   2.2562
  2.2614   2.2698   2.2792   2.2813   2.2865   2.2924   2.2971   2.3063
  2.3115   2.3153   2.3262   2.3284   2.3367   2.3463   2.3511   2.3605
  2.3619   2.3685   2.3760   2.3802   2.3834   2.3906   2.3948   2.4001
  2.4129   2.4207   2.4261   2.4318   2.4341   2.4395   2.4474   2.4536
  2.4602   2.4667   2.4735   2.4810   2.4855   2.4944   2.4990   2.5081
  2.5141   2.5156   2.5219   2.5249   2.5430   2.5502   2.5523   2.5565
  2.5635   2.5690   2.5768   2.5797   2.5870   2.5930   2.5955   2.6006
  2.6084   2.6150   2.6242   2.6272   2.6299   2.6355   2.6443   2.6526
  2.6598   2.6627   2.6654   2.6702   2.6800   2.6896   2.6933   2.6953
  2.7092   2.7143   2.7232   2.7252   2.7344   2.7402   2.7478   2.7508
  2.7589   2.7658   2.7726   2.7753   2.7836   2.7867   2.7975   2.8016
  2.8088   2.8123   2.8133   2.8165   2.8229   2.8290   2.8327   2.8344
  2.8422   2.8428   2.8464   2.8544   2.8642   2.8709   2.8770   2.8813
  2.8861   2.8929   2.8971   2.9044   2.9045   2.9079   2.9106   2.9159
  2.9249   2.9302   2.9425   2.9473   2.9595   2.9618   2.9657   2.9678
  2.9727   2.9749   2.9867   2.9924   2.9936   3.0041   3.0088   3.0140
  3.0174   3.0250   3.0375   3.0458   3.0461   3.0610   3.0660   3.0692
  3.0852   3.0885   3.0935   3.1048   3.1110   3.1218   3.1258   3.1306
  3.1358   3.1427   3.1512   3.1564   3.1596   3.1665   3.1680   3.1817
  3.1855   3.1889   3.1991   3.2054   3.2115   3.2199   3.2371   3.2404
  3.2466   3.2523   3.2587   3.2672   3.2735   3.2810   3.2880   3.2961
  3.3018   3.3125   3.3158   3.3253   3.3275   3.3403   3.3443   3.3472
  3.3587   3.3635   3.3707   3.3828   3.3919   3.3976   3.3984   3.4082
  3.4100   3.4264   3.4330   3.4422   3.4463   3.4562   3.4736   3.4789
  3.4885   3.4931   3.5162   3.5239   3.5242   3.5326   3.5442   3.5556
  3.5675   3.5778   3.5813   3.5871   3.5956   3.5990   3.6171   3.6271
  3.6292   3.6341   3.6438   3.6503   3.6522   3.6600   3.6670   3.6742
  3.6796   3.6891   3.6951   3.6983   3.7044   3.7195   3.7209   3.7330
  3.7416   3.7490   3.7625   3.7846   3.7885   3.7932   3.8073   3.8155
  3.8173   3.8252   3.8353   3.8407   3.8479   3.8569   3.8688   3.8724
  3.8730   3.8806   3.8851   3.8893   3.8919   3.8941   3.8978   3.9008
  3.9043   3.9135   3.9252   3.9279   3.9317   3.9344   3.9411   3.9467
  3.9534   3.9624   3.9749   3.9850   4.0024   4.0060   4.0156   4.0237
  4.0355   4.0391   4.0514   4.0730   4.0754   4.0773   4.0869   4.1001
  4.1135   4.1234   4.1347   4.1537   4.1611   4.1728   4.1827   4.1893
  4.1965   4.2127   4.2147   4.2225   4.2383   4.2523   4.2573   4.2653
  4.2681   4.2843   4.2872   4.2945   4.3075   4.3145   4.3243   4.3350
  4.3488   4.3602   4.3718   4.3869   4.4053   4.4137   4.4189   4.4234
  4.4417   4.4452   4.4589   4.4678   4.4802   4.4967   4.4991   4.5443
  4.5595   4.5606   4.5723   4.5809   4.5879   4.6034   4.6105   4.6193
  4.6365   4.6443   4.6555   4.6690   4.6870   4.6956   4.7012   4.7086
  4.7141   4.7278   4.7511   4.7616   4.8076   4.8456   4.8527   4.8632
  4.8813   4.8860   4.9198   4.9531   4.9595   4.9746   5.0099   5.0340
  5.0421   5.0602   5.0644   5.0696   5.0771   5.0918   5.1218   5.1396
  5.1449   5.1610   5.1787   5.1883   5.2024   5.2053   5.2189   5.2220
  5.2250   5.2258   5.2379   5.2431   5.2585   5.2714   5.2807   5.2924
  5.3065   5.3112   5.3229   5.3435   5.3472   5.3495   5.3528   5.3728
  5.3805   5.3958   5.4277   5.4324   5.4416   5.4482   5.4514   5.4561
  5.4674   5.4833   5.5027   5.5109   5.5329   5.5443   5.5552   5.5637
  5.5693   5.5765   5.5859   5.5891   5.5963   5.6081   5.6135   5.6150
  5.6262   5.6347   5.6410   5.6552   5.6662   5.6728   5.6777   5.6860
  5.6939   5.7062   5.7123   5.7398   5.7654   5.7672   5.7725   5.7781
  5.7816   5.7959   5.8033   5.8071   5.8194   5.8299   5.8362   5.8500
  5.8528   5.8576   5.8641   5.8685   5.8690   5.8788   5.8794   5.8860
  5.8931   5.8961   5.9074   5.9126   5.9156   5.9163   5.9196   5.9229
  5.9346   5.9374   5.9447   5.9561   5.9598   5.9631   5.9763   5.9786
  5.9932   6.0002   6.0071   6.0202   6.0293   6.0367   6.0412   6.0448
  6.0562   6.0577   6.0659   6.0723   6.0730   6.0814   6.0882   6.0953
  6.0992   6.1049   6.1128   6.1221   6.1274   6.1469   6.1515   6.1587
  6.1630   6.1723   6.1749   6.1815   6.1912   6.1945   6.2012   6.2029
  6.2178   6.2238   6.2341   6.2434   6.2447   6.2485   6.2525   6.2638
  6.2670   6.2697   6.2734   6.2776   6.2820   6.2898   6.2905   6.3006
  6.3021   6.3121   6.3223   6.3296   6.3355   6.3378   6.3429   6.3452
  6.3480   6.3565   6.3610   6.3654   6.3679   6.3779   6.3791   6.3856
  6.3876   6.3933   6.4139   6.4225   6.4376   6.4448   6.4551   6.4625
  6.4687   6.4810   6.4850   6.4898   6.5043   6.5052   6.5137   6.5284
  6.5337   6.5348   6.5445   6.5582   6.5665   6.5691   6.5779   6.5831
  6.5951   6.6066   6.6182   6.6283   6.6319   6.6399   6.6415   6.6458
  6.6515   6.6731   6.6820   6.6863   6.6879   6.6972   6.7028   6.7070
  6.7132   6.7161   6.7268   6.7329   6.7355   6.7455   6.7529   6.7660
  6.7855   6.8018   6.8093   6.8111   6.8140   6.8290   6.8540   6.8587
  6.8709   6.8756   6.8786   6.8862   6.8976   6.9203   6.9247   6.9275
  6.9341   6.9433   6.9479   6.9533   6.9571   6.9760   6.9804   6.9877
  6.9928   6.9938   6.9982   7.0107   7.0160   7.0259   7.0356   7.0548
  7.0594   7.0698   7.0931   7.1055   7.1191   7.1293   7.1405   7.1592
  7.1736   7.1867   7.1953   7.2254   7.2263   7.2270   7.2378   7.2622
  7.2758   7.2800   7.2880   7.2906   7.3021   7.3081   7.3083   7.3214
  7.3585   7.3677   7.3775   7.3828   7.3867   7.3892   7.3933   7.3964
  7.4045   7.4123   7.4284   7.4489   7.4519   7.4601   7.4715   7.4768
  7.4792   7.4856   7.4873   7.4991   7.5046   7.5065   7.5106   7.5134
  7.5253   7.5375   7.5521   7.5548   7.5553   7.5605   7.5735   7.5853
  7.5982   7.6034   7.6073   7.6082   7.6091   7.6119   7.6330   7.6428
  7.6501   7.6612   7.6646   7.6715   7.6839   7.6853   7.6899   7.6941
  7.7015   7.7039   7.7178   7.7280   7.7370   7.7432   7.7459   7.7515
  7.7612   7.7669   7.7732   7.7748   7.7749   7.7841   7.7854   7.7882
  7.7891   7.8127   7.8217   7.8298   7.8431   7.8441   7.8496   7.8541
  7.8596   7.8692   7.8771   7.8881   7.9077   7.9251   7.9275   7.9288
  7.9422   7.9640   7.9844   7.9938   8.0005   8.0030   8.0057   8.0097
  8.0168   8.0227   8.0367   8.0731   8.0754   8.0855   8.0881   8.0954
  8.1260   8.1340   8.1410   8.1625   8.1640   8.1992   8.2165   8.2169
  8.2584   8.2719   8.2972   8.2978   8.3025   8.3043   8.3147   8.3191
  8.3201   8.3209   8.3305   8.3429   8.3519   8.3648   8.3658   8.3677
  8.3780   8.3800   8.3805   8.3924   8.3939   8.3970   8.3980   8.4072
  8.4140   8.4226   8.4283   8.4330   8.4392   8.4439   8.4443   8.4487
  8.4535   8.4542   8.4596   8.4625   8.4727   8.4759   8.4887   8.4984
  8.4996   8.5067   8.5135   8.5183   8.5222   8.5363   8.5552   8.5638
  8.5741   8.5766   8.5886   8.5940   8.5965   8.6093   8.6193   8.6220
  8.6263   8.6344   8.6433   8.6571   8.6694   8.6822   8.6894   8.7023
  8.7047   8.7344   8.7553   8.7599   8.7684   8.7827   8.7938   8.7991
  8.7999   8.8096   8.8128   8.8238   8.8249   8.8346   8.8417   8.8442
  8.8539   8.8612   8.8690   8.8792   8.8883   8.8921   8.9038   8.9277
  8.9518   8.9554   8.9642   8.9682   8.9755   8.9793   8.9844   8.9946
  8.9951   9.0010   9.0031   9.0106   9.0126   9.0178   9.0227   9.0294
  9.0313   9.0388   9.0440   9.0505   9.0567   9.0618   9.0664   9.0680
  9.0853   9.0877   9.0996   9.1092   9.1197   9.1445   9.1570   9.1635
  9.1774   9.1779   9.1853   9.1882   9.1930   9.2027   9.2165   9.2223
  9.2346   9.2405   9.2507   9.2876   9.2889   9.3182   9.3523   9.3669
  9.3924   9.3933   9.4099   9.4205   9.4313   9.4599   9.4745   9.4811
  9.4855   9.4899   9.5020   9.5200   9.5465   9.5701   9.5760   9.5817
  9.6045   9.6163   9.6498   9.6833   9.6866   9.6909   9.6918   9.7013
  9.7198   9.7235   9.7323   9.7488   9.7539   9.7670   9.7717   9.7829
  9.8183   9.8263   9.8386   9.8484   9.8546   9.8641   9.8645   9.8671
  9.8687   9.8703   9.8714   9.8742   9.8780   9.8834   9.8972   9.9056
  9.9245   9.9292   9.9388   9.9521   9.9645   9.9728   9.9787  10.0001
 10.0192  10.0346  10.0556  10.0596  10.0635  10.0748  10.0755  10.1021
 10.1184  10.1289  10.1367  10.1480  10.1707  10.1787  10.1919  10.2204
 10.2254  10.2369  10.2451  10.2990  10.3178  10.3217  10.3240  10.3384
 10.3427  10.3576  10.3610  10.3656  10.3717  10.3828  10.3881  10.4030
 10.4085  10.4191  10.4450  10.4620  10.4696  10.4762  10.4886  10.5040
 10.5158  10.5674  10.6278  10.6496  10.6530  10.6905  10.7000  10.7329
 10.7834  10.8741  10.9801  10.9891  11.0418  11.0515  11.0629  11.0909
 11.1005  11.1174  11.1472  11.2013  11.2515  11.2707  11.2780  11.3549
 11.3756  11.3920  11.4111  11.4300  11.4868  11.4889  11.5028  11.5091
 11.5290  11.5509  11.6415  11.6915  11.7038  11.7278  11.7633  11.7683
 11.7974  11.8232  11.8379  11.8391  11.8438  11.8520  11.8597  11.8631
 11.8874  11.9268  11.9474  11.9550  11.9686  11.9761  12.0006  12.0067
 12.0176  12.0690  12.0895  12.0951  12.1064  12.1134  12.1146  12.1643
 12.1856  12.1948  12.2189  12.2250  12.2599  12.3218  12.3287  12.3356
 12.3612  12.3637  12.4143  12.4546  12.4581  12.4672  12.5343  12.5382
 12.5655  12.5722  12.5896  12.7244  12.7392  12.7572  12.7599  12.7738
 12.8066  12.8094  12.8330  13.0214  13.0362  13.0477  13.1516  13.1923
 13.2096  13.2275  13.2643  13.3053  13.3113  13.3277  13.4442  13.4632
 13.4967  13.7079  13.7213  13.7682  13.8373  13.8724  13.9079  14.2122
 14.2484  14.2585  14.4554  14.5183  14.6055  14.6685  14.6887  14.7151
 15.0970  28.2981  28.3328  28.4493  28.7319  28.9143  28.9162  28.9177
 29.1286  29.1310  29.1352  37.2476  37.4021  37.8612  38.7023  48.1981
 48.2106  48.2191  48.3328  48.3585  48.4057 147.3231 147.3553 147.5057
147.8308 148.0200 148.0215 148.0233 148.2357 148.2384 148.2424 196.5181
196.7336 197.1657 198.0950 253.2739 253.2877 253.2941 253.4218 253.4522
253.5073
 --------------------------------------------------------------
 
          Ground-State Mulliken Net Atomic Charges

     Atom                 Charge (a.u.)    Spin (a.u.)
  --------------------------------------------------------
      1 N                    -0.164787       0.519651
      2 N                    -0.023761       0.592915
      3 C                     0.374749       0.007040
      4 C                     0.362802       0.046018
      5 O                    -0.426423       0.101816
      6 O                    -0.393847       0.099904
      7 O                    -0.315736       0.017004
      8 C                     0.124897       0.001010
      9 H                     0.073669       0.001130
     10 H                     0.077460       0.001259
     11 C                    -0.190356       0.000467
     12 H                     0.066892       0.000420
     13 H                     0.078602       0.000010
     14 H                     0.078438       0.000015
     15 C                     0.121909      -0.005446
     16 H                     0.072022       0.003809
     17 H                     0.069110       0.003667
     18 O                    -0.298767       0.036639
     19 C                    -0.196806       0.000050
     20 H                     0.077143       0.000101
     21 H                     0.066050      -0.000292
     22 H                     0.078760       0.000093
     23 C                     0.025668       0.125861
     24 C                     0.366345      -0.000351
     25 O                    -0.363978       0.017231
     26 O                    -0.361225      -0.000636
     27 C                     0.123050      -0.000846
     28 H                     0.082786      -0.000026
     29 H                     0.072676       0.000278
     30 N                     0.144149       0.038164
     31 N                     0.000017       0.400407
     32 H                     0.157399      -0.007778
     33 C                    -0.182645       0.000453
     34 H                     0.062858      -0.000026
     35 H                     0.083384      -0.000039
     36 H                     0.077496       0.000027
  --------------------------------------------------------
  Sum of atomic charges =    -0.000000
  Sum of spin   charges =     2.000000

 -----------------------------------------------------------------
                    Cartesian Multipole Moments
 -----------------------------------------------------------------
    Charge (ESU x 10^10)
                -0.0000
    Dipole Moment (Debye)
         X      -1.2314      Y       1.2585      Z      -2.8851
       Tot       3.3799
    Quadrupole Moments (Debye-Ang)
        XX    -110.9508     XY       7.1843     YY    -110.1341
        XZ      -5.9790     YZ       7.9513     ZZ    -110.9493
    Octopole Moments (Debye-Ang^2)
       XXX    -130.4366    XXY      26.9830    XYY       1.3518
       YYY      50.5549    XXZ     -67.2241    XYZ      21.1311
       YYZ      -5.4987    XZZ     -22.0551    YZZ      11.4158
       ZZZ     -79.6197
    Hexadecapole Moments (Debye-Ang^3)
      XXXX   -3761.6612   XXXY     319.1990   XXYY   -1178.9756
      XYYY     364.9003   YYYY   -2838.7348   XXXZ    -360.9399
      XXYZ     -44.6259   XYYZ    -117.9823   YYYZ    -237.7879
      XXZZ    -915.7672   XYZZ      90.7024   YYZZ    -776.9161
      XZZZ    -398.8331   YZZZ    -254.1552   ZZZZ   -1930.1646
 -----------------------------------------------------------------
 Total job time:  755.42s(wall), 21809.01s(cpu) 
 Tue Jan 21 12:12:57 2025

        *************************************************************
        *                                                           *
        *  Thank you very much for using Q-Chem.  Have a nice day.  *
        *                                                           *
        *************************************************************


