
Running Job 1 of 2 ca6-ts2-triplet-wb97xd-conf2-B3PW91-readSCF.in
qchem ca6-ts2-triplet-wb97xd-conf2-B3PW91-readSCF.in_3949823.0 /expanse/lustre/scratch/whughes/temp_project/job_36180322/ca6-ts2-triplet-wb97xd-conf2-B3PW91-readSCF-36180322/ 0
/cm/shared/apps/spack/0.17.3/cpu/b/opt/spack/linux-rocky8-zen2/gcc-10.2.0/qchem-6.0-rytxnwjazd34ekd2gqyi5ufsaimxsd3r/exe/qcprog.exe_s ca6-ts2-triplet-wb97xd-conf2-B3PW91-readSCF.in_3949823.0 /expanse/lustre/scratch/whughes/temp_project/job_36180322/ca6-ts2-triplet-wb97xd-conf2-B3PW91-readSCF-36180322/
                  Welcome to Q-Chem
     A Quantum Leap Into The Future Of Chemistry


 Q-Chem 6.0, Q-Chem, Inc., Pleasanton, CA (2022)

 License issued to: University of California, San Diego (site)

 E. Epifanovsky,  A. T. B. Gilbert,  Xintian Feng,  Joonho Lee,  Yuezhi Mao,  
 N. Mardirossian,  P. Pokhilko,  A. White,  M. Wormit,  M. P. Coons,  
 A. L. Dempwolff,  Zhengting Gan,  D. Hait,  P. R. Horn,  L. D. Jacobson,  
 I. Kaliman,  J. Kussmann,  A. W. Lange,  Ka Un Lao,  D. S. Levine,  Jie Liu,  
 S. C. McKenzie,  A. F. Morrison,  K. Nanda,  F. Plasser,  D. R. Rehn,  
 M. L. Vidal,  Zhi-Qiang You,  Ying Zhu,  B. Alam,  B. Albrecht,  
 A. Aldossary,  E. Alguire,  J. H. Andersen,  V. Athavale,  D. Barton,  
 K. Begam,  A. Behn,  N. Bellonzi,  Y. A. Bernard,  E. J. Berquist,  
 H. Burton,  A. Carreras,  K. Carter-Fenk,  Romit Chakraborty,  
 Chandrima Chakravarty,  Junhan Chen,  A. D. Chien,  K. D. Closser,  
 V. Cofer-Shabica,  L. Cunha,  S. Dasgupta,  Jia Deng,  M. de Wergifosse,  
 M. Diedenhofen,  Hainam Do,  S. Ehlert,  Po-Tung Fang,  S. Fatehi,  
 Qingguo Feng,  T. Friedhoff,  B. Ganoe,  J. Gayvert,  Qinghui Ge,  
 G. Gidofalvi,  M. Goldey,  J. Gomes,  C. Gonzalez-Espinoza,  S. Gulania,  
 A. Gunina,  J. A. Gyamfi,  M. W. D. Hanson-Heine,  P. H. P. Harbach,  
 A. W. Hauser,  M. F. Herbst,  M. Hernandez Vera,  M. Hodecker,  
 Z. C. Holden,  S. Houck,  Xunkun Huang,  Kerwin Hui,  B. C. Huynh,  
 K. Ikeda,  M. Ivanov,  Hyunjun Ji,  Zuxin Jin,  Hanjie Jiang,  B. Kaduk,  
 S. Kaehler,  R. Kang,  K. Khistyaev,  Jaehoon Kim,  Yongbin Kim,  
 P. Klunzinger,  Z. Koczor-Benda,  Joong Hoon Koh,  D. Kosenkov,  
 Saikiran Kotaru,  L. Koulias,  T. Kowalczyk,  C. M. Krauter,  K. Kue,  
 A. Kunitsa,  T. Kus,  A. Landau,  K. V. Lawler,  D. Lefrancois,  S. Lehtola,  
 Rain Li,  Shaozhi Li,  Yi-Pei Li,  Jiashu Liang,  M. Liebenthal,  
 Hung-Hsuan Lin,  You-Sheng Lin,  Fenglai Liu,  Kuan-Yu Liu,  
 M. Loipersberger,  A. Luenser,  C. Malbon,  A. Manjanath,  P. Manohar,  
 E. Mansoor,  S. F. Manzer,  Shan-Ping Mao,  A. V. Marenich,  T. Markovich,  
 S. Mason,  F. Matz,  S. A. Maurer,  P. F. McLaughlin,  M. F. S. J. Menger,  
 J.-M. Mewes,  S. A. Mewes,  P. Morgante,  Mohammad Mostafanejad,  
 J. W. Mullinax,  K. J. Oosterbaan,  G. Paran,  V. Parravicini,  
 Alexander C. Paul,  Suranjan K. Paul,  F. Pavosevic,  Zheng Pei,  S. Prager,  
 E. I. Proynov,  E. Ramos,  B. Rana,  A. E. Rask,  A. Rettig,  R. M. Richard,  
 F. Rob,  E. Rossomme,  T. Scheele,  M. Scheurer,  M. Schneider,  
 P. E. Schneider,  N. Sergueev,  S. M. Sharada,  Hengyuan Shen,  
 W. Skomorowski,  D. W. Small,  C. J. Stein,  Yingli Su,  Yu-Chuan Su,  
 E. J. Sundstrom,  Zhen Tao,  J. Thirman,  Hung-Yi Tsai,  T. Tsuchimochi,  
 N. M. Tubman,  C. Utku,  S. P. Veccham,  O. Vydrov,  J. Wenzel,  
 Jonathan Wong,  J. Witte,  A. Yamada,  Chou-Hsun Yang,  Kun Yao,  
 S. Yeganeh,  S. R. Yost,  A. Zech,  F. Zeller,  Igor Ying Zhang,  
 Xing Zhang,  Yu Zhang,  D. Zuev,  A. Aspuru-Guzik,  A. T. Bell,  
 N. A. Besley,  K. B. Bravaya,  B. R. Brooks,  D. Casanova,  Jeng-Da Chai,  
 Hsing-Ta Chen,  S. Coriani,  C. J. Cramer,  A. E. DePrince, III,  
 R. A. DiStasio Jr.,  A. Dreuw,  B. D. Dunietz,  T. R. Furlani,  
 W. A. Goddard III,  S. Grimme,  S. Hammes-Schiffer,  T. Head-Gordon,  
 W. J. Hehre,  Chao-Ping Hsu,  T.-C. Jagau,  Yousung Jung,  A. Klamt,  
 Jing Kong,  D. S. Lambrecht,  Xiangyuan Li,  WanZhen Liang,  N. J. Mayhall,  
 C. W. McCurdy,  J. B. Neaton,  T. Neudecker,  C. Ochsenfeld,  
 J. A. Parkhill,  R. Peverati,  V. A. Rassolov,  Haisheng Ren,  Yihan Shao,  
 L. V. Slipchenko,  R. P. Steele,  J. E. Subotnik,  A. J. W. Thom,  
 A. Tkatchenko,  D. G. Truhlar,  T. Van Voorhis,  Fan Wang,  
 T. A. Wesolowski,  K. B. Whaley,  H. L. Woodcock III,  P. M. Zimmerman,  
 S. Faraji,  P. M. W. Gill,  M. Head-Gordon,  J. M. Herbert,  A. I. Krylov

 Contributors to earlier versions of Q-Chem not listed above: 
 R. D. Adamson,  B. Austin,  R. Baer,  J. Baker,  G. J. O. Beran,  
 K. Brandhorst,  S. T. Brown,  E. F. C. Byrd,  Arup K. Chakraborty,  
 G. K. L. Chan,  Chun-Min Chang,  Yunqing Chen,  C.-L. Cheng,  
 Siu Hung Chien,  D. M. Chipman,  D. L. Crittenden,  H. Dachsel,  
 R. J. Doerksen,  A. D. Dutoi,  R. G. Edgar,  J. Fosso-Tande,  
 L. Fusti-Molnar,  D. Ghosh,  A. Ghysels,  A. Golubeva-Zadorozhnaya,  
 J. Gonthier,  M. S. Gordon,  S. R. Gwaltney,  G. Hawkins,  J. E. Herr,  
 A. Heyden,  S. Hirata,  E. G. Hohenstein,  G. Kedziora,  F. J. Keil,  
 C. Kelley,  Jihan Kim,  R. A. King,  R. Z. Khaliullin,  P. P. Korambath,  
 W. Kurlancheek,  A. Laurent,  A. M. Lee,  M. S. Lee,  S. V. Levchenko,  
 Ching Yeh Lin,  D. Liotard,  E. Livshits,  R. C. Lochan,  I. Lotan,  
 L. A. Martinez-Martinez,  P. E. Maslen,  N. Nair,  D. P. O'Neill,  
 D. Neuhauser,  E. Neuscamman,  C. M. Oana,  R. Olivares-Amaya,  R. Olson,  
 T. M. Perrine,  B. Peters,  P. A. Pieniazek,  A. Prociuk,  Y. M. Rhee,  
 J. Ritchie,  M. A. Rohrdanz,  E. Rosta,  N. J. Russ,  H. F. Schaefer III,  
 M. W. Schmidt,  N. E. Schultz,  S. Sharma,  N. Shenvi,  C. D. Sherrill,  
 A. C. Simmonett,  A. Sodt,  T. Stein,  D. Stuck,  K. S. Thanthiriwatte,  
 V. Vanovschi,  L. Vogt,  Tao Wang,  A. Warshel,  M. A. Watson,  
 C. F. Williams,  Q. Wu,  X. Xu,  Jun Yang,  W. Zhang,  Yan Zhao

   Please cite Q-Chem as follows:
  "Software for the frontiers of quantum chemistry:
   An overview of developments in the Q-Chem 5 package"
   J. Chem. Phys. 155, 084801 (2021)
   https://doi.org/10.1063/5.0055522 (open access)

 Q-Chem 6.0.2 for Intel X86 EM64T Linux

 Parts of Q-Chem use Armadillo 9.900.5 (Nocturnal Misbehaviour).
 http://arma.sourceforge.net/

 Q-Chem begins on Mon Jan  6 16:12:41 2025  

 Host: 
0

     Scratch files written to /expanse/lustre/scratch/whughes/temp_project/job_36180322/ca6-ts2-triplet-wb97xd-conf2-B3PW91-readSCF-36180322//
 Dec722 |scratch|qcdevops|jenkins|workspace|build_RNUM    
 Processing $rem in /cm/shared/apps/spack/0.17.3/cpu/b/opt/spack/linux-rocky8-zen2/gcc-10.2.0/qchem-6.0-rytxnwjazd34ekd2gqyi5ufsaimxsd3r/config/preferences:
 Processing $rem in /home/whughes/.qchemrc:

 Checking the input file for inconsistencies... 	...done.

--------------------------------------------------------------
User input:
--------------------------------------------------------------
$molecule
0 3
C    0.1794437443    2.098965557     -0.6631228868
C    0.7827535058    0.6793212827    -0.7767068524
C    0.3841811932    0.0314850316    0.5211589308
C    -0.9019870769   0.6524179217    0.9153098577
C    -1.042274182    1.9134759674    0.2382062793
O    -1.9918178523   2.6772587192    0.3146774299
C    -0.4750731254   -2.3833378725   -0.1170186747
C    -1.7778143356   -2.1694720512   -0.3289738762
C    -2.7362876669   -2.2637548239   0.7219442082
N    -3.5057221534   -2.3285899888   1.5741511386
H    0.8708213222    2.7870892971    -0.1681486098
H    -0.0986496068   2.538383128     -1.6197549946
H    0.3038828061    0.1675417718    -1.619408763
H    1.8579255839    0.6690612386    -0.9466977564
H    0.2296822101    -2.3414874054   -0.9353416341
H    -0.1051226688   -2.7037522023   0.8472346652
H    -2.1601248849   -1.8946608337   -1.3038148406
H    -1.6599314962   0.2277033434    1.5584360492
H    1.1406489836    -0.1249589909   1.2876493597
$end

$rem
METHOD      M05-2X
BASIS       def2-QZVPP
SYM_IGNORE   TRUE
DFT_D       D3
MAX_SCF_CYCLES 300
$end

--------------------------------------------------------------
 Adding empirical dispersion correction 
 ----------------------------------------------------------------
 Doing -D3(0) with
 s6  =   1.00000
 s8  =   0.00000
 rs6 =   1.41700
 rs8 =   1.00000
 -D3 energy without 3body term =     -0.0015129773 hartrees
 ----------------------------------------------------------------
             Standard Nuclear Orientation (Angstroms)
    I     Atom           X                Y                Z
 ----------------------------------------------------------------
    1      C       0.1794437443     2.0989655570    -0.6631228868
    2      C       0.7827535058     0.6793212827    -0.7767068524
    3      C       0.3841811932     0.0314850316     0.5211589308
    4      C      -0.9019870769     0.6524179217     0.9153098577
    5      C      -1.0422741820     1.9134759674     0.2382062793
    6      O      -1.9918178523     2.6772587192     0.3146774299
    7      C      -0.4750731254    -2.3833378725    -0.1170186747
    8      C      -1.7778143356    -2.1694720512    -0.3289738762
    9      C      -2.7362876669    -2.2637548239     0.7219442082
   10      N      -3.5057221534    -2.3285899888     1.5741511386
   11      H       0.8708213222     2.7870892971    -0.1681486098
   12      H      -0.0986496068     2.5383831280    -1.6197549946
   13      H       0.3038828061     0.1675417718    -1.6194087630
   14      H       1.8579255839     0.6690612386    -0.9466977564
   15      H       0.2296822101    -2.3414874054    -0.9353416341
   16      H      -0.1051226688    -2.7037522023     0.8472346652
   17      H      -2.1601248849    -1.8946608337    -1.3038148406
   18      H      -1.6599314962     0.2277033434     1.5584360492
   19      H       1.1406489836    -0.1249589909     1.2876493597
 ----------------------------------------------------------------
 Nuclear Repulsion Energy =         459.91417730 hartrees
 There are       37 alpha and       35 beta electrons
 Requested basis set is def2-QZVPP
 There are 260 shells and 840 basis functions

 Total QAlloc Memory Limit   8000 MB
 Mega-Array Size       188 MB
 MEM_STATIC part       192 MB

 A cutoff of  1.0D-09 yielded  24079 shell pairs
 There are    241799 function pairs (    358831 Cartesian)
 Smallest overlap matrix eigenvalue = 2.04E-05

 Q-Chem warning in module stvman/mkSTV.C, line 305:

 Overlap eigenvalue is smaller than square root of threshold
 Use THRESH >= 12 to get rid of this warning


 Scale SEOQF with 1.000000e-01/1.000000e-01/1.000000e-01

 Standard Electronic Orientation quadrupole field applied
 Nucleus-field energy     =     0.0000000219 hartrees
 Guess from superposition of atomic densities
 Warning:  Energy on first SCF cycle will be non-variational
 SAD guess density has 72.000000 electrons

 -----------------------------------------------------------------------
  General SCF calculation program by
  Eric Jon Sundstrom, Paul Horn, Yuezhi Mao, Dmitri Zuev, Alec White,
  David Stuck, Shaama M.S., Shane Yost, Joonho Lee, David Small,
  Daniel Levine, Susi Lehtola, Hugh Burton, Evgeny Epifanovsky,
  Bang C. Huynh
 -----------------------------------------------------------------------
 Exchange:     0.5600 Hartree-Fock + 1.0000 M05-2X
 Correlation:  1.0000 M05-2X
 Using SG-3 standard quadrature grid
 Dispersion:   Grimme D3
 using 32 threads for integral computing
 -------------------------------------------------------
 OpenMP Integral computing Module                
 Release: version 1.0, May 2013, Q-Chem Inc. Pittsburgh 
 -------------------------------------------------------
 A unrestricted SCF calculation will be
 performed using DIIS
 SCF converges when DIIS error is below 1.0e-05
 ---------------------------------------
  Cycle       Energy         DIIS error
 ---------------------------------------
    1    -442.6236175566      6.59e-03  
    2    -440.0376523857      7.38e-04  
    3    -439.9373811869      9.97e-04  
    4    -440.1984262750      1.94e-04  
    5    -440.2110408817      7.01e-05  
    6    -440.2137791067      2.01e-05  
    7    -440.2143852851      1.25e-05  
    8    -440.2145885091      7.29e-06  Convergence criterion met
 ---------------------------------------
 SCF time:   CPU 8673.86s  wall 288.00s 
<S^2> =          2.025056389
 SCF   energy in the final basis set =     -440.2145885091
 Total energy in the final basis set =     -440.2145885091
 
 --------------------------------------------------------------
 
                    Orbital Energies (a.u.)
 --------------------------------------------------------------
 
 Alpha MOs
 -- Occupied --
-19.6661 -14.7956 -10.6601 -10.6306 -10.6245 -10.6218 -10.6216 -10.6184
-10.5984 -10.5881  -1.1755  -1.0396  -0.9899  -0.9366  -0.8506  -0.8127
 -0.7596  -0.6966  -0.6427  -0.6298  -0.5934  -0.5762  -0.5653  -0.5241
 -0.4992  -0.4987  -0.4955  -0.4836  -0.4684  -0.4650  -0.4545  -0.4396
 -0.4179  -0.3886  -0.3435  -0.3364  -0.2549
 -- Virtual --
 -0.0197   0.0372   0.0463   0.0592   0.0643   0.0725   0.0852   0.0955
  0.1035   0.1152   0.1187   0.1229   0.1303   0.1415   0.1518   0.1569
  0.1578   0.1713   0.1810   0.1891   0.2019   0.2080   0.2121   0.2172
  0.2238   0.2264   0.2401   0.2463   0.2594   0.2652   0.2705   0.2848
  0.2971   0.3060   0.3154   0.3211   0.3285   0.3378   0.3413   0.3445
  0.3497   0.3513   0.3564   0.3641   0.3659   0.3721   0.3876   0.3918
  0.3971   0.4048   0.4105   0.4176   0.4266   0.4353   0.4453   0.4510
  0.4643   0.4725   0.4761   0.4841   0.4895   0.4962   0.5024   0.5278
  0.5402   0.5521   0.5564   0.5648   0.5790   0.5853   0.5942   0.6122
  0.6262   0.6307   0.6410   0.6540   0.6562   0.6624   0.6697   0.6751
  0.6837   0.6949   0.7046   0.7136   0.7249   0.7391   0.7468   0.7673
  0.7713   0.7730   0.7931   0.7982   0.8006   0.8109   0.8182   0.8226
  0.8343   0.8395   0.8476   0.8514   0.8564   0.8701   0.8723   0.8780
  0.8817   0.8876   0.8957   0.8992   0.9025   0.9155   0.9184   0.9373
  0.9397   0.9477   0.9555   0.9670   0.9686   0.9861   0.9953   0.9990
  1.0069   1.0146   1.0339   1.0422   1.0441   1.0520   1.0603   1.0697
  1.0783   1.0953   1.1045   1.1149   1.1235   1.1343   1.1400   1.1521
  1.1616   1.1737   1.1805   1.2009   1.2084   1.2141   1.2162   1.2433
  1.2456   1.2656   1.2756   1.2863   1.2942   1.3085   1.3245   1.3333
  1.3395   1.3431   1.3696   1.3815   1.3933   1.3990   1.4060   1.4296
  1.4404   1.4655   1.4878   1.4970   1.5063   1.5153   1.5168   1.5253
  1.5353   1.5419   1.5556   1.5699   1.5855   1.5960   1.6101   1.6339
  1.6434   1.6523   1.6725   1.6815   1.6878   1.7063   1.7111   1.7353
  1.7555   1.7613   1.7678   1.7894   1.7973   1.8086   1.8160   1.8231
  1.8406   1.8518   1.8649   1.8741   1.8781   1.8906   1.8960   1.9112
  1.9219   1.9310   1.9356   1.9476   1.9498   1.9708   1.9762   1.9854
  1.9975   2.0040   2.0142   2.0289   2.0353   2.0455   2.0501   2.0638
  2.0671   2.0821   2.0829   2.0857   2.0986   2.1206   2.1277   2.1375
  2.1478   2.1562   2.1645   2.1745   2.1803   2.1857   2.2026   2.2080
  2.2176   2.2211   2.2285   2.2377   2.2462   2.2562   2.2676   2.2692
  2.2817   2.3016   2.3031   2.3263   2.3365   2.3379   2.3483   2.3557
  2.3776   2.3921   2.3989   2.4038   2.4100   2.4187   2.4462   2.4487
  2.4620   2.4749   2.4900   2.4964   2.5009   2.5095   2.5160   2.5296
  2.5354   2.5491   2.5608   2.5713   2.5870   2.5985   2.6035   2.6108
  2.6165   2.6259   2.6307   2.6385   2.6519   2.6548   2.6634   2.6668
  2.6742   2.6956   2.7073   2.7150   2.7253   2.7283   2.7381   2.7407
  2.7600   2.7643   2.7793   2.7846   2.7978   2.8051   2.8153   2.8221
  2.8414   2.8566   2.8627   2.8788   2.8840   2.9001   2.9129   2.9151
  2.9307   2.9351   2.9419   2.9550   2.9710   2.9844   2.9997   3.0116
  3.0160   3.0184   3.0342   3.0500   3.0650   3.0696   3.0833   3.1042
  3.1214   3.1336   3.1510   3.1668   3.1766   3.1907   3.2050   3.2183
  3.2322   3.2653   3.2932   3.2989   3.3118   3.3243   3.3346   3.3435
  3.3594   3.3656   3.3729   3.3928   3.4147   3.4379   3.4500   3.4624
  3.4836   3.4884   3.5107   3.5148   3.5282   3.5450   3.5569   3.5656
  3.5752   3.5892   3.5988   3.6172   3.6266   3.6342   3.6526   3.6611
  3.6852   3.7175   3.7220   3.7569   3.7592   3.7675   3.8016   3.8074
  3.8177   3.8335   3.8572   3.8587   3.8780   3.8868   3.8919   3.9103
  3.9347   3.9416   3.9471   3.9754   4.0026   4.0109   4.0309   4.0426
  4.0562   4.0721   4.1072   4.1453   4.1599   4.1811   4.2004   4.2153
  4.2477   4.2795   4.3126   4.3300   4.3593   4.3982   4.4275   4.5112
  4.5491   4.5653   4.5820   4.6074   4.6811   4.7110   4.7300   4.7504
  4.7721   4.7759   4.7913   4.8032   4.8261   4.8302   4.8589   4.8660
  4.8794   4.9018   4.9223   4.9424   4.9498   4.9628   4.9893   5.0076
  5.0181   5.0552   5.0607   5.0781   5.0952   5.1059   5.1302   5.1578
  5.1665   5.1854   5.1942   5.2127   5.2239   5.2530   5.2797   5.3067
  5.3251   5.3391   5.3502   5.3597   5.3960   5.4111   5.4262   5.4525
  5.4610   5.4890   5.5184   5.5284   5.5421   5.5576   5.5670   5.5796
  5.5991   5.6147   5.6247   5.6448   5.6494   5.6583   5.6748   5.6791
  5.7250   5.7505   5.7518   5.7632   5.7804   5.7884   5.7942   5.7997
  5.8276   5.8289   5.8354   5.8455   5.8718   5.8867   5.8975   5.9052
  5.9168   5.9219   5.9357   5.9392   5.9530   5.9601   5.9710   5.9761
  5.9809   5.9865   5.9989   6.0103   6.0266   6.0283   6.0408   6.0518
  6.0591   6.0714   6.0825   6.0926   6.1047   6.1131   6.1145   6.1211
  6.1378   6.1467   6.1496   6.1577   6.1687   6.1730   6.1889   6.2045
  6.2096   6.2370   6.2473   6.2507   6.2617   6.2665   6.2765   6.2875
  6.3136   6.3185   6.3292   6.3327   6.3423   6.3541   6.3745   6.3807
  6.3977   6.4059   6.4366   6.4415   6.4630   6.4705   6.4784   6.4918
  6.4993   6.5049   6.5202   6.5381   6.5420   6.5513   6.5536   6.5800
  6.6002   6.6244   6.6323   6.6414   6.6573   6.6657   6.6863   6.6919
  6.7080   6.7208   6.7341   6.7505   6.7685   6.7820   6.7907   6.7922
  6.7953   6.8039   6.8054   6.8302   6.8442   6.8524   6.8704   6.8828
  6.9051   6.9154   6.9215   6.9580   6.9761   6.9986   7.0088   7.0526
  7.0967   7.1177   7.1560   7.1863   7.1961   7.2080   7.2167   7.2283
  7.2483   7.2543   7.2632   7.2671   7.2949   7.3010   7.3344   7.3391
  7.3797   7.3835   7.4029   7.4232   7.4380   7.4471   7.4585   7.4776
  7.4927   7.4998   7.5131   7.5306   7.5537   7.5625   7.5743   7.5867
  7.5984   7.6161   7.6327   7.6516   7.6574   7.6591   7.6748   7.6845
  7.6924   7.7033   7.7225   7.7385   7.7539   7.7692   7.7811   7.7980
  7.8112   7.8208   7.8272   7.8654   7.8713   7.8869   7.8939   7.9173
  7.9194   7.9399   7.9597   7.9806   7.9938   8.0059   8.0130   8.0162
  8.0408   8.0465   8.0658   8.0816   8.0873   8.1181   8.1291   8.1428
  8.1536   8.1573   8.1667   8.1875   8.2061   8.2234   8.2268   8.2424
  8.2585   8.2733   8.2793   8.2884   8.2971   8.3191   8.3308   8.3506
  8.3609   8.3636   8.3789   8.3818   8.3856   8.4017   8.4192   8.4312
  8.4537   8.4607   8.4666   8.4842   8.5039   8.5210   8.5335   8.5549
  8.5855   8.5913   8.6209   8.6312   8.6637   8.6692   8.6860   8.7331
  8.7482   8.7716   8.7746   8.7881   8.7978   8.8196   8.8202   8.8408
  8.8525   8.8666   8.8815   8.9144   8.9408   8.9741   8.9814   9.0338
  9.0435   9.0704   9.0760   9.0957   9.1080   9.1865   9.2054   9.2484
  9.2935   9.3704   9.3919   9.4178   9.4609   9.5328   9.5980   9.6214
  9.6304   9.6407   9.6645   9.6758   9.7044   9.7124   9.7310   9.7488
  9.7552   9.7707   9.7831   9.7973   9.8245   9.8683   9.8725   9.8938
  9.9052   9.9368   9.9509   9.9919  10.0190  10.0301  10.0996  10.1076
 10.1105  10.1400  10.1488  10.2450  10.2645  10.2999  10.3539  10.4166
 10.4350  10.4763  10.7875  10.8063  10.8511  10.9089  11.1291  11.1338
 11.2598  11.3413  11.5517  11.6880  11.7536  11.7978  11.8176  11.9464
 11.9803  12.1052  12.1199  12.2726  12.6259  12.6756  12.7521  12.9569
 13.0855  13.1051  13.1110  13.1504  13.2890  14.0640  14.2677  28.4101
 28.4262  28.7179  28.8411  29.0536  29.1292  29.1455  29.5052  37.9736
 48.2251 146.5676 146.5958 146.9494 147.0079 147.2327 147.3252 147.3580
147.7309 196.3245 252.2995
 
 Beta MOs
 -- Occupied --
-19.6595 -14.7946 -10.6609 -10.6287 -10.6224 -10.6190 -10.6159 -10.6108
-10.5986 -10.5874  -1.1631  -1.0377  -0.9677  -0.9333  -0.8285  -0.7960
 -0.7575  -0.6765  -0.6323  -0.6265  -0.5807  -0.5674  -0.5581  -0.5124
 -0.4975  -0.4875  -0.4751  -0.4674  -0.4570  -0.4534  -0.4516  -0.4183
 -0.4166  -0.3603  -0.3281
 -- Virtual --
 -0.1212  -0.0557   0.0136   0.0368   0.0562   0.0646   0.0720   0.0799
  0.0889   0.0971   0.1040   0.1167   0.1193   0.1246   0.1308   0.1432
  0.1517   0.1583   0.1599   0.1711   0.1804   0.1923   0.2022   0.2080
  0.2147   0.2191   0.2253   0.2293   0.2405   0.2492   0.2630   0.2688
  0.2747   0.2871   0.3008   0.3082   0.3194   0.3236   0.3305   0.3384
  0.3454   0.3471   0.3533   0.3547   0.3598   0.3675   0.3717   0.3732
  0.3900   0.3927   0.3993   0.4087   0.4151   0.4262   0.4317   0.4367
  0.4496   0.4542   0.4669   0.4738   0.4766   0.4868   0.4929   0.5039
  0.5063   0.5305   0.5426   0.5563   0.5593   0.5681   0.5789   0.5879
  0.5959   0.6154   0.6278   0.6351   0.6434   0.6571   0.6585   0.6638
  0.6732   0.6769   0.6890   0.6998   0.7120   0.7208   0.7314   0.7451
  0.7496   0.7698   0.7728   0.7804   0.7947   0.8019   0.8043   0.8121
  0.8213   0.8260   0.8357   0.8438   0.8507   0.8557   0.8615   0.8732
  0.8744   0.8817   0.8864   0.8869   0.8999   0.9020   0.9076   0.9158
  0.9219   0.9405   0.9432   0.9539   0.9594   0.9683   0.9721   0.9881
  0.9971   1.0036   1.0113   1.0162   1.0374   1.0444   1.0463   1.0549
  1.0616   1.0732   1.0818   1.0968   1.1081   1.1176   1.1249   1.1383
  1.1413   1.1544   1.1623   1.1760   1.1823   1.2028   1.2106   1.2187
  1.2207   1.2464   1.2504   1.2678   1.2787   1.2885   1.2971   1.3103
  1.3285   1.3356   1.3426   1.3473   1.3713   1.3878   1.3966   1.4027
  1.4064   1.4328   1.4432   1.4680   1.4925   1.5050   1.5131   1.5196
  1.5246   1.5301   1.5406   1.5476   1.5610   1.5738   1.5898   1.6012
  1.6133   1.6384   1.6472   1.6554   1.6760   1.6878   1.6938   1.7093
  1.7138   1.7403   1.7586   1.7705   1.7728   1.7971   1.8007   1.8144
  1.8192   1.8298   1.8458   1.8633   1.8720   1.8783   1.8802   1.8937
  1.9007   1.9165   1.9275   1.9374   1.9437   1.9539   1.9565   1.9736
  1.9813   1.9896   2.0017   2.0074   2.0189   2.0351   2.0413   2.0478
  2.0547   2.0671   2.0714   2.0870   2.0904   2.0943   2.1036   2.1261
  2.1325   2.1445   2.1540   2.1594   2.1689   2.1794   2.1851   2.1913
  2.2072   2.2156   2.2235   2.2266   2.2340   2.2417   2.2524   2.2620
  2.2712   2.2757   2.2883   2.3048   2.3154   2.3311   2.3423   2.3471
  2.3527   2.3644   2.3830   2.3957   2.4048   2.4087   2.4181   2.4256
  2.4530   2.4596   2.4749   2.4826   2.4985   2.5019   2.5078   2.5148
  2.5216   2.5354   2.5411   2.5562   2.5671   2.5771   2.5939   2.6067
  2.6117   2.6164   2.6223   2.6306   2.6364   2.6514   2.6573   2.6641
  2.6680   2.6721   2.6807   2.7009   2.7124   2.7246   2.7310   2.7335
  2.7461   2.7469   2.7653   2.7689   2.7897   2.7932   2.8032   2.8103
  2.8220   2.8286   2.8509   2.8617   2.8704   2.8848   2.8930   2.9058
  2.9191   2.9219   2.9379   2.9448   2.9487   2.9614   2.9765   2.9933
  3.0070   3.0194   3.0215   3.0237   3.0400   3.0564   3.0696   3.0769
  3.0919   3.1106   3.1314   3.1410   3.1587   3.1749   3.1817   3.1955
  3.2169   3.2257   3.2422   3.2740   3.2980   3.3078   3.3194   3.3344
  3.3407   3.3538   3.3677   3.3704   3.3810   3.4057   3.4202   3.4462
  3.4596   3.4689   3.4901   3.4967   3.5192   3.5222   3.5337   3.5512
  3.5626   3.5706   3.5804   3.5975   3.6069   3.6246   3.6360   3.6426
  3.6627   3.6732   3.6977   3.7238   3.7349   3.7628   3.7643   3.7779
  3.8105   3.8152   3.8229   3.8376   3.8599   3.8651   3.8845   3.8932
  3.9003   3.9150   3.9423   3.9476   3.9531   3.9802   4.0056   4.0151
  4.0344   4.0574   4.0608   4.0824   4.1239   4.1566   4.1689   4.1999
  4.2152   4.2242   4.2614   4.2901   4.3223   4.3352   4.3682   4.3997
  4.4456   4.5191   4.5547   4.5746   4.5857   4.6176   4.7021   4.7162
  4.7321   4.7593   4.7727   4.7844   4.7973   4.8106   4.8376   4.8432
  4.8723   4.8817   4.9189   4.9345   4.9419   4.9472   4.9658   4.9774
  5.0189   5.0232   5.0415   5.0712   5.0784   5.0872   5.0993   5.1210
  5.1349   5.1716   5.1771   5.2069   5.2111   5.2301   5.2457   5.2828
  5.3017   5.3196   5.3349   5.3454   5.3703   5.3769   5.4063   5.4275
  5.4337   5.4609   5.4685   5.5056   5.5278   5.5369   5.5516   5.5693
  5.5854   5.5915   5.6120   5.6214   5.6341   5.6518   5.6646   5.6791
  5.6890   5.7027   5.7368   5.7542   5.7669   5.7748   5.7872   5.7926
  5.8082   5.8136   5.8351   5.8381   5.8489   5.8577   5.8831   5.9042
  5.9156   5.9168   5.9247   5.9321   5.9393   5.9476   5.9656   5.9705
  5.9783   5.9875   5.9937   5.9966   6.0061   6.0172   6.0340   6.0421
  6.0557   6.0637   6.0752   6.0867   6.0965   6.1054   6.1160   6.1221
  6.1272   6.1330   6.1514   6.1579   6.1606   6.1727   6.1824   6.1859
  6.2145   6.2230   6.2338   6.2478   6.2585   6.2623   6.2687   6.2823
  6.2908   6.2979   6.3352   6.3373   6.3378   6.3500   6.3563   6.3693
  6.3881   6.3962   6.4162   6.4294   6.4429   6.4676   6.4826   6.4851
  6.4974   6.5079   6.5101   6.5213   6.5366   6.5486   6.5573   6.5634
  6.5702   6.5889   6.6226   6.6394   6.6479   6.6597   6.6717   6.6897
  6.6990   6.7086   6.7225   6.7353   6.7473   6.7555   6.7884   6.7959
  6.8000   6.8038   6.8066   6.8115   6.8288   6.8481   6.8599   6.8760
  6.8850   6.8938   6.9138   6.9290   6.9422   6.9828   6.9908   7.0086
  7.0208   7.0563   7.1042   7.1229   7.1597   7.2001   7.2028   7.2134
  7.2225   7.2339   7.2560   7.2675   7.2724   7.2786   7.2968   7.3161
  7.3490   7.3550   7.3912   7.3963   7.4088   7.4316   7.4502   7.4556
  7.4750   7.4820   7.5080   7.5147   7.5254   7.5446   7.5600   7.5712
  7.5876   7.6010   7.6121   7.6284   7.6456   7.6594   7.6654   7.6715
  7.6908   7.6954   7.7031   7.7104   7.7314   7.7541   7.7628   7.7836
  7.7944   7.8138   7.8205   7.8303   7.8437   7.8700   7.8831   7.8957
  7.9110   7.9215   7.9379   7.9540   7.9776   7.9963   8.0085   8.0107
  8.0221   8.0250   8.0462   8.0599   8.0827   8.0876   8.1043   8.1287
  8.1366   8.1504   8.1564   8.1696   8.1762   8.2001   8.2143   8.2356
  8.2366   8.2508   8.2676   8.2765   8.2820   8.2963   8.2997   8.3253
  8.3379   8.3597   8.3656   8.3758   8.3921   8.3956   8.4002   8.4060
  8.4251   8.4427   8.4593   8.4687   8.4708   8.4883   8.5129   8.5300
  8.5402   8.5578   8.5864   8.5990   8.6259   8.6345   8.6560   8.6781
  8.6924   8.7344   8.7539   8.7903   8.8014   8.8195   8.8252   8.8312
  8.8371   8.8535   8.8581   8.8713   8.8859   8.9294   8.9497   8.9723
  8.9843   9.0356   9.0580   9.0754   9.0956   9.0984   9.1125   9.1687
  9.2031   9.2508   9.3106   9.3806   9.4083   9.4285   9.5198   9.5844
  9.6042   9.6375   9.6456   9.6574   9.6729   9.6872   9.7109   9.7136
  9.7496   9.7588   9.7666   9.7741   9.8007   9.8119   9.8292   9.8697
  9.8814   9.8968   9.9090   9.9443   9.9520   9.9948  10.0286  10.0414
 10.1023  10.1079  10.1269  10.1406  10.1499  10.2466  10.2703  10.3057
 10.3582  10.4136  10.4305  10.4793  10.7891  10.8190  10.9379  10.9780
 11.1288  11.1409  11.3102  11.3844  11.5618  11.7553  11.7876  11.7978
 11.8237  11.9439  12.0386  12.1190  12.1982  12.2718  12.7636  12.7807
 12.8324  13.0072  13.0672  13.1176  13.1191  13.1493  13.2966  14.1370
 14.2776  28.4242  28.4426  28.7707  28.8819  29.0506  29.1242  29.1519
 29.5076  37.9867  48.2816 146.5709 146.5979 146.9613 147.0180 147.2322
147.3238 147.3599 147.7312 196.3270 252.3032
 --------------------------------------------------------------
 
          Ground-State Mulliken Net Atomic Charges

     Atom                 Charge (a.u.)    Spin (a.u.)
  --------------------------------------------------------
      1 C                    -0.148710       0.037138
      2 C                    -0.187902      -0.025997
      3 C                    -0.125420       0.900676
      4 C                    -0.069180       0.773889
      5 C                     0.173875      -0.056304
      6 O                    -0.344964       0.279906
      7 C                    -0.086875      -0.104155
      8 C                    -0.035103       0.193420
      9 C                     0.049451      -0.043089
     10 N                    -0.268939       0.061047
     11 H                     0.150700       0.003788
     12 H                     0.100277       0.004245
     13 H                     0.108978       0.033424
     14 H                     0.110431       0.013078
     15 H                     0.096642       0.011066
     16 H                     0.103356       0.009387
     17 H                     0.117397      -0.002733
     18 H                     0.133033      -0.049480
     19 H                     0.122955      -0.039303
  --------------------------------------------------------
  Sum of atomic charges =     0.000000
  Sum of spin   charges =     2.000000

 -----------------------------------------------------------------
                    Cartesian Multipole Moments
 -----------------------------------------------------------------
    Charge (ESU x 10^10)
                 0.0000
    Dipole Moment (Debye)
         X       6.0258      Y      -1.4252      Z      -2.7661
       Tot       6.7817
    Quadrupole Moments (Debye-Ang)
        XX     -78.0820     XY       0.6502     YY     -69.9282
        XZ      10.2210     YZ       3.7987     ZZ     -59.7977
    Octopole Moments (Debye-Ang^2)
       XXX     255.7005    XXY      22.1575    XYY     110.6728
       YYY       7.2701    XXZ     -48.7116    XYZ     -19.3360
       YYZ     -28.6463    XZZ      74.1962    YZZ      15.4268
       ZZZ     -45.0973
    Hexadecapole Moments (Debye-Ang^3)
      XXXX   -1374.5531   XXXY    -313.6597   XXYY    -561.1787
      XYYY    -204.1818   YYYY   -1513.9838   XXXZ     293.9287
      XXYZ     104.6431   XYYZ     112.7985   YYYZ      90.7761
      XXZZ    -289.9488   XYZZ    -110.1548   YYZZ    -298.0485
      XZZZ     192.1093   YZZZ      98.5638   ZZZZ    -308.4297
 -----------------------------------------------------------------
 Total job time:  293.18s(wall), 8729.71s(cpu) 
 Mon Jan  6 16:17:34 2025

        *************************************************************
        *                                                           *
        *  Thank you very much for using Q-Chem.  Have a nice day.  *
        *                                                           *
        *************************************************************



Running Job 2 of 2 ca6-ts2-triplet-wb97xd-conf2-B3PW91-readSCF.in
qchem ca6-ts2-triplet-wb97xd-conf2-B3PW91-readSCF.in_3949823.1 /expanse/lustre/scratch/whughes/temp_project/job_36180322/ca6-ts2-triplet-wb97xd-conf2-B3PW91-readSCF-36180322/ 0
/cm/shared/apps/spack/0.17.3/cpu/b/opt/spack/linux-rocky8-zen2/gcc-10.2.0/qchem-6.0-rytxnwjazd34ekd2gqyi5ufsaimxsd3r/exe/qcprog.exe_s ca6-ts2-triplet-wb97xd-conf2-B3PW91-readSCF.in_3949823.1 /expanse/lustre/scratch/whughes/temp_project/job_36180322/ca6-ts2-triplet-wb97xd-conf2-B3PW91-readSCF-36180322/
                  Welcome to Q-Chem
     A Quantum Leap Into The Future Of Chemistry


 Q-Chem 6.0, Q-Chem, Inc., Pleasanton, CA (2022)

 License issued to: University of California, San Diego (site)

 E. Epifanovsky,  A. T. B. Gilbert,  Xintian Feng,  Joonho Lee,  Yuezhi Mao,  
 N. Mardirossian,  P. Pokhilko,  A. White,  M. Wormit,  M. P. Coons,  
 A. L. Dempwolff,  Zhengting Gan,  D. Hait,  P. R. Horn,  L. D. Jacobson,  
 I. Kaliman,  J. Kussmann,  A. W. Lange,  Ka Un Lao,  D. S. Levine,  Jie Liu,  
 S. C. McKenzie,  A. F. Morrison,  K. Nanda,  F. Plasser,  D. R. Rehn,  
 M. L. Vidal,  Zhi-Qiang You,  Ying Zhu,  B. Alam,  B. Albrecht,  
 A. Aldossary,  E. Alguire,  J. H. Andersen,  V. Athavale,  D. Barton,  
 K. Begam,  A. Behn,  N. Bellonzi,  Y. A. Bernard,  E. J. Berquist,  
 H. Burton,  A. Carreras,  K. Carter-Fenk,  Romit Chakraborty,  
 Chandrima Chakravarty,  Junhan Chen,  A. D. Chien,  K. D. Closser,  
 V. Cofer-Shabica,  L. Cunha,  S. Dasgupta,  Jia Deng,  M. de Wergifosse,  
 M. Diedenhofen,  Hainam Do,  S. Ehlert,  Po-Tung Fang,  S. Fatehi,  
 Qingguo Feng,  T. Friedhoff,  B. Ganoe,  J. Gayvert,  Qinghui Ge,  
 G. Gidofalvi,  M. Goldey,  J. Gomes,  C. Gonzalez-Espinoza,  S. Gulania,  
 A. Gunina,  J. A. Gyamfi,  M. W. D. Hanson-Heine,  P. H. P. Harbach,  
 A. W. Hauser,  M. F. Herbst,  M. Hernandez Vera,  M. Hodecker,  
 Z. C. Holden,  S. Houck,  Xunkun Huang,  Kerwin Hui,  B. C. Huynh,  
 K. Ikeda,  M. Ivanov,  Hyunjun Ji,  Zuxin Jin,  Hanjie Jiang,  B. Kaduk,  
 S. Kaehler,  R. Kang,  K. Khistyaev,  Jaehoon Kim,  Yongbin Kim,  
 P. Klunzinger,  Z. Koczor-Benda,  Joong Hoon Koh,  D. Kosenkov,  
 Saikiran Kotaru,  L. Koulias,  T. Kowalczyk,  C. M. Krauter,  K. Kue,  
 A. Kunitsa,  T. Kus,  A. Landau,  K. V. Lawler,  D. Lefrancois,  S. Lehtola,  
 Rain Li,  Shaozhi Li,  Yi-Pei Li,  Jiashu Liang,  M. Liebenthal,  
 Hung-Hsuan Lin,  You-Sheng Lin,  Fenglai Liu,  Kuan-Yu Liu,  
 M. Loipersberger,  A. Luenser,  C. Malbon,  A. Manjanath,  P. Manohar,  
 E. Mansoor,  S. F. Manzer,  Shan-Ping Mao,  A. V. Marenich,  T. Markovich,  
 S. Mason,  F. Matz,  S. A. Maurer,  P. F. McLaughlin,  M. F. S. J. Menger,  
 J.-M. Mewes,  S. A. Mewes,  P. Morgante,  Mohammad Mostafanejad,  
 J. W. Mullinax,  K. J. Oosterbaan,  G. Paran,  V. Parravicini,  
 Alexander C. Paul,  Suranjan K. Paul,  F. Pavosevic,  Zheng Pei,  S. Prager,  
 E. I. Proynov,  E. Ramos,  B. Rana,  A. E. Rask,  A. Rettig,  R. M. Richard,  
 F. Rob,  E. Rossomme,  T. Scheele,  M. Scheurer,  M. Schneider,  
 P. E. Schneider,  N. Sergueev,  S. M. Sharada,  Hengyuan Shen,  
 W. Skomorowski,  D. W. Small,  C. J. Stein,  Yingli Su,  Yu-Chuan Su,  
 E. J. Sundstrom,  Zhen Tao,  J. Thirman,  Hung-Yi Tsai,  T. Tsuchimochi,  
 N. M. Tubman,  C. Utku,  S. P. Veccham,  O. Vydrov,  J. Wenzel,  
 Jonathan Wong,  J. Witte,  A. Yamada,  Chou-Hsun Yang,  Kun Yao,  
 S. Yeganeh,  S. R. Yost,  A. Zech,  F. Zeller,  Igor Ying Zhang,  
 Xing Zhang,  Yu Zhang,  D. Zuev,  A. Aspuru-Guzik,  A. T. Bell,  
 N. A. Besley,  K. B. Bravaya,  B. R. Brooks,  D. Casanova,  Jeng-Da Chai,  
 Hsing-Ta Chen,  S. Coriani,  C. J. Cramer,  A. E. DePrince, III,  
 R. A. DiStasio Jr.,  A. Dreuw,  B. D. Dunietz,  T. R. Furlani,  
 W. A. Goddard III,  S. Grimme,  S. Hammes-Schiffer,  T. Head-Gordon,  
 W. J. Hehre,  Chao-Ping Hsu,  T.-C. Jagau,  Yousung Jung,  A. Klamt,  
 Jing Kong,  D. S. Lambrecht,  Xiangyuan Li,  WanZhen Liang,  N. J. Mayhall,  
 C. W. McCurdy,  J. B. Neaton,  T. Neudecker,  C. Ochsenfeld,  
 J. A. Parkhill,  R. Peverati,  V. A. Rassolov,  Haisheng Ren,  Yihan Shao,  
 L. V. Slipchenko,  R. P. Steele,  J. E. Subotnik,  A. J. W. Thom,  
 A. Tkatchenko,  D. G. Truhlar,  T. Van Voorhis,  Fan Wang,  
 T. A. Wesolowski,  K. B. Whaley,  H. L. Woodcock III,  P. M. Zimmerman,  
 S. Faraji,  P. M. W. Gill,  M. Head-Gordon,  J. M. Herbert,  A. I. Krylov

 Contributors to earlier versions of Q-Chem not listed above: 
 R. D. Adamson,  B. Austin,  R. Baer,  J. Baker,  G. J. O. Beran,  
 K. Brandhorst,  S. T. Brown,  E. F. C. Byrd,  Arup K. Chakraborty,  
 G. K. L. Chan,  Chun-Min Chang,  Yunqing Chen,  C.-L. Cheng,  
 Siu Hung Chien,  D. M. Chipman,  D. L. Crittenden,  H. Dachsel,  
 R. J. Doerksen,  A. D. Dutoi,  R. G. Edgar,  J. Fosso-Tande,  
 L. Fusti-Molnar,  D. Ghosh,  A. Ghysels,  A. Golubeva-Zadorozhnaya,  
 J. Gonthier,  M. S. Gordon,  S. R. Gwaltney,  G. Hawkins,  J. E. Herr,  
 A. Heyden,  S. Hirata,  E. G. Hohenstein,  G. Kedziora,  F. J. Keil,  
 C. Kelley,  Jihan Kim,  R. A. King,  R. Z. Khaliullin,  P. P. Korambath,  
 W. Kurlancheek,  A. Laurent,  A. M. Lee,  M. S. Lee,  S. V. Levchenko,  
 Ching Yeh Lin,  D. Liotard,  E. Livshits,  R. C. Lochan,  I. Lotan,  
 L. A. Martinez-Martinez,  P. E. Maslen,  N. Nair,  D. P. O'Neill,  
 D. Neuhauser,  E. Neuscamman,  C. M. Oana,  R. Olivares-Amaya,  R. Olson,  
 T. M. Perrine,  B. Peters,  P. A. Pieniazek,  A. Prociuk,  Y. M. Rhee,  
 J. Ritchie,  M. A. Rohrdanz,  E. Rosta,  N. J. Russ,  H. F. Schaefer III,  
 M. W. Schmidt,  N. E. Schultz,  S. Sharma,  N. Shenvi,  C. D. Sherrill,  
 A. C. Simmonett,  A. Sodt,  T. Stein,  D. Stuck,  K. S. Thanthiriwatte,  
 V. Vanovschi,  L. Vogt,  Tao Wang,  A. Warshel,  M. A. Watson,  
 C. F. Williams,  Q. Wu,  X. Xu,  Jun Yang,  W. Zhang,  Yan Zhao

   Please cite Q-Chem as follows:
  "Software for the frontiers of quantum chemistry:
   An overview of developments in the Q-Chem 5 package"
   J. Chem. Phys. 155, 084801 (2021)
   https://doi.org/10.1063/5.0055522 (open access)

 Q-Chem 6.0.2 for Intel X86 EM64T Linux

 Parts of Q-Chem use Armadillo 9.900.5 (Nocturnal Misbehaviour).
 http://arma.sourceforge.net/

 Q-Chem begins on Mon Jan  6 16:17:34 2025  

 Host: 
0

     Scratch files written to /expanse/lustre/scratch/whughes/temp_project/job_36180322/ca6-ts2-triplet-wb97xd-conf2-B3PW91-readSCF-36180322//
 Dec722 |scratch|qcdevops|jenkins|workspace|build_RNUM    
 Processing $rem in /cm/shared/apps/spack/0.17.3/cpu/b/opt/spack/linux-rocky8-zen2/gcc-10.2.0/qchem-6.0-rytxnwjazd34ekd2gqyi5ufsaimxsd3r/config/preferences:
 Processing $rem in /home/whughes/.qchemrc:

 Checking the input file for inconsistencies... 	...done.

--------------------------------------------------------------
User input:
--------------------------------------------------------------

$molecule
0 3
C    0.1794437443    2.098965557     -0.6631228868
C    0.7827535058    0.6793212827    -0.7767068524
C    0.3841811932    0.0314850316    0.5211589308
C    -0.9019870769   0.6524179217    0.9153098577
C    -1.042274182    1.9134759674    0.2382062793
O    -1.9918178523   2.6772587192    0.3146774299
C    -0.4750731254   -2.3833378725   -0.1170186747
C    -1.7778143356   -2.1694720512   -0.3289738762
C    -2.7362876669   -2.2637548239   0.7219442082
N    -3.5057221534   -2.3285899888   1.5741511386
H    0.8708213222    2.7870892971    -0.1681486098
H    -0.0986496068   2.538383128     -1.6197549946
H    0.3038828061    0.1675417718    -1.619408763
H    1.8579255839    0.6690612386    -0.9466977564
H    0.2296822101    -2.3414874054   -0.9353416341
H    -0.1051226688   -2.7037522023   0.8472346652
H    -2.1601248849   -1.8946608337   -1.3038148406
H    -1.6599314962   0.2277033434    1.5584360492
H    1.1406489836    -0.1249589909   1.2876493597
$end

$rem
METHOD      B3PW91
BASIS       def2-QZVPP
SYM_IGNORE   TRUE
DFT_D       D4
SCF_GUESS   read
MAX_SCF_CYCLES 300
$end
--------------------------------------------------------------
 Adding empirical dispersion correction 
 ----------------------------------------------------------------
 Doing -D4(0) with B3PW parameters:
 s6  =   1.00000
 s8  =   2.88364
 s10 =   0.00000
 s9 =   1.00000
 a1  =   0.46991
 a2  =   4.51641
 -D4 energy including 3body term = -0.0275408860 hartrees
 ----------------------------------------------------------------
             Standard Nuclear Orientation (Angstroms)
    I     Atom           X                Y                Z
 ----------------------------------------------------------------
    1      C       0.1794437443     2.0989655570    -0.6631228868
    2      C       0.7827535058     0.6793212827    -0.7767068524
    3      C       0.3841811932     0.0314850316     0.5211589308
    4      C      -0.9019870769     0.6524179217     0.9153098577
    5      C      -1.0422741820     1.9134759674     0.2382062793
    6      O      -1.9918178523     2.6772587192     0.3146774299
    7      C      -0.4750731254    -2.3833378725    -0.1170186747
    8      C      -1.7778143356    -2.1694720512    -0.3289738762
    9      C      -2.7362876669    -2.2637548239     0.7219442082
   10      N      -3.5057221534    -2.3285899888     1.5741511386
   11      H       0.8708213222     2.7870892971    -0.1681486098
   12      H      -0.0986496068     2.5383831280    -1.6197549946
   13      H       0.3038828061     0.1675417718    -1.6194087630
   14      H       1.8579255839     0.6690612386    -0.9466977564
   15      H       0.2296822101    -2.3414874054    -0.9353416341
   16      H      -0.1051226688    -2.7037522023     0.8472346652
   17      H      -2.1601248849    -1.8946608337    -1.3038148406
   18      H      -1.6599314962     0.2277033434     1.5584360492
   19      H       1.1406489836    -0.1249589909     1.2876493597
 ----------------------------------------------------------------
 Nuclear Repulsion Energy =         459.88814939 hartrees
 There are       37 alpha and       35 beta electrons
 Requested basis set is def2-QZVPP
 There are 260 shells and 840 basis functions

 Total QAlloc Memory Limit   8000 MB
 Mega-Array Size       188 MB
 MEM_STATIC part       192 MB

 A cutoff of  1.0D-09 yielded  24079 shell pairs
 There are    241799 function pairs (    358831 Cartesian)
 Smallest overlap matrix eigenvalue = 2.04E-05

 Q-Chem warning in module stvman/mkSTV.C, line 305:

 Overlap eigenvalue is smaller than square root of threshold
 Use THRESH >= 12 to get rid of this warning


 Scale SEOQF with 1.000000e-01/1.000000e-01/1.000000e-01

 Standard Electronic Orientation quadrupole field applied
 Nucleus-field energy     =     0.0000000219 hartrees
 Guess MOs from SCF MO coefficient file

 -----------------------------------------------------------------------
  General SCF calculation program by
  Eric Jon Sundstrom, Paul Horn, Yuezhi Mao, Dmitri Zuev, Alec White,
  David Stuck, Shaama M.S., Shane Yost, Joonho Lee, David Small,
  Daniel Levine, Susi Lehtola, Hugh Burton, Evgeny Epifanovsky,
  Bang C. Huynh
 -----------------------------------------------------------------------
 Exchange:     0.2000 Hartree-Fock + 0.0800 Slater + 0.7200 B88
 Correlation:  0.1900 PW92 + 0.8100 PW91
 Using SG-1 standard quadrature grid
 Dispersion:   Grimme D4
 using 32 threads for integral computing
 -------------------------------------------------------
 OpenMP Integral computing Module                
 Release: version 1.0, May 2013, Q-Chem Inc. Pittsburgh 
 -------------------------------------------------------
 A unrestricted SCF calculation will be
 performed using DIIS
 SCF converges when DIIS error is below 1.0e-05
 ---------------------------------------
  Cycle       Energy         DIIS error
 ---------------------------------------
    1    -440.1031580511      5.85e-04  
    2    -440.1168999045      3.88e-05  
    3    -440.1164907257      5.46e-05  
    4    -440.1173201989      2.06e-05  
    5    -440.1174405702      3.95e-06  Convergence criterion met
 ---------------------------------------
 SCF time:   CPU 3541.60s  wall 122.00s 
<S^2> =          2.023176209
 SCF   energy in the final basis set =     -440.1174405702
 Total energy in the final basis set =     -440.1174405702
 
 --------------------------------------------------------------
 
                    Orbital Energies (a.u.)
 --------------------------------------------------------------
 
 Alpha MOs
 -- Occupied --
-19.1222 -14.3144 -10.2505 -10.2237 -10.2174 -10.2171 -10.2123 -10.2076
-10.1959 -10.1862  -1.0583  -0.9245  -0.8817  -0.8307  -0.7509  -0.7158
 -0.6680  -0.6081  -0.5591  -0.5482  -0.5122  -0.4962  -0.4874  -0.4476
 -0.4262  -0.4253  -0.4202  -0.4123  -0.3997  -0.3953  -0.3743  -0.3727
 -0.3505  -0.3265  -0.2853  -0.2704  -0.2071
 -- Virtual --
 -0.0617  -0.0014   0.0019   0.0229   0.0308   0.0430   0.0449   0.0605
  0.0690   0.0780   0.0816   0.0910   0.0981   0.1048   0.1160   0.1218
  0.1225   0.1386   0.1476   0.1542   0.1658   0.1726   0.1750   0.1802
  0.1862   0.1897   0.2022   0.2079   0.2231   0.2238   0.2334   0.2436
  0.2583   0.2635   0.2744   0.2800   0.2871   0.2942   0.2956   0.2982
  0.3058   0.3101   0.3150   0.3187   0.3216   0.3291   0.3419   0.3489
  0.3534   0.3583   0.3668   0.3705   0.3810   0.3906   0.3962   0.4077
  0.4195   0.4254   0.4311   0.4407   0.4433   0.4500   0.4556   0.4844
  0.4987   0.5076   0.5132   0.5199   0.5336   0.5400   0.5473   0.5648
  0.5796   0.5860   0.5931   0.6039   0.6092   0.6132   0.6217   0.6265
  0.6380   0.6466   0.6567   0.6649   0.6780   0.6941   0.7017   0.7195
  0.7233   0.7248   0.7431   0.7484   0.7490   0.7614   0.7698   0.7739
  0.7855   0.7897   0.7944   0.8003   0.8055   0.8150   0.8194   0.8229
  0.8293   0.8367   0.8438   0.8449   0.8522   0.8636   0.8656   0.8848
  0.8872   0.8984   0.9019   0.9168   0.9206   0.9392   0.9452   0.9521
  0.9547   0.9657   0.9837   0.9908   0.9942   0.9971   1.0111   1.0190
  1.0304   1.0434   1.0547   1.0644   1.0720   1.0816   1.0882   1.1022
  1.1105   1.1204   1.1329   1.1517   1.1574   1.1622   1.1701   1.1898
  1.1924   1.2133   1.2186   1.2387   1.2450   1.2609   1.2758   1.2820
  1.2909   1.2963   1.3206   1.3328   1.3400   1.3471   1.3527   1.3772
  1.3864   1.4067   1.4305   1.4371   1.4493   1.4570   1.4631   1.4647
  1.4779   1.4877   1.4961   1.5077   1.5288   1.5411   1.5523   1.5747
  1.5872   1.5974   1.6113   1.6273   1.6307   1.6498   1.6604   1.6840
  1.7001   1.7087   1.7160   1.7350   1.7414   1.7566   1.7640   1.7677
  1.7900   1.7995   1.8143   1.8244   1.8299   1.8355   1.8444   1.8575
  1.8675   1.8773   1.8835   1.8954   1.8998   1.9155   1.9248   1.9355
  1.9436   1.9490   1.9623   1.9776   1.9859   1.9928   1.9989   2.0142
  2.0189   2.0307   2.0339   2.0377   2.0503   2.0666   2.0766   2.0859
  2.0949   2.1040   2.1135   2.1231   2.1323   2.1344   2.1532   2.1606
  2.1662   2.1734   2.1794   2.1894   2.1956   2.2089   2.2189   2.2211
  2.2353   2.2506   2.2630   2.2814   2.2875   2.2950   2.3071   2.3094
  2.3336   2.3417   2.3539   2.3559   2.3639   2.3716   2.3991   2.4080
  2.4201   2.4295   2.4452   2.4500   2.4546   2.4645   2.4720   2.4777
  2.4885   2.5014   2.5134   2.5210   2.5399   2.5494   2.5598   2.5628
  2.5693   2.5739   2.5797   2.5923   2.6046   2.6088   2.6142   2.6182
  2.6308   2.6497   2.6650   2.6693   2.6774   2.6806   2.6866   2.6934
  2.7094   2.7154   2.7298   2.7439   2.7510   2.7584   2.7701   2.7796
  2.7944   2.8036   2.8148   2.8298   2.8421   2.8511   2.8612   2.8711
  2.8850   2.8907   2.8986   2.9121   2.9244   2.9345   2.9492   2.9625
  2.9686   2.9717   2.9834   2.9966   3.0146   3.0233   3.0368   3.0561
  3.0762   3.0863   3.1042   3.1220   3.1301   3.1462   3.1617   3.1728
  3.1913   3.2209   3.2528   3.2630   3.2680   3.2785   3.2959   3.3057
  3.3204   3.3256   3.3333   3.3541   3.3687   3.3940   3.4091   3.4259
  3.4490   3.4530   3.4766   3.4772   3.4944   3.5067   3.5189   3.5249
  3.5354   3.5612   3.5686   3.5868   3.5933   3.6031   3.6167   3.6291
  3.6532   3.6875   3.6901   3.7165   3.7219   3.7258   3.7689   3.7711
  3.7820   3.8002   3.8181   3.8218   3.8400   3.8464   3.8603   3.8717
  3.8982   3.9008   3.9153   3.9290   3.9602   3.9667   3.9850   4.0027
  4.0185   4.0248   4.0547   4.1122   4.1170   4.1509   4.1516   4.1718
  4.2020   4.2363   4.2707   4.3079   4.3273   4.3766   4.3971   4.4733
  4.5069   4.5307   4.5449   4.5823   4.6524   4.6707   4.7327   4.7437
  4.7619   4.7710   4.7854   4.8106   4.8165   4.8289   4.8515   4.8723
  4.8964   4.9307   4.9368   4.9495   4.9594   4.9762   4.9975   5.0208
  5.0361   5.0702   5.0759   5.0849   5.0914   5.1121   5.1305   5.1578
  5.1890   5.2043   5.2143   5.2310   5.2562   5.2784   5.2995   5.3152
  5.3373   5.3603   5.3754   5.3861   5.4153   5.4292   5.4442   5.4624
  5.4860   5.5145   5.5316   5.5417   5.5529   5.5718   5.5867   5.6084
  5.6136   5.6387   5.6484   5.6608   5.6739   5.6837   5.6955   5.7029
  5.7501   5.7703   5.7719   5.7859   5.7918   5.8082   5.8130   5.8207
  5.8385   5.8454   5.8562   5.8583   5.8917   5.9027   5.9078   5.9162
  5.9240   5.9339   5.9515   5.9529   5.9721   5.9796   5.9887   5.9922
  5.9962   6.0061   6.0123   6.0246   6.0465   6.0529   6.0636   6.0787
  6.0829   6.1009   6.1079   6.1126   6.1258   6.1320   6.1430   6.1569
  6.1618   6.1689   6.1757   6.1810   6.1931   6.2024   6.2210   6.2358
  6.2479   6.2610   6.2764   6.2839   6.2859   6.2913   6.3027   6.3140
  6.3384   6.3433   6.3558   6.3702   6.3767   6.3896   6.4028   6.4151
  6.4323   6.4514   6.4567   6.4910   6.5008   6.5042   6.5155   6.5316
  6.5344   6.5398   6.5580   6.5625   6.5840   6.5890   6.6003   6.6161
  6.6505   6.6670   6.6746   6.6797   6.6928   6.7222   6.7285   6.7413
  6.7519   6.7691   6.7824   6.7865   6.8095   6.8224   6.8304   6.8395
  6.8426   6.8461   6.8645   6.8866   6.8972   6.9014   6.9137   6.9254
  6.9577   6.9779   6.9809   7.0089   7.0275   7.0468   7.0652   7.1011
  7.1245   7.1531   7.1745   7.2246   7.2457   7.2521   7.2695   7.2809
  7.2813   7.3078   7.3192   7.3334   7.3485   7.3738   7.3767   7.4002
  7.4097   7.4284   7.4561   7.4730   7.4821   7.4908   7.5104   7.5181
  7.5452   7.5588   7.5632   7.5885   7.5948   7.6111   7.6254   7.6506
  7.6607   7.6692   7.6931   7.7033   7.7217   7.7229   7.7329   7.7468
  7.7566   7.7656   7.7826   7.8025   7.8068   7.8411   7.8495   7.8666
  7.8829   7.8888   7.9074   7.9374   7.9434   7.9633   7.9756   7.9792
  8.0061   8.0147   8.0464   8.0660   8.0744   8.0852   8.0928   8.1284
  8.1397   8.1494   8.1604   8.1857   8.2004   8.2097   8.2165   8.2457
  8.2622   8.2765   8.2855   8.2882   8.3208   8.3326   8.3564   8.3724
  8.3846   8.3911   8.4062   8.4157   8.4239   8.4445   8.4479   8.4555
  8.4590   8.4608   8.4765   8.4915   8.5020   8.5164   8.5255   8.5273
  8.5435   8.5740   8.5883   8.5898   8.6165   8.6214   8.6504   8.6647
  8.6917   8.7006   8.7181   8.7411   8.7519   8.7649   8.7906   8.8229
  8.8359   8.8579   8.8637   8.8772   8.8815   8.9018   8.9033   8.9318
  8.9440   8.9663   8.9758   9.0008   9.0300   9.0589   9.0763   9.1054
  9.1518   9.1572   9.1833   9.1898   9.2062   9.2768   9.2862   9.3357
  9.3799   9.4911   9.5064   9.5551   9.5642   9.5730   9.6160   9.6345
  9.6742   9.7332   9.7761   9.7993   9.8055   9.8114   9.8394   9.8514
  9.8581   9.8950   9.9099   9.9337   9.9587   9.9792  10.0045  10.0189
 10.0237  10.0308  10.0833  10.0955  10.1153  10.1507  10.1563  10.1653
 10.2007  10.2168  10.2574  10.3748  10.3881  10.4553  10.5088  10.5530
 10.5674  10.6014  10.8824  10.9603  11.0007  11.0624  11.2255  11.2809
 11.4281  11.5125  11.7737  11.8058  11.8552  11.8881  12.0129  12.1172
 12.1423  12.1634  12.2568  12.3280  12.7551  12.7696  12.8090  13.0659
 13.1015  13.1545  13.1704  13.1874  13.4594  14.1564  14.4272  28.2954
 28.3164  28.6491  28.7748  28.9485  29.0134  29.0359  29.4153  37.9252
 48.2035 147.3755 147.4040 147.7645 147.8267 148.0456 148.1307 148.1650
148.5487 197.2371 253.2787
 
 Beta MOs
 -- Occupied --
-19.1137 -14.3129 -10.2517 -10.2209 -10.2131 -10.2083 -10.2060 -10.2040
-10.1962 -10.1854  -1.0434  -0.9222  -0.8625  -0.8269  -0.7308  -0.7014
 -0.6663  -0.5907  -0.5501  -0.5450  -0.5020  -0.4912  -0.4797  -0.4382
 -0.4247  -0.4139  -0.4068  -0.3985  -0.3878  -0.3873  -0.3722  -0.3543
 -0.3497  -0.3039  -0.2601
 -- Virtual --
 -0.1631  -0.0943  -0.0333   0.0029   0.0256   0.0272   0.0403   0.0455
  0.0470   0.0635   0.0728   0.0824   0.0851   0.0949   0.1014   0.1089
  0.1189   0.1240   0.1253   0.1420   0.1531   0.1589   0.1692   0.1779
  0.1820   0.1843   0.1932   0.1955   0.2071   0.2124   0.2270   0.2338
  0.2395   0.2489   0.2643   0.2676   0.2807   0.2827   0.2916   0.2968
  0.2994   0.3045   0.3113   0.3125   0.3193   0.3242   0.3263   0.3326
  0.3485   0.3542   0.3569   0.3642   0.3721   0.3782   0.3850   0.3963
  0.4024   0.4159   0.4230   0.4297   0.4356   0.4438   0.4520   0.4578
  0.4598   0.4907   0.5047   0.5147   0.5184   0.5244   0.5360   0.5437
  0.5514   0.5702   0.5829   0.5915   0.5959   0.6087   0.6135   0.6159
  0.6270   0.6313   0.6444   0.6550   0.6675   0.6738   0.6850   0.7016
  0.7065   0.7263   0.7276   0.7388   0.7457   0.7511   0.7546   0.7646
  0.7727   0.7786   0.7917   0.7953   0.7983   0.8058   0.8137   0.8175
  0.8261   0.8292   0.8321   0.8432   0.8500   0.8534   0.8603   0.8712
  0.8747   0.8916   0.8916   0.9061   0.9099   0.9198   0.9304   0.9425
  0.9501   0.9586   0.9628   0.9701   0.9912   0.9959   0.9995   1.0015
  1.0173   1.0254   1.0369   1.0496   1.0620   1.0691   1.0776   1.0861
  1.0958   1.1074   1.1136   1.1272   1.1394   1.1572   1.1626   1.1716
  1.1778   1.1942   1.1991   1.2178   1.2229   1.2427   1.2510   1.2657
  1.2829   1.2863   1.3010   1.3044   1.3278   1.3410   1.3474   1.3531
  1.3607   1.3858   1.3919   1.4101   1.4371   1.4471   1.4575   1.4658
  1.4688   1.4706   1.4851   1.4958   1.5032   1.5137   1.5339   1.5467
  1.5566   1.5800   1.5936   1.6015   1.6151   1.6353   1.6373   1.6538
  1.6668   1.6919   1.7085   1.7194   1.7214   1.7424   1.7472   1.7636
  1.7694   1.7775   1.7962   1.8097   1.8218   1.8285   1.8365   1.8400
  1.8508   1.8650   1.8743   1.8853   1.8930   1.9029   1.9087   1.9202
  1.9326   1.9403   1.9473   1.9536   1.9696   1.9852   1.9921   1.9993
  2.0024   2.0178   2.0251   2.0387   2.0413   2.0472   2.0601   2.0718
  2.0831   2.0956   2.0996   2.1091   2.1192   2.1289   2.1365   2.1413
  2.1612   2.1695   2.1747   2.1830   2.1872   2.1952   2.2041   2.2153
  2.2264   2.2280   2.2427   2.2546   2.2749   2.2876   2.2971   2.3044
  2.3134   2.3179   2.3406   2.3450   2.3596   2.3614   2.3712   2.3793
  2.4060   2.4207   2.4317   2.4365   2.4509   2.4588   2.4631   2.4703
  2.4770   2.4837   2.4960   2.5083   2.5206   2.5263   2.5478   2.5570
  2.5666   2.5720   2.5772   2.5787   2.5853   2.6027   2.6107   2.6133
  2.6238   2.6253   2.6390   2.6551   2.6696   2.6760   2.6834   2.6874
  2.6936   2.7000   2.7141   2.7203   2.7405   2.7497   2.7569   2.7645
  2.7766   2.7855   2.8027   2.8080   2.8213   2.8355   2.8491   2.8566
  2.8684   2.8771   2.8911   2.8992   2.9077   2.9172   2.9295   2.9412
  2.9572   2.9707   2.9749   2.9760   2.9913   3.0037   3.0184   3.0318
  3.0439   3.0645   3.0832   3.0961   3.1131   3.1273   3.1372   3.1507
  3.1741   3.1827   3.2018   3.2322   3.2582   3.2684   3.2751   3.2887
  3.3029   3.3151   3.3276   3.3290   3.3442   3.3676   3.3739   3.4002
  3.4179   3.4329   3.4524   3.4581   3.4802   3.4881   3.4971   3.5130
  3.5238   3.5284   3.5403   3.5673   3.5766   3.5945   3.5989   3.6125
  3.6229   3.6375   3.6626   3.6929   3.7005   3.7234   3.7266   3.7365
  3.7761   3.7769   3.7857   3.8038   3.8227   3.8259   3.8483   3.8540
  3.8671   3.8794   3.9050   3.9089   3.9196   3.9343   3.9675   3.9763
  3.9886   4.0165   4.0238   4.0345   4.0665   4.1220   4.1250   4.1644
  4.1696   4.1767   4.2154   4.2458   4.2812   4.3106   4.3339   4.3781
  4.4116   4.4801   4.5130   4.5395   4.5476   4.5938   4.6645   4.6777
  4.7397   4.7485   4.7616   4.7784   4.7883   4.8142   4.8246   4.8368
  4.8643   4.8887   4.9126   4.9429   4.9491   4.9525   4.9659   4.9863
  5.0141   5.0291   5.0506   5.0752   5.0836   5.0966   5.0970   5.1233
  5.1351   5.1686   5.1937   5.2147   5.2205   5.2423   5.2647   5.2946
  5.3053   5.3280   5.3498   5.3672   5.3845   5.4019   5.4233   5.4391
  5.4487   5.4644   5.4998   5.5231   5.5345   5.5499   5.5606   5.5770
  5.5967   5.6161   5.6237   5.6441   5.6519   5.6693   5.6778   5.6943
  5.7047   5.7149   5.7575   5.7745   5.7824   5.7909   5.7954   5.8120
  5.8207   5.8260   5.8434   5.8549   5.8660   5.8678   5.9007   5.9078
  5.9151   5.9217   5.9280   5.9385   5.9572   5.9595   5.9803   5.9823
  5.9920   5.9983   6.0058   6.0112   6.0197   6.0294   6.0501   6.0601
  6.0690   6.0855   6.0934   6.1074   6.1140   6.1209   6.1299   6.1390
  6.1530   6.1613   6.1679   6.1786   6.1841   6.1900   6.2042   6.2098
  6.2340   6.2473   6.2616   6.2660   6.2856   6.2910   6.2935   6.3016
  6.3137   6.3217   6.3458   6.3529   6.3656   6.3795   6.3854   6.4008
  6.4089   6.4254   6.4430   6.4597   6.4738   6.5040   6.5105   6.5191
  6.5294   6.5367   6.5434   6.5468   6.5660   6.5726   6.5911   6.5936
  6.6125   6.6218   6.6629   6.6745   6.6821   6.6874   6.7047   6.7332
  6.7417   6.7506   6.7604   6.7772   6.7895   6.7938   6.8197   6.8293
  6.8388   6.8435   6.8472   6.8502   6.8854   6.8924   6.9094   6.9146
  6.9254   6.9390   6.9663   6.9871   6.9918   7.0226   7.0348   7.0555
  7.0725   7.1053   7.1315   7.1572   7.1774   7.2288   7.2497   7.2599
  7.2736   7.2839   7.2876   7.3119   7.3268   7.3363   7.3514   7.3826
  7.3852   7.4046   7.4122   7.4414   7.4606   7.4785   7.4867   7.4931
  7.5171   7.5213   7.5514   7.5628   7.5726   7.5898   7.5993   7.6190
  7.6290   7.6568   7.6676   7.6745   7.7016   7.7079   7.7254   7.7271
  7.7375   7.7534   7.7632   7.7683   7.7877   7.8071   7.8135   7.8483
  7.8559   7.8755   7.8885   7.8937   7.9175   7.9411   7.9504   7.9657
  7.9820   7.9827   8.0137   8.0214   8.0480   8.0724   8.0807   8.0943
  8.1077   8.1340   8.1443   8.1515   8.1638   8.1883   8.2044   8.2143
  8.2229   8.2489   8.2670   8.2797   8.2881   8.2924   8.3252   8.3373
  8.3594   8.3763   8.3862   8.3959   8.4100   8.4185   8.4269   8.4463
  8.4503   8.4603   8.4628   8.4666   8.4801   8.4949   8.5053   8.5195
  8.5288   8.5309   8.5460   8.5752   8.5925   8.5957   8.6196   8.6235
  8.6540   8.6695   8.6957   8.7070   8.7241   8.7519   8.7549   8.7698
  8.7943   8.8248   8.8401   8.8676   8.8805   8.8870   8.8918   8.9043
  8.9094   8.9383   8.9491   8.9701   8.9795   9.0093   9.0404   9.0606
  9.0842   9.1067   9.1559   9.1658   9.1913   9.1938   9.2127   9.2775
  9.2904   9.3390   9.3848   9.4985   9.5106   9.5663   9.5689   9.5778
  9.6171   9.6393   9.6787   9.7352   9.7792   9.8037   9.8162   9.8190
  9.8417   9.8572   9.8662   9.8958   9.9152   9.9413   9.9636   9.9845
 10.0093  10.0220  10.0300  10.0340  10.0898  10.0993  10.1191  10.1536
 10.1622  10.1732  10.2017  10.2180  10.2642  10.3757  10.3995  10.4613
 10.5107  10.5554  10.5694  10.6036  10.8829  10.9710  11.0301  11.0848
 11.2278  11.2815  11.4465  11.5312  11.7772  11.8072  11.8758  11.9023
 12.0136  12.1320  12.1609  12.1683  12.2843  12.3332  12.7643  12.7755
 12.8205  13.0660  13.1138  13.1567  13.1865  13.1893  13.4645  14.1800
 14.4335  28.2982  28.3217  28.6711  28.7924  28.9480  29.0133  29.0380
 29.4158  37.9276  48.2165 147.3762 147.4050 147.7713 147.8319 148.0455
148.1305 148.1657 148.5488 197.2378 253.2827
 --------------------------------------------------------------
 
          Ground-State Mulliken Net Atomic Charges

     Atom                 Charge (a.u.)    Spin (a.u.)
  --------------------------------------------------------
      1 C                     0.011610       0.037008
      2 C                    -0.072394      -0.028319
      3 C                    -0.065548       0.816244
      4 C                     0.006918       0.750279
      5 C                     0.014163      -0.065337
      6 O                    -0.307466       0.309282
      7 C                    -0.082760      -0.055433
      8 C                    -0.040426       0.184465
      9 C                    -0.040489      -0.040052
     10 N                    -0.162308       0.072339
     11 H                     0.060892       0.002813
     12 H                     0.077928       0.002345
     13 H                     0.045028       0.030972
     14 H                     0.071585       0.001121
     15 H                     0.093300       0.001699
     16 H                     0.103170       0.000352
     17 H                     0.087776      -0.008306
     18 H                     0.126126      -0.026671
     19 H                     0.072897       0.015199
  --------------------------------------------------------
  Sum of atomic charges =    -0.000000
  Sum of spin   charges =     2.000000

 -----------------------------------------------------------------
                    Cartesian Multipole Moments
 -----------------------------------------------------------------
    Charge (ESU x 10^10)
                -0.0000
    Dipole Moment (Debye)
         X       5.7674      Y      -1.1593      Z      -2.7230
       Tot       6.4824
    Quadrupole Moments (Debye-Ang)
        XX     -77.2736     XY       0.1189     YY     -68.9448
        XZ      10.2025     YZ       3.9070     ZZ     -59.5537
    Octopole Moments (Debye-Ang^2)
       XXX     252.8263    XXY      23.3926    XYY     107.7803
       YYY       8.9720    XXZ     -48.5805    XYZ     -19.3714
       YYZ     -27.7706    XZZ      73.7899    YZZ      15.4610
       ZZZ     -44.5052
    Hexadecapole Moments (Debye-Ang^3)
      XXXX   -1362.9763   XXXY    -315.5062   XXYY    -553.7410
      XYYY    -205.1512   YYYY   -1494.5401   XXXZ     293.6115
      XXYZ     105.0581   XYYZ     111.5860   YYYZ      91.8021
      XXZZ    -289.3069   XYZZ    -110.2552   YYZZ    -296.1032
      XZZZ     190.9207   YZZZ      98.3144   ZZZZ    -306.7877
 -----------------------------------------------------------------
 Total job time:  125.32s(wall), 3588.61s(cpu) 
 Mon Jan  6 16:19:40 2025

        *************************************************************
        *                                                           *
        *  Thank you very much for using Q-Chem.  Have a nice day.  *
        *                                                           *
        *************************************************************


