
Running Job 1 of 1 methyl-doublet-wb97xd-OLYP.in
qchem methyl-doublet-wb97xd-OLYP.in_1972465.0 /expanse/lustre/scratch/whughes/temp_project/job_32712576/methyl-doublet-wb97xd-OLYP-32712576/ 0
/cm/shared/apps/spack/0.17.3/cpu/b/opt/spack/linux-rocky8-zen2/gcc-10.2.0/qchem-6.0-rytxnwjazd34ekd2gqyi5ufsaimxsd3r/exe/qcprog.exe_s methyl-doublet-wb97xd-OLYP.in_1972465.0 /expanse/lustre/scratch/whughes/temp_project/job_32712576/methyl-doublet-wb97xd-OLYP-32712576/
                  Welcome to Q-Chem
     A Quantum Leap Into The Future Of Chemistry


 Q-Chem 6.0, Q-Chem, Inc., Pleasanton, CA (2022)

 License issued to: University of California, San Diego (site)

 E. Epifanovsky,  A. T. B. Gilbert,  Xintian Feng,  Joonho Lee,  Yuezhi Mao,  
 N. Mardirossian,  P. Pokhilko,  A. White,  M. Wormit,  M. P. Coons,  
 A. L. Dempwolff,  Zhengting Gan,  D. Hait,  P. R. Horn,  L. D. Jacobson,  
 I. Kaliman,  J. Kussmann,  A. W. Lange,  Ka Un Lao,  D. S. Levine,  Jie Liu,  
 S. C. McKenzie,  A. F. Morrison,  K. Nanda,  F. Plasser,  D. R. Rehn,  
 M. L. Vidal,  Zhi-Qiang You,  Ying Zhu,  B. Alam,  B. Albrecht,  
 A. Aldossary,  E. Alguire,  J. H. Andersen,  V. Athavale,  D. Barton,  
 K. Begam,  A. Behn,  N. Bellonzi,  Y. A. Bernard,  E. J. Berquist,  
 H. Burton,  A. Carreras,  K. Carter-Fenk,  Romit Chakraborty,  
 Chandrima Chakravarty,  Junhan Chen,  A. D. Chien,  K. D. Closser,  
 V. Cofer-Shabica,  L. Cunha,  S. Dasgupta,  Jia Deng,  M. de Wergifosse,  
 M. Diedenhofen,  Hainam Do,  S. Ehlert,  Po-Tung Fang,  S. Fatehi,  
 Qingguo Feng,  T. Friedhoff,  B. Ganoe,  J. Gayvert,  Qinghui Ge,  
 G. Gidofalvi,  M. Goldey,  J. Gomes,  C. Gonzalez-Espinoza,  S. Gulania,  
 A. Gunina,  J. A. Gyamfi,  M. W. D. Hanson-Heine,  P. H. P. Harbach,  
 A. W. Hauser,  M. F. Herbst,  M. Hernandez Vera,  M. Hodecker,  
 Z. C. Holden,  S. Houck,  Xunkun Huang,  Kerwin Hui,  B. C. Huynh,  
 K. Ikeda,  M. Ivanov,  Hyunjun Ji,  Zuxin Jin,  Hanjie Jiang,  B. Kaduk,  
 S. Kaehler,  R. Kang,  K. Khistyaev,  Jaehoon Kim,  Yongbin Kim,  
 P. Klunzinger,  Z. Koczor-Benda,  Joong Hoon Koh,  D. Kosenkov,  
 Saikiran Kotaru,  L. Koulias,  T. Kowalczyk,  C. M. Krauter,  K. Kue,  
 A. Kunitsa,  T. Kus,  A. Landau,  K. V. Lawler,  D. Lefrancois,  S. Lehtola,  
 Rain Li,  Shaozhi Li,  Yi-Pei Li,  Jiashu Liang,  M. Liebenthal,  
 Hung-Hsuan Lin,  You-Sheng Lin,  Fenglai Liu,  Kuan-Yu Liu,  
 M. Loipersberger,  A. Luenser,  C. Malbon,  A. Manjanath,  P. Manohar,  
 E. Mansoor,  S. F. Manzer,  Shan-Ping Mao,  A. V. Marenich,  T. Markovich,  
 S. Mason,  F. Matz,  S. A. Maurer,  P. F. McLaughlin,  M. F. S. J. Menger,  
 J.-M. Mewes,  S. A. Mewes,  P. Morgante,  Mohammad Mostafanejad,  
 J. W. Mullinax,  K. J. Oosterbaan,  G. Paran,  V. Parravicini,  
 Alexander C. Paul,  Suranjan K. Paul,  F. Pavosevic,  Zheng Pei,  S. Prager,  
 E. I. Proynov,  E. Ramos,  B. Rana,  A. E. Rask,  A. Rettig,  R. M. Richard,  
 F. Rob,  E. Rossomme,  T. Scheele,  M. Scheurer,  M. Schneider,  
 P. E. Schneider,  N. Sergueev,  S. M. Sharada,  Hengyuan Shen,  
 W. Skomorowski,  D. W. Small,  C. J. Stein,  Yingli Su,  Yu-Chuan Su,  
 E. J. Sundstrom,  Zhen Tao,  J. Thirman,  Hung-Yi Tsai,  T. Tsuchimochi,  
 N. M. Tubman,  C. Utku,  S. P. Veccham,  O. Vydrov,  J. Wenzel,  
 Jonathan Wong,  J. Witte,  A. Yamada,  Chou-Hsun Yang,  Kun Yao,  
 S. Yeganeh,  S. R. Yost,  A. Zech,  F. Zeller,  Igor Ying Zhang,  
 Xing Zhang,  Yu Zhang,  D. Zuev,  A. Aspuru-Guzik,  A. T. Bell,  
 N. A. Besley,  K. B. Bravaya,  B. R. Brooks,  D. Casanova,  Jeng-Da Chai,  
 Hsing-Ta Chen,  S. Coriani,  C. J. Cramer,  A. E. DePrince, III,  
 R. A. DiStasio Jr.,  A. Dreuw,  B. D. Dunietz,  T. R. Furlani,  
 W. A. Goddard III,  S. Grimme,  S. Hammes-Schiffer,  T. Head-Gordon,  
 W. J. Hehre,  Chao-Ping Hsu,  T.-C. Jagau,  Yousung Jung,  A. Klamt,  
 Jing Kong,  D. S. Lambrecht,  Xiangyuan Li,  WanZhen Liang,  N. J. Mayhall,  
 C. W. McCurdy,  J. B. Neaton,  T. Neudecker,  C. Ochsenfeld,  
 J. A. Parkhill,  R. Peverati,  V. A. Rassolov,  Haisheng Ren,  Yihan Shao,  
 L. V. Slipchenko,  R. P. Steele,  J. E. Subotnik,  A. J. W. Thom,  
 A. Tkatchenko,  D. G. Truhlar,  T. Van Voorhis,  Fan Wang,  
 T. A. Wesolowski,  K. B. Whaley,  H. L. Woodcock III,  P. M. Zimmerman,  
 S. Faraji,  P. M. W. Gill,  M. Head-Gordon,  J. M. Herbert,  A. I. Krylov

 Contributors to earlier versions of Q-Chem not listed above: 
 R. D. Adamson,  B. Austin,  R. Baer,  J. Baker,  G. J. O. Beran,  
 K. Brandhorst,  S. T. Brown,  E. F. C. Byrd,  Arup K. Chakraborty,  
 G. K. L. Chan,  Chun-Min Chang,  Yunqing Chen,  C.-L. Cheng,  
 Siu Hung Chien,  D. M. Chipman,  D. L. Crittenden,  H. Dachsel,  
 R. J. Doerksen,  A. D. Dutoi,  R. G. Edgar,  J. Fosso-Tande,  
 L. Fusti-Molnar,  D. Ghosh,  A. Ghysels,  A. Golubeva-Zadorozhnaya,  
 J. Gonthier,  M. S. Gordon,  S. R. Gwaltney,  G. Hawkins,  J. E. Herr,  
 A. Heyden,  S. Hirata,  E. G. Hohenstein,  G. Kedziora,  F. J. Keil,  
 C. Kelley,  Jihan Kim,  R. A. King,  R. Z. Khaliullin,  P. P. Korambath,  
 W. Kurlancheek,  A. Laurent,  A. M. Lee,  M. S. Lee,  S. V. Levchenko,  
 Ching Yeh Lin,  D. Liotard,  E. Livshits,  R. C. Lochan,  I. Lotan,  
 L. A. Martinez-Martinez,  P. E. Maslen,  N. Nair,  D. P. O'Neill,  
 D. Neuhauser,  E. Neuscamman,  C. M. Oana,  R. Olivares-Amaya,  R. Olson,  
 T. M. Perrine,  B. Peters,  P. A. Pieniazek,  A. Prociuk,  Y. M. Rhee,  
 J. Ritchie,  M. A. Rohrdanz,  E. Rosta,  N. J. Russ,  H. F. Schaefer III,  
 M. W. Schmidt,  N. E. Schultz,  S. Sharma,  N. Shenvi,  C. D. Sherrill,  
 A. C. Simmonett,  A. Sodt,  T. Stein,  D. Stuck,  K. S. Thanthiriwatte,  
 V. Vanovschi,  L. Vogt,  Tao Wang,  A. Warshel,  M. A. Watson,  
 C. F. Williams,  Q. Wu,  X. Xu,  Jun Yang,  W. Zhang,  Yan Zhao

   Please cite Q-Chem as follows:
  "Software for the frontiers of quantum chemistry:
   An overview of developments in the Q-Chem 5 package"
   J. Chem. Phys. 155, 084801 (2021)
   https://doi.org/10.1063/5.0055522 (open access)

 Q-Chem 6.0.2 for Intel X86 EM64T Linux

 Parts of Q-Chem use Armadillo 9.900.5 (Nocturnal Misbehaviour).
 http://arma.sourceforge.net/

 Q-Chem begins on Fri Aug  2 08:21:31 2024  

 Host: 
0

     Scratch files written to /expanse/lustre/scratch/whughes/temp_project/job_32712576/methyl-doublet-wb97xd-OLYP-32712576//
 Dec722 |scratch|qcdevops|jenkins|workspace|build_RNUM    
 Processing $rem in /cm/shared/apps/spack/0.17.3/cpu/b/opt/spack/linux-rocky8-zen2/gcc-10.2.0/qchem-6.0-rytxnwjazd34ekd2gqyi5ufsaimxsd3r/config/preferences:
 Processing $rem in /home/whughes/.qchemrc:

 Checking the input file for inconsistencies... 	...done.

--------------------------------------------------------------
User input:
--------------------------------------------------------------
$molecule
0 2
C    -0.0000696634   0.0000038474    -0.0000431851
H    0.2875149257    0.8842415719    -0.5482662154
H    0.2846504507    -0.9761006523   -0.3624061917
H    -0.5720957129   0.0918552331    0.9107165923
$end

$rem
METHOD      OLYP
BASIS       def2-QZVPP
SYM_IGNORE   TRUE
DFT_D       D3
MAX_SCF_CYCLES 300
$end

$end
--------------------------------------------------------------
 Adding empirical dispersion correction 
 ----------------------------------------------------------------
 Doing -D3(BJ) with
 s6  =   1.00000
 s8  =   2.62050
 a1  =   0.52990
 a2  =   2.80650
 -D3 energy without 3body term =     -0.0063661059 hartrees
 ----------------------------------------------------------------
             Standard Nuclear Orientation (Angstroms)
    I     Atom           X                Y                Z
 ----------------------------------------------------------------
    1      C      -0.0000696634     0.0000038474    -0.0000431851
    2      H       0.2875149257     0.8842415719    -0.5482662154
    3      H       0.2846504507    -0.9761006523    -0.3624061917
    4      H      -0.5720957129     0.0918552331     0.9107165923
 ----------------------------------------------------------------
 Nuclear Repulsion Energy =           9.66715416 hartrees
 There are        5 alpha and        4 beta electrons
 Requested basis set is def2-QZVPP
 There are 47 shells and 147 basis functions

 Total QAlloc Memory Limit   8000 MB
 Mega-Array Size       188 MB
 MEM_STATIC part       192 MB


                       Distance Matrix (Angstroms)
             C (  1)   H (  2)   H (  3)
   H (  2)  1.079412
   H (  3)  1.079422  1.869606
   H (  4)  1.079414  1.869609  1.869595
 
 A cutoff of  1.0D-09 yielded   1128 shell pairs
 There are     11148 function pairs (     16257 Cartesian)
 Smallest overlap matrix eigenvalue = 1.89E-04

 Scale SEOQF with 1.000000e+00/1.000000e+00/1.000000e+00

 Standard Electronic Orientation quadrupole field applied
 Guess from superposition of atomic densities
 Warning:  Energy on first SCF cycle will be non-variational
 SAD guess density has 9.000000 electrons

 -----------------------------------------------------------------------
  General SCF calculation program by
  Eric Jon Sundstrom, Paul Horn, Yuezhi Mao, Dmitri Zuev, Alec White,
  David Stuck, Shaama M.S., Shane Yost, Joonho Lee, David Small,
  Daniel Levine, Susi Lehtola, Hugh Burton, Evgeny Epifanovsky,
  Bang C. Huynh
 -----------------------------------------------------------------------
 Exchange:  OPTX      Correlation:  LYP
 Using SG-1 standard quadrature grid
 Dispersion:   Grimme D3
 using 32 threads for integral computing
 -------------------------------------------------------
 OpenMP Integral computing Module                
 Release: version 1.0, May 2013, Q-Chem Inc. Pittsburgh 
 -------------------------------------------------------
 A unrestricted SCF calculation will be
 performed using DIIS
 SCF converges when DIIS error is below 1.0e-05
 ---------------------------------------
  Cycle       Energy         DIIS error
 ---------------------------------------
    1     -39.7342158539      9.40e-03  
    2     -39.7961794194      1.96e-03  
    3     -39.7771370540      2.28e-03  
    4     -39.8435328360      1.05e-04  
    5     -39.8436707096      1.56e-05  
    6     -39.8436760064      3.46e-06  Convergence criterion met
 ---------------------------------------
 SCF time:   CPU 18.69s  wall 1.00s 
<S^2> =          0.754521863
 SCF   energy in the final basis set =      -39.8436760064
 Total energy in the final basis set =      -39.8436760064
 
 --------------------------------------------------------------
 
                    Orbital Energies (a.u.)
 --------------------------------------------------------------
 
 Alpha MOs
 -- Occupied --
 -9.9135  -0.6226  -0.3752  -0.3752  -0.1917
 -- Virtual --
  0.0036   0.0678   0.0678   0.1082   0.1083   0.1200   0.2086   0.3128
  0.3129   0.3172   0.3929   0.3929   0.5875   0.5875   0.5884   0.6101
  0.6912   0.7335   0.7336   0.7514   0.7578   0.7578   0.8225   0.8999
  0.8999   1.0625   1.1432   1.1432   1.2309   1.2310   1.5934   1.5934
  1.6225   1.6844   1.7838   1.7838   1.8107   1.8107   1.8327   1.8682
  1.9818   2.0382   2.0383   2.2528   2.2528   2.3261   2.3609   2.3712
  2.3712   2.4714   2.4714   2.5139   2.6095   2.6096   2.6508   2.7231
  2.7630   2.7630   2.9997   3.1778   3.1778   3.3219   3.3219   3.4106
  3.4951   3.6718   3.6719   3.7915   3.7916   3.9829   4.9530   5.0256
  5.0256   5.0591   5.1333   5.1334   5.4075   5.4076   5.4385   5.4480
  5.6422   5.6424   5.7442   5.7549   5.8709   5.8799   5.8799   5.9539
  5.9540   6.2512   6.2566   6.2568   6.3524   6.5806   6.5807   6.5816
  6.5819   6.7498   6.9619   6.9620   7.0807   7.0807   7.2923   7.2925
  7.3279   7.4157   7.4159   7.4202   7.4548   7.4549   7.5071   7.8323
  8.0410   8.0625   8.0626   8.0627   8.1238   8.1241   8.1360   8.1363
  8.2192   8.3340   8.3342   8.6283   8.7172   8.8945   9.0064   9.0065
  9.3622   9.3624   9.6303   9.7569   9.7570   9.8417  10.2394  10.9485
 10.9493  11.2719  11.2719  13.1912  28.4895 147.3050
 
 Beta MOs
 -- Occupied --
 -9.9052  -0.5856  -0.3632  -0.3632
 -- Virtual --
 -0.1049   0.0059   0.0680   0.0680   0.1043   0.1043   0.1361   0.2191
  0.3195   0.3195   0.3285   0.4180   0.4180   0.5893   0.5894   0.6053
  0.6164   0.7201   0.7443   0.7443   0.7662   0.7663   0.7914   0.8262
  0.9007   0.9007   1.0799   1.1484   1.1484   1.2353   1.2353   1.6301
  1.6301   1.6785   1.6854   1.7960   1.7960   1.8412   1.8413   1.8927
  1.9011   1.9905   2.0800   2.0800   2.2613   2.2613   2.3533   2.3837
  2.3893   2.3893   2.4679   2.4680   2.5645   2.6180   2.6180   2.6464
  2.7246   2.7845   2.7845   3.0395   3.1823   3.1823   3.3664   3.3665
  3.4549   3.5427   3.6843   3.6843   3.7998   3.7998   3.9996   5.0199
  5.0607   5.0608   5.0806   5.1983   5.1984   5.4505   5.4506   5.4519
  5.5128   5.6991   5.6992   5.7704   5.7751   5.8702   5.8919   5.8920
  5.9614   5.9614   6.2736   6.2739   6.2804   6.3687   6.5948   6.5949
  6.6529   6.6536   6.8481   6.9688   6.9689   7.0911   7.0911   7.2850
  7.2851   7.3369   7.4186   7.4314   7.4316   7.4704   7.4704   7.5339
  7.8398   8.0370   8.0591   8.0706   8.0707   8.1211   8.1213   8.1349
  8.1352   8.2390   8.3378   8.3379   8.6332   8.7342   8.8911   9.0083
  9.0085   9.3604   9.3606   9.6350   9.7800   9.7802   9.8879  10.2458
 10.9577  10.9586  11.2801  11.2803  13.2113  28.5264 147.3093
 --------------------------------------------------------------
 
          Ground-State Mulliken Net Atomic Charges

     Atom                 Charge (a.u.)    Spin (a.u.)
  --------------------------------------------------------
      1 C                    -0.126778       1.091306
      2 H                     0.042179      -0.030312
      3 H                     0.042387      -0.030454
      4 H                     0.042211      -0.030539
  --------------------------------------------------------
  Sum of atomic charges =     0.000000
  Sum of spin   charges =     1.000000

 -----------------------------------------------------------------
                    Cartesian Multipole Moments
 -----------------------------------------------------------------
    Charge (ESU x 10^10)
                 0.0000
    Dipole Moment (Debye)
         X       0.0000      Y       0.0000      Z       0.0000
       Tot       0.0001
    Quadrupole Moments (Debye-Ang)
        XX      -8.6417     XY      -0.0795     YY      -7.3326
        XZ      -0.8174     YZ      -0.0495     ZZ      -7.8362
    Octopole Moments (Debye-Ang^2)
       XXX      -0.1275    XXY       0.0220    XYY       0.4494
       YYY      -0.2174    XXZ       0.2043    XYZ      -0.0791
       YYZ      -0.7002    XZZ      -0.3204    YZZ       0.1954
       ZZZ       0.4967
    Hexadecapole Moments (Debye-Ang^3)
      XXXX     -13.7342   XXXY       0.0981   XXYY      -5.1111
      XYYY       0.0246   YYYY     -15.7452   XXXZ       1.0043
      XXYZ       0.0509   XYYZ       0.0855   YYYZ       0.0153
      XXZZ      -4.5944   XYZZ       0.0367   YYZZ      -5.1957
      XZZZ       0.5410   YZZZ       0.0330   ZZZZ     -15.2567
 -----------------------------------------------------------------
 Total job time:  12.16s(wall), 32.08s(cpu) 
 Fri Aug  2 08:21:43 2024

        *************************************************************
        *                                                           *
        *  Thank you very much for using Q-Chem.  Have a nice day.  *
        *                                                           *
        *************************************************************


