
Running Job 1 of 1 n6-ts2-triplet-conf3-OLYP.in
qchem n6-ts2-triplet-conf3-OLYP.in_2665981.0 /expanse/lustre/scratch/whughes/temp_project/job_32713188/n6-ts2-triplet-conf3-OLYP-32713188/ 0
/cm/shared/apps/spack/0.17.3/cpu/b/opt/spack/linux-rocky8-zen2/gcc-10.2.0/qchem-6.0-rytxnwjazd34ekd2gqyi5ufsaimxsd3r/exe/qcprog.exe_s n6-ts2-triplet-conf3-OLYP.in_2665981.0 /expanse/lustre/scratch/whughes/temp_project/job_32713188/n6-ts2-triplet-conf3-OLYP-32713188/
                  Welcome to Q-Chem
     A Quantum Leap Into The Future Of Chemistry


 Q-Chem 6.0, Q-Chem, Inc., Pleasanton, CA (2022)

 License issued to: University of California, San Diego (site)

 E. Epifanovsky,  A. T. B. Gilbert,  Xintian Feng,  Joonho Lee,  Yuezhi Mao,  
 N. Mardirossian,  P. Pokhilko,  A. White,  M. Wormit,  M. P. Coons,  
 A. L. Dempwolff,  Zhengting Gan,  D. Hait,  P. R. Horn,  L. D. Jacobson,  
 I. Kaliman,  J. Kussmann,  A. W. Lange,  Ka Un Lao,  D. S. Levine,  Jie Liu,  
 S. C. McKenzie,  A. F. Morrison,  K. Nanda,  F. Plasser,  D. R. Rehn,  
 M. L. Vidal,  Zhi-Qiang You,  Ying Zhu,  B. Alam,  B. Albrecht,  
 A. Aldossary,  E. Alguire,  J. H. Andersen,  V. Athavale,  D. Barton,  
 K. Begam,  A. Behn,  N. Bellonzi,  Y. A. Bernard,  E. J. Berquist,  
 H. Burton,  A. Carreras,  K. Carter-Fenk,  Romit Chakraborty,  
 Chandrima Chakravarty,  Junhan Chen,  A. D. Chien,  K. D. Closser,  
 V. Cofer-Shabica,  L. Cunha,  S. Dasgupta,  Jia Deng,  M. de Wergifosse,  
 M. Diedenhofen,  Hainam Do,  S. Ehlert,  Po-Tung Fang,  S. Fatehi,  
 Qingguo Feng,  T. Friedhoff,  B. Ganoe,  J. Gayvert,  Qinghui Ge,  
 G. Gidofalvi,  M. Goldey,  J. Gomes,  C. Gonzalez-Espinoza,  S. Gulania,  
 A. Gunina,  J. A. Gyamfi,  M. W. D. Hanson-Heine,  P. H. P. Harbach,  
 A. W. Hauser,  M. F. Herbst,  M. Hernandez Vera,  M. Hodecker,  
 Z. C. Holden,  S. Houck,  Xunkun Huang,  Kerwin Hui,  B. C. Huynh,  
 K. Ikeda,  M. Ivanov,  Hyunjun Ji,  Zuxin Jin,  Hanjie Jiang,  B. Kaduk,  
 S. Kaehler,  R. Kang,  K. Khistyaev,  Jaehoon Kim,  Yongbin Kim,  
 P. Klunzinger,  Z. Koczor-Benda,  Joong Hoon Koh,  D. Kosenkov,  
 Saikiran Kotaru,  L. Koulias,  T. Kowalczyk,  C. M. Krauter,  K. Kue,  
 A. Kunitsa,  T. Kus,  A. Landau,  K. V. Lawler,  D. Lefrancois,  S. Lehtola,  
 Rain Li,  Shaozhi Li,  Yi-Pei Li,  Jiashu Liang,  M. Liebenthal,  
 Hung-Hsuan Lin,  You-Sheng Lin,  Fenglai Liu,  Kuan-Yu Liu,  
 M. Loipersberger,  A. Luenser,  C. Malbon,  A. Manjanath,  P. Manohar,  
 E. Mansoor,  S. F. Manzer,  Shan-Ping Mao,  A. V. Marenich,  T. Markovich,  
 S. Mason,  F. Matz,  S. A. Maurer,  P. F. McLaughlin,  M. F. S. J. Menger,  
 J.-M. Mewes,  S. A. Mewes,  P. Morgante,  Mohammad Mostafanejad,  
 J. W. Mullinax,  K. J. Oosterbaan,  G. Paran,  V. Parravicini,  
 Alexander C. Paul,  Suranjan K. Paul,  F. Pavosevic,  Zheng Pei,  S. Prager,  
 E. I. Proynov,  E. Ramos,  B. Rana,  A. E. Rask,  A. Rettig,  R. M. Richard,  
 F. Rob,  E. Rossomme,  T. Scheele,  M. Scheurer,  M. Schneider,  
 P. E. Schneider,  N. Sergueev,  S. M. Sharada,  Hengyuan Shen,  
 W. Skomorowski,  D. W. Small,  C. J. Stein,  Yingli Su,  Yu-Chuan Su,  
 E. J. Sundstrom,  Zhen Tao,  J. Thirman,  Hung-Yi Tsai,  T. Tsuchimochi,  
 N. M. Tubman,  C. Utku,  S. P. Veccham,  O. Vydrov,  J. Wenzel,  
 Jonathan Wong,  J. Witte,  A. Yamada,  Chou-Hsun Yang,  Kun Yao,  
 S. Yeganeh,  S. R. Yost,  A. Zech,  F. Zeller,  Igor Ying Zhang,  
 Xing Zhang,  Yu Zhang,  D. Zuev,  A. Aspuru-Guzik,  A. T. Bell,  
 N. A. Besley,  K. B. Bravaya,  B. R. Brooks,  D. Casanova,  Jeng-Da Chai,  
 Hsing-Ta Chen,  S. Coriani,  C. J. Cramer,  A. E. DePrince, III,  
 R. A. DiStasio Jr.,  A. Dreuw,  B. D. Dunietz,  T. R. Furlani,  
 W. A. Goddard III,  S. Grimme,  S. Hammes-Schiffer,  T. Head-Gordon,  
 W. J. Hehre,  Chao-Ping Hsu,  T.-C. Jagau,  Yousung Jung,  A. Klamt,  
 Jing Kong,  D. S. Lambrecht,  Xiangyuan Li,  WanZhen Liang,  N. J. Mayhall,  
 C. W. McCurdy,  J. B. Neaton,  T. Neudecker,  C. Ochsenfeld,  
 J. A. Parkhill,  R. Peverati,  V. A. Rassolov,  Haisheng Ren,  Yihan Shao,  
 L. V. Slipchenko,  R. P. Steele,  J. E. Subotnik,  A. J. W. Thom,  
 A. Tkatchenko,  D. G. Truhlar,  T. Van Voorhis,  Fan Wang,  
 T. A. Wesolowski,  K. B. Whaley,  H. L. Woodcock III,  P. M. Zimmerman,  
 S. Faraji,  P. M. W. Gill,  M. Head-Gordon,  J. M. Herbert,  A. I. Krylov

 Contributors to earlier versions of Q-Chem not listed above: 
 R. D. Adamson,  B. Austin,  R. Baer,  J. Baker,  G. J. O. Beran,  
 K. Brandhorst,  S. T. Brown,  E. F. C. Byrd,  Arup K. Chakraborty,  
 G. K. L. Chan,  Chun-Min Chang,  Yunqing Chen,  C.-L. Cheng,  
 Siu Hung Chien,  D. M. Chipman,  D. L. Crittenden,  H. Dachsel,  
 R. J. Doerksen,  A. D. Dutoi,  R. G. Edgar,  J. Fosso-Tande,  
 L. Fusti-Molnar,  D. Ghosh,  A. Ghysels,  A. Golubeva-Zadorozhnaya,  
 J. Gonthier,  M. S. Gordon,  S. R. Gwaltney,  G. Hawkins,  J. E. Herr,  
 A. Heyden,  S. Hirata,  E. G. Hohenstein,  G. Kedziora,  F. J. Keil,  
 C. Kelley,  Jihan Kim,  R. A. King,  R. Z. Khaliullin,  P. P. Korambath,  
 W. Kurlancheek,  A. Laurent,  A. M. Lee,  M. S. Lee,  S. V. Levchenko,  
 Ching Yeh Lin,  D. Liotard,  E. Livshits,  R. C. Lochan,  I. Lotan,  
 L. A. Martinez-Martinez,  P. E. Maslen,  N. Nair,  D. P. O'Neill,  
 D. Neuhauser,  E. Neuscamman,  C. M. Oana,  R. Olivares-Amaya,  R. Olson,  
 T. M. Perrine,  B. Peters,  P. A. Pieniazek,  A. Prociuk,  Y. M. Rhee,  
 J. Ritchie,  M. A. Rohrdanz,  E. Rosta,  N. J. Russ,  H. F. Schaefer III,  
 M. W. Schmidt,  N. E. Schultz,  S. Sharma,  N. Shenvi,  C. D. Sherrill,  
 A. C. Simmonett,  A. Sodt,  T. Stein,  D. Stuck,  K. S. Thanthiriwatte,  
 V. Vanovschi,  L. Vogt,  Tao Wang,  A. Warshel,  M. A. Watson,  
 C. F. Williams,  Q. Wu,  X. Xu,  Jun Yang,  W. Zhang,  Yan Zhao

   Please cite Q-Chem as follows:
  "Software for the frontiers of quantum chemistry:
   An overview of developments in the Q-Chem 5 package"
   J. Chem. Phys. 155, 084801 (2021)
   https://doi.org/10.1063/5.0055522 (open access)

 Q-Chem 6.0.2 for Intel X86 EM64T Linux

 Parts of Q-Chem use Armadillo 9.900.5 (Nocturnal Misbehaviour).
 http://arma.sourceforge.net/

 Q-Chem begins on Fri Aug  2 08:48:23 2024  

 Host: 
0

     Scratch files written to /expanse/lustre/scratch/whughes/temp_project/job_32713188/n6-ts2-triplet-conf3-OLYP-32713188//
 Dec722 |scratch|qcdevops|jenkins|workspace|build_RNUM    
 Processing $rem in /cm/shared/apps/spack/0.17.3/cpu/b/opt/spack/linux-rocky8-zen2/gcc-10.2.0/qchem-6.0-rytxnwjazd34ekd2gqyi5ufsaimxsd3r/config/preferences:
 Processing $rem in /home/whughes/.qchemrc:

 Checking the input file for inconsistencies... 	...done.

--------------------------------------------------------------
User input:
--------------------------------------------------------------
$molecule
0 3
C    1.6941120915    -0.3947568626   0.2898326984
C    0.9842647845    0.3033377042    1.3667935481
H    0.2865258541    -0.3680777749   1.8778495037
H    1.6702378936    0.706662744     2.1211640151
H    0.3965909621    1.1343110044    0.9676324455
C    0.5488180606    0.4759983453    -2.2848457478
C    0.4056562138    -0.7063173224   -1.6564983004
H    1.0670918467    -1.5342912223   -1.8750926215
H    -0.4855476009   -0.9199439291   -1.0777603582
C    -0.4057309157   1.6092485       -2.0717323362
H    -1.2524635248   1.3181245015    -1.4497101151
H    0.1014425074    2.4538177108    -1.5923275155
H    -0.7908227012   1.9806410137    -3.025941106
C    1.7366214026    0.7611749394    -3.148935047
H    1.4254659225    1.0510791522    -4.15713803
H    2.3097025811    1.6011749269    -2.7423023319
H    2.3993863039    -0.10042948     -3.2123432226
C    2.9767017762    -0.8588012149   0.1720143968
S    4.1734517029    -0.6439596793   1.4699347477
C    4.782826238     -1.809716109    -0.6875054472
C    5.3377384979    -1.4362512687   0.5068990178
H    5.3244344113    -2.3300980886   -1.4660609897
H    6.3499664218    -1.5900398494   0.8426551919
N    3.4911047198    -1.4991746512   -0.8840152857
$end

$rem
METHOD      OLYP
BASIS       def2-QZVPP
SYM_IGNORE   TRUE
DFT_D       D3
MAX_SCF_CYCLES 300
$end

$end
--------------------------------------------------------------
 Adding empirical dispersion correction 
 ----------------------------------------------------------------
 Doing -D3(BJ) with
 s6  =   1.00000
 s8  =   2.62050
 a1  =   0.52990
 a2  =   2.80650
 -D3 energy without 3body term =     -0.1308946493 hartrees
 ----------------------------------------------------------------
             Standard Nuclear Orientation (Angstroms)
    I     Atom           X                Y                Z
 ----------------------------------------------------------------
    1      C       1.6941120915    -0.3947568626     0.2898326984
    2      C       0.9842647845     0.3033377042     1.3667935481
    3      H       0.2865258541    -0.3680777749     1.8778495037
    4      H       1.6702378936     0.7066627440     2.1211640151
    5      H       0.3965909621     1.1343110044     0.9676324455
    6      C       0.5488180606     0.4759983453    -2.2848457478
    7      C       0.4056562138    -0.7063173224    -1.6564983004
    8      H       1.0670918467    -1.5342912223    -1.8750926215
    9      H      -0.4855476009    -0.9199439291    -1.0777603582
   10      C      -0.4057309157     1.6092485000    -2.0717323362
   11      H      -1.2524635248     1.3181245015    -1.4497101151
   12      H       0.1014425074     2.4538177108    -1.5923275155
   13      H      -0.7908227012     1.9806410137    -3.0259411060
   14      C       1.7366214026     0.7611749394    -3.1489350470
   15      H       1.4254659225     1.0510791522    -4.1571380300
   16      H       2.3097025811     1.6011749269    -2.7423023319
   17      H       2.3993863039    -0.1004294800    -3.2123432226
   18      C       2.9767017762    -0.8588012149     0.1720143968
   19      S       4.1734517029    -0.6439596793     1.4699347477
   20      C       4.7828262380    -1.8097161090    -0.6875054472
   21      C       5.3377384979    -1.4362512687     0.5068990178
   22      H       5.3244344113    -2.3300980886    -1.4660609897
   23      H       6.3499664218    -1.5900398494     0.8426551919
   24      N       3.4911047198    -1.4991746512    -0.8840152857
 ----------------------------------------------------------------
 Nuclear Repulsion Energy =         667.34971273 hartrees
 There are       46 alpha and       44 beta electrons
 Requested basis set is def2-QZVPP
 There are 322 shells and 1030 basis functions

 Total QAlloc Memory Limit   8000 MB
 Mega-Array Size       188 MB
 MEM_STATIC part       192 MB

 A cutoff of  1.0D-09 yielded  33220 shell pairs
 There are    320662 function pairs (    470397 Cartesian)
 Smallest overlap matrix eigenvalue = 2.42E-05

 Q-Chem warning in module stvman/mkSTV.C, line 305:

 Overlap eigenvalue is smaller than square root of threshold
 Use THRESH >= 12 to get rid of this warning


 Scale SEOQF with 1.000000e-02/1.000000e-01/1.000000e-01

 Standard Electronic Orientation quadrupole field applied
 Nucleus-field energy     =    -0.0000000162 hartrees
 Guess from superposition of atomic densities
 Warning:  Energy on first SCF cycle will be non-variational
 SAD guess density has 90.000000 electrons

 -----------------------------------------------------------------------
  General SCF calculation program by
  Eric Jon Sundstrom, Paul Horn, Yuezhi Mao, Dmitri Zuev, Alec White,
  David Stuck, Shaama M.S., Shane Yost, Joonho Lee, David Small,
  Daniel Levine, Susi Lehtola, Hugh Burton, Evgeny Epifanovsky,
  Bang C. Huynh
 -----------------------------------------------------------------------
 Exchange:  OPTX      Correlation:  LYP
 Using SG-1 standard quadrature grid
 Dispersion:   Grimme D3
 using 32 threads for integral computing
 -------------------------------------------------------
 OpenMP Integral computing Module                
 Release: version 1.0, May 2013, Q-Chem Inc. Pittsburgh 
 -------------------------------------------------------
 A unrestricted SCF calculation will be
 performed using DIIS
 SCF converges when DIIS error is below 1.0e-05
 ---------------------------------------
  Cycle       Energy         DIIS error
 ---------------------------------------
    1    -805.4169915652      5.46e-03  
    2    -803.3514026982      8.38e-04  
    3    -801.8436487979      1.76e-03  
    4    -803.5849769136      5.64e-04  
    5    -803.7496786367      1.86e-04  
    6    -803.7606896782      1.10e-04  
    7    -803.7666248442      4.36e-05  
    8    -803.7675437479      2.23e-05  
    9    -803.7678317973      7.78e-06  Convergence criterion met
 ---------------------------------------
 SCF time:   CPU 2124.08s  wall 68.00s 
<S^2> =          2.023316468
 SCF   energy in the final basis set =     -803.7678317973
 Total energy in the final basis set =     -803.7678317973
 
 --------------------------------------------------------------
 
                    Orbital Energies (a.u.)
 --------------------------------------------------------------
 
 Alpha MOs
 -- Occupied --
-88.0650 -13.9899  -9.9537  -9.9283  -9.9277  -9.9268  -9.9126  -9.9117
 -9.8972  -9.8927  -9.8883  -7.7258  -5.7407  -5.7370  -5.7349  -0.8782
 -0.7420  -0.7274  -0.7218  -0.6603  -0.6286  -0.6171  -0.5783  -0.5227
 -0.4736  -0.4610  -0.4347  -0.4045  -0.3965  -0.3955  -0.3860  -0.3804
 -0.3718  -0.3596  -0.3556  -0.3397  -0.3242  -0.3173  -0.3156  -0.2971
 -0.2557  -0.2488  -0.2402  -0.2279  -0.1555  -0.1436
 -- Virtual --
 -0.0219  -0.0134  -0.0085  -0.0045   0.0137   0.0150   0.0240   0.0275
  0.0331   0.0420   0.0473   0.0513   0.0540   0.0688   0.0720   0.0776
  0.0875   0.0926   0.0944   0.1029   0.1045   0.1139   0.1151   0.1165
  0.1293   0.1346   0.1406   0.1502   0.1545   0.1684   0.1696   0.1777
  0.1925   0.1959   0.1998   0.2102   0.2219   0.2247   0.2271   0.2351
  0.2435   0.2491   0.2525   0.2567   0.2584   0.2659   0.2700   0.2827
  0.2876   0.2898   0.2944   0.2950   0.2971   0.3027   0.3122   0.3146
  0.3190   0.3247   0.3322   0.3351   0.3419   0.3455   0.3527   0.3538
  0.3621   0.3660   0.3739   0.3826   0.3940   0.4017   0.4137   0.4218
  0.4264   0.4271   0.4337   0.4455   0.4539   0.4640   0.4655   0.4779
  0.4825   0.4917   0.4981   0.5093   0.5173   0.5221   0.5296   0.5405
  0.5450   0.5537   0.5615   0.5716   0.5772   0.5852   0.5942   0.6049
  0.6223   0.6244   0.6300   0.6374   0.6551   0.6594   0.6620   0.6649
  0.6737   0.6834   0.6862   0.6917   0.6977   0.7064   0.7178   0.7242
  0.7299   0.7341   0.7461   0.7528   0.7543   0.7618   0.7683   0.7699
  0.7753   0.7817   0.7874   0.7911   0.7970   0.8018   0.8093   0.8169
  0.8207   0.8261   0.8307   0.8371   0.8398   0.8431   0.8493   0.8553
  0.8610   0.8688   0.8733   0.8860   0.8885   0.8922   0.9039   0.9096
  0.9106   0.9188   0.9288   0.9349   0.9439   0.9484   0.9519   0.9547
  0.9661   0.9761   0.9797   0.9823   0.9937   1.0013   1.0054   1.0065
  1.0223   1.0233   1.0295   1.0362   1.0398   1.0557   1.0601   1.0625
  1.0677   1.0726   1.0877   1.0916   1.0970   1.1081   1.1219   1.1258
  1.1330   1.1445   1.1484   1.1572   1.1638   1.1769   1.1815   1.1934
  1.2051   1.2078   1.2144   1.2377   1.2386   1.2457   1.2576   1.2722
  1.2735   1.2802   1.2862   1.2964   1.2986   1.3172   1.3227   1.3289
  1.3392   1.3467   1.3555   1.3650   1.3709   1.3882   1.4055   1.4189
  1.4275   1.4356   1.4508   1.4567   1.4664   1.4748   1.4827   1.4858
  1.4967   1.5150   1.5220   1.5328   1.5496   1.5564   1.5696   1.5766
  1.5868   1.6090   1.6152   1.6219   1.6358   1.6465   1.6814   1.6891
  1.7077   1.7250   1.7305   1.7416   1.7448   1.7576   1.7708   1.7748
  1.7810   1.7892   1.7972   1.8030   1.8151   1.8231   1.8254   1.8365
  1.8383   1.8461   1.8493   1.8542   1.8700   1.8789   1.8830   1.8840
  1.8938   1.9043   1.9169   1.9224   1.9249   1.9359   1.9377   1.9445
  1.9559   1.9607   1.9700   1.9709   1.9843   1.9985   2.0069   2.0134
  2.0175   2.0250   2.0284   2.0360   2.0389   2.0504   2.0566   2.0631
  2.0738   2.0832   2.0842   2.0952   2.1016   2.1100   2.1116   2.1204
  2.1246   2.1321   2.1431   2.1449   2.1530   2.1567   2.1609   2.1729
  2.1776   2.1863   2.1925   2.1931   2.2034   2.2083   2.2166   2.2282
  2.2323   2.2420   2.2475   2.2665   2.2735   2.2823   2.2862   2.2962
  2.3076   2.3132   2.3187   2.3268   2.3368   2.3471   2.3532   2.3663
  2.3771   2.3941   2.3980   2.4059   2.4085   2.4172   2.4304   2.4395
  2.4436   2.4505   2.4521   2.4592   2.4742   2.4794   2.4979   2.5062
  2.5105   2.5150   2.5279   2.5303   2.5450   2.5497   2.5520   2.5594
  2.5649   2.5690   2.5779   2.5829   2.5884   2.5901   2.5958   2.6003
  2.6117   2.6213   2.6247   2.6429   2.6540   2.6587   2.6676   2.6777
  2.6857   2.6912   2.7057   2.7125   2.7189   2.7287   2.7299   2.7405
  2.7478   2.7485   2.7550   2.7723   2.7815   2.7856   2.7957   2.8005
  2.8063   2.8194   2.8280   2.8422   2.8453   2.8563   2.8593   2.8666
  2.8750   2.8872   2.8945   2.9106   2.9126   2.9291   2.9359   2.9414
  2.9473   2.9486   2.9635   2.9716   2.9882   3.0007   3.0120   3.0320
  3.0363   3.0470   3.0610   3.0684   3.0788   3.0885   3.1002   3.1027
  3.1200   3.1248   3.1482   3.1584   3.1643   3.1686   3.1777   3.1873
  3.1953   3.2007   3.2032   3.2178   3.2240   3.2272   3.2527   3.2586
  3.2674   3.2695   3.2764   3.2817   3.2851   3.2974   3.3050   3.3109
  3.3213   3.3342   3.3443   3.3533   3.3678   3.3725   3.3800   3.3903
  3.3997   3.4193   3.4266   3.4380   3.4471   3.4495   3.4587   3.4643
  3.4667   3.4830   3.4970   3.5032   3.5135   3.5309   3.5368   3.5585
  3.5617   3.5685   3.5844   3.5942   3.6090   3.6390   3.6447   3.6649
  3.6759   3.6923   3.7040   3.7164   3.7274   3.7407   3.7600   3.7678
  3.7754   3.7892   3.7953   3.8061   3.8158   3.8207   3.8285   3.8394
  3.8442   3.8550   3.8669   3.8718   3.8952   3.9106   3.9283   3.9435
  3.9679   3.9888   4.0059   4.0295   4.0363   4.0586   4.0704   4.0981
  4.1147   4.1375   4.1595   4.1736   4.1826   4.1906   4.2337   4.2625
  4.3019   4.3075   4.3194   4.3572   4.3684   4.4202   4.4300   4.4437
  4.5839   4.6130   4.6750   4.6830   4.7450   4.7735   4.8084   4.8252
  4.8368   4.8554   4.8765   4.8973   4.9083   4.9439   4.9533   4.9786
  4.9936   5.0416   5.0474   5.0620   5.0684   5.0930   5.1031   5.1070
  5.1212   5.1367   5.1450   5.1635   5.1714   5.1735   5.2404   5.2714
  5.2791   5.3083   5.3205   5.3264   5.3334   5.3410   5.3528   5.3699
  5.3780   5.3921   5.3973   5.3985   5.4232   5.4434   5.4492   5.4590
  5.4690   5.4873   5.5115   5.5276   5.5448   5.5469   5.5637   5.5813
  5.5853   5.6053   5.6294   5.6466   5.6601   5.6668   5.6726   5.7011
  5.7052   5.7149   5.7323   5.7385   5.7430   5.7500   5.7630   5.7737
  5.7764   5.7864   5.7950   5.7978   5.8084   5.8220   5.8304   5.8337
  5.8417   5.8546   5.8564   5.8615   5.8721   5.8758   5.8777   5.8821
  5.8864   5.8951   5.9059   5.9134   5.9180   5.9252   5.9374   5.9438
  5.9523   5.9584   5.9659   5.9947   5.9957   6.0045   6.0123   6.0334
  6.0376   6.0444   6.0500   6.0594   6.0624   6.0834   6.0860   6.0921
  6.1018   6.1079   6.1150   6.1245   6.1370   6.1488   6.1522   6.1621
  6.1737   6.1786   6.1865   6.1937   6.2100   6.2208   6.2302   6.2392
  6.2429   6.2472   6.2576   6.2609   6.2697   6.2747   6.2868   6.2938
  6.3146   6.3200   6.3290   6.3370   6.3440   6.3464   6.3582   6.3681
  6.3727   6.3836   6.3897   6.4082   6.4112   6.4258   6.4309   6.4573
  6.4644   6.4708   6.4789   6.4888   6.5028   6.5181   6.5219   6.5308
  6.5415   6.5452   6.5586   6.5638   6.5847   6.5907   6.5966   6.6066
  6.6249   6.6502   6.6675   6.6730   6.6830   6.6884   6.6931   6.6973
  6.7232   6.7239   6.7445   6.7734   6.7861   6.7890   6.7950   6.7955
  6.8172   6.8321   6.8433   6.8557   6.8783   6.8840   6.9026   6.9225
  6.9394   6.9575   6.9931   6.9969   7.0032   7.0250   7.0409   7.0466
  7.0580   7.0652   7.0711   7.0951   7.1016   7.1148   7.1670   7.1762
  7.1899   7.2200   7.2303   7.2488   7.2665   7.2833   7.2901   7.3291
  7.3344   7.3512   7.3603   7.3789   7.3808   7.3865   7.3944   7.4019
  7.4078   7.4185   7.4281   7.4299   7.4398   7.4596   7.4737   7.4832
  7.4927   7.5076   7.5138   7.5317   7.5380   7.5433   7.5498   7.5746
  7.5793   7.5815   7.5898   7.6024   7.6096   7.6163   7.6273   7.6293
  7.6396   7.6549   7.6594   7.6672   7.6759   7.6769   7.6898   7.7056
  7.7083   7.7194   7.7226   7.7442   7.7488   7.7760   7.7905   7.7923
  7.8035   7.8089   7.8230   7.8379   7.8422   7.8546   7.8565   7.8694
  7.8834   7.8953   7.9169   7.9394   7.9500   7.9526   7.9673   7.9736
  7.9914   8.0016   8.0256   8.0334   8.0405   8.0466   8.0714   8.0766
  8.1070   8.1334   8.1501   8.1561   8.1731   8.1869   8.2169   8.2359
  8.2481   8.2557   8.2608   8.2642   8.2726   8.2796   8.2893   8.2907
  8.2983   8.3117   8.3135   8.3249   8.3309   8.3362   8.3435   8.3460
  8.3513   8.3579   8.3728   8.3781   8.3881   8.4098   8.4109   8.4206
  8.4247   8.4322   8.4433   8.4515   8.4612   8.4809   8.4974   8.5005
  8.5220   8.5290   8.5460   8.5545   8.5663   8.5903   8.5948   8.6083
  8.6150   8.6344   8.6434   8.6549   8.6611   8.6844   8.6967   8.7304
  8.7429   8.7491   8.7567   8.7896   8.7991   8.8049   8.8221   8.8419
  8.8439   8.8458   8.8626   8.8669   8.8962   8.9088   8.9377   8.9454
  8.9682   8.9725   8.9821   8.9877   9.0396   9.0576   9.0583   9.0773
  9.1053   9.1218   9.1369   9.1656   9.2230   9.2547   9.2892   9.3810
  9.3906   9.4493   9.4651   9.5818   9.5961   9.6006   9.6084   9.6376
  9.6454   9.6551   9.6629   9.6772   9.6840   9.7099   9.7355   9.7491
  9.7769   9.7875   9.7999   9.8044   9.8134   9.8294   9.8416   9.8504
  9.8575   9.9155   9.9241   9.9337   9.9528   9.9809   9.9880  10.0261
 10.0786  10.0852  10.0937  10.1462  10.1619  10.1993  10.2084  10.2280
 10.2473  10.3096  10.3503  10.3656  10.3824  10.4062  10.4733  10.5377
 10.5579  10.6009  10.6851  10.7671  10.8494  11.0009  11.4747  11.7291
 11.7669  11.8288  11.8904  11.9178  11.9819  12.0470  12.1517  12.1930
 12.3733  12.8185  13.0170  13.1801  13.1902  13.3080  24.5906  27.7970
 28.0851  28.1995  28.3987  28.5469  28.7980  28.8066  28.8577  28.9032
 28.9278  28.9341  28.9714  37.4660  83.8302 146.6645 146.9290 147.0748
147.3947 147.6452 147.6763 147.7262 147.7979 147.8353 196.5399 450.5142
 
 Beta MOs
 -- Occupied --
-88.0639 -13.9867  -9.9547  -9.9286  -9.9258  -9.9147  -9.9120  -9.9096
 -9.8974  -9.8930  -9.8885  -7.7250  -5.7395  -5.7360  -5.7328  -0.8721
 -0.7346  -0.7165  -0.7070  -0.6557  -0.6276  -0.6160  -0.5631  -0.5175
 -0.4681  -0.4542  -0.4237  -0.4027  -0.3937  -0.3876  -0.3783  -0.3730
 -0.3642  -0.3522  -0.3488  -0.3380  -0.3235  -0.3152  -0.3114  -0.2951
 -0.2399  -0.2304  -0.2257  -0.2214
 -- Virtual --
 -0.1069  -0.0958  -0.0128  -0.0075  -0.0040   0.0036   0.0137   0.0170
  0.0275   0.0334   0.0379   0.0449   0.0493   0.0525   0.0548   0.0693
  0.0729   0.0781   0.0891   0.0951   0.0960   0.1035   0.1070   0.1148
  0.1160   0.1180   0.1301   0.1382   0.1416   0.1516   0.1564   0.1692
  0.1717   0.1794   0.1937   0.1972   0.2023   0.2129   0.2256   0.2274
  0.2292   0.2387   0.2470   0.2542   0.2575   0.2593   0.2617   0.2669
  0.2737   0.2869   0.2902   0.2930   0.2971   0.2975   0.2997   0.3051
  0.3154   0.3157   0.3210   0.3281   0.3339   0.3385   0.3439   0.3485
  0.3556   0.3566   0.3666   0.3684   0.3765   0.3854   0.3990   0.4056
  0.4169   0.4254   0.4291   0.4303   0.4394   0.4480   0.4558   0.4670
  0.4703   0.4811   0.4853   0.4940   0.5014   0.5117   0.5223   0.5257
  0.5320   0.5415   0.5486   0.5588   0.5659   0.5738   0.5823   0.5888
  0.5988   0.6100   0.6240   0.6263   0.6355   0.6401   0.6611   0.6626
  0.6680   0.6695   0.6765   0.6854   0.6898   0.6953   0.7024   0.7120
  0.7227   0.7273   0.7332   0.7382   0.7492   0.7557   0.7569   0.7649
  0.7722   0.7732   0.7781   0.7838   0.7915   0.7937   0.8002   0.8052
  0.8119   0.8202   0.8242   0.8288   0.8344   0.8418   0.8433   0.8502
  0.8521   0.8615   0.8643   0.8713   0.8775   0.8903   0.8944   0.8986
  0.9077   0.9148   0.9159   0.9218   0.9349   0.9385   0.9475   0.9524
  0.9558   0.9597   0.9717   0.9805   0.9839   0.9875   0.9976   1.0076
  1.0092   1.0106   1.0266   1.0288   1.0335   1.0410   1.0435   1.0605
  1.0644   1.0662   1.0748   1.0752   1.0910   1.0964   1.1017   1.1103
  1.1263   1.1303   1.1379   1.1485   1.1547   1.1601   1.1680   1.1811
  1.1859   1.1975   1.2099   1.2140   1.2194   1.2411   1.2430   1.2486
  1.2630   1.2765   1.2784   1.2836   1.2941   1.2998   1.3045   1.3212
  1.3270   1.3335   1.3430   1.3513   1.3623   1.3697   1.3748   1.3931
  1.4086   1.4234   1.4321   1.4388   1.4561   1.4604   1.4704   1.4810
  1.4870   1.4898   1.5026   1.5208   1.5268   1.5368   1.5548   1.5591
  1.5777   1.5806   1.5916   1.6131   1.6194   1.6280   1.6390   1.6500
  1.6882   1.6996   1.7138   1.7287   1.7354   1.7456   1.7491   1.7642
  1.7741   1.7790   1.7866   1.7942   1.8038   1.8078   1.8206   1.8268
  1.8313   1.8422   1.8456   1.8531   1.8548   1.8612   1.8735   1.8836
  1.8866   1.8891   1.8982   1.9097   1.9211   1.9281   1.9295   1.9399
  1.9440   1.9503   1.9617   1.9642   1.9740   1.9753   1.9925   2.0037
  2.0116   2.0197   2.0244   2.0305   2.0361   2.0403   2.0441   2.0574
  2.0616   2.0703   2.0771   2.0870   2.0915   2.1005   2.1056   2.1149
  2.1162   2.1266   2.1318   2.1390   2.1468   2.1493   2.1572   2.1627
  2.1659   2.1789   2.1832   2.1943   2.1967   2.2015   2.2102   2.2141
  2.2247   2.2340   2.2372   2.2471   2.2553   2.2733   2.2792   2.2867
  2.2973   2.3021   2.3133   2.3189   2.3238   2.3355   2.3425   2.3548
  2.3650   2.3719   2.3848   2.4010   2.4057   2.4143   2.4165   2.4223
  2.4359   2.4469   2.4508   2.4583   2.4591   2.4644   2.4805   2.4881
  2.5043   2.5109   2.5168   2.5190   2.5329   2.5388   2.5504   2.5549
  2.5577   2.5661   2.5685   2.5742   2.5834   2.5877   2.5953   2.5969
  2.6038   2.6072   2.6167   2.6280   2.6332   2.6477   2.6608   2.6658
  2.6749   2.6828   2.6909   2.6978   2.7127   2.7188   2.7255   2.7342
  2.7359   2.7446   2.7521   2.7546   2.7620   2.7799   2.7900   2.7916
  2.8012   2.8058   2.8122   2.8263   2.8353   2.8476   2.8520   2.8630
  2.8679   2.8709   2.8804   2.8953   2.9014   2.9172   2.9189   2.9335
  2.9429   2.9500   2.9526   2.9565   2.9712   2.9764   2.9966   3.0068
  3.0216   3.0389   3.0448   3.0561   3.0664   3.0781   3.0853   3.0951
  3.1086   3.1103   3.1258   3.1304   3.1551   3.1654   3.1705   3.1743
  3.1814   3.1942   3.2031   3.2080   3.2100   3.2236   3.2316   3.2353
  3.2594   3.2660   3.2745   3.2786   3.2829   3.2864   3.2899   3.3042
  3.3108   3.3171   3.3301   3.3398   3.3504   3.3575   3.3730   3.3777
  3.3880   3.3965   3.4071   3.4308   3.4359   3.4436   3.4529   3.4554
  3.4643   3.4695   3.4723   3.4890   3.5047   3.5108   3.5177   3.5353
  3.5420   3.5624   3.5660   3.5781   3.5919   3.5989   3.6172   3.6466
  3.6506   3.6700   3.6837   3.7009   3.7093   3.7230   3.7344   3.7452
  3.7643   3.7718   3.7825   3.7949   3.8043   3.8141   3.8191   3.8264
  3.8340   3.8425   3.8477   3.8585   3.8724   3.8803   3.9015   3.9140
  3.9337   3.9491   3.9779   3.9954   4.0115   4.0347   4.0416   4.0678
  4.0770   4.1081   4.1210   4.1446   4.1642   4.1775   4.1892   4.1955
  4.2374   4.2691   4.3160   4.3207   4.3256   4.3603   4.3752   4.4231
  4.4361   4.4494   4.5918   4.6263   4.6811   4.6918   4.7513   4.7779
  4.8251   4.8444   4.8501   4.8696   4.8819   4.9039   4.9387   4.9586
  4.9715   4.9952   5.0072   5.0496   5.0545   5.0746   5.0768   5.1093
  5.1167   5.1216   5.1353   5.1489   5.1571   5.1710   5.1816   5.1866
  5.2536   5.2775   5.2882   5.3107   5.3251   5.3308   5.3399   5.3458
  5.3594   5.3745   5.3904   5.3946   5.4024   5.4084   5.4317   5.4480
  5.4544   5.4654   5.4802   5.4968   5.5204   5.5340   5.5515   5.5572
  5.5711   5.5929   5.5951   5.6116   5.6330   5.6535   5.6675   5.6745
  5.6762   5.7037   5.7115   5.7214   5.7374   5.7446   5.7487   5.7559
  5.7690   5.7779   5.7840   5.7963   5.8026   5.8162   5.8198   5.8290
  5.8373   5.8401   5.8490   5.8622   5.8660   5.8684   5.8758   5.8812
  5.8847   5.8875   5.8960   5.9001   5.9157   5.9198   5.9294   5.9342
  5.9496   5.9558   5.9592   5.9745   5.9830   6.0009   6.0060   6.0140
  6.0277   6.0404   6.0450   6.0480   6.0571   6.0676   6.0727   6.0925
  6.0978   6.1005   6.1086   6.1136   6.1219   6.1372   6.1454   6.1558
  6.1605   6.1691   6.1806   6.1856   6.1927   6.2004   6.2178   6.2290
  6.2391   6.2488   6.2517   6.2551   6.2661   6.2741   6.2764   6.2794
  6.2929   6.3032   6.3245   6.3319   6.3364   6.3444   6.3553   6.3564
  6.3708   6.3761   6.3793   6.3938   6.4022   6.4151   6.4224   6.4384
  6.4425   6.4679   6.4743   6.4770   6.4903   6.4999   6.5176   6.5273
  6.5324   6.5424   6.5481   6.5555   6.5632   6.5725   6.5954   6.6039
  6.6085   6.6200   6.6302   6.6699   6.6786   6.6851   6.6932   6.6953
  6.6995   6.7164   6.7284   6.7382   6.7475   6.7835   6.7927   6.7945
  6.8072   6.8107   6.8326   6.8400   6.8565   6.8719   6.8917   6.9043
  6.9185   6.9326   6.9440   6.9624   6.9980   7.0099   7.0148   7.0370
  7.0482   7.0546   7.0626   7.0698   7.0775   7.0991   7.1151   7.1251
  7.1753   7.1901   7.2029   7.2271   7.2368   7.2558   7.2689   7.2870
  7.2960   7.3351   7.3425   7.3582   7.3646   7.3843   7.3893   7.3908
  7.4024   7.4072   7.4132   7.4242   7.4316   7.4367   7.4450   7.4686
  7.4775   7.4886   7.5015   7.5145   7.5197   7.5354   7.5447   7.5475
  7.5612   7.5819   7.5829   7.5880   7.5961   7.6078   7.6168   7.6202
  7.6309   7.6324   7.6465   7.6606   7.6662   7.6747   7.6808   7.6845
  7.6947   7.7092   7.7156   7.7246   7.7279   7.7496   7.7522   7.7804
  7.7946   7.7978   7.8106   7.8155   7.8287   7.8451   7.8495   7.8602
  7.8631   7.8779   7.8896   7.9009   7.9234   7.9457   7.9563   7.9582
  7.9780   7.9804   7.9997   8.0060   8.0290   8.0363   8.0436   8.0529
  8.0761   8.0805   8.1093   8.1374   8.1578   8.1601   8.1758   8.1957
  8.2277   8.2393   8.2506   8.2609   8.2671   8.2692   8.2757   8.2828
  8.2935   8.2966   8.3016   8.3151   8.3176   8.3289   8.3345   8.3399
  8.3487   8.3500   8.3564   8.3639   8.3774   8.3855   8.3926   8.4163
  8.4183   8.4256   8.4306   8.4375   8.4524   8.4561   8.4706   8.4912
  8.5040   8.5053   8.5357   8.5367   8.5494   8.5647   8.5756   8.5952
  8.6057   8.6123   8.6223   8.6385   8.6480   8.6605   8.6676   8.6895
  8.7053   8.7361   8.7481   8.7585   8.7646   8.7968   8.8036   8.8122
  8.8282   8.8462   8.8481   8.8516   8.8683   8.8730   8.9004   8.9120
  8.9470   8.9502   8.9739   8.9787   8.9929   8.9965   9.0515   9.0639
  9.0698   9.0860   9.1091   9.1386   9.1394   9.1796   9.2303   9.2729
  9.2936   9.3842   9.3942   9.4537   9.4684   9.5895   9.6018   9.6093
  9.6144   9.6407   9.6542   9.6597   9.6651   9.6818   9.6870   9.7117
  9.7398   9.7574   9.7786   9.7940   9.8033   9.8097   9.8167   9.8391
  9.8445   9.8554   9.8614   9.9171   9.9268   9.9363   9.9625   9.9836
  9.9987  10.0288  10.0837  10.0905  10.0960  10.1493  10.1672  10.2055
 10.2135  10.2304  10.2484  10.3129  10.3591  10.3671  10.3882  10.4078
 10.4940  10.5392  10.5643  10.6186  10.6969  10.7687  10.8539  11.0030
 11.4951  11.7346  11.7730  11.8319  11.8931  11.9236  11.9849  12.0507
 12.1524  12.1949  12.3765  12.8200  13.0179  13.1853  13.1924  13.3094
 24.5945  27.8179  28.0913  28.2088  28.4029  28.5655  28.8002  28.8074
 28.8582  28.9056  28.9292  28.9346  28.9720  37.4738  83.8330 146.6684
146.9298 147.0756 147.3981 147.6454 147.6765 147.7262 147.7978 147.8354
196.5415 450.5153
 --------------------------------------------------------------
 
          Ground-State Mulliken Net Atomic Charges

     Atom                 Charge (a.u.)    Spin (a.u.)
  --------------------------------------------------------
      1 C                     0.192767       1.202198
      2 C                    -0.131667      -0.022819
      3 H                     0.013258       0.024720
      4 H                     0.049516       0.033452
      5 H                     0.052092       0.025827
      6 C                     0.312221       0.318887
      7 C                    -0.220170      -0.103301
      8 H                     0.043065       0.008169
      9 H                     0.031760       0.000207
     10 C                    -0.123442      -0.013253
     11 H                     0.015159       0.001110
     12 H                     0.021699       0.015592
     13 H                     0.028171       0.010709
     14 C                    -0.133576      -0.013049
     15 H                     0.019750       0.008810
     16 H                     0.012737       0.014249
     17 H                     0.057264       0.001656
     18 C                     0.063234      -0.115635
     19 S                    -0.136411       0.200231
     20 C                     0.088697      -0.045521
     21 C                     0.038612       0.228882
     22 H                     0.019365      -0.001389
     23 H                     0.006195      -0.007514
     24 N                    -0.320296       0.227780
  --------------------------------------------------------
  Sum of atomic charges =     0.000000
  Sum of spin   charges =     2.000000

 -----------------------------------------------------------------
                    Cartesian Multipole Moments
 -----------------------------------------------------------------
    Charge (ESU x 10^10)
                 0.0000
    Dipole Moment (Debye)
         X      -0.4336      Y       1.1136      Z       0.4053
       Tot       1.2619
    Quadrupole Moments (Debye-Ang)
        XX     -69.6204     XY      -1.1471     YY     -75.7787
        XZ       0.1961     YZ      -1.4727     ZZ     -74.4680
    Octopole Moments (Debye-Ang^2)
       XXX    -475.2195    XXY      -0.1700    XYY    -179.8517
       YYY      78.5681    XXZ      38.2595    XYZ       2.2131
       YYZ      33.6421    XZZ    -180.8310    YZZ      30.3410
       ZZZ     104.3210
    Hexadecapole Moments (Debye-Ang^3)
      XXXX   -3782.9529   XXXY     320.5816   XXYY    -800.1880
      XYYY     535.5619   YYYY    -661.2748   XXXZ     -52.7973
      XXYZ      52.9022   XYYZ     -39.3571   YYYZ     126.9470
      XXZZ    -946.9291   XYZZ     171.4741   YYZZ    -332.9720
      XZZZ     -87.0542   YZZZ     108.3418   ZZZZ   -1347.1084
 -----------------------------------------------------------------
 Total job time:  72.61s(wall), 2169.43s(cpu) 
 Fri Aug  2 08:49:35 2024

        *************************************************************
        *                                                           *
        *  Thank you very much for using Q-Chem.  Have a nice day.  *
        *                                                           *
        *************************************************************


