
Running Job 1 of 2 dicyanoethene-singlet-wb97xd-OLYP-readSCF.in
qchem dicyanoethene-singlet-wb97xd-OLYP-readSCF.in_742083.0 /expanse/lustre/scratch/whughes/temp_project/job_36180511/dicyanoethene-singlet-wb97xd-OLYP-readSCF-36180511/ 0
/cm/shared/apps/spack/0.17.3/cpu/b/opt/spack/linux-rocky8-zen2/gcc-10.2.0/qchem-6.0-rytxnwjazd34ekd2gqyi5ufsaimxsd3r/exe/qcprog.exe_s dicyanoethene-singlet-wb97xd-OLYP-readSCF.in_742083.0 /expanse/lustre/scratch/whughes/temp_project/job_36180511/dicyanoethene-singlet-wb97xd-OLYP-readSCF-36180511/
                  Welcome to Q-Chem
     A Quantum Leap Into The Future Of Chemistry


 Q-Chem 6.0, Q-Chem, Inc., Pleasanton, CA (2022)

 License issued to: University of California, San Diego (site)

 E. Epifanovsky,  A. T. B. Gilbert,  Xintian Feng,  Joonho Lee,  Yuezhi Mao,  
 N. Mardirossian,  P. Pokhilko,  A. White,  M. Wormit,  M. P. Coons,  
 A. L. Dempwolff,  Zhengting Gan,  D. Hait,  P. R. Horn,  L. D. Jacobson,  
 I. Kaliman,  J. Kussmann,  A. W. Lange,  Ka Un Lao,  D. S. Levine,  Jie Liu,  
 S. C. McKenzie,  A. F. Morrison,  K. Nanda,  F. Plasser,  D. R. Rehn,  
 M. L. Vidal,  Zhi-Qiang You,  Ying Zhu,  B. Alam,  B. Albrecht,  
 A. Aldossary,  E. Alguire,  J. H. Andersen,  V. Athavale,  D. Barton,  
 K. Begam,  A. Behn,  N. Bellonzi,  Y. A. Bernard,  E. J. Berquist,  
 H. Burton,  A. Carreras,  K. Carter-Fenk,  Romit Chakraborty,  
 Chandrima Chakravarty,  Junhan Chen,  A. D. Chien,  K. D. Closser,  
 V. Cofer-Shabica,  L. Cunha,  S. Dasgupta,  Jia Deng,  M. de Wergifosse,  
 M. Diedenhofen,  Hainam Do,  S. Ehlert,  Po-Tung Fang,  S. Fatehi,  
 Qingguo Feng,  T. Friedhoff,  B. Ganoe,  J. Gayvert,  Qinghui Ge,  
 G. Gidofalvi,  M. Goldey,  J. Gomes,  C. Gonzalez-Espinoza,  S. Gulania,  
 A. Gunina,  J. A. Gyamfi,  M. W. D. Hanson-Heine,  P. H. P. Harbach,  
 A. W. Hauser,  M. F. Herbst,  M. Hernandez Vera,  M. Hodecker,  
 Z. C. Holden,  S. Houck,  Xunkun Huang,  Kerwin Hui,  B. C. Huynh,  
 K. Ikeda,  M. Ivanov,  Hyunjun Ji,  Zuxin Jin,  Hanjie Jiang,  B. Kaduk,  
 S. Kaehler,  R. Kang,  K. Khistyaev,  Jaehoon Kim,  Yongbin Kim,  
 P. Klunzinger,  Z. Koczor-Benda,  Joong Hoon Koh,  D. Kosenkov,  
 Saikiran Kotaru,  L. Koulias,  T. Kowalczyk,  C. M. Krauter,  K. Kue,  
 A. Kunitsa,  T. Kus,  A. Landau,  K. V. Lawler,  D. Lefrancois,  S. Lehtola,  
 Rain Li,  Shaozhi Li,  Yi-Pei Li,  Jiashu Liang,  M. Liebenthal,  
 Hung-Hsuan Lin,  You-Sheng Lin,  Fenglai Liu,  Kuan-Yu Liu,  
 M. Loipersberger,  A. Luenser,  C. Malbon,  A. Manjanath,  P. Manohar,  
 E. Mansoor,  S. F. Manzer,  Shan-Ping Mao,  A. V. Marenich,  T. Markovich,  
 S. Mason,  F. Matz,  S. A. Maurer,  P. F. McLaughlin,  M. F. S. J. Menger,  
 J.-M. Mewes,  S. A. Mewes,  P. Morgante,  Mohammad Mostafanejad,  
 J. W. Mullinax,  K. J. Oosterbaan,  G. Paran,  V. Parravicini,  
 Alexander C. Paul,  Suranjan K. Paul,  F. Pavosevic,  Zheng Pei,  S. Prager,  
 E. I. Proynov,  E. Ramos,  B. Rana,  A. E. Rask,  A. Rettig,  R. M. Richard,  
 F. Rob,  E. Rossomme,  T. Scheele,  M. Scheurer,  M. Schneider,  
 P. E. Schneider,  N. Sergueev,  S. M. Sharada,  Hengyuan Shen,  
 W. Skomorowski,  D. W. Small,  C. J. Stein,  Yingli Su,  Yu-Chuan Su,  
 E. J. Sundstrom,  Zhen Tao,  J. Thirman,  Hung-Yi Tsai,  T. Tsuchimochi,  
 N. M. Tubman,  C. Utku,  S. P. Veccham,  O. Vydrov,  J. Wenzel,  
 Jonathan Wong,  J. Witte,  A. Yamada,  Chou-Hsun Yang,  Kun Yao,  
 S. Yeganeh,  S. R. Yost,  A. Zech,  F. Zeller,  Igor Ying Zhang,  
 Xing Zhang,  Yu Zhang,  D. Zuev,  A. Aspuru-Guzik,  A. T. Bell,  
 N. A. Besley,  K. B. Bravaya,  B. R. Brooks,  D. Casanova,  Jeng-Da Chai,  
 Hsing-Ta Chen,  S. Coriani,  C. J. Cramer,  A. E. DePrince, III,  
 R. A. DiStasio Jr.,  A. Dreuw,  B. D. Dunietz,  T. R. Furlani,  
 W. A. Goddard III,  S. Grimme,  S. Hammes-Schiffer,  T. Head-Gordon,  
 W. J. Hehre,  Chao-Ping Hsu,  T.-C. Jagau,  Yousung Jung,  A. Klamt,  
 Jing Kong,  D. S. Lambrecht,  Xiangyuan Li,  WanZhen Liang,  N. J. Mayhall,  
 C. W. McCurdy,  J. B. Neaton,  T. Neudecker,  C. Ochsenfeld,  
 J. A. Parkhill,  R. Peverati,  V. A. Rassolov,  Haisheng Ren,  Yihan Shao,  
 L. V. Slipchenko,  R. P. Steele,  J. E. Subotnik,  A. J. W. Thom,  
 A. Tkatchenko,  D. G. Truhlar,  T. Van Voorhis,  Fan Wang,  
 T. A. Wesolowski,  K. B. Whaley,  H. L. Woodcock III,  P. M. Zimmerman,  
 S. Faraji,  P. M. W. Gill,  M. Head-Gordon,  J. M. Herbert,  A. I. Krylov

 Contributors to earlier versions of Q-Chem not listed above: 
 R. D. Adamson,  B. Austin,  R. Baer,  J. Baker,  G. J. O. Beran,  
 K. Brandhorst,  S. T. Brown,  E. F. C. Byrd,  Arup K. Chakraborty,  
 G. K. L. Chan,  Chun-Min Chang,  Yunqing Chen,  C.-L. Cheng,  
 Siu Hung Chien,  D. M. Chipman,  D. L. Crittenden,  H. Dachsel,  
 R. J. Doerksen,  A. D. Dutoi,  R. G. Edgar,  J. Fosso-Tande,  
 L. Fusti-Molnar,  D. Ghosh,  A. Ghysels,  A. Golubeva-Zadorozhnaya,  
 J. Gonthier,  M. S. Gordon,  S. R. Gwaltney,  G. Hawkins,  J. E. Herr,  
 A. Heyden,  S. Hirata,  E. G. Hohenstein,  G. Kedziora,  F. J. Keil,  
 C. Kelley,  Jihan Kim,  R. A. King,  R. Z. Khaliullin,  P. P. Korambath,  
 W. Kurlancheek,  A. Laurent,  A. M. Lee,  M. S. Lee,  S. V. Levchenko,  
 Ching Yeh Lin,  D. Liotard,  E. Livshits,  R. C. Lochan,  I. Lotan,  
 L. A. Martinez-Martinez,  P. E. Maslen,  N. Nair,  D. P. O'Neill,  
 D. Neuhauser,  E. Neuscamman,  C. M. Oana,  R. Olivares-Amaya,  R. Olson,  
 T. M. Perrine,  B. Peters,  P. A. Pieniazek,  A. Prociuk,  Y. M. Rhee,  
 J. Ritchie,  M. A. Rohrdanz,  E. Rosta,  N. J. Russ,  H. F. Schaefer III,  
 M. W. Schmidt,  N. E. Schultz,  S. Sharma,  N. Shenvi,  C. D. Sherrill,  
 A. C. Simmonett,  A. Sodt,  T. Stein,  D. Stuck,  K. S. Thanthiriwatte,  
 V. Vanovschi,  L. Vogt,  Tao Wang,  A. Warshel,  M. A. Watson,  
 C. F. Williams,  Q. Wu,  X. Xu,  Jun Yang,  W. Zhang,  Yan Zhao

   Please cite Q-Chem as follows:
  "Software for the frontiers of quantum chemistry:
   An overview of developments in the Q-Chem 5 package"
   J. Chem. Phys. 155, 084801 (2021)
   https://doi.org/10.1063/5.0055522 (open access)

 Q-Chem 6.0.2 for Intel X86 EM64T Linux

 Parts of Q-Chem use Armadillo 9.900.5 (Nocturnal Misbehaviour).
 http://arma.sourceforge.net/

 Q-Chem begins on Mon Jan  6 16:18:36 2025  

 Host: 
0

     Scratch files written to /expanse/lustre/scratch/whughes/temp_project/job_36180511/dicyanoethene-singlet-wb97xd-OLYP-readSCF-36180511//
 Dec722 |scratch|qcdevops|jenkins|workspace|build_RNUM    
 Processing $rem in /cm/shared/apps/spack/0.17.3/cpu/b/opt/spack/linux-rocky8-zen2/gcc-10.2.0/qchem-6.0-rytxnwjazd34ekd2gqyi5ufsaimxsd3r/config/preferences:
 Processing $rem in /home/whughes/.qchemrc:

 Checking the input file for inconsistencies... 	...done.

--------------------------------------------------------------
User input:
--------------------------------------------------------------
$molecule
0 1
C    0.2234783918    -0.686029204    -0.5214698693
C    -0.7903598325   -0.3157902206   0.2609553605
C    1.3960658973    0.0972665501    -0.7268531346
N    2.3529656139    0.7038731243    -0.9133744419
C    -0.8266328268   0.9089339293    0.9885650065
N    -0.886908773    1.8869313284    1.5871704277
H    0.1825733039    -1.6324119472   -1.0451062154
H    -1.6511807747   -0.9627745603   0.3701138665
$end

$rem
METHOD      wB97X
BASIS       def2-QZVPP
SYM_IGNORE   TRUE
DFT_D       D4
MAX_SCF_CYCLES 300
$end

--------------------------------------------------------------
 Adding empirical dispersion correction 
 ----------------------------------------------------------------
 Doing -D4(0) with WB97X parameters:
 s6  =   1.00000
 s8  =   -0.07520
 s10 =   0.00000
 s9 =   1.00000
 a1  =   0.45095
 a2  =   6.78425
 -D4 energy including 3body term = -0.0008219074 hartrees
 ----------------------------------------------------------------
             Standard Nuclear Orientation (Angstroms)
    I     Atom           X                Y                Z
 ----------------------------------------------------------------
    1      C       0.2234783918    -0.6860292040    -0.5214698693
    2      C      -0.7903598325    -0.3157902206     0.2609553605
    3      C       1.3960658973     0.0972665501    -0.7268531346
    4      N       2.3529656139     0.7038731243    -0.9133744419
    5      C      -0.8266328268     0.9089339293     0.9885650065
    6      N      -0.8869087730     1.8869313284     1.5871704277
    7      H       0.1825733039    -1.6324119472    -1.0451062154
    8      H      -1.6511807747    -0.9627745603     0.3701138665
 ----------------------------------------------------------------
 Nuclear Repulsion Energy =         167.83705415 hartrees
 There are       20 alpha and       20 beta electrons
 Requested basis set is def2-QZVPP
 There are 122 shells and 402 basis functions

 Total QAlloc Memory Limit   8000 MB
 Mega-Array Size       188 MB
 MEM_STATIC part       192 MB


                       Distance Matrix (Angstroms)
             C (  1)   C (  2)   C (  3)   N (  4)   C (  5)   N (  6)
   C (  2)  1.333092
   C (  3)  1.425025  2.434510
   N (  4)  2.572962  3.507030  1.148224
   C (  5)  2.434512  1.425020  2.922645  3.710697
   N (  6)  3.507057  2.572965  3.710738  4.260180  1.148234
   H (  7)  1.082362  2.094251  2.136735  3.191580  3.407749  4.523102
   H (  8)  2.094244  1.082366  3.407746  4.523079  2.136739  3.191577
             H (  7)
   H (  8)  2.411206
 
 A cutoff of  1.0D-09 yielded   6275 shell pairs
 There are     69579 function pairs (    107724 Cartesian)
 Smallest overlap matrix eigenvalue = 2.69E-05

 Q-Chem warning in module stvman/mkSTV.C, line 305:

 Overlap eigenvalue is smaller than square root of threshold
 Use THRESH >= 12 to get rid of this warning


 Scale SEOQF with 1.000000e-01/1.000000e-01/1.000000e-01

 Standard Electronic Orientation quadrupole field applied
 Nucleus-field energy     =     0.0000000014 hartrees
 Guess from superposition of atomic densities
 Warning:  Energy on first SCF cycle will be non-variational
 SAD guess density has 40.000000 electrons

 -----------------------------------------------------------------------
  General SCF calculation program by
  Eric Jon Sundstrom, Paul Horn, Yuezhi Mao, Dmitri Zuev, Alec White,
  David Stuck, Shaama M.S., Shane Yost, Joonho Lee, David Small,
  Daniel Levine, Susi Lehtola, Hugh Burton, Evgeny Epifanovsky,
  Bang C. Huynh
 -----------------------------------------------------------------------
 Exchange:     0.1577 Hartree-Fock + 1.0000 wB97X + LR-HF
 Correlation:  1.0000 wB97X
 Using SG-2 standard quadrature grid
 Dispersion:   Grimme D4
 using 32 threads for integral computing
 -------------------------------------------------------
 OpenMP Integral computing Module                
 Release: version 1.0, May 2013, Q-Chem Inc. Pittsburgh 
 -------------------------------------------------------
 A restricted SCF calculation will be
 performed using DIIS
 SCF converges when DIIS error is below 1.0e-05
 ---------------------------------------
  Cycle       Energy         DIIS error
 ---------------------------------------
    1    -264.3973186753      2.03e-02  
    2    -262.9720336952      2.51e-03  
    3    -262.8402002037      3.94e-03  
    4    -263.0983459600      1.80e-04  
    5    -263.0991511613      8.16e-05  
    6    -263.0992979084      1.19e-05  
    7    -263.0993047393      3.56e-06  Convergence criterion met
 ---------------------------------------
 SCF time:   CPU 610.05s  wall 19.00s 
 SCF   energy in the final basis set =     -263.0993047393
 Total energy in the final basis set =     -263.0993047393
 
 --------------------------------------------------------------
 
                    Orbital Energies (a.u.)
 --------------------------------------------------------------
 
 Alpha MOs
 -- Occupied --
-14.4253 -14.4253 -10.3602 -10.3593 -10.3253 -10.3253  -1.0753  -1.0647
 -0.9990  -0.8506  -0.7287  -0.6564  -0.5959  -0.5473  -0.5061  -0.5019
 -0.4944  -0.4751  -0.4732  -0.4107
 -- Virtual --
 -0.0353   0.0567   0.1026   0.1133   0.1183   0.1264   0.1301   0.1700
  0.1798   0.1873   0.2023   0.2080   0.2311   0.2416   0.2473   0.2477
  0.2651   0.2876   0.3060   0.3262   0.3376   0.3469   0.3856   0.4016
  0.4053   0.4162   0.4339   0.4506   0.4517   0.4565   0.4642   0.4871
  0.5039   0.5519   0.5603   0.5872   0.6034   0.6099   0.6329   0.6750
  0.6824   0.6954   0.6995   0.7229   0.7254   0.7589   0.7684   0.7827
  0.8029   0.8104   0.8297   0.8623   0.8720   0.8790   0.8912   0.9048
  0.9192   0.9543   0.9750   0.9823   1.0234   1.0283   1.0314   1.0371
  1.0824   1.0941   1.1017   1.1143   1.1147   1.1462   1.1526   1.2251
  1.2338   1.2445   1.2565   1.2618   1.2967   1.2998   1.3100   1.3964
  1.4198   1.4243   1.4769   1.4916   1.5063   1.5734   1.5842   1.6318
  1.6432   1.6740   1.6830   1.6967   1.7217   1.7299   1.7545   1.7589
  1.7715   1.7732   1.7979   1.8299   1.8372   1.8483   1.8739   1.9165
  1.9320   1.9444   1.9501   1.9960   2.0031   2.0062   2.0433   2.0642
  2.0767   2.0941   2.1139   2.1575   2.1618   2.2175   2.2487   2.2542
  2.2727   2.2728   2.2883   2.2920   2.3059   2.3946   2.4230   2.4309
  2.4377   2.4402   2.4972   2.5022   2.5385   2.5778   2.5781   2.5847
  2.6158   2.6496   2.6537   2.6627   2.6745   2.6870   2.6884   2.7278
  2.7370   2.7535   2.8293   2.8393   2.8461   2.8633   2.8768   2.8884
  2.9232   2.9400   3.0223   3.0374   3.0651   3.0713   3.0743   3.1185
  3.1762   3.2241   3.2746   3.3042   3.3837   3.4062   3.4157   3.4265
  3.4330   3.4373   3.4869   3.5704   3.5959   3.6035   3.6038   3.6323
  3.6895   3.7389   3.7608   3.8505   3.8721   3.8949   3.9541   3.9594
  3.9671   3.9709   4.0101   4.0216   4.0365   4.0399   4.1007   4.1132
  4.1855   4.3719   4.4974   4.4994   4.6064   4.7622   4.8019   4.8550
  4.8585   4.8671   4.8749   4.9082   4.9581   4.9877   4.9904   5.0063
  5.0670   5.0752   5.1022   5.1400   5.1414   5.1725   5.1988   5.2010
  5.2348   5.2828   5.2900   5.3233   5.3860   5.4107   5.4455   5.5187
  5.5455   5.5720   5.6135   5.6426   5.6769   5.7005   5.7523   5.7728
  5.7998   5.8007   5.8819   5.8946   5.9053   5.9143   5.9448   5.9861
  5.9889   5.9980   6.0079   6.0592   6.0684   6.0718   6.0902   6.1047
  6.1229   6.1609   6.1718   6.2010   6.2077   6.2408   6.2795   6.3019
  6.3168   6.3724   6.4356   6.4593   6.5135   6.5253   6.5543   6.5665
  6.5776   6.6239   6.7187   6.7241   6.7257   6.8178   6.8728   6.9075
  6.9259   6.9428   6.9433   6.9444   6.9464   6.9718   7.0290   7.0988
  7.1275   7.1935   7.2096   7.2915   7.3352   7.3812   7.3857   7.4263
  7.4570   7.4661   7.5733   7.5838   7.6427   7.6718   7.6728   7.7562
  7.7766   7.8018   7.8543   8.0660   8.0911   8.1456   8.1605   8.1937
  8.2039   8.2313   8.2951   8.3599   8.3762   8.3817   8.4526   8.4737
  8.4809   8.5281   8.5351   8.5356   8.5359   8.5408   8.5422   8.5844
  8.5878   8.6117   8.6270   8.6478   8.6543   8.6873   8.7144   8.7253
  8.8484   8.9020   8.9039   8.9133   8.9860   8.9985   9.0576   9.0818
  9.0903   9.1121   9.2531   9.5214   9.5681   9.5845   9.5867   9.6832
  9.7350   9.7917   9.7977   9.8707   9.9903  10.0523  10.0632  10.0701
 10.1010  10.1748  10.2413  10.3476  10.3808  10.5377  10.7982  11.1702
 11.2324  11.4072  11.8171  11.9039  11.9365  12.2823  12.2834  12.8943
 13.0261  13.4264  28.1604  28.8777  29.2447  29.5895  37.8300  38.0811
147.1445 147.8782 148.2943 148.6373 197.0154 197.2927
 --------------------------------------------------------------
 
          Ground-State Mulliken Net Atomic Charges

     Atom                 Charge (a.u.)
  ----------------------------------------
      1 C                     0.050248
      2 C                     0.053550
      3 C                    -0.145415
      4 N                    -0.006693
      5 C                    -0.144871
      6 N                    -0.007233
      7 H                     0.101194
      8 H                     0.099220
  ----------------------------------------
  Sum of atomic charges =     0.000000

 -----------------------------------------------------------------
                    Cartesian Multipole Moments
 -----------------------------------------------------------------
    Charge (ESU x 10^10)
                -0.0000
    Dipole Moment (Debye)
         X      -2.6383      Y      -4.6632      Z      -1.2128
       Tot       5.4934
    Quadrupole Moments (Debye-Ang)
        XX     -39.7417     XY       0.0350     YY     -37.6983
        XZ       3.1732     YZ      -2.0860     ZZ     -37.1060
    Octopole Moments (Debye-Ang^2)
       XXX     -47.1754    XXY     -25.0101    XYY      -5.8540
       YYY     -57.0957    XXZ       3.8856    XYZ       7.6485
       YYZ     -14.8914    XZZ      -6.8831    YZZ     -23.7777
       ZZZ     -16.5346
    Hexadecapole Moments (Debye-Ang^3)
      XXXX    -422.6754   XXXY      -8.7208   XXYY    -109.9506
      XYYY      15.0292   YYYY    -258.2335   XXXZ     117.9876
      XXYZ     -17.8280   XYYZ      42.9181   YYYZ     -78.0051
      XXZZ    -108.1456   XYZZ       6.1608   YYZZ     -91.3972
      XZZZ     105.1878   YZZZ     -73.0642   ZZZZ    -226.4928
 -----------------------------------------------------------------
 Total job time:  20.51s(wall), 631.87s(cpu) 
 Mon Jan  6 16:18:57 2025

        *************************************************************
        *                                                           *
        *  Thank you very much for using Q-Chem.  Have a nice day.  *
        *                                                           *
        *************************************************************



Running Job 2 of 2 dicyanoethene-singlet-wb97xd-OLYP-readSCF.in
qchem dicyanoethene-singlet-wb97xd-OLYP-readSCF.in_742083.1 /expanse/lustre/scratch/whughes/temp_project/job_36180511/dicyanoethene-singlet-wb97xd-OLYP-readSCF-36180511/ 0
/cm/shared/apps/spack/0.17.3/cpu/b/opt/spack/linux-rocky8-zen2/gcc-10.2.0/qchem-6.0-rytxnwjazd34ekd2gqyi5ufsaimxsd3r/exe/qcprog.exe_s dicyanoethene-singlet-wb97xd-OLYP-readSCF.in_742083.1 /expanse/lustre/scratch/whughes/temp_project/job_36180511/dicyanoethene-singlet-wb97xd-OLYP-readSCF-36180511/
                  Welcome to Q-Chem
     A Quantum Leap Into The Future Of Chemistry


 Q-Chem 6.0, Q-Chem, Inc., Pleasanton, CA (2022)

 License issued to: University of California, San Diego (site)

 E. Epifanovsky,  A. T. B. Gilbert,  Xintian Feng,  Joonho Lee,  Yuezhi Mao,  
 N. Mardirossian,  P. Pokhilko,  A. White,  M. Wormit,  M. P. Coons,  
 A. L. Dempwolff,  Zhengting Gan,  D. Hait,  P. R. Horn,  L. D. Jacobson,  
 I. Kaliman,  J. Kussmann,  A. W. Lange,  Ka Un Lao,  D. S. Levine,  Jie Liu,  
 S. C. McKenzie,  A. F. Morrison,  K. Nanda,  F. Plasser,  D. R. Rehn,  
 M. L. Vidal,  Zhi-Qiang You,  Ying Zhu,  B. Alam,  B. Albrecht,  
 A. Aldossary,  E. Alguire,  J. H. Andersen,  V. Athavale,  D. Barton,  
 K. Begam,  A. Behn,  N. Bellonzi,  Y. A. Bernard,  E. J. Berquist,  
 H. Burton,  A. Carreras,  K. Carter-Fenk,  Romit Chakraborty,  
 Chandrima Chakravarty,  Junhan Chen,  A. D. Chien,  K. D. Closser,  
 V. Cofer-Shabica,  L. Cunha,  S. Dasgupta,  Jia Deng,  M. de Wergifosse,  
 M. Diedenhofen,  Hainam Do,  S. Ehlert,  Po-Tung Fang,  S. Fatehi,  
 Qingguo Feng,  T. Friedhoff,  B. Ganoe,  J. Gayvert,  Qinghui Ge,  
 G. Gidofalvi,  M. Goldey,  J. Gomes,  C. Gonzalez-Espinoza,  S. Gulania,  
 A. Gunina,  J. A. Gyamfi,  M. W. D. Hanson-Heine,  P. H. P. Harbach,  
 A. W. Hauser,  M. F. Herbst,  M. Hernandez Vera,  M. Hodecker,  
 Z. C. Holden,  S. Houck,  Xunkun Huang,  Kerwin Hui,  B. C. Huynh,  
 K. Ikeda,  M. Ivanov,  Hyunjun Ji,  Zuxin Jin,  Hanjie Jiang,  B. Kaduk,  
 S. Kaehler,  R. Kang,  K. Khistyaev,  Jaehoon Kim,  Yongbin Kim,  
 P. Klunzinger,  Z. Koczor-Benda,  Joong Hoon Koh,  D. Kosenkov,  
 Saikiran Kotaru,  L. Koulias,  T. Kowalczyk,  C. M. Krauter,  K. Kue,  
 A. Kunitsa,  T. Kus,  A. Landau,  K. V. Lawler,  D. Lefrancois,  S. Lehtola,  
 Rain Li,  Shaozhi Li,  Yi-Pei Li,  Jiashu Liang,  M. Liebenthal,  
 Hung-Hsuan Lin,  You-Sheng Lin,  Fenglai Liu,  Kuan-Yu Liu,  
 M. Loipersberger,  A. Luenser,  C. Malbon,  A. Manjanath,  P. Manohar,  
 E. Mansoor,  S. F. Manzer,  Shan-Ping Mao,  A. V. Marenich,  T. Markovich,  
 S. Mason,  F. Matz,  S. A. Maurer,  P. F. McLaughlin,  M. F. S. J. Menger,  
 J.-M. Mewes,  S. A. Mewes,  P. Morgante,  Mohammad Mostafanejad,  
 J. W. Mullinax,  K. J. Oosterbaan,  G. Paran,  V. Parravicini,  
 Alexander C. Paul,  Suranjan K. Paul,  F. Pavosevic,  Zheng Pei,  S. Prager,  
 E. I. Proynov,  E. Ramos,  B. Rana,  A. E. Rask,  A. Rettig,  R. M. Richard,  
 F. Rob,  E. Rossomme,  T. Scheele,  M. Scheurer,  M. Schneider,  
 P. E. Schneider,  N. Sergueev,  S. M. Sharada,  Hengyuan Shen,  
 W. Skomorowski,  D. W. Small,  C. J. Stein,  Yingli Su,  Yu-Chuan Su,  
 E. J. Sundstrom,  Zhen Tao,  J. Thirman,  Hung-Yi Tsai,  T. Tsuchimochi,  
 N. M. Tubman,  C. Utku,  S. P. Veccham,  O. Vydrov,  J. Wenzel,  
 Jonathan Wong,  J. Witte,  A. Yamada,  Chou-Hsun Yang,  Kun Yao,  
 S. Yeganeh,  S. R. Yost,  A. Zech,  F. Zeller,  Igor Ying Zhang,  
 Xing Zhang,  Yu Zhang,  D. Zuev,  A. Aspuru-Guzik,  A. T. Bell,  
 N. A. Besley,  K. B. Bravaya,  B. R. Brooks,  D. Casanova,  Jeng-Da Chai,  
 Hsing-Ta Chen,  S. Coriani,  C. J. Cramer,  A. E. DePrince, III,  
 R. A. DiStasio Jr.,  A. Dreuw,  B. D. Dunietz,  T. R. Furlani,  
 W. A. Goddard III,  S. Grimme,  S. Hammes-Schiffer,  T. Head-Gordon,  
 W. J. Hehre,  Chao-Ping Hsu,  T.-C. Jagau,  Yousung Jung,  A. Klamt,  
 Jing Kong,  D. S. Lambrecht,  Xiangyuan Li,  WanZhen Liang,  N. J. Mayhall,  
 C. W. McCurdy,  J. B. Neaton,  T. Neudecker,  C. Ochsenfeld,  
 J. A. Parkhill,  R. Peverati,  V. A. Rassolov,  Haisheng Ren,  Yihan Shao,  
 L. V. Slipchenko,  R. P. Steele,  J. E. Subotnik,  A. J. W. Thom,  
 A. Tkatchenko,  D. G. Truhlar,  T. Van Voorhis,  Fan Wang,  
 T. A. Wesolowski,  K. B. Whaley,  H. L. Woodcock III,  P. M. Zimmerman,  
 S. Faraji,  P. M. W. Gill,  M. Head-Gordon,  J. M. Herbert,  A. I. Krylov

 Contributors to earlier versions of Q-Chem not listed above: 
 R. D. Adamson,  B. Austin,  R. Baer,  J. Baker,  G. J. O. Beran,  
 K. Brandhorst,  S. T. Brown,  E. F. C. Byrd,  Arup K. Chakraborty,  
 G. K. L. Chan,  Chun-Min Chang,  Yunqing Chen,  C.-L. Cheng,  
 Siu Hung Chien,  D. M. Chipman,  D. L. Crittenden,  H. Dachsel,  
 R. J. Doerksen,  A. D. Dutoi,  R. G. Edgar,  J. Fosso-Tande,  
 L. Fusti-Molnar,  D. Ghosh,  A. Ghysels,  A. Golubeva-Zadorozhnaya,  
 J. Gonthier,  M. S. Gordon,  S. R. Gwaltney,  G. Hawkins,  J. E. Herr,  
 A. Heyden,  S. Hirata,  E. G. Hohenstein,  G. Kedziora,  F. J. Keil,  
 C. Kelley,  Jihan Kim,  R. A. King,  R. Z. Khaliullin,  P. P. Korambath,  
 W. Kurlancheek,  A. Laurent,  A. M. Lee,  M. S. Lee,  S. V. Levchenko,  
 Ching Yeh Lin,  D. Liotard,  E. Livshits,  R. C. Lochan,  I. Lotan,  
 L. A. Martinez-Martinez,  P. E. Maslen,  N. Nair,  D. P. O'Neill,  
 D. Neuhauser,  E. Neuscamman,  C. M. Oana,  R. Olivares-Amaya,  R. Olson,  
 T. M. Perrine,  B. Peters,  P. A. Pieniazek,  A. Prociuk,  Y. M. Rhee,  
 J. Ritchie,  M. A. Rohrdanz,  E. Rosta,  N. J. Russ,  H. F. Schaefer III,  
 M. W. Schmidt,  N. E. Schultz,  S. Sharma,  N. Shenvi,  C. D. Sherrill,  
 A. C. Simmonett,  A. Sodt,  T. Stein,  D. Stuck,  K. S. Thanthiriwatte,  
 V. Vanovschi,  L. Vogt,  Tao Wang,  A. Warshel,  M. A. Watson,  
 C. F. Williams,  Q. Wu,  X. Xu,  Jun Yang,  W. Zhang,  Yan Zhao

   Please cite Q-Chem as follows:
  "Software for the frontiers of quantum chemistry:
   An overview of developments in the Q-Chem 5 package"
   J. Chem. Phys. 155, 084801 (2021)
   https://doi.org/10.1063/5.0055522 (open access)

 Q-Chem 6.0.2 for Intel X86 EM64T Linux

 Parts of Q-Chem use Armadillo 9.900.5 (Nocturnal Misbehaviour).
 http://arma.sourceforge.net/

 Q-Chem begins on Mon Jan  6 16:18:57 2025  

 Host: 
0

     Scratch files written to /expanse/lustre/scratch/whughes/temp_project/job_36180511/dicyanoethene-singlet-wb97xd-OLYP-readSCF-36180511//
 Dec722 |scratch|qcdevops|jenkins|workspace|build_RNUM    
 Processing $rem in /cm/shared/apps/spack/0.17.3/cpu/b/opt/spack/linux-rocky8-zen2/gcc-10.2.0/qchem-6.0-rytxnwjazd34ekd2gqyi5ufsaimxsd3r/config/preferences:
 Processing $rem in /home/whughes/.qchemrc:

 Checking the input file for inconsistencies... 	...done.

--------------------------------------------------------------
User input:
--------------------------------------------------------------

$molecule
0 1
C    0.2234783918    -0.686029204    -0.5214698693
C    -0.7903598325   -0.3157902206   0.2609553605
C    1.3960658973    0.0972665501    -0.7268531346
N    2.3529656139    0.7038731243    -0.9133744419
C    -0.8266328268   0.9089339293    0.9885650065
N    -0.886908773    1.8869313284    1.5871704277
H    0.1825733039    -1.6324119472   -1.0451062154
H    -1.6511807747   -0.9627745603   0.3701138665
$end

$rem
METHOD      OLYP
BASIS       def2-QZVPP
SYM_IGNORE   TRUE
DFT_D       D3
SCF_GUESS   read
MAX_SCF_CYCLES 300
$end
--------------------------------------------------------------
 Adding empirical dispersion correction 
 ----------------------------------------------------------------
 Doing -D3(BJ) with
 s6  =   1.00000
 s8  =   2.62050
 a1  =   0.52990
 a2  =   2.80650
 -D3 energy without 3body term =     -0.0362914287 hartrees
 ----------------------------------------------------------------
             Standard Nuclear Orientation (Angstroms)
    I     Atom           X                Y                Z
 ----------------------------------------------------------------
    1      C       0.2234783918    -0.6860292040    -0.5214698693
    2      C      -0.7903598325    -0.3157902206     0.2609553605
    3      C       1.3960658973     0.0972665501    -0.7268531346
    4      N       2.3529656139     0.7038731243    -0.9133744419
    5      C      -0.8266328268     0.9089339293     0.9885650065
    6      N      -0.8869087730     1.8869313284     1.5871704277
    7      H       0.1825733039    -1.6324119472    -1.0451062154
    8      H      -1.6511807747    -0.9627745603     0.3701138665
 ----------------------------------------------------------------
 Nuclear Repulsion Energy =         167.80158463 hartrees
 There are       20 alpha and       20 beta electrons
 Requested basis set is def2-QZVPP
 There are 122 shells and 402 basis functions

 Total QAlloc Memory Limit   8000 MB
 Mega-Array Size       188 MB
 MEM_STATIC part       192 MB


                       Distance Matrix (Angstroms)
             C (  1)   C (  2)   C (  3)   N (  4)   C (  5)   N (  6)
   C (  2)  1.333092
   C (  3)  1.425025  2.434510
   N (  4)  2.572962  3.507030  1.148224
   C (  5)  2.434512  1.425020  2.922645  3.710697
   N (  6)  3.507057  2.572965  3.710738  4.260180  1.148234
   H (  7)  1.082362  2.094251  2.136735  3.191580  3.407749  4.523102
   H (  8)  2.094244  1.082366  3.407746  4.523079  2.136739  3.191577
             H (  7)
   H (  8)  2.411206
 
 A cutoff of  1.0D-09 yielded   6275 shell pairs
 There are     69579 function pairs (    107724 Cartesian)
 Smallest overlap matrix eigenvalue = 2.69E-05

 Q-Chem warning in module stvman/mkSTV.C, line 305:

 Overlap eigenvalue is smaller than square root of threshold
 Use THRESH >= 12 to get rid of this warning


 Scale SEOQF with 1.000000e-01/1.000000e-01/1.000000e-01

 Standard Electronic Orientation quadrupole field applied
 Nucleus-field energy     =     0.0000000014 hartrees
 Guess MOs from SCF MO coefficient file

 -----------------------------------------------------------------------
  General SCF calculation program by
  Eric Jon Sundstrom, Paul Horn, Yuezhi Mao, Dmitri Zuev, Alec White,
  David Stuck, Shaama M.S., Shane Yost, Joonho Lee, David Small,
  Daniel Levine, Susi Lehtola, Hugh Burton, Evgeny Epifanovsky,
  Bang C. Huynh
 -----------------------------------------------------------------------
 Exchange:  OPTX      Correlation:  LYP
 Using SG-1 standard quadrature grid
 Dispersion:   Grimme D3
 using 32 threads for integral computing
 -------------------------------------------------------
 OpenMP Integral computing Module                
 Release: version 1.0, May 2013, Q-Chem Inc. Pittsburgh 
 -------------------------------------------------------
 A restricted SCF calculation will be
 performed using DIIS
 SCF converges when DIIS error is below 1.0e-05
 ---------------------------------------
  Cycle       Energy         DIIS error
 ---------------------------------------
    1    -263.1331173376      1.44e-03  
    2    -263.1413838338      1.89e-04  
    3    -263.1359954283      5.69e-04  
    4    -263.1419891621      7.86e-05  
    5    -263.1420924891      1.32e-05  
    6    -263.1420960642      2.06e-06  Convergence criterion met
 ---------------------------------------
 SCF time:   CPU 141.29s  wall 4.00s 
 SCF   energy in the final basis set =     -263.1420960642
 Total energy in the final basis set =     -263.1420960642
 
 --------------------------------------------------------------
 
                    Orbital Energies (a.u.)
 --------------------------------------------------------------
 
 Alpha MOs
 -- Occupied --
-14.0253 -14.0253  -9.9969  -9.9963  -9.9638  -9.9638  -0.8666  -0.8587
 -0.7951  -0.6624  -0.5543  -0.4873  -0.4349  -0.3865  -0.3449  -0.3377
 -0.3343  -0.3253  -0.3248  -0.2821
 -- Virtual --
 -0.1386  -0.0546  -0.0177   0.0002   0.0050   0.0060   0.0283   0.0673
  0.0726   0.0735   0.0802   0.1077   0.1254   0.1265   0.1357   0.1390
  0.1525   0.1841   0.1923   0.2039   0.2308   0.2343   0.2665   0.2864
  0.2990   0.3001   0.3140   0.3354   0.3433   0.3446   0.3486   0.3758
  0.3919   0.4340   0.4561   0.4770   0.4891   0.5008   0.5199   0.5587
  0.5648   0.5781   0.5848   0.6005   0.6056   0.6450   0.6501   0.6557
  0.6912   0.6925   0.7170   0.7407   0.7496   0.7580   0.7602   0.7810
  0.7814   0.8322   0.8413   0.8572   0.8923   0.8933   0.9086   0.9103
  0.9566   0.9567   0.9758   0.9823   0.9878   1.0179   1.0355   1.0984
  1.0999   1.1075   1.1190   1.1348   1.1696   1.1711   1.1811   1.2670
  1.2876   1.2964   1.3389   1.3515   1.3683   1.4405   1.4411   1.4864
  1.5118   1.5317   1.5423   1.5524   1.5738   1.5958   1.6045   1.6081
  1.6297   1.6351   1.6529   1.6760   1.6811   1.7032   1.7220   1.7614
  1.7718   1.7788   1.7993   1.8466   1.8489   1.8668   1.8898   1.9013
  1.9092   1.9375   1.9591   1.9959   2.0103   2.0652   2.0906   2.1027
  2.1149   2.1182   2.1273   2.1385   2.1412   2.2316   2.2598   2.2685
  2.2726   2.2788   2.3357   2.3369   2.3693   2.4139   2.4149   2.4194
  2.4517   2.4848   2.4903   2.4907   2.5044   2.5175   2.5184   2.5618
  2.5671   2.5798   2.6602   2.6648   2.6778   2.6904   2.7127   2.7152
  2.7533   2.7671   2.8371   2.8644   2.8877   2.9018   2.9110   2.9401
  2.9967   3.0467   3.0909   3.1203   3.2075   3.2354   3.2441   3.2452
  3.2590   3.2658   3.3211   3.3847   3.4159   3.4233   3.4235   3.4490
  3.5113   3.5604   3.5749   3.6615   3.6898   3.7073   3.7666   3.7712
  3.7837   3.7867   3.8291   3.8377   3.8535   3.8612   3.9124   3.9321
  4.0047   4.1851   4.3070   4.3119   4.4165   4.5640   4.6027   4.6565
  4.6592   4.6688   4.6765   4.7131   4.7644   4.7930   4.7951   4.8160
  4.8704   4.8844   4.9054   4.9410   4.9456   4.9749   4.9991   5.0016
  5.0430   5.0914   5.0956   5.1307   5.1961   5.2151   5.2505   5.3188
  5.3573   5.3799   5.4152   5.4496   5.4791   5.4991   5.5466   5.5731
  5.6035   5.6050   5.6813   5.6965   5.7015   5.7186   5.7503   5.7942
  5.7949   5.8062   5.8160   5.8633   5.8734   5.8781   5.9006   5.9074
  5.9290   5.9696   5.9808   6.0045   6.0074   6.0437   6.0843   6.1057
  6.1126   6.1853   6.2390   6.2551   6.3158   6.3302   6.3564   6.3751
  6.3786   6.4292   6.5147   6.5243   6.5271   6.6193   6.6746   6.7061
  6.7176   6.7192   6.7197   6.7275   6.7292   6.7687   6.8209   6.8974
  6.9238   6.9918   7.0100   7.0819   7.1393   7.1681   7.1874   7.2075
  7.2374   7.2512   7.3652   7.3830   7.4505   7.4705   7.4784   7.5624
  7.5704   7.5981   7.6594   7.8732   7.8950   7.9398   7.9631   7.9853
  8.0083   8.0239   8.0916   8.1481   8.1616   8.1765   8.2444   8.2684
  8.2717   8.3178   8.3184   8.3186   8.3188   8.3225   8.3247   8.3735
  8.3764   8.4079   8.4081   8.4353   8.4362   8.4769   8.5027   8.5062
  8.6382   8.6902   8.6919   8.6978   8.7644   8.7739   8.8370   8.8593
  8.8740   8.8896   9.0413   9.3117   9.3467   9.3620   9.3642   9.4669
  9.5137   9.5711   9.5935   9.6609   9.7698   9.8276   9.8468   9.8513
  9.8861   9.9600  10.0253  10.1359  10.1679  10.3195  10.5817  10.9556
 11.0096  11.1847  11.5883  11.6754  11.7075  12.0566  12.0731  12.6773
 12.8016  13.2031  27.8712  28.5867  28.9528  29.2976  37.5147  37.7651
146.7223 147.4549 147.8695 148.2131 196.5454 196.8226
 --------------------------------------------------------------
 
          Ground-State Mulliken Net Atomic Charges

     Atom                 Charge (a.u.)
  ----------------------------------------
      1 C                     0.129286
      2 C                     0.129899
      3 C                     0.011406
      4 N                    -0.173353
      5 C                     0.010056
      6 N                    -0.173472
      7 H                     0.033474
      8 H                     0.032704
  ----------------------------------------
  Sum of atomic charges =     0.000000

 -----------------------------------------------------------------
                    Cartesian Multipole Moments
 -----------------------------------------------------------------
    Charge (ESU x 10^10)
                 0.0000
    Dipole Moment (Debye)
         X      -2.5195      Y      -4.4512      Z      -1.1575
       Tot       5.2442
    Quadrupole Moments (Debye-Ang)
        XX     -39.5399     XY       0.0069     YY     -37.5314
        XZ       3.1660     YZ      -2.0989     ZZ     -36.8917
    Octopole Moments (Debye-Ang^2)
       XXX     -46.3950    XXY     -24.6255    XYY      -5.8526
       YYY     -56.3557    XXZ       3.7504    XYZ       7.4635
       YYZ     -14.6128    XZZ      -6.8213    YZZ     -23.4031
       ZZZ     -16.2894
    Hexadecapole Moments (Debye-Ang^3)
      XXXX    -422.7950   XXXY      -9.3895   XXYY    -110.2476
      XYYY      14.6735   YYYY    -259.4568   XXXZ     117.6593
      XXYZ     -17.6354   XYYZ      42.8606   YYYZ     -78.4083
      XXZZ    -107.9227   XYZZ       6.0639   YYZZ     -91.6929
      XZZZ     104.8506   YZZZ     -73.0817   ZZZZ    -226.4518
 -----------------------------------------------------------------
 Total job time:  5.13s(wall), 151.50s(cpu) 
 Mon Jan  6 16:19:02 2025

        *************************************************************
        *                                                           *
        *  Thank you very much for using Q-Chem.  Have a nice day.  *
        *                                                           *
        *************************************************************


