
Running Job 1 of 2 ca8-r1-triplet-wb97xd-r-OLYP-readSCF.in
qchem ca8-r1-triplet-wb97xd-r-OLYP-readSCF.in_3564233.0 /expanse/lustre/scratch/whughes/temp_project/job_36180395/ca8-r1-triplet-wb97xd-r-OLYP-readSCF-36180395/ 0
/cm/shared/apps/spack/0.17.3/cpu/b/opt/spack/linux-rocky8-zen2/gcc-10.2.0/qchem-6.0-rytxnwjazd34ekd2gqyi5ufsaimxsd3r/exe/qcprog.exe_s ca8-r1-triplet-wb97xd-r-OLYP-readSCF.in_3564233.0 /expanse/lustre/scratch/whughes/temp_project/job_36180395/ca8-r1-triplet-wb97xd-r-OLYP-readSCF-36180395/
                  Welcome to Q-Chem
     A Quantum Leap Into The Future Of Chemistry


 Q-Chem 6.0, Q-Chem, Inc., Pleasanton, CA (2022)

 License issued to: University of California, San Diego (site)

 E. Epifanovsky,  A. T. B. Gilbert,  Xintian Feng,  Joonho Lee,  Yuezhi Mao,  
 N. Mardirossian,  P. Pokhilko,  A. White,  M. Wormit,  M. P. Coons,  
 A. L. Dempwolff,  Zhengting Gan,  D. Hait,  P. R. Horn,  L. D. Jacobson,  
 I. Kaliman,  J. Kussmann,  A. W. Lange,  Ka Un Lao,  D. S. Levine,  Jie Liu,  
 S. C. McKenzie,  A. F. Morrison,  K. Nanda,  F. Plasser,  D. R. Rehn,  
 M. L. Vidal,  Zhi-Qiang You,  Ying Zhu,  B. Alam,  B. Albrecht,  
 A. Aldossary,  E. Alguire,  J. H. Andersen,  V. Athavale,  D. Barton,  
 K. Begam,  A. Behn,  N. Bellonzi,  Y. A. Bernard,  E. J. Berquist,  
 H. Burton,  A. Carreras,  K. Carter-Fenk,  Romit Chakraborty,  
 Chandrima Chakravarty,  Junhan Chen,  A. D. Chien,  K. D. Closser,  
 V. Cofer-Shabica,  L. Cunha,  S. Dasgupta,  Jia Deng,  M. de Wergifosse,  
 M. Diedenhofen,  Hainam Do,  S. Ehlert,  Po-Tung Fang,  S. Fatehi,  
 Qingguo Feng,  T. Friedhoff,  B. Ganoe,  J. Gayvert,  Qinghui Ge,  
 G. Gidofalvi,  M. Goldey,  J. Gomes,  C. Gonzalez-Espinoza,  S. Gulania,  
 A. Gunina,  J. A. Gyamfi,  M. W. D. Hanson-Heine,  P. H. P. Harbach,  
 A. W. Hauser,  M. F. Herbst,  M. Hernandez Vera,  M. Hodecker,  
 Z. C. Holden,  S. Houck,  Xunkun Huang,  Kerwin Hui,  B. C. Huynh,  
 K. Ikeda,  M. Ivanov,  Hyunjun Ji,  Zuxin Jin,  Hanjie Jiang,  B. Kaduk,  
 S. Kaehler,  R. Kang,  K. Khistyaev,  Jaehoon Kim,  Yongbin Kim,  
 P. Klunzinger,  Z. Koczor-Benda,  Joong Hoon Koh,  D. Kosenkov,  
 Saikiran Kotaru,  L. Koulias,  T. Kowalczyk,  C. M. Krauter,  K. Kue,  
 A. Kunitsa,  T. Kus,  A. Landau,  K. V. Lawler,  D. Lefrancois,  S. Lehtola,  
 Rain Li,  Shaozhi Li,  Yi-Pei Li,  Jiashu Liang,  M. Liebenthal,  
 Hung-Hsuan Lin,  You-Sheng Lin,  Fenglai Liu,  Kuan-Yu Liu,  
 M. Loipersberger,  A. Luenser,  C. Malbon,  A. Manjanath,  P. Manohar,  
 E. Mansoor,  S. F. Manzer,  Shan-Ping Mao,  A. V. Marenich,  T. Markovich,  
 S. Mason,  F. Matz,  S. A. Maurer,  P. F. McLaughlin,  M. F. S. J. Menger,  
 J.-M. Mewes,  S. A. Mewes,  P. Morgante,  Mohammad Mostafanejad,  
 J. W. Mullinax,  K. J. Oosterbaan,  G. Paran,  V. Parravicini,  
 Alexander C. Paul,  Suranjan K. Paul,  F. Pavosevic,  Zheng Pei,  S. Prager,  
 E. I. Proynov,  E. Ramos,  B. Rana,  A. E. Rask,  A. Rettig,  R. M. Richard,  
 F. Rob,  E. Rossomme,  T. Scheele,  M. Scheurer,  M. Schneider,  
 P. E. Schneider,  N. Sergueev,  S. M. Sharada,  Hengyuan Shen,  
 W. Skomorowski,  D. W. Small,  C. J. Stein,  Yingli Su,  Yu-Chuan Su,  
 E. J. Sundstrom,  Zhen Tao,  J. Thirman,  Hung-Yi Tsai,  T. Tsuchimochi,  
 N. M. Tubman,  C. Utku,  S. P. Veccham,  O. Vydrov,  J. Wenzel,  
 Jonathan Wong,  J. Witte,  A. Yamada,  Chou-Hsun Yang,  Kun Yao,  
 S. Yeganeh,  S. R. Yost,  A. Zech,  F. Zeller,  Igor Ying Zhang,  
 Xing Zhang,  Yu Zhang,  D. Zuev,  A. Aspuru-Guzik,  A. T. Bell,  
 N. A. Besley,  K. B. Bravaya,  B. R. Brooks,  D. Casanova,  Jeng-Da Chai,  
 Hsing-Ta Chen,  S. Coriani,  C. J. Cramer,  A. E. DePrince, III,  
 R. A. DiStasio Jr.,  A. Dreuw,  B. D. Dunietz,  T. R. Furlani,  
 W. A. Goddard III,  S. Grimme,  S. Hammes-Schiffer,  T. Head-Gordon,  
 W. J. Hehre,  Chao-Ping Hsu,  T.-C. Jagau,  Yousung Jung,  A. Klamt,  
 Jing Kong,  D. S. Lambrecht,  Xiangyuan Li,  WanZhen Liang,  N. J. Mayhall,  
 C. W. McCurdy,  J. B. Neaton,  T. Neudecker,  C. Ochsenfeld,  
 J. A. Parkhill,  R. Peverati,  V. A. Rassolov,  Haisheng Ren,  Yihan Shao,  
 L. V. Slipchenko,  R. P. Steele,  J. E. Subotnik,  A. J. W. Thom,  
 A. Tkatchenko,  D. G. Truhlar,  T. Van Voorhis,  Fan Wang,  
 T. A. Wesolowski,  K. B. Whaley,  H. L. Woodcock III,  P. M. Zimmerman,  
 S. Faraji,  P. M. W. Gill,  M. Head-Gordon,  J. M. Herbert,  A. I. Krylov

 Contributors to earlier versions of Q-Chem not listed above: 
 R. D. Adamson,  B. Austin,  R. Baer,  J. Baker,  G. J. O. Beran,  
 K. Brandhorst,  S. T. Brown,  E. F. C. Byrd,  Arup K. Chakraborty,  
 G. K. L. Chan,  Chun-Min Chang,  Yunqing Chen,  C.-L. Cheng,  
 Siu Hung Chien,  D. M. Chipman,  D. L. Crittenden,  H. Dachsel,  
 R. J. Doerksen,  A. D. Dutoi,  R. G. Edgar,  J. Fosso-Tande,  
 L. Fusti-Molnar,  D. Ghosh,  A. Ghysels,  A. Golubeva-Zadorozhnaya,  
 J. Gonthier,  M. S. Gordon,  S. R. Gwaltney,  G. Hawkins,  J. E. Herr,  
 A. Heyden,  S. Hirata,  E. G. Hohenstein,  G. Kedziora,  F. J. Keil,  
 C. Kelley,  Jihan Kim,  R. A. King,  R. Z. Khaliullin,  P. P. Korambath,  
 W. Kurlancheek,  A. Laurent,  A. M. Lee,  M. S. Lee,  S. V. Levchenko,  
 Ching Yeh Lin,  D. Liotard,  E. Livshits,  R. C. Lochan,  I. Lotan,  
 L. A. Martinez-Martinez,  P. E. Maslen,  N. Nair,  D. P. O'Neill,  
 D. Neuhauser,  E. Neuscamman,  C. M. Oana,  R. Olivares-Amaya,  R. Olson,  
 T. M. Perrine,  B. Peters,  P. A. Pieniazek,  A. Prociuk,  Y. M. Rhee,  
 J. Ritchie,  M. A. Rohrdanz,  E. Rosta,  N. J. Russ,  H. F. Schaefer III,  
 M. W. Schmidt,  N. E. Schultz,  S. Sharma,  N. Shenvi,  C. D. Sherrill,  
 A. C. Simmonett,  A. Sodt,  T. Stein,  D. Stuck,  K. S. Thanthiriwatte,  
 V. Vanovschi,  L. Vogt,  Tao Wang,  A. Warshel,  M. A. Watson,  
 C. F. Williams,  Q. Wu,  X. Xu,  Jun Yang,  W. Zhang,  Yan Zhao

   Please cite Q-Chem as follows:
  "Software for the frontiers of quantum chemistry:
   An overview of developments in the Q-Chem 5 package"
   J. Chem. Phys. 155, 084801 (2021)
   https://doi.org/10.1063/5.0055522 (open access)

 Q-Chem 6.0.2 for Intel X86 EM64T Linux

 Parts of Q-Chem use Armadillo 9.900.5 (Nocturnal Misbehaviour).
 http://arma.sourceforge.net/

 Q-Chem begins on Mon Jan  6 16:15:57 2025  

 Host: 
0

     Scratch files written to /expanse/lustre/scratch/whughes/temp_project/job_36180395/ca8-r1-triplet-wb97xd-r-OLYP-readSCF-36180395//
 Dec722 |scratch|qcdevops|jenkins|workspace|build_RNUM    
 Processing $rem in /cm/shared/apps/spack/0.17.3/cpu/b/opt/spack/linux-rocky8-zen2/gcc-10.2.0/qchem-6.0-rytxnwjazd34ekd2gqyi5ufsaimxsd3r/config/preferences:
 Processing $rem in /home/whughes/.qchemrc:

 Checking the input file for inconsistencies... 	...done.

--------------------------------------------------------------
User input:
--------------------------------------------------------------
$molecule
0 3
C    -2.0106634871   -0.2770167439   -0.3862896289
C    -0.8718397047   -0.0147194331   0.5664133619
O    -0.9928333387   0.7496417311    1.5216408744
C    0.4034277561    -0.7184566602   0.3035889071
C    1.5422519337    -0.4561634089   1.256292087
O    0.5244251689    -1.4828219466   -0.6516402604
H    -2.3245468518   0.6614517598    -0.8450884244
H    -1.672602645    -0.9792795618   -1.1474897121
H    -2.8574942835   -0.6891856706   0.163969767
H    1.2041868194    0.2461028621    2.0174870917
H    1.8561309498    -1.3946309492   1.7150957192
H    2.38908465      -0.0439955618   0.7060347845
$end

$rem
METHOD      PBE0
BASIS       def2-QZVPP
SYM_IGNORE   TRUE
DFT_D       D3
MAX_SCF_CYCLES 300
$end

--------------------------------------------------------------
 Adding empirical dispersion correction 
 ----------------------------------------------------------------
 Doing -D3(OP) with
 s6  =   0.91826
 s8  =   0.00000
 a1  =   0.20000
 a2  =   4.75000
 pow =   12.00000
 -D3 energy without 3body term =     -0.0031469933 hartrees
 ----------------------------------------------------------------
             Standard Nuclear Orientation (Angstroms)
    I     Atom           X                Y                Z
 ----------------------------------------------------------------
    1      C      -2.0106634871    -0.2770167439    -0.3862896289
    2      C      -0.8718397047    -0.0147194331     0.5664133619
    3      O      -0.9928333387     0.7496417311     1.5216408744
    4      C       0.4034277561    -0.7184566602     0.3035889071
    5      C       1.5422519337    -0.4561634089     1.2562920870
    6      O       0.5244251689    -1.4828219466    -0.6516402604
    7      H      -2.3245468518     0.6614517598    -0.8450884244
    8      H      -1.6726026450    -0.9792795618    -1.1474897121
    9      H      -2.8574942835    -0.6891856706     0.1639697670
   10      H       1.2041868194     0.2461028621     2.0174870917
   11      H       1.8561309498    -1.3946309492     1.7150957192
   12      H       2.3890846500    -0.0439955618     0.7060347845
 ----------------------------------------------------------------
 Nuclear Repulsion Energy =         226.94906573 hartrees
 There are       24 alpha and       22 beta electrons
 Requested basis set is def2-QZVPP
 There are 162 shells and 522 basis functions

 Total QAlloc Memory Limit   8000 MB
 Mega-Array Size       188 MB
 MEM_STATIC part       192 MB


                       Distance Matrix (Angstroms)
             C (  1)   C (  2)   O (  3)   C (  4)   C (  5)   O (  6)
   C (  2)  1.507767
   O (  3)  2.393785  1.229369
   C (  4)  2.549243  1.480078  2.364003
   C (  5)  3.918338  2.549244  2.819758  1.507767
   O (  6)  2.819761  2.364008  3.465417  1.229373  2.393785
   H (  7)  1.090753  2.135393  2.717102  3.265800  4.540594  3.570991
   H (  8)  1.089442  2.123455  3.252001  2.546284  4.048099  2.307889
   H (  9)  1.090775  2.135343  2.718539  3.264041  4.539299  3.568257
   H ( 10)  4.048093  2.546278  2.307881  2.123449  1.089442  3.251999
   H ( 11)  4.540593  3.265800  3.570984  2.135395  1.090753  2.717105
   H ( 12)  4.539301  3.264043  3.568255  2.135344  1.090775  2.718540
             H (  7)   H (  8)   H (  9)   H ( 10)   H ( 11)
   H (  8)  1.791222
   H (  9)  1.768178  1.791103
   H ( 10)  4.562764  4.449108  4.561529
   H ( 11)  5.316022  4.562770  5.012176  1.791223
   H ( 12)  5.012181  4.561536  5.313821  1.791102  1.768180
 
 A cutoff of  1.0D-09 yielded  10762 shell pairs
 There are    111354 function pairs (    167898 Cartesian)
 Smallest overlap matrix eigenvalue = 4.79E-05

 Scale SEOQF with 1.000000e-01/1.000000e-01/1.000000e-01

 Standard Electronic Orientation quadrupole field applied
 Nucleus-field energy     =     0.0000000003 hartrees
 Guess from superposition of atomic densities
 Warning:  Energy on first SCF cycle will be non-variational
 SAD guess density has 46.000000 electrons

 -----------------------------------------------------------------------
  General SCF calculation program by
  Eric Jon Sundstrom, Paul Horn, Yuezhi Mao, Dmitri Zuev, Alec White,
  David Stuck, Shaama M.S., Shane Yost, Joonho Lee, David Small,
  Daniel Levine, Susi Lehtola, Hugh Burton, Evgeny Epifanovsky,
  Bang C. Huynh
 -----------------------------------------------------------------------
 Exchange:     0.2500 Hartree-Fock + 0.7500 PBE
 Correlation:  1.0000 PBE
 Using SG-1 standard quadrature grid
 Dispersion:   Grimme D3
 using 32 threads for integral computing
 -------------------------------------------------------
 OpenMP Integral computing Module                
 Release: version 1.0, May 2013, Q-Chem Inc. Pittsburgh 
 -------------------------------------------------------
 A unrestricted SCF calculation will be
 performed using DIIS
 SCF converges when DIIS error is below 1.0e-05
 ---------------------------------------
  Cycle       Energy         DIIS error
 ---------------------------------------
    1    -307.2302883399      7.97e-03  
    2    -306.0980187440      8.97e-04  
    3    -306.0339493577      1.26e-03  
    4    -306.1837121211      2.75e-04  
    5    -306.1923189794      7.43e-05  
    6    -306.1929903700      1.83e-05  
    7    -306.1930458724      8.17e-06  Convergence criterion met
 ---------------------------------------
 SCF time:   CPU 1205.93s  wall 40.00s 
<S^2> =          2.013632720
 SCF   energy in the final basis set =     -306.1930458724
 Total energy in the final basis set =     -306.1930458724
 
 --------------------------------------------------------------
 
                    Orbital Energies (a.u.)
 --------------------------------------------------------------
 
 Alpha MOs
 -- Occupied --
-19.2525 -19.2525 -10.3223 -10.3219 -10.2468 -10.2468  -1.1246  -1.1091
 -0.8067  -0.7872  -0.6834  -0.5487  -0.5335  -0.5079  -0.5072  -0.4631
 -0.4570  -0.4390  -0.4127  -0.4111  -0.4102  -0.3766  -0.3084  -0.2018
 -- Virtual --
  0.0111   0.0283   0.0434   0.0876   0.0921   0.0929   0.1038   0.1059
  0.1158   0.1338   0.1378   0.1391   0.1420   0.1620   0.2099   0.2102
  0.2398   0.2449   0.2506   0.2777   0.2885   0.3082   0.3134   0.3189
  0.3195   0.3230   0.3376   0.3395   0.3531   0.3563   0.3700   0.3923
  0.4019   0.4181   0.4305   0.4365   0.4460   0.5060   0.5123   0.5459
  0.5633   0.5683   0.5773   0.6082   0.6100   0.6145   0.6253   0.6354
  0.6457   0.6727   0.6942   0.6994   0.7057   0.7214   0.7510   0.7675
  0.7797   0.7815   0.7957   0.8098   0.8169   0.8219   0.8305   0.8364
  0.8759   0.8823   0.8925   0.9102   0.9169   0.9231   0.9299   0.9340
  0.9707   0.9901   1.0257   1.0360   1.0416   1.0489   1.0561   1.0754
  1.0791   1.1283   1.1403   1.1542   1.1791   1.1970   1.2053   1.2468
  1.3292   1.3421   1.3526   1.3578   1.3772   1.3844   1.3851   1.4217
  1.4223   1.4306   1.4366   1.4578   1.4789   1.5023   1.5140   1.5228
  1.5534   1.6143   1.6735   1.6791   1.7030   1.7041   1.7673   1.7869
  1.7871   1.7910   1.7977   1.8213   1.8219   1.8259   1.8502   1.8560
  1.8631   1.8682   1.9043   1.9265   1.9565   1.9841   1.9872   1.9937
  2.0056   2.0232   2.0250   2.0541   2.0650   2.0907   2.1028   2.1159
  2.1242   2.1254   2.1394   2.1586   2.1820   2.1879   2.1971   2.2132
  2.2377   2.2865   2.3033   2.3091   2.3411   2.3548   2.3561   2.3754
  2.3852   2.4112   2.4378   2.4381   2.4389   2.4526   2.4797   2.4985
  2.5430   2.5445   2.5532   2.5905   2.6575   2.6656   2.6798   2.6844
  2.6879   2.7015   2.7513   2.7581   2.7598   2.7741   2.7953   2.8357
  2.8367   2.8407   2.8663   2.8782   2.8863   2.9270   2.9434   2.9452
  2.9628   2.9964   3.0088   3.0383   3.0465   3.0671   3.0903   3.1349
  3.1370   3.1785   3.2374   3.2388   3.2458   3.2854   3.2948   3.3463
  3.3665   3.3719   3.3766   3.3804   3.3979   3.4240   3.4491   3.4738
  3.4983   3.5201   3.5278   3.6162   3.6230   3.6454   3.6986   3.7036
  3.7290   3.7727   3.8229   3.8453   3.8620   3.8777   3.9067   3.9130
  3.9158   3.9743   3.9991   4.0037   4.0452   4.0618   4.1148   4.1308
  4.1778   4.2428   4.2460   4.2560   4.2604   4.3058   4.3306   4.4080
  4.4180   4.5078   4.5898   4.5972   4.6693   4.6755   4.7460   4.8068
  4.8111   4.8485   4.9048   4.9156   4.9496   5.0287   5.0473   5.0539
  5.1073   5.1308   5.1783   5.2201   5.2557   5.3179   5.3737   5.3808
  5.3963   5.4036   5.4606   5.5117   5.5330   5.5797   5.5808   5.5822
  5.6031   5.6556   5.6632   5.7315   5.7528   5.7652   5.7752   5.8131
  5.8244   5.8351   5.8537   5.8603   5.8784   5.8811   5.9114   5.9182
  5.9227   5.9496   5.9820   6.0092   6.0097   6.0380   6.0421   6.0471
  6.0785   6.0875   6.1222   6.1228   6.1484   6.1547   6.2164   6.2343
  6.2424   6.3012   6.3253   6.3475   6.3625   6.3647   6.3666   6.4111
  6.4138   6.4556   6.4601   6.4641   6.4645   6.4976   6.5246   6.5581
  6.5634   6.5671   6.5733   6.5921   6.6419   6.6873   6.7215   6.7291
  6.7693   6.8141   6.8323   6.8328   6.8889   6.9694   7.0049   7.0181
  7.0210   7.0394   7.1085   7.1148   7.1155   7.2190   7.2659   7.2847
  7.3128   7.3242   7.3249   7.3387   7.3891   7.4256   7.4420   7.4600
  7.4779   7.4819   7.4911   7.5285   7.5839   7.5984   7.6132   7.6391
  7.6509   7.6624   7.7172   7.7279   7.7489   7.7782   7.7799   7.8318
  7.8459   7.8599   7.8603   7.8782   7.8926   7.9285   7.9472   7.9960
  8.0319   8.0682   8.1186   8.1521   8.2043   8.2709   8.3292   8.3321
  8.3428   8.3513   8.3531   8.3747   8.3785   8.3924   8.4090   8.4118
  8.4270   8.4709   8.4929   8.5349   8.5359   8.5527   8.5807   8.6428
  8.6938   8.8223   8.8374   8.8467   8.8494   8.8616   8.8656   8.8953
  8.8954   8.9165   8.9413   8.9424   8.9518   9.0232   9.0298   9.0347
  9.0353   9.0528   9.1237   9.1351   9.1733   9.2762   9.4128   9.5076
  9.6175   9.6344   9.7033   9.7161   9.7493   9.7524   9.7805   9.8103
  9.8272   9.8562   9.8776   9.8981   9.9540   9.9801  10.0253  10.0325
 10.0963  10.1066  10.2159  10.2468  10.2689  10.2814  10.3350  10.3598
 10.3871  10.5358  10.5465  10.6588  10.7651  10.8239  10.9848  10.9859
 11.0613  11.0681  11.3967  11.4082  11.4663  11.4765  11.7665  11.7766
 11.7966  11.8526  11.8621  11.8639  12.0066  12.0491  12.1108  12.1220
 12.1332  12.1638  12.3018  12.3246  13.0482  13.0830  13.1750  13.3143
 13.4121  13.5135  14.1579  14.1740  14.3124  14.3956  28.2936  28.4871
 29.0830  29.1336  48.1868  48.2290 147.4880 147.6247 148.2817 148.3299
253.3808 253.4289
 
 Beta MOs
 -- Occupied --
-19.2342 -19.2342 -10.3175 -10.3172 -10.2453 -10.2453  -1.0902  -1.0735
 -0.7842  -0.7775  -0.6534  -0.5274  -0.5113  -0.4858  -0.4788  -0.4510
 -0.4341  -0.4329  -0.4019  -0.3868  -0.3656  -0.2934
 -- Virtual --
 -0.1773  -0.0767   0.0315   0.0461   0.0486   0.0907   0.0943   0.0952
  0.1086   0.1141   0.1204   0.1368   0.1427   0.1432   0.1463   0.1653
  0.2149   0.2169   0.2455   0.2521   0.2641   0.2821   0.2969   0.3160
  0.3171   0.3228   0.3254   0.3346   0.3406   0.3466   0.3597   0.3608
  0.3814   0.3977   0.4065   0.4311   0.4352   0.4409   0.4530   0.5179
  0.5187   0.5525   0.5698   0.5736   0.5846   0.6133   0.6164   0.6171
  0.6341   0.6417   0.6480   0.6755   0.7005   0.7023   0.7160   0.7258
  0.7612   0.7853   0.7859   0.7860   0.8009   0.8142   0.8205   0.8272
  0.8360   0.8404   0.8792   0.8883   0.9006   0.9202   0.9224   0.9266
  0.9380   0.9446   0.9760   0.9983   1.0307   1.0385   1.0446   1.0538
  1.0602   1.0787   1.0820   1.1372   1.1440   1.1593   1.1859   1.2089
  1.2104   1.2535   1.3382   1.3549   1.3637   1.3677   1.3905   1.3918
  1.3971   1.4295   1.4383   1.4484   1.4510   1.4639   1.4943   1.5181
  1.5294   1.5307   1.5610   1.6257   1.6850   1.6922   1.7116   1.7166
  1.7779   1.7922   1.7941   1.7965   1.8075   1.8297   1.8318   1.8328
  1.8576   1.8626   1.8726   1.8730   1.9111   1.9302   1.9654   1.9917
  1.9940   1.9992   2.0127   2.0298   2.0302   2.0644   2.0717   2.0962
  2.1148   2.1263   2.1302   2.1308   2.1461   2.1649   2.1868   2.1922
  2.2034   2.2198   2.2426   2.2925   2.3138   2.3173   2.3506   2.3625
  2.3655   2.3797   2.3929   2.4159   2.4452   2.4452   2.4459   2.4663
  2.4835   2.5019   2.5498   2.5528   2.5560   2.5944   2.6635   2.6737
  2.6875   2.6893   2.6909   2.7090   2.7546   2.7643   2.7679   2.7816
  2.7987   2.8430   2.8459   2.8488   2.8678   2.8826   2.8888   2.9324
  2.9497   2.9510   2.9714   3.0018   3.0262   3.0444   3.0509   3.0738
  3.1014   3.1399   3.1412   3.1885   3.2443   3.2487   3.2619   3.2991
  3.2992   3.3587   3.3785   3.3816   3.3825   3.3944   3.4101   3.4351
  3.4590   3.4786   3.5089   3.5347   3.5399   3.6248   3.6337   3.6581
  3.7103   3.7169   3.7378   3.7860   3.8321   3.8473   3.8665   3.8906
  3.9134   3.9297   3.9371   3.9890   4.0155   4.0269   4.0767   4.0842
  4.1282   4.1517   4.1854   4.2554   4.2571   4.2762   4.2790   4.3246
  4.3522   4.4206   4.4386   4.5185   4.6115   4.6167   4.6827   4.6909
  4.7562   4.8202   4.8330   4.8725   4.9248   4.9357   4.9639   5.0570
  5.0650   5.0718   5.1205   5.1510   5.1900   5.2308   5.2757   5.3363
  5.3766   5.3828   5.4108   5.4161   5.4723   5.5234   5.5411   5.5868
  5.5882   5.5987   5.6098   5.6689   5.6695   5.7402   5.7596   5.7777
  5.7885   5.8177   5.8290   5.8393   5.8618   5.8635   5.8872   5.8878
  5.9133   5.9206   5.9270   5.9568   5.9905   6.0161   6.0184   6.0431
  6.0467   6.0526   6.0838   6.0949   6.1312   6.1330   6.1577   6.1630
  6.2286   6.2415   6.2502   6.3080   6.3287   6.3516   6.3696   6.3720
  6.3747   6.4216   6.4258   6.4648   6.4649   6.4696   6.4736   6.5059
  6.5317   6.5645   6.5713   6.5798   6.5814   6.5984   6.6522   6.6966
  6.7311   6.7376   6.7760   6.8218   6.8383   6.8393   6.9003   6.9729
  7.0117   7.0275   7.0291   7.0446   7.1166   7.1201   7.1229   7.2256
  7.2713   7.2947   7.3191   7.3291   7.3312   7.3422   7.3938   7.4282
  7.4496   7.4643   7.4805   7.4878   7.5041   7.5320   7.5887   7.6043
  7.6165   7.6444   7.6540   7.6671   7.7216   7.7330   7.7528   7.7815
  7.7820   7.8354   7.8539   7.8643   7.8667   7.8836   7.8979   7.9318
  7.9554   8.0109   8.0355   8.0712   8.1237   8.1598   8.2102   8.2800
  8.3305   8.3363   8.3452   8.3527   8.3553   8.3762   8.3804   8.3939
  8.4105   8.4143   8.4311   8.4742   8.4997   8.5398   8.5415   8.5607
  8.5834   8.6469   8.7040   8.8277   8.8405   8.8846   8.8886   8.8978
  8.9006   8.9028   8.9058   8.9187   8.9453   8.9456   8.9547   9.0374
  9.0428   9.0482   9.0525   9.0572   9.1323   9.1601   9.1987   9.2863
  9.4283   9.5183   9.6294   9.6470   9.7073   9.7189   9.7594   9.7630
  9.7852   9.8132   9.8305   9.8665   9.8798   9.9101   9.9582   9.9925
 10.0408  10.0429  10.1001  10.1113  10.2241  10.2624  10.2737  10.2975
 10.3497  10.3641  10.3944  10.5369  10.5476  10.6809  10.7873  10.8441
 11.0441  11.0441  11.1181  11.1263  11.4335  11.4454  11.4986  11.5154
 11.7752  11.7818  11.8176  11.8783  11.8807  11.8876  12.0160  12.0626
 12.1610  12.1758  12.1875  12.1945  12.3643  12.3807  13.0772  13.1119
 13.2040  13.3250  13.4233  13.5424  14.1915  14.2163  14.3365  14.4113
 28.3029  28.4961  29.0858  29.1364  48.2114  48.2535 147.4900 147.6266
148.2824 148.3306 253.3878 253.4359
 --------------------------------------------------------------
 
          Ground-State Mulliken Net Atomic Charges

     Atom                 Charge (a.u.)    Spin (a.u.)
  --------------------------------------------------------
      1 C                    -0.089949       0.074755
      2 C                     0.106184       0.280029
      3 O                    -0.257389       0.627563
      4 C                     0.106183       0.280052
      5 C                    -0.089955       0.074754
      6 O                    -0.257450       0.627535
      7 H                     0.078766       0.009733
      8 H                     0.084530      -0.001860
      9 H                     0.077890       0.009783
     10 H                     0.084534      -0.001861
     11 H                     0.078766       0.009733
     12 H                     0.077889       0.009784
  --------------------------------------------------------
  Sum of atomic charges =     0.000000
  Sum of spin   charges =     2.000000

 -----------------------------------------------------------------
                    Cartesian Multipole Moments
 -----------------------------------------------------------------
    Charge (ESU x 10^10)
                 0.0000
    Dipole Moment (Debye)
         X      -0.0003      Y       0.0003      Z       0.0003
       Tot       0.0005
    Quadrupole Moments (Debye-Ang)
        XX     -30.9469     XY       1.7752     YY     -38.6115
        XZ       4.4399     YZ      -4.0562     ZZ     -37.9227
    Octopole Moments (Debye-Ang^2)
       XXX      21.7435    XXY      10.5136    XYY       7.7412
       YYY      42.4640    XXZ     -15.5415    XYZ       0.0943
       YYZ     -13.8217    XZZ      12.7443    YZZ      10.3736
       ZZZ     -49.4890
    Hexadecapole Moments (Debye-Ang^3)
      XXXX    -392.2205   XXXY      35.8108   XXYY     -95.3712
      XYYY      32.6922   YYYY    -174.5495   XXXZ     -26.8855
      XXYZ     -13.8882   XYYZ      -3.1235   YYYZ     -28.7282
      XXZZ    -109.6292   XYZZ      12.8725   YYZZ     -67.3117
      XZZZ     -19.1275   YZZZ     -25.9487   ZZZZ    -238.5471
 -----------------------------------------------------------------
 Total job time:  41.22s(wall), 1222.73s(cpu) 
 Mon Jan  6 16:16:38 2025

        *************************************************************
        *                                                           *
        *  Thank you very much for using Q-Chem.  Have a nice day.  *
        *                                                           *
        *************************************************************



Running Job 2 of 2 ca8-r1-triplet-wb97xd-r-OLYP-readSCF.in
qchem ca8-r1-triplet-wb97xd-r-OLYP-readSCF.in_3564233.1 /expanse/lustre/scratch/whughes/temp_project/job_36180395/ca8-r1-triplet-wb97xd-r-OLYP-readSCF-36180395/ 0
/cm/shared/apps/spack/0.17.3/cpu/b/opt/spack/linux-rocky8-zen2/gcc-10.2.0/qchem-6.0-rytxnwjazd34ekd2gqyi5ufsaimxsd3r/exe/qcprog.exe_s ca8-r1-triplet-wb97xd-r-OLYP-readSCF.in_3564233.1 /expanse/lustre/scratch/whughes/temp_project/job_36180395/ca8-r1-triplet-wb97xd-r-OLYP-readSCF-36180395/
                  Welcome to Q-Chem
     A Quantum Leap Into The Future Of Chemistry


 Q-Chem 6.0, Q-Chem, Inc., Pleasanton, CA (2022)

 License issued to: University of California, San Diego (site)

 E. Epifanovsky,  A. T. B. Gilbert,  Xintian Feng,  Joonho Lee,  Yuezhi Mao,  
 N. Mardirossian,  P. Pokhilko,  A. White,  M. Wormit,  M. P. Coons,  
 A. L. Dempwolff,  Zhengting Gan,  D. Hait,  P. R. Horn,  L. D. Jacobson,  
 I. Kaliman,  J. Kussmann,  A. W. Lange,  Ka Un Lao,  D. S. Levine,  Jie Liu,  
 S. C. McKenzie,  A. F. Morrison,  K. Nanda,  F. Plasser,  D. R. Rehn,  
 M. L. Vidal,  Zhi-Qiang You,  Ying Zhu,  B. Alam,  B. Albrecht,  
 A. Aldossary,  E. Alguire,  J. H. Andersen,  V. Athavale,  D. Barton,  
 K. Begam,  A. Behn,  N. Bellonzi,  Y. A. Bernard,  E. J. Berquist,  
 H. Burton,  A. Carreras,  K. Carter-Fenk,  Romit Chakraborty,  
 Chandrima Chakravarty,  Junhan Chen,  A. D. Chien,  K. D. Closser,  
 V. Cofer-Shabica,  L. Cunha,  S. Dasgupta,  Jia Deng,  M. de Wergifosse,  
 M. Diedenhofen,  Hainam Do,  S. Ehlert,  Po-Tung Fang,  S. Fatehi,  
 Qingguo Feng,  T. Friedhoff,  B. Ganoe,  J. Gayvert,  Qinghui Ge,  
 G. Gidofalvi,  M. Goldey,  J. Gomes,  C. Gonzalez-Espinoza,  S. Gulania,  
 A. Gunina,  J. A. Gyamfi,  M. W. D. Hanson-Heine,  P. H. P. Harbach,  
 A. W. Hauser,  M. F. Herbst,  M. Hernandez Vera,  M. Hodecker,  
 Z. C. Holden,  S. Houck,  Xunkun Huang,  Kerwin Hui,  B. C. Huynh,  
 K. Ikeda,  M. Ivanov,  Hyunjun Ji,  Zuxin Jin,  Hanjie Jiang,  B. Kaduk,  
 S. Kaehler,  R. Kang,  K. Khistyaev,  Jaehoon Kim,  Yongbin Kim,  
 P. Klunzinger,  Z. Koczor-Benda,  Joong Hoon Koh,  D. Kosenkov,  
 Saikiran Kotaru,  L. Koulias,  T. Kowalczyk,  C. M. Krauter,  K. Kue,  
 A. Kunitsa,  T. Kus,  A. Landau,  K. V. Lawler,  D. Lefrancois,  S. Lehtola,  
 Rain Li,  Shaozhi Li,  Yi-Pei Li,  Jiashu Liang,  M. Liebenthal,  
 Hung-Hsuan Lin,  You-Sheng Lin,  Fenglai Liu,  Kuan-Yu Liu,  
 M. Loipersberger,  A. Luenser,  C. Malbon,  A. Manjanath,  P. Manohar,  
 E. Mansoor,  S. F. Manzer,  Shan-Ping Mao,  A. V. Marenich,  T. Markovich,  
 S. Mason,  F. Matz,  S. A. Maurer,  P. F. McLaughlin,  M. F. S. J. Menger,  
 J.-M. Mewes,  S. A. Mewes,  P. Morgante,  Mohammad Mostafanejad,  
 J. W. Mullinax,  K. J. Oosterbaan,  G. Paran,  V. Parravicini,  
 Alexander C. Paul,  Suranjan K. Paul,  F. Pavosevic,  Zheng Pei,  S. Prager,  
 E. I. Proynov,  E. Ramos,  B. Rana,  A. E. Rask,  A. Rettig,  R. M. Richard,  
 F. Rob,  E. Rossomme,  T. Scheele,  M. Scheurer,  M. Schneider,  
 P. E. Schneider,  N. Sergueev,  S. M. Sharada,  Hengyuan Shen,  
 W. Skomorowski,  D. W. Small,  C. J. Stein,  Yingli Su,  Yu-Chuan Su,  
 E. J. Sundstrom,  Zhen Tao,  J. Thirman,  Hung-Yi Tsai,  T. Tsuchimochi,  
 N. M. Tubman,  C. Utku,  S. P. Veccham,  O. Vydrov,  J. Wenzel,  
 Jonathan Wong,  J. Witte,  A. Yamada,  Chou-Hsun Yang,  Kun Yao,  
 S. Yeganeh,  S. R. Yost,  A. Zech,  F. Zeller,  Igor Ying Zhang,  
 Xing Zhang,  Yu Zhang,  D. Zuev,  A. Aspuru-Guzik,  A. T. Bell,  
 N. A. Besley,  K. B. Bravaya,  B. R. Brooks,  D. Casanova,  Jeng-Da Chai,  
 Hsing-Ta Chen,  S. Coriani,  C. J. Cramer,  A. E. DePrince, III,  
 R. A. DiStasio Jr.,  A. Dreuw,  B. D. Dunietz,  T. R. Furlani,  
 W. A. Goddard III,  S. Grimme,  S. Hammes-Schiffer,  T. Head-Gordon,  
 W. J. Hehre,  Chao-Ping Hsu,  T.-C. Jagau,  Yousung Jung,  A. Klamt,  
 Jing Kong,  D. S. Lambrecht,  Xiangyuan Li,  WanZhen Liang,  N. J. Mayhall,  
 C. W. McCurdy,  J. B. Neaton,  T. Neudecker,  C. Ochsenfeld,  
 J. A. Parkhill,  R. Peverati,  V. A. Rassolov,  Haisheng Ren,  Yihan Shao,  
 L. V. Slipchenko,  R. P. Steele,  J. E. Subotnik,  A. J. W. Thom,  
 A. Tkatchenko,  D. G. Truhlar,  T. Van Voorhis,  Fan Wang,  
 T. A. Wesolowski,  K. B. Whaley,  H. L. Woodcock III,  P. M. Zimmerman,  
 S. Faraji,  P. M. W. Gill,  M. Head-Gordon,  J. M. Herbert,  A. I. Krylov

 Contributors to earlier versions of Q-Chem not listed above: 
 R. D. Adamson,  B. Austin,  R. Baer,  J. Baker,  G. J. O. Beran,  
 K. Brandhorst,  S. T. Brown,  E. F. C. Byrd,  Arup K. Chakraborty,  
 G. K. L. Chan,  Chun-Min Chang,  Yunqing Chen,  C.-L. Cheng,  
 Siu Hung Chien,  D. M. Chipman,  D. L. Crittenden,  H. Dachsel,  
 R. J. Doerksen,  A. D. Dutoi,  R. G. Edgar,  J. Fosso-Tande,  
 L. Fusti-Molnar,  D. Ghosh,  A. Ghysels,  A. Golubeva-Zadorozhnaya,  
 J. Gonthier,  M. S. Gordon,  S. R. Gwaltney,  G. Hawkins,  J. E. Herr,  
 A. Heyden,  S. Hirata,  E. G. Hohenstein,  G. Kedziora,  F. J. Keil,  
 C. Kelley,  Jihan Kim,  R. A. King,  R. Z. Khaliullin,  P. P. Korambath,  
 W. Kurlancheek,  A. Laurent,  A. M. Lee,  M. S. Lee,  S. V. Levchenko,  
 Ching Yeh Lin,  D. Liotard,  E. Livshits,  R. C. Lochan,  I. Lotan,  
 L. A. Martinez-Martinez,  P. E. Maslen,  N. Nair,  D. P. O'Neill,  
 D. Neuhauser,  E. Neuscamman,  C. M. Oana,  R. Olivares-Amaya,  R. Olson,  
 T. M. Perrine,  B. Peters,  P. A. Pieniazek,  A. Prociuk,  Y. M. Rhee,  
 J. Ritchie,  M. A. Rohrdanz,  E. Rosta,  N. J. Russ,  H. F. Schaefer III,  
 M. W. Schmidt,  N. E. Schultz,  S. Sharma,  N. Shenvi,  C. D. Sherrill,  
 A. C. Simmonett,  A. Sodt,  T. Stein,  D. Stuck,  K. S. Thanthiriwatte,  
 V. Vanovschi,  L. Vogt,  Tao Wang,  A. Warshel,  M. A. Watson,  
 C. F. Williams,  Q. Wu,  X. Xu,  Jun Yang,  W. Zhang,  Yan Zhao

   Please cite Q-Chem as follows:
  "Software for the frontiers of quantum chemistry:
   An overview of developments in the Q-Chem 5 package"
   J. Chem. Phys. 155, 084801 (2021)
   https://doi.org/10.1063/5.0055522 (open access)

 Q-Chem 6.0.2 for Intel X86 EM64T Linux

 Parts of Q-Chem use Armadillo 9.900.5 (Nocturnal Misbehaviour).
 http://arma.sourceforge.net/

 Q-Chem begins on Mon Jan  6 16:16:38 2025  

 Host: 
0

     Scratch files written to /expanse/lustre/scratch/whughes/temp_project/job_36180395/ca8-r1-triplet-wb97xd-r-OLYP-readSCF-36180395//
 Dec722 |scratch|qcdevops|jenkins|workspace|build_RNUM    
 Processing $rem in /cm/shared/apps/spack/0.17.3/cpu/b/opt/spack/linux-rocky8-zen2/gcc-10.2.0/qchem-6.0-rytxnwjazd34ekd2gqyi5ufsaimxsd3r/config/preferences:
 Processing $rem in /home/whughes/.qchemrc:

 Checking the input file for inconsistencies... 	...done.

--------------------------------------------------------------
User input:
--------------------------------------------------------------

$molecule
0 3
C    -2.0106634871   -0.2770167439   -0.3862896289
C    -0.8718397047   -0.0147194331   0.5664133619
O    -0.9928333387   0.7496417311    1.5216408744
C    0.4034277561    -0.7184566602   0.3035889071
C    1.5422519337    -0.4561634089   1.256292087
O    0.5244251689    -1.4828219466   -0.6516402604
H    -2.3245468518   0.6614517598    -0.8450884244
H    -1.672602645    -0.9792795618   -1.1474897121
H    -2.8574942835   -0.6891856706   0.163969767
H    1.2041868194    0.2461028621    2.0174870917
H    1.8561309498    -1.3946309492   1.7150957192
H    2.38908465      -0.0439955618   0.7060347845
$end

$rem
METHOD      OLYP
BASIS       def2-QZVPP
SYM_IGNORE   TRUE
DFT_D       D3
SCF_GUESS   read
MAX_SCF_CYCLES 300
$end
--------------------------------------------------------------
 Adding empirical dispersion correction 
 ----------------------------------------------------------------
 Doing -D3(BJ) with
 s6  =   1.00000
 s8  =   2.62050
 a1  =   0.52990
 a2  =   2.80650
 -D3 energy without 3body term =     -0.0505467582 hartrees
 ----------------------------------------------------------------
             Standard Nuclear Orientation (Angstroms)
    I     Atom           X                Y                Z
 ----------------------------------------------------------------
    1      C      -2.0106634871    -0.2770167439    -0.3862896289
    2      C      -0.8718397047    -0.0147194331     0.5664133619
    3      O      -0.9928333387     0.7496417311     1.5216408744
    4      C       0.4034277561    -0.7184566602     0.3035889071
    5      C       1.5422519337    -0.4561634089     1.2562920870
    6      O       0.5244251689    -1.4828219466    -0.6516402604
    7      H      -2.3245468518     0.6614517598    -0.8450884244
    8      H      -1.6726026450    -0.9792795618    -1.1474897121
    9      H      -2.8574942835    -0.6891856706     0.1639697670
   10      H       1.2041868194     0.2461028621     2.0174870917
   11      H       1.8561309498    -1.3946309492     1.7150957192
   12      H       2.3890846500    -0.0439955618     0.7060347845
 ----------------------------------------------------------------
 Nuclear Repulsion Energy =         226.90166597 hartrees
 There are       24 alpha and       22 beta electrons
 Requested basis set is def2-QZVPP
 There are 162 shells and 522 basis functions

 Total QAlloc Memory Limit   8000 MB
 Mega-Array Size       188 MB
 MEM_STATIC part       192 MB


                       Distance Matrix (Angstroms)
             C (  1)   C (  2)   O (  3)   C (  4)   C (  5)   O (  6)
   C (  2)  1.507767
   O (  3)  2.393785  1.229369
   C (  4)  2.549243  1.480078  2.364003
   C (  5)  3.918338  2.549244  2.819758  1.507767
   O (  6)  2.819761  2.364008  3.465417  1.229373  2.393785
   H (  7)  1.090753  2.135393  2.717102  3.265800  4.540594  3.570991
   H (  8)  1.089442  2.123455  3.252001  2.546284  4.048099  2.307889
   H (  9)  1.090775  2.135343  2.718539  3.264041  4.539299  3.568257
   H ( 10)  4.048093  2.546278  2.307881  2.123449  1.089442  3.251999
   H ( 11)  4.540593  3.265800  3.570984  2.135395  1.090753  2.717105
   H ( 12)  4.539301  3.264043  3.568255  2.135344  1.090775  2.718540
             H (  7)   H (  8)   H (  9)   H ( 10)   H ( 11)
   H (  8)  1.791222
   H (  9)  1.768178  1.791103
   H ( 10)  4.562764  4.449108  4.561529
   H ( 11)  5.316022  4.562770  5.012176  1.791223
   H ( 12)  5.012181  4.561536  5.313821  1.791102  1.768180
 
 A cutoff of  1.0D-09 yielded  10762 shell pairs
 There are    111354 function pairs (    167898 Cartesian)
 Smallest overlap matrix eigenvalue = 4.79E-05

 Scale SEOQF with 1.000000e-01/1.000000e-01/1.000000e-01

 Standard Electronic Orientation quadrupole field applied
 Nucleus-field energy     =     0.0000000003 hartrees
 Guess MOs from SCF MO coefficient file

 -----------------------------------------------------------------------
  General SCF calculation program by
  Eric Jon Sundstrom, Paul Horn, Yuezhi Mao, Dmitri Zuev, Alec White,
  David Stuck, Shaama M.S., Shane Yost, Joonho Lee, David Small,
  Daniel Levine, Susi Lehtola, Hugh Burton, Evgeny Epifanovsky,
  Bang C. Huynh
 -----------------------------------------------------------------------
 Exchange:  OPTX      Correlation:  LYP
 Using SG-1 standard quadrature grid
 Dispersion:   Grimme D3
 using 32 threads for integral computing
 -------------------------------------------------------
 OpenMP Integral computing Module                
 Release: version 1.0, May 2013, Q-Chem Inc. Pittsburgh 
 -------------------------------------------------------
 A unrestricted SCF calculation will be
 performed using DIIS
 SCF converges when DIIS error is below 1.0e-05
 ---------------------------------------
  Cycle       Energy         DIIS error
 ---------------------------------------
    1    -306.4970591502      4.47e-04  
    2    -306.5024459390      6.07e-05  
    3    -306.5017393689      9.37e-05  
    4    -306.5026775957      4.04e-05  
    5    -306.5027472930      2.61e-05  
    6    -306.5027944757      1.80e-05  
    7    -306.5028362730      1.32e-06  Convergence criterion met
 ---------------------------------------
 SCF time:   CPU 354.67s  wall 11.00s 
<S^2> =          2.005925259
 SCF   energy in the final basis set =     -306.5028362730
 Total energy in the final basis set =     -306.5028362730
 
 --------------------------------------------------------------
 
                    Orbital Energies (a.u.)
 --------------------------------------------------------------
 
 Alpha MOs
 -- Occupied --
-18.7994 -18.7994  -9.9889  -9.9887  -9.9223  -9.9223  -1.0047  -0.9904
 -0.7091  -0.6935  -0.5954  -0.4708  -0.4552  -0.4329  -0.4320  -0.3958
 -0.3859  -0.3755  -0.3493  -0.3475  -0.3396  -0.3020  -0.2417  -0.1513
 -- Virtual --
 -0.0151  -0.0053   0.0071   0.0510   0.0559   0.0582   0.0668   0.0707
  0.0839   0.1036   0.1059   0.1081   0.1095   0.1278   0.1721   0.1769
  0.2048   0.2074   0.2106   0.2429   0.2535   0.2639   0.2750   0.2776
  0.2782   0.2835   0.2952   0.3004   0.3126   0.3174   0.3331   0.3529
  0.3645   0.3827   0.3970   0.4044   0.4189   0.4653   0.4813   0.5066
  0.5265   0.5300   0.5463   0.5652   0.5728   0.5768   0.5874   0.5992
  0.6189   0.6404   0.6577   0.6637   0.6688   0.6860   0.7102   0.7327
  0.7382   0.7477   0.7561   0.7687   0.7779   0.7803   0.7946   0.7988
  0.8395   0.8485   0.8567   0.8757   0.8769   0.8861   0.8917   0.8944
  0.9305   0.9531   0.9884   1.0007   1.0051   1.0122   1.0249   1.0412
  1.0455   1.0896   1.0959   1.1225   1.1397   1.1551   1.1645   1.2045
  1.2823   1.2972   1.3063   1.3082   1.3166   1.3367   1.3388   1.3656
  1.3717   1.3731   1.3901   1.4075   1.4255   1.4493   1.4633   1.4753
  1.5027   1.5548   1.6162   1.6280   1.6458   1.6476   1.7077   1.7238
  1.7284   1.7309   1.7433   1.7617   1.7623   1.7653   1.7908   1.7965
  1.7974   1.8020   1.8478   1.8649   1.8980   1.9210   1.9248   1.9330
  1.9471   1.9578   1.9585   1.9877   2.0024   2.0262   2.0378   2.0515
  2.0614   2.0631   2.0819   2.0957   2.1238   2.1269   2.1409   2.1453
  2.1846   2.2230   2.2428   2.2544   2.2716   2.2888   2.2919   2.3125
  2.3187   2.3504   2.3727   2.3747   2.3780   2.3913   2.4124   2.4335
  2.4800   2.4808   2.4919   2.5288   2.5914   2.5980   2.6108   2.6217
  2.6269   2.6302   2.6851   2.6900   2.6905   2.7099   2.7365   2.7663
  2.7667   2.7715   2.8109   2.8111   2.8293   2.8633   2.8742   2.8829
  2.8912   2.9304   2.9308   2.9705   2.9839   2.9953   3.0127   3.0718
  3.0728   3.1028   3.1579   3.1617   3.1680   3.1968   3.2216   3.2668
  3.2735   3.2936   3.3010   3.3032   3.3178   3.3436   3.3759   3.4008
  3.4175   3.4362   3.4492   3.5326   3.5360   3.5578   3.6066   3.6135
  3.6462   3.6926   3.7335   3.7677   3.7758   3.7805   3.8193   3.8204
  3.8254   3.8777   3.8941   3.9100   3.9378   3.9643   4.0127   4.0253
  4.0843   4.1427   4.1511   4.1524   4.1555   4.2075   4.2250   4.3050
  4.3133   4.4132   4.4781   4.4937   4.5605   4.5750   4.6385   4.7015
  4.7054   4.7359   4.7927   4.8144   4.8452   4.9281   4.9378   4.9459
  5.0003   5.0168   5.0763   5.1166   5.1401   5.2037   5.2730   5.2803
  5.2803   5.2990   5.3530   5.4045   5.4327   5.4733   5.4767   5.4783
  5.4994   5.5525   5.5549   5.6217   5.6497   5.6607   5.6620   5.7097
  5.7283   5.7323   5.7464   5.7653   5.7742   5.7762   5.8236   5.8251
  5.8309   5.8446   5.8744   5.9018   5.9075   5.9332   5.9395   5.9455
  5.9803   5.9828   6.0201   6.0202   6.0457   6.0534   6.1127   6.1366
  6.1377   6.2024   6.2305   6.2520   6.2541   6.2638   6.2649   6.3054
  6.3075   6.3463   6.3511   6.3557   6.3583   6.3923   6.4141   6.4528
  6.4556   6.4585   6.4633   6.4826   6.5336   6.5780   6.6145   6.6206
  6.6587   6.7027   6.7259   6.7271   6.7773   6.8615   6.8963   6.8965
  6.9210   6.9286   7.0024   7.0057   7.0080   7.1083   7.1542   7.1732
  7.2051   7.2111   7.2136   7.2306   7.2762   7.3203   7.3311   7.3532
  7.3708   7.3723   7.3737   7.4196   7.4792   7.4902   7.5116   7.5316
  7.5495   7.5640   7.6184   7.6208   7.6436   7.6737   7.6751   7.7288
  7.7364   7.7544   7.7550   7.7662   7.7943   7.8299   7.8435   7.8900
  7.9329   7.9709   8.0053   8.0368   8.0987   8.1475   8.2175   8.2225
  8.2339   8.2399   8.2504   8.2672   8.2714   8.2840   8.3004   8.3091
  8.3181   8.3604   8.3831   8.4194   8.4196   8.4437   8.4743   8.5306
  8.5707   8.6906   8.6950   8.7000   8.7163   8.7170   8.7285   8.7843
  8.7879   8.8094   8.8280   8.8321   8.8435   8.8792   8.8836   8.9112
  8.9177   8.9366   8.9910   9.0050   9.0269   9.1421   9.2750   9.3739
  9.4781   9.4948   9.5720   9.5896   9.6116   9.6203   9.6608   9.6894
  9.7018   9.7288   9.7560   9.7585   9.8251   9.8478   9.8787   9.8994
  9.9669   9.9801  10.0797  10.0976  10.1156  10.1511  10.1854  10.2360
 10.2579  10.4122  10.4230  10.5013  10.6061  10.6706  10.8053  10.8072
 10.8840  10.8894  11.2203  11.2311  11.2943  11.3007  11.6145  11.6182
 11.6456  11.6728  11.6862  11.7056  11.8641  11.9074  11.9268  11.9381
 11.9634  11.9857  12.1190  12.1485  12.8664  12.9013  13.0031  13.1651
 13.2683  13.3477  13.9679  13.9849  14.1280  14.2114  28.0311  28.2239
 28.8134  28.8640  47.8373  47.8794 146.9011 147.0377 147.6868 147.7350
252.6081 252.6563
 
 Beta MOs
 -- Occupied --
-18.7869 -18.7869  -9.9860  -9.9859  -9.9214  -9.9214  -0.9762  -0.9610
 -0.6924  -0.6858  -0.5742  -0.4541  -0.4380  -0.4138  -0.4133  -0.3877
 -0.3713  -0.3662  -0.3412  -0.3284  -0.3089  -0.2570
 -- Virtual --
 -0.1969  -0.1090  -0.0041   0.0081   0.0101   0.0517   0.0576   0.0588
  0.0725   0.0730   0.0867   0.1044   0.1085   0.1097   0.1118   0.1293
  0.1765   0.1779   0.2078   0.2148   0.2199   0.2468   0.2595   0.2739
  0.2811   0.2814   0.2855   0.2872   0.3018   0.3021   0.3170   0.3202
  0.3395   0.3590   0.3679   0.3909   0.4000   0.4064   0.4247   0.4738
  0.4854   0.5136   0.5301   0.5343   0.5532   0.5726   0.5774   0.5816
  0.5934   0.6029   0.6203   0.6433   0.6627   0.6705   0.6724   0.6890
  0.7209   0.7440   0.7520   0.7522   0.7600   0.7714   0.7818   0.7830
  0.7995   0.8025   0.8431   0.8534   0.8640   0.8810   0.8872   0.8882
  0.8964   0.9060   0.9349   0.9622   0.9932   1.0025   1.0069   1.0167
  1.0281   1.0441   1.0472   1.0966   1.0993   1.1268   1.1467   1.1664
  1.1696   1.2111   1.2908   1.3103   1.3118   1.3210   1.3378   1.3438
  1.3448   1.3740   1.3904   1.3935   1.4013   1.4136   1.4413   1.4655
  1.4793   1.4796   1.5105   1.5665   1.6292   1.6406   1.6551   1.6590
  1.7179   1.7290   1.7337   1.7367   1.7525   1.7708   1.7715   1.7730
  1.7970   1.8017   1.8063   1.8071   1.8546   1.8686   1.9086   1.9295
  1.9323   1.9385   1.9542   1.9636   1.9666   2.0012   2.0098   2.0314
  2.0493   2.0612   2.0681   2.0687   2.0904   2.1027   2.1313   2.1319
  2.1448   2.1530   2.1902   2.2299   2.2548   2.2637   2.2819   2.2996
  2.3003   2.3179   2.3282   2.3559   2.3823   2.3841   2.3857   2.4075
  2.4167   2.4377   2.4872   2.4913   2.4948   2.5335   2.5990   2.6086
  2.6197   2.6273   2.6296   2.6387   2.6938   2.6953   2.6982   2.7181
  2.7404   2.7758   2.7775   2.7803   2.8128   2.8166   2.8323   2.8709
  2.8833   2.8885   2.9005   2.9391   2.9499   2.9766   2.9895   3.0028
  3.0249   3.0777   3.0789   3.1132   3.1701   3.1760   3.1807   3.2132
  3.2270   3.2796   3.2993   3.3026   3.3073   3.3104   3.3315   3.3570
  3.3867   3.4068   3.4307   3.4525   3.4633   3.5426   3.5489   3.5717
  3.6219   3.6285   3.6561   3.7045   3.7476   3.7704   3.7850   3.7987
  3.8310   3.8337   3.8408   3.8958   3.9209   3.9230   3.9744   3.9808
  4.0279   4.0491   4.0932   4.1584   4.1632   4.1756   4.1772   4.2244
  4.2478   4.3202   4.3360   4.4249   4.5029   4.5173   4.5772   4.5937
  4.6525   4.7179   4.7317   4.7654   4.8176   4.8364   4.8633   4.9584
  4.9613   4.9674   5.0159   5.0414   5.0909   5.1309   5.1648   5.2263
  5.2775   5.2837   5.3053   5.3087   5.3677   5.4204   5.4436   5.4841
  5.4860   5.5001   5.5100   5.5638   5.5688   5.6335   5.6589   5.6781
  5.6802   5.7165   5.7348   5.7383   5.7572   5.7693   5.7843   5.7878
  5.8277   5.8294   5.8342   5.8541   5.8858   5.9111   5.9181   5.9403
  5.9458   5.9530   5.9876   5.9925   6.0333   6.0338   6.0585   6.0651
  6.1289   6.1468   6.1485   6.2114   6.2353   6.2591   6.2648   6.2719
  6.2748   6.3174   6.3250   6.3580   6.3581   6.3659   6.3687   6.4026
  6.4243   6.4611   6.4653   6.4741   6.4750   6.4918   6.5476   6.5900
  6.6271   6.6322   6.6681   6.7133   6.7340   6.7373   6.7916   6.8674
  6.9069   6.9119   6.9298   6.9365   7.0137   7.0165   7.0177   7.1181
  7.1625   7.1863   7.2134   7.2201   7.2209   7.2354   7.2844   7.3243
  7.3412   7.3594   7.3747   7.3812   7.3903   7.4248   7.4862   7.4989
  7.5165   7.5405   7.5546   7.5704   7.6244   7.6284   7.6487   7.6782
  7.6788   7.7343   7.7462   7.7606   7.7639   7.7745   7.8024   7.8344
  7.8561   7.9084   7.9390   7.9755   8.0130   8.0484   8.1083   8.1603
  8.2198   8.2294   8.2375   8.2423   8.2538   8.2694   8.2741   8.2865
  8.3029   8.3128   8.3239   8.3652   8.3933   8.4264   8.4270   8.4560
  8.4781   8.5368   8.5860   8.7153   8.7331   8.7406   8.7437   8.7552
  8.7591   8.7907   8.7908   8.8128   8.8352   8.8361   8.8476   8.9068
  8.9135   8.9238   8.9245   8.9436   9.0148   9.0179   9.0563   9.1569
  9.2955   9.3890   9.4957   9.5135   9.5807   9.5940   9.6295   9.6306
  9.6676   9.6941   9.7067   9.7387   9.7615   9.7747   9.8344   9.8598
  9.9014   9.9092   9.9727   9.9866  10.0933  10.1213  10.1411  10.1567
 10.2047  10.2420  10.2668  10.4148  10.4255  10.5321  10.6369  10.6985
 10.8733  10.8741  10.9493  10.9563  11.2668  11.2779  11.3358  11.3489
 11.6341  11.6510  11.6534  11.7099  11.7197  11.7257  11.8792  11.9269
 11.9975  12.0118  12.0237  12.0265  12.2006  12.2197  12.9130  12.9478
 13.0483  13.1848  13.2824  13.3864  14.0228  14.0510  14.1697  14.2417
 28.0424  28.2351  28.8167  28.8673  47.8634  47.9054 146.9019 147.0385
147.6872 147.7354 252.6165 252.6647
 --------------------------------------------------------------
 
          Ground-State Mulliken Net Atomic Charges

     Atom                 Charge (a.u.)    Spin (a.u.)
  --------------------------------------------------------
      1 C                    -0.007271       0.071757
      2 C                     0.129641       0.293082
      3 O                    -0.269941       0.612043
      4 C                     0.129640       0.293080
      5 C                    -0.007222       0.071760
      6 O                    -0.269927       0.612063
      7 H                     0.035523       0.007644
      8 H                     0.077812       0.007794
      9 H                     0.034222       0.007669
     10 H                     0.077789       0.007794
     11 H                     0.035516       0.007644
     12 H                     0.034219       0.007670
  --------------------------------------------------------
  Sum of atomic charges =     0.000000
  Sum of spin   charges =     2.000000

 -----------------------------------------------------------------
                    Cartesian Multipole Moments
 -----------------------------------------------------------------
    Charge (ESU x 10^10)
                 0.0000
    Dipole Moment (Debye)
         X       0.0001      Y      -0.0001      Z      -0.0001
       Tot       0.0001
    Quadrupole Moments (Debye-Ang)
        XX     -31.5795     XY       1.7547     YY     -38.5796
        XZ       4.1276     YZ      -3.8987     ZZ     -37.9729
    Octopole Moments (Debye-Ang^2)
       XXX      22.1884    XXY      10.7547    XYY       7.7491
       YYY      42.4286    XXZ     -15.6705    XYZ       0.1633
       YYZ     -13.9238    XZZ      12.4844    YZZ      10.5285
       ZZZ     -49.5548
    Hexadecapole Moments (Debye-Ang^3)
      XXXX    -402.2815   XXXY      35.4203   XXYY     -97.0467
      XYYY      33.1074   YYYY    -175.8780   XXXZ     -28.6129
      XXYZ     -13.2634   XYYZ      -3.8513   YYYZ     -28.3593
      XXZZ    -111.5225   XYZZ      13.2244   YYZZ     -68.3654
      XZZZ     -20.7977   YZZZ     -25.7904   ZZZZ    -241.0695
 -----------------------------------------------------------------
 Total job time:  12.27s(wall), 371.01s(cpu) 
 Mon Jan  6 16:16:50 2025

        *************************************************************
        *                                                           *
        *  Thank you very much for using Q-Chem.  Have a nice day.  *
        *                                                           *
        *************************************************************


