
Running Job 1 of 1 s3-p1-doublet-wb97xd-OLYP.in
qchem s3-p1-doublet-wb97xd-OLYP.in_2028523.0 /expanse/lustre/scratch/whughes/temp_project/job_32713664/s3-p1-doublet-wb97xd-OLYP-32713664/ 0
/cm/shared/apps/spack/0.17.3/cpu/b/opt/spack/linux-rocky8-zen2/gcc-10.2.0/qchem-6.0-rytxnwjazd34ekd2gqyi5ufsaimxsd3r/exe/qcprog.exe_s s3-p1-doublet-wb97xd-OLYP.in_2028523.0 /expanse/lustre/scratch/whughes/temp_project/job_32713664/s3-p1-doublet-wb97xd-OLYP-32713664/
                  Welcome to Q-Chem
     A Quantum Leap Into The Future Of Chemistry


 Q-Chem 6.0, Q-Chem, Inc., Pleasanton, CA (2022)

 License issued to: University of California, San Diego (site)

 E. Epifanovsky,  A. T. B. Gilbert,  Xintian Feng,  Joonho Lee,  Yuezhi Mao,  
 N. Mardirossian,  P. Pokhilko,  A. White,  M. Wormit,  M. P. Coons,  
 A. L. Dempwolff,  Zhengting Gan,  D. Hait,  P. R. Horn,  L. D. Jacobson,  
 I. Kaliman,  J. Kussmann,  A. W. Lange,  Ka Un Lao,  D. S. Levine,  Jie Liu,  
 S. C. McKenzie,  A. F. Morrison,  K. Nanda,  F. Plasser,  D. R. Rehn,  
 M. L. Vidal,  Zhi-Qiang You,  Ying Zhu,  B. Alam,  B. Albrecht,  
 A. Aldossary,  E. Alguire,  J. H. Andersen,  V. Athavale,  D. Barton,  
 K. Begam,  A. Behn,  N. Bellonzi,  Y. A. Bernard,  E. J. Berquist,  
 H. Burton,  A. Carreras,  K. Carter-Fenk,  Romit Chakraborty,  
 Chandrima Chakravarty,  Junhan Chen,  A. D. Chien,  K. D. Closser,  
 V. Cofer-Shabica,  L. Cunha,  S. Dasgupta,  Jia Deng,  M. de Wergifosse,  
 M. Diedenhofen,  Hainam Do,  S. Ehlert,  Po-Tung Fang,  S. Fatehi,  
 Qingguo Feng,  T. Friedhoff,  B. Ganoe,  J. Gayvert,  Qinghui Ge,  
 G. Gidofalvi,  M. Goldey,  J. Gomes,  C. Gonzalez-Espinoza,  S. Gulania,  
 A. Gunina,  J. A. Gyamfi,  M. W. D. Hanson-Heine,  P. H. P. Harbach,  
 A. W. Hauser,  M. F. Herbst,  M. Hernandez Vera,  M. Hodecker,  
 Z. C. Holden,  S. Houck,  Xunkun Huang,  Kerwin Hui,  B. C. Huynh,  
 K. Ikeda,  M. Ivanov,  Hyunjun Ji,  Zuxin Jin,  Hanjie Jiang,  B. Kaduk,  
 S. Kaehler,  R. Kang,  K. Khistyaev,  Jaehoon Kim,  Yongbin Kim,  
 P. Klunzinger,  Z. Koczor-Benda,  Joong Hoon Koh,  D. Kosenkov,  
 Saikiran Kotaru,  L. Koulias,  T. Kowalczyk,  C. M. Krauter,  K. Kue,  
 A. Kunitsa,  T. Kus,  A. Landau,  K. V. Lawler,  D. Lefrancois,  S. Lehtola,  
 Rain Li,  Shaozhi Li,  Yi-Pei Li,  Jiashu Liang,  M. Liebenthal,  
 Hung-Hsuan Lin,  You-Sheng Lin,  Fenglai Liu,  Kuan-Yu Liu,  
 M. Loipersberger,  A. Luenser,  C. Malbon,  A. Manjanath,  P. Manohar,  
 E. Mansoor,  S. F. Manzer,  Shan-Ping Mao,  A. V. Marenich,  T. Markovich,  
 S. Mason,  F. Matz,  S. A. Maurer,  P. F. McLaughlin,  M. F. S. J. Menger,  
 J.-M. Mewes,  S. A. Mewes,  P. Morgante,  Mohammad Mostafanejad,  
 J. W. Mullinax,  K. J. Oosterbaan,  G. Paran,  V. Parravicini,  
 Alexander C. Paul,  Suranjan K. Paul,  F. Pavosevic,  Zheng Pei,  S. Prager,  
 E. I. Proynov,  E. Ramos,  B. Rana,  A. E. Rask,  A. Rettig,  R. M. Richard,  
 F. Rob,  E. Rossomme,  T. Scheele,  M. Scheurer,  M. Schneider,  
 P. E. Schneider,  N. Sergueev,  S. M. Sharada,  Hengyuan Shen,  
 W. Skomorowski,  D. W. Small,  C. J. Stein,  Yingli Su,  Yu-Chuan Su,  
 E. J. Sundstrom,  Zhen Tao,  J. Thirman,  Hung-Yi Tsai,  T. Tsuchimochi,  
 N. M. Tubman,  C. Utku,  S. P. Veccham,  O. Vydrov,  J. Wenzel,  
 Jonathan Wong,  J. Witte,  A. Yamada,  Chou-Hsun Yang,  Kun Yao,  
 S. Yeganeh,  S. R. Yost,  A. Zech,  F. Zeller,  Igor Ying Zhang,  
 Xing Zhang,  Yu Zhang,  D. Zuev,  A. Aspuru-Guzik,  A. T. Bell,  
 N. A. Besley,  K. B. Bravaya,  B. R. Brooks,  D. Casanova,  Jeng-Da Chai,  
 Hsing-Ta Chen,  S. Coriani,  C. J. Cramer,  A. E. DePrince, III,  
 R. A. DiStasio Jr.,  A. Dreuw,  B. D. Dunietz,  T. R. Furlani,  
 W. A. Goddard III,  S. Grimme,  S. Hammes-Schiffer,  T. Head-Gordon,  
 W. J. Hehre,  Chao-Ping Hsu,  T.-C. Jagau,  Yousung Jung,  A. Klamt,  
 Jing Kong,  D. S. Lambrecht,  Xiangyuan Li,  WanZhen Liang,  N. J. Mayhall,  
 C. W. McCurdy,  J. B. Neaton,  T. Neudecker,  C. Ochsenfeld,  
 J. A. Parkhill,  R. Peverati,  V. A. Rassolov,  Haisheng Ren,  Yihan Shao,  
 L. V. Slipchenko,  R. P. Steele,  J. E. Subotnik,  A. J. W. Thom,  
 A. Tkatchenko,  D. G. Truhlar,  T. Van Voorhis,  Fan Wang,  
 T. A. Wesolowski,  K. B. Whaley,  H. L. Woodcock III,  P. M. Zimmerman,  
 S. Faraji,  P. M. W. Gill,  M. Head-Gordon,  J. M. Herbert,  A. I. Krylov

 Contributors to earlier versions of Q-Chem not listed above: 
 R. D. Adamson,  B. Austin,  R. Baer,  J. Baker,  G. J. O. Beran,  
 K. Brandhorst,  S. T. Brown,  E. F. C. Byrd,  Arup K. Chakraborty,  
 G. K. L. Chan,  Chun-Min Chang,  Yunqing Chen,  C.-L. Cheng,  
 Siu Hung Chien,  D. M. Chipman,  D. L. Crittenden,  H. Dachsel,  
 R. J. Doerksen,  A. D. Dutoi,  R. G. Edgar,  J. Fosso-Tande,  
 L. Fusti-Molnar,  D. Ghosh,  A. Ghysels,  A. Golubeva-Zadorozhnaya,  
 J. Gonthier,  M. S. Gordon,  S. R. Gwaltney,  G. Hawkins,  J. E. Herr,  
 A. Heyden,  S. Hirata,  E. G. Hohenstein,  G. Kedziora,  F. J. Keil,  
 C. Kelley,  Jihan Kim,  R. A. King,  R. Z. Khaliullin,  P. P. Korambath,  
 W. Kurlancheek,  A. Laurent,  A. M. Lee,  M. S. Lee,  S. V. Levchenko,  
 Ching Yeh Lin,  D. Liotard,  E. Livshits,  R. C. Lochan,  I. Lotan,  
 L. A. Martinez-Martinez,  P. E. Maslen,  N. Nair,  D. P. O'Neill,  
 D. Neuhauser,  E. Neuscamman,  C. M. Oana,  R. Olivares-Amaya,  R. Olson,  
 T. M. Perrine,  B. Peters,  P. A. Pieniazek,  A. Prociuk,  Y. M. Rhee,  
 J. Ritchie,  M. A. Rohrdanz,  E. Rosta,  N. J. Russ,  H. F. Schaefer III,  
 M. W. Schmidt,  N. E. Schultz,  S. Sharma,  N. Shenvi,  C. D. Sherrill,  
 A. C. Simmonett,  A. Sodt,  T. Stein,  D. Stuck,  K. S. Thanthiriwatte,  
 V. Vanovschi,  L. Vogt,  Tao Wang,  A. Warshel,  M. A. Watson,  
 C. F. Williams,  Q. Wu,  X. Xu,  Jun Yang,  W. Zhang,  Yan Zhao

   Please cite Q-Chem as follows:
  "Software for the frontiers of quantum chemistry:
   An overview of developments in the Q-Chem 5 package"
   J. Chem. Phys. 155, 084801 (2021)
   https://doi.org/10.1063/5.0055522 (open access)

 Q-Chem 6.0.2 for Intel X86 EM64T Linux

 Parts of Q-Chem use Armadillo 9.900.5 (Nocturnal Misbehaviour).
 http://arma.sourceforge.net/

 Q-Chem begins on Fri Aug  2 09:11:35 2024  

 Host: 
0

     Scratch files written to /expanse/lustre/scratch/whughes/temp_project/job_32713664/s3-p1-doublet-wb97xd-OLYP-32713664//
 Dec722 |scratch|qcdevops|jenkins|workspace|build_RNUM    
 Processing $rem in /cm/shared/apps/spack/0.17.3/cpu/b/opt/spack/linux-rocky8-zen2/gcc-10.2.0/qchem-6.0-rytxnwjazd34ekd2gqyi5ufsaimxsd3r/config/preferences:
 Processing $rem in /home/whughes/.qchemrc:

 Checking the input file for inconsistencies... 	...done.

--------------------------------------------------------------
User input:
--------------------------------------------------------------
$molecule
0 2
C    0.3199481259    0.0115809631    1.8377418922
C    0.4876252812    -1.3461487648   1.6050097568
C    0.3304573491    -1.8653912633   0.3277367549
C    0.0068345504    -1.029021084    -0.7278793187
C    -0.1668285168   0.3233319124    -0.474748381
C    -0.003666797    0.8613958781    0.7928967599
S    -0.5314892225   1.4189520121    -1.839446184
O    -1.1473570332   0.6411226413    -2.8921369857
O    -1.1545011537   2.6115557437    -1.3083216452
H    0.4387610991    0.4113506286    2.8362296297
H    0.7416330375    -2.0048280666   2.4256017331
H    0.4575063304    -2.9254899597   0.1518041638
H    -0.1290743248   -1.4152537301   -1.7288489173
H    -0.1476127256   1.9209270891    0.9549197415
$end

$rem
METHOD      OLYP
BASIS       def2-QZVPP
SYM_IGNORE   TRUE
DFT_D       D3
MAX_SCF_CYCLES 300
$end

$end
--------------------------------------------------------------
 Adding empirical dispersion correction 
 ----------------------------------------------------------------
 Doing -D3(BJ) with
 s6  =   1.00000
 s8  =   2.62050
 a1  =   0.52990
 a2  =   2.80650
 -D3 energy without 3body term =     -0.0871328767 hartrees
 ----------------------------------------------------------------
             Standard Nuclear Orientation (Angstroms)
    I     Atom           X                Y                Z
 ----------------------------------------------------------------
    1      C       0.3199481259     0.0115809631     1.8377418922
    2      C       0.4876252812    -1.3461487648     1.6050097568
    3      C       0.3304573491    -1.8653912633     0.3277367549
    4      C       0.0068345504    -1.0290210840    -0.7278793187
    5      C      -0.1668285168     0.3233319124    -0.4747483810
    6      C      -0.0036667970     0.8613958781     0.7928967599
    7      S      -0.5314892225     1.4189520121    -1.8394461840
    8      O      -1.1473570332     0.6411226413    -2.8921369857
    9      O      -1.1545011537     2.6115557437    -1.3083216452
   10      H       0.4387610991     0.4113506286     2.8362296297
   11      H       0.7416330375    -2.0048280666     2.4256017331
   12      H       0.4575063304    -2.9254899597     0.1518041638
   13      H      -0.1290743248    -1.4152537301    -1.7288489173
   14      H      -0.1476127256     1.9209270891     0.9549197415
 ----------------------------------------------------------------
 Nuclear Repulsion Energy =         506.01755476 hartrees
 There are       37 alpha and       36 beta electrons
 Requested basis set is def2-QZVPP
 There are 208 shells and 676 basis functions

 Total QAlloc Memory Limit   8000 MB
 Mega-Array Size       188 MB
 MEM_STATIC part       192 MB


                       Distance Matrix (Angstroms)
             C (  1)   C (  2)   C (  3)   C (  4)   C (  5)   C (  6)
   C (  2)  1.387699
   C (  3)  2.408994  1.387711
   C (  4)  2.786271  2.402936  1.385125
   C (  5)  2.383642  2.746064  2.383649  1.386756
   C (  6)  1.385140  2.402946  2.786284  2.426221  1.386744
   S (  7)  4.028319  4.533062  4.028219  2.741887  1.787669  2.742024
   O (  8)  4.992100  5.181384  4.339831  2.967415  2.627964  3.864715
   O (  9)  4.339537  5.181458  4.992479  3.865154  2.627986  2.966917
   H ( 10)  1.082086  2.146414  3.389369  3.868346  3.367055  2.138573
   H ( 11)  2.142266  1.082474  2.142322  3.381800  3.828533  3.381780
   H ( 12)  3.389350  2.146400  1.082083  2.138584  3.367077  3.868357
   H ( 13)  3.867564  3.391122  2.154841  1.081474  2.144032  3.399715
   H ( 14)  2.154899  3.391155  3.867572  3.399685  2.143975  1.081470
             S (  7)   O (  8)   O (  9)   H ( 10)   H ( 11)   H ( 12)
   O (  8)  1.446537
   O (  9)  1.446562  2.528068
   H ( 10)  4.880429  5.948340  4.955471
   H ( 11)  5.615491  6.232791  6.232857  2.469467
   H ( 12)  4.880304  4.955995  5.948900  4.282639  2.469514
   H ( 13)  2.864767  2.572707  4.176546  4.949633  4.285463  2.482287
   H ( 14)  2.864930  4.175791  2.571586  2.482334  4.285466  4.949639
             H ( 13)
   H ( 14)  4.281712
 
 A cutoff of  1.0D-09 yielded  16214 shell pairs
 There are    172690 function pairs (    262637 Cartesian)
 Smallest overlap matrix eigenvalue = 6.36E-06

 Q-Chem warning in module stvman/mkSTV.C, line 305:

 Overlap eigenvalue is smaller than square root of threshold
 Use THRESH >= 12 to get rid of this warning


 Scale SEOQF with 1.000000e-01/1.000000e-01/1.000000e-01

 Standard Electronic Orientation quadrupole field applied
 Nucleus-field energy     =    -0.0000000092 hartrees
 Guess from superposition of atomic densities
 Warning:  Energy on first SCF cycle will be non-variational
 SAD guess density has 73.000000 electrons

 -----------------------------------------------------------------------
  General SCF calculation program by
  Eric Jon Sundstrom, Paul Horn, Yuezhi Mao, Dmitri Zuev, Alec White,
  David Stuck, Shaama M.S., Shane Yost, Joonho Lee, David Small,
  Daniel Levine, Susi Lehtola, Hugh Burton, Evgeny Epifanovsky,
  Bang C. Huynh
 -----------------------------------------------------------------------
 Exchange:  OPTX      Correlation:  LYP
 Using SG-1 standard quadrature grid
 Dispersion:   Grimme D3
 using 32 threads for integral computing
 -------------------------------------------------------
 OpenMP Integral computing Module                
 Release: version 1.0, May 2013, Q-Chem Inc. Pittsburgh 
 -------------------------------------------------------
 A unrestricted SCF calculation will be
 performed using DIIS
 SCF converges when DIIS error is below 1.0e-05
 ---------------------------------------
  Cycle       Energy         DIIS error
 ---------------------------------------
    1    -782.3511384633      7.86e-03  
    2    -780.0927495658      1.27e-03  
    3    -779.0163805547      2.74e-03  
    4    -780.3748930339      4.16e-04  
    5    -780.3999573075      2.72e-04  
    6    -780.4160022633      7.47e-05  
    7    -780.4169726808      3.23e-05  
    8    -780.4172245246      9.55e-06  Convergence criterion met
 ---------------------------------------
 SCF time:   CPU 813.74s  wall 26.00s 
<S^2> =          0.752511925
 SCF   energy in the final basis set =     -780.4172245246
 Total energy in the final basis set =     -780.4172245246
 
 --------------------------------------------------------------
 
                    Orbital Energies (a.u.)
 --------------------------------------------------------------
 
 Alpha MOs
 -- Occupied --
-88.1912 -18.7840 -18.7839  -9.9599  -9.9375  -9.9375  -9.9337  -9.9329
 -9.9328  -7.8345  -5.8483  -5.8478  -5.8477  -1.0346  -0.9466  -0.8200
 -0.7250  -0.7117  -0.6183  -0.5783  -0.5442  -0.4957  -0.4456  -0.4394
 -0.4286  -0.4181  -0.4124  -0.4028  -0.3595  -0.3462  -0.3297  -0.3112
 -0.3046  -0.2891  -0.2628  -0.2567  -0.2028
 -- Virtual --
 -0.0779  -0.0641  -0.0142   0.0090   0.0172   0.0286   0.0357   0.0529
  0.0596   0.0676   0.0694   0.0810   0.0898   0.0967   0.1175   0.1200
  0.1310   0.1348   0.1408   0.1478   0.1661   0.1750   0.1818   0.2012
  0.2054   0.2134   0.2241   0.2339   0.2370   0.2426   0.2444   0.2584
  0.2625   0.2740   0.2757   0.2826   0.2935   0.3040   0.3160   0.3262
  0.3303   0.3516   0.3637   0.3769   0.3799   0.3844   0.3991   0.4123
  0.4218   0.4247   0.4316   0.4361   0.4397   0.4493   0.4711   0.4725
  0.4896   0.5014   0.5084   0.5264   0.5358   0.5457   0.5533   0.5628
  0.5801   0.6070   0.6121   0.6398   0.6401   0.6531   0.6555   0.6720
  0.6809   0.6899   0.7095   0.7127   0.7183   0.7208   0.7368   0.7577
  0.7604   0.7722   0.7874   0.7917   0.8008   0.8124   0.8295   0.8362
  0.8496   0.8499   0.8604   0.8661   0.8675   0.8796   0.8959   0.8985
  0.9087   0.9436   0.9444   0.9522   0.9528   0.9607   0.9748   0.9873
  0.9929   1.0069   1.0162   1.0284   1.0291   1.0380   1.0442   1.0841
  1.0928   1.0967   1.0977   1.1150   1.1168   1.1494   1.1562   1.1838
  1.1861   1.1894   1.2187   1.2201   1.2363   1.2608   1.2692   1.3033
  1.3050   1.3337   1.3457   1.3505   1.3614   1.3725   1.3980   1.4042
  1.4160   1.4252   1.4402   1.4569   1.4746   1.4870   1.4936   1.5102
  1.5256   1.5402   1.5428   1.5606   1.5678   1.5788   1.5907   1.5961
  1.6121   1.6492   1.6606   1.6723   1.6802   1.6974   1.7135   1.7328
  1.7347   1.7648   1.7700   1.7740   1.7925   1.7928   1.8015   1.8416
  1.8525   1.8527   1.8655   1.8813   1.8921   1.8990   1.8999   1.9091
  1.9336   1.9356   1.9494   1.9540   1.9832   1.9864   2.0075   2.0340
  2.0392   2.0510   2.0592   2.0818   2.0900   2.0989   2.1084   2.1212
  2.1266   2.1285   2.1419   2.1536   2.1639   2.1860   2.2060   2.2149
  2.2300   2.2410   2.2479   2.2659   2.2711   2.2981   2.3158   2.3496
  2.3578   2.3615   2.3695   2.3886   2.3946   2.4059   2.4138   2.4162
  2.4315   2.4525   2.4791   2.4852   2.4999   2.5082   2.5220   2.5338
  2.5515   2.5664   2.5713   2.5740   2.5801   2.5968   2.6146   2.6198
  2.6229   2.6534   2.6690   2.6732   2.6876   2.6945   2.7070   2.7090
  2.7319   2.7411   2.7433   2.7483   2.7623   2.7912   2.8243   2.8384
  2.8752   2.8775   2.8845   2.9003   2.9118   2.9703   2.9742   3.0056
  3.0077   3.0188   3.0299   3.0484   3.0613   3.0782   3.0784   3.1203
  3.1286   3.1293   3.1461   3.1574   3.1919   3.2043   3.2078   3.2580
  3.2720   3.2758   3.2864   3.2992   3.3173   3.3218   3.3447   3.3652
  3.3677   3.3797   3.3922   3.3993   3.4156   3.4449   3.4520   3.4623
  3.4796   3.4823   3.4883   3.5082   3.5209   3.5516   3.5767   3.5931
  3.6231   3.6561   3.6674   3.6995   3.7403   3.7499   3.7755   3.7883
  3.8028   3.8280   3.8313   3.8505   3.8995   3.9145   3.9267   3.9390
  3.9485   3.9827   3.9929   3.9995   4.0180   4.0439   4.0564   4.0797
  4.0890   4.1319   4.2029   4.2327   4.2557   4.2635   4.2700   4.2916
  4.3047   4.4258   4.4512   4.4725   4.4923   4.5027   4.5377   4.5817
  4.6217   4.6475   4.6541   4.7073   4.7320   4.7474   4.7743   4.7786
  4.7850   4.8116   4.8480   4.8534   4.8897   4.8910   4.9433   4.9485
  4.9643   4.9731   4.9935   4.9967   5.0336   5.0424   5.0597   5.1070
  5.1220   5.1463   5.1659   5.1777   5.1948   5.2277   5.2517   5.2526
  5.2803   5.2836   5.3041   5.3146   5.3325   5.3424   5.3558   5.4128
  5.4210   5.4223   5.4328   5.4614   5.4741   5.5505   5.5513   5.5732
  5.5858   5.6048   5.6232   5.6604   5.7047   5.7100   5.7543   5.7739
  5.7896   5.7940   5.8032   5.8239   5.8456   5.8590   5.8918   5.9203
  5.9321   5.9545   5.9588   5.9623   5.9872   6.0109   6.0154   6.0179
  6.0294   6.0388   6.0598   6.0902   6.0938   6.1185   6.1368   6.1456
  6.1543   6.1586   6.1716   6.1951   6.2028   6.2043   6.2128   6.2657
  6.2962   6.3030   6.3074   6.3224   6.3539   6.3877   6.4285   6.4311
  6.4518   6.4592   6.4762   6.5095   6.5188   6.5230   6.5462   6.5593
  6.5815   6.5951   6.6099   6.6135   6.6332   6.6468   6.6578   6.6632
  6.6958   6.7435   6.7442   6.8265   6.8363   6.8638   6.8776   6.8894
  6.9168   6.9568   6.9664   7.0045   7.0160   7.0542   7.0543   7.0803
  7.0918   7.1804   7.2181   7.2190   7.2917   7.3010   7.3248   7.3412
  7.3531   7.3535   7.3644   7.4195   7.4330   7.4507   7.4732   7.4748
  7.5208   7.5588   7.5756   7.6034   7.6162   7.6875   7.7182   7.7584
  7.7620   7.7734   7.7924   7.8493   7.8686   7.8748   7.8947   7.9260
  7.9956   8.0113   8.0295   8.0395   8.0523   8.0832   8.0888   8.1006
  8.1267   8.1331   8.1747   8.2007   8.2092   8.2253   8.2262   8.2518
  8.2602   8.2885   8.2986   8.2989   8.3137   8.3414   8.3636   8.3838
  8.3882   8.4161   8.4475   8.4792   8.4971   8.5178   8.5312   8.5831
  8.5860   8.6059   8.6155   8.6607   8.6659   8.6822   8.7008   8.7026
  8.7047   8.7052   8.7351   8.7367   8.7690   8.7968   8.8199   8.8262
  8.8277   8.8403   8.8806   8.9163   8.9308   8.9849   9.0121   9.0713
  9.1789   9.2680   9.3565   9.4095   9.4138   9.4281   9.4740   9.4766
  9.5195   9.5447   9.6056   9.6139   9.6541   9.7146   9.7187   9.7551
  9.7832   9.9186   9.9320   9.9626   9.9737  10.0185  10.0479  10.0563
 10.1728  10.1897  10.2241  10.2669  10.4715  10.6341  10.6504  10.7114
 10.7966  10.7968  10.8223  10.8259  10.8455  11.0371  11.0658  11.1380
 11.1592  11.6071  11.6430  11.6474  11.6567  11.6823  11.7395  11.7684
 11.8891  11.9342  11.9610  11.9623  12.0139  12.1358  12.1688  12.2212
 12.3195  12.5035  12.6193  12.7582  12.7874  12.7966  13.0809  13.8547
 13.8626  24.6629  27.6440  28.1614  28.3132  28.4649  28.6777  28.8173
 28.9460  29.1348  29.2333  47.6908  47.6990  83.8626 146.5259 147.0248
147.1693 147.5028 147.6432 147.9867 252.4382 252.4474 450.6473
 
 Beta MOs
 -- Occupied --
-88.1892 -18.7792 -18.7791  -9.9584  -9.9374  -9.9373  -9.9336  -9.9329
 -9.9328  -7.8330  -5.8467  -5.8463  -5.8434  -1.0236  -0.9337  -0.8181
 -0.7209  -0.7109  -0.6091  -0.5773  -0.5377  -0.4897  -0.4378  -0.4368
 -0.4170  -0.4112  -0.4028  -0.4020  -0.3564  -0.3445  -0.3285  -0.2961
 -0.2905  -0.2812  -0.2591  -0.2558
 -- Virtual --
 -0.1619  -0.0727  -0.0634  -0.0137   0.0090   0.0187   0.0330   0.0400
  0.0557   0.0652   0.0701   0.0735   0.0826   0.0933   0.0984   0.1172
  0.1204   0.1308   0.1346   0.1425   0.1485   0.1668   0.1761   0.1813
  0.2013   0.2051   0.2145   0.2247   0.2343   0.2372   0.2431   0.2478
  0.2590   0.2628   0.2743   0.2762   0.2880   0.2948   0.3069   0.3171
  0.3293   0.3334   0.3515   0.3644   0.3778   0.3804   0.3895   0.4050
  0.4130   0.4233   0.4257   0.4323   0.4368   0.4402   0.4492   0.4716
  0.4764   0.4899   0.5037   0.5108   0.5283   0.5398   0.5474   0.5543
  0.5662   0.5814   0.6087   0.6137   0.6408   0.6426   0.6553   0.6565
  0.6728   0.6826   0.6909   0.7105   0.7136   0.7192   0.7214   0.7403
  0.7599   0.7625   0.7723   0.7888   0.7923   0.8048   0.8127   0.8307
  0.8385   0.8518   0.8529   0.8613   0.8664   0.8721   0.8829   0.8970
  0.9042   0.9095   0.9454   0.9482   0.9568   0.9602   0.9623   0.9759
  0.9950   0.9975   1.0085   1.0266   1.0296   1.0348   1.0458   1.0465
  1.0849   1.0957   1.0977   1.0995   1.1162   1.1204   1.1581   1.1597
  1.1883   1.1887   1.1945   1.2197   1.2217   1.2374   1.2635   1.2729
  1.3072   1.3081   1.3405   1.3500   1.3589   1.3717   1.3785   1.3994
  1.4103   1.4255   1.4290   1.4430   1.4604   1.4768   1.4885   1.4955
  1.5134   1.5262   1.5437   1.5445   1.5644   1.5707   1.5815   1.5935
  1.5984   1.6167   1.6498   1.6619   1.6728   1.6816   1.6994   1.7164
  1.7362   1.7377   1.7658   1.7710   1.7750   1.7935   1.7962   1.8041
  1.8430   1.8552   1.8553   1.8670   1.8825   1.8930   1.8999   1.9011
  1.9096   1.9364   1.9366   1.9523   1.9554   1.9858   1.9880   2.0084
  2.0363   2.0411   2.0542   2.0630   2.0854   2.0911   2.1012   2.1098
  2.1240   2.1272   2.1312   2.1447   2.1552   2.1687   2.1870   2.2068
  2.2167   2.2317   2.2436   2.2512   2.2684   2.2725   2.2993   2.3242
  2.3517   2.3595   2.3628   2.3704   2.3896   2.3960   2.4083   2.4165
  2.4173   2.4331   2.4531   2.4838   2.4869   2.5007   2.5114   2.5245
  2.5344   2.5536   2.5681   2.5733   2.5752   2.5822   2.5986   2.6197
  2.6206   2.6267   2.6555   2.6754   2.6796   2.6915   2.6987   2.7129
  2.7228   2.7339   2.7419   2.7487   2.7559   2.7642   2.7930   2.8309
  2.8401   2.8792   2.8847   2.8864   2.9113   2.9156   2.9776   2.9790
  3.0098   3.0149   3.0220   3.0346   3.0554   3.0666   3.0829   3.0862
  3.1258   3.1325   3.1377   3.1502   3.1651   3.1997   3.2094   3.2163
  3.2672   3.2753   3.2824   3.2940   3.3014   3.3243   3.3248   3.3510
  3.3687   3.3718   3.3817   3.3939   3.4059   3.4252   3.4485   3.4583
  3.4662   3.4864   3.4881   3.4915   3.5156   3.5268   3.5564   3.5802
  3.5977   3.6329   3.6619   3.6742   3.7037   3.7488   3.7529   3.7777
  3.7959   3.8091   3.8382   3.8401   3.8598   3.9070   3.9229   3.9345
  3.9494   3.9589   3.9858   3.9991   4.0031   4.0201   4.0471   4.0637
  4.0826   4.0973   4.1349   4.2173   4.2432   4.2630   4.2680   4.2738
  4.2976   4.3109   4.4294   4.4522   4.4760   4.4953   4.5069   4.5461
  4.5849   4.6249   4.6512   4.6592   4.7103   4.7358   4.7581   4.7791
  4.7861   4.7873   4.8170   4.8503   4.8586   4.8943   4.8968   4.9451
  4.9523   4.9663   4.9801   4.9992   5.0000   5.0374   5.0442   5.0616
  5.1079   5.1238   5.1480   5.1692   5.1803   5.1985   5.2308   5.2562
  5.2584   5.2820   5.2852   5.3116   5.3229   5.3412   5.3467   5.3623
  5.4146   5.4221   5.4239   5.4367   5.4633   5.4789   5.5534   5.5560
  5.5760   5.5871   5.6074   5.6255   5.6617   5.7062   5.7127   5.7555
  5.7747   5.7924   5.7949   5.8046   5.8267   5.8466   5.8606   5.8927
  5.9208   5.9331   5.9564   5.9599   5.9639   5.9883   6.0118   6.0166
  6.0185   6.0302   6.0410   6.0608   6.0919   6.0949   6.1197   6.1389
  6.1472   6.1558   6.1600   6.1726   6.1961   6.2041   6.2059   6.2167
  6.2689   6.2982   6.3049   6.3090   6.3242   6.3548   6.3891   6.4303
  6.4366   6.4538   6.4607   6.4776   6.5109   6.5204   6.5244   6.5472
  6.5607   6.5837   6.5961   6.6100   6.6157   6.6345   6.6488   6.6654
  6.6655   6.7001   6.7467   6.7521   6.8291   6.8378   6.8662   6.8789
  6.8906   6.9188   6.9585   6.9689   7.0068   7.0196   7.0570   7.0581
  7.0827   7.0968   7.1822   7.2200   7.2235   7.2938   7.3043   7.3257
  7.3421   7.3536   7.3548   7.3657   7.4214   7.4336   7.4526   7.4743
  7.4779   7.5224   7.5598   7.5786   7.6047   7.6170   7.6883   7.7202
  7.7591   7.7689   7.7758   7.7933   7.8502   7.8693   7.8766   7.8963
  7.9269   7.9967   8.0116   8.0300   8.0405   8.0527   8.0838   8.0894
  8.1019   8.1287   8.1348   8.1753   8.2026   8.2100   8.2259   8.2280
  8.2539   8.2609   8.2892   8.2991   8.3010   8.3152   8.3474   8.3650
  8.3892   8.3945   8.4168   8.4488   8.4800   8.5033   8.5218   8.5343
  8.5861   8.5875   8.6083   8.6173   8.6624   8.6666   8.6851   8.7177
  8.7181   8.7201   8.7210   8.7494   8.7517   8.7807   8.8092   8.8212
  8.8294   8.8306   8.8519   8.8815   8.9218   8.9327   8.9972   9.0170
  9.0816   9.1919   9.2698   9.3581   9.4187   9.4231   9.4329   9.4751
  9.4885   9.5285   9.5450   9.6060   9.6147   9.6546   9.7151   9.7192
  9.7557   9.7840   9.9193   9.9403   9.9641   9.9755  10.0199  10.0488
 10.0653  10.1733  10.1914  10.2265  10.2679  10.4727  10.6347  10.6523
 10.7123  10.8195  10.8197  10.8338  10.8488  10.8566  11.0571  11.0858
 11.1558  11.1785  11.6088  11.6580  11.6675  11.6769  11.7003  11.7549
 11.7810  11.9188  11.9484  11.9868  11.9889  12.0323  12.1627  12.2032
 12.2399  12.3326  12.5041  12.6200  12.7764  12.7975  12.8038  13.0813
 13.8791  13.8855  24.6707  27.6456  28.1638  28.3135  28.4748  28.6791
 28.8176  28.9491  29.1355  29.2358  47.7008  47.7089  83.8676 146.5262
147.0254 147.1693 147.5030 147.6432 147.9868 252.4415 252.4507 450.6495
 --------------------------------------------------------------
 
          Ground-State Mulliken Net Atomic Charges

     Atom                 Charge (a.u.)    Spin (a.u.)
  --------------------------------------------------------
      1 C                     0.021943      -0.004240
      2 C                    -0.026162       0.023082
      3 C                     0.022453      -0.004281
      4 C                    -0.054477       0.016761
      5 C                     0.120262       0.100055
      6 C                    -0.057922       0.016564
      7 S                     0.624840       0.374499
      8 O                    -0.368761       0.224486
      9 O                    -0.368111       0.224532
     10 H                     0.014264       0.001762
     11 H                     0.009032      -0.000635
     12 H                     0.013158       0.001790
     13 H                     0.024759       0.012802
     14 H                     0.024721       0.012821
  --------------------------------------------------------
  Sum of atomic charges =     0.000000
  Sum of spin   charges =     1.000000

 -----------------------------------------------------------------
                    Cartesian Multipole Moments
 -----------------------------------------------------------------
    Charge (ESU x 10^10)
                 0.0000
    Dipole Moment (Debye)
         X       2.1281      Y      -2.4762      Z       3.0941
       Tot       4.4982
    Quadrupole Moments (Debye-Ang)
        XX     -62.2985     XY       2.7084     YY     -58.6065
        XZ      -3.5769     YZ       3.0363     ZZ     -60.3392
    Octopole Moments (Debye-Ang^2)
       XXX      39.4590    XXY     -19.7765    XYY      25.2704
       YYY     -77.4587    XXZ      29.0771    XYZ      -7.4482
       YYZ      33.6915    XZZ      28.8929    YZZ     -22.2865
       ZZZ     107.4844
    Hexadecapole Moments (Debye-Ang^3)
      XXXX    -196.3660   XXXY     122.2467   XXYY    -172.2386
      XYYY     136.1306   YYYY    -771.4768   XXXZ    -153.9448
      XXYZ      74.6642   XYYZ     -57.3761   YYYZ     225.0938
      XXZZ    -208.7066   XYZZ      45.3163   YYZZ    -271.2895
      XZZZ    -174.3949   YZZZ     209.0581   ZZZZ    -989.7654
 -----------------------------------------------------------------
 Total job time:  27.72s(wall), 840.44s(cpu) 
 Fri Aug  2 09:12:03 2024

        *************************************************************
        *                                                           *
        *  Thank you very much for using Q-Chem.  Have a nice day.  *
        *                                                           *
        *************************************************************


