
Running Job 1 of 1 53-P1-c8-OLYP.in
qchem 53-P1-c8-OLYP.in_1543860.0 /expanse/lustre/scratch/whughes/temp_project/job_40349793/53-P1-c8-OLYP-40349793/ 0
/cm/shared/apps/spack/0.17.3/cpu/b/opt/spack/linux-rocky8-zen2/gcc-10.2.0/qchem-6.0-rytxnwjazd34ekd2gqyi5ufsaimxsd3r/exe/qcprog.exe_s 53-P1-c8-OLYP.in_1543860.0 /expanse/lustre/scratch/whughes/temp_project/job_40349793/53-P1-c8-OLYP-40349793/
                  Welcome to Q-Chem
     A Quantum Leap Into The Future Of Chemistry


 Q-Chem 6.0, Q-Chem, Inc., Pleasanton, CA (2022)

 License issued to: University of California, San Diego (site)

 E. Epifanovsky,  A. T. B. Gilbert,  Xintian Feng,  Joonho Lee,  Yuezhi Mao,  
 N. Mardirossian,  P. Pokhilko,  A. White,  M. Wormit,  M. P. Coons,  
 A. L. Dempwolff,  Zhengting Gan,  D. Hait,  P. R. Horn,  L. D. Jacobson,  
 I. Kaliman,  J. Kussmann,  A. W. Lange,  Ka Un Lao,  D. S. Levine,  Jie Liu,  
 S. C. McKenzie,  A. F. Morrison,  K. Nanda,  F. Plasser,  D. R. Rehn,  
 M. L. Vidal,  Zhi-Qiang You,  Ying Zhu,  B. Alam,  B. Albrecht,  
 A. Aldossary,  E. Alguire,  J. H. Andersen,  V. Athavale,  D. Barton,  
 K. Begam,  A. Behn,  N. Bellonzi,  Y. A. Bernard,  E. J. Berquist,  
 H. Burton,  A. Carreras,  K. Carter-Fenk,  Romit Chakraborty,  
 Chandrima Chakravarty,  Junhan Chen,  A. D. Chien,  K. D. Closser,  
 V. Cofer-Shabica,  L. Cunha,  S. Dasgupta,  Jia Deng,  M. de Wergifosse,  
 M. Diedenhofen,  Hainam Do,  S. Ehlert,  Po-Tung Fang,  S. Fatehi,  
 Qingguo Feng,  T. Friedhoff,  B. Ganoe,  J. Gayvert,  Qinghui Ge,  
 G. Gidofalvi,  M. Goldey,  J. Gomes,  C. Gonzalez-Espinoza,  S. Gulania,  
 A. Gunina,  J. A. Gyamfi,  M. W. D. Hanson-Heine,  P. H. P. Harbach,  
 A. W. Hauser,  M. F. Herbst,  M. Hernandez Vera,  M. Hodecker,  
 Z. C. Holden,  S. Houck,  Xunkun Huang,  Kerwin Hui,  B. C. Huynh,  
 K. Ikeda,  M. Ivanov,  Hyunjun Ji,  Zuxin Jin,  Hanjie Jiang,  B. Kaduk,  
 S. Kaehler,  R. Kang,  K. Khistyaev,  Jaehoon Kim,  Yongbin Kim,  
 P. Klunzinger,  Z. Koczor-Benda,  Joong Hoon Koh,  D. Kosenkov,  
 Saikiran Kotaru,  L. Koulias,  T. Kowalczyk,  C. M. Krauter,  K. Kue,  
 A. Kunitsa,  T. Kus,  A. Landau,  K. V. Lawler,  D. Lefrancois,  S. Lehtola,  
 Rain Li,  Shaozhi Li,  Yi-Pei Li,  Jiashu Liang,  M. Liebenthal,  
 Hung-Hsuan Lin,  You-Sheng Lin,  Fenglai Liu,  Kuan-Yu Liu,  
 M. Loipersberger,  A. Luenser,  C. Malbon,  A. Manjanath,  P. Manohar,  
 E. Mansoor,  S. F. Manzer,  Shan-Ping Mao,  A. V. Marenich,  T. Markovich,  
 S. Mason,  F. Matz,  S. A. Maurer,  P. F. McLaughlin,  M. F. S. J. Menger,  
 J.-M. Mewes,  S. A. Mewes,  P. Morgante,  Mohammad Mostafanejad,  
 J. W. Mullinax,  K. J. Oosterbaan,  G. Paran,  V. Parravicini,  
 Alexander C. Paul,  Suranjan K. Paul,  F. Pavosevic,  Zheng Pei,  S. Prager,  
 E. I. Proynov,  E. Ramos,  B. Rana,  A. E. Rask,  A. Rettig,  R. M. Richard,  
 F. Rob,  E. Rossomme,  T. Scheele,  M. Scheurer,  M. Schneider,  
 P. E. Schneider,  N. Sergueev,  S. M. Sharada,  Hengyuan Shen,  
 W. Skomorowski,  D. W. Small,  C. J. Stein,  Yingli Su,  Yu-Chuan Su,  
 E. J. Sundstrom,  Zhen Tao,  J. Thirman,  Hung-Yi Tsai,  T. Tsuchimochi,  
 N. M. Tubman,  C. Utku,  S. P. Veccham,  O. Vydrov,  J. Wenzel,  
 Jonathan Wong,  J. Witte,  A. Yamada,  Chou-Hsun Yang,  Kun Yao,  
 S. Yeganeh,  S. R. Yost,  A. Zech,  F. Zeller,  Igor Ying Zhang,  
 Xing Zhang,  Yu Zhang,  D. Zuev,  A. Aspuru-Guzik,  A. T. Bell,  
 N. A. Besley,  K. B. Bravaya,  B. R. Brooks,  D. Casanova,  Jeng-Da Chai,  
 Hsing-Ta Chen,  S. Coriani,  C. J. Cramer,  A. E. DePrince, III,  
 R. A. DiStasio Jr.,  A. Dreuw,  B. D. Dunietz,  T. R. Furlani,  
 W. A. Goddard III,  S. Grimme,  S. Hammes-Schiffer,  T. Head-Gordon,  
 W. J. Hehre,  Chao-Ping Hsu,  T.-C. Jagau,  Yousung Jung,  A. Klamt,  
 Jing Kong,  D. S. Lambrecht,  Xiangyuan Li,  WanZhen Liang,  N. J. Mayhall,  
 C. W. McCurdy,  J. B. Neaton,  T. Neudecker,  C. Ochsenfeld,  
 J. A. Parkhill,  R. Peverati,  V. A. Rassolov,  Haisheng Ren,  Yihan Shao,  
 L. V. Slipchenko,  R. P. Steele,  J. E. Subotnik,  A. J. W. Thom,  
 A. Tkatchenko,  D. G. Truhlar,  T. Van Voorhis,  Fan Wang,  
 T. A. Wesolowski,  K. B. Whaley,  H. L. Woodcock III,  P. M. Zimmerman,  
 S. Faraji,  P. M. W. Gill,  M. Head-Gordon,  J. M. Herbert,  A. I. Krylov

 Contributors to earlier versions of Q-Chem not listed above: 
 R. D. Adamson,  B. Austin,  R. Baer,  J. Baker,  G. J. O. Beran,  
 K. Brandhorst,  S. T. Brown,  E. F. C. Byrd,  Arup K. Chakraborty,  
 G. K. L. Chan,  Chun-Min Chang,  Yunqing Chen,  C.-L. Cheng,  
 Siu Hung Chien,  D. M. Chipman,  D. L. Crittenden,  H. Dachsel,  
 R. J. Doerksen,  A. D. Dutoi,  R. G. Edgar,  J. Fosso-Tande,  
 L. Fusti-Molnar,  D. Ghosh,  A. Ghysels,  A. Golubeva-Zadorozhnaya,  
 J. Gonthier,  M. S. Gordon,  S. R. Gwaltney,  G. Hawkins,  J. E. Herr,  
 A. Heyden,  S. Hirata,  E. G. Hohenstein,  G. Kedziora,  F. J. Keil,  
 C. Kelley,  Jihan Kim,  R. A. King,  R. Z. Khaliullin,  P. P. Korambath,  
 W. Kurlancheek,  A. Laurent,  A. M. Lee,  M. S. Lee,  S. V. Levchenko,  
 Ching Yeh Lin,  D. Liotard,  E. Livshits,  R. C. Lochan,  I. Lotan,  
 L. A. Martinez-Martinez,  P. E. Maslen,  N. Nair,  D. P. O'Neill,  
 D. Neuhauser,  E. Neuscamman,  C. M. Oana,  R. Olivares-Amaya,  R. Olson,  
 T. M. Perrine,  B. Peters,  P. A. Pieniazek,  A. Prociuk,  Y. M. Rhee,  
 J. Ritchie,  M. A. Rohrdanz,  E. Rosta,  N. J. Russ,  H. F. Schaefer III,  
 M. W. Schmidt,  N. E. Schultz,  S. Sharma,  N. Shenvi,  C. D. Sherrill,  
 A. C. Simmonett,  A. Sodt,  T. Stein,  D. Stuck,  K. S. Thanthiriwatte,  
 V. Vanovschi,  L. Vogt,  Tao Wang,  A. Warshel,  M. A. Watson,  
 C. F. Williams,  Q. Wu,  X. Xu,  Jun Yang,  W. Zhang,  Yan Zhao

   Please cite Q-Chem as follows:
  "Software for the frontiers of quantum chemistry:
   An overview of developments in the Q-Chem 5 package"
   J. Chem. Phys. 155, 084801 (2021)
   https://doi.org/10.1063/5.0055522 (open access)

 Q-Chem 6.0.2 for Intel X86 EM64T Linux

 Parts of Q-Chem use Armadillo 9.900.5 (Nocturnal Misbehaviour).
 http://arma.sourceforge.net/

 Q-Chem begins on Mon Jun 16 10:28:47 2025  

 Host: 
0

     Scratch files written to /expanse/lustre/scratch/whughes/temp_project/job_40349793/53-P1-c8-OLYP-40349793//
 Dec722 |scratch|qcdevops|jenkins|workspace|build_RNUM    
 Processing $rem in /cm/shared/apps/spack/0.17.3/cpu/b/opt/spack/linux-rocky8-zen2/gcc-10.2.0/qchem-6.0-rytxnwjazd34ekd2gqyi5ufsaimxsd3r/config/preferences:
 Processing $rem in /home/whughes/.qchemrc:

 Checking the input file for inconsistencies... 	...done.

--------------------------------------------------------------
User input:
--------------------------------------------------------------
$molecule
read 53-P1-c8.xyz
$end

$rem
METHOD      OLYP
BASIS       def2-QZVPP
SYM_IGNORE   TRUE
DFT_D       D3
MAX_SCF_CYCLES 300
$end

$end
--------------------------------------------------------------
 Adding empirical dispersion correction 
 ----------------------------------------------------------------
 Doing -D3(BJ) with
 s6  =   1.00000
 s8  =   2.62050
 a1  =   0.52990
 a2  =   2.80650
 -D3 energy without 3body term =     -0.1593171420 hartrees
 ----------------------------------------------------------------
             Standard Nuclear Orientation (Angstroms)
    I     Atom           X                Y                Z
 ----------------------------------------------------------------
    1      O       0.4588376510     1.6140174014     1.1115064726
    2      C      -0.4330590028     0.8277009898     0.7879878892
    3      C      -0.3421560208     0.0141016922    -0.3976752888
    4      C      -1.5139114064    -0.7765975605    -0.9071711840
    5      C      -2.5448542969    -1.0897011267     0.1716315771
    6      C      -2.8976582512     0.1626325863     0.9577312296
    7      C      -1.6614531157     0.6938481371     1.6694250591
    8      N       0.7743362435     0.0751721037    -1.1912948162
    9      C       2.0928252359     0.2981422297    -0.7037395907
   10      C       2.3940567106    -0.1453560695     0.6304274536
   11      C       3.6540982226     0.2346829970     1.2978937408
   12      O       2.9385158009     0.7602129731    -1.4511991305
   13      C       0.6278611445    -0.0412931964    -2.6358864157
   14      H      -1.1529900489    -1.7038934048    -1.3594138120
   15      H      -2.0058855122    -0.2213678397    -1.7165044505
   16      H      -3.4313730427    -1.5230857414    -0.2945414530
   17      H      -2.1430504075    -1.8446345745     0.8545840956
   18      H      -3.6864934061    -0.0446553089     1.6829786842
   19      H      -3.2883239876     0.9232674101     0.2741699277
   20      H      -1.3904997620     0.0185592117     2.4893400787
   21      H      -1.8355455979     1.6710487333     2.1197853985
   22      H       1.6654927439    -0.7369348746     1.1665303889
   23      H       3.4518286659     0.9966820898     2.0599633185
   24      H       4.1022297968    -0.6187531723     1.8124211566
   25      H       4.3653497110     0.6456598927     0.5836631041
   26      H      -0.1435754743     0.6389506780    -2.9975851571
   27      H       0.3690902225    -1.0609266102    -2.9285670630
   28      H       1.5763071838     0.2326203537    -3.0865612134
 ----------------------------------------------------------------
 Nuclear Repulsion Energy =         834.59829881 hartrees
 There are       50 alpha and       48 beta electrons
 Requested basis set is def2-QZVPP
 There are 371 shells and 1191 basis functions

 Total QAlloc Memory Limit   8000 MB
 Mega-Array Size       188 MB
 MEM_STATIC part       192 MB

 A cutoff of  1.0D-09 yielded  44038 shell pairs
 There are    428472 function pairs (    631834 Cartesian)
 Smallest overlap matrix eigenvalue = 1.09E-05

 Q-Chem warning in module stvman/mkSTV.C, line 305:

 Overlap eigenvalue is smaller than square root of threshold
 Use THRESH >= 12 to get rid of this warning


 Scale SEOQF with 1.000000e-01/1.000000e-01/1.000000e-01

 Standard Electronic Orientation quadrupole field applied
 Nucleus-field energy     =     0.0000000008 hartrees
 Guess from superposition of atomic densities
 Warning:  Energy on first SCF cycle will be non-variational
 SAD guess density has 98.000000 electrons

 -----------------------------------------------------------------------
  General SCF calculation program by
  Eric Jon Sundstrom, Paul Horn, Yuezhi Mao, Dmitri Zuev, Alec White,
  David Stuck, Shaama M.S., Shane Yost, Joonho Lee, David Small,
  Daniel Levine, Susi Lehtola, Hugh Burton, Evgeny Epifanovsky,
  Bang C. Huynh
 -----------------------------------------------------------------------
 Exchange:  OPTX      Correlation:  LYP
 Using SG-1 standard quadrature grid
 Dispersion:   Grimme D3
 using 32 threads for integral computing
 -------------------------------------------------------
 OpenMP Integral computing Module                
 Release: version 1.0, May 2013, Q-Chem Inc. Pittsburgh 
 -------------------------------------------------------
 A unrestricted SCF calculation will be
 performed using DIIS
 SCF converges when DIIS error is below 1.0e-05
 ---------------------------------------
  Cycle       Energy         DIIS error
 ---------------------------------------
    1    -597.5523055127      5.23e-03  
    2    -595.0134943346      7.68e-04  
    3    -593.5250729027      1.65e-03  
    4    -595.1350775655      6.34e-04  
    5    -595.4078096112      7.47e-05  
    6    -595.4072853576      8.33e-05  
    7    -595.4101509376      4.81e-05  
    8    -595.4114707524      1.56e-05  
    9    -595.4116130184      5.64e-06  Convergence criterion met
 ---------------------------------------
 SCF time:   CPU 3605.59s  wall 117.00s 
<S^2> =          2.007310832
 SCF   energy in the final basis set =     -595.4116130184
 Total energy in the final basis set =     -595.4116130184
 
 --------------------------------------------------------------
 
                    Orbital Energies (a.u.)
 --------------------------------------------------------------
 
 Alpha MOs
 -- Occupied --
-18.7377 -18.7348 -14.0578  -9.9913  -9.9657  -9.9574  -9.9363  -9.9234
 -9.9233  -9.9134  -9.9089  -9.9052  -9.8936  -0.9669  -0.9471  -0.8823
 -0.7674  -0.7152  -0.6936  -0.6744  -0.6487  -0.5938  -0.5644  -0.5560
 -0.5178  -0.4603  -0.4515  -0.4475  -0.4293  -0.4114  -0.3982  -0.3871
 -0.3865  -0.3796  -0.3769  -0.3654  -0.3624  -0.3554  -0.3436  -0.3336
 -0.3223  -0.3139  -0.3087  -0.3001  -0.2944  -0.2627  -0.2209  -0.2090
 -0.1736  -0.1546
 -- Virtual --
 -0.0252  -0.0122   0.0001   0.0034   0.0099   0.0201   0.0220   0.0285
  0.0377   0.0435   0.0509   0.0593   0.0630   0.0705   0.0726   0.0851
  0.0905   0.0944   0.0994   0.1039   0.1114   0.1174   0.1184   0.1265
  0.1342   0.1375   0.1418   0.1515   0.1529   0.1650   0.1696   0.1748
  0.1789   0.1865   0.1951   0.1992   0.2049   0.2087   0.2143   0.2331
  0.2398   0.2406   0.2447   0.2563   0.2587   0.2632   0.2665   0.2688
  0.2728   0.2741   0.2780   0.2816   0.2874   0.2883   0.2951   0.2973
  0.2993   0.2999   0.3048   0.3116   0.3123   0.3205   0.3267   0.3340
  0.3360   0.3415   0.3535   0.3553   0.3591   0.3719   0.3839   0.3875
  0.3933   0.3971   0.4076   0.4131   0.4270   0.4392   0.4447   0.4518
  0.4530   0.4674   0.4684   0.4808   0.4895   0.5015   0.5048   0.5118
  0.5178   0.5262   0.5301   0.5355   0.5383   0.5432   0.5493   0.5507
  0.5633   0.5657   0.5759   0.5807   0.5858   0.5881   0.5966   0.6042
  0.6083   0.6125   0.6195   0.6247   0.6350   0.6464   0.6644   0.6738
  0.6799   0.6820   0.6903   0.6992   0.7090   0.7186   0.7219   0.7296
  0.7361   0.7395   0.7448   0.7508   0.7579   0.7690   0.7742   0.7765
  0.7797   0.7814   0.7827   0.7871   0.7962   0.8000   0.8036   0.8060
  0.8103   0.8124   0.8187   0.8237   0.8314   0.8353   0.8395   0.8487
  0.8555   0.8680   0.8715   0.8720   0.8857   0.8932   0.8974   0.9085
  0.9089   0.9149   0.9185   0.9243   0.9378   0.9408   0.9412   0.9603
  0.9630   0.9666   0.9752   0.9799   0.9837   0.9896   1.0035   1.0118
  1.0178   1.0210   1.0328   1.0354   1.0400   1.0496   1.0549   1.0658
  1.0725   1.0747   1.0795   1.0826   1.0969   1.1013   1.1044   1.1218
  1.1254   1.1259   1.1354   1.1458   1.1540   1.1652   1.1679   1.1897
  1.1992   1.2023   1.2133   1.2295   1.2314   1.2367   1.2496   1.2534
  1.2631   1.2780   1.2918   1.2956   1.2997   1.3120   1.3162   1.3203
  1.3417   1.3443   1.3577   1.3596   1.3671   1.3716   1.3825   1.3865
  1.3969   1.4007   1.4038   1.4092   1.4246   1.4305   1.4355   1.4376
  1.4438   1.4523   1.4597   1.4720   1.4790   1.4885   1.4911   1.5032
  1.5139   1.5289   1.5380   1.5480   1.5493   1.5724   1.5752   1.5844
  1.5977   1.6067   1.6153   1.6184   1.6351   1.6416   1.6656   1.6709
  1.6754   1.6851   1.6970   1.7019   1.7085   1.7234   1.7435   1.7491
  1.7618   1.7728   1.7820   1.7855   1.7978   1.8037   1.8083   1.8137
  1.8233   1.8357   1.8383   1.8415   1.8544   1.8593   1.8666   1.8707
  1.8840   1.8903   1.8991   1.9036   1.9121   1.9184   1.9212   1.9229
  1.9321   1.9454   1.9517   1.9565   1.9624   1.9666   1.9731   1.9862
  1.9885   1.9905   1.9958   2.0013   2.0055   2.0183   2.0252   2.0312
  2.0461   2.0475   2.0557   2.0653   2.0674   2.0752   2.0801   2.0898
  2.0917   2.1017   2.1063   2.1121   2.1197   2.1248   2.1314   2.1406
  2.1439   2.1490   2.1513   2.1669   2.1709   2.1745   2.1814   2.1899
  2.1954   2.2006   2.2058   2.2083   2.2203   2.2262   2.2308   2.2399
  2.2483   2.2529   2.2620   2.2705   2.2765   2.2792   2.2824   2.3070
  2.3121   2.3196   2.3325   2.3332   2.3399   2.3464   2.3578   2.3634
  2.3717   2.3768   2.3837   2.3947   2.4045   2.4108   2.4157   2.4176
  2.4238   2.4361   2.4455   2.4487   2.4595   2.4656   2.4743   2.4803
  2.4882   2.4936   2.4986   2.5061   2.5156   2.5217   2.5302   2.5365
  2.5440   2.5549   2.5645   2.5763   2.5863   2.5936   2.5994   2.6096
  2.6133   2.6148   2.6243   2.6344   2.6417   2.6465   2.6556   2.6578
  2.6774   2.6807   2.6897   2.6954   2.7017   2.7050   2.7149   2.7159
  2.7280   2.7334   2.7428   2.7572   2.7604   2.7702   2.7730   2.7734
  2.7872   2.8000   2.8110   2.8232   2.8267   2.8341   2.8432   2.8480
  2.8555   2.8621   2.8709   2.8757   2.8844   2.8941   2.8982   2.9060
  2.9078   2.9221   2.9274   2.9374   2.9421   2.9535   2.9588   2.9705
  2.9730   2.9801   2.9819   2.9873   3.0042   3.0102   3.0159   3.0196
  3.0273   3.0442   3.0472   3.0594   3.0756   3.0843   3.0922   3.1088
  3.1134   3.1316   3.1341   3.1535   3.1580   3.1648   3.1704   3.1743
  3.1824   3.2001   3.2100   3.2162   3.2201   3.2321   3.2378   3.2463
  3.2572   3.2581   3.2659   3.2765   3.2875   3.2995   3.3103   3.3109
  3.3194   3.3279   3.3345   3.3439   3.3599   3.3623   3.3742   3.3896
  3.3944   3.4066   3.4246   3.4254   3.4445   3.4564   3.4628   3.4801
  3.4842   3.4939   3.5075   3.5177   3.5200   3.5314   3.5400   3.5566
  3.5617   3.5789   3.5794   3.5911   3.5950   3.6091   3.6242   3.6291
  3.6545   3.6611   3.6658   3.6767   3.6828   3.6901   3.7039   3.7142
  3.7306   3.7340   3.7442   3.7545   3.7688   3.7814   3.7897   3.8024
  3.8127   3.8233   3.8286   3.8355   3.8384   3.8468   3.8589   3.8640
  3.8723   3.8832   3.9019   3.9051   3.9140   3.9382   3.9471   3.9579
  3.9738   3.9823   3.9955   4.0201   4.0272   4.0468   4.0583   4.0637
  4.0771   4.0832   4.1070   4.1262   4.1417   4.1616   4.1743   4.1861
  4.1883   4.2181   4.2510   4.2602   4.2673   4.2761   4.3026   4.3163
  4.3334   4.3422   4.3773   4.3897   4.4023   4.4199   4.4357   4.4461
  4.5033   4.5220   4.5408   4.5696   4.5966   4.6286   4.6591   4.6785
  4.6920   4.7078   4.7215   4.7425   4.7594   4.7857   4.7891   4.8384
  4.8631   4.8689   4.8896   4.9105   4.9213   4.9488   4.9674   4.9886
  4.9910   4.9981   5.0191   5.0478   5.0634   5.0731   5.0934   5.1023
  5.1289   5.1448   5.1834   5.1924   5.1999   5.2162   5.2381   5.2515
  5.2750   5.2780   5.3161   5.3237   5.3320   5.3372   5.3477   5.3660
  5.3937   5.4003   5.4090   5.4221   5.4303   5.4462   5.4667   5.4811
  5.4926   5.5009   5.5027   5.5251   5.5402   5.5493   5.5693   5.5713
  5.5807   5.5877   5.6112   5.6178   5.6315   5.6405   5.6468   5.6747
  5.6762   5.6815   5.6901   5.7033   5.7190   5.7235   5.7351   5.7367
  5.7459   5.7488   5.7568   5.7721   5.7750   5.7826   5.7942   5.8024
  5.8107   5.8185   5.8252   5.8259   5.8420   5.8456   5.8563   5.8582
  5.8653   5.8664   5.8748   5.8773   5.8924   5.8997   5.9085   5.9151
  5.9176   5.9427   5.9491   5.9625   5.9693   5.9764   5.9892   5.9936
  6.0025   6.0053   6.0209   6.0279   6.0299   6.0356   6.0382   6.0541
  6.0592   6.0662   6.0709   6.0842   6.0862   6.0893   6.0977   6.0980
  6.1105   6.1172   6.1309   6.1370   6.1402   6.1477   6.1504   6.1599
  6.1672   6.1739   6.1841   6.1862   6.1955   6.2052   6.2081   6.2151
  6.2327   6.2482   6.2487   6.2559   6.2628   6.2727   6.2739   6.2805
  6.2950   6.2966   6.3082   6.3203   6.3256   6.3346   6.3369   6.3449
  6.3461   6.3581   6.3668   6.3753   6.3841   6.3893   6.3950   6.4037
  6.4172   6.4235   6.4268   6.4356   6.4444   6.4512   6.4664   6.4707
  6.4844   6.4931   6.5021   6.5097   6.5179   6.5275   6.5396   6.5464
  6.5505   6.5595   6.5769   6.5976   6.6012   6.6078   6.6396   6.6446
  6.6542   6.6650   6.6737   6.6874   6.6987   6.7070   6.7172   6.7236
  6.7351   6.7375   6.7454   6.7544   6.7697   6.7781   6.7839   6.7928
  6.8014   6.8270   6.8316   6.8363   6.8436   6.8520   6.8681   6.8787
  6.8875   6.8996   6.9046   6.9168   6.9341   6.9494   6.9547   6.9630
  6.9734   6.9906   7.0129   7.0189   7.0312   7.0544   7.0736   7.0866
  7.0974   7.1100   7.1251   7.1389   7.1437   7.1595   7.1741   7.1967
  7.2043   7.2127   7.2354   7.2532   7.2594   7.2814   7.2864   7.2916
  7.2996   7.3054   7.3177   7.3275   7.3317   7.3466   7.3559   7.3668
  7.3781   7.3816   7.3957   7.4072   7.4082   7.4259   7.4347   7.4476
  7.4506   7.4687   7.4716   7.4981   7.5079   7.5150   7.5306   7.5360
  7.5464   7.5512   7.5674   7.5750   7.5820   7.5910   7.6000   7.6041
  7.6113   7.6196   7.6255   7.6474   7.6545   7.6587   7.6608   7.6724
  7.6810   7.6896   7.6923   7.7036   7.7090   7.7206   7.7311   7.7411
  7.7568   7.7636   7.7693   7.7837   7.8013   7.8059   7.8186   7.8205
  7.8261   7.8298   7.8397   7.8602   7.8613   7.8824   7.8896   7.8929
  7.9087   7.9179   7.9281   7.9318   7.9485   7.9620   7.9700   7.9779
  7.9936   7.9982   8.0051   8.0123   8.0150   8.0327   8.0410   8.0651
  8.0668   8.0831   8.0919   8.1058   8.1127   8.1225   8.1324   8.1431
  8.1514   8.1656   8.1825   8.1926   8.2038   8.2328   8.2345   8.2565
  8.2677   8.2798   8.2801   8.2912   8.2956   8.2971   8.3093   8.3149
  8.3223   8.3266   8.3353   8.3438   8.3523   8.3662   8.3690   8.3818
  8.3883   8.3945   8.3957   8.4055   8.4155   8.4225   8.4424   8.4520
  8.4624   8.4740   8.4799   8.4905   8.4939   8.5042   8.5107   8.5178
  8.5322   8.5424   8.5494   8.5566   8.5680   8.5749   8.5888   8.5916
  8.5998   8.6123   8.6228   8.6280   8.6333   8.6545   8.6728   8.6822
  8.7040   8.7149   8.7385   8.7540   8.7644   8.7758   8.7812   8.7885
  8.7927   8.7989   8.8074   8.8223   8.8385   8.8478   8.8540   8.8677
  8.8755   8.8849   8.8900   8.9135   8.9269   8.9403   8.9549   8.9718
  8.9855   9.0039   9.0056   9.0131   9.0227   9.0473   9.0627   9.0714
  9.0847   9.0905   9.1004   9.1292   9.1450   9.1805   9.1817   9.2018
  9.2352   9.2625   9.3151   9.3455   9.3756   9.4071   9.4247   9.4316
  9.4588   9.4738   9.5024   9.5064   9.5446   9.5619   9.5633   9.5807
  9.5984   9.6072   9.6171   9.6219   9.6523   9.6688   9.6809   9.7107
  9.7153   9.7257   9.7415   9.7571   9.7596   9.7727   9.7797   9.7898
  9.7953   9.8011   9.8113   9.8285   9.8468   9.8762   9.8864   9.9013
  9.9249   9.9350   9.9394   9.9582   9.9722   9.9767   9.9996  10.0093
 10.0179  10.0365  10.0534  10.0644  10.0773  10.1069  10.1115  10.1297
 10.1402  10.1490  10.1545  10.2058  10.2244  10.2393  10.2546  10.3117
 10.3170  10.3394  10.3702  10.4100  10.4287  10.4455  10.4952  10.4980
 10.5379  10.5701  10.6189  10.6770  10.7728  10.8661  10.9301  10.9768
 11.0212  11.0649  11.0842  11.3315  11.3363  11.4405  11.4508  11.5656
 11.7276  11.7324  11.7480  11.7604  11.8039  11.8206  11.8443  11.9526
 12.0533  12.0942  12.1121  12.1622  12.1866  12.2060  12.2182  12.2444
 12.2777  12.2996  12.3171  12.3518  12.6305  12.9664  12.9838  13.0123
 13.0150  13.0891  13.1063  13.2341  13.2772  13.3184  13.3485  14.0953
 14.1553  14.2656  14.3171  28.1094  28.1261  28.4300  28.4841  28.8120
 28.8507  28.8931  28.9248  28.9310  28.9540  37.6936  47.9708  48.0413
146.9713 147.0027 147.2555 147.3148 147.6972 147.7294 147.7670 147.8011
147.8392 147.8899 196.8187 252.7455 252.8260
 
 Beta MOs
 -- Occupied --
-18.7323 -18.7306 -14.0549  -9.9916  -9.9651  -9.9535  -9.9362  -9.9235
 -9.9167  -9.9134  -9.9089  -9.9052  -9.8939  -0.9577  -0.9350  -0.8723
 -0.7642  -0.6991  -0.6896  -0.6684  -0.6446  -0.5876  -0.5568  -0.5503
 -0.5136  -0.4525  -0.4450  -0.4414  -0.4216  -0.4076  -0.3954  -0.3831
 -0.3813  -0.3743  -0.3666  -0.3578  -0.3559  -0.3489  -0.3380  -0.3245
 -0.3187  -0.3078  -0.3056  -0.2956  -0.2898  -0.2430  -0.2122  -0.1944
 -- Virtual --
 -0.1323  -0.1132  -0.0225  -0.0059   0.0022   0.0090   0.0127   0.0214
  0.0301   0.0353   0.0412   0.0441   0.0515   0.0595   0.0648   0.0723
  0.0734   0.0871   0.0920   0.0955   0.1000   0.1047   0.1128   0.1181
  0.1195   0.1271   0.1353   0.1400   0.1437   0.1525   0.1549   0.1660
  0.1709   0.1780   0.1816   0.1913   0.1989   0.2015   0.2079   0.2126
  0.2186   0.2349   0.2412   0.2416   0.2468   0.2572   0.2598   0.2661
  0.2692   0.2716   0.2744   0.2765   0.2820   0.2845   0.2888   0.2905
  0.2962   0.2989   0.3018   0.3027   0.3081   0.3132   0.3158   0.3229
  0.3281   0.3359   0.3383   0.3430   0.3554   0.3582   0.3624   0.3745
  0.3871   0.3907   0.3966   0.4017   0.4096   0.4171   0.4318   0.4428
  0.4495   0.4537   0.4559   0.4701   0.4736   0.4827   0.4913   0.5048
  0.5071   0.5149   0.5205   0.5281   0.5326   0.5386   0.5404   0.5474
  0.5500   0.5532   0.5644   0.5678   0.5786   0.5832   0.5877   0.5900
  0.5994   0.6074   0.6120   0.6146   0.6214   0.6275   0.6384   0.6490
  0.6676   0.6777   0.6827   0.6867   0.6940   0.7038   0.7143   0.7223
  0.7277   0.7324   0.7380   0.7426   0.7496   0.7541   0.7627   0.7731
  0.7757   0.7772   0.7813   0.7833   0.7879   0.7907   0.7996   0.8031
  0.8053   0.8106   0.8138   0.8146   0.8223   0.8250   0.8355   0.8384
  0.8417   0.8522   0.8582   0.8702   0.8757   0.8760   0.8901   0.8964
  0.9015   0.9125   0.9147   0.9172   0.9224   0.9281   0.9419   0.9439
  0.9457   0.9636   0.9676   0.9694   0.9778   0.9833   0.9876   0.9931
  1.0089   1.0163   1.0204   1.0248   1.0370   1.0394   1.0427   1.0533
  1.0577   1.0693   1.0747   1.0784   1.0816   1.0886   1.1006   1.1051
  1.1098   1.1256   1.1281   1.1325   1.1395   1.1481   1.1580   1.1666
  1.1723   1.1968   1.2033   1.2073   1.2198   1.2346   1.2370   1.2418
  1.2528   1.2575   1.2659   1.2820   1.2956   1.3001   1.3029   1.3160
  1.3188   1.3234   1.3470   1.3485   1.3621   1.3639   1.3695   1.3748
  1.3862   1.3903   1.4026   1.4037   1.4103   1.4133   1.4296   1.4355
  1.4401   1.4427   1.4492   1.4569   1.4661   1.4753   1.4830   1.4934
  1.4976   1.5112   1.5192   1.5332   1.5461   1.5523   1.5560   1.5798
  1.5804   1.5892   1.6027   1.6127   1.6213   1.6249   1.6393   1.6452
  1.6690   1.6761   1.6806   1.6910   1.7025   1.7061   1.7108   1.7280
  1.7510   1.7544   1.7671   1.7792   1.7859   1.7921   1.8028   1.8092
  1.8136   1.8208   1.8287   1.8406   1.8411   1.8475   1.8596   1.8635
  1.8719   1.8742   1.8881   1.8944   1.9032   1.9103   1.9184   1.9235
  1.9242   1.9287   1.9382   1.9497   1.9566   1.9607   1.9684   1.9712
  1.9797   1.9915   1.9919   1.9981   1.9991   2.0057   2.0109   2.0231
  2.0288   2.0364   2.0512   2.0526   2.0629   2.0685   2.0718   2.0792
  2.0836   2.0942   2.0967   2.1054   2.1119   2.1183   2.1235   2.1325
  2.1359   2.1464   2.1470   2.1565   2.1569   2.1734   2.1757   2.1792
  2.1886   2.1941   2.1999   2.2052   2.2106   2.2123   2.2256   2.2332
  2.2362   2.2460   2.2538   2.2570   2.2676   2.2767   2.2807   2.2847
  2.2881   2.3131   2.3174   2.3259   2.3368   2.3386   2.3451   2.3517
  2.3633   2.3694   2.3771   2.3831   2.3905   2.4020   2.4122   2.4175
  2.4219   2.4236   2.4291   2.4443   2.4525   2.4568   2.4650   2.4724
  2.4782   2.4854   2.4935   2.4978   2.5028   2.5115   2.5219   2.5274
  2.5349   2.5406   2.5488   2.5607   2.5690   2.5801   2.5934   2.5976
  2.6044   2.6156   2.6175   2.6186   2.6285   2.6399   2.6457   2.6527
  2.6607   2.6654   2.6836   2.6858   2.6943   2.7030   2.7064   2.7089
  2.7201   2.7230   2.7326   2.7406   2.7483   2.7623   2.7653   2.7758
  2.7784   2.7798   2.7936   2.8039   2.8153   2.8272   2.8291   2.8385
  2.8480   2.8543   2.8617   2.8665   2.8751   2.8798   2.8891   2.8988
  2.9014   2.9097   2.9135   2.9275   2.9316   2.9420   2.9477   2.9587
  2.9632   2.9748   2.9776   2.9848   2.9872   2.9942   3.0080   3.0143
  3.0208   3.0243   3.0322   3.0507   3.0539   3.0635   3.0805   3.0884
  3.0974   3.1141   3.1222   3.1369   3.1397   3.1581   3.1636   3.1710
  3.1769   3.1789   3.1875   3.2068   3.2156   3.2217   3.2252   3.2371
  3.2422   3.2533   3.2620   3.2640   3.2709   3.2841   3.2940   3.3032
  3.3142   3.3152   3.3245   3.3339   3.3401   3.3487   3.3663   3.3684
  3.3804   3.3968   3.3997   3.4147   3.4313   3.4337   3.4528   3.4625
  3.4688   3.4862   3.4935   3.5006   3.5141   3.5221   3.5272   3.5373
  3.5469   3.5623   3.5683   3.5838   3.5858   3.5949   3.6003   3.6144
  3.6296   3.6348   3.6581   3.6651   3.6705   3.6825   3.6902   3.6963
  3.7099   3.7176   3.7357   3.7389   3.7490   3.7603   3.7754   3.7868
  3.7958   3.8087   3.8173   3.8272   3.8326   3.8401   3.8450   3.8517
  3.8649   3.8685   3.8756   3.8887   3.9075   3.9103   3.9197   3.9461
  3.9555   3.9619   3.9830   3.9905   4.0021   4.0266   4.0333   4.0559
  4.0659   4.0729   4.0824   4.0911   4.1161   4.1302   4.1486   4.1698
  4.1835   4.1946   4.1959   4.2260   4.2612   4.2667   4.2752   4.2838
  4.3077   4.3227   4.3389   4.3496   4.3816   4.3985   4.4091   4.4253
  4.4445   4.4536   4.5117   4.5320   4.5490   4.5771   4.6051   4.6378
  4.6631   4.6859   4.6976   4.7153   4.7269   4.7491   4.7684   4.7923
  4.7973   4.8487   4.8708   4.8812   4.8992   4.9237   4.9335   4.9589
  4.9758   4.9951   5.0022   5.0067   5.0259   5.0641   5.0758   5.0867
  5.1081   5.1098   5.1414   5.1632   5.1977   5.2051   5.2146   5.2254
  5.2473   5.2613   5.2817   5.2897   5.3230   5.3306   5.3375   5.3405
  5.3574   5.3736   5.4000   5.4063   5.4188   5.4286   5.4356   5.4536
  5.4729   5.4895   5.4999   5.5071   5.5128   5.5318   5.5499   5.5592
  5.5757   5.5791   5.5881   5.5931   5.6174   5.6221   5.6382   5.6477
  5.6556   5.6798   5.6835   5.6901   5.6946   5.7090   5.7238   5.7270
  5.7380   5.7417   5.7515   5.7550   5.7640   5.7790   5.7849   5.7870
  5.7999   5.8075   5.8137   5.8262   5.8306   5.8324   5.8467   5.8513
  5.8618   5.8667   5.8700   5.8745   5.8811   5.8832   5.9000   5.9057
  5.9168   5.9213   5.9238   5.9470   5.9562   5.9699   5.9759   5.9869
  5.9951   5.9988   6.0053   6.0097   6.0248   6.0317   6.0391   6.0416
  6.0444   6.0613   6.0661   6.0702   6.0771   6.0896   6.0933   6.0980
  6.1035   6.1108   6.1169   6.1248   6.1375   6.1439   6.1461   6.1549
  6.1570   6.1688   6.1732   6.1815   6.1896   6.1909   6.2046   6.2100
  6.2132   6.2206   6.2390   6.2543   6.2547   6.2609   6.2688   6.2770
  6.2815   6.2875   6.3019   6.3049   6.3159   6.3273   6.3313   6.3400
  6.3433   6.3512   6.3534   6.3671   6.3723   6.3838   6.3921   6.3935
  6.4000   6.4109   6.4247   6.4294   6.4313   6.4452   6.4520   6.4608
  6.4718   6.4772   6.4930   6.4984   6.5090   6.5138   6.5244   6.5337
  6.5456   6.5516   6.5577   6.5641   6.5839   6.6063   6.6097   6.6149
  6.6474   6.6513   6.6588   6.6692   6.6873   6.6933   6.7030   6.7117
  6.7244   6.7294   6.7430   6.7478   6.7591   6.7619   6.7739   6.7859
  6.7892   6.7984   6.8097   6.8329   6.8398   6.8499   6.8528   6.8599
  6.8746   6.8835   6.8913   6.9062   6.9111   6.9234   6.9391   6.9531
  6.9595   6.9683   6.9771   6.9949   7.0173   7.0244   7.0344   7.0591
  7.0792   7.0941   7.1025   7.1147   7.1284   7.1427   7.1477   7.1654
  7.1763   7.2012   7.2086   7.2180   7.2396   7.2570   7.2644   7.2873
  7.2919   7.2952   7.3032   7.3110   7.3260   7.3329   7.3365   7.3524
  7.3591   7.3740   7.3827   7.3847   7.4009   7.4113   7.4185   7.4311
  7.4403   7.4502   7.4559   7.4716   7.4771   7.5014   7.5125   7.5211
  7.5356   7.5411   7.5517   7.5560   7.5719   7.5785   7.5883   7.5974
  7.6058   7.6098   7.6156   7.6245   7.6297   7.6518   7.6584   7.6629
  7.6657   7.6775   7.6855   7.6945   7.6961   7.7071   7.7124   7.7261
  7.7350   7.7451   7.7595   7.7672   7.7748   7.7872   7.8063   7.8089
  7.8232   7.8241   7.8298   7.8343   7.8436   7.8643   7.8665   7.8884
  7.8930   7.9018   7.9153   7.9262   7.9340   7.9358   7.9542   7.9652
  7.9757   7.9830   7.9988   8.0043   8.0083   8.0183   8.0243   8.0374
  8.0463   8.0695   8.0733   8.0874   8.0985   8.1158   8.1181   8.1286
  8.1372   8.1479   8.1538   8.1712   8.1866   8.1996   8.2114   8.2389
  8.2415   8.2613   8.2731   8.2843   8.2850   8.2979   8.2997   8.3020
  8.3126   8.3189   8.3282   8.3334   8.3391   8.3478   8.3566   8.3713
  8.3729   8.3863   8.3922   8.3982   8.4004   8.4134   8.4206   8.4270
  8.4459   8.4545   8.4682   8.4778   8.4840   8.4945   8.4969   8.5079
  8.5138   8.5226   8.5356   8.5459   8.5539   8.5628   8.5709   8.5815
  8.5921   8.5976   8.6032   8.6152   8.6251   8.6323   8.6363   8.6595
  8.6764   8.6867   8.7102   8.7187   8.7461   8.7578   8.7733   8.7844
  8.7925   8.7978   8.8039   8.8134   8.8184   8.8297   8.8427   8.8526
  8.8588   8.8747   8.8800   8.8900   8.8968   8.9192   8.9329   8.9467
  8.9609   8.9785   8.9914   9.0088   9.0112   9.0182   9.0306   9.0581
  9.0685   9.0758   9.0893   9.0973   9.1046   9.1319   9.1484   9.1845
  9.1870   9.2053   9.2388   9.2686   9.3255   9.3495   9.3833   9.4141
  9.4305   9.4390   9.4629   9.4803   9.5092   9.5125   9.5537   9.5648
  9.5667   9.5836   9.6007   9.6129   9.6234   9.6276   9.6593   9.6743
  9.6868   9.7174   9.7252   9.7279   9.7460   9.7616   9.7681   9.7779
  9.7844   9.7942   9.8003   9.8109   9.8161   9.8359   9.8584   9.8817
  9.8917   9.9096   9.9285   9.9405   9.9443   9.9634   9.9773   9.9829
 10.0049  10.0119  10.0216  10.0397  10.0565  10.0695  10.0835  10.1100
 10.1180  10.1333  10.1428  10.1513  10.1597  10.2072  10.2324  10.2493
 10.2667  10.3147  10.3229  10.3501  10.3820  10.4162  10.4336  10.4501
 10.4970  10.5038  10.5409  10.5734  10.6244  10.6835  10.7805  10.8731
 10.9532  11.0053  11.0430  11.0916  11.0956  11.3479  11.3571  11.4531
 11.4686  11.5788  11.7370  11.7445  11.7632  11.7817  11.8161  11.8327
 11.8499  11.9561  12.0704  12.1120  12.1187  12.1693  12.2013  12.2267
 12.2396  12.2603  12.2971  12.3141  12.3306  12.3631  12.6444  12.9775
 13.0022  13.0177  13.0380  13.0910  13.1091  13.2393  13.2902  13.3220
 13.3553  14.1191  14.1800  14.2835  14.3267  28.1181  28.1357  28.4390
 28.5032  28.8120  28.8508  28.8933  28.9248  28.9310  28.9541  37.7006
 47.9803  48.0520 146.9716 147.0035 147.2561 147.3168 147.6971 147.7294
147.7670 147.8009 147.8392 147.8899 196.8202 252.7485 252.8295
 --------------------------------------------------------------
 
          Ground-State Mulliken Net Atomic Charges

     Atom                 Charge (a.u.)    Spin (a.u.)
  --------------------------------------------------------
      1 O                    -0.348913       0.266953
      2 C                     0.044280       0.056922
      3 C                     0.211286       0.463564
      4 C                     0.055167      -0.020142
      5 C                    -0.016109       0.013388
      6 C                     0.018650       0.011150
      7 C                     0.110886       0.001297
      8 N                    -0.179244       0.185383
      9 C                     0.178300      -0.009722
     10 C                     0.085044       0.753179
     11 C                    -0.104510      -0.033758
     12 O                    -0.369176       0.215308
     13 C                    -0.065173       0.000705
     14 H                     0.023596       0.013017
     15 H                     0.006019       0.019311
     16 H                    -0.000910       0.001386
     17 H                    -0.003765      -0.006166
     18 H                    -0.001919       0.000383
     19 H                    -0.007858      -0.004906
     20 H                    -0.026361       0.003424
     21 H                     0.019680       0.001896
     22 H                     0.003468      -0.018164
     23 H                     0.056066       0.042059
     24 H                     0.019008       0.023589
     25 H                     0.078914       0.004143
     26 H                     0.069035       0.007632
     27 H                     0.056357       0.007805
     28 H                     0.088184       0.000363
  --------------------------------------------------------
  Sum of atomic charges =     0.000000
  Sum of spin   charges =     2.000000

 -----------------------------------------------------------------
                    Cartesian Multipole Moments
 -----------------------------------------------------------------
    Charge (ESU x 10^10)
                 0.0000
    Dipole Moment (Debye)
         X      -3.6293      Y      -3.1492      Z      -0.1505
       Tot       4.8075
    Quadrupole Moments (Debye-Ang)
        XX     -81.6465     XY      -4.4938     YY     -82.9117
        XZ       5.6270     YZ      -0.6696     ZZ     -75.7599
    Octopole Moments (Debye-Ang^2)
       XXX     -76.6850    XXY     -20.5224    XYY     -24.4004
       YYY     -45.6660    XXZ      29.5485    XYZ       3.4202
       YYZ      -0.6937    XZZ     -25.4216    YZZ     -18.9050
       ZZZ       0.7014
    Hexadecapole Moments (Debye-Ang^3)
      XXXX   -2277.1690   XXXY    -136.8784   XXYY    -437.9159
      XYYY    -125.8379   YYYY    -375.4297   XXXZ     176.6482
      XXYZ      -2.8499   XYYZ      34.6986   YYYZ     -68.7193
      XXZZ    -541.8287   XYZZ     -51.7282   YYZZ    -221.5584
      XZZZ      95.9814   YZZZ     -66.4882   ZZZZ    -916.5920
 -----------------------------------------------------------------
 Total job time:  121.58s(wall), 3664.06s(cpu) 
 Mon Jun 16 10:30:49 2025

        *************************************************************
        *                                                           *
        *  Thank you very much for using Q-Chem.  Have a nice day.  *
        *                                                           *
        *************************************************************


