
Running Job 1 of 1 53-R1-c5-OLYP.in
qchem 53-R1-c5-OLYP.in_417585.0 /expanse/lustre/scratch/whughes/temp_project/job_40349821/53-R1-c5-OLYP-40349821/ 0
/cm/shared/apps/spack/0.17.3/cpu/b/opt/spack/linux-rocky8-zen2/gcc-10.2.0/qchem-6.0-rytxnwjazd34ekd2gqyi5ufsaimxsd3r/exe/qcprog.exe_s 53-R1-c5-OLYP.in_417585.0 /expanse/lustre/scratch/whughes/temp_project/job_40349821/53-R1-c5-OLYP-40349821/
                  Welcome to Q-Chem
     A Quantum Leap Into The Future Of Chemistry


 Q-Chem 6.0, Q-Chem, Inc., Pleasanton, CA (2022)

 License issued to: University of California, San Diego (site)

 E. Epifanovsky,  A. T. B. Gilbert,  Xintian Feng,  Joonho Lee,  Yuezhi Mao,  
 N. Mardirossian,  P. Pokhilko,  A. White,  M. Wormit,  M. P. Coons,  
 A. L. Dempwolff,  Zhengting Gan,  D. Hait,  P. R. Horn,  L. D. Jacobson,  
 I. Kaliman,  J. Kussmann,  A. W. Lange,  Ka Un Lao,  D. S. Levine,  Jie Liu,  
 S. C. McKenzie,  A. F. Morrison,  K. Nanda,  F. Plasser,  D. R. Rehn,  
 M. L. Vidal,  Zhi-Qiang You,  Ying Zhu,  B. Alam,  B. Albrecht,  
 A. Aldossary,  E. Alguire,  J. H. Andersen,  V. Athavale,  D. Barton,  
 K. Begam,  A. Behn,  N. Bellonzi,  Y. A. Bernard,  E. J. Berquist,  
 H. Burton,  A. Carreras,  K. Carter-Fenk,  Romit Chakraborty,  
 Chandrima Chakravarty,  Junhan Chen,  A. D. Chien,  K. D. Closser,  
 V. Cofer-Shabica,  L. Cunha,  S. Dasgupta,  Jia Deng,  M. de Wergifosse,  
 M. Diedenhofen,  Hainam Do,  S. Ehlert,  Po-Tung Fang,  S. Fatehi,  
 Qingguo Feng,  T. Friedhoff,  B. Ganoe,  J. Gayvert,  Qinghui Ge,  
 G. Gidofalvi,  M. Goldey,  J. Gomes,  C. Gonzalez-Espinoza,  S. Gulania,  
 A. Gunina,  J. A. Gyamfi,  M. W. D. Hanson-Heine,  P. H. P. Harbach,  
 A. W. Hauser,  M. F. Herbst,  M. Hernandez Vera,  M. Hodecker,  
 Z. C. Holden,  S. Houck,  Xunkun Huang,  Kerwin Hui,  B. C. Huynh,  
 K. Ikeda,  M. Ivanov,  Hyunjun Ji,  Zuxin Jin,  Hanjie Jiang,  B. Kaduk,  
 S. Kaehler,  R. Kang,  K. Khistyaev,  Jaehoon Kim,  Yongbin Kim,  
 P. Klunzinger,  Z. Koczor-Benda,  Joong Hoon Koh,  D. Kosenkov,  
 Saikiran Kotaru,  L. Koulias,  T. Kowalczyk,  C. M. Krauter,  K. Kue,  
 A. Kunitsa,  T. Kus,  A. Landau,  K. V. Lawler,  D. Lefrancois,  S. Lehtola,  
 Rain Li,  Shaozhi Li,  Yi-Pei Li,  Jiashu Liang,  M. Liebenthal,  
 Hung-Hsuan Lin,  You-Sheng Lin,  Fenglai Liu,  Kuan-Yu Liu,  
 M. Loipersberger,  A. Luenser,  C. Malbon,  A. Manjanath,  P. Manohar,  
 E. Mansoor,  S. F. Manzer,  Shan-Ping Mao,  A. V. Marenich,  T. Markovich,  
 S. Mason,  F. Matz,  S. A. Maurer,  P. F. McLaughlin,  M. F. S. J. Menger,  
 J.-M. Mewes,  S. A. Mewes,  P. Morgante,  Mohammad Mostafanejad,  
 J. W. Mullinax,  K. J. Oosterbaan,  G. Paran,  V. Parravicini,  
 Alexander C. Paul,  Suranjan K. Paul,  F. Pavosevic,  Zheng Pei,  S. Prager,  
 E. I. Proynov,  E. Ramos,  B. Rana,  A. E. Rask,  A. Rettig,  R. M. Richard,  
 F. Rob,  E. Rossomme,  T. Scheele,  M. Scheurer,  M. Schneider,  
 P. E. Schneider,  N. Sergueev,  S. M. Sharada,  Hengyuan Shen,  
 W. Skomorowski,  D. W. Small,  C. J. Stein,  Yingli Su,  Yu-Chuan Su,  
 E. J. Sundstrom,  Zhen Tao,  J. Thirman,  Hung-Yi Tsai,  T. Tsuchimochi,  
 N. M. Tubman,  C. Utku,  S. P. Veccham,  O. Vydrov,  J. Wenzel,  
 Jonathan Wong,  J. Witte,  A. Yamada,  Chou-Hsun Yang,  Kun Yao,  
 S. Yeganeh,  S. R. Yost,  A. Zech,  F. Zeller,  Igor Ying Zhang,  
 Xing Zhang,  Yu Zhang,  D. Zuev,  A. Aspuru-Guzik,  A. T. Bell,  
 N. A. Besley,  K. B. Bravaya,  B. R. Brooks,  D. Casanova,  Jeng-Da Chai,  
 Hsing-Ta Chen,  S. Coriani,  C. J. Cramer,  A. E. DePrince, III,  
 R. A. DiStasio Jr.,  A. Dreuw,  B. D. Dunietz,  T. R. Furlani,  
 W. A. Goddard III,  S. Grimme,  S. Hammes-Schiffer,  T. Head-Gordon,  
 W. J. Hehre,  Chao-Ping Hsu,  T.-C. Jagau,  Yousung Jung,  A. Klamt,  
 Jing Kong,  D. S. Lambrecht,  Xiangyuan Li,  WanZhen Liang,  N. J. Mayhall,  
 C. W. McCurdy,  J. B. Neaton,  T. Neudecker,  C. Ochsenfeld,  
 J. A. Parkhill,  R. Peverati,  V. A. Rassolov,  Haisheng Ren,  Yihan Shao,  
 L. V. Slipchenko,  R. P. Steele,  J. E. Subotnik,  A. J. W. Thom,  
 A. Tkatchenko,  D. G. Truhlar,  T. Van Voorhis,  Fan Wang,  
 T. A. Wesolowski,  K. B. Whaley,  H. L. Woodcock III,  P. M. Zimmerman,  
 S. Faraji,  P. M. W. Gill,  M. Head-Gordon,  J. M. Herbert,  A. I. Krylov

 Contributors to earlier versions of Q-Chem not listed above: 
 R. D. Adamson,  B. Austin,  R. Baer,  J. Baker,  G. J. O. Beran,  
 K. Brandhorst,  S. T. Brown,  E. F. C. Byrd,  Arup K. Chakraborty,  
 G. K. L. Chan,  Chun-Min Chang,  Yunqing Chen,  C.-L. Cheng,  
 Siu Hung Chien,  D. M. Chipman,  D. L. Crittenden,  H. Dachsel,  
 R. J. Doerksen,  A. D. Dutoi,  R. G. Edgar,  J. Fosso-Tande,  
 L. Fusti-Molnar,  D. Ghosh,  A. Ghysels,  A. Golubeva-Zadorozhnaya,  
 J. Gonthier,  M. S. Gordon,  S. R. Gwaltney,  G. Hawkins,  J. E. Herr,  
 A. Heyden,  S. Hirata,  E. G. Hohenstein,  G. Kedziora,  F. J. Keil,  
 C. Kelley,  Jihan Kim,  R. A. King,  R. Z. Khaliullin,  P. P. Korambath,  
 W. Kurlancheek,  A. Laurent,  A. M. Lee,  M. S. Lee,  S. V. Levchenko,  
 Ching Yeh Lin,  D. Liotard,  E. Livshits,  R. C. Lochan,  I. Lotan,  
 L. A. Martinez-Martinez,  P. E. Maslen,  N. Nair,  D. P. O'Neill,  
 D. Neuhauser,  E. Neuscamman,  C. M. Oana,  R. Olivares-Amaya,  R. Olson,  
 T. M. Perrine,  B. Peters,  P. A. Pieniazek,  A. Prociuk,  Y. M. Rhee,  
 J. Ritchie,  M. A. Rohrdanz,  E. Rosta,  N. J. Russ,  H. F. Schaefer III,  
 M. W. Schmidt,  N. E. Schultz,  S. Sharma,  N. Shenvi,  C. D. Sherrill,  
 A. C. Simmonett,  A. Sodt,  T. Stein,  D. Stuck,  K. S. Thanthiriwatte,  
 V. Vanovschi,  L. Vogt,  Tao Wang,  A. Warshel,  M. A. Watson,  
 C. F. Williams,  Q. Wu,  X. Xu,  Jun Yang,  W. Zhang,  Yan Zhao

   Please cite Q-Chem as follows:
  "Software for the frontiers of quantum chemistry:
   An overview of developments in the Q-Chem 5 package"
   J. Chem. Phys. 155, 084801 (2021)
   https://doi.org/10.1063/5.0055522 (open access)

 Q-Chem 6.0.2 for Intel X86 EM64T Linux

 Parts of Q-Chem use Armadillo 9.900.5 (Nocturnal Misbehaviour).
 http://arma.sourceforge.net/

 Q-Chem begins on Mon Jun 16 10:28:50 2025  

 Host: 
0

     Scratch files written to /expanse/lustre/scratch/whughes/temp_project/job_40349821/53-R1-c5-OLYP-40349821//
 Dec722 |scratch|qcdevops|jenkins|workspace|build_RNUM    
 Processing $rem in /cm/shared/apps/spack/0.17.3/cpu/b/opt/spack/linux-rocky8-zen2/gcc-10.2.0/qchem-6.0-rytxnwjazd34ekd2gqyi5ufsaimxsd3r/config/preferences:
 Processing $rem in /home/whughes/.qchemrc:

 Checking the input file for inconsistencies... 	...done.

--------------------------------------------------------------
User input:
--------------------------------------------------------------
$molecule
read 53-R1-c5.xyz
$end

$rem
METHOD      OLYP
BASIS       def2-QZVPP
SYM_IGNORE   TRUE
DFT_D       D3
MAX_SCF_CYCLES 300
$end

$end
--------------------------------------------------------------
 Adding empirical dispersion correction 
 ----------------------------------------------------------------
 Doing -D3(BJ) with
 s6  =   1.00000
 s8  =   2.62050
 a1  =   0.52990
 a2  =   2.80650
 -D3 energy without 3body term =     -0.1582818445 hartrees
 ----------------------------------------------------------------
             Standard Nuclear Orientation (Angstroms)
    I     Atom           X                Y                Z
 ----------------------------------------------------------------
    1      O       1.1957390620    -0.5974719121    -2.3436786628
    2      C       1.4307347111    -0.3591662565    -1.1589935191
    3      C       0.4253143612    -0.4866398827    -0.1303269277
    4      N      -0.7993187259    -1.0349105745    -0.4209562847
    5      C      -0.9112069353    -2.1359479922    -1.3801375131
    6      C      -2.0157022330    -0.5701534942     0.1070207196
    7      C      -2.0088279776     0.7550119163     0.8343072036
    8      C      -3.4088407066     1.2397711921     1.1675072830
    9      O      -3.0306461111    -1.1951657251    -0.0851635005
   10      C       0.7385528207    -0.0439311922     1.2474209645
   11      C       1.7920368238     0.9841742678     1.4068290179
   12      C       3.0528249938     0.4509284281     0.6988833965
   13      C       2.7831402741     0.2398402510    -0.7853195095
   14      H      -1.2126448800    -1.7729658268    -2.3607794200
   15      H       0.0492988919    -2.6305274746    -1.4681462064
   16      H      -1.6639443153    -2.8242342061    -1.0036862036
   17      H      -1.4747407846     1.4813500919     0.2154242220
   18      H      -1.4058767644     0.6499316456     1.7414532192
   19      H      -4.0040022750     1.3686230440     0.2638594724
   20      H      -3.3573740165     2.1963781162     1.6883627604
   21      H      -3.9293793927     0.5250853926     1.8034464919
   22      H       0.6571908682    -0.8123712533     2.0146481442
   23      H       1.9930978609     1.1852035133     2.4589151989
   24      H       1.4938923307     1.9259486245     0.9312483242
   25      H       3.8832053033     1.1474302802     0.8315708472
   26      H       3.3482980949    -0.4896819496     1.1710042489
   27      H       3.5477954019    -0.3923353726    -1.2400168940
   28      H       2.8312833196     1.1959263488    -1.3147968734
 ----------------------------------------------------------------
 Nuclear Repulsion Energy =         826.35526622 hartrees
 There are       50 alpha and       48 beta electrons
 Requested basis set is def2-QZVPP
 There are 371 shells and 1191 basis functions

 Total QAlloc Memory Limit   8000 MB
 Mega-Array Size       188 MB
 MEM_STATIC part       192 MB

 A cutoff of  1.0D-09 yielded  43902 shell pairs
 There are    426526 function pairs (    628642 Cartesian)
 Smallest overlap matrix eigenvalue = 1.28E-05

 Q-Chem warning in module stvman/mkSTV.C, line 305:

 Overlap eigenvalue is smaller than square root of threshold
 Use THRESH >= 12 to get rid of this warning


 Scale SEOQF with 1.000000e-01/1.000000e-01/1.000000e-01

 Standard Electronic Orientation quadrupole field applied
 Nucleus-field energy     =     0.0000000092 hartrees
 Guess from superposition of atomic densities
 Warning:  Energy on first SCF cycle will be non-variational
 SAD guess density has 98.000000 electrons

 -----------------------------------------------------------------------
  General SCF calculation program by
  Eric Jon Sundstrom, Paul Horn, Yuezhi Mao, Dmitri Zuev, Alec White,
  David Stuck, Shaama M.S., Shane Yost, Joonho Lee, David Small,
  Daniel Levine, Susi Lehtola, Hugh Burton, Evgeny Epifanovsky,
  Bang C. Huynh
 -----------------------------------------------------------------------
 Exchange:  OPTX      Correlation:  LYP
 Using SG-1 standard quadrature grid
 Dispersion:   Grimme D3
 using 32 threads for integral computing
 -------------------------------------------------------
 OpenMP Integral computing Module                
 Release: version 1.0, May 2013, Q-Chem Inc. Pittsburgh 
 -------------------------------------------------------
 A unrestricted SCF calculation will be
 performed using DIIS
 SCF converges when DIIS error is below 1.0e-05
 ---------------------------------------
  Cycle       Energy         DIIS error
 ---------------------------------------
    1    -597.5119691594      5.21e-03  
    2    -594.9828168266      7.84e-04  
    3    -593.3751816228      1.73e-03  
    4    -595.0830735533      6.58e-04  
    5    -595.3881550085      9.74e-05  
    6    -595.3802740107      1.47e-04  
    7    -595.3936685082      4.03e-05  
    8    -595.3945913340      1.38e-05  
    9    -595.3947055672      6.87e-06  Convergence criterion met
 ---------------------------------------
 SCF time:   CPU 3549.31s  wall 117.00s 
<S^2> =          2.005251299
 SCF   energy in the final basis set =     -595.3947055672
 Total energy in the final basis set =     -595.3947055672
 
 --------------------------------------------------------------
 
                    Orbital Energies (a.u.)
 --------------------------------------------------------------
 
 Alpha MOs
 -- Occupied --
-18.7464 -18.7413 -14.0684 -10.0059  -9.9696  -9.9634  -9.9292  -9.9266
 -9.9175  -9.9165  -9.9158  -9.9096  -9.8940  -0.9809  -0.9527  -0.8884
 -0.7718  -0.7196  -0.6938  -0.6712  -0.6479  -0.5965  -0.5694  -0.5489
 -0.5230  -0.4680  -0.4559  -0.4390  -0.4315  -0.4177  -0.4070  -0.4007
 -0.3832  -0.3812  -0.3763  -0.3715  -0.3551  -0.3440  -0.3414  -0.3322
 -0.3241  -0.3210  -0.3075  -0.3058  -0.2979  -0.2689  -0.2286  -0.2191
 -0.1927  -0.1368
 -- Virtual --
 -0.0378  -0.0165  -0.0042   0.0018   0.0089   0.0102   0.0212   0.0307
  0.0353   0.0410   0.0542   0.0585   0.0649   0.0663   0.0731   0.0773
  0.0829   0.0868   0.1025   0.1042   0.1127   0.1152   0.1242   0.1303
  0.1312   0.1367   0.1418   0.1482   0.1586   0.1676   0.1702   0.1745
  0.1837   0.1863   0.1950   0.2004   0.2058   0.2104   0.2192   0.2272
  0.2335   0.2416   0.2463   0.2468   0.2506   0.2580   0.2588   0.2630
  0.2666   0.2731   0.2786   0.2808   0.2852   0.2898   0.2938   0.2985
  0.2991   0.3016   0.3046   0.3099   0.3126   0.3133   0.3254   0.3300
  0.3329   0.3405   0.3478   0.3522   0.3568   0.3621   0.3779   0.3880
  0.3906   0.3922   0.4068   0.4086   0.4168   0.4240   0.4451   0.4483
  0.4576   0.4625   0.4665   0.4757   0.4845   0.4926   0.4955   0.5047
  0.5172   0.5208   0.5295   0.5343   0.5407   0.5429   0.5448   0.5546
  0.5559   0.5656   0.5711   0.5764   0.5810   0.5889   0.5901   0.5982
  0.6045   0.6133   0.6184   0.6271   0.6373   0.6488   0.6538   0.6689
  0.6754   0.6817   0.6902   0.6905   0.7106   0.7118   0.7158   0.7299
  0.7374   0.7431   0.7539   0.7565   0.7583   0.7667   0.7723   0.7773
  0.7796   0.7825   0.7867   0.7911   0.7928   0.7979   0.7995   0.8069
  0.8111   0.8121   0.8189   0.8222   0.8275   0.8388   0.8451   0.8491
  0.8514   0.8613   0.8628   0.8777   0.8804   0.8844   0.8892   0.8936
  0.9077   0.9102   0.9191   0.9235   0.9345   0.9360   0.9447   0.9560
  0.9589   0.9652   0.9675   0.9760   0.9833   0.9911   0.9976   1.0002
  1.0093   1.0187   1.0290   1.0326   1.0368   1.0443   1.0467   1.0537
  1.0617   1.0677   1.0706   1.0854   1.0925   1.1040   1.1081   1.1204
  1.1304   1.1317   1.1463   1.1567   1.1594   1.1705   1.1817   1.1927
  1.1967   1.2068   1.2111   1.2183   1.2225   1.2321   1.2392   1.2631
  1.2670   1.2724   1.2835   1.2894   1.3013   1.3092   1.3130   1.3249
  1.3329   1.3362   1.3412   1.3526   1.3569   1.3682   1.3738   1.3814
  1.3910   1.3989   1.4077   1.4113   1.4173   1.4232   1.4336   1.4461
  1.4478   1.4618   1.4663   1.4732   1.4853   1.4918   1.4968   1.5056
  1.5136   1.5167   1.5286   1.5380   1.5459   1.5499   1.5721   1.5785
  1.5894   1.6031   1.6040   1.6223   1.6314   1.6410   1.6531   1.6585
  1.6743   1.6892   1.6912   1.7127   1.7211   1.7256   1.7385   1.7493
  1.7532   1.7660   1.7700   1.7890   1.7958   1.8067   1.8108   1.8129
  1.8191   1.8303   1.8358   1.8376   1.8435   1.8574   1.8625   1.8688
  1.8773   1.8865   1.8918   1.9009   1.9073   1.9162   1.9269   1.9381
  1.9384   1.9470   1.9532   1.9564   1.9701   1.9738   1.9811   1.9857
  1.9901   1.9997   2.0015   2.0072   2.0114   2.0223   2.0274   2.0341
  2.0355   2.0456   2.0481   2.0541   2.0654   2.0683   2.0743   2.0767
  2.0848   2.0881   2.1002   2.1040   2.1084   2.1143   2.1192   2.1265
  2.1349   2.1387   2.1461   2.1561   2.1653   2.1695   2.1805   2.1859
  2.2002   2.2042   2.2074   2.2143   2.2203   2.2221   2.2288   2.2351
  2.2428   2.2500   2.2556   2.2640   2.2702   2.2810   2.2932   2.2967
  2.3038   2.3151   2.3215   2.3279   2.3335   2.3382   2.3412   2.3613
  2.3639   2.3710   2.3760   2.3915   2.3974   2.4013   2.4138   2.4181
  2.4270   2.4316   2.4377   2.4507   2.4540   2.4634   2.4655   2.4766
  2.4839   2.4896   2.5023   2.5076   2.5103   2.5256   2.5328   2.5352
  2.5449   2.5490   2.5536   2.5616   2.5678   2.5786   2.5943   2.5974
  2.6101   2.6155   2.6166   2.6290   2.6365   2.6478   2.6498   2.6650
  2.6786   2.6823   2.6989   2.7033   2.7133   2.7175   2.7226   2.7244
  2.7302   2.7413   2.7516   2.7538   2.7669   2.7787   2.7833   2.7867
  2.8054   2.8116   2.8140   2.8227   2.8262   2.8268   2.8329   2.8388
  2.8459   2.8525   2.8562   2.8697   2.8732   2.8768   2.8934   2.8954
  2.8990   2.9092   2.9206   2.9294   2.9352   2.9383   2.9470   2.9502
  2.9673   2.9766   2.9830   2.9878   2.9945   3.0027   3.0132   3.0211
  3.0255   3.0439   3.0445   3.0465   3.0601   3.0652   3.0747   3.0938
  3.1053   3.1188   3.1195   3.1313   3.1367   3.1480   3.1639   3.1695
  3.1861   3.1917   3.1972   3.2119   3.2175   3.2353   3.2423   3.2446
  3.2508   3.2647   3.2742   3.2808   3.2914   3.2990   3.3097   3.3205
  3.3286   3.3387   3.3405   3.3549   3.3577   3.3690   3.3768   3.3873
  3.4020   3.4102   3.4283   3.4416   3.4447   3.4531   3.4589   3.4702
  3.4742   3.4939   3.5006   3.5076   3.5216   3.5266   3.5406   3.5479
  3.5598   3.5724   3.5869   3.5991   3.6075   3.6169   3.6293   3.6348
  3.6383   3.6482   3.6605   3.6657   3.6836   3.6845   3.6935   3.7105
  3.7144   3.7270   3.7530   3.7545   3.7648   3.7669   3.7806   3.7933
  3.8073   3.8124   3.8179   3.8316   3.8468   3.8568   3.8608   3.8713
  3.8782   3.8911   3.9030   3.9116   3.9183   3.9243   3.9366   3.9453
  3.9511   3.9605   3.9726   3.9817   4.0063   4.0256   4.0413   4.0541
  4.0571   4.0833   4.0894   4.1029   4.1235   4.1269   4.1533   4.1606
  4.1762   4.2040   4.2049   4.2208   4.2296   4.2556   4.2692   4.2754
  4.3079   4.3182   4.3489   4.3664   4.3850   4.3976   4.4430   4.4524
  4.4825   4.5217   4.5392   4.5605   4.5782   4.6150   4.6221   4.6367
  4.6717   4.6978   4.7108   4.7219   4.7547   4.7701   4.7896   4.8263
  4.8410   4.8579   4.8764   4.9013   4.9111   4.9443   4.9595   4.9897
  4.9991   5.0247   5.0282   5.0372   5.0585   5.0736   5.1163   5.1207
  5.1322   5.1485   5.1632   5.1922   5.2055   5.2299   5.2445   5.2471
  5.2755   5.2794   5.2839   5.2870   5.3170   5.3275   5.3490   5.3683
  5.3824   5.3984   5.4085   5.4163   5.4235   5.4396   5.4513   5.4612
  5.4758   5.4839   5.4964   5.5007   5.5132   5.5295   5.5395   5.5636
  5.5729   5.5853   5.5940   5.6042   5.6223   5.6322   5.6447   5.6557
  5.6700   5.6802   5.6818   5.6985   5.7056   5.7279   5.7356   5.7380
  5.7410   5.7451   5.7629   5.7660   5.7704   5.7788   5.7809   5.7933
  5.8023   5.8056   5.8133   5.8278   5.8306   5.8363   5.8549   5.8569
  5.8645   5.8729   5.8782   5.8824   5.8903   5.9041   5.9059   5.9081
  5.9304   5.9373   5.9438   5.9470   5.9618   5.9770   5.9874   5.9892
  5.9940   6.0047   6.0093   6.0122   6.0196   6.0292   6.0394   6.0414
  6.0524   6.0557   6.0611   6.0653   6.0776   6.0890   6.0965   6.1009
  6.1091   6.1195   6.1322   6.1339   6.1403   6.1500   6.1568   6.1693
  6.1697   6.1755   6.1806   6.1829   6.2008   6.2089   6.2169   6.2179
  6.2350   6.2415   6.2461   6.2572   6.2694   6.2735   6.2828   6.2866
  6.2950   6.3014   6.3124   6.3143   6.3172   6.3190   6.3290   6.3377
  6.3452   6.3512   6.3611   6.3705   6.3739   6.3794   6.3979   6.4026
  6.4080   6.4217   6.4368   6.4414   6.4542   6.4586   6.4694   6.4816
  6.4936   6.4954   6.4989   6.5132   6.5223   6.5337   6.5418   6.5536
  6.5675   6.5766   6.5873   6.5964   6.6028   6.6106   6.6269   6.6382
  6.6469   6.6486   6.6610   6.6671   6.6682   6.6772   6.6821   6.7027
  6.7096   6.7188   6.7316   6.7412   6.7511   6.7571   6.7848   6.7931
  6.7966   6.8130   6.8213   6.8397   6.8552   6.8601   6.8640   6.8723
  6.8857   6.9024   6.9110   6.9192   6.9331   6.9431   6.9528   6.9662
  6.9773   6.9824   6.9958   7.0147   7.0324   7.0550   7.0654   7.0760
  7.0862   7.1079   7.1234   7.1357   7.1466   7.1485   7.1830   7.1974
  7.2124   7.2238   7.2406   7.2465   7.2521   7.2759   7.2820   7.2919
  7.2955   7.3070   7.3118   7.3206   7.3299   7.3344   7.3453   7.3507
  7.3602   7.3761   7.3878   7.4125   7.4178   7.4203   7.4275   7.4389
  7.4497   7.4581   7.4625   7.4656   7.4816   7.4925   7.4961   7.5173
  7.5219   7.5359   7.5424   7.5622   7.5758   7.5854   7.5906   7.6002
  7.6073   7.6136   7.6240   7.6296   7.6399   7.6531   7.6565   7.6616
  7.6693   7.6749   7.6882   7.7031   7.7086   7.7188   7.7323   7.7339
  7.7460   7.7633   7.7681   7.7718   7.7724   7.7863   7.7936   7.8061
  7.8148   7.8193   7.8321   7.8503   7.8576   7.8608   7.8737   7.8812
  7.8915   7.9031   7.9059   7.9317   7.9365   7.9443   7.9464   7.9542
  7.9705   7.9768   7.9903   8.0022   8.0101   8.0132   8.0179   8.0329
  8.0475   8.0618   8.0694   8.0873   8.1015   8.1194   8.1276   8.1325
  8.1508   8.1642   8.1796   8.1946   8.2094   8.2184   8.2518   8.2535
  8.2632   8.2758   8.2826   8.2918   8.3007   8.3087   8.3231   8.3259
  8.3302   8.3431   8.3480   8.3594   8.3600   8.3706   8.3739   8.3816
  8.3860   8.3924   8.4019   8.4106   8.4194   8.4300   8.4383   8.4451
  8.4562   8.4701   8.4772   8.4900   8.4937   8.5035   8.5117   8.5171
  8.5255   8.5337   8.5433   8.5514   8.5586   8.5774   8.5796   8.5885
  8.5987   8.6046   8.6072   8.6278   8.6466   8.6639   8.6656   8.6879
  8.6992   8.7362   8.7481   8.7560   8.7592   8.7653   8.7674   8.7729
  8.7856   8.7931   8.8063   8.8248   8.8424   8.8550   8.8805   8.8844
  8.8913   8.8987   8.9080   8.9189   8.9387   8.9481   8.9606   8.9672
  8.9695   8.9799   8.9956   9.0026   9.0182   9.0275   9.0482   9.0634
  9.0705   9.0714   9.0929   9.1171   9.1420   9.1493   9.1644   9.1978
  9.2019   9.2226   9.2891   9.3100   9.3265   9.3744   9.3929   9.4127
  9.4204   9.4349   9.4503   9.4947   9.5108   9.5297   9.5539   9.5758
  9.5927   9.6207   9.6380   9.6496   9.6589   9.6609   9.6780   9.6905
  9.6955   9.7099   9.7178   9.7348   9.7529   9.7691   9.7788   9.7879
  9.7999   9.8081   9.8127   9.8275   9.8348   9.8455   9.8656   9.8829
  9.9095   9.9246   9.9407   9.9489   9.9731   9.9814  10.0059  10.0201
 10.0303  10.0380  10.0523  10.0580  10.0751  10.1077  10.1191  10.1277
 10.1408  10.1646  10.1792  10.1960  10.2201  10.2461  10.2485  10.2694
 10.3411  10.3445  10.3531  10.3834  10.4349  10.4526  10.4636  10.4947
 10.5279  10.5548  10.5739  10.6577  10.7402  10.8098  10.9405  10.9636
 11.0126  11.0297  11.0937  11.3152  11.3538  11.4314  11.4632  11.6066
 11.7110  11.7293  11.7497  11.7650  11.8120  11.8341  11.9043  11.9662
 12.0296  12.0929  12.1018  12.1211  12.1290  12.1512  12.1743  12.2262
 12.2509  12.2702  12.2772  12.3092  12.7001  12.9562  12.9908  13.0150
 13.0455  13.0633  13.0766  13.2446  13.2546  13.3302  13.4121  14.0847
 14.1136  14.2402  14.3804  28.0555  28.2234  28.3881  28.4838  28.8195
 28.8346  28.8641  28.8790  28.9313  28.9642  37.6819  47.9759  48.0034
146.9347 147.0496 147.2181 147.3716 147.6899 147.7192 147.7569 147.7759
147.8516 147.8535 196.8056 252.7525 252.7837
 
 Beta MOs
 -- Occupied --
-18.7449 -18.7352 -14.0659 -10.0057  -9.9685  -9.9601  -9.9291  -9.9192
 -9.9177  -9.9161  -9.9149  -9.9096  -9.8939  -0.9767  -0.9392  -0.8798
 -0.7614  -0.7180  -0.6828  -0.6633  -0.6438  -0.5897  -0.5654  -0.5358
 -0.5166  -0.4634  -0.4505  -0.4330  -0.4272  -0.4106  -0.4026  -0.3955
 -0.3786  -0.3771  -0.3674  -0.3630  -0.3507  -0.3387  -0.3350  -0.3282
 -0.3226  -0.3112  -0.3051  -0.3012  -0.2899  -0.2512  -0.2236  -0.2000
 -- Virtual --
 -0.1577  -0.0862  -0.0288  -0.0160  -0.0031   0.0023   0.0094   0.0202
  0.0235   0.0320   0.0364   0.0426   0.0548   0.0599   0.0661   0.0672
  0.0740   0.0792   0.0853   0.0875   0.1032   0.1045   0.1136   0.1161
  0.1246   0.1311   0.1319   0.1375   0.1438   0.1491   0.1613   0.1686
  0.1749   0.1778   0.1878   0.1890   0.2008   0.2036   0.2092   0.2140
  0.2206   0.2332   0.2375   0.2432   0.2476   0.2491   0.2531   0.2597
  0.2611   0.2649   0.2712   0.2768   0.2799   0.2824   0.2875   0.2949
  0.2968   0.2999   0.3015   0.3035   0.3073   0.3128   0.3138   0.3147
  0.3266   0.3329   0.3361   0.3435   0.3507   0.3554   0.3583   0.3642
  0.3817   0.3905   0.3937   0.3948   0.4097   0.4120   0.4200   0.4293
  0.4482   0.4527   0.4589   0.4647   0.4707   0.4785   0.4867   0.4958
  0.4979   0.5070   0.5202   0.5231   0.5320   0.5378   0.5418   0.5462
  0.5479   0.5573   0.5577   0.5674   0.5729   0.5801   0.5831   0.5908
  0.5924   0.6019   0.6073   0.6152   0.6254   0.6327   0.6393   0.6517
  0.6586   0.6740   0.6800   0.6849   0.6925   0.6994   0.7127   0.7137
  0.7214   0.7342   0.7405   0.7463   0.7567   0.7596   0.7641   0.7703
  0.7739   0.7790   0.7809   0.7847   0.7898   0.7932   0.7951   0.7989
  0.8023   0.8102   0.8131   0.8158   0.8226   0.8277   0.8321   0.8407
  0.8476   0.8534   0.8546   0.8643   0.8665   0.8795   0.8842   0.8885
  0.8915   0.8966   0.9106   0.9141   0.9256   0.9277   0.9384   0.9404
  0.9482   0.9594   0.9626   0.9684   0.9691   0.9793   0.9868   0.9952
  1.0011   1.0036   1.0153   1.0239   1.0319   1.0387   1.0411   1.0473
  1.0497   1.0564   1.0655   1.0701   1.0750   1.0881   1.0953   1.1084
  1.1154   1.1233   1.1330   1.1358   1.1493   1.1593   1.1650   1.1766
  1.1866   1.1965   1.2019   1.2112   1.2144   1.2235   1.2271   1.2368
  1.2434   1.2697   1.2713   1.2781   1.2882   1.2939   1.3065   1.3133
  1.3157   1.3273   1.3368   1.3432   1.3442   1.3557   1.3626   1.3721
  1.3778   1.3849   1.3967   1.4049   1.4125   1.4141   1.4218   1.4292
  1.4394   1.4505   1.4540   1.4680   1.4695   1.4779   1.4915   1.4977
  1.5004   1.5118   1.5166   1.5207   1.5340   1.5422   1.5507   1.5548
  1.5777   1.5838   1.5934   1.6068   1.6104   1.6269   1.6357   1.6453
  1.6597   1.6653   1.6785   1.6932   1.6995   1.7187   1.7259   1.7310
  1.7431   1.7544   1.7582   1.7708   1.7775   1.7940   1.8008   1.8110
  1.8167   1.8188   1.8222   1.8345   1.8398   1.8421   1.8485   1.8618
  1.8685   1.8739   1.8836   1.8924   1.8978   1.9081   1.9126   1.9228
  1.9316   1.9427   1.9437   1.9534   1.9575   1.9625   1.9746   1.9768
  1.9864   1.9905   1.9940   2.0032   2.0060   2.0125   2.0162   2.0274
  2.0322   2.0397   2.0411   2.0488   2.0527   2.0570   2.0699   2.0740
  2.0785   2.0803   2.0889   2.0924   2.1051   2.1076   2.1133   2.1179
  2.1234   2.1306   2.1404   2.1435   2.1517   2.1606   2.1707   2.1745
  2.1859   2.1893   2.2046   2.2094   2.2119   2.2208   2.2274   2.2281
  2.2349   2.2417   2.2475   2.2559   2.2620   2.2671   2.2759   2.2866
  2.2973   2.3062   2.3105   2.3210   2.3269   2.3346   2.3395   2.3434
  2.3475   2.3683   2.3728   2.3753   2.3826   2.3965   2.4013   2.4068
  2.4201   2.4261   2.4346   2.4368   2.4428   2.4561   2.4608   2.4694
  2.4729   2.4799   2.4900   2.4934   2.5070   2.5108   2.5156   2.5299
  2.5385   2.5415   2.5497   2.5525   2.5587   2.5656   2.5738   2.5835
  2.5983   2.6027   2.6159   2.6200   2.6259   2.6351   2.6407   2.6553
  2.6565   2.6725   2.6830   2.6867   2.7038   2.7071   2.7187   2.7211
  2.7280   2.7305   2.7341   2.7468   2.7562   2.7606   2.7715   2.7835
  2.7881   2.7913   2.8097   2.8155   2.8193   2.8263   2.8295   2.8317
  2.8383   2.8442   2.8495   2.8568   2.8611   2.8743   2.8769   2.8810
  2.8987   2.9010   2.9034   2.9140   2.9284   2.9341   2.9397   2.9428
  2.9517   2.9539   2.9716   2.9828   2.9889   2.9941   2.9987   3.0092
  3.0180   3.0262   3.0304   3.0483   3.0499   3.0531   3.0656   3.0701
  3.0806   3.0993   3.1097   3.1228   3.1252   3.1366   3.1421   3.1522
  3.1691   3.1763   3.1947   3.1981   3.2014   3.2178   3.2228   3.2389
  3.2470   3.2494   3.2590   3.2698   3.2800   3.2872   3.2958   3.3042
  3.3165   3.3261   3.3354   3.3450   3.3459   3.3612   3.3643   3.3757
  3.3823   3.3932   3.4073   3.4150   3.4350   3.4457   3.4514   3.4582
  3.4664   3.4761   3.4821   3.5000   3.5060   3.5116   3.5267   3.5316
  3.5444   3.5525   3.5645   3.5767   3.5925   3.6037   3.6124   3.6217
  3.6358   3.6410   3.6438   3.6530   3.6676   3.6718   3.6886   3.6893
  3.6985   3.7170   3.7201   3.7311   3.7584   3.7592   3.7703   3.7756
  3.7846   3.7986   3.8122   3.8182   3.8219   3.8330   3.8529   3.8597
  3.8659   3.8764   3.8845   3.8938   3.9085   3.9173   3.9247   3.9319
  3.9442   3.9530   3.9598   3.9683   3.9798   3.9891   4.0130   4.0339
  4.0495   4.0618   4.0644   4.0900   4.0951   4.1104   4.1341   4.1353
  4.1605   4.1687   4.1818   4.2092   4.2107   4.2308   4.2369   4.2606
  4.2749   4.2830   4.3131   4.3275   4.3546   4.3730   4.3926   4.4041
  4.4482   4.4591   4.4887   4.5281   4.5483   4.5683   4.5858   4.6240
  4.6295   4.6432   4.6788   4.7031   4.7153   4.7297   4.7621   4.7796
  4.7958   4.8363   4.8519   4.8702   4.8845   4.9093   4.9169   4.9587
  4.9730   4.9944   5.0071   5.0365   5.0410   5.0492   5.0697   5.0881
  5.1223   5.1364   5.1434   5.1561   5.1781   5.2006   5.2187   5.2398
  5.2529   5.2563   5.2828   5.2871   5.2903   5.2941   5.3244   5.3364
  5.3543   5.3766   5.3918   5.4036   5.4171   5.4227   5.4274   5.4462
  5.4604   5.4804   5.4856   5.4915   5.5038   5.5075   5.5224   5.5361
  5.5462   5.5717   5.5842   5.5941   5.5979   5.6134   5.6298   5.6382
  5.6527   5.6609   5.6755   5.6851   5.6891   5.7022   5.7139   5.7355
  5.7403   5.7440   5.7458   5.7509   5.7675   5.7712   5.7753   5.7842
  5.7846   5.7981   5.8073   5.8101   5.8209   5.8329   5.8409   5.8467
  5.8587   5.8633   5.8691   5.8749   5.8837   5.8891   5.8974   5.9077
  5.9134   5.9163   5.9375   5.9458   5.9497   5.9536   5.9685   5.9838
  5.9916   5.9980   5.9992   6.0113   6.0131   6.0180   6.0258   6.0349
  6.0457   6.0473   6.0574   6.0612   6.0662   6.0723   6.0845   6.0961
  6.1012   6.1064   6.1153   6.1266   6.1376   6.1405   6.1494   6.1579
  6.1637   6.1732   6.1748   6.1793   6.1869   6.1902   6.2067   6.2182
  6.2232   6.2242   6.2428   6.2453   6.2545   6.2653   6.2788   6.2822
  6.2879   6.2929   6.3011   6.3067   6.3190   6.3201   6.3229   6.3256
  6.3363   6.3434   6.3509   6.3602   6.3677   6.3749   6.3778   6.3855
  6.4037   6.4093   6.4160   6.4274   6.4438   6.4482   6.4607   6.4666
  6.4760   6.4910   6.5003   6.5050   6.5095   6.5194   6.5306   6.5443
  6.5480   6.5628   6.5768   6.5815   6.5981   6.6017   6.6091   6.6209
  6.6330   6.6449   6.6517   6.6555   6.6668   6.6758   6.6770   6.6868
  6.6917   6.7107   6.7171   6.7309   6.7458   6.7497   6.7582   6.7631
  6.7917   6.7988   6.8042   6.8245   6.8290   6.8464   6.8625   6.8675
  6.8719   6.8758   6.8920   6.9088   6.9153   6.9258   6.9435   6.9494
  6.9609   6.9735   6.9826   6.9917   7.0036   7.0245   7.0370   7.0609
  7.0701   7.0809   7.0941   7.1127   7.1282   7.1417   7.1502   7.1592
  7.1898   7.2038   7.2169   7.2279   7.2443   7.2498   7.2580   7.2814
  7.2855   7.2966   7.2995   7.3113   7.3167   7.3251   7.3370   7.3373
  7.3511   7.3573   7.3639   7.3800   7.3914   7.4173   7.4205   7.4245
  7.4374   7.4436   7.4536   7.4601   7.4667   7.4723   7.4843   7.4954
  7.4998   7.5229   7.5295   7.5410   7.5487   7.5681   7.5823   7.5887
  7.5951   7.6043   7.6107   7.6163   7.6285   7.6320   7.6437   7.6572
  7.6598   7.6643   7.6739   7.6812   7.6937   7.7071   7.7127   7.7239
  7.7368   7.7393   7.7489   7.7670   7.7707   7.7751   7.7781   7.7901
  7.7993   7.8113   7.8198   7.8253   7.8355   7.8544   7.8636   7.8659
  7.8777   7.8875   7.8981   7.9060   7.9108   7.9365   7.9405   7.9486
  7.9513   7.9593   7.9775   7.9843   7.9934   8.0057   8.0119   8.0195
  8.0236   8.0387   8.0515   8.0687   8.0759   8.0933   8.1052   8.1252
  8.1316   8.1370   8.1551   8.1691   8.1868   8.1983   8.2168   8.2267
  8.2557   8.2581   8.2661   8.2779   8.2883   8.2963   8.3048   8.3132
  8.3264   8.3300   8.3330   8.3450   8.3505   8.3621   8.3632   8.3744
  8.3778   8.3862   8.3891   8.3956   8.4096   8.4153   8.4234   8.4334
  8.4440   8.4475   8.4591   8.4751   8.4795   8.4932   8.4977   8.5098
  8.5153   8.5214   8.5310   8.5378   8.5474   8.5552   8.5622   8.5798
  8.5840   8.5938   8.6019   8.6066   8.6109   8.6329   8.6510   8.6696
  8.6713   8.6946   8.7038   8.7395   8.7560   8.7624   8.7711   8.7736
  8.7781   8.7859   8.7892   8.8038   8.8129   8.8283   8.8464   8.8596
  8.8829   8.8877   8.8957   8.9012   8.9129   8.9269   8.9431   8.9513
  8.9646   8.9710   8.9733   8.9837   9.0053   9.0079   9.0242   9.0314
  9.0583   9.0674   9.0738   9.0790   9.0986   9.1247   9.1457   9.1518
  9.1700   9.2042   9.2067   9.2265   9.2946   9.3195   9.3312   9.3814
  9.3976   9.4219   9.4271   9.4390   9.4560   9.5029   9.5149   9.5361
  9.5585   9.5815   9.5958   9.6310   9.6419   9.6516   9.6642   9.6667
  9.6828   9.6960   9.7007   9.7179   9.7242   9.7396   9.7617   9.7743
  9.7842   9.7960   9.8023   9.8101   9.8161   9.8328   9.8432   9.8523
  9.8695   9.8868   9.9126   9.9272   9.9440   9.9580   9.9778   9.9840
 10.0096  10.0268  10.0338  10.0413  10.0554  10.0618  10.0779  10.1117
 10.1229  10.1340  10.1461  10.1697  10.1808  10.2041  10.2334  10.2477
 10.2537  10.2726  10.3443  10.3477  10.3565  10.3865  10.4439  10.4581
 10.4731  10.5006  10.5305  10.5558  10.5783  10.6619  10.7503  10.8145
 10.9590  10.9857  11.0355  11.0459  11.1031  11.3390  11.3600  11.4548
 11.4695  11.6130  11.7172  11.7368  11.7724  11.7828  11.8162  11.8356
 11.9082  11.9691  12.0448  12.1007  12.1109  12.1291  12.1400  12.1681
 12.1826  12.2412  12.2581  12.2749  12.3058  12.3246  12.7162  12.9877
 12.9932  13.0175  13.0484  13.0726  13.0789  13.2456  13.2704  13.3330
 13.4151  14.0971  14.1415  14.2575  14.3837  28.0653  28.2243  28.3982
 28.5115  28.8197  28.8360  28.8642  28.8803  28.9335  28.9645  37.6879
 47.9835  48.0118 146.9353 147.0497 147.2186 147.3753 147.6900 147.7195
147.7568 147.7761 147.8520 147.8536 196.8070 252.7551 252.7863
 --------------------------------------------------------------
 
          Ground-State Mulliken Net Atomic Charges

     Atom                 Charge (a.u.)    Spin (a.u.)
  --------------------------------------------------------
      1 O                    -0.336651       0.312514
      2 C                     0.006282       0.104252
      3 C                     0.197688       0.366073
      4 N                    -0.160845       0.143345
      5 C                     0.007342       0.004270
      6 C                     0.200032       0.019225
      7 C                     0.066830       0.029332
      8 C                    -0.116201       0.005245
      9 O                    -0.347655       0.078676
     10 C                     0.028470       0.863937
     11 C                    -0.025546      -0.028249
     12 C                     0.042400       0.042627
     13 C                     0.134853       0.012233
     14 H                     0.067708       0.004926
     15 H                     0.067031      -0.001948
     16 H                     0.061970       0.009793
     17 H                     0.047128      -0.010509
     18 H                     0.025018       0.008444
     19 H                     0.037310       0.002584
     20 H                     0.002796      -0.000029
     21 H                     0.041901       0.000397
     22 H                    -0.024143      -0.008360
     23 H                    -0.002871       0.002975
     24 H                     0.002988       0.013255
     25 H                    -0.004963       0.018762
     26 H                    -0.006154      -0.006773
     27 H                    -0.004422       0.009937
     28 H                    -0.008294       0.003065
  --------------------------------------------------------
  Sum of atomic charges =     0.000000
  Sum of spin   charges =     2.000000

 -----------------------------------------------------------------
                    Cartesian Multipole Moments
 -----------------------------------------------------------------
    Charge (ESU x 10^10)
                 0.0000
    Dipole Moment (Debye)
         X       2.1329      Y       1.2249      Z       2.8039
       Tot       3.7298
    Quadrupole Moments (Debye-Ang)
        XX     -83.9542     XY      -2.9954     YY     -76.1352
        XZ       3.5004     YZ      -0.1969     ZZ     -84.1586
    Octopole Moments (Debye-Ang^2)
       XXX      60.8284    XXY      32.8454    XYY       9.0692
       YYY      32.7419    XXZ       5.6940    XYZ      -3.0495
       YYZ      -3.4455    XZZ      -9.2387    YZZ      13.7901
       ZZZ      27.6062
    Hexadecapole Moments (Debye-Ang^3)
      XXXX   -2368.4949   XXXY    -116.6882   XXYY    -491.5407
      XYYY     -59.3630   YYYY    -585.0471   XXXZ      85.4253
      XXYZ     -63.0351   XYYZ      34.8520   YYYZ    -171.1081
      XXZZ    -502.4754   XYZZ      -8.2364   YYZZ    -216.7289
      XZZZ     136.8000   YZZZ    -191.7177   ZZZZ    -788.8219
 -----------------------------------------------------------------
 Total job time:  121.28s(wall), 3606.92s(cpu) 
 Mon Jun 16 10:30:51 2025

        *************************************************************
        *                                                           *
        *  Thank you very much for using Q-Chem.  Have a nice day.  *
        *                                                           *
        *************************************************************


