
Running Job 1 of 2 acetophenone-triplet-wb97xd-OLYP-readSCF.in
qchem acetophenone-triplet-wb97xd-OLYP-readSCF.in_1541040.0 /expanse/lustre/scratch/whughes/temp_project/job_36179960/acetophenone-triplet-wb97xd-OLYP-readSCF-36179960/ 0
/cm/shared/apps/spack/0.17.3/cpu/b/opt/spack/linux-rocky8-zen2/gcc-10.2.0/qchem-6.0-rytxnwjazd34ekd2gqyi5ufsaimxsd3r/exe/qcprog.exe_s acetophenone-triplet-wb97xd-OLYP-readSCF.in_1541040.0 /expanse/lustre/scratch/whughes/temp_project/job_36179960/acetophenone-triplet-wb97xd-OLYP-readSCF-36179960/
                  Welcome to Q-Chem
     A Quantum Leap Into The Future Of Chemistry


 Q-Chem 6.0, Q-Chem, Inc., Pleasanton, CA (2022)

 License issued to: University of California, San Diego (site)

 E. Epifanovsky,  A. T. B. Gilbert,  Xintian Feng,  Joonho Lee,  Yuezhi Mao,  
 N. Mardirossian,  P. Pokhilko,  A. White,  M. Wormit,  M. P. Coons,  
 A. L. Dempwolff,  Zhengting Gan,  D. Hait,  P. R. Horn,  L. D. Jacobson,  
 I. Kaliman,  J. Kussmann,  A. W. Lange,  Ka Un Lao,  D. S. Levine,  Jie Liu,  
 S. C. McKenzie,  A. F. Morrison,  K. Nanda,  F. Plasser,  D. R. Rehn,  
 M. L. Vidal,  Zhi-Qiang You,  Ying Zhu,  B. Alam,  B. Albrecht,  
 A. Aldossary,  E. Alguire,  J. H. Andersen,  V. Athavale,  D. Barton,  
 K. Begam,  A. Behn,  N. Bellonzi,  Y. A. Bernard,  E. J. Berquist,  
 H. Burton,  A. Carreras,  K. Carter-Fenk,  Romit Chakraborty,  
 Chandrima Chakravarty,  Junhan Chen,  A. D. Chien,  K. D. Closser,  
 V. Cofer-Shabica,  L. Cunha,  S. Dasgupta,  Jia Deng,  M. de Wergifosse,  
 M. Diedenhofen,  Hainam Do,  S. Ehlert,  Po-Tung Fang,  S. Fatehi,  
 Qingguo Feng,  T. Friedhoff,  B. Ganoe,  J. Gayvert,  Qinghui Ge,  
 G. Gidofalvi,  M. Goldey,  J. Gomes,  C. Gonzalez-Espinoza,  S. Gulania,  
 A. Gunina,  J. A. Gyamfi,  M. W. D. Hanson-Heine,  P. H. P. Harbach,  
 A. W. Hauser,  M. F. Herbst,  M. Hernandez Vera,  M. Hodecker,  
 Z. C. Holden,  S. Houck,  Xunkun Huang,  Kerwin Hui,  B. C. Huynh,  
 K. Ikeda,  M. Ivanov,  Hyunjun Ji,  Zuxin Jin,  Hanjie Jiang,  B. Kaduk,  
 S. Kaehler,  R. Kang,  K. Khistyaev,  Jaehoon Kim,  Yongbin Kim,  
 P. Klunzinger,  Z. Koczor-Benda,  Joong Hoon Koh,  D. Kosenkov,  
 Saikiran Kotaru,  L. Koulias,  T. Kowalczyk,  C. M. Krauter,  K. Kue,  
 A. Kunitsa,  T. Kus,  A. Landau,  K. V. Lawler,  D. Lefrancois,  S. Lehtola,  
 Rain Li,  Shaozhi Li,  Yi-Pei Li,  Jiashu Liang,  M. Liebenthal,  
 Hung-Hsuan Lin,  You-Sheng Lin,  Fenglai Liu,  Kuan-Yu Liu,  
 M. Loipersberger,  A. Luenser,  C. Malbon,  A. Manjanath,  P. Manohar,  
 E. Mansoor,  S. F. Manzer,  Shan-Ping Mao,  A. V. Marenich,  T. Markovich,  
 S. Mason,  F. Matz,  S. A. Maurer,  P. F. McLaughlin,  M. F. S. J. Menger,  
 J.-M. Mewes,  S. A. Mewes,  P. Morgante,  Mohammad Mostafanejad,  
 J. W. Mullinax,  K. J. Oosterbaan,  G. Paran,  V. Parravicini,  
 Alexander C. Paul,  Suranjan K. Paul,  F. Pavosevic,  Zheng Pei,  S. Prager,  
 E. I. Proynov,  E. Ramos,  B. Rana,  A. E. Rask,  A. Rettig,  R. M. Richard,  
 F. Rob,  E. Rossomme,  T. Scheele,  M. Scheurer,  M. Schneider,  
 P. E. Schneider,  N. Sergueev,  S. M. Sharada,  Hengyuan Shen,  
 W. Skomorowski,  D. W. Small,  C. J. Stein,  Yingli Su,  Yu-Chuan Su,  
 E. J. Sundstrom,  Zhen Tao,  J. Thirman,  Hung-Yi Tsai,  T. Tsuchimochi,  
 N. M. Tubman,  C. Utku,  S. P. Veccham,  O. Vydrov,  J. Wenzel,  
 Jonathan Wong,  J. Witte,  A. Yamada,  Chou-Hsun Yang,  Kun Yao,  
 S. Yeganeh,  S. R. Yost,  A. Zech,  F. Zeller,  Igor Ying Zhang,  
 Xing Zhang,  Yu Zhang,  D. Zuev,  A. Aspuru-Guzik,  A. T. Bell,  
 N. A. Besley,  K. B. Bravaya,  B. R. Brooks,  D. Casanova,  Jeng-Da Chai,  
 Hsing-Ta Chen,  S. Coriani,  C. J. Cramer,  A. E. DePrince, III,  
 R. A. DiStasio Jr.,  A. Dreuw,  B. D. Dunietz,  T. R. Furlani,  
 W. A. Goddard III,  S. Grimme,  S. Hammes-Schiffer,  T. Head-Gordon,  
 W. J. Hehre,  Chao-Ping Hsu,  T.-C. Jagau,  Yousung Jung,  A. Klamt,  
 Jing Kong,  D. S. Lambrecht,  Xiangyuan Li,  WanZhen Liang,  N. J. Mayhall,  
 C. W. McCurdy,  J. B. Neaton,  T. Neudecker,  C. Ochsenfeld,  
 J. A. Parkhill,  R. Peverati,  V. A. Rassolov,  Haisheng Ren,  Yihan Shao,  
 L. V. Slipchenko,  R. P. Steele,  J. E. Subotnik,  A. J. W. Thom,  
 A. Tkatchenko,  D. G. Truhlar,  T. Van Voorhis,  Fan Wang,  
 T. A. Wesolowski,  K. B. Whaley,  H. L. Woodcock III,  P. M. Zimmerman,  
 S. Faraji,  P. M. W. Gill,  M. Head-Gordon,  J. M. Herbert,  A. I. Krylov

 Contributors to earlier versions of Q-Chem not listed above: 
 R. D. Adamson,  B. Austin,  R. Baer,  J. Baker,  G. J. O. Beran,  
 K. Brandhorst,  S. T. Brown,  E. F. C. Byrd,  Arup K. Chakraborty,  
 G. K. L. Chan,  Chun-Min Chang,  Yunqing Chen,  C.-L. Cheng,  
 Siu Hung Chien,  D. M. Chipman,  D. L. Crittenden,  H. Dachsel,  
 R. J. Doerksen,  A. D. Dutoi,  R. G. Edgar,  J. Fosso-Tande,  
 L. Fusti-Molnar,  D. Ghosh,  A. Ghysels,  A. Golubeva-Zadorozhnaya,  
 J. Gonthier,  M. S. Gordon,  S. R. Gwaltney,  G. Hawkins,  J. E. Herr,  
 A. Heyden,  S. Hirata,  E. G. Hohenstein,  G. Kedziora,  F. J. Keil,  
 C. Kelley,  Jihan Kim,  R. A. King,  R. Z. Khaliullin,  P. P. Korambath,  
 W. Kurlancheek,  A. Laurent,  A. M. Lee,  M. S. Lee,  S. V. Levchenko,  
 Ching Yeh Lin,  D. Liotard,  E. Livshits,  R. C. Lochan,  I. Lotan,  
 L. A. Martinez-Martinez,  P. E. Maslen,  N. Nair,  D. P. O'Neill,  
 D. Neuhauser,  E. Neuscamman,  C. M. Oana,  R. Olivares-Amaya,  R. Olson,  
 T. M. Perrine,  B. Peters,  P. A. Pieniazek,  A. Prociuk,  Y. M. Rhee,  
 J. Ritchie,  M. A. Rohrdanz,  E. Rosta,  N. J. Russ,  H. F. Schaefer III,  
 M. W. Schmidt,  N. E. Schultz,  S. Sharma,  N. Shenvi,  C. D. Sherrill,  
 A. C. Simmonett,  A. Sodt,  T. Stein,  D. Stuck,  K. S. Thanthiriwatte,  
 V. Vanovschi,  L. Vogt,  Tao Wang,  A. Warshel,  M. A. Watson,  
 C. F. Williams,  Q. Wu,  X. Xu,  Jun Yang,  W. Zhang,  Yan Zhao

   Please cite Q-Chem as follows:
  "Software for the frontiers of quantum chemistry:
   An overview of developments in the Q-Chem 5 package"
   J. Chem. Phys. 155, 084801 (2021)
   https://doi.org/10.1063/5.0055522 (open access)

 Q-Chem 6.0.2 for Intel X86 EM64T Linux

 Parts of Q-Chem use Armadillo 9.900.5 (Nocturnal Misbehaviour).
 http://arma.sourceforge.net/

 Q-Chem begins on Mon Jan  6 15:57:17 2025  

 Host: 
0

     Scratch files written to /expanse/lustre/scratch/whughes/temp_project/job_36179960/acetophenone-triplet-wb97xd-OLYP-readSCF-36179960//
 Dec722 |scratch|qcdevops|jenkins|workspace|build_RNUM    
 Processing $rem in /cm/shared/apps/spack/0.17.3/cpu/b/opt/spack/linux-rocky8-zen2/gcc-10.2.0/qchem-6.0-rytxnwjazd34ekd2gqyi5ufsaimxsd3r/config/preferences:
 Processing $rem in /home/whughes/.qchemrc:

 Checking the input file for inconsistencies... 	...done.

--------------------------------------------------------------
User input:
--------------------------------------------------------------
$molecule
0 3
C    -1.1599576056   -0.5960056999   1.1081179867
C    -1.237755677    -2.0930499703   1.2557417853
O    -2.0203901928   0.0293605135    1.8774458136
C    -0.2814408496   0.1045883571    0.256417251
C    -0.2911989995   1.5200478685    0.1943555064
C    0.5734053972    2.1889669472    -0.6431919051
C    1.473924005     1.4924766872    -1.4454233687
C    1.494716825     0.1015534743    -1.3946369941
C    0.6388963993    -0.58956184     -0.5641055555
H    -1.4856135223   -2.5537217794   0.2966724775
H    -0.279597205    -2.4879295765   1.6014435452
H    -2.0040844485   -2.3693350903   1.9779662312
H    -0.9854289563   2.0760919431    0.8117903293
H    0.5493374079    3.2713332455    -0.6753143821
H    2.1495614372    2.0260761081    -2.1005027839
H    2.1911944621    -0.449820521    -2.0143378743
H    0.6744315228    -1.6710716671   -0.5424400624
$end

$rem
METHOD      M06
BASIS       def2-QZVPP
SYM_IGNORE   TRUE
DFT_D       D4
MAX_SCF_CYCLES 300
$end

--------------------------------------------------------------
 Adding empirical dispersion correction 
 ----------------------------------------------------------------
 Doing -D4(0) with M06 parameters:
 s6  =   1.00000
 s8  =   0.16367
 s10 =   0.00000
 s9 =   1.00000
 a1  =   0.53456
 a2  =   6.06192
 -D4 energy including 3body term = -0.0031642508 hartrees
 ----------------------------------------------------------------
             Standard Nuclear Orientation (Angstroms)
    I     Atom           X                Y                Z
 ----------------------------------------------------------------
    1      C      -1.1599576056    -0.5960056999     1.1081179867
    2      C      -1.2377556770    -2.0930499703     1.2557417853
    3      O      -2.0203901928     0.0293605135     1.8774458136
    4      C      -0.2814408496     0.1045883571     0.2564172510
    5      C      -0.2911989995     1.5200478685     0.1943555064
    6      C       0.5734053972     2.1889669472    -0.6431919051
    7      C       1.4739240050     1.4924766872    -1.4454233687
    8      C       1.4947168250     0.1015534743    -1.3946369941
    9      C       0.6388963993    -0.5895618400    -0.5641055555
   10      H      -1.4856135223    -2.5537217794     0.2966724775
   11      H      -0.2795972050    -2.4879295765     1.6014435452
   12      H      -2.0040844485    -2.3693350903     1.9779662312
   13      H      -0.9854289563     2.0760919431     0.8117903293
   14      H       0.5493374079     3.2713332455    -0.6753143821
   15      H       2.1495614372     2.0260761081    -2.1005027839
   16      H       2.1911944621    -0.4498205210    -2.0143378743
   17      H       0.6744315228    -1.6710716671    -0.5424400624
 ----------------------------------------------------------------
 Nuclear Repulsion Energy =         400.95967070 hartrees
 There are       33 alpha and       31 beta electrons
 Requested basis set is def2-QZVPP
 There are 233 shells and 753 basis functions

 Total QAlloc Memory Limit   8000 MB
 Mega-Array Size       188 MB
 MEM_STATIC part       192 MB

 A cutoff of  1.0D-09 yielded  20109 shell pairs
 There are    207491 function pairs (    312194 Cartesian)
 Smallest overlap matrix eigenvalue = 6.16E-06

 Q-Chem warning in module stvman/mkSTV.C, line 305:

 Overlap eigenvalue is smaller than square root of threshold
 Use THRESH >= 12 to get rid of this warning


 Scale SEOQF with 1.000000e-01/1.000000e-01/1.000000e-01

 Standard Electronic Orientation quadrupole field applied
 Nucleus-field energy     =     0.0000000029 hartrees
 Guess from superposition of atomic densities
 Warning:  Energy on first SCF cycle will be non-variational
 SAD guess density has 64.000000 electrons

 -----------------------------------------------------------------------
  General SCF calculation program by
  Eric Jon Sundstrom, Paul Horn, Yuezhi Mao, Dmitri Zuev, Alec White,
  David Stuck, Shaama M.S., Shane Yost, Joonho Lee, David Small,
  Daniel Levine, Susi Lehtola, Hugh Burton, Evgeny Epifanovsky,
  Bang C. Huynh
 -----------------------------------------------------------------------
 Exchange:     0.2700 Hartree-Fock + 1.0000 M06
 Correlation:  1.0000 M06
 Using SG-3 standard quadrature grid
 Dispersion:   Grimme D4
 using 32 threads for integral computing
 -------------------------------------------------------
 OpenMP Integral computing Module                
 Release: version 1.0, May 2013, Q-Chem Inc. Pittsburgh 
 -------------------------------------------------------
 A unrestricted SCF calculation will be
 performed using DIIS
 SCF converges when DIIS error is below 1.0e-05
 ---------------------------------------
  Cycle       Energy         DIIS error
 ---------------------------------------
    1    -386.7729936411      7.09e-03  
    2    -384.4639367000      8.29e-04  
    3    -383.7636803299      1.79e-03  
    4    -384.5073463867      6.97e-04  
    5    -384.5584135167      5.89e-04  
    6    -384.6416356132      3.50e-04  
    7    -384.6591222393      2.23e-04  
    8    -384.6752664642      8.62e-05  
    9    -384.6773910267      3.54e-05  
   10    -384.6778304407      8.45e-06  Convergence criterion met
 ---------------------------------------
 SCF time:   CPU 9177.64s  wall 304.00s 
<S^2> =          2.028317112
 SCF   energy in the final basis set =     -384.6778304407
 Total energy in the final basis set =     -384.6778304407
 
 --------------------------------------------------------------
 
                    Orbital Energies (a.u.)
 --------------------------------------------------------------
 
 Alpha MOs
 -- Occupied --
-19.3086 -10.3122 -10.2691 -10.2600 -10.2435 -10.2406 -10.2405 -10.2398
-10.2359  -1.1196  -0.8726  -0.8012  -0.7618  -0.7525  -0.6597  -0.6152
 -0.5808  -0.5484  -0.5036  -0.4944  -0.4892  -0.4599  -0.4452  -0.4353
 -0.4252  -0.4198  -0.3870  -0.3858  -0.3599  -0.3488  -0.2892  -0.2734
 -0.1655
 -- Virtual --
 -0.0073   0.0000   0.0174   0.0192   0.0268   0.0382   0.0526   0.0563
  0.0582   0.0740   0.0826   0.1066   0.1178   0.1211   0.1306   0.1374
  0.1409   0.1482   0.1556   0.1589   0.1641   0.1730   0.1878   0.2092
  0.2170   0.2207   0.2246   0.2262   0.2419   0.2460   0.2466   0.2572
  0.2613   0.2717   0.2741   0.2778   0.2837   0.2938   0.2995   0.3020
  0.3111   0.3256   0.3295   0.3461   0.3533   0.3630   0.3660   0.3764
  0.3941   0.3994   0.4073   0.4187   0.4211   0.4320   0.4336   0.4413
  0.4530   0.4571   0.4721   0.4952   0.5033   0.5100   0.5112   0.5319
  0.5346   0.5473   0.5558   0.5730   0.5892   0.5991   0.6064   0.6249
  0.6292   0.6420   0.6509   0.6700   0.6795   0.6806   0.6815   0.6965
  0.6995   0.7017   0.7198   0.7258   0.7289   0.7389   0.7445   0.7586
  0.7591   0.7609   0.7849   0.7925   0.7974   0.8052   0.8199   0.8342
  0.8409   0.8422   0.8570   0.8605   0.8753   0.8756   0.8843   0.8898
  0.8904   0.9124   0.9127   0.9239   0.9359   0.9446   0.9551   0.9664
  0.9695   0.9750   0.9835   0.9913   0.9955   0.9964   1.0103   1.0234
  1.0340   1.0618   1.0620   1.0824   1.0900   1.1015   1.1211   1.1321
  1.1431   1.1455   1.1658   1.1690   1.1934   1.2201   1.2220   1.2335
  1.2500   1.2661   1.2773   1.2834   1.3029   1.3181   1.3416   1.3448
  1.3519   1.3727   1.3902   1.3997   1.4031   1.4285   1.4611   1.4619
  1.4890   1.5144   1.5252   1.5427   1.5552   1.5580   1.5795   1.5923
  1.5954   1.6236   1.6439   1.6705   1.6789   1.6834   1.7077   1.7126
  1.7221   1.7250   1.7444   1.7536   1.7665   1.7727   1.8128   1.8236
  1.8259   1.8281   1.8288   1.8455   1.8464   1.8667   1.8766   1.8841
  1.8946   1.9056   1.9197   1.9240   1.9399   1.9437   1.9497   1.9663
  1.9718   1.9847   1.9852   1.9971   2.0086   2.0169   2.0304   2.0343
  2.0540   2.0677   2.0694   2.0782   2.0787   2.0946   2.1098   2.1174
  2.1377   2.1468   2.1487   2.1716   2.1734   2.1807   2.1987   2.2020
  2.2121   2.2152   2.2222   2.2304   2.2329   2.2419   2.2458   2.2674
  2.2731   2.2961   2.3173   2.3255   2.3272   2.3442   2.3493   2.3607
  2.3873   2.3908   2.4048   2.4243   2.4278   2.4417   2.4426   2.4546
  2.4636   2.4722   2.4777   2.4878   2.4974   2.5211   2.5243   2.5377
  2.5447   2.5526   2.5572   2.5642   2.5699   2.5881   2.5978   2.6154
  2.6168   2.6246   2.6256   2.6603   2.6610   2.6712   2.6806   2.6851
  2.6971   2.7086   2.7165   2.7234   2.7343   2.7495   2.7522   2.7593
  2.7783   2.7858   2.8129   2.8242   2.8318   2.8569   2.8695   2.8781
  2.8962   2.9272   2.9390   2.9440   2.9747   2.9806   2.9937   3.0025
  3.0201   3.0206   3.0788   3.1028   3.1097   3.1289   3.1395   3.1548
  3.1738   3.1859   3.1917   3.2201   3.2221   3.2595   3.2717   3.2960
  3.3031   3.3038   3.3267   3.3325   3.3502   3.3765   3.3828   3.4011
  3.4082   3.4142   3.4254   3.4449   3.4512   3.4797   3.4934   3.4952
  3.5139   3.5449   3.5597   3.5774   3.5965   3.6099   3.6153   3.6742
  3.6912   3.6951   3.7378   3.7679   3.7802   3.7953   3.7991   3.8186
  3.8380   3.8920   3.8923   3.9412   3.9603   3.9849   4.0174   4.0216
  4.0340   4.0594   4.0716   4.0760   4.1150   4.1368   4.1677   4.1778
  4.2630   4.2892   4.2908   4.3346   4.3863   4.4042   4.4557   4.4706
  4.5003   4.5184   4.5479   4.5752   4.6745   4.6771   4.7082   4.7278
  4.7595   4.7933   4.8334   4.8508   4.8776   4.8982   4.9436   4.9449
  4.9781   4.9838   4.9904   4.9948   5.0241   5.0400   5.0610   5.0651
  5.1037   5.1089   5.1240   5.1365   5.1593   5.1765   5.1960   5.2041
  5.2334   5.2387   5.2565   5.2587   5.2984   5.3059   5.3260   5.3288
  5.3441   5.3641   5.3648   5.3859   5.4286   5.4378   5.4436   5.4637
  5.4669   5.4998   5.5098   5.5201   5.5434   5.5694   5.5826   5.5953
  5.6182   5.6520   5.6596   5.6916   5.6953   5.7203   5.7321   5.7364
  5.7469   5.7685   5.7851   5.7898   5.7907   5.8080   5.8205   5.8300
  5.8601   5.8620   5.8665   5.8879   5.8889   5.9176   5.9194   5.9326
  5.9362   5.9530   5.9738   5.9760   5.9852   6.0020   6.0124   6.0165
  6.0247   6.0342   6.0572   6.0583   6.0742   6.0928   6.1009   6.1282
  6.1328   6.1454   6.1464   6.1490   6.1597   6.1699   6.1895   6.1952
  6.1988   6.2175   6.2337   6.2394   6.2439   6.2552   6.2632   6.2731
  6.2923   6.2980   6.3048   6.3314   6.3570   6.3643   6.3680   6.3926
  6.3932   6.4116   6.4187   6.4472   6.4560   6.4775   6.4922   6.4958
  6.5120   6.5167   6.5249   6.5333   6.5343   6.5515   6.5779   6.5943
  6.6039   6.6188   6.6214   6.6333   6.6506   6.6739   6.6957   6.7041
  6.7182   6.7445   6.7749   6.7849   6.7886   6.8196   6.8372   6.8463
  6.8693   6.8777   6.9037   6.9117   6.9191   6.9413   6.9755   7.0019
  7.0139   7.0225   7.0374   7.0870   7.0886   7.1100   7.1378   7.1499
  7.1596   7.1645   7.1804   7.2194   7.2463   7.2646   7.2942   7.3095
  7.3232   7.3288   7.3644   7.3702   7.3897   7.4011   7.4199   7.4401
  7.4415   7.4574   7.4760   7.4860   7.5071   7.5335   7.5443   7.5613
  7.5721   7.6028   7.6068   7.6178   7.6400   7.6671   7.6775   7.6825
  7.7004   7.7451   7.7570   7.7933   7.8055   7.8085   7.8337   7.8556
  7.8702   7.8815   7.8861   7.9459   7.9627   7.9876   8.0027   8.0628
  8.0687   8.0808   8.0910   8.0921   8.1376   8.1468   8.1526   8.1653
  8.1943   8.1975   8.2045   8.2108   8.2187   8.2383   8.2476   8.2578
  8.2759   8.2766   8.2954   8.2963   8.3136   8.3189   8.3208   8.3288
  8.3504   8.3649   8.3874   8.3963   8.4097   8.4224   8.4608   8.4680
  8.4770   8.4870   8.5139   8.5351   8.5426   8.5682   8.5852   8.5992
  8.6112   8.6579   8.6828   8.6937   8.7234   8.7326   8.7418   8.7460
  8.7628   8.7739   8.7929   8.8053   8.8059   8.8228   8.8243   8.8763
  8.8903   8.9286   8.9680   9.0061   9.0143   9.0876   9.2689   9.3078
  9.3270   9.3777   9.3941   9.4190   9.4497   9.4689   9.4854   9.5574
  9.5830   9.5884   9.6059   9.6093   9.6576   9.6952   9.7470   9.7552
  9.7635   9.7778   9.8011   9.8413   9.8562   9.9224   9.9671  10.0272
 10.0378  10.0570  10.0979  10.0990  10.1215  10.2018  10.2936  10.3071
 10.3410  10.3660  10.4308  10.5186  10.6098  10.6661  10.7071  10.7646
 10.9148  11.0277  11.3089  11.3642  11.5153  11.5676  11.7867  11.8305
 11.8467  11.9455  11.9901  12.0972  12.1916  12.2857  12.5185  12.6367
 12.6873  12.9011  12.9160  13.1265  13.6679  14.1003  27.9885  28.3166
 28.6044  28.6822  29.0220  29.1417  29.1660  29.4587  48.0417 146.6148
146.9217 147.1965 147.2617 147.5744 147.7074 147.7698 148.0468 252.5064
 
 Beta MOs
 -- Occupied --
-19.2876 -10.3058 -10.2679 -10.2601 -10.2419 -10.2413 -10.2412 -10.2379
-10.2333  -1.0395  -0.8674  -0.7861  -0.7575  -0.7457  -0.6437  -0.6122
 -0.5656  -0.5235  -0.4813  -0.4739  -0.4617  -0.4525  -0.4324  -0.4282
 -0.4148  -0.3953  -0.3684  -0.3648  -0.3492  -0.2680  -0.2630
 -- Virtual --
 -0.1711  -0.0601  -0.0015   0.0024   0.0181   0.0273   0.0394   0.0433
  0.0539   0.0584   0.0632   0.0759   0.0839   0.1076   0.1200   0.1207
  0.1324   0.1387   0.1469   0.1491   0.1561   0.1606   0.1658   0.1820
  0.1911   0.2171   0.2198   0.2256   0.2262   0.2328   0.2454   0.2463
  0.2512   0.2588   0.2648   0.2735   0.2770   0.2832   0.2885   0.2965
  0.3027   0.3123   0.3125   0.3277   0.3312   0.3464   0.3560   0.3680
  0.3694   0.3828   0.3951   0.3999   0.4076   0.4211   0.4275   0.4337
  0.4345   0.4458   0.4531   0.4613   0.4735   0.4994   0.5090   0.5099
  0.5167   0.5333   0.5390   0.5492   0.5569   0.5750   0.5945   0.5988
  0.6093   0.6285   0.6317   0.6411   0.6536   0.6716   0.6816   0.6817
  0.6833   0.6990   0.7024   0.7065   0.7215   0.7258   0.7274   0.7394
  0.7443   0.7607   0.7620   0.7628   0.7845   0.7931   0.7978   0.8064
  0.8224   0.8327   0.8417   0.8458   0.8557   0.8598   0.8716   0.8744
  0.8835   0.8867   0.8929   0.9110   0.9116   0.9266   0.9361   0.9453
  0.9543   0.9667   0.9684   0.9770   0.9819   0.9916   0.9956   0.9971
  1.0094   1.0248   1.0330   1.0600   1.0627   1.0812   1.0889   1.1025
  1.1207   1.1315   1.1421   1.1469   1.1645   1.1678   1.1928   1.2187
  1.2214   1.2308   1.2486   1.2658   1.2761   1.2841   1.3090   1.3201
  1.3407   1.3468   1.3536   1.3780   1.3876   1.4043   1.4046   1.4329
  1.4599   1.4631   1.4958   1.5109   1.5284   1.5453   1.5528   1.5574
  1.5818   1.5930   1.5975   1.6223   1.6452   1.6696   1.6800   1.6818
  1.7101   1.7132   1.7248   1.7278   1.7457   1.7555   1.7677   1.7774
  1.8117   1.8227   1.8263   1.8306   1.8321   1.8452   1.8508   1.8700
  1.8758   1.8854   1.8963   1.9068   1.9200   1.9211   1.9391   1.9438
  1.9542   1.9689   1.9727   1.9861   1.9879   1.9981   2.0102   2.0170
  2.0307   2.0325   2.0569   2.0659   2.0682   2.0786   2.0793   2.0937
  2.1099   2.1179   2.1346   2.1474   2.1495   2.1705   2.1720   2.1817
  2.2011   2.2066   2.2104   2.2171   2.2227   2.2294   2.2321   2.2459
  2.2483   2.2673   2.2747   2.2969   2.3222   2.3257   2.3285   2.3436
  2.3508   2.3634   2.3890   2.3911   2.4047   2.4227   2.4284   2.4402
  2.4426   2.4564   2.4613   2.4715   2.4780   2.4893   2.4978   2.5249
  2.5263   2.5393   2.5446   2.5512   2.5581   2.5623   2.5680   2.5867
  2.5971   2.6137   2.6174   2.6237   2.6302   2.6581   2.6594   2.6709
  2.6854   2.6884   2.6987   2.7077   2.7149   2.7232   2.7331   2.7480
  2.7531   2.7584   2.7775   2.7849   2.8117   2.8206   2.8294   2.8579
  2.8695   2.8800   2.8959   2.9275   2.9406   2.9438   2.9744   2.9795
  2.9954   3.0052   3.0241   3.0293   3.0774   3.1065   3.1090   3.1333
  3.1412   3.1614   3.1767   3.1902   3.1924   3.2270   3.2301   3.2602
  3.2762   3.2979   3.3037   3.3052   3.3323   3.3335   3.3523   3.3777
  3.3917   3.4030   3.4120   3.4142   3.4272   3.4459   3.4524   3.4792
  3.5015   3.5017   3.5207   3.5486   3.5635   3.5814   3.6036   3.6151
  3.6206   3.6830   3.6947   3.7025   3.7362   3.7671   3.7812   3.7953
  3.8004   3.8281   3.8491   3.8951   3.9086   3.9474   3.9943   3.9946
  4.0201   4.0252   4.0406   4.0623   4.0823   4.0849   4.1260   4.1420
  4.1707   4.1789   4.2763   4.2967   4.3155   4.3386   4.4027   4.4220
  4.4610   4.4723   4.5065   4.5210   4.5515   4.5844   4.6803   4.6909
  4.7151   4.7348   4.7679   4.7998   4.8472   4.8637   4.8840   4.9018
  4.9524   4.9532   4.9876   4.9947   4.9983   5.0081   5.0342   5.0551
  5.0701   5.1041   5.1256   5.1299   5.1369   5.1465   5.1841   5.1906
  5.2081   5.2103   5.2294   5.2490   5.2637   5.2676   5.3158   5.3199
  5.3339   5.3374   5.3475   5.3648   5.3723   5.3964   5.4386   5.4446
  5.4490   5.4718   5.4780   5.5033   5.5037   5.5373   5.5444   5.5769
  5.5814   5.5970   5.6187   5.6321   5.6587   5.6936   5.6970   5.7255
  5.7279   5.7371   5.7376   5.7542   5.7809   5.7934   5.7939   5.8126
  5.8259   5.8383   5.8597   5.8627   5.8679   5.8875   5.8935   5.9229
  5.9263   5.9404   5.9445   5.9607   5.9738   5.9800   5.9844   5.9966
  6.0123   6.0232   6.0271   6.0404   6.0556   6.0589   6.0780   6.0956
  6.1029   6.1255   6.1365   6.1433   6.1539   6.1585   6.1636   6.1740
  6.1925   6.1950   6.2011   6.2247   6.2408   6.2452   6.2464   6.2581
  6.2657   6.2734   6.3004   6.3059   6.3098   6.3350   6.3613   6.3665
  6.3729   6.3943   6.3987   6.4175   6.4243   6.4536   6.4600   6.4838
  6.4976   6.4998   6.5125   6.5171   6.5353   6.5406   6.5499   6.5575
  6.5792   6.5980   6.6021   6.6236   6.6265   6.6379   6.6576   6.6765
  6.7043   6.7090   6.7330   6.7699   6.7817   6.7998   6.8044   6.8402
  6.8478   6.8578   6.8771   6.8833   6.9080   6.9252   6.9282   6.9550
  6.9899   7.0102   7.0194   7.0340   7.0494   7.0903   7.0911   7.1195
  7.1292   7.1637   7.1643   7.1724   7.1883   7.2239   7.2417   7.2668
  7.3018   7.3107   7.3230   7.3367   7.3680   7.3720   7.3940   7.4014
  7.4248   7.4450   7.4490   7.4569   7.4859   7.4879   7.5165   7.5368
  7.5433   7.5677   7.5689   7.6097   7.6099   7.6196   7.6389   7.6643
  7.6792   7.6919   7.7097   7.7499   7.7706   7.7935   7.8042   7.8056
  7.8478   7.8551   7.8712   7.8825   7.8861   7.9449   7.9676   7.9930
  8.0053   8.0600   8.0689   8.0905   8.0968   8.1131   8.1379   8.1472
  8.1526   8.1640   8.1930   8.2027   8.2054   8.2093   8.2221   8.2442
  8.2578   8.2658   8.2768   8.2870   8.2924   8.3040   8.3085   8.3169
  8.3245   8.3318   8.3617   8.3726   8.3859   8.4061   8.4104   8.4297
  8.4478   8.4666   8.4756   8.4799   8.5057   8.5345   8.5522   8.5644
  8.5811   8.5958   8.6129   8.6648   8.6879   8.6953   8.7132   8.7399
  8.7523   8.7524   8.7564   8.7772   8.8100   8.8186   8.8241   8.8524
  8.8575   8.8817   8.8889   8.9188   8.9534   9.0270   9.0328   9.1029
  9.2748   9.2877   9.3268   9.3498   9.3894   9.4110   9.4303   9.4585
  9.4711   9.4846   9.5516   9.5707   9.5731   9.6004   9.6064   9.6622
  9.7352   9.7355   9.7562   9.7756   9.8003   9.8101   9.8493   9.9005
  9.9594   9.9799  10.0404  10.0473  10.0894  10.1004  10.1327  10.2185
 10.3017  10.3075  10.3582  10.3932  10.4652  10.5383  10.6071  10.6705
 10.7406  10.7719  11.0008  11.0749  11.3073  11.3951  11.4913  11.5780
 11.7641  11.7718  11.8399  11.9481  12.1088  12.1375  12.2750  12.2872
 12.4876  12.5842  12.6123  12.8977  12.9828  13.1228  13.5534  14.1494
 27.9867  28.3147  28.6008  28.6782  29.0170  29.1393  29.1666  29.4554
 48.0475 146.6156 146.9280 147.1969 147.2639 147.5747 147.7079 147.7683
148.0469 252.6025
 --------------------------------------------------------------
 
          Ground-State Mulliken Net Atomic Charges

     Atom                 Charge (a.u.)    Spin (a.u.)
  --------------------------------------------------------
      1 C                    -0.020893       0.445872
      2 C                     0.009333       0.121504
      3 O                    -0.151034       1.059195
      4 C                    -0.298772      -0.096271
      5 C                     0.149379       0.219472
      6 C                    -0.159086      -0.108285
      7 C                     0.034978       0.246609
      8 C                    -0.048845      -0.101908
      9 C                    -0.055791       0.203340
     10 H                     0.080722       0.003217
     11 H                     0.079940       0.003753
     12 H                     0.109632      -0.011120
     13 H                    -0.011233       0.014445
     14 H                     0.150793      -0.009539
     15 H                    -0.001640       0.007242
     16 H                     0.014423      -0.009810
     17 H                     0.118093       0.012283
  --------------------------------------------------------
  Sum of atomic charges =     0.000000
  Sum of spin   charges =     2.000000

 -----------------------------------------------------------------
                    Cartesian Multipole Moments
 -----------------------------------------------------------------
    Charge (ESU x 10^10)
                 0.0000
    Dipole Moment (Debye)
         X       0.1466      Y      -1.5876      Z      -0.0546
       Tot       1.5953
    Quadrupole Moments (Debye-Ang)
        XX     -54.3980     XY       1.9260     YY     -46.0171
        XZ      -1.8689     YZ      -2.2994     ZZ     -54.4612
    Octopole Moments (Debye-Ang^2)
       XXX      14.6774    XXY     -14.9265    XYY      -0.1383
       YYY     -27.8682    XXZ     -10.4751    XYZ       0.7417
       YYZ       0.1130    XZZ      10.5820    YZZ     -14.8505
       ZZZ     -10.1624
    Hexadecapole Moments (Debye-Ang^3)
      XXXX    -533.8641   XXXY    -109.4942   XXYY    -188.2165
      XYYY    -105.9582   YYYY    -631.0530   XXXZ     212.1205
      XXYZ      30.8383   XYYZ      54.7396   YYYZ     110.4675
      XXZZ    -159.0941   XYZZ     -28.0953   YYZZ    -182.7467
      XZZZ     213.8330   YZZZ     116.5910   ZZZZ    -495.7628
 -----------------------------------------------------------------
 Total job time:  305.36s(wall), 9211.06s(cpu) 
 Mon Jan  6 16:02:23 2025

        *************************************************************
        *                                                           *
        *  Thank you very much for using Q-Chem.  Have a nice day.  *
        *                                                           *
        *************************************************************



Running Job 2 of 2 acetophenone-triplet-wb97xd-OLYP-readSCF.in
qchem acetophenone-triplet-wb97xd-OLYP-readSCF.in_1541040.1 /expanse/lustre/scratch/whughes/temp_project/job_36179960/acetophenone-triplet-wb97xd-OLYP-readSCF-36179960/ 0
/cm/shared/apps/spack/0.17.3/cpu/b/opt/spack/linux-rocky8-zen2/gcc-10.2.0/qchem-6.0-rytxnwjazd34ekd2gqyi5ufsaimxsd3r/exe/qcprog.exe_s acetophenone-triplet-wb97xd-OLYP-readSCF.in_1541040.1 /expanse/lustre/scratch/whughes/temp_project/job_36179960/acetophenone-triplet-wb97xd-OLYP-readSCF-36179960/
                  Welcome to Q-Chem
     A Quantum Leap Into The Future Of Chemistry


 Q-Chem 6.0, Q-Chem, Inc., Pleasanton, CA (2022)

 License issued to: University of California, San Diego (site)

 E. Epifanovsky,  A. T. B. Gilbert,  Xintian Feng,  Joonho Lee,  Yuezhi Mao,  
 N. Mardirossian,  P. Pokhilko,  A. White,  M. Wormit,  M. P. Coons,  
 A. L. Dempwolff,  Zhengting Gan,  D. Hait,  P. R. Horn,  L. D. Jacobson,  
 I. Kaliman,  J. Kussmann,  A. W. Lange,  Ka Un Lao,  D. S. Levine,  Jie Liu,  
 S. C. McKenzie,  A. F. Morrison,  K. Nanda,  F. Plasser,  D. R. Rehn,  
 M. L. Vidal,  Zhi-Qiang You,  Ying Zhu,  B. Alam,  B. Albrecht,  
 A. Aldossary,  E. Alguire,  J. H. Andersen,  V. Athavale,  D. Barton,  
 K. Begam,  A. Behn,  N. Bellonzi,  Y. A. Bernard,  E. J. Berquist,  
 H. Burton,  A. Carreras,  K. Carter-Fenk,  Romit Chakraborty,  
 Chandrima Chakravarty,  Junhan Chen,  A. D. Chien,  K. D. Closser,  
 V. Cofer-Shabica,  L. Cunha,  S. Dasgupta,  Jia Deng,  M. de Wergifosse,  
 M. Diedenhofen,  Hainam Do,  S. Ehlert,  Po-Tung Fang,  S. Fatehi,  
 Qingguo Feng,  T. Friedhoff,  B. Ganoe,  J. Gayvert,  Qinghui Ge,  
 G. Gidofalvi,  M. Goldey,  J. Gomes,  C. Gonzalez-Espinoza,  S. Gulania,  
 A. Gunina,  J. A. Gyamfi,  M. W. D. Hanson-Heine,  P. H. P. Harbach,  
 A. W. Hauser,  M. F. Herbst,  M. Hernandez Vera,  M. Hodecker,  
 Z. C. Holden,  S. Houck,  Xunkun Huang,  Kerwin Hui,  B. C. Huynh,  
 K. Ikeda,  M. Ivanov,  Hyunjun Ji,  Zuxin Jin,  Hanjie Jiang,  B. Kaduk,  
 S. Kaehler,  R. Kang,  K. Khistyaev,  Jaehoon Kim,  Yongbin Kim,  
 P. Klunzinger,  Z. Koczor-Benda,  Joong Hoon Koh,  D. Kosenkov,  
 Saikiran Kotaru,  L. Koulias,  T. Kowalczyk,  C. M. Krauter,  K. Kue,  
 A. Kunitsa,  T. Kus,  A. Landau,  K. V. Lawler,  D. Lefrancois,  S. Lehtola,  
 Rain Li,  Shaozhi Li,  Yi-Pei Li,  Jiashu Liang,  M. Liebenthal,  
 Hung-Hsuan Lin,  You-Sheng Lin,  Fenglai Liu,  Kuan-Yu Liu,  
 M. Loipersberger,  A. Luenser,  C. Malbon,  A. Manjanath,  P. Manohar,  
 E. Mansoor,  S. F. Manzer,  Shan-Ping Mao,  A. V. Marenich,  T. Markovich,  
 S. Mason,  F. Matz,  S. A. Maurer,  P. F. McLaughlin,  M. F. S. J. Menger,  
 J.-M. Mewes,  S. A. Mewes,  P. Morgante,  Mohammad Mostafanejad,  
 J. W. Mullinax,  K. J. Oosterbaan,  G. Paran,  V. Parravicini,  
 Alexander C. Paul,  Suranjan K. Paul,  F. Pavosevic,  Zheng Pei,  S. Prager,  
 E. I. Proynov,  E. Ramos,  B. Rana,  A. E. Rask,  A. Rettig,  R. M. Richard,  
 F. Rob,  E. Rossomme,  T. Scheele,  M. Scheurer,  M. Schneider,  
 P. E. Schneider,  N. Sergueev,  S. M. Sharada,  Hengyuan Shen,  
 W. Skomorowski,  D. W. Small,  C. J. Stein,  Yingli Su,  Yu-Chuan Su,  
 E. J. Sundstrom,  Zhen Tao,  J. Thirman,  Hung-Yi Tsai,  T. Tsuchimochi,  
 N. M. Tubman,  C. Utku,  S. P. Veccham,  O. Vydrov,  J. Wenzel,  
 Jonathan Wong,  J. Witte,  A. Yamada,  Chou-Hsun Yang,  Kun Yao,  
 S. Yeganeh,  S. R. Yost,  A. Zech,  F. Zeller,  Igor Ying Zhang,  
 Xing Zhang,  Yu Zhang,  D. Zuev,  A. Aspuru-Guzik,  A. T. Bell,  
 N. A. Besley,  K. B. Bravaya,  B. R. Brooks,  D. Casanova,  Jeng-Da Chai,  
 Hsing-Ta Chen,  S. Coriani,  C. J. Cramer,  A. E. DePrince, III,  
 R. A. DiStasio Jr.,  A. Dreuw,  B. D. Dunietz,  T. R. Furlani,  
 W. A. Goddard III,  S. Grimme,  S. Hammes-Schiffer,  T. Head-Gordon,  
 W. J. Hehre,  Chao-Ping Hsu,  T.-C. Jagau,  Yousung Jung,  A. Klamt,  
 Jing Kong,  D. S. Lambrecht,  Xiangyuan Li,  WanZhen Liang,  N. J. Mayhall,  
 C. W. McCurdy,  J. B. Neaton,  T. Neudecker,  C. Ochsenfeld,  
 J. A. Parkhill,  R. Peverati,  V. A. Rassolov,  Haisheng Ren,  Yihan Shao,  
 L. V. Slipchenko,  R. P. Steele,  J. E. Subotnik,  A. J. W. Thom,  
 A. Tkatchenko,  D. G. Truhlar,  T. Van Voorhis,  Fan Wang,  
 T. A. Wesolowski,  K. B. Whaley,  H. L. Woodcock III,  P. M. Zimmerman,  
 S. Faraji,  P. M. W. Gill,  M. Head-Gordon,  J. M. Herbert,  A. I. Krylov

 Contributors to earlier versions of Q-Chem not listed above: 
 R. D. Adamson,  B. Austin,  R. Baer,  J. Baker,  G. J. O. Beran,  
 K. Brandhorst,  S. T. Brown,  E. F. C. Byrd,  Arup K. Chakraborty,  
 G. K. L. Chan,  Chun-Min Chang,  Yunqing Chen,  C.-L. Cheng,  
 Siu Hung Chien,  D. M. Chipman,  D. L. Crittenden,  H. Dachsel,  
 R. J. Doerksen,  A. D. Dutoi,  R. G. Edgar,  J. Fosso-Tande,  
 L. Fusti-Molnar,  D. Ghosh,  A. Ghysels,  A. Golubeva-Zadorozhnaya,  
 J. Gonthier,  M. S. Gordon,  S. R. Gwaltney,  G. Hawkins,  J. E. Herr,  
 A. Heyden,  S. Hirata,  E. G. Hohenstein,  G. Kedziora,  F. J. Keil,  
 C. Kelley,  Jihan Kim,  R. A. King,  R. Z. Khaliullin,  P. P. Korambath,  
 W. Kurlancheek,  A. Laurent,  A. M. Lee,  M. S. Lee,  S. V. Levchenko,  
 Ching Yeh Lin,  D. Liotard,  E. Livshits,  R. C. Lochan,  I. Lotan,  
 L. A. Martinez-Martinez,  P. E. Maslen,  N. Nair,  D. P. O'Neill,  
 D. Neuhauser,  E. Neuscamman,  C. M. Oana,  R. Olivares-Amaya,  R. Olson,  
 T. M. Perrine,  B. Peters,  P. A. Pieniazek,  A. Prociuk,  Y. M. Rhee,  
 J. Ritchie,  M. A. Rohrdanz,  E. Rosta,  N. J. Russ,  H. F. Schaefer III,  
 M. W. Schmidt,  N. E. Schultz,  S. Sharma,  N. Shenvi,  C. D. Sherrill,  
 A. C. Simmonett,  A. Sodt,  T. Stein,  D. Stuck,  K. S. Thanthiriwatte,  
 V. Vanovschi,  L. Vogt,  Tao Wang,  A. Warshel,  M. A. Watson,  
 C. F. Williams,  Q. Wu,  X. Xu,  Jun Yang,  W. Zhang,  Yan Zhao

   Please cite Q-Chem as follows:
  "Software for the frontiers of quantum chemistry:
   An overview of developments in the Q-Chem 5 package"
   J. Chem. Phys. 155, 084801 (2021)
   https://doi.org/10.1063/5.0055522 (open access)

 Q-Chem 6.0.2 for Intel X86 EM64T Linux

 Parts of Q-Chem use Armadillo 9.900.5 (Nocturnal Misbehaviour).
 http://arma.sourceforge.net/

 Q-Chem begins on Mon Jan  6 16:02:23 2025  

 Host: 
0

     Scratch files written to /expanse/lustre/scratch/whughes/temp_project/job_36179960/acetophenone-triplet-wb97xd-OLYP-readSCF-36179960//
 Dec722 |scratch|qcdevops|jenkins|workspace|build_RNUM    
 Processing $rem in /cm/shared/apps/spack/0.17.3/cpu/b/opt/spack/linux-rocky8-zen2/gcc-10.2.0/qchem-6.0-rytxnwjazd34ekd2gqyi5ufsaimxsd3r/config/preferences:
 Processing $rem in /home/whughes/.qchemrc:

 Checking the input file for inconsistencies... 	...done.

--------------------------------------------------------------
User input:
--------------------------------------------------------------

$molecule
0 3
C    -1.1599576056   -0.5960056999   1.1081179867
C    -1.237755677    -2.0930499703   1.2557417853
O    -2.0203901928   0.0293605135    1.8774458136
C    -0.2814408496   0.1045883571    0.256417251
C    -0.2911989995   1.5200478685    0.1943555064
C    0.5734053972    2.1889669472    -0.6431919051
C    1.473924005     1.4924766872    -1.4454233687
C    1.494716825     0.1015534743    -1.3946369941
C    0.6388963993    -0.58956184     -0.5641055555
H    -1.4856135223   -2.5537217794   0.2966724775
H    -0.279597205    -2.4879295765   1.6014435452
H    -2.0040844485   -2.3693350903   1.9779662312
H    -0.9854289563   2.0760919431    0.8117903293
H    0.5493374079    3.2713332455    -0.6753143821
H    2.1495614372    2.0260761081    -2.1005027839
H    2.1911944621    -0.449820521    -2.0143378743
H    0.6744315228    -1.6710716671   -0.5424400624
$end

$rem
METHOD      OLYP
BASIS       def2-QZVPP
SYM_IGNORE   TRUE
DFT_D       D3
SCF_GUESS   read
MAX_SCF_CYCLES 300
$end
--------------------------------------------------------------
 Adding empirical dispersion correction 
 ----------------------------------------------------------------
 Doing -D3(BJ) with
 s6  =   1.00000
 s8  =   2.62050
 a1  =   0.52990
 a2  =   2.80650
 -D3 energy without 3body term =     -0.0945635964 hartrees
 ----------------------------------------------------------------
             Standard Nuclear Orientation (Angstroms)
    I     Atom           X                Y                Z
 ----------------------------------------------------------------
    1      C      -1.1599576056    -0.5960056999     1.1081179867
    2      C      -1.2377556770    -2.0930499703     1.2557417853
    3      O      -2.0203901928     0.0293605135     1.8774458136
    4      C      -0.2814408496     0.1045883571     0.2564172510
    5      C      -0.2911989995     1.5200478685     0.1943555064
    6      C       0.5734053972     2.1889669472    -0.6431919051
    7      C       1.4739240050     1.4924766872    -1.4454233687
    8      C       1.4947168250     0.1015534743    -1.3946369941
    9      C       0.6388963993    -0.5895618400    -0.5641055555
   10      H      -1.4856135223    -2.5537217794     0.2966724775
   11      H      -0.2795972050    -2.4879295765     1.6014435452
   12      H      -2.0040844485    -2.3693350903     1.9779662312
   13      H      -0.9854289563     2.0760919431     0.8117903293
   14      H       0.5493374079     3.2713332455    -0.6753143821
   15      H       2.1495614372     2.0260761081    -2.1005027839
   16      H       2.1911944621    -0.4498205210    -2.0143378743
   17      H       0.6744315228    -1.6710716671    -0.5424400624
 ----------------------------------------------------------------
 Nuclear Repulsion Energy =         400.86827136 hartrees
 There are       33 alpha and       31 beta electrons
 Requested basis set is def2-QZVPP
 There are 233 shells and 753 basis functions

 Total QAlloc Memory Limit   8000 MB
 Mega-Array Size       188 MB
 MEM_STATIC part       192 MB

 A cutoff of  1.0D-09 yielded  20109 shell pairs
 There are    207491 function pairs (    312194 Cartesian)
 Smallest overlap matrix eigenvalue = 6.16E-06

 Q-Chem warning in module stvman/mkSTV.C, line 305:

 Overlap eigenvalue is smaller than square root of threshold
 Use THRESH >= 12 to get rid of this warning


 Scale SEOQF with 1.000000e-01/1.000000e-01/1.000000e-01

 Standard Electronic Orientation quadrupole field applied
 Nucleus-field energy     =     0.0000000029 hartrees
 Guess MOs from SCF MO coefficient file

 -----------------------------------------------------------------------
  General SCF calculation program by
  Eric Jon Sundstrom, Paul Horn, Yuezhi Mao, Dmitri Zuev, Alec White,
  David Stuck, Shaama M.S., Shane Yost, Joonho Lee, David Small,
  Daniel Levine, Susi Lehtola, Hugh Burton, Evgeny Epifanovsky,
  Bang C. Huynh
 -----------------------------------------------------------------------
 Exchange:  OPTX      Correlation:  LYP
 Using SG-1 standard quadrature grid
 Dispersion:   Grimme D3
 using 32 threads for integral computing
 -------------------------------------------------------
 OpenMP Integral computing Module                
 Release: version 1.0, May 2013, Q-Chem Inc. Pittsburgh 
 -------------------------------------------------------
 A unrestricted SCF calculation will be
 performed using DIIS
 SCF converges when DIIS error is below 1.0e-05
 ---------------------------------------
  Cycle       Energy         DIIS error
 ---------------------------------------
    1    -384.8780991973      9.47e-04  
    2    -384.9017139155      4.17e-05  
    3    -384.6574596409      7.61e-04  
    4    -384.9006553024      6.26e-05  
    5    -384.8718854032      2.86e-04  
    6    -384.7009676293      6.93e-04  
    7    -384.6987072624      6.96e-04  
    8    -384.7021177691      6.91e-04  
    9    -384.6922329347      7.03e-04  
   10    -384.9019290369      2.03e-05  
   11    -384.9016183920      3.47e-05  
   12    -384.9020518458      1.04e-05  
   13    -384.9019066923      2.16e-05  
   14    -384.9020659774      8.66e-06  Convergence criterion met
 ---------------------------------------
 SCF time:   CPU 1880.64s  wall 61.00s 
<S^2> =          2.010431593
 SCF   energy in the final basis set =     -384.9020659774
 Total energy in the final basis set =     -384.9020659774
 
 --------------------------------------------------------------
 
                    Orbital Energies (a.u.)
 --------------------------------------------------------------
 
 Alpha MOs
 -- Occupied --
-18.8390  -9.9707  -9.9317  -9.9233  -9.9049  -9.9038  -9.9034  -9.9007
 -9.8975  -0.9923  -0.7877  -0.7192  -0.6833  -0.6743  -0.5851  -0.5452
 -0.5075  -0.4742  -0.4305  -0.4271  -0.4159  -0.3966  -0.3803  -0.3741
 -0.3600  -0.3529  -0.3261  -0.3192  -0.2993  -0.2915  -0.2400  -0.2298
 -0.1218
 -- Virtual --
 -0.0351  -0.0100  -0.0053   0.0080   0.0233   0.0354   0.0480   0.0508
  0.0509   0.0713   0.0808   0.0959   0.0985   0.1081   0.1156   0.1205
  0.1351   0.1389   0.1458   0.1554   0.1557   0.1581   0.1832   0.1966
  0.2051   0.2117   0.2148   0.2273   0.2364   0.2413   0.2464   0.2612
  0.2644   0.2683   0.2730   0.2758   0.2814   0.2884   0.2888   0.3000
  0.3087   0.3225   0.3296   0.3410   0.3435   0.3538   0.3659   0.3854
  0.3905   0.3995   0.4125   0.4248   0.4281   0.4360   0.4384   0.4444
  0.4550   0.4683   0.4750   0.4927   0.5017   0.5061   0.5068   0.5278
  0.5302   0.5463   0.5482   0.5782   0.5804   0.5947   0.6017   0.6148
  0.6249   0.6418   0.6470   0.6715   0.6792   0.6800   0.6866   0.6880
  0.6969   0.7006   0.7214   0.7370   0.7433   0.7434   0.7495   0.7632
  0.7675   0.7683   0.7892   0.7957   0.8028   0.8081   0.8313   0.8323
  0.8460   0.8483   0.8598   0.8672   0.8775   0.8853   0.8915   0.8950
  0.9069   0.9151   0.9220   0.9311   0.9408   0.9507   0.9627   0.9633
  0.9829   0.9870   0.9912   1.0041   1.0092   1.0109   1.0269   1.0342
  1.0497   1.0502   1.0806   1.1013   1.1119   1.1173   1.1401   1.1422
  1.1471   1.1480   1.1870   1.1927   1.2166   1.2308   1.2343   1.2559
  1.2678   1.2782   1.2892   1.2973   1.3374   1.3406   1.3449   1.3602
  1.3730   1.3883   1.3960   1.4205   1.4251   1.4439   1.4556   1.4659
  1.4764   1.4970   1.5149   1.5310   1.5604   1.5672   1.5857   1.5955
  1.6066   1.6155   1.6351   1.6586   1.6655   1.6867   1.6917   1.6928
  1.7000   1.7153   1.7251   1.7394   1.7422   1.7620   1.7948   1.8014
  1.8076   1.8105   1.8198   1.8287   1.8421   1.8549   1.8639   1.8703
  1.8799   1.8979   1.8982   1.9144   1.9180   1.9319   1.9405   1.9500
  1.9538   1.9700   1.9715   1.9761   1.9883   1.9979   2.0136   2.0229
  2.0446   2.0477   2.0576   2.0616   2.0741   2.0968   2.0975   2.1018
  2.1276   2.1327   2.1431   2.1511   2.1597   2.1633   2.1784   2.1894
  2.1943   2.1991   2.2086   2.2123   2.2235   2.2309   2.2357   2.2497
  2.2543   2.2815   2.3044   2.3077   2.3134   2.3383   2.3422   2.3479
  2.3800   2.3880   2.3962   2.4179   2.4268   2.4269   2.4323   2.4537
  2.4658   2.4661   2.4731   2.4801   2.4891   2.5073   2.5145   2.5283
  2.5426   2.5471   2.5538   2.5573   2.5722   2.5819   2.5961   2.6110
  2.6134   2.6215   2.6320   2.6533   2.6599   2.6731   2.6788   2.6811
  2.7007   2.7076   2.7267   2.7393   2.7458   2.7577   2.7596   2.7647
  2.7789   2.7868   2.8105   2.8381   2.8413   2.8646   2.8691   2.8847
  2.9093   2.9215   2.9259   2.9492   2.9636   2.9718   2.9834   2.9957
  2.9990   3.0073   3.0678   3.0687   3.1011   3.1146   3.1309   3.1467
  3.1718   3.1759   3.1998   3.2030   3.2176   3.2618   3.2723   3.2814
  3.2862   3.3096   3.3141   3.3287   3.3461   3.3575   3.3617   3.3899
  3.4035   3.4170   3.4181   3.4378   3.4602   3.4704   3.4786   3.4824
  3.4832   3.5259   3.5278   3.5588   3.5772   3.5865   3.5945   3.6718
  3.6751   3.6804   3.6934   3.7733   3.7856   3.7858   3.8017   3.8079
  3.8282   3.8599   3.8704   3.9011   3.9224   3.9668   3.9883   4.0074
  4.0247   4.0304   4.0409   4.0634   4.1045   4.1107   4.1382   4.1700
  4.2394   4.2555   4.2872   4.3142   4.3653   4.3691   4.4532   4.4570
  4.4598   4.4874   4.5284   4.5471   4.6410   4.6613   4.6860   4.6982
  4.7354   4.7751   4.7811   4.7878   4.8437   4.8651   4.8836   4.9145
  4.9461   4.9466   4.9588   4.9738   4.9842   4.9939   5.0352   5.0501
  5.0583   5.0823   5.1035   5.1137   5.1281   5.1441   5.1620   5.1777
  5.2108   5.2229   5.2383   5.2641   5.2709   5.2756   5.3065   5.3158
  5.3196   5.3421   5.3549   5.3833   5.4055   5.4172   5.4404   5.4545
  5.4727   5.4765   5.4978   5.5077   5.5189   5.5569   5.5631   5.6006
  5.6078   5.6611   5.6763   5.6821   5.6969   5.7042   5.7160   5.7184
  5.7466   5.7746   5.7780   5.8016   5.8030   5.8121   5.8132   5.8278
  5.8354   5.8458   5.8551   5.8633   5.8788   5.9026   5.9088   5.9099
  5.9461   5.9465   5.9609   5.9651   5.9950   5.9966   5.9993   6.0103
  6.0168   6.0277   6.0490   6.0501   6.0725   6.0744   6.0919   6.1083
  6.1128   6.1270   6.1284   6.1388   6.1600   6.1660   6.1810   6.1839
  6.1876   6.2047   6.2113   6.2219   6.2286   6.2423   6.2519   6.2661
  6.2661   6.2856   6.3044   6.3232   6.3552   6.3582   6.3658   6.3783
  6.3965   6.4009   6.4086   6.4197   6.4494   6.4836   6.4842   6.5038
  6.5080   6.5281   6.5359   6.5448   6.5552   6.5751   6.5815   6.5863
  6.5893   6.6140   6.6187   6.6253   6.6347   6.6644   6.6650   6.6721
  6.6954   6.7512   6.7677   6.7687   6.7852   6.8191   6.8293   6.8319
  6.8628   6.8788   6.8934   6.9051   6.9290   6.9314   6.9757   7.0112
  7.0230   7.0300   7.0336   7.0861   7.0948   7.1087   7.1422   7.1632
  7.1698   7.1814   7.2228   7.2474   7.2494   7.2961   7.3119   7.3210
  7.3425   7.3758   7.3781   7.3967   7.3991   7.4017   7.4094   7.4436
  7.4629   7.4804   7.4867   7.5010   7.5130   7.5156   7.5305   7.5705
  7.5819   7.6045   7.6200   7.6340   7.6436   7.6687   7.6743   7.7010
  7.7376   7.7410   7.7596   7.8034   7.8130   7.8296   7.8462   7.8485
  7.8690   7.8925   7.9011   7.9376   7.9466   7.9750   8.0144   8.0266
  8.0413   8.0650   8.0801   8.0862   8.0878   8.1341   8.1516   8.1740
  8.1756   8.1996   8.2036   8.2214   8.2301   8.2327   8.2458   8.2657
  8.2683   8.2729   8.2869   8.2992   8.3088   8.3096   8.3191   8.3205
  8.3274   8.3479   8.3782   8.3929   8.4192   8.4291   8.4343   8.4418
  8.4769   8.5095   8.5099   8.5441   8.5740   8.5768   8.6008   8.6206
  8.6542   8.6648   8.6778   8.6897   8.6996   8.7281   8.7405   8.7648
  8.7715   8.7988   8.8183   8.8294   8.8432   8.8547   8.8724   8.8768
  8.8885   8.9383   8.9794   8.9865   9.0485   9.1072   9.2351   9.3196
  9.4007   9.4493   9.4744   9.5007   9.5313   9.5782   9.5988   9.6316
  9.6681   9.6731   9.6773   9.7400   9.7422   9.7486   9.7585   9.8049
  9.8127   9.8172   9.8833   9.9131   9.9224   9.9378   9.9443  10.0123
 10.0667  10.1143  10.1231  10.1453  10.1656  10.1951  10.2922  10.3321
 10.3430  10.3867  10.4386  10.5453  10.6282  10.6959  10.7388  10.7839
 10.8481  10.8822  11.1256  11.2027  11.6293  11.6315  11.6478  11.6843
 11.8415  11.8969  11.9950  12.0184  12.1562  12.5016  12.5171  12.6590
 12.7694  12.8381  13.1189  13.2273  13.5176  13.9523  27.7033  28.0357
 28.3224  28.3959  28.7330  28.8595  28.8794  29.1730  47.6867 146.5952
146.9110 147.1763 147.2451 147.5555 147.6871 147.7540 148.0266 252.4399
 
 Beta MOs
 -- Occupied --
-18.8205  -9.9659  -9.9307  -9.9229  -9.9042  -9.9033  -9.9018  -9.9012
 -9.8956  -0.9426  -0.7819  -0.7054  -0.6784  -0.6679  -0.5718  -0.5423
 -0.4974  -0.4574  -0.4150  -0.4138  -0.3997  -0.3918  -0.3716  -0.3660
 -0.3547  -0.3333  -0.3071  -0.3055  -0.2924  -0.2260  -0.2225
 -- Virtual --
 -0.2202  -0.0863  -0.0296  -0.0093   0.0083   0.0126   0.0233   0.0363
  0.0496   0.0517   0.0520   0.0723   0.0814   0.0976   0.1005   0.1091
  0.1227   0.1239   0.1360   0.1398   0.1472   0.1581   0.1587   0.1596
  0.1866   0.2062   0.2070   0.2161   0.2195   0.2294   0.2378   0.2444
  0.2484   0.2630   0.2656   0.2706   0.2753   0.2776   0.2871   0.2922
  0.2927   0.3040   0.3117   0.3251   0.3331   0.3452   0.3515   0.3577
  0.3696   0.3910   0.3943   0.4011   0.4159   0.4305   0.4323   0.4390
  0.4410   0.4506   0.4596   0.4699   0.4776   0.4966   0.5037   0.5083
  0.5102   0.5329   0.5330   0.5503   0.5506   0.5826   0.5835   0.5986
  0.6043   0.6218   0.6278   0.6455   0.6507   0.6758   0.6830   0.6852
  0.6922   0.6925   0.6999   0.7069   0.7239   0.7419   0.7458   0.7477
  0.7518   0.7661   0.7697   0.7797   0.7936   0.7977   0.8059   0.8116
  0.8333   0.8404   0.8510   0.8587   0.8624   0.8694   0.8791   0.8903
  0.8940   0.8979   0.9097   0.9211   0.9291   0.9354   0.9446   0.9536
  0.9717   0.9724   0.9880   0.9941   0.9950   1.0067   1.0136   1.0153
  1.0294   1.0383   1.0535   1.0541   1.0836   1.1048   1.1151   1.1212
  1.1446   1.1473   1.1513   1.1533   1.1914   1.1971   1.2194   1.2389
  1.2391   1.2597   1.2725   1.2871   1.2949   1.3007   1.3490   1.3522
  1.3600   1.3796   1.3819   1.3943   1.4092   1.4279   1.4322   1.4534
  1.4603   1.4732   1.4914   1.5045   1.5178   1.5449   1.5632   1.5717
  1.5914   1.6027   1.6113   1.6190   1.6402   1.6652   1.6691   1.6936
  1.6987   1.7013   1.7058   1.7220   1.7289   1.7433   1.7498   1.7662
  1.8031   1.8044   1.8134   1.8149   1.8257   1.8352   1.8479   1.8617
  1.8686   1.8772   1.8865   1.9031   1.9050   1.9191   1.9234   1.9379
  1.9431   1.9590   1.9606   1.9773   1.9773   1.9836   1.9930   2.0054
  2.0184   2.0287   2.0493   2.0538   2.0625   2.0670   2.0788   2.1012
  2.1023   2.1047   2.1340   2.1400   2.1479   2.1569   2.1661   2.1670
  2.1841   2.1956   2.1997   2.2094   2.2128   2.2170   2.2306   2.2384
  2.2424   2.2564   2.2590   2.2883   2.3098   2.3143   2.3198   2.3436
  2.3521   2.3553   2.3863   2.3916   2.4009   2.4237   2.4303   2.4330
  2.4361   2.4584   2.4694   2.4700   2.4784   2.4868   2.4975   2.5188
  2.5198   2.5344   2.5510   2.5519   2.5574   2.5621   2.5772   2.5897
  2.5999   2.6151   2.6202   2.6269   2.6377   2.6577   2.6680   2.6806
  2.6843   2.6883   2.7031   2.7131   2.7302   2.7456   2.7514   2.7625
  2.7676   2.7677   2.7855   2.7912   2.8176   2.8441   2.8486   2.8713
  2.8741   2.8877   2.9160   2.9290   2.9344   2.9564   2.9703   2.9778
  2.9954   3.0024   3.0143   3.0159   3.0726   3.0853   3.1067   3.1205
  3.1402   3.1586   3.1780   3.1886   3.2116   3.2162   3.2267   3.2689
  3.2790   3.2932   3.2935   3.3175   3.3194   3.3380   3.3542   3.3639
  3.3783   3.3962   3.4102   3.4195   3.4254   3.4431   3.4663   3.4795
  3.4866   3.4941   3.4944   3.5349   3.5393   3.5669   3.5881   3.6015
  3.6046   3.6780   3.6879   3.6907   3.7162   3.7812   3.7886   3.7920
  3.8107   3.8156   3.8366   3.8762   3.8817   3.9331   3.9511   3.9771
  3.9979   4.0167   4.0332   4.0480   4.0511   4.0775   4.1110   4.1216
  4.1529   4.1806   4.2572   4.2817   4.2969   4.3267   4.3790   4.3949
  4.4577   4.4660   4.4753   4.4997   4.5359   4.5596   4.6494   4.6679
  4.6932   4.7130   4.7500   4.7815   4.7926   4.7960   4.8597   4.8754
  4.9089   4.9314   4.9517   4.9580   4.9665   4.9816   4.9921   5.0116
  5.0536   5.0597   5.0714   5.1021   5.1095   5.1245   5.1494   5.1548
  5.1729   5.1842   5.2174   5.2289   5.2469   5.2743   5.2772   5.2903
  5.3131   5.3235   5.3250   5.3508   5.3636   5.3910   5.4162   5.4299
  5.4470   5.4662   5.4777   5.4886   5.5043   5.5194   5.5280   5.5682
  5.5736   5.6078   5.6157   5.6705   5.6874   5.6897   5.7052   5.7162
  5.7239   5.7262   5.7566   5.7813   5.7861   5.8063   5.8075   5.8196
  5.8227   5.8333   5.8391   5.8528   5.8638   5.8696   5.8854   5.9097
  5.9169   5.9215   5.9497   5.9561   5.9661   5.9722   5.9998   6.0023
  6.0053   6.0176   6.0242   6.0359   6.0546   6.0552   6.0772   6.0806
  6.0978   6.1135   6.1221   6.1371   6.1420   6.1443   6.1708   6.1711
  6.1880   6.1898   6.1963   6.2107   6.2220   6.2299   6.2357   6.2500
  6.2568   6.2736   6.2778   6.2899   6.3120   6.3328   6.3636   6.3641
  6.3730   6.3883   6.4040   6.4097   6.4161   6.4278   6.4571   6.4892
  6.4923   6.5117   6.5201   6.5405   6.5412   6.5512   6.5600   6.5796
  6.5912   6.5937   6.5973   6.6215   6.6285   6.6321   6.6439   6.6707
  6.6732   6.6769   6.7053   6.7631   6.7780   6.7795   6.7923   6.8298
  6.8391   6.8438   6.8692   6.8845   6.9000   6.9139   6.9353   6.9381
  6.9828   7.0243   7.0290   7.0381   7.0420   7.0922   7.1025   7.1176
  7.1537   7.1711   7.1789   7.1900   7.2275   7.2526   7.2556   7.3017
  7.3170   7.3284   7.3471   7.3773   7.3830   7.4023   7.4025   7.4061
  7.4128   7.4501   7.4672   7.4825   7.4920   7.5098   7.5187   7.5244
  7.5390   7.5771   7.5873   7.6084   7.6272   7.6391   7.6478   7.6732
  7.6797   7.7060   7.7408   7.7445   7.7718   7.8080   7.8166   7.8332
  7.8502   7.8531   7.8752   7.8957   7.9034   7.9424   7.9507   7.9808
  8.0184   8.0301   8.0419   8.0678   8.0846   8.0908   8.0948   8.1351
  8.1551   8.1802   8.1816   8.2070   8.2104   8.2247   8.2354   8.2390
  8.2496   8.2699   8.2723   8.2789   8.2914   8.3044   8.3141   8.3159
  8.3212   8.3245   8.3331   8.3516   8.3849   8.3974   8.4288   8.4317
  8.4379   8.4442   8.4822   8.5139   8.5233   8.5496   8.5773   8.5789
  8.6100   8.6315   8.6714   8.6903   8.7087   8.7203   8.7359   8.7528
  8.7616   8.7821   8.7852   8.8188   8.8288   8.8362   8.8481   8.8645
  8.8800   8.8942   8.9080   8.9666   8.9912   8.9958   9.0500   9.1207
  9.2487   9.3299   9.4073   9.4539   9.5019   9.5168   9.5481   9.5791
  9.6064   9.6340   9.6711   9.6751   9.6834   9.7418   9.7469   9.7521
  9.7617   9.8071   9.8214   9.8226   9.8931   9.9273   9.9303   9.9509
  9.9520  10.0212  10.0735  10.1188  10.1307  10.1490  10.1823  10.1982
 10.3110  10.3398  10.3625  10.3918  10.4513  10.5633  10.6317  10.7003
 10.7896  10.8441  10.8797  10.9572  11.1999  11.2835  11.6505  11.6742
 11.6823  11.6939  11.9673  11.9729  12.0195  12.0857  12.2077  12.5188
 12.5565  12.6628  12.8397  12.8729  13.1202  13.2367  13.5590  14.0554
 27.7072  28.0466  28.3249  28.4041  28.7388  28.8616  28.8833  29.1760
 47.7275 146.5956 146.9119 147.1765 147.2457 147.5560 147.6872 147.7547
148.0269 252.4513
 --------------------------------------------------------------
 
          Ground-State Mulliken Net Atomic Charges

     Atom                 Charge (a.u.)    Spin (a.u.)
  --------------------------------------------------------
      1 C                     0.118460       0.469645
      2 C                    -0.178600       0.065623
      3 O                    -0.203182       0.931581
      4 C                     0.271634       0.009236
      5 C                    -0.086591       0.198957
      6 C                    -0.009811      -0.067954
      7 C                    -0.007655       0.227181
      8 C                    -0.036154      -0.035976
      9 C                    -0.082191       0.169153
     10 H                     0.076401       0.020714
     11 H                     0.075959       0.020391
     12 H                     0.056308      -0.000659
     13 H                     0.012384      -0.003089
     14 H                    -0.003977       0.003530
     15 H                    -0.007351      -0.008603
     16 H                    -0.002589       0.001033
     17 H                     0.006956      -0.000765
  --------------------------------------------------------
  Sum of atomic charges =    -0.000000
  Sum of spin   charges =     2.000000

 -----------------------------------------------------------------
                    Cartesian Multipole Moments
 -----------------------------------------------------------------
    Charge (ESU x 10^10)
                -0.0000
    Dipole Moment (Debye)
         X       0.4374      Y      -1.5810      Z      -0.3268
       Tot       1.6726
    Quadrupole Moments (Debye-Ang)
        XX     -54.9556     XY       1.9374     YY     -46.1392
        XZ      -1.2473     YZ      -2.2184     ZZ     -55.0288
    Octopole Moments (Debye-Ang^2)
       XXX      16.1550    XXY     -14.9120    XYY       0.0125
       YYY     -27.7266    XXZ     -11.7104    XYZ       0.7179
       YYZ      -0.0601    XZZ      11.8689    YZZ     -14.4808
       ZZZ     -11.8542
    Hexadecapole Moments (Debye-Ang^3)
      XXXX    -541.4501   XXXY    -109.9904   XXYY    -191.0127
      XYYY    -107.0567   YYYY    -639.4488   XXXZ     216.5857
      XXYZ      31.2536   XYYZ      55.7998   YYYZ     111.9146
      XXZZ    -163.9500   XYZZ     -28.7790   YYZZ    -185.5355
      XZZZ     218.9677   YZZZ     118.2316   ZZZZ    -504.7335
 -----------------------------------------------------------------
 Total job time:  61.95s(wall), 1907.22s(cpu) 
 Mon Jan  6 16:03:25 2025

        *************************************************************
        *                                                           *
        *  Thank you very much for using Q-Chem.  Have a nice day.  *
        *                                                           *
        *************************************************************


