
Running Job 1 of 2 methanol-neutral-wb97xd-OLYP-readSCF.in
qchem methanol-neutral-wb97xd-OLYP-readSCF.in_2471096.0 /expanse/lustre/scratch/whughes/temp_project/job_36179756/methanol-neutral-wb97xd-OLYP-readSCF-36179756/ 0
/cm/shared/apps/spack/0.17.3/cpu/b/opt/spack/linux-rocky8-zen2/gcc-10.2.0/qchem-6.0-rytxnwjazd34ekd2gqyi5ufsaimxsd3r/exe/qcprog.exe_s methanol-neutral-wb97xd-OLYP-readSCF.in_2471096.0 /expanse/lustre/scratch/whughes/temp_project/job_36179756/methanol-neutral-wb97xd-OLYP-readSCF-36179756/
                  Welcome to Q-Chem
     A Quantum Leap Into The Future Of Chemistry


 Q-Chem 6.0, Q-Chem, Inc., Pleasanton, CA (2022)

 License issued to: University of California, San Diego (site)

 E. Epifanovsky,  A. T. B. Gilbert,  Xintian Feng,  Joonho Lee,  Yuezhi Mao,  
 N. Mardirossian,  P. Pokhilko,  A. White,  M. Wormit,  M. P. Coons,  
 A. L. Dempwolff,  Zhengting Gan,  D. Hait,  P. R. Horn,  L. D. Jacobson,  
 I. Kaliman,  J. Kussmann,  A. W. Lange,  Ka Un Lao,  D. S. Levine,  Jie Liu,  
 S. C. McKenzie,  A. F. Morrison,  K. Nanda,  F. Plasser,  D. R. Rehn,  
 M. L. Vidal,  Zhi-Qiang You,  Ying Zhu,  B. Alam,  B. Albrecht,  
 A. Aldossary,  E. Alguire,  J. H. Andersen,  V. Athavale,  D. Barton,  
 K. Begam,  A. Behn,  N. Bellonzi,  Y. A. Bernard,  E. J. Berquist,  
 H. Burton,  A. Carreras,  K. Carter-Fenk,  Romit Chakraborty,  
 Chandrima Chakravarty,  Junhan Chen,  A. D. Chien,  K. D. Closser,  
 V. Cofer-Shabica,  L. Cunha,  S. Dasgupta,  Jia Deng,  M. de Wergifosse,  
 M. Diedenhofen,  Hainam Do,  S. Ehlert,  Po-Tung Fang,  S. Fatehi,  
 Qingguo Feng,  T. Friedhoff,  B. Ganoe,  J. Gayvert,  Qinghui Ge,  
 G. Gidofalvi,  M. Goldey,  J. Gomes,  C. Gonzalez-Espinoza,  S. Gulania,  
 A. Gunina,  J. A. Gyamfi,  M. W. D. Hanson-Heine,  P. H. P. Harbach,  
 A. W. Hauser,  M. F. Herbst,  M. Hernandez Vera,  M. Hodecker,  
 Z. C. Holden,  S. Houck,  Xunkun Huang,  Kerwin Hui,  B. C. Huynh,  
 K. Ikeda,  M. Ivanov,  Hyunjun Ji,  Zuxin Jin,  Hanjie Jiang,  B. Kaduk,  
 S. Kaehler,  R. Kang,  K. Khistyaev,  Jaehoon Kim,  Yongbin Kim,  
 P. Klunzinger,  Z. Koczor-Benda,  Joong Hoon Koh,  D. Kosenkov,  
 Saikiran Kotaru,  L. Koulias,  T. Kowalczyk,  C. M. Krauter,  K. Kue,  
 A. Kunitsa,  T. Kus,  A. Landau,  K. V. Lawler,  D. Lefrancois,  S. Lehtola,  
 Rain Li,  Shaozhi Li,  Yi-Pei Li,  Jiashu Liang,  M. Liebenthal,  
 Hung-Hsuan Lin,  You-Sheng Lin,  Fenglai Liu,  Kuan-Yu Liu,  
 M. Loipersberger,  A. Luenser,  C. Malbon,  A. Manjanath,  P. Manohar,  
 E. Mansoor,  S. F. Manzer,  Shan-Ping Mao,  A. V. Marenich,  T. Markovich,  
 S. Mason,  F. Matz,  S. A. Maurer,  P. F. McLaughlin,  M. F. S. J. Menger,  
 J.-M. Mewes,  S. A. Mewes,  P. Morgante,  Mohammad Mostafanejad,  
 J. W. Mullinax,  K. J. Oosterbaan,  G. Paran,  V. Parravicini,  
 Alexander C. Paul,  Suranjan K. Paul,  F. Pavosevic,  Zheng Pei,  S. Prager,  
 E. I. Proynov,  E. Ramos,  B. Rana,  A. E. Rask,  A. Rettig,  R. M. Richard,  
 F. Rob,  E. Rossomme,  T. Scheele,  M. Scheurer,  M. Schneider,  
 P. E. Schneider,  N. Sergueev,  S. M. Sharada,  Hengyuan Shen,  
 W. Skomorowski,  D. W. Small,  C. J. Stein,  Yingli Su,  Yu-Chuan Su,  
 E. J. Sundstrom,  Zhen Tao,  J. Thirman,  Hung-Yi Tsai,  T. Tsuchimochi,  
 N. M. Tubman,  C. Utku,  S. P. Veccham,  O. Vydrov,  J. Wenzel,  
 Jonathan Wong,  J. Witte,  A. Yamada,  Chou-Hsun Yang,  Kun Yao,  
 S. Yeganeh,  S. R. Yost,  A. Zech,  F. Zeller,  Igor Ying Zhang,  
 Xing Zhang,  Yu Zhang,  D. Zuev,  A. Aspuru-Guzik,  A. T. Bell,  
 N. A. Besley,  K. B. Bravaya,  B. R. Brooks,  D. Casanova,  Jeng-Da Chai,  
 Hsing-Ta Chen,  S. Coriani,  C. J. Cramer,  A. E. DePrince, III,  
 R. A. DiStasio Jr.,  A. Dreuw,  B. D. Dunietz,  T. R. Furlani,  
 W. A. Goddard III,  S. Grimme,  S. Hammes-Schiffer,  T. Head-Gordon,  
 W. J. Hehre,  Chao-Ping Hsu,  T.-C. Jagau,  Yousung Jung,  A. Klamt,  
 Jing Kong,  D. S. Lambrecht,  Xiangyuan Li,  WanZhen Liang,  N. J. Mayhall,  
 C. W. McCurdy,  J. B. Neaton,  T. Neudecker,  C. Ochsenfeld,  
 J. A. Parkhill,  R. Peverati,  V. A. Rassolov,  Haisheng Ren,  Yihan Shao,  
 L. V. Slipchenko,  R. P. Steele,  J. E. Subotnik,  A. J. W. Thom,  
 A. Tkatchenko,  D. G. Truhlar,  T. Van Voorhis,  Fan Wang,  
 T. A. Wesolowski,  K. B. Whaley,  H. L. Woodcock III,  P. M. Zimmerman,  
 S. Faraji,  P. M. W. Gill,  M. Head-Gordon,  J. M. Herbert,  A. I. Krylov

 Contributors to earlier versions of Q-Chem not listed above: 
 R. D. Adamson,  B. Austin,  R. Baer,  J. Baker,  G. J. O. Beran,  
 K. Brandhorst,  S. T. Brown,  E. F. C. Byrd,  Arup K. Chakraborty,  
 G. K. L. Chan,  Chun-Min Chang,  Yunqing Chen,  C.-L. Cheng,  
 Siu Hung Chien,  D. M. Chipman,  D. L. Crittenden,  H. Dachsel,  
 R. J. Doerksen,  A. D. Dutoi,  R. G. Edgar,  J. Fosso-Tande,  
 L. Fusti-Molnar,  D. Ghosh,  A. Ghysels,  A. Golubeva-Zadorozhnaya,  
 J. Gonthier,  M. S. Gordon,  S. R. Gwaltney,  G. Hawkins,  J. E. Herr,  
 A. Heyden,  S. Hirata,  E. G. Hohenstein,  G. Kedziora,  F. J. Keil,  
 C. Kelley,  Jihan Kim,  R. A. King,  R. Z. Khaliullin,  P. P. Korambath,  
 W. Kurlancheek,  A. Laurent,  A. M. Lee,  M. S. Lee,  S. V. Levchenko,  
 Ching Yeh Lin,  D. Liotard,  E. Livshits,  R. C. Lochan,  I. Lotan,  
 L. A. Martinez-Martinez,  P. E. Maslen,  N. Nair,  D. P. O'Neill,  
 D. Neuhauser,  E. Neuscamman,  C. M. Oana,  R. Olivares-Amaya,  R. Olson,  
 T. M. Perrine,  B. Peters,  P. A. Pieniazek,  A. Prociuk,  Y. M. Rhee,  
 J. Ritchie,  M. A. Rohrdanz,  E. Rosta,  N. J. Russ,  H. F. Schaefer III,  
 M. W. Schmidt,  N. E. Schultz,  S. Sharma,  N. Shenvi,  C. D. Sherrill,  
 A. C. Simmonett,  A. Sodt,  T. Stein,  D. Stuck,  K. S. Thanthiriwatte,  
 V. Vanovschi,  L. Vogt,  Tao Wang,  A. Warshel,  M. A. Watson,  
 C. F. Williams,  Q. Wu,  X. Xu,  Jun Yang,  W. Zhang,  Yan Zhao

   Please cite Q-Chem as follows:
  "Software for the frontiers of quantum chemistry:
   An overview of developments in the Q-Chem 5 package"
   J. Chem. Phys. 155, 084801 (2021)
   https://doi.org/10.1063/5.0055522 (open access)

 Q-Chem 6.0.2 for Intel X86 EM64T Linux

 Parts of Q-Chem use Armadillo 9.900.5 (Nocturnal Misbehaviour).
 http://arma.sourceforge.net/

 Q-Chem begins on Mon Jan  6 15:54:12 2025  

 Host: 
0

     Scratch files written to /expanse/lustre/scratch/whughes/temp_project/job_36179756/methanol-neutral-wb97xd-OLYP-readSCF-36179756//
 Dec722 |scratch|qcdevops|jenkins|workspace|build_RNUM    
 Processing $rem in /cm/shared/apps/spack/0.17.3/cpu/b/opt/spack/linux-rocky8-zen2/gcc-10.2.0/qchem-6.0-rytxnwjazd34ekd2gqyi5ufsaimxsd3r/config/preferences:
 Processing $rem in /home/whughes/.qchemrc:

 Checking the input file for inconsistencies... 	...done.

--------------------------------------------------------------
User input:
--------------------------------------------------------------
$molecule
0 1
C    -0.037052674    -0.3512010916   0.0590419137
O    0.6428867785    0.8692787789    -0.1336979007
H    0.7211721925    -1.1191167635   0.206818996
H    -0.6817680374   -0.3314792402   0.9451231949
H    -0.6425165304   -0.6306039781   -0.8107386832
H    -0.0027227291   1.5631222944    -0.2665475207
$end

$rem
METHOD      M06
BASIS       def2-QZVPP
SYM_IGNORE   TRUE
DFT_D       D4
MAX_SCF_CYCLES 300
$end

--------------------------------------------------------------
 Adding empirical dispersion correction 
 ----------------------------------------------------------------
 Doing -D4(0) with M06 parameters:
 s6  =   1.00000
 s8  =   0.16367
 s10 =   0.00000
 s9 =   1.00000
 a1  =   0.53456
 a2  =   6.06192
 -D4 energy including 3body term = -0.0002455690 hartrees
 ----------------------------------------------------------------
             Standard Nuclear Orientation (Angstroms)
    I     Atom           X                Y                Z
 ----------------------------------------------------------------
    1      C      -0.0370526740    -0.3512010916     0.0590419137
    2      O       0.6428867785     0.8692787789    -0.1336979007
    3      H       0.7211721925    -1.1191167635     0.2068189960
    4      H      -0.6817680374    -0.3314792402     0.9451231949
    5      H      -0.6425165304    -0.6306039781    -0.8107386832
    6      H      -0.0027227291     1.5631222944    -0.2665475207
 ----------------------------------------------------------------
 Nuclear Repulsion Energy =          40.46224637 hartrees
 There are        9 alpha and        9 beta electrons
 Requested basis set is def2-QZVPP
 There are 74 shells and 234 basis functions

 Total QAlloc Memory Limit   8000 MB
 Mega-Array Size       188 MB
 MEM_STATIC part       192 MB


                       Distance Matrix (Angstroms)
             C (  1)   O (  2)   H (  3)   H (  4)   H (  5)
   O (  2)  1.410332
   H (  3)  1.089237  2.018860
   H (  4)  1.095987  2.088154  1.770228
   H (  5)  1.095979  2.088132  1.770230  1.781591
   H (  6)  1.942118  0.957016  2.818245  2.349205  2.349024
 
 A cutoff of  1.0D-09 yielded   2720 shell pairs
 There are     27686 function pairs (     41007 Cartesian)
 Smallest overlap matrix eigenvalue = 1.34E-04

 Scale SEOQF with 1.000000e+00/1.000000e-01/1.000000e+00

 Standard Electronic Orientation quadrupole field applied
 Nucleus-field energy     =     0.0000000005 hartrees
 Guess from superposition of atomic densities
 Warning:  Energy on first SCF cycle will be non-variational
 SAD guess density has 18.000000 electrons

 -----------------------------------------------------------------------
  General SCF calculation program by
  Eric Jon Sundstrom, Paul Horn, Yuezhi Mao, Dmitri Zuev, Alec White,
  David Stuck, Shaama M.S., Shane Yost, Joonho Lee, David Small,
  Daniel Levine, Susi Lehtola, Hugh Burton, Evgeny Epifanovsky,
  Bang C. Huynh
 -----------------------------------------------------------------------
 Exchange:     0.2700 Hartree-Fock + 1.0000 M06
 Correlation:  1.0000 M06
 Using SG-3 standard quadrature grid
 Dispersion:   Grimme D4
 using 32 threads for integral computing
 -------------------------------------------------------
 OpenMP Integral computing Module                
 Release: version 1.0, May 2013, Q-Chem Inc. Pittsburgh 
 -------------------------------------------------------
 A restricted SCF calculation will be
 performed using DIIS
 SCF converges when DIIS error is below 1.0e-05
 ---------------------------------------
  Cycle       Energy         DIIS error
 ---------------------------------------
    1    -115.8344563489      2.15e-02  
    2    -115.6478682118      3.44e-03  
    3    -115.6012364207      4.75e-03  
    4    -115.7115203310      4.62e-04  
    5    -115.7123517625      2.00e-04  
    6    -115.7125496631      4.56e-05  
    7    -115.7125588863      6.32e-06  Convergence criterion met
 ---------------------------------------
 SCF time:   CPU 191.62s  wall 6.00s 
 SCF   energy in the final basis set =     -115.7125588863
 Total energy in the final basis set =     -115.7125588863
 
 --------------------------------------------------------------
 
                    Orbital Energies (a.u.)
 --------------------------------------------------------------
 
 Alpha MOs
 -- Occupied --
-19.2128 -10.2804  -1.0473  -0.6949  -0.5248  -0.4540  -0.4412  -0.3523
 -0.2937
 -- Virtual --
 -0.0024   0.0310   0.0662   0.0664   0.0924   0.1179   0.1256   0.2372
  0.2587   0.2720   0.2746   0.3025   0.3174   0.3337   0.3628   0.3820
  0.4577   0.4900   0.5279   0.5681   0.6123   0.6449   0.6546   0.7015
  0.7182   0.7427   0.7673   0.7757   0.8395   0.8762   0.9002   0.9060
  0.9299   0.9932   1.0114   1.0164   1.0385   1.1075   1.1559   1.2782
  1.2793   1.3132   1.3316   1.3728   1.4010   1.6454   1.6986   1.7309
  1.7422   1.7662   1.7992   1.8279   1.8456   1.8689   1.9090   1.9412
  2.0193   2.0499   2.0824   2.0980   2.1163   2.1449   2.1697   2.2217
  2.2516   2.2939   2.3433   2.4106   2.4371   2.4869   2.4930   2.5149
  2.5224   2.6207   2.6231   2.6945   2.7324   2.7560   2.7782   2.7964
  2.7993   2.8900   2.9311   2.9598   3.0421   3.0889   3.0894   3.1968
  3.2262   3.2654   3.3466   3.4795   3.5103   3.6865   3.7057   3.7387
  3.8369   3.8410   3.8696   3.9929   4.0359   4.0393   4.1308   4.1946
  4.3947   4.3982   4.4186   4.4258   4.6508   5.0126   5.0956   5.2101
  5.2837   5.2893   5.3149   5.3630   5.4388   5.5430   5.5909   5.6419
  5.7070   5.7420   5.7895   5.8780   5.9192   5.9516   5.9677   5.9771
  6.0770   6.0798   6.1239   6.1510   6.2426   6.2477   6.2834   6.3329
  6.4273   6.4662   6.5604   6.6614   6.7048   6.7056   6.7599   6.8604
  6.9147   7.1191   7.1325   7.1571   7.1774   7.2639   7.2746   7.2900
  7.3695   7.4142   7.4326   7.4764   7.5207   7.5455   7.5767   7.6356
  7.6597   7.6646   7.7956   7.8477   7.8874   7.9767   8.0552   8.1542
  8.1666   8.2089   8.2732   8.2868   8.3004   8.3130   8.3426   8.3591
  8.4103   8.5091   8.5610   8.5772   8.5787   8.6999   8.7082   8.7761
  8.7777   8.9582   9.1393   9.1736   9.3563   9.3835   9.5158   9.6123
  9.6918   9.6974   9.8610   9.9402   9.9760  10.0942  10.2291  10.3933
 10.4650  10.7200  10.9345  11.2982  11.4014  11.4207  11.4840  11.5457
 11.7193  11.8296  11.8620  12.0581  12.3162  12.5861  12.6626  12.9958
 13.0573  13.8959  14.1055  14.3834  16.6132  28.9307  48.4607 147.5164
252.8968
 --------------------------------------------------------------
 
          Ground-State Mulliken Net Atomic Charges

     Atom                 Charge (a.u.)
  ----------------------------------------
      1 C                    -0.055318
      2 O                    -0.567892
      3 H                     0.142566
      4 H                     0.115709
      5 H                     0.103791
      6 H                     0.261143
  ----------------------------------------
  Sum of atomic charges =     0.000000

 -----------------------------------------------------------------
                    Cartesian Multipole Moments
 -----------------------------------------------------------------
    Charge (ESU x 10^10)
                 0.0000
    Dipole Moment (Debye)
         X      -1.6245      Y      -0.1119      Z      -0.0169
       Tot       1.6284
    Quadrupole Moments (Debye-Ang)
        XX     -14.6571     XY      -2.1944     YY     -11.3081
        XZ       0.3533     YZ      -0.4610     ZZ     -13.6410
    Octopole Moments (Debye-Ang^2)
       XXX      -9.4861    XXY      -4.0446    XYY      -4.4268
       YYY      -1.7283    XXZ       0.6426    XYZ       0.0923
       YYZ      -0.7357    XZZ      -3.7111    YZZ      -2.5353
       ZZZ       1.1111
    Hexadecapole Moments (Debye-Ang^3)
      XXXX     -34.3348   XXXY     -11.3335   XXYY     -15.8222
      XYYY     -11.6787   YYYY     -46.1863   XXXZ       1.7630
      XXYZ       1.0712   XYYZ       0.7961   YYYZ       0.6031
      XXZZ      -9.1011   XYZZ      -3.4156   YYZZ     -13.4075
      XZZZ       1.5803   YZZZ       3.2760   ZZZZ     -21.1488
 -----------------------------------------------------------------
 Total job time:  8.73s(wall), 217.88s(cpu) 
 Mon Jan  6 15:54:20 2025

        *************************************************************
        *                                                           *
        *  Thank you very much for using Q-Chem.  Have a nice day.  *
        *                                                           *
        *************************************************************



Running Job 2 of 2 methanol-neutral-wb97xd-OLYP-readSCF.in
qchem methanol-neutral-wb97xd-OLYP-readSCF.in_2471096.1 /expanse/lustre/scratch/whughes/temp_project/job_36179756/methanol-neutral-wb97xd-OLYP-readSCF-36179756/ 0
/cm/shared/apps/spack/0.17.3/cpu/b/opt/spack/linux-rocky8-zen2/gcc-10.2.0/qchem-6.0-rytxnwjazd34ekd2gqyi5ufsaimxsd3r/exe/qcprog.exe_s methanol-neutral-wb97xd-OLYP-readSCF.in_2471096.1 /expanse/lustre/scratch/whughes/temp_project/job_36179756/methanol-neutral-wb97xd-OLYP-readSCF-36179756/
                  Welcome to Q-Chem
     A Quantum Leap Into The Future Of Chemistry


 Q-Chem 6.0, Q-Chem, Inc., Pleasanton, CA (2022)

 License issued to: University of California, San Diego (site)

 E. Epifanovsky,  A. T. B. Gilbert,  Xintian Feng,  Joonho Lee,  Yuezhi Mao,  
 N. Mardirossian,  P. Pokhilko,  A. White,  M. Wormit,  M. P. Coons,  
 A. L. Dempwolff,  Zhengting Gan,  D. Hait,  P. R. Horn,  L. D. Jacobson,  
 I. Kaliman,  J. Kussmann,  A. W. Lange,  Ka Un Lao,  D. S. Levine,  Jie Liu,  
 S. C. McKenzie,  A. F. Morrison,  K. Nanda,  F. Plasser,  D. R. Rehn,  
 M. L. Vidal,  Zhi-Qiang You,  Ying Zhu,  B. Alam,  B. Albrecht,  
 A. Aldossary,  E. Alguire,  J. H. Andersen,  V. Athavale,  D. Barton,  
 K. Begam,  A. Behn,  N. Bellonzi,  Y. A. Bernard,  E. J. Berquist,  
 H. Burton,  A. Carreras,  K. Carter-Fenk,  Romit Chakraborty,  
 Chandrima Chakravarty,  Junhan Chen,  A. D. Chien,  K. D. Closser,  
 V. Cofer-Shabica,  L. Cunha,  S. Dasgupta,  Jia Deng,  M. de Wergifosse,  
 M. Diedenhofen,  Hainam Do,  S. Ehlert,  Po-Tung Fang,  S. Fatehi,  
 Qingguo Feng,  T. Friedhoff,  B. Ganoe,  J. Gayvert,  Qinghui Ge,  
 G. Gidofalvi,  M. Goldey,  J. Gomes,  C. Gonzalez-Espinoza,  S. Gulania,  
 A. Gunina,  J. A. Gyamfi,  M. W. D. Hanson-Heine,  P. H. P. Harbach,  
 A. W. Hauser,  M. F. Herbst,  M. Hernandez Vera,  M. Hodecker,  
 Z. C. Holden,  S. Houck,  Xunkun Huang,  Kerwin Hui,  B. C. Huynh,  
 K. Ikeda,  M. Ivanov,  Hyunjun Ji,  Zuxin Jin,  Hanjie Jiang,  B. Kaduk,  
 S. Kaehler,  R. Kang,  K. Khistyaev,  Jaehoon Kim,  Yongbin Kim,  
 P. Klunzinger,  Z. Koczor-Benda,  Joong Hoon Koh,  D. Kosenkov,  
 Saikiran Kotaru,  L. Koulias,  T. Kowalczyk,  C. M. Krauter,  K. Kue,  
 A. Kunitsa,  T. Kus,  A. Landau,  K. V. Lawler,  D. Lefrancois,  S. Lehtola,  
 Rain Li,  Shaozhi Li,  Yi-Pei Li,  Jiashu Liang,  M. Liebenthal,  
 Hung-Hsuan Lin,  You-Sheng Lin,  Fenglai Liu,  Kuan-Yu Liu,  
 M. Loipersberger,  A. Luenser,  C. Malbon,  A. Manjanath,  P. Manohar,  
 E. Mansoor,  S. F. Manzer,  Shan-Ping Mao,  A. V. Marenich,  T. Markovich,  
 S. Mason,  F. Matz,  S. A. Maurer,  P. F. McLaughlin,  M. F. S. J. Menger,  
 J.-M. Mewes,  S. A. Mewes,  P. Morgante,  Mohammad Mostafanejad,  
 J. W. Mullinax,  K. J. Oosterbaan,  G. Paran,  V. Parravicini,  
 Alexander C. Paul,  Suranjan K. Paul,  F. Pavosevic,  Zheng Pei,  S. Prager,  
 E. I. Proynov,  E. Ramos,  B. Rana,  A. E. Rask,  A. Rettig,  R. M. Richard,  
 F. Rob,  E. Rossomme,  T. Scheele,  M. Scheurer,  M. Schneider,  
 P. E. Schneider,  N. Sergueev,  S. M. Sharada,  Hengyuan Shen,  
 W. Skomorowski,  D. W. Small,  C. J. Stein,  Yingli Su,  Yu-Chuan Su,  
 E. J. Sundstrom,  Zhen Tao,  J. Thirman,  Hung-Yi Tsai,  T. Tsuchimochi,  
 N. M. Tubman,  C. Utku,  S. P. Veccham,  O. Vydrov,  J. Wenzel,  
 Jonathan Wong,  J. Witte,  A. Yamada,  Chou-Hsun Yang,  Kun Yao,  
 S. Yeganeh,  S. R. Yost,  A. Zech,  F. Zeller,  Igor Ying Zhang,  
 Xing Zhang,  Yu Zhang,  D. Zuev,  A. Aspuru-Guzik,  A. T. Bell,  
 N. A. Besley,  K. B. Bravaya,  B. R. Brooks,  D. Casanova,  Jeng-Da Chai,  
 Hsing-Ta Chen,  S. Coriani,  C. J. Cramer,  A. E. DePrince, III,  
 R. A. DiStasio Jr.,  A. Dreuw,  B. D. Dunietz,  T. R. Furlani,  
 W. A. Goddard III,  S. Grimme,  S. Hammes-Schiffer,  T. Head-Gordon,  
 W. J. Hehre,  Chao-Ping Hsu,  T.-C. Jagau,  Yousung Jung,  A. Klamt,  
 Jing Kong,  D. S. Lambrecht,  Xiangyuan Li,  WanZhen Liang,  N. J. Mayhall,  
 C. W. McCurdy,  J. B. Neaton,  T. Neudecker,  C. Ochsenfeld,  
 J. A. Parkhill,  R. Peverati,  V. A. Rassolov,  Haisheng Ren,  Yihan Shao,  
 L. V. Slipchenko,  R. P. Steele,  J. E. Subotnik,  A. J. W. Thom,  
 A. Tkatchenko,  D. G. Truhlar,  T. Van Voorhis,  Fan Wang,  
 T. A. Wesolowski,  K. B. Whaley,  H. L. Woodcock III,  P. M. Zimmerman,  
 S. Faraji,  P. M. W. Gill,  M. Head-Gordon,  J. M. Herbert,  A. I. Krylov

 Contributors to earlier versions of Q-Chem not listed above: 
 R. D. Adamson,  B. Austin,  R. Baer,  J. Baker,  G. J. O. Beran,  
 K. Brandhorst,  S. T. Brown,  E. F. C. Byrd,  Arup K. Chakraborty,  
 G. K. L. Chan,  Chun-Min Chang,  Yunqing Chen,  C.-L. Cheng,  
 Siu Hung Chien,  D. M. Chipman,  D. L. Crittenden,  H. Dachsel,  
 R. J. Doerksen,  A. D. Dutoi,  R. G. Edgar,  J. Fosso-Tande,  
 L. Fusti-Molnar,  D. Ghosh,  A. Ghysels,  A. Golubeva-Zadorozhnaya,  
 J. Gonthier,  M. S. Gordon,  S. R. Gwaltney,  G. Hawkins,  J. E. Herr,  
 A. Heyden,  S. Hirata,  E. G. Hohenstein,  G. Kedziora,  F. J. Keil,  
 C. Kelley,  Jihan Kim,  R. A. King,  R. Z. Khaliullin,  P. P. Korambath,  
 W. Kurlancheek,  A. Laurent,  A. M. Lee,  M. S. Lee,  S. V. Levchenko,  
 Ching Yeh Lin,  D. Liotard,  E. Livshits,  R. C. Lochan,  I. Lotan,  
 L. A. Martinez-Martinez,  P. E. Maslen,  N. Nair,  D. P. O'Neill,  
 D. Neuhauser,  E. Neuscamman,  C. M. Oana,  R. Olivares-Amaya,  R. Olson,  
 T. M. Perrine,  B. Peters,  P. A. Pieniazek,  A. Prociuk,  Y. M. Rhee,  
 J. Ritchie,  M. A. Rohrdanz,  E. Rosta,  N. J. Russ,  H. F. Schaefer III,  
 M. W. Schmidt,  N. E. Schultz,  S. Sharma,  N. Shenvi,  C. D. Sherrill,  
 A. C. Simmonett,  A. Sodt,  T. Stein,  D. Stuck,  K. S. Thanthiriwatte,  
 V. Vanovschi,  L. Vogt,  Tao Wang,  A. Warshel,  M. A. Watson,  
 C. F. Williams,  Q. Wu,  X. Xu,  Jun Yang,  W. Zhang,  Yan Zhao

   Please cite Q-Chem as follows:
  "Software for the frontiers of quantum chemistry:
   An overview of developments in the Q-Chem 5 package"
   J. Chem. Phys. 155, 084801 (2021)
   https://doi.org/10.1063/5.0055522 (open access)

 Q-Chem 6.0.2 for Intel X86 EM64T Linux

 Parts of Q-Chem use Armadillo 9.900.5 (Nocturnal Misbehaviour).
 http://arma.sourceforge.net/

 Q-Chem begins on Mon Jan  6 15:54:21 2025  

 Host: 
0

     Scratch files written to /expanse/lustre/scratch/whughes/temp_project/job_36179756/methanol-neutral-wb97xd-OLYP-readSCF-36179756//
 Dec722 |scratch|qcdevops|jenkins|workspace|build_RNUM    
 Processing $rem in /cm/shared/apps/spack/0.17.3/cpu/b/opt/spack/linux-rocky8-zen2/gcc-10.2.0/qchem-6.0-rytxnwjazd34ekd2gqyi5ufsaimxsd3r/config/preferences:
 Processing $rem in /home/whughes/.qchemrc:

 Checking the input file for inconsistencies... 	...done.

--------------------------------------------------------------
User input:
--------------------------------------------------------------

$molecule
0 1
C    -0.037052674    -0.3512010916   0.0590419137
O    0.6428867785    0.8692787789    -0.1336979007
H    0.7211721925    -1.1191167635   0.206818996
H    -0.6817680374   -0.3314792402   0.9451231949
H    -0.6425165304   -0.6306039781   -0.8107386832
H    -0.0027227291   1.5631222944    -0.2665475207
$end

$rem
METHOD      OLYP
BASIS       def2-QZVPP
SYM_IGNORE   TRUE
DFT_D       D3
SCF_GUESS   read
MAX_SCF_CYCLES 300
$end
--------------------------------------------------------------
 Adding empirical dispersion correction 
 ----------------------------------------------------------------
 Doing -D3(BJ) with
 s6  =   1.00000
 s8  =   2.62050
 a1  =   0.52990
 a2  =   2.80650
 -D3 energy without 3body term =     -0.0133738043 hartrees
 ----------------------------------------------------------------
             Standard Nuclear Orientation (Angstroms)
    I     Atom           X                Y                Z
 ----------------------------------------------------------------
    1      C      -0.0370526740    -0.3512010916     0.0590419137
    2      O       0.6428867785     0.8692787789    -0.1336979007
    3      H       0.7211721925    -1.1191167635     0.2068189960
    4      H      -0.6817680374    -0.3314792402     0.9451231949
    5      H      -0.6425165304    -0.6306039781    -0.8107386832
    6      H      -0.0027227291     1.5631222944    -0.2665475207
 ----------------------------------------------------------------
 Nuclear Repulsion Energy =          40.44911814 hartrees
 There are        9 alpha and        9 beta electrons
 Requested basis set is def2-QZVPP
 There are 74 shells and 234 basis functions

 Total QAlloc Memory Limit   8000 MB
 Mega-Array Size       188 MB
 MEM_STATIC part       192 MB


                       Distance Matrix (Angstroms)
             C (  1)   O (  2)   H (  3)   H (  4)   H (  5)
   O (  2)  1.410332
   H (  3)  1.089237  2.018860
   H (  4)  1.095987  2.088154  1.770228
   H (  5)  1.095979  2.088132  1.770230  1.781591
   H (  6)  1.942118  0.957016  2.818245  2.349205  2.349024
 
 A cutoff of  1.0D-09 yielded   2720 shell pairs
 There are     27686 function pairs (     41007 Cartesian)
 Smallest overlap matrix eigenvalue = 1.34E-04

 Scale SEOQF with 1.000000e+00/1.000000e-01/1.000000e+00

 Standard Electronic Orientation quadrupole field applied
 Nucleus-field energy     =     0.0000000005 hartrees
 Guess MOs from SCF MO coefficient file

 -----------------------------------------------------------------------
  General SCF calculation program by
  Eric Jon Sundstrom, Paul Horn, Yuezhi Mao, Dmitri Zuev, Alec White,
  David Stuck, Shaama M.S., Shane Yost, Joonho Lee, David Small,
  Daniel Levine, Susi Lehtola, Hugh Burton, Evgeny Epifanovsky,
  Bang C. Huynh
 -----------------------------------------------------------------------
 Exchange:  OPTX      Correlation:  LYP
 Using SG-1 standard quadrature grid
 Dispersion:   Grimme D3
 using 32 threads for integral computing
 -------------------------------------------------------
 OpenMP Integral computing Module                
 Release: version 1.0, May 2013, Q-Chem Inc. Pittsburgh 
 -------------------------------------------------------
 A restricted SCF calculation will be
 performed using DIIS
 SCF converges when DIIS error is below 1.0e-05
 ---------------------------------------
  Cycle       Energy         DIIS error
 ---------------------------------------
    1    -115.7470561990      3.27e-03  
    2    -115.7521042690      3.69e-04  
    3    -115.7501041963      7.53e-04  
    4    -115.7527635933      2.08e-05  
    5    -115.7527652298      9.80e-06  Convergence criterion met
 ---------------------------------------
 SCF time:   CPU 27.92s  wall 1.00s 
 SCF   energy in the final basis set =     -115.7527652298
 Total energy in the final basis set =     -115.7527652298
 
 --------------------------------------------------------------
 
                    Orbital Energies (a.u.)
 --------------------------------------------------------------
 
 Alpha MOs
 -- Occupied --
-18.7631  -9.9392  -0.9413  -0.6197  -0.4588  -0.3875  -0.3780  -0.2899
 -0.2268
 -- Virtual --
 -0.0156   0.0172   0.0601   0.0608   0.0850   0.1122   0.1203   0.2133
  0.2335   0.2586   0.2620   0.2999   0.3171   0.3214   0.3531   0.3662
  0.4521   0.4800   0.5150   0.5829   0.6276   0.6480   0.6594   0.7065
  0.7154   0.7442   0.7713   0.7875   0.8445   0.8761   0.8991   0.9245
  0.9356   1.0103   1.0253   1.0310   1.0442   1.1103   1.1774   1.2722
  1.2883   1.3279   1.3441   1.3463   1.3815   1.6283   1.6771   1.6948
  1.7250   1.7339   1.7684   1.7990   1.8057   1.8284   1.8866   1.9129
  1.9852   2.0437   2.0743   2.0806   2.1040   2.1420   2.1659   2.2230
  2.2347   2.2807   2.3578   2.4230   2.4515   2.4885   2.4962   2.5316
  2.5378   2.6385   2.6430   2.7149   2.7295   2.7789   2.8017   2.8092
  2.8442   2.9053   2.9264   2.9715   3.0644   3.0736   3.0895   3.2082
  3.2240   3.2688   3.3269   3.4569   3.5127   3.6802   3.7036   3.7320
  3.7831   3.7869   3.8425   3.9256   4.0022   4.0185   4.0717   4.1350
  4.3268   4.3401   4.3601   4.3660   4.6002   4.9647   5.0283   5.2266
  5.2619   5.2737   5.2994   5.3307   5.4773   5.5790   5.6030   5.6507
  5.7027   5.7268   5.7906   5.8531   5.9033   5.9576   6.0018   6.0569
  6.0753   6.0819   6.1216   6.1426   6.2295   6.2650   6.2833   6.3444
  6.4389   6.4777   6.5513   6.6633   6.6834   6.6891   6.7756   6.8475
  6.9380   7.1144   7.1303   7.2058   7.2264   7.2617   7.2817   7.3208
  7.3758   7.3808   7.4075   7.5231   7.5327   7.5366   7.5906   7.6513
  7.6846   7.6983   7.7653   7.8179   7.9002   7.9615   8.0132   8.1430
  8.1716   8.1762   8.2109   8.2724   8.2751   8.2930   8.3124   8.3420
  8.4386   8.5153   8.5384   8.6026   8.6375   8.7490   8.7625   8.8178
  8.8289   8.9214   9.2030   9.3221   9.4766   9.4989   9.5704   9.7044
  9.7051   9.7926   9.8591   9.9132   9.9777  10.1321  10.2747  10.2782
 10.4484  10.6307  10.7855  11.1717  11.2476  11.2764  11.4936  11.5215
 11.6229  11.6318  11.7418  11.8797  12.1275  12.3836  12.4979  12.9073
 13.1002  13.7439  13.9500  14.2029  16.5339  28.6649  48.0218 147.5067
252.7748
 --------------------------------------------------------------
 
          Ground-State Mulliken Net Atomic Charges

     Atom                 Charge (a.u.)
  ----------------------------------------
      1 C                     0.113575
      2 O                    -0.371569
      3 H                     0.036689
      4 H                     0.029716
      5 H                     0.030014
      6 H                     0.161574
  ----------------------------------------
  Sum of atomic charges =     0.000000

 -----------------------------------------------------------------
                    Cartesian Multipole Moments
 -----------------------------------------------------------------
    Charge (ESU x 10^10)
                 0.0000
    Dipole Moment (Debye)
         X      -1.5458      Y      -0.0851      Z      -0.0202
       Tot       1.5483
    Quadrupole Moments (Debye-Ang)
        XX     -14.8256     XY      -2.1525     YY     -11.5438
        XZ       0.3468     YZ      -0.4552     ZZ     -13.8445
    Octopole Moments (Debye-Ang^2)
       XXX      -9.4828    XXY      -3.9917    XYY      -4.3928
       YYY      -1.9136    XXZ       0.6306    XYZ       0.0992
       YYZ      -0.6882    XZZ      -3.6504    YZZ      -2.5011
       ZZZ       1.0959
    Hexadecapole Moments (Debye-Ang^3)
      XXXX     -35.8040   XXXY     -11.4559   XXYY     -16.3769
      XYYY     -11.6853   YYYY     -48.2962   XXXZ       1.7872
      XXYZ       1.0734   XYYZ       0.7611   YYYZ       0.7060
      XXZZ      -9.6504   XYZZ      -3.5055   YYZZ     -13.9251
      XZZZ       1.6237   YZZZ       3.2833   ZZZZ     -22.5762
 -----------------------------------------------------------------
 Total job time:  1.29s(wall), 34.58s(cpu) 
 Mon Jan  6 15:54:22 2025

        *************************************************************
        *                                                           *
        *  Thank you very much for using Q-Chem.  Have a nice day.  *
        *                                                           *
        *************************************************************


