
Running Job 1 of 1 isopropyl-doublet-wb97xd-OLYP.in
qchem isopropyl-doublet-wb97xd-OLYP.in_2428383.0 /expanse/lustre/scratch/whughes/temp_project/job_32712430/isopropyl-doublet-wb97xd-OLYP-32712430/ 0
/cm/shared/apps/spack/0.17.3/cpu/b/opt/spack/linux-rocky8-zen2/gcc-10.2.0/qchem-6.0-rytxnwjazd34ekd2gqyi5ufsaimxsd3r/exe/qcprog.exe_s isopropyl-doublet-wb97xd-OLYP.in_2428383.0 /expanse/lustre/scratch/whughes/temp_project/job_32712430/isopropyl-doublet-wb97xd-OLYP-32712430/
                  Welcome to Q-Chem
     A Quantum Leap Into The Future Of Chemistry


 Q-Chem 6.0, Q-Chem, Inc., Pleasanton, CA (2022)

 License issued to: University of California, San Diego (site)

 E. Epifanovsky,  A. T. B. Gilbert,  Xintian Feng,  Joonho Lee,  Yuezhi Mao,  
 N. Mardirossian,  P. Pokhilko,  A. White,  M. Wormit,  M. P. Coons,  
 A. L. Dempwolff,  Zhengting Gan,  D. Hait,  P. R. Horn,  L. D. Jacobson,  
 I. Kaliman,  J. Kussmann,  A. W. Lange,  Ka Un Lao,  D. S. Levine,  Jie Liu,  
 S. C. McKenzie,  A. F. Morrison,  K. Nanda,  F. Plasser,  D. R. Rehn,  
 M. L. Vidal,  Zhi-Qiang You,  Ying Zhu,  B. Alam,  B. Albrecht,  
 A. Aldossary,  E. Alguire,  J. H. Andersen,  V. Athavale,  D. Barton,  
 K. Begam,  A. Behn,  N. Bellonzi,  Y. A. Bernard,  E. J. Berquist,  
 H. Burton,  A. Carreras,  K. Carter-Fenk,  Romit Chakraborty,  
 Chandrima Chakravarty,  Junhan Chen,  A. D. Chien,  K. D. Closser,  
 V. Cofer-Shabica,  L. Cunha,  S. Dasgupta,  Jia Deng,  M. de Wergifosse,  
 M. Diedenhofen,  Hainam Do,  S. Ehlert,  Po-Tung Fang,  S. Fatehi,  
 Qingguo Feng,  T. Friedhoff,  B. Ganoe,  J. Gayvert,  Qinghui Ge,  
 G. Gidofalvi,  M. Goldey,  J. Gomes,  C. Gonzalez-Espinoza,  S. Gulania,  
 A. Gunina,  J. A. Gyamfi,  M. W. D. Hanson-Heine,  P. H. P. Harbach,  
 A. W. Hauser,  M. F. Herbst,  M. Hernandez Vera,  M. Hodecker,  
 Z. C. Holden,  S. Houck,  Xunkun Huang,  Kerwin Hui,  B. C. Huynh,  
 K. Ikeda,  M. Ivanov,  Hyunjun Ji,  Zuxin Jin,  Hanjie Jiang,  B. Kaduk,  
 S. Kaehler,  R. Kang,  K. Khistyaev,  Jaehoon Kim,  Yongbin Kim,  
 P. Klunzinger,  Z. Koczor-Benda,  Joong Hoon Koh,  D. Kosenkov,  
 Saikiran Kotaru,  L. Koulias,  T. Kowalczyk,  C. M. Krauter,  K. Kue,  
 A. Kunitsa,  T. Kus,  A. Landau,  K. V. Lawler,  D. Lefrancois,  S. Lehtola,  
 Rain Li,  Shaozhi Li,  Yi-Pei Li,  Jiashu Liang,  M. Liebenthal,  
 Hung-Hsuan Lin,  You-Sheng Lin,  Fenglai Liu,  Kuan-Yu Liu,  
 M. Loipersberger,  A. Luenser,  C. Malbon,  A. Manjanath,  P. Manohar,  
 E. Mansoor,  S. F. Manzer,  Shan-Ping Mao,  A. V. Marenich,  T. Markovich,  
 S. Mason,  F. Matz,  S. A. Maurer,  P. F. McLaughlin,  M. F. S. J. Menger,  
 J.-M. Mewes,  S. A. Mewes,  P. Morgante,  Mohammad Mostafanejad,  
 J. W. Mullinax,  K. J. Oosterbaan,  G. Paran,  V. Parravicini,  
 Alexander C. Paul,  Suranjan K. Paul,  F. Pavosevic,  Zheng Pei,  S. Prager,  
 E. I. Proynov,  E. Ramos,  B. Rana,  A. E. Rask,  A. Rettig,  R. M. Richard,  
 F. Rob,  E. Rossomme,  T. Scheele,  M. Scheurer,  M. Schneider,  
 P. E. Schneider,  N. Sergueev,  S. M. Sharada,  Hengyuan Shen,  
 W. Skomorowski,  D. W. Small,  C. J. Stein,  Yingli Su,  Yu-Chuan Su,  
 E. J. Sundstrom,  Zhen Tao,  J. Thirman,  Hung-Yi Tsai,  T. Tsuchimochi,  
 N. M. Tubman,  C. Utku,  S. P. Veccham,  O. Vydrov,  J. Wenzel,  
 Jonathan Wong,  J. Witte,  A. Yamada,  Chou-Hsun Yang,  Kun Yao,  
 S. Yeganeh,  S. R. Yost,  A. Zech,  F. Zeller,  Igor Ying Zhang,  
 Xing Zhang,  Yu Zhang,  D. Zuev,  A. Aspuru-Guzik,  A. T. Bell,  
 N. A. Besley,  K. B. Bravaya,  B. R. Brooks,  D. Casanova,  Jeng-Da Chai,  
 Hsing-Ta Chen,  S. Coriani,  C. J. Cramer,  A. E. DePrince, III,  
 R. A. DiStasio Jr.,  A. Dreuw,  B. D. Dunietz,  T. R. Furlani,  
 W. A. Goddard III,  S. Grimme,  S. Hammes-Schiffer,  T. Head-Gordon,  
 W. J. Hehre,  Chao-Ping Hsu,  T.-C. Jagau,  Yousung Jung,  A. Klamt,  
 Jing Kong,  D. S. Lambrecht,  Xiangyuan Li,  WanZhen Liang,  N. J. Mayhall,  
 C. W. McCurdy,  J. B. Neaton,  T. Neudecker,  C. Ochsenfeld,  
 J. A. Parkhill,  R. Peverati,  V. A. Rassolov,  Haisheng Ren,  Yihan Shao,  
 L. V. Slipchenko,  R. P. Steele,  J. E. Subotnik,  A. J. W. Thom,  
 A. Tkatchenko,  D. G. Truhlar,  T. Van Voorhis,  Fan Wang,  
 T. A. Wesolowski,  K. B. Whaley,  H. L. Woodcock III,  P. M. Zimmerman,  
 S. Faraji,  P. M. W. Gill,  M. Head-Gordon,  J. M. Herbert,  A. I. Krylov

 Contributors to earlier versions of Q-Chem not listed above: 
 R. D. Adamson,  B. Austin,  R. Baer,  J. Baker,  G. J. O. Beran,  
 K. Brandhorst,  S. T. Brown,  E. F. C. Byrd,  Arup K. Chakraborty,  
 G. K. L. Chan,  Chun-Min Chang,  Yunqing Chen,  C.-L. Cheng,  
 Siu Hung Chien,  D. M. Chipman,  D. L. Crittenden,  H. Dachsel,  
 R. J. Doerksen,  A. D. Dutoi,  R. G. Edgar,  J. Fosso-Tande,  
 L. Fusti-Molnar,  D. Ghosh,  A. Ghysels,  A. Golubeva-Zadorozhnaya,  
 J. Gonthier,  M. S. Gordon,  S. R. Gwaltney,  G. Hawkins,  J. E. Herr,  
 A. Heyden,  S. Hirata,  E. G. Hohenstein,  G. Kedziora,  F. J. Keil,  
 C. Kelley,  Jihan Kim,  R. A. King,  R. Z. Khaliullin,  P. P. Korambath,  
 W. Kurlancheek,  A. Laurent,  A. M. Lee,  M. S. Lee,  S. V. Levchenko,  
 Ching Yeh Lin,  D. Liotard,  E. Livshits,  R. C. Lochan,  I. Lotan,  
 L. A. Martinez-Martinez,  P. E. Maslen,  N. Nair,  D. P. O'Neill,  
 D. Neuhauser,  E. Neuscamman,  C. M. Oana,  R. Olivares-Amaya,  R. Olson,  
 T. M. Perrine,  B. Peters,  P. A. Pieniazek,  A. Prociuk,  Y. M. Rhee,  
 J. Ritchie,  M. A. Rohrdanz,  E. Rosta,  N. J. Russ,  H. F. Schaefer III,  
 M. W. Schmidt,  N. E. Schultz,  S. Sharma,  N. Shenvi,  C. D. Sherrill,  
 A. C. Simmonett,  A. Sodt,  T. Stein,  D. Stuck,  K. S. Thanthiriwatte,  
 V. Vanovschi,  L. Vogt,  Tao Wang,  A. Warshel,  M. A. Watson,  
 C. F. Williams,  Q. Wu,  X. Xu,  Jun Yang,  W. Zhang,  Yan Zhao

   Please cite Q-Chem as follows:
  "Software for the frontiers of quantum chemistry:
   An overview of developments in the Q-Chem 5 package"
   J. Chem. Phys. 155, 084801 (2021)
   https://doi.org/10.1063/5.0055522 (open access)

 Q-Chem 6.0.2 for Intel X86 EM64T Linux

 Parts of Q-Chem use Armadillo 9.900.5 (Nocturnal Misbehaviour).
 http://arma.sourceforge.net/

 Q-Chem begins on Fri Aug  2 08:17:27 2024  

 Host: 
0

     Scratch files written to /expanse/lustre/scratch/whughes/temp_project/job_32712430/isopropyl-doublet-wb97xd-OLYP-32712430//
 Dec722 |scratch|qcdevops|jenkins|workspace|build_RNUM    
 Processing $rem in /cm/shared/apps/spack/0.17.3/cpu/b/opt/spack/linux-rocky8-zen2/gcc-10.2.0/qchem-6.0-rytxnwjazd34ekd2gqyi5ufsaimxsd3r/config/preferences:
 Processing $rem in /home/whughes/.qchemrc:

 Checking the input file for inconsistencies... 	...done.

--------------------------------------------------------------
User input:
--------------------------------------------------------------
$molecule
0 2
C    -1.2510939385   -0.7855420694   0.079093882
C    0.0044057067    -0.0328667602   -0.1931457943
C    1.3084714281    -0.6802434717   0.118644119
C    -0.0555674796   1.4525628987    -0.2755876863
H    -1.5162759723   -0.7587430115   1.1483525933
H    -2.1003665437   -0.3643188084   -0.464228531
H    -1.1572430993   -1.8395314259   -0.1933024214
H    1.5374281516    -0.6331893339   1.1955498984
H    1.3099244808    -1.7380284144   -0.1552359738
H    2.1366461225    -0.1899980698   -0.3987285381
H    -0.0913139637   1.9131958969    0.7248593918
H    0.8224913193    1.8649524869    -0.7784093718
H    -0.9475052118   1.7917510827    -0.8078615678
$end

$rem
METHOD      OLYP
BASIS       def2-QZVPP
SYM_IGNORE   TRUE
DFT_D       D3
MAX_SCF_CYCLES 300
$end

$end
--------------------------------------------------------------
 Adding empirical dispersion correction 
 ----------------------------------------------------------------
 Doing -D3(BJ) with
 s6  =   1.00000
 s8  =   2.62050
 a1  =   0.52990
 a2  =   2.80650
 -D3 energy without 3body term =     -0.0483968507 hartrees
 ----------------------------------------------------------------
             Standard Nuclear Orientation (Angstroms)
    I     Atom           X                Y                Z
 ----------------------------------------------------------------
    1      C      -1.2510939385    -0.7855420694     0.0790938820
    2      C       0.0044057067    -0.0328667602    -0.1931457943
    3      C       1.3084714281    -0.6802434717     0.1186441190
    4      C      -0.0555674796     1.4525628987    -0.2755876863
    5      H      -1.5162759723    -0.7587430115     1.1483525933
    6      H      -2.1003665437    -0.3643188084    -0.4642285310
    7      H      -1.1572430993    -1.8395314259    -0.1933024214
    8      H       1.5374281516    -0.6331893339     1.1955498984
    9      H       1.3099244808    -1.7380284144    -0.1552359738
   10      H       2.1366461225    -0.1899980698    -0.3987285381
   11      H      -0.0913139637     1.9131958969     0.7248593918
   12      H       0.8224913193     1.8649524869    -0.7784093718
   13      H      -0.9475052118     1.7917510827    -0.8078615678
 ----------------------------------------------------------------
 Nuclear Repulsion Energy =         125.64090064 hartrees
 There are       17 alpha and       16 beta electrons
 Requested basis set is def2-QZVPP
 There are 158 shells and 498 basis functions

 Total QAlloc Memory Limit   8000 MB
 Mega-Array Size       188 MB
 MEM_STATIC part       192 MB


                       Distance Matrix (Angstroms)
             C (  1)   C (  2)   C (  3)   C (  4)   H (  5)   H (  6)
   C (  2)  1.488930
   C (  3)  2.562036  1.488925
   C (  4)  2.562069  1.488924  2.562203
   H (  5)  1.101977  2.153831  3.007600  3.008513
   H (  6)  1.092654  2.147886  3.472712  2.741869  1.759872
   H (  7)  1.092658  2.147898  2.742446  3.472513  1.759843  1.771760
   H (  8)  3.007581  2.153839  1.101981  3.008695  3.056649  4.007581
   H (  9)  2.742436  2.147881  1.092667  3.472596  3.262783  3.689531
   H ( 10)  3.472718  2.147884  1.092652  2.742074  4.007589  4.241103
   H ( 11)  3.007539  2.153847  3.008791  1.101978  3.057633  3.261487
   H ( 12)  3.472778  2.147910  2.742062  1.092649  4.008244  3.689371
   H ( 13)  2.742498  2.147845  3.472550  1.092665  3.264245  2.468969
             H (  7)   H (  8)   H (  9)   H ( 10)   H ( 11)   H ( 12)
   H (  8)  3.262733
   H (  9)  2.469548  1.759844
   H ( 10)  3.689562  1.759888  1.771766
   H ( 11)  4.007766  3.059155  4.008675  3.263385
   H ( 12)  4.240861  3.263183  3.688822  2.468599  1.759882
   H ( 13)  3.688887  4.008602  4.240431  3.688727  1.759843  1.771754

 
 A cutoff of  1.0D-09 yielded  10923 shell pairs
 There are    107649 function pairs (    158028 Cartesian)
 Smallest overlap matrix eigenvalue = 5.59E-05

 Scale SEOQF with 1.000000e-01/1.000000e-01/1.000000e-01

 Standard Electronic Orientation quadrupole field applied
 Nucleus-field energy     =     0.0000000034 hartrees
 Guess from superposition of atomic densities
 Warning:  Energy on first SCF cycle will be non-variational
 SAD guess density has 33.000000 electrons

 -----------------------------------------------------------------------
  General SCF calculation program by
  Eric Jon Sundstrom, Paul Horn, Yuezhi Mao, Dmitri Zuev, Alec White,
  David Stuck, Shaama M.S., Shane Yost, Joonho Lee, David Small,
  Daniel Levine, Susi Lehtola, Hugh Burton, Evgeny Epifanovsky,
  Bang C. Huynh
 -----------------------------------------------------------------------
 Exchange:  OPTX      Correlation:  LYP
 Using SG-1 standard quadrature grid
 Dispersion:   Grimme D3
 using 32 threads for integral computing
 -------------------------------------------------------
 OpenMP Integral computing Module                
 Release: version 1.0, May 2013, Q-Chem Inc. Pittsburgh 
 -------------------------------------------------------
 A unrestricted SCF calculation will be
 performed using DIIS
 SCF converges when DIIS error is below 1.0e-05
 ---------------------------------------
  Cycle       Energy         DIIS error
 ---------------------------------------
    1    -158.1232721504      6.87e-03  
    2    -157.6235892645      1.23e-03  
    3    -157.3566514786      1.79e-03  
    4    -157.8250194387      2.42e-04  
    5    -157.8315252490      9.81e-05  
    6    -157.8326305190      1.04e-05  
    7    -157.8326424360      4.29e-06  Convergence criterion met
 ---------------------------------------
 SCF time:   CPU 276.87s  wall 9.00s 
<S^2> =          0.753830708
 SCF   energy in the final basis set =     -157.8326424360
 Total energy in the final basis set =     -157.8326424360
 
 --------------------------------------------------------------
 
                    Orbital Energies (a.u.)
 --------------------------------------------------------------
 
 Alpha MOs
 -- Occupied --
 -9.9070  -9.8895  -9.8895  -9.8895  -0.7313  -0.6249  -0.6249  -0.4781
 -0.3924  -0.3900  -0.3900  -0.3383  -0.3382  -0.3196  -0.2998  -0.2998
 -0.1322
 -- Virtual --
 -0.0069   0.0264   0.0265   0.0519   0.0519   0.0533   0.0737   0.0861
  0.0862   0.1015   0.1106   0.1108   0.1152   0.1441   0.1442   0.1969
  0.1969   0.2061   0.2138   0.2429   0.2429   0.2586   0.2803   0.2804
  0.2916   0.2927   0.2928   0.3179   0.3241   0.3243   0.3282   0.3382
  0.3545   0.3547   0.4354   0.4672   0.4674   0.4973   0.4974   0.5400
  0.5403   0.5499   0.5778   0.5780   0.6079   0.6276   0.6453   0.6454
  0.6693   0.6694   0.6733   0.6932   0.7090   0.7092   0.7574   0.7668
  0.7686   0.7687   0.7812   0.7950   0.7951   0.8269   0.8269   0.8350
  0.8353   0.8785   0.8869   0.8870   0.8964   0.8966   0.9504   0.9506
  0.9521   0.9906   0.9909   1.0113   1.0254   1.0255   1.0446   1.0557
  1.0559   1.0754   1.1151   1.1151   1.1169   1.1990   1.1990   1.2267
  1.2269   1.2319   1.2909   1.2952   1.3254   1.3254   1.3417   1.4045
  1.4046   1.4407   1.4410   1.4423   1.4488   1.4713   1.4714   1.6263
  1.6266   1.7115   1.7116   1.7519   1.7579   1.7581   1.7858   1.7933
  1.8231   1.8233   1.8374   1.8566   1.8567   1.8795   1.8796   1.8820
  1.9070   1.9070   1.9439   1.9457   1.9459   1.9752   2.0263   2.0274
  2.0419   2.0419   2.0623   2.0626   2.0688   2.0959   2.0960   2.1033
  2.1035   2.1308   2.1535   2.1575   2.2223   2.2224   2.2294   2.2612
  2.2614   2.2693   2.3177   2.3178   2.3542   2.3576   2.3577   2.3614
  2.4261   2.4264   2.4292   2.4618   2.4754   2.4756   2.5223   2.5607
  2.5609   2.5614   2.5771   2.5772   2.5934   2.5935   2.6495   2.6500
  2.6559   2.6922   2.6922   2.7437   2.7439   2.7758   2.7761   2.8044
  2.8045   2.8212   2.8234   2.8456   2.8641   2.8737   2.8738   2.9208
  2.9260   2.9266   2.9343   3.0225   3.0227   3.0392   3.0574   3.0574
  3.1112   3.1509   3.1695   3.1953   3.1955   3.2015   3.2016   3.2255
  3.2422   3.2425   3.2743   3.2837   3.3162   3.3164   3.3548   3.3549
  3.3717   3.4545   3.4545   3.4719   3.4723   3.4871   3.5870   3.5871
  3.5886   3.6560   3.6561   3.7092   3.7369   3.7370   3.7642   3.7646
  3.8102   3.8240   3.8241   3.8567   3.8568   3.8821   3.9414   4.0511
  4.0571   4.2151   4.2158   4.2558   4.2563   4.2768   4.3929   4.7546
  4.7547   4.8186   4.9507   4.9509   5.0028   5.1174   5.1177   5.1222
  5.2629   5.2629   5.3405   5.3406   5.3633   5.4116   5.4174   5.4175
  5.4505   5.4505   5.4622   5.6003   5.6174   5.6174   5.6279   5.7120
  5.7122   5.7356   5.7418   5.7421   5.7724   5.7775   5.7776   5.8019
  5.8021   5.8288   5.8386   5.8494   5.8810   5.8811   5.8953   5.8954
  5.9391   5.9393   5.9646   5.9910   6.0085   6.0086   6.0378   6.0680
  6.0682   6.1002   6.1002   6.1382   6.1384   6.1521   6.1629   6.1940
  6.1941   6.2060   6.2063   6.2075   6.2120   6.2960   6.2961   6.3054
  6.3414   6.3415   6.3435   6.3583   6.3584   6.3646   6.4041   6.4679
  6.4680   6.4823   6.4824   6.5132   6.5323   6.5323   6.5990   6.5991
  6.6595   6.6987   6.6989   6.7191   6.7831   6.7949   6.7951   6.8651
  6.8652   6.8745   6.9025   6.9509   6.9511   6.9525   7.0190   7.0191
  7.1312   7.1515   7.1516   7.1663   7.2006   7.2326   7.2622   7.3330
  7.3331   7.3467   7.3467   7.3746   7.3750   7.3809   7.4267   7.4268
  7.4475   7.4476   7.4916   7.5055   7.5334   7.5335   7.5603   7.5751
  7.6214   7.6269   7.6270   7.6327   7.6327   7.6723   7.6723   7.7075
  7.7447   7.7450   7.7718   7.7719   7.7777   7.8058   7.8059   7.8355
  7.8664   7.8864   7.9655   7.9657   7.9835   7.9885   7.9889   7.9957
  8.0344   8.0350   8.0582   8.0583   8.2142   8.2390   8.2565   8.2566
  8.2661   8.2661   8.2873   8.2875   8.3059   8.3175   8.3397   8.3488
  8.3490   8.3818   8.3820   8.4339   8.4395   8.4395   8.4695   8.4786
  8.5224   8.5448   8.5451   8.5813   8.5816   8.5931   8.6500   8.6501
  8.6701   8.6705   8.7649   8.8052   8.8055   8.8296   8.8297   8.8780
  8.8780   8.8916   8.8943   8.9312   8.9315   8.9410   9.0435   9.1027
  9.1030   9.1320   9.4256   9.4257   9.5289   9.5967   9.5967   9.6247
  9.6248   9.6634   9.7019   9.7909   9.7911   9.8103   9.8149   9.8150
  9.8242   9.8244   9.8374   9.9461   9.9609   9.9611   9.9669  10.1387
 10.2111  10.2112  10.2521  10.2522  10.4020  10.4022  10.4344  10.5397
 11.7956  11.8417  11.8421  11.9334  11.9898  11.9898  13.0492  13.1822
 13.1824  28.1212  28.8360  28.8965  28.8968 146.9864 147.7311 147.7656
147.7658
 
 Beta MOs
 -- Occupied --
 -9.8989  -9.8900  -9.8900  -9.8900  -0.7159  -0.6222  -0.6222  -0.4624
 -0.3857  -0.3857  -0.3778  -0.3338  -0.3338  -0.3188  -0.2939  -0.2939
 -- Virtual --
 -0.0648  -0.0076   0.0258   0.0259   0.0514   0.0514   0.0535   0.0739
  0.0850   0.0851   0.1041   0.1105   0.1106   0.1149   0.1428   0.1429
  0.1962   0.1963   0.2108   0.2128   0.2459   0.2460   0.2793   0.2794
  0.2794   0.2971   0.2971   0.3000   0.3201   0.3248   0.3250   0.3288
  0.3487   0.3623   0.3624   0.4382   0.4710   0.4711   0.4970   0.4971
  0.5421   0.5423   0.5541   0.5803   0.5804   0.6072   0.6307   0.6473
  0.6474   0.6723   0.6723   0.6808   0.6948   0.7113   0.7114   0.7688
  0.7743   0.7745   0.7826   0.7871   0.7967   0.7967   0.8277   0.8378
  0.8380   0.8443   0.8896   0.8897   0.8915   0.8997   0.8998   0.9523
  0.9524   0.9549   0.9983   0.9985   1.0215   1.0306   1.0307   1.0525
  1.0594   1.0595   1.0748   1.1183   1.1183   1.1279   1.2099   1.2099
  1.2301   1.2303   1.2322   1.2912   1.3041   1.3299   1.3299   1.3509
  1.4086   1.4087   1.4434   1.4442   1.4445   1.4596   1.4732   1.4733
  1.6334   1.6337   1.7179   1.7180   1.7600   1.7601   1.7704   1.7938
  1.7981   1.8248   1.8249   1.8463   1.8643   1.8644   1.8873   1.8874
  1.8907   1.9108   1.9108   1.9424   1.9504   1.9506   1.9819   2.0287
  2.0482   2.0483   2.0505   2.0645   2.0647   2.0718   2.1021   2.1021
  2.1105   2.1108   2.1457   2.1574   2.1623   2.2245   2.2246   2.2570
  2.2719   2.2785   2.2787   2.3238   2.3239   2.3634   2.3639   2.3648
  2.3649   2.4314   2.4317   2.4407   2.4726   2.4882   2.4884   2.5268
  2.5688   2.5689   2.5721   2.5860   2.5860   2.5999   2.6000   2.6586
  2.6592   2.6857   2.7005   2.7005   2.7495   2.7497   2.7820   2.7823
  2.8084   2.8085   2.8275   2.8325   2.8615   2.8680   2.8804   2.8805
  2.9317   2.9323   2.9367   2.9380   3.0269   3.0271   3.0445   3.0632
  3.0633   3.1164   3.1552   3.1749   3.2081   3.2082   3.2112   3.2113
  3.2406   3.2485   3.2488   3.2756   3.2954   3.3259   3.3261   3.3623
  3.3624   3.3948   3.4625   3.4625   3.4769   3.4772   3.4897   3.5945
  3.5945   3.5992   3.6727   3.6727   3.7306   3.7415   3.7417   3.7702
  3.7706   3.8166   3.8269   3.8270   3.8608   3.8609   3.8858   3.9494
  4.0538   4.0659   4.2218   4.2225   4.2610   4.2614   4.2791   4.4287
  4.7619   4.7620   4.8265   4.9703   4.9706   5.0226   5.1477   5.1479
  5.1556   5.2712   5.2713   5.3431   5.3432   5.3662   5.4221   5.4222
  5.4288   5.4596   5.4597   5.4656   5.6144   5.6308   5.6317   5.6317
  5.7280   5.7282   5.7443   5.7602   5.7604   5.7755   5.7825   5.7825
  5.8058   5.8061   5.8399   5.8411   5.8531   5.8853   5.8854   5.9009
  5.9010   5.9461   5.9463   5.9703   6.0171   6.0172   6.0243   6.0522
  6.0755   6.0756   6.1056   6.1057   6.1519   6.1520   6.1553   6.1677
  6.2068   6.2070   6.2115   6.2137   6.2139   6.2187   6.3077   6.3077
  6.3109   6.3440   6.3528   6.3529   6.3730   6.3754   6.3755   6.4235
  6.4807   6.4810   6.4919   6.4921   6.5177   6.5349   6.5349   6.6148
  6.6149   6.6703   6.7128   6.7130   6.7477   6.7886   6.8055   6.8057
  6.8783   6.8784   6.8853   6.9212   6.9574   6.9576   6.9597   7.0214
  7.0215   7.1390   7.1579   7.1580   7.1753   7.2047   7.2457   7.2713
  7.3440   7.3441   7.3556   7.3557   7.3850   7.3853   7.3915   7.4379
  7.4379   7.4527   7.4528   7.5055   7.5112   7.5396   7.5397   7.5680
  7.5806   7.6342   7.6388   7.6389   7.6405   7.6405   7.6791   7.6791
  7.7156   7.7519   7.7522   7.7820   7.7821   7.7847   7.8205   7.8207
  7.8427   7.8696   7.9022   7.9717   7.9719   7.9914   7.9951   7.9955
  7.9996   8.0433   8.0437   8.0670   8.0672   8.2268   8.2430   8.2658
  8.2660   8.2711   8.2711   8.2917   8.2919   8.3167   8.3228   8.3485
  8.3540   8.3542   8.3870   8.3872   8.4437   8.4473   8.4473   8.4849
  8.4866   8.5338   8.5515   8.5517   8.5934   8.5937   8.5964   8.6574
  8.6575   8.6783   8.6787   8.7719   8.8131   8.8133   8.8366   8.8367
  8.8837   8.8838   8.9029   8.9044   8.9413   8.9415   8.9446   9.0492
  9.1088   9.1090   9.1690   9.4361   9.4362   9.5381   9.6011   9.6013
  9.6322   9.6323   9.6670   9.7201   9.7941   9.7943   9.8157   9.8222
  9.8223   9.8304   9.8306   9.8432   9.9536   9.9669   9.9671   9.9736
 10.1437  10.2164  10.2165  10.2550  10.2551  10.4059  10.4060  10.4374
 10.5442  11.8034  11.8493  11.8497  11.9355  11.9918  11.9918  13.0531
 13.1859  13.1861  28.1541  28.8351  28.8955  28.8958 146.9905 147.7308
147.7653 147.7655
 --------------------------------------------------------------
 
          Ground-State Mulliken Net Atomic Charges

     Atom                 Charge (a.u.)    Spin (a.u.)
  --------------------------------------------------------
      1 C                    -0.141610      -0.031191
      2 C                     0.163121       0.871995
      3 C                    -0.143195      -0.031031
      4 C                    -0.142292      -0.031694
      5 H                     0.020616       0.052443
      6 H                     0.033781       0.010681
      7 H                     0.033339       0.010804
      8 H                     0.020587       0.052539
      9 H                     0.033960       0.010691
     10 H                     0.034190       0.010576
     11 H                     0.019383       0.052668
     12 H                     0.034091       0.010728
     13 H                     0.034030       0.010791
  --------------------------------------------------------
  Sum of atomic charges =    -0.000000
  Sum of spin   charges =     1.000000

 -----------------------------------------------------------------
                    Cartesian Multipole Moments
 -----------------------------------------------------------------
    Charge (ESU x 10^10)
                -0.0000
    Dipole Moment (Debye)
         X      -0.0036      Y       0.0274      Z       0.1613
       Tot       0.1636
    Quadrupole Moments (Debye-Ang)
        XX     -27.9079     XY       0.0025     YY     -27.9262
        XZ       0.0146     YZ      -0.1080     ZZ     -28.5431
    Octopole Moments (Debye-Ang^2)
       XXX      -0.1769    XXY       1.6769    XYY       0.2136
       YYY      -1.8389    XXZ      -0.6517    XYZ      -0.0184
       YYZ       0.1032    XZZ      -0.1312    YZZ       0.8715
       ZZZ       4.7168
    Hexadecapole Moments (Debye-Ang^3)
      XXXX    -227.9582   XXXY      -0.1936   XXYY     -75.6367
      XYYY      -0.4235   YYYY    -222.2928   XXXZ      -1.7489
      XXYZ       3.4702   XYYZ      -0.7857   YYYZ      15.5125
      XXZZ     -47.5234   XYZZ      -0.1024   YYZZ     -47.7061
      XZZZ      -1.8042   YZZZ      13.9531   ZZZZ     -62.8454
 -----------------------------------------------------------------
 Total job time:  16.02s(wall), 306.90s(cpu) 
 Fri Aug  2 08:17:43 2024

        *************************************************************
        *                                                           *
        *  Thank you very much for using Q-Chem.  Have a nice day.  *
        *                                                           *
        *************************************************************


