
Running Job 1 of 1 SIL2-P1_rdkit_conf_1_wb97xd-OLYP.in
qchem SIL2-P1_rdkit_conf_1_wb97xd-OLYP.in_3076465.0 /expanse/lustre/scratch/whughes/temp_project/job_35550610/SIL2-P1_rdkit_conf_1_wb97xd-OLYP-35550610/ 0
/cm/shared/apps/spack/0.17.3/cpu/b/opt/spack/linux-rocky8-zen2/gcc-10.2.0/qchem-6.0-rytxnwjazd34ekd2gqyi5ufsaimxsd3r/exe/qcprog.exe_s SIL2-P1_rdkit_conf_1_wb97xd-OLYP.in_3076465.0 /expanse/lustre/scratch/whughes/temp_project/job_35550610/SIL2-P1_rdkit_conf_1_wb97xd-OLYP-35550610/
                  Welcome to Q-Chem
     A Quantum Leap Into The Future Of Chemistry


 Q-Chem 6.0, Q-Chem, Inc., Pleasanton, CA (2022)

 License issued to: University of California, San Diego (site)

 E. Epifanovsky,  A. T. B. Gilbert,  Xintian Feng,  Joonho Lee,  Yuezhi Mao,  
 N. Mardirossian,  P. Pokhilko,  A. White,  M. Wormit,  M. P. Coons,  
 A. L. Dempwolff,  Zhengting Gan,  D. Hait,  P. R. Horn,  L. D. Jacobson,  
 I. Kaliman,  J. Kussmann,  A. W. Lange,  Ka Un Lao,  D. S. Levine,  Jie Liu,  
 S. C. McKenzie,  A. F. Morrison,  K. Nanda,  F. Plasser,  D. R. Rehn,  
 M. L. Vidal,  Zhi-Qiang You,  Ying Zhu,  B. Alam,  B. Albrecht,  
 A. Aldossary,  E. Alguire,  J. H. Andersen,  V. Athavale,  D. Barton,  
 K. Begam,  A. Behn,  N. Bellonzi,  Y. A. Bernard,  E. J. Berquist,  
 H. Burton,  A. Carreras,  K. Carter-Fenk,  Romit Chakraborty,  
 Chandrima Chakravarty,  Junhan Chen,  A. D. Chien,  K. D. Closser,  
 V. Cofer-Shabica,  L. Cunha,  S. Dasgupta,  Jia Deng,  M. de Wergifosse,  
 M. Diedenhofen,  Hainam Do,  S. Ehlert,  Po-Tung Fang,  S. Fatehi,  
 Qingguo Feng,  T. Friedhoff,  B. Ganoe,  J. Gayvert,  Qinghui Ge,  
 G. Gidofalvi,  M. Goldey,  J. Gomes,  C. Gonzalez-Espinoza,  S. Gulania,  
 A. Gunina,  J. A. Gyamfi,  M. W. D. Hanson-Heine,  P. H. P. Harbach,  
 A. W. Hauser,  M. F. Herbst,  M. Hernandez Vera,  M. Hodecker,  
 Z. C. Holden,  S. Houck,  Xunkun Huang,  Kerwin Hui,  B. C. Huynh,  
 K. Ikeda,  M. Ivanov,  Hyunjun Ji,  Zuxin Jin,  Hanjie Jiang,  B. Kaduk,  
 S. Kaehler,  R. Kang,  K. Khistyaev,  Jaehoon Kim,  Yongbin Kim,  
 P. Klunzinger,  Z. Koczor-Benda,  Joong Hoon Koh,  D. Kosenkov,  
 Saikiran Kotaru,  L. Koulias,  T. Kowalczyk,  C. M. Krauter,  K. Kue,  
 A. Kunitsa,  T. Kus,  A. Landau,  K. V. Lawler,  D. Lefrancois,  S. Lehtola,  
 Rain Li,  Shaozhi Li,  Yi-Pei Li,  Jiashu Liang,  M. Liebenthal,  
 Hung-Hsuan Lin,  You-Sheng Lin,  Fenglai Liu,  Kuan-Yu Liu,  
 M. Loipersberger,  A. Luenser,  C. Malbon,  A. Manjanath,  P. Manohar,  
 E. Mansoor,  S. F. Manzer,  Shan-Ping Mao,  A. V. Marenich,  T. Markovich,  
 S. Mason,  F. Matz,  S. A. Maurer,  P. F. McLaughlin,  M. F. S. J. Menger,  
 J.-M. Mewes,  S. A. Mewes,  P. Morgante,  Mohammad Mostafanejad,  
 J. W. Mullinax,  K. J. Oosterbaan,  G. Paran,  V. Parravicini,  
 Alexander C. Paul,  Suranjan K. Paul,  F. Pavosevic,  Zheng Pei,  S. Prager,  
 E. I. Proynov,  E. Ramos,  B. Rana,  A. E. Rask,  A. Rettig,  R. M. Richard,  
 F. Rob,  E. Rossomme,  T. Scheele,  M. Scheurer,  M. Schneider,  
 P. E. Schneider,  N. Sergueev,  S. M. Sharada,  Hengyuan Shen,  
 W. Skomorowski,  D. W. Small,  C. J. Stein,  Yingli Su,  Yu-Chuan Su,  
 E. J. Sundstrom,  Zhen Tao,  J. Thirman,  Hung-Yi Tsai,  T. Tsuchimochi,  
 N. M. Tubman,  C. Utku,  S. P. Veccham,  O. Vydrov,  J. Wenzel,  
 Jonathan Wong,  J. Witte,  A. Yamada,  Chou-Hsun Yang,  Kun Yao,  
 S. Yeganeh,  S. R. Yost,  A. Zech,  F. Zeller,  Igor Ying Zhang,  
 Xing Zhang,  Yu Zhang,  D. Zuev,  A. Aspuru-Guzik,  A. T. Bell,  
 N. A. Besley,  K. B. Bravaya,  B. R. Brooks,  D. Casanova,  Jeng-Da Chai,  
 Hsing-Ta Chen,  S. Coriani,  C. J. Cramer,  A. E. DePrince, III,  
 R. A. DiStasio Jr.,  A. Dreuw,  B. D. Dunietz,  T. R. Furlani,  
 W. A. Goddard III,  S. Grimme,  S. Hammes-Schiffer,  T. Head-Gordon,  
 W. J. Hehre,  Chao-Ping Hsu,  T.-C. Jagau,  Yousung Jung,  A. Klamt,  
 Jing Kong,  D. S. Lambrecht,  Xiangyuan Li,  WanZhen Liang,  N. J. Mayhall,  
 C. W. McCurdy,  J. B. Neaton,  T. Neudecker,  C. Ochsenfeld,  
 J. A. Parkhill,  R. Peverati,  V. A. Rassolov,  Haisheng Ren,  Yihan Shao,  
 L. V. Slipchenko,  R. P. Steele,  J. E. Subotnik,  A. J. W. Thom,  
 A. Tkatchenko,  D. G. Truhlar,  T. Van Voorhis,  Fan Wang,  
 T. A. Wesolowski,  K. B. Whaley,  H. L. Woodcock III,  P. M. Zimmerman,  
 S. Faraji,  P. M. W. Gill,  M. Head-Gordon,  J. M. Herbert,  A. I. Krylov

 Contributors to earlier versions of Q-Chem not listed above: 
 R. D. Adamson,  B. Austin,  R. Baer,  J. Baker,  G. J. O. Beran,  
 K. Brandhorst,  S. T. Brown,  E. F. C. Byrd,  Arup K. Chakraborty,  
 G. K. L. Chan,  Chun-Min Chang,  Yunqing Chen,  C.-L. Cheng,  
 Siu Hung Chien,  D. M. Chipman,  D. L. Crittenden,  H. Dachsel,  
 R. J. Doerksen,  A. D. Dutoi,  R. G. Edgar,  J. Fosso-Tande,  
 L. Fusti-Molnar,  D. Ghosh,  A. Ghysels,  A. Golubeva-Zadorozhnaya,  
 J. Gonthier,  M. S. Gordon,  S. R. Gwaltney,  G. Hawkins,  J. E. Herr,  
 A. Heyden,  S. Hirata,  E. G. Hohenstein,  G. Kedziora,  F. J. Keil,  
 C. Kelley,  Jihan Kim,  R. A. King,  R. Z. Khaliullin,  P. P. Korambath,  
 W. Kurlancheek,  A. Laurent,  A. M. Lee,  M. S. Lee,  S. V. Levchenko,  
 Ching Yeh Lin,  D. Liotard,  E. Livshits,  R. C. Lochan,  I. Lotan,  
 L. A. Martinez-Martinez,  P. E. Maslen,  N. Nair,  D. P. O'Neill,  
 D. Neuhauser,  E. Neuscamman,  C. M. Oana,  R. Olivares-Amaya,  R. Olson,  
 T. M. Perrine,  B. Peters,  P. A. Pieniazek,  A. Prociuk,  Y. M. Rhee,  
 J. Ritchie,  M. A. Rohrdanz,  E. Rosta,  N. J. Russ,  H. F. Schaefer III,  
 M. W. Schmidt,  N. E. Schultz,  S. Sharma,  N. Shenvi,  C. D. Sherrill,  
 A. C. Simmonett,  A. Sodt,  T. Stein,  D. Stuck,  K. S. Thanthiriwatte,  
 V. Vanovschi,  L. Vogt,  Tao Wang,  A. Warshel,  M. A. Watson,  
 C. F. Williams,  Q. Wu,  X. Xu,  Jun Yang,  W. Zhang,  Yan Zhao

   Please cite Q-Chem as follows:
  "Software for the frontiers of quantum chemistry:
   An overview of developments in the Q-Chem 5 package"
   J. Chem. Phys. 155, 084801 (2021)
   https://doi.org/10.1063/5.0055522 (open access)

 Q-Chem 6.0.2 for Intel X86 EM64T Linux

 Parts of Q-Chem use Armadillo 9.900.5 (Nocturnal Misbehaviour).
 http://arma.sourceforge.net/

 Q-Chem begins on Tue Dec  3 10:41:43 2024  

 Host: 
0

     Scratch files written to /expanse/lustre/scratch/whughes/temp_project/job_35550610/SIL2-P1_rdkit_conf_1_wb97xd-OLYP-35550610//
 Dec722 |scratch|qcdevops|jenkins|workspace|build_RNUM    
 Processing $rem in /cm/shared/apps/spack/0.17.3/cpu/b/opt/spack/linux-rocky8-zen2/gcc-10.2.0/qchem-6.0-rytxnwjazd34ekd2gqyi5ufsaimxsd3r/config/preferences:
 Processing $rem in /home/whughes/.qchemrc:

 Checking the input file for inconsistencies... 	...done.

--------------------------------------------------------------
User input:
--------------------------------------------------------------
$molecule
0 3
C    2.9664573086    0.2585288594    0.7583353631
C    1.9813553378    -0.443265614    -0.0943759158
O    0.9967408511    0.1482491572    -0.7627761602
Si   -0.6282417718   -0.0447602097   -0.3515414274
C    -1.1066893183   -1.8244124028   -0.613250224
C    -0.8494008386   0.4463901431    1.4332830434
C    -1.5403569809   1.0930620445    -1.5044114945
H    3.5210355223    1.0132180522    0.1852390675
H    2.4832519794    0.7679958389    1.6037936233
H    3.6850174233    -0.4548913037   1.1605570528
H    -2.1587560226   -1.9859162908   -0.3663934732
H    -0.9526956766   -2.1225374981   -1.6520909781
H    -0.5059029451   -2.4812623956   0.0191635829
H    -0.2406396576   -0.1832491176   2.0858248354
H    -0.5586838662   1.4862408371    1.5955707537
H    -1.8923202354   0.3363588498    1.739891611
H    -2.6171871663   1.0380230378    -1.3283125625
H    -1.3551985757   0.8229443878    -2.5457456493
H    -1.2277853674   2.1292836244    -1.3627610481
$end

$rem
METHOD      OLYP
BASIS       def2-QZVPP
SYM_IGNORE   TRUE
DFT_D       D3
MAX_SCF_CYCLES 300
$end

$end
--------------------------------------------------------------
 Adding empirical dispersion correction 
 ----------------------------------------------------------------
 Doing -D3(BJ) with
 s6  =   1.00000
 s8  =   2.62050
 a1  =   0.52990
 a2  =   2.80650
 -D3 energy without 3body term =     -0.0804961887 hartrees
 ----------------------------------------------------------------
             Standard Nuclear Orientation (Angstroms)
    I     Atom           X                Y                Z
 ----------------------------------------------------------------
    1      C       2.9664573086     0.2585288594     0.7583353631
    2      C       1.9813553378    -0.4432656140    -0.0943759158
    3      O       0.9967408511     0.1482491572    -0.7627761602
    4      Si     -0.6282417718    -0.0447602097    -0.3515414274
    5      C      -1.1066893183    -1.8244124028    -0.6132502240
    6      C      -0.8494008386     0.4463901431     1.4332830434
    7      C      -1.5403569809     1.0930620445    -1.5044114945
    8      H       3.5210355223     1.0132180522     0.1852390675
    9      H       2.4832519794     0.7679958389     1.6037936233
   10      H       3.6850174233    -0.4548913037     1.1605570528
   11      H      -2.1587560226    -1.9859162908    -0.3663934732
   12      H      -0.9526956766    -2.1225374981    -1.6520909781
   13      H      -0.5059029451    -2.4812623956     0.0191635829
   14      H      -0.2406396576    -0.1832491176     2.0858248354
   15      H      -0.5586838662     1.4862408371     1.5955707537
   16      H      -1.8923202354     0.3363588498     1.7398916110
   17      H      -2.6171871663     1.0380230378    -1.3283125625
   18      H      -1.3551985757     0.8229443878    -2.5457456493
   19      H      -1.2277853674     2.1292836244    -1.3627610481
 ----------------------------------------------------------------
 Nuclear Repulsion Energy =         384.12064106 hartrees
 There are       33 alpha and       31 beta electrons
 Requested basis set is def2-QZVPP
 There are 244 shells and 772 basis functions

 Total QAlloc Memory Limit   8000 MB
 Mega-Array Size       188 MB
 MEM_STATIC part       192 MB

 A cutoff of  1.0D-09 yielded  21284 shell pairs
 There are    202200 function pairs (    293858 Cartesian)
 Smallest overlap matrix eigenvalue = 5.81E-05

 Scale SEOQF with 1.000000e-01/1.000000e-01/1.000000e-01

 Standard Electronic Orientation quadrupole field applied
 Nucleus-field energy     =     0.0000000030 hartrees
 Guess from superposition of atomic densities
 Warning:  Energy on first SCF cycle will be non-variational
 SAD guess density has 64.000000 electrons

 -----------------------------------------------------------------------
  General SCF calculation program by
  Eric Jon Sundstrom, Paul Horn, Yuezhi Mao, Dmitri Zuev, Alec White,
  David Stuck, Shaama M.S., Shane Yost, Joonho Lee, David Small,
  Daniel Levine, Susi Lehtola, Hugh Burton, Evgeny Epifanovsky,
  Bang C. Huynh
 -----------------------------------------------------------------------
 Exchange:  OPTX      Correlation:  LYP
 Using SG-1 standard quadrature grid
 Dispersion:   Grimme D3
 using 32 threads for integral computing
 -------------------------------------------------------
 OpenMP Integral computing Module                
 Release: version 1.0, May 2013, Q-Chem Inc. Pittsburgh 
 -------------------------------------------------------
 A unrestricted SCF calculation will be
 performed using DIIS
 SCF converges when DIIS error is below 1.0e-05
 ---------------------------------------
  Cycle       Energy         DIIS error
 ---------------------------------------
    1    -563.1446624788      5.71e-03  
    2    -562.1571529021      1.11e-03  
    3    -561.8310894810      1.46e-03  
    4    -562.5093348291      2.32e-04  
    5    -562.5197203127      1.20e-04  
    6    -562.5228451714      2.91e-05  
    7    -562.5230897820      8.21e-06  Convergence criterion met
 ---------------------------------------
 SCF time:   CPU 729.71s  wall 24.00s 
<S^2> =          2.005448599
 SCF   energy in the final basis set =     -562.5230897820
 Total energy in the final basis set =     -562.5230897820
 
 --------------------------------------------------------------
 
                    Orbital Energies (a.u.)
 --------------------------------------------------------------
 
 Alpha MOs
 -- Occupied --
-65.3961 -18.7877  -9.9453  -9.9031  -9.8818  -9.8811  -9.8795  -5.0753
 -3.4794  -3.4758  -3.4756  -0.9665  -0.6792  -0.6520  -0.6212  -0.6195
 -0.5416  -0.4298  -0.3964  -0.3894  -0.3843  -0.3663  -0.3641  -0.3617
 -0.3504  -0.3482  -0.3408  -0.3314  -0.3214  -0.2668  -0.2626  -0.1739
 -0.1137
 -- Virtual --
 -0.0131   0.0093   0.0167   0.0210   0.0303   0.0422   0.0452   0.0514
  0.0659   0.0677   0.0777   0.0804   0.0892   0.0915   0.0927   0.1005
  0.1033   0.1084   0.1174   0.1257   0.1326   0.1406   0.1540   0.1627
  0.1711   0.1780   0.1871   0.1982   0.2093   0.2135   0.2218   0.2369
  0.2461   0.2520   0.2540   0.2646   0.2722   0.2759   0.2840   0.2853
  0.2973   0.3015   0.3077   0.3160   0.3207   0.3258   0.3414   0.3441
  0.3501   0.3607   0.3718   0.3818   0.4126   0.4293   0.4458   0.4495
  0.4549   0.4746   0.4788   0.4852   0.4928   0.5015   0.5070   0.5207
  0.5288   0.5405   0.5476   0.5528   0.5606   0.5706   0.5883   0.5938
  0.6154   0.6201   0.6266   0.6332   0.6408   0.6460   0.6497   0.6629
  0.6701   0.6789   0.6911   0.7003   0.7100   0.7144   0.7236   0.7347
  0.7531   0.7587   0.7616   0.7679   0.7836   0.7914   0.7981   0.8006
  0.8052   0.8087   0.8125   0.8159   0.8224   0.8304   0.8383   0.8449
  0.8617   0.8823   0.8835   0.9051   0.9136   0.9192   0.9364   0.9464
  0.9612   0.9647   0.9729   0.9785   0.9838   0.9873   0.9961   1.0023
  1.0094   1.0247   1.0279   1.0328   1.0355   1.0501   1.0648   1.0740
  1.0853   1.0918   1.0980   1.1107   1.1169   1.1306   1.1350   1.1423
  1.1486   1.1644   1.1828   1.1977   1.2051   1.2148   1.2241   1.2423
  1.2600   1.2722   1.2761   1.3147   1.3188   1.3346   1.3544   1.3570
  1.3649   1.3768   1.3931   1.3999   1.4121   1.4165   1.4318   1.4442
  1.4533   1.4681   1.4814   1.4925   1.5035   1.5095   1.5361   1.5637
  1.5900   1.6076   1.6303   1.6476   1.6787   1.7206   1.7367   1.7526
  1.7588   1.7675   1.7800   1.7839   1.7909   1.8069   1.8090   1.8243
  1.8456   1.8464   1.8551   1.8647   1.8670   1.8825   1.8916   1.8992
  1.9080   1.9116   1.9174   1.9265   1.9313   1.9520   1.9610   1.9728
  1.9842   1.9874   1.9926   2.0036   2.0168   2.0312   2.0389   2.0425
  2.0556   2.0617   2.0682   2.0737   2.0892   2.0942   2.0975   2.1068
  2.1073   2.1241   2.1323   2.1361   2.1370   2.1509   2.1589   2.1679
  2.1726   2.1807   2.1874   2.1955   2.2008   2.2094   2.2203   2.2304
  2.2476   2.2605   2.2709   2.2789   2.2941   2.3032   2.3113   2.3141
  2.3380   2.3431   2.3486   2.3669   2.3738   2.3953   2.4118   2.4175
  2.4367   2.4505   2.4570   2.4592   2.4645   2.4817   2.4836   2.4990
  2.5082   2.5180   2.5194   2.5413   2.5459   2.5619   2.5628   2.5807
  2.5844   2.5939   2.6011   2.6191   2.6404   2.6529   2.6643   2.6892
  2.6917   2.7062   2.7108   2.7228   2.7301   2.7331   2.7536   2.7672
  2.7860   2.7970   2.8164   2.8332   2.8370   2.8412   2.8471   2.8502
  2.8667   2.8698   2.8783   2.8831   2.8879   2.8936   2.9061   2.9295
  2.9334   2.9442   2.9614   2.9653   2.9709   2.9973   3.0097   3.0184
  3.0338   3.0378   3.0460   3.0509   3.0820   3.0993   3.1016   3.1238
  3.1365   3.1598   3.1744   3.1848   3.1896   3.1954   3.2066   3.2211
  3.2357   3.2551   3.2762   3.2911   3.3072   3.3221   3.3331   3.3523
  3.3570   3.3652   3.3728   3.3880   3.4065   3.4186   3.4411   3.4641
  3.4723   3.5005   3.5208   3.5338   3.5386   3.5652   3.5917   3.6108
  3.6223   3.6373   3.6516   3.6716   3.6876   3.6915   3.6984   3.7259
  3.7521   3.7662   3.7809   3.7891   3.8022   3.8137   3.8186   3.8239
  3.8334   3.8394   3.8463   3.8617   3.8648   3.9424   4.0360   4.0766
  4.0851   4.1092   4.1513   4.1715   4.2045   4.2132   4.2205   4.2336
  4.2509   4.2610   4.3752   4.3858   4.4560   4.4927   4.5137   4.5497
  4.5783   4.6645   4.6894   4.8047   4.8557   4.9397   4.9805   5.0010
  5.0504   5.0692   5.1268   5.1537   5.1864   5.2194   5.2292   5.2399
  5.2436   5.2871   5.2990   5.3295   5.3461   5.3553   5.3825   5.3909
  5.4017   5.4377   5.4808   5.5120   5.5191   5.5507   5.5713   5.6392
  5.6466   5.6567   5.6582   5.6990   5.6995   5.7194   5.7210   5.7250
  5.7343   5.7382   5.7431   5.7474   5.7563   5.7685   5.7729   5.7783
  5.7833   5.7852   5.8041   5.8146   5.8273   5.8328   5.8515   5.8566
  5.8630   5.8660   5.8790   5.8852   5.8906   5.8924   5.9035   5.9150
  5.9245   5.9430   5.9523   5.9563   5.9657   5.9812   5.9988   6.0171
  6.0333   6.0428   6.0514   6.0626   6.0695   6.0821   6.0866   6.0932
  6.1091   6.1176   6.1388   6.1810   6.1841   6.2023   6.2073   6.2138
  6.2440   6.2531   6.2634   6.2812   6.2865   6.2923   6.2936   6.3051
  6.3135   6.3142   6.3303   6.3413   6.3463   6.3566   6.3915   6.3951
  6.4044   6.4293   6.4469   6.4610   6.4743   6.4827   6.4936   6.5123
  6.5233   6.5347   6.5351   6.5402   6.5504   6.5761   6.6068   6.6209
  6.6276   6.6399   6.6840   6.7036   6.7081   6.7166   6.7296   6.7489
  6.7548   6.7643   6.7923   6.8317   6.8713   6.9181   6.9337   6.9429
  6.9448   6.9503   6.9644   6.9673   7.0074   7.0559   7.0681   7.0777
  7.0902   7.1372   7.2562   7.2847   7.2935   7.2958   7.3063   7.3183
  7.3295   7.3337   7.3387   7.3595   7.3617   7.3667   7.3736   7.3974
  7.4075   7.4215   7.4326   7.4339   7.4398   7.4674   7.4904   7.5456
  7.5495   7.5580   7.5705   7.5815   7.5841   7.6012   7.6113   7.6287
  7.6355   7.6500   7.6549   7.6584   7.6660   7.6664   7.6996   7.7053
  7.7079   7.7147   7.7179   7.7408   7.7439   7.7550   7.7847   7.7976
  7.8022   7.8119   7.8223   7.8370   7.8401   7.8500   7.8614   7.8658
  7.8848   8.0250   8.0365   8.0409   8.0748   8.2068   8.2098   8.2149
  8.2170   8.2228   8.2278   8.2309   8.2342   8.2407   8.2435   8.2446
  8.2478   8.2569   8.2638   8.2725   8.2872   8.2899   8.2950   8.3038
  8.3073   8.3186   8.3250   8.3429   8.3454   8.3462   8.3514   8.3547
  8.3627   8.3709   8.3950   8.4255   8.4568   8.4600   8.4736   8.4924
  8.5155   8.5377   8.5445   8.5994   8.6237   8.6837   8.7429   8.7476
  8.7506   8.7569   8.7601   8.7739   8.7766   8.7812   8.7870   8.7910
  8.8065   8.8114   8.8132   8.8192   8.8255   8.8302   8.8354   8.8412
  8.8484   8.8707   8.8874   9.0118   9.0359   9.0645   9.3907   9.5215
  9.5559   9.5649   9.5765   9.5956   9.6072   9.6492   9.6595   9.6623
  9.6702   9.7459   9.7523   9.7548   9.7628   9.7643   9.7786   9.7824
  9.7862   9.7893   9.7906   9.8004   9.8381   9.9155   9.9290   9.9587
  9.9662  10.0734  10.1055  10.1486  10.1735  10.1845  10.1999  10.2023
 10.2143  10.2201  10.2495  10.3117  10.3622  10.4362  10.4572  10.4703
 11.0693  11.1002  11.4750  11.6689  11.7119  11.7204  11.7680  11.7982
 11.8815  11.8921  11.9201  11.9207  11.9623  12.0105  12.0479  12.2538
 12.2777  12.5981  12.6212  12.6798  12.7611  12.8180  13.0035  13.1162
 13.1342  13.1589  13.5717  14.1853  16.9743  27.7493  28.7252  28.7304
 28.8207  28.8627  47.8722  58.1033 146.5596 147.5963 147.6036 147.6950
147.7379 252.6389 316.1140
 
 Beta MOs
 -- Occupied --
-65.3960 -18.7824  -9.9297  -9.9023  -9.8818  -9.8810  -9.8795  -5.0751
 -3.4790  -3.4756  -3.4754  -0.9478  -0.6624  -0.6497  -0.6210  -0.6193
 -0.5208  -0.4066  -0.3809  -0.3777  -0.3732  -0.3645  -0.3617  -0.3564
 -0.3487  -0.3460  -0.3407  -0.3206  -0.3070  -0.2645  -0.2570
 -- Virtual --
 -0.0883  -0.0287  -0.0122   0.0089   0.0161   0.0217   0.0307   0.0406
  0.0449   0.0519   0.0656   0.0681   0.0782   0.0812   0.0884   0.0913
  0.0935   0.1009   0.1038   0.1083   0.1191   0.1261   0.1328   0.1414
  0.1579   0.1636   0.1729   0.1788   0.1873   0.2009   0.2093   0.2190
  0.2264   0.2373   0.2471   0.2529   0.2555   0.2645   0.2754   0.2783
  0.2875   0.2908   0.2981   0.3049   0.3108   0.3231   0.3278   0.3286
  0.3414   0.3471   0.3538   0.3694   0.3729   0.3938   0.4188   0.4308
  0.4496   0.4544   0.4591   0.4797   0.4815   0.4875   0.4942   0.5024
  0.5091   0.5239   0.5318   0.5435   0.5521   0.5580   0.5654   0.5740
  0.5915   0.5971   0.6172   0.6208   0.6301   0.6337   0.6418   0.6502
  0.6569   0.6655   0.6714   0.6796   0.6993   0.7016   0.7180   0.7209
  0.7344   0.7487   0.7579   0.7663   0.7691   0.7796   0.7893   0.7964
  0.8000   0.8040   0.8068   0.8093   0.8169   0.8203   0.8246   0.8359
  0.8453   0.8508   0.8695   0.8854   0.8916   0.9177   0.9231   0.9291
  0.9400   0.9513   0.9631   0.9688   0.9751   0.9815   0.9874   0.9904
  1.0015   1.0059   1.0141   1.0275   1.0302   1.0353   1.0411   1.0570
  1.0700   1.0756   1.0885   1.0965   1.1033   1.1150   1.1200   1.1342
  1.1386   1.1452   1.1513   1.1710   1.1882   1.1997   1.2086   1.2163
  1.2302   1.2452   1.2655   1.2796   1.2808   1.3193   1.3244   1.3429
  1.3577   1.3617   1.3672   1.3802   1.3948   1.4034   1.4171   1.4209
  1.4362   1.4529   1.4563   1.4707   1.4843   1.4960   1.5060   1.5189
  1.5444   1.5672   1.5990   1.6237   1.6333   1.6534   1.6877   1.7370
  1.7421   1.7560   1.7670   1.7704   1.7833   1.7926   1.8009   1.8141
  1.8207   1.8390   1.8498   1.8530   1.8648   1.8680   1.8718   1.8920
  1.8954   1.9046   1.9112   1.9170   1.9247   1.9357   1.9446   1.9587
  1.9668   1.9768   1.9957   1.9974   2.0101   2.0179   2.0276   2.0406
  2.0421   2.0524   2.0636   2.0686   2.0769   2.0826   2.0956   2.1035
  2.1087   2.1110   2.1174   2.1300   2.1382   2.1403   2.1449   2.1560
  2.1713   2.1749   2.1864   2.1892   2.1959   2.2044   2.2121   2.2192
  2.2366   2.2395   2.2532   2.2668   2.2756   2.2840   2.3013   2.3173
  2.3244   2.3303   2.3437   2.3514   2.3575   2.3778   2.3831   2.4031
  2.4203   2.4261   2.4383   2.4545   2.4609   2.4667   2.4734   2.4856
  2.4896   2.5062   2.5176   2.5228   2.5304   2.5502   2.5524   2.5669
  2.5725   2.5870   2.5890   2.6030   2.6096   2.6360   2.6495   2.6584
  2.6804   2.6917   2.7002   2.7114   2.7228   2.7279   2.7367   2.7419
  2.7586   2.7814   2.7960   2.8077   2.8259   2.8369   2.8417   2.8473
  2.8536   2.8583   2.8702   2.8728   2.8817   2.8864   2.8891   2.9019
  2.9138   2.9344   2.9410   2.9524   2.9693   2.9740   2.9760   3.0002
  3.0141   3.0240   3.0369   3.0411   3.0496   3.0577   3.0943   3.1061
  3.1172   3.1258   3.1460   3.1630   3.1807   3.1903   3.1930   3.1989
  3.2150   3.2227   3.2410   3.2610   3.2858   3.3048   3.3190   3.3305
  3.3407   3.3571   3.3626   3.3677   3.3763   3.3924   3.4109   3.4205
  3.4568   3.4679   3.4755   3.5093   3.5319   3.5399   3.5446   3.5709
  3.6018   3.6127   3.6252   3.6418   3.6566   3.6782   3.6904   3.6986
  3.7084   3.7294   3.7600   3.7723   3.7849   3.7923   3.8068   3.8184
  3.8210   3.8279   3.8393   3.8403   3.8511   3.8624   3.8717   3.9571
  4.0472   4.0894   4.0977   4.1202   4.1641   4.1782   4.2088   4.2202
  4.2271   4.2403   4.2570   4.2636   4.3924   4.4052   4.4677   4.5013
  4.5234   4.5587   4.5946   4.6847   4.7112   4.8858   4.9182   4.9638
  5.0263   5.0449   5.0701   5.0755   5.1316   5.1734   5.2024   5.2213
  5.2337   5.2454   5.2465   5.3030   5.3143   5.3309   5.3517   5.3630
  5.3869   5.3979   5.4231   5.4564   5.4992   5.5144   5.5278   5.5798
  5.5873   5.6441   5.6579   5.6585   5.6726   5.7047   5.7052   5.7255
  5.7273   5.7368   5.7383   5.7507   5.7521   5.7608   5.7692   5.7735
  5.7766   5.7832   5.7869   5.7927   5.8226   5.8250   5.8436   5.8523
  5.8632   5.8705   5.8740   5.8755   5.8823   5.8899   5.8968   5.9134
  5.9254   5.9450   5.9503   5.9544   5.9633   5.9798   5.9890   5.9983
  6.0244   6.0437   6.0527   6.0584   6.0641   6.0702   6.0847   6.0882
  6.0974   6.1051   6.1212   6.1500   6.1853   6.2011   6.2082   6.2101
  6.2148   6.2313   6.2616   6.2692   6.2794   6.2877   6.2944   6.2977
  6.3016   6.3159   6.3260   6.3299   6.3424   6.3491   6.3656   6.3755
  6.3955   6.3981   6.4355   6.4435   6.4574   6.4655   6.4828   6.4901
  6.4958   6.5204   6.5322   6.5373   6.5418   6.5547   6.5763   6.5985
  6.6242   6.6269   6.6393   6.6494   6.6938   6.7084   6.7090   6.7305
  6.7408   6.7577   6.7642   6.7844   6.8276   6.8562   6.9023   6.9184
  6.9374   6.9456   6.9474   6.9589   6.9672   6.9738   7.0226   7.0630
  7.0703   7.0924   7.1149   7.1769   7.2736   7.2927   7.2966   7.2981
  7.3120   7.3296   7.3332   7.3350   7.3396   7.3607   7.3670   7.3675
  7.3847   7.3990   7.4142   7.4278   7.4328   7.4345   7.4410   7.4845
  7.5161   7.5461   7.5504   7.5605   7.5847   7.5901   7.5970   7.6059
  7.6218   7.6344   7.6436   7.6505   7.6555   7.6600   7.6682   7.6706
  7.7001   7.7055   7.7087   7.7161   7.7191   7.7421   7.7451   7.7561
  7.7967   7.8048   7.8125   7.8177   7.8296   7.8477   7.8508   7.8577
  7.8721   7.8793   7.8985   8.0256   8.0369   8.0415   8.1055   8.2074
  8.2117   8.2153   8.2174   8.2239   8.2284   8.2330   8.2366   8.2416
  8.2440   8.2466   8.2487   8.2630   8.2651   8.2808   8.2907   8.2936
  8.3018   8.3059   8.3100   8.3194   8.3265   8.3447   8.3461   8.3466
  8.3535   8.3563   8.3650   8.3773   8.3968   8.4337   8.4579   8.4660
  8.4834   8.4961   8.5220   8.5387   8.5565   8.6075   8.6306   8.7069
  8.7445   8.7490   8.7538   8.7584   8.7672   8.7801   8.7820   8.7887
  8.7893   8.7999   8.8075   8.8123   8.8142   8.8240   8.8307   8.8325
  8.8384   8.8442   8.8541   8.8715   8.9032   9.0308   9.0506   9.0830
  9.4134   9.5387   9.5661   9.5744   9.5853   9.5960   9.6079   9.6568
  9.6597   9.6658   9.6777   9.7484   9.7562   9.7601   9.7639   9.7699
  9.7797   9.7835   9.7866   9.7897   9.7944   9.8057   9.8382   9.9221
  9.9336   9.9590   9.9664  10.0892  10.1176  10.1597  10.1738  10.1908
 10.2003  10.2036  10.2150  10.2213  10.2641  10.3319  10.3695  10.4364
 10.4583  10.4709  11.0955  11.1266  11.4942  11.6813  11.7245  11.7362
 11.7774  11.8180  11.8835  11.8940  11.9220  11.9372  11.9644  12.0107
 12.0486  12.2850  12.3093  12.5995  12.6217  12.7034  12.7654  12.8399
 13.0047  13.1248  13.1351  13.1601  13.5920  14.2151  16.9749  27.8071
 28.7255  28.7306  28.8235  28.8632  47.8832  58.1037 146.5712 147.5963
147.6036 147.6959 147.7380 252.6429 316.1143
 --------------------------------------------------------------
 
          Ground-State Mulliken Net Atomic Charges

     Atom                 Charge (a.u.)    Spin (a.u.)
  --------------------------------------------------------
      1 C                    -0.086308       0.016424
      2 C                     0.050296       1.633234
      3 O                    -0.390627       0.157269
      4 Si                    0.905332       0.049384
      5 C                    -0.253570       0.012466
      6 C                    -0.247981       0.011170
      7 C                    -0.228285       0.001496
      8 H                     0.034342       0.057690
      9 H                     0.048707       0.052994
     10 H                     0.027646       0.007712
     11 H                     0.010229      -0.001745
     12 H                     0.011885       0.005987
     13 H                     0.035135      -0.005788
     14 H                     0.037598      -0.001972
     15 H                     0.002261       0.000155
     16 H                     0.010950       0.001051
     17 H                    -0.000484       0.000703
     18 H                     0.018141       0.001121
     19 H                     0.014734       0.000648
  --------------------------------------------------------
  Sum of atomic charges =     0.000000
  Sum of spin   charges =     2.000000

 -----------------------------------------------------------------
                    Cartesian Multipole Moments
 -----------------------------------------------------------------
    Charge (ESU x 10^10)
                 0.0000
    Dipole Moment (Debye)
         X      -1.3380      Y       0.4285      Z       0.7123
       Tot       1.5752
    Quadrupole Moments (Debye-Ang)
        XX     -51.6550     XY       1.2122     YY     -53.2309
        XZ       2.2577     YZ       0.0177     ZZ     -53.1203
    Octopole Moments (Debye-Ang^2)
       XXX     -14.8184    XXY       3.6630    XYY      -4.8016
       YYY      10.8470    XXZ      13.1688    XYZ      -1.5488
       YYZ       8.4484    XZZ      -5.2403    YZZ      -0.1643
       ZZZ      18.4293
    Hexadecapole Moments (Debye-Ang^3)
      XXXX    -879.3067   XXXY      -2.4332   XXYY    -217.7354
      XYYY      -9.1515   YYYY    -350.6347   XXXZ     -82.9305
      XXYZ      -8.0119   XYYZ     -32.2114   YYYZ      -9.3503
      XXZZ    -222.5646   XYZZ      -0.4513   YYZZ    -123.5884
      XZZZ     -87.8881   YZZZ      -5.6801   ZZZZ    -386.9301
 -----------------------------------------------------------------
 Total job time:  27.65s(wall), 765.94s(cpu) 
 Tue Dec  3 10:42:11 2024

        *************************************************************
        *                                                           *
        *  Thank you very much for using Q-Chem.  Have a nice day.  *
        *                                                           *
        *************************************************************


