
Running Job 1 of 1 sil2-ts1-wb97xd-unfrz-c1-OLYP.in
qchem sil2-ts1-wb97xd-unfrz-c1-OLYP.in_2308824.0 /expanse/lustre/scratch/whughes/temp_project/job_35550668/sil2-ts1-wb97xd-unfrz-c1-OLYP-35550668/ 0
/cm/shared/apps/spack/0.17.3/cpu/b/opt/spack/linux-rocky8-zen2/gcc-10.2.0/qchem-6.0-rytxnwjazd34ekd2gqyi5ufsaimxsd3r/exe/qcprog.exe_s sil2-ts1-wb97xd-unfrz-c1-OLYP.in_2308824.0 /expanse/lustre/scratch/whughes/temp_project/job_35550668/sil2-ts1-wb97xd-unfrz-c1-OLYP-35550668/
                  Welcome to Q-Chem
     A Quantum Leap Into The Future Of Chemistry


 Q-Chem 6.0, Q-Chem, Inc., Pleasanton, CA (2022)

 License issued to: University of California, San Diego (site)

 E. Epifanovsky,  A. T. B. Gilbert,  Xintian Feng,  Joonho Lee,  Yuezhi Mao,  
 N. Mardirossian,  P. Pokhilko,  A. White,  M. Wormit,  M. P. Coons,  
 A. L. Dempwolff,  Zhengting Gan,  D. Hait,  P. R. Horn,  L. D. Jacobson,  
 I. Kaliman,  J. Kussmann,  A. W. Lange,  Ka Un Lao,  D. S. Levine,  Jie Liu,  
 S. C. McKenzie,  A. F. Morrison,  K. Nanda,  F. Plasser,  D. R. Rehn,  
 M. L. Vidal,  Zhi-Qiang You,  Ying Zhu,  B. Alam,  B. Albrecht,  
 A. Aldossary,  E. Alguire,  J. H. Andersen,  V. Athavale,  D. Barton,  
 K. Begam,  A. Behn,  N. Bellonzi,  Y. A. Bernard,  E. J. Berquist,  
 H. Burton,  A. Carreras,  K. Carter-Fenk,  Romit Chakraborty,  
 Chandrima Chakravarty,  Junhan Chen,  A. D. Chien,  K. D. Closser,  
 V. Cofer-Shabica,  L. Cunha,  S. Dasgupta,  Jia Deng,  M. de Wergifosse,  
 M. Diedenhofen,  Hainam Do,  S. Ehlert,  Po-Tung Fang,  S. Fatehi,  
 Qingguo Feng,  T. Friedhoff,  B. Ganoe,  J. Gayvert,  Qinghui Ge,  
 G. Gidofalvi,  M. Goldey,  J. Gomes,  C. Gonzalez-Espinoza,  S. Gulania,  
 A. Gunina,  J. A. Gyamfi,  M. W. D. Hanson-Heine,  P. H. P. Harbach,  
 A. W. Hauser,  M. F. Herbst,  M. Hernandez Vera,  M. Hodecker,  
 Z. C. Holden,  S. Houck,  Xunkun Huang,  Kerwin Hui,  B. C. Huynh,  
 K. Ikeda,  M. Ivanov,  Hyunjun Ji,  Zuxin Jin,  Hanjie Jiang,  B. Kaduk,  
 S. Kaehler,  R. Kang,  K. Khistyaev,  Jaehoon Kim,  Yongbin Kim,  
 P. Klunzinger,  Z. Koczor-Benda,  Joong Hoon Koh,  D. Kosenkov,  
 Saikiran Kotaru,  L. Koulias,  T. Kowalczyk,  C. M. Krauter,  K. Kue,  
 A. Kunitsa,  T. Kus,  A. Landau,  K. V. Lawler,  D. Lefrancois,  S. Lehtola,  
 Rain Li,  Shaozhi Li,  Yi-Pei Li,  Jiashu Liang,  M. Liebenthal,  
 Hung-Hsuan Lin,  You-Sheng Lin,  Fenglai Liu,  Kuan-Yu Liu,  
 M. Loipersberger,  A. Luenser,  C. Malbon,  A. Manjanath,  P. Manohar,  
 E. Mansoor,  S. F. Manzer,  Shan-Ping Mao,  A. V. Marenich,  T. Markovich,  
 S. Mason,  F. Matz,  S. A. Maurer,  P. F. McLaughlin,  M. F. S. J. Menger,  
 J.-M. Mewes,  S. A. Mewes,  P. Morgante,  Mohammad Mostafanejad,  
 J. W. Mullinax,  K. J. Oosterbaan,  G. Paran,  V. Parravicini,  
 Alexander C. Paul,  Suranjan K. Paul,  F. Pavosevic,  Zheng Pei,  S. Prager,  
 E. I. Proynov,  E. Ramos,  B. Rana,  A. E. Rask,  A. Rettig,  R. M. Richard,  
 F. Rob,  E. Rossomme,  T. Scheele,  M. Scheurer,  M. Schneider,  
 P. E. Schneider,  N. Sergueev,  S. M. Sharada,  Hengyuan Shen,  
 W. Skomorowski,  D. W. Small,  C. J. Stein,  Yingli Su,  Yu-Chuan Su,  
 E. J. Sundstrom,  Zhen Tao,  J. Thirman,  Hung-Yi Tsai,  T. Tsuchimochi,  
 N. M. Tubman,  C. Utku,  S. P. Veccham,  O. Vydrov,  J. Wenzel,  
 Jonathan Wong,  J. Witte,  A. Yamada,  Chou-Hsun Yang,  Kun Yao,  
 S. Yeganeh,  S. R. Yost,  A. Zech,  F. Zeller,  Igor Ying Zhang,  
 Xing Zhang,  Yu Zhang,  D. Zuev,  A. Aspuru-Guzik,  A. T. Bell,  
 N. A. Besley,  K. B. Bravaya,  B. R. Brooks,  D. Casanova,  Jeng-Da Chai,  
 Hsing-Ta Chen,  S. Coriani,  C. J. Cramer,  A. E. DePrince, III,  
 R. A. DiStasio Jr.,  A. Dreuw,  B. D. Dunietz,  T. R. Furlani,  
 W. A. Goddard III,  S. Grimme,  S. Hammes-Schiffer,  T. Head-Gordon,  
 W. J. Hehre,  Chao-Ping Hsu,  T.-C. Jagau,  Yousung Jung,  A. Klamt,  
 Jing Kong,  D. S. Lambrecht,  Xiangyuan Li,  WanZhen Liang,  N. J. Mayhall,  
 C. W. McCurdy,  J. B. Neaton,  T. Neudecker,  C. Ochsenfeld,  
 J. A. Parkhill,  R. Peverati,  V. A. Rassolov,  Haisheng Ren,  Yihan Shao,  
 L. V. Slipchenko,  R. P. Steele,  J. E. Subotnik,  A. J. W. Thom,  
 A. Tkatchenko,  D. G. Truhlar,  T. Van Voorhis,  Fan Wang,  
 T. A. Wesolowski,  K. B. Whaley,  H. L. Woodcock III,  P. M. Zimmerman,  
 S. Faraji,  P. M. W. Gill,  M. Head-Gordon,  J. M. Herbert,  A. I. Krylov

 Contributors to earlier versions of Q-Chem not listed above: 
 R. D. Adamson,  B. Austin,  R. Baer,  J. Baker,  G. J. O. Beran,  
 K. Brandhorst,  S. T. Brown,  E. F. C. Byrd,  Arup K. Chakraborty,  
 G. K. L. Chan,  Chun-Min Chang,  Yunqing Chen,  C.-L. Cheng,  
 Siu Hung Chien,  D. M. Chipman,  D. L. Crittenden,  H. Dachsel,  
 R. J. Doerksen,  A. D. Dutoi,  R. G. Edgar,  J. Fosso-Tande,  
 L. Fusti-Molnar,  D. Ghosh,  A. Ghysels,  A. Golubeva-Zadorozhnaya,  
 J. Gonthier,  M. S. Gordon,  S. R. Gwaltney,  G. Hawkins,  J. E. Herr,  
 A. Heyden,  S. Hirata,  E. G. Hohenstein,  G. Kedziora,  F. J. Keil,  
 C. Kelley,  Jihan Kim,  R. A. King,  R. Z. Khaliullin,  P. P. Korambath,  
 W. Kurlancheek,  A. Laurent,  A. M. Lee,  M. S. Lee,  S. V. Levchenko,  
 Ching Yeh Lin,  D. Liotard,  E. Livshits,  R. C. Lochan,  I. Lotan,  
 L. A. Martinez-Martinez,  P. E. Maslen,  N. Nair,  D. P. O'Neill,  
 D. Neuhauser,  E. Neuscamman,  C. M. Oana,  R. Olivares-Amaya,  R. Olson,  
 T. M. Perrine,  B. Peters,  P. A. Pieniazek,  A. Prociuk,  Y. M. Rhee,  
 J. Ritchie,  M. A. Rohrdanz,  E. Rosta,  N. J. Russ,  H. F. Schaefer III,  
 M. W. Schmidt,  N. E. Schultz,  S. Sharma,  N. Shenvi,  C. D. Sherrill,  
 A. C. Simmonett,  A. Sodt,  T. Stein,  D. Stuck,  K. S. Thanthiriwatte,  
 V. Vanovschi,  L. Vogt,  Tao Wang,  A. Warshel,  M. A. Watson,  
 C. F. Williams,  Q. Wu,  X. Xu,  Jun Yang,  W. Zhang,  Yan Zhao

   Please cite Q-Chem as follows:
  "Software for the frontiers of quantum chemistry:
   An overview of developments in the Q-Chem 5 package"
   J. Chem. Phys. 155, 084801 (2021)
   https://doi.org/10.1063/5.0055522 (open access)

 Q-Chem 6.0.2 for Intel X86 EM64T Linux

 Parts of Q-Chem use Armadillo 9.900.5 (Nocturnal Misbehaviour).
 http://arma.sourceforge.net/

 Q-Chem begins on Tue Dec  3 10:44:50 2024  

 Host: 
0

     Scratch files written to /expanse/lustre/scratch/whughes/temp_project/job_35550668/sil2-ts1-wb97xd-unfrz-c1-OLYP-35550668//
 Dec722 |scratch|qcdevops|jenkins|workspace|build_RNUM    
 Processing $rem in /cm/shared/apps/spack/0.17.3/cpu/b/opt/spack/linux-rocky8-zen2/gcc-10.2.0/qchem-6.0-rytxnwjazd34ekd2gqyi5ufsaimxsd3r/config/preferences:
 Processing $rem in /home/whughes/.qchemrc:

 Checking the input file for inconsistencies... 	...done.

--------------------------------------------------------------
User input:
--------------------------------------------------------------
$molecule
0 3
C    2.1784128956    0.265181043     -0.12278494
C    1.201295102     -0.3715534957   -1.0483695049
Si   -0.6601113978   0.2355514728    -1.473615227
C    -1.4173509786   -0.0617913295   0.2369956578
C    -1.6837589077   -0.766968588    -2.6661955218
C    -0.6828961541   2.0686932875    -1.8098012376
O    1.0372409815    -0.1845186077   -2.3256577958
H    2.1869879513    1.3575313608    -0.2246872739
H    1.9321113123    0.0100892359    0.907014714
H    3.1866884751    -0.1047354891   -0.3339718138
H    -0.9067327404   0.5143650041    1.0102075604
H    -1.3804951975   -1.1168483309   0.5120170475
H    -2.4669399204   0.2480962098    0.2138349607
H    -2.7468791291   -0.5603011061   -2.5216512364
H    -1.4196950207   -0.5481475682   -3.7009791414
H    -1.5243354968   -1.8339726569   -2.4962600088
H    -0.0066653527   2.6007720895    -1.13703909
H    -0.3843118782   2.2891282851    -2.8349583408
H    -1.6875675436   2.4669201835    -1.6481788084
$end

$rem
METHOD      OLYP
BASIS       def2-QZVPP
SYM_IGNORE   TRUE
DFT_D       D3
MAX_SCF_CYCLES 300
$end

$end
--------------------------------------------------------------
 Adding empirical dispersion correction 
 ----------------------------------------------------------------
 Doing -D3(BJ) with
 s6  =   1.00000
 s8  =   2.62050
 a1  =   0.52990
 a2  =   2.80650
 -D3 energy without 3body term =     -0.0846418705 hartrees
 ----------------------------------------------------------------
             Standard Nuclear Orientation (Angstroms)
    I     Atom           X                Y                Z
 ----------------------------------------------------------------
    1      C       2.1784128956     0.2651810430    -0.1227849400
    2      C       1.2012951020    -0.3715534957    -1.0483695049
    3      Si     -0.6601113978     0.2355514728    -1.4736152270
    4      C      -1.4173509786    -0.0617913295     0.2369956578
    5      C      -1.6837589077    -0.7669685880    -2.6661955218
    6      C      -0.6828961541     2.0686932875    -1.8098012376
    7      O       1.0372409815    -0.1845186077    -2.3256577958
    8      H       2.1869879513     1.3575313608    -0.2246872739
    9      H       1.9321113123     0.0100892359     0.9070147140
   10      H       3.1866884751    -0.1047354891    -0.3339718138
   11      H      -0.9067327404     0.5143650041     1.0102075604
   12      H      -1.3804951975    -1.1168483309     0.5120170475
   13      H      -2.4669399204     0.2480962098     0.2138349607
   14      H      -2.7468791291    -0.5603011061    -2.5216512364
   15      H      -1.4196950207    -0.5481475682    -3.7009791414
   16      H      -1.5243354968    -1.8339726569    -2.4962600088
   17      H      -0.0066653527     2.6007720895    -1.1370390900
   18      H      -0.3843118782     2.2891282851    -2.8349583408
   19      H      -1.6875675436     2.4669201835    -1.6481788084
 ----------------------------------------------------------------
 Nuclear Repulsion Energy =         392.39982552 hartrees
 There are       33 alpha and       31 beta electrons
 Requested basis set is def2-QZVPP
 There are 244 shells and 772 basis functions

 Total QAlloc Memory Limit   8000 MB
 Mega-Array Size       188 MB
 MEM_STATIC part       192 MB

 A cutoff of  1.0D-09 yielded  22122 shell pairs
 There are    212136 function pairs (    309181 Cartesian)
 Smallest overlap matrix eigenvalue = 4.58E-05

 Scale SEOQF with 1.000000e-01/1.000000e-01/1.000000e-01

 Standard Electronic Orientation quadrupole field applied
 Nucleus-field energy     =    -0.0000000111 hartrees
 Guess from superposition of atomic densities
 Warning:  Energy on first SCF cycle will be non-variational
 SAD guess density has 64.000000 electrons

 -----------------------------------------------------------------------
  General SCF calculation program by
  Eric Jon Sundstrom, Paul Horn, Yuezhi Mao, Dmitri Zuev, Alec White,
  David Stuck, Shaama M.S., Shane Yost, Joonho Lee, David Small,
  Daniel Levine, Susi Lehtola, Hugh Burton, Evgeny Epifanovsky,
  Bang C. Huynh
 -----------------------------------------------------------------------
 Exchange:  OPTX      Correlation:  LYP
 Using SG-1 standard quadrature grid
 Dispersion:   Grimme D3
 using 32 threads for integral computing
 -------------------------------------------------------
 OpenMP Integral computing Module                
 Release: version 1.0, May 2013, Q-Chem Inc. Pittsburgh 
 -------------------------------------------------------
 A unrestricted SCF calculation will be
 performed using DIIS
 SCF converges when DIIS error is below 1.0e-05
 ---------------------------------------
  Cycle       Energy         DIIS error
 ---------------------------------------
    1    -563.1776104681      5.74e-03  
    2    -562.1518416154      1.08e-03  
    3    -561.8136920823      1.43e-03  
    4    -562.4918989669      2.07e-04  
    5    -562.4986500795      1.57e-04  
    6    -562.5036590633      6.11e-05  
    7    -562.5046673666      1.23e-05  
    8    -562.5047012787      5.93e-06  Convergence criterion met
 ---------------------------------------
 SCF time:   CPU 932.10s  wall 29.00s 
<S^2> =          2.006633337
 SCF   energy in the final basis set =     -562.5047012787
 Total energy in the final basis set =     -562.5047012787
 
 --------------------------------------------------------------
 
                    Orbital Energies (a.u.)
 --------------------------------------------------------------
 
 Alpha MOs
 -- Occupied --
-65.4020 -18.7903  -9.9543  -9.9149  -9.8834  -9.8794  -9.8770  -5.0788
 -3.4839  -3.4792  -3.4786  -0.9784  -0.6843  -0.6512  -0.6184  -0.6158
 -0.5083  -0.4594  -0.4014  -0.3985  -0.3854  -0.3690  -0.3629  -0.3603
 -0.3498  -0.3473  -0.3382  -0.3314  -0.3198  -0.2695  -0.2626  -0.1810
 -0.1231
 -- Virtual --
 -0.0120   0.0076   0.0161   0.0231   0.0332   0.0409   0.0459   0.0526
  0.0640   0.0673   0.0779   0.0829   0.0857   0.0884   0.0985   0.1047
  0.1083   0.1112   0.1180   0.1263   0.1369   0.1455   0.1617   0.1677
  0.1751   0.1828   0.1978   0.2026   0.2144   0.2190   0.2257   0.2463
  0.2495   0.2525   0.2652   0.2655   0.2709   0.2766   0.2870   0.2902
  0.2932   0.2941   0.3038   0.3128   0.3194   0.3368   0.3398   0.3434
  0.3593   0.3734   0.3822   0.3903   0.3933   0.4262   0.4386   0.4500
  0.4624   0.4639   0.4686   0.4869   0.5002   0.5018   0.5110   0.5226
  0.5309   0.5411   0.5522   0.5619   0.5704   0.5808   0.5879   0.5902
  0.6122   0.6238   0.6322   0.6336   0.6414   0.6514   0.6577   0.6636
  0.6731   0.6837   0.6942   0.6955   0.7152   0.7190   0.7256   0.7327
  0.7503   0.7690   0.7817   0.7851   0.7926   0.7945   0.8036   0.8074
  0.8146   0.8200   0.8204   0.8256   0.8374   0.8475   0.8536   0.8587
  0.8760   0.8910   0.9140   0.9161   0.9271   0.9381   0.9457   0.9543
  0.9683   0.9692   0.9851   0.9929   0.9985   1.0058   1.0173   1.0256
  1.0339   1.0406   1.0516   1.0536   1.0598   1.0701   1.0773   1.0911
  1.0941   1.1049   1.1154   1.1221   1.1325   1.1512   1.1582   1.1618
  1.1677   1.1867   1.1957   1.2216   1.2354   1.2475   1.2542   1.2624
  1.2828   1.2973   1.3097   1.3138   1.3348   1.3569   1.3756   1.3824
  1.3915   1.3972   1.3990   1.4128   1.4302   1.4350   1.4499   1.4639
  1.4788   1.4829   1.4904   1.5068   1.5227   1.5467   1.5661   1.5875
  1.5994   1.6265   1.6397   1.6765   1.6873   1.7028   1.7345   1.7547
  1.7587   1.7628   1.7746   1.7824   1.7916   1.8099   1.8163   1.8392
  1.8452   1.8540   1.8604   1.8646   1.8744   1.8799   1.8880   1.9030
  1.9091   1.9124   1.9271   1.9377   1.9431   1.9500   1.9731   1.9736
  1.9863   2.0001   2.0219   2.0262   2.0293   2.0398   2.0526   2.0616
  2.0728   2.0786   2.0900   2.1014   2.1037   2.1112   2.1211   2.1303
  2.1331   2.1400   2.1499   2.1549   2.1605   2.1695   2.1808   2.1920
  2.1940   2.2050   2.2135   2.2213   2.2292   2.2462   2.2533   2.2662
  2.2700   2.2875   2.2969   2.3046   2.3137   2.3279   2.3337   2.3449
  2.3548   2.3753   2.3848   2.3931   2.4028   2.4268   2.4326   2.4347
  2.4455   2.4490   2.4686   2.4785   2.4838   2.5001   2.5123   2.5168
  2.5317   2.5440   2.5521   2.5577   2.5811   2.5925   2.5998   2.6031
  2.6190   2.6331   2.6398   2.6643   2.6678   2.6792   2.6856   2.6905
  2.6991   2.7221   2.7312   2.7358   2.7567   2.7600   2.7836   2.7909
  2.8132   2.8285   2.8405   2.8472   2.8510   2.8611   2.8689   2.8739
  2.8802   2.8905   2.8979   2.9079   2.9168   2.9277   2.9367   2.9456
  2.9649   2.9801   2.9828   2.9835   3.0049   3.0239   3.0299   3.0318
  3.0466   3.0561   3.0751   3.0874   3.1145   3.1189   3.1408   3.1595
  3.1647   3.1944   3.1997   3.2019   3.2103   3.2322   3.2407   3.2540
  3.2632   3.2848   3.3060   3.3207   3.3421   3.3482   3.3692   3.3715
  3.3747   3.3872   3.3987   3.4265   3.4357   3.4438   3.4666   3.4869
  3.4968   3.5276   3.5438   3.5529   3.5803   3.5962   3.6182   3.6255
  3.6339   3.6505   3.6758   3.6897   3.7093   3.7268   3.7307   3.7545
  3.7696   3.7743   3.7774   3.7984   3.8039   3.8136   3.8242   3.8305
  3.8449   3.8482   3.8663   3.8682   3.8741   3.8862   3.9951   4.0502
  4.0800   4.1370   4.1744   4.1823   4.2085   4.2212   4.2375   4.2518
  4.2616   4.2951   4.3355   4.4227   4.4578   4.4813   4.5286   4.5415
  4.6025   4.6637   4.7408   4.8718   4.8949   4.9361   4.9769   5.0600
  5.0688   5.1148   5.1512   5.1670   5.1975   5.2095   5.2386   5.2503
  5.2742   5.3052   5.3208   5.3421   5.3537   5.3646   5.3728   5.3866
  5.4140   5.4442   5.4925   5.5185   5.5412   5.5801   5.5972   5.6137
  5.6335   5.6484   5.6655   5.6888   5.7067   5.7097   5.7203   5.7265
  5.7375   5.7415   5.7500   5.7575   5.7732   5.7735   5.7763   5.7841
  5.7958   5.7979   5.8104   5.8255   5.8402   5.8426   5.8649   5.8697
  5.8790   5.8840   5.8880   5.8943   5.8958   5.9172   5.9235   5.9484
  5.9555   5.9572   5.9776   5.9821   6.0077   6.0196   6.0279   6.0437
  6.0527   6.0711   6.0794   6.0885   6.0946   6.1025   6.1097   6.1146
  6.1301   6.1556   6.1713   6.1794   6.2049   6.2092   6.2383   6.2475
  6.2659   6.2709   6.2826   6.2890   6.2939   6.2967   6.3059   6.3134
  6.3293   6.3344   6.3430   6.3540   6.3743   6.3906   6.3975   6.4179
  6.4282   6.4394   6.4599   6.4668   6.4973   6.5069   6.5127   6.5293
  6.5372   6.5414   6.5494   6.5526   6.5732   6.5856   6.6138   6.6482
  6.6714   6.6811   6.7082   6.7334   6.7362   6.7470   6.7525   6.7599
  6.7771   6.7811   6.8018   6.8747   6.9090   6.9313   6.9415   6.9527
  6.9586   6.9669   6.9775   6.9963   7.0629   7.0700   7.0768   7.0979
  7.1315   7.1453   7.2642   7.2925   7.2983   7.3059   7.3207   7.3300
  7.3401   7.3442   7.3508   7.3618   7.3710   7.3747   7.3881   7.4077
  7.4095   7.4229   7.4346   7.4413   7.4492   7.4549   7.5293   7.5579
  7.5658   7.5673   7.5782   7.5938   7.6060   7.6235   7.6355   7.6401
  7.6460   7.6624   7.6675   7.6696   7.6800   7.6981   7.7036   7.7129
  7.7207   7.7370   7.7485   7.7527   7.7695   7.7758   7.7999   7.8105
  7.8178   7.8283   7.8447   7.8521   7.8609   7.8698   7.8813   7.9181
  7.9375   8.0337   8.0358   8.0567   8.1594   8.2076   8.2114   8.2204
  8.2243   8.2266   8.2310   8.2410   8.2437   8.2467   8.2566   8.2619
  8.2651   8.2721   8.2741   8.2920   8.2963   8.3020   8.3092   8.3154
  8.3248   8.3295   8.3413   8.3469   8.3559   8.3578   8.3672   8.3717
  8.3882   8.3930   8.4158   8.4592   8.4602   8.4722   8.4787   8.4917
  8.5005   8.5453   8.5593   8.6355   8.6589   8.7458   8.7460   8.7537
  8.7637   8.7682   8.7860   8.7879   8.7962   8.8023   8.8063   8.8089
  8.8140   8.8205   8.8247   8.8302   8.8377   8.8409   8.8572   8.8597
  8.8656   8.8826   8.8828   8.9107   8.9369   9.1029   9.2858   9.5168
  9.5820   9.5953   9.6090   9.6269   9.6340   9.6543   9.6724   9.6776
  9.6979   9.7400   9.7465   9.7512   9.7606   9.7729   9.7847   9.7888
  9.7895   9.7982   9.7989   9.8249   9.8371   9.9247   9.9371   9.9673
  9.9714  10.0308  10.0639  10.1492  10.1621  10.1710  10.1991  10.2012
 10.2313  10.2376  10.2428  10.3091  10.3932  10.4517  10.4601  10.5033
 11.0469  11.0648  11.2219  11.3114  11.7001  11.7299  11.8130  11.8458
 11.8599  11.8988  11.9215  11.9595  12.0257  12.0422  12.0724  12.2570
 12.2871  12.5589  12.6122  12.6631  12.7498  12.8692  13.0570  13.1368
 13.1914  13.2201  13.6514  14.0714  16.9760  27.9404  28.7344  28.7689
 28.8545  28.8871  47.8530  58.1270 146.7742 147.6082 147.6410 147.7301
147.7692 252.6205 316.1533
 
 Beta MOs
 -- Occupied --
-65.4019 -18.7781  -9.9433  -9.9139  -9.8821  -9.8795  -9.8769  -5.0787
 -3.4835  -3.4790  -3.4784  -0.9455  -0.6693  -0.6486  -0.6177  -0.6134
 -0.4719  -0.4390  -0.3828  -0.3814  -0.3768  -0.3660  -0.3600  -0.3575
 -0.3479  -0.3438  -0.3374  -0.3114  -0.2986  -0.2608  -0.2554
 -- Virtual --
 -0.1247  -0.0563  -0.0110   0.0075   0.0155   0.0234   0.0354   0.0446
  0.0457   0.0564   0.0644   0.0674   0.0799   0.0829   0.0860   0.0883
  0.0998   0.1081   0.1112   0.1130   0.1184   0.1269   0.1375   0.1484
  0.1633   0.1693   0.1796   0.1857   0.1981   0.2055   0.2151   0.2247
  0.2280   0.2462   0.2520   0.2586   0.2665   0.2696   0.2730   0.2781
  0.2886   0.2923   0.2966   0.2986   0.3079   0.3151   0.3275   0.3387
  0.3436   0.3454   0.3604   0.3763   0.3897   0.3968   0.3993   0.4275
  0.4427   0.4556   0.4635   0.4654   0.4746   0.4895   0.5031   0.5087
  0.5117   0.5249   0.5345   0.5435   0.5539   0.5646   0.5740   0.5856
  0.5911   0.5945   0.6163   0.6248   0.6339   0.6364   0.6427   0.6523
  0.6616   0.6671   0.6789   0.6896   0.6996   0.7031   0.7177   0.7217
  0.7317   0.7374   0.7559   0.7781   0.7855   0.7912   0.7960   0.7999
  0.8056   0.8100   0.8186   0.8220   0.8232   0.8279   0.8410   0.8505
  0.8571   0.8664   0.8846   0.8993   0.9180   0.9207   0.9323   0.9434
  0.9512   0.9572   0.9702   0.9740   0.9917   0.9945   1.0010   1.0089
  1.0199   1.0289   1.0383   1.0437   1.0554   1.0558   1.0621   1.0766
  1.0804   1.0926   1.0961   1.1098   1.1197   1.1316   1.1363   1.1557
  1.1616   1.1683   1.1725   1.1912   1.2054   1.2279   1.2387   1.2523
  1.2607   1.2703   1.2900   1.3011   1.3154   1.3188   1.3393   1.3616
  1.3791   1.3883   1.3955   1.4007   1.4052   1.4167   1.4356   1.4443
  1.4557   1.4693   1.4812   1.4861   1.4945   1.5122   1.5329   1.5558
  1.5732   1.5963   1.6092   1.6336   1.6477   1.6851   1.6958   1.7160
  1.7411   1.7593   1.7626   1.7677   1.7823   1.7887   1.7982   1.8160
  1.8220   1.8457   1.8504   1.8590   1.8668   1.8725   1.8794   1.8848
  1.8931   1.9088   1.9169   1.9205   1.9333   1.9467   1.9521   1.9546
  1.9792   1.9797   1.9936   2.0067   2.0274   2.0356   2.0367   2.0515
  2.0595   2.0656   2.0784   2.0828   2.0966   2.1079   2.1127   2.1166
  2.1283   2.1378   2.1409   2.1454   2.1556   2.1615   2.1650   2.1754
  2.1847   2.1976   2.2011   2.2122   2.2181   2.2287   2.2348   2.2543
  2.2593   2.2729   2.2777   2.2931   2.3041   2.3148   2.3223   2.3386
  2.3413   2.3521   2.3648   2.3819   2.3931   2.4029   2.4129   2.4354
  2.4373   2.4419   2.4481   2.4580   2.4744   2.4830   2.4898   2.5036
  2.5200   2.5248   2.5399   2.5512   2.5604   2.5625   2.5844   2.5973
  2.6046   2.6084   2.6259   2.6420   2.6450   2.6728   2.6769   2.6867
  2.6959   2.6984   2.7034   2.7306   2.7356   2.7424   2.7663   2.7699
  2.7932   2.8007   2.8204   2.8346   2.8513   2.8527   2.8561   2.8635
  2.8722   2.8790   2.8835   2.8925   2.9036   2.9142   2.9239   2.9338
  2.9411   2.9527   2.9718   2.9845   2.9880   2.9886   3.0087   3.0273
  3.0348   3.0356   3.0525   3.0615   3.0822   3.0942   3.1227   3.1262
  3.1507   3.1651   3.1758   3.1992   3.2082   3.2108   3.2160   3.2393
  3.2469   3.2580   3.2710   3.2905   3.3116   3.3281   3.3483   3.3523
  3.3722   3.3772   3.3826   3.3915   3.4082   3.4313   3.4425   3.4513
  3.4735   3.4952   3.5024   3.5367   3.5507   3.5628   3.5900   3.6052
  3.6235   3.6342   3.6393   3.6546   3.6807   3.7010   3.7127   3.7337
  3.7358   3.7656   3.7744   3.7831   3.7874   3.8041   3.8104   3.8186
  3.8298   3.8334   3.8480   3.8563   3.8702   3.8733   3.8856   3.8998
  4.0157   4.0747   4.0971   4.1522   4.1894   4.1975   4.2205   4.2283
  4.2498   4.2559   4.2680   4.3020   4.3552   4.4373   4.4826   4.4915
  4.5448   4.5548   4.6227   4.6883   4.7587   4.9170   4.9354   4.9545
  5.0043   5.0769   5.0897   5.1204   5.1758   5.1805   5.2147   5.2212
  5.2462   5.2637   5.2936   5.3159   5.3345   5.3466   5.3636   5.3742
  5.3801   5.3936   5.4201   5.4574   5.5016   5.5343   5.5526   5.5927
  5.6223   5.6237   5.6482   5.6544   5.6697   5.6949   5.7113   5.7156
  5.7252   5.7339   5.7471   5.7512   5.7600   5.7648   5.7777   5.7834
  5.7855   5.7869   5.8010   5.8068   5.8188   5.8355   5.8446   5.8468
  5.8711   5.8740   5.8825   5.8865   5.8994   5.9061   5.9200   5.9220
  5.9367   5.9589   5.9604   5.9672   5.9845   5.9947   6.0185   6.0282
  6.0396   6.0519   6.0593   6.0778   6.0844   6.0975   6.0998   6.1065
  6.1246   6.1285   6.1406   6.1763   6.1838   6.1974   6.2134   6.2199
  6.2532   6.2552   6.2786   6.2863   6.2944   6.2971   6.3070   6.3114
  6.3146   6.3227   6.3350   6.3514   6.3555   6.3675   6.3848   6.4022
  6.4102   6.4318   6.4458   6.4608   6.4652   6.4755   6.5047   6.5096
  6.5175   6.5374   6.5447   6.5460   6.5586   6.5623   6.5966   6.6116
  6.6347   6.6586   6.6781   6.6874   6.7109   6.7384   6.7469   6.7566
  6.7666   6.7731   6.7869   6.7979   6.8291   6.8937   6.9204   6.9339
  6.9451   6.9575   6.9665   6.9754   6.9796   7.0130   7.0736   7.0777
  7.0878   7.1157   7.1622   7.1795   7.2774   7.2936   7.3005   7.3085
  7.3231   7.3330   7.3463   7.3504   7.3566   7.3651   7.3759   7.3777
  7.3925   7.4109   7.4133   7.4269   7.4379   7.4446   7.4522   7.4637
  7.5430   7.5634   7.5748   7.5766   7.5829   7.5948   7.6147   7.6328
  7.6376   7.6434   7.6511   7.6656   7.6705   7.6741   7.6831   7.7000
  7.7053   7.7143   7.7225   7.7395   7.7513   7.7546   7.7736   7.7772
  7.8045   7.8171   7.8257   7.8325   7.8512   7.8598   7.8702   7.8758
  7.8883   7.9289   7.9515   8.0352   8.0391   8.0578   8.1860   8.2105
  8.2152   8.2239   8.2257   8.2281   8.2324   8.2444   8.2475   8.2491
  8.2590   8.2635   8.2680   8.2753   8.2827   8.2954   8.2989   8.3028
  8.3116   8.3178   8.3271   8.3332   8.3431   8.3496   8.3576   8.3603
  8.3695   8.3731   8.3942   8.3967   8.4169   8.4632   8.4655   8.4783
  8.4851   8.4966   8.5139   8.5468   8.5607   8.6385   8.6711   8.7485
  8.7574   8.7607   8.7657   8.7787   8.7922   8.7967   8.8031   8.8068
  8.8129   8.8146   8.8185   8.8276   8.8295   8.8367   8.8447   8.8479
  8.8598   8.8756   8.8790   8.8858   8.9088   8.9288   8.9672   9.1274
  9.3123   9.5463   9.5869   9.5993   9.6172   9.6328   9.6386   9.6564
  9.6767   9.6933   9.6997   9.7457   9.7504   9.7543   9.7632   9.7763
  9.7864   9.7903   9.7912   9.7989   9.8063   9.8265   9.8382   9.9301
  9.9408   9.9685   9.9735  10.0624  10.0937  10.1593  10.1649  10.1782
 10.1999  10.2107  10.2331  10.2429  10.2452  10.3330  10.3988  10.4527
 10.4614  10.5039  11.0982  11.1183  11.2773  11.3623  11.7097  11.7635
 11.8296  11.8639  11.8829  11.9155  11.9254  11.9679  12.0306  12.0445
 12.0778  12.3324  12.3567  12.5688  12.6175  12.7111  12.7970  12.8786
 13.0597  13.1418  13.1958  13.2264  13.6878  14.1367  16.9767  27.9799
 28.7375  28.7690  28.8572  28.8890  47.8785  58.1276 146.7807 147.6090
147.6410 147.7308 147.7697 252.6288 316.1535
 --------------------------------------------------------------
 
          Ground-State Mulliken Net Atomic Charges

     Atom                 Charge (a.u.)    Spin (a.u.)
  --------------------------------------------------------
      1 C                    -0.100973       0.022793
      2 C                     0.107079       1.101025
      3 Si                    0.897442       0.202562
      4 C                    -0.270222       0.083677
      5 C                    -0.285615       0.007684
      6 C                    -0.291804      -0.009474
      7 O                    -0.385853       0.500221
      8 H                     0.044242       0.043052
      9 H                     0.046196       0.005207
     10 H                     0.035741       0.032141
     11 H                     0.032121      -0.001990
     12 H                     0.023033      -0.007384
     13 H                     0.019279       0.021181
     14 H                     0.013960      -0.001420
     15 H                     0.030498      -0.000389
     16 H                     0.006423       0.000890
     17 H                     0.022850      -0.000318
     18 H                     0.038375       0.000049
     19 H                     0.017229       0.000494
  --------------------------------------------------------
  Sum of atomic charges =     0.000000
  Sum of spin   charges =     2.000000

 -----------------------------------------------------------------
                    Cartesian Multipole Moments
 -----------------------------------------------------------------
    Charge (ESU x 10^10)
                 0.0000
    Dipole Moment (Debye)
         X      -0.5605      Y       0.8227      Z       1.1808
       Tot       1.5445
    Quadrupole Moments (Debye-Ang)
        XX     -50.7597     XY       0.6366     YY     -53.3433
        XZ       3.3655     YZ      -1.1677     ZZ     -56.4396
    Octopole Moments (Debye-Ang^2)
       XXX      28.1076    XXY      -9.1560    XYY       7.5369
       YYY     -37.4675    XXZ      68.4966    XYZ      -0.2972
       YYZ      69.3043    XZZ       2.5618    YZZ      -8.0800
       ZZZ     211.5624
    Hexadecapole Moments (Debye-Ang^3)
      XXXX    -661.8775   XXXY     -11.5126   XXYY    -176.7313
      XYYY       6.2547   YYYY    -365.5648   XXXZ     -98.3416
      XXYZ       8.0118   XYYZ     -34.2637   YYYZ      45.6337
      XXZZ    -288.5759   XYZZ      -1.9209   YYZZ    -220.8651
      XZZZ     -81.4840   YZZZ      25.2122   ZZZZ    -960.0169
 -----------------------------------------------------------------
 Total job time:  30.98s(wall), 956.11s(cpu) 
 Tue Dec  3 10:45:20 2024

        *************************************************************
        *                                                           *
        *  Thank you very much for using Q-Chem.  Have a nice day.  *
        *                                                           *
        *************************************************************


