
Running Job 1 of 1 SIL4-R1_rdkit_conf_4_wb97xd-OLYP.in
qchem SIL4-R1_rdkit_conf_4_wb97xd-OLYP.in_1583594.0 /expanse/lustre/scratch/whughes/temp_project/job_35550816/SIL4-R1_rdkit_conf_4_wb97xd-OLYP-35550816/ 0
/cm/shared/apps/spack/0.17.3/cpu/b/opt/spack/linux-rocky8-zen2/gcc-10.2.0/qchem-6.0-rytxnwjazd34ekd2gqyi5ufsaimxsd3r/exe/qcprog.exe_s SIL4-R1_rdkit_conf_4_wb97xd-OLYP.in_1583594.0 /expanse/lustre/scratch/whughes/temp_project/job_35550816/SIL4-R1_rdkit_conf_4_wb97xd-OLYP-35550816/
                  Welcome to Q-Chem
     A Quantum Leap Into The Future Of Chemistry


 Q-Chem 6.0, Q-Chem, Inc., Pleasanton, CA (2022)

 License issued to: University of California, San Diego (site)

 E. Epifanovsky,  A. T. B. Gilbert,  Xintian Feng,  Joonho Lee,  Yuezhi Mao,  
 N. Mardirossian,  P. Pokhilko,  A. White,  M. Wormit,  M. P. Coons,  
 A. L. Dempwolff,  Zhengting Gan,  D. Hait,  P. R. Horn,  L. D. Jacobson,  
 I. Kaliman,  J. Kussmann,  A. W. Lange,  Ka Un Lao,  D. S. Levine,  Jie Liu,  
 S. C. McKenzie,  A. F. Morrison,  K. Nanda,  F. Plasser,  D. R. Rehn,  
 M. L. Vidal,  Zhi-Qiang You,  Ying Zhu,  B. Alam,  B. Albrecht,  
 A. Aldossary,  E. Alguire,  J. H. Andersen,  V. Athavale,  D. Barton,  
 K. Begam,  A. Behn,  N. Bellonzi,  Y. A. Bernard,  E. J. Berquist,  
 H. Burton,  A. Carreras,  K. Carter-Fenk,  Romit Chakraborty,  
 Chandrima Chakravarty,  Junhan Chen,  A. D. Chien,  K. D. Closser,  
 V. Cofer-Shabica,  L. Cunha,  S. Dasgupta,  Jia Deng,  M. de Wergifosse,  
 M. Diedenhofen,  Hainam Do,  S. Ehlert,  Po-Tung Fang,  S. Fatehi,  
 Qingguo Feng,  T. Friedhoff,  B. Ganoe,  J. Gayvert,  Qinghui Ge,  
 G. Gidofalvi,  M. Goldey,  J. Gomes,  C. Gonzalez-Espinoza,  S. Gulania,  
 A. Gunina,  J. A. Gyamfi,  M. W. D. Hanson-Heine,  P. H. P. Harbach,  
 A. W. Hauser,  M. F. Herbst,  M. Hernandez Vera,  M. Hodecker,  
 Z. C. Holden,  S. Houck,  Xunkun Huang,  Kerwin Hui,  B. C. Huynh,  
 K. Ikeda,  M. Ivanov,  Hyunjun Ji,  Zuxin Jin,  Hanjie Jiang,  B. Kaduk,  
 S. Kaehler,  R. Kang,  K. Khistyaev,  Jaehoon Kim,  Yongbin Kim,  
 P. Klunzinger,  Z. Koczor-Benda,  Joong Hoon Koh,  D. Kosenkov,  
 Saikiran Kotaru,  L. Koulias,  T. Kowalczyk,  C. M. Krauter,  K. Kue,  
 A. Kunitsa,  T. Kus,  A. Landau,  K. V. Lawler,  D. Lefrancois,  S. Lehtola,  
 Rain Li,  Shaozhi Li,  Yi-Pei Li,  Jiashu Liang,  M. Liebenthal,  
 Hung-Hsuan Lin,  You-Sheng Lin,  Fenglai Liu,  Kuan-Yu Liu,  
 M. Loipersberger,  A. Luenser,  C. Malbon,  A. Manjanath,  P. Manohar,  
 E. Mansoor,  S. F. Manzer,  Shan-Ping Mao,  A. V. Marenich,  T. Markovich,  
 S. Mason,  F. Matz,  S. A. Maurer,  P. F. McLaughlin,  M. F. S. J. Menger,  
 J.-M. Mewes,  S. A. Mewes,  P. Morgante,  Mohammad Mostafanejad,  
 J. W. Mullinax,  K. J. Oosterbaan,  G. Paran,  V. Parravicini,  
 Alexander C. Paul,  Suranjan K. Paul,  F. Pavosevic,  Zheng Pei,  S. Prager,  
 E. I. Proynov,  E. Ramos,  B. Rana,  A. E. Rask,  A. Rettig,  R. M. Richard,  
 F. Rob,  E. Rossomme,  T. Scheele,  M. Scheurer,  M. Schneider,  
 P. E. Schneider,  N. Sergueev,  S. M. Sharada,  Hengyuan Shen,  
 W. Skomorowski,  D. W. Small,  C. J. Stein,  Yingli Su,  Yu-Chuan Su,  
 E. J. Sundstrom,  Zhen Tao,  J. Thirman,  Hung-Yi Tsai,  T. Tsuchimochi,  
 N. M. Tubman,  C. Utku,  S. P. Veccham,  O. Vydrov,  J. Wenzel,  
 Jonathan Wong,  J. Witte,  A. Yamada,  Chou-Hsun Yang,  Kun Yao,  
 S. Yeganeh,  S. R. Yost,  A. Zech,  F. Zeller,  Igor Ying Zhang,  
 Xing Zhang,  Yu Zhang,  D. Zuev,  A. Aspuru-Guzik,  A. T. Bell,  
 N. A. Besley,  K. B. Bravaya,  B. R. Brooks,  D. Casanova,  Jeng-Da Chai,  
 Hsing-Ta Chen,  S. Coriani,  C. J. Cramer,  A. E. DePrince, III,  
 R. A. DiStasio Jr.,  A. Dreuw,  B. D. Dunietz,  T. R. Furlani,  
 W. A. Goddard III,  S. Grimme,  S. Hammes-Schiffer,  T. Head-Gordon,  
 W. J. Hehre,  Chao-Ping Hsu,  T.-C. Jagau,  Yousung Jung,  A. Klamt,  
 Jing Kong,  D. S. Lambrecht,  Xiangyuan Li,  WanZhen Liang,  N. J. Mayhall,  
 C. W. McCurdy,  J. B. Neaton,  T. Neudecker,  C. Ochsenfeld,  
 J. A. Parkhill,  R. Peverati,  V. A. Rassolov,  Haisheng Ren,  Yihan Shao,  
 L. V. Slipchenko,  R. P. Steele,  J. E. Subotnik,  A. J. W. Thom,  
 A. Tkatchenko,  D. G. Truhlar,  T. Van Voorhis,  Fan Wang,  
 T. A. Wesolowski,  K. B. Whaley,  H. L. Woodcock III,  P. M. Zimmerman,  
 S. Faraji,  P. M. W. Gill,  M. Head-Gordon,  J. M. Herbert,  A. I. Krylov

 Contributors to earlier versions of Q-Chem not listed above: 
 R. D. Adamson,  B. Austin,  R. Baer,  J. Baker,  G. J. O. Beran,  
 K. Brandhorst,  S. T. Brown,  E. F. C. Byrd,  Arup K. Chakraborty,  
 G. K. L. Chan,  Chun-Min Chang,  Yunqing Chen,  C.-L. Cheng,  
 Siu Hung Chien,  D. M. Chipman,  D. L. Crittenden,  H. Dachsel,  
 R. J. Doerksen,  A. D. Dutoi,  R. G. Edgar,  J. Fosso-Tande,  
 L. Fusti-Molnar,  D. Ghosh,  A. Ghysels,  A. Golubeva-Zadorozhnaya,  
 J. Gonthier,  M. S. Gordon,  S. R. Gwaltney,  G. Hawkins,  J. E. Herr,  
 A. Heyden,  S. Hirata,  E. G. Hohenstein,  G. Kedziora,  F. J. Keil,  
 C. Kelley,  Jihan Kim,  R. A. King,  R. Z. Khaliullin,  P. P. Korambath,  
 W. Kurlancheek,  A. Laurent,  A. M. Lee,  M. S. Lee,  S. V. Levchenko,  
 Ching Yeh Lin,  D. Liotard,  E. Livshits,  R. C. Lochan,  I. Lotan,  
 L. A. Martinez-Martinez,  P. E. Maslen,  N. Nair,  D. P. O'Neill,  
 D. Neuhauser,  E. Neuscamman,  C. M. Oana,  R. Olivares-Amaya,  R. Olson,  
 T. M. Perrine,  B. Peters,  P. A. Pieniazek,  A. Prociuk,  Y. M. Rhee,  
 J. Ritchie,  M. A. Rohrdanz,  E. Rosta,  N. J. Russ,  H. F. Schaefer III,  
 M. W. Schmidt,  N. E. Schultz,  S. Sharma,  N. Shenvi,  C. D. Sherrill,  
 A. C. Simmonett,  A. Sodt,  T. Stein,  D. Stuck,  K. S. Thanthiriwatte,  
 V. Vanovschi,  L. Vogt,  Tao Wang,  A. Warshel,  M. A. Watson,  
 C. F. Williams,  Q. Wu,  X. Xu,  Jun Yang,  W. Zhang,  Yan Zhao

   Please cite Q-Chem as follows:
  "Software for the frontiers of quantum chemistry:
   An overview of developments in the Q-Chem 5 package"
   J. Chem. Phys. 155, 084801 (2021)
   https://doi.org/10.1063/5.0055522 (open access)

 Q-Chem 6.0.2 for Intel X86 EM64T Linux

 Parts of Q-Chem use Armadillo 9.900.5 (Nocturnal Misbehaviour).
 http://arma.sourceforge.net/

 Q-Chem begins on Tue Dec  3 10:55:38 2024  

 Host: 
0

     Scratch files written to /expanse/lustre/scratch/whughes/temp_project/job_35550816/SIL4-R1_rdkit_conf_4_wb97xd-OLYP-35550816//
 Dec722 |scratch|qcdevops|jenkins|workspace|build_RNUM    
 Processing $rem in /cm/shared/apps/spack/0.17.3/cpu/b/opt/spack/linux-rocky8-zen2/gcc-10.2.0/qchem-6.0-rytxnwjazd34ekd2gqyi5ufsaimxsd3r/config/preferences:
 Processing $rem in /home/whughes/.qchemrc:

 Checking the input file for inconsistencies... 	...done.

--------------------------------------------------------------
User input:
--------------------------------------------------------------
$molecule
0 3
O    0.473504628     1.7669213863    0.4196276722
C    0.046494128     1.0786034698    -0.562549494
Si   -1.7028944181   0.3788862803    -0.2663356659
C    -1.6832141614   -0.8302841071   1.1639112965
C    -2.8365956633   1.8065176702    0.127596436
C    -2.1922295769   -0.475979087    -1.8548624835
C    1.0139908437    0.3541624105    -1.496003442
C    1.5603456996    -0.9733946348   -0.9583002008
C    2.2165868522    -0.8960192606   0.4160080768
C    3.3544078189    0.097514845     0.5361046865
Cl   4.70786164      -0.2659464104   -0.592477014
H    -1.302311859    -0.3477908997   2.0662264667
H    -2.6910720789   -1.1960905911   1.3776243459
H    -1.0498253865   -1.6929140539   0.9481997712
H    -2.4958531138   2.33111436      1.0219677372
H    -2.8671470614   2.5243314519    -0.6934445654
H    -3.8532345478   1.4490358992    0.3096449443
H    -3.2176769122   -0.8438550016   -1.7658864847
H    -2.1537286492   0.2078860611    -2.7043077807
H    -1.5503510079   -1.3316944749   -2.0713744517
H    0.4986808033    0.1731640891    -2.4391396791
H    1.8346874352    1.0440267517    -1.710240407
H    2.2811732378    -1.3577237646   -1.6853874427
H    0.7470686414    -1.702533801    -0.9102971058
H    2.5751991041    -1.8885096964   0.697596328
H    1.4706068014    -0.6016720576   1.1607784685
H    3.0335693583    1.11275953      0.3143856996
H    3.7820574445    0.0797836358    1.5354342878
$end

$rem
METHOD      OLYP
BASIS       def2-QZVPP
SYM_IGNORE   TRUE
DFT_D       D3
MAX_SCF_CYCLES 300
$end

$end
--------------------------------------------------------------
 Adding empirical dispersion correction 
 ----------------------------------------------------------------
 Doing -D3(BJ) with
 s6  =   1.00000
 s8  =   2.62050
 a1  =   0.52990
 a2  =   2.80650
 -D3 energy without 3body term =     -0.1489005451 hartrees
 ----------------------------------------------------------------
             Standard Nuclear Orientation (Angstroms)
    I     Atom           X                Y                Z
 ----------------------------------------------------------------
    1      O       0.4735046280     1.7669213863     0.4196276722
    2      C       0.0464941280     1.0786034698    -0.5625494940
    3      Si     -1.7028944181     0.3788862803    -0.2663356659
    4      C      -1.6832141614    -0.8302841071     1.1639112965
    5      C      -2.8365956633     1.8065176702     0.1275964360
    6      C      -2.1922295769    -0.4759790870    -1.8548624835
    7      C       1.0139908437     0.3541624105    -1.4960034420
    8      C       1.5603456996    -0.9733946348    -0.9583002008
    9      C       2.2165868522    -0.8960192606     0.4160080768
   10      C       3.3544078189     0.0975148450     0.5361046865
   11      Cl      4.7078616400    -0.2659464104    -0.5924770140
   12      H      -1.3023118590    -0.3477908997     2.0662264667
   13      H      -2.6910720789    -1.1960905911     1.3776243459
   14      H      -1.0498253865    -1.6929140539     0.9481997712
   15      H      -2.4958531138     2.3311143600     1.0219677372
   16      H      -2.8671470614     2.5243314519    -0.6934445654
   17      H      -3.8532345478     1.4490358992     0.3096449443
   18      H      -3.2176769122    -0.8438550016    -1.7658864847
   19      H      -2.1537286492     0.2078860611    -2.7043077807
   20      H      -1.5503510079    -1.3316944749    -2.0713744517
   21      H       0.4986808033     0.1731640891    -2.4391396791
   22      H       1.8346874352     1.0440267517    -1.7102404070
   23      H       2.2811732378    -1.3577237646    -1.6853874427
   24      H       0.7470686414    -1.7025338010    -0.9102971058
   25      H       2.5751991041    -1.8885096964     0.6975963280
   26      H       1.4706068014    -0.6016720576     1.1607784685
   27      H       3.0335693583     1.1127595300     0.3143856996
   28      H       3.7820574445     0.0797836358     1.5354342878
 ----------------------------------------------------------------
 Nuclear Repulsion Energy =         830.66119795 hartrees
 There are       53 alpha and       51 beta electrons
 Requested basis set is def2-QZVPP
 There are 367 shells and 1163 basis functions

 Total QAlloc Memory Limit   8000 MB
 Mega-Array Size       188 MB
 MEM_STATIC part       192 MB

 A cutoff of  1.0D-09 yielded  43031 shell pairs
 There are    404551 function pairs (    586581 Cartesian)
 Smallest overlap matrix eigenvalue = 2.58E-05

 Q-Chem warning in module stvman/mkSTV.C, line 305:

 Overlap eigenvalue is smaller than square root of threshold
 Use THRESH >= 12 to get rid of this warning


 Scale SEOQF with 1.000000e-01/1.000000e-01/1.000000e-01

 Standard Electronic Orientation quadrupole field applied
 Nucleus-field energy     =     0.0000000226 hartrees
 Guess from superposition of atomic densities
 Warning:  Energy on first SCF cycle will be non-variational
 SAD guess density has 104.000000 electrons

 -----------------------------------------------------------------------
  General SCF calculation program by
  Eric Jon Sundstrom, Paul Horn, Yuezhi Mao, Dmitri Zuev, Alec White,
  David Stuck, Shaama M.S., Shane Yost, Joonho Lee, David Small,
  Daniel Levine, Susi Lehtola, Hugh Burton, Evgeny Epifanovsky,
  Bang C. Huynh
 -----------------------------------------------------------------------
 Exchange:  OPTX      Correlation:  LYP
 Using SG-1 standard quadrature grid
 Dispersion:   Grimme D3
 using 32 threads for integral computing
 -------------------------------------------------------
 OpenMP Integral computing Module                
 Release: version 1.0, May 2013, Q-Chem Inc. Pittsburgh 
 -------------------------------------------------------
 A unrestricted SCF calculation will be
 performed using DIIS
 SCF converges when DIIS error is below 1.0e-05
 ---------------------------------------
  Cycle       Energy         DIIS error
 ---------------------------------------
    1   -1141.3010274183      4.70e-03  
    2   -1139.7014473811      7.93e-04  
    3   -1139.1520446946      1.14e-03  
    4   -1140.1352643503      1.55e-04  
    5   -1140.1462569013      9.49e-05  
    6   -1140.1497119200      6.53e-05  
    7   -1140.1519576920      2.05e-05  
    8   -1140.1521852035      5.42e-06  Convergence criterion met
 ---------------------------------------
 SCF time:   CPU 2380.60s  wall 79.00s 
<S^2> =          2.005335268
 SCF   energy in the final basis set =    -1140.1521852035
 Total energy in the final basis set =    -1140.1521852035
 
 --------------------------------------------------------------
 
                    Orbital Energies (a.u.)
 --------------------------------------------------------------
 
 Alpha MOs
 -- Occupied --
******** -65.3917 -18.7961  -9.9542  -9.9405  -9.9262  -9.9099  -9.9084
 -9.8913  -9.8860  -9.8840  -9.1912  -7.0105  -7.0002  -6.9998  -5.0719
 -3.4761  -3.4726  -3.4721  -0.9679  -0.7819  -0.7318  -0.6718  -0.6577
 -0.6269  -0.6223  -0.6008  -0.5387  -0.5030  -0.4437  -0.4325  -0.4257
 -0.3978  -0.3903  -0.3820  -0.3730  -0.3690  -0.3665  -0.3625  -0.3553
 -0.3532  -0.3453  -0.3392  -0.3362  -0.3068  -0.3053  -0.3018  -0.2752
 -0.2723  -0.2498  -0.2486  -0.2284  -0.1097
 -- Virtual --
 -0.0183  -0.0065   0.0034   0.0046   0.0133   0.0210   0.0276   0.0321
  0.0374   0.0468   0.0530   0.0625   0.0631   0.0715   0.0722   0.0760
  0.0783   0.0840   0.0951   0.0959   0.0973   0.1019   0.1124   0.1145
  0.1174   0.1245   0.1258   0.1354   0.1481   0.1519   0.1561   0.1659
  0.1687   0.1720   0.1798   0.1837   0.1890   0.1963   0.2006   0.2042
  0.2123   0.2157   0.2197   0.2281   0.2350   0.2378   0.2468   0.2500
  0.2535   0.2568   0.2593   0.2671   0.2740   0.2756   0.2775   0.2807
  0.2855   0.2899   0.2906   0.2990   0.3009   0.3027   0.3112   0.3128
  0.3259   0.3283   0.3325   0.3399   0.3428   0.3470   0.3582   0.3666
  0.3695   0.3727   0.3834   0.3884   0.3959   0.4126   0.4188   0.4248
  0.4291   0.4369   0.4460   0.4547   0.4582   0.4623   0.4739   0.4758
  0.4810   0.4914   0.4950   0.5061   0.5093   0.5182   0.5248   0.5284
  0.5346   0.5379   0.5464   0.5485   0.5566   0.5636   0.5727   0.5817
  0.5878   0.5996   0.6050   0.6076   0.6152   0.6179   0.6248   0.6335
  0.6470   0.6497   0.6513   0.6640   0.6719   0.6785   0.6836   0.6919
  0.6972   0.7078   0.7123   0.7177   0.7187   0.7281   0.7305   0.7491
  0.7535   0.7603   0.7655   0.7751   0.7774   0.7869   0.7913   0.7930
  0.7957   0.8048   0.8090   0.8101   0.8154   0.8175   0.8207   0.8255
  0.8275   0.8382   0.8492   0.8558   0.8590   0.8699   0.8745   0.8759
  0.8812   0.8853   0.8972   0.9055   0.9106   0.9147   0.9175   0.9267
  0.9326   0.9400   0.9498   0.9557   0.9681   0.9748   0.9843   0.9870
  0.9912   0.9991   1.0029   1.0093   1.0193   1.0275   1.0315   1.0344
  1.0454   1.0519   1.0562   1.0615   1.0649   1.0723   1.0814   1.0886
  1.0924   1.0932   1.0994   1.1114   1.1208   1.1304   1.1340   1.1377
  1.1422   1.1457   1.1504   1.1539   1.1567   1.1688   1.1714   1.1825
  1.1847   1.1883   1.2040   1.2094   1.2128   1.2234   1.2280   1.2358
  1.2409   1.2520   1.2571   1.2639   1.2751   1.2796   1.2860   1.2917
  1.2984   1.3078   1.3148   1.3282   1.3335   1.3524   1.3585   1.3659
  1.3719   1.3762   1.3797   1.3899   1.3948   1.4004   1.4105   1.4132
  1.4253   1.4310   1.4374   1.4467   1.4548   1.4561   1.4651   1.4709
  1.4844   1.4893   1.4980   1.5000   1.5057   1.5105   1.5205   1.5330
  1.5426   1.5548   1.5664   1.5727   1.5856   1.6076   1.6204   1.6249
  1.6259   1.6368   1.6422   1.6745   1.6857   1.6944   1.7076   1.7106
  1.7276   1.7378   1.7492   1.7648   1.7738   1.7789   1.7903   1.7913
  1.8020   1.8258   1.8353   1.8369   1.8437   1.8502   1.8515   1.8600
  1.8640   1.8737   1.8817   1.8921   1.8926   1.8945   1.9018   1.9116
  1.9250   1.9276   1.9368   1.9448   1.9549   1.9568   1.9603   1.9651
  1.9673   1.9811   1.9933   1.9946   2.0071   2.0128   2.0195   2.0265
  2.0307   2.0408   2.0466   2.0499   2.0536   2.0666   2.0769   2.0792
  2.0871   2.0924   2.0986   2.1052   2.1126   2.1178   2.1242   2.1292
  2.1363   2.1390   2.1454   2.1486   2.1559   2.1629   2.1650   2.1698
  2.1708   2.1823   2.1890   2.1949   2.2001   2.2064   2.2115   2.2247
  2.2359   2.2389   2.2410   2.2531   2.2591   2.2718   2.2728   2.2763
  2.2898   2.2914   2.3074   2.3105   2.3114   2.3205   2.3272   2.3323
  2.3441   2.3542   2.3600   2.3613   2.3717   2.3756   2.3806   2.3974
  2.4099   2.4191   2.4275   2.4301   2.4416   2.4464   2.4509   2.4636
  2.4699   2.4756   2.4778   2.4855   2.4982   2.5009   2.5132   2.5219
  2.5270   2.5323   2.5383   2.5477   2.5525   2.5549   2.5681   2.5753
  2.5768   2.5885   2.5912   2.6061   2.6181   2.6204   2.6223   2.6250
  2.6323   2.6475   2.6627   2.6647   2.6751   2.6889   2.6925   2.6998
  2.7070   2.7172   2.7250   2.7301   2.7380   2.7448   2.7530   2.7575
  2.7642   2.7712   2.7844   2.7935   2.8019   2.8136   2.8247   2.8311
  2.8352   2.8413   2.8561   2.8584   2.8624   2.8708   2.8739   2.8761
  2.8797   2.8808   2.8915   2.8999   2.9084   2.9124   2.9211   2.9261
  2.9326   2.9408   2.9461   2.9530   2.9640   2.9695   2.9848   2.9915
  2.9947   3.0057   3.0105   3.0176   3.0240   3.0295   3.0409   3.0465
  3.0543   3.0597   3.0686   3.0808   3.0839   3.0944   3.1043   3.1175
  3.1364   3.1490   3.1541   3.1579   3.1705   3.1865   3.1964   3.1994
  3.2062   3.2148   3.2194   3.2358   3.2383   3.2556   3.2623   3.2650
  3.2736   3.2771   3.2898   3.2925   3.2995   3.3131   3.3215   3.3241
  3.3401   3.3467   3.3585   3.3630   3.3723   3.3767   3.3902   3.3952
  3.4001   3.4073   3.4111   3.4308   3.4349   3.4465   3.4598   3.4762
  3.4768   3.4898   3.4998   3.5072   3.5095   3.5191   3.5303   3.5381
  3.5423   3.5467   3.5576   3.5648   3.5763   3.5827   3.5854   3.5902
  3.6116   3.6228   3.6268   3.6373   3.6422   3.6497   3.6647   3.6803
  3.6886   3.6907   3.7044   3.7141   3.7169   3.7266   3.7361   3.7404
  3.7687   3.7737   3.7892   3.7960   3.8012   3.8055   3.8133   3.8220
  3.8359   3.8434   3.8464   3.8512   3.8567   3.8623   3.8639   3.8705
  3.8774   3.8845   3.8891   3.9173   3.9269   3.9395   3.9442   3.9584
  3.9692   3.9829   3.9894   4.0051   4.0172   4.0275   4.0513   4.0802
  4.0966   4.1241   4.1450   4.1557   4.1695   4.2069   4.2181   4.2269
  4.2434   4.2534   4.2724   4.2783   4.2874   4.3045   4.3230   4.3415
  4.3871   4.4236   4.4456   4.4693   4.4939   4.5190   4.5382   4.5515
  4.5656   4.6040   4.6178   4.6376   4.6597   4.6903   4.7461   4.7832
  4.8313   4.8777   4.9031   4.9177   4.9432   4.9679   5.0228   5.0569
  5.0648   5.1018   5.1086   5.1202   5.1559   5.1750   5.2024   5.2107
  5.2142   5.2245   5.2262   5.2440   5.2648   5.3153   5.3319   5.3364
  5.3614   5.3729   5.3752   5.3931   5.4049   5.4107   5.4383   5.4773
  5.4962   5.5156   5.5212   5.5394   5.5514   5.5715   5.5900   5.6105
  5.6234   5.6353   5.6483   5.6638   5.6670   5.6816   5.6915   5.6959
  5.7039   5.7086   5.7246   5.7319   5.7379   5.7468   5.7519   5.7594
  5.7666   5.7709   5.7729   5.7786   5.7831   5.7919   5.7968   5.8109
  5.8141   5.8193   5.8318   5.8429   5.8550   5.8563   5.8597   5.8629
  5.8758   5.8810   5.8897   5.8923   5.9013   5.9127   5.9157   5.9186
  5.9308   5.9396   5.9444   5.9488   5.9549   5.9590   5.9693   5.9742
  5.9982   6.0037   6.0253   6.0333   6.0445   6.0504   6.0536   6.0575
  6.0639   6.0675   6.0782   6.0842   6.0886   6.0973   6.1047   6.1154
  6.1243   6.1276   6.1402   6.1476   6.1596   6.1851   6.1868   6.1974
  6.2049   6.2104   6.2214   6.2240   6.2313   6.2353   6.2538   6.2687
  6.2732   6.2854   6.2888   6.2915   6.2976   6.3017   6.3103   6.3147
  6.3194   6.3263   6.3335   6.3402   6.3436   6.3649   6.3719   6.3778
  6.3926   6.4009   6.4083   6.4164   6.4265   6.4267   6.4409   6.4516
  6.4540   6.4722   6.4808   6.4925   6.4974   6.5111   6.5131   6.5220
  6.5261   6.5333   6.5391   6.5478   6.5503   6.5605   6.5642   6.5705
  6.5886   6.6125   6.6189   6.6221   6.6407   6.6553   6.6606   6.6694
  6.6881   6.7009   6.7075   6.7111   6.7186   6.7246   6.7415   6.7452
  6.7571   6.7649   6.7719   6.7768   6.7891   6.7989   6.8326   6.8923
  6.8960   6.9075   6.9134   6.9161   6.9347   6.9431   6.9455   6.9583
  6.9603   6.9701   6.9753   6.9880   6.9996   7.0168   7.0418   7.0484
  7.0597   7.0757   7.0776   7.0842   7.1173   7.1513   7.1603   7.1743
  7.1807   7.2166   7.2390   7.2546   7.2764   7.2794   7.2958   7.3064
  7.3170   7.3328   7.3361   7.3473   7.3531   7.3573   7.3670   7.3739
  7.3789   7.4003   7.4083   7.4154   7.4279   7.4340   7.4368   7.4428
  7.4509   7.4564   7.4681   7.4795   7.4928   7.5214   7.5480   7.5533
  7.5602   7.5665   7.5702   7.5752   7.5950   7.6045   7.6174   7.6293
  7.6336   7.6457   7.6495   7.6578   7.6644   7.6713   7.6733   7.6898
  7.6992   7.7020   7.7123   7.7149   7.7244   7.7323   7.7403   7.7476
  7.7593   7.7648   7.7697   7.7741   7.7781   7.7922   7.7971   7.8121
  7.8186   7.8309   7.8413   7.8522   7.8553   7.8569   7.8786   7.8867
  7.8896   7.8971   7.9089   7.9184   7.9321   7.9492   7.9606   7.9882
  8.0162   8.0173   8.0318   8.0398   8.0456   8.0568   8.0781   8.0992
  8.1075   8.1298   8.1807   8.1977   8.2059   8.2232   8.2254   8.2288
  8.2328   8.2361   8.2382   8.2443   8.2491   8.2526   8.2569   8.2660
  8.2707   8.2744   8.2855   8.2976   8.3007   8.3078   8.3131   8.3185
  8.3324   8.3366   8.3430   8.3479   8.3567   8.3625   8.3683   8.3724
  8.3770   8.3853   8.3897   8.4196   8.4317   8.4338   8.4518   8.4600
  8.4684   8.4754   8.4924   8.5023   8.5165   8.5348   8.5390   8.5529
  8.5726   8.5801   8.5927   8.5946   8.6160   8.6253   8.6398   8.6444
  8.6576   8.6756   8.6836   8.7005   8.7222   8.7279   8.7324   8.7521
  8.7549   8.7703   8.7719   8.7887   8.7935   8.7976   8.8016   8.8052
  8.8173   8.8239   8.8282   8.8356   8.8472   8.8499   8.8544   8.8679
  8.8725   8.8885   8.8902   8.8954   8.9313   8.9563   8.9836   8.9897
  9.0588   9.0667   9.0883   9.1346   9.1573   9.1631   9.2092   9.2352
  9.2752   9.3486   9.3533   9.4520   9.5011   9.5324   9.5414   9.5754
  9.5816   9.5882   9.6044   9.6283   9.6374   9.6604   9.6692   9.6813
  9.6887   9.7272   9.7516   9.7673   9.7718   9.7757   9.7830   9.7872
  9.7949   9.8090   9.8157   9.8384   9.8469   9.8591   9.8907   9.9192
  9.9402   9.9435   9.9496   9.9699   9.9750   9.9919  10.0065  10.0266
 10.0711  10.0795  10.0886  10.1053  10.1438  10.1751  10.1800  10.1881
 10.2050  10.2148  10.2189  10.2248  10.2320  10.3062  10.3315  10.3846
 10.4412  10.4664  10.4740  10.4871  10.5261  10.5523  10.5968  10.7485
 10.7675  10.8405  10.8696  11.0684  11.1814  11.2401  11.6996  11.7413
 11.8761  11.9078  11.9341  11.9944  11.9992  12.0424  12.0901  12.1013
 12.1188  12.1319  12.3029  12.4271  12.4588  12.5869  12.6135  12.7196
 12.7563  12.8130  12.8617  13.0033  13.0191  13.0320  13.0673  13.1571
 13.1896  13.7793  14.0804  17.0128  28.0805  28.7001  28.7500  28.7664
 28.8451  28.8681  28.8710  28.9006  28.9426  41.3605  41.3674  41.4724
 47.8276  58.1708  98.1322 146.9380 147.6071 147.6245 147.6381 147.7344
147.7525 147.7749 147.8633 252.5988 316.2265 525.0731
 
 Beta MOs
 -- Occupied --
******** -65.3909 -18.7792  -9.9542  -9.9337  -9.9248  -9.9100  -9.9077
 -9.8910  -9.8856  -9.8838  -9.1912  -7.0105  -7.0002  -6.9997  -5.0713
 -3.4743  -3.4722  -3.4715  -0.9248  -0.7814  -0.7263  -0.6654  -0.6553
 -0.6257  -0.6213  -0.5943  -0.5270  -0.4826  -0.4357  -0.4265  -0.4138
 -0.3870  -0.3822  -0.3747  -0.3703  -0.3682  -0.3638  -0.3555  -0.3528
 -0.3476  -0.3448  -0.3198  -0.3140  -0.3025  -0.2924  -0.2886  -0.2722
 -0.2662  -0.2495  -0.2480
 -- Virtual --
 -0.1725  -0.0522  -0.0186  -0.0064   0.0033   0.0051   0.0130   0.0217
  0.0277   0.0327   0.0366   0.0466   0.0543   0.0631   0.0657   0.0717
  0.0740   0.0777   0.0802   0.0858   0.0957   0.0969   0.1000   0.1103
  0.1127   0.1156   0.1187   0.1251   0.1266   0.1366   0.1486   0.1527
  0.1580   0.1669   0.1693   0.1739   0.1811   0.1884   0.1927   0.1981
  0.2041   0.2065   0.2150   0.2164   0.2214   0.2319   0.2360   0.2404
  0.2492   0.2507   0.2548   0.2575   0.2624   0.2693   0.2758   0.2782
  0.2785   0.2817   0.2860   0.2923   0.2947   0.3009   0.3022   0.3061
  0.3127   0.3140   0.3271   0.3296   0.3345   0.3408   0.3460   0.3487
  0.3601   0.3684   0.3705   0.3750   0.3857   0.3888   0.4010   0.4161
  0.4212   0.4267   0.4303   0.4394   0.4492   0.4572   0.4626   0.4651
  0.4764   0.4793   0.4829   0.4961   0.4974   0.5076   0.5120   0.5203
  0.5283   0.5301   0.5366   0.5401   0.5489   0.5526   0.5597   0.5665
  0.5762   0.5861   0.5911   0.6036   0.6066   0.6094   0.6179   0.6199
  0.6253   0.6342   0.6487   0.6512   0.6543   0.6656   0.6753   0.6798
  0.6860   0.6959   0.7003   0.7107   0.7151   0.7185   0.7224   0.7309
  0.7338   0.7522   0.7558   0.7629   0.7676   0.7775   0.7808   0.7898
  0.7935   0.7944   0.7967   0.8072   0.8109   0.8130   0.8168   0.8219
  0.8220   0.8274   0.8296   0.8398   0.8510   0.8587   0.8611   0.8736
  0.8758   0.8799   0.8830   0.8894   0.9071   0.9088   0.9130   0.9213
  0.9225   0.9285   0.9345   0.9433   0.9510   0.9580   0.9720   0.9788
  0.9863   0.9913   0.9932   1.0015   1.0061   1.0124   1.0211   1.0291
  1.0350   1.0370   1.0489   1.0545   1.0596   1.0636   1.0671   1.0742
  1.0833   1.0934   1.0944   1.0969   1.1023   1.1130   1.1230   1.1327
  1.1363   1.1403   1.1449   1.1475   1.1528   1.1555   1.1621   1.1715
  1.1737   1.1849   1.1870   1.1914   1.2065   1.2145   1.2151   1.2263
  1.2313   1.2380   1.2436   1.2539   1.2605   1.2680   1.2770   1.2833
  1.2903   1.2993   1.3056   1.3130   1.3187   1.3330   1.3367   1.3544
  1.3618   1.3702   1.3752   1.3812   1.3839   1.3930   1.3980   1.4052
  1.4132   1.4178   1.4282   1.4356   1.4429   1.4501   1.4598   1.4647
  1.4703   1.4742   1.4884   1.4945   1.5009   1.5044   1.5091   1.5132
  1.5226   1.5369   1.5475   1.5618   1.5725   1.5802   1.5921   1.6152
  1.6260   1.6307   1.6339   1.6416   1.6473   1.6788   1.6917   1.7012
  1.7131   1.7193   1.7326   1.7422   1.7550   1.7679   1.7785   1.7810
  1.7934   1.7961   1.8064   1.8284   1.8402   1.8428   1.8475   1.8528
  1.8542   1.8637   1.8667   1.8793   1.8845   1.8956   1.8982   1.8988
  1.9048   1.9144   1.9293   1.9304   1.9410   1.9470   1.9596   1.9610
  1.9647   1.9695   1.9712   1.9859   1.9956   1.9989   2.0112   2.0152
  2.0241   2.0305   2.0345   2.0464   2.0532   2.0555   2.0572   2.0696
  2.0807   2.0832   2.0912   2.0994   2.1015   2.1088   2.1159   2.1211
  2.1287   2.1345   2.1412   2.1449   2.1483   2.1527   2.1580   2.1674
  2.1681   2.1745   2.1753   2.1863   2.1932   2.1982   2.2026   2.2090
  2.2155   2.2266   2.2407   2.2431   2.2466   2.2563   2.2638   2.2748
  2.2776   2.2819   2.2933   2.2954   2.3126   2.3147   2.3171   2.3248
  2.3318   2.3373   2.3479   2.3590   2.3634   2.3655   2.3766   2.3808
  2.3854   2.4009   2.4132   2.4220   2.4317   2.4365   2.4452   2.4505
  2.4545   2.4669   2.4744   2.4810   2.4823   2.4905   2.5013   2.5057
  2.5178   2.5248   2.5328   2.5372   2.5419   2.5505   2.5564   2.5579
  2.5706   2.5800   2.5826   2.5919   2.5957   2.6093   2.6209   2.6247
  2.6266   2.6279   2.6384   2.6517   2.6671   2.6700   2.6797   2.6948
  2.6992   2.7049   2.7124   2.7207   2.7313   2.7347   2.7407   2.7485
  2.7578   2.7621   2.7671   2.7754   2.7889   2.7993   2.8049   2.8170
  2.8288   2.8348   2.8395   2.8449   2.8597   2.8627   2.8663   2.8730
  2.8764   2.8785   2.8814   2.8835   2.8941   2.9032   2.9125   2.9157
  2.9259   2.9299   2.9368   2.9449   2.9497   2.9563   2.9660   2.9725
  2.9892   2.9951   2.9984   3.0094   3.0134   3.0222   3.0281   3.0347
  3.0451   3.0492   3.0619   3.0645   3.0708   3.0848   3.0897   3.0979
  3.1081   3.1223   3.1400   3.1568   3.1580   3.1626   3.1745   3.1899
  3.2008   3.2044   3.2120   3.2190   3.2223   3.2366   3.2436   3.2603
  3.2689   3.2734   3.2770   3.2814   3.2943   3.2962   3.3042   3.3179
  3.3254   3.3275   3.3460   3.3554   3.3626   3.3676   3.3763   3.3832
  3.3971   3.3987   3.4049   3.4112   3.4175   3.4371   3.4413   3.4519
  3.4657   3.4795   3.4803   3.4954   3.5037   3.5100   3.5122   3.5225
  3.5341   3.5421   3.5449   3.5510   3.5616   3.5702   3.5795   3.5860
  3.5898   3.5947   3.6190   3.6269   3.6317   3.6421   3.6474   3.6537
  3.6679   3.6844   3.6912   3.6964   3.7075   3.7166   3.7213   3.7303
  3.7408   3.7450   3.7711   3.7782   3.7937   3.7994   3.8061   3.8145
  3.8163   3.8279   3.8394   3.8457   3.8514   3.8580   3.8620   3.8655
  3.8678   3.8733   3.8846   3.8879   3.8977   3.9263   3.9349   3.9435
  3.9532   3.9618   3.9717   3.9880   3.9966   4.0071   4.0207   4.0424
  4.0609   4.0961   4.1061   4.1369   4.1549   4.1603   4.1797   4.2125
  4.2301   4.2411   4.2577   4.2644   4.2805   4.2853   4.2910   4.3161
  4.3272   4.3567   4.3974   4.4329   4.4534   4.4759   4.4954   4.5249
  4.5479   4.5573   4.5764   4.6143   4.6229   4.6461   4.6689   4.6967
  4.7548   4.7870   4.8438   4.8963   4.9190   4.9220   4.9642   4.9835
  5.0328   5.0645   5.0753   5.1121   5.1237   5.1398   5.1716   5.1903
  5.2144   5.2167   5.2224   5.2271   5.2345   5.2521   5.2761   5.3227
  5.3386   5.3469   5.3757   5.3786   5.3798   5.3982   5.4129   5.4173
  5.4588   5.4806   5.5043   5.5225   5.5294   5.5439   5.5590   5.5825
  5.5974   5.6154   5.6302   5.6414   5.6559   5.6693   5.6754   5.6871
  5.6960   5.6995   5.7086   5.7115   5.7273   5.7374   5.7427   5.7516
  5.7564   5.7627   5.7709   5.7729   5.7773   5.7843   5.7866   5.7951
  5.8001   5.8152   5.8193   5.8265   5.8335   5.8506   5.8599   5.8616
  5.8645   5.8660   5.8787   5.8839   5.8925   5.8982   5.9035   5.9171
  5.9199   5.9217   5.9343   5.9426   5.9479   5.9530   5.9577   5.9621
  5.9786   5.9803   6.0027   6.0090   6.0298   6.0397   6.0476   6.0545
  6.0572   6.0616   6.0690   6.0706   6.0834   6.0872   6.0930   6.1026
  6.1082   6.1202   6.1296   6.1339   6.1464   6.1527   6.1688   6.1883
  6.1925   6.2033   6.2097   6.2159   6.2245   6.2300   6.2363   6.2403
  6.2574   6.2738   6.2771   6.2892   6.2917   6.2943   6.3028   6.3084
  6.3151   6.3173   6.3254   6.3311   6.3410   6.3438   6.3537   6.3715
  6.3761   6.3801   6.3986   6.4041   6.4137   6.4205   6.4297   6.4310
  6.4483   6.4590   6.4599   6.4751   6.4862   6.4963   6.5024   6.5162
  6.5184   6.5265   6.5315   6.5364   6.5442   6.5521   6.5553   6.5678
  6.5721   6.5787   6.5961   6.6189   6.6256   6.6364   6.6476   6.6594
  6.6636   6.6799   6.6932   6.7069   6.7139   6.7203   6.7246   6.7330
  6.7446   6.7493   6.7609   6.7693   6.7788   6.7876   6.7936   6.8056
  6.8385   6.8983   6.9022   6.9156   6.9210   6.9255   6.9386   6.9466
  6.9483   6.9611   6.9656   6.9728   6.9780   6.9927   7.0076   7.0279
  7.0500   7.0561   7.0658   7.0791   7.0810   7.0919   7.1263   7.1620
  7.1736   7.1865   7.1901   7.2244   7.2505   7.2574   7.2797   7.2873
  7.2966   7.3086   7.3185   7.3354   7.3373   7.3491   7.3542   7.3598
  7.3684   7.3753   7.3820   7.4048   7.4108   7.4176   7.4294   7.4358
  7.4386   7.4440   7.4535   7.4584   7.4703   7.4815   7.4989   7.5257
  7.5517   7.5549   7.5625   7.5688   7.5729   7.5780   7.5975   7.6065
  7.6191   7.6316   7.6367   7.6503   7.6509   7.6590   7.6661   7.6740
  7.6760   7.6913   7.7009   7.7039   7.7141   7.7179   7.7267   7.7347
  7.7417   7.7498   7.7611   7.7674   7.7725   7.7777   7.7810   7.7951
  7.8006   7.8148   7.8208   7.8328   7.8437   7.8539   7.8579   7.8586
  7.8809   7.8891   7.8918   7.9001   7.9134   7.9225   7.9354   7.9528
  7.9648   7.9905   8.0187   8.0200   8.0339   8.0415   8.0472   8.0611
  8.0820   8.1031   8.1098   8.1330   8.1848   8.2010   8.2140   8.2246
  8.2281   8.2295   8.2338   8.2371   8.2401   8.2464   8.2504   8.2537
  8.2582   8.2673   8.2720   8.2772   8.2887   8.3002   8.3018   8.3147
  8.3151   8.3198   8.3343   8.3381   8.3444   8.3493   8.3577   8.3656
  8.3696   8.3738   8.3824   8.3863   8.3924   8.4224   8.4340   8.4365
  8.4536   8.4616   8.4698   8.4771   8.4940   8.5077   8.5200   8.5368
  8.5407   8.5542   8.5746   8.5830   8.5952   8.5963   8.6205   8.6288
  8.6428   8.6471   8.6598   8.6798   8.7071   8.7269   8.7318   8.7493
  8.7552   8.7640   8.7694   8.7712   8.7774   8.7908   8.7960   8.8028
  8.8055   8.8070   8.8186   8.8250   8.8293   8.8377   8.8504   8.8524
  8.8646   8.8732   8.8822   8.8906   8.9065   8.9167   8.9425   8.9660
  8.9919   8.9995   9.0616   9.0763   9.0958   9.1428   9.1615   9.1669
  9.2107   9.2402   9.2937   9.3521   9.3587   9.4551   9.5038   9.5378
  9.5656   9.5814   9.5903   9.6064   9.6139   9.6298   9.6439   9.6646
  9.6708   9.6823   9.6908   9.7284   9.7522   9.7682   9.7730   9.7772
  9.7842   9.7881   9.7958   9.8101   9.8164   9.8401   9.8479   9.8600
  9.8954   9.9207   9.9411   9.9445   9.9511   9.9707   9.9773   9.9957
 10.0092  10.0374  10.0744  10.0839  10.1139  10.1223  10.1596  10.1780
 10.1819  10.1928  10.2065  10.2180  10.2201  10.2287  10.2347  10.3310
 10.3449  10.3893  10.4427  10.4673  10.4762  10.4884  10.5262  10.5530
 10.5997  10.7485  10.7680  10.9333  10.9611  11.0687  11.2474  11.3080
 11.7412  11.7905  11.8777  11.9353  11.9672  12.0063  12.0702  12.0970
 12.1005  12.1131  12.1360  12.1766  12.3137  12.4294  12.4668  12.5901
 12.6199  12.7596  12.7851  12.8172  12.9222  13.0075  13.0343  13.0362
 13.0705  13.1593  13.1927  13.8212  14.1718  17.0141  28.1057  28.7003
 28.7509  28.7675  28.8493  28.8691  28.8717  28.9015  28.9441  41.3605
 41.3674  41.4725  47.8636  58.1727  98.1322 146.9406 147.6072 147.6247
147.6383 147.7349 147.7531 147.7752 147.8638 252.6098 316.2273 525.0731
 --------------------------------------------------------------
 
          Ground-State Mulliken Net Atomic Charges

     Atom                 Charge (a.u.)    Spin (a.u.)
  --------------------------------------------------------
      1 O                    -0.291312       0.810150
      2 C                    -0.012540       0.736365
      3 Si                    0.807942       0.242795
      4 C                    -0.248778       0.023218
      5 C                    -0.255913       0.013708
      6 C                    -0.268437       0.021291
      7 C                     0.017643       0.098653
      8 C                     0.108047       0.033809
      9 C                     0.101340       0.000383
     10 C                     0.188611      -0.003599
     11 Cl                   -0.295363       0.001427
     12 H                     0.022795      -0.005269
     13 H                     0.014476       0.008135
     14 H                     0.024631      -0.005508
     15 H                     0.026362      -0.002728
     16 H                     0.006745      -0.005952
     17 H                     0.000017       0.001335
     18 H                     0.010902       0.008061
     19 H                     0.030854      -0.004133
     20 H                     0.033150      -0.002090
     21 H                     0.010441       0.006072
     22 H                    -0.002201       0.016582
     23 H                    -0.019629       0.017140
     24 H                     0.003129      -0.013878
     25 H                    -0.023851       0.000741
     26 H                     0.020173      -0.006722
     27 H                     0.022543       0.007968
     28 H                    -0.031781       0.002046
  --------------------------------------------------------
  Sum of atomic charges =    -0.000000
  Sum of spin   charges =     2.000000

 -----------------------------------------------------------------
                    Cartesian Multipole Moments
 -----------------------------------------------------------------
    Charge (ESU x 10^10)
                -0.0000
    Dipole Moment (Debye)
         X      -2.8084      Y      -1.4766      Z      -0.0283
       Tot       3.1730
    Quadrupole Moments (Debye-Ang)
        XX     -93.1875     XY       0.3352     YY     -87.8226
        XZ       3.5220     YZ      -0.6404     ZZ     -82.5520
    Octopole Moments (Debye-Ang^2)
       XXX    -216.8826    XXY      -5.3076    XYY     -45.4130
       YYY     -39.3436    XXZ      40.2091    XYZ      -0.7215
       YYZ      23.3560    XZZ     -40.8895    YZZ      -8.2165
       ZZZ      75.8224
    Hexadecapole Moments (Debye-Ang^3)
      XXXX   -3896.9701   XXXY     207.8281   XXYY    -700.5635
      XYYY     171.9358   YYYY    -616.0463   XXXZ     106.1754
      XXYZ      -5.5513   XYYZ      17.8542   YYYZ     -13.1249
      XXZZ    -679.1472   XYZZ      48.8061   YYZZ    -202.5428
      XZZZ      51.8743   YZZZ      -9.9684   ZZZZ    -594.9351
 -----------------------------------------------------------------
 Total job time:  82.81s(wall), 2427.91s(cpu) 
 Tue Dec  3 10:57:01 2024

        *************************************************************
        *                                                           *
        *  Thank you very much for using Q-Chem.  Have a nice day.  *
        *                                                           *
        *************************************************************


