
Running Job 1 of 1 ent1b-r1-triplet-wb97xd-OLYP.in
qchem ent1b-r1-triplet-wb97xd-OLYP.in_988077.0 /expanse/lustre/scratch/whughes/temp_project/job_32693418/ent1b-r1-triplet-wb97xd-OLYP-32693418/ 0
/cm/shared/apps/spack/0.17.3/cpu/b/opt/spack/linux-rocky8-zen2/gcc-10.2.0/qchem-6.0-rytxnwjazd34ekd2gqyi5ufsaimxsd3r/exe/qcprog.exe_s ent1b-r1-triplet-wb97xd-OLYP.in_988077.0 /expanse/lustre/scratch/whughes/temp_project/job_32693418/ent1b-r1-triplet-wb97xd-OLYP-32693418/
                  Welcome to Q-Chem
     A Quantum Leap Into The Future Of Chemistry


 Q-Chem 6.0, Q-Chem, Inc., Pleasanton, CA (2022)

 License issued to: University of California, San Diego (site)

 E. Epifanovsky,  A. T. B. Gilbert,  Xintian Feng,  Joonho Lee,  Yuezhi Mao,  
 N. Mardirossian,  P. Pokhilko,  A. White,  M. Wormit,  M. P. Coons,  
 A. L. Dempwolff,  Zhengting Gan,  D. Hait,  P. R. Horn,  L. D. Jacobson,  
 I. Kaliman,  J. Kussmann,  A. W. Lange,  Ka Un Lao,  D. S. Levine,  Jie Liu,  
 S. C. McKenzie,  A. F. Morrison,  K. Nanda,  F. Plasser,  D. R. Rehn,  
 M. L. Vidal,  Zhi-Qiang You,  Ying Zhu,  B. Alam,  B. Albrecht,  
 A. Aldossary,  E. Alguire,  J. H. Andersen,  V. Athavale,  D. Barton,  
 K. Begam,  A. Behn,  N. Bellonzi,  Y. A. Bernard,  E. J. Berquist,  
 H. Burton,  A. Carreras,  K. Carter-Fenk,  Romit Chakraborty,  
 Chandrima Chakravarty,  Junhan Chen,  A. D. Chien,  K. D. Closser,  
 V. Cofer-Shabica,  L. Cunha,  S. Dasgupta,  Jia Deng,  M. de Wergifosse,  
 M. Diedenhofen,  Hainam Do,  S. Ehlert,  Po-Tung Fang,  S. Fatehi,  
 Qingguo Feng,  T. Friedhoff,  B. Ganoe,  J. Gayvert,  Qinghui Ge,  
 G. Gidofalvi,  M. Goldey,  J. Gomes,  C. Gonzalez-Espinoza,  S. Gulania,  
 A. Gunina,  J. A. Gyamfi,  M. W. D. Hanson-Heine,  P. H. P. Harbach,  
 A. W. Hauser,  M. F. Herbst,  M. Hernandez Vera,  M. Hodecker,  
 Z. C. Holden,  S. Houck,  Xunkun Huang,  Kerwin Hui,  B. C. Huynh,  
 K. Ikeda,  M. Ivanov,  Hyunjun Ji,  Zuxin Jin,  Hanjie Jiang,  B. Kaduk,  
 S. Kaehler,  R. Kang,  K. Khistyaev,  Jaehoon Kim,  Yongbin Kim,  
 P. Klunzinger,  Z. Koczor-Benda,  Joong Hoon Koh,  D. Kosenkov,  
 Saikiran Kotaru,  L. Koulias,  T. Kowalczyk,  C. M. Krauter,  K. Kue,  
 A. Kunitsa,  T. Kus,  A. Landau,  K. V. Lawler,  D. Lefrancois,  S. Lehtola,  
 Rain Li,  Shaozhi Li,  Yi-Pei Li,  Jiashu Liang,  M. Liebenthal,  
 Hung-Hsuan Lin,  You-Sheng Lin,  Fenglai Liu,  Kuan-Yu Liu,  
 M. Loipersberger,  A. Luenser,  C. Malbon,  A. Manjanath,  P. Manohar,  
 E. Mansoor,  S. F. Manzer,  Shan-Ping Mao,  A. V. Marenich,  T. Markovich,  
 S. Mason,  F. Matz,  S. A. Maurer,  P. F. McLaughlin,  M. F. S. J. Menger,  
 J.-M. Mewes,  S. A. Mewes,  P. Morgante,  Mohammad Mostafanejad,  
 J. W. Mullinax,  K. J. Oosterbaan,  G. Paran,  V. Parravicini,  
 Alexander C. Paul,  Suranjan K. Paul,  F. Pavosevic,  Zheng Pei,  S. Prager,  
 E. I. Proynov,  E. Ramos,  B. Rana,  A. E. Rask,  A. Rettig,  R. M. Richard,  
 F. Rob,  E. Rossomme,  T. Scheele,  M. Scheurer,  M. Schneider,  
 P. E. Schneider,  N. Sergueev,  S. M. Sharada,  Hengyuan Shen,  
 W. Skomorowski,  D. W. Small,  C. J. Stein,  Yingli Su,  Yu-Chuan Su,  
 E. J. Sundstrom,  Zhen Tao,  J. Thirman,  Hung-Yi Tsai,  T. Tsuchimochi,  
 N. M. Tubman,  C. Utku,  S. P. Veccham,  O. Vydrov,  J. Wenzel,  
 Jonathan Wong,  J. Witte,  A. Yamada,  Chou-Hsun Yang,  Kun Yao,  
 S. Yeganeh,  S. R. Yost,  A. Zech,  F. Zeller,  Igor Ying Zhang,  
 Xing Zhang,  Yu Zhang,  D. Zuev,  A. Aspuru-Guzik,  A. T. Bell,  
 N. A. Besley,  K. B. Bravaya,  B. R. Brooks,  D. Casanova,  Jeng-Da Chai,  
 Hsing-Ta Chen,  S. Coriani,  C. J. Cramer,  A. E. DePrince, III,  
 R. A. DiStasio Jr.,  A. Dreuw,  B. D. Dunietz,  T. R. Furlani,  
 W. A. Goddard III,  S. Grimme,  S. Hammes-Schiffer,  T. Head-Gordon,  
 W. J. Hehre,  Chao-Ping Hsu,  T.-C. Jagau,  Yousung Jung,  A. Klamt,  
 Jing Kong,  D. S. Lambrecht,  Xiangyuan Li,  WanZhen Liang,  N. J. Mayhall,  
 C. W. McCurdy,  J. B. Neaton,  T. Neudecker,  C. Ochsenfeld,  
 J. A. Parkhill,  R. Peverati,  V. A. Rassolov,  Haisheng Ren,  Yihan Shao,  
 L. V. Slipchenko,  R. P. Steele,  J. E. Subotnik,  A. J. W. Thom,  
 A. Tkatchenko,  D. G. Truhlar,  T. Van Voorhis,  Fan Wang,  
 T. A. Wesolowski,  K. B. Whaley,  H. L. Woodcock III,  P. M. Zimmerman,  
 S. Faraji,  P. M. W. Gill,  M. Head-Gordon,  J. M. Herbert,  A. I. Krylov

 Contributors to earlier versions of Q-Chem not listed above: 
 R. D. Adamson,  B. Austin,  R. Baer,  J. Baker,  G. J. O. Beran,  
 K. Brandhorst,  S. T. Brown,  E. F. C. Byrd,  Arup K. Chakraborty,  
 G. K. L. Chan,  Chun-Min Chang,  Yunqing Chen,  C.-L. Cheng,  
 Siu Hung Chien,  D. M. Chipman,  D. L. Crittenden,  H. Dachsel,  
 R. J. Doerksen,  A. D. Dutoi,  R. G. Edgar,  J. Fosso-Tande,  
 L. Fusti-Molnar,  D. Ghosh,  A. Ghysels,  A. Golubeva-Zadorozhnaya,  
 J. Gonthier,  M. S. Gordon,  S. R. Gwaltney,  G. Hawkins,  J. E. Herr,  
 A. Heyden,  S. Hirata,  E. G. Hohenstein,  G. Kedziora,  F. J. Keil,  
 C. Kelley,  Jihan Kim,  R. A. King,  R. Z. Khaliullin,  P. P. Korambath,  
 W. Kurlancheek,  A. Laurent,  A. M. Lee,  M. S. Lee,  S. V. Levchenko,  
 Ching Yeh Lin,  D. Liotard,  E. Livshits,  R. C. Lochan,  I. Lotan,  
 L. A. Martinez-Martinez,  P. E. Maslen,  N. Nair,  D. P. O'Neill,  
 D. Neuhauser,  E. Neuscamman,  C. M. Oana,  R. Olivares-Amaya,  R. Olson,  
 T. M. Perrine,  B. Peters,  P. A. Pieniazek,  A. Prociuk,  Y. M. Rhee,  
 J. Ritchie,  M. A. Rohrdanz,  E. Rosta,  N. J. Russ,  H. F. Schaefer III,  
 M. W. Schmidt,  N. E. Schultz,  S. Sharma,  N. Shenvi,  C. D. Sherrill,  
 A. C. Simmonett,  A. Sodt,  T. Stein,  D. Stuck,  K. S. Thanthiriwatte,  
 V. Vanovschi,  L. Vogt,  Tao Wang,  A. Warshel,  M. A. Watson,  
 C. F. Williams,  Q. Wu,  X. Xu,  Jun Yang,  W. Zhang,  Yan Zhao

   Please cite Q-Chem as follows:
  "Software for the frontiers of quantum chemistry:
   An overview of developments in the Q-Chem 5 package"
   J. Chem. Phys. 155, 084801 (2021)
   https://doi.org/10.1063/5.0055522 (open access)

 Q-Chem 6.0.2 for Intel X86 EM64T Linux

 Parts of Q-Chem use Armadillo 9.900.5 (Nocturnal Misbehaviour).
 http://arma.sourceforge.net/

 Q-Chem begins on Thu Aug  1 12:51:43 2024  

 Host: 
0

     Scratch files written to /expanse/lustre/scratch/whughes/temp_project/job_32693418/ent1b-r1-triplet-wb97xd-OLYP-32693418//
 Dec722 |scratch|qcdevops|jenkins|workspace|build_RNUM    
 Processing $rem in /cm/shared/apps/spack/0.17.3/cpu/b/opt/spack/linux-rocky8-zen2/gcc-10.2.0/qchem-6.0-rytxnwjazd34ekd2gqyi5ufsaimxsd3r/config/preferences:
 Processing $rem in /home/whughes/.qchemrc:

 Checking the input file for inconsistencies... 	...done.

--------------------------------------------------------------
User input:
--------------------------------------------------------------
$molecule
0 3
C    0.7632777989    0.8333296854    -0.1380782061
C    2.0788854594    0.2064382482    -0.13895824
C    2.7739118741    -0.1226335864   -1.3720841014
C    -0.45541741     0.130612285     -0.0544142182
C    -1.6886928511   0.8251467126    -0.076995135
C    -2.8855332981   0.1488635389    0.0004443342
C    -2.9053980844   -1.2402593469   0.1037169168
C    -1.7055240024   -1.945491159    0.1289533427
C    -0.5012949306   -1.2798157021   0.051758115
H    0.7237345779    1.9176520372    -0.2194012483
H    2.6438572238    0.1541498601    0.7877472787
H    3.5761374256    -0.842970674    -1.2488307356
H    2.1124604598    -0.3950086643   -2.1888977758
H    -1.6786664833   1.9056168065    -0.1582170886
H    -3.8166129867   0.7012943807    -0.0195307523
H    -3.8482326195   -1.7680393254   0.1641973154
H    -1.717166289    -3.0252652893   0.2102857441
H    0.4292150979    -1.8346924706   0.0744649719
Br   3.7306727977    1.5150263935    -2.0856497175
$end

$rem
METHOD      OLYP
BASIS       def2-QZVPP
SYM_IGNORE   TRUE
DFT_D       D3
MAX_SCF_CYCLES 300
$end

$end
--------------------------------------------------------------
 Adding empirical dispersion correction 
 ----------------------------------------------------------------
 Doing -D3(BJ) with
 s6  =   1.00000
 s8  =   2.62050
 a1  =   0.52990
 a2  =   2.80650
 -D3 energy without 3body term =     -0.1108019487 hartrees
 ----------------------------------------------------------------
             Standard Nuclear Orientation (Angstroms)
    I     Atom           X                Y                Z
 ----------------------------------------------------------------
    1      C       0.7632777989     0.8333296854    -0.1380782061
    2      C       2.0788854594     0.2064382482    -0.1389582400
    3      C       2.7739118741    -0.1226335864    -1.3720841014
    4      C      -0.4554174100     0.1306122850    -0.0544142182
    5      C      -1.6886928511     0.8251467126    -0.0769951350
    6      C      -2.8855332981     0.1488635389     0.0004443342
    7      C      -2.9053980844    -1.2402593469     0.1037169168
    8      C      -1.7055240024    -1.9454911590     0.1289533427
    9      C      -0.5012949306    -1.2798157021     0.0517581150
   10      H       0.7237345779     1.9176520372    -0.2194012483
   11      H       2.6438572238     0.1541498601     0.7877472787
   12      H       3.5761374256    -0.8429706740    -1.2488307356
   13      H       2.1124604598    -0.3950086643    -2.1888977758
   14      H      -1.6786664833     1.9056168065    -0.1582170886
   15      H      -3.8166129867     0.7012943807    -0.0195307523
   16      H      -3.8482326195    -1.7680393254     0.1641973154
   17      H      -1.7171662890    -3.0252652893     0.2102857441
   18      H       0.4292150979    -1.8346924706     0.0744649719
   19      Br      3.7306727977     1.5150263935    -2.0856497175
 ----------------------------------------------------------------
 Nuclear Repulsion Energy =         654.23399232 hartrees
 There are       50 alpha and       48 beta electrons
 Requested basis set is def2-QZVPP
 There are 270 shells and 872 basis functions

 Total QAlloc Memory Limit   8000 MB
 Mega-Array Size       188 MB
 MEM_STATIC part       192 MB

 A cutoff of  1.0D-09 yielded  24385 shell pairs
 There are    247209 function pairs (    369270 Cartesian)
 Smallest overlap matrix eigenvalue = 6.14E-06

 Q-Chem warning in module stvman/mkSTV.C, line 305:

 Overlap eigenvalue is smaller than square root of threshold
 Use THRESH >= 12 to get rid of this warning


 Scale SEOQF with 1.000000e-01/1.000000e-01/1.000000e-01

 Standard Electronic Orientation quadrupole field applied
 Nucleus-field energy     =     0.0000000199 hartrees
 Guess from superposition of atomic densities
 Warning:  Energy on first SCF cycle will be non-variational
 SAD guess density has 98.000000 electrons

 -----------------------------------------------------------------------
  General SCF calculation program by
  Eric Jon Sundstrom, Paul Horn, Yuezhi Mao, Dmitri Zuev, Alec White,
  David Stuck, Shaama M.S., Shane Yost, Joonho Lee, David Small,
  Daniel Levine, Susi Lehtola, Hugh Burton, Evgeny Epifanovsky,
  Bang C. Huynh
 -----------------------------------------------------------------------
 Exchange:  OPTX      Correlation:  LYP
 Using SG-1 standard quadrature grid
 Dispersion:   Grimme D3
 using 32 threads for integral computing
 -------------------------------------------------------
 OpenMP Integral computing Module                
 Release: version 1.0, May 2013, Q-Chem Inc. Pittsburgh 
 -------------------------------------------------------
 A unrestricted SCF calculation will be
 performed using DIIS
 SCF converges when DIIS error is below 1.0e-05
 ---------------------------------------
  Cycle       Energy         DIIS error
 ---------------------------------------
    1   -2924.9447054743      6.16e-03  
    2   -2923.0853419473      7.52e-04  
    3   -2922.7386346311      1.15e-03  
    4   -2923.3203922858      1.94e-04  
    5   -2923.3314004467      9.46e-05  
    6   -2923.3339641648      3.92e-05  
    7   -2923.3344695285      1.89e-05  
    8   -2923.3346092556      6.32e-06  Convergence criterion met
 ---------------------------------------
 SCF time:   CPU 1497.71s  wall 47.00s 
<S^2> =          2.014239233
 SCF   energy in the final basis set =    -2923.3346092556
 Total energy in the final basis set =    -2923.3346092556
 
 --------------------------------------------------------------
 
                    Orbital Energies (a.u.)
 --------------------------------------------------------------
 
 Alpha MOs
 -- Occupied --
******** -61.8500 -55.7718 -55.7676 -55.7674  -9.9606  -9.9400  -9.9241
 -9.9235  -9.9126  -9.9120  -9.9118  -9.9101  -9.9101  -8.4125  -6.2891
 -6.2772  -6.2766  -2.4902  -2.4874  -2.4869  -2.4781  -2.4780  -0.7986
 -0.7623  -0.7186  -0.6889  -0.6724  -0.6194  -0.5610  -0.5517  -0.5120
 -0.4682  -0.4404  -0.4249  -0.4092  -0.3854  -0.3839  -0.3778  -0.3528
 -0.3469  -0.3420  -0.3146  -0.2994  -0.2638  -0.2419  -0.2383  -0.2368
 -0.1852  -0.1595
 -- Virtual --
 -0.0446  -0.0330  -0.0213  -0.0036   0.0093   0.0130   0.0240   0.0338
  0.0394   0.0487   0.0667   0.0735   0.0835   0.0898   0.1032   0.1062
  0.1128   0.1200   0.1257   0.1307   0.1457   0.1484   0.1509   0.1579
  0.1706   0.1714   0.1743   0.1834   0.1877   0.1973   0.2074   0.2086
  0.2215   0.2260   0.2274   0.2363   0.2406   0.2554   0.2595   0.2634
  0.2638   0.2714   0.2730   0.2803   0.2835   0.2899   0.2978   0.3101
  0.3130   0.3142   0.3226   0.3284   0.3375   0.3458   0.3498   0.3684
  0.3775   0.3829   0.3936   0.3987   0.4136   0.4219   0.4227   0.4274
  0.4373   0.4455   0.4596   0.4658   0.4695   0.4744   0.4826   0.4998
  0.5071   0.5161   0.5208   0.5320   0.5364   0.5411   0.5575   0.5697
  0.5843   0.5924   0.5951   0.6026   0.6107   0.6202   0.6269   0.6443
  0.6548   0.6677   0.6766   0.6857   0.6867   0.6927   0.7046   0.7104
  0.7186   0.7253   0.7344   0.7386   0.7448   0.7473   0.7569   0.7700
  0.7721   0.7809   0.7861   0.7976   0.8021   0.8138   0.8155   0.8236
  0.8278   0.8377   0.8392   0.8490   0.8556   0.8625   0.8723   0.8738
  0.8838   0.8885   0.9049   0.9108   0.9161   0.9195   0.9246   0.9333
  0.9442   0.9530   0.9701   0.9753   0.9794   0.9841   0.9895   1.0007
  1.0111   1.0145   1.0255   1.0315   1.0363   1.0501   1.0574   1.0616
  1.0701   1.0774   1.0873   1.1003   1.1082   1.1222   1.1333   1.1383
  1.1460   1.1514   1.1659   1.1716   1.1739   1.2047   1.2100   1.2230
  1.2323   1.2464   1.2570   1.2644   1.2695   1.2816   1.2978   1.3070
  1.3148   1.3238   1.3393   1.3490   1.3613   1.3837   1.4032   1.4140
  1.4261   1.4422   1.4520   1.4665   1.4772   1.4860   1.5016   1.5170
  1.5252   1.5377   1.5494   1.5535   1.5648   1.5774   1.5892   1.6017
  1.6141   1.6252   1.6425   1.6432   1.6506   1.6613   1.6866   1.6985
  1.6997   1.7140   1.7177   1.7405   1.7489   1.7537   1.7660   1.7728
  1.7865   1.7926   1.8040   1.8107   1.8118   1.8298   1.8385   1.8481
  1.8602   1.8789   1.8828   1.8915   1.8992   1.9082   1.9140   1.9184
  1.9224   1.9316   1.9345   1.9375   1.9535   1.9594   1.9698   1.9711
  1.9959   2.0028   2.0156   2.0250   2.0421   2.0437   2.0502   2.0564
  2.0661   2.0693   2.0747   2.0887   2.0957   2.0963   2.1116   2.1301
  2.1387   2.1470   2.1629   2.1745   2.1850   2.1874   2.1978   2.2017
  2.2081   2.2107   2.2199   2.2307   2.2379   2.2519   2.2739   2.2775
  2.2806   2.3058   2.3091   2.3122   2.3186   2.3519   2.3543   2.3628
  2.3730   2.3841   2.3892   2.3955   2.4000   2.4160   2.4188   2.4225
  2.4325   2.4373   2.4506   2.4584   2.4703   2.4807   2.4857   2.4941
  2.5049   2.5095   2.5170   2.5217   2.5338   2.5380   2.5416   2.5507
  2.5613   2.5690   2.5834   2.5895   2.5967   2.6011   2.6083   2.6105
  2.6208   2.6234   2.6244   2.6335   2.6399   2.6429   2.6502   2.6591
  2.6620   2.6671   2.6751   2.6873   2.6969   2.7076   2.7158   2.7197
  2.7305   2.7369   2.7435   2.7668   2.7680   2.7828   2.7877   2.7959
  2.8027   2.8104   2.8143   2.8300   2.8385   2.8664   2.8762   2.8802
  2.9114   2.9202   2.9237   2.9401   2.9555   2.9650   2.9745   2.9873
  2.9994   3.0006   3.0249   3.0554   3.0634   3.0901   3.1057   3.1130
  3.1328   3.1347   3.1481   3.1614   3.1780   3.1936   3.2055   3.2209
  3.2477   3.2562   3.2934   3.2985   3.3109   3.3155   3.3253   3.3385
  3.3432   3.3680   3.3858   3.3913   3.3979   3.4148   3.4261   3.4389
  3.4463   3.4569   3.4641   3.4879   3.5018   3.5167   3.5220   3.5548
  3.5567   3.5767   3.5896   3.5982   3.6281   3.6501   3.6593   3.6690
  3.6828   3.7107   3.7338   3.7625   3.7810   3.7856   3.8029   3.8344
  3.8685   3.8701   3.9073   3.9099   3.9489   3.9649   3.9842   3.9982
  4.0174   4.0529   4.0648   4.0705   4.0920   4.1406   4.1569   4.1832
  4.2269   4.2332   4.2608   4.2778   4.3355   4.3729   4.4154   4.4612
  4.4792   4.5242   4.5496   4.6304   4.6527   4.6849   4.7059   4.7312
  4.7615   4.7754   4.7993   4.8269   4.8507   4.8620   4.8695   4.9008
  4.9159   4.9164   4.9356   4.9494   4.9538   4.9620   4.9768   4.9806
  5.0039   5.0208   5.0557   5.0611   5.0702   5.0901   5.1008   5.1140
  5.1304   5.1407   5.1594   5.1759   5.1787   5.1894   5.1927   5.2395
  5.2560   5.2643   5.2829   5.2857   5.3044   5.3105   5.3182   5.3417
  5.3560   5.4001   5.4141   5.4167   5.4260   5.4456   5.4468   5.4611
  5.4876   5.5020   5.5249   5.5340   5.5418   5.5698   5.5752   5.6070
  5.6124   5.6392   5.6543   5.6646   5.6784   5.7007   5.7092   5.7160
  5.7265   5.7425   5.7675   5.7751   5.7811   5.7986   5.8007   5.8174
  5.8324   5.8489   5.8570   5.8599   5.8685   5.8798   5.8933   5.9066
  5.9168   5.9302   5.9383   5.9441   5.9536   5.9716   5.9812   5.9822
  5.9992   6.0101   6.0195   6.0250   6.0324   6.0473   6.0516   6.0675
  6.0759   6.0831   6.0951   6.1022   6.1073   6.1199   6.1342   6.1394
  6.1405   6.1451   6.1632   6.1706   6.1838   6.1867   6.1916   6.2059
  6.2078   6.2199   6.2293   6.2352   6.2455   6.2536   6.2780   6.2908
  6.3099   6.3265   6.3435   6.3574   6.3661   6.3699   6.3893   6.4009
  6.4136   6.4155   6.4233   6.4309   6.4468   6.4536   6.4775   6.4891
  6.5035   6.5085   6.5177   6.5296   6.5469   6.5518   6.5536   6.5582
  6.5677   6.5785   6.5904   6.6086   6.6248   6.6327   6.6438   6.6595
  6.6688   6.6763   6.6875   6.7057   6.7273   6.7479   6.7664   6.7807
  6.8077   6.8151   6.8316   6.8460   6.8638   6.8675   6.8792   6.8900
  6.9053   6.9171   6.9716   6.9936   7.0042   7.0319   7.0532   7.0569
  7.0847   7.1061   7.1282   7.1360   7.1879   7.1941   7.2213   7.2406
  7.2518   7.2572   7.2759   7.3066   7.3139   7.3354   7.3600   7.3708
  7.3759   7.3927   7.3946   7.4164   7.4179   7.4448   7.4511   7.4596
  7.4787   7.4811   7.4949   7.5236   7.5367   7.5706   7.5810   7.6010
  7.6142   7.6193   7.6226   7.6303   7.6407   7.6816   7.6969   7.7147
  7.7245   7.7405   7.7545   7.7930   7.7990   7.8180   7.8368   7.8397
  7.8658   7.8807   7.8966   7.9031   7.9239   7.9415   7.9568   7.9723
  7.9999   8.0214   8.0322   8.0338   8.0478   8.0650   8.0797   8.0881
  8.1003   8.1129   8.1321   8.1458   8.1623   8.1707   8.1769   8.1806
  8.2016   8.2198   8.2254   8.2313   8.2461   8.2612   8.2636   8.2708
  8.2909   8.2932   8.3065   8.3092   8.3160   8.3263   8.3328   8.3585
  8.3660   8.3943   8.4126   8.4225   8.4297   8.4466   8.4870   8.4924
  8.5291   8.5337   8.5521   8.5700   8.5729   8.5819   8.6051   8.6214
  8.6403   8.6442   8.6856   8.6894   8.7021   8.7336   8.7489   8.7828
  8.8251   8.8351   8.8605   8.8897   8.9282   8.9615   8.9918   9.0393
  9.1038   9.1352   9.1662   9.2021   9.2367   9.2377   9.2805   9.2850
  9.3444   9.3498   9.3671   9.4330   9.4606   9.4737   9.4931   9.5099
  9.5668   9.5748   9.6188   9.6218   9.6628   9.6750   9.6937   9.7224
  9.7273   9.7336   9.7805   9.7819   9.8004   9.8127   9.8324   9.8777
  9.9270   9.9291   9.9466   9.9811  10.0149  10.0254  10.1025  10.1182
 10.1520  10.1858  10.2063  10.2670  10.3434  10.3452  10.4065  10.5665
 10.6196  10.6777  10.8125  10.8824  11.6639  11.9350  11.9984  12.5114
 12.5225  12.5502  12.6447  12.6633  12.8489  13.1046  13.4045  13.4372
 13.8714  27.7175  28.1629  28.3124  28.4258  28.4758  28.6198  28.8051
 28.8547  29.0357  29.1672  33.8990  33.8994  33.9175  33.9200  33.9515
 33.9585  33.9891  94.4587 146.6078 147.0360 147.1687 147.3033 147.3653
147.4781 147.6341 147.6827 148.0204 320.79301817.2640
 
 Beta MOs
 -- Occupied --
******** -61.8497 -55.7708 -55.7672 -55.7671  -9.9606  -9.9331  -9.9241
 -9.9187  -9.9111  -9.9109  -9.9106  -9.9101  -9.9100  -8.4120  -6.2880
 -6.2768  -6.2763  -2.4887  -2.4862  -2.4858  -2.4777  -2.4776  -0.7929
 -0.7467  -0.7102  -0.6856  -0.6586  -0.6075  -0.5551  -0.5459  -0.5015
 -0.4616  -0.4322  -0.4186  -0.4031  -0.3794  -0.3770  -0.3723  -0.3433
 -0.3376  -0.3343  -0.3106  -0.2969  -0.2497  -0.2372  -0.2337  -0.2317
 -- Virtual --
 -0.1272  -0.1204  -0.0387  -0.0232  -0.0088  -0.0029   0.0107   0.0133
  0.0257   0.0355   0.0398   0.0503   0.0681   0.0740   0.0845   0.0909
  0.1049   0.1105   0.1134   0.1202   0.1266   0.1316   0.1459   0.1504
  0.1526   0.1601   0.1718   0.1736   0.1749   0.1855   0.1907   0.2038
  0.2102   0.2147   0.2266   0.2272   0.2298   0.2420   0.2445   0.2571
  0.2614   0.2663   0.2689   0.2738   0.2764   0.2834   0.2880   0.2927
  0.3021   0.3136   0.3168   0.3186   0.3270   0.3315   0.3443   0.3513
  0.3559   0.3706   0.3801   0.3860   0.3970   0.4031   0.4177   0.4263
  0.4269   0.4303   0.4428   0.4490   0.4632   0.4697   0.4752   0.4773
  0.4836   0.5016   0.5093   0.5226   0.5265   0.5362   0.5406   0.5454
  0.5614   0.5787   0.5905   0.5989   0.6029   0.6083   0.6149   0.6251
  0.6330   0.6509   0.6626   0.6695   0.6802   0.6909   0.6961   0.6979
  0.7114   0.7148   0.7239   0.7296   0.7389   0.7423   0.7489   0.7522
  0.7622   0.7775   0.7835   0.7877   0.7924   0.7999   0.8091   0.8184
  0.8214   0.8282   0.8336   0.8431   0.8499   0.8539   0.8633   0.8701
  0.8777   0.8794   0.8876   0.8923   0.9079   0.9154   0.9212   0.9244
  0.9299   0.9396   0.9468   0.9582   0.9768   0.9808   0.9844   0.9887
  0.9959   1.0052   1.0149   1.0209   1.0298   1.0379   1.0398   1.0580
  1.0640   1.0661   1.0781   1.0848   1.0970   1.1058   1.1137   1.1295
  1.1399   1.1444   1.1509   1.1579   1.1732   1.1787   1.1835   1.2096
  1.2147   1.2285   1.2402   1.2535   1.2616   1.2703   1.2769   1.2876
  1.3058   1.3143   1.3219   1.3289   1.3486   1.3561   1.3698   1.3912
  1.4101   1.4167   1.4299   1.4503   1.4579   1.4701   1.4806   1.4914
  1.5060   1.5251   1.5338   1.5413   1.5525   1.5590   1.5694   1.5864
  1.5933   1.6077   1.6204   1.6317   1.6461   1.6482   1.6591   1.6677
  1.6929   1.7058   1.7096   1.7205   1.7239   1.7495   1.7578   1.7590
  1.7724   1.7798   1.7913   1.8024   1.8153   1.8165   1.8191   1.8366
  1.8481   1.8550   1.8691   1.8883   1.8894   1.8981   1.9090   1.9140
  1.9206   1.9232   1.9323   1.9417   1.9418   1.9437   1.9600   1.9687
  1.9773   1.9811   2.0070   2.0096   2.0247   2.0326   2.0490   2.0541
  2.0592   2.0625   2.0753   2.0816   2.0841   2.0952   2.1018   2.1116
  2.1193   2.1378   2.1454   2.1536   2.1681   2.1821   2.1902   2.1921
  2.2054   2.2075   2.2144   2.2181   2.2261   2.2407   2.2428   2.2597
  2.2802   2.2885   2.2935   2.3162   2.3183   2.3221   2.3280   2.3605
  2.3619   2.3714   2.3823   2.3931   2.3970   2.4034   2.4088   2.4239
  2.4245   2.4336   2.4402   2.4452   2.4598   2.4648   2.4783   2.4874
  2.4936   2.5046   2.5162   2.5183   2.5257   2.5286   2.5391   2.5459
  2.5524   2.5619   2.5688   2.5768   2.5897   2.5965   2.6019   2.6071
  2.6149   2.6176   2.6260   2.6309   2.6323   2.6400   2.6447   2.6504
  2.6579   2.6662   2.6735   2.6748   2.6828   2.6914   2.7054   2.7151
  2.7223   2.7264   2.7387   2.7434   2.7491   2.7713   2.7750   2.7891
  2.7932   2.8019   2.8111   2.8190   2.8217   2.8398   2.8519   2.8756
  2.8860   2.8907   2.9174   2.9282   2.9301   2.9486   2.9617   2.9712
  2.9820   2.9971   3.0049   3.0076   3.0362   3.0625   3.0694   3.1014
  3.1126   3.1207   3.1395   3.1403   3.1554   3.1695   3.1889   3.2043
  3.2146   3.2281   3.2558   3.2675   3.3016   3.3068   3.3162   3.3284
  3.3307   3.3446   3.3501   3.3767   3.3923   3.3976   3.4026   3.4189
  3.4353   3.4436   3.4549   3.4678   3.4725   3.4964   3.5106   3.5264
  3.5297   3.5612   3.5678   3.5898   3.6004   3.6056   3.6375   3.6619
  3.6731   3.6796   3.6915   3.7241   3.7427   3.7707   3.7875   3.7932
  3.8070   3.8424   3.8740   3.8848   3.9129   3.9253   3.9540   3.9727
  3.9905   4.0061   4.0201   4.0584   4.0713   4.0813   4.1062   4.1527
  4.1641   4.1912   4.2328   4.2412   4.2703   4.2904   4.3470   4.3796
  4.4210   4.4652   4.4897   4.5299   4.5562   4.6364   4.6567   4.6930
  4.7120   4.7407   4.7692   4.7835   4.8056   4.8317   4.8633   4.8727
  4.8778   4.9103   4.9216   4.9273   4.9414   4.9525   4.9605   4.9704
  4.9820   4.9873   5.0158   5.0346   5.0700   5.0720   5.0811   5.1021
  5.1166   5.1215   5.1364   5.1533   5.1746   5.1872   5.1950   5.2101
  5.2132   5.2520   5.2653   5.2721   5.2914   5.3041   5.3159   5.3207
  5.3264   5.3538   5.3649   5.4074   5.4284   5.4311   5.4364   5.4519
  5.4563   5.4725   5.5022   5.5106   5.5342   5.5468   5.5587   5.5789
  5.5900   5.6156   5.6222   5.6488   5.6722   5.6742   5.6934   5.7161
  5.7171   5.7304   5.7378   5.7543   5.7775   5.7825   5.7897   5.8032
  5.8133   5.8290   5.8436   5.8571   5.8668   5.8685   5.8753   5.8903
  5.9041   5.9161   5.9277   5.9413   5.9439   5.9496   5.9638   5.9835
  5.9861   5.9905   6.0055   6.0188   6.0294   6.0351   6.0404   6.0579
  6.0606   6.0724   6.0851   6.0902   6.1097   6.1115   6.1167   6.1310
  6.1435   6.1475   6.1536   6.1564   6.1721   6.1805   6.1926   6.1961
  6.1986   6.2169   6.2178   6.2279   6.2384   6.2448   6.2556   6.2667
  6.2866   6.3016   6.3196   6.3366   6.3556   6.3645   6.3746   6.3833
  6.3976   6.4080   6.4233   6.4300   6.4357   6.4485   6.4587   6.4705
  6.4844   6.4999   6.5144   6.5188   6.5273   6.5414   6.5532   6.5576
  6.5602   6.5664   6.5787   6.5936   6.6048   6.6184   6.6378   6.6422
  6.6508   6.6724   6.6777   6.6872   6.7086   6.7212   6.7403   6.7667
  6.7819   6.7983   6.8212   6.8264   6.8431   6.8539   6.8712   6.8795
  6.8856   6.8973   6.9122   6.9265   6.9841   7.0008   7.0119   7.0404
  7.0615   7.0667   7.0928   7.1130   7.1372   7.1439   7.1971   7.2030
  7.2288   7.2454   7.2569   7.2646   7.2866   7.3109   7.3245   7.3398
  7.3650   7.3756   7.3802   7.3978   7.4030   7.4248   7.4289   7.4504
  7.4562   7.4692   7.4834   7.4920   7.5043   7.5295   7.5489   7.5814
  7.5880   7.6080   7.6209   7.6257   7.6306   7.6375   7.6486   7.6857
  7.7076   7.7213   7.7317   7.7439   7.7621   7.7970   7.8043   7.8242
  7.8442   7.8509   7.8697   7.8883   7.8997   7.9091   7.9348   7.9516
  7.9655   7.9792   8.0068   8.0255   8.0331   8.0395   8.0526   8.0669
  8.0820   8.0923   8.1080   8.1146   8.1385   8.1561   8.1688   8.1742
  8.1846   8.1856   8.2077   8.2263   8.2313   8.2337   8.2521   8.2658
  8.2699   8.2785   8.2965   8.2987   8.3099   8.3132   8.3206   8.3330
  8.3391   8.3625   8.3711   8.4008   8.4182   8.4260   8.4343   8.4555
  8.4914   8.5019   8.5339   8.5408   8.5602   8.5731   8.5804   8.5864
  8.6138   8.6277   8.6444   8.6511   8.6873   8.6934   8.7066   8.7388
  8.7538   8.7856   8.8310   8.8446   8.8703   8.8908   8.9335   8.9662
  8.9983   9.0476   9.1125   9.1453   9.1771   9.2081   9.2368   9.2380
  9.2813   9.2859   9.3478   9.3521   9.3691   9.4352   9.4644   9.4775
  9.4942   9.5138   9.5674   9.5831   9.6234   9.6279   9.6647   9.6820
  9.7000   9.7271   9.7293   9.7413   9.7837   9.8001   9.8060   9.8343
  9.8370   9.8817   9.9293   9.9316   9.9501   9.9850  10.0220  10.0295
 10.1054  10.1220  10.1543  10.1885  10.2132  10.2741  10.3457  10.3504
 10.4107  10.5706  10.6219  10.6791  10.8156  10.8832  11.6649  11.9380
 12.0005  12.5129  12.5400  12.5684  12.6489  12.6661  12.8511  13.1055
 13.4061  13.4388  13.8765  27.7201  28.1682  28.3154  28.4469  28.4919
 28.6250  28.8149  28.8568  29.0370  29.1701  33.8992  33.8996  33.9184
 33.9209  33.9526  33.9598  33.9903  94.4595 146.6081 147.0365 147.1689
147.3047 147.3678 147.4787 147.6350 147.6828 148.0206 320.79381817.2645
 --------------------------------------------------------------
 
          Ground-State Mulliken Net Atomic Charges

     Atom                 Charge (a.u.)    Spin (a.u.)
  --------------------------------------------------------
      1 C                    -0.089164       0.624028
      2 C                     0.103242       0.795369
      3 C                     0.114714      -0.007672
      4 C                     0.306512      -0.073861
      5 C                    -0.101682       0.188839
      6 C                    -0.026750      -0.067648
      7 C                     0.008050       0.217805
      8 C                    -0.043190      -0.068847
      9 C                    -0.064133       0.189877
     10 H                     0.018839       0.017392
     11 H                    -0.004784      -0.002887
     12 H                    -0.007450       0.006496
     13 H                     0.012841       0.000634
     14 H                     0.003808      -0.007218
     15 H                    -0.004225       0.001194
     16 H                     0.001788      -0.007686
     17 H                    -0.000637       0.001649
     18 H                     0.000728      -0.006722
     19 Br                   -0.228506       0.199260
  --------------------------------------------------------
  Sum of atomic charges =    -0.000000
  Sum of spin   charges =     2.000000

 -----------------------------------------------------------------
                    Cartesian Multipole Moments
 -----------------------------------------------------------------
    Charge (ESU x 10^10)
                -0.0000
    Dipole Moment (Debye)
         X      -1.4781      Y      -1.5207      Z       1.0204
       Tot       2.3534
    Quadrupole Moments (Debye-Ang)
        XX     -74.7387     XY      -5.9201     YY     -69.5633
        XZ       4.8674     YZ       2.7333     ZZ     -77.7664
    Octopole Moments (Debye-Ang^2)
       XXX    -184.2638    XXY     -36.9120    XYY     -54.9118
       YYY     -44.4104    XXZ      69.9757    XYZ      11.2337
       YYZ      50.7446    XZZ     -49.4509    YZZ     -18.0682
       ZZZ     152.0357
    Hexadecapole Moments (Debye-Ang^3)
      XXXX   -3063.3853   XXXY    -489.5537   XXYY    -609.3020
      XYYY    -410.7992   YYYY    -671.5818   XXXZ     602.3497
      XXYZ      89.1660   XYYZ     173.9136   YYYZ     177.1745
      XXZZ    -673.1551   XYZZ    -161.8876   YYZZ    -239.2757
      XZZZ     554.5473   YZZZ     198.9762   ZZZZ    -687.6551
 -----------------------------------------------------------------
 Total job time:  63.95s(wall), 1548.28s(cpu) 
 Thu Aug  1 12:52:47 2024

        *************************************************************
        *                                                           *
        *  Thank you very much for using Q-Chem.  Have a nice day.  *
        *                                                           *
        *************************************************************


