
Running Job 1 of 1 CA4-P1_rdkit_conf_1_wb97xd-OLYP.in
qchem CA4-P1_rdkit_conf_1_wb97xd-OLYP.in_1943033.0 /expanse/lustre/scratch/whughes/temp_project/job_32692370/CA4-P1_rdkit_conf_1_wb97xd-OLYP-32692370/ 0
/cm/shared/apps/spack/0.17.3/cpu/b/opt/spack/linux-rocky8-zen2/gcc-10.2.0/qchem-6.0-rytxnwjazd34ekd2gqyi5ufsaimxsd3r/exe/qcprog.exe_s CA4-P1_rdkit_conf_1_wb97xd-OLYP.in_1943033.0 /expanse/lustre/scratch/whughes/temp_project/job_32692370/CA4-P1_rdkit_conf_1_wb97xd-OLYP-32692370/
                  Welcome to Q-Chem
     A Quantum Leap Into The Future Of Chemistry


 Q-Chem 6.0, Q-Chem, Inc., Pleasanton, CA (2022)

 License issued to: University of California, San Diego (site)

 E. Epifanovsky,  A. T. B. Gilbert,  Xintian Feng,  Joonho Lee,  Yuezhi Mao,  
 N. Mardirossian,  P. Pokhilko,  A. White,  M. Wormit,  M. P. Coons,  
 A. L. Dempwolff,  Zhengting Gan,  D. Hait,  P. R. Horn,  L. D. Jacobson,  
 I. Kaliman,  J. Kussmann,  A. W. Lange,  Ka Un Lao,  D. S. Levine,  Jie Liu,  
 S. C. McKenzie,  A. F. Morrison,  K. Nanda,  F. Plasser,  D. R. Rehn,  
 M. L. Vidal,  Zhi-Qiang You,  Ying Zhu,  B. Alam,  B. Albrecht,  
 A. Aldossary,  E. Alguire,  J. H. Andersen,  V. Athavale,  D. Barton,  
 K. Begam,  A. Behn,  N. Bellonzi,  Y. A. Bernard,  E. J. Berquist,  
 H. Burton,  A. Carreras,  K. Carter-Fenk,  Romit Chakraborty,  
 Chandrima Chakravarty,  Junhan Chen,  A. D. Chien,  K. D. Closser,  
 V. Cofer-Shabica,  L. Cunha,  S. Dasgupta,  Jia Deng,  M. de Wergifosse,  
 M. Diedenhofen,  Hainam Do,  S. Ehlert,  Po-Tung Fang,  S. Fatehi,  
 Qingguo Feng,  T. Friedhoff,  B. Ganoe,  J. Gayvert,  Qinghui Ge,  
 G. Gidofalvi,  M. Goldey,  J. Gomes,  C. Gonzalez-Espinoza,  S. Gulania,  
 A. Gunina,  J. A. Gyamfi,  M. W. D. Hanson-Heine,  P. H. P. Harbach,  
 A. W. Hauser,  M. F. Herbst,  M. Hernandez Vera,  M. Hodecker,  
 Z. C. Holden,  S. Houck,  Xunkun Huang,  Kerwin Hui,  B. C. Huynh,  
 K. Ikeda,  M. Ivanov,  Hyunjun Ji,  Zuxin Jin,  Hanjie Jiang,  B. Kaduk,  
 S. Kaehler,  R. Kang,  K. Khistyaev,  Jaehoon Kim,  Yongbin Kim,  
 P. Klunzinger,  Z. Koczor-Benda,  Joong Hoon Koh,  D. Kosenkov,  
 Saikiran Kotaru,  L. Koulias,  T. Kowalczyk,  C. M. Krauter,  K. Kue,  
 A. Kunitsa,  T. Kus,  A. Landau,  K. V. Lawler,  D. Lefrancois,  S. Lehtola,  
 Rain Li,  Shaozhi Li,  Yi-Pei Li,  Jiashu Liang,  M. Liebenthal,  
 Hung-Hsuan Lin,  You-Sheng Lin,  Fenglai Liu,  Kuan-Yu Liu,  
 M. Loipersberger,  A. Luenser,  C. Malbon,  A. Manjanath,  P. Manohar,  
 E. Mansoor,  S. F. Manzer,  Shan-Ping Mao,  A. V. Marenich,  T. Markovich,  
 S. Mason,  F. Matz,  S. A. Maurer,  P. F. McLaughlin,  M. F. S. J. Menger,  
 J.-M. Mewes,  S. A. Mewes,  P. Morgante,  Mohammad Mostafanejad,  
 J. W. Mullinax,  K. J. Oosterbaan,  G. Paran,  V. Parravicini,  
 Alexander C. Paul,  Suranjan K. Paul,  F. Pavosevic,  Zheng Pei,  S. Prager,  
 E. I. Proynov,  E. Ramos,  B. Rana,  A. E. Rask,  A. Rettig,  R. M. Richard,  
 F. Rob,  E. Rossomme,  T. Scheele,  M. Scheurer,  M. Schneider,  
 P. E. Schneider,  N. Sergueev,  S. M. Sharada,  Hengyuan Shen,  
 W. Skomorowski,  D. W. Small,  C. J. Stein,  Yingli Su,  Yu-Chuan Su,  
 E. J. Sundstrom,  Zhen Tao,  J. Thirman,  Hung-Yi Tsai,  T. Tsuchimochi,  
 N. M. Tubman,  C. Utku,  S. P. Veccham,  O. Vydrov,  J. Wenzel,  
 Jonathan Wong,  J. Witte,  A. Yamada,  Chou-Hsun Yang,  Kun Yao,  
 S. Yeganeh,  S. R. Yost,  A. Zech,  F. Zeller,  Igor Ying Zhang,  
 Xing Zhang,  Yu Zhang,  D. Zuev,  A. Aspuru-Guzik,  A. T. Bell,  
 N. A. Besley,  K. B. Bravaya,  B. R. Brooks,  D. Casanova,  Jeng-Da Chai,  
 Hsing-Ta Chen,  S. Coriani,  C. J. Cramer,  A. E. DePrince, III,  
 R. A. DiStasio Jr.,  A. Dreuw,  B. D. Dunietz,  T. R. Furlani,  
 W. A. Goddard III,  S. Grimme,  S. Hammes-Schiffer,  T. Head-Gordon,  
 W. J. Hehre,  Chao-Ping Hsu,  T.-C. Jagau,  Yousung Jung,  A. Klamt,  
 Jing Kong,  D. S. Lambrecht,  Xiangyuan Li,  WanZhen Liang,  N. J. Mayhall,  
 C. W. McCurdy,  J. B. Neaton,  T. Neudecker,  C. Ochsenfeld,  
 J. A. Parkhill,  R. Peverati,  V. A. Rassolov,  Haisheng Ren,  Yihan Shao,  
 L. V. Slipchenko,  R. P. Steele,  J. E. Subotnik,  A. J. W. Thom,  
 A. Tkatchenko,  D. G. Truhlar,  T. Van Voorhis,  Fan Wang,  
 T. A. Wesolowski,  K. B. Whaley,  H. L. Woodcock III,  P. M. Zimmerman,  
 S. Faraji,  P. M. W. Gill,  M. Head-Gordon,  J. M. Herbert,  A. I. Krylov

 Contributors to earlier versions of Q-Chem not listed above: 
 R. D. Adamson,  B. Austin,  R. Baer,  J. Baker,  G. J. O. Beran,  
 K. Brandhorst,  S. T. Brown,  E. F. C. Byrd,  Arup K. Chakraborty,  
 G. K. L. Chan,  Chun-Min Chang,  Yunqing Chen,  C.-L. Cheng,  
 Siu Hung Chien,  D. M. Chipman,  D. L. Crittenden,  H. Dachsel,  
 R. J. Doerksen,  A. D. Dutoi,  R. G. Edgar,  J. Fosso-Tande,  
 L. Fusti-Molnar,  D. Ghosh,  A. Ghysels,  A. Golubeva-Zadorozhnaya,  
 J. Gonthier,  M. S. Gordon,  S. R. Gwaltney,  G. Hawkins,  J. E. Herr,  
 A. Heyden,  S. Hirata,  E. G. Hohenstein,  G. Kedziora,  F. J. Keil,  
 C. Kelley,  Jihan Kim,  R. A. King,  R. Z. Khaliullin,  P. P. Korambath,  
 W. Kurlancheek,  A. Laurent,  A. M. Lee,  M. S. Lee,  S. V. Levchenko,  
 Ching Yeh Lin,  D. Liotard,  E. Livshits,  R. C. Lochan,  I. Lotan,  
 L. A. Martinez-Martinez,  P. E. Maslen,  N. Nair,  D. P. O'Neill,  
 D. Neuhauser,  E. Neuscamman,  C. M. Oana,  R. Olivares-Amaya,  R. Olson,  
 T. M. Perrine,  B. Peters,  P. A. Pieniazek,  A. Prociuk,  Y. M. Rhee,  
 J. Ritchie,  M. A. Rohrdanz,  E. Rosta,  N. J. Russ,  H. F. Schaefer III,  
 M. W. Schmidt,  N. E. Schultz,  S. Sharma,  N. Shenvi,  C. D. Sherrill,  
 A. C. Simmonett,  A. Sodt,  T. Stein,  D. Stuck,  K. S. Thanthiriwatte,  
 V. Vanovschi,  L. Vogt,  Tao Wang,  A. Warshel,  M. A. Watson,  
 C. F. Williams,  Q. Wu,  X. Xu,  Jun Yang,  W. Zhang,  Yan Zhao

   Please cite Q-Chem as follows:
  "Software for the frontiers of quantum chemistry:
   An overview of developments in the Q-Chem 5 package"
   J. Chem. Phys. 155, 084801 (2021)
   https://doi.org/10.1063/5.0055522 (open access)

 Q-Chem 6.0.2 for Intel X86 EM64T Linux

 Parts of Q-Chem use Armadillo 9.900.5 (Nocturnal Misbehaviour).
 http://arma.sourceforge.net/

 Q-Chem begins on Thu Aug  1 11:35:31 2024  

 Host: 
0

     Scratch files written to /expanse/lustre/scratch/whughes/temp_project/job_32692370/CA4-P1_rdkit_conf_1_wb97xd-OLYP-32692370//
 Dec722 |scratch|qcdevops|jenkins|workspace|build_RNUM    
 Processing $rem in /cm/shared/apps/spack/0.17.3/cpu/b/opt/spack/linux-rocky8-zen2/gcc-10.2.0/qchem-6.0-rytxnwjazd34ekd2gqyi5ufsaimxsd3r/config/preferences:
 Processing $rem in /home/whughes/.qchemrc:

 Checking the input file for inconsistencies... 	...done.

--------------------------------------------------------------
User input:
--------------------------------------------------------------
$molecule
0 3
O    -2.4214470848   -1.7287851924   0.9130666629
C    -1.782793958    -0.7730786854   0.5465863991
N    -2.2592892221   0.508859626     0.5212681523
N    -0.4904983961   -0.9236336044   0.0637023811
N    0.3879016655    0.1646750841    -0.0327200007
C    1.6098323306    -0.169406164    -0.7540577039
C    2.4039135417    -1.2081989559   -0.056880935
C    -0.1607068184   1.4061706653    -0.139607524
C    -1.5235357244   1.6565915606    0.1736113797
O    -2.0599184218   2.7488818576    0.1629916142
H    -3.2190064135   0.6421892563    0.7965024463
H    -0.0349922017   -1.7536852141   0.4139439241
H    2.1776683775    0.7656751675    -0.8278039531
H    1.361633632     -0.4810901866   -1.7755076879
H    3.0052186585    -1.9046884336   -0.6221209611
H    2.5128058709    -1.1706756601   1.019337799
H    0.493214164     2.2200988788    -0.4022119929
$end

$rem
METHOD      OLYP
BASIS       def2-QZVPP
SYM_IGNORE   TRUE
DFT_D       D3
MAX_SCF_CYCLES 300
$end

$end
--------------------------------------------------------------
 Adding empirical dispersion correction 
 ----------------------------------------------------------------
 Doing -D3(BJ) with
 s6  =   1.00000
 s8  =   2.62050
 a1  =   0.52990
 a2  =   2.80650
 -D3 energy without 3body term =     -0.0926082847 hartrees
 ----------------------------------------------------------------
             Standard Nuclear Orientation (Angstroms)
    I     Atom           X                Y                Z
 ----------------------------------------------------------------
    1      O      -2.4214470848    -1.7287851924     0.9130666629
    2      C      -1.7827939580    -0.7730786854     0.5465863991
    3      N      -2.2592892221     0.5088596260     0.5212681523
    4      N      -0.4904983961    -0.9236336044     0.0637023811
    5      N       0.3879016655     0.1646750841    -0.0327200007
    6      C       1.6098323306    -0.1694061640    -0.7540577039
    7      C       2.4039135417    -1.2081989559    -0.0568809350
    8      C      -0.1607068184     1.4061706653    -0.1396075240
    9      C      -1.5235357244     1.6565915606     0.1736113797
   10      O      -2.0599184218     2.7488818576     0.1629916142
   11      H      -3.2190064135     0.6421892563     0.7965024463
   12      H      -0.0349922017    -1.7536852141     0.4139439241
   13      H       2.1776683775     0.7656751675    -0.8278039531
   14      H       1.3616336320    -0.4810901866    -1.7755076879
   15      H       3.0052186585    -1.9046884336    -0.6221209611
   16      H       2.5128058709    -1.1706756601     1.0193377990
   17      H       0.4932141640     2.2200988788    -0.4022119929
 ----------------------------------------------------------------
 Nuclear Repulsion Energy =         529.97382416 hartrees
 There are       38 alpha and       36 beta electrons
 Requested basis set is def2-QZVPP
 There are 240 shells and 780 basis functions

 Total QAlloc Memory Limit   8000 MB
 Mega-Array Size       188 MB
 MEM_STATIC part       192 MB

 A cutoff of  1.0D-09 yielded  20915 shell pairs
 There are    217323 function pairs (    327820 Cartesian)
 Smallest overlap matrix eigenvalue = 3.29E-05

 Scale SEOQF with 1.000000e-01/1.000000e-01/1.000000e-01

 Standard Electronic Orientation quadrupole field applied
 Nucleus-field energy     =     0.0000000167 hartrees
 Guess from superposition of atomic densities
 Warning:  Energy on first SCF cycle will be non-variational
 SAD guess density has 74.000000 electrons

 -----------------------------------------------------------------------
  General SCF calculation program by
  Eric Jon Sundstrom, Paul Horn, Yuezhi Mao, Dmitri Zuev, Alec White,
  David Stuck, Shaama M.S., Shane Yost, Joonho Lee, David Small,
  Daniel Levine, Susi Lehtola, Hugh Burton, Evgeny Epifanovsky,
  Bang C. Huynh
 -----------------------------------------------------------------------
 Exchange:  OPTX      Correlation:  LYP
 Using SG-1 standard quadrature grid
 Dispersion:   Grimme D3
 using 32 threads for integral computing
 -------------------------------------------------------
 OpenMP Integral computing Module                
 Release: version 1.0, May 2013, Q-Chem Inc. Pittsburgh 
 -------------------------------------------------------
 A unrestricted SCF calculation will be
 performed using DIIS
 SCF converges when DIIS error is below 1.0e-05
 ---------------------------------------
  Cycle       Energy         DIIS error
 ---------------------------------------
    1    -511.5164055244      7.04e-03  
    2    -509.2233068379      1.06e-03  
    3    -505.8358046805      3.17e-03  
    4    -509.2294386865      9.21e-04  
    5    -509.5003631979      1.95e-04  
    6    -509.4939391827      2.55e-04  
    7    -509.5092826735      5.97e-05  
    8    -509.5101818167      2.62e-05  
    9    -509.5103521286      9.51e-06  Convergence criterion met
 ---------------------------------------
 SCF time:   CPU 1294.89s  wall 41.00s 
<S^2> =          2.007056281
 SCF   energy in the final basis set =     -509.5103521286
 Total energy in the final basis set =     -509.5103521286
 
 --------------------------------------------------------------
 
                    Orbital Energies (a.u.)
 --------------------------------------------------------------
 
 Alpha MOs
 -- Occupied --
-18.7433 -18.7302 -14.1152 -14.0847 -14.0460 -10.0404 -10.0003  -9.9841
 -9.9531  -9.9491  -1.0146  -0.9659  -0.9581  -0.8621  -0.8181  -0.7461
 -0.6644  -0.6154  -0.5952  -0.5546  -0.5327  -0.4959  -0.4622  -0.4483
 -0.4229  -0.4116  -0.4038  -0.3901  -0.3809  -0.3674  -0.3624  -0.3442
 -0.2533  -0.2490  -0.2448  -0.2182  -0.2160  -0.1445
 -- Virtual --
 -0.0297  -0.0215  -0.0039   0.0069   0.0108   0.0270   0.0380   0.0439
  0.0520   0.0609   0.0717   0.0804   0.0860   0.0915   0.1021   0.1132
  0.1274   0.1333   0.1431   0.1505   0.1627   0.1713   0.1748   0.1877
  0.1959   0.2091   0.2133   0.2221   0.2297   0.2389   0.2437   0.2514
  0.2574   0.2644   0.2705   0.2772   0.2806   0.2882   0.3032   0.3116
  0.3196   0.3257   0.3336   0.3392   0.3519   0.3591   0.3634   0.3827
  0.3917   0.4008   0.4046   0.4153   0.4201   0.4375   0.4469   0.4485
  0.4566   0.4832   0.4970   0.5010   0.5128   0.5241   0.5262   0.5353
  0.5450   0.5562   0.5662   0.5701   0.5972   0.6103   0.6152   0.6291
  0.6392   0.6448   0.6528   0.6702   0.6858   0.6919   0.7009   0.7111
  0.7168   0.7240   0.7250   0.7278   0.7486   0.7628   0.7648   0.7708
  0.7796   0.7887   0.7982   0.8089   0.8105   0.8265   0.8327   0.8471
  0.8515   0.8595   0.8770   0.8899   0.8956   0.9084   0.9094   0.9286
  0.9331   0.9419   0.9567   0.9576   0.9691   0.9761   0.9932   1.0023
  1.0309   1.0344   1.0409   1.0501   1.0598   1.0642   1.0808   1.0917
  1.1083   1.1241   1.1340   1.1372   1.1646   1.1770   1.2046   1.2315
  1.2403   1.2598   1.2622   1.2681   1.2821   1.3138   1.3197   1.3287
  1.3382   1.3442   1.3593   1.3728   1.3817   1.3948   1.4017   1.4111
  1.4329   1.4375   1.4539   1.4620   1.4679   1.4830   1.4975   1.5135
  1.5142   1.5355   1.5392   1.5535   1.5839   1.5922   1.6032   1.6250
  1.6301   1.6484   1.6576   1.6646   1.6723   1.6915   1.7090   1.7204
  1.7305   1.7449   1.7553   1.7731   1.7824   1.7920   1.8074   1.8118
  1.8326   1.8389   1.8445   1.8619   1.8637   1.8736   1.8887   1.9001
  1.9151   1.9202   1.9269   1.9374   1.9443   1.9485   1.9665   1.9795
  1.9970   2.0129   2.0244   2.0345   2.0547   2.0629   2.0682   2.0813
  2.0899   2.0996   2.1169   2.1281   2.1335   2.1470   2.1557   2.1583
  2.1860   2.1978   2.2065   2.2112   2.2224   2.2432   2.2613   2.2718
  2.2891   2.2974   2.3041   2.3204   2.3224   2.3361   2.3425   2.3608
  2.3635   2.3906   2.4086   2.4134   2.4332   2.4367   2.4423   2.4571
  2.4643   2.4695   2.4833   2.5110   2.5165   2.5294   2.5331   2.5494
  2.5570   2.5675   2.5820   2.5880   2.6046   2.6163   2.6286   2.6331
  2.6560   2.6663   2.6762   2.6838   2.7011   2.7118   2.7266   2.7475
  2.7613   2.7707   2.7844   2.8095   2.8125   2.8291   2.8349   2.8554
  2.8704   2.8730   2.8765   2.8936   2.9177   2.9294   2.9343   2.9624
  2.9870   2.9951   3.0052   3.0118   3.0178   3.0367   3.0532   3.0830
  3.0876   3.1054   3.1248   3.1360   3.1578   3.1701   3.1851   3.2068
  3.2245   3.2344   3.2443   3.2541   3.2731   3.2860   3.2992   3.3007
  3.3148   3.3311   3.3477   3.3507   3.3844   3.3928   3.4148   3.4258
  3.4480   3.4560   3.4762   3.5002   3.5068   3.5202   3.5346   3.5466
  3.5604   3.5708   3.5869   3.6058   3.6299   3.6347   3.6557   3.6771
  3.6942   3.7008   3.7061   3.7166   3.7360   3.7600   3.7948   3.8025
  3.8132   3.8303   3.8641   3.8774   3.8930   3.9162   3.9261   3.9383
  3.9695   3.9872   4.0029   4.0113   4.0153   4.0535   4.0708   4.1012
  4.1247   4.1326   4.1435   4.1736   4.1925   4.2073   4.2406   4.2509
  4.2847   4.3012   4.3107   4.3193   4.3524   4.3714   4.4323   4.4493
  4.4668   4.4735   4.5031   4.5571   4.5698   4.5772   4.6009   4.6205
  4.6360   4.6581   4.7169   4.7497   4.7764   4.8039   4.8375   4.8700
  4.8773   4.9125   4.9256   4.9546   4.9619   4.9904   5.0195   5.0400
  5.0667   5.0924   5.1108   5.1302   5.1431   5.1709   5.2219   5.2333
  5.2626   5.2740   5.2973   5.3037   5.3190   5.3440   5.3612   5.3802
  5.3976   5.4182   5.4531   5.4559   5.4722   5.5052   5.5209   5.5245
  5.5447   5.5603   5.5704   5.5777   5.6167   5.6318   5.6477   5.6685
  5.6741   5.7000   5.7234   5.7308   5.7643   5.7767   5.7925   5.7980
  5.8250   5.8458   5.8533   5.8583   5.8678   5.8991   5.9107   5.9272
  5.9406   5.9519   5.9536   5.9672   5.9810   5.9884   5.9981   6.0068
  6.0287   6.0328   6.0534   6.0616   6.0724   6.0853   6.1008   6.1206
  6.1332   6.1499   6.1671   6.1801   6.1912   6.2165   6.2201   6.2347
  6.2532   6.2658   6.2814   6.2891   6.2935   6.3000   6.3232   6.3343
  6.3603   6.3810   6.3978   6.4160   6.4318   6.4602   6.4801   6.4824
  6.5154   6.5338   6.5387   6.5800   6.5939   6.6253   6.6307   6.6608
  6.6697   6.6811   6.6958   6.7396   6.7582   6.7774   6.7806   6.8087
  6.8286   6.8377   6.8801   6.8897   6.9181   6.9391   6.9653   6.9828
  7.0018   7.0059   7.0230   7.0544   7.0628   7.0900   7.1109   7.1424
  7.1594   7.1926   7.2047   7.2221   7.2272   7.2577   7.2670   7.2984
  7.3249   7.3394   7.3637   7.3672   7.3785   7.3947   7.4238   7.4353
  7.4538   7.4635   7.4766   7.4849   7.5044   7.5133   7.5390   7.5583
  7.5694   7.5879   7.5953   7.6134   7.6411   7.6588   7.6634   7.6932
  7.7082   7.7261   7.7503   7.7673   7.7789   7.7898   7.8107   7.8317
  7.8434   7.8531   7.8986   7.9104   7.9488   7.9615   7.9782   7.9797
  7.9941   8.0281   8.0338   8.0472   8.0550   8.0775   8.0885   8.1149
  8.1272   8.1345   8.1418   8.1540   8.1753   8.1904   8.1981   8.2112
  8.2174   8.2353   8.2634   8.2676   8.2826   8.2957   8.3137   8.3370
  8.3516   8.3684   8.3805   8.4047   8.4184   8.4437   8.4580   8.4748
  8.4915   8.4970   8.5098   8.5680   8.5830   8.5937   8.6129   8.6565
  8.7034   8.7076   8.7223   8.7457   8.7531   8.7682   8.7733   8.7775
  8.7975   8.8068   8.8167   8.8601   8.8892   8.9365   8.9613   8.9747
  8.9961   9.0111   9.0421   9.0473   9.0510   9.0675   9.0795   9.1215
  9.1517   9.1779   9.1903   9.2034   9.2333   9.2875   9.3177   9.3504
  9.3548   9.3643   9.3872   9.4196   9.4402   9.4647   9.4964   9.5067
  9.5920   9.5979   9.6062   9.6213   9.6472   9.6706   9.6810   9.6987
  9.7125   9.7479   9.7613   9.7817   9.8131   9.8377   9.8487   9.8965
  9.9143   9.9393   9.9472   9.9704  10.0032  10.0181  10.0364  10.0760
 10.1021  10.1494  10.1754  10.2429  10.2554  10.2786  10.2902  10.3356
 10.3709  10.4215  10.4654  10.5463  10.5688  10.6142  10.6508  10.7413
 10.7526  10.8334  10.8806  10.8963  10.9047  10.9343  11.0083  11.0560
 11.2088  11.2841  11.3140  11.3410  11.4094  11.4288  11.5031  11.5199
 11.5491  11.5719  11.6146  11.6980  11.7007  11.7125  11.7207  11.7327
 11.7820  11.7983  11.8538  11.9309  11.9955  12.0091  12.0191  12.0504
 12.0929  12.1057  12.1765  12.2089  12.2940  12.5919  12.8651  12.8990
 13.0187  13.0635  13.3755  13.5430  13.9854  14.0324  14.3400  14.3738
 14.8115  14.8737  27.9841  28.1346  28.5095  28.5667  28.6901  37.5435
 37.7060  37.8305  47.9358  47.9662 146.8154 146.9335 147.3518 147.3854
147.5813 196.6485 196.7958 196.9309 252.7029 252.7369
 
 Beta MOs
 -- Occupied --
-18.7435 -18.7275 -14.1097 -14.0837 -14.0451 -10.0405 -10.0002  -9.9844
 -9.9452  -9.9450  -1.0103  -0.9609  -0.9524  -0.8589  -0.8114  -0.7308
 -0.6481  -0.6105  -0.5801  -0.5485  -0.5263  -0.4882  -0.4519  -0.4420
 -0.4156  -0.4064  -0.3946  -0.3828  -0.3757  -0.3616  -0.3528  -0.3296
 -0.2499  -0.2427  -0.2310  -0.2122
 -- Virtual --
 -0.1374  -0.1122  -0.0249  -0.0220  -0.0042   0.0073   0.0100   0.0275
  0.0409   0.0451   0.0570   0.0630   0.0734   0.0821   0.0882   0.0925
  0.1022   0.1165   0.1293   0.1389   0.1420   0.1505   0.1640   0.1747
  0.1807   0.1907   0.2007   0.2119   0.2148   0.2252   0.2324   0.2435
  0.2467   0.2532   0.2597   0.2674   0.2735   0.2833   0.2838   0.2932
  0.3090   0.3150   0.3234   0.3275   0.3355   0.3402   0.3523   0.3611
  0.3677   0.3839   0.3955   0.4023   0.4083   0.4165   0.4220   0.4396
  0.4492   0.4535   0.4590   0.4854   0.4997   0.5032   0.5165   0.5297
  0.5332   0.5402   0.5482   0.5596   0.5697   0.5733   0.5985   0.6143
  0.6210   0.6421   0.6476   0.6509   0.6618   0.6755   0.6932   0.6988
  0.7071   0.7174   0.7227   0.7280   0.7311   0.7395   0.7531   0.7681
  0.7696   0.7760   0.7856   0.7963   0.8037   0.8133   0.8162   0.8336
  0.8373   0.8494   0.8572   0.8629   0.8850   0.8954   0.9050   0.9131
  0.9168   0.9326   0.9399   0.9501   0.9593   0.9625   0.9745   0.9803
  0.9989   1.0103   1.0376   1.0402   1.0434   1.0544   1.0668   1.0700
  1.0851   1.0951   1.1141   1.1295   1.1383   1.1423   1.1704   1.1826
  1.2098   1.2354   1.2457   1.2662   1.2683   1.2717   1.2871   1.3178
  1.3227   1.3369   1.3449   1.3489   1.3649   1.3786   1.3877   1.4004
  1.4060   1.4150   1.4374   1.4424   1.4587   1.4670   1.4735   1.4876
  1.5017   1.5170   1.5215   1.5404   1.5433   1.5584   1.5878   1.5975
  1.6093   1.6313   1.6395   1.6534   1.6618   1.6739   1.6868   1.7027
  1.7206   1.7295   1.7449   1.7532   1.7660   1.7814   1.7962   1.8052
  1.8169   1.8304   1.8392   1.8468   1.8520   1.8679   1.8733   1.8846
  1.9027   1.9110   1.9219   1.9279   1.9333   1.9422   1.9547   1.9559
  1.9759   1.9889   2.0081   2.0199   2.0316   2.0440   2.0616   2.0766
  2.0779   2.0927   2.0988   2.1092   2.1262   2.1375   2.1402   2.1516
  2.1632   2.1649   2.1911   2.2059   2.2138   2.2175   2.2317   2.2516
  2.2672   2.2800   2.2962   2.3042   2.3117   2.3272   2.3309   2.3476
  2.3535   2.3672   2.3723   2.3972   2.4186   2.4260   2.4396   2.4478
  2.4524   2.4690   2.4721   2.4783   2.4892   2.5208   2.5220   2.5355
  2.5439   2.5539   2.5686   2.5802   2.5899   2.5943   2.6135   2.6203
  2.6372   2.6418   2.6647   2.6735   2.6841   2.6900   2.7079   2.7189
  2.7349   2.7522   2.7708   2.7789   2.7944   2.8173   2.8177   2.8354
  2.8421   2.8630   2.8781   2.8812   2.8850   2.8983   2.9246   2.9356
  2.9441   2.9698   2.9950   3.0034   3.0140   3.0195   3.0262   3.0428
  3.0624   3.0882   3.0944   3.1104   3.1327   3.1436   3.1639   3.1789
  3.1927   3.2138   3.2359   3.2436   3.2535   3.2612   3.2799   3.2922
  3.3067   3.3116   3.3279   3.3416   3.3534   3.3601   3.3986   3.4061
  3.4250   3.4370   3.4567   3.4620   3.4848   3.5120   3.5170   3.5336
  3.5449   3.5544   3.5683   3.5787   3.5933   3.6184   3.6351   3.6408
  3.6698   3.6864   3.7029   3.7117   3.7186   3.7251   3.7439   3.7730
  3.8006   3.8104   3.8204   3.8389   3.8709   3.8829   3.9016   3.9232
  3.9331   3.9478   3.9772   3.9929   4.0101   4.0182   4.0216   4.0611
  4.0774   4.1072   4.1316   4.1388   4.1516   4.1818   4.1978   4.2159
  4.2464   4.2564   4.2892   4.3097   4.3188   4.3265   4.3576   4.3794
  4.4386   4.4535   4.4734   4.4779   4.5076   4.5649   4.5750   4.5831
  4.6043   4.6250   4.6479   4.6639   4.7226   4.7551   4.7814   4.8137
  4.8440   4.8771   4.8838   4.9265   4.9424   4.9697   4.9776   5.0004
  5.0355   5.0502   5.0778   5.1077   5.1353   5.1445   5.1778   5.1958
  5.2457   5.2564   5.2795   5.2875   5.3081   5.3178   5.3262   5.3557
  5.3710   5.4007   5.4118   5.4267   5.4629   5.4686   5.4833   5.5195
  5.5366   5.5405   5.5694   5.5802   5.5866   5.5879   5.6243   5.6434
  5.6556   5.6763   5.6876   5.7157   5.7299   5.7581   5.7728   5.7869
  5.8022   5.8084   5.8351   5.8564   5.8626   5.8711   5.8865   5.9068
  5.9200   5.9341   5.9552   5.9602   5.9627   5.9748   5.9890   6.0005
  6.0056   6.0250   6.0360   6.0464   6.0613   6.0709   6.0830   6.0966
  6.1087   6.1298   6.1421   6.1628   6.1816   6.1908   6.2019   6.2255
  6.2289   6.2441   6.2634   6.2748   6.2906   6.2967   6.3074   6.3100
  6.3326   6.3477   6.3748   6.3976   6.4111   6.4243   6.4394   6.4730
  6.4911   6.5004   6.5318   6.5469   6.5491   6.5984   6.6033   6.6398
  6.6407   6.6714   6.6803   6.7006   6.7199   6.7550   6.7683   6.7898
  6.7917   6.8178   6.8398   6.8501   6.8863   6.8986   6.9224   6.9475
  6.9719   6.9901   7.0135   7.0195   7.0306   7.0612   7.0712   7.1134
  7.1165   7.1512   7.1706   7.2007   7.2134   7.2280   7.2333   7.2661
  7.2746   7.3039   7.3327   7.3438   7.3722   7.3750   7.3871   7.4048
  7.4306   7.4433   7.4598   7.4705   7.4832   7.4903   7.5144   7.5205
  7.5480   7.5651   7.5753   7.5943   7.6046   7.6216   7.6465   7.6655
  7.6732   7.7028   7.7141   7.7347   7.7600   7.7731   7.7826   7.7974
  7.8199   7.8374   7.8546   7.8613   7.9127   7.9181   7.9562   7.9669
  7.9861   7.9910   8.0054   8.0364   8.0417   8.0523   8.0606   8.0886
  8.0976   8.1218   8.1332   8.1398   8.1484   8.1595   8.1833   8.1965
  8.2037   8.2199   8.2245   8.2419   8.2709   8.2732   8.2905   8.3032
  8.3204   8.3404   8.3595   8.3767   8.3889   8.4111   8.4262   8.4540
  8.4657   8.4846   8.4966   8.5033   8.5155   8.5729   8.5871   8.5999
  8.6178   8.6620   8.7056   8.7117   8.7321   8.7466   8.7605   8.7720
  8.7772   8.7868   8.8031   8.8189   8.8242   8.8685   8.9002   8.9425
  8.9664   8.9823   9.0024   9.0165   9.0459   9.0534   9.0578   9.0735
  9.0857   9.1327   9.1655   9.1841   9.1964   9.2126   9.2418   9.2928
  9.3246   9.3600   9.3625   9.3758   9.4008   9.4253   9.4495   9.4693
  9.5028   9.5134   9.5998   9.6077   9.6183   9.6282   9.6536   9.6815
  9.6917   9.7074   9.7198   9.7581   9.7760   9.7928   9.8266   9.8470
  9.8579   9.9075   9.9236   9.9467   9.9569   9.9786  10.0084  10.0239
 10.0468  10.0825  10.1119  10.1530  10.1822  10.2473  10.2630  10.2848
 10.2964  10.3433  10.3816  10.4372  10.4711  10.5542  10.5720  10.6199
 10.6570  10.7450  10.7639  10.8375  10.8878  10.9015  10.9104  10.9449
 11.0128  11.0595  11.2204  11.2879  11.3224  11.3449  11.4144  11.4355
 11.5102  11.5236  11.5535  11.5791  11.6243  11.6998  11.7061  11.7203
 11.7301  11.7428  11.7870  11.8025  11.8582  11.9350  12.0104  12.0189
 12.0275  12.0561  12.0994  12.1111  12.1826  12.2234  12.3073  12.6018
 12.8791  12.9114  13.0358  13.0630  13.3786  13.5447  13.9848  14.0488
 14.3451  14.3740  14.8136  14.8750  27.9899  28.1344  28.5440  28.5772
 28.6896  37.5551  37.7086  37.8330  47.9356  47.9719 146.8158 146.9334
147.3554 147.3866 147.5812 196.6517 196.7965 196.9315 252.7028 252.7387
 --------------------------------------------------------------
 
          Ground-State Mulliken Net Atomic Charges

     Atom                 Charge (a.u.)    Spin (a.u.)
  --------------------------------------------------------
      1 O                    -0.365354      -0.006026
      2 C                     0.307853      -0.000019
      3 N                    -0.218304       0.050704
      4 N                    -0.120027       0.058493
      5 N                    -0.042402       0.258481
      6 C                     0.219075      -0.068675
      7 C                    -0.180833       1.013812
      8 C                    -0.009696       0.471865
      9 C                     0.239834       0.040905
     10 O                    -0.386495       0.138632
     11 H                     0.166269      -0.004424
     12 H                     0.146770       0.005678
     13 H                     0.050330       0.056800
     14 H                     0.002823       0.049113
     15 H                     0.043140      -0.022258
     16 H                     0.066223      -0.028215
     17 H                     0.080794      -0.014867
  --------------------------------------------------------
  Sum of atomic charges =     0.000000
  Sum of spin   charges =     2.000000

 -----------------------------------------------------------------
                    Cartesian Multipole Moments
 -----------------------------------------------------------------
    Charge (ESU x 10^10)
                -0.0000
    Dipole Moment (Debye)
         X       5.3137      Y      -1.7475      Z      -1.0132
       Tot       5.6847
    Quadrupole Moments (Debye-Ang)
        XX     -60.1142     XY       0.1866     YY     -72.3133
        XZ      -0.1121     YZ       1.1932     ZZ     -57.9475
    Octopole Moments (Debye-Ang^2)
       XXX     100.8713    XXY      -7.2085    XYY      78.0569
       YYY     -54.8867    XXZ     -11.1261    XYZ      -7.5130
       YYZ     -13.9828    XZZ      34.2510    YZZ      -6.8245
       ZZZ     -20.5714
    Hexadecapole Moments (Debye-Ang^3)
      XXXX   -1114.5022   XXXY      93.1213   XXYY    -399.1452
      XYYY     188.6845   YYYY    -860.1320   XXXZ     105.4376
      XXYZ      29.8157   XYYZ      51.5371   YYYZ      19.9936
      XXZZ    -213.5451   XYZZ      30.5346   YYZZ    -152.5485
      XZZZ     116.9030   YZZZ      23.8551   ZZZZ    -151.8962
 -----------------------------------------------------------------
 Total job time:  46.02s(wall), 1337.24s(cpu) 
 Thu Aug  1 11:36:17 2024

        *************************************************************
        *                                                           *
        *  Thank you very much for using Q-Chem.  Have a nice day.  *
        *                                                           *
        *************************************************************


