
Running Job 1 of 1 ethene-neutral-wb97xd-OLYP.in
qchem ethene-neutral-wb97xd-OLYP.in_3505760.0 /expanse/lustre/scratch/whughes/temp_project/job_32695222/ethene-neutral-wb97xd-OLYP-32695222/ 0
/cm/shared/apps/spack/0.17.3/cpu/b/opt/spack/linux-rocky8-zen2/gcc-10.2.0/qchem-6.0-rytxnwjazd34ekd2gqyi5ufsaimxsd3r/exe/qcprog.exe_s ethene-neutral-wb97xd-OLYP.in_3505760.0 /expanse/lustre/scratch/whughes/temp_project/job_32695222/ethene-neutral-wb97xd-OLYP-32695222/
                  Welcome to Q-Chem
     A Quantum Leap Into The Future Of Chemistry


 Q-Chem 6.0, Q-Chem, Inc., Pleasanton, CA (2022)

 License issued to: University of California, San Diego (site)

 E. Epifanovsky,  A. T. B. Gilbert,  Xintian Feng,  Joonho Lee,  Yuezhi Mao,  
 N. Mardirossian,  P. Pokhilko,  A. White,  M. Wormit,  M. P. Coons,  
 A. L. Dempwolff,  Zhengting Gan,  D. Hait,  P. R. Horn,  L. D. Jacobson,  
 I. Kaliman,  J. Kussmann,  A. W. Lange,  Ka Un Lao,  D. S. Levine,  Jie Liu,  
 S. C. McKenzie,  A. F. Morrison,  K. Nanda,  F. Plasser,  D. R. Rehn,  
 M. L. Vidal,  Zhi-Qiang You,  Ying Zhu,  B. Alam,  B. Albrecht,  
 A. Aldossary,  E. Alguire,  J. H. Andersen,  V. Athavale,  D. Barton,  
 K. Begam,  A. Behn,  N. Bellonzi,  Y. A. Bernard,  E. J. Berquist,  
 H. Burton,  A. Carreras,  K. Carter-Fenk,  Romit Chakraborty,  
 Chandrima Chakravarty,  Junhan Chen,  A. D. Chien,  K. D. Closser,  
 V. Cofer-Shabica,  L. Cunha,  S. Dasgupta,  Jia Deng,  M. de Wergifosse,  
 M. Diedenhofen,  Hainam Do,  S. Ehlert,  Po-Tung Fang,  S. Fatehi,  
 Qingguo Feng,  T. Friedhoff,  B. Ganoe,  J. Gayvert,  Qinghui Ge,  
 G. Gidofalvi,  M. Goldey,  J. Gomes,  C. Gonzalez-Espinoza,  S. Gulania,  
 A. Gunina,  J. A. Gyamfi,  M. W. D. Hanson-Heine,  P. H. P. Harbach,  
 A. W. Hauser,  M. F. Herbst,  M. Hernandez Vera,  M. Hodecker,  
 Z. C. Holden,  S. Houck,  Xunkun Huang,  Kerwin Hui,  B. C. Huynh,  
 K. Ikeda,  M. Ivanov,  Hyunjun Ji,  Zuxin Jin,  Hanjie Jiang,  B. Kaduk,  
 S. Kaehler,  R. Kang,  K. Khistyaev,  Jaehoon Kim,  Yongbin Kim,  
 P. Klunzinger,  Z. Koczor-Benda,  Joong Hoon Koh,  D. Kosenkov,  
 Saikiran Kotaru,  L. Koulias,  T. Kowalczyk,  C. M. Krauter,  K. Kue,  
 A. Kunitsa,  T. Kus,  A. Landau,  K. V. Lawler,  D. Lefrancois,  S. Lehtola,  
 Rain Li,  Shaozhi Li,  Yi-Pei Li,  Jiashu Liang,  M. Liebenthal,  
 Hung-Hsuan Lin,  You-Sheng Lin,  Fenglai Liu,  Kuan-Yu Liu,  
 M. Loipersberger,  A. Luenser,  C. Malbon,  A. Manjanath,  P. Manohar,  
 E. Mansoor,  S. F. Manzer,  Shan-Ping Mao,  A. V. Marenich,  T. Markovich,  
 S. Mason,  F. Matz,  S. A. Maurer,  P. F. McLaughlin,  M. F. S. J. Menger,  
 J.-M. Mewes,  S. A. Mewes,  P. Morgante,  Mohammad Mostafanejad,  
 J. W. Mullinax,  K. J. Oosterbaan,  G. Paran,  V. Parravicini,  
 Alexander C. Paul,  Suranjan K. Paul,  F. Pavosevic,  Zheng Pei,  S. Prager,  
 E. I. Proynov,  E. Ramos,  B. Rana,  A. E. Rask,  A. Rettig,  R. M. Richard,  
 F. Rob,  E. Rossomme,  T. Scheele,  M. Scheurer,  M. Schneider,  
 P. E. Schneider,  N. Sergueev,  S. M. Sharada,  Hengyuan Shen,  
 W. Skomorowski,  D. W. Small,  C. J. Stein,  Yingli Su,  Yu-Chuan Su,  
 E. J. Sundstrom,  Zhen Tao,  J. Thirman,  Hung-Yi Tsai,  T. Tsuchimochi,  
 N. M. Tubman,  C. Utku,  S. P. Veccham,  O. Vydrov,  J. Wenzel,  
 Jonathan Wong,  J. Witte,  A. Yamada,  Chou-Hsun Yang,  Kun Yao,  
 S. Yeganeh,  S. R. Yost,  A. Zech,  F. Zeller,  Igor Ying Zhang,  
 Xing Zhang,  Yu Zhang,  D. Zuev,  A. Aspuru-Guzik,  A. T. Bell,  
 N. A. Besley,  K. B. Bravaya,  B. R. Brooks,  D. Casanova,  Jeng-Da Chai,  
 Hsing-Ta Chen,  S. Coriani,  C. J. Cramer,  A. E. DePrince, III,  
 R. A. DiStasio Jr.,  A. Dreuw,  B. D. Dunietz,  T. R. Furlani,  
 W. A. Goddard III,  S. Grimme,  S. Hammes-Schiffer,  T. Head-Gordon,  
 W. J. Hehre,  Chao-Ping Hsu,  T.-C. Jagau,  Yousung Jung,  A. Klamt,  
 Jing Kong,  D. S. Lambrecht,  Xiangyuan Li,  WanZhen Liang,  N. J. Mayhall,  
 C. W. McCurdy,  J. B. Neaton,  T. Neudecker,  C. Ochsenfeld,  
 J. A. Parkhill,  R. Peverati,  V. A. Rassolov,  Haisheng Ren,  Yihan Shao,  
 L. V. Slipchenko,  R. P. Steele,  J. E. Subotnik,  A. J. W. Thom,  
 A. Tkatchenko,  D. G. Truhlar,  T. Van Voorhis,  Fan Wang,  
 T. A. Wesolowski,  K. B. Whaley,  H. L. Woodcock III,  P. M. Zimmerman,  
 S. Faraji,  P. M. W. Gill,  M. Head-Gordon,  J. M. Herbert,  A. I. Krylov

 Contributors to earlier versions of Q-Chem not listed above: 
 R. D. Adamson,  B. Austin,  R. Baer,  J. Baker,  G. J. O. Beran,  
 K. Brandhorst,  S. T. Brown,  E. F. C. Byrd,  Arup K. Chakraborty,  
 G. K. L. Chan,  Chun-Min Chang,  Yunqing Chen,  C.-L. Cheng,  
 Siu Hung Chien,  D. M. Chipman,  D. L. Crittenden,  H. Dachsel,  
 R. J. Doerksen,  A. D. Dutoi,  R. G. Edgar,  J. Fosso-Tande,  
 L. Fusti-Molnar,  D. Ghosh,  A. Ghysels,  A. Golubeva-Zadorozhnaya,  
 J. Gonthier,  M. S. Gordon,  S. R. Gwaltney,  G. Hawkins,  J. E. Herr,  
 A. Heyden,  S. Hirata,  E. G. Hohenstein,  G. Kedziora,  F. J. Keil,  
 C. Kelley,  Jihan Kim,  R. A. King,  R. Z. Khaliullin,  P. P. Korambath,  
 W. Kurlancheek,  A. Laurent,  A. M. Lee,  M. S. Lee,  S. V. Levchenko,  
 Ching Yeh Lin,  D. Liotard,  E. Livshits,  R. C. Lochan,  I. Lotan,  
 L. A. Martinez-Martinez,  P. E. Maslen,  N. Nair,  D. P. O'Neill,  
 D. Neuhauser,  E. Neuscamman,  C. M. Oana,  R. Olivares-Amaya,  R. Olson,  
 T. M. Perrine,  B. Peters,  P. A. Pieniazek,  A. Prociuk,  Y. M. Rhee,  
 J. Ritchie,  M. A. Rohrdanz,  E. Rosta,  N. J. Russ,  H. F. Schaefer III,  
 M. W. Schmidt,  N. E. Schultz,  S. Sharma,  N. Shenvi,  C. D. Sherrill,  
 A. C. Simmonett,  A. Sodt,  T. Stein,  D. Stuck,  K. S. Thanthiriwatte,  
 V. Vanovschi,  L. Vogt,  Tao Wang,  A. Warshel,  M. A. Watson,  
 C. F. Williams,  Q. Wu,  X. Xu,  Jun Yang,  W. Zhang,  Yan Zhao

   Please cite Q-Chem as follows:
  "Software for the frontiers of quantum chemistry:
   An overview of developments in the Q-Chem 5 package"
   J. Chem. Phys. 155, 084801 (2021)
   https://doi.org/10.1063/5.0055522 (open access)

 Q-Chem 6.0.2 for Intel X86 EM64T Linux

 Parts of Q-Chem use Armadillo 9.900.5 (Nocturnal Misbehaviour).
 http://arma.sourceforge.net/

 Q-Chem begins on Thu Aug  1 13:36:50 2024  

 Host: 
0

     Scratch files written to /expanse/lustre/scratch/whughes/temp_project/job_32695222/ethene-neutral-wb97xd-OLYP-32695222//
 Dec722 |scratch|qcdevops|jenkins|workspace|build_RNUM    
 Processing $rem in /cm/shared/apps/spack/0.17.3/cpu/b/opt/spack/linux-rocky8-zen2/gcc-10.2.0/qchem-6.0-rytxnwjazd34ekd2gqyi5ufsaimxsd3r/config/preferences:
 Processing $rem in /home/whughes/.qchemrc:

 Checking the input file for inconsistencies... 	...done.

--------------------------------------------------------------
User input:
--------------------------------------------------------------
$molecule
0 1
C    -0.3151678957   0.5307834672    -0.2359551371
C    0.3151679045    -0.5307834595   0.2359551428
H    -0.0665375926   0.9572599881    -1.2005960182
H    -1.105943413    1.0173089377    0.3227873256
H    0.0665375889    -0.9572599913   1.2005960158
H    1.1059434079    -1.0173089421   -0.3227873289
$end

$rem
METHOD      OLYP
BASIS       def2-QZVPP
SYM_IGNORE   TRUE
DFT_D       D3
MAX_SCF_CYCLES 300
$end

$end
--------------------------------------------------------------
 Adding empirical dispersion correction 
 ----------------------------------------------------------------
 Doing -D3(BJ) with
 s6  =   1.00000
 s8  =   2.62050
 a1  =   0.52990
 a2  =   2.80650
 -D3 energy without 3body term =     -0.0158381624 hartrees
 ----------------------------------------------------------------
             Standard Nuclear Orientation (Angstroms)
    I     Atom           X                Y                Z
 ----------------------------------------------------------------
    1      C      -0.3151678957     0.5307834672    -0.2359551371
    2      C       0.3151679045    -0.5307834595     0.2359551428
    3      H      -0.0665375926     0.9572599881    -1.2005960182
    4      H      -1.1059434130     1.0173089377     0.3227873256
    5      H       0.0665375889    -0.9572599913     1.2005960158
    6      H       1.1059434079    -1.0173089421    -0.3227873289
 ----------------------------------------------------------------
 Nuclear Repulsion Energy =          33.50446202 hartrees
 There are        8 alpha and        8 beta electrons
 Requested basis set is def2-QZVPP
 There are 74 shells and 234 basis functions

 Total QAlloc Memory Limit   8000 MB
 Mega-Array Size       188 MB
 MEM_STATIC part       192 MB


                       Distance Matrix (Angstroms)
             C (  1)   C (  2)   H (  3)   H (  4)   H (  5)
   C (  2)  1.321721
   H (  3)  1.083620  2.103248
   H (  4)  1.083617  2.103256  1.845174
   H (  5)  2.103248  1.083620  3.073893  2.458492
   H (  6)  2.103256  1.083617  2.458492  3.073903  1.845174
 
 A cutoff of  1.0D-09 yielded   2701 shell pairs
 There are     27301 function pairs (     40380 Cartesian)
 Smallest overlap matrix eigenvalue = 8.60E-05

 Scale SEOQF with 1.000000e-01/1.000000e-01/1.000000e-01

 Standard Electronic Orientation quadrupole field applied
 Nucleus-field energy     =     0.0000000002 hartrees
 Guess from superposition of atomic densities
 Warning:  Energy on first SCF cycle will be non-variational
 SAD guess density has 16.000000 electrons

 -----------------------------------------------------------------------
  General SCF calculation program by
  Eric Jon Sundstrom, Paul Horn, Yuezhi Mao, Dmitri Zuev, Alec White,
  David Stuck, Shaama M.S., Shane Yost, Joonho Lee, David Small,
  Daniel Levine, Susi Lehtola, Hugh Burton, Evgeny Epifanovsky,
  Bang C. Huynh
 -----------------------------------------------------------------------
 Exchange:  OPTX      Correlation:  LYP
 Using SG-1 standard quadrature grid
 Dispersion:   Grimme D3
 using 32 threads for integral computing
 -------------------------------------------------------
 OpenMP Integral computing Module                
 Release: version 1.0, May 2013, Q-Chem Inc. Pittsburgh 
 -------------------------------------------------------
 A restricted SCF calculation will be
 performed using DIIS
 SCF converges when DIIS error is below 1.0e-05
 ---------------------------------------
  Cycle       Energy         DIIS error
 ---------------------------------------
    1     -78.6795727526      1.99e-02  
    2     -78.5028269924      3.66e-03  
    3     -78.4128386673      4.90e-03  
    4     -78.6046117653      1.71e-04  
    5     -78.6048147333      3.53e-05  
    6     -78.6048226288      7.45e-06  Convergence criterion met
 ---------------------------------------
 SCF time:   CPU 32.00s  wall 1.00s 
 SCF   energy in the final basis set =      -78.6048226288
 Total energy in the final basis set =      -78.6048226288
 
 --------------------------------------------------------------
 
                    Orbital Energies (a.u.)
 --------------------------------------------------------------
 
 Alpha MOs
 -- Occupied --
 -9.9006  -9.8998  -0.6942  -0.5224  -0.4197  -0.3716  -0.3100  -0.2435
 -- Virtual --
 -0.0306   0.0100   0.0274   0.0372   0.0877   0.1077   0.1078   0.1448
  0.1780   0.1782   0.1787   0.2635   0.2948   0.3273   0.3288   0.3378
  0.3474   0.3925   0.4266   0.4845   0.5115   0.5369   0.5876   0.6140
  0.6651   0.7208   0.7310   0.7317   0.7323   0.7370   0.7742   0.7778
  0.8045   0.8163   0.8177   0.8621   0.8745   0.9164   0.9255   0.9913
  1.0439   1.0672   1.0771   1.1261   1.1842   1.2055   1.2945   1.3580
  1.5443   1.5513   1.5720   1.5871   1.6308   1.7188   1.7331   1.7405
  1.7691   1.7917   1.8049   1.8638   1.8948   1.9221   1.9491   1.9783
  1.9847   1.9996   2.0059   2.0737   2.0834   2.1205   2.1614   2.1700
  2.2737   2.3451   2.3848   2.3901   2.3906   2.4119   2.4513   2.4652
  2.5038   2.5265   2.5495   2.5721   2.5902   2.6130   2.6259   2.6956
  2.6998   2.7735   2.7905   2.9303   3.0903   3.0996   3.1379   3.2850
  3.2898   3.3106   3.3119   3.3171   3.3198   3.5103   3.5382   3.5785
  3.6172   3.7253   3.7284   3.7586   3.8235   3.8788   4.0468   4.2706
  4.4337   4.7739   4.7991   4.8037   4.8332   4.8926   4.9015   5.0220
  5.2818   5.3086   5.3178   5.3268   5.3904   5.4159   5.5475   5.5845
  5.5848   5.6368   5.6585   5.6764   5.7413   5.7416   5.8560   5.8597
  5.9147   5.9471   5.9606   5.9891   5.9950   6.0255   6.0438   6.0974
  6.1315   6.1384   6.1717   6.2373   6.2840   6.3048   6.3561   6.3777
  6.5690   6.5882   6.6896   6.7040   6.8510   6.8615   6.8835   6.8882
  6.9082   6.9351   7.1186   7.1396   7.2013   7.2842   7.3445   7.4045
  7.4171   7.4357   7.4388   7.4603   7.4981   7.5234   7.5290   7.5472
  7.6172   7.6539   7.7563   7.9077   7.9315   7.9531   7.9956   8.0164
  8.0977   8.1037   8.1237   8.1308   8.1663   8.2321   8.2800   8.2816
  8.3044   8.3916   8.4212   8.4418   8.4888   8.6360   8.8179   8.8394
  8.9034   8.9713   9.1011   9.1257   9.2528   9.4593   9.6249   9.6741
  9.7209   9.7654   9.9051  10.0465  10.0854  10.1037  10.4479  10.6663
 10.9418  10.9988  11.4542  12.4995  12.7567  12.9599  28.1385  29.0654
146.9576 147.9176
 --------------------------------------------------------------
 
          Ground-State Mulliken Net Atomic Charges

     Atom                 Charge (a.u.)
  ----------------------------------------
      1 C                    -0.054979
      2 C                    -0.054979
      3 H                     0.027582
      4 H                     0.027396
      5 H                     0.027582
      6 H                     0.027396
  ----------------------------------------
  Sum of atomic charges =     0.000000

 -----------------------------------------------------------------
                    Cartesian Multipole Moments
 -----------------------------------------------------------------
    Charge (ESU x 10^10)
                 0.0000
    Dipole Moment (Debye)
         X      -0.0000      Y      -0.0000      Z      -0.0000
       Tot       0.0000
    Quadrupole Moments (Debye-Ang)
        XX     -13.8919     XY      -1.2421     YY     -13.5843
        XZ      -0.9206     YZ      -0.8037     ZZ     -13.0677
    Octopole Moments (Debye-Ang^2)
       XXX      -0.0000    XXY      -0.0000    XYY      -0.0000
       YYY      -0.0000    XXZ      -0.0000    XYZ       0.0000
       YYZ      -0.0000    XZZ      -0.0000    YZZ      -0.0000
       ZZZ      -0.0000
    Hexadecapole Moments (Debye-Ang^3)
      XXXX     -34.1576   XXXY       8.8124   XXYY     -13.7113
      XYYY       9.3731   YYYY     -53.4830   XXXZ      -2.7248
      XXYZ       3.3396   XYYZ      -1.2276   YYYZ       7.0587
      XXZZ     -11.4547   XYZZ       3.3335   YYZZ     -13.2131
      XZZZ      -2.2616   YZZZ       5.4241   ZZZZ     -31.6579
 -----------------------------------------------------------------
 Total job time:  2.09s(wall), 46.84s(cpu) 
 Thu Aug  1 13:36:52 2024

        *************************************************************
        *                                                           *
        *  Thank you very much for using Q-Chem.  Have a nice day.  *
        *                                                           *
        *************************************************************


