
Running Job 1 of 1 ca4-r2-triplet-wb97xd-OLYP.in
qchem ca4-r2-triplet-wb97xd-OLYP.in_1749677.0 /expanse/lustre/scratch/whughes/temp_project/job_32692397/ca4-r2-triplet-wb97xd-OLYP-32692397/ 0
/cm/shared/apps/spack/0.17.3/cpu/b/opt/spack/linux-rocky8-zen2/gcc-10.2.0/qchem-6.0-rytxnwjazd34ekd2gqyi5ufsaimxsd3r/exe/qcprog.exe_s ca4-r2-triplet-wb97xd-OLYP.in_1749677.0 /expanse/lustre/scratch/whughes/temp_project/job_32692397/ca4-r2-triplet-wb97xd-OLYP-32692397/
                  Welcome to Q-Chem
     A Quantum Leap Into The Future Of Chemistry


 Q-Chem 6.0, Q-Chem, Inc., Pleasanton, CA (2022)

 License issued to: University of California, San Diego (site)

 E. Epifanovsky,  A. T. B. Gilbert,  Xintian Feng,  Joonho Lee,  Yuezhi Mao,  
 N. Mardirossian,  P. Pokhilko,  A. White,  M. Wormit,  M. P. Coons,  
 A. L. Dempwolff,  Zhengting Gan,  D. Hait,  P. R. Horn,  L. D. Jacobson,  
 I. Kaliman,  J. Kussmann,  A. W. Lange,  Ka Un Lao,  D. S. Levine,  Jie Liu,  
 S. C. McKenzie,  A. F. Morrison,  K. Nanda,  F. Plasser,  D. R. Rehn,  
 M. L. Vidal,  Zhi-Qiang You,  Ying Zhu,  B. Alam,  B. Albrecht,  
 A. Aldossary,  E. Alguire,  J. H. Andersen,  V. Athavale,  D. Barton,  
 K. Begam,  A. Behn,  N. Bellonzi,  Y. A. Bernard,  E. J. Berquist,  
 H. Burton,  A. Carreras,  K. Carter-Fenk,  Romit Chakraborty,  
 Chandrima Chakravarty,  Junhan Chen,  A. D. Chien,  K. D. Closser,  
 V. Cofer-Shabica,  L. Cunha,  S. Dasgupta,  Jia Deng,  M. de Wergifosse,  
 M. Diedenhofen,  Hainam Do,  S. Ehlert,  Po-Tung Fang,  S. Fatehi,  
 Qingguo Feng,  T. Friedhoff,  B. Ganoe,  J. Gayvert,  Qinghui Ge,  
 G. Gidofalvi,  M. Goldey,  J. Gomes,  C. Gonzalez-Espinoza,  S. Gulania,  
 A. Gunina,  J. A. Gyamfi,  M. W. D. Hanson-Heine,  P. H. P. Harbach,  
 A. W. Hauser,  M. F. Herbst,  M. Hernandez Vera,  M. Hodecker,  
 Z. C. Holden,  S. Houck,  Xunkun Huang,  Kerwin Hui,  B. C. Huynh,  
 K. Ikeda,  M. Ivanov,  Hyunjun Ji,  Zuxin Jin,  Hanjie Jiang,  B. Kaduk,  
 S. Kaehler,  R. Kang,  K. Khistyaev,  Jaehoon Kim,  Yongbin Kim,  
 P. Klunzinger,  Z. Koczor-Benda,  Joong Hoon Koh,  D. Kosenkov,  
 Saikiran Kotaru,  L. Koulias,  T. Kowalczyk,  C. M. Krauter,  K. Kue,  
 A. Kunitsa,  T. Kus,  A. Landau,  K. V. Lawler,  D. Lefrancois,  S. Lehtola,  
 Rain Li,  Shaozhi Li,  Yi-Pei Li,  Jiashu Liang,  M. Liebenthal,  
 Hung-Hsuan Lin,  You-Sheng Lin,  Fenglai Liu,  Kuan-Yu Liu,  
 M. Loipersberger,  A. Luenser,  C. Malbon,  A. Manjanath,  P. Manohar,  
 E. Mansoor,  S. F. Manzer,  Shan-Ping Mao,  A. V. Marenich,  T. Markovich,  
 S. Mason,  F. Matz,  S. A. Maurer,  P. F. McLaughlin,  M. F. S. J. Menger,  
 J.-M. Mewes,  S. A. Mewes,  P. Morgante,  Mohammad Mostafanejad,  
 J. W. Mullinax,  K. J. Oosterbaan,  G. Paran,  V. Parravicini,  
 Alexander C. Paul,  Suranjan K. Paul,  F. Pavosevic,  Zheng Pei,  S. Prager,  
 E. I. Proynov,  E. Ramos,  B. Rana,  A. E. Rask,  A. Rettig,  R. M. Richard,  
 F. Rob,  E. Rossomme,  T. Scheele,  M. Scheurer,  M. Schneider,  
 P. E. Schneider,  N. Sergueev,  S. M. Sharada,  Hengyuan Shen,  
 W. Skomorowski,  D. W. Small,  C. J. Stein,  Yingli Su,  Yu-Chuan Su,  
 E. J. Sundstrom,  Zhen Tao,  J. Thirman,  Hung-Yi Tsai,  T. Tsuchimochi,  
 N. M. Tubman,  C. Utku,  S. P. Veccham,  O. Vydrov,  J. Wenzel,  
 Jonathan Wong,  J. Witte,  A. Yamada,  Chou-Hsun Yang,  Kun Yao,  
 S. Yeganeh,  S. R. Yost,  A. Zech,  F. Zeller,  Igor Ying Zhang,  
 Xing Zhang,  Yu Zhang,  D. Zuev,  A. Aspuru-Guzik,  A. T. Bell,  
 N. A. Besley,  K. B. Bravaya,  B. R. Brooks,  D. Casanova,  Jeng-Da Chai,  
 Hsing-Ta Chen,  S. Coriani,  C. J. Cramer,  A. E. DePrince, III,  
 R. A. DiStasio Jr.,  A. Dreuw,  B. D. Dunietz,  T. R. Furlani,  
 W. A. Goddard III,  S. Grimme,  S. Hammes-Schiffer,  T. Head-Gordon,  
 W. J. Hehre,  Chao-Ping Hsu,  T.-C. Jagau,  Yousung Jung,  A. Klamt,  
 Jing Kong,  D. S. Lambrecht,  Xiangyuan Li,  WanZhen Liang,  N. J. Mayhall,  
 C. W. McCurdy,  J. B. Neaton,  T. Neudecker,  C. Ochsenfeld,  
 J. A. Parkhill,  R. Peverati,  V. A. Rassolov,  Haisheng Ren,  Yihan Shao,  
 L. V. Slipchenko,  R. P. Steele,  J. E. Subotnik,  A. J. W. Thom,  
 A. Tkatchenko,  D. G. Truhlar,  T. Van Voorhis,  Fan Wang,  
 T. A. Wesolowski,  K. B. Whaley,  H. L. Woodcock III,  P. M. Zimmerman,  
 S. Faraji,  P. M. W. Gill,  M. Head-Gordon,  J. M. Herbert,  A. I. Krylov

 Contributors to earlier versions of Q-Chem not listed above: 
 R. D. Adamson,  B. Austin,  R. Baer,  J. Baker,  G. J. O. Beran,  
 K. Brandhorst,  S. T. Brown,  E. F. C. Byrd,  Arup K. Chakraborty,  
 G. K. L. Chan,  Chun-Min Chang,  Yunqing Chen,  C.-L. Cheng,  
 Siu Hung Chien,  D. M. Chipman,  D. L. Crittenden,  H. Dachsel,  
 R. J. Doerksen,  A. D. Dutoi,  R. G. Edgar,  J. Fosso-Tande,  
 L. Fusti-Molnar,  D. Ghosh,  A. Ghysels,  A. Golubeva-Zadorozhnaya,  
 J. Gonthier,  M. S. Gordon,  S. R. Gwaltney,  G. Hawkins,  J. E. Herr,  
 A. Heyden,  S. Hirata,  E. G. Hohenstein,  G. Kedziora,  F. J. Keil,  
 C. Kelley,  Jihan Kim,  R. A. King,  R. Z. Khaliullin,  P. P. Korambath,  
 W. Kurlancheek,  A. Laurent,  A. M. Lee,  M. S. Lee,  S. V. Levchenko,  
 Ching Yeh Lin,  D. Liotard,  E. Livshits,  R. C. Lochan,  I. Lotan,  
 L. A. Martinez-Martinez,  P. E. Maslen,  N. Nair,  D. P. O'Neill,  
 D. Neuhauser,  E. Neuscamman,  C. M. Oana,  R. Olivares-Amaya,  R. Olson,  
 T. M. Perrine,  B. Peters,  P. A. Pieniazek,  A. Prociuk,  Y. M. Rhee,  
 J. Ritchie,  M. A. Rohrdanz,  E. Rosta,  N. J. Russ,  H. F. Schaefer III,  
 M. W. Schmidt,  N. E. Schultz,  S. Sharma,  N. Shenvi,  C. D. Sherrill,  
 A. C. Simmonett,  A. Sodt,  T. Stein,  D. Stuck,  K. S. Thanthiriwatte,  
 V. Vanovschi,  L. Vogt,  Tao Wang,  A. Warshel,  M. A. Watson,  
 C. F. Williams,  Q. Wu,  X. Xu,  Jun Yang,  W. Zhang,  Yan Zhao

   Please cite Q-Chem as follows:
  "Software for the frontiers of quantum chemistry:
   An overview of developments in the Q-Chem 5 package"
   J. Chem. Phys. 155, 084801 (2021)
   https://doi.org/10.1063/5.0055522 (open access)

 Q-Chem 6.0.2 for Intel X86 EM64T Linux

 Parts of Q-Chem use Armadillo 9.900.5 (Nocturnal Misbehaviour).
 http://arma.sourceforge.net/

 Q-Chem begins on Thu Aug  1 11:37:33 2024  

 Host: 
0

     Scratch files written to /expanse/lustre/scratch/whughes/temp_project/job_32692397/ca4-r2-triplet-wb97xd-OLYP-32692397//
 Dec722 |scratch|qcdevops|jenkins|workspace|build_RNUM    
 Processing $rem in /cm/shared/apps/spack/0.17.3/cpu/b/opt/spack/linux-rocky8-zen2/gcc-10.2.0/qchem-6.0-rytxnwjazd34ekd2gqyi5ufsaimxsd3r/config/preferences:
 Processing $rem in /home/whughes/.qchemrc:

 Checking the input file for inconsistencies... 	...done.

--------------------------------------------------------------
User input:
--------------------------------------------------------------
$molecule
0 3
C    0.4099192619    0.3325668399    -1.3831004823
N    0.9035003639    -0.9505010291   -1.0255108694
N    0.9305917356    -1.0513767698   0.3083724541
C    -0.0409976604   -0.521050246    1.1759213244
N    -0.9147488288   0.3500680241    0.572512711
C    -0.6687638531   0.957038732     -0.6691164508
O    -0.0943352627   -0.8632700214   2.3260895783
O    -1.2778033426   1.9438048056    -1.0214863935
H    0.9562388177    0.8896563553    -2.1308794889
H    1.3993626325    -1.8672102417   0.6763616599
H    -1.6029628641   0.7802745511    1.1708359572
$end

$rem
METHOD      OLYP
BASIS       def2-QZVPP
SYM_IGNORE   TRUE
DFT_D       D3
MAX_SCF_CYCLES 300
$end

$end
--------------------------------------------------------------
 Adding empirical dispersion correction 
 ----------------------------------------------------------------
 Doing -D3(BJ) with
 s6  =   1.00000
 s8  =   2.62050
 a1  =   0.52990
 a2  =   2.80650
 -D3 energy without 3body term =     -0.0599923686 hartrees
 ----------------------------------------------------------------
             Standard Nuclear Orientation (Angstroms)
    I     Atom           X                Y                Z
 ----------------------------------------------------------------
    1      C       0.4099192619     0.3325668399    -1.3831004823
    2      N       0.9035003639    -0.9505010291    -1.0255108694
    3      N       0.9305917356    -1.0513767698     0.3083724541
    4      C      -0.0409976604    -0.5210502460     1.1759213244
    5      N      -0.9147488288     0.3500680241     0.5725127110
    6      C      -0.6687638531     0.9570387320    -0.6691164508
    7      O      -0.0943352627    -0.8632700214     2.3260895783
    8      O      -1.2778033426     1.9438048056    -1.0214863935
    9      H       0.9562388177     0.8896563553    -2.1308794889
   10      H       1.3993626325    -1.8672102417     0.6763616599
   11      H      -1.6029628641     0.7802745511     1.1708359572
 ----------------------------------------------------------------
 Nuclear Repulsion Energy =         359.08710485 hartrees
 There are       30 alpha and       28 beta electrons
 Requested basis set is def2-QZVPP
 There are 166 shells and 546 basis functions

 Total QAlloc Memory Limit   8000 MB
 Mega-Array Size       188 MB
 MEM_STATIC part       192 MB


                       Distance Matrix (Angstroms)
             C (  1)   N (  2)   N (  3)   C (  4)   N (  5)   C (  6)
   N (  2)  1.420477
   N (  3)  2.246660  1.337967
   C (  4)  2.735065  2.433682  1.406369
   N (  5)  2.362091  2.747943  2.332188  1.373459
   C (  6)  1.436418  2.497547  2.747209  2.446018  1.403768
   O (  7)  3.929681  3.498072  2.270912  1.201185  2.284797  3.551725
   O (  8)  2.361199  3.624239  3.951790  3.526159  2.283120  1.211941
   H (  9)  1.080735  2.147277  3.117406  3.730885  3.331678  2.186761
   H ( 10)  3.171656  1.995647  1.010320  2.033800  3.206590  3.750179
   H ( 11)  3.282488  3.755247  3.243099  2.033029  1.008319  2.071086
             O (  7)   O (  8)   H (  9)   H ( 10)
   O (  8)  4.526205
   H (  9)  4.903165  2.707938
   H ( 10)  2.441440  4.957191  3.959454
   H ( 11)  2.512331  2.503160  4.178852  4.033316
 
 A cutoff of  1.0D-09 yielded  11258 shell pairs
 There are    124418 function pairs (    192598 Cartesian)
 Smallest overlap matrix eigenvalue = 5.75E-05

 Scale SEOQF with 1.000000e-01/1.000000e-01/1.000000e-01

 Standard Electronic Orientation quadrupole field applied
 Nucleus-field energy     =    -0.0000000037 hartrees
 Guess from superposition of atomic densities
 Warning:  Energy on first SCF cycle will be non-variational
 SAD guess density has 58.000000 electrons

 -----------------------------------------------------------------------
  General SCF calculation program by
  Eric Jon Sundstrom, Paul Horn, Yuezhi Mao, Dmitri Zuev, Alec White,
  David Stuck, Shaama M.S., Shane Yost, Joonho Lee, David Small,
  Daniel Levine, Susi Lehtola, Hugh Burton, Evgeny Epifanovsky,
  Bang C. Huynh
 -----------------------------------------------------------------------
 Exchange:  OPTX      Correlation:  LYP
 Using SG-1 standard quadrature grid
 Dispersion:   Grimme D3
 using 32 threads for integral computing
 -------------------------------------------------------
 OpenMP Integral computing Module                
 Release: version 1.0, May 2013, Q-Chem Inc. Pittsburgh 
 -------------------------------------------------------
 A unrestricted SCF calculation will be
 performed using DIIS
 SCF converges when DIIS error is below 1.0e-05
 ---------------------------------------
  Cycle       Energy         DIIS error
 ---------------------------------------
    1    -432.5473976378      8.82e-03  
    2    -430.6798249097      1.29e-03  
    3    -428.8828208761      3.76e-03  
    4    -430.7101029685      1.03e-03  
    5    -430.8611459689      3.25e-04  
    6    -430.8628320607      2.99e-04  
    7    -430.8729626186      8.54e-05  
    8    -430.8736384100      4.78e-05  
    9    -430.8739075864      1.81e-05  
   10    -430.8739450593      7.15e-06  Convergence criterion met
 ---------------------------------------
 SCF time:   CPU 544.98s  wall 17.00s 
<S^2> =          2.007007292
 SCF   energy in the final basis set =     -430.8739450593
 Total energy in the final basis set =     -430.8739450593
 
 --------------------------------------------------------------
 
                    Orbital Energies (a.u.)
 --------------------------------------------------------------
 
 Alpha MOs
 -- Occupied --
-18.7799 -18.7660 -14.1188 -14.0715 -14.0701 -10.0650 -10.0281  -9.9815
 -1.0371  -0.9925  -0.9765  -0.8864  -0.7907  -0.6807  -0.6285  -0.5701
 -0.5404  -0.4775  -0.4684  -0.4334  -0.4231  -0.4031  -0.3925  -0.3752
 -0.3218  -0.2817  -0.2715  -0.2487  -0.2443  -0.1671
 -- Virtual --
 -0.0561  -0.0194   0.0003   0.0066   0.0287   0.0539   0.0632   0.0696
  0.0714   0.1096   0.1224   0.1272   0.1445   0.1521   0.1596   0.1660
  0.1795   0.1842   0.2079   0.2156   0.2209   0.2328   0.2409   0.2463
  0.2555   0.2755   0.2956   0.2994   0.3040   0.3337   0.3395   0.3561
  0.3611   0.3729   0.3775   0.3839   0.3899   0.4074   0.4203   0.4471
  0.4561   0.4699   0.4835   0.5147   0.5252   0.5410   0.5544   0.5625
  0.5695   0.5986   0.6166   0.6280   0.6469   0.6711   0.6752   0.6812
  0.6966   0.7154   0.7297   0.7413   0.7690   0.7814   0.7905   0.8108
  0.8306   0.8321   0.8435   0.8451   0.8581   0.8778   0.8880   0.9011
  0.9120   0.9286   0.9506   0.9517   0.9621   0.9946   1.0222   1.0307
  1.0552   1.0769   1.0862   1.1056   1.1194   1.1285   1.1461   1.1715
  1.1812   1.2088   1.2335   1.2646   1.2924   1.3119   1.3273   1.3357
  1.3526   1.3585   1.3744   1.3834   1.4017   1.4130   1.4180   1.4322
  1.4434   1.4526   1.4797   1.5131   1.5250   1.5456   1.5609   1.5668
  1.5945   1.6076   1.6534   1.6823   1.6945   1.6994   1.7173   1.7392
  1.7640   1.7737   1.7844   1.8108   1.8339   1.8404   1.8544   1.8682
  1.8802   1.8990   1.9031   1.9440   1.9610   1.9690   1.9829   2.0168
  2.0413   2.0504   2.0689   2.0779   2.0937   2.1146   2.1381   2.1583
  2.1695   2.2069   2.2116   2.2479   2.2675   2.2733   2.2796   2.3014
  2.3145   2.3268   2.3444   2.3501   2.3793   2.3899   2.4287   2.4338
  2.4740   2.4778   2.4892   2.5095   2.5147   2.5248   2.5607   2.5875
  2.6007   2.6210   2.6280   2.6498   2.6727   2.6810   2.6930   2.7309
  2.7400   2.7522   2.7780   2.7995   2.8186   2.8253   2.8460   2.8708
  2.9071   2.9267   2.9348   2.9476   2.9742   3.0050   3.0188   3.0378
  3.0649   3.0914   3.1268   3.1376   3.1755   3.2004   3.2170   3.2322
  3.2531   3.2607   3.2874   3.3012   3.3377   3.3653   3.3950   3.3987
  3.4112   3.4342   3.4479   3.4763   3.5025   3.5106   3.5474   3.5579
  3.5947   3.6039   3.6159   3.6472   3.6597   3.6884   3.7220   3.7273
  3.7606   3.7827   3.8310   3.8569   3.8863   3.9035   3.9130   3.9274
  3.9755   3.9960   4.0298   4.0474   4.0588   4.0946   4.0971   4.1189
  4.1540   4.1784   4.2368   4.2446   4.2782   4.3120   4.3332   4.3584
  4.3787   4.4245   4.4587   4.4800   4.4928   4.5215   4.5523   4.5597
  4.5771   4.6432   4.6929   4.7121   4.7312   4.7970   4.8113   4.8439
  4.8479   4.8852   4.9258   4.9972   5.0333   5.0505   5.0587   5.1064
  5.1951   5.2027   5.2329   5.2718   5.2906   5.3106   5.3376   5.3627
  5.3928   5.4082   5.4394   5.4751   5.4854   5.5709   5.5824   5.6089
  5.6237   5.6728   5.6926   5.7411   5.7673   5.7782   5.8009   5.8363
  5.8535   5.8875   5.9122   5.9185   5.9294   5.9745   5.9844   5.9896
  6.0152   6.0264   6.0448   6.0617   6.1028   6.1151   6.1593   6.1736
  6.1818   6.2197   6.2421   6.2539   6.2959   6.2983   6.3192   6.3666
  6.4069   6.4166   6.4680   6.4778   6.5171   6.5411   6.5999   6.6272
  6.6803   6.7111   6.7366   6.7486   6.7553   6.7677   6.8333   6.8427
  6.8608   6.8789   6.9078   6.9653   6.9883   7.0427   7.0753   7.0997
  7.1448   7.1920   7.2077   7.2286   7.2520   7.2712   7.3100   7.3358
  7.3576   7.3730   7.4346   7.4416   7.4691   7.4779   7.5396   7.5588
  7.6046   7.6271   7.6572   7.7257   7.7284   7.7529   7.7706   7.8035
  7.8318   7.8452   7.8566   7.8864   7.9155   7.9300   7.9536   7.9799
  7.9898   8.0605   8.0785   8.0859   8.1326   8.1351   8.1593   8.1637
  8.2007   8.2366   8.2579   8.2823   8.3409   8.3661   8.4116   8.4177
  8.4966   8.5369   8.5524   8.5651   8.6384   8.6849   8.7071   8.7131
  8.7259   8.7302   8.7412   8.7657   8.8055   8.8211   8.8726   8.9034
  8.9394   8.9447   8.9750   8.9841   9.0146   9.0320   9.0434   9.0551
  9.0738   9.1030   9.1388   9.1763   9.2011   9.2625   9.2773   9.3220
  9.3624   9.3922   9.4125   9.4295   9.4655   9.4932   9.5151   9.5910
  9.6764   9.6860   9.7051   9.7487   9.7854   9.8216   9.8381   9.9078
  9.9187   9.9409   9.9928  10.0689  10.1167  10.1335  10.1533  10.1736
 10.2399  10.2630  10.3448  10.4588  10.5755  10.6092  10.6969  10.7221
 10.7839  10.8322  10.8458  10.8592  10.8716  10.9106  10.9763  11.1576
 11.2077  11.2699  11.2933  11.3115  11.3543  11.4383  11.4500  11.4847
 11.4970  11.5820  11.6091  11.6585  11.6868  11.6934  11.7233  11.7681
 11.7997  11.8860  11.9733  11.9843  12.0105  12.0577  12.1330  12.1603
 12.4001  12.5322  13.0169  13.0484  13.3519  13.5073  13.9098  13.9596
 14.3237  14.3753  14.7358  14.8166  27.9162  28.1036  28.3935  37.1541
 37.6537  37.7712  47.8690  47.9060 146.7553 146.8996 147.1993 196.2031
196.7303 196.8599 252.6332 252.6745
 
 Beta MOs
 -- Occupied --
-18.7779 -18.7625 -14.1142 -14.0708 -14.0596 -10.0649 -10.0281  -9.9750
 -1.0293  -0.9853  -0.9599  -0.8818  -0.7660  -0.6632  -0.6237  -0.5586
 -0.5299  -0.4673  -0.4518  -0.4270  -0.4123  -0.3955  -0.3760  -0.3488
 -0.3031  -0.2709  -0.2579  -0.2358
 -- Virtual --
 -0.1974  -0.1090  -0.0437  -0.0174   0.0017   0.0146   0.0388   0.0568
  0.0665   0.0711   0.0750   0.1148   0.1232   0.1330   0.1467   0.1555
  0.1624   0.1755   0.1835   0.1935   0.2107   0.2233   0.2303   0.2361
  0.2447   0.2532   0.2587   0.2805   0.2988   0.3042   0.3088   0.3361
  0.3413   0.3578   0.3646   0.3759   0.3830   0.3861   0.3929   0.4126
  0.4230   0.4525   0.4617   0.4762   0.4861   0.5203   0.5292   0.5462
  0.5592   0.5716   0.5782   0.6068   0.6220   0.6344   0.6536   0.6769
  0.6828   0.6897   0.7064   0.7196   0.7341   0.7503   0.7771   0.7874
  0.7943   0.8170   0.8381   0.8410   0.8508   0.8534   0.8663   0.8854
  0.8895   0.9109   0.9181   0.9319   0.9561   0.9609   0.9681   1.0093
  1.0332   1.0383   1.0647   1.0859   1.0944   1.1249   1.1297   1.1381
  1.1550   1.1829   1.1859   1.2154   1.2416   1.2734   1.3068   1.3184
  1.3346   1.3439   1.3606   1.3705   1.3808   1.3934   1.4115   1.4203
  1.4306   1.4377   1.4503   1.4590   1.4879   1.5221   1.5338   1.5530
  1.5705   1.5736   1.6064   1.6160   1.6604   1.6937   1.7068   1.7170
  1.7253   1.7479   1.7722   1.7838   1.7924   1.8171   1.8437   1.8483
  1.8615   1.8783   1.8926   1.9074   1.9145   1.9494   1.9740   1.9811
  1.9912   2.0294   2.0492   2.0590   2.0743   2.0883   2.1040   2.1221
  2.1455   2.1664   2.1790   2.2148   2.2248   2.2548   2.2717   2.2855
  2.2919   2.3162   2.3224   2.3351   2.3516   2.3649   2.3874   2.3989
  2.4422   2.4488   2.4874   2.4924   2.4993   2.5201   2.5237   2.5343
  2.5741   2.5981   2.6092   2.6293   2.6387   2.6610   2.6795   2.6956
  2.7042   2.7425   2.7553   2.7643   2.7892   2.8087   2.8270   2.8375
  2.8628   2.8840   2.9169   2.9459   2.9509   2.9582   2.9894   3.0145
  3.0275   3.0505   3.0834   3.1016   3.1362   3.1515   3.1893   3.2094
  3.2355   3.2431   3.2659   3.2777   3.2987   3.3133   3.3568   3.3765
  3.4075   3.4148   3.4215   3.4454   3.4636   3.4878   3.5105   3.5249
  3.5630   3.5764   3.6114   3.6162   3.6318   3.6610   3.6735   3.7036
  3.7326   3.7521   3.7730   3.7958   3.8414   3.8662   3.8961   3.9163
  3.9228   3.9411   3.9856   4.0154   4.0405   4.0578   4.0722   4.1054
  4.1109   4.1281   4.1635   4.1869   4.2468   4.2563   4.2893   4.3236
  4.3432   4.3703   4.3861   4.4348   4.4675   4.4906   4.5065   4.5311
  4.5623   4.5696   4.5848   4.6554   4.7002   4.7206   4.7505   4.8039
  4.8277   4.8509   4.8737   4.8963   4.9357   5.0125   5.0460   5.0652
  5.0722   5.1322   5.2158   5.2265   5.2481   5.2803   5.3095   5.3232
  5.3462   5.3718   5.4148   5.4245   5.4453   5.4896   5.4969   5.5811
  5.5873   5.6156   5.6321   5.6801   5.7015   5.7589   5.7761   5.7939
  5.8155   5.8476   5.8705   5.8996   5.9200   5.9307   5.9419   5.9903
  5.9954   6.0031   6.0298   6.0450   6.0586   6.0780   6.1153   6.1284
  6.1749   6.1834   6.1940   6.2397   6.2603   6.2656   6.3066   6.3150
  6.3266   6.3848   6.4188   6.4369   6.4845   6.4926   6.5496   6.5593
  6.6198   6.6424   6.6940   6.7202   6.7488   6.7663   6.7755   6.7945
  6.8408   6.8491   6.8748   6.8882   6.9198   6.9768   7.0038   7.0559
  7.0882   7.1187   7.1546   7.1988   7.2136   7.2385   7.2655   7.2849
  7.3284   7.3423   7.3695   7.3885   7.4445   7.4503   7.4740   7.4901
  7.5513   7.5747   7.6102   7.6420   7.6649   7.7326   7.7399   7.7706
  7.7810   7.8149   7.8418   7.8648   7.8698   7.8992   7.9249   7.9427
  7.9630   7.9903   7.9986   8.0715   8.0952   8.1018   8.1440   8.1468
  8.1695   8.1791   8.2157   8.2481   8.2718   8.2912   8.3454   8.3795
  8.4260   8.4302   8.5178   8.5485   8.5622   8.5719   8.6572   8.6974
  8.7188   8.7222   8.7378   8.7426   8.7552   8.7926   8.8269   8.8590
  8.9113   8.9340   8.9599   8.9692   8.9882   8.9976   9.0391   9.0489
  9.0614   9.0732   9.1131   9.1301   9.1548   9.1888   9.2302   9.2778
  9.3021   9.3407   9.3766   9.4050   9.4270   9.4392   9.4794   9.5031
  9.5242   9.6088   9.6858   9.7069   9.7141   9.7674   9.7976   9.8410
  9.8581   9.9173   9.9380   9.9578  10.0003  10.0928  10.1265  10.1463
 10.1705  10.1830  10.2510  10.2730  10.3553  10.4719  10.5810  10.6194
 10.7088  10.7496  10.8205  10.8466  10.8601  10.8767  10.8859  10.9254
 10.9825  11.1907  11.2334  11.2825  11.3068  11.3164  11.3694  11.4529
 11.4623  11.4959  11.5030  11.5889  11.6227  11.6704  11.7024  11.7132
 11.7321  11.7784  11.8076  11.8900  11.9877  12.0063  12.0174  12.0637
 12.1495  12.1768  12.4180  12.5516  13.0388  13.0599  13.3585  13.5128
 13.9219  13.9805  14.3309  14.3798  14.7432  14.8182  27.9289  28.1041
 28.4084  37.1787  37.6623  37.7752  47.8733  47.9133 146.7565 146.8998
147.2008 196.2085 196.7327 196.8609 252.6346 252.6768
 --------------------------------------------------------------
 
          Ground-State Mulliken Net Atomic Charges

     Atom                 Charge (a.u.)    Spin (a.u.)
  --------------------------------------------------------
      1 C                     0.015726       0.741533
      2 N                    -0.157818       0.687025
      3 N                    -0.041223       0.244143
      4 C                     0.337332       0.012670
      5 N                    -0.176699       0.039504
      6 C                     0.263869       0.007132
      7 O                    -0.321247       0.104950
      8 O                    -0.334687       0.180754
      9 H                     0.095771      -0.006668
     10 H                     0.149661      -0.009370
     11 H                     0.169315      -0.001673
  --------------------------------------------------------
  Sum of atomic charges =     0.000000
  Sum of spin   charges =     2.000000

 -----------------------------------------------------------------
                    Cartesian Multipole Moments
 -----------------------------------------------------------------
    Charge (ESU x 10^10)
                 0.0000
    Dipole Moment (Debye)
         X       1.3037      Y      -1.1166      Z       0.1279
       Tot       1.7212
    Quadrupole Moments (Debye-Ang)
        XX     -43.3702     XY       1.5996     YY     -48.2115
        XZ      -2.3673     YZ       2.6211     ZZ     -51.4595
    Octopole Moments (Debye-Ang^2)
       XXX      10.8365    XXY      -6.7097    XYY      16.4038
       YYY     -21.4827    XXZ       7.3954    XYZ     -12.3961
       YYZ       9.6310    XZZ       5.4158    YZZ       9.6711
       ZZZ     -24.4686
    Hexadecapole Moments (Debye-Ang^3)
      XXXX    -213.5815   XXXY      86.7611   XXYY     -92.5130
      XYYY      96.0451   YYYY    -336.1302   XXXZ       3.4953
      XXYZ      29.8278   XYYZ      -1.0369   YYYZ      89.4806
      XXZZ    -108.1485   XYZZ      36.5118   YYZZ    -144.2824
      XZZZ       2.3645   YZZZ     100.4737   ZZZZ    -498.5577
 -----------------------------------------------------------------
 Total job time:  19.98s(wall), 572.12s(cpu) 
 Thu Aug  1 11:37:53 2024

        *************************************************************
        *                                                           *
        *  Thank you very much for using Q-Chem.  Have a nice day.  *
        *                                                           *
        *************************************************************


