
Running Job 1 of 1 n5-r1-triplet-OLYP.in
qchem n5-r1-triplet-OLYP.in_2019187.0 /expanse/lustre/scratch/whughes/temp_project/job_32712961/n5-r1-triplet-OLYP-32712961/ 0
/cm/shared/apps/spack/0.17.3/cpu/b/opt/spack/linux-rocky8-zen2/gcc-10.2.0/qchem-6.0-rytxnwjazd34ekd2gqyi5ufsaimxsd3r/exe/qcprog.exe_s n5-r1-triplet-OLYP.in_2019187.0 /expanse/lustre/scratch/whughes/temp_project/job_32712961/n5-r1-triplet-OLYP-32712961/
                  Welcome to Q-Chem
     A Quantum Leap Into The Future Of Chemistry


 Q-Chem 6.0, Q-Chem, Inc., Pleasanton, CA (2022)

 License issued to: University of California, San Diego (site)

 E. Epifanovsky,  A. T. B. Gilbert,  Xintian Feng,  Joonho Lee,  Yuezhi Mao,  
 N. Mardirossian,  P. Pokhilko,  A. White,  M. Wormit,  M. P. Coons,  
 A. L. Dempwolff,  Zhengting Gan,  D. Hait,  P. R. Horn,  L. D. Jacobson,  
 I. Kaliman,  J. Kussmann,  A. W. Lange,  Ka Un Lao,  D. S. Levine,  Jie Liu,  
 S. C. McKenzie,  A. F. Morrison,  K. Nanda,  F. Plasser,  D. R. Rehn,  
 M. L. Vidal,  Zhi-Qiang You,  Ying Zhu,  B. Alam,  B. Albrecht,  
 A. Aldossary,  E. Alguire,  J. H. Andersen,  V. Athavale,  D. Barton,  
 K. Begam,  A. Behn,  N. Bellonzi,  Y. A. Bernard,  E. J. Berquist,  
 H. Burton,  A. Carreras,  K. Carter-Fenk,  Romit Chakraborty,  
 Chandrima Chakravarty,  Junhan Chen,  A. D. Chien,  K. D. Closser,  
 V. Cofer-Shabica,  L. Cunha,  S. Dasgupta,  Jia Deng,  M. de Wergifosse,  
 M. Diedenhofen,  Hainam Do,  S. Ehlert,  Po-Tung Fang,  S. Fatehi,  
 Qingguo Feng,  T. Friedhoff,  B. Ganoe,  J. Gayvert,  Qinghui Ge,  
 G. Gidofalvi,  M. Goldey,  J. Gomes,  C. Gonzalez-Espinoza,  S. Gulania,  
 A. Gunina,  J. A. Gyamfi,  M. W. D. Hanson-Heine,  P. H. P. Harbach,  
 A. W. Hauser,  M. F. Herbst,  M. Hernandez Vera,  M. Hodecker,  
 Z. C. Holden,  S. Houck,  Xunkun Huang,  Kerwin Hui,  B. C. Huynh,  
 K. Ikeda,  M. Ivanov,  Hyunjun Ji,  Zuxin Jin,  Hanjie Jiang,  B. Kaduk,  
 S. Kaehler,  R. Kang,  K. Khistyaev,  Jaehoon Kim,  Yongbin Kim,  
 P. Klunzinger,  Z. Koczor-Benda,  Joong Hoon Koh,  D. Kosenkov,  
 Saikiran Kotaru,  L. Koulias,  T. Kowalczyk,  C. M. Krauter,  K. Kue,  
 A. Kunitsa,  T. Kus,  A. Landau,  K. V. Lawler,  D. Lefrancois,  S. Lehtola,  
 Rain Li,  Shaozhi Li,  Yi-Pei Li,  Jiashu Liang,  M. Liebenthal,  
 Hung-Hsuan Lin,  You-Sheng Lin,  Fenglai Liu,  Kuan-Yu Liu,  
 M. Loipersberger,  A. Luenser,  C. Malbon,  A. Manjanath,  P. Manohar,  
 E. Mansoor,  S. F. Manzer,  Shan-Ping Mao,  A. V. Marenich,  T. Markovich,  
 S. Mason,  F. Matz,  S. A. Maurer,  P. F. McLaughlin,  M. F. S. J. Menger,  
 J.-M. Mewes,  S. A. Mewes,  P. Morgante,  Mohammad Mostafanejad,  
 J. W. Mullinax,  K. J. Oosterbaan,  G. Paran,  V. Parravicini,  
 Alexander C. Paul,  Suranjan K. Paul,  F. Pavosevic,  Zheng Pei,  S. Prager,  
 E. I. Proynov,  E. Ramos,  B. Rana,  A. E. Rask,  A. Rettig,  R. M. Richard,  
 F. Rob,  E. Rossomme,  T. Scheele,  M. Scheurer,  M. Schneider,  
 P. E. Schneider,  N. Sergueev,  S. M. Sharada,  Hengyuan Shen,  
 W. Skomorowski,  D. W. Small,  C. J. Stein,  Yingli Su,  Yu-Chuan Su,  
 E. J. Sundstrom,  Zhen Tao,  J. Thirman,  Hung-Yi Tsai,  T. Tsuchimochi,  
 N. M. Tubman,  C. Utku,  S. P. Veccham,  O. Vydrov,  J. Wenzel,  
 Jonathan Wong,  J. Witte,  A. Yamada,  Chou-Hsun Yang,  Kun Yao,  
 S. Yeganeh,  S. R. Yost,  A. Zech,  F. Zeller,  Igor Ying Zhang,  
 Xing Zhang,  Yu Zhang,  D. Zuev,  A. Aspuru-Guzik,  A. T. Bell,  
 N. A. Besley,  K. B. Bravaya,  B. R. Brooks,  D. Casanova,  Jeng-Da Chai,  
 Hsing-Ta Chen,  S. Coriani,  C. J. Cramer,  A. E. DePrince, III,  
 R. A. DiStasio Jr.,  A. Dreuw,  B. D. Dunietz,  T. R. Furlani,  
 W. A. Goddard III,  S. Grimme,  S. Hammes-Schiffer,  T. Head-Gordon,  
 W. J. Hehre,  Chao-Ping Hsu,  T.-C. Jagau,  Yousung Jung,  A. Klamt,  
 Jing Kong,  D. S. Lambrecht,  Xiangyuan Li,  WanZhen Liang,  N. J. Mayhall,  
 C. W. McCurdy,  J. B. Neaton,  T. Neudecker,  C. Ochsenfeld,  
 J. A. Parkhill,  R. Peverati,  V. A. Rassolov,  Haisheng Ren,  Yihan Shao,  
 L. V. Slipchenko,  R. P. Steele,  J. E. Subotnik,  A. J. W. Thom,  
 A. Tkatchenko,  D. G. Truhlar,  T. Van Voorhis,  Fan Wang,  
 T. A. Wesolowski,  K. B. Whaley,  H. L. Woodcock III,  P. M. Zimmerman,  
 S. Faraji,  P. M. W. Gill,  M. Head-Gordon,  J. M. Herbert,  A. I. Krylov

 Contributors to earlier versions of Q-Chem not listed above: 
 R. D. Adamson,  B. Austin,  R. Baer,  J. Baker,  G. J. O. Beran,  
 K. Brandhorst,  S. T. Brown,  E. F. C. Byrd,  Arup K. Chakraborty,  
 G. K. L. Chan,  Chun-Min Chang,  Yunqing Chen,  C.-L. Cheng,  
 Siu Hung Chien,  D. M. Chipman,  D. L. Crittenden,  H. Dachsel,  
 R. J. Doerksen,  A. D. Dutoi,  R. G. Edgar,  J. Fosso-Tande,  
 L. Fusti-Molnar,  D. Ghosh,  A. Ghysels,  A. Golubeva-Zadorozhnaya,  
 J. Gonthier,  M. S. Gordon,  S. R. Gwaltney,  G. Hawkins,  J. E. Herr,  
 A. Heyden,  S. Hirata,  E. G. Hohenstein,  G. Kedziora,  F. J. Keil,  
 C. Kelley,  Jihan Kim,  R. A. King,  R. Z. Khaliullin,  P. P. Korambath,  
 W. Kurlancheek,  A. Laurent,  A. M. Lee,  M. S. Lee,  S. V. Levchenko,  
 Ching Yeh Lin,  D. Liotard,  E. Livshits,  R. C. Lochan,  I. Lotan,  
 L. A. Martinez-Martinez,  P. E. Maslen,  N. Nair,  D. P. O'Neill,  
 D. Neuhauser,  E. Neuscamman,  C. M. Oana,  R. Olivares-Amaya,  R. Olson,  
 T. M. Perrine,  B. Peters,  P. A. Pieniazek,  A. Prociuk,  Y. M. Rhee,  
 J. Ritchie,  M. A. Rohrdanz,  E. Rosta,  N. J. Russ,  H. F. Schaefer III,  
 M. W. Schmidt,  N. E. Schultz,  S. Sharma,  N. Shenvi,  C. D. Sherrill,  
 A. C. Simmonett,  A. Sodt,  T. Stein,  D. Stuck,  K. S. Thanthiriwatte,  
 V. Vanovschi,  L. Vogt,  Tao Wang,  A. Warshel,  M. A. Watson,  
 C. F. Williams,  Q. Wu,  X. Xu,  Jun Yang,  W. Zhang,  Yan Zhao

   Please cite Q-Chem as follows:
  "Software for the frontiers of quantum chemistry:
   An overview of developments in the Q-Chem 5 package"
   J. Chem. Phys. 155, 084801 (2021)
   https://doi.org/10.1063/5.0055522 (open access)

 Q-Chem 6.0.2 for Intel X86 EM64T Linux

 Parts of Q-Chem use Armadillo 9.900.5 (Nocturnal Misbehaviour).
 http://arma.sourceforge.net/

 Q-Chem begins on Fri Aug  2 08:38:57 2024  

 Host: 
0

     Scratch files written to /expanse/lustre/scratch/whughes/temp_project/job_32712961/n5-r1-triplet-OLYP-32712961//
 Dec722 |scratch|qcdevops|jenkins|workspace|build_RNUM    
 Processing $rem in /cm/shared/apps/spack/0.17.3/cpu/b/opt/spack/linux-rocky8-zen2/gcc-10.2.0/qchem-6.0-rytxnwjazd34ekd2gqyi5ufsaimxsd3r/config/preferences:
 Processing $rem in /home/whughes/.qchemrc:

 Checking the input file for inconsistencies... 	...done.

--------------------------------------------------------------
User input:
--------------------------------------------------------------
$molecule
0 3
C    1.329263006     0.2289795443    -0.0000262835
N    2.0830508678    -0.928167305    0.0000107612
N    3.2762720582    -0.98761312     0.0000330461
C    -0.0997885449   0.0742376041    0.0000156351
C    -0.6985097451   -1.1991221186   -0.000077331
C    -0.9402214394   1.2004857927    0.0001644675
C    -2.0713332247   -1.331115046    -0.0000334915
H    -0.0655820658   -2.0756474619   -0.0001877173
C    -2.3145382855   1.0584700673    0.0002137268
H    -0.5121702238   2.1939861884    0.0002596785
C    -2.8878791287   -0.2056816923   0.0001112992
H    -2.5131664017   -2.3193811903   -0.0001127972
H    -2.9440174059   1.9391471143    0.0003344071
H    -3.9648016801   -0.3144697941   0.0001460862
C    2.0026314006    1.5608161434    -0.0000494014
H    1.717331928     2.1423127806    -0.8803805705
H    1.7180515771    2.1419637831    0.8807543421
H    3.0833163079    1.4376957098    -0.0004938572
$end

$rem
METHOD      OLYP
BASIS       def2-QZVPP
SYM_IGNORE   TRUE
DFT_D       D3
MAX_SCF_CYCLES 300
$end

$end
--------------------------------------------------------------
 Adding empirical dispersion correction 
 ----------------------------------------------------------------
 Doing -D3(BJ) with
 s6  =   1.00000
 s8  =   2.62050
 a1  =   0.52990
 a2  =   2.80650
 -D3 energy without 3body term =     -0.1054948875 hartrees
 ----------------------------------------------------------------
             Standard Nuclear Orientation (Angstroms)
    I     Atom           X                Y                Z
 ----------------------------------------------------------------
    1      C       1.3292630060     0.2289795443    -0.0000262835
    2      N       2.0830508678    -0.9281673050     0.0000107612
    3      N       3.2762720582    -0.9876131200     0.0000330461
    4      C      -0.0997885449     0.0742376041     0.0000156351
    5      C      -0.6985097451    -1.1991221186    -0.0000773310
    6      C      -0.9402214394     1.2004857927     0.0001644675
    7      C      -2.0713332247    -1.3311150460    -0.0000334915
    8      H      -0.0655820658    -2.0756474619    -0.0001877173
    9      C      -2.3145382855     1.0584700673     0.0002137268
   10      H      -0.5121702238     2.1939861884     0.0002596785
   11      C      -2.8878791287    -0.2056816923     0.0001112992
   12      H      -2.5131664017    -2.3193811903    -0.0001127972
   13      H      -2.9440174059     1.9391471143     0.0003344071
   14      H      -3.9648016801    -0.3144697941     0.0001460862
   15      C       2.0026314006     1.5608161434    -0.0000494014
   16      H       1.7173319280     2.1423127806    -0.8803805705
   17      H       1.7180515771     2.1419637831     0.8807543421
   18      H       3.0833163079     1.4376957098    -0.0004938572
 ----------------------------------------------------------------
 Nuclear Repulsion Energy =         463.84655748 hartrees
 There are       36 alpha and       34 beta electrons
 Requested basis set is def2-QZVPP
 There are 250 shells and 810 basis functions

 Total QAlloc Memory Limit   8000 MB
 Mega-Array Size       188 MB
 MEM_STATIC part       192 MB

 A cutoff of  1.0D-09 yielded  22474 shell pairs
 There are    231820 function pairs (    348676 Cartesian)
 Smallest overlap matrix eigenvalue = 5.72E-06

 Q-Chem warning in module stvman/mkSTV.C, line 305:

 Overlap eigenvalue is smaller than square root of threshold
 Use THRESH >= 12 to get rid of this warning


 Scale SEOQF with 1.000000e-01/1.000000e-01/1.000000e+00

 Standard Electronic Orientation quadrupole field applied
 Nucleus-field energy     =     0.0000000157 hartrees
 Guess from superposition of atomic densities
 Warning:  Energy on first SCF cycle will be non-variational
 SAD guess density has 70.000000 electrons

 -----------------------------------------------------------------------
  General SCF calculation program by
  Eric Jon Sundstrom, Paul Horn, Yuezhi Mao, Dmitri Zuev, Alec White,
  David Stuck, Shaama M.S., Shane Yost, Joonho Lee, David Small,
  Daniel Levine, Susi Lehtola, Hugh Burton, Evgeny Epifanovsky,
  Bang C. Huynh
 -----------------------------------------------------------------------
 Exchange:  OPTX      Correlation:  LYP
 Using SG-1 standard quadrature grid
 Dispersion:   Grimme D3
 using 32 threads for integral computing
 -------------------------------------------------------
 OpenMP Integral computing Module                
 Release: version 1.0, May 2013, Q-Chem Inc. Pittsburgh 
 -------------------------------------------------------
 A unrestricted SCF calculation will be
 performed using DIIS
 SCF converges when DIIS error is below 1.0e-05
 ---------------------------------------
  Cycle       Energy         DIIS error
 ---------------------------------------
    1    -421.0210687434      6.65e-03  
    2    -418.9743468928      8.15e-04  
    3    -418.5317522583      1.32e-03  
    4    -419.1370860214      4.16e-04  
    5    -419.2065007942      1.46e-04  
    6    -419.2093600908      1.25e-04  
    7    -419.2132735805      3.71e-05  
    8    -419.2135620790      2.30e-05  
    9    -419.2137547875      5.90e-06  Convergence criterion met
 ---------------------------------------
 SCF time:   CPU 1447.44s  wall 46.00s 
<S^2> =          2.016079438
 SCF   energy in the final basis set =     -419.2137547875
 Total energy in the final basis set =     -419.2137547875
 
 --------------------------------------------------------------
 
                    Orbital Energies (a.u.)
 --------------------------------------------------------------
 
 Alpha MOs
 -- Occupied --
-14.0579 -14.0309  -9.9738  -9.9316  -9.9225  -9.9212  -9.9184  -9.9181
 -9.9162  -9.9137  -0.9719  -0.8091  -0.7584  -0.6975  -0.6829  -0.6483
 -0.5709  -0.5555  -0.4975  -0.4620  -0.4310  -0.4189  -0.4157  -0.4033
 -0.3869  -0.3774  -0.3656  -0.3486  -0.3462  -0.3354  -0.3145  -0.3077
 -0.2650  -0.2443  -0.1798  -0.1445
 -- Virtual --
 -0.0641  -0.0489  -0.0120  -0.0072   0.0012   0.0173   0.0343   0.0451
  0.0496   0.0562   0.0719   0.0846   0.0922   0.0925   0.1012   0.1147
  0.1196   0.1319   0.1320   0.1373   0.1478   0.1482   0.1508   0.1639
  0.1917   0.1960   0.1984   0.2048   0.2155   0.2250   0.2262   0.2316
  0.2392   0.2475   0.2548   0.2592   0.2614   0.2687   0.2700   0.2781
  0.2838   0.2889   0.2970   0.3010   0.3163   0.3215   0.3257   0.3431
  0.3439   0.3631   0.3736   0.3811   0.3834   0.3910   0.4130   0.4148
  0.4187   0.4215   0.4279   0.4435   0.4453   0.4578   0.4704   0.4804
  0.4951   0.4989   0.5074   0.5167   0.5170   0.5368   0.5473   0.5539
  0.5573   0.5707   0.5970   0.5989   0.6044   0.6242   0.6305   0.6432
  0.6550   0.6595   0.6716   0.6758   0.6767   0.6888   0.6926   0.7016
  0.7181   0.7247   0.7301   0.7302   0.7411   0.7480   0.7483   0.7719
  0.7926   0.7975   0.7985   0.8147   0.8153   0.8200   0.8205   0.8279
  0.8360   0.8372   0.8514   0.8711   0.8793   0.8800   0.8894   0.8932
  0.8962   0.9155   0.9164   0.9354   0.9394   0.9414   0.9598   0.9642
  0.9670   0.9729   0.9783   1.0000   1.0084   1.0174   1.0233   1.0344
  1.0412   1.0461   1.0667   1.0790   1.0907   1.0970   1.1009   1.1068
  1.1146   1.1345   1.1359   1.1459   1.1537   1.1696   1.1853   1.1964
  1.2089   1.2175   1.2229   1.2447   1.2674   1.2816   1.2822   1.2863
  1.2936   1.3100   1.3287   1.3660   1.3775   1.3790   1.4061   1.4125
  1.4229   1.4334   1.4445   1.4607   1.4639   1.4830   1.4916   1.5159
  1.5260   1.5349   1.5379   1.5701   1.5880   1.5932   1.6124   1.6196
  1.6361   1.6551   1.6568   1.6568   1.6845   1.6929   1.6959   1.7179
  1.7190   1.7298   1.7454   1.7484   1.7556   1.7640   1.7913   1.8048
  1.8134   1.8178   1.8228   1.8482   1.8614   1.8673   1.8767   1.8811
  1.9054   1.9102   1.9122   1.9177   1.9215   1.9277   1.9344   1.9655
  1.9662   1.9839   1.9865   2.0026   2.0067   2.0259   2.0425   2.0461
  2.0493   2.0717   2.0790   2.0793   2.0909   2.0997   2.1074   2.1133
  2.1238   2.1354   2.1420   2.1620   2.1727   2.1801   2.1867   2.1877
  2.1943   2.1965   2.2138   2.2243   2.2331   2.2422   2.2520   2.2573
  2.2729   2.3014   2.3041   2.3240   2.3265   2.3414   2.3544   2.3713
  2.3813   2.3853   2.3882   2.3923   2.4062   2.4160   2.4278   2.4287
  2.4565   2.4613   2.4654   2.4661   2.4720   2.4793   2.4978   2.5078
  2.5134   2.5166   2.5181   2.5365   2.5393   2.5530   2.5750   2.5837
  2.5887   2.5962   2.6011   2.6017   2.6228   2.6271   2.6310   2.6531
  2.6618   2.6727   2.6892   2.6929   2.7014   2.7164   2.7225   2.7471
  2.7509   2.7595   2.7600   2.7768   2.7814   2.7860   2.7893   2.8231
  2.8306   2.8521   2.8649   2.8725   2.8925   2.8948   2.9072   2.9236
  2.9265   2.9458   2.9598   2.9636   2.9823   2.9849   2.9949   3.0111
  3.0123   3.0214   3.0439   3.0663   3.0858   3.0893   3.1098   3.1334
  3.1342   3.1693   3.1774   3.1883   3.2108   3.2319   3.2643   3.2653
  3.2670   3.2856   3.2873   3.2968   3.3128   3.3151   3.3242   3.3386
  3.3733   3.3894   3.3969   3.3988   3.4068   3.4132   3.4343   3.4376
  3.4532   3.4591   3.4597   3.4768   3.5114   3.5158   3.5190   3.5514
  3.5652   3.5710   3.5874   3.6371   3.6391   3.6721   3.6775   3.7076
  3.7301   3.7754   3.7755   3.7854   3.8092   3.8106   3.8308   3.8444
  3.8734   3.8879   3.8995   3.9115   3.9585   3.9897   4.0021   4.0083
  4.0375   4.0661   4.0814   4.0839   4.1207   4.1632   4.1895   4.2026
  4.2708   4.2782   4.3537   4.3627   4.4250   4.4390   4.4685   4.4942
  4.5392   4.5985   4.6192   4.6663   4.6880   4.7117   4.7398   4.7646
  4.7850   4.7864   4.8144   4.8180   4.8749   4.9320   4.9423   4.9517
  4.9579   4.9590   4.9714   4.9780   5.0125   5.0520   5.0631   5.0899
  5.0948   5.1167   5.1314   5.1771   5.1837   5.2067   5.2226   5.2314
  5.2511   5.2525   5.2621   5.2799   5.2921   5.3055   5.3218   5.3341
  5.3607   5.3726   5.3926   5.4327   5.4353   5.4451   5.4583   5.4718
  5.4883   5.5055   5.5530   5.5568   5.5658   5.5995   5.6244   5.6259
  5.6521   5.6664   5.7103   5.7136   5.7312   5.7521   5.7559   5.7654
  5.7768   5.7868   5.7915   5.8069   5.8117   5.8367   5.8511   5.8512
  5.8594   5.8689   5.8867   5.8983   5.9038   5.9302   5.9350   5.9433
  5.9570   5.9878   5.9920   5.9952   5.9957   6.0142   6.0263   6.0277
  6.0406   6.0464   6.0595   6.0792   6.0823   6.0957   6.0989   6.1085
  6.1294   6.1389   6.1617   6.1643   6.1810   6.1811   6.2004   6.2091
  6.2148   6.2185   6.2279   6.2457   6.2465   6.2521   6.2638   6.2729
  6.2815   6.2936   6.3215   6.3423   6.3624   6.3648   6.3711   6.3716
  6.3979   6.4000   6.4195   6.4364   6.4676   6.4719   6.4873   6.4992
  6.5040   6.5146   6.5201   6.5331   6.5467   6.5532   6.5647   6.5818
  6.5881   6.5931   6.5950   6.6082   6.6275   6.6408   6.6557   6.6586
  6.6638   6.6695   6.6990   6.7091   6.7419   6.7565   6.7639   6.7905
  6.7984   6.8067   6.8257   6.8583   6.8587   6.8747   6.8829   6.8908
  6.8942   6.9278   6.9760   6.9959   7.0005   7.0021   7.0182   7.0316
  7.0342   7.1140   7.1163   7.1174   7.1319   7.1532   7.1723   7.1871
  7.2204   7.2257   7.2623   7.2680   7.3061   7.3177   7.3288   7.3471
  7.3614   7.3653   7.3683   7.3862   7.4070   7.4147   7.4200   7.4346
  7.4728   7.4743   7.4778   7.4933   7.5139   7.5267   7.5345   7.5521
  7.5896   7.5925   7.6252   7.6305   7.6307   7.6339   7.6825   7.6835
  7.7277   7.7289   7.7431   7.7684   7.7953   7.8129   7.8134   7.8272
  7.8467   7.8624   7.8649   7.8923   7.9031   7.9110   7.9289   7.9536
  7.9699   8.0058   8.0262   8.0292   8.0485   8.0579   8.0766   8.0773
  8.0895   8.1270   8.1276   8.1664   8.1785   8.1959   8.2029   8.2061
  8.2265   8.2291   8.2402   8.2431   8.2606   8.2693   8.2746   8.2883
  8.2993   8.3002   8.3046   8.3064   8.3160   8.3257   8.3270   8.3366
  8.3574   8.3825   8.3827   8.3983   8.4120   8.4285   8.4464   8.4547
  8.4775   8.4878   8.4956   8.5256   8.5443   8.5691   8.5706   8.5748
  8.5773   8.6029   8.6227   8.6321   8.6833   8.7032   8.7205   8.7354
  8.7373   8.7615   8.7888   8.7920   8.8241   8.8349   8.8435   8.8440
  8.8894   8.8905   8.9296   8.9353   8.9585   8.9793   8.9893   9.0271
  9.0479   9.0624   9.0906   9.1894   9.2287   9.3169   9.3217   9.3592
  9.4242   9.4419   9.4970   9.5028   9.5183   9.5253   9.5696   9.6171
  9.6271   9.6533   9.6656   9.6988   9.7308   9.7438   9.7665   9.7710
  9.7941   9.8064   9.8208   9.8394   9.8700   9.9088   9.9271   9.9371
  9.9664  10.0124  10.0419  10.0687  10.1084  10.1376  10.1581  10.1771
 10.1884  10.2452  10.3039  10.3530  10.4188  10.4361  10.5612  10.6361
 10.6811  10.6984  10.7852  10.8885  11.2100  11.5380  11.6671  11.6816
 11.7531  12.0175  12.0998  12.1599  12.5220  12.6514  12.8503  13.1105
 13.2595  14.1764  27.6978  28.0417  28.3257  28.3437  28.7250  28.8486
 28.9149  29.1709  36.8564  37.7903 146.5903 146.9210 147.1810 147.1966
147.5467 147.6761 147.7930 148.0259 195.8921 196.8284
 
 Beta MOs
 -- Occupied --
-14.0558 -14.0161  -9.9671  -9.9324  -9.9214  -9.9199  -9.9185  -9.9173
 -9.9165  -9.9138  -0.9486  -0.8042  -0.7434  -0.6949  -0.6770  -0.6344
 -0.5658  -0.5519  -0.4930  -0.4521  -0.4210  -0.4087  -0.4000  -0.3997
 -0.3856  -0.3603  -0.3525  -0.3399  -0.3367  -0.3220  -0.3079  -0.2895
 -0.2536  -0.2398
 -- Virtual --
 -0.1389  -0.0768  -0.0491  -0.0412  -0.0118   0.0013   0.0128   0.0174
  0.0345   0.0458   0.0505   0.0562   0.0723   0.0855   0.0928   0.0935
  0.1041   0.1189   0.1222   0.1322   0.1323   0.1388   0.1487   0.1523
  0.1528   0.1671   0.1966   0.1971   0.2037   0.2060   0.2194   0.2270
  0.2297   0.2339   0.2442   0.2499   0.2562   0.2630   0.2635   0.2712
  0.2729   0.2809   0.2854   0.2903   0.3030   0.3051   0.3185   0.3243
  0.3314   0.3454   0.3462   0.3666   0.3768   0.3830   0.3858   0.3934
  0.4158   0.4193   0.4251   0.4269   0.4297   0.4447   0.4498   0.4592
  0.4750   0.4840   0.4966   0.5020   0.5112   0.5208   0.5214   0.5405
  0.5534   0.5580   0.5638   0.5745   0.6004   0.6057   0.6114   0.6278
  0.6337   0.6467   0.6610   0.6640   0.6774   0.6793   0.6808   0.6917
  0.6966   0.7061   0.7204   0.7298   0.7315   0.7355   0.7438   0.7505
  0.7570   0.7736   0.7937   0.8003   0.8019   0.8170   0.8241   0.8266
  0.8310   0.8401   0.8409   0.8482   0.8559   0.8744   0.8845   0.8861
  0.8911   0.8953   0.8999   0.9212   0.9214   0.9414   0.9415   0.9502
  0.9661   0.9671   0.9716   0.9775   0.9866   1.0028   1.0115   1.0217
  1.0275   1.0371   1.0473   1.0554   1.0872   1.0906   1.0932   1.1032
  1.1051   1.1158   1.1294   1.1402   1.1406   1.1505   1.1632   1.1747
  1.1899   1.2056   1.2116   1.2260   1.2284   1.2486   1.2729   1.2867
  1.2880   1.2973   1.2978   1.3172   1.3346   1.3738   1.3800   1.3824
  1.4127   1.4209   1.4297   1.4363   1.4512   1.4662   1.4695   1.4872
  1.4945   1.5258   1.5304   1.5401   1.5449   1.5723   1.5924   1.6006
  1.6200   1.6244   1.6388   1.6575   1.6620   1.6640   1.6878   1.6976
  1.7015   1.7200   1.7229   1.7374   1.7518   1.7541   1.7624   1.7671
  1.7946   1.8078   1.8203   1.8251   1.8253   1.8527   1.8645   1.8703
  1.8819   1.8868   1.9098   1.9161   1.9164   1.9220   1.9257   1.9323
  1.9374   1.9699   1.9708   1.9895   1.9924   2.0043   2.0128   2.0349
  2.0497   2.0503   2.0539   2.0760   2.0855   2.0861   2.0989   2.1028
  2.1159   2.1170   2.1285   2.1417   2.1487   2.1679   2.1781   2.1841
  2.1905   2.1956   2.1977   2.1998   2.2172   2.2277   2.2383   2.2495
  2.2555   2.2697   2.2807   2.3080   2.3107   2.3287   2.3382   2.3455
  2.3609   2.3775   2.3875   2.3920   2.3957   2.3993   2.4145   2.4242
  2.4353   2.4462   2.4612   2.4680   2.4709   2.4719   2.4790   2.4883
  2.5125   2.5141   2.5213   2.5246   2.5256   2.5472   2.5494   2.5633
  2.5816   2.5909   2.5945   2.5989   2.6105   2.6106   2.6306   2.6342
  2.6516   2.6570   2.6751   2.6770   2.6966   2.6999   2.7069   2.7215
  2.7295   2.7540   2.7558   2.7646   2.7664   2.7862   2.7869   2.7942
  2.8069   2.8323   2.8374   2.8602   2.8704   2.8841   2.9033   2.9113
  2.9154   2.9308   2.9384   2.9579   2.9679   2.9710   2.9908   2.9999
  3.0012   3.0211   3.0227   3.0430   3.0535   3.0761   3.0974   3.0990
  3.1170   3.1376   3.1391   3.1742   3.1840   3.1966   3.2245   3.2455
  3.2711   3.2718   3.2789   3.2928   3.2980   3.3032   3.3182   3.3210
  3.3273   3.3586   3.3819   3.3927   3.4041   3.4091   3.4144   3.4164
  3.4380   3.4467   3.4584   3.4680   3.4709   3.4825   3.5175   3.5207
  3.5232   3.5584   3.5726   3.5804   3.5968   3.6445   3.6449   3.6922
  3.6986   3.7219   3.7407   3.7818   3.7837   3.8049   3.8131   3.8149
  3.8424   3.8541   3.8840   3.9046   3.9065   3.9237   3.9648   3.9963
  4.0113   4.0178   4.0429   4.0735   4.0854   4.0892   4.1296   4.1722
  4.2104   4.2137   4.2794   4.2876   4.3593   4.3679   4.4349   4.4496
  4.4727   4.5003   4.5438   4.6041   4.6241   4.6751   4.6916   4.7227
  4.7519   4.7700   4.7905   4.7916   4.8241   4.8271   4.8844   4.9353
  4.9481   4.9579   4.9659   4.9722   4.9813   4.9861   5.0198   5.0577
  5.0740   5.0950   5.1054   5.1240   5.1348   5.1812   5.1944   5.2157
  5.2267   5.2394   5.2613   5.2645   5.2700   5.2828   5.2976   5.3129
  5.3258   5.3429   5.3684   5.3823   5.3998   5.4365   5.4459   5.4543
  5.4630   5.4768   5.4972   5.5114   5.5582   5.5666   5.5764   5.6047
  5.6312   5.6367   5.6601   5.6701   5.7151   5.7229   5.7353   5.7570
  5.7594   5.7722   5.7850   5.7915   5.7948   5.8107   5.8156   5.8408
  5.8567   5.8574   5.8640   5.8734   5.8903   5.9057   5.9170   5.9357
  5.9386   5.9461   5.9628   5.9922   5.9972   6.0022   6.0044   6.0218
  6.0273   6.0339   6.0451   6.0566   6.0638   6.0841   6.0878   6.1020
  6.1027   6.1103   6.1351   6.1457   6.1680   6.1684   6.1860   6.1874
  6.2050   6.2185   6.2194   6.2309   6.2381   6.2507   6.2530   6.2636
  6.2736   6.2871   6.2890   6.2977   6.3278   6.3533   6.3699   6.3702
  6.3830   6.3840   6.4018   6.4111   6.4312   6.4405   6.4759   6.4789
  6.4977   6.5045   6.5162   6.5232   6.5275   6.5378   6.5517   6.5574
  6.5717   6.5955   6.5978   6.5995   6.6035   6.6136   6.6414   6.6479
  6.6613   6.6614   6.7077   6.7118   6.7237   6.7318   6.7656   6.7753
  6.7762   6.8014   6.8105   6.8161   6.8336   6.8669   6.8674   6.8791
  6.8886   6.8978   6.9100   6.9379   6.9880   7.0068   7.0072   7.0091
  7.0259   7.0400   7.0439   7.1195   7.1262   7.1270   7.1387   7.1653
  7.1806   7.1940   7.2276   7.2346   7.2645   7.2808   7.3132   7.3206
  7.3390   7.3561   7.3657   7.3688   7.3766   7.3913   7.4114   7.4186
  7.4274   7.4383   7.4747   7.4826   7.4867   7.5047   7.5256   7.5323
  7.5432   7.5593   7.5939   7.5986   7.6297   7.6343   7.6350   7.6418
  7.6897   7.6904   7.7302   7.7378   7.7478   7.7777   7.8044   7.8173
  7.8209   7.8327   7.8529   7.8685   7.8689   7.8941   7.9106   7.9218
  7.9421   7.9593   7.9752   8.0099   8.0291   8.0296   8.0535   8.0693
  8.0788   8.0846   8.0964   8.1296   8.1342   8.1712   8.1856   8.2050
  8.2088   8.2189   8.2282   8.2404   8.2466   8.2480   8.2646   8.2729
  8.2789   8.3053   8.3079   8.3088   8.3116   8.3301   8.3331   8.3406
  8.3558   8.3660   8.3850   8.3925   8.3995   8.4169   8.4179   8.4298
  8.4513   8.4808   8.5028   8.5176   8.5211   8.5369   8.5527   8.5726
  8.5758   8.5834   8.6035   8.6253   8.6396   8.6493   8.6840   8.7080
  8.7302   8.7559   8.7600   8.7801   8.7955   8.8061   8.8303   8.8392
  8.8520   8.8535   8.8908   8.9054   8.9471   8.9659   8.9771   8.9849
  9.0011   9.0372   9.0716   9.0723   9.1332   9.2495   9.2495   9.3312
  9.3508   9.3754   9.4428   9.4741   9.5008   9.5106   9.5493   9.5556
  9.5733   9.6186   9.6327   9.6590   9.6668   9.7091   9.7319   9.7491
  9.7706   9.7761   9.8027   9.8101   9.8266   9.8582   9.8958   9.9207
  9.9285   9.9469   9.9727  10.0195  10.0540  10.0739  10.1118  10.1474
 10.1622  10.1843  10.1905  10.2518  10.3073  10.3603  10.4218  10.4630
 10.5955  10.6383  10.6883  10.7149  10.7914  10.8894  11.2329  11.5708
 11.6686  11.6865  11.7806  12.0190  12.1184  12.1784  12.5229  12.6540
 12.8515  13.1112  13.2626  14.2008  27.6998  28.0576  28.3275  28.3504
 28.7287  28.8500  28.9153  29.1726  36.8805  37.8063 146.5904 146.9236
147.1812 147.1972 147.5471 147.6762 147.7929 148.0260 195.8971 196.8322
 --------------------------------------------------------------
 
          Ground-State Mulliken Net Atomic Charges

     Atom                 Charge (a.u.)    Spin (a.u.)
  --------------------------------------------------------
      1 C                     0.136751       0.607831
      2 N                    -0.140446       0.066776
      3 N                    -0.114078       1.042694
      4 C                     0.217595      -0.082877
      5 C                    -0.047700       0.136638
      6 C                    -0.029475       0.130782
      7 C                    -0.024556      -0.050281
      8 H                     0.018203       0.001826
      9 C                    -0.049134      -0.046081
     10 H                     0.014624      -0.002296
     11 C                     0.012873       0.151331
     12 H                     0.000164       0.001075
     13 H                     0.003219       0.000907
     14 H                     0.005326      -0.005131
     15 C                    -0.198502      -0.003332
     16 H                     0.063746       0.019116
     17 H                     0.063715       0.019142
     18 H                     0.067673       0.011881
  --------------------------------------------------------
  Sum of atomic charges =     0.000000
  Sum of spin   charges =     2.000000

 -----------------------------------------------------------------
                    Cartesian Multipole Moments
 -----------------------------------------------------------------
    Charge (ESU x 10^10)
                -0.0000
    Dipole Moment (Debye)
         X      -3.0952      Y       2.0875      Z       0.0000
       Tot       3.7334
    Quadrupole Moments (Debye-Ang)
        XX     -64.2145     XY       6.4199     YY     -54.7185
        XZ      -0.0005     YZ       0.0008     ZZ     -60.6801
    Octopole Moments (Debye-Ang^2)
       XXX     -58.8862    XXY      18.1838    XYY      -8.2414
       YYY       2.2853    XXZ      -0.0020    XYZ      -0.0006
       YYZ      -0.0021    XZZ       8.4241    YZZ       0.5818
       ZZZ      -0.0063
    Hexadecapole Moments (Debye-Ang^3)
      XXXX   -1650.9976   XXXY      65.2174   XXYY    -344.4843
      XYYY      10.0877   YYYY    -489.0000   XXXZ       0.0040
      XXYZ       0.0008   XYYZ       0.0052   YYYZ      -0.0059
      XXZZ    -284.2374   XYZZ      -0.3866   YYZZ    -100.9566
      XZZZ       0.0201   YZZZ      -0.0096   ZZZZ     -74.1481
 -----------------------------------------------------------------
 Total job time:  49.35s(wall), 1479.17s(cpu) 
 Fri Aug  2 08:39:47 2024

        *************************************************************
        *                                                           *
        *  Thank you very much for using Q-Chem.  Have a nice day.  *
        *                                                           *
        *************************************************************


