
Running Job 1 of 1 FRAG2-P1_rdkit_conf_134_wb97xd-OLYP.in
qchem FRAG2-P1_rdkit_conf_134_wb97xd-OLYP.in_2733220.0 /expanse/lustre/scratch/whughes/temp_project/job_32695360/FRAG2-P1_rdkit_conf_134_wb97xd-OLYP-32695360/ 0
/cm/shared/apps/spack/0.17.3/cpu/b/opt/spack/linux-rocky8-zen2/gcc-10.2.0/qchem-6.0-rytxnwjazd34ekd2gqyi5ufsaimxsd3r/exe/qcprog.exe_s FRAG2-P1_rdkit_conf_134_wb97xd-OLYP.in_2733220.0 /expanse/lustre/scratch/whughes/temp_project/job_32695360/FRAG2-P1_rdkit_conf_134_wb97xd-OLYP-32695360/
                  Welcome to Q-Chem
     A Quantum Leap Into The Future Of Chemistry


 Q-Chem 6.0, Q-Chem, Inc., Pleasanton, CA (2022)

 License issued to: University of California, San Diego (site)

 E. Epifanovsky,  A. T. B. Gilbert,  Xintian Feng,  Joonho Lee,  Yuezhi Mao,  
 N. Mardirossian,  P. Pokhilko,  A. White,  M. Wormit,  M. P. Coons,  
 A. L. Dempwolff,  Zhengting Gan,  D. Hait,  P. R. Horn,  L. D. Jacobson,  
 I. Kaliman,  J. Kussmann,  A. W. Lange,  Ka Un Lao,  D. S. Levine,  Jie Liu,  
 S. C. McKenzie,  A. F. Morrison,  K. Nanda,  F. Plasser,  D. R. Rehn,  
 M. L. Vidal,  Zhi-Qiang You,  Ying Zhu,  B. Alam,  B. Albrecht,  
 A. Aldossary,  E. Alguire,  J. H. Andersen,  V. Athavale,  D. Barton,  
 K. Begam,  A. Behn,  N. Bellonzi,  Y. A. Bernard,  E. J. Berquist,  
 H. Burton,  A. Carreras,  K. Carter-Fenk,  Romit Chakraborty,  
 Chandrima Chakravarty,  Junhan Chen,  A. D. Chien,  K. D. Closser,  
 V. Cofer-Shabica,  L. Cunha,  S. Dasgupta,  Jia Deng,  M. de Wergifosse,  
 M. Diedenhofen,  Hainam Do,  S. Ehlert,  Po-Tung Fang,  S. Fatehi,  
 Qingguo Feng,  T. Friedhoff,  B. Ganoe,  J. Gayvert,  Qinghui Ge,  
 G. Gidofalvi,  M. Goldey,  J. Gomes,  C. Gonzalez-Espinoza,  S. Gulania,  
 A. Gunina,  J. A. Gyamfi,  M. W. D. Hanson-Heine,  P. H. P. Harbach,  
 A. W. Hauser,  M. F. Herbst,  M. Hernandez Vera,  M. Hodecker,  
 Z. C. Holden,  S. Houck,  Xunkun Huang,  Kerwin Hui,  B. C. Huynh,  
 K. Ikeda,  M. Ivanov,  Hyunjun Ji,  Zuxin Jin,  Hanjie Jiang,  B. Kaduk,  
 S. Kaehler,  R. Kang,  K. Khistyaev,  Jaehoon Kim,  Yongbin Kim,  
 P. Klunzinger,  Z. Koczor-Benda,  Joong Hoon Koh,  D. Kosenkov,  
 Saikiran Kotaru,  L. Koulias,  T. Kowalczyk,  C. M. Krauter,  K. Kue,  
 A. Kunitsa,  T. Kus,  A. Landau,  K. V. Lawler,  D. Lefrancois,  S. Lehtola,  
 Rain Li,  Shaozhi Li,  Yi-Pei Li,  Jiashu Liang,  M. Liebenthal,  
 Hung-Hsuan Lin,  You-Sheng Lin,  Fenglai Liu,  Kuan-Yu Liu,  
 M. Loipersberger,  A. Luenser,  C. Malbon,  A. Manjanath,  P. Manohar,  
 E. Mansoor,  S. F. Manzer,  Shan-Ping Mao,  A. V. Marenich,  T. Markovich,  
 S. Mason,  F. Matz,  S. A. Maurer,  P. F. McLaughlin,  M. F. S. J. Menger,  
 J.-M. Mewes,  S. A. Mewes,  P. Morgante,  Mohammad Mostafanejad,  
 J. W. Mullinax,  K. J. Oosterbaan,  G. Paran,  V. Parravicini,  
 Alexander C. Paul,  Suranjan K. Paul,  F. Pavosevic,  Zheng Pei,  S. Prager,  
 E. I. Proynov,  E. Ramos,  B. Rana,  A. E. Rask,  A. Rettig,  R. M. Richard,  
 F. Rob,  E. Rossomme,  T. Scheele,  M. Scheurer,  M. Schneider,  
 P. E. Schneider,  N. Sergueev,  S. M. Sharada,  Hengyuan Shen,  
 W. Skomorowski,  D. W. Small,  C. J. Stein,  Yingli Su,  Yu-Chuan Su,  
 E. J. Sundstrom,  Zhen Tao,  J. Thirman,  Hung-Yi Tsai,  T. Tsuchimochi,  
 N. M. Tubman,  C. Utku,  S. P. Veccham,  O. Vydrov,  J. Wenzel,  
 Jonathan Wong,  J. Witte,  A. Yamada,  Chou-Hsun Yang,  Kun Yao,  
 S. Yeganeh,  S. R. Yost,  A. Zech,  F. Zeller,  Igor Ying Zhang,  
 Xing Zhang,  Yu Zhang,  D. Zuev,  A. Aspuru-Guzik,  A. T. Bell,  
 N. A. Besley,  K. B. Bravaya,  B. R. Brooks,  D. Casanova,  Jeng-Da Chai,  
 Hsing-Ta Chen,  S. Coriani,  C. J. Cramer,  A. E. DePrince, III,  
 R. A. DiStasio Jr.,  A. Dreuw,  B. D. Dunietz,  T. R. Furlani,  
 W. A. Goddard III,  S. Grimme,  S. Hammes-Schiffer,  T. Head-Gordon,  
 W. J. Hehre,  Chao-Ping Hsu,  T.-C. Jagau,  Yousung Jung,  A. Klamt,  
 Jing Kong,  D. S. Lambrecht,  Xiangyuan Li,  WanZhen Liang,  N. J. Mayhall,  
 C. W. McCurdy,  J. B. Neaton,  T. Neudecker,  C. Ochsenfeld,  
 J. A. Parkhill,  R. Peverati,  V. A. Rassolov,  Haisheng Ren,  Yihan Shao,  
 L. V. Slipchenko,  R. P. Steele,  J. E. Subotnik,  A. J. W. Thom,  
 A. Tkatchenko,  D. G. Truhlar,  T. Van Voorhis,  Fan Wang,  
 T. A. Wesolowski,  K. B. Whaley,  H. L. Woodcock III,  P. M. Zimmerman,  
 S. Faraji,  P. M. W. Gill,  M. Head-Gordon,  J. M. Herbert,  A. I. Krylov

 Contributors to earlier versions of Q-Chem not listed above: 
 R. D. Adamson,  B. Austin,  R. Baer,  J. Baker,  G. J. O. Beran,  
 K. Brandhorst,  S. T. Brown,  E. F. C. Byrd,  Arup K. Chakraborty,  
 G. K. L. Chan,  Chun-Min Chang,  Yunqing Chen,  C.-L. Cheng,  
 Siu Hung Chien,  D. M. Chipman,  D. L. Crittenden,  H. Dachsel,  
 R. J. Doerksen,  A. D. Dutoi,  R. G. Edgar,  J. Fosso-Tande,  
 L. Fusti-Molnar,  D. Ghosh,  A. Ghysels,  A. Golubeva-Zadorozhnaya,  
 J. Gonthier,  M. S. Gordon,  S. R. Gwaltney,  G. Hawkins,  J. E. Herr,  
 A. Heyden,  S. Hirata,  E. G. Hohenstein,  G. Kedziora,  F. J. Keil,  
 C. Kelley,  Jihan Kim,  R. A. King,  R. Z. Khaliullin,  P. P. Korambath,  
 W. Kurlancheek,  A. Laurent,  A. M. Lee,  M. S. Lee,  S. V. Levchenko,  
 Ching Yeh Lin,  D. Liotard,  E. Livshits,  R. C. Lochan,  I. Lotan,  
 L. A. Martinez-Martinez,  P. E. Maslen,  N. Nair,  D. P. O'Neill,  
 D. Neuhauser,  E. Neuscamman,  C. M. Oana,  R. Olivares-Amaya,  R. Olson,  
 T. M. Perrine,  B. Peters,  P. A. Pieniazek,  A. Prociuk,  Y. M. Rhee,  
 J. Ritchie,  M. A. Rohrdanz,  E. Rosta,  N. J. Russ,  H. F. Schaefer III,  
 M. W. Schmidt,  N. E. Schultz,  S. Sharma,  N. Shenvi,  C. D. Sherrill,  
 A. C. Simmonett,  A. Sodt,  T. Stein,  D. Stuck,  K. S. Thanthiriwatte,  
 V. Vanovschi,  L. Vogt,  Tao Wang,  A. Warshel,  M. A. Watson,  
 C. F. Williams,  Q. Wu,  X. Xu,  Jun Yang,  W. Zhang,  Yan Zhao

   Please cite Q-Chem as follows:
  "Software for the frontiers of quantum chemistry:
   An overview of developments in the Q-Chem 5 package"
   J. Chem. Phys. 155, 084801 (2021)
   https://doi.org/10.1063/5.0055522 (open access)

 Q-Chem 6.0.2 for Intel X86 EM64T Linux

 Parts of Q-Chem use Armadillo 9.900.5 (Nocturnal Misbehaviour).
 http://arma.sourceforge.net/

 Q-Chem begins on Thu Aug  1 13:41:30 2024  

 Host: 
0

     Scratch files written to /expanse/lustre/scratch/whughes/temp_project/job_32695360/FRAG2-P1_rdkit_conf_134_wb97xd-OLYP-32695360//
 Dec722 |scratch|qcdevops|jenkins|workspace|build_RNUM    
 Processing $rem in /cm/shared/apps/spack/0.17.3/cpu/b/opt/spack/linux-rocky8-zen2/gcc-10.2.0/qchem-6.0-rytxnwjazd34ekd2gqyi5ufsaimxsd3r/config/preferences:
 Processing $rem in /home/whughes/.qchemrc:

 Checking the input file for inconsistencies... 	...done.

--------------------------------------------------------------
User input:
--------------------------------------------------------------
$molecule
0 3
O    1.5930647774    -1.8899610159   -1.8226572085
C    1.9122094126    -1.1214149808   -0.955311169
O    3.054935493     -1.0843013886   -0.3089882857
C    4.0094352348    -2.0966456791   -0.6752703366
C    5.2305812536    -1.8966332129   0.1854146851
N    1.0241638118    -0.1081404197   -0.5375116519
N    1.3713766924    0.6710769478    0.4732530823
C    0.4819768093    1.7089527071    0.7232199394
O    0.7362606242    2.2019965698    1.9270941588
C    -0.1173074831   3.2633062914    2.377968793
C    -1.4137901359   2.7238466627    2.9416269757
O    -0.3577436762   2.1352918858    -0.0413916547
C    -0.235845128    -0.0985901298   -1.1895491794
C    -1.3846611875   -0.6333888623   -0.4846982152
O    -2.4779984702   -0.5966025239   -1.2514005155
C    -3.6874063124   -1.0679099175   -0.6454794049
C    -4.792871516    -0.9345752444   -1.6630082199
O    -1.3531300969   -1.0391871566   0.6537621773
H    3.5544379954    -3.0756905129   -0.5193325411
H    4.2354018264    -1.9944487584   -1.7377127775
H    5.9771421104    -2.6512602321   -0.0652498389
H    5.6656701042    -0.9109692016   0.0205060231
H    4.9806431567    -1.9935810032   1.2417905347
H    0.4680515458    3.7697996253    3.1433665829
H    -0.2992482761   3.9502430466    1.5513512863
H    -1.2182881656   2.0219373194    3.7525169448
H    -2.0120607344   3.5484654073    3.3326893357
H    -1.9900548159   2.2165803056    2.1684251091
H    -0.2956440803   0.2723027127    -2.1999901687
H    -3.5447724315   -2.1040384814   -0.333028066
H    -3.8855246159   -0.4757273207   0.2499933836
H    -5.7309519269   -1.2859909006   -1.2313283677
H    -4.920166268    0.1054145917    -1.9645564881
H    -4.5779855271   -1.5298571309   -2.5508149224
$end

$rem
METHOD      OLYP
BASIS       def2-QZVPP
SYM_IGNORE   TRUE
DFT_D       D3
MAX_SCF_CYCLES 300
$end

$end
--------------------------------------------------------------
 Adding empirical dispersion correction 
 ----------------------------------------------------------------
 Doing -D3(BJ) with
 s6  =   1.00000
 s8  =   2.62050
 a1  =   0.52990
 a2  =   2.80650
 -D3 energy without 3body term =     -0.1697957968 hartrees
 ----------------------------------------------------------------
             Standard Nuclear Orientation (Angstroms)
    I     Atom           X                Y                Z
 ----------------------------------------------------------------
    1      O       1.5930647774    -1.8899610159    -1.8226572085
    2      C       1.9122094126    -1.1214149808    -0.9553111690
    3      O       3.0549354930    -1.0843013886    -0.3089882857
    4      C       4.0094352348    -2.0966456791    -0.6752703366
    5      C       5.2305812536    -1.8966332129     0.1854146851
    6      N       1.0241638118    -0.1081404197    -0.5375116519
    7      N       1.3713766924     0.6710769478     0.4732530823
    8      C       0.4819768093     1.7089527071     0.7232199394
    9      O       0.7362606242     2.2019965698     1.9270941588
   10      C      -0.1173074831     3.2633062914     2.3779687930
   11      C      -1.4137901359     2.7238466627     2.9416269757
   12      O      -0.3577436762     2.1352918858    -0.0413916547
   13      C      -0.2358451280    -0.0985901298    -1.1895491794
   14      C      -1.3846611875    -0.6333888623    -0.4846982152
   15      O      -2.4779984702    -0.5966025239    -1.2514005155
   16      C      -3.6874063124    -1.0679099175    -0.6454794049
   17      C      -4.7928715160    -0.9345752444    -1.6630082199
   18      O      -1.3531300969    -1.0391871566     0.6537621773
   19      H       3.5544379954    -3.0756905129    -0.5193325411
   20      H       4.2354018264    -1.9944487584    -1.7377127775
   21      H       5.9771421104    -2.6512602321    -0.0652498389
   22      H       5.6656701042    -0.9109692016     0.0205060231
   23      H       4.9806431567    -1.9935810032     1.2417905347
   24      H       0.4680515458     3.7697996253     3.1433665829
   25      H      -0.2992482761     3.9502430466     1.5513512863
   26      H      -1.2182881656     2.0219373194     3.7525169448
   27      H      -2.0120607344     3.5484654073     3.3326893357
   28      H      -1.9900548159     2.2165803056     2.1684251091
   29      H      -0.2956440803     0.2723027127    -2.1999901687
   30      H      -3.5447724315    -2.1040384814    -0.3330280660
   31      H      -3.8855246159    -0.4757273207     0.2499933836
   32      H      -5.7309519269    -1.2859909006    -1.2313283677
   33      H      -4.9201662680     0.1054145917    -1.9645564881
   34      H      -4.5779855271    -1.5298571309    -2.5508149224
 ----------------------------------------------------------------
 Nuclear Repulsion Energy =        1407.00782548 hartrees
 There are       70 alpha and       68 beta electrons
 Requested basis set is def2-QZVPP
 There are 466 shells and 1506 basis functions

 Total QAlloc Memory Limit   8000 MB
 Mega-Array Size       188 MB
 MEM_STATIC part       192 MB

 A cutoff of  1.0D-09 yielded  50529 shell pairs
 There are    485943 function pairs (    715481 Cartesian)
 Smallest overlap matrix eigenvalue = 1.98E-05

 Q-Chem warning in module stvman/mkSTV.C, line 305:

 Overlap eigenvalue is smaller than square root of threshold
 Use THRESH >= 12 to get rid of this warning


 Scale SEOQF with 1.000000e-02/1.000000e-01/1.000000e-01

 Standard Electronic Orientation quadrupole field applied
 Nucleus-field energy     =     0.0000000040 hartrees
 Guess from superposition of atomic densities
 Warning:  Energy on first SCF cycle will be non-variational
 SAD guess density has 138.000000 electrons

 -----------------------------------------------------------------------
  General SCF calculation program by
  Eric Jon Sundstrom, Paul Horn, Yuezhi Mao, Dmitri Zuev, Alec White,
  David Stuck, Shaama M.S., Shane Yost, Joonho Lee, David Small,
  Daniel Levine, Susi Lehtola, Hugh Burton, Evgeny Epifanovsky,
  Bang C. Huynh
 -----------------------------------------------------------------------
 Exchange:  OPTX      Correlation:  LYP
 Using SG-1 standard quadrature grid
 Dispersion:   Grimme D3
 using 32 threads for integral computing
 -------------------------------------------------------
 OpenMP Integral computing Module                
 Release: version 1.0, May 2013, Q-Chem Inc. Pittsburgh 
 -------------------------------------------------------
 A unrestricted SCF calculation will be
 performed using DIIS
 SCF converges when DIIS error is below 1.0e-05
 ---------------------------------------
  Cycle       Energy         DIIS error
 ---------------------------------------
    1    -954.8168877602      4.85e-03  
    2    -951.2238000725      7.40e-04  
    3    -948.6377046598      1.74e-03  
    4    -951.3984579956      5.63e-04  
    5    -951.7376464850      1.09e-04  
    6    -951.7323053210      1.34e-04  
    7    -951.7474252823      3.96e-05  
    8    -951.7484686425      2.11e-05  
    9    -951.7487914391      9.25e-06  Convergence criterion met
 ---------------------------------------
 SCF time:   CPU 4088.67s  wall 136.00s 
<S^2> =          2.006442767
 SCF   energy in the final basis set =     -951.7487914391
 Total energy in the final basis set =     -951.7487914391
 
 --------------------------------------------------------------
 
                    Orbital Energies (a.u.)
 --------------------------------------------------------------
 
 Alpha MOs
 -- Occupied --
-18.8216 -18.8134 -18.8090 -18.7579 -18.7562 -18.7436 -14.1134 -14.0493
-10.0556 -10.0401 -10.0180  -9.9746  -9.9684  -9.9608  -9.9586  -9.9051
 -9.9007  -9.8979  -1.0581  -1.0406  -1.0256  -0.9780  -0.9587  -0.9427
 -0.9372  -0.7881  -0.7330  -0.7172  -0.7057  -0.6745  -0.6165  -0.6076
 -0.5755  -0.5427  -0.5327  -0.5143  -0.4945  -0.4864  -0.4814  -0.4541
 -0.4449  -0.4368  -0.4304  -0.4255  -0.4140  -0.4093  -0.4008  -0.3848
 -0.3739  -0.3705  -0.3634  -0.3584  -0.3547  -0.3511  -0.3383  -0.3337
 -0.3250  -0.3215  -0.3182  -0.3092  -0.3081  -0.2926  -0.2751  -0.2703
 -0.2647  -0.2611  -0.2377  -0.2353  -0.2024  -0.1787
 -- Virtual --
 -0.0130  -0.0089  -0.0064   0.0026   0.0082   0.0101   0.0193   0.0219
  0.0296   0.0325   0.0368   0.0384   0.0436   0.0462   0.0513   0.0562
  0.0586   0.0649   0.0686   0.0763   0.0774   0.0849   0.0870   0.0929
  0.1001   0.1018   0.1065   0.1101   0.1164   0.1218   0.1301   0.1321
  0.1401   0.1422   0.1459   0.1511   0.1599   0.1634   0.1664   0.1728
  0.1803   0.1838   0.1883   0.1940   0.2044   0.2094   0.2125   0.2190
  0.2198   0.2286   0.2329   0.2451   0.2468   0.2517   0.2573   0.2625
  0.2630   0.2649   0.2670   0.2712   0.2726   0.2785   0.2811   0.2821
  0.2859   0.2867   0.2905   0.2939   0.2946   0.2977   0.3015   0.3069
  0.3091   0.3106   0.3110   0.3149   0.3202   0.3227   0.3271   0.3331
  0.3405   0.3471   0.3510   0.3574   0.3586   0.3634   0.3697   0.3768
  0.3920   0.4010   0.4087   0.4119   0.4254   0.4282   0.4336   0.4380
  0.4402   0.4523   0.4573   0.4666   0.4707   0.4729   0.4822   0.4854
  0.4907   0.4934   0.4999   0.5041   0.5128   0.5154   0.5207   0.5247
  0.5269   0.5398   0.5482   0.5515   0.5528   0.5551   0.5632   0.5690
  0.5731   0.5782   0.5798   0.5872   0.5897   0.5984   0.6020   0.6059
  0.6119   0.6183   0.6245   0.6285   0.6382   0.6457   0.6469   0.6522
  0.6589   0.6657   0.6683   0.6756   0.6792   0.6914   0.6943   0.6967
  0.7054   0.7103   0.7144   0.7170   0.7206   0.7312   0.7365   0.7421
  0.7481   0.7520   0.7612   0.7631   0.7667   0.7691   0.7702   0.7743
  0.7768   0.7834   0.7850   0.7869   0.7937   0.7946   0.8003   0.8020
  0.8048   0.8117   0.8189   0.8224   0.8267   0.8334   0.8390   0.8473
  0.8511   0.8546   0.8604   0.8627   0.8683   0.8759   0.8780   0.8834
  0.8937   0.8991   0.9012   0.9029   0.9072   0.9131   0.9209   0.9236
  0.9255   0.9338   0.9385   0.9492   0.9516   0.9531   0.9611   0.9728
  0.9756   0.9784   0.9828   0.9924   0.9955   0.9994   1.0093   1.0102
  1.0186   1.0218   1.0256   1.0282   1.0309   1.0371   1.0407   1.0476
  1.0488   1.0564   1.0675   1.0811   1.0854   1.0894   1.0968   1.1011
  1.1056   1.1141   1.1198   1.1266   1.1342   1.1402   1.1465   1.1519
  1.1603   1.1682   1.1782   1.1799   1.1866   1.1955   1.1983   1.2080
  1.2141   1.2226   1.2274   1.2299   1.2428   1.2508   1.2627   1.2679
  1.2694   1.2733   1.2798   1.2926   1.2990   1.3022   1.3079   1.3177
  1.3225   1.3270   1.3318   1.3337   1.3340   1.3560   1.3611   1.3691
  1.3707   1.3740   1.3874   1.3961   1.3973   1.4023   1.4076   1.4101
  1.4163   1.4212   1.4255   1.4339   1.4412   1.4476   1.4531   1.4634
  1.4675   1.4707   1.4798   1.4860   1.4955   1.4974   1.5087   1.5089
  1.5182   1.5225   1.5294   1.5466   1.5564   1.5598   1.5723   1.5846
  1.5911   1.5949   1.6015   1.6113   1.6216   1.6335   1.6425   1.6494
  1.6682   1.6731   1.6741   1.6915   1.7003   1.7071   1.7103   1.7158
  1.7266   1.7358   1.7409   1.7470   1.7549   1.7616   1.7668   1.7700
  1.7731   1.7767   1.7842   1.7884   1.7904   1.7945   1.8000   1.8037
  1.8129   1.8191   1.8230   1.8292   1.8342   1.8378   1.8442   1.8521
  1.8550   1.8649   1.8714   1.8788   1.8861   1.8896   1.8966   1.8986
  1.9070   1.9163   1.9191   1.9254   1.9325   1.9367   1.9375   1.9441
  1.9457   1.9476   1.9607   1.9624   1.9681   1.9775   1.9799   1.9829
  1.9861   1.9906   1.9953   2.0022   2.0059   2.0139   2.0192   2.0229
  2.0289   2.0322   2.0358   2.0411   2.0470   2.0494   2.0527   2.0567
  2.0645   2.0741   2.0762   2.0779   2.0852   2.0896   2.0925   2.0960
  2.0994   2.1043   2.1120   2.1144   2.1195   2.1218   2.1306   2.1333
  2.1401   2.1423   2.1563   2.1627   2.1683   2.1733   2.1796   2.1836
  2.1924   2.2009   2.2023   2.2153   2.2163   2.2213   2.2302   2.2393
  2.2428   2.2483   2.2532   2.2589   2.2740   2.2792   2.2817   2.2905
  2.2940   2.3084   2.3124   2.3197   2.3223   2.3368   2.3408   2.3559
  2.3635   2.3654   2.3768   2.3788   2.3883   2.3951   2.4018   2.4100
  2.4141   2.4220   2.4270   2.4356   2.4404   2.4452   2.4507   2.4617
  2.4675   2.4720   2.4766   2.4824   2.4897   2.5007   2.5038   2.5114
  2.5189   2.5246   2.5288   2.5321   2.5394   2.5447   2.5540   2.5572
  2.5613   2.5683   2.5715   2.5812   2.5844   2.5893   2.5986   2.6019
  2.6078   2.6223   2.6258   2.6294   2.6365   2.6431   2.6587   2.6640
  2.6700   2.6739   2.6762   2.6871   2.7004   2.7045   2.7126   2.7199
  2.7313   2.7408   2.7431   2.7485   2.7528   2.7576   2.7632   2.7673
  2.7701   2.7779   2.7808   2.7834   2.7889   2.7905   2.8056   2.8071
  2.8191   2.8257   2.8314   2.8371   2.8480   2.8526   2.8596   2.8614
  2.8713   2.8736   2.8771   2.8816   2.8845   2.8940   2.9039   2.9073
  2.9183   2.9213   2.9279   2.9381   2.9469   2.9530   2.9595   2.9670
  2.9700   2.9790   2.9872   2.9968   3.0044   3.0120   3.0227   3.0255
  3.0339   3.0497   3.0544   3.0675   3.0771   3.0801   3.0807   3.0828
  3.0911   3.1019   3.1059   3.1152   3.1190   3.1259   3.1337   3.1374
  3.1414   3.1438   3.1695   3.1736   3.1831   3.1859   3.1926   3.2004
  3.2104   3.2115   3.2252   3.2426   3.2511   3.2529   3.2555   3.2618
  3.2721   3.2753   3.2908   3.3052   3.3144   3.3199   3.3217   3.3276
  3.3354   3.3404   3.3488   3.3542   3.3646   3.3737   3.3805   3.3935
  3.3997   3.4087   3.4211   3.4307   3.4456   3.4523   3.4682   3.4772
  3.4809   3.4947   3.5078   3.5199   3.5325   3.5417   3.5552   3.5592
  3.5654   3.5809   3.5845   3.5903   3.5971   3.6014   3.6079   3.6109
  3.6175   3.6208   3.6337   3.6391   3.6457   3.6532   3.6711   3.6743
  3.6757   3.7064   3.7123   3.7175   3.7243   3.7320   3.7422   3.7515
  3.7563   3.7681   3.7721   3.7810   3.7882   3.7983   3.8107   3.8145
  3.8189   3.8197   3.8284   3.8320   3.8345   3.8369   3.8384   3.8529
  3.8603   3.8677   3.8730   3.8759   3.8820   3.8930   3.8995   3.9059
  3.9134   3.9274   3.9367   3.9516   3.9574   3.9669   3.9751   3.9895
  4.0047   4.0079   4.0181   4.0322   4.0416   4.0584   4.0669   4.0702
  4.0840   4.0905   4.1084   4.1214   4.1341   4.1465   4.1566   4.1723
  4.1812   4.1895   4.1935   4.2061   4.2201   4.2289   4.2312   4.2442
  4.2551   4.2736   4.2833   4.3022   4.3098   4.3243   4.3264   4.3329
  4.3412   4.3667   4.3713   4.3767   4.3906   4.3986   4.4357   4.4417
  4.4498   4.4683   4.4733   4.4861   4.5105   4.5141   4.5294   4.5384
  4.5428   4.5659   4.5795   4.5852   4.5918   4.5952   4.6269   4.6312
  4.6462   4.6542   4.6656   4.6977   4.7236   4.7453   4.7578   4.7749
  4.7959   4.8115   4.8313   4.8684   4.8999   4.9176   4.9407   4.9491
  4.9635   4.9800   4.9905   4.9996   5.0185   5.0195   5.0436   5.0614
  5.0714   5.0902   5.1063   5.1189   5.1315   5.1332   5.1377   5.1463
  5.1498   5.1539   5.1635   5.1786   5.1798   5.1912   5.2029   5.2084
  5.2232   5.2416   5.2589   5.2633   5.2688   5.2726   5.2915   5.3044
  5.3233   5.3361   5.3586   5.3629   5.3656   5.3790   5.3910   5.3936
  5.4041   5.4234   5.4311   5.4464   5.4609   5.4790   5.4975   5.5002
  5.5062   5.5110   5.5129   5.5170   5.5234   5.5344   5.5473   5.5497
  5.5527   5.5622   5.5786   5.5795   5.6022   5.6099   5.6179   5.6248
  5.6457   5.6634   5.6781   5.6861   5.6929   5.6954   5.7059   5.7104
  5.7255   5.7391   5.7407   5.7525   5.7656   5.7694   5.7726   5.7793
  5.7867   5.7890   5.7972   5.8028   5.8085   5.8144   5.8169   5.8206
  5.8243   5.8254   5.8369   5.8386   5.8426   5.8463   5.8520   5.8624
  5.8789   5.8820   5.8979   5.9003   5.9035   5.9128   5.9157   5.9229
  5.9363   5.9386   5.9423   5.9575   5.9634   5.9676   5.9724   5.9766
  5.9836   5.9894   5.9937   6.0067   6.0077   6.0263   6.0357   6.0404
  6.0428   6.0477   6.0555   6.0612   6.0751   6.0813   6.0895   6.0958
  6.0964   6.1100   6.1126   6.1153   6.1342   6.1373   6.1510   6.1529
  6.1580   6.1594   6.1648   6.1682   6.1703   6.1791   6.1858   6.1902
  6.1983   6.2026   6.2171   6.2202   6.2245   6.2259   6.2317   6.2391
  6.2425   6.2467   6.2523   6.2536   6.2649   6.2737   6.2744   6.2798
  6.2863   6.2892   6.3008   6.3054   6.3132   6.3173   6.3227   6.3388
  6.3519   6.3608   6.3692   6.3765   6.3874   6.3933   6.4009   6.4068
  6.4129   6.4300   6.4391   6.4517   6.4544   6.4649   6.4690   6.4752
  6.4853   6.4955   6.5099   6.5192   6.5332   6.5427   6.5509   6.5561
  6.5601   6.5667   6.5733   6.5780   6.5819   6.5973   6.5976   6.6096
  6.6183   6.6273   6.6305   6.6385   6.6438   6.6579   6.6622   6.6726
  6.6837   6.6946   6.7220   6.7242   6.7355   6.7449   6.7627   6.7670
  6.7889   6.7980   6.8111   6.8138   6.8196   6.8237   6.8316   6.8453
  6.8589   6.8736   6.8810   6.8919   6.8964   6.9097   6.9131   6.9154
  6.9216   6.9300   6.9457   6.9629   6.9721   6.9882   6.9955   7.0121
  7.0459   7.0479   7.0563   7.0650   7.0778   7.0856   7.1313   7.1380
  7.1466   7.1571   7.1789   7.1936   7.2099   7.2160   7.2193   7.2215
  7.2289   7.2390   7.2522   7.2675   7.2955   7.3001   7.3057   7.3084
  7.3118   7.3175   7.3388   7.3457   7.3560   7.3684   7.3756   7.3815
  7.3883   7.3941   7.3970   7.3992   7.4146   7.4182   7.4206   7.4251
  7.4380   7.4519   7.4721   7.4759   7.4776   7.4813   7.5010   7.5126
  7.5159   7.5213   7.5263   7.5277   7.5337   7.5421   7.5552   7.5677
  7.5782   7.5881   7.5967   7.6039   7.6057   7.6135   7.6195   7.6222
  7.6293   7.6413   7.6455   7.6565   7.6590   7.6617   7.6716   7.6871
  7.6929   7.6956   7.7023   7.7077   7.7100   7.7152   7.7304   7.7331
  7.7457   7.7550   7.7585   7.7629   7.7687   7.7876   7.7920   7.8072
  7.8093   7.8240   7.8266   7.8384   7.8433   7.8503   7.8811   7.8889
  7.9066   7.9192   7.9224   7.9250   7.9302   7.9339   7.9470   7.9597
  7.9645   7.9833   7.9861   7.9935   7.9958   8.0041   8.0577   8.0604
  8.0761   8.0928   8.1239   8.1257   8.1978   8.2058   8.2139   8.2165
  8.2193   8.2288   8.2328   8.2355   8.2477   8.2522   8.2659   8.2693
  8.2776   8.2857   8.2888   8.2944   8.2966   8.2988   8.3012   8.3049
  8.3096   8.3126   8.3226   8.3323   8.3407   8.3518   8.3540   8.3590
  8.3596   8.3635   8.3692   8.3719   8.3789   8.3914   8.3973   8.4025
  8.4146   8.4235   8.4297   8.4350   8.4449   8.4617   8.4695   8.4729
  8.4922   8.4951   8.5111   8.5156   8.5249   8.5286   8.5381   8.5488
  8.5603   8.5628   8.5767   8.5910   8.5931   8.6178   8.6271   8.6602
  8.6787   8.6905   8.7019   8.7081   8.7124   8.7196   8.7304   8.7341
  8.7353   8.7386   8.7435   8.7452   8.7556   8.7598   8.7628   8.7659
  8.7741   8.7985   8.8105   8.8427   8.8533   8.8624   8.8758   8.8862
  8.8920   8.9004   8.9030   8.9061   8.9169   8.9200   8.9211   8.9286
  8.9287   8.9432   8.9445   8.9498   8.9573   8.9678   8.9807   8.9855
  9.0025   9.0030   9.0265   9.0334   9.0444   9.0518   9.0703   9.0757
  9.0786   9.0875   9.0897   9.1001   9.1165   9.1267   9.1439   9.1492
  9.1838   9.2256   9.2715   9.2784   9.3022   9.3133   9.3311   9.3584
  9.3620   9.3662   9.3689   9.3747   9.3925   9.4107   9.4279   9.4534
  9.4683   9.4733   9.4955   9.5310   9.5572   9.5813   9.5854   9.5946
  9.5990   9.6049   9.6106   9.6235   9.6379   9.6460   9.6564   9.6741
  9.6846   9.6910   9.6968   9.7141   9.7321   9.7445   9.7476   9.7571
  9.7687   9.7694   9.7716   9.7737   9.7775   9.7786   9.7887   9.7943
  9.8148   9.8255   9.8379   9.8417   9.8479   9.8659   9.8800   9.8993
  9.9086   9.9418   9.9608   9.9699   9.9754   9.9803   9.9843  10.0026
 10.0066  10.0119  10.0168  10.0422  10.0873  10.1073  10.1263  10.1438
 10.1532  10.1909  10.1987  10.2115  10.2228  10.2275  10.2312  10.2402
 10.2465  10.2505  10.2560  10.2663  10.2677  10.2831  10.3033  10.3404
 10.3671  10.3700  10.3756  10.3847  10.3890  10.4020  10.4738  10.4953
 10.5487  10.5511  10.6006  10.6061  10.7268  10.8141  10.8390  10.8679
 10.8907  10.9022  10.9096  10.9431  10.9713  10.9742  11.0074  11.0360
 11.0394  11.0767  11.1958  11.2283  11.2399  11.2575  11.2603  11.3002
 11.3143  11.3457  11.3535  11.3579  11.3927  11.4722  11.5195  11.5600
 11.5810  11.6129  11.6359  11.6492  11.7091  11.7153  11.7237  11.7293
 11.7335  11.7397  11.7473  11.7493  11.7632  11.8178  11.8297  11.8346
 11.8577  11.8792  11.8801  11.9361  11.9569  11.9640  11.9729  11.9752
 11.9926  12.0207  12.0364  12.0471  12.0819  12.0980  12.1049  12.1415
 12.1721  12.1909  12.2146  12.2236  12.2376  12.3012  12.3043  12.3102
 12.3213  12.3294  12.4040  12.4230  12.4281  12.5808  12.5956  12.5979
 12.6494  12.6535  12.6715  12.7220  12.7752  12.9031  12.9197  12.9325
 13.0419  13.0577  13.0743  13.2043  13.2091  13.2328  13.3173  13.3211
 13.3350  13.5733  13.5965  13.6977  13.7080  13.7145  13.8103  14.0556
 14.0767  14.1072  14.3417  14.3867  14.4061  14.5238  14.5491  14.5539
 28.0987  28.1372  28.1778  28.4989  28.7036  28.7115  28.7160  28.9224
 28.9230  28.9286  37.3235  37.6846  47.9110  47.9252  47.9468  48.0694
 48.0920  48.1087 146.9195 146.9625 146.9758 147.3438 147.5805 147.5882
147.5911 147.8008 147.8013 147.8074 196.3916 196.8010 252.6832 252.6993
252.7235 252.8630 252.8877 252.9054
 
 Beta MOs
 -- Occupied --
-18.8213 -18.8123 -18.8080 -18.7561 -18.7529 -18.7411 -14.1097 -14.0417
-10.0552 -10.0401 -10.0182  -9.9684  -9.9672  -9.9609  -9.9586  -9.9051
 -9.9007  -9.8978  -1.0539  -1.0364  -1.0226  -0.9680  -0.9540  -0.9355
 -0.9300  -0.7686  -0.7271  -0.7160  -0.7024  -0.6624  -0.6136  -0.6043
 -0.5720  -0.5362  -0.5294  -0.5122  -0.4888  -0.4793  -0.4695  -0.4503
 -0.4419  -0.4330  -0.4227  -0.4214  -0.4104  -0.4053  -0.3948  -0.3784
 -0.3715  -0.3658  -0.3597  -0.3578  -0.3526  -0.3473  -0.3346  -0.3307
 -0.3206  -0.3195  -0.3093  -0.3055  -0.3009  -0.2829  -0.2720  -0.2630
 -0.2575  -0.2546  -0.2301  -0.2241
 -- Virtual --
 -0.1517  -0.1349  -0.0094  -0.0071  -0.0037   0.0033   0.0149   0.0202
  0.0245   0.0266   0.0327   0.0348   0.0379   0.0413   0.0443   0.0470
  0.0524   0.0586   0.0605   0.0655   0.0700   0.0766   0.0781   0.0859
  0.0875   0.0935   0.1006   0.1027   0.1078   0.1108   0.1174   0.1224
  0.1320   0.1350   0.1426   0.1451   0.1490   0.1532   0.1612   0.1661
  0.1689   0.1778   0.1820   0.1863   0.1897   0.1970   0.2080   0.2131
  0.2149   0.2201   0.2220   0.2328   0.2351   0.2466   0.2488   0.2545
  0.2595   0.2639   0.2660   0.2668   0.2691   0.2721   0.2762   0.2800
  0.2830   0.2858   0.2867   0.2890   0.2916   0.2946   0.2959   0.2991
  0.3020   0.3079   0.3097   0.3119   0.3126   0.3169   0.3227   0.3246
  0.3306   0.3357   0.3427   0.3500   0.3533   0.3601   0.3625   0.3661
  0.3731   0.3800   0.3934   0.4037   0.4114   0.4146   0.4306   0.4312
  0.4357   0.4404   0.4434   0.4541   0.4584   0.4681   0.4719   0.4744
  0.4853   0.4886   0.4923   0.4943   0.5019   0.5066   0.5138   0.5167
  0.5224   0.5269   0.5295   0.5422   0.5494   0.5532   0.5547   0.5569
  0.5645   0.5694   0.5742   0.5797   0.5809   0.5890   0.5920   0.6003
  0.6032   0.6096   0.6154   0.6202   0.6266   0.6314   0.6419   0.6477
  0.6496   0.6539   0.6608   0.6682   0.6726   0.6778   0.6810   0.6930
  0.6972   0.7009   0.7081   0.7135   0.7192   0.7209   0.7252   0.7338
  0.7411   0.7431   0.7500   0.7540   0.7621   0.7637   0.7676   0.7700
  0.7710   0.7751   0.7791   0.7844   0.7857   0.7885   0.7949   0.7966
  0.8016   0.8032   0.8057   0.8144   0.8215   0.8263   0.8314   0.8363
  0.8422   0.8484   0.8527   0.8569   0.8619   0.8646   0.8701   0.8780
  0.8789   0.8846   0.8963   0.9011   0.9038   0.9055   0.9084   0.9156
  0.9232   0.9267   0.9289   0.9360   0.9409   0.9522   0.9540   0.9557
  0.9638   0.9746   0.9780   0.9820   0.9855   0.9953   0.9971   1.0014
  1.0118   1.0125   1.0210   1.0232   1.0271   1.0303   1.0329   1.0386
  1.0439   1.0507   1.0516   1.0583   1.0717   1.0836   1.0873   1.0919
  1.1004   1.1068   1.1103   1.1166   1.1240   1.1289   1.1369   1.1436
  1.1510   1.1578   1.1640   1.1710   1.1822   1.1854   1.1902   1.1986
  1.2019   1.2106   1.2164   1.2246   1.2297   1.2339   1.2456   1.2526
  1.2655   1.2715   1.2732   1.2767   1.2851   1.2957   1.3016   1.3055
  1.3118   1.3205   1.3251   1.3322   1.3350   1.3372   1.3391   1.3604
  1.3643   1.3714   1.3747   1.3777   1.3902   1.3992   1.4005   1.4057
  1.4090   1.4148   1.4179   1.4237   1.4282   1.4384   1.4453   1.4519
  1.4569   1.4668   1.4719   1.4744   1.4824   1.4891   1.4996   1.5015
  1.5124   1.5145   1.5229   1.5265   1.5329   1.5514   1.5609   1.5644
  1.5782   1.5895   1.5960   1.5979   1.6082   1.6191   1.6255   1.6392
  1.6476   1.6528   1.6734   1.6764   1.6796   1.6957   1.7047   1.7092
  1.7159   1.7202   1.7299   1.7389   1.7446   1.7510   1.7565   1.7645
  1.7690   1.7719   1.7759   1.7794   1.7859   1.7920   1.7935   1.7979
  1.8023   1.8061   1.8161   1.8221   1.8278   1.8317   1.8373   1.8426
  1.8472   1.8554   1.8610   1.8692   1.8778   1.8842   1.8906   1.8926
  1.8992   1.9009   1.9098   1.9189   1.9207   1.9266   1.9337   1.9385
  1.9417   1.9470   1.9481   1.9508   1.9634   1.9674   1.9717   1.9810
  1.9833   1.9866   1.9882   1.9952   1.9969   2.0046   2.0092   2.0188
  2.0213   2.0255   2.0311   2.0352   2.0374   2.0437   2.0496   2.0521
  2.0569   2.0601   2.0672   2.0757   2.0800   2.0809   2.0867   2.0922
  2.0953   2.1000   2.1025   2.1088   2.1135   2.1171   2.1226   2.1248
  2.1331   2.1358   2.1421   2.1479   2.1582   2.1658   2.1722   2.1756
  2.1825   2.1866   2.1971   2.2039   2.2054   2.2187   2.2206   2.2250
  2.2352   2.2431   2.2465   2.2506   2.2566   2.2626   2.2785   2.2818
  2.2870   2.2945   2.2977   2.3119   2.3170   2.3232   2.3274   2.3414
  2.3434   2.3609   2.3680   2.3698   2.3789   2.3841   2.3904   2.3982
  2.4065   2.4143   2.4170   2.4258   2.4313   2.4401   2.4449   2.4495
  2.4552   2.4644   2.4706   2.4749   2.4809   2.4857   2.4945   2.5041
  2.5062   2.5165   2.5240   2.5271   2.5315   2.5348   2.5421   2.5493
  2.5573   2.5592   2.5650   2.5723   2.5758   2.5865   2.5897   2.5939
  2.6024   2.6055   2.6123   2.6300   2.6314   2.6353   2.6445   2.6487
  2.6638   2.6692   2.6742   2.6771   2.6797   2.6903   2.7047   2.7083
  2.7152   2.7220   2.7349   2.7439   2.7452   2.7509   2.7554   2.7606
  2.7669   2.7698   2.7723   2.7799   2.7825   2.7850   2.7921   2.7942
  2.8095   2.8117   2.8215   2.8299   2.8357   2.8410   2.8507   2.8571
  2.8616   2.8655   2.8743   2.8766   2.8810   2.8858   2.8891   2.8994
  2.9085   2.9098   2.9209   2.9243   2.9297   2.9429   2.9506   2.9598
  2.9666   2.9702   2.9763   2.9819   2.9904   3.0020   3.0076   3.0162
  3.0266   3.0328   3.0395   3.0577   3.0612   3.0701   3.0806   3.0827
  3.0855   3.0883   3.0974   3.1058   3.1112   3.1226   3.1231   3.1298
  3.1364   3.1423   3.1461   3.1496   3.1769   3.1782   3.1880   3.1899
  3.1967   3.2060   3.2159   3.2183   3.2321   3.2472   3.2550   3.2568
  3.2585   3.2675   3.2774   3.2803   3.2950   3.3104   3.3177   3.3244
  3.3299   3.3329   3.3419   3.3470   3.3543   3.3574   3.3705   3.3798
  3.3870   3.3994   3.4042   3.4178   3.4288   3.4353   3.4479   3.4567
  3.4725   3.4825   3.4844   3.5014   3.5121   3.5252   3.5377   3.5459
  3.5603   3.5624   3.5730   3.5824   3.5884   3.5929   3.5993   3.6038
  3.6126   3.6186   3.6212   3.6254   3.6387   3.6424   3.6488   3.6596
  3.6751   3.6777   3.6796   3.7107   3.7175   3.7246   3.7331   3.7379
  3.7472   3.7579   3.7605   3.7734   3.7783   3.7875   3.7910   3.8024
  3.8150   3.8177   3.8206   3.8246   3.8293   3.8346   3.8372   3.8396
  3.8420   3.8572   3.8634   3.8722   3.8772   3.8827   3.8857   3.8980
  3.9040   3.9118   3.9217   3.9333   3.9432   3.9591   3.9635   3.9718
  3.9840   3.9959   4.0097   4.0148   4.0238   4.0407   4.0481   4.0626
  4.0722   4.0751   4.0870   4.0992   4.1137   4.1253   4.1396   4.1524
  4.1639   4.1773   4.1841   4.1930   4.1992   4.2115   4.2239   4.2326
  4.2370   4.2498   4.2591   4.2792   4.2897   4.3070   4.3134   4.3290
  4.3316   4.3378   4.3444   4.3729   4.3786   4.3853   4.3974   4.4051
  4.4416   4.4471   4.4554   4.4756   4.4785   4.4894   4.5148   4.5198
  4.5343   4.5428   4.5477   4.5696   4.5866   4.5949   4.5963   4.6011
  4.6293   4.6367   4.6495   4.6588   4.6713   4.7033   4.7304   4.7504
  4.7653   4.7807   4.8058   4.8192   4.8402   4.8775   4.9095   4.9266
  4.9464   4.9562   4.9711   4.9887   5.0037   5.0066   5.0253   5.0272
  5.0502   5.0694   5.0733   5.0973   5.1108   5.1252   5.1340   5.1360
  5.1449   5.1473   5.1547   5.1563   5.1737   5.1818   5.1834   5.1938
  5.2067   5.2126   5.2262   5.2483   5.2621   5.2638   5.2743   5.2837
  5.2968   5.3129   5.3312   5.3430   5.3595   5.3678   5.3720   5.3851
  5.3983   5.3995   5.4106   5.4308   5.4409   5.4513   5.4709   5.4841
  5.4991   5.5038   5.5077   5.5142   5.5160   5.5201   5.5282   5.5411
  5.5523   5.5542   5.5570   5.5675   5.5843   5.5910   5.6052   5.6151
  5.6252   5.6318   5.6556   5.6747   5.6852   5.6887   5.6944   5.7059
  5.7099   5.7161   5.7304   5.7411   5.7431   5.7584   5.7684   5.7734
  5.7757   5.7816   5.7917   5.7924   5.8025   5.8068   5.8129   5.8173
  5.8188   5.8230   5.8276   5.8288   5.8392   5.8422   5.8463   5.8508
  5.8525   5.8651   5.8840   5.8871   5.9027   5.9044   5.9053   5.9173
  5.9204   5.9266   5.9410   5.9425   5.9466   5.9593   5.9655   5.9699
  5.9754   5.9803   5.9854   5.9915   5.9961   6.0098   6.0113   6.0295
  6.0400   6.0448   6.0483   6.0542   6.0597   6.0660   6.0792   6.0862
  6.0916   6.0984   6.1033   6.1144   6.1160   6.1212   6.1378   6.1420
  6.1538   6.1598   6.1608   6.1614   6.1671   6.1707   6.1733   6.1841
  6.1894   6.1957   6.2016   6.2052   6.2190   6.2226   6.2299   6.2311
  6.2361   6.2435   6.2446   6.2497   6.2554   6.2635   6.2681   6.2751
  6.2774   6.2815   6.2897   6.2922   6.3039   6.3079   6.3173   6.3233
  6.3256   6.3501   6.3547   6.3662   6.3778   6.3809   6.3947   6.4001
  6.4053   6.4147   6.4192   6.4368   6.4447   6.4552   6.4584   6.4691
  6.4723   6.4817   6.4888   6.5030   6.5177   6.5284   6.5450   6.5475
  6.5522   6.5619   6.5681   6.5739   6.5839   6.5840   6.5858   6.6010
  6.6040   6.6138   6.6204   6.6318   6.6343   6.6408   6.6495   6.6606
  6.6686   6.6774   6.6921   6.7038   6.7236   6.7273   6.7389   6.7602
  6.7704   6.7760   6.7954   6.8000   6.8149   6.8174   6.8255   6.8261
  6.8387   6.8526   6.8637   6.8794   6.8845   6.8958   6.9025   6.9136
  6.9149   6.9180   6.9227   6.9312   6.9512   6.9682   6.9812   6.9972
  7.0071   7.0234   7.0491   7.0510   7.0618   7.0727   7.0870   7.0966
  7.1333   7.1386   7.1471   7.1610   7.1809   7.1944   7.2123   7.2185
  7.2221   7.2284   7.2326   7.2428   7.2583   7.2783   7.2970   7.3008
  7.3068   7.3104   7.3138   7.3192   7.3421   7.3468   7.3585   7.3714
  7.3805   7.3855   7.3900   7.3958   7.3982   7.4031   7.4158   7.4194
  7.4224   7.4269   7.4438   7.4611   7.4739   7.4775   7.4786   7.4904
  7.5048   7.5148   7.5180   7.5226   7.5280   7.5284   7.5352   7.5458
  7.5580   7.5736   7.5857   7.5917   7.6013   7.6054   7.6075   7.6190
  7.6215   7.6264   7.6315   7.6422   7.6482   7.6572   7.6609   7.6640
  7.6764   7.6875   7.6949   7.6988   7.7056   7.7100   7.7110   7.7174
  7.7335   7.7364   7.7476   7.7558   7.7617   7.7650   7.7727   7.7894
  7.8000   7.8101   7.8163   7.8293   7.8294   7.8413   7.8509   7.8518
  7.8874   7.8968   7.9144   7.9225   7.9243   7.9290   7.9331   7.9412
  7.9504   7.9648   7.9700   7.9892   7.9942   8.0017   8.0048   8.0157
  8.0591   8.0653   8.0779   8.1131   8.1341   8.1392   8.2036   8.2069
  8.2172   8.2225   8.2275   8.2304   8.2340   8.2368   8.2501   8.2558
  8.2669   8.2706   8.2782   8.2870   8.2890   8.2970   8.3001   8.3004
  8.3046   8.3060   8.3097   8.3130   8.3296   8.3338   8.3420   8.3523
  8.3546   8.3600   8.3622   8.3642   8.3705   8.3729   8.3809   8.3930
  8.4003   8.4042   8.4176   8.4248   8.4314   8.4361   8.4566   8.4675
  8.4731   8.4745   8.4951   8.4969   8.5128   8.5216   8.5291   8.5341
  8.5388   8.5572   8.5651   8.5735   8.5805   8.5939   8.5957   8.6232
  8.6322   8.6690   8.6838   8.6942   8.7038   8.7109   8.7152   8.7336
  8.7365   8.7386   8.7403   8.7456   8.7465   8.7517   8.7614   8.7688
  8.7735   8.7771   8.7835   8.8141   8.8148   8.8515   8.8619   8.8728
  8.8842   8.8924   8.8953   8.9035   8.9048   8.9118   8.9196   8.9220
  8.9243   8.9307   8.9387   8.9467   8.9524   8.9584   8.9626   8.9699
  8.9864   8.9908   9.0076   9.0115   9.0347   9.0402   9.0523   9.0598
  9.0774   9.0844   9.0898   9.0937   9.1023   9.1127   9.1252   9.1338
  9.1549   9.1603   9.2006   9.2452   9.2889   9.2971   9.3149   9.3200
  9.3387   9.3602   9.3676   9.3739   9.3765   9.3784   9.4008   9.4197
  9.4428   9.4607   9.4709   9.4800   9.5022   9.5373   9.5630   9.5848
  9.5862   9.5972   9.6053   9.6122   9.6171   9.6273   9.6413   9.6482
  9.6605   9.6762   9.6866   9.6945   9.7018   9.7217   9.7360   9.7494
  9.7508   9.7605   9.7699   9.7716   9.7719   9.7750   9.7778   9.7812
  9.7913   9.7964   9.8199   9.8272   9.8415   9.8521   9.8632   9.8687
  9.8836   9.9016   9.9269   9.9531   9.9616   9.9725   9.9797   9.9833
  9.9883  10.0069  10.0114  10.0153  10.0267  10.0546  10.0935  10.1107
 10.1289  10.1450  10.1602  10.1975  10.2055  10.2174  10.2233  10.2285
 10.2362  10.2454  10.2486  10.2530  10.2590  10.2731  10.2743  10.2862
 10.3087  10.3503  10.3682  10.3741  10.3779  10.3881  10.3964  10.4086
 10.4800  10.4999  10.5492  10.5514  10.6045  10.6100  10.7350  10.8191
 10.8465  10.8759  10.9029  10.9123  10.9207  10.9584  10.9844  10.9951
 11.0286  11.0439  11.0485  11.0905  11.2067  11.2398  11.2524  11.2640
 11.2819  11.3095  11.3219  11.3496  11.3623  11.3651  11.3992  11.4828
 11.5319  11.5670  11.5866  11.6174  11.6441  11.6560  11.7149  11.7196
 11.7293  11.7329  11.7378  11.7432  11.7544  11.7547  11.7713  11.8194
 11.8331  11.8387  11.8626  11.8801  11.8813  11.9395  11.9585  11.9660
 11.9749  11.9771  11.9959  12.0274  12.0429  12.0563  12.0952  12.1054
 12.1088  12.1486  12.1861  12.1980  12.2253  12.2342  12.2494  12.3084
 12.3106  12.3220  12.3352  12.3446  12.4085  12.4281  12.4330  12.5875
 12.6024  12.6060  12.6545  12.6568  12.6750  12.7349  12.7893  12.9044
 12.9209  12.9330  13.0567  13.0726  13.0843  13.2044  13.2092  13.2331
 13.3208  13.3275  13.3380  13.5795  13.6003  13.7004  13.7107  13.7193
 13.8114  14.0661  14.0938  14.1216  14.3495  14.3917  14.4100  14.5296
 14.5508  14.5594  28.1038  28.1409  28.1793  28.5216  28.7037  28.7117
 28.7159  28.9224  28.9232  28.9286  37.3422  37.6940  47.9171  47.9286
 47.9512  48.0720  48.0931  48.1116 146.9195 146.9630 146.9760 147.3463
147.5805 147.5882 147.5910 147.8008 147.8013 147.8074 196.3951 196.8027
252.6854 252.7004 252.7249 252.8639 252.8881 252.9064
 --------------------------------------------------------------
 
          Ground-State Mulliken Net Atomic Charges

     Atom                 Charge (a.u.)    Spin (a.u.)
  --------------------------------------------------------
      1 O                    -0.361388       0.078775
      2 C                     0.290471       0.033086
      3 O                    -0.259108       0.010469
      4 C                     0.215461      -0.000818
      5 C                    -0.054340       0.000710
      6 N                     0.130570       0.207328
      7 N                    -0.141533       0.539133
      8 C                     0.334827       0.001735
      9 O                    -0.309675       0.042225
     10 C                     0.272254      -0.001532
     11 C                    -0.102037       0.002971
     12 O                    -0.379156       0.145590
     13 C                     0.135907       0.782292
     14 C                     0.327216      -0.002578
     15 O                    -0.310197       0.038851
     16 C                     0.204698      -0.004299
     17 C                    -0.065352       0.000016
     18 O                    -0.395272       0.126453
     19 H                     0.027569       0.001344
     20 H                     0.029303       0.001187
     21 H                     0.018700      -0.000013
     22 H                     0.028956      -0.000072
     23 H                     0.033349      -0.000089
     24 H                    -0.000213       0.000806
     25 H                     0.015950       0.003288
     26 H                     0.030990       0.000191
     27 H                     0.012649       0.000379
     28 H                     0.073915       0.000030
     29 H                     0.063544      -0.015720
     30 H                     0.031493       0.004166
     31 H                     0.020932       0.003946
     32 H                     0.016178      -0.000026
     33 H                     0.032931       0.000047
     34 H                     0.030409       0.000128
  --------------------------------------------------------
  Sum of atomic charges =    -0.000000
  Sum of spin   charges =     2.000000

 -----------------------------------------------------------------
                    Cartesian Multipole Moments
 -----------------------------------------------------------------
    Charge (ESU x 10^10)
                -0.0000
    Dipole Moment (Debye)
         X       0.0653      Y       0.5858      Z       0.2429
       Tot       0.6375
    Quadrupole Moments (Debye-Ang)
        XX     -84.5183     XY      -4.7506     YY    -100.6814
        XZ      -1.5018     YZ       4.4376     ZZ    -105.4322
    Octopole Moments (Debye-Ang^2)
       XXX     -31.4416    XXY     -48.3574    XYY      -5.9093
       YYY      16.3601    XXZ     -19.8650    XYZ     -12.6846
       YYZ      28.3938    XZZ     -21.6582    YZZ      27.0552
       ZZZ      11.1030
    Hexadecapole Moments (Debye-Ang^3)
      XXXX   -4069.1822   XXXY     229.1725   XXYY    -996.4551
      XYYY     308.5283   YYYY   -1885.2455   XXXZ    -106.2362
      XXYZ    -170.4682   XYYZ     -25.6768   YYYZ    -503.8884
      XXZZ    -994.2953   XYZZ     112.7372   YYZZ    -517.7583
      XZZZ     -79.9658   YZZZ    -555.2686   ZZZZ   -1314.7368
 -----------------------------------------------------------------
 Total job time:  140.90s(wall), 4185.80s(cpu) 
 Thu Aug  1 13:43:50 2024

        *************************************************************
        *                                                           *
        *  Thank you very much for using Q-Chem.  Have a nice day.  *
        *                                                           *
        *************************************************************


