
Running Job 1 of 1 ENT2-P1_rdkit_conf_1_wb97xd-OLYP.in
qchem ENT2-P1_rdkit_conf_1_wb97xd-OLYP.in_319057.0 /expanse/lustre/scratch/whughes/temp_project/job_32695032/ENT2-P1_rdkit_conf_1_wb97xd-OLYP-32695032/ 0
/cm/shared/apps/spack/0.17.3/cpu/b/opt/spack/linux-rocky8-zen2/gcc-10.2.0/qchem-6.0-rytxnwjazd34ekd2gqyi5ufsaimxsd3r/exe/qcprog.exe_s ENT2-P1_rdkit_conf_1_wb97xd-OLYP.in_319057.0 /expanse/lustre/scratch/whughes/temp_project/job_32695032/ENT2-P1_rdkit_conf_1_wb97xd-OLYP-32695032/
                  Welcome to Q-Chem
     A Quantum Leap Into The Future Of Chemistry


 Q-Chem 6.0, Q-Chem, Inc., Pleasanton, CA (2022)

 License issued to: University of California, San Diego (site)

 E. Epifanovsky,  A. T. B. Gilbert,  Xintian Feng,  Joonho Lee,  Yuezhi Mao,  
 N. Mardirossian,  P. Pokhilko,  A. White,  M. Wormit,  M. P. Coons,  
 A. L. Dempwolff,  Zhengting Gan,  D. Hait,  P. R. Horn,  L. D. Jacobson,  
 I. Kaliman,  J. Kussmann,  A. W. Lange,  Ka Un Lao,  D. S. Levine,  Jie Liu,  
 S. C. McKenzie,  A. F. Morrison,  K. Nanda,  F. Plasser,  D. R. Rehn,  
 M. L. Vidal,  Zhi-Qiang You,  Ying Zhu,  B. Alam,  B. Albrecht,  
 A. Aldossary,  E. Alguire,  J. H. Andersen,  V. Athavale,  D. Barton,  
 K. Begam,  A. Behn,  N. Bellonzi,  Y. A. Bernard,  E. J. Berquist,  
 H. Burton,  A. Carreras,  K. Carter-Fenk,  Romit Chakraborty,  
 Chandrima Chakravarty,  Junhan Chen,  A. D. Chien,  K. D. Closser,  
 V. Cofer-Shabica,  L. Cunha,  S. Dasgupta,  Jia Deng,  M. de Wergifosse,  
 M. Diedenhofen,  Hainam Do,  S. Ehlert,  Po-Tung Fang,  S. Fatehi,  
 Qingguo Feng,  T. Friedhoff,  B. Ganoe,  J. Gayvert,  Qinghui Ge,  
 G. Gidofalvi,  M. Goldey,  J. Gomes,  C. Gonzalez-Espinoza,  S. Gulania,  
 A. Gunina,  J. A. Gyamfi,  M. W. D. Hanson-Heine,  P. H. P. Harbach,  
 A. W. Hauser,  M. F. Herbst,  M. Hernandez Vera,  M. Hodecker,  
 Z. C. Holden,  S. Houck,  Xunkun Huang,  Kerwin Hui,  B. C. Huynh,  
 K. Ikeda,  M. Ivanov,  Hyunjun Ji,  Zuxin Jin,  Hanjie Jiang,  B. Kaduk,  
 S. Kaehler,  R. Kang,  K. Khistyaev,  Jaehoon Kim,  Yongbin Kim,  
 P. Klunzinger,  Z. Koczor-Benda,  Joong Hoon Koh,  D. Kosenkov,  
 Saikiran Kotaru,  L. Koulias,  T. Kowalczyk,  C. M. Krauter,  K. Kue,  
 A. Kunitsa,  T. Kus,  A. Landau,  K. V. Lawler,  D. Lefrancois,  S. Lehtola,  
 Rain Li,  Shaozhi Li,  Yi-Pei Li,  Jiashu Liang,  M. Liebenthal,  
 Hung-Hsuan Lin,  You-Sheng Lin,  Fenglai Liu,  Kuan-Yu Liu,  
 M. Loipersberger,  A. Luenser,  C. Malbon,  A. Manjanath,  P. Manohar,  
 E. Mansoor,  S. F. Manzer,  Shan-Ping Mao,  A. V. Marenich,  T. Markovich,  
 S. Mason,  F. Matz,  S. A. Maurer,  P. F. McLaughlin,  M. F. S. J. Menger,  
 J.-M. Mewes,  S. A. Mewes,  P. Morgante,  Mohammad Mostafanejad,  
 J. W. Mullinax,  K. J. Oosterbaan,  G. Paran,  V. Parravicini,  
 Alexander C. Paul,  Suranjan K. Paul,  F. Pavosevic,  Zheng Pei,  S. Prager,  
 E. I. Proynov,  E. Ramos,  B. Rana,  A. E. Rask,  A. Rettig,  R. M. Richard,  
 F. Rob,  E. Rossomme,  T. Scheele,  M. Scheurer,  M. Schneider,  
 P. E. Schneider,  N. Sergueev,  S. M. Sharada,  Hengyuan Shen,  
 W. Skomorowski,  D. W. Small,  C. J. Stein,  Yingli Su,  Yu-Chuan Su,  
 E. J. Sundstrom,  Zhen Tao,  J. Thirman,  Hung-Yi Tsai,  T. Tsuchimochi,  
 N. M. Tubman,  C. Utku,  S. P. Veccham,  O. Vydrov,  J. Wenzel,  
 Jonathan Wong,  J. Witte,  A. Yamada,  Chou-Hsun Yang,  Kun Yao,  
 S. Yeganeh,  S. R. Yost,  A. Zech,  F. Zeller,  Igor Ying Zhang,  
 Xing Zhang,  Yu Zhang,  D. Zuev,  A. Aspuru-Guzik,  A. T. Bell,  
 N. A. Besley,  K. B. Bravaya,  B. R. Brooks,  D. Casanova,  Jeng-Da Chai,  
 Hsing-Ta Chen,  S. Coriani,  C. J. Cramer,  A. E. DePrince, III,  
 R. A. DiStasio Jr.,  A. Dreuw,  B. D. Dunietz,  T. R. Furlani,  
 W. A. Goddard III,  S. Grimme,  S. Hammes-Schiffer,  T. Head-Gordon,  
 W. J. Hehre,  Chao-Ping Hsu,  T.-C. Jagau,  Yousung Jung,  A. Klamt,  
 Jing Kong,  D. S. Lambrecht,  Xiangyuan Li,  WanZhen Liang,  N. J. Mayhall,  
 C. W. McCurdy,  J. B. Neaton,  T. Neudecker,  C. Ochsenfeld,  
 J. A. Parkhill,  R. Peverati,  V. A. Rassolov,  Haisheng Ren,  Yihan Shao,  
 L. V. Slipchenko,  R. P. Steele,  J. E. Subotnik,  A. J. W. Thom,  
 A. Tkatchenko,  D. G. Truhlar,  T. Van Voorhis,  Fan Wang,  
 T. A. Wesolowski,  K. B. Whaley,  H. L. Woodcock III,  P. M. Zimmerman,  
 S. Faraji,  P. M. W. Gill,  M. Head-Gordon,  J. M. Herbert,  A. I. Krylov

 Contributors to earlier versions of Q-Chem not listed above: 
 R. D. Adamson,  B. Austin,  R. Baer,  J. Baker,  G. J. O. Beran,  
 K. Brandhorst,  S. T. Brown,  E. F. C. Byrd,  Arup K. Chakraborty,  
 G. K. L. Chan,  Chun-Min Chang,  Yunqing Chen,  C.-L. Cheng,  
 Siu Hung Chien,  D. M. Chipman,  D. L. Crittenden,  H. Dachsel,  
 R. J. Doerksen,  A. D. Dutoi,  R. G. Edgar,  J. Fosso-Tande,  
 L. Fusti-Molnar,  D. Ghosh,  A. Ghysels,  A. Golubeva-Zadorozhnaya,  
 J. Gonthier,  M. S. Gordon,  S. R. Gwaltney,  G. Hawkins,  J. E. Herr,  
 A. Heyden,  S. Hirata,  E. G. Hohenstein,  G. Kedziora,  F. J. Keil,  
 C. Kelley,  Jihan Kim,  R. A. King,  R. Z. Khaliullin,  P. P. Korambath,  
 W. Kurlancheek,  A. Laurent,  A. M. Lee,  M. S. Lee,  S. V. Levchenko,  
 Ching Yeh Lin,  D. Liotard,  E. Livshits,  R. C. Lochan,  I. Lotan,  
 L. A. Martinez-Martinez,  P. E. Maslen,  N. Nair,  D. P. O'Neill,  
 D. Neuhauser,  E. Neuscamman,  C. M. Oana,  R. Olivares-Amaya,  R. Olson,  
 T. M. Perrine,  B. Peters,  P. A. Pieniazek,  A. Prociuk,  Y. M. Rhee,  
 J. Ritchie,  M. A. Rohrdanz,  E. Rosta,  N. J. Russ,  H. F. Schaefer III,  
 M. W. Schmidt,  N. E. Schultz,  S. Sharma,  N. Shenvi,  C. D. Sherrill,  
 A. C. Simmonett,  A. Sodt,  T. Stein,  D. Stuck,  K. S. Thanthiriwatte,  
 V. Vanovschi,  L. Vogt,  Tao Wang,  A. Warshel,  M. A. Watson,  
 C. F. Williams,  Q. Wu,  X. Xu,  Jun Yang,  W. Zhang,  Yan Zhao

   Please cite Q-Chem as follows:
  "Software for the frontiers of quantum chemistry:
   An overview of developments in the Q-Chem 5 package"
   J. Chem. Phys. 155, 084801 (2021)
   https://doi.org/10.1063/5.0055522 (open access)

 Q-Chem 6.0.2 for Intel X86 EM64T Linux

 Parts of Q-Chem use Armadillo 9.900.5 (Nocturnal Misbehaviour).
 http://arma.sourceforge.net/

 Q-Chem begins on Thu Aug  1 13:28:09 2024  

 Host: 
0

     Scratch files written to /expanse/lustre/scratch/whughes/temp_project/job_32695032/ENT2-P1_rdkit_conf_1_wb97xd-OLYP-32695032//
 Dec722 |scratch|qcdevops|jenkins|workspace|build_RNUM    
 Processing $rem in /cm/shared/apps/spack/0.17.3/cpu/b/opt/spack/linux-rocky8-zen2/gcc-10.2.0/qchem-6.0-rytxnwjazd34ekd2gqyi5ufsaimxsd3r/config/preferences:
 Processing $rem in /home/whughes/.qchemrc:

 Checking the input file for inconsistencies... 	...done.

--------------------------------------------------------------
User input:
--------------------------------------------------------------
$molecule
0 3
C    -4.1441209331   -0.7469347841   0.0003624832
C    -2.7223054801   -0.6870450223   0.4329937312
C    -1.7067685612   -0.194970995    -0.3156797978
C    -0.3716270413   -0.1560483381   0.1311818703
C    0.706284372     0.3569357197    -0.6417064801
C    2.0827678595    0.3160647989    0.0101493007
O    3.0177379792    0.8139773878    -0.7855636748
C    4.3443399675    0.8184142674    -0.2599344814
O    2.2787769519    -0.1176650561   1.111151177
N    0.5935237183    0.8386134154    -1.8211938244
H    -4.2776614984   -0.3430131921   -1.0032217251
H    -4.5089996051   -1.777989831    0.0100568489
H    -4.7823615727   -0.1844176529   0.6877651874
H    -2.4935553156   -1.0691540508   1.4245497478
H    -1.9223609478   0.1898000972    -1.3082413801
H    -0.1195473951   -0.5310705591   1.115741612
H    4.9647403657    1.2541072323    -1.0376478738
H    4.3922077895    1.4179996935    0.6487720698
H    4.6688293468    -0.1974031308   -0.0355347909
$end

$rem
METHOD      OLYP
BASIS       def2-QZVPP
SYM_IGNORE   TRUE
DFT_D       D3
MAX_SCF_CYCLES 300
$end

$end
--------------------------------------------------------------
 Adding empirical dispersion correction 
 ----------------------------------------------------------------
 Doing -D3(BJ) with
 s6  =   1.00000
 s8  =   2.62050
 a1  =   0.52990
 a2  =   2.80650
 -D3 energy without 3body term =     -0.0904002523 hartrees
 ----------------------------------------------------------------
             Standard Nuclear Orientation (Angstroms)
    I     Atom           X                Y                Z
 ----------------------------------------------------------------
    1      C      -4.1441209331    -0.7469347841     0.0003624832
    2      C      -2.7223054801    -0.6870450223     0.4329937312
    3      C      -1.7067685612    -0.1949709950    -0.3156797978
    4      C      -0.3716270413    -0.1560483381     0.1311818703
    5      C       0.7062843720     0.3569357197    -0.6417064801
    6      C       2.0827678595     0.3160647989     0.0101493007
    7      O       3.0177379792     0.8139773878    -0.7855636748
    8      C       4.3443399675     0.8184142674    -0.2599344814
    9      O       2.2787769519    -0.1176650561     1.1111511770
   10      N       0.5935237183     0.8386134154    -1.8211938244
   11      H      -4.2776614984    -0.3430131921    -1.0032217251
   12      H      -4.5089996051    -1.7779898310     0.0100568489
   13      H      -4.7823615727    -0.1844176529     0.6877651874
   14      H      -2.4935553156    -1.0691540508     1.4245497478
   15      H      -1.9223609478     0.1898000972    -1.3082413801
   16      H      -0.1195473951    -0.5310705591     1.1157416120
   17      H       4.9647403657     1.2541072323    -1.0376478738
   18      H       4.3922077895     1.4179996935     0.6487720698
   19      H       4.6688293468    -0.1974031308    -0.0355347909
 ----------------------------------------------------------------
 Nuclear Repulsion Energy =         477.28426139 hartrees
 There are       38 alpha and       36 beta electrons
 Requested basis set is def2-QZVPP
 There are 260 shells and 840 basis functions

 Total QAlloc Memory Limit   8000 MB
 Mega-Array Size       188 MB
 MEM_STATIC part       192 MB

 A cutoff of  1.0D-09 yielded  20734 shell pairs
 There are    209316 function pairs (    313291 Cartesian)
 Smallest overlap matrix eigenvalue = 2.09E-05

 Q-Chem warning in module stvman/mkSTV.C, line 305:

 Overlap eigenvalue is smaller than square root of threshold
 Use THRESH >= 12 to get rid of this warning


 Scale SEOQF with 1.000000e-01/1.000000e-01/1.000000e-01

 Standard Electronic Orientation quadrupole field applied
 Nucleus-field energy     =     0.0000000168 hartrees
 Guess from superposition of atomic densities
 Warning:  Energy on first SCF cycle will be non-variational
 SAD guess density has 74.000000 electrons

 -----------------------------------------------------------------------
  General SCF calculation program by
  Eric Jon Sundstrom, Paul Horn, Yuezhi Mao, Dmitri Zuev, Alec White,
  David Stuck, Shaama M.S., Shane Yost, Joonho Lee, David Small,
  Daniel Levine, Susi Lehtola, Hugh Burton, Evgeny Epifanovsky,
  Bang C. Huynh
 -----------------------------------------------------------------------
 Exchange:  OPTX      Correlation:  LYP
 Using SG-1 standard quadrature grid
 Dispersion:   Grimme D3
 using 32 threads for integral computing
 -------------------------------------------------------
 OpenMP Integral computing Module                
 Release: version 1.0, May 2013, Q-Chem Inc. Pittsburgh 
 -------------------------------------------------------
 A unrestricted SCF calculation will be
 performed using DIIS
 SCF converges when DIIS error is below 1.0e-05
 ---------------------------------------
  Cycle       Energy         DIIS error
 ---------------------------------------
    1    -478.8834722144      6.27e-03  
    2    -477.1460387995      8.68e-04  
    3    -476.5890465206      1.60e-03  
    4    -477.2528880076      6.41e-04  
    5    -477.3881817463      1.64e-04  
    6    -477.3917696750      1.25e-04  
    7    -477.3966509577      4.10e-05  
    8    -477.3971609389      1.79e-05  
    9    -477.3972623737      5.05e-06  Convergence criterion met
 ---------------------------------------
 SCF time:   CPU 1091.55s  wall 35.00s 
<S^2> =          2.029704982
 SCF   energy in the final basis set =     -477.3972623737
 Total energy in the final basis set =     -477.3972623737
 
 --------------------------------------------------------------
 
                    Orbital Energies (a.u.)
 --------------------------------------------------------------
 
 Alpha MOs
 -- Occupied --
-18.8245 -18.7637 -14.0179 -10.0360  -9.9609  -9.9476  -9.9317  -9.9310
 -9.9166  -9.9122  -1.0429  -0.9562  -0.8424  -0.7548  -0.6905  -0.6846
 -0.6225  -0.5632  -0.5203  -0.4954  -0.4575  -0.4458  -0.4283  -0.4207
 -0.3876  -0.3858  -0.3752  -0.3719  -0.3451  -0.3352  -0.3273  -0.3235
 -0.3069  -0.2785  -0.2698  -0.2674  -0.2068  -0.1776
 -- Virtual --
 -0.0820  -0.0128  -0.0055  -0.0027   0.0116   0.0268   0.0425   0.0463
  0.0488   0.0549   0.0649   0.0682   0.0695   0.0899   0.0928   0.1015
  0.1077   0.1152   0.1237   0.1302   0.1399   0.1486   0.1500   0.1625
  0.1709   0.1781   0.1913   0.2071   0.2153   0.2158   0.2213   0.2394
  0.2430   0.2468   0.2557   0.2574   0.2698   0.2765   0.2784   0.2817
  0.2817   0.2918   0.2983   0.3036   0.3113   0.3161   0.3234   0.3362
  0.3453   0.3472   0.3616   0.3730   0.3816   0.3990   0.4105   0.4125
  0.4248   0.4251   0.4286   0.4358   0.4489   0.4616   0.4700   0.4766
  0.4876   0.4974   0.5011   0.5057   0.5188   0.5220   0.5419   0.5494
  0.5534   0.5601   0.5803   0.5978   0.6052   0.6266   0.6271   0.6291
  0.6328   0.6371   0.6437   0.6526   0.6722   0.6761   0.6820   0.7040
  0.7065   0.7135   0.7336   0.7394   0.7460   0.7525   0.7565   0.7644
  0.7673   0.7751   0.7797   0.7804   0.7985   0.8028   0.8030   0.8195
  0.8261   0.8321   0.8604   0.8652   0.8744   0.8802   0.8847   0.8917
  0.8964   0.8987   0.9098   0.9144   0.9217   0.9415   0.9591   0.9685
  0.9736   0.9843   0.9933   0.9984   1.0012   1.0025   1.0133   1.0220
  1.0252   1.0275   1.0493   1.0583   1.0645   1.0764   1.1005   1.1099
  1.1167   1.1182   1.1309   1.1314   1.1398   1.1565   1.1663   1.1683
  1.1996   1.2125   1.2311   1.2414   1.2513   1.2673   1.2767   1.2936
  1.3069   1.3116   1.3135   1.3544   1.3623   1.3779   1.3814   1.3858
  1.4046   1.4149   1.4188   1.4318   1.4500   1.4574   1.4616   1.4763
  1.4919   1.5168   1.5233   1.5472   1.5531   1.5830   1.5899   1.6286
  1.6437   1.6540   1.6656   1.6673   1.6746   1.6992   1.6996   1.7064
  1.7316   1.7354   1.7373   1.7439   1.7483   1.7532   1.7744   1.7795
  1.7899   1.7986   1.8064   1.8148   1.8234   1.8436   1.8437   1.8531
  1.8652   1.8702   1.8773   1.8785   1.8899   1.8904   1.9085   1.9201
  1.9214   1.9372   1.9510   1.9595   1.9599   1.9871   1.9936   1.9945
  2.0013   2.0022   2.0147   2.0311   2.0453   2.0551   2.0722   2.0730
  2.0840   2.0882   2.0977   2.0994   2.1086   2.1249   2.1347   2.1542
  2.1566   2.1710   2.1768   2.1774   2.1938   2.2025   2.2070   2.2281
  2.2393   2.2497   2.2551   2.2808   2.2820   2.2887   2.3044   2.3163
  2.3312   2.3391   2.3514   2.3695   2.3769   2.3828   2.3960   2.4095
  2.4140   2.4234   2.4361   2.4371   2.4411   2.4517   2.4672   2.4776
  2.4788   2.4986   2.5027   2.5109   2.5197   2.5259   2.5282   2.5299
  2.5354   2.5566   2.5595   2.5912   2.6114   2.6218   2.6335   2.6371
  2.6588   2.6682   2.6870   2.6892   2.6996   2.7060   2.7205   2.7362
  2.7375   2.7496   2.7586   2.7598   2.7682   2.7859   2.7964   2.8173
  2.8321   2.8332   2.8521   2.8553   2.8628   2.8786   2.8918   2.9107
  2.9210   2.9518   2.9585   2.9683   2.9816   2.9938   2.9946   3.0158
  3.0258   3.0324   3.0475   3.0537   3.0679   3.0757   3.0805   3.0855
  3.0887   3.1156   3.1368   3.1500   3.1728   3.1936   3.2059   3.2141
  3.2203   3.2645   3.2651   3.2722   3.2781   3.3155   3.3420   3.3440
  3.3467   3.3676   3.3897   3.4042   3.4191   3.4299   3.4419   3.4637
  3.4811   3.4839   3.5057   3.5185   3.5350   3.5620   3.5936   3.6020
  3.6384   3.6407   3.6690   3.6798   3.6941   3.6998   3.7184   3.7428
  3.7451   3.7468   3.7741   3.7749   3.7894   3.7933   3.8043   3.8066
  3.8259   3.8477   3.8710   3.8734   3.8757   3.9013   3.9442   3.9598
  3.9922   4.0222   4.0386   4.0752   4.0918   4.0947   4.0955   4.1258
  4.1774   4.2091   4.2280   4.2449   4.2564   4.2812   4.2913   4.3316
  4.3573   4.4000   4.4239   4.4425   4.4465   4.4861   4.5109   4.5370
  4.5435   4.6230   4.6971   4.7380   4.7599   4.7743   4.7859   4.7958
  4.8145   4.8347   4.8712   4.9014   4.9041   4.9159   4.9610   4.9721
  4.9824   5.0020   5.0190   5.0644   5.0766   5.0862   5.1312   5.1459
  5.1529   5.1871   5.2145   5.2379   5.2465   5.2615   5.2676   5.2815
  5.2933   5.3103   5.3353   5.3487   5.3621   5.3727   5.3924   5.3999
  5.4260   5.4328   5.4644   5.5050   5.5125   5.5126   5.5209   5.5581
  5.5589   5.5923   5.5930   5.6056   5.6279   5.6296   5.6313   5.6614
  5.6896   5.7001   5.7049   5.7223   5.7402   5.7516   5.7612   5.7682
  5.7703   5.7920   5.8079   5.8099   5.8261   5.8291   5.8370   5.8524
  5.8697   5.8867   5.9043   5.9130   5.9205   5.9376   5.9422   5.9504
  5.9657   5.9701   5.9891   5.9957   6.0067   6.0249   6.0257   6.0375
  6.0399   6.0613   6.0673   6.0785   6.0813   6.0936   6.1020   6.1085
  6.1328   6.1409   6.1432   6.1444   6.1679   6.1824   6.1888   6.2052
  6.2107   6.2224   6.2426   6.2503   6.2592   6.2684   6.2856   6.2944
  6.3114   6.3117   6.3189   6.3279   6.3359   6.3612   6.3699   6.3731
  6.3877   6.4032   6.4037   6.4353   6.4561   6.4567   6.4928   6.4952
  6.5203   6.5230   6.5478   6.5637   6.5669   6.5770   6.5939   6.6006
  6.6279   6.6363   6.6410   6.6561   6.6650   6.6887   6.7069   6.7243
  6.7434   6.7508   6.7575   6.7599   6.7797   6.8185   6.8283   6.8486
  6.8564   6.8984   6.9157   6.9421   6.9432   6.9500   6.9839   6.9974
  7.0001   7.0699   7.0728   7.0815   7.1102   7.1339   7.1384   7.2085
  7.2154   7.2464   7.2556   7.2788   7.2840   7.2933   7.3035   7.3264
  7.3304   7.3373   7.3743   7.3941   7.4049   7.4092   7.4240   7.4277
  7.4414   7.4666   7.4974   7.5118   7.5312   7.5356   7.5464   7.5513
  7.5588   7.5667   7.5754   7.5822   7.5960   7.6199   7.6223   7.6243
  7.6415   7.6635   7.7059   7.7172   7.7368   7.7375   7.7506   7.7624
  7.7845   7.8241   7.8436   7.8599   7.8648   7.8681   7.9062   7.9267
  7.9373   7.9507   7.9635   7.9683   8.0014   8.0231   8.0693   8.0797
  8.0843   8.1250   8.1330   8.1365   8.1457   8.1703   8.1750   8.1772
  8.2046   8.2098   8.2453   8.2494   8.2555   8.2566   8.2670   8.2688
  8.2888   8.2890   8.2942   8.3010   8.3159   8.3180   8.3254   8.3470
  8.3624   8.3627   8.4022   8.4188   8.4231   8.4493   8.4647   8.4808
  8.4885   8.5036   8.5047   8.5424   8.5485   8.5827   8.5866   8.5889
  8.5938   8.6297   8.6321   8.7071   8.7130   8.7207   8.7337   8.7430
  8.7444   8.7823   8.8205   8.8211   8.8258   8.8524   8.8748   8.8920
  8.8957   8.9013   8.9502   8.9652   9.0249   9.0263   9.0499   9.0652
  9.0820   9.0928   9.1294   9.1390   9.1670   9.2465   9.2488   9.3461
  9.3471   9.4294   9.4439   9.4947   9.5238   9.5564   9.5688   9.5698
  9.5863   9.6088   9.6629   9.6707   9.6776   9.7190   9.7252   9.7611
  9.7884   9.7981   9.8036   9.8081   9.8197   9.8673   9.8692   9.8849
  9.8998   9.9099   9.9737   9.9980  10.0102  10.0627  10.0694  10.1396
 10.1541  10.1589  10.1786  10.2267  10.2343  10.2387  10.2713  10.4064
 10.4181  10.4353  10.4844  10.5191  10.5668  10.8088  10.8447  10.8622
 10.9137  10.9788  11.0799  11.1867  11.1917  11.2850  11.3342  11.4841
 11.5311  11.6204  11.6711  11.6967  11.7271  11.7692  11.8610  11.9066
 11.9156  12.0106  12.0222  12.0992  12.1967  12.2345  12.2782  12.3398
 12.4121  12.5652  12.5756  12.6271  12.8156  13.0681  13.1344  13.1971
 13.3460  13.5656  13.6886  14.0500  14.4233  14.5072  27.9671  28.0917
 28.1805  28.4913  28.6944  28.8235  29.0117  37.2648  47.9014  48.0871
146.8255 146.9348 147.0093 147.3334 147.5433 147.6912 147.8689 196.3104
252.6738 252.8779
 
 Beta MOs
 -- Occupied --
-18.8244 -18.7629 -14.0006 -10.0348  -9.9609  -9.9494  -9.9279  -9.9266
 -9.9176  -9.9123  -1.0416  -0.9544  -0.8095  -0.7446  -0.6830  -0.6733
 -0.6097  -0.5557  -0.5172  -0.4909  -0.4487  -0.4450  -0.4243  -0.4160
 -0.3828  -0.3801  -0.3717  -0.3646  -0.3401  -0.3257  -0.3217  -0.3078
 -0.2843  -0.2771  -0.2508  -0.2507
 -- Virtual --
 -0.1304  -0.1223  -0.0646  -0.0051  -0.0034  -0.0027   0.0124   0.0274
  0.0435   0.0469   0.0490   0.0558   0.0659   0.0695   0.0781   0.0921
  0.0927   0.1015   0.1085   0.1162   0.1305   0.1317   0.1423   0.1498
  0.1528   0.1643   0.1753   0.1799   0.1936   0.2086   0.2178   0.2191
  0.2235   0.2427   0.2464   0.2507   0.2567   0.2592   0.2722   0.2774
  0.2809   0.2835   0.2864   0.2977   0.3013   0.3083   0.3172   0.3190
  0.3279   0.3382   0.3478   0.3499   0.3646   0.3770   0.3835   0.4037
  0.4121   0.4160   0.4257   0.4290   0.4305   0.4380   0.4522   0.4656
  0.4773   0.4815   0.4905   0.5008   0.5065   0.5090   0.5232   0.5288
  0.5459   0.5520   0.5564   0.5639   0.5826   0.5984   0.6136   0.6303
  0.6310   0.6341   0.6408   0.6436   0.6460   0.6579   0.6756   0.6814
  0.6853   0.7072   0.7077   0.7201   0.7384   0.7402   0.7524   0.7546
  0.7603   0.7653   0.7709   0.7792   0.7820   0.7822   0.8006   0.8044
  0.8211   0.8233   0.8344   0.8376   0.8692   0.8712   0.8786   0.8856
  0.8905   0.8958   0.9001   0.9016   0.9129   0.9172   0.9311   0.9475
  0.9643   0.9702   0.9783   0.9884   0.9972   1.0020   1.0050   1.0062
  1.0151   1.0244   1.0316   1.0324   1.0574   1.0629   1.0703   1.0833
  1.1068   1.1178   1.1228   1.1360   1.1385   1.1428   1.1464   1.1736
  1.1738   1.1852   1.2050   1.2180   1.2338   1.2451   1.2565   1.2766
  1.2848   1.2945   1.3090   1.3170   1.3192   1.3571   1.3653   1.3827
  1.3864   1.3924   1.4128   1.4175   1.4241   1.4347   1.4569   1.4600
  1.4655   1.4823   1.5068   1.5214   1.5308   1.5524   1.5604   1.5879
  1.5959   1.6469   1.6483   1.6641   1.6701   1.6712   1.6780   1.7024
  1.7058   1.7103   1.7353   1.7374   1.7426   1.7522   1.7526   1.7580
  1.7785   1.7818   1.7945   1.8011   1.8102   1.8190   1.8274   1.8454
  1.8458   1.8556   1.8691   1.8749   1.8831   1.8865   1.8938   1.9011
  1.9147   1.9247   1.9263   1.9419   1.9599   1.9613   1.9625   1.9911
  1.9966   2.0000   2.0026   2.0079   2.0207   2.0348   2.0516   2.0605
  2.0762   2.0782   2.0892   2.0897   2.1038   2.1048   2.1107   2.1297
  2.1428   2.1607   2.1611   2.1744   2.1831   2.1837   2.1988   2.2057
  2.2107   2.2335   2.2459   2.2556   2.2604   2.2845   2.2870   2.2952
  2.3080   2.3254   2.3431   2.3450   2.3758   2.3764   2.3834   2.3882
  2.4030   2.4148   2.4202   2.4301   2.4440   2.4440   2.4495   2.4563
  2.4751   2.4834   2.4944   2.5032   2.5161   2.5173   2.5280   2.5305
  2.5315   2.5354   2.5396   2.5633   2.5669   2.6032   2.6139   2.6307
  2.6442   2.6507   2.6673   2.6771   2.6905   2.6985   2.7068   2.7183
  2.7342   2.7408   2.7423   2.7594   2.7668   2.7703   2.7752   2.7884
  2.8076   2.8176   2.8396   2.8417   2.8591   2.8620   2.8829   2.8933
  2.9002   2.9174   2.9383   2.9572   2.9724   2.9773   2.9949   3.0006
  3.0075   3.0277   3.0308   3.0354   3.0577   3.0657   3.0791   3.0849
  3.0859   3.0940   3.1138   3.1266   3.1523   3.1549   3.1782   3.2020
  3.2134   3.2224   3.2273   3.2693   3.2754   3.2767   3.2900   3.3267
  3.3518   3.3531   3.3539   3.3721   3.3961   3.4128   3.4266   3.4352
  3.4462   3.4728   3.4907   3.5003   3.5141   3.5247   3.5431   3.5687
  3.5979   3.6137   3.6447   3.6494   3.6755   3.6890   3.6957   3.7028
  3.7205   3.7508   3.7572   3.7579   3.7791   3.7899   3.7947   3.8059
  3.8164   3.8300   3.8382   3.8559   3.8764   3.8821   3.8880   3.9099
  3.9671   3.9702   4.0152   4.0341   4.0415   4.0837   4.0942   4.0989
  4.0998   4.1302   4.1828   4.2162   4.2344   4.2514   4.2616   4.2822
  4.3007   4.3454   4.3611   4.4079   4.4286   4.4473   4.4521   4.4909
  4.5148   4.5441   4.5515   4.6282   4.6997   4.7442   4.7663   4.7800
  4.7969   4.8038   4.8255   4.8412   4.8840   4.9067   4.9171   4.9243
  4.9748   4.9818   4.9881   5.0125   5.0248   5.0754   5.0807   5.0999
  5.1405   5.1514   5.1633   5.1948   5.2245   5.2445   5.2473   5.2650
  5.2749   5.2871   5.2988   5.3156   5.3399   5.3529   5.3686   5.3772
  5.3995   5.4073   5.4308   5.4395   5.4734   5.5075   5.5197   5.5219
  5.5305   5.5644   5.5654   5.5967   5.6070   5.6103   5.6319   5.6373
  5.6391   5.6659   5.6953   5.7043   5.7088   5.7269   5.7441   5.7601
  5.7658   5.7724   5.7758   5.7952   5.8125   5.8141   5.8307   5.8308
  5.8431   5.8547   5.8759   5.8912   5.9069   5.9190   5.9248   5.9439
  5.9443   5.9569   5.9727   5.9815   5.9947   6.0012   6.0100   6.0293
  6.0320   6.0460   6.0487   6.0709   6.0719   6.0848   6.0862   6.0963
  6.1096   6.1107   6.1383   6.1440   6.1515   6.1569   6.1731   6.1846
  6.1929   6.2086   6.2152   6.2313   6.2477   6.2554   6.2660   6.2747
  6.2953   6.2981   6.3134   6.3194   6.3217   6.3420   6.3438   6.3672
  6.3772   6.3788   6.3940   6.4090   6.4129   6.4381   6.4624   6.4668
  6.5032   6.5036   6.5242   6.5288   6.5560   6.5736   6.5776   6.5859
  6.6035   6.6049   6.6485   6.6543   6.6678   6.6696   6.6793   6.7048
  6.7188   6.7499   6.7528   6.7671   6.7679   6.7842   6.8182   6.8316
  6.8395   6.8653   6.8707   6.9134   6.9343   6.9498   6.9518   6.9560
  6.9912   7.0069   7.0203   7.0784   7.0853   7.0933   7.1334   7.1401
  7.1539   7.2166   7.2244   7.2499   7.2599   7.2791   7.2923   7.2961
  7.3145   7.3328   7.3350   7.3415   7.3781   7.3984   7.4117   7.4162
  7.4319   7.4333   7.4511   7.4738   7.5033   7.5177   7.5336   7.5395
  7.5511   7.5542   7.5615   7.5737   7.5789   7.5857   7.6002   7.6218
  7.6246   7.6277   7.6456   7.6702   7.7103   7.7183   7.7411   7.7413
  7.7576   7.7686   7.7910   7.8304   7.8469   7.8641   7.8680   7.8813
  7.9140   7.9372   7.9431   7.9535   7.9742   7.9968   8.0116   8.0362
  8.0791   8.0868   8.0895   8.1317   8.1406   8.1433   8.1511   8.1765
  8.1775   8.1836   8.2062   8.2102   8.2463   8.2520   8.2569   8.2676
  8.2727   8.2908   8.2937   8.2942   8.3085   8.3134   8.3173   8.3309
  8.3442   8.3498   8.3744   8.4059   8.4237   8.4529   8.4569   8.4719
  8.4787   8.4983   8.5082   8.5102   8.5321   8.5530   8.5618   8.5875
  8.5899   8.5989   8.6026   8.6350   8.6419   8.7145   8.7150   8.7292
  8.7467   8.7520   8.7870   8.8022   8.8239   8.8367   8.8411   8.8780
  8.8898   8.8961   8.9050   8.9160   8.9685   8.9719   9.0347   9.0405
  9.0576   9.0795   9.0910   9.1641   9.1668   9.1832   9.2336   9.2516
  9.3137   9.3487   9.3792   9.4495   9.4551   9.5241   9.5393   9.5663
  9.5722   9.5729   9.5896   9.6147   9.6640   9.6732   9.6789   9.7304
  9.7487   9.7653   9.7939   9.8022   9.8083   9.8145   9.8220   9.8738
  9.8749   9.8890   9.9026   9.9123   9.9777   9.9990  10.0186  10.0653
 10.0702  10.1441  10.1567  10.1617  10.1834  10.2286  10.2397  10.2411
 10.2763  10.4088  10.4184  10.4410  10.5067  10.5709  10.5717  10.8324
 10.8577  10.8659  10.9778  10.9999  11.0953  11.1941  11.2178  11.2888
 11.3361  11.4842  11.5335  11.6213  11.6748  11.6991  11.7283  11.7698
 11.8615  11.9079  11.9172  12.0140  12.0270  12.1057  12.2046  12.2390
 12.2787  12.3562  12.4144  12.5761  12.5762  12.6300  12.8198  13.0702
 13.1348  13.1993  13.3488  13.5690  13.6916  14.0541  14.4262  14.5078
 27.9702  28.0960  28.1842  28.5017  28.6944  28.8255  29.0158  37.3103
 47.9026  48.0879 146.8258 146.9357 147.0097 147.3345 147.5433 147.6914
147.8692 196.3176 252.6742 252.8782
 --------------------------------------------------------------
 
          Ground-State Mulliken Net Atomic Charges

     Atom                 Charge (a.u.)    Spin (a.u.)
  --------------------------------------------------------
      1 C                    -0.040973      -0.017351
      2 C                     0.031104       0.366021
      3 C                     0.052377      -0.110312
      4 C                     0.018217       0.547809
      5 C                     0.044460      -0.233321
      6 C                     0.309668       0.086881
      7 O                    -0.274850       0.001176
      8 C                     0.099358       0.001599
      9 O                    -0.353531       0.034402
     10 N                    -0.205813       1.310459
     11 H                     0.032479       0.000815
     12 H                     0.027764       0.016043
     13 H                     0.027096       0.016027
     14 H                     0.009753      -0.010525
     15 H                     0.017840      -0.000827
     16 H                     0.024079      -0.008533
     17 H                     0.047866       0.000087
     18 H                     0.066613      -0.000229
     19 H                     0.066494      -0.000222
  --------------------------------------------------------
  Sum of atomic charges =     0.000000
  Sum of spin   charges =     2.000000

 -----------------------------------------------------------------
                    Cartesian Multipole Moments
 -----------------------------------------------------------------
    Charge (ESU x 10^10)
                 0.0000
    Dipole Moment (Debye)
         X      -0.8651      Y      -0.6628      Z       1.2107
       Tot       1.6290
    Quadrupole Moments (Debye-Ang)
        XX     -39.8217     XY       4.2922     YY     -59.7810
        XZ      -2.0936     YZ       2.4841     ZZ     -66.2882
    Octopole Moments (Debye-Ang^2)
       XXX     -18.5402    XXY       2.1104    XYY     -15.8187
       YYY     -18.6833    XXZ       2.7529    XYZ       5.6580
       YYZ      16.1961    XZZ     -31.6728    YZZ     -12.2336
       ZZZ      46.7577
    Hexadecapole Moments (Debye-Ang^3)
      XXXX   -2261.0682   XXXY    -156.6694   XXYY    -460.0703
      XYYY    -240.0738   YYYY    -207.4065   XXXZ       7.3641
      XXYZ      16.8976   XYYZ      19.0120   YYYZ      59.8362
      XXZZ    -506.0381   XYZZ     -82.6405   YYZZ     -90.6456
      XZZZ      56.8427   YZZZ      68.3769   ZZZZ    -335.0922
 -----------------------------------------------------------------
 Total job time:  37.52s(wall), 1125.51s(cpu) 
 Thu Aug  1 13:28:47 2024

        *************************************************************
        *                                                           *
        *  Thank you very much for using Q-Chem.  Have a nice day.  *
        *                                                           *
        *************************************************************


