
Running Job 1 of 2 CA6-P1_rdkit_conf_3_wb97xd-OLYP-readSCF.in
qchem CA6-P1_rdkit_conf_3_wb97xd-OLYP-readSCF.in_649177.0 /expanse/lustre/scratch/whughes/temp_project/job_36180250/CA6-P1_rdkit_conf_3_wb97xd-OLYP-readSCF-36180250/ 0
/cm/shared/apps/spack/0.17.3/cpu/b/opt/spack/linux-rocky8-zen2/gcc-10.2.0/qchem-6.0-rytxnwjazd34ekd2gqyi5ufsaimxsd3r/exe/qcprog.exe_s CA6-P1_rdkit_conf_3_wb97xd-OLYP-readSCF.in_649177.0 /expanse/lustre/scratch/whughes/temp_project/job_36180250/CA6-P1_rdkit_conf_3_wb97xd-OLYP-readSCF-36180250/
                  Welcome to Q-Chem
     A Quantum Leap Into The Future Of Chemistry


 Q-Chem 6.0, Q-Chem, Inc., Pleasanton, CA (2022)

 License issued to: University of California, San Diego (site)

 E. Epifanovsky,  A. T. B. Gilbert,  Xintian Feng,  Joonho Lee,  Yuezhi Mao,  
 N. Mardirossian,  P. Pokhilko,  A. White,  M. Wormit,  M. P. Coons,  
 A. L. Dempwolff,  Zhengting Gan,  D. Hait,  P. R. Horn,  L. D. Jacobson,  
 I. Kaliman,  J. Kussmann,  A. W. Lange,  Ka Un Lao,  D. S. Levine,  Jie Liu,  
 S. C. McKenzie,  A. F. Morrison,  K. Nanda,  F. Plasser,  D. R. Rehn,  
 M. L. Vidal,  Zhi-Qiang You,  Ying Zhu,  B. Alam,  B. Albrecht,  
 A. Aldossary,  E. Alguire,  J. H. Andersen,  V. Athavale,  D. Barton,  
 K. Begam,  A. Behn,  N. Bellonzi,  Y. A. Bernard,  E. J. Berquist,  
 H. Burton,  A. Carreras,  K. Carter-Fenk,  Romit Chakraborty,  
 Chandrima Chakravarty,  Junhan Chen,  A. D. Chien,  K. D. Closser,  
 V. Cofer-Shabica,  L. Cunha,  S. Dasgupta,  Jia Deng,  M. de Wergifosse,  
 M. Diedenhofen,  Hainam Do,  S. Ehlert,  Po-Tung Fang,  S. Fatehi,  
 Qingguo Feng,  T. Friedhoff,  B. Ganoe,  J. Gayvert,  Qinghui Ge,  
 G. Gidofalvi,  M. Goldey,  J. Gomes,  C. Gonzalez-Espinoza,  S. Gulania,  
 A. Gunina,  J. A. Gyamfi,  M. W. D. Hanson-Heine,  P. H. P. Harbach,  
 A. W. Hauser,  M. F. Herbst,  M. Hernandez Vera,  M. Hodecker,  
 Z. C. Holden,  S. Houck,  Xunkun Huang,  Kerwin Hui,  B. C. Huynh,  
 K. Ikeda,  M. Ivanov,  Hyunjun Ji,  Zuxin Jin,  Hanjie Jiang,  B. Kaduk,  
 S. Kaehler,  R. Kang,  K. Khistyaev,  Jaehoon Kim,  Yongbin Kim,  
 P. Klunzinger,  Z. Koczor-Benda,  Joong Hoon Koh,  D. Kosenkov,  
 Saikiran Kotaru,  L. Koulias,  T. Kowalczyk,  C. M. Krauter,  K. Kue,  
 A. Kunitsa,  T. Kus,  A. Landau,  K. V. Lawler,  D. Lefrancois,  S. Lehtola,  
 Rain Li,  Shaozhi Li,  Yi-Pei Li,  Jiashu Liang,  M. Liebenthal,  
 Hung-Hsuan Lin,  You-Sheng Lin,  Fenglai Liu,  Kuan-Yu Liu,  
 M. Loipersberger,  A. Luenser,  C. Malbon,  A. Manjanath,  P. Manohar,  
 E. Mansoor,  S. F. Manzer,  Shan-Ping Mao,  A. V. Marenich,  T. Markovich,  
 S. Mason,  F. Matz,  S. A. Maurer,  P. F. McLaughlin,  M. F. S. J. Menger,  
 J.-M. Mewes,  S. A. Mewes,  P. Morgante,  Mohammad Mostafanejad,  
 J. W. Mullinax,  K. J. Oosterbaan,  G. Paran,  V. Parravicini,  
 Alexander C. Paul,  Suranjan K. Paul,  F. Pavosevic,  Zheng Pei,  S. Prager,  
 E. I. Proynov,  E. Ramos,  B. Rana,  A. E. Rask,  A. Rettig,  R. M. Richard,  
 F. Rob,  E. Rossomme,  T. Scheele,  M. Scheurer,  M. Schneider,  
 P. E. Schneider,  N. Sergueev,  S. M. Sharada,  Hengyuan Shen,  
 W. Skomorowski,  D. W. Small,  C. J. Stein,  Yingli Su,  Yu-Chuan Su,  
 E. J. Sundstrom,  Zhen Tao,  J. Thirman,  Hung-Yi Tsai,  T. Tsuchimochi,  
 N. M. Tubman,  C. Utku,  S. P. Veccham,  O. Vydrov,  J. Wenzel,  
 Jonathan Wong,  J. Witte,  A. Yamada,  Chou-Hsun Yang,  Kun Yao,  
 S. Yeganeh,  S. R. Yost,  A. Zech,  F. Zeller,  Igor Ying Zhang,  
 Xing Zhang,  Yu Zhang,  D. Zuev,  A. Aspuru-Guzik,  A. T. Bell,  
 N. A. Besley,  K. B. Bravaya,  B. R. Brooks,  D. Casanova,  Jeng-Da Chai,  
 Hsing-Ta Chen,  S. Coriani,  C. J. Cramer,  A. E. DePrince, III,  
 R. A. DiStasio Jr.,  A. Dreuw,  B. D. Dunietz,  T. R. Furlani,  
 W. A. Goddard III,  S. Grimme,  S. Hammes-Schiffer,  T. Head-Gordon,  
 W. J. Hehre,  Chao-Ping Hsu,  T.-C. Jagau,  Yousung Jung,  A. Klamt,  
 Jing Kong,  D. S. Lambrecht,  Xiangyuan Li,  WanZhen Liang,  N. J. Mayhall,  
 C. W. McCurdy,  J. B. Neaton,  T. Neudecker,  C. Ochsenfeld,  
 J. A. Parkhill,  R. Peverati,  V. A. Rassolov,  Haisheng Ren,  Yihan Shao,  
 L. V. Slipchenko,  R. P. Steele,  J. E. Subotnik,  A. J. W. Thom,  
 A. Tkatchenko,  D. G. Truhlar,  T. Van Voorhis,  Fan Wang,  
 T. A. Wesolowski,  K. B. Whaley,  H. L. Woodcock III,  P. M. Zimmerman,  
 S. Faraji,  P. M. W. Gill,  M. Head-Gordon,  J. M. Herbert,  A. I. Krylov

 Contributors to earlier versions of Q-Chem not listed above: 
 R. D. Adamson,  B. Austin,  R. Baer,  J. Baker,  G. J. O. Beran,  
 K. Brandhorst,  S. T. Brown,  E. F. C. Byrd,  Arup K. Chakraborty,  
 G. K. L. Chan,  Chun-Min Chang,  Yunqing Chen,  C.-L. Cheng,  
 Siu Hung Chien,  D. M. Chipman,  D. L. Crittenden,  H. Dachsel,  
 R. J. Doerksen,  A. D. Dutoi,  R. G. Edgar,  J. Fosso-Tande,  
 L. Fusti-Molnar,  D. Ghosh,  A. Ghysels,  A. Golubeva-Zadorozhnaya,  
 J. Gonthier,  M. S. Gordon,  S. R. Gwaltney,  G. Hawkins,  J. E. Herr,  
 A. Heyden,  S. Hirata,  E. G. Hohenstein,  G. Kedziora,  F. J. Keil,  
 C. Kelley,  Jihan Kim,  R. A. King,  R. Z. Khaliullin,  P. P. Korambath,  
 W. Kurlancheek,  A. Laurent,  A. M. Lee,  M. S. Lee,  S. V. Levchenko,  
 Ching Yeh Lin,  D. Liotard,  E. Livshits,  R. C. Lochan,  I. Lotan,  
 L. A. Martinez-Martinez,  P. E. Maslen,  N. Nair,  D. P. O'Neill,  
 D. Neuhauser,  E. Neuscamman,  C. M. Oana,  R. Olivares-Amaya,  R. Olson,  
 T. M. Perrine,  B. Peters,  P. A. Pieniazek,  A. Prociuk,  Y. M. Rhee,  
 J. Ritchie,  M. A. Rohrdanz,  E. Rosta,  N. J. Russ,  H. F. Schaefer III,  
 M. W. Schmidt,  N. E. Schultz,  S. Sharma,  N. Shenvi,  C. D. Sherrill,  
 A. C. Simmonett,  A. Sodt,  T. Stein,  D. Stuck,  K. S. Thanthiriwatte,  
 V. Vanovschi,  L. Vogt,  Tao Wang,  A. Warshel,  M. A. Watson,  
 C. F. Williams,  Q. Wu,  X. Xu,  Jun Yang,  W. Zhang,  Yan Zhao

   Please cite Q-Chem as follows:
  "Software for the frontiers of quantum chemistry:
   An overview of developments in the Q-Chem 5 package"
   J. Chem. Phys. 155, 084801 (2021)
   https://doi.org/10.1063/5.0055522 (open access)

 Q-Chem 6.0.2 for Intel X86 EM64T Linux

 Parts of Q-Chem use Armadillo 9.900.5 (Nocturnal Misbehaviour).
 http://arma.sourceforge.net/

 Q-Chem begins on Mon Jan  6 16:10:14 2025  

 Host: 
0

     Scratch files written to /expanse/lustre/scratch/whughes/temp_project/job_36180250/CA6-P1_rdkit_conf_3_wb97xd-OLYP-readSCF-36180250//
 Dec722 |scratch|qcdevops|jenkins|workspace|build_RNUM    
 Processing $rem in /cm/shared/apps/spack/0.17.3/cpu/b/opt/spack/linux-rocky8-zen2/gcc-10.2.0/qchem-6.0-rytxnwjazd34ekd2gqyi5ufsaimxsd3r/config/preferences:
 Processing $rem in /home/whughes/.qchemrc:

 Checking the input file for inconsistencies... 	...done.

--------------------------------------------------------------
User input:
--------------------------------------------------------------
$molecule
0 3
O    -0.3593277358   -1.2432156331   2.060656395
C    -0.6800833863   -0.8294925363   0.9819939104
C    0.2571771457    -0.7377624849   -0.228725951
C    1.6699523609    -0.2320181513   0.2079809211
C    2.581390791     -0.3108626967   -0.934458266
N    3.271417937     -0.3656966786   -1.8492133967
C    1.6368304742    1.1411353748    0.7878034971
C    -0.4819242614   0.1233007273    -1.1831684804
C    -1.8044988314   0.5698529441    -0.6523548952
C    -2.0442413152   -0.2966122967   0.5899849505
H    0.3969110782    -1.7594623994   -0.6127006573
H    2.0200123867    -0.940400955    0.966296259
H    1.2671143315    1.2725851489    1.7943131158
H    1.8976124422    2.0039574343    0.1935836756
H    -0.0749234983   0.4430654891    -2.1315475696
H    -1.7735355794   1.6333244249    -0.3796741259
H    -2.6025312056   0.4741232604    -1.3927120304
H    -2.5084898734   0.2168972633    1.4299971724
H    -2.6688632605   -1.1627182351   0.3519454756
$end

$rem
METHOD      M05-2X
BASIS       def2-QZVPP
SYM_IGNORE   TRUE
DFT_D       D3
MAX_SCF_CYCLES 300
$end

--------------------------------------------------------------
 Adding empirical dispersion correction 
 ----------------------------------------------------------------
 Doing -D3(0) with
 s6  =   1.00000
 s8  =   0.00000
 rs6 =   1.41700
 rs8 =   1.00000
 -D3 energy without 3body term =     -0.0014273499 hartrees
 ----------------------------------------------------------------
             Standard Nuclear Orientation (Angstroms)
    I     Atom           X                Y                Z
 ----------------------------------------------------------------
    1      O      -0.3593277358    -1.2432156331     2.0606563950
    2      C      -0.6800833863    -0.8294925363     0.9819939104
    3      C       0.2571771457    -0.7377624849    -0.2287259510
    4      C       1.6699523609    -0.2320181513     0.2079809211
    5      C       2.5813907910    -0.3108626967    -0.9344582660
    6      N       3.2714179370    -0.3656966786    -1.8492133967
    7      C       1.6368304742     1.1411353748     0.7878034971
    8      C      -0.4819242614     0.1233007273    -1.1831684804
    9      C      -1.8044988314     0.5698529441    -0.6523548952
   10      C      -2.0442413152    -0.2966122967     0.5899849505
   11      H       0.3969110782    -1.7594623994    -0.6127006573
   12      H       2.0200123867    -0.9404009550     0.9662962590
   13      H       1.2671143315     1.2725851489     1.7943131158
   14      H       1.8976124422     2.0039574343     0.1935836756
   15      H      -0.0749234983     0.4430654891    -2.1315475696
   16      H      -1.7735355794     1.6333244249    -0.3796741259
   17      H      -2.6025312056     0.4741232604    -1.3927120304
   18      H      -2.5084898734     0.2168972633     1.4299971724
   19      H      -2.6688632605    -1.1627182351     0.3519454756
 ----------------------------------------------------------------
 Nuclear Repulsion Energy =         490.34643896 hartrees
 There are       37 alpha and       35 beta electrons
 Requested basis set is def2-QZVPP
 There are 260 shells and 840 basis functions

 Total QAlloc Memory Limit   8000 MB
 Mega-Array Size       188 MB
 MEM_STATIC part       192 MB

 A cutoff of  1.0D-09 yielded  25428 shell pairs
 There are    261000 function pairs (    390870 Cartesian)
 Smallest overlap matrix eigenvalue = 1.86E-05

 Q-Chem warning in module stvman/mkSTV.C, line 305:

 Overlap eigenvalue is smaller than square root of threshold
 Use THRESH >= 12 to get rid of this warning


 Scale SEOQF with 1.000000e-01/1.000000e-01/1.000000e-01

 Standard Electronic Orientation quadrupole field applied
 Nucleus-field energy     =     0.0000000009 hartrees
 Guess from superposition of atomic densities
 Warning:  Energy on first SCF cycle will be non-variational
 SAD guess density has 72.000000 electrons

 -----------------------------------------------------------------------
  General SCF calculation program by
  Eric Jon Sundstrom, Paul Horn, Yuezhi Mao, Dmitri Zuev, Alec White,
  David Stuck, Shaama M.S., Shane Yost, Joonho Lee, David Small,
  Daniel Levine, Susi Lehtola, Hugh Burton, Evgeny Epifanovsky,
  Bang C. Huynh
 -----------------------------------------------------------------------
 Exchange:     0.5600 Hartree-Fock + 1.0000 M05-2X
 Correlation:  1.0000 M05-2X
 Using SG-3 standard quadrature grid
 Dispersion:   Grimme D3
 using 32 threads for integral computing
 -------------------------------------------------------
 OpenMP Integral computing Module                
 Release: version 1.0, May 2013, Q-Chem Inc. Pittsburgh 
 -------------------------------------------------------
 A unrestricted SCF calculation will be
 performed using DIIS
 SCF converges when DIIS error is below 1.0e-05
 ---------------------------------------
  Cycle       Energy         DIIS error
 ---------------------------------------
    1    -442.9013713746      6.68e-03  
    2    -440.0904459482      7.43e-04  
    3    -440.0177373818      9.47e-04  
    4    -440.2432038076      1.76e-04  
    5    -440.2514836556      7.47e-05  
    6    -440.2532514576      2.22e-05  
    7    -440.2533799216      1.05e-05  
    8    -440.2534194926      3.05e-06  Convergence criterion met
 ---------------------------------------
 SCF time:   CPU 9862.20s  wall 336.00s 
<S^2> =          2.007998988
 SCF   energy in the final basis set =     -440.2534194926
 Total energy in the final basis set =     -440.2534194926
 
 --------------------------------------------------------------
 
                    Orbital Energies (a.u.)
 --------------------------------------------------------------
 
 Alpha MOs
 -- Occupied --
-19.6815 -14.7914 -10.6844 -10.6412 -10.6149 -10.6139 -10.6066 -10.6005
-10.5941 -10.5931  -1.2003  -1.0388  -0.9925  -0.9366  -0.8452  -0.8113
 -0.7623  -0.6946  -0.6411  -0.6131  -0.5965  -0.5883  -0.5569  -0.5253
 -0.5183  -0.5061  -0.4938  -0.4901  -0.4594  -0.4561  -0.4483  -0.4382
 -0.4117  -0.4098  -0.3421  -0.2996  -0.2727
 -- Virtual --
 -0.0051   0.0464   0.0642   0.0666   0.0745   0.0799   0.0899   0.0977
  0.1070   0.1119   0.1178   0.1289   0.1394   0.1453   0.1585   0.1640
  0.1742   0.1814   0.1872   0.2016   0.2100   0.2136   0.2244   0.2326
  0.2354   0.2431   0.2522   0.2576   0.2709   0.2795   0.2875   0.2964
  0.3044   0.3148   0.3180   0.3286   0.3298   0.3353   0.3381   0.3522
  0.3543   0.3579   0.3617   0.3705   0.3730   0.3779   0.3812   0.3881
  0.3999   0.4084   0.4183   0.4227   0.4323   0.4443   0.4490   0.4579
  0.4716   0.4777   0.4807   0.4974   0.5097   0.5137   0.5157   0.5242
  0.5552   0.5715   0.5881   0.5907   0.6017   0.6093   0.6140   0.6215
  0.6313   0.6418   0.6477   0.6588   0.6697   0.6793   0.6858   0.6993
  0.7024   0.7076   0.7304   0.7338   0.7456   0.7576   0.7677   0.7754
  0.7877   0.7924   0.7974   0.8119   0.8131   0.8179   0.8261   0.8354
  0.8470   0.8571   0.8612   0.8633   0.8702   0.8747   0.8828   0.8890
  0.8925   0.8989   0.9058   0.9204   0.9288   0.9310   0.9483   0.9490
  0.9542   0.9757   0.9782   0.9903   1.0039   1.0084   1.0123   1.0212
  1.0315   1.0466   1.0537   1.0645   1.0783   1.0852   1.0952   1.1002
  1.1079   1.1153   1.1235   1.1353   1.1397   1.1658   1.1778   1.1868
  1.2026   1.2189   1.2305   1.2426   1.2515   1.2540   1.2731   1.2737
  1.2881   1.3015   1.3179   1.3223   1.3338   1.3399   1.3570   1.3654
  1.3733   1.3954   1.4035   1.4081   1.4319   1.4359   1.4630   1.4678
  1.4813   1.4834   1.4910   1.5051   1.5207   1.5318   1.5360   1.5531
  1.5704   1.5829   1.5883   1.5920   1.5993   1.6275   1.6353   1.6601
  1.6738   1.6782   1.6955   1.7108   1.7273   1.7329   1.7612   1.7692
  1.7828   1.7919   1.8094   1.8343   1.8375   1.8605   1.8634   1.8732
  1.8816   1.8888   1.9082   1.9152   1.9189   1.9287   1.9405   1.9486
  1.9623   1.9712   1.9763   1.9952   2.0076   2.0115   2.0215   2.0335
  2.0391   2.0497   2.0661   2.0677   2.0797   2.0911   2.0975   2.1034
  2.1109   2.1191   2.1243   2.1366   2.1499   2.1597   2.1679   2.1730
  2.1836   2.1858   2.1977   2.2085   2.2111   2.2240   2.2354   2.2381
  2.2546   2.2608   2.2762   2.2856   2.2976   2.3001   2.3131   2.3157
  2.3316   2.3511   2.3548   2.3633   2.3697   2.3795   2.3974   2.4058
  2.4182   2.4290   2.4332   2.4482   2.4585   2.4670   2.4712   2.4861
  2.5152   2.5220   2.5345   2.5402   2.5519   2.5540   2.5621   2.5674
  2.5823   2.5934   2.5976   2.6137   2.6216   2.6310   2.6327   2.6403
  2.6538   2.6687   2.6764   2.6796   2.6984   2.7039   2.7112   2.7199
  2.7299   2.7410   2.7474   2.7675   2.7716   2.7870   2.7904   2.8011
  2.8145   2.8202   2.8479   2.8525   2.8589   2.8692   2.8793   2.8926
  2.9088   2.9099   2.9274   2.9336   2.9378   2.9463   2.9675   2.9810
  2.9890   2.9988   3.0110   3.0194   3.0296   3.0316   3.0418   3.0688
  3.0817   3.0951   3.1029   3.1080   3.1243   3.1435   3.1514   3.1729
  3.1973   3.2123   3.2234   3.2267   3.2406   3.2535   3.2685   3.2815
  3.2960   3.3140   3.3341   3.3421   3.3597   3.3712   3.3764   3.3773
  3.3948   3.4126   3.4196   3.4383   3.4489   3.4606   3.4886   3.4925
  3.5025   3.5135   3.5176   3.5417   3.5633   3.5743   3.5809   3.6019
  3.6121   3.6348   3.6404   3.6654   3.6791   3.6905   3.7142   3.7290
  3.7373   3.7467   3.7632   3.7730   3.7876   3.7963   3.8266   3.8305
  3.8433   3.8516   3.8798   3.8878   3.9169   3.9230   3.9472   3.9698
  3.9872   3.9976   4.0132   4.0334   4.0491   4.0588   4.0831   4.1057
  4.1206   4.1509   4.1596   4.1734   4.2039   4.2139   4.2598   4.2853
  4.3046   4.3202   4.3513   4.3658   4.4024   4.4206   4.5197   4.5558
  4.5998   4.6164   4.6419   4.6689   4.7089   4.7322   4.7386   4.7934
  4.8118   4.8188   4.8399   4.8437   4.8494   4.8963   4.9093   4.9250
  4.9373   4.9774   4.9859   5.0187   5.0214   5.0681   5.0856   5.0947
  5.1160   5.1209   5.1272   5.1539   5.1740   5.1826   5.1876   5.2002
  5.2098   5.2500   5.2723   5.2813   5.3081   5.3165   5.3364   5.3629
  5.3695   5.3993   5.4091   5.4291   5.4504   5.4570   5.4880   5.4980
  5.5339   5.5375   5.5622   5.5800   5.6032   5.6088   5.6256   5.6335
  5.6724   5.6830   5.7056   5.7120   5.7217   5.7386   5.7494   5.7698
  5.7807   5.7938   5.8015   5.8130   5.8194   5.8318   5.8361   5.8597
  5.8709   5.8751   5.8882   5.8938   5.9217   5.9310   5.9393   5.9456
  5.9501   5.9556   5.9756   5.9895   6.0033   6.0157   6.0207   6.0333
  6.0443   6.0494   6.0545   6.0652   6.0702   6.0828   6.0876   6.0996
  6.1116   6.1333   6.1376   6.1524   6.1584   6.1655   6.1762   6.1927
  6.1933   6.2138   6.2305   6.2345   6.2427   6.2476   6.2566   6.2616
  6.2803   6.2994   6.3064   6.3150   6.3333   6.3396   6.3468   6.3639
  6.3767   6.3913   6.3990   6.4104   6.4219   6.4364   6.4450   6.4572
  6.4661   6.4723   6.4925   6.4989   6.5125   6.5268   6.5420   6.5542
  6.5611   6.5808   6.6030   6.6090   6.6395   6.6468   6.6561   6.6712
  6.6859   6.6884   6.6961   6.7279   6.7431   6.7567   6.7691   6.7880
  6.7961   6.8007   6.8043   6.8176   6.8221   6.8353   6.8444   6.8618
  6.8683   6.8762   6.8985   6.9205   6.9381   6.9619   6.9783   7.0103
  7.0201   7.0320   7.0760   7.0821   7.1026   7.1327   7.1549   7.1652
  7.1769   7.1946   7.2108   7.2247   7.2383   7.2495   7.2642   7.2706
  7.2910   7.3228   7.3333   7.3599   7.3765   7.3910   7.3951   7.4154
  7.4258   7.4316   7.4502   7.4618   7.4865   7.4916   7.4928   7.5175
  7.5309   7.5498   7.5601   7.5856   7.5885   7.5947   7.6127   7.6227
  7.6282   7.6467   7.6585   7.6735   7.6777   7.6885   7.6983   7.7114
  7.7220   7.7331   7.7584   7.7725   7.7790   7.7839   7.8073   7.8151
  7.8380   7.8611   7.8750   7.8829   7.8990   7.9151   7.9179   7.9341
  7.9731   7.9786   7.9908   8.0047   8.0190   8.0296   8.0447   8.0576
  8.0826   8.1073   8.1114   8.1211   8.1504   8.1679   8.1720   8.1879
  8.2034   8.2148   8.2259   8.2357   8.2421   8.2568   8.2691   8.2729
  8.2802   8.3028   8.3131   8.3193   8.3260   8.3375   8.3548   8.3612
  8.3808   8.3935   8.3985   8.4011   8.4151   8.4175   8.4386   8.4432
  8.4554   8.4781   8.4864   8.5152   8.5391   8.5563   8.5799   8.5960
  8.6149   8.6476   8.6726   8.6996   8.7230   8.7435   8.7642   8.7769
  8.7888   8.7971   8.8071   8.8249   8.8393   8.8601   8.8672   8.8832
  8.8946   8.9023   8.9452   8.9617   8.9926   9.0079   9.0215   9.0504
  9.0764   9.0814   9.1063   9.1300   9.1423   9.2157   9.2394   9.2813
  9.3180   9.3643   9.4035   9.4133   9.4284   9.4511   9.5503   9.5876
  9.6317   9.6655   9.6675   9.6782   9.6917   9.7042   9.7216   9.7435
  9.7480   9.7671   9.7833   9.7926   9.8035   9.8332   9.8419   9.8650
  9.8797   9.9041   9.9105   9.9312   9.9479   9.9756  10.0016  10.0203
 10.0441  10.0685  10.1060  10.1356  10.1919  10.2741  10.2980  10.3550
 10.3901  10.4292  10.4816  10.5356  10.7464  10.9144  10.9498  11.1738
 11.3084  11.3899  11.5474  11.5651  11.7330  11.8049  11.9288  11.9745
 12.0607  12.0905  12.2032  12.3192  12.7416  12.7762  12.9253  12.9538
 13.0429  13.0905  13.1769  13.2290  13.3389  14.1053  14.4482  28.5893
 28.7660  28.8161  28.9620  29.0852  29.1693  29.1823  29.3326  38.1423
 48.2885 146.7384 146.9775 147.0304 147.2051 147.3278 147.3884 147.3912
147.5567 196.5074 252.3533
 
 Beta MOs
 -- Occupied --
-19.6816 -14.7914 -10.6844 -10.6409 -10.6144 -10.6138 -10.5949 -10.5948
-10.5930 -10.5892  -1.2003  -1.0376  -0.9806  -0.9262  -0.8298  -0.7993
 -0.7373  -0.6797  -0.6353  -0.6033  -0.5851  -0.5814  -0.5481  -0.5209
 -0.5105  -0.4945  -0.4860  -0.4811  -0.4549  -0.4484  -0.4457  -0.4340
 -0.4080  -0.4050  -0.3410
 -- Virtual --
 -0.0580  -0.0405  -0.0010   0.0444   0.0627   0.0688   0.0742   0.0805
  0.0898   0.0990   0.1083   0.1164   0.1206   0.1295   0.1368   0.1488
  0.1593   0.1613   0.1744   0.1798   0.1866   0.2009   0.2086   0.2109
  0.2290   0.2337   0.2347   0.2428   0.2536   0.2567   0.2739   0.2811
  0.2903   0.2982   0.3042   0.3159   0.3217   0.3260   0.3340   0.3392
  0.3420   0.3551   0.3571   0.3585   0.3683   0.3716   0.3734   0.3787
  0.3873   0.3892   0.4038   0.4134   0.4193   0.4255   0.4358   0.4458
  0.4496   0.4601   0.4718   0.4801   0.4816   0.4990   0.5081   0.5161
  0.5166   0.5248   0.5553   0.5718   0.5903   0.5924   0.6011   0.6111
  0.6168   0.6222   0.6334   0.6500   0.6556   0.6624   0.6737   0.6840
  0.6925   0.7030   0.7070   0.7188   0.7253   0.7353   0.7470   0.7599
  0.7691   0.7795   0.7900   0.7931   0.8018   0.8099   0.8151   0.8206
  0.8309   0.8353   0.8475   0.8597   0.8641   0.8648   0.8713   0.8749
  0.8831   0.8879   0.8916   0.9024   0.9053   0.9193   0.9284   0.9314
  0.9470   0.9493   0.9573   0.9773   0.9793   0.9898   1.0049   1.0110
  1.0125   1.0229   1.0313   1.0478   1.0566   1.0662   1.0780   1.0882
  1.0957   1.1012   1.1109   1.1178   1.1254   1.1373   1.1407   1.1691
  1.1812   1.1881   1.2060   1.2206   1.2314   1.2445   1.2544   1.2567
  1.2747   1.2782   1.2890   1.3017   1.3192   1.3247   1.3351   1.3408
  1.3561   1.3681   1.3735   1.3986   1.4049   1.4105   1.4322   1.4374
  1.4631   1.4688   1.4834   1.4865   1.4923   1.5057   1.5229   1.5323
  1.5378   1.5555   1.5728   1.5845   1.5921   1.5942   1.6019   1.6315
  1.6392   1.6624   1.6773   1.6811   1.6999   1.7151   1.7301   1.7357
  1.7667   1.7722   1.7876   1.7978   1.8140   1.8395   1.8420   1.8628
  1.8695   1.8789   1.8873   1.8963   1.9143   1.9212   1.9290   1.9374
  1.9470   1.9535   1.9692   1.9780   1.9826   1.9987   2.0168   2.0188
  2.0276   2.0410   2.0445   2.0559   2.0732   2.0752   2.0844   2.0974
  2.1033   2.1105   2.1145   2.1237   2.1297   2.1422   2.1543   2.1648
  2.1762   2.1797   2.1880   2.1917   2.2035   2.2131   2.2156   2.2293
  2.2393   2.2464   2.2649   2.2701   2.2843   2.2915   2.3048   2.3129
  2.3201   2.3246   2.3405   2.3583   2.3625   2.3699   2.3761   2.3871
  2.4085   2.4136   2.4275   2.4349   2.4414   2.4545   2.4639   2.4754
  2.4784   2.4897   2.5204   2.5297   2.5449   2.5469   2.5593   2.5618
  2.5702   2.5806   2.5917   2.5987   2.6062   2.6218   2.6322   2.6384
  2.6429   2.6481   2.6629   2.6757   2.6841   2.6845   2.7045   2.7115
  2.7202   2.7305   2.7395   2.7485   2.7560   2.7739   2.7800   2.7933
  2.7967   2.8057   2.8224   2.8247   2.8561   2.8588   2.8670   2.8743
  2.8836   2.9022   2.9172   2.9222   2.9351   2.9386   2.9443   2.9543
  2.9764   2.9884   2.9965   3.0089   3.0174   3.0298   3.0365   3.0385
  3.0500   3.0740   3.0884   3.1003   3.1088   3.1148   3.1311   3.1481
  3.1610   3.1771   3.2048   3.2178   3.2297   3.2355   3.2473   3.2608
  3.2771   3.2896   3.3046   3.3187   3.3411   3.3466   3.3674   3.3778
  3.3861   3.3891   3.4056   3.4218   3.4312   3.4515   3.4572   3.4682
  3.4999   3.5052   3.5097   3.5276   3.5306   3.5495   3.5712   3.5840
  3.5918   3.6116   3.6173   3.6433   3.6483   3.6781   3.6843   3.6956
  3.7196   3.7363   3.7417   3.7540   3.7741   3.7784   3.7989   3.8034
  3.8339   3.8373   3.8517   3.8577   3.8894   3.9031   3.9257   3.9299
  3.9542   3.9793   3.9939   4.0012   4.0191   4.0377   4.0521   4.0660
  4.0937   4.1152   4.1316   4.1549   4.1691   4.1836   4.2090   4.2178
  4.2649   4.2942   4.3171   4.3260   4.3601   4.3691   4.4055   4.4370
  4.5230   4.5626   4.6044   4.6241   4.6447   4.6813   4.7168   4.7425
  4.7467   4.8058   4.8147   4.8206   4.8430   4.8460   4.8577   4.9002
  4.9175   4.9416   4.9449   4.9879   4.9966   5.0285   5.0550   5.0931
  5.0984   5.1033   5.1265   5.1355   5.1481   5.1595   5.1880   5.1984
  5.2128   5.2231   5.2403   5.2660   5.2846   5.3155   5.3178   5.3414
  5.3599   5.3795   5.4020   5.4111   5.4348   5.4549   5.4639   5.4779
  5.5118   5.5214   5.5507   5.5605   5.5819   5.5874   5.6219   5.6374
  5.6555   5.6599   5.6853   5.6957   5.7221   5.7235   5.7408   5.7580
  5.7679   5.7783   5.7929   5.8065   5.8104   5.8260   5.8398   5.8453
  5.8577   5.8778   5.8781   5.8909   5.9047   5.9096   5.9330   5.9459
  5.9557   5.9594   5.9634   5.9739   5.9884   6.0009   6.0134   6.0304
  6.0426   6.0500   6.0654   6.0672   6.0708   6.0745   6.0796   6.0916
  6.1040   6.1108   6.1281   6.1440   6.1611   6.1628   6.1740   6.1789
  6.1890   6.1982   6.2099   6.2277   6.2400   6.2453   6.2524   6.2556
  6.2697   6.2809   6.2907   6.3032   6.3159   6.3305   6.3445   6.3522
  6.3637   6.3770   6.3949   6.4058   6.4105   6.4287   6.4355   6.4518
  6.4619   6.4690   6.4827   6.5007   6.5086   6.5241   6.5357   6.5407
  6.5603   6.5645   6.5713   6.6001   6.6202   6.6238   6.6602   6.6684
  6.6743   6.6869   6.7000   6.7116   6.7208   6.7308   6.7540   6.7612
  6.7798   6.7967   6.8007   6.8014   6.8071   6.8235   6.8294   6.8558
  6.8610   6.8692   6.8782   6.8833   6.9200   6.9380   6.9522   6.9754
  6.9877   7.0203   7.0295   7.0436   7.0852   7.0952   7.1247   7.1381
  7.1626   7.1712   7.1871   7.2032   7.2183   7.2378   7.2427   7.2591
  7.2665   7.2844   7.3021   7.3322   7.3423   7.3656   7.3926   7.3954
  7.3976   7.4183   7.4336   7.4402   7.4610   7.4735   7.4959   7.5028
  7.5044   7.5278   7.5459   7.5625   7.5790   7.5946   7.5956   7.6114
  7.6279   7.6345   7.6434   7.6631   7.6663   7.6917   7.6953   7.6997
  7.7117   7.7294   7.7361   7.7503   7.7680   7.7833   7.7892   7.8013
  7.8223   7.8292   7.8542   7.8750   7.8845   7.8934   7.9175   7.9230
  7.9314   7.9530   7.9845   7.9971   8.0074   8.0243   8.0333   8.0483
  8.0606   8.0734   8.0905   8.1205   8.1308   8.1362   8.1590   8.1808
  8.1832   8.2001   8.2184   8.2286   8.2433   8.2486   8.2554   8.2719
  8.2803   8.2896   8.2996   8.3090   8.3231   8.3302   8.3402   8.3523
  8.3647   8.3690   8.3843   8.3977   8.4012   8.4118   8.4178   8.4241
  8.4444   8.4464   8.4589   8.4857   8.4930   8.5026   8.5416   8.5632
  8.5812   8.6007   8.6058   8.6335   8.6697   8.6874   8.7204   8.7377
  8.7675   8.7768   8.7889   8.8061   8.8083   8.8285   8.8520   8.8621
  8.8736   8.8904   8.9001   8.9111   8.9571   8.9716   8.9960   9.0050
  9.0146   9.0534   9.0797   9.0874   9.0999   9.1211   9.1394   9.1755
  9.2432   9.2820   9.3388   9.3620   9.4042   9.4143   9.4359   9.4642
  9.5789   9.5897   9.6383   9.6639   9.6697   9.6888   9.7053   9.7169
  9.7288   9.7447   9.7522   9.7725   9.7857   9.7934   9.8083   9.8390
  9.8473   9.8653   9.8849   9.9053   9.9110   9.9324   9.9491   9.9775
 10.0006  10.0234  10.0439  10.0720  10.1002  10.1344  10.1768  10.2680
 10.2815  10.3508  10.3753  10.3892  10.4677  10.5067  10.7464  10.9135
 10.9490  11.1737  11.3082  11.3896  11.5482  11.5647  11.7325  11.8074
 11.9722  12.0422  12.0706  12.0997  12.2021  12.3100  12.7536  12.9017
 12.9468  13.0377  13.0878  13.1411  13.1683  13.2296  13.3375  14.1044
 14.4481  28.5943  28.8326  28.8866  28.9640  29.0853  29.1673  29.1760
 29.3325  38.1426  48.2878 146.7391 146.9901 147.0429 147.2062 147.3283
147.3880 147.3900 147.5569 196.5074 252.3532
 --------------------------------------------------------------
 
          Ground-State Mulliken Net Atomic Charges

     Atom                 Charge (a.u.)    Spin (a.u.)
  --------------------------------------------------------
      1 O                    -0.348556       0.001029
      2 C                     0.237339      -0.005292
      3 C                    -0.113710       0.020625
      4 C                     0.038270      -0.016214
      5 C                     0.024006       0.010998
      6 N                    -0.281837       0.000695
      7 C                    -0.248406       1.021280
      8 C                    -0.160261       0.919097
      9 C                    -0.169309      -0.030659
     10 C                    -0.145544       0.008756
     11 H                     0.119735       0.055372
     12 H                     0.147230       0.050204
     13 H                     0.147108      -0.033442
     14 H                     0.149076      -0.036864
     15 H                     0.137229      -0.060633
     16 H                     0.114990       0.048915
     17 H                     0.098224       0.040002
     18 H                     0.118505       0.003571
     19 H                     0.135910       0.002562
  --------------------------------------------------------
  Sum of atomic charges =     0.000000
  Sum of spin   charges =     2.000000

 -----------------------------------------------------------------
                    Cartesian Multipole Moments
 -----------------------------------------------------------------
    Charge (ESU x 10^10)
                 0.0000
    Dipole Moment (Debye)
         X      -3.9482      Y       1.3514      Z       0.4350
       Tot       4.1957
    Quadrupole Moments (Debye-Ang)
        XX     -67.9060     XY       1.2524     YY     -58.1898
        XZ      10.5000     YZ       2.8159     ZZ     -70.1716
    Octopole Moments (Debye-Ang^2)
       XXX    -124.8057    XXY      13.0006    XYY     -19.9200
       YYY      31.8972    XXZ      37.7576    XYZ      -5.9448
       YYZ      -2.9397    XZZ     -40.6416    YZZ      25.1067
       ZZZ       2.2922
    Hexadecapole Moments (Debye-Ang^3)
      XXXX   -1401.2836   XXXY      22.4626   XXYY    -243.3270
      XYYY       6.8407   YYYY    -266.6588   XXXZ     245.9984
      XXYZ      -7.0871   XYYZ      44.5544   YYYZ      39.1848
      XXZZ    -363.7100   XYZZ       2.1609   YYZZ    -148.8356
      XZZZ     180.0737   YZZZ      49.5716   ZZZZ    -589.7298
 -----------------------------------------------------------------
 Total job time:  338.76s(wall), 9897.98s(cpu) 
 Mon Jan  6 16:15:53 2025

        *************************************************************
        *                                                           *
        *  Thank you very much for using Q-Chem.  Have a nice day.  *
        *                                                           *
        *************************************************************



Running Job 2 of 2 CA6-P1_rdkit_conf_3_wb97xd-OLYP-readSCF.in
qchem CA6-P1_rdkit_conf_3_wb97xd-OLYP-readSCF.in_649177.1 /expanse/lustre/scratch/whughes/temp_project/job_36180250/CA6-P1_rdkit_conf_3_wb97xd-OLYP-readSCF-36180250/ 0
/cm/shared/apps/spack/0.17.3/cpu/b/opt/spack/linux-rocky8-zen2/gcc-10.2.0/qchem-6.0-rytxnwjazd34ekd2gqyi5ufsaimxsd3r/exe/qcprog.exe_s CA6-P1_rdkit_conf_3_wb97xd-OLYP-readSCF.in_649177.1 /expanse/lustre/scratch/whughes/temp_project/job_36180250/CA6-P1_rdkit_conf_3_wb97xd-OLYP-readSCF-36180250/
                  Welcome to Q-Chem
     A Quantum Leap Into The Future Of Chemistry


 Q-Chem 6.0, Q-Chem, Inc., Pleasanton, CA (2022)

 License issued to: University of California, San Diego (site)

 E. Epifanovsky,  A. T. B. Gilbert,  Xintian Feng,  Joonho Lee,  Yuezhi Mao,  
 N. Mardirossian,  P. Pokhilko,  A. White,  M. Wormit,  M. P. Coons,  
 A. L. Dempwolff,  Zhengting Gan,  D. Hait,  P. R. Horn,  L. D. Jacobson,  
 I. Kaliman,  J. Kussmann,  A. W. Lange,  Ka Un Lao,  D. S. Levine,  Jie Liu,  
 S. C. McKenzie,  A. F. Morrison,  K. Nanda,  F. Plasser,  D. R. Rehn,  
 M. L. Vidal,  Zhi-Qiang You,  Ying Zhu,  B. Alam,  B. Albrecht,  
 A. Aldossary,  E. Alguire,  J. H. Andersen,  V. Athavale,  D. Barton,  
 K. Begam,  A. Behn,  N. Bellonzi,  Y. A. Bernard,  E. J. Berquist,  
 H. Burton,  A. Carreras,  K. Carter-Fenk,  Romit Chakraborty,  
 Chandrima Chakravarty,  Junhan Chen,  A. D. Chien,  K. D. Closser,  
 V. Cofer-Shabica,  L. Cunha,  S. Dasgupta,  Jia Deng,  M. de Wergifosse,  
 M. Diedenhofen,  Hainam Do,  S. Ehlert,  Po-Tung Fang,  S. Fatehi,  
 Qingguo Feng,  T. Friedhoff,  B. Ganoe,  J. Gayvert,  Qinghui Ge,  
 G. Gidofalvi,  M. Goldey,  J. Gomes,  C. Gonzalez-Espinoza,  S. Gulania,  
 A. Gunina,  J. A. Gyamfi,  M. W. D. Hanson-Heine,  P. H. P. Harbach,  
 A. W. Hauser,  M. F. Herbst,  M. Hernandez Vera,  M. Hodecker,  
 Z. C. Holden,  S. Houck,  Xunkun Huang,  Kerwin Hui,  B. C. Huynh,  
 K. Ikeda,  M. Ivanov,  Hyunjun Ji,  Zuxin Jin,  Hanjie Jiang,  B. Kaduk,  
 S. Kaehler,  R. Kang,  K. Khistyaev,  Jaehoon Kim,  Yongbin Kim,  
 P. Klunzinger,  Z. Koczor-Benda,  Joong Hoon Koh,  D. Kosenkov,  
 Saikiran Kotaru,  L. Koulias,  T. Kowalczyk,  C. M. Krauter,  K. Kue,  
 A. Kunitsa,  T. Kus,  A. Landau,  K. V. Lawler,  D. Lefrancois,  S. Lehtola,  
 Rain Li,  Shaozhi Li,  Yi-Pei Li,  Jiashu Liang,  M. Liebenthal,  
 Hung-Hsuan Lin,  You-Sheng Lin,  Fenglai Liu,  Kuan-Yu Liu,  
 M. Loipersberger,  A. Luenser,  C. Malbon,  A. Manjanath,  P. Manohar,  
 E. Mansoor,  S. F. Manzer,  Shan-Ping Mao,  A. V. Marenich,  T. Markovich,  
 S. Mason,  F. Matz,  S. A. Maurer,  P. F. McLaughlin,  M. F. S. J. Menger,  
 J.-M. Mewes,  S. A. Mewes,  P. Morgante,  Mohammad Mostafanejad,  
 J. W. Mullinax,  K. J. Oosterbaan,  G. Paran,  V. Parravicini,  
 Alexander C. Paul,  Suranjan K. Paul,  F. Pavosevic,  Zheng Pei,  S. Prager,  
 E. I. Proynov,  E. Ramos,  B. Rana,  A. E. Rask,  A. Rettig,  R. M. Richard,  
 F. Rob,  E. Rossomme,  T. Scheele,  M. Scheurer,  M. Schneider,  
 P. E. Schneider,  N. Sergueev,  S. M. Sharada,  Hengyuan Shen,  
 W. Skomorowski,  D. W. Small,  C. J. Stein,  Yingli Su,  Yu-Chuan Su,  
 E. J. Sundstrom,  Zhen Tao,  J. Thirman,  Hung-Yi Tsai,  T. Tsuchimochi,  
 N. M. Tubman,  C. Utku,  S. P. Veccham,  O. Vydrov,  J. Wenzel,  
 Jonathan Wong,  J. Witte,  A. Yamada,  Chou-Hsun Yang,  Kun Yao,  
 S. Yeganeh,  S. R. Yost,  A. Zech,  F. Zeller,  Igor Ying Zhang,  
 Xing Zhang,  Yu Zhang,  D. Zuev,  A. Aspuru-Guzik,  A. T. Bell,  
 N. A. Besley,  K. B. Bravaya,  B. R. Brooks,  D. Casanova,  Jeng-Da Chai,  
 Hsing-Ta Chen,  S. Coriani,  C. J. Cramer,  A. E. DePrince, III,  
 R. A. DiStasio Jr.,  A. Dreuw,  B. D. Dunietz,  T. R. Furlani,  
 W. A. Goddard III,  S. Grimme,  S. Hammes-Schiffer,  T. Head-Gordon,  
 W. J. Hehre,  Chao-Ping Hsu,  T.-C. Jagau,  Yousung Jung,  A. Klamt,  
 Jing Kong,  D. S. Lambrecht,  Xiangyuan Li,  WanZhen Liang,  N. J. Mayhall,  
 C. W. McCurdy,  J. B. Neaton,  T. Neudecker,  C. Ochsenfeld,  
 J. A. Parkhill,  R. Peverati,  V. A. Rassolov,  Haisheng Ren,  Yihan Shao,  
 L. V. Slipchenko,  R. P. Steele,  J. E. Subotnik,  A. J. W. Thom,  
 A. Tkatchenko,  D. G. Truhlar,  T. Van Voorhis,  Fan Wang,  
 T. A. Wesolowski,  K. B. Whaley,  H. L. Woodcock III,  P. M. Zimmerman,  
 S. Faraji,  P. M. W. Gill,  M. Head-Gordon,  J. M. Herbert,  A. I. Krylov

 Contributors to earlier versions of Q-Chem not listed above: 
 R. D. Adamson,  B. Austin,  R. Baer,  J. Baker,  G. J. O. Beran,  
 K. Brandhorst,  S. T. Brown,  E. F. C. Byrd,  Arup K. Chakraborty,  
 G. K. L. Chan,  Chun-Min Chang,  Yunqing Chen,  C.-L. Cheng,  
 Siu Hung Chien,  D. M. Chipman,  D. L. Crittenden,  H. Dachsel,  
 R. J. Doerksen,  A. D. Dutoi,  R. G. Edgar,  J. Fosso-Tande,  
 L. Fusti-Molnar,  D. Ghosh,  A. Ghysels,  A. Golubeva-Zadorozhnaya,  
 J. Gonthier,  M. S. Gordon,  S. R. Gwaltney,  G. Hawkins,  J. E. Herr,  
 A. Heyden,  S. Hirata,  E. G. Hohenstein,  G. Kedziora,  F. J. Keil,  
 C. Kelley,  Jihan Kim,  R. A. King,  R. Z. Khaliullin,  P. P. Korambath,  
 W. Kurlancheek,  A. Laurent,  A. M. Lee,  M. S. Lee,  S. V. Levchenko,  
 Ching Yeh Lin,  D. Liotard,  E. Livshits,  R. C. Lochan,  I. Lotan,  
 L. A. Martinez-Martinez,  P. E. Maslen,  N. Nair,  D. P. O'Neill,  
 D. Neuhauser,  E. Neuscamman,  C. M. Oana,  R. Olivares-Amaya,  R. Olson,  
 T. M. Perrine,  B. Peters,  P. A. Pieniazek,  A. Prociuk,  Y. M. Rhee,  
 J. Ritchie,  M. A. Rohrdanz,  E. Rosta,  N. J. Russ,  H. F. Schaefer III,  
 M. W. Schmidt,  N. E. Schultz,  S. Sharma,  N. Shenvi,  C. D. Sherrill,  
 A. C. Simmonett,  A. Sodt,  T. Stein,  D. Stuck,  K. S. Thanthiriwatte,  
 V. Vanovschi,  L. Vogt,  Tao Wang,  A. Warshel,  M. A. Watson,  
 C. F. Williams,  Q. Wu,  X. Xu,  Jun Yang,  W. Zhang,  Yan Zhao

   Please cite Q-Chem as follows:
  "Software for the frontiers of quantum chemistry:
   An overview of developments in the Q-Chem 5 package"
   J. Chem. Phys. 155, 084801 (2021)
   https://doi.org/10.1063/5.0055522 (open access)

 Q-Chem 6.0.2 for Intel X86 EM64T Linux

 Parts of Q-Chem use Armadillo 9.900.5 (Nocturnal Misbehaviour).
 http://arma.sourceforge.net/

 Q-Chem begins on Mon Jan  6 16:15:53 2025  

 Host: 
0

     Scratch files written to /expanse/lustre/scratch/whughes/temp_project/job_36180250/CA6-P1_rdkit_conf_3_wb97xd-OLYP-readSCF-36180250//
 Dec722 |scratch|qcdevops|jenkins|workspace|build_RNUM    
 Processing $rem in /cm/shared/apps/spack/0.17.3/cpu/b/opt/spack/linux-rocky8-zen2/gcc-10.2.0/qchem-6.0-rytxnwjazd34ekd2gqyi5ufsaimxsd3r/config/preferences:
 Processing $rem in /home/whughes/.qchemrc:

 Checking the input file for inconsistencies... 	...done.

--------------------------------------------------------------
User input:
--------------------------------------------------------------

$molecule
0 3
O    -0.3593277358   -1.2432156331   2.060656395
C    -0.6800833863   -0.8294925363   0.9819939104
C    0.2571771457    -0.7377624849   -0.228725951
C    1.6699523609    -0.2320181513   0.2079809211
C    2.581390791     -0.3108626967   -0.934458266
N    3.271417937     -0.3656966786   -1.8492133967
C    1.6368304742    1.1411353748    0.7878034971
C    -0.4819242614   0.1233007273    -1.1831684804
C    -1.8044988314   0.5698529441    -0.6523548952
C    -2.0442413152   -0.2966122967   0.5899849505
H    0.3969110782    -1.7594623994   -0.6127006573
H    2.0200123867    -0.940400955    0.966296259
H    1.2671143315    1.2725851489    1.7943131158
H    1.8976124422    2.0039574343    0.1935836756
H    -0.0749234983   0.4430654891    -2.1315475696
H    -1.7735355794   1.6333244249    -0.3796741259
H    -2.6025312056   0.4741232604    -1.3927120304
H    -2.5084898734   0.2168972633    1.4299971724
H    -2.6688632605   -1.1627182351   0.3519454756
$end

$rem
METHOD      OLYP
BASIS       def2-QZVPP
SYM_IGNORE   TRUE
DFT_D       D3
SCF_GUESS   read
MAX_SCF_CYCLES 300
$end
--------------------------------------------------------------
 Adding empirical dispersion correction 
 ----------------------------------------------------------------
 Doing -D3(BJ) with
 s6  =   1.00000
 s8  =   2.62050
 a1  =   0.52990
 a2  =   2.80650
 -D3 energy without 3body term =     -0.1044743323 hartrees
 ----------------------------------------------------------------
             Standard Nuclear Orientation (Angstroms)
    I     Atom           X                Y                Z
 ----------------------------------------------------------------
    1      O      -0.3593277358    -1.2432156331     2.0606563950
    2      C      -0.6800833863    -0.8294925363     0.9819939104
    3      C       0.2571771457    -0.7377624849    -0.2287259510
    4      C       1.6699523609    -0.2320181513     0.2079809211
    5      C       2.5813907910    -0.3108626967    -0.9344582660
    6      N       3.2714179370    -0.3656966786    -1.8492133967
    7      C       1.6368304742     1.1411353748     0.7878034971
    8      C      -0.4819242614     0.1233007273    -1.1831684804
    9      C      -1.8044988314     0.5698529441    -0.6523548952
   10      C      -2.0442413152    -0.2966122967     0.5899849505
   11      H       0.3969110782    -1.7594623994    -0.6127006573
   12      H       2.0200123867    -0.9404009550     0.9662962590
   13      H       1.2671143315     1.2725851489     1.7943131158
   14      H       1.8976124422     2.0039574343     0.1935836756
   15      H      -0.0749234983     0.4430654891    -2.1315475696
   16      H      -1.7735355794     1.6333244249    -0.3796741259
   17      H      -2.6025312056     0.4741232604    -1.3927120304
   18      H      -2.5084898734     0.2168972633     1.4299971724
   19      H      -2.6688632605    -1.1627182351     0.3519454756
 ----------------------------------------------------------------
 Nuclear Repulsion Energy =         490.24339198 hartrees
 There are       37 alpha and       35 beta electrons
 Requested basis set is def2-QZVPP
 There are 260 shells and 840 basis functions

 Total QAlloc Memory Limit   8000 MB
 Mega-Array Size       188 MB
 MEM_STATIC part       192 MB

 A cutoff of  1.0D-09 yielded  25428 shell pairs
 There are    261000 function pairs (    390870 Cartesian)
 Smallest overlap matrix eigenvalue = 1.86E-05

 Q-Chem warning in module stvman/mkSTV.C, line 305:

 Overlap eigenvalue is smaller than square root of threshold
 Use THRESH >= 12 to get rid of this warning


 Scale SEOQF with 1.000000e-01/1.000000e-01/1.000000e-01

 Standard Electronic Orientation quadrupole field applied
 Nucleus-field energy     =     0.0000000009 hartrees
 Guess MOs from SCF MO coefficient file

 -----------------------------------------------------------------------
  General SCF calculation program by
  Eric Jon Sundstrom, Paul Horn, Yuezhi Mao, Dmitri Zuev, Alec White,
  David Stuck, Shaama M.S., Shane Yost, Joonho Lee, David Small,
  Daniel Levine, Susi Lehtola, Hugh Burton, Evgeny Epifanovsky,
  Bang C. Huynh
 -----------------------------------------------------------------------
 Exchange:  OPTX      Correlation:  LYP
 Using SG-1 standard quadrature grid
 Dispersion:   Grimme D3
 using 32 threads for integral computing
 -------------------------------------------------------
 OpenMP Integral computing Module                
 Release: version 1.0, May 2013, Q-Chem Inc. Pittsburgh 
 -------------------------------------------------------
 A unrestricted SCF calculation will be
 performed using DIIS
 SCF converges when DIIS error is below 1.0e-05
 ---------------------------------------
  Cycle       Energy         DIIS error
 ---------------------------------------
    1    -440.2002869753      8.73e-04  
    2    -440.2307784389      5.84e-05  
    3    -440.2287633227      9.80e-05  
    4    -440.2314375453      3.78e-05  
    5    -440.2317861924      7.36e-06  Convergence criterion met
 ---------------------------------------
 SCF time:   CPU 1018.91s  wall 33.00s 
<S^2> =          2.008442817
 SCF   energy in the final basis set =     -440.2317861924
 Total energy in the final basis set =     -440.2317861924
 
 --------------------------------------------------------------
 
                    Orbital Energies (a.u.)
 --------------------------------------------------------------
 
 Alpha MOs
 -- Occupied --
-18.7720 -13.9940 -10.0038  -9.9729  -9.9475  -9.9380  -9.9367  -9.9318
 -9.9296  -9.9275  -0.9857  -0.8375  -0.8027  -0.7545  -0.6734  -0.6435
 -0.6037  -0.5425  -0.4979  -0.4754  -0.4588  -0.4436  -0.4252  -0.3942
 -0.3887  -0.3790  -0.3689  -0.3634  -0.3422  -0.3405  -0.3227  -0.3094
 -0.2972  -0.2956  -0.2223  -0.1985  -0.1745
 -- Virtual --
 -0.0770  -0.0187  -0.0074  -0.0009   0.0065   0.0076   0.0184   0.0283
  0.0389   0.0398   0.0479   0.0608   0.0762   0.0793   0.0871   0.1013
  0.1071   0.1196   0.1218   0.1318   0.1412   0.1496   0.1553   0.1638
  0.1656   0.1727   0.1811   0.1902   0.2036   0.2083   0.2131   0.2194
  0.2321   0.2369   0.2426   0.2489   0.2514   0.2609   0.2623   0.2747
  0.2767   0.2814   0.2835   0.2892   0.2966   0.2992   0.3021   0.3117
  0.3209   0.3266   0.3392   0.3411   0.3553   0.3641   0.3745   0.3795
  0.3942   0.3989   0.4033   0.4222   0.4356   0.4422   0.4467   0.4602
  0.4769   0.4956   0.5160   0.5205   0.5255   0.5353   0.5373   0.5507
  0.5591   0.5665   0.5694   0.5827   0.5950   0.6023   0.6076   0.6187
  0.6254   0.6341   0.6529   0.6601   0.6724   0.6815   0.6916   0.6954
  0.7094   0.7193   0.7216   0.7337   0.7368   0.7377   0.7419   0.7562
  0.7671   0.7736   0.7747   0.7766   0.7851   0.7924   0.7943   0.8055
  0.8094   0.8158   0.8264   0.8364   0.8461   0.8488   0.8564   0.8675
  0.8714   0.8973   0.9023   0.9075   0.9264   0.9306   0.9333   0.9394
  0.9567   0.9678   0.9786   0.9808   1.0006   1.0097   1.0132   1.0200
  1.0300   1.0336   1.0422   1.0579   1.0607   1.0859   1.1023   1.1145
  1.1238   1.1330   1.1459   1.1626   1.1644   1.1687   1.1874   1.1926
  1.1999   1.2197   1.2380   1.2404   1.2547   1.2586   1.2804   1.2830
  1.2920   1.3126   1.3178   1.3258   1.3448   1.3464   1.3734   1.3844
  1.3917   1.3971   1.4020   1.4090   1.4279   1.4292   1.4457   1.4493
  1.4754   1.4843   1.4924   1.4956   1.5069   1.5304   1.5442   1.5611
  1.5792   1.5879   1.6000   1.6150   1.6296   1.6448   1.6639   1.6812
  1.6921   1.7042   1.7119   1.7383   1.7408   1.7635   1.7664   1.7714
  1.7782   1.7899   1.8075   1.8167   1.8187   1.8273   1.8361   1.8468
  1.8637   1.8689   1.8745   1.8945   1.9049   1.9090   1.9176   1.9320
  1.9378   1.9457   1.9620   1.9671   1.9800   1.9902   1.9991   2.0007
  2.0114   2.0156   2.0250   2.0374   2.0446   2.0554   2.0679   2.0736
  2.0852   2.0883   2.0963   2.1103   2.1147   2.1281   2.1364   2.1449
  2.1604   2.1666   2.1855   2.1877   2.1979   2.2077   2.2133   2.2182
  2.2340   2.2561   2.2603   2.2678   2.2759   2.2868   2.2997   2.3102
  2.3260   2.3351   2.3418   2.3505   2.3603   2.3755   2.3788   2.3911
  2.4170   2.4230   2.4372   2.4491   2.4544   2.4562   2.4671   2.4726
  2.4861   2.5027   2.5061   2.5167   2.5253   2.5305   2.5398   2.5442
  2.5612   2.5720   2.5784   2.5817   2.6028   2.6083   2.6156   2.6276
  2.6368   2.6428   2.6498   2.6692   2.6749   2.6871   2.6964   2.7053
  2.7153   2.7230   2.7497   2.7578   2.7618   2.7640   2.7836   2.7952
  2.8100   2.8139   2.8238   2.8356   2.8405   2.8489   2.8690   2.8807
  2.8972   2.9000   2.9084   2.9245   2.9296   2.9340   2.9466   2.9643
  2.9839   3.0026   3.0036   3.0099   3.0312   3.0436   3.0473   3.0742
  3.1038   3.1118   3.1208   3.1302   3.1501   3.1574   3.1768   3.1840
  3.2046   3.2159   3.2418   3.2432   3.2651   3.2773   3.2852   3.2888
  3.3014   3.3190   3.3323   3.3466   3.3564   3.3599   3.3926   3.3997
  3.4018   3.4169   3.4246   3.4446   3.4693   3.4770   3.4843   3.5080
  3.5230   3.5401   3.5518   3.5731   3.5818   3.5952   3.6264   3.6342
  3.6345   3.6563   3.6661   3.6746   3.6944   3.7041   3.7247   3.7374
  3.7434   3.7512   3.7848   3.7926   3.8178   3.8230   3.8419   3.8689
  3.8749   3.8966   3.9104   3.9282   3.9477   3.9530   3.9908   3.9951
  4.0084   4.0381   4.0531   4.0626   4.0881   4.0985   4.1469   4.1816
  4.1944   4.2234   4.2360   4.2543   4.2995   4.3189   4.3949   4.4456
  4.4885   4.5024   4.5254   4.5689   4.6031   4.6328   4.6580   4.6956
  4.7180   4.7276   4.7448   4.7604   4.7724   4.7922   4.8288   4.8423
  4.8629   4.8942   4.9163   4.9493   4.9724   4.9913   5.0090   5.0255
  5.0372   5.0537   5.0639   5.0695   5.1013   5.1180   5.1389   5.1462
  5.1640   5.1990   5.2089   5.2333   5.2368   5.2692   5.2854   5.3046
  5.3180   5.3419   5.3569   5.3695   5.3983   5.4037   5.4423   5.4529
  5.4764   5.4895   5.5050   5.5201   5.5478   5.5571   5.5690   5.5834
  5.6150   5.6268   5.6430   5.6504   5.6627   5.6864   5.6926   5.7065
  5.7255   5.7357   5.7466   5.7567   5.7644   5.7750   5.7842   5.8027
  5.8062   5.8196   5.8333   5.8438   5.8607   5.8737   5.8807   5.8912
  5.8959   5.9003   5.9219   5.9254   5.9401   5.9575   5.9660   5.9789
  5.9923   5.9969   6.0019   6.0127   6.0153   6.0169   6.0239   6.0462
  6.0536   6.0825   6.0899   6.0925   6.1007   6.1163   6.1267   6.1378
  6.1476   6.1652   6.1747   6.1805   6.1912   6.1951   6.2030   6.2167
  6.2293   6.2422   6.2552   6.2652   6.2854   6.2900   6.3012   6.3202
  6.3408   6.3418   6.3544   6.3704   6.3783   6.3909   6.3970   6.4174
  6.4307   6.4416   6.4467   6.4644   6.4719   6.4859   6.5005   6.5135
  6.5212   6.5450   6.5616   6.5714   6.6075   6.6160   6.6169   6.6339
  6.6491   6.6563   6.6644   6.6844   6.7056   6.7207   6.7362   6.7434
  6.7469   6.7527   6.7602   6.7801   6.7947   6.8042   6.8177   6.8226
  6.8347   6.8455   6.8691   6.8840   6.9087   6.9216   6.9463   6.9707
  6.9873   7.0039   7.0416   7.0565   7.0825   7.0975   7.1188   7.1286
  7.1475   7.1720   7.1798   7.1882   7.2033   7.2243   7.2306   7.2375
  7.2622   7.2974   7.3071   7.3237   7.3414   7.3538   7.3629   7.3823
  7.3994   7.4137   7.4212   7.4343   7.4614   7.4730   7.4752   7.4985
  7.5061   7.5292   7.5313   7.5561   7.5663   7.5739   7.5909   7.5968
  7.6144   7.6334   7.6450   7.6552   7.6639   7.6699   7.6826   7.6952
  7.7083   7.7318   7.7556   7.7612   7.7724   7.7844   7.7928   7.8067
  7.8249   7.8541   7.8662   7.8758   7.8936   7.9102   7.9234   7.9358
  7.9719   7.9764   7.9879   8.0028   8.0377   8.0446   8.0496   8.0920
  8.0991   8.1114   8.1274   8.1509   8.1759   8.1899   8.2002   8.2210
  8.2251   8.2460   8.2613   8.2670   8.2764   8.2847   8.3029   8.3173
  8.3306   8.3354   8.3464   8.3518   8.3567   8.3608   8.3671   8.3712
  8.3820   8.3909   8.4063   8.4300   8.4390   8.4500   8.4630   8.4861
  8.4947   8.5158   8.5327   8.5406   8.5589   8.5828   8.5987   8.6228
  8.6311   8.6481   8.6794   8.7014   8.7236   8.7386   8.7411   8.7532
  8.7690   8.7888   8.8004   8.8148   8.8281   8.8521   8.8573   8.8665
  8.8876   8.9039   8.9434   8.9598   8.9907   9.0081   9.0144   9.0447
  9.0666   9.0822   9.1062   9.1215   9.1307   9.2088   9.2352   9.2670
  9.3148   9.3578   9.4099   9.4259   9.4461   9.4511   9.4710   9.5335
  9.5799   9.6397   9.6883   9.6927   9.7063   9.7466   9.7592   9.7644
  9.7840   9.7901   9.8062   9.8170   9.8390   9.8468   9.8514   9.8809
  9.8867   9.9099   9.9289   9.9582   9.9646   9.9698   9.9996  10.0413
 10.0688  10.0889  10.0977  10.1154  10.1257  10.3147  10.3529  10.3921
 10.4426  10.4739  10.5261  10.6135  10.7784  10.9050  10.9459  11.1687
 11.3317  11.4168  11.6521  11.6738  11.7475  11.7940  11.9066  12.0096
 12.0372  12.0923  12.1901  12.2543  12.7069  12.7365  12.8255  12.9165
 13.0052  13.0679  13.1413  13.2160  13.3757  14.0491  14.4746  28.2712
 28.5044  28.5584  28.6471  28.7681  28.8497  28.8597  29.0312  37.8584
 47.9917 147.1172 147.3578 147.4110 147.5805 147.7003 147.7590 147.7614
147.9377 196.9220 252.7701
 
 Beta MOs
 -- Occupied --
-18.7721 -13.9939 -10.0038  -9.9727  -9.9471  -9.9366  -9.9300  -9.9297
 -9.9275  -9.9238  -0.9858  -0.8363  -0.7937  -0.7467  -0.6616  -0.6338
 -0.5826  -0.5305  -0.4937  -0.4674  -0.4505  -0.4395  -0.4193  -0.3883
 -0.3844  -0.3702  -0.3616  -0.3591  -0.3378  -0.3322  -0.3206  -0.3089
 -0.2950  -0.2930  -0.2213
 -- Virtual --
 -0.1174  -0.1064  -0.0733  -0.0186  -0.0039  -0.0017   0.0069   0.0079
  0.0185   0.0290   0.0402   0.0408   0.0497   0.0610   0.0762   0.0805
  0.0876   0.1002   0.1083   0.1191   0.1230   0.1323   0.1432   0.1500
  0.1588   0.1645   0.1676   0.1739   0.1826   0.1904   0.2094   0.2144
  0.2208   0.2235   0.2335   0.2375   0.2444   0.2555   0.2566   0.2632
  0.2649   0.2777   0.2815   0.2819   0.2879   0.2907   0.2993   0.3037
  0.3049   0.3162   0.3227   0.3304   0.3417   0.3449   0.3592   0.3675
  0.3757   0.3841   0.3947   0.4023   0.4056   0.4319   0.4364   0.4470
  0.4482   0.4632   0.4782   0.4972   0.5196   0.5219   0.5307   0.5378
  0.5386   0.5535   0.5628   0.5751   0.5774   0.5856   0.5996   0.6080
  0.6150   0.6268   0.6375   0.6397   0.6556   0.6699   0.6757   0.6840
  0.6962   0.7022   0.7139   0.7239   0.7259   0.7368   0.7411   0.7457
  0.7476   0.7630   0.7712   0.7761   0.7820   0.7841   0.7889   0.7944
  0.8008   0.8084   0.8141   0.8275   0.8326   0.8422   0.8523   0.8554
  0.8647   0.8698   0.8767   0.9051   0.9083   0.9121   0.9318   0.9342
  0.9449   0.9466   0.9663   0.9770   0.9847   0.9875   1.0048   1.0158
  1.0184   1.0286   1.0344   1.0432   1.0450   1.0637   1.0653   1.0924
  1.1094   1.1177   1.1310   1.1380   1.1480   1.1677   1.1719   1.1739
  1.1959   1.2014   1.2049   1.2241   1.2447   1.2484   1.2576   1.2644
  1.2838   1.2900   1.2972   1.3203   1.3247   1.3312   1.3492   1.3537
  1.3789   1.3887   1.3951   1.4009   1.4070   1.4142   1.4322   1.4327
  1.4497   1.4526   1.4812   1.4895   1.4985   1.5010   1.5135   1.5363
  1.5505   1.5664   1.5866   1.5939   1.6103   1.6215   1.6341   1.6486
  1.6727   1.6861   1.6998   1.7130   1.7239   1.7450   1.7480   1.7697
  1.7742   1.7810   1.7882   1.8004   1.8175   1.8237   1.8325   1.8379
  1.8481   1.8588   1.8723   1.8782   1.8861   1.9054   1.9168   1.9200
  1.9287   1.9425   1.9467   1.9534   1.9715   1.9759   1.9859   2.0022
  2.0052   2.0104   2.0177   2.0244   2.0296   2.0434   2.0536   2.0640
  2.0785   2.0850   2.0932   2.0973   2.1057   2.1176   2.1206   2.1349
  2.1412   2.1563   2.1713   2.1785   2.1924   2.1983   2.2075   2.2174
  2.2231   2.2286   2.2439   2.2641   2.2700   2.2754   2.2829   2.2937
  2.3119   2.3197   2.3340   2.3420   2.3532   2.3589   2.3659   2.3829
  2.3875   2.3967   2.4225   2.4308   2.4488   2.4545   2.4611   2.4661
  2.4748   2.4904   2.4949   2.5098   2.5141   2.5278   2.5342   2.5381
  2.5507   2.5594   2.5702   2.5799   2.5861   2.5892   2.6084   2.6158
  2.6273   2.6375   2.6468   2.6512   2.6597   2.6763   2.6819   2.6942
  2.7043   2.7109   2.7222   2.7299   2.7579   2.7637   2.7696   2.7705
  2.7886   2.8044   2.8177   2.8259   2.8312   2.8407   2.8459   2.8564
  2.8791   2.8885   2.9049   2.9111   2.9170   2.9305   2.9366   2.9450
  2.9549   2.9713   2.9916   3.0096   3.0113   3.0167   3.0390   3.0492
  3.0602   3.0797   3.1125   3.1184   3.1289   3.1382   3.1575   3.1647
  3.1875   3.1925   3.2143   3.2223   3.2479   3.2502   3.2712   3.2843
  3.2923   3.2997   3.3144   3.3276   3.3424   3.3578   3.3655   3.3697
  3.4001   3.4067   3.4136   3.4325   3.4368   3.4523   3.4768   3.4884
  3.4965   3.5157   3.5293   3.5491   3.5588   3.5847   3.5875   3.6006
  3.6317   3.6409   3.6412   3.6637   3.6767   3.6794   3.7037   3.7144
  3.7326   3.7432   3.7514   3.7573   3.7937   3.8042   3.8284   3.8314
  3.8504   3.8779   3.8820   3.9042   3.9170   3.9321   3.9550   3.9590
  4.0002   4.0025   4.0125   4.0473   4.0606   4.0720   4.0961   4.1031
  4.1532   4.1888   4.2001   4.2334   4.2438   4.2599   4.3056   4.3308
  4.3993   4.4516   4.4927   4.5142   4.5293   4.5794   4.6105   4.6410
  4.6714   4.7006   4.7242   4.7295   4.7478   4.7645   4.7790   4.7960
  4.8371   4.8548   4.8726   4.9047   4.9256   4.9545   4.9897   4.9972
  5.0238   5.0300   5.0465   5.0637   5.0699   5.0832   5.1158   5.1286
  5.1565   5.1770   5.1979   5.2117   5.2260   5.2510   5.2654   5.2858
  5.2978   5.3149   5.3425   5.3580   5.3730   5.3905   5.4103   5.4245
  5.4609   5.4676   5.4895   5.5059   5.5207   5.5273   5.5608   5.5714
  5.5975   5.5989   5.6257   5.6395   5.6551   5.6601   5.6733   5.6991
  5.7058   5.7154   5.7351   5.7460   5.7547   5.7687   5.7812   5.7863
  5.7980   5.8082   5.8151   5.8298   5.8491   5.8543   5.8711   5.8837
  5.8869   5.9025   5.9071   5.9179   5.9288   5.9336   5.9491   5.9643
  5.9781   5.9900   6.0050   6.0058   6.0146   6.0179   6.0240   6.0305
  6.0356   6.0566   6.0660   6.0901   6.0993   6.1101   6.1162   6.1269
  6.1349   6.1452   6.1599   6.1740   6.1839   6.1882   6.1985   6.2075
  6.2116   6.2341   6.2389   6.2464   6.2671   6.2729   6.2921   6.3022
  6.3201   6.3321   6.3531   6.3563   6.3638   6.3838   6.3905   6.4007
  6.4090   6.4281   6.4402   6.4576   6.4633   6.4812   6.4890   6.4961
  6.5137   6.5247   6.5288   6.5588   6.5788   6.5823   6.6201   6.6292
  6.6355   6.6503   6.6623   6.6742   6.6870   6.6938   6.7208   6.7274
  6.7451   6.7467   6.7475   6.7603   6.7676   6.7874   6.8036   6.8208
  6.8277   6.8357   6.8471   6.8534   6.8862   6.8996   6.9194   6.9301
  6.9546   6.9783   6.9962   7.0135   7.0478   7.0679   7.0920   7.1072
  7.1280   7.1348   7.1636   7.1819   7.1905   7.1931   7.2104   7.2325
  7.2402   7.2466   7.2754   7.3043   7.3159   7.3328   7.3468   7.3609
  7.3694   7.3885   7.4062   7.4188   7.4297   7.4440   7.4709   7.4816
  7.4865   7.5071   7.5151   7.5368   7.5421   7.5640   7.5736   7.5840
  7.5992   7.6055   7.6240   7.6418   7.6506   7.6641   7.6710   7.6777
  7.6901   7.7081   7.7174   7.7408   7.7646   7.7704   7.7821   7.7902
  7.8012   7.8163   7.8318   7.8628   7.8711   7.8834   7.9017   7.9179
  7.9308   7.9507   7.9808   7.9854   7.9983   8.0140   8.0480   8.0534
  8.0600   8.0971   8.1066   8.1179   8.1351   8.1580   8.1841   8.1945
  8.2050   8.2265   8.2293   8.2506   8.2668   8.2743   8.2847   8.2895
  8.3086   8.3248   8.3367   8.3429   8.3516   8.3551   8.3599   8.3624
  8.3699   8.3764   8.3867   8.3960   8.4136   8.4335   8.4455   8.4555
  8.4695   8.4906   8.5006   8.5238   8.5402   8.5457   8.5630   8.5868
  8.6040   8.6297   8.6375   8.6530   8.6833   8.7053   8.7266   8.7399
  8.7453   8.7567   8.7722   8.7946   8.8038   8.8225   8.8335   8.8570
  8.8601   8.8699   8.8927   8.9111   8.9510   8.9677   8.9952   9.0118
  9.0193   9.0499   9.0684   9.0881   9.1115   9.1300   9.1366   9.2140
  9.2410   9.2710   9.3239   9.3600   9.4160   9.4317   9.4489   9.4531
  9.4769   9.5440   9.5858   9.6470   9.6926   9.6957   9.7099   9.7531
  9.7663   9.7715   9.7971   9.8008   9.8132   9.8254   9.8478   9.8539
  9.8621   9.8859   9.8900   9.9152   9.9337   9.9679   9.9692   9.9763
 10.0082  10.0475  10.0737  10.0956  10.1036  10.1204  10.1341  10.3178
 10.3552  10.3966  10.4443  10.4767  10.5281  10.6183  10.7788  10.9048
 10.9458  11.1693  11.3316  11.4167  11.6531  11.6744  11.7475  11.7944
 11.9176  12.0128  12.0378  12.0922  12.1920  12.2579  12.7170  12.7449
 12.8364  12.9350  13.0090  13.0713  13.1420  13.2171  13.3759  14.0488
 14.4745  28.2730  28.5352  28.5914  28.6505  28.7701  28.8495  28.8606
 29.0318  37.8585  47.9916 147.1174 147.3614 147.4146 147.5811 147.7007
147.7589 147.7616 147.9379 196.9220 252.7701
 --------------------------------------------------------------
 
          Ground-State Mulliken Net Atomic Charges

     Atom                 Charge (a.u.)    Spin (a.u.)
  --------------------------------------------------------
      1 O                    -0.314744       0.000191
      2 C                     0.033000      -0.003236
      3 C                     0.293785       0.003114
      4 C                     0.365792      -0.048424
      5 C                    -0.167476       0.015295
      6 N                    -0.184411       0.002754
      7 C                    -0.245937       1.048251
      8 C                    -0.117879       0.944615
      9 C                     0.075578      -0.051886
     10 C                     0.185532       0.008209
     11 H                    -0.018992       0.053999
     12 H                     0.010668       0.036520
     13 H                     0.064125      -0.032573
     14 H                     0.053016      -0.028785
     15 H                     0.034482      -0.035171
     16 H                    -0.018019       0.046849
     17 H                    -0.021887       0.033470
     18 H                    -0.008665       0.005220
     19 H                    -0.017967       0.001589
  --------------------------------------------------------
  Sum of atomic charges =     0.000000
  Sum of spin   charges =     2.000000

 -----------------------------------------------------------------
                    Cartesian Multipole Moments
 -----------------------------------------------------------------
    Charge (ESU x 10^10)
                 0.0000
    Dipole Moment (Debye)
         X      -3.8181      Y       1.2090      Z       0.5715
       Tot       4.0455
    Quadrupole Moments (Debye-Ang)
        XX     -68.3237     XY       1.2875     YY     -58.1993
        XZ      10.2270     YZ       2.4718     ZZ     -69.6840
    Octopole Moments (Debye-Ang^2)
       XXX    -121.9983    XXY      12.6042    XYY     -19.8757
       YYY      30.7211    XXZ      37.1588    XYZ      -6.0763
       YYZ      -2.7444    XZZ     -40.2967    YZZ      23.8494
       ZZZ       3.5613
    Hexadecapole Moments (Debye-Ang^3)
      XXXX   -1406.4870   XXXY      22.4765   XXYY    -245.4978
      XYYY       6.3713   YYYY    -271.6719   XXXZ     245.2384
      XXYZ      -7.1724   XYYZ      43.4339   YYYZ      37.6091
      XXZZ    -366.4441   XYZZ       2.6578   YYZZ    -148.8208
      XZZZ     178.8254   YZZZ      47.7222   ZZZZ    -591.3734
 -----------------------------------------------------------------
 Total job time:  34.88s(wall), 1050.42s(cpu) 
 Mon Jan  6 16:16:28 2025

        *************************************************************
        *                                                           *
        *  Thank you very much for using Q-Chem.  Have a nice day.  *
        *                                                           *
        *************************************************************


