
Running Job 1 of 1 frag4-p2-doublet-wb97xd-B97mV.in
qchem frag4-p2-doublet-wb97xd-B97mV.in_3195798.0 /expanse/lustre/scratch/whughes/temp_project/job_32696472/frag4-p2-doublet-wb97xd-B97mV-32696472/ 0
/cm/shared/apps/spack/0.17.3/cpu/b/opt/spack/linux-rocky8-zen2/gcc-10.2.0/qchem-6.0-rytxnwjazd34ekd2gqyi5ufsaimxsd3r/exe/qcprog.exe_s frag4-p2-doublet-wb97xd-B97mV.in_3195798.0 /expanse/lustre/scratch/whughes/temp_project/job_32696472/frag4-p2-doublet-wb97xd-B97mV-32696472/
                  Welcome to Q-Chem
     A Quantum Leap Into The Future Of Chemistry


 Q-Chem 6.0, Q-Chem, Inc., Pleasanton, CA (2022)

 License issued to: University of California, San Diego (site)

 E. Epifanovsky,  A. T. B. Gilbert,  Xintian Feng,  Joonho Lee,  Yuezhi Mao,  
 N. Mardirossian,  P. Pokhilko,  A. White,  M. Wormit,  M. P. Coons,  
 A. L. Dempwolff,  Zhengting Gan,  D. Hait,  P. R. Horn,  L. D. Jacobson,  
 I. Kaliman,  J. Kussmann,  A. W. Lange,  Ka Un Lao,  D. S. Levine,  Jie Liu,  
 S. C. McKenzie,  A. F. Morrison,  K. Nanda,  F. Plasser,  D. R. Rehn,  
 M. L. Vidal,  Zhi-Qiang You,  Ying Zhu,  B. Alam,  B. Albrecht,  
 A. Aldossary,  E. Alguire,  J. H. Andersen,  V. Athavale,  D. Barton,  
 K. Begam,  A. Behn,  N. Bellonzi,  Y. A. Bernard,  E. J. Berquist,  
 H. Burton,  A. Carreras,  K. Carter-Fenk,  Romit Chakraborty,  
 Chandrima Chakravarty,  Junhan Chen,  A. D. Chien,  K. D. Closser,  
 V. Cofer-Shabica,  L. Cunha,  S. Dasgupta,  Jia Deng,  M. de Wergifosse,  
 M. Diedenhofen,  Hainam Do,  S. Ehlert,  Po-Tung Fang,  S. Fatehi,  
 Qingguo Feng,  T. Friedhoff,  B. Ganoe,  J. Gayvert,  Qinghui Ge,  
 G. Gidofalvi,  M. Goldey,  J. Gomes,  C. Gonzalez-Espinoza,  S. Gulania,  
 A. Gunina,  J. A. Gyamfi,  M. W. D. Hanson-Heine,  P. H. P. Harbach,  
 A. W. Hauser,  M. F. Herbst,  M. Hernandez Vera,  M. Hodecker,  
 Z. C. Holden,  S. Houck,  Xunkun Huang,  Kerwin Hui,  B. C. Huynh,  
 K. Ikeda,  M. Ivanov,  Hyunjun Ji,  Zuxin Jin,  Hanjie Jiang,  B. Kaduk,  
 S. Kaehler,  R. Kang,  K. Khistyaev,  Jaehoon Kim,  Yongbin Kim,  
 P. Klunzinger,  Z. Koczor-Benda,  Joong Hoon Koh,  D. Kosenkov,  
 Saikiran Kotaru,  L. Koulias,  T. Kowalczyk,  C. M. Krauter,  K. Kue,  
 A. Kunitsa,  T. Kus,  A. Landau,  K. V. Lawler,  D. Lefrancois,  S. Lehtola,  
 Rain Li,  Shaozhi Li,  Yi-Pei Li,  Jiashu Liang,  M. Liebenthal,  
 Hung-Hsuan Lin,  You-Sheng Lin,  Fenglai Liu,  Kuan-Yu Liu,  
 M. Loipersberger,  A. Luenser,  C. Malbon,  A. Manjanath,  P. Manohar,  
 E. Mansoor,  S. F. Manzer,  Shan-Ping Mao,  A. V. Marenich,  T. Markovich,  
 S. Mason,  F. Matz,  S. A. Maurer,  P. F. McLaughlin,  M. F. S. J. Menger,  
 J.-M. Mewes,  S. A. Mewes,  P. Morgante,  Mohammad Mostafanejad,  
 J. W. Mullinax,  K. J. Oosterbaan,  G. Paran,  V. Parravicini,  
 Alexander C. Paul,  Suranjan K. Paul,  F. Pavosevic,  Zheng Pei,  S. Prager,  
 E. I. Proynov,  E. Ramos,  B. Rana,  A. E. Rask,  A. Rettig,  R. M. Richard,  
 F. Rob,  E. Rossomme,  T. Scheele,  M. Scheurer,  M. Schneider,  
 P. E. Schneider,  N. Sergueev,  S. M. Sharada,  Hengyuan Shen,  
 W. Skomorowski,  D. W. Small,  C. J. Stein,  Yingli Su,  Yu-Chuan Su,  
 E. J. Sundstrom,  Zhen Tao,  J. Thirman,  Hung-Yi Tsai,  T. Tsuchimochi,  
 N. M. Tubman,  C. Utku,  S. P. Veccham,  O. Vydrov,  J. Wenzel,  
 Jonathan Wong,  J. Witte,  A. Yamada,  Chou-Hsun Yang,  Kun Yao,  
 S. Yeganeh,  S. R. Yost,  A. Zech,  F. Zeller,  Igor Ying Zhang,  
 Xing Zhang,  Yu Zhang,  D. Zuev,  A. Aspuru-Guzik,  A. T. Bell,  
 N. A. Besley,  K. B. Bravaya,  B. R. Brooks,  D. Casanova,  Jeng-Da Chai,  
 Hsing-Ta Chen,  S. Coriani,  C. J. Cramer,  A. E. DePrince, III,  
 R. A. DiStasio Jr.,  A. Dreuw,  B. D. Dunietz,  T. R. Furlani,  
 W. A. Goddard III,  S. Grimme,  S. Hammes-Schiffer,  T. Head-Gordon,  
 W. J. Hehre,  Chao-Ping Hsu,  T.-C. Jagau,  Yousung Jung,  A. Klamt,  
 Jing Kong,  D. S. Lambrecht,  Xiangyuan Li,  WanZhen Liang,  N. J. Mayhall,  
 C. W. McCurdy,  J. B. Neaton,  T. Neudecker,  C. Ochsenfeld,  
 J. A. Parkhill,  R. Peverati,  V. A. Rassolov,  Haisheng Ren,  Yihan Shao,  
 L. V. Slipchenko,  R. P. Steele,  J. E. Subotnik,  A. J. W. Thom,  
 A. Tkatchenko,  D. G. Truhlar,  T. Van Voorhis,  Fan Wang,  
 T. A. Wesolowski,  K. B. Whaley,  H. L. Woodcock III,  P. M. Zimmerman,  
 S. Faraji,  P. M. W. Gill,  M. Head-Gordon,  J. M. Herbert,  A. I. Krylov

 Contributors to earlier versions of Q-Chem not listed above: 
 R. D. Adamson,  B. Austin,  R. Baer,  J. Baker,  G. J. O. Beran,  
 K. Brandhorst,  S. T. Brown,  E. F. C. Byrd,  Arup K. Chakraborty,  
 G. K. L. Chan,  Chun-Min Chang,  Yunqing Chen,  C.-L. Cheng,  
 Siu Hung Chien,  D. M. Chipman,  D. L. Crittenden,  H. Dachsel,  
 R. J. Doerksen,  A. D. Dutoi,  R. G. Edgar,  J. Fosso-Tande,  
 L. Fusti-Molnar,  D. Ghosh,  A. Ghysels,  A. Golubeva-Zadorozhnaya,  
 J. Gonthier,  M. S. Gordon,  S. R. Gwaltney,  G. Hawkins,  J. E. Herr,  
 A. Heyden,  S. Hirata,  E. G. Hohenstein,  G. Kedziora,  F. J. Keil,  
 C. Kelley,  Jihan Kim,  R. A. King,  R. Z. Khaliullin,  P. P. Korambath,  
 W. Kurlancheek,  A. Laurent,  A. M. Lee,  M. S. Lee,  S. V. Levchenko,  
 Ching Yeh Lin,  D. Liotard,  E. Livshits,  R. C. Lochan,  I. Lotan,  
 L. A. Martinez-Martinez,  P. E. Maslen,  N. Nair,  D. P. O'Neill,  
 D. Neuhauser,  E. Neuscamman,  C. M. Oana,  R. Olivares-Amaya,  R. Olson,  
 T. M. Perrine,  B. Peters,  P. A. Pieniazek,  A. Prociuk,  Y. M. Rhee,  
 J. Ritchie,  M. A. Rohrdanz,  E. Rosta,  N. J. Russ,  H. F. Schaefer III,  
 M. W. Schmidt,  N. E. Schultz,  S. Sharma,  N. Shenvi,  C. D. Sherrill,  
 A. C. Simmonett,  A. Sodt,  T. Stein,  D. Stuck,  K. S. Thanthiriwatte,  
 V. Vanovschi,  L. Vogt,  Tao Wang,  A. Warshel,  M. A. Watson,  
 C. F. Williams,  Q. Wu,  X. Xu,  Jun Yang,  W. Zhang,  Yan Zhao

   Please cite Q-Chem as follows:
  "Software for the frontiers of quantum chemistry:
   An overview of developments in the Q-Chem 5 package"
   J. Chem. Phys. 155, 084801 (2021)
   https://doi.org/10.1063/5.0055522 (open access)

 Q-Chem 6.0.2 for Intel X86 EM64T Linux

 Parts of Q-Chem use Armadillo 9.900.5 (Nocturnal Misbehaviour).
 http://arma.sourceforge.net/

 Q-Chem begins on Thu Aug  1 14:27:17 2024  

 Host: 
0

     Scratch files written to /expanse/lustre/scratch/whughes/temp_project/job_32696472/frag4-p2-doublet-wb97xd-B97mV-32696472//
 Dec722 |scratch|qcdevops|jenkins|workspace|build_RNUM    
 Processing $rem in /cm/shared/apps/spack/0.17.3/cpu/b/opt/spack/linux-rocky8-zen2/gcc-10.2.0/qchem-6.0-rytxnwjazd34ekd2gqyi5ufsaimxsd3r/config/preferences:
 Processing $rem in /home/whughes/.qchemrc:

 Checking the input file for inconsistencies... 	...done.

--------------------------------------------------------------
User input:
--------------------------------------------------------------
$molecule
0 2
C    0.3592377818    -0.496270065    0.7422144876
N    -0.5193495177   0.4251815573    0.2802322487
N    -0.5471452464   0.7100636293    -0.9191231948
N    -0.667035201    1.0531540525    -1.9887801909
H    0.3213701956    -0.689023656    1.800108256
H    1.0529209877    -1.0031065181   0.0853483935
$end

$rem
METHOD      B97M-V
BASIS       def2-QZVPP
SYM_IGNORE   TRUE
DFT_D       false
MAX_SCF_CYCLES 300
$end

$end
--------------------------------------------------------------
 ----------------------------------------------------------------
             Standard Nuclear Orientation (Angstroms)
    I     Atom           X                Y                Z
 ----------------------------------------------------------------
    1      C       0.3592377818    -0.4962700650     0.7422144876
    2      N      -0.5193495177     0.4251815573     0.2802322487
    3      N      -0.5471452464     0.7100636293    -0.9191231948
    4      N      -0.6670352010     1.0531540525    -1.9887801909
    5      H       0.3213701956    -0.6890236560     1.8001082560
    6      H       1.0529209877    -1.0031065181     0.0853483935
 ----------------------------------------------------------------
 Nuclear Repulsion Energy =         102.28781615 hartrees
 There are       15 alpha and       14 beta electrons
 Requested basis set is def2-QZVPP
 There are 88 shells and 288 basis functions

 Total QAlloc Memory Limit   8000 MB
 Mega-Array Size       188 MB
 MEM_STATIC part       192 MB


                       Distance Matrix (Angstroms)
             C (  1)   N (  2)   N (  3)   N (  4)   H (  5)
   N (  2)  1.354406
   N (  3)  2.244285  1.233038
   N (  4)  3.303375  2.358936  1.129713
   H (  5)  1.075977  2.063561  3.178991  4.285768
   H (  6)  1.081459  2.133078  2.550319  3.389464  1.890560
 
 A cutoff of  1.0D-09 yielded   3501 shell pairs
 There are     38457 function pairs (     59472 Cartesian)
 Smallest overlap matrix eigenvalue = 8.20E-05

 Scale SEOQF with 1.000000e-01/1.000000e-01/1.000000e-01

 Standard Electronic Orientation quadrupole field applied
 Nucleus-field energy     =    -0.0000000029 hartrees
 Guess from superposition of atomic densities
 Warning:  Energy on first SCF cycle will be non-variational
 SAD guess density has 29.000000 electrons

 -----------------------------------------------------------------------
  General SCF calculation program by
  Eric Jon Sundstrom, Paul Horn, Yuezhi Mao, Dmitri Zuev, Alec White,
  David Stuck, Shaama M.S., Shane Yost, Joonho Lee, David Small,
  Daniel Levine, Susi Lehtola, Hugh Burton, Evgeny Epifanovsky,
  Bang C. Huynh
 -----------------------------------------------------------------------
 Exchange:  B97M-V      Correlation:  B97M-V
 Using SG-2 standard quadrature grid
 Nonlocal Correlation:  VV10 with C = 0.0100 and b = 6.00 and scale = 1.00000
 Grid used for NLC:  SG-1 standard quadrature
 using 32 threads for integral computing
 -------------------------------------------------------
 OpenMP Integral computing Module                
 Release: version 1.0, May 2013, Q-Chem Inc. Pittsburgh 
 -------------------------------------------------------
 A unrestricted SCF calculation will be
 performed using DIIS
 SCF converges when DIIS error is below 1.0e-05
 ---------------------------------------
  Cycle       Energy         DIIS error
 ---------------------------------------
    1    -204.3189940574      1.21e-02  
    2    -203.4333378415      1.32e-03  
    3    -203.2271566643      2.58e-03  
    4    -203.4832175928      6.70e-04  
    5    -203.4901197979      5.81e-04  
    6    -203.5025955615      9.34e-05  
    7    -203.5029790006      1.95e-05  
    8    -203.5030043883      1.20e-05  
    9    -203.5030097029      7.46e-06  Convergence criterion met
 ---------------------------------------
 SCF time:   CPU 244.07s  wall 8.00s 
<S^2> =          0.761292202
 SCF   energy in the final basis set =     -203.5030097029
 Total energy in the final basis set =     -203.5030097029
 
 --------------------------------------------------------------
 
                    Orbital Energies (a.u.)
 --------------------------------------------------------------
 
 Alpha MOs
 -- Occupied --
-14.5033 -14.4139 -14.4124 -10.2315  -1.1505  -0.9944  -0.7454  -0.5376
 -0.5074  -0.5051  -0.4525  -0.4143  -0.3292  -0.3028  -0.1661
 -- Virtual --
 -0.0654  -0.0121   0.0234   0.0440   0.0685   0.1102   0.1260   0.1462
  0.1587   0.1882   0.1951   0.1989   0.2450   0.2618   0.2705   0.3011
  0.3112   0.3311   0.3460   0.3735   0.4224   0.4579   0.4904   0.5075
  0.5606   0.6002   0.6237   0.6441   0.6581   0.6673   0.7182   0.7186
  0.7386   0.7402   0.7895   0.7976   0.8209   0.8411   0.8974   0.9431
  0.9553   0.9996   1.0059   1.0486   1.0527   1.0873   1.1231   1.1263
  1.1389   1.1551   1.2024   1.2324   1.2385   1.2706   1.3160   1.4084
  1.4226   1.4644   1.5247   1.5341   1.5855   1.5994   1.6208   1.6987
  1.7571   1.8245   1.8296   1.9055   1.9091   1.9306   1.9849   1.9996
  2.0595   2.1163   2.1595   2.2203   2.2571   2.2821   2.3310   2.3806
  2.3924   2.4612   2.5164   2.5414   2.5626   2.5738   2.5965   2.6094
  2.6306   2.6630   2.6811   2.6931   2.7401   2.7435   2.7952   2.8008
  2.8166   2.8557   2.8792   2.9141   2.9680   2.9712   2.9904   3.0744
  3.0973   3.1793   3.1801   3.2022   3.2169   3.2466   3.2480   3.3320
  3.3985   3.4141   3.4276   3.4782   3.5625   3.5980   3.6206   3.6868
  3.7165   3.7545   3.7828   3.8417   3.9419   3.9433   3.9623   3.9876
  4.0058   4.0147   4.1250   4.2267   4.2339   4.3332   4.3703   4.6022
  4.7035   4.8267   4.8434   5.2190   5.4115   5.4389   5.4508   5.4976
  5.5379   5.5851   5.6187   5.7269   5.8259   5.9648   5.9720   6.0216
  6.0345   6.0809   6.1405   6.1982   6.3624   6.3772   6.3791   6.4487
  6.5374   6.5384   6.5717   6.6335   6.7212   6.8348   6.8525   6.8793
  6.8870   6.9070   6.9081   7.0055   7.0574   7.0612   7.2218   7.2832
  7.2877   7.3466   7.4339   7.4661   7.4903   7.5205   7.6002   7.6427
  7.7129   7.7618   7.7718   7.8628   7.9073   7.9084   7.9285   7.9306
  7.9833   8.0591   8.1143   8.1268   8.1818   8.2285   8.3149   8.3814
  8.4212   8.4444   8.4918   8.5698   8.5797   8.6048   8.6464   8.6773
  8.7422   8.7631   8.7787   8.8061   8.8201   8.8690   8.8800   8.9021
  8.9627   8.9728   9.0126   9.0684   9.1329   9.1420   9.2048   9.2072
  9.2294   9.3280   9.3347   9.3459   9.3998   9.4257   9.4320   9.5309
  9.6234   9.6240   9.6683   9.7328   9.8242   9.9549   9.9775  10.0523
 10.0975  10.2495  10.2740  10.3957  10.4032  10.4903  10.6342  10.6513
 10.7432  10.7803  10.8522  11.0666  11.2529  11.4049  11.6226  11.9262
 12.0039  12.0797  12.3716  12.9537  13.2109  13.9816  13.9862  14.7160
 15.9432  29.2882  37.7372  38.6712  39.9435 151.1635 200.4567 201.4258
202.7387
 
 Beta MOs
 -- Occupied --
-14.5017 -14.4128 -14.4073 -10.2204  -1.1442  -0.9880  -0.7250  -0.5244
 -0.5022  -0.4879  -0.4409  -0.4055  -0.2990  -0.2984
 -- Virtual --
 -0.1007  -0.0584   0.0124   0.0273   0.0501   0.0709   0.1283   0.1324
  0.1528   0.1610   0.1967   0.2039   0.2073   0.2471   0.2659   0.2756
  0.3105   0.3231   0.3351   0.3500   0.3792   0.4272   0.4695   0.4946
  0.5210   0.5655   0.6050   0.6267   0.6584   0.6681   0.6776   0.7268
  0.7371   0.7463   0.7504   0.8061   0.8113   0.8264   0.8464   0.9055
  0.9544   0.9648   1.0043   1.0200   1.0544   1.0643   1.0950   1.1301
  1.1343   1.1469   1.1662   1.2091   1.2398   1.2511   1.2793   1.3236
  1.4170   1.4276   1.4710   1.5297   1.5411   1.5923   1.6098   1.6303
  1.7166   1.7692   1.8548   1.8635   1.9128   1.9308   1.9331   2.0069
  2.0141   2.0747   2.1361   2.1770   2.2370   2.2771   2.2971   2.3501
  2.3968   2.4055   2.4770   2.5353   2.5566   2.5774   2.5902   2.6135
  2.6209   2.6627   2.6797   2.6957   2.7082   2.7513   2.7538   2.8136
  2.8150   2.8289   2.8668   2.8989   2.9298   2.9858   2.9907   3.0089
  3.0861   3.1119   3.1960   3.1981   3.2145   3.2313   3.2605   3.2647
  3.3441   3.4182   3.4296   3.4463   3.4998   3.5798   3.6162   3.6385
  3.7027   3.7344   3.7732   3.7944   3.8560   3.9539   3.9682   3.9808
  4.0029   4.0173   4.0334   4.1387   4.2359   4.2527   4.3477   4.3854
  4.6223   4.7203   4.8419   4.8574   5.2175   5.4282   5.4522   5.4603
  5.5088   5.5376   5.5956   5.6200   5.7357   5.8464   5.9703   5.9879
  6.0203   6.0437   6.0955   6.1175   6.2189   6.3875   6.4031   6.4115
  6.4351   6.5320   6.5518   6.5605   6.6463   6.7550   6.8502   6.8644
  6.8980   6.9102   6.9238   6.9358   7.0305   7.0762   7.0878   7.2245
  7.3051   7.3076   7.3625   7.4310   7.4794   7.5066   7.5285   7.6123
  7.6587   7.7295   7.7743   7.7951   7.8207   7.8888   7.9206   7.9396
  7.9501   7.9825   8.0642   8.1192   8.1643   8.1887   8.2562   8.3323
  8.3781   8.4100   8.4641   8.5114   8.5809   8.5975   8.6248   8.6554
  8.6800   8.7501   8.7769   8.7932   8.8357   8.8397   8.8597   8.8843
  8.9203   8.9611   9.0097   9.0332   9.1034   9.1393   9.1595   9.2085
  9.2201   9.2354   9.3312   9.3511   9.3643   9.3884   9.4441   9.4636
  9.5463   9.6221   9.6381   9.6817   9.7247   9.8032   9.9500   9.9656
 10.0630  10.0773  10.2662  10.2713  10.3729  10.4128  10.4649  10.6539
 10.6599  10.7674  10.7987  10.8767  11.0725  11.2452  11.3971  11.6389
 11.9400  11.9478  12.0653  12.3910  12.9733  13.0991  14.0125  14.0158
 14.7456  15.9735  29.3184  37.7522  38.6842  39.9585 151.1860 200.4636
201.4306 202.7444
 --------------------------------------------------------------
 
          Ground-State Mulliken Net Atomic Charges

     Atom                 Charge (a.u.)    Spin (a.u.)
  --------------------------------------------------------
      1 C                    -0.311200       0.788738
      2 N                    -0.146698      -0.073943
      3 N                     0.280911       0.036070
      4 N                    -0.147236       0.294738
      5 H                     0.167306      -0.026605
      6 H                     0.156916      -0.018998
  --------------------------------------------------------
  Sum of atomic charges =    -0.000000
  Sum of spin   charges =     1.000000

 -----------------------------------------------------------------
                    Cartesian Multipole Moments
 -----------------------------------------------------------------
    Charge (ESU x 10^10)
                -0.0000
    Dipole Moment (Debye)
         X       0.8127      Y      -0.9291      Z       0.7878
       Tot       1.4643
    Quadrupole Moments (Debye-Ang)
        XX     -23.3183     XY      -0.3611     YY     -23.6455
        XZ      -0.4457     YZ       0.7984     ZZ     -25.5513
    Octopole Moments (Debye-Ang^2)
       XXX      18.7034    XXY      -8.4403    XYY       7.2461
       YYY     -23.0342    XXZ       7.8177    XYZ      -0.9009
       YYZ      10.1048    XZZ       9.5352    YZZ     -14.1563
       ZZZ      39.7571
    Hexadecapole Moments (Debye-Ang^3)
      XXXX     -65.6528   XXXY      25.5687   XXYY     -25.7530
      XYYY      25.6400   YYYY     -97.7938   XXXZ     -33.5032
      XXYZ      17.2957   XYYZ     -11.3024   YYYZ      54.7471
      XXZZ     -50.0424   XYZZ      11.4903   YYZZ     -58.1167
      XZZZ     -40.7400   YZZZ      61.6315   ZZZZ    -234.4549
 -----------------------------------------------------------------
 Total job time:  11.08s(wall), 263.32s(cpu) 
 Thu Aug  1 14:27:28 2024

        *************************************************************
        *                                                           *
        *  Thank you very much for using Q-Chem.  Have a nice day.  *
        *                                                           *
        *************************************************************


