
Running Job 1 of 1 n7-r2-singlet-B97mV.in
qchem n7-r2-singlet-B97mV.in_1957786.0 /expanse/lustre/scratch/whughes/temp_project/job_32713383/n7-r2-singlet-B97mV-32713383/ 0
/cm/shared/apps/spack/0.17.3/cpu/b/opt/spack/linux-rocky8-zen2/gcc-10.2.0/qchem-6.0-rytxnwjazd34ekd2gqyi5ufsaimxsd3r/exe/qcprog.exe_s n7-r2-singlet-B97mV.in_1957786.0 /expanse/lustre/scratch/whughes/temp_project/job_32713383/n7-r2-singlet-B97mV-32713383/
                  Welcome to Q-Chem
     A Quantum Leap Into The Future Of Chemistry


 Q-Chem 6.0, Q-Chem, Inc., Pleasanton, CA (2022)

 License issued to: University of California, San Diego (site)

 E. Epifanovsky,  A. T. B. Gilbert,  Xintian Feng,  Joonho Lee,  Yuezhi Mao,  
 N. Mardirossian,  P. Pokhilko,  A. White,  M. Wormit,  M. P. Coons,  
 A. L. Dempwolff,  Zhengting Gan,  D. Hait,  P. R. Horn,  L. D. Jacobson,  
 I. Kaliman,  J. Kussmann,  A. W. Lange,  Ka Un Lao,  D. S. Levine,  Jie Liu,  
 S. C. McKenzie,  A. F. Morrison,  K. Nanda,  F. Plasser,  D. R. Rehn,  
 M. L. Vidal,  Zhi-Qiang You,  Ying Zhu,  B. Alam,  B. Albrecht,  
 A. Aldossary,  E. Alguire,  J. H. Andersen,  V. Athavale,  D. Barton,  
 K. Begam,  A. Behn,  N. Bellonzi,  Y. A. Bernard,  E. J. Berquist,  
 H. Burton,  A. Carreras,  K. Carter-Fenk,  Romit Chakraborty,  
 Chandrima Chakravarty,  Junhan Chen,  A. D. Chien,  K. D. Closser,  
 V. Cofer-Shabica,  L. Cunha,  S. Dasgupta,  Jia Deng,  M. de Wergifosse,  
 M. Diedenhofen,  Hainam Do,  S. Ehlert,  Po-Tung Fang,  S. Fatehi,  
 Qingguo Feng,  T. Friedhoff,  B. Ganoe,  J. Gayvert,  Qinghui Ge,  
 G. Gidofalvi,  M. Goldey,  J. Gomes,  C. Gonzalez-Espinoza,  S. Gulania,  
 A. Gunina,  J. A. Gyamfi,  M. W. D. Hanson-Heine,  P. H. P. Harbach,  
 A. W. Hauser,  M. F. Herbst,  M. Hernandez Vera,  M. Hodecker,  
 Z. C. Holden,  S. Houck,  Xunkun Huang,  Kerwin Hui,  B. C. Huynh,  
 K. Ikeda,  M. Ivanov,  Hyunjun Ji,  Zuxin Jin,  Hanjie Jiang,  B. Kaduk,  
 S. Kaehler,  R. Kang,  K. Khistyaev,  Jaehoon Kim,  Yongbin Kim,  
 P. Klunzinger,  Z. Koczor-Benda,  Joong Hoon Koh,  D. Kosenkov,  
 Saikiran Kotaru,  L. Koulias,  T. Kowalczyk,  C. M. Krauter,  K. Kue,  
 A. Kunitsa,  T. Kus,  A. Landau,  K. V. Lawler,  D. Lefrancois,  S. Lehtola,  
 Rain Li,  Shaozhi Li,  Yi-Pei Li,  Jiashu Liang,  M. Liebenthal,  
 Hung-Hsuan Lin,  You-Sheng Lin,  Fenglai Liu,  Kuan-Yu Liu,  
 M. Loipersberger,  A. Luenser,  C. Malbon,  A. Manjanath,  P. Manohar,  
 E. Mansoor,  S. F. Manzer,  Shan-Ping Mao,  A. V. Marenich,  T. Markovich,  
 S. Mason,  F. Matz,  S. A. Maurer,  P. F. McLaughlin,  M. F. S. J. Menger,  
 J.-M. Mewes,  S. A. Mewes,  P. Morgante,  Mohammad Mostafanejad,  
 J. W. Mullinax,  K. J. Oosterbaan,  G. Paran,  V. Parravicini,  
 Alexander C. Paul,  Suranjan K. Paul,  F. Pavosevic,  Zheng Pei,  S. Prager,  
 E. I. Proynov,  E. Ramos,  B. Rana,  A. E. Rask,  A. Rettig,  R. M. Richard,  
 F. Rob,  E. Rossomme,  T. Scheele,  M. Scheurer,  M. Schneider,  
 P. E. Schneider,  N. Sergueev,  S. M. Sharada,  Hengyuan Shen,  
 W. Skomorowski,  D. W. Small,  C. J. Stein,  Yingli Su,  Yu-Chuan Su,  
 E. J. Sundstrom,  Zhen Tao,  J. Thirman,  Hung-Yi Tsai,  T. Tsuchimochi,  
 N. M. Tubman,  C. Utku,  S. P. Veccham,  O. Vydrov,  J. Wenzel,  
 Jonathan Wong,  J. Witte,  A. Yamada,  Chou-Hsun Yang,  Kun Yao,  
 S. Yeganeh,  S. R. Yost,  A. Zech,  F. Zeller,  Igor Ying Zhang,  
 Xing Zhang,  Yu Zhang,  D. Zuev,  A. Aspuru-Guzik,  A. T. Bell,  
 N. A. Besley,  K. B. Bravaya,  B. R. Brooks,  D. Casanova,  Jeng-Da Chai,  
 Hsing-Ta Chen,  S. Coriani,  C. J. Cramer,  A. E. DePrince, III,  
 R. A. DiStasio Jr.,  A. Dreuw,  B. D. Dunietz,  T. R. Furlani,  
 W. A. Goddard III,  S. Grimme,  S. Hammes-Schiffer,  T. Head-Gordon,  
 W. J. Hehre,  Chao-Ping Hsu,  T.-C. Jagau,  Yousung Jung,  A. Klamt,  
 Jing Kong,  D. S. Lambrecht,  Xiangyuan Li,  WanZhen Liang,  N. J. Mayhall,  
 C. W. McCurdy,  J. B. Neaton,  T. Neudecker,  C. Ochsenfeld,  
 J. A. Parkhill,  R. Peverati,  V. A. Rassolov,  Haisheng Ren,  Yihan Shao,  
 L. V. Slipchenko,  R. P. Steele,  J. E. Subotnik,  A. J. W. Thom,  
 A. Tkatchenko,  D. G. Truhlar,  T. Van Voorhis,  Fan Wang,  
 T. A. Wesolowski,  K. B. Whaley,  H. L. Woodcock III,  P. M. Zimmerman,  
 S. Faraji,  P. M. W. Gill,  M. Head-Gordon,  J. M. Herbert,  A. I. Krylov

 Contributors to earlier versions of Q-Chem not listed above: 
 R. D. Adamson,  B. Austin,  R. Baer,  J. Baker,  G. J. O. Beran,  
 K. Brandhorst,  S. T. Brown,  E. F. C. Byrd,  Arup K. Chakraborty,  
 G. K. L. Chan,  Chun-Min Chang,  Yunqing Chen,  C.-L. Cheng,  
 Siu Hung Chien,  D. M. Chipman,  D. L. Crittenden,  H. Dachsel,  
 R. J. Doerksen,  A. D. Dutoi,  R. G. Edgar,  J. Fosso-Tande,  
 L. Fusti-Molnar,  D. Ghosh,  A. Ghysels,  A. Golubeva-Zadorozhnaya,  
 J. Gonthier,  M. S. Gordon,  S. R. Gwaltney,  G. Hawkins,  J. E. Herr,  
 A. Heyden,  S. Hirata,  E. G. Hohenstein,  G. Kedziora,  F. J. Keil,  
 C. Kelley,  Jihan Kim,  R. A. King,  R. Z. Khaliullin,  P. P. Korambath,  
 W. Kurlancheek,  A. Laurent,  A. M. Lee,  M. S. Lee,  S. V. Levchenko,  
 Ching Yeh Lin,  D. Liotard,  E. Livshits,  R. C. Lochan,  I. Lotan,  
 L. A. Martinez-Martinez,  P. E. Maslen,  N. Nair,  D. P. O'Neill,  
 D. Neuhauser,  E. Neuscamman,  C. M. Oana,  R. Olivares-Amaya,  R. Olson,  
 T. M. Perrine,  B. Peters,  P. A. Pieniazek,  A. Prociuk,  Y. M. Rhee,  
 J. Ritchie,  M. A. Rohrdanz,  E. Rosta,  N. J. Russ,  H. F. Schaefer III,  
 M. W. Schmidt,  N. E. Schultz,  S. Sharma,  N. Shenvi,  C. D. Sherrill,  
 A. C. Simmonett,  A. Sodt,  T. Stein,  D. Stuck,  K. S. Thanthiriwatte,  
 V. Vanovschi,  L. Vogt,  Tao Wang,  A. Warshel,  M. A. Watson,  
 C. F. Williams,  Q. Wu,  X. Xu,  Jun Yang,  W. Zhang,  Yan Zhao

   Please cite Q-Chem as follows:
  "Software for the frontiers of quantum chemistry:
   An overview of developments in the Q-Chem 5 package"
   J. Chem. Phys. 155, 084801 (2021)
   https://doi.org/10.1063/5.0055522 (open access)

 Q-Chem 6.0.2 for Intel X86 EM64T Linux

 Parts of Q-Chem use Armadillo 9.900.5 (Nocturnal Misbehaviour).
 http://arma.sourceforge.net/

 Q-Chem begins on Fri Aug  2 08:54:39 2024  

 Host: 
0

     Scratch files written to /expanse/lustre/scratch/whughes/temp_project/job_32713383/n7-r2-singlet-B97mV-32713383//
 Dec722 |scratch|qcdevops|jenkins|workspace|build_RNUM    
 Processing $rem in /cm/shared/apps/spack/0.17.3/cpu/b/opt/spack/linux-rocky8-zen2/gcc-10.2.0/qchem-6.0-rytxnwjazd34ekd2gqyi5ufsaimxsd3r/config/preferences:
 Processing $rem in /home/whughes/.qchemrc:

 Checking the input file for inconsistencies... 	...done.

--------------------------------------------------------------
User input:
--------------------------------------------------------------
$molecule
0 1
C    2.3484793216    0.04538819      -0.0006102279
C    1.2003844775    0.7108096541    -0.0045161284
H    1.1741691943    1.7941023992    -0.0046998482
H    0.2474174065    0.194979513     -0.0076733152
C    3.677995809     0.7414045109    0.0037866194
H    4.266465444     0.4529792918    -0.8719440341
H    3.5682957112    1.8254675716    0.0033122416
H    4.2605805668    0.4531492536    0.8834984625
C    2.4054264768    -1.4542175986   -0.0002791214
H    2.9496813012    -1.8189944671   -0.8761354702
H    2.9437101525    -1.8188309468   0.8793270493
H    1.4102605787    -1.8978984118   -0.0036221874
$end

$rem
METHOD      B97M-V
BASIS       def2-QZVPP
SYM_IGNORE   TRUE
DFT_D       false
MAX_SCF_CYCLES 300
$end

$end
--------------------------------------------------------------
 ----------------------------------------------------------------
             Standard Nuclear Orientation (Angstroms)
    I     Atom           X                Y                Z
 ----------------------------------------------------------------
    1      C       2.3484793216     0.0453881900    -0.0006102279
    2      C       1.2003844775     0.7108096541    -0.0045161284
    3      H       1.1741691943     1.7941023992    -0.0046998482
    4      H       0.2474174065     0.1949795130    -0.0076733152
    5      C       3.6779958090     0.7414045109     0.0037866194
    6      H       4.2664654440     0.4529792918    -0.8719440341
    7      H       3.5682957112     1.8254675716     0.0033122416
    8      H       4.2605805668     0.4531492536     0.8834984625
    9      C       2.4054264768    -1.4542175986    -0.0002791214
   10      H       2.9496813012    -1.8189944671    -0.8761354702
   11      H       2.9437101525    -1.8188309468     0.8793270493
   12      H       1.4102605787    -1.8978984118    -0.0036221874
 ----------------------------------------------------------------
 Nuclear Repulsion Energy =         120.07638398 hartrees
 There are       16 alpha and       16 beta electrons
 Requested basis set is def2-QZVPP
 There are 148 shells and 468 basis functions

 Total QAlloc Memory Limit   8000 MB
 Mega-Array Size       188 MB
 MEM_STATIC part       192 MB


                       Distance Matrix (Angstroms)
             C (  1)   C (  2)   H (  3)   H (  4)   C (  5)   H (  6)
   C (  2)  1.326998
   H (  3)  2.106424  1.083610
   H (  4)  2.106392  1.083622  1.848262
   C (  5)  1.500691  2.477814  2.716136  3.473842
   H (  6)  2.145699  3.196836  3.480376  4.119014  1.093796
   H (  7)  2.157927  2.617160  2.394345  3.699574  1.089599  1.771225
   H (  8)  2.145705  3.196836  3.480372  4.119019  1.093796  1.755452
   C (  9)  1.500687  2.477799  3.473845  2.716047  2.537756  2.803688
   H ( 10)  2.145673  3.196822  4.119018  3.480309  2.803631  2.625986
   H ( 11)  2.145671  3.196787  4.118988  3.480258  2.803668  3.158758
   H ( 12)  2.157922  2.617137  3.699542  2.394234  3.479741  3.799805
             H (  7)   H (  8)   C (  9)   H ( 10)   H ( 11)
   H (  8)  1.771227
   C (  9)  3.479743  2.803695
   H ( 10)  3.799765  3.158703  1.093801
   H ( 11)  3.799792  2.626035  1.093800  1.755473
   H ( 12)  4.303559  3.799833  1.089596  1.771249  1.771248
 
 A cutoff of  1.0D-09 yielded   9687 shell pairs
 There are     96835 function pairs (    143004 Cartesian)
 Smallest overlap matrix eigenvalue = 4.64E-05

 Scale SEOQF with 1.000000e-01/1.000000e-01/1.000000e+00

 Standard Electronic Orientation quadrupole field applied
 Nucleus-field energy     =     0.0000000074 hartrees
 Guess from superposition of atomic densities
 Warning:  Energy on first SCF cycle will be non-variational
 SAD guess density has 32.000000 electrons

 -----------------------------------------------------------------------
  General SCF calculation program by
  Eric Jon Sundstrom, Paul Horn, Yuezhi Mao, Dmitri Zuev, Alec White,
  David Stuck, Shaama M.S., Shane Yost, Joonho Lee, David Small,
  Daniel Levine, Susi Lehtola, Hugh Burton, Evgeny Epifanovsky,
  Bang C. Huynh
 -----------------------------------------------------------------------
 Exchange:  B97M-V      Correlation:  B97M-V
 Using SG-2 standard quadrature grid
 Nonlocal Correlation:  VV10 with C = 0.0100 and b = 6.00 and scale = 1.00000
 Grid used for NLC:  SG-1 standard quadrature
 using 32 threads for integral computing
 -------------------------------------------------------
 OpenMP Integral computing Module                
 Release: version 1.0, May 2013, Q-Chem Inc. Pittsburgh 
 -------------------------------------------------------
 A restricted SCF calculation will be
 performed using DIIS
 SCF converges when DIIS error is below 1.0e-05
 ---------------------------------------
  Cycle       Energy         DIIS error
 ---------------------------------------
    1    -157.6589316700      1.50e-02  
    2    -157.1476439013      2.26e-03  
    3    -157.0787619606      2.66e-03  
    4    -157.2938205950      3.49e-04  
    5    -157.2950202118      2.82e-04  
    6    -157.2970955694      6.47e-05  
    7    -157.2972122254      2.08e-05  
    8    -157.2972237783      2.25e-06  Convergence criterion met
 ---------------------------------------
 SCF time:   CPU 555.60s  wall 17.00s 
 SCF   energy in the final basis set =     -157.2972237783
 Total energy in the final basis set =     -157.2972237783
 
 --------------------------------------------------------------
 
                    Orbital Energies (a.u.)
 --------------------------------------------------------------
 
 Alpha MOs
 -- Occupied --
-10.1893 -10.1713 -10.1713 -10.1566  -0.7896  -0.6729  -0.6603  -0.5007
 -0.4260  -0.4179  -0.4070  -0.3611  -0.3447  -0.3404  -0.3143  -0.2267
 -- Virtual --
 -0.0094   0.0052   0.0440   0.0491   0.0665   0.0727   0.0736   0.0967
  0.1127   0.1144   0.1187   0.1307   0.1398   0.1533   0.1739   0.1931
  0.2000   0.2173   0.2421   0.2508   0.2676   0.2856   0.2888   0.3079
  0.3148   0.3251   0.3304   0.3308   0.3420   0.3602   0.3790   0.4299
  0.4423   0.4444   0.4618   0.4800   0.4876   0.5100   0.5390   0.5538
  0.5998   0.6105   0.6259   0.6356   0.6389   0.6508   0.6781   0.7243
  0.7251   0.7259   0.7451   0.7594   0.7648   0.7851   0.7907   0.8157
  0.8190   0.8335   0.8369   0.8428   0.8456   0.8518   0.8806   0.8990
  0.9039   0.9294   0.9419   0.9437   0.9552   0.9813   0.9902   1.0300
  1.0496   1.0606   1.0692   1.0839   1.1003   1.1045   1.1248   1.1433
  1.1693   1.2054   1.2220   1.2340   1.2786   1.3386   1.3418   1.3461
  1.3569   1.3918   1.4402   1.4426   1.4797   1.4856   1.4974   1.5329
  1.5847   1.5876   1.6617   1.6876   1.7422   1.7867   1.8054   1.8202
  1.8359   1.8656   1.8697   1.8740   1.9096   1.9175   1.9248   1.9483
  1.9512   1.9606   1.9709   2.0230   2.0251   2.0347   2.0387   2.0410
  2.0522   2.1035   2.1178   2.1513   2.1557   2.1643   2.1821   2.1980
  2.2246   2.2309   2.2418   2.2439   2.2618   2.2933   2.3085   2.3097
  2.3548   2.3802   2.3906   2.4182   2.4188   2.4550   2.4804   2.4980
  2.5721   2.5744   2.5941   2.6006   2.6359   2.6453   2.6485   2.6508
  2.6634   2.6960   2.7001   2.7120   2.7151   2.7170   2.8058   2.8225
  2.8533   2.8596   2.8765   2.8793   2.8967   2.9130   2.9214   2.9298
  2.9717   3.0014   3.0059   3.0100   3.0428   3.0498   3.0607   3.0777
  3.0891   3.1134   3.2004   3.2123   3.2435   3.2597   3.2806   3.2985
  3.3330   3.3487   3.3530   3.3539   3.4140   3.4454   3.4465   3.4670
  3.4794   3.5220   3.5454   3.5546   3.5968   3.6128   3.6357   3.6405
  3.6923   3.7144   3.7252   3.7263   3.7732   3.8704   3.9220   3.9341
  3.9643   3.9768   4.0135   4.0403   4.0486   4.0596   4.0958   4.1042
  4.1325   4.3324   4.3337   4.3388   4.3670   4.4610   4.5078   4.5892
  4.6199   4.6852   5.0208   5.1229   5.1372   5.2379   5.2903   5.3372
  5.3503   5.3931   5.4583   5.4628   5.5364   5.5631   5.5662   5.6223
  5.6804   5.6810   5.6860   5.7215   5.7418   5.7972   5.8069   5.8644
  5.8723   5.9081   5.9551   5.9572   5.9724   6.0125   6.0236   6.0796
  6.1301   6.1532   6.1612   6.1635   6.1874   6.1902   6.1934   6.2026
  6.2381   6.2487   6.2945   6.3010   6.3165   6.3417   6.3744   6.3796
  6.3863   6.4137   6.4175   6.4254   6.4751   6.4969   6.5163   6.5385
  6.5525   6.5528   6.5850   6.5872   6.5914   6.6159   6.6442   6.6565
  6.6826   6.7027   6.7052   6.7345   6.7553   6.7816   6.7866   6.8240
  6.8614   6.9005   6.9142   6.9340   6.9367   6.9557   6.9693   7.0138
  7.0187   7.0623   7.0650   7.0810   7.1527   7.1944   7.1987   7.2262
  7.2325   7.3254   7.3285   7.3363   7.3698   7.4089   7.4292   7.4539
  7.5033   7.5245   7.6037   7.6269   7.6310   7.7235   7.7265   7.7575
  7.7700   7.7896   7.8097   7.8429   7.8496   7.8945   7.9117   7.9380
  7.9616   7.9890   8.0167   8.0510   8.0555   8.0614   8.1228   8.1543
  8.1753   8.1983   8.2036   8.2294   8.2318   8.2537   8.2581   8.2876
  8.2989   8.3223   8.3509   8.3580   8.3762   8.4040   8.4389   8.4690
  8.5301   8.5368   8.5441   8.5442   8.6416   8.6573   8.6868   8.7239
  8.7286   8.7578   8.7806   8.8343   8.8662   8.9022   8.9224   8.9424
  8.9487   8.9493   8.9503   8.9759   8.9859   9.0097   9.0178   9.0513
  9.0794   9.0855   9.0868   9.1093   9.1257   9.1585   9.1653   9.2322
  9.2359   9.2448   9.3080   9.3343   9.3651   9.3739   9.4161   9.4447
  9.4476   9.4705   9.5291   9.5339   9.5625   9.6312   9.6390   9.7754
  9.7875   9.8765  10.0150  10.0170  10.0256  10.0431  10.1052  10.1594
 10.2845  10.2922  10.4272  10.4443  10.4593  10.4694  10.4923  10.5079
 10.5237  10.5977  10.6044  10.7778  10.8812  10.8830  11.0129  11.0351
 11.1261  11.1945  11.4629  11.4910  12.0932  12.1562  12.3842  12.5107
 12.5345  13.3266  13.5585  13.6938  29.0199  29.7412  29.8505  29.9233
150.9223 151.6759 151.7678 151.8204
 --------------------------------------------------------------
 
          Ground-State Mulliken Net Atomic Charges

     Atom                 Charge (a.u.)
  ----------------------------------------
      1 C                     0.169261
      2 C                    -0.493505
      3 H                     0.124771
      4 H                     0.158166
      5 C                    -0.494545
      6 H                     0.187195
      7 H                     0.138748
      8 H                     0.186723
      9 C                    -0.512609
     10 H                     0.189657
     11 H                     0.189174
     12 H                     0.156963
  ----------------------------------------
  Sum of atomic charges =     0.000000

 -----------------------------------------------------------------
                    Cartesian Multipole Moments
 -----------------------------------------------------------------
    Charge (ESU x 10^10)
                -0.0000
    Dipole Moment (Debye)
         X       0.5056      Y      -0.2802      Z       0.0019
       Tot       0.5780
    Quadrupole Moments (Debye-Ang)
        XX     -24.0515     XY      -0.4109     YY     -26.1785
        XZ       0.0106     YZ       0.0007     ZZ     -28.3174
    Octopole Moments (Debye-Ang^2)
       XXX    -187.9366    XXY      -0.8494    XYY     -64.8217
       YYY       3.6213    XXZ       0.0208    XYZ       0.0048
       YYZ       0.0042    XZZ     -66.4335    YZZ      -1.3229
       ZZZ       0.0532
    Hexadecapole Moments (Debye-Ang^3)
      XXXX   -1145.9280   XXXY      -5.2103   XXYY    -229.1823
      XYYY       4.5761   YYYY    -207.6871   XXXZ      -0.2516
      XXYZ       0.0229   XYYZ      -0.0729   YYYZ      -0.0086
      XXZZ    -198.0096   XYZZ      -4.4985   YYZZ     -43.8027
      XZZZ      -0.1415   YZZZ      -0.0042   ZZZZ     -46.9955
 -----------------------------------------------------------------
 Total job time:  22.29s(wall), 585.44s(cpu) 
 Fri Aug  2 08:55:01 2024

        *************************************************************
        *                                                           *
        *  Thank you very much for using Q-Chem.  Have a nice day.  *
        *                                                           *
        *************************************************************


