
Running Job 1 of 1 n7-i1-triplet-B97mV.in
qchem n7-i1-triplet-B97mV.in_2429175.0 /expanse/lustre/scratch/whughes/temp_project/job_32713209/n7-i1-triplet-B97mV-32713209/ 0
/cm/shared/apps/spack/0.17.3/cpu/b/opt/spack/linux-rocky8-zen2/gcc-10.2.0/qchem-6.0-rytxnwjazd34ekd2gqyi5ufsaimxsd3r/exe/qcprog.exe_s n7-i1-triplet-B97mV.in_2429175.0 /expanse/lustre/scratch/whughes/temp_project/job_32713209/n7-i1-triplet-B97mV-32713209/
                  Welcome to Q-Chem
     A Quantum Leap Into The Future Of Chemistry


 Q-Chem 6.0, Q-Chem, Inc., Pleasanton, CA (2022)

 License issued to: University of California, San Diego (site)

 E. Epifanovsky,  A. T. B. Gilbert,  Xintian Feng,  Joonho Lee,  Yuezhi Mao,  
 N. Mardirossian,  P. Pokhilko,  A. White,  M. Wormit,  M. P. Coons,  
 A. L. Dempwolff,  Zhengting Gan,  D. Hait,  P. R. Horn,  L. D. Jacobson,  
 I. Kaliman,  J. Kussmann,  A. W. Lange,  Ka Un Lao,  D. S. Levine,  Jie Liu,  
 S. C. McKenzie,  A. F. Morrison,  K. Nanda,  F. Plasser,  D. R. Rehn,  
 M. L. Vidal,  Zhi-Qiang You,  Ying Zhu,  B. Alam,  B. Albrecht,  
 A. Aldossary,  E. Alguire,  J. H. Andersen,  V. Athavale,  D. Barton,  
 K. Begam,  A. Behn,  N. Bellonzi,  Y. A. Bernard,  E. J. Berquist,  
 H. Burton,  A. Carreras,  K. Carter-Fenk,  Romit Chakraborty,  
 Chandrima Chakravarty,  Junhan Chen,  A. D. Chien,  K. D. Closser,  
 V. Cofer-Shabica,  L. Cunha,  S. Dasgupta,  Jia Deng,  M. de Wergifosse,  
 M. Diedenhofen,  Hainam Do,  S. Ehlert,  Po-Tung Fang,  S. Fatehi,  
 Qingguo Feng,  T. Friedhoff,  B. Ganoe,  J. Gayvert,  Qinghui Ge,  
 G. Gidofalvi,  M. Goldey,  J. Gomes,  C. Gonzalez-Espinoza,  S. Gulania,  
 A. Gunina,  J. A. Gyamfi,  M. W. D. Hanson-Heine,  P. H. P. Harbach,  
 A. W. Hauser,  M. F. Herbst,  M. Hernandez Vera,  M. Hodecker,  
 Z. C. Holden,  S. Houck,  Xunkun Huang,  Kerwin Hui,  B. C. Huynh,  
 K. Ikeda,  M. Ivanov,  Hyunjun Ji,  Zuxin Jin,  Hanjie Jiang,  B. Kaduk,  
 S. Kaehler,  R. Kang,  K. Khistyaev,  Jaehoon Kim,  Yongbin Kim,  
 P. Klunzinger,  Z. Koczor-Benda,  Joong Hoon Koh,  D. Kosenkov,  
 Saikiran Kotaru,  L. Koulias,  T. Kowalczyk,  C. M. Krauter,  K. Kue,  
 A. Kunitsa,  T. Kus,  A. Landau,  K. V. Lawler,  D. Lefrancois,  S. Lehtola,  
 Rain Li,  Shaozhi Li,  Yi-Pei Li,  Jiashu Liang,  M. Liebenthal,  
 Hung-Hsuan Lin,  You-Sheng Lin,  Fenglai Liu,  Kuan-Yu Liu,  
 M. Loipersberger,  A. Luenser,  C. Malbon,  A. Manjanath,  P. Manohar,  
 E. Mansoor,  S. F. Manzer,  Shan-Ping Mao,  A. V. Marenich,  T. Markovich,  
 S. Mason,  F. Matz,  S. A. Maurer,  P. F. McLaughlin,  M. F. S. J. Menger,  
 J.-M. Mewes,  S. A. Mewes,  P. Morgante,  Mohammad Mostafanejad,  
 J. W. Mullinax,  K. J. Oosterbaan,  G. Paran,  V. Parravicini,  
 Alexander C. Paul,  Suranjan K. Paul,  F. Pavosevic,  Zheng Pei,  S. Prager,  
 E. I. Proynov,  E. Ramos,  B. Rana,  A. E. Rask,  A. Rettig,  R. M. Richard,  
 F. Rob,  E. Rossomme,  T. Scheele,  M. Scheurer,  M. Schneider,  
 P. E. Schneider,  N. Sergueev,  S. M. Sharada,  Hengyuan Shen,  
 W. Skomorowski,  D. W. Small,  C. J. Stein,  Yingli Su,  Yu-Chuan Su,  
 E. J. Sundstrom,  Zhen Tao,  J. Thirman,  Hung-Yi Tsai,  T. Tsuchimochi,  
 N. M. Tubman,  C. Utku,  S. P. Veccham,  O. Vydrov,  J. Wenzel,  
 Jonathan Wong,  J. Witte,  A. Yamada,  Chou-Hsun Yang,  Kun Yao,  
 S. Yeganeh,  S. R. Yost,  A. Zech,  F. Zeller,  Igor Ying Zhang,  
 Xing Zhang,  Yu Zhang,  D. Zuev,  A. Aspuru-Guzik,  A. T. Bell,  
 N. A. Besley,  K. B. Bravaya,  B. R. Brooks,  D. Casanova,  Jeng-Da Chai,  
 Hsing-Ta Chen,  S. Coriani,  C. J. Cramer,  A. E. DePrince, III,  
 R. A. DiStasio Jr.,  A. Dreuw,  B. D. Dunietz,  T. R. Furlani,  
 W. A. Goddard III,  S. Grimme,  S. Hammes-Schiffer,  T. Head-Gordon,  
 W. J. Hehre,  Chao-Ping Hsu,  T.-C. Jagau,  Yousung Jung,  A. Klamt,  
 Jing Kong,  D. S. Lambrecht,  Xiangyuan Li,  WanZhen Liang,  N. J. Mayhall,  
 C. W. McCurdy,  J. B. Neaton,  T. Neudecker,  C. Ochsenfeld,  
 J. A. Parkhill,  R. Peverati,  V. A. Rassolov,  Haisheng Ren,  Yihan Shao,  
 L. V. Slipchenko,  R. P. Steele,  J. E. Subotnik,  A. J. W. Thom,  
 A. Tkatchenko,  D. G. Truhlar,  T. Van Voorhis,  Fan Wang,  
 T. A. Wesolowski,  K. B. Whaley,  H. L. Woodcock III,  P. M. Zimmerman,  
 S. Faraji,  P. M. W. Gill,  M. Head-Gordon,  J. M. Herbert,  A. I. Krylov

 Contributors to earlier versions of Q-Chem not listed above: 
 R. D. Adamson,  B. Austin,  R. Baer,  J. Baker,  G. J. O. Beran,  
 K. Brandhorst,  S. T. Brown,  E. F. C. Byrd,  Arup K. Chakraborty,  
 G. K. L. Chan,  Chun-Min Chang,  Yunqing Chen,  C.-L. Cheng,  
 Siu Hung Chien,  D. M. Chipman,  D. L. Crittenden,  H. Dachsel,  
 R. J. Doerksen,  A. D. Dutoi,  R. G. Edgar,  J. Fosso-Tande,  
 L. Fusti-Molnar,  D. Ghosh,  A. Ghysels,  A. Golubeva-Zadorozhnaya,  
 J. Gonthier,  M. S. Gordon,  S. R. Gwaltney,  G. Hawkins,  J. E. Herr,  
 A. Heyden,  S. Hirata,  E. G. Hohenstein,  G. Kedziora,  F. J. Keil,  
 C. Kelley,  Jihan Kim,  R. A. King,  R. Z. Khaliullin,  P. P. Korambath,  
 W. Kurlancheek,  A. Laurent,  A. M. Lee,  M. S. Lee,  S. V. Levchenko,  
 Ching Yeh Lin,  D. Liotard,  E. Livshits,  R. C. Lochan,  I. Lotan,  
 L. A. Martinez-Martinez,  P. E. Maslen,  N. Nair,  D. P. O'Neill,  
 D. Neuhauser,  E. Neuscamman,  C. M. Oana,  R. Olivares-Amaya,  R. Olson,  
 T. M. Perrine,  B. Peters,  P. A. Pieniazek,  A. Prociuk,  Y. M. Rhee,  
 J. Ritchie,  M. A. Rohrdanz,  E. Rosta,  N. J. Russ,  H. F. Schaefer III,  
 M. W. Schmidt,  N. E. Schultz,  S. Sharma,  N. Shenvi,  C. D. Sherrill,  
 A. C. Simmonett,  A. Sodt,  T. Stein,  D. Stuck,  K. S. Thanthiriwatte,  
 V. Vanovschi,  L. Vogt,  Tao Wang,  A. Warshel,  M. A. Watson,  
 C. F. Williams,  Q. Wu,  X. Xu,  Jun Yang,  W. Zhang,  Yan Zhao

   Please cite Q-Chem as follows:
  "Software for the frontiers of quantum chemistry:
   An overview of developments in the Q-Chem 5 package"
   J. Chem. Phys. 155, 084801 (2021)
   https://doi.org/10.1063/5.0055522 (open access)

 Q-Chem 6.0.2 for Intel X86 EM64T Linux

 Parts of Q-Chem use Armadillo 9.900.5 (Nocturnal Misbehaviour).
 http://arma.sourceforge.net/

 Q-Chem begins on Fri Aug  2 08:49:23 2024  

 Host: 
0

     Scratch files written to /expanse/lustre/scratch/whughes/temp_project/job_32713209/n7-i1-triplet-B97mV-32713209//
 Dec722 |scratch|qcdevops|jenkins|workspace|build_RNUM    
 Processing $rem in /cm/shared/apps/spack/0.17.3/cpu/b/opt/spack/linux-rocky8-zen2/gcc-10.2.0/qchem-6.0-rytxnwjazd34ekd2gqyi5ufsaimxsd3r/config/preferences:
 Processing $rem in /home/whughes/.qchemrc:

 Checking the input file for inconsistencies... 	...done.

--------------------------------------------------------------
User input:
--------------------------------------------------------------
$molecule
0 3
C    1.7993488259    -0.5622542513   0.2911753306
C    3.0447470827    0.1969817901    0.2184841081
H    2.8162711849    1.2440694567    -0.0111420537
H    3.5907921772    0.1625525922    1.1650667994
H    3.7056032872    -0.1910086765   -0.561325373
C    0.4680893495    -0.28265873     0.1451895786
S    -0.7672273508   -1.5206864659   0.3167300518
C    -1.3777629564   0.8737106131    -0.2146698422
C    -1.962927759    -0.3461564636   -0.0035323657
H    -1.9293843749   1.7773946029    -0.4366911374
H    -3.0122156214   -0.5895792485   -0.0234916668
N    -0.0368588449   0.9269220308    -0.1363395597
$end

$rem
METHOD      B97M-V
BASIS       def2-QZVPP
SYM_IGNORE   TRUE
DFT_D       false
MAX_SCF_CYCLES 300
$end

$end
--------------------------------------------------------------
 ----------------------------------------------------------------
             Standard Nuclear Orientation (Angstroms)
    I     Atom           X                Y                Z
 ----------------------------------------------------------------
    1      C       1.7993488259    -0.5622542513     0.2911753306
    2      C       3.0447470827     0.1969817901     0.2184841081
    3      H       2.8162711849     1.2440694567    -0.0111420537
    4      H       3.5907921772     0.1625525922     1.1650667994
    5      H       3.7056032872    -0.1910086765    -0.5613253730
    6      C       0.4680893495    -0.2826587300     0.1451895786
    7      S      -0.7672273508    -1.5206864659     0.3167300518
    8      C      -1.3777629564     0.8737106131    -0.2146698422
    9      C      -1.9629277590    -0.3461564636    -0.0035323657
   10      H      -1.9293843749     1.7773946029    -0.4366911374
   11      H      -3.0122156214    -0.5895792485    -0.0234916668
   12      N      -0.0368588449     0.9269220308    -0.1363395597
 ----------------------------------------------------------------
 Nuclear Repulsion Energy =         326.40561778 hartrees
 There are       30 alpha and       28 beta electrons
 Requested basis set is def2-QZVPP
 There are 174 shells and 562 basis functions

 Total QAlloc Memory Limit   8000 MB
 Mega-Array Size       188 MB
 MEM_STATIC part       192 MB


                       Distance Matrix (Angstroms)
             C (  1)   C (  2)   H (  3)   H (  4)   H (  5)   C (  6)
   C (  2)  1.460390
   H (  3)  2.094835  1.096048
   H (  4)  2.120920  1.093330  1.775677
   H (  5)  2.120940  1.093330  1.775686  1.765961
   C (  6)  1.368115  2.621944  2.805227  3.315062  3.314975
   S (  7)  2.739810  4.182246  4.537933  4.748189  4.748183  1.757312
   C (  8)  3.523055  4.494906  4.215271  5.205378  5.205229  2.207682
   C (  9)  3.779984  5.041934  5.036826  5.698089  5.698021  2.436390
   H ( 10)  4.461748  5.260128  4.794452  5.970401  5.970195  3.214076
   H ( 11)  4.821920  6.112612  6.110129  6.751154  6.751090  3.497882
   N ( 12)  2.402514  3.186692  2.873431  3.929093  3.928919  1.340641
             S (  7)   C (  8)   C (  9)   H ( 10)   H ( 11)
   C (  8)  2.527504
   C (  9)  1.706396  1.369333
   H ( 10)  3.577093  1.081769  2.167538
   H ( 11)  2.454116  2.202090  1.077338  2.635493
   N ( 12)  2.594128  1.344244  2.312598  2.096465  3.341446
 
 A cutoff of  1.0D-09 yielded  11576 shell pairs
 There are    121330 function pairs (    183876 Cartesian)
 Smallest overlap matrix eigenvalue = 4.24E-05

 Scale SEOQF with 1.000000e-01/1.000000e-01/1.000000e-01

 Standard Electronic Orientation quadrupole field applied
 Nucleus-field energy     =     0.0000000095 hartrees
 Guess from superposition of atomic densities
 Warning:  Energy on first SCF cycle will be non-variational
 SAD guess density has 58.000000 electrons

 -----------------------------------------------------------------------
  General SCF calculation program by
  Eric Jon Sundstrom, Paul Horn, Yuezhi Mao, Dmitri Zuev, Alec White,
  David Stuck, Shaama M.S., Shane Yost, Joonho Lee, David Small,
  Daniel Levine, Susi Lehtola, Hugh Burton, Evgeny Epifanovsky,
  Bang C. Huynh
 -----------------------------------------------------------------------
 Exchange:  B97M-V      Correlation:  B97M-V
 Using SG-2 standard quadrature grid
 Nonlocal Correlation:  VV10 with C = 0.0100 and b = 6.00 and scale = 1.00000
 Grid used for NLC:  SG-1 standard quadrature
 using 32 threads for integral computing
 -------------------------------------------------------
 OpenMP Integral computing Module                
 Release: version 1.0, May 2013, Q-Chem Inc. Pittsburgh 
 -------------------------------------------------------
 A unrestricted SCF calculation will be
 performed using DIIS
 SCF converges when DIIS error is below 1.0e-05
 ---------------------------------------
  Cycle       Energy         DIIS error
 ---------------------------------------
    1    -647.7075680267      7.97e-03  
    2    -646.2017515379      1.01e-03  
    3    -645.5976820398      2.11e-03  
    4    -646.3364053595      5.07e-04  
    5    -646.3731101438      2.15e-04  
    6    -646.3793336644      8.11e-05  
    7    -646.3802743539      3.84e-05  
    8    -646.3805153177      1.84e-05  
    9    -646.3805893190      7.72e-06  Convergence criterion met
 ---------------------------------------
 SCF time:   CPU 1133.14s  wall 36.00s 
<S^2> =          2.029584439
 SCF   energy in the final basis set =     -646.3805893190
 Total energy in the final basis set =     -646.3805893190
 
 --------------------------------------------------------------
 
                    Orbital Energies (a.u.)
 --------------------------------------------------------------
 
 Alpha MOs
 -- Occupied --
-88.9997 -14.3363 -10.2459 -10.2271 -10.2147 -10.2138 -10.1968  -8.0048
 -5.8741  -5.8709  -5.8694  -0.9524  -0.7918  -0.7847  -0.7189  -0.6306
 -0.5669  -0.5032  -0.4681  -0.4228  -0.4188  -0.4144  -0.3893  -0.3799
 -0.3445  -0.2807  -0.2670  -0.2622  -0.2266  -0.1698
 -- Virtual --
 -0.0271  -0.0128   0.0127   0.0189   0.0310   0.0487   0.0613   0.0710
  0.0749   0.0811   0.0963   0.1063   0.1178   0.1279   0.1306   0.1333
  0.1569   0.1579   0.1685   0.1775   0.2079   0.2207   0.2215   0.2302
  0.2415   0.2557   0.2645   0.2883   0.2911   0.2947   0.2987   0.3018
  0.3200   0.3261   0.3318   0.3487   0.3537   0.3621   0.3674   0.3734
  0.3932   0.4261   0.4300   0.4545   0.4594   0.4747   0.4813   0.5003
  0.5147   0.5196   0.5350   0.5417   0.5616   0.5976   0.6122   0.6144
  0.6363   0.6524   0.6602   0.6669   0.6836   0.6844   0.6889   0.7102
  0.7119   0.7333   0.7548   0.7632   0.7774   0.7838   0.7928   0.7936
  0.8166   0.8176   0.8223   0.8273   0.8359   0.8519   0.8539   0.8741
  0.8859   0.9056   0.9374   0.9401   0.9521   0.9566   0.9710   0.9817
  1.0009   1.0152   1.0230   1.0236   1.0427   1.0477   1.0518   1.0602
  1.0725   1.0908   1.1078   1.1213   1.1247   1.1267   1.1686   1.1930
  1.2027   1.2144   1.2213   1.2248   1.2595   1.2860   1.2899   1.3052
  1.3284   1.3469   1.3571   1.3677   1.3810   1.4327   1.4435   1.4901
  1.4994   1.5184   1.5417   1.5630   1.5690   1.5739   1.5960   1.6017
  1.6625   1.6745   1.6860   1.6907   1.7079   1.7826   1.7911   1.8088
  1.8133   1.8260   1.8283   1.8363   1.8579   1.8784   1.8839   1.9238
  1.9269   1.9352   1.9424   1.9586   1.9812   1.9868   1.9989   2.0077
  2.0309   2.0313   2.0612   2.0816   2.0831   2.1013   2.1097   2.1323
  2.1387   2.1646   2.1909   2.1956   2.2041   2.2086   2.2214   2.2394
  2.2480   2.2592   2.2663   2.3044   2.3191   2.3191   2.3303   2.3494
  2.3686   2.3820   2.3955   2.4255   2.4297   2.4612   2.4677   2.4930
  2.5147   2.5274   2.5445   2.5568   2.5673   2.5868   2.5969   2.6257
  2.6268   2.6486   2.6667   2.6732   2.6853   2.6977   2.7117   2.7376
  2.7386   2.7543   2.7622   2.7671   2.8049   2.8089   2.8233   2.8386
  2.8807   2.8848   2.9053   2.9231   2.9542   2.9660   2.9814   3.0005
  3.0082   3.0340   3.0355   3.0527   3.0854   3.1020   3.1311   3.1532
  3.1937   3.2051   3.2065   3.2520   3.2559   3.2709   3.2819   3.3031
  3.3242   3.3314   3.3426   3.3723   3.3844   3.4132   3.4152   3.4255
  3.4702   3.4808   3.4964   3.5289   3.5318   3.5462   3.5752   3.5864
  3.6109   3.6120   3.6364   3.6450   3.6823   3.6874   3.7201   3.7522
  3.7950   3.8040   3.8289   3.8461   3.8685   3.8971   3.9064   3.9659
  3.9743   3.9779   4.0098   4.0402   4.0470   4.0563   4.0667   4.1124
  4.1465   4.1731   4.1987   4.2262   4.2314   4.2758   4.2934   4.3099
  4.3431   4.4001   4.4520   4.4948   4.5102   4.6178   4.7215   4.8167
  4.8983   4.9447   4.9889   5.0911   5.0923   5.1149   5.1362   5.1482
  5.1568   5.2083   5.2560   5.2906   5.3044   5.3516   5.3708   5.3877
  5.4166   5.4187   5.4524   5.4899   5.5452   5.5815   5.6029   5.6127
  5.6247   5.6420   5.6952   5.6968   5.7449   5.7578   5.7786   5.8307
  5.8424   5.8777   5.8905   5.9369   5.9700   5.9934   5.9943   6.0502
  6.0573   6.0616   6.0961   6.0968   6.1060   6.1254   6.1333   6.1732
  6.1788   6.1946   6.1965   6.2520   6.2541   6.2740   6.2943   6.3151
  6.3259   6.3334   6.3607   6.3908   6.3947   6.4011   6.4143   6.4511
  6.4610   6.4804   6.4990   6.5269   6.5405   6.5661   6.5761   6.5910
  6.5968   6.6087   6.6158   6.6380   6.6391   6.6663   6.6877   6.7092
  6.7194   6.7283   6.7712   6.7762   6.7999   6.8165   6.8261   6.8600
  6.9088   6.9239   6.9367   6.9544   6.9750   7.0230   7.0247   7.0542
  7.1099   7.1534   7.1669   7.2065   7.2510   7.2827   7.2877   7.3220
  7.3323   7.3683   7.3957   7.4178   7.4547   7.4790   7.5175   7.5908
  7.6281   7.6369   7.7047   7.7230   7.7293   7.7580   7.7591   7.7944
  7.8117   7.8657   7.8940   7.9051   7.9502   7.9730   8.0369   8.0744
  8.0776   8.1051   8.1122   8.1275   8.1408   8.1761   8.1868   8.1972
  8.2294   8.2469   8.2481   8.2935   8.3480   8.3665   8.3784   8.3870
  8.4048   8.4455   8.4549   8.4847   8.5237   8.6099   8.6341   8.6453
  8.6866   8.7060   8.7287   8.7641   8.8153   8.8160   8.8371   8.8694
  8.8736   8.8987   8.9141   8.9329   8.9415   8.9554   8.9676   8.9880
  9.0207   9.0428   9.0685   9.1108   9.1133   9.1692   9.1983   9.2025
  9.2605   9.2815   9.2949   9.3334   9.3372   9.3748   9.4302   9.4411
  9.4891   9.5113   9.5582   9.5938   9.6412   9.6519   9.6918   9.7517
  9.8604   9.9162   9.9400   9.9966  10.0591  10.1649  10.1993  10.2617
 10.2981  10.3452  10.3866  10.4002  10.4713  10.5132  10.6069  10.7029
 10.7126  10.7466  10.7941  10.7999  10.8640  10.9802  11.0089  11.0502
 11.1991  11.5973  11.9651  12.0350  12.1595  12.2873  12.4579  12.7868
 13.2185  13.5238  25.3029  28.5151  28.9822  29.0255  29.4308  29.5215
 29.5481  29.7418  29.7785  38.5202  85.5282 150.4253 150.8698 151.3248
151.6077 151.7045 201.2954 456.7166
 
 Beta MOs
 -- Occupied --
-88.9986 -14.3297 -10.2479 -10.2154 -10.2102 -10.2018 -10.1967  -8.0043
 -5.8732  -5.8702  -5.8670  -0.9442  -0.7767  -0.7648  -0.7145  -0.6108
 -0.5592  -0.4936  -0.4531  -0.4117  -0.4043  -0.4021  -0.3804  -0.3729
 -0.3415  -0.2606  -0.2542  -0.2491
 -- Virtual --
 -0.1111  -0.1083  -0.0082  -0.0076   0.0176   0.0326   0.0388   0.0578
  0.0638   0.0762   0.0792   0.0842   0.1048   0.1121   0.1246   0.1318
  0.1354   0.1402   0.1603   0.1726   0.1798   0.1842   0.2124   0.2288
  0.2308   0.2358   0.2516   0.2643   0.2682   0.2927   0.2971   0.3005
  0.3033   0.3124   0.3257   0.3365   0.3423   0.3564   0.3626   0.3728
  0.3738   0.3825   0.3999   0.4303   0.4415   0.4604   0.4705   0.4854
  0.4902   0.5135   0.5228   0.5381   0.5427   0.5569   0.5672   0.6056
  0.6218   0.6250   0.6479   0.6633   0.6681   0.6772   0.6939   0.6957
  0.6975   0.7158   0.7310   0.7518   0.7646   0.7707   0.7909   0.7927
  0.8018   0.8061   0.8236   0.8285   0.8342   0.8412   0.8462   0.8644
  0.8654   0.8830   0.8911   0.9173   0.9448   0.9531   0.9651   0.9669
  0.9807   0.9903   1.0130   1.0242   1.0283   1.0344   1.0490   1.0539
  1.0608   1.0678   1.0888   1.1024   1.1240   1.1328   1.1354   1.1373
  1.1761   1.2011   1.2099   1.2268   1.2309   1.2368   1.2725   1.2994
  1.3016   1.3117   1.3414   1.3556   1.3684   1.3813   1.3878   1.4410
  1.4558   1.5002   1.5112   1.5258   1.5512   1.5717   1.5794   1.5891
  1.6085   1.6178   1.6677   1.6867   1.7007   1.7296   1.7396   1.7990
  1.8034   1.8159   1.8318   1.8367   1.8385   1.8510   1.8812   1.8938
  1.9095   1.9344   1.9472   1.9522   1.9618   1.9810   1.9946   2.0037
  2.0212   2.0215   2.0497   2.0537   2.0745   2.1019   2.1031   2.1276
  2.1419   2.1531   2.1675   2.1838   2.2027   2.2080   2.2175   2.2283
  2.2538   2.2554   2.2631   2.2704   2.2802   2.3216   2.3372   2.3455
  2.3615   2.3733   2.3880   2.4042   2.4253   2.4417   2.4513   2.4824
  2.4832   2.5148   2.5444   2.5496   2.5577   2.5739   2.5836   2.6164
  2.6239   2.6434   2.6474   2.6678   2.6739   2.6950   2.7067   2.7243
  2.7266   2.7526   2.7535   2.7682   2.7746   2.7815   2.8216   2.8281
  2.8396   2.8532   2.8954   2.8984   2.9273   2.9484   2.9749   2.9815
  2.9948   3.0189   3.0189   3.0523   3.0540   3.0695   3.1040   3.1286
  3.1512   3.1701   3.2148   3.2222   3.2239   3.2699   3.2749   3.2982
  3.3034   3.3244   3.3498   3.3514   3.3570   3.3941   3.3986   3.4306
  3.4313   3.4455   3.4908   3.4963   3.5079   3.5460   3.5491   3.5689
  3.6021   3.6116   3.6246   3.6265   3.6538   3.6579   3.6981   3.7019
  3.7378   3.7720   3.8121   3.8225   3.8473   3.8631   3.8941   3.9158
  3.9226   3.9899   3.9979   3.9982   4.0265   4.0579   4.0657   4.0747
  4.0912   4.1384   4.1636   4.1839   4.2240   4.2381   4.2511   4.3028
  4.3111   4.3257   4.3680   4.4245   4.4689   4.5202   4.5340   4.6354
  4.7595   4.8462   4.9154   4.9715   5.0023   5.1250   5.1322   5.1458
  5.1564   5.1951   5.1966   5.2306   5.2873   5.3295   5.3478   5.3916
  5.3980   5.4270   5.4343   5.4509   5.4871   5.5505   5.5757   5.6254
  5.6346   5.6527   5.6528   5.6691   5.7240   5.7291   5.7572   5.7861
  5.8152   5.8479   5.8787   5.9050   5.9159   5.9808   6.0067   6.0268
  6.0391   6.0628   6.0839   6.0928   6.1264   6.1283   6.1478   6.1616
  6.1703   6.1890   6.1968   6.2214   6.2412   6.2807   6.3065   6.3095
  6.3366   6.3515   6.3523   6.3731   6.3915   6.4358   6.4398   6.4451
  6.4472   6.4808   6.5018   6.5101   6.5291   6.5379   6.5690   6.5891
  6.5951   6.6130   6.6180   6.6388   6.6565   6.6727   6.6845   6.6858
  6.7183   6.7375   6.7491   6.7513   6.7900   6.8048   6.8186   6.8448
  6.8738   6.8794   6.9480   6.9491   6.9828   6.9932   7.0082   7.0426
  7.0556   7.0888   7.1381   7.1797   7.2019   7.2571   7.2720   7.3195
  7.3275   7.3552   7.3684   7.3892   7.4323   7.4578   7.4945   7.5221
  7.5681   7.6259   7.6690   7.6809   7.7275   7.7468   7.7513   7.7916
  7.7957   7.8292   7.8487   7.8942   7.9077   7.9374   7.9636   7.9949
  8.0549   8.1015   8.1069   8.1288   8.1304   8.1552   8.1643   8.2016
  8.2120   8.2129   8.2613   8.2736   8.2830   8.3122   8.3756   8.3908
  8.3927   8.4186   8.4210   8.4713   8.4788   8.5146   8.5464   8.6376
  8.6397   8.6537   8.7047   8.7407   8.7427   8.7733   8.8281   8.8437
  8.8627   8.8790   8.8954   8.9136   8.9282   8.9572   8.9597   8.9790
  8.9835   9.0090   9.0600   9.0711   9.0945   9.1418   9.1607   9.2006
  9.2117   9.2229   9.2790   9.3021   9.3127   9.3648   9.3693   9.3992
  9.4449   9.4768   9.5055   9.5194   9.6232   9.6246   9.6750   9.6801
  9.7267   9.7684   9.8827   9.9626   9.9974  10.0538  10.0835  10.1837
 10.2568  10.2938  10.2970  10.4051  10.4229  10.4367  10.5138  10.5471
 10.6267  10.7025  10.7372  10.7860  10.8291  10.8333  10.9027  11.0176
 11.0478  11.1173  11.2353  11.6119  11.9905  12.0778  12.2195  12.3197
 12.4977  12.7839  13.2082  13.5738  25.3069  28.5725  28.9953  29.0311
 29.4681  29.5264  29.5537  29.7481  29.7925  38.5443  85.5326 150.4611
150.8785 151.3472 151.6101 151.7069 201.3111 456.7193
 --------------------------------------------------------------
 
          Ground-State Mulliken Net Atomic Charges

     Atom                 Charge (a.u.)    Spin (a.u.)
  --------------------------------------------------------
      1 C                    -0.044619       1.592937
      2 C                    -0.411110      -0.038576
      3 H                     0.149344       0.040323
      4 H                     0.173849       0.015812
      5 H                     0.192670       0.016255
      6 C                     0.225275      -0.198283
      7 S                    -0.049950       0.116603
      8 C                    -0.089889      -0.067080
      9 C                    -0.150223       0.264121
     10 H                     0.197633       0.001956
     11 H                     0.151129      -0.009391
     12 N                    -0.344109       0.265325
  --------------------------------------------------------
  Sum of atomic charges =    -0.000000
  Sum of spin   charges =     2.000000

 -----------------------------------------------------------------
                    Cartesian Multipole Moments
 -----------------------------------------------------------------
    Charge (ESU x 10^10)
                -0.0000
    Dipole Moment (Debye)
         X      -0.0144      Y      -0.1946      Z       0.0416
       Tot       0.1995
    Quadrupole Moments (Debye-Ang)
        XX     -37.7511     XY      -0.2067     YY     -50.2422
        XZ       0.8701     YZ       0.0203     ZZ     -49.9923
    Octopole Moments (Debye-Ang^2)
       XXX      -8.9957    XXY      14.9817    XYY      -9.1550
       YYY      42.2554    XXZ      -5.6557    XYZ       1.7881
       YYZ      -6.3833    XZZ      -0.9942    YZZ      14.1638
       ZZZ     -17.1900
    Hexadecapole Moments (Debye-Ang^3)
      XXXX    -778.9934   XXXY     -19.5301   XXYY    -195.3689
      XYYY     -35.3293   YYYY    -332.6128   XXXZ     -16.6512
      XXYZ       8.6255   XYYZ      -6.2174   YYYZ      25.4810
      XXZZ    -160.6435   XYZZ     -11.2491   YYZZ     -71.4684
      XZZZ     -20.4442   YZZZ      29.2547   ZZZZ     -82.3027
 -----------------------------------------------------------------
 Total job time:  37.51s(wall), 1158.82s(cpu) 
 Fri Aug  2 08:50:00 2024

        *************************************************************
        *                                                           *
        *  Thank you very much for using Q-Chem.  Have a nice day.  *
        *                                                           *
        *************************************************************


