
Running Job 1 of 2 CA2-P1_rdkit_conf_2_wb97xd-B97mV-readSCF.in
qchem CA2-P1_rdkit_conf_2_wb97xd-B97mV-readSCF.in_549226.0 /expanse/lustre/scratch/whughes/temp_project/job_36180178/CA2-P1_rdkit_conf_2_wb97xd-B97mV-readSCF-36180178/ 0
/cm/shared/apps/spack/0.17.3/cpu/b/opt/spack/linux-rocky8-zen2/gcc-10.2.0/qchem-6.0-rytxnwjazd34ekd2gqyi5ufsaimxsd3r/exe/qcprog.exe_s CA2-P1_rdkit_conf_2_wb97xd-B97mV-readSCF.in_549226.0 /expanse/lustre/scratch/whughes/temp_project/job_36180178/CA2-P1_rdkit_conf_2_wb97xd-B97mV-readSCF-36180178/
                  Welcome to Q-Chem
     A Quantum Leap Into The Future Of Chemistry


 Q-Chem 6.0, Q-Chem, Inc., Pleasanton, CA (2022)

 License issued to: University of California, San Diego (site)

 E. Epifanovsky,  A. T. B. Gilbert,  Xintian Feng,  Joonho Lee,  Yuezhi Mao,  
 N. Mardirossian,  P. Pokhilko,  A. White,  M. Wormit,  M. P. Coons,  
 A. L. Dempwolff,  Zhengting Gan,  D. Hait,  P. R. Horn,  L. D. Jacobson,  
 I. Kaliman,  J. Kussmann,  A. W. Lange,  Ka Un Lao,  D. S. Levine,  Jie Liu,  
 S. C. McKenzie,  A. F. Morrison,  K. Nanda,  F. Plasser,  D. R. Rehn,  
 M. L. Vidal,  Zhi-Qiang You,  Ying Zhu,  B. Alam,  B. Albrecht,  
 A. Aldossary,  E. Alguire,  J. H. Andersen,  V. Athavale,  D. Barton,  
 K. Begam,  A. Behn,  N. Bellonzi,  Y. A. Bernard,  E. J. Berquist,  
 H. Burton,  A. Carreras,  K. Carter-Fenk,  Romit Chakraborty,  
 Chandrima Chakravarty,  Junhan Chen,  A. D. Chien,  K. D. Closser,  
 V. Cofer-Shabica,  L. Cunha,  S. Dasgupta,  Jia Deng,  M. de Wergifosse,  
 M. Diedenhofen,  Hainam Do,  S. Ehlert,  Po-Tung Fang,  S. Fatehi,  
 Qingguo Feng,  T. Friedhoff,  B. Ganoe,  J. Gayvert,  Qinghui Ge,  
 G. Gidofalvi,  M. Goldey,  J. Gomes,  C. Gonzalez-Espinoza,  S. Gulania,  
 A. Gunina,  J. A. Gyamfi,  M. W. D. Hanson-Heine,  P. H. P. Harbach,  
 A. W. Hauser,  M. F. Herbst,  M. Hernandez Vera,  M. Hodecker,  
 Z. C. Holden,  S. Houck,  Xunkun Huang,  Kerwin Hui,  B. C. Huynh,  
 K. Ikeda,  M. Ivanov,  Hyunjun Ji,  Zuxin Jin,  Hanjie Jiang,  B. Kaduk,  
 S. Kaehler,  R. Kang,  K. Khistyaev,  Jaehoon Kim,  Yongbin Kim,  
 P. Klunzinger,  Z. Koczor-Benda,  Joong Hoon Koh,  D. Kosenkov,  
 Saikiran Kotaru,  L. Koulias,  T. Kowalczyk,  C. M. Krauter,  K. Kue,  
 A. Kunitsa,  T. Kus,  A. Landau,  K. V. Lawler,  D. Lefrancois,  S. Lehtola,  
 Rain Li,  Shaozhi Li,  Yi-Pei Li,  Jiashu Liang,  M. Liebenthal,  
 Hung-Hsuan Lin,  You-Sheng Lin,  Fenglai Liu,  Kuan-Yu Liu,  
 M. Loipersberger,  A. Luenser,  C. Malbon,  A. Manjanath,  P. Manohar,  
 E. Mansoor,  S. F. Manzer,  Shan-Ping Mao,  A. V. Marenich,  T. Markovich,  
 S. Mason,  F. Matz,  S. A. Maurer,  P. F. McLaughlin,  M. F. S. J. Menger,  
 J.-M. Mewes,  S. A. Mewes,  P. Morgante,  Mohammad Mostafanejad,  
 J. W. Mullinax,  K. J. Oosterbaan,  G. Paran,  V. Parravicini,  
 Alexander C. Paul,  Suranjan K. Paul,  F. Pavosevic,  Zheng Pei,  S. Prager,  
 E. I. Proynov,  E. Ramos,  B. Rana,  A. E. Rask,  A. Rettig,  R. M. Richard,  
 F. Rob,  E. Rossomme,  T. Scheele,  M. Scheurer,  M. Schneider,  
 P. E. Schneider,  N. Sergueev,  S. M. Sharada,  Hengyuan Shen,  
 W. Skomorowski,  D. W. Small,  C. J. Stein,  Yingli Su,  Yu-Chuan Su,  
 E. J. Sundstrom,  Zhen Tao,  J. Thirman,  Hung-Yi Tsai,  T. Tsuchimochi,  
 N. M. Tubman,  C. Utku,  S. P. Veccham,  O. Vydrov,  J. Wenzel,  
 Jonathan Wong,  J. Witte,  A. Yamada,  Chou-Hsun Yang,  Kun Yao,  
 S. Yeganeh,  S. R. Yost,  A. Zech,  F. Zeller,  Igor Ying Zhang,  
 Xing Zhang,  Yu Zhang,  D. Zuev,  A. Aspuru-Guzik,  A. T. Bell,  
 N. A. Besley,  K. B. Bravaya,  B. R. Brooks,  D. Casanova,  Jeng-Da Chai,  
 Hsing-Ta Chen,  S. Coriani,  C. J. Cramer,  A. E. DePrince, III,  
 R. A. DiStasio Jr.,  A. Dreuw,  B. D. Dunietz,  T. R. Furlani,  
 W. A. Goddard III,  S. Grimme,  S. Hammes-Schiffer,  T. Head-Gordon,  
 W. J. Hehre,  Chao-Ping Hsu,  T.-C. Jagau,  Yousung Jung,  A. Klamt,  
 Jing Kong,  D. S. Lambrecht,  Xiangyuan Li,  WanZhen Liang,  N. J. Mayhall,  
 C. W. McCurdy,  J. B. Neaton,  T. Neudecker,  C. Ochsenfeld,  
 J. A. Parkhill,  R. Peverati,  V. A. Rassolov,  Haisheng Ren,  Yihan Shao,  
 L. V. Slipchenko,  R. P. Steele,  J. E. Subotnik,  A. J. W. Thom,  
 A. Tkatchenko,  D. G. Truhlar,  T. Van Voorhis,  Fan Wang,  
 T. A. Wesolowski,  K. B. Whaley,  H. L. Woodcock III,  P. M. Zimmerman,  
 S. Faraji,  P. M. W. Gill,  M. Head-Gordon,  J. M. Herbert,  A. I. Krylov

 Contributors to earlier versions of Q-Chem not listed above: 
 R. D. Adamson,  B. Austin,  R. Baer,  J. Baker,  G. J. O. Beran,  
 K. Brandhorst,  S. T. Brown,  E. F. C. Byrd,  Arup K. Chakraborty,  
 G. K. L. Chan,  Chun-Min Chang,  Yunqing Chen,  C.-L. Cheng,  
 Siu Hung Chien,  D. M. Chipman,  D. L. Crittenden,  H. Dachsel,  
 R. J. Doerksen,  A. D. Dutoi,  R. G. Edgar,  J. Fosso-Tande,  
 L. Fusti-Molnar,  D. Ghosh,  A. Ghysels,  A. Golubeva-Zadorozhnaya,  
 J. Gonthier,  M. S. Gordon,  S. R. Gwaltney,  G. Hawkins,  J. E. Herr,  
 A. Heyden,  S. Hirata,  E. G. Hohenstein,  G. Kedziora,  F. J. Keil,  
 C. Kelley,  Jihan Kim,  R. A. King,  R. Z. Khaliullin,  P. P. Korambath,  
 W. Kurlancheek,  A. Laurent,  A. M. Lee,  M. S. Lee,  S. V. Levchenko,  
 Ching Yeh Lin,  D. Liotard,  E. Livshits,  R. C. Lochan,  I. Lotan,  
 L. A. Martinez-Martinez,  P. E. Maslen,  N. Nair,  D. P. O'Neill,  
 D. Neuhauser,  E. Neuscamman,  C. M. Oana,  R. Olivares-Amaya,  R. Olson,  
 T. M. Perrine,  B. Peters,  P. A. Pieniazek,  A. Prociuk,  Y. M. Rhee,  
 J. Ritchie,  M. A. Rohrdanz,  E. Rosta,  N. J. Russ,  H. F. Schaefer III,  
 M. W. Schmidt,  N. E. Schultz,  S. Sharma,  N. Shenvi,  C. D. Sherrill,  
 A. C. Simmonett,  A. Sodt,  T. Stein,  D. Stuck,  K. S. Thanthiriwatte,  
 V. Vanovschi,  L. Vogt,  Tao Wang,  A. Warshel,  M. A. Watson,  
 C. F. Williams,  Q. Wu,  X. Xu,  Jun Yang,  W. Zhang,  Yan Zhao

   Please cite Q-Chem as follows:
  "Software for the frontiers of quantum chemistry:
   An overview of developments in the Q-Chem 5 package"
   J. Chem. Phys. 155, 084801 (2021)
   https://doi.org/10.1063/5.0055522 (open access)

 Q-Chem 6.0.2 for Intel X86 EM64T Linux

 Parts of Q-Chem use Armadillo 9.900.5 (Nocturnal Misbehaviour).
 http://arma.sourceforge.net/

 Q-Chem begins on Mon Jan  6 16:06:41 2025  

 Host: 
0

     Scratch files written to /expanse/lustre/scratch/whughes/temp_project/job_36180178/CA2-P1_rdkit_conf_2_wb97xd-B97mV-readSCF-36180178//
 Dec722 |scratch|qcdevops|jenkins|workspace|build_RNUM    
 Processing $rem in /cm/shared/apps/spack/0.17.3/cpu/b/opt/spack/linux-rocky8-zen2/gcc-10.2.0/qchem-6.0-rytxnwjazd34ekd2gqyi5ufsaimxsd3r/config/preferences:
 Processing $rem in /home/whughes/.qchemrc:

 Checking the input file for inconsistencies... 	...done.

--------------------------------------------------------------
User input:
--------------------------------------------------------------
$molecule
0 3
C    -0.9558166619   -1.207253306    -0.8113803224
C    -0.9549582752   -0.2778567487   0.3538093833
C    -2.1266254595   -0.1745462854   1.2583541959
O    -0.3250034051   0.9471513835    0.2242322836
C    0.9174643364    0.9675620486    -0.4352263391
C    1.2864497625    2.3800750814    -0.6148164757
N    1.6141098633    3.4676801882    -0.7645640077
C    1.9757477642    0.2627891226    0.3709015538
H    2.1917714092    0.6204229919    1.368431057
C    2.6156860292    -0.8629607207   -0.1087383228
N    3.1348240593    -1.8090213846   -0.5372180919
H    -1.4154322579   -0.7467854357   -1.6981614216
H    0.04119284      -1.5532251516   -1.0962867722
H    -1.5395263248   -2.0919263988   -0.5615652062
H    -2.4755070814   -1.1675969924   1.5417710326
H    -2.9656116017   0.349296535     0.7784562807
H    -1.8702527359   0.378487728     2.1626244851
H    0.8515877393    0.5177073445    -1.4308233125
$end

$rem
METHOD      wB97X
BASIS       def2-QZVPP
SYM_IGNORE   TRUE
DFT_D       D4
MAX_SCF_CYCLES 300
$end

--------------------------------------------------------------
 Adding empirical dispersion correction 
 ----------------------------------------------------------------
 Doing -D4(0) with WB97X parameters:
 s6  =   1.00000
 s8  =   -0.07520
 s10 =   0.00000
 s9 =   1.00000
 a1  =   0.45095
 a2  =   6.78425
 -D4 energy including 3body term = -0.0025596768 hartrees
 ----------------------------------------------------------------
             Standard Nuclear Orientation (Angstroms)
    I     Atom           X                Y                Z
 ----------------------------------------------------------------
    1      C      -0.9558166619    -1.2072533060    -0.8113803224
    2      C      -0.9549582752    -0.2778567487     0.3538093833
    3      C      -2.1266254595    -0.1745462854     1.2583541959
    4      O      -0.3250034051     0.9471513835     0.2242322836
    5      C       0.9174643364     0.9675620486    -0.4352263391
    6      C       1.2864497625     2.3800750814    -0.6148164757
    7      N       1.6141098633     3.4676801882    -0.7645640077
    8      C       1.9757477642     0.2627891226     0.3709015538
    9      H       2.1917714092     0.6204229919     1.3684310570
   10      C       2.6156860292    -0.8629607207    -0.1087383228
   11      N       3.1348240593    -1.8090213846    -0.5372180919
   12      H      -1.4154322579    -0.7467854357    -1.6981614216
   13      H       0.0411928400    -1.5532251516    -1.0962867722
   14      H      -1.5395263248    -2.0919263988    -0.5615652062
   15      H      -2.4755070814    -1.1675969924     1.5417710326
   16      H      -2.9656116017     0.3492965350     0.7784562807
   17      H      -1.8702527359     0.3784877280     2.1626244851
   18      H       0.8515877393     0.5177073445    -1.4308233125
 ----------------------------------------------------------------
 Nuclear Repulsion Energy =         469.89773238 hartrees
 There are       37 alpha and       35 beta electrons
 Requested basis set is def2-QZVPP
 There are 250 shells and 810 basis functions

 Total QAlloc Memory Limit   8000 MB
 Mega-Array Size       188 MB
 MEM_STATIC part       192 MB

 A cutoff of  1.0D-09 yielded  22234 shell pairs
 There are    225726 function pairs (    336712 Cartesian)
 Smallest overlap matrix eigenvalue = 3.62E-05

 Scale SEOQF with 1.000000e-01/1.000000e-01/1.000000e-01

 Standard Electronic Orientation quadrupole field applied
 Nucleus-field energy     =     0.0000000167 hartrees
 Guess from superposition of atomic densities
 Warning:  Energy on first SCF cycle will be non-variational
 SAD guess density has 72.000000 electrons

 -----------------------------------------------------------------------
  General SCF calculation program by
  Eric Jon Sundstrom, Paul Horn, Yuezhi Mao, Dmitri Zuev, Alec White,
  David Stuck, Shaama M.S., Shane Yost, Joonho Lee, David Small,
  Daniel Levine, Susi Lehtola, Hugh Burton, Evgeny Epifanovsky,
  Bang C. Huynh
 -----------------------------------------------------------------------
 Exchange:     0.1577 Hartree-Fock + 1.0000 wB97X + LR-HF
 Correlation:  1.0000 wB97X
 Using SG-2 standard quadrature grid
 Dispersion:   Grimme D4
 using 32 threads for integral computing
 -------------------------------------------------------
 OpenMP Integral computing Module                
 Release: version 1.0, May 2013, Q-Chem Inc. Pittsburgh 
 -------------------------------------------------------
 A unrestricted SCF calculation will be
 performed using DIIS
 SCF converges when DIIS error is below 1.0e-05
 ---------------------------------------
  Cycle       Energy         DIIS error
 ---------------------------------------
    1    -458.5740070177      6.59e-03  
    2    -456.0146267449      7.63e-04  
    3    -455.8931192004      1.07e-03  
    4    -456.1986057858      1.08e-04  
    5    -456.2024490778      5.90e-05  
    6    -456.2036786693      2.00e-05  
    7    -456.2038840274      1.01e-05  
    8    -456.2039633066      4.14e-06  Convergence criterion met
 ---------------------------------------
 SCF time:   CPU 4979.81s  wall 165.00s 
<S^2> =          2.027850185
 SCF   energy in the final basis set =     -456.2039633066
 Total energy in the final basis set =     -456.2039633066
 
 --------------------------------------------------------------
 
                    Orbital Energies (a.u.)
 --------------------------------------------------------------
 
 Alpha MOs
 -- Occupied --
-19.2643 -14.4330 -14.4200 -10.4060 -10.3573 -10.3346 -10.3271 -10.3197
-10.2781 -10.2684  -1.2396  -1.0768  -1.0640  -0.9905  -0.9357  -0.8704
 -0.8494  -0.7326  -0.7054  -0.6891  -0.6361  -0.6176  -0.5848  -0.5610
 -0.5395  -0.5298  -0.5210  -0.5168  -0.5108  -0.4989  -0.4940  -0.4800
 -0.4757  -0.4660  -0.4479  -0.3808  -0.2919
 -- Virtual --
  0.0658   0.0773   0.0827   0.0961   0.1008   0.1133   0.1241   0.1342
  0.1381   0.1500   0.1555   0.1573   0.1684   0.1823   0.1855   0.1956
  0.2019   0.2092   0.2156   0.2185   0.2315   0.2344   0.2459   0.2541
  0.2575   0.2688   0.2727   0.2863   0.2981   0.3070   0.3176   0.3258
  0.3311   0.3416   0.3453   0.3580   0.3644   0.3754   0.3824   0.3829
  0.3898   0.3965   0.4010   0.4023   0.4160   0.4278   0.4346   0.4388
  0.4459   0.4548   0.4631   0.4682   0.4727   0.4770   0.4868   0.4996
  0.5182   0.5249   0.5272   0.5503   0.5605   0.5750   0.5929   0.6004
  0.6078   0.6147   0.6318   0.6427   0.6517   0.6583   0.6710   0.6802
  0.6851   0.6864   0.7029   0.7084   0.7165   0.7282   0.7329   0.7493
  0.7535   0.7714   0.7855   0.7905   0.7952   0.8100   0.8196   0.8285
  0.8383   0.8472   0.8563   0.8629   0.8747   0.8788   0.8843   0.8971
  0.8983   0.9112   0.9210   0.9233   0.9282   0.9354   0.9421   0.9438
  0.9655   0.9708   0.9839   0.9963   1.0014   1.0064   1.0096   1.0205
  1.0439   1.0515   1.0646   1.0729   1.0807   1.0839   1.0942   1.0972
  1.1004   1.1190   1.1271   1.1386   1.1466   1.1578   1.1731   1.1800
  1.1840   1.1913   1.2056   1.2077   1.2192   1.2465   1.2502   1.2551
  1.2607   1.2693   1.2775   1.2902   1.3012   1.3120   1.3271   1.3344
  1.3439   1.3483   1.3657   1.3899   1.4113   1.4200   1.4348   1.4410
  1.4604   1.4878   1.4903   1.4986   1.5099   1.5273   1.5354   1.5400
  1.5678   1.5736   1.5916   1.5948   1.6127   1.6448   1.6499   1.6704
  1.6808   1.6903   1.7313   1.7384   1.7609   1.7746   1.7991   1.8094
  1.8212   1.8232   1.8269   1.8360   1.8551   1.8607   1.8722   1.8780
  1.8988   1.9054   1.9130   1.9265   1.9379   1.9430   1.9581   1.9684
  1.9717   1.9834   1.9862   1.9942   2.0098   2.0173   2.0209   2.0292
  2.0395   2.0492   2.0580   2.0714   2.0805   2.0976   2.1047   2.1128
  2.1244   2.1276   2.1375   2.1465   2.1634   2.1655   2.1833   2.1872
  2.2033   2.2131   2.2219   2.2269   2.2289   2.2482   2.2669   2.2769
  2.2883   2.2961   2.3012   2.3177   2.3342   2.3391   2.3501   2.3557
  2.3703   2.3802   2.3926   2.4095   2.4273   2.4288   2.4462   2.4472
  2.4649   2.4745   2.4894   2.4920   2.4987   2.5274   2.5345   2.5550
  2.5568   2.5740   2.5957   2.6006   2.6075   2.6098   2.6242   2.6336
  2.6440   2.6551   2.6574   2.6646   2.6709   2.6782   2.6960   2.7028
  2.7180   2.7247   2.7361   2.7462   2.7604   2.7645   2.7863   2.7870
  2.8005   2.8136   2.8322   2.8435   2.8497   2.8528   2.8658   2.8789
  2.8980   2.9001   2.9184   2.9332   2.9437   2.9592   2.9650   2.9827
  2.9874   2.9941   3.0038   3.0243   3.0262   3.0465   3.0497   3.0568
  3.0594   3.0705   3.0875   3.1012   3.1167   3.1216   3.1364   3.1535
  3.1603   3.1721   3.1921   3.1977   3.2166   3.2330   3.2437   3.2551
  3.2844   3.3064   3.3113   3.3330   3.3552   3.3574   3.3721   3.3999
  3.4219   3.4334   3.4362   3.4582   3.4634   3.4732   3.4863   3.4977
  3.5202   3.5337   3.5538   3.5772   3.5816   3.5911   3.6030   3.6226
  3.6280   3.6370   3.6747   3.6812   3.6957   3.7128   3.7184   3.7485
  3.7682   3.7742   3.7969   3.8149   3.8181   3.8328   3.8550   3.8708
  3.8891   3.8940   3.9126   3.9327   3.9583   3.9778   3.9831   3.9934
  4.0057   4.0077   4.0140   4.0237   4.0338   4.0432   4.0530   4.0680
  4.0869   4.1254   4.1583   4.2063   4.2216   4.2335   4.3089   4.3157
  4.3591   4.3888   4.4128   4.4456   4.4594   4.4974   4.5199   4.5589
  4.5995   4.6274   4.6829   4.7039   4.7212   4.8079   4.8350   4.8611
  4.8900   4.8994   4.9160   4.9430   4.9782   4.9925   5.0484   5.0563
  5.0705   5.0897   5.1132   5.1263   5.1272   5.1525   5.1688   5.1742
  5.1972   5.2053   5.2378   5.2643   5.2763   5.2940   5.3012   5.3090
  5.3255   5.3457   5.3634   5.4056   5.4190   5.4273   5.4722   5.4850
  5.5068   5.5236   5.5281   5.5444   5.5768   5.5852   5.6035   5.6295
  5.6540   5.6685   5.6744   5.7292   5.7377   5.7420   5.7908   5.8031
  5.8327   5.8518   5.8606   5.8673   5.8752   5.8907   5.8949   5.9130
  5.9241   5.9314   5.9458   5.9531   5.9734   5.9757   5.9854   5.9890
  6.0061   6.0092   6.0235   6.0276   6.0334   6.0416   6.0513   6.0595
  6.0748   6.0856   6.0907   6.0952   6.1069   6.1168   6.1246   6.1420
  6.1476   6.1604   6.1839   6.2053   6.2137   6.2236   6.2296   6.2394
  6.2587   6.2692   6.2807   6.3015   6.3101   6.3140   6.3244   6.3423
  6.3521   6.3658   6.3732   6.3803   6.4053   6.4103   6.4329   6.4383
  6.4470   6.4551   6.4614   6.4913   6.4954   6.5056   6.5190   6.5318
  6.5425   6.5513   6.5754   6.6003   6.6160   6.6277   6.6387   6.6683
  6.6741   6.6851   6.6942   6.7334   6.7499   6.7718   6.7735   6.8016
  6.8101   6.8387   6.8505   6.8534   6.8637   6.9024   6.9116   6.9228
  6.9236   6.9311   6.9398   6.9475   6.9487   6.9752   6.9817   6.9900
  7.0066   7.0253   7.0354   7.0746   7.0756   7.1059   7.1258   7.1407
  7.1615   7.1793   7.1961   7.2259   7.2487   7.2901   7.2977   7.3241
  7.3486   7.3712   7.3983   7.4045   7.4187   7.4355   7.4564   7.4757
  7.4801   7.4819   7.5078   7.5230   7.5581   7.5731   7.5831   7.5888
  7.6050   7.6294   7.6442   7.6494   7.6839   7.6872   7.7175   7.7246
  7.7411   7.7524   7.7827   7.7911   7.7993   7.8185   7.8232   7.8401
  7.8558   7.8679   7.8726   7.8932   7.9270   7.9460   7.9748   7.9812
  7.9947   8.0136   8.0338   8.0415   8.0843   8.0954   8.1183   8.1350
  8.1426   8.1542   8.1810   8.1823   8.1927   8.2193   8.2326   8.2832
  8.3208   8.3626   8.3843   8.3936   8.4209   8.4283   8.4491   8.4624
  8.4634   8.4690   8.4732   8.4783   8.4934   8.5048   8.5114   8.5161
  8.5268   8.5301   8.5357   8.5439   8.5445   8.5491   8.5545   8.5595
  8.5720   8.5826   8.5943   8.6068   8.6128   8.6346   8.6494   8.6524
  8.6796   8.6896   8.7053   8.7130   8.7304   8.7462   8.7691   8.7856
  8.8017   8.8074   8.8378   8.8441   8.8676   8.8893   8.9089   8.9583
  8.9736   8.9892   8.9930   9.0212   9.0298   9.0397   9.0441   9.0516
  9.0602   9.0710   9.0806   9.1004   9.1109   9.1319   9.1477   9.1745
  9.2203   9.2634   9.2732   9.3184   9.3395   9.3790   9.4857   9.5735
  9.6063   9.6178   9.6340   9.6537   9.6892   9.7029   9.7843   9.8101
  9.8174   9.8297   9.8414   9.8806   9.9208   9.9306   9.9576   9.9687
  9.9791   9.9882  10.0000  10.0132  10.0285  10.0488  10.0627  10.0847
 10.0895  10.1182  10.1224  10.1535  10.1773  10.1957  10.2110  10.2712
 10.3069  10.3467  10.3714  10.4091  10.4583  10.4634  10.5107  10.6040
 10.6703  10.6902  10.8569  10.8875  11.3036  11.3459  11.5356  11.6015
 11.8455  11.8499  11.8887  12.0055  12.0165  12.0356  12.0384  12.1370
 12.1582  12.2067  12.2656  12.4084  12.5768  12.6774  12.7152  12.7376
 12.7936  12.8739  13.2252  13.3496  13.3601  13.4159  13.5793  13.7095
 14.7930  28.3604  28.4905  28.8145  29.1350  29.2032  29.2146  29.5758
 37.9335  38.1127  48.4146 147.3407 147.4871 147.8651 148.1479 148.2091
148.2498 148.6434 197.1308 197.3289 253.4029
 
 Beta MOs
 -- Occupied --
-19.2613 -14.4280 -14.4197 -10.4065 -10.3502 -10.3290 -10.3260 -10.3195
-10.2784 -10.2688  -1.2291  -1.0652  -1.0609  -0.9717  -0.9156  -0.8588
 -0.8445  -0.7215  -0.6970  -0.6779  -0.6214  -0.6057  -0.5620  -0.5550
 -0.5244  -0.5183  -0.5077  -0.5039  -0.4988  -0.4902  -0.4799  -0.4746
 -0.4736  -0.4597  -0.4365
 -- Virtual --
 -0.0717   0.0248   0.0692   0.0798   0.0870   0.0997   0.1043   0.1172
  0.1244   0.1360   0.1425   0.1534   0.1587   0.1680   0.1777   0.1843
  0.1933   0.1966   0.2051   0.2091   0.2176   0.2193   0.2309   0.2360
  0.2487   0.2549   0.2605   0.2726   0.2754   0.2927   0.3013   0.3100
  0.3218   0.3250   0.3339   0.3458   0.3525   0.3601   0.3700   0.3792
  0.3836   0.3849   0.3945   0.4005   0.4053   0.4085   0.4203   0.4293
  0.4352   0.4441   0.4527   0.4569   0.4647   0.4702   0.4749   0.4802
  0.4873   0.5006   0.5194   0.5277   0.5297   0.5503   0.5625   0.5758
  0.5951   0.6028   0.6115   0.6153   0.6345   0.6429   0.6517   0.6581
  0.6725   0.6819   0.6869   0.6881   0.7060   0.7091   0.7175   0.7334
  0.7368   0.7506   0.7553   0.7725   0.7864   0.7906   0.7963   0.8109
  0.8211   0.8303   0.8399   0.8485   0.8570   0.8639   0.8745   0.8818
  0.8902   0.8979   0.9007   0.9116   0.9224   0.9241   0.9307   0.9379
  0.9431   0.9463   0.9662   0.9715   0.9831   0.9979   1.0035   1.0060
  1.0095   1.0233   1.0471   1.0527   1.0652   1.0741   1.0826   1.0890
  1.0949   1.0992   1.1019   1.1204   1.1261   1.1391   1.1454   1.1607
  1.1740   1.1805   1.1847   1.1929   1.2060   1.2092   1.2207   1.2459
  1.2517   1.2567   1.2607   1.2706   1.2789   1.2921   1.3055   1.3127
  1.3242   1.3348   1.3432   1.3498   1.3668   1.3923   1.4128   1.4220
  1.4357   1.4416   1.4622   1.4897   1.4912   1.4997   1.5114   1.5288
  1.5372   1.5416   1.5690   1.5748   1.5940   1.5973   1.6150   1.6469
  1.6522   1.6735   1.6822   1.6909   1.7333   1.7425   1.7665   1.7786
  1.8026   1.8115   1.8242   1.8277   1.8320   1.8379   1.8561   1.8636
  1.8781   1.8827   1.9004   1.9068   1.9147   1.9317   1.9416   1.9460
  1.9626   1.9717   1.9747   1.9860   1.9899   2.0001   2.0113   2.0209
  2.0257   2.0324   2.0446   2.0529   2.0603   2.0733   2.0844   2.1023
  2.1126   2.1177   2.1298   2.1312   2.1422   2.1492   2.1653   2.1695
  2.1858   2.1921   2.2074   2.2169   2.2268   2.2331   2.2368   2.2517
  2.2742   2.2815   2.2932   2.2981   2.3081   2.3228   2.3402   2.3431
  2.3553   2.3614   2.3738   2.3824   2.3972   2.4143   2.4318   2.4335
  2.4498   2.4519   2.4725   2.4781   2.4933   2.4954   2.5061   2.5309
  2.5406   2.5601   2.5625   2.5795   2.6015   2.6072   2.6136   2.6169
  2.6303   2.6390   2.6480   2.6583   2.6652   2.6713   2.6764   2.6831
  2.7060   2.7095   2.7239   2.7295   2.7407   2.7519   2.7664   2.7724
  2.7894   2.7910   2.8073   2.8196   2.8399   2.8482   2.8519   2.8572
  2.8715   2.8817   2.9018   2.9072   2.9243   2.9396   2.9493   2.9625
  2.9719   2.9869   2.9921   2.9990   3.0092   3.0269   3.0336   3.0516
  3.0540   3.0621   3.0656   3.0759   3.0968   3.1069   3.1211   3.1287
  3.1400   3.1617   3.1664   3.1769   3.1977   3.2028   3.2217   3.2369
  3.2517   3.2631   3.2874   3.3107   3.3162   3.3408   3.3609   3.3619
  3.3786   3.4074   3.4284   3.4372   3.4447   3.4641   3.4684   3.4800
  3.4931   3.5045   3.5277   3.5440   3.5629   3.5831   3.5858   3.5941
  3.6059   3.6269   3.6346   3.6428   3.6800   3.6854   3.7034   3.7172
  3.7256   3.7548   3.7763   3.7813   3.8054   3.8212   3.8252   3.8437
  3.8640   3.8775   3.8945   3.8990   3.9203   3.9406   3.9649   3.9794
  3.9853   3.9989   4.0076   4.0144   4.0200   4.0302   4.0398   4.0489
  4.0586   4.0744   4.0949   4.1313   4.1658   4.2134   4.2304   4.2463
  4.3146   4.3216   4.3628   4.3963   4.4197   4.4499   4.4657   4.5050
  4.5303   4.5626   4.6084   4.6352   4.6903   4.7100   4.7360   4.8136
  4.8369   4.8534   4.8841   4.9004   4.9199   4.9493   4.9832   5.0007
  5.0600   5.0638   5.0809   5.1044   5.1259   5.1336   5.1342   5.1583
  5.1760   5.1824   5.2058   5.2130   5.2485   5.2770   5.2894   5.3065
  5.3159   5.3199   5.3374   5.3617   5.3778   5.4138   5.4331   5.4375
  5.4805   5.4920   5.5123   5.5288   5.5332   5.5529   5.5846   5.5947
  5.6120   5.6396   5.6667   5.6793   5.6867   5.7381   5.7480   5.7519
  5.8019   5.8132   5.8423   5.8599   5.8693   5.8716   5.8834   5.8993
  5.9017   5.9183   5.9315   5.9366   5.9509   5.9596   5.9780   5.9789
  5.9912   5.9921   6.0052   6.0119   6.0294   6.0314   6.0403   6.0467
  6.0533   6.0640   6.0826   6.0932   6.0998   6.1023   6.1130   6.1228
  6.1300   6.1535   6.1549   6.1699   6.1906   6.2109   6.2225   6.2261
  6.2365   6.2465   6.2662   6.2747   6.2899   6.3060   6.3174   6.3258
  6.3322   6.3527   6.3596   6.3742   6.3806   6.3913   6.4096   6.4180
  6.4382   6.4484   6.4519   6.4635   6.4674   6.4995   6.5070   6.5144
  6.5328   6.5378   6.5503   6.5611   6.5825   6.6073   6.6271   6.6387
  6.6520   6.6784   6.6838   6.6936   6.7014   6.7438   6.7650   6.7806
  6.7863   6.8092   6.8264   6.8532   6.8616   6.8644   6.8752   6.9153
  6.9263   6.9392   6.9455   6.9491   6.9499   6.9511   6.9518   6.9860
  6.9944   7.0000   7.0179   7.0364   7.0421   7.0814   7.0866   7.1185
  7.1386   7.1481   7.1661   7.1833   7.2016   7.2304   7.2552   7.2947
  7.3022   7.3313   7.3595   7.3796   7.4106   7.4172   7.4290   7.4442
  7.4622   7.4843   7.4870   7.4895   7.5163   7.5329   7.5645   7.5785
  7.5872   7.5989   7.6120   7.6351   7.6487   7.6602   7.6887   7.6923
  7.7234   7.7298   7.7449   7.7583   7.7915   7.7995   7.8066   7.8245
  7.8292   7.8449   7.8623   7.8716   7.8788   7.9002   7.9337   7.9531
  7.9798   7.9896   8.0036   8.0235   8.0439   8.0527   8.0884   8.1007
  8.1225   8.1402   8.1463   8.1575   8.1844   8.1886   8.1960   8.2231
  8.2366   8.2855   8.3254   8.3668   8.3929   8.3985   8.4257   8.4349
  8.4576   8.4657   8.4680   8.4717   8.4796   8.4837   8.4986   8.5159
  8.5254   8.5289   8.5353   8.5459   8.5461   8.5473   8.5554   8.5573
  8.5618   8.5631   8.5770   8.5880   8.6003   8.6150   8.6179   8.6443
  8.6573   8.6622   8.6848   8.6979   8.7099   8.7208   8.7364   8.7529
  8.7735   8.7911   8.8066   8.8113   8.8425   8.8571   8.8746   8.8985
  8.9152   8.9630   8.9804   8.9939   8.9965   9.0270   9.0381   9.0500
  9.0543   9.0624   9.0652   9.0763   9.0846   9.1044   9.1161   9.1365
  9.1530   9.1830   9.2278   9.2693   9.2819   9.3253   9.3456   9.3846
  9.4951   9.5819   9.6235   9.6286   9.6380   9.6684   9.6979   9.7083
  9.7885   9.8147   9.8197   9.8326   9.8450   9.8838   9.9290   9.9358
  9.9630   9.9725   9.9843  10.0001  10.0069  10.0174  10.0317  10.0518
 10.0674  10.0909  10.0945  10.1209  10.1352  10.1629  10.1810  10.1982
 10.2165  10.2778  10.3133  10.3529  10.3746  10.4130  10.4657  10.4663
 10.5136  10.6067  10.6731  10.6971  10.8635  10.8930  11.3118  11.3535
 11.5461  11.6121  11.8470  11.8509  11.9054  12.0114  12.0230  12.0392
 12.0440  12.1416  12.1636  12.2127  12.2672  12.4179  12.5902  12.6883
 12.7213  12.7470  12.8043  12.8803  13.2301  13.3515  13.3619  13.4180
 13.5859  13.7167  14.8040  28.3795  28.5046  28.8138  29.1343  29.2024
 29.2147  29.5749  37.9448  38.1181  48.4213 147.3519 147.4950 147.8647
148.1474 148.2087 148.2500 148.6425 197.1347 197.3306 253.4044
 --------------------------------------------------------------
 
          Ground-State Mulliken Net Atomic Charges

     Atom                 Charge (a.u.)    Spin (a.u.)
  --------------------------------------------------------
      1 C                     0.071437      -0.021374
      2 C                     0.008771       0.807137
      3 C                     0.002596      -0.023148
      4 O                    -0.311721       0.090997
      5 C                     0.421318      -0.012306
      6 C                    -0.218373       0.001921
      7 N                    -0.013043       0.017668
      8 C                    -0.019505       0.757266
      9 H                     0.128751      -0.018009
     10 C                    -0.156608      -0.145384
     11 N                    -0.014340       0.377882
     12 H                     0.022461       0.047695
     13 H                    -0.030379       0.026792
     14 H                     0.018214       0.005907
     15 H                     0.009294       0.012485
     16 H                     0.024993       0.051727
     17 H                     0.033269       0.018509
     18 H                     0.022865       0.004233
  --------------------------------------------------------
  Sum of atomic charges =    -0.000000
  Sum of spin   charges =     2.000000

 -----------------------------------------------------------------
                    Cartesian Multipole Moments
 -----------------------------------------------------------------
    Charge (ESU x 10^10)
                -0.0000
    Dipole Moment (Debye)
         X      -2.7827      Y      -1.7326      Z       1.0315
       Tot       3.4364
    Quadrupole Moments (Debye-Ang)
        XX     -65.3480     XY       3.5017     YY     -79.1125
        XZ       4.5583     YZ       1.5906     ZZ     -56.7742
    Octopole Moments (Debye-Ang^2)
       XXX    -141.4353    XXY      -4.3652    XYY     -80.2306
       YYY    -107.6058    XXZ      22.4254    XYZ       1.5560
       YYZ      21.6777    XZZ     -35.2225    YZZ     -16.6667
       ZZZ      18.7671
    Hexadecapole Moments (Debye-Ang^3)
      XXXX   -1342.9655   XXXY      -5.1616   XXYY    -465.5949
      XYYY    -137.7302   YYYY   -1220.5694   XXXZ     152.4295
      XXYZ       4.0615   XYYZ      71.6603   YYYZ      77.2651
      XXZZ    -245.9540   XYZZ     -22.0610   YYZZ    -215.3231
      XZZZ     115.7475   YZZZ      37.1339   ZZZZ    -250.1006
 -----------------------------------------------------------------
 Total job time:  167.03s(wall), 5017.02s(cpu) 
 Mon Jan  6 16:09:28 2025

        *************************************************************
        *                                                           *
        *  Thank you very much for using Q-Chem.  Have a nice day.  *
        *                                                           *
        *************************************************************



Running Job 2 of 2 CA2-P1_rdkit_conf_2_wb97xd-B97mV-readSCF.in
qchem CA2-P1_rdkit_conf_2_wb97xd-B97mV-readSCF.in_549226.1 /expanse/lustre/scratch/whughes/temp_project/job_36180178/CA2-P1_rdkit_conf_2_wb97xd-B97mV-readSCF-36180178/ 0
/cm/shared/apps/spack/0.17.3/cpu/b/opt/spack/linux-rocky8-zen2/gcc-10.2.0/qchem-6.0-rytxnwjazd34ekd2gqyi5ufsaimxsd3r/exe/qcprog.exe_s CA2-P1_rdkit_conf_2_wb97xd-B97mV-readSCF.in_549226.1 /expanse/lustre/scratch/whughes/temp_project/job_36180178/CA2-P1_rdkit_conf_2_wb97xd-B97mV-readSCF-36180178/
                  Welcome to Q-Chem
     A Quantum Leap Into The Future Of Chemistry


 Q-Chem 6.0, Q-Chem, Inc., Pleasanton, CA (2022)

 License issued to: University of California, San Diego (site)

 E. Epifanovsky,  A. T. B. Gilbert,  Xintian Feng,  Joonho Lee,  Yuezhi Mao,  
 N. Mardirossian,  P. Pokhilko,  A. White,  M. Wormit,  M. P. Coons,  
 A. L. Dempwolff,  Zhengting Gan,  D. Hait,  P. R. Horn,  L. D. Jacobson,  
 I. Kaliman,  J. Kussmann,  A. W. Lange,  Ka Un Lao,  D. S. Levine,  Jie Liu,  
 S. C. McKenzie,  A. F. Morrison,  K. Nanda,  F. Plasser,  D. R. Rehn,  
 M. L. Vidal,  Zhi-Qiang You,  Ying Zhu,  B. Alam,  B. Albrecht,  
 A. Aldossary,  E. Alguire,  J. H. Andersen,  V. Athavale,  D. Barton,  
 K. Begam,  A. Behn,  N. Bellonzi,  Y. A. Bernard,  E. J. Berquist,  
 H. Burton,  A. Carreras,  K. Carter-Fenk,  Romit Chakraborty,  
 Chandrima Chakravarty,  Junhan Chen,  A. D. Chien,  K. D. Closser,  
 V. Cofer-Shabica,  L. Cunha,  S. Dasgupta,  Jia Deng,  M. de Wergifosse,  
 M. Diedenhofen,  Hainam Do,  S. Ehlert,  Po-Tung Fang,  S. Fatehi,  
 Qingguo Feng,  T. Friedhoff,  B. Ganoe,  J. Gayvert,  Qinghui Ge,  
 G. Gidofalvi,  M. Goldey,  J. Gomes,  C. Gonzalez-Espinoza,  S. Gulania,  
 A. Gunina,  J. A. Gyamfi,  M. W. D. Hanson-Heine,  P. H. P. Harbach,  
 A. W. Hauser,  M. F. Herbst,  M. Hernandez Vera,  M. Hodecker,  
 Z. C. Holden,  S. Houck,  Xunkun Huang,  Kerwin Hui,  B. C. Huynh,  
 K. Ikeda,  M. Ivanov,  Hyunjun Ji,  Zuxin Jin,  Hanjie Jiang,  B. Kaduk,  
 S. Kaehler,  R. Kang,  K. Khistyaev,  Jaehoon Kim,  Yongbin Kim,  
 P. Klunzinger,  Z. Koczor-Benda,  Joong Hoon Koh,  D. Kosenkov,  
 Saikiran Kotaru,  L. Koulias,  T. Kowalczyk,  C. M. Krauter,  K. Kue,  
 A. Kunitsa,  T. Kus,  A. Landau,  K. V. Lawler,  D. Lefrancois,  S. Lehtola,  
 Rain Li,  Shaozhi Li,  Yi-Pei Li,  Jiashu Liang,  M. Liebenthal,  
 Hung-Hsuan Lin,  You-Sheng Lin,  Fenglai Liu,  Kuan-Yu Liu,  
 M. Loipersberger,  A. Luenser,  C. Malbon,  A. Manjanath,  P. Manohar,  
 E. Mansoor,  S. F. Manzer,  Shan-Ping Mao,  A. V. Marenich,  T. Markovich,  
 S. Mason,  F. Matz,  S. A. Maurer,  P. F. McLaughlin,  M. F. S. J. Menger,  
 J.-M. Mewes,  S. A. Mewes,  P. Morgante,  Mohammad Mostafanejad,  
 J. W. Mullinax,  K. J. Oosterbaan,  G. Paran,  V. Parravicini,  
 Alexander C. Paul,  Suranjan K. Paul,  F. Pavosevic,  Zheng Pei,  S. Prager,  
 E. I. Proynov,  E. Ramos,  B. Rana,  A. E. Rask,  A. Rettig,  R. M. Richard,  
 F. Rob,  E. Rossomme,  T. Scheele,  M. Scheurer,  M. Schneider,  
 P. E. Schneider,  N. Sergueev,  S. M. Sharada,  Hengyuan Shen,  
 W. Skomorowski,  D. W. Small,  C. J. Stein,  Yingli Su,  Yu-Chuan Su,  
 E. J. Sundstrom,  Zhen Tao,  J. Thirman,  Hung-Yi Tsai,  T. Tsuchimochi,  
 N. M. Tubman,  C. Utku,  S. P. Veccham,  O. Vydrov,  J. Wenzel,  
 Jonathan Wong,  J. Witte,  A. Yamada,  Chou-Hsun Yang,  Kun Yao,  
 S. Yeganeh,  S. R. Yost,  A. Zech,  F. Zeller,  Igor Ying Zhang,  
 Xing Zhang,  Yu Zhang,  D. Zuev,  A. Aspuru-Guzik,  A. T. Bell,  
 N. A. Besley,  K. B. Bravaya,  B. R. Brooks,  D. Casanova,  Jeng-Da Chai,  
 Hsing-Ta Chen,  S. Coriani,  C. J. Cramer,  A. E. DePrince, III,  
 R. A. DiStasio Jr.,  A. Dreuw,  B. D. Dunietz,  T. R. Furlani,  
 W. A. Goddard III,  S. Grimme,  S. Hammes-Schiffer,  T. Head-Gordon,  
 W. J. Hehre,  Chao-Ping Hsu,  T.-C. Jagau,  Yousung Jung,  A. Klamt,  
 Jing Kong,  D. S. Lambrecht,  Xiangyuan Li,  WanZhen Liang,  N. J. Mayhall,  
 C. W. McCurdy,  J. B. Neaton,  T. Neudecker,  C. Ochsenfeld,  
 J. A. Parkhill,  R. Peverati,  V. A. Rassolov,  Haisheng Ren,  Yihan Shao,  
 L. V. Slipchenko,  R. P. Steele,  J. E. Subotnik,  A. J. W. Thom,  
 A. Tkatchenko,  D. G. Truhlar,  T. Van Voorhis,  Fan Wang,  
 T. A. Wesolowski,  K. B. Whaley,  H. L. Woodcock III,  P. M. Zimmerman,  
 S. Faraji,  P. M. W. Gill,  M. Head-Gordon,  J. M. Herbert,  A. I. Krylov

 Contributors to earlier versions of Q-Chem not listed above: 
 R. D. Adamson,  B. Austin,  R. Baer,  J. Baker,  G. J. O. Beran,  
 K. Brandhorst,  S. T. Brown,  E. F. C. Byrd,  Arup K. Chakraborty,  
 G. K. L. Chan,  Chun-Min Chang,  Yunqing Chen,  C.-L. Cheng,  
 Siu Hung Chien,  D. M. Chipman,  D. L. Crittenden,  H. Dachsel,  
 R. J. Doerksen,  A. D. Dutoi,  R. G. Edgar,  J. Fosso-Tande,  
 L. Fusti-Molnar,  D. Ghosh,  A. Ghysels,  A. Golubeva-Zadorozhnaya,  
 J. Gonthier,  M. S. Gordon,  S. R. Gwaltney,  G. Hawkins,  J. E. Herr,  
 A. Heyden,  S. Hirata,  E. G. Hohenstein,  G. Kedziora,  F. J. Keil,  
 C. Kelley,  Jihan Kim,  R. A. King,  R. Z. Khaliullin,  P. P. Korambath,  
 W. Kurlancheek,  A. Laurent,  A. M. Lee,  M. S. Lee,  S. V. Levchenko,  
 Ching Yeh Lin,  D. Liotard,  E. Livshits,  R. C. Lochan,  I. Lotan,  
 L. A. Martinez-Martinez,  P. E. Maslen,  N. Nair,  D. P. O'Neill,  
 D. Neuhauser,  E. Neuscamman,  C. M. Oana,  R. Olivares-Amaya,  R. Olson,  
 T. M. Perrine,  B. Peters,  P. A. Pieniazek,  A. Prociuk,  Y. M. Rhee,  
 J. Ritchie,  M. A. Rohrdanz,  E. Rosta,  N. J. Russ,  H. F. Schaefer III,  
 M. W. Schmidt,  N. E. Schultz,  S. Sharma,  N. Shenvi,  C. D. Sherrill,  
 A. C. Simmonett,  A. Sodt,  T. Stein,  D. Stuck,  K. S. Thanthiriwatte,  
 V. Vanovschi,  L. Vogt,  Tao Wang,  A. Warshel,  M. A. Watson,  
 C. F. Williams,  Q. Wu,  X. Xu,  Jun Yang,  W. Zhang,  Yan Zhao

   Please cite Q-Chem as follows:
  "Software for the frontiers of quantum chemistry:
   An overview of developments in the Q-Chem 5 package"
   J. Chem. Phys. 155, 084801 (2021)
   https://doi.org/10.1063/5.0055522 (open access)

 Q-Chem 6.0.2 for Intel X86 EM64T Linux

 Parts of Q-Chem use Armadillo 9.900.5 (Nocturnal Misbehaviour).
 http://arma.sourceforge.net/

 Q-Chem begins on Mon Jan  6 16:09:29 2025  

 Host: 
0

     Scratch files written to /expanse/lustre/scratch/whughes/temp_project/job_36180178/CA2-P1_rdkit_conf_2_wb97xd-B97mV-readSCF-36180178//
 Dec722 |scratch|qcdevops|jenkins|workspace|build_RNUM    
 Processing $rem in /cm/shared/apps/spack/0.17.3/cpu/b/opt/spack/linux-rocky8-zen2/gcc-10.2.0/qchem-6.0-rytxnwjazd34ekd2gqyi5ufsaimxsd3r/config/preferences:
 Processing $rem in /home/whughes/.qchemrc:

 Checking the input file for inconsistencies... 	...done.

--------------------------------------------------------------
User input:
--------------------------------------------------------------

$molecule
0 3
C    -0.9558166619   -1.207253306    -0.8113803224
C    -0.9549582752   -0.2778567487   0.3538093833
C    -2.1266254595   -0.1745462854   1.2583541959
O    -0.3250034051   0.9471513835    0.2242322836
C    0.9174643364    0.9675620486    -0.4352263391
C    1.2864497625    2.3800750814    -0.6148164757
N    1.6141098633    3.4676801882    -0.7645640077
C    1.9757477642    0.2627891226    0.3709015538
H    2.1917714092    0.6204229919    1.368431057
C    2.6156860292    -0.8629607207   -0.1087383228
N    3.1348240593    -1.8090213846   -0.5372180919
H    -1.4154322579   -0.7467854357   -1.6981614216
H    0.04119284      -1.5532251516   -1.0962867722
H    -1.5395263248   -2.0919263988   -0.5615652062
H    -2.4755070814   -1.1675969924   1.5417710326
H    -2.9656116017   0.349296535     0.7784562807
H    -1.8702527359   0.378487728     2.1626244851
H    0.8515877393    0.5177073445    -1.4308233125
$end

$rem
METHOD      B97M-V
BASIS       def2-QZVPP
SYM_IGNORE   TRUE
DFT_D       false
SCF_GUESS   read
MAX_SCF_CYCLES 300
$end
--------------------------------------------------------------
 ----------------------------------------------------------------
             Standard Nuclear Orientation (Angstroms)
    I     Atom           X                Y                Z
 ----------------------------------------------------------------
    1      C      -0.9558166619    -1.2072533060    -0.8113803224
    2      C      -0.9549582752    -0.2778567487     0.3538093833
    3      C      -2.1266254595    -0.1745462854     1.2583541959
    4      O      -0.3250034051     0.9471513835     0.2242322836
    5      C       0.9174643364     0.9675620486    -0.4352263391
    6      C       1.2864497625     2.3800750814    -0.6148164757
    7      N       1.6141098633     3.4676801882    -0.7645640077
    8      C       1.9757477642     0.2627891226     0.3709015538
    9      H       2.1917714092     0.6204229919     1.3684310570
   10      C       2.6156860292    -0.8629607207    -0.1087383228
   11      N       3.1348240593    -1.8090213846    -0.5372180919
   12      H      -1.4154322579    -0.7467854357    -1.6981614216
   13      H       0.0411928400    -1.5532251516    -1.0962867722
   14      H      -1.5395263248    -2.0919263988    -0.5615652062
   15      H      -2.4755070814    -1.1675969924     1.5417710326
   16      H      -2.9656116017     0.3492965350     0.7784562807
   17      H      -1.8702527359     0.3784877280     2.1626244851
   18      H       0.8515877393     0.5177073445    -1.4308233125
 ----------------------------------------------------------------
 Nuclear Repulsion Energy =         469.90029205 hartrees
 There are       37 alpha and       35 beta electrons
 Requested basis set is def2-QZVPP
 There are 250 shells and 810 basis functions

 Total QAlloc Memory Limit   8000 MB
 Mega-Array Size       188 MB
 MEM_STATIC part       192 MB

 A cutoff of  1.0D-09 yielded  22234 shell pairs
 There are    225726 function pairs (    336712 Cartesian)
 Smallest overlap matrix eigenvalue = 3.62E-05

 Scale SEOQF with 1.000000e-01/1.000000e-01/1.000000e-01

 Standard Electronic Orientation quadrupole field applied
 Nucleus-field energy     =     0.0000000167 hartrees
 Guess MOs from SCF MO coefficient file

 -----------------------------------------------------------------------
  General SCF calculation program by
  Eric Jon Sundstrom, Paul Horn, Yuezhi Mao, Dmitri Zuev, Alec White,
  David Stuck, Shaama M.S., Shane Yost, Joonho Lee, David Small,
  Daniel Levine, Susi Lehtola, Hugh Burton, Evgeny Epifanovsky,
  Bang C. Huynh
 -----------------------------------------------------------------------
 Exchange:  B97M-V      Correlation:  B97M-V
 Using SG-2 standard quadrature grid
 Nonlocal Correlation:  VV10 with C = 0.0100 and b = 6.00 and scale = 1.00000
 Grid used for NLC:  SG-1 standard quadrature
 using 32 threads for integral computing
 -------------------------------------------------------
 OpenMP Integral computing Module                
 Release: version 1.0, May 2013, Q-Chem Inc. Pittsburgh 
 -------------------------------------------------------
 A unrestricted SCF calculation will be
 performed using DIIS
 SCF converges when DIIS error is below 1.0e-05
 ---------------------------------------
  Cycle       Energy         DIIS error
 ---------------------------------------
    1    -456.2672674161      1.08e-03  
    2    -456.2949332826      3.87e-05  
    3    -456.2948931650      2.94e-05  
    4    -456.2951179155      1.49e-05  
    5    -456.2951744280      6.43e-06  Convergence criterion met
 ---------------------------------------
 SCF time:   CPU 1646.53s  wall 52.00s 
<S^2> =          2.020147008
 SCF   energy in the final basis set =     -456.2951744280
 Total energy in the final basis set =     -456.2951744280
 
 --------------------------------------------------------------
 
                    Orbital Energies (a.u.)
 --------------------------------------------------------------
 
 Alpha MOs
 -- Occupied --
-19.2197 -14.3669 -14.3530 -10.3232 -10.2753 -10.2601 -10.2434 -10.2370
-10.1989 -10.1909  -1.1009  -0.9342  -0.9224  -0.8385  -0.7846  -0.7218
 -0.7010  -0.5887  -0.5590  -0.5466  -0.4962  -0.4751  -0.4429  -0.4255
 -0.4003  -0.3932  -0.3858  -0.3803  -0.3751  -0.3629  -0.3603  -0.3451
 -0.3421  -0.3349  -0.3183  -0.2564  -0.1666
 -- Virtual --
 -0.0419  -0.0296  -0.0251  -0.0036   0.0090   0.0184   0.0339   0.0378
  0.0447   0.0520   0.0652   0.0654   0.0765   0.0883   0.0959   0.1040
  0.1098   0.1204   0.1221   0.1228   0.1377   0.1431   0.1537   0.1573
  0.1607   0.1731   0.1765   0.1909   0.2029   0.2129   0.2235   0.2321
  0.2338   0.2361   0.2503   0.2602   0.2690   0.2780   0.2849   0.2870
  0.2919   0.3020   0.3036   0.3061   0.3164   0.3277   0.3350   0.3366
  0.3420   0.3590   0.3624   0.3723   0.3805   0.3829   0.3948   0.4016
  0.4244   0.4289   0.4340   0.4558   0.4660   0.4810   0.5004   0.5040
  0.5111   0.5209   0.5340   0.5497   0.5545   0.5649   0.5765   0.5889
  0.5894   0.5936   0.6072   0.6151   0.6251   0.6341   0.6407   0.6560
  0.6620   0.6777   0.6922   0.6958   0.7014   0.7167   0.7257   0.7373
  0.7468   0.7588   0.7652   0.7703   0.7829   0.7885   0.7948   0.8028
  0.8062   0.8156   0.8241   0.8288   0.8357   0.8427   0.8473   0.8515
  0.8712   0.8735   0.8915   0.9034   0.9099   0.9175   0.9214   0.9287
  0.9530   0.9601   0.9742   0.9832   0.9925   0.9939   1.0057   1.0108
  1.0144   1.0310   1.0414   1.0525   1.0624   1.0691   1.0886   1.0945
  1.0995   1.1057   1.1205   1.1255   1.1372   1.1643   1.1677   1.1731
  1.1800   1.1912   1.1994   1.2172   1.2255   1.2331   1.2461   1.2534
  1.2642   1.2677   1.2880   1.3120   1.3350   1.3419   1.3565   1.3636
  1.3850   1.4148   1.4195   1.4302   1.4393   1.4558   1.4648   1.4685
  1.4966   1.5064   1.5193   1.5277   1.5455   1.5725   1.5859   1.6036
  1.6124   1.6251   1.6635   1.6673   1.6939   1.7034   1.7252   1.7382
  1.7500   1.7524   1.7605   1.7725   1.7859   1.7940   1.8038   1.8050
  1.8262   1.8320   1.8460   1.8506   1.8624   1.8728   1.8857   1.8955
  1.9063   1.9142   1.9173   1.9234   1.9378   1.9495   1.9511   1.9641
  1.9688   1.9808   1.9874   2.0096   2.0174   2.0312   2.0408   2.0563
  2.0595   2.0668   2.0808   2.0865   2.1037   2.1070   2.1249   2.1386
  2.1509   2.1544   2.1676   2.1698   2.1738   2.1980   2.2178   2.2299
  2.2383   2.2494   2.2590   2.2783   2.2924   2.2945   2.3100   2.3173
  2.3232   2.3373   2.3530   2.3686   2.3894   2.3954   2.4097   2.4165
  2.4319   2.4469   2.4570   2.4618   2.4675   2.4992   2.5089   2.5247
  2.5297   2.5454   2.5655   2.5750   2.5824   2.5869   2.5997   2.6060
  2.6268   2.6365   2.6378   2.6429   2.6512   2.6672   2.6734   2.6858
  2.7033   2.7086   2.7204   2.7359   2.7391   2.7533   2.7710   2.7787
  2.7850   2.7969   2.8209   2.8328   2.8390   2.8456   2.8576   2.8702
  2.8840   2.8911   2.9100   2.9237   2.9365   2.9582   2.9627   2.9745
  2.9811   2.9989   3.0088   3.0202   3.0285   3.0425   3.0505   3.0559
  3.0634   3.0719   3.0857   3.1037   3.1162   3.1251   3.1505   3.1530
  3.1620   3.1946   3.1979   3.2013   3.2217   3.2396   3.2455   3.2572
  3.2960   3.3153   3.3214   3.3433   3.3582   3.3731   3.3769   3.4155
  3.4410   3.4492   3.4534   3.4739   3.4823   3.4905   3.4987   3.5209
  3.5380   3.5536   3.5790   3.6009   3.6120   3.6166   3.6363   3.6447
  3.6499   3.6683   3.7034   3.7064   3.7194   3.7449   3.7568   3.7783
  3.7946   3.8039   3.8347   3.8443   3.8492   3.8666   3.8929   3.9036
  3.9209   3.9332   3.9488   3.9734   3.9924   4.0205   4.0287   4.0311
  4.0439   4.0512   4.0542   4.0672   4.0766   4.0858   4.0939   4.1040
  4.1258   4.1634   4.1910   4.2420   4.2651   4.2744   4.3461   4.3687
  4.4156   4.4480   4.4586   4.5025   4.5056   4.5437   4.5735   4.6063
  4.6466   4.6743   4.7348   4.7523   4.7710   4.8618   4.8953   4.9678
  4.9934   5.0121   5.0150   5.0321   5.0530   5.0887   5.1215   5.1420
  5.1536   5.1816   5.1965   5.2108   5.2219   5.2392   5.2650   5.2751
  5.2796   5.3024   5.3311   5.3633   5.3749   5.3770   5.3946   5.4108
  5.4357   5.4445   5.4688   5.5101   5.5215   5.5327   5.5663   5.5789
  5.6054   5.6241   5.6273   5.6632   5.6893   5.6972   5.7131   5.7434
  5.7776   5.7861   5.7946   5.8438   5.8540   5.8613   5.8865   5.9093
  5.9185   5.9344   5.9586   5.9706   5.9949   6.0027   6.0115   6.0209
  6.0553   6.0630   6.0729   6.0923   6.1051   6.1068   6.1275   6.1368
  6.1407   6.1474   6.1585   6.1656   6.1689   6.1804   6.1971   6.2082
  6.2159   6.2255   6.2353   6.2433   6.2610   6.2667   6.2841   6.3077
  6.3153   6.3341   6.3448   6.3646   6.3707   6.3812   6.3823   6.3997
  6.4024   6.4215   6.4352   6.4422   6.4541   6.4706   6.4763   6.4995
  6.5298   6.5394   6.5406   6.5576   6.5662   6.5791   6.5927   6.6050
  6.6185   6.6243   6.6412   6.6467   6.6546   6.6874   6.6881   6.7018
  6.7267   6.7285   6.7352   6.7564   6.7747   6.7976   6.8084   6.8184
  6.8219   6.8456   6.8822   6.8946   6.9018   6.9273   6.9351   6.9626
  6.9705   6.9883   6.9958   7.0156   7.0424   7.0721   7.0797   7.0991
  7.1125   7.1351   7.1382   7.1559   7.1818   7.2023   7.2035   7.2045
  7.2096   7.2303   7.2311   7.2413   7.2601   7.2809   7.3059   7.3164
  7.3474   7.3604   7.3890   7.4167   7.4496   7.4560   7.4850   7.5144
  7.5418   7.5780   7.5864   7.6143   7.6467   7.6562   7.6734   7.6901
  7.7060   7.7210   7.7325   7.7426   7.7559   7.7783   7.7926   7.8014
  7.8422   7.8469   7.8714   7.8911   7.9091   7.9511   7.9613   7.9887
  7.9941   8.0154   8.0481   8.0784   8.0997   8.1100   8.1322   8.1718
  8.1762   8.1973   8.2075   8.2193   8.2271   8.2322   8.2430   8.2579
  8.2758   8.2889   8.3098   8.3196   8.3288   8.3674   8.3932   8.3974
  8.4115   8.4396   8.4609   8.4702   8.4903   8.5070   8.5599   8.5853
  8.6559   8.6628   8.6837   8.7108   8.7227   8.7337   8.7507   8.7658
  8.7674   8.7749   8.7943   8.7989   8.8006   8.8161   8.8264   8.8291
  8.8393   8.8488   8.8582   8.8692   8.8807   8.9018   8.9101   8.9239
  8.9310   8.9508   8.9564   8.9689   8.9718   8.9951   9.0009   9.0224
  9.0282   9.0475   9.0669   9.0765   9.0846   9.0903   9.1246   9.1285
  9.1451   9.1751   9.1812   9.1969   9.2197   9.2440   9.2511   9.2750
  9.2948   9.3081   9.3313   9.3398   9.3412   9.3586   9.3764   9.3843
  9.3984   9.4199   9.4226   9.4322   9.4481   9.4591   9.4760   9.5083
  9.5376   9.5623   9.5983   9.6069   9.6454   9.6686   9.7475   9.8062
  9.8993   9.9139   9.9337   9.9437   9.9634   9.9715   9.9782   9.9961
 10.0248  10.0315  10.0789  10.1294  10.1918  10.2306  10.2529  10.2631
 10.2995  10.3713  10.3980  10.4213  10.4275  10.4310  10.4398  10.4456
 10.4541  10.4730  10.4818  10.4960  10.5121  10.5357  10.5733  10.6402
 10.6580  10.7299  10.7751  10.8033  10.8447  10.8935  10.9388  11.0153
 11.0712  11.1080  11.2426  11.2800  11.6154  11.6596  11.9181  11.9993
 12.2215  12.2352  12.2712  12.2758  12.3136  12.3361  12.4089  12.4298
 12.4823  12.5483  12.5659  12.8123  12.8770  12.9771  12.9932  13.0566
 13.1324  13.1485  13.5246  13.5818  13.5945  13.7242  13.9092  14.0495
 15.2249  28.9547  29.1132  29.4500  29.7692  29.8369  29.8768  30.2498
 38.7165  38.9065  49.3259 150.8654 151.0275 151.4223 151.7066 151.7691
151.8083 152.2121 201.4488 201.6537 258.5069
 
 Beta MOs
 -- Occupied --
-19.2152 -14.3585 -14.3525 -10.3237 -10.2630 -10.2460 -10.2455 -10.2367
-10.1992 -10.1914  -1.0917  -0.9224  -0.9190  -0.8213  -0.7671  -0.7117
 -0.6981  -0.5788  -0.5519  -0.5383  -0.4831  -0.4651  -0.4254  -0.4194
 -0.3932  -0.3869  -0.3746  -0.3667  -0.3651  -0.3558  -0.3503  -0.3412
 -0.3399  -0.3296  -0.3081
 -- Virtual --
 -0.1758  -0.0805  -0.0376  -0.0252  -0.0188   0.0008   0.0124   0.0232
  0.0366   0.0459   0.0543   0.0615   0.0696   0.0743   0.0831   0.0926
  0.1005   0.1088   0.1151   0.1243   0.1272   0.1283   0.1449   0.1493
  0.1570   0.1614   0.1685   0.1803   0.1838   0.2006   0.2092   0.2203
  0.2298   0.2387   0.2413   0.2486   0.2577   0.2657   0.2751   0.2854
  0.2901   0.2937   0.2970   0.3100   0.3111   0.3121   0.3223   0.3333
  0.3411   0.3459   0.3496   0.3649   0.3708   0.3785   0.3832   0.3884
  0.4005   0.4060   0.4309   0.4357   0.4385   0.4612   0.4730   0.4854
  0.5062   0.5095   0.5207   0.5267   0.5411   0.5566   0.5624   0.5707
  0.5843   0.5939   0.5960   0.6029   0.6130   0.6211   0.6287   0.6440
  0.6487   0.6629   0.6696   0.6860   0.6980   0.7032   0.7084   0.7214
  0.7338   0.7435   0.7527   0.7653   0.7744   0.7781   0.7892   0.7959
  0.8053   0.8094   0.8141   0.8227   0.8295   0.8373   0.8444   0.8511
  0.8556   0.8633   0.8796   0.8827   0.9017   0.9115   0.9173   0.9270
  0.9307   0.9402   0.9622   0.9695   0.9830   0.9942   1.0022   1.0033
  1.0157   1.0192   1.0233   1.0421   1.0498   1.0603   1.0689   1.0801
  1.0952   1.1025   1.1062   1.1136   1.1296   1.1343   1.1467   1.1736
  1.1756   1.1831   1.1877   1.1994   1.2076   1.2248   1.2375   1.2442
  1.2578   1.2628   1.2725   1.2775   1.2959   1.3229   1.3453   1.3542
  1.3640   1.3716   1.3937   1.4225   1.4284   1.4363   1.4470   1.4633
  1.4710   1.4750   1.5053   1.5131   1.5294   1.5352   1.5519   1.5813
  1.5958   1.6132   1.6221   1.6312   1.6738   1.6794   1.7078   1.7142
  1.7347   1.7494   1.7611   1.7666   1.7702   1.7796   1.7943   1.8045
  1.8162   1.8182   1.8344   1.8404   1.8547   1.8636   1.8730   1.8859
  1.8989   1.9059   1.9163   1.9246   1.9284   1.9356   1.9474   1.9617
  1.9645   1.9773   1.9841   1.9923   1.9973   2.0212   2.0296   2.0450
  2.0533   2.0701   2.0742   2.0785   2.0961   2.0971   2.1155   2.1199
  2.1382   2.1491   2.1660   2.1662   2.1805   2.1879   2.1891   2.2106
  2.2372   2.2412   2.2525   2.2623   2.2715   2.2916   2.3067   2.3095
  2.3254   2.3297   2.3356   2.3479   2.3670   2.3816   2.4047   2.4094
  2.4225   2.4326   2.4460   2.4610   2.4706   2.4755   2.4805   2.5119
  2.5240   2.5403   2.5421   2.5606   2.5807   2.5942   2.5975   2.6015
  2.6153   2.6218   2.6389   2.6478   2.6504   2.6588   2.6638   2.6800
  2.6921   2.7009   2.7149   2.7222   2.7332   2.7481   2.7543   2.7699
  2.7860   2.7891   2.8014   2.8117   2.8371   2.8455   2.8495   2.8554
  2.8706   2.8800   2.8995   2.9033   2.9233   2.9406   2.9490   2.9694
  2.9781   2.9879   2.9958   3.0125   3.0216   3.0349   3.0399   3.0543
  3.0632   3.0710   3.0780   3.0832   3.1046   3.1164   3.1293   3.1413
  3.1601   3.1720   3.1748   3.2055   3.2111   3.2161   3.2363   3.2533
  3.2603   3.2754   3.3056   3.3266   3.3361   3.3582   3.3737   3.3857
  3.3921   3.4322   3.4576   3.4618   3.4709   3.4906   3.4965   3.5033
  3.5147   3.5354   3.5547   3.5705   3.5992   3.6153   3.6247   3.6297
  3.6474   3.6625   3.6662   3.6803   3.7194   3.7210   3.7356   3.7580
  3.7751   3.7935   3.8150   3.8200   3.8522   3.8582   3.8645   3.8831
  3.9086   3.9201   3.9373   3.9458   3.9634   3.9958   4.0088   4.0329
  4.0368   4.0439   4.0612   4.0638   4.0641   4.0777   4.0886   4.0956
  4.1100   4.1202   4.1402   4.1791   4.2078   4.2605   4.2793   4.2929
  4.3645   4.3842   4.4298   4.4617   4.4796   4.5177   4.5215   4.5597
  4.5920   4.6175   4.6688   4.6939   4.7571   4.7739   4.7942   4.8837
  4.9135   4.9885   5.0128   5.0216   5.0297   5.0553   5.0697   5.1072
  5.1420   5.1581   5.1658   5.2068   5.2195   5.2260   5.2399   5.2541
  5.2748   5.2915   5.3015   5.3233   5.3516   5.3791   5.3954   5.4026
  5.4168   5.4316   5.4550   5.4647   5.4820   5.5269   5.5393   5.5489
  5.5805   5.5981   5.6229   5.6380   5.6467   5.6781   5.7079   5.7137
  5.7294   5.7638   5.7931   5.8062   5.8132   5.8606   5.8702   5.8769
  5.9033   5.9255   5.9331   5.9562   5.9728   5.9901   6.0048   6.0130
  6.0296   6.0385   6.0762   6.0853   6.0875   6.1059   6.1230   6.1270
  6.1423   6.1527   6.1556   6.1627   6.1720   6.1767   6.1855   6.1953
  6.2139   6.2271   6.2330   6.2405   6.2534   6.2611   6.2797   6.2823
  6.3050   6.3234   6.3352   6.3525   6.3605   6.3806   6.3873   6.3981
  6.4013   6.4153   6.4208   6.4369   6.4480   6.4585   6.4714   6.4951
  6.4953   6.5152   6.5429   6.5547   6.5587   6.5765   6.5858   6.5954
  6.6093   6.6204   6.6348   6.6376   6.6611   6.6663   6.6708   6.7055
  6.7096   6.7190   6.7431   6.7495   6.7529   6.7740   6.7917   6.8152
  6.8287   6.8383   6.8434   6.8596   6.8995   6.9113   6.9219   6.9482
  6.9526   6.9791   6.9880   7.0059   7.0213   7.0396   7.0645   7.0887
  7.1053   7.1233   7.1306   7.1508   7.1708   7.1828   7.2100   7.2225
  7.2233   7.2250   7.2323   7.2325   7.2347   7.2622   7.2861   7.3102
  7.3311   7.3396   7.3649   7.3840   7.4111   7.4295   7.4693   7.4779
  7.5057   7.5418   7.5754   7.6035   7.6192   7.6385   7.6681   7.6814
  7.6969   7.7102   7.7336   7.7426   7.7478   7.7596   7.7659   7.7898
  7.8056   7.8210   7.8603   7.8660   7.8905   7.9071   7.9238   7.9497
  7.9773   8.0027   8.0136   8.0297   8.0698   8.0935   8.1130   8.1264
  8.1582   8.1880   8.1989   8.2133   8.2221   8.2333   8.2421   8.2476
  8.2595   8.2683   8.2872   8.3078   8.3194   8.3325   8.3447   8.3816
  8.4060   8.4220   8.4298   8.4557   8.4759   8.4857   8.5036   8.5229
  8.5760   8.6031   8.6694   8.6871   8.6983   8.7264   8.7387   8.7492
  8.7700   8.7805   8.7852   8.7976   8.8208   8.8243   8.8281   8.8318
  8.8379   8.8432   8.8553   8.8683   8.8754   8.8963   8.9029   8.9203
  8.9263   8.9362   8.9422   8.9666   8.9679   8.9762   8.9842   9.0035
  9.0178   9.0194   9.0512   9.0661   9.0843   9.0890   9.0960   9.1046
  9.1405   9.1472   9.1587   9.1854   9.1971   9.2132   9.2326   9.2597
  9.2667   9.2879   9.3102   9.3255   9.3523   9.3616   9.3669   9.3734
  9.3877   9.3994   9.4093   9.4364   9.4371   9.4438   9.4627   9.4775
  9.4899   9.5261   9.5608   9.5786   9.6132   9.6376   9.6800   9.6941
  9.7672   9.8543   9.9141   9.9478   9.9517   9.9730   9.9765   9.9903
  9.9956  10.0090  10.0368  10.0467  10.0860  10.1504  10.2027  10.2675
 10.2841  10.2853  10.3292  10.3851  10.3957  10.4144  10.4395  10.4440
 10.4559  10.4646  10.4691  10.4859  10.5071  10.5236  10.5327  10.5551
 10.5850  10.6659  10.7047  10.7591  10.8010  10.8237  10.8638  10.9103
 10.9575  11.0314  11.0775  11.1256  11.2777  11.3117  11.6306  11.6775
 11.9477  12.0291  12.2492  12.2642  12.2791  12.2833  12.3520  12.3598
 12.4347  12.4744  12.5078  12.5728  12.5985  12.8392  12.8929  12.9404
 13.0129  13.0618  13.1695  13.1785  13.5486  13.6068  13.6186  13.7354
 13.9417  14.0840  15.2544  29.0122  29.1460  29.4523  29.7746  29.8419
 29.8789  30.2593  38.7394  38.9174  49.3434 150.9011 151.0486 151.4220
151.7064 151.7689 151.8095 152.2111 201.4618 201.6595 258.5157
 --------------------------------------------------------------
 
          Ground-State Mulliken Net Atomic Charges

     Atom                 Charge (a.u.)    Spin (a.u.)
  --------------------------------------------------------
      1 C                    -0.496444      -0.027242
      2 C                     0.113800       0.884061
      3 C                    -0.496211      -0.007861
      4 O                    -0.337990       0.069909
      5 C                     0.299281      -0.029356
      6 C                    -0.056604      -0.003849
      7 N                    -0.201213       0.024925
      8 C                    -0.158452       0.821336
      9 H                     0.215265      -0.026984
     10 C                     0.072386      -0.205222
     11 N                    -0.214682       0.412578
     12 H                     0.192395       0.044898
     13 H                     0.166394       0.005494
     14 H                     0.182416      -0.000377
     15 H                     0.159114       0.002766
     16 H                     0.174013       0.045816
     17 H                     0.186663      -0.000699
     18 H                     0.199869      -0.010194
  --------------------------------------------------------
  Sum of atomic charges =    -0.000000
  Sum of spin   charges =     2.000000

 -----------------------------------------------------------------
                    Cartesian Multipole Moments
 -----------------------------------------------------------------
    Charge (ESU x 10^10)
                -0.0000
    Dipole Moment (Debye)
         X      -2.7362      Y      -1.6644      Z       1.0688
       Tot       3.3763
    Quadrupole Moments (Debye-Ang)
        XX     -65.4333     XY       3.4299     YY     -78.6487
        XZ       4.2791     YZ       1.4942     ZZ     -57.0857
    Octopole Moments (Debye-Ang^2)
       XXX    -138.6998    XXY      -4.6003    XYY     -78.9402
       YYY    -105.6739    XXZ      22.0082    XYZ       1.4490
       YYZ      21.3098    XZZ     -34.8701    YZZ     -16.5103
       ZZZ      18.8704
    Hexadecapole Moments (Debye-Ang^3)
      XXXX   -1342.9263   XXXY      -5.6302   XXYY    -463.8262
      XYYY    -136.7090   YYYY   -1212.5372   XXXZ     150.1827
      XXYZ       3.2850   XYYZ      71.0803   YYYZ      76.1173
      XXZZ    -246.7919   XYZZ     -22.1595   YYZZ    -214.7410
      XZZZ     114.3037   YZZZ      36.2705   ZZZZ    -253.7636
 -----------------------------------------------------------------
 Total job time:  53.91s(wall), 1676.59s(cpu) 
 Mon Jan  6 16:10:22 2025

        *************************************************************
        *                                                           *
        *  Thank you very much for using Q-Chem.  Have a nice day.  *
        *                                                           *
        *************************************************************


