
Running Job 1 of 2 dicyanoethene-singlet-wb97xd-B97mV-readSCF.in
qchem dicyanoethene-singlet-wb97xd-B97mV-readSCF.in_3168830.0 /expanse/lustre/scratch/whughes/temp_project/job_36180497/dicyanoethene-singlet-wb97xd-B97mV-readSCF-36180497/ 0
/cm/shared/apps/spack/0.17.3/cpu/b/opt/spack/linux-rocky8-zen2/gcc-10.2.0/qchem-6.0-rytxnwjazd34ekd2gqyi5ufsaimxsd3r/exe/qcprog.exe_s dicyanoethene-singlet-wb97xd-B97mV-readSCF.in_3168830.0 /expanse/lustre/scratch/whughes/temp_project/job_36180497/dicyanoethene-singlet-wb97xd-B97mV-readSCF-36180497/
                  Welcome to Q-Chem
     A Quantum Leap Into The Future Of Chemistry


 Q-Chem 6.0, Q-Chem, Inc., Pleasanton, CA (2022)

 License issued to: University of California, San Diego (site)

 E. Epifanovsky,  A. T. B. Gilbert,  Xintian Feng,  Joonho Lee,  Yuezhi Mao,  
 N. Mardirossian,  P. Pokhilko,  A. White,  M. Wormit,  M. P. Coons,  
 A. L. Dempwolff,  Zhengting Gan,  D. Hait,  P. R. Horn,  L. D. Jacobson,  
 I. Kaliman,  J. Kussmann,  A. W. Lange,  Ka Un Lao,  D. S. Levine,  Jie Liu,  
 S. C. McKenzie,  A. F. Morrison,  K. Nanda,  F. Plasser,  D. R. Rehn,  
 M. L. Vidal,  Zhi-Qiang You,  Ying Zhu,  B. Alam,  B. Albrecht,  
 A. Aldossary,  E. Alguire,  J. H. Andersen,  V. Athavale,  D. Barton,  
 K. Begam,  A. Behn,  N. Bellonzi,  Y. A. Bernard,  E. J. Berquist,  
 H. Burton,  A. Carreras,  K. Carter-Fenk,  Romit Chakraborty,  
 Chandrima Chakravarty,  Junhan Chen,  A. D. Chien,  K. D. Closser,  
 V. Cofer-Shabica,  L. Cunha,  S. Dasgupta,  Jia Deng,  M. de Wergifosse,  
 M. Diedenhofen,  Hainam Do,  S. Ehlert,  Po-Tung Fang,  S. Fatehi,  
 Qingguo Feng,  T. Friedhoff,  B. Ganoe,  J. Gayvert,  Qinghui Ge,  
 G. Gidofalvi,  M. Goldey,  J. Gomes,  C. Gonzalez-Espinoza,  S. Gulania,  
 A. Gunina,  J. A. Gyamfi,  M. W. D. Hanson-Heine,  P. H. P. Harbach,  
 A. W. Hauser,  M. F. Herbst,  M. Hernandez Vera,  M. Hodecker,  
 Z. C. Holden,  S. Houck,  Xunkun Huang,  Kerwin Hui,  B. C. Huynh,  
 K. Ikeda,  M. Ivanov,  Hyunjun Ji,  Zuxin Jin,  Hanjie Jiang,  B. Kaduk,  
 S. Kaehler,  R. Kang,  K. Khistyaev,  Jaehoon Kim,  Yongbin Kim,  
 P. Klunzinger,  Z. Koczor-Benda,  Joong Hoon Koh,  D. Kosenkov,  
 Saikiran Kotaru,  L. Koulias,  T. Kowalczyk,  C. M. Krauter,  K. Kue,  
 A. Kunitsa,  T. Kus,  A. Landau,  K. V. Lawler,  D. Lefrancois,  S. Lehtola,  
 Rain Li,  Shaozhi Li,  Yi-Pei Li,  Jiashu Liang,  M. Liebenthal,  
 Hung-Hsuan Lin,  You-Sheng Lin,  Fenglai Liu,  Kuan-Yu Liu,  
 M. Loipersberger,  A. Luenser,  C. Malbon,  A. Manjanath,  P. Manohar,  
 E. Mansoor,  S. F. Manzer,  Shan-Ping Mao,  A. V. Marenich,  T. Markovich,  
 S. Mason,  F. Matz,  S. A. Maurer,  P. F. McLaughlin,  M. F. S. J. Menger,  
 J.-M. Mewes,  S. A. Mewes,  P. Morgante,  Mohammad Mostafanejad,  
 J. W. Mullinax,  K. J. Oosterbaan,  G. Paran,  V. Parravicini,  
 Alexander C. Paul,  Suranjan K. Paul,  F. Pavosevic,  Zheng Pei,  S. Prager,  
 E. I. Proynov,  E. Ramos,  B. Rana,  A. E. Rask,  A. Rettig,  R. M. Richard,  
 F. Rob,  E. Rossomme,  T. Scheele,  M. Scheurer,  M. Schneider,  
 P. E. Schneider,  N. Sergueev,  S. M. Sharada,  Hengyuan Shen,  
 W. Skomorowski,  D. W. Small,  C. J. Stein,  Yingli Su,  Yu-Chuan Su,  
 E. J. Sundstrom,  Zhen Tao,  J. Thirman,  Hung-Yi Tsai,  T. Tsuchimochi,  
 N. M. Tubman,  C. Utku,  S. P. Veccham,  O. Vydrov,  J. Wenzel,  
 Jonathan Wong,  J. Witte,  A. Yamada,  Chou-Hsun Yang,  Kun Yao,  
 S. Yeganeh,  S. R. Yost,  A. Zech,  F. Zeller,  Igor Ying Zhang,  
 Xing Zhang,  Yu Zhang,  D. Zuev,  A. Aspuru-Guzik,  A. T. Bell,  
 N. A. Besley,  K. B. Bravaya,  B. R. Brooks,  D. Casanova,  Jeng-Da Chai,  
 Hsing-Ta Chen,  S. Coriani,  C. J. Cramer,  A. E. DePrince, III,  
 R. A. DiStasio Jr.,  A. Dreuw,  B. D. Dunietz,  T. R. Furlani,  
 W. A. Goddard III,  S. Grimme,  S. Hammes-Schiffer,  T. Head-Gordon,  
 W. J. Hehre,  Chao-Ping Hsu,  T.-C. Jagau,  Yousung Jung,  A. Klamt,  
 Jing Kong,  D. S. Lambrecht,  Xiangyuan Li,  WanZhen Liang,  N. J. Mayhall,  
 C. W. McCurdy,  J. B. Neaton,  T. Neudecker,  C. Ochsenfeld,  
 J. A. Parkhill,  R. Peverati,  V. A. Rassolov,  Haisheng Ren,  Yihan Shao,  
 L. V. Slipchenko,  R. P. Steele,  J. E. Subotnik,  A. J. W. Thom,  
 A. Tkatchenko,  D. G. Truhlar,  T. Van Voorhis,  Fan Wang,  
 T. A. Wesolowski,  K. B. Whaley,  H. L. Woodcock III,  P. M. Zimmerman,  
 S. Faraji,  P. M. W. Gill,  M. Head-Gordon,  J. M. Herbert,  A. I. Krylov

 Contributors to earlier versions of Q-Chem not listed above: 
 R. D. Adamson,  B. Austin,  R. Baer,  J. Baker,  G. J. O. Beran,  
 K. Brandhorst,  S. T. Brown,  E. F. C. Byrd,  Arup K. Chakraborty,  
 G. K. L. Chan,  Chun-Min Chang,  Yunqing Chen,  C.-L. Cheng,  
 Siu Hung Chien,  D. M. Chipman,  D. L. Crittenden,  H. Dachsel,  
 R. J. Doerksen,  A. D. Dutoi,  R. G. Edgar,  J. Fosso-Tande,  
 L. Fusti-Molnar,  D. Ghosh,  A. Ghysels,  A. Golubeva-Zadorozhnaya,  
 J. Gonthier,  M. S. Gordon,  S. R. Gwaltney,  G. Hawkins,  J. E. Herr,  
 A. Heyden,  S. Hirata,  E. G. Hohenstein,  G. Kedziora,  F. J. Keil,  
 C. Kelley,  Jihan Kim,  R. A. King,  R. Z. Khaliullin,  P. P. Korambath,  
 W. Kurlancheek,  A. Laurent,  A. M. Lee,  M. S. Lee,  S. V. Levchenko,  
 Ching Yeh Lin,  D. Liotard,  E. Livshits,  R. C. Lochan,  I. Lotan,  
 L. A. Martinez-Martinez,  P. E. Maslen,  N. Nair,  D. P. O'Neill,  
 D. Neuhauser,  E. Neuscamman,  C. M. Oana,  R. Olivares-Amaya,  R. Olson,  
 T. M. Perrine,  B. Peters,  P. A. Pieniazek,  A. Prociuk,  Y. M. Rhee,  
 J. Ritchie,  M. A. Rohrdanz,  E. Rosta,  N. J. Russ,  H. F. Schaefer III,  
 M. W. Schmidt,  N. E. Schultz,  S. Sharma,  N. Shenvi,  C. D. Sherrill,  
 A. C. Simmonett,  A. Sodt,  T. Stein,  D. Stuck,  K. S. Thanthiriwatte,  
 V. Vanovschi,  L. Vogt,  Tao Wang,  A. Warshel,  M. A. Watson,  
 C. F. Williams,  Q. Wu,  X. Xu,  Jun Yang,  W. Zhang,  Yan Zhao

   Please cite Q-Chem as follows:
  "Software for the frontiers of quantum chemistry:
   An overview of developments in the Q-Chem 5 package"
   J. Chem. Phys. 155, 084801 (2021)
   https://doi.org/10.1063/5.0055522 (open access)

 Q-Chem 6.0.2 for Intel X86 EM64T Linux

 Parts of Q-Chem use Armadillo 9.900.5 (Nocturnal Misbehaviour).
 http://arma.sourceforge.net/

 Q-Chem begins on Mon Jan  6 16:18:17 2025  

 Host: 
0

     Scratch files written to /expanse/lustre/scratch/whughes/temp_project/job_36180497/dicyanoethene-singlet-wb97xd-B97mV-readSCF-36180497//
 Dec722 |scratch|qcdevops|jenkins|workspace|build_RNUM    
 Processing $rem in /cm/shared/apps/spack/0.17.3/cpu/b/opt/spack/linux-rocky8-zen2/gcc-10.2.0/qchem-6.0-rytxnwjazd34ekd2gqyi5ufsaimxsd3r/config/preferences:
 Processing $rem in /home/whughes/.qchemrc:

 Checking the input file for inconsistencies... 	...done.

--------------------------------------------------------------
User input:
--------------------------------------------------------------
$molecule
0 1
C    0.2234783918    -0.686029204    -0.5214698693
C    -0.7903598325   -0.3157902206   0.2609553605
C    1.3960658973    0.0972665501    -0.7268531346
N    2.3529656139    0.7038731243    -0.9133744419
C    -0.8266328268   0.9089339293    0.9885650065
N    -0.886908773    1.8869313284    1.5871704277
H    0.1825733039    -1.6324119472   -1.0451062154
H    -1.6511807747   -0.9627745603   0.3701138665
$end

$rem
METHOD      wB97X
BASIS       def2-QZVPP
SYM_IGNORE   TRUE
DFT_D       D4
MAX_SCF_CYCLES 300
$end

--------------------------------------------------------------
 Adding empirical dispersion correction 
 ----------------------------------------------------------------
 Doing -D4(0) with WB97X parameters:
 s6  =   1.00000
 s8  =   -0.07520
 s10 =   0.00000
 s9 =   1.00000
 a1  =   0.45095
 a2  =   6.78425
 -D4 energy including 3body term = -0.0008219074 hartrees
 ----------------------------------------------------------------
             Standard Nuclear Orientation (Angstroms)
    I     Atom           X                Y                Z
 ----------------------------------------------------------------
    1      C       0.2234783918    -0.6860292040    -0.5214698693
    2      C      -0.7903598325    -0.3157902206     0.2609553605
    3      C       1.3960658973     0.0972665501    -0.7268531346
    4      N       2.3529656139     0.7038731243    -0.9133744419
    5      C      -0.8266328268     0.9089339293     0.9885650065
    6      N      -0.8869087730     1.8869313284     1.5871704277
    7      H       0.1825733039    -1.6324119472    -1.0451062154
    8      H      -1.6511807747    -0.9627745603     0.3701138665
 ----------------------------------------------------------------
 Nuclear Repulsion Energy =         167.83705415 hartrees
 There are       20 alpha and       20 beta electrons
 Requested basis set is def2-QZVPP
 There are 122 shells and 402 basis functions

 Total QAlloc Memory Limit   8000 MB
 Mega-Array Size       188 MB
 MEM_STATIC part       192 MB


                       Distance Matrix (Angstroms)
             C (  1)   C (  2)   C (  3)   N (  4)   C (  5)   N (  6)
   C (  2)  1.333092
   C (  3)  1.425025  2.434510
   N (  4)  2.572962  3.507030  1.148224
   C (  5)  2.434512  1.425020  2.922645  3.710697
   N (  6)  3.507057  2.572965  3.710738  4.260180  1.148234
   H (  7)  1.082362  2.094251  2.136735  3.191580  3.407749  4.523102
   H (  8)  2.094244  1.082366  3.407746  4.523079  2.136739  3.191577
             H (  7)
   H (  8)  2.411206
 
 A cutoff of  1.0D-09 yielded   6275 shell pairs
 There are     69579 function pairs (    107724 Cartesian)
 Smallest overlap matrix eigenvalue = 2.69E-05

 Q-Chem warning in module stvman/mkSTV.C, line 305:

 Overlap eigenvalue is smaller than square root of threshold
 Use THRESH >= 12 to get rid of this warning


 Scale SEOQF with 1.000000e-01/1.000000e-01/1.000000e-01

 Standard Electronic Orientation quadrupole field applied
 Nucleus-field energy     =     0.0000000014 hartrees
 Guess from superposition of atomic densities
 Warning:  Energy on first SCF cycle will be non-variational
 SAD guess density has 40.000000 electrons

 -----------------------------------------------------------------------
  General SCF calculation program by
  Eric Jon Sundstrom, Paul Horn, Yuezhi Mao, Dmitri Zuev, Alec White,
  David Stuck, Shaama M.S., Shane Yost, Joonho Lee, David Small,
  Daniel Levine, Susi Lehtola, Hugh Burton, Evgeny Epifanovsky,
  Bang C. Huynh
 -----------------------------------------------------------------------
 Exchange:     0.1577 Hartree-Fock + 1.0000 wB97X + LR-HF
 Correlation:  1.0000 wB97X
 Using SG-2 standard quadrature grid
 Dispersion:   Grimme D4
 using 32 threads for integral computing
 -------------------------------------------------------
 OpenMP Integral computing Module                
 Release: version 1.0, May 2013, Q-Chem Inc. Pittsburgh 
 -------------------------------------------------------
 A restricted SCF calculation will be
 performed using DIIS
 SCF converges when DIIS error is below 1.0e-05
 ---------------------------------------
  Cycle       Energy         DIIS error
 ---------------------------------------
    1    -264.3973186753      2.03e-02  
    2    -262.9720336952      2.51e-03  
    3    -262.8402002037      3.94e-03  
    4    -263.0983459600      1.80e-04  
    5    -263.0991511613      8.16e-05  
    6    -263.0992979084      1.19e-05  
    7    -263.0993047393      3.56e-06  Convergence criterion met
 ---------------------------------------
 SCF time:   CPU 547.40s  wall 18.00s 
 SCF   energy in the final basis set =     -263.0993047393
 Total energy in the final basis set =     -263.0993047393
 
 --------------------------------------------------------------
 
                    Orbital Energies (a.u.)
 --------------------------------------------------------------
 
 Alpha MOs
 -- Occupied --
-14.4253 -14.4253 -10.3602 -10.3593 -10.3253 -10.3253  -1.0753  -1.0647
 -0.9990  -0.8506  -0.7287  -0.6564  -0.5959  -0.5473  -0.5061  -0.5019
 -0.4944  -0.4751  -0.4732  -0.4107
 -- Virtual --
 -0.0353   0.0567   0.1026   0.1133   0.1183   0.1264   0.1301   0.1700
  0.1798   0.1873   0.2023   0.2080   0.2311   0.2416   0.2473   0.2477
  0.2651   0.2876   0.3060   0.3262   0.3376   0.3469   0.3856   0.4016
  0.4053   0.4162   0.4339   0.4506   0.4517   0.4565   0.4642   0.4871
  0.5039   0.5519   0.5603   0.5872   0.6034   0.6099   0.6329   0.6750
  0.6824   0.6954   0.6995   0.7229   0.7254   0.7589   0.7684   0.7827
  0.8029   0.8104   0.8297   0.8623   0.8720   0.8790   0.8912   0.9048
  0.9192   0.9543   0.9750   0.9823   1.0234   1.0283   1.0314   1.0371
  1.0824   1.0941   1.1017   1.1143   1.1147   1.1462   1.1526   1.2251
  1.2338   1.2445   1.2565   1.2618   1.2967   1.2998   1.3100   1.3964
  1.4198   1.4243   1.4769   1.4916   1.5063   1.5734   1.5842   1.6318
  1.6432   1.6740   1.6830   1.6967   1.7217   1.7299   1.7545   1.7589
  1.7715   1.7732   1.7979   1.8299   1.8372   1.8483   1.8739   1.9165
  1.9320   1.9444   1.9501   1.9960   2.0031   2.0062   2.0433   2.0642
  2.0767   2.0941   2.1139   2.1575   2.1618   2.2175   2.2487   2.2542
  2.2727   2.2728   2.2883   2.2920   2.3059   2.3946   2.4230   2.4309
  2.4377   2.4402   2.4972   2.5022   2.5385   2.5778   2.5781   2.5847
  2.6158   2.6496   2.6537   2.6627   2.6745   2.6870   2.6884   2.7278
  2.7370   2.7535   2.8293   2.8393   2.8461   2.8633   2.8768   2.8884
  2.9232   2.9400   3.0223   3.0374   3.0651   3.0713   3.0743   3.1185
  3.1762   3.2241   3.2746   3.3042   3.3837   3.4062   3.4157   3.4265
  3.4330   3.4373   3.4869   3.5704   3.5959   3.6035   3.6038   3.6323
  3.6895   3.7389   3.7608   3.8505   3.8721   3.8949   3.9541   3.9594
  3.9671   3.9709   4.0101   4.0216   4.0365   4.0399   4.1007   4.1132
  4.1855   4.3719   4.4974   4.4994   4.6064   4.7622   4.8019   4.8550
  4.8585   4.8671   4.8749   4.9082   4.9581   4.9877   4.9904   5.0063
  5.0670   5.0752   5.1022   5.1400   5.1414   5.1725   5.1988   5.2010
  5.2348   5.2828   5.2900   5.3233   5.3860   5.4107   5.4455   5.5187
  5.5455   5.5720   5.6135   5.6426   5.6769   5.7005   5.7523   5.7728
  5.7998   5.8007   5.8819   5.8946   5.9053   5.9143   5.9448   5.9861
  5.9889   5.9980   6.0079   6.0592   6.0684   6.0718   6.0902   6.1047
  6.1229   6.1609   6.1718   6.2010   6.2077   6.2408   6.2795   6.3019
  6.3168   6.3724   6.4356   6.4593   6.5135   6.5253   6.5543   6.5665
  6.5776   6.6239   6.7187   6.7241   6.7257   6.8178   6.8728   6.9075
  6.9259   6.9428   6.9433   6.9444   6.9464   6.9718   7.0290   7.0988
  7.1275   7.1935   7.2096   7.2915   7.3352   7.3812   7.3857   7.4263
  7.4570   7.4661   7.5733   7.5838   7.6427   7.6718   7.6728   7.7562
  7.7766   7.8018   7.8543   8.0660   8.0911   8.1456   8.1605   8.1937
  8.2039   8.2313   8.2951   8.3599   8.3762   8.3817   8.4526   8.4737
  8.4809   8.5281   8.5351   8.5356   8.5359   8.5408   8.5422   8.5844
  8.5878   8.6117   8.6270   8.6478   8.6543   8.6873   8.7144   8.7253
  8.8484   8.9020   8.9039   8.9133   8.9860   8.9985   9.0576   9.0818
  9.0903   9.1121   9.2531   9.5214   9.5681   9.5845   9.5867   9.6832
  9.7350   9.7917   9.7977   9.8707   9.9903  10.0523  10.0632  10.0701
 10.1010  10.1748  10.2413  10.3476  10.3808  10.5377  10.7982  11.1702
 11.2324  11.4072  11.8171  11.9039  11.9365  12.2823  12.2834  12.8943
 13.0261  13.4264  28.1604  28.8777  29.2447  29.5895  37.8300  38.0811
147.1445 147.8782 148.2943 148.6373 197.0154 197.2927
 --------------------------------------------------------------
 
          Ground-State Mulliken Net Atomic Charges

     Atom                 Charge (a.u.)
  ----------------------------------------
      1 C                     0.050248
      2 C                     0.053550
      3 C                    -0.145415
      4 N                    -0.006693
      5 C                    -0.144871
      6 N                    -0.007233
      7 H                     0.101194
      8 H                     0.099220
  ----------------------------------------
  Sum of atomic charges =     0.000000

 -----------------------------------------------------------------
                    Cartesian Multipole Moments
 -----------------------------------------------------------------
    Charge (ESU x 10^10)
                -0.0000
    Dipole Moment (Debye)
         X      -2.6383      Y      -4.6632      Z      -1.2128
       Tot       5.4934
    Quadrupole Moments (Debye-Ang)
        XX     -39.7417     XY       0.0350     YY     -37.6983
        XZ       3.1732     YZ      -2.0860     ZZ     -37.1060
    Octopole Moments (Debye-Ang^2)
       XXX     -47.1754    XXY     -25.0101    XYY      -5.8540
       YYY     -57.0957    XXZ       3.8856    XYZ       7.6485
       YYZ     -14.8914    XZZ      -6.8831    YZZ     -23.7777
       ZZZ     -16.5346
    Hexadecapole Moments (Debye-Ang^3)
      XXXX    -422.6754   XXXY      -8.7208   XXYY    -109.9506
      XYYY      15.0292   YYYY    -258.2335   XXXZ     117.9876
      XXYZ     -17.8280   XYYZ      42.9181   YYYZ     -78.0051
      XXZZ    -108.1456   XYZZ       6.1608   YYZZ     -91.3972
      XZZZ     105.1878   YZZZ     -73.0642   ZZZZ    -226.4928
 -----------------------------------------------------------------
 Total job time:  18.27s(wall), 567.28s(cpu) 
 Mon Jan  6 16:18:36 2025

        *************************************************************
        *                                                           *
        *  Thank you very much for using Q-Chem.  Have a nice day.  *
        *                                                           *
        *************************************************************



Running Job 2 of 2 dicyanoethene-singlet-wb97xd-B97mV-readSCF.in
qchem dicyanoethene-singlet-wb97xd-B97mV-readSCF.in_3168830.1 /expanse/lustre/scratch/whughes/temp_project/job_36180497/dicyanoethene-singlet-wb97xd-B97mV-readSCF-36180497/ 0
/cm/shared/apps/spack/0.17.3/cpu/b/opt/spack/linux-rocky8-zen2/gcc-10.2.0/qchem-6.0-rytxnwjazd34ekd2gqyi5ufsaimxsd3r/exe/qcprog.exe_s dicyanoethene-singlet-wb97xd-B97mV-readSCF.in_3168830.1 /expanse/lustre/scratch/whughes/temp_project/job_36180497/dicyanoethene-singlet-wb97xd-B97mV-readSCF-36180497/
                  Welcome to Q-Chem
     A Quantum Leap Into The Future Of Chemistry


 Q-Chem 6.0, Q-Chem, Inc., Pleasanton, CA (2022)

 License issued to: University of California, San Diego (site)

 E. Epifanovsky,  A. T. B. Gilbert,  Xintian Feng,  Joonho Lee,  Yuezhi Mao,  
 N. Mardirossian,  P. Pokhilko,  A. White,  M. Wormit,  M. P. Coons,  
 A. L. Dempwolff,  Zhengting Gan,  D. Hait,  P. R. Horn,  L. D. Jacobson,  
 I. Kaliman,  J. Kussmann,  A. W. Lange,  Ka Un Lao,  D. S. Levine,  Jie Liu,  
 S. C. McKenzie,  A. F. Morrison,  K. Nanda,  F. Plasser,  D. R. Rehn,  
 M. L. Vidal,  Zhi-Qiang You,  Ying Zhu,  B. Alam,  B. Albrecht,  
 A. Aldossary,  E. Alguire,  J. H. Andersen,  V. Athavale,  D. Barton,  
 K. Begam,  A. Behn,  N. Bellonzi,  Y. A. Bernard,  E. J. Berquist,  
 H. Burton,  A. Carreras,  K. Carter-Fenk,  Romit Chakraborty,  
 Chandrima Chakravarty,  Junhan Chen,  A. D. Chien,  K. D. Closser,  
 V. Cofer-Shabica,  L. Cunha,  S. Dasgupta,  Jia Deng,  M. de Wergifosse,  
 M. Diedenhofen,  Hainam Do,  S. Ehlert,  Po-Tung Fang,  S. Fatehi,  
 Qingguo Feng,  T. Friedhoff,  B. Ganoe,  J. Gayvert,  Qinghui Ge,  
 G. Gidofalvi,  M. Goldey,  J. Gomes,  C. Gonzalez-Espinoza,  S. Gulania,  
 A. Gunina,  J. A. Gyamfi,  M. W. D. Hanson-Heine,  P. H. P. Harbach,  
 A. W. Hauser,  M. F. Herbst,  M. Hernandez Vera,  M. Hodecker,  
 Z. C. Holden,  S. Houck,  Xunkun Huang,  Kerwin Hui,  B. C. Huynh,  
 K. Ikeda,  M. Ivanov,  Hyunjun Ji,  Zuxin Jin,  Hanjie Jiang,  B. Kaduk,  
 S. Kaehler,  R. Kang,  K. Khistyaev,  Jaehoon Kim,  Yongbin Kim,  
 P. Klunzinger,  Z. Koczor-Benda,  Joong Hoon Koh,  D. Kosenkov,  
 Saikiran Kotaru,  L. Koulias,  T. Kowalczyk,  C. M. Krauter,  K. Kue,  
 A. Kunitsa,  T. Kus,  A. Landau,  K. V. Lawler,  D. Lefrancois,  S. Lehtola,  
 Rain Li,  Shaozhi Li,  Yi-Pei Li,  Jiashu Liang,  M. Liebenthal,  
 Hung-Hsuan Lin,  You-Sheng Lin,  Fenglai Liu,  Kuan-Yu Liu,  
 M. Loipersberger,  A. Luenser,  C. Malbon,  A. Manjanath,  P. Manohar,  
 E. Mansoor,  S. F. Manzer,  Shan-Ping Mao,  A. V. Marenich,  T. Markovich,  
 S. Mason,  F. Matz,  S. A. Maurer,  P. F. McLaughlin,  M. F. S. J. Menger,  
 J.-M. Mewes,  S. A. Mewes,  P. Morgante,  Mohammad Mostafanejad,  
 J. W. Mullinax,  K. J. Oosterbaan,  G. Paran,  V. Parravicini,  
 Alexander C. Paul,  Suranjan K. Paul,  F. Pavosevic,  Zheng Pei,  S. Prager,  
 E. I. Proynov,  E. Ramos,  B. Rana,  A. E. Rask,  A. Rettig,  R. M. Richard,  
 F. Rob,  E. Rossomme,  T. Scheele,  M. Scheurer,  M. Schneider,  
 P. E. Schneider,  N. Sergueev,  S. M. Sharada,  Hengyuan Shen,  
 W. Skomorowski,  D. W. Small,  C. J. Stein,  Yingli Su,  Yu-Chuan Su,  
 E. J. Sundstrom,  Zhen Tao,  J. Thirman,  Hung-Yi Tsai,  T. Tsuchimochi,  
 N. M. Tubman,  C. Utku,  S. P. Veccham,  O. Vydrov,  J. Wenzel,  
 Jonathan Wong,  J. Witte,  A. Yamada,  Chou-Hsun Yang,  Kun Yao,  
 S. Yeganeh,  S. R. Yost,  A. Zech,  F. Zeller,  Igor Ying Zhang,  
 Xing Zhang,  Yu Zhang,  D. Zuev,  A. Aspuru-Guzik,  A. T. Bell,  
 N. A. Besley,  K. B. Bravaya,  B. R. Brooks,  D. Casanova,  Jeng-Da Chai,  
 Hsing-Ta Chen,  S. Coriani,  C. J. Cramer,  A. E. DePrince, III,  
 R. A. DiStasio Jr.,  A. Dreuw,  B. D. Dunietz,  T. R. Furlani,  
 W. A. Goddard III,  S. Grimme,  S. Hammes-Schiffer,  T. Head-Gordon,  
 W. J. Hehre,  Chao-Ping Hsu,  T.-C. Jagau,  Yousung Jung,  A. Klamt,  
 Jing Kong,  D. S. Lambrecht,  Xiangyuan Li,  WanZhen Liang,  N. J. Mayhall,  
 C. W. McCurdy,  J. B. Neaton,  T. Neudecker,  C. Ochsenfeld,  
 J. A. Parkhill,  R. Peverati,  V. A. Rassolov,  Haisheng Ren,  Yihan Shao,  
 L. V. Slipchenko,  R. P. Steele,  J. E. Subotnik,  A. J. W. Thom,  
 A. Tkatchenko,  D. G. Truhlar,  T. Van Voorhis,  Fan Wang,  
 T. A. Wesolowski,  K. B. Whaley,  H. L. Woodcock III,  P. M. Zimmerman,  
 S. Faraji,  P. M. W. Gill,  M. Head-Gordon,  J. M. Herbert,  A. I. Krylov

 Contributors to earlier versions of Q-Chem not listed above: 
 R. D. Adamson,  B. Austin,  R. Baer,  J. Baker,  G. J. O. Beran,  
 K. Brandhorst,  S. T. Brown,  E. F. C. Byrd,  Arup K. Chakraborty,  
 G. K. L. Chan,  Chun-Min Chang,  Yunqing Chen,  C.-L. Cheng,  
 Siu Hung Chien,  D. M. Chipman,  D. L. Crittenden,  H. Dachsel,  
 R. J. Doerksen,  A. D. Dutoi,  R. G. Edgar,  J. Fosso-Tande,  
 L. Fusti-Molnar,  D. Ghosh,  A. Ghysels,  A. Golubeva-Zadorozhnaya,  
 J. Gonthier,  M. S. Gordon,  S. R. Gwaltney,  G. Hawkins,  J. E. Herr,  
 A. Heyden,  S. Hirata,  E. G. Hohenstein,  G. Kedziora,  F. J. Keil,  
 C. Kelley,  Jihan Kim,  R. A. King,  R. Z. Khaliullin,  P. P. Korambath,  
 W. Kurlancheek,  A. Laurent,  A. M. Lee,  M. S. Lee,  S. V. Levchenko,  
 Ching Yeh Lin,  D. Liotard,  E. Livshits,  R. C. Lochan,  I. Lotan,  
 L. A. Martinez-Martinez,  P. E. Maslen,  N. Nair,  D. P. O'Neill,  
 D. Neuhauser,  E. Neuscamman,  C. M. Oana,  R. Olivares-Amaya,  R. Olson,  
 T. M. Perrine,  B. Peters,  P. A. Pieniazek,  A. Prociuk,  Y. M. Rhee,  
 J. Ritchie,  M. A. Rohrdanz,  E. Rosta,  N. J. Russ,  H. F. Schaefer III,  
 M. W. Schmidt,  N. E. Schultz,  S. Sharma,  N. Shenvi,  C. D. Sherrill,  
 A. C. Simmonett,  A. Sodt,  T. Stein,  D. Stuck,  K. S. Thanthiriwatte,  
 V. Vanovschi,  L. Vogt,  Tao Wang,  A. Warshel,  M. A. Watson,  
 C. F. Williams,  Q. Wu,  X. Xu,  Jun Yang,  W. Zhang,  Yan Zhao

   Please cite Q-Chem as follows:
  "Software for the frontiers of quantum chemistry:
   An overview of developments in the Q-Chem 5 package"
   J. Chem. Phys. 155, 084801 (2021)
   https://doi.org/10.1063/5.0055522 (open access)

 Q-Chem 6.0.2 for Intel X86 EM64T Linux

 Parts of Q-Chem use Armadillo 9.900.5 (Nocturnal Misbehaviour).
 http://arma.sourceforge.net/

 Q-Chem begins on Mon Jan  6 16:18:36 2025  

 Host: 
0

     Scratch files written to /expanse/lustre/scratch/whughes/temp_project/job_36180497/dicyanoethene-singlet-wb97xd-B97mV-readSCF-36180497//
 Dec722 |scratch|qcdevops|jenkins|workspace|build_RNUM    
 Processing $rem in /cm/shared/apps/spack/0.17.3/cpu/b/opt/spack/linux-rocky8-zen2/gcc-10.2.0/qchem-6.0-rytxnwjazd34ekd2gqyi5ufsaimxsd3r/config/preferences:
 Processing $rem in /home/whughes/.qchemrc:

 Checking the input file for inconsistencies... 	...done.

--------------------------------------------------------------
User input:
--------------------------------------------------------------

$molecule
0 1
C    0.2234783918    -0.686029204    -0.5214698693
C    -0.7903598325   -0.3157902206   0.2609553605
C    1.3960658973    0.0972665501    -0.7268531346
N    2.3529656139    0.7038731243    -0.9133744419
C    -0.8266328268   0.9089339293    0.9885650065
N    -0.886908773    1.8869313284    1.5871704277
H    0.1825733039    -1.6324119472   -1.0451062154
H    -1.6511807747   -0.9627745603   0.3701138665
$end

$rem
METHOD      B97M-V
BASIS       def2-QZVPP
SYM_IGNORE   TRUE
DFT_D       false
SCF_GUESS   read
MAX_SCF_CYCLES 300
$end
--------------------------------------------------------------
 ----------------------------------------------------------------
             Standard Nuclear Orientation (Angstroms)
    I     Atom           X                Y                Z
 ----------------------------------------------------------------
    1      C       0.2234783918    -0.6860292040    -0.5214698693
    2      C      -0.7903598325    -0.3157902206     0.2609553605
    3      C       1.3960658973     0.0972665501    -0.7268531346
    4      N       2.3529656139     0.7038731243    -0.9133744419
    5      C      -0.8266328268     0.9089339293     0.9885650065
    6      N      -0.8869087730     1.8869313284     1.5871704277
    7      H       0.1825733039    -1.6324119472    -1.0451062154
    8      H      -1.6511807747    -0.9627745603     0.3701138665
 ----------------------------------------------------------------
 Nuclear Repulsion Energy =         167.83787606 hartrees
 There are       20 alpha and       20 beta electrons
 Requested basis set is def2-QZVPP
 There are 122 shells and 402 basis functions

 Total QAlloc Memory Limit   8000 MB
 Mega-Array Size       188 MB
 MEM_STATIC part       192 MB


                       Distance Matrix (Angstroms)
             C (  1)   C (  2)   C (  3)   N (  4)   C (  5)   N (  6)
   C (  2)  1.333092
   C (  3)  1.425025  2.434510
   N (  4)  2.572962  3.507030  1.148224
   C (  5)  2.434512  1.425020  2.922645  3.710697
   N (  6)  3.507057  2.572965  3.710738  4.260180  1.148234
   H (  7)  1.082362  2.094251  2.136735  3.191580  3.407749  4.523102
   H (  8)  2.094244  1.082366  3.407746  4.523079  2.136739  3.191577
             H (  7)
   H (  8)  2.411206
 
 A cutoff of  1.0D-09 yielded   6275 shell pairs
 There are     69579 function pairs (    107724 Cartesian)
 Smallest overlap matrix eigenvalue = 2.69E-05

 Q-Chem warning in module stvman/mkSTV.C, line 305:

 Overlap eigenvalue is smaller than square root of threshold
 Use THRESH >= 12 to get rid of this warning


 Scale SEOQF with 1.000000e-01/1.000000e-01/1.000000e-01

 Standard Electronic Orientation quadrupole field applied
 Nucleus-field energy     =     0.0000000014 hartrees
 Guess MOs from SCF MO coefficient file

 -----------------------------------------------------------------------
  General SCF calculation program by
  Eric Jon Sundstrom, Paul Horn, Yuezhi Mao, Dmitri Zuev, Alec White,
  David Stuck, Shaama M.S., Shane Yost, Joonho Lee, David Small,
  Daniel Levine, Susi Lehtola, Hugh Burton, Evgeny Epifanovsky,
  Bang C. Huynh
 -----------------------------------------------------------------------
 Exchange:  B97M-V      Correlation:  B97M-V
 Using SG-2 standard quadrature grid
 Nonlocal Correlation:  VV10 with C = 0.0100 and b = 6.00 and scale = 1.00000
 Grid used for NLC:  SG-1 standard quadrature
 using 32 threads for integral computing
 -------------------------------------------------------
 OpenMP Integral computing Module                
 Release: version 1.0, May 2013, Q-Chem Inc. Pittsburgh 
 -------------------------------------------------------
 A restricted SCF calculation will be
 performed using DIIS
 SCF converges when DIIS error is below 1.0e-05
 ---------------------------------------
  Cycle       Energy         DIIS error
 ---------------------------------------
    1    -263.1503166792      3.27e-03  
    2    -263.1656991930      1.07e-04  
    3    -263.1656616969      8.50e-05  
    4    -263.1656136795      9.98e-05  
    5    -263.1657965865      8.43e-06  Convergence criterion met
 ---------------------------------------
 SCF time:   CPU 201.14s  wall 7.00s 
 SCF   energy in the final basis set =     -263.1657965865
 Total energy in the final basis set =     -263.1657965865
 
 --------------------------------------------------------------
 
                    Orbital Energies (a.u.)
 --------------------------------------------------------------
 
 Alpha MOs
 -- Occupied --
-14.3591 -14.3590 -10.2761 -10.2753 -10.2431 -10.2430  -0.9319  -0.9245
 -0.8499  -0.7055  -0.5866  -0.5127  -0.4607  -0.4039  -0.3687  -0.3642
 -0.3600  -0.3415  -0.3400  -0.2937
 -- Virtual --
 -0.1371  -0.0470  -0.0077   0.0146   0.0182   0.0257   0.0407   0.0862
  0.0894   0.0961   0.0967   0.1207   0.1465   0.1494   0.1543   0.1643
  0.1731   0.2041   0.2190   0.2254   0.2543   0.2560   0.2861   0.3060
  0.3181   0.3244   0.3374   0.3617   0.3640   0.3659   0.3678   0.4024
  0.4147   0.4586   0.4723   0.4953   0.5144   0.5210   0.5473   0.5878
  0.5935   0.6055   0.6112   0.6321   0.6323   0.6778   0.6812   0.6941
  0.7224   0.7229   0.7452   0.7747   0.7879   0.7973   0.7982   0.8191
  0.8263   0.8752   0.8848   0.8953   0.9374   0.9419   0.9486   0.9493
  0.9964   1.0096   1.0218   1.0281   1.0306   1.0699   1.0800   1.1497
  1.1546   1.1781   1.1867   1.1889   1.2248   1.2314   1.2413   1.3269
  1.3485   1.3553   1.4057   1.4246   1.4417   1.5178   1.5186   1.5753
  1.5901   1.6069   1.6087   1.6438   1.6571   1.6710   1.6913   1.6978
  1.7020   1.7204   1.7443   1.7596   1.7598   1.7911   1.8186   1.8504
  1.8676   1.8848   1.8949   1.9413   1.9429   1.9612   1.9885   2.0064
  2.0223   2.0330   2.0636   2.1219   2.1220   2.1754   2.1996   2.2185
  2.2345   2.2372   2.2449   2.2649   2.2766   2.3513   2.3990   2.4004
  2.4119   2.4216   2.4779   2.4802   2.5118   2.5435   2.5642   2.5743
  2.6034   2.6460   2.6518   2.6522   2.6714   2.6723   2.6808   2.7156
  2.7282   2.7338   2.8165   2.8231   2.8393   2.8600   2.8792   2.8853
  2.9222   2.9334   3.0213   3.0330   3.0620   3.0715   3.0931   3.1259
  3.1782   3.2259   3.2736   3.3048   3.4020   3.4287   3.4378   3.4546
  3.4547   3.4615   3.5301   3.6128   3.6216   3.6277   3.6494   3.6692
  3.7214   3.7835   3.8131   3.8886   3.9186   3.9460   3.9960   4.0077
  4.0135   4.0144   4.0440   4.0761   4.0777   4.0989   4.1467   4.1591
  4.2370   4.4304   4.5633   4.5646   4.6747   4.8695   4.9088   4.9640
  4.9735   4.9845   4.9887   5.0096   5.0536   5.0870   5.0999   5.1042
  5.1698   5.1886   5.2089   5.2263   5.2569   5.2654   5.2908   5.3199
  5.3304   5.4134   5.4237   5.4647   5.4996   5.5319   5.5621   5.6653
  5.6729   5.6771   5.7456   5.7492   5.8058   5.8117   5.8957   5.9005
  5.9225   5.9464   6.0162   6.0245   6.0480   6.0494   6.0805   6.1183
  6.1242   6.1482   6.1504   6.1554   6.2013   6.2271   6.2307   6.2826
  6.3043   6.3159   6.3188   6.3357   6.3570   6.3602   6.4408   6.4467
  6.4600   6.5461   6.6015   6.6423   6.6554   6.6577   6.6848   6.7772
  6.7789   6.8190   6.8769   6.8843   6.9312   6.9986   7.0605   7.1106
  7.1306   7.1724   7.1907   7.2234   7.2241   7.2246   7.2250   7.3275
  7.3289   7.3478   7.3945   7.5045   7.5061   7.5596   7.6658   7.7506
  7.7698   7.7792   7.8096   7.8606   7.8990   7.9145   7.9771   8.0034
  8.0435   8.0644   8.1578   8.3150   8.4192   8.4406   8.4728   8.4834
  8.6047   8.6181   8.6586   8.6876   8.6908   8.7337   8.7758   8.7822
  8.7851   8.8162   8.8195   8.8217   8.8264   8.8275   8.8662   8.8865
  8.8919   8.9022   8.9546   8.9673   8.9975   9.0072   9.0118   9.0478
  9.1348   9.1816   9.1832   9.1943   9.2986   9.3078   9.3104   9.3699
  9.3946   9.4094   9.5245   9.7671   9.7995   9.8892   9.9158   9.9544
 10.0853  10.1012  10.1502  10.2016  10.2976  10.3281  10.4008  10.4068
 10.4861  10.5563  10.5761  10.6583  10.7755  10.8387  11.1151  11.5413
 11.5814  11.7321  12.2487  12.3433  12.3603  12.4700  12.7331  13.1159
 13.4073  13.7798  28.7815  29.5267  29.9126  30.2689  38.6153  38.8759
150.6854 151.4334 151.8533 152.2070 201.3342 201.6176
 --------------------------------------------------------------
 
          Ground-State Mulliken Net Atomic Charges

     Atom                 Charge (a.u.)
  ----------------------------------------
      1 C                    -0.091034
      2 C                    -0.102646
      3 C                     0.087818
      4 N                    -0.193727
      5 C                     0.091097
      6 N                    -0.196182
      7 H                     0.196332
      8 H                     0.208341
  ----------------------------------------
  Sum of atomic charges =     0.000000

 -----------------------------------------------------------------
                    Cartesian Multipole Moments
 -----------------------------------------------------------------
    Charge (ESU x 10^10)
                -0.0000
    Dipole Moment (Debye)
         X      -2.5512      Y      -4.5120      Z      -1.1744
       Tot       5.3147
    Quadrupole Moments (Debye-Ang)
        XX     -39.5746     XY      -0.0356     YY     -37.6244
        XZ       3.1324     YZ      -2.1002     ZZ     -36.9277
    Octopole Moments (Debye-Ang^2)
       XXX     -46.3389    XXY     -24.5865    XYY      -5.8070
       YYY     -56.1962    XXZ       3.7865    XYZ       7.4804
       YYZ     -14.6287    XZZ      -6.7828    YZZ     -23.3581
       ZZZ     -16.2453
    Hexadecapole Moments (Debye-Ang^3)
      XXXX    -420.4949   XXXY      -9.2267   XXYY    -109.5424
      XYYY      14.7634   YYYY    -257.5179   XXXZ     117.1680
      XXYZ     -17.5367   XYYZ      42.6946   YYYZ     -77.9511
      XXZZ    -107.3389   XYZZ       6.0794   YYZZ     -91.1241
      XZZZ     104.3956   YZZZ     -72.7029   ZZZZ    -225.1176
 -----------------------------------------------------------------
 Total job time:  7.12s(wall), 213.42s(cpu) 
 Mon Jan  6 16:18:43 2025

        *************************************************************
        *                                                           *
        *  Thank you very much for using Q-Chem.  Have a nice day.  *
        *                                                           *
        *************************************************************


