
Running Job 1 of 1 dimethylallene-singlet-wb97xd-B97mV.in
qchem dimethylallene-singlet-wb97xd-B97mV.in_3447301.0 /expanse/lustre/scratch/whughes/temp_project/job_38266780/dimethylallene-singlet-wb97xd-B97mV-38266780/ 0
/cm/shared/apps/spack/0.17.3/cpu/b/opt/spack/linux-rocky8-zen2/gcc-10.2.0/qchem-6.0-rytxnwjazd34ekd2gqyi5ufsaimxsd3r/exe/qcprog.exe_s dimethylallene-singlet-wb97xd-B97mV.in_3447301.0 /expanse/lustre/scratch/whughes/temp_project/job_38266780/dimethylallene-singlet-wb97xd-B97mV-38266780/
                  Welcome to Q-Chem
     A Quantum Leap Into The Future Of Chemistry


 Q-Chem 6.0, Q-Chem, Inc., Pleasanton, CA (2022)

 License issued to: University of California, San Diego (site)

 E. Epifanovsky,  A. T. B. Gilbert,  Xintian Feng,  Joonho Lee,  Yuezhi Mao,  
 N. Mardirossian,  P. Pokhilko,  A. White,  M. Wormit,  M. P. Coons,  
 A. L. Dempwolff,  Zhengting Gan,  D. Hait,  P. R. Horn,  L. D. Jacobson,  
 I. Kaliman,  J. Kussmann,  A. W. Lange,  Ka Un Lao,  D. S. Levine,  Jie Liu,  
 S. C. McKenzie,  A. F. Morrison,  K. Nanda,  F. Plasser,  D. R. Rehn,  
 M. L. Vidal,  Zhi-Qiang You,  Ying Zhu,  B. Alam,  B. Albrecht,  
 A. Aldossary,  E. Alguire,  J. H. Andersen,  V. Athavale,  D. Barton,  
 K. Begam,  A. Behn,  N. Bellonzi,  Y. A. Bernard,  E. J. Berquist,  
 H. Burton,  A. Carreras,  K. Carter-Fenk,  Romit Chakraborty,  
 Chandrima Chakravarty,  Junhan Chen,  A. D. Chien,  K. D. Closser,  
 V. Cofer-Shabica,  L. Cunha,  S. Dasgupta,  Jia Deng,  M. de Wergifosse,  
 M. Diedenhofen,  Hainam Do,  S. Ehlert,  Po-Tung Fang,  S. Fatehi,  
 Qingguo Feng,  T. Friedhoff,  B. Ganoe,  J. Gayvert,  Qinghui Ge,  
 G. Gidofalvi,  M. Goldey,  J. Gomes,  C. Gonzalez-Espinoza,  S. Gulania,  
 A. Gunina,  J. A. Gyamfi,  M. W. D. Hanson-Heine,  P. H. P. Harbach,  
 A. W. Hauser,  M. F. Herbst,  M. Hernandez Vera,  M. Hodecker,  
 Z. C. Holden,  S. Houck,  Xunkun Huang,  Kerwin Hui,  B. C. Huynh,  
 K. Ikeda,  M. Ivanov,  Hyunjun Ji,  Zuxin Jin,  Hanjie Jiang,  B. Kaduk,  
 S. Kaehler,  R. Kang,  K. Khistyaev,  Jaehoon Kim,  Yongbin Kim,  
 P. Klunzinger,  Z. Koczor-Benda,  Joong Hoon Koh,  D. Kosenkov,  
 Saikiran Kotaru,  L. Koulias,  T. Kowalczyk,  C. M. Krauter,  K. Kue,  
 A. Kunitsa,  T. Kus,  A. Landau,  K. V. Lawler,  D. Lefrancois,  S. Lehtola,  
 Rain Li,  Shaozhi Li,  Yi-Pei Li,  Jiashu Liang,  M. Liebenthal,  
 Hung-Hsuan Lin,  You-Sheng Lin,  Fenglai Liu,  Kuan-Yu Liu,  
 M. Loipersberger,  A. Luenser,  C. Malbon,  A. Manjanath,  P. Manohar,  
 E. Mansoor,  S. F. Manzer,  Shan-Ping Mao,  A. V. Marenich,  T. Markovich,  
 S. Mason,  F. Matz,  S. A. Maurer,  P. F. McLaughlin,  M. F. S. J. Menger,  
 J.-M. Mewes,  S. A. Mewes,  P. Morgante,  Mohammad Mostafanejad,  
 J. W. Mullinax,  K. J. Oosterbaan,  G. Paran,  V. Parravicini,  
 Alexander C. Paul,  Suranjan K. Paul,  F. Pavosevic,  Zheng Pei,  S. Prager,  
 E. I. Proynov,  E. Ramos,  B. Rana,  A. E. Rask,  A. Rettig,  R. M. Richard,  
 F. Rob,  E. Rossomme,  T. Scheele,  M. Scheurer,  M. Schneider,  
 P. E. Schneider,  N. Sergueev,  S. M. Sharada,  Hengyuan Shen,  
 W. Skomorowski,  D. W. Small,  C. J. Stein,  Yingli Su,  Yu-Chuan Su,  
 E. J. Sundstrom,  Zhen Tao,  J. Thirman,  Hung-Yi Tsai,  T. Tsuchimochi,  
 N. M. Tubman,  C. Utku,  S. P. Veccham,  O. Vydrov,  J. Wenzel,  
 Jonathan Wong,  J. Witte,  A. Yamada,  Chou-Hsun Yang,  Kun Yao,  
 S. Yeganeh,  S. R. Yost,  A. Zech,  F. Zeller,  Igor Ying Zhang,  
 Xing Zhang,  Yu Zhang,  D. Zuev,  A. Aspuru-Guzik,  A. T. Bell,  
 N. A. Besley,  K. B. Bravaya,  B. R. Brooks,  D. Casanova,  Jeng-Da Chai,  
 Hsing-Ta Chen,  S. Coriani,  C. J. Cramer,  A. E. DePrince, III,  
 R. A. DiStasio Jr.,  A. Dreuw,  B. D. Dunietz,  T. R. Furlani,  
 W. A. Goddard III,  S. Grimme,  S. Hammes-Schiffer,  T. Head-Gordon,  
 W. J. Hehre,  Chao-Ping Hsu,  T.-C. Jagau,  Yousung Jung,  A. Klamt,  
 Jing Kong,  D. S. Lambrecht,  Xiangyuan Li,  WanZhen Liang,  N. J. Mayhall,  
 C. W. McCurdy,  J. B. Neaton,  T. Neudecker,  C. Ochsenfeld,  
 J. A. Parkhill,  R. Peverati,  V. A. Rassolov,  Haisheng Ren,  Yihan Shao,  
 L. V. Slipchenko,  R. P. Steele,  J. E. Subotnik,  A. J. W. Thom,  
 A. Tkatchenko,  D. G. Truhlar,  T. Van Voorhis,  Fan Wang,  
 T. A. Wesolowski,  K. B. Whaley,  H. L. Woodcock III,  P. M. Zimmerman,  
 S. Faraji,  P. M. W. Gill,  M. Head-Gordon,  J. M. Herbert,  A. I. Krylov

 Contributors to earlier versions of Q-Chem not listed above: 
 R. D. Adamson,  B. Austin,  R. Baer,  J. Baker,  G. J. O. Beran,  
 K. Brandhorst,  S. T. Brown,  E. F. C. Byrd,  Arup K. Chakraborty,  
 G. K. L. Chan,  Chun-Min Chang,  Yunqing Chen,  C.-L. Cheng,  
 Siu Hung Chien,  D. M. Chipman,  D. L. Crittenden,  H. Dachsel,  
 R. J. Doerksen,  A. D. Dutoi,  R. G. Edgar,  J. Fosso-Tande,  
 L. Fusti-Molnar,  D. Ghosh,  A. Ghysels,  A. Golubeva-Zadorozhnaya,  
 J. Gonthier,  M. S. Gordon,  S. R. Gwaltney,  G. Hawkins,  J. E. Herr,  
 A. Heyden,  S. Hirata,  E. G. Hohenstein,  G. Kedziora,  F. J. Keil,  
 C. Kelley,  Jihan Kim,  R. A. King,  R. Z. Khaliullin,  P. P. Korambath,  
 W. Kurlancheek,  A. Laurent,  A. M. Lee,  M. S. Lee,  S. V. Levchenko,  
 Ching Yeh Lin,  D. Liotard,  E. Livshits,  R. C. Lochan,  I. Lotan,  
 L. A. Martinez-Martinez,  P. E. Maslen,  N. Nair,  D. P. O'Neill,  
 D. Neuhauser,  E. Neuscamman,  C. M. Oana,  R. Olivares-Amaya,  R. Olson,  
 T. M. Perrine,  B. Peters,  P. A. Pieniazek,  A. Prociuk,  Y. M. Rhee,  
 J. Ritchie,  M. A. Rohrdanz,  E. Rosta,  N. J. Russ,  H. F. Schaefer III,  
 M. W. Schmidt,  N. E. Schultz,  S. Sharma,  N. Shenvi,  C. D. Sherrill,  
 A. C. Simmonett,  A. Sodt,  T. Stein,  D. Stuck,  K. S. Thanthiriwatte,  
 V. Vanovschi,  L. Vogt,  Tao Wang,  A. Warshel,  M. A. Watson,  
 C. F. Williams,  Q. Wu,  X. Xu,  Jun Yang,  W. Zhang,  Yan Zhao

   Please cite Q-Chem as follows:
  "Software for the frontiers of quantum chemistry:
   An overview of developments in the Q-Chem 5 package"
   J. Chem. Phys. 155, 084801 (2021)
   https://doi.org/10.1063/5.0055522 (open access)

 Q-Chem 6.0.2 for Intel X86 EM64T Linux

 Parts of Q-Chem use Armadillo 9.900.5 (Nocturnal Misbehaviour).
 http://arma.sourceforge.net/

 Q-Chem begins on Mon Apr  7 13:29:25 2025  

 Host: 
0

     Scratch files written to /expanse/lustre/scratch/whughes/temp_project/job_38266780/dimethylallene-singlet-wb97xd-B97mV-38266780//
 Dec722 |scratch|qcdevops|jenkins|workspace|build_RNUM    
 Processing $rem in /cm/shared/apps/spack/0.17.3/cpu/b/opt/spack/linux-rocky8-zen2/gcc-10.2.0/qchem-6.0-rytxnwjazd34ekd2gqyi5ufsaimxsd3r/config/preferences:
 Processing $rem in /home/whughes/.qchemrc:

 Checking the input file for inconsistencies... 	...done.

--------------------------------------------------------------
User input:
--------------------------------------------------------------
$molecule
0 1
C    0.1756629612    -1.3560468593   -0.8700000453
C    0.0290504236    -0.0161851152   -0.1990158408
C    -0.1580883065   0.0884124242    1.0854672064
C    -0.3450525978   0.1928912107    2.3686807475
C    0.1095106673    1.1966615367    -1.0875333127
H    1.140850549     -1.4215394526   -1.3798832978
H    0.1042017405    -2.1742853622   -0.1557204875
H    -0.6003667074   -1.4871502691   -1.6292266594
H    0.4906928567    0.2729324511    3.0551819985
H    -1.3427378096   0.2033138677    2.7937082891
H    -0.6694088094   1.157717285     -1.8540900038
H    -0.0062635925   2.119194273     -0.5215564682
H    1.071948625     1.22408401      -1.6060121259
$end

$rem
METHOD      B97M-V
BASIS       def2-QZVPP
SYM_IGNORE   TRUE
DFT_D       false
MAX_SCF_CYCLES 300
$end
--------------------------------------------------------------
 ----------------------------------------------------------------
             Standard Nuclear Orientation (Angstroms)
    I     Atom           X                Y                Z
 ----------------------------------------------------------------
    1      C       0.1756629612    -1.3560468593    -0.8700000453
    2      C       0.0290504236    -0.0161851152    -0.1990158408
    3      C      -0.1580883065     0.0884124242     1.0854672064
    4      C      -0.3450525978     0.1928912107     2.3686807475
    5      C       0.1095106673     1.1966615367    -1.0875333127
    6      H       1.1408505490    -1.4215394526    -1.3798832978
    7      H       0.1042017405    -2.1742853622    -0.1557204875
    8      H      -0.6003667074    -1.4871502691    -1.6292266594
    9      H       0.4906928567     0.2729324511     3.0551819985
   10      H      -1.3427378096     0.2033138677     2.7937082891
   11      H      -0.6694088094     1.1577172850    -1.8540900038
   12      H      -0.0062635925     2.1191942730    -0.5215564682
   13      H       1.0719486250     1.2240840100    -1.6060121259
 ----------------------------------------------------------------
 Nuclear Repulsion Energy =         157.84387389 hartrees
 There are       19 alpha and       19 beta electrons
 Requested basis set is def2-QZVPP
 There are 165 shells and 525 basis functions

 Total QAlloc Memory Limit   8000 MB
 Mega-Array Size       188 MB
 MEM_STATIC part       192 MB


                       Distance Matrix (Angstroms)
             C (  1)   C (  2)   C (  3)   C (  4)   C (  5)   H (  6)
   C (  2)  1.505638
   C (  3)  2.453916  1.302251
   C (  4)  3.627590  2.603216  1.300964
   C (  5)  2.562814  1.505634  2.453927  3.627616
   H (  6)  1.093553  2.146059  3.169408  4.343504  2.829153
   H (  7)  1.088493  2.159842  2.594059  3.489693  3.497368  1.771960
   H (  8)  1.093543  2.146021  3.169790  4.344075  2.828463  1.760203
   H (  9)  4.261440  3.299471  2.082004  1.084510  4.261533  4.792050
   H ( 10)  4.261444  3.299452  2.081990  1.084497  4.261432  5.121252
   H ( 11)  2.828708  2.145964  3.169520  4.343718  1.093545  3.186609
   H ( 12)  3.497401  2.159890  2.594157  3.489827  1.088485  3.819606
   H ( 13)  2.828801  2.146053  3.169669  4.343896  1.093553  2.656164
             H (  7)   H (  8)   H (  9)   H ( 10)   H ( 11)   H ( 12)
   H (  8)  1.771946
   H (  9)  4.055631  5.121717
   H ( 10)  4.055335  4.792821  1.853290
   H ( 11)  3.819054  2.655307  5.121487  4.792315
   H ( 12)  4.310453  3.819112  4.055700  4.055582  1.771961
   H ( 13)  3.819528  3.185588  4.792627  5.121545  1.760191  1.771950

 
 A cutoff of  1.0D-09 yielded  11188 shell pairs
 There are    111148 function pairs (    164520 Cartesian)
 Smallest overlap matrix eigenvalue = 3.28E-05

 Scale SEOQF with 1.000000e-01/1.000000e-01/1.000000e-01

 Standard Electronic Orientation quadrupole field applied
 Nucleus-field energy     =    -0.0000000058 hartrees
 Guess from superposition of atomic densities
 Warning:  Energy on first SCF cycle will be non-variational
 SAD guess density has 38.000000 electrons

 -----------------------------------------------------------------------
  General SCF calculation program by
  Eric Jon Sundstrom, Paul Horn, Yuezhi Mao, Dmitri Zuev, Alec White,
  David Stuck, Shaama M.S., Shane Yost, Joonho Lee, David Small,
  Daniel Levine, Susi Lehtola, Hugh Burton, Evgeny Epifanovsky,
  Bang C. Huynh
 -----------------------------------------------------------------------
 Exchange:  B97M-V      Correlation:  B97M-V
 Using SG-2 standard quadrature grid
 Nonlocal Correlation:  VV10 with C = 0.0100 and b = 6.00 and scale = 1.00000
 Grid used for NLC:  SG-1 standard quadrature
 using 32 threads for integral computing
 -------------------------------------------------------
 OpenMP Integral computing Module                
 Release: version 1.0, May 2013, Q-Chem Inc. Pittsburgh 
 -------------------------------------------------------
 A restricted SCF calculation will be
 performed using DIIS
 SCF converges when DIIS error is below 1.0e-05
 ---------------------------------------
  Cycle       Energy         DIIS error
 ---------------------------------------
    1    -195.9796070034      1.48e-02  
    2    -195.2268872421      2.03e-03  
    3    -195.1697650730      2.31e-03  
    4    -195.3727520637      4.49e-04  
    5    -195.3780654411      2.68e-04  
    6    -195.3806723250      2.94e-05  
    7    -195.3806807901      2.50e-05  
    8    -195.3807023996      6.56e-06  Convergence criterion met
 ---------------------------------------
 SCF time:   CPU 637.82s  wall 20.00s 
 SCF   energy in the final basis set =     -195.3807023996
 Total energy in the final basis set =     -195.3807023996
 
 --------------------------------------------------------------
 
                    Orbital Energies (a.u.)
 --------------------------------------------------------------
 
 Alpha MOs
 -- Occupied --
-10.1935 -10.1807 -10.1772 -10.1772 -10.1740  -0.8008  -0.7241  -0.6758
 -0.6154  -0.4701  -0.4299  -0.4180  -0.4019  -0.3984  -0.3646  -0.3538
 -0.3377  -0.2401  -0.2203
 -- Virtual --
 -0.0076   0.0009   0.0042   0.0348   0.0485   0.0662   0.0679   0.0864
  0.0889   0.0935   0.1012   0.1111   0.1291   0.1377   0.1403   0.1415
  0.1622   0.1662   0.2020   0.2137   0.2340   0.2651   0.2677   0.2739
  0.2807   0.3011   0.3061   0.3126   0.3207   0.3221   0.3251   0.3488
  0.3608   0.3610   0.3727   0.4027   0.4054   0.4060   0.4113   0.4424
  0.4890   0.4996   0.5065   0.5108   0.5307   0.5851   0.5903   0.6026
  0.6103   0.6321   0.6445   0.6664   0.6725   0.6836   0.7070   0.7074
  0.7415   0.7452   0.7675   0.7742   0.7874   0.7944   0.7947   0.8115
  0.8151   0.8198   0.8285   0.8338   0.8517   0.8570   0.8654   0.8728
  0.8785   0.8804   0.9219   0.9300   0.9399   0.9572   0.9593   0.9646
  1.0037   1.0289   1.0527   1.0620   1.0771   1.0804   1.0878   1.0945
  1.1222   1.1472   1.1495   1.1639   1.1834   1.1918   1.2130   1.2397
  1.2784   1.2895   1.3165   1.3366   1.3572   1.3800   1.4030   1.4157
  1.4416   1.4896   1.4986   1.5057   1.5223   1.5422   1.5807   1.6543
  1.6726   1.6847   1.7284   1.7682   1.7947   1.7980   1.8155   1.8161
  1.8211   1.8421   1.8613   1.8620   1.8799   1.9238   1.9330   1.9485
  1.9506   1.9713   1.9902   1.9982   2.0062   2.0221   2.0357   2.0395
  2.0434   2.0552   2.0664   2.0995   2.1063   2.1121   2.1537   2.1701
  2.1874   2.2180   2.2203   2.2440   2.2506   2.2803   2.2923   2.2929
  2.3022   2.3040   2.3098   2.3435   2.3573   2.3745   2.4170   2.4366
  2.4453   2.4483   2.4820   2.4922   2.4951   2.5071   2.5333   2.5478
  2.5480   2.5531   2.5856   2.6286   2.6345   2.6486   2.6550   2.6996
  2.7027   2.7158   2.7271   2.7444   2.7504   2.7693   2.7981   2.8126
  2.8215   2.8273   2.8614   2.8662   2.8953   2.9052   2.9142   2.9369
  2.9632   2.9689   3.0080   3.0242   3.0353   3.0519   3.0544   3.0659
  3.0672   3.0825   3.0977   3.1552   3.2268   3.2372   3.2611   3.3088
  3.3138   3.3219   3.3248   3.3389   3.4018   3.4104   3.4337   3.4601
  3.4852   3.4975   3.5065   3.5098   3.5203   3.5255   3.5907   3.6028
  3.6167   3.6857   3.7022   3.7031   3.7309   3.7320   3.7689   3.7984
  3.8366   3.9505   3.9572   3.9600   3.9974   4.0243   4.0261   4.0541
  4.0619   4.0643   4.1240   4.1300   4.1518   4.2647   4.3461   4.3716
  4.4479   4.5216   4.5750   4.5777   4.6273   4.7047   4.7795   4.8373
  5.0127   5.0383   5.0517   5.0563   5.1583   5.2316   5.2482   5.3341
  5.3481   5.3733   5.4326   5.4645   5.5001   5.5118   5.5683   5.5716
  5.5862   5.6079   5.6213   5.6364   5.6439   5.6669   5.6809   5.7260
  5.7280   5.7467   5.7734   5.8397   5.9071   5.9075   5.9283   5.9720
  6.0020   6.0172   6.0506   6.0688   6.0998   6.1061   6.1128   6.1374
  6.1555   6.1608   6.1768   6.1939   6.1962   6.2217   6.2316   6.2374
  6.2649   6.2810   6.2856   6.3141   6.3167   6.3648   6.3712   6.3790
  6.4062   6.4130   6.4244   6.4483   6.4581   6.4768   6.4790   6.4966
  6.5047   6.5299   6.5330   6.5422   6.5886   6.5937   6.6204   6.6519
  6.6567   6.6681   6.6693   6.6738   6.6952   6.7138   6.7282   6.7384
  6.7440   6.7690   6.7816   6.8042   6.8256   6.8645   6.9218   6.9414
  6.9452   6.9598   6.9933   7.0169   7.0621   7.0638   7.0917   7.1268
  7.1861   7.1927   7.1972   7.2049   7.2704   7.2952   7.3092   7.3422
  7.3681   7.3979   7.4258   7.4611   7.4924   7.5020   7.6202   7.6356
  7.6386   7.6489   7.6535   7.6903   7.7356   7.7553   7.7660   7.7717
  7.8385   7.8521   7.8723   7.8730   7.8831   7.8905   7.9312   7.9341
  7.9618   8.0048   8.0116   8.0296   8.0672   8.1431   8.1451   8.1913
  8.1932   8.1956   8.2090   8.2141   8.2231   8.2279   8.2398   8.2786
  8.2811   8.2865   8.2937   8.3466   8.3927   8.4013   8.4121   8.4658
  8.4947   8.5115   8.5251   8.5547   8.5633   8.6339   8.6579   8.6763
  8.7128   8.7204   8.7668   8.8052   8.8776   8.8812   8.8858   8.9001
  8.9085   8.9548   8.9666   8.9718   8.9826   8.9843   9.0017   9.0364
  9.0713   9.0784   9.0866   9.1188   9.1277   9.1631   9.1806   9.2115
  9.2609   9.2870   9.2923   9.3283   9.3465   9.3709   9.4041   9.4368
  9.4382   9.4568   9.4612   9.5147   9.5752   9.6074   9.6471   9.7486
  9.8091   9.8396   9.8755   9.8982   9.9025  10.0114  10.0135  10.0374
 10.0552  10.1083  10.2837  10.3061  10.4337  10.4350  10.4487  10.4576
 10.4869  10.4893  10.5062  10.6086  10.7698  10.8697  10.8765  10.8869
 10.8928  11.0449  11.0690  11.1687  11.1844  11.2801  11.5071  11.7280
 12.0466  12.0836  12.1967  12.4153  12.4693  13.4104  13.5440  13.6619
 28.8217  29.7179  29.7911  29.8242  30.6441 150.6986 151.6118 151.7246
151.7428 152.6262
 --------------------------------------------------------------
 
          Ground-State Mulliken Net Atomic Charges

     Atom                 Charge (a.u.)
  ----------------------------------------
      1 C                    -0.531355
      2 C                     0.049814
      3 C                     0.033819
      4 C                    -0.507078
      5 C                    -0.522716
      6 H                     0.172952
      7 H                     0.198050
      8 H                     0.189001
      9 H                     0.195529
     10 H                     0.172366
     11 H                     0.187010
     12 H                     0.188676
     13 H                     0.173932
  ----------------------------------------
  Sum of atomic charges =     0.000000

 -----------------------------------------------------------------
                    Cartesian Multipole Moments
 -----------------------------------------------------------------
    Charge (ESU x 10^10)
                -0.0000
    Dipole Moment (Debye)
         X       0.0945      Y      -0.0520      Z      -0.6342
       Tot       0.6433
    Quadrupole Moments (Debye-Ang)
        XX     -32.1133     XY      -0.0046     YY     -32.7334
        XZ      -0.2536     YZ       0.1749     ZZ     -30.5309
    Octopole Moments (Debye-Ang^2)
       XXX       2.4064    XXY      -0.4706    XYY       1.2960
       YYY      -2.1328    XXZ      -5.4175    XYZ      -0.0098
       YYZ      -8.7017    XZZ       0.0917    YZZ       0.4680
       ZZZ     -11.9597
    Hexadecapole Moments (Debye-Ang^3)
      XXXX     -64.3118   XXXY       4.1334   XXYY     -48.7182
      XYYY       4.4860   YYYY    -217.0573   XXXZ      23.7413
      XXYZ      -2.2505   XYYZ      10.4874   YYYZ     -11.3083
      XXZZ     -75.7885   XYZZ       1.8018   YYZZ    -118.9440
      XZZZ      28.7814   YZZZ      -4.8629   ZZZZ    -422.8765
 -----------------------------------------------------------------
 Total job time:  52.92s(wall), 666.77s(cpu) 
 Mon Apr  7 13:30:18 2025

        *************************************************************
        *                                                           *
        *  Thank you very much for using Q-Chem.  Have a nice day.  *
        *                                                           *
        *************************************************************


