
Running Job 1 of 2 CA11-P1_rdkit_conf_2_wb97xd-B97mV-readSCF.in
qchem CA11-P1_rdkit_conf_2_wb97xd-B97mV-readSCF.in_1334793.0 /expanse/lustre/scratch/whughes/temp_project/job_36180091/CA11-P1_rdkit_conf_2_wb97xd-B97mV-readSCF-36180091/ 0
/cm/shared/apps/spack/0.17.3/cpu/b/opt/spack/linux-rocky8-zen2/gcc-10.2.0/qchem-6.0-rytxnwjazd34ekd2gqyi5ufsaimxsd3r/exe/qcprog.exe_s CA11-P1_rdkit_conf_2_wb97xd-B97mV-readSCF.in_1334793.0 /expanse/lustre/scratch/whughes/temp_project/job_36180091/CA11-P1_rdkit_conf_2_wb97xd-B97mV-readSCF-36180091/
                  Welcome to Q-Chem
     A Quantum Leap Into The Future Of Chemistry


 Q-Chem 6.0, Q-Chem, Inc., Pleasanton, CA (2022)

 License issued to: University of California, San Diego (site)

 E. Epifanovsky,  A. T. B. Gilbert,  Xintian Feng,  Joonho Lee,  Yuezhi Mao,  
 N. Mardirossian,  P. Pokhilko,  A. White,  M. Wormit,  M. P. Coons,  
 A. L. Dempwolff,  Zhengting Gan,  D. Hait,  P. R. Horn,  L. D. Jacobson,  
 I. Kaliman,  J. Kussmann,  A. W. Lange,  Ka Un Lao,  D. S. Levine,  Jie Liu,  
 S. C. McKenzie,  A. F. Morrison,  K. Nanda,  F. Plasser,  D. R. Rehn,  
 M. L. Vidal,  Zhi-Qiang You,  Ying Zhu,  B. Alam,  B. Albrecht,  
 A. Aldossary,  E. Alguire,  J. H. Andersen,  V. Athavale,  D. Barton,  
 K. Begam,  A. Behn,  N. Bellonzi,  Y. A. Bernard,  E. J. Berquist,  
 H. Burton,  A. Carreras,  K. Carter-Fenk,  Romit Chakraborty,  
 Chandrima Chakravarty,  Junhan Chen,  A. D. Chien,  K. D. Closser,  
 V. Cofer-Shabica,  L. Cunha,  S. Dasgupta,  Jia Deng,  M. de Wergifosse,  
 M. Diedenhofen,  Hainam Do,  S. Ehlert,  Po-Tung Fang,  S. Fatehi,  
 Qingguo Feng,  T. Friedhoff,  B. Ganoe,  J. Gayvert,  Qinghui Ge,  
 G. Gidofalvi,  M. Goldey,  J. Gomes,  C. Gonzalez-Espinoza,  S. Gulania,  
 A. Gunina,  J. A. Gyamfi,  M. W. D. Hanson-Heine,  P. H. P. Harbach,  
 A. W. Hauser,  M. F. Herbst,  M. Hernandez Vera,  M. Hodecker,  
 Z. C. Holden,  S. Houck,  Xunkun Huang,  Kerwin Hui,  B. C. Huynh,  
 K. Ikeda,  M. Ivanov,  Hyunjun Ji,  Zuxin Jin,  Hanjie Jiang,  B. Kaduk,  
 S. Kaehler,  R. Kang,  K. Khistyaev,  Jaehoon Kim,  Yongbin Kim,  
 P. Klunzinger,  Z. Koczor-Benda,  Joong Hoon Koh,  D. Kosenkov,  
 Saikiran Kotaru,  L. Koulias,  T. Kowalczyk,  C. M. Krauter,  K. Kue,  
 A. Kunitsa,  T. Kus,  A. Landau,  K. V. Lawler,  D. Lefrancois,  S. Lehtola,  
 Rain Li,  Shaozhi Li,  Yi-Pei Li,  Jiashu Liang,  M. Liebenthal,  
 Hung-Hsuan Lin,  You-Sheng Lin,  Fenglai Liu,  Kuan-Yu Liu,  
 M. Loipersberger,  A. Luenser,  C. Malbon,  A. Manjanath,  P. Manohar,  
 E. Mansoor,  S. F. Manzer,  Shan-Ping Mao,  A. V. Marenich,  T. Markovich,  
 S. Mason,  F. Matz,  S. A. Maurer,  P. F. McLaughlin,  M. F. S. J. Menger,  
 J.-M. Mewes,  S. A. Mewes,  P. Morgante,  Mohammad Mostafanejad,  
 J. W. Mullinax,  K. J. Oosterbaan,  G. Paran,  V. Parravicini,  
 Alexander C. Paul,  Suranjan K. Paul,  F. Pavosevic,  Zheng Pei,  S. Prager,  
 E. I. Proynov,  E. Ramos,  B. Rana,  A. E. Rask,  A. Rettig,  R. M. Richard,  
 F. Rob,  E. Rossomme,  T. Scheele,  M. Scheurer,  M. Schneider,  
 P. E. Schneider,  N. Sergueev,  S. M. Sharada,  Hengyuan Shen,  
 W. Skomorowski,  D. W. Small,  C. J. Stein,  Yingli Su,  Yu-Chuan Su,  
 E. J. Sundstrom,  Zhen Tao,  J. Thirman,  Hung-Yi Tsai,  T. Tsuchimochi,  
 N. M. Tubman,  C. Utku,  S. P. Veccham,  O. Vydrov,  J. Wenzel,  
 Jonathan Wong,  J. Witte,  A. Yamada,  Chou-Hsun Yang,  Kun Yao,  
 S. Yeganeh,  S. R. Yost,  A. Zech,  F. Zeller,  Igor Ying Zhang,  
 Xing Zhang,  Yu Zhang,  D. Zuev,  A. Aspuru-Guzik,  A. T. Bell,  
 N. A. Besley,  K. B. Bravaya,  B. R. Brooks,  D. Casanova,  Jeng-Da Chai,  
 Hsing-Ta Chen,  S. Coriani,  C. J. Cramer,  A. E. DePrince, III,  
 R. A. DiStasio Jr.,  A. Dreuw,  B. D. Dunietz,  T. R. Furlani,  
 W. A. Goddard III,  S. Grimme,  S. Hammes-Schiffer,  T. Head-Gordon,  
 W. J. Hehre,  Chao-Ping Hsu,  T.-C. Jagau,  Yousung Jung,  A. Klamt,  
 Jing Kong,  D. S. Lambrecht,  Xiangyuan Li,  WanZhen Liang,  N. J. Mayhall,  
 C. W. McCurdy,  J. B. Neaton,  T. Neudecker,  C. Ochsenfeld,  
 J. A. Parkhill,  R. Peverati,  V. A. Rassolov,  Haisheng Ren,  Yihan Shao,  
 L. V. Slipchenko,  R. P. Steele,  J. E. Subotnik,  A. J. W. Thom,  
 A. Tkatchenko,  D. G. Truhlar,  T. Van Voorhis,  Fan Wang,  
 T. A. Wesolowski,  K. B. Whaley,  H. L. Woodcock III,  P. M. Zimmerman,  
 S. Faraji,  P. M. W. Gill,  M. Head-Gordon,  J. M. Herbert,  A. I. Krylov

 Contributors to earlier versions of Q-Chem not listed above: 
 R. D. Adamson,  B. Austin,  R. Baer,  J. Baker,  G. J. O. Beran,  
 K. Brandhorst,  S. T. Brown,  E. F. C. Byrd,  Arup K. Chakraborty,  
 G. K. L. Chan,  Chun-Min Chang,  Yunqing Chen,  C.-L. Cheng,  
 Siu Hung Chien,  D. M. Chipman,  D. L. Crittenden,  H. Dachsel,  
 R. J. Doerksen,  A. D. Dutoi,  R. G. Edgar,  J. Fosso-Tande,  
 L. Fusti-Molnar,  D. Ghosh,  A. Ghysels,  A. Golubeva-Zadorozhnaya,  
 J. Gonthier,  M. S. Gordon,  S. R. Gwaltney,  G. Hawkins,  J. E. Herr,  
 A. Heyden,  S. Hirata,  E. G. Hohenstein,  G. Kedziora,  F. J. Keil,  
 C. Kelley,  Jihan Kim,  R. A. King,  R. Z. Khaliullin,  P. P. Korambath,  
 W. Kurlancheek,  A. Laurent,  A. M. Lee,  M. S. Lee,  S. V. Levchenko,  
 Ching Yeh Lin,  D. Liotard,  E. Livshits,  R. C. Lochan,  I. Lotan,  
 L. A. Martinez-Martinez,  P. E. Maslen,  N. Nair,  D. P. O'Neill,  
 D. Neuhauser,  E. Neuscamman,  C. M. Oana,  R. Olivares-Amaya,  R. Olson,  
 T. M. Perrine,  B. Peters,  P. A. Pieniazek,  A. Prociuk,  Y. M. Rhee,  
 J. Ritchie,  M. A. Rohrdanz,  E. Rosta,  N. J. Russ,  H. F. Schaefer III,  
 M. W. Schmidt,  N. E. Schultz,  S. Sharma,  N. Shenvi,  C. D. Sherrill,  
 A. C. Simmonett,  A. Sodt,  T. Stein,  D. Stuck,  K. S. Thanthiriwatte,  
 V. Vanovschi,  L. Vogt,  Tao Wang,  A. Warshel,  M. A. Watson,  
 C. F. Williams,  Q. Wu,  X. Xu,  Jun Yang,  W. Zhang,  Yan Zhao

   Please cite Q-Chem as follows:
  "Software for the frontiers of quantum chemistry:
   An overview of developments in the Q-Chem 5 package"
   J. Chem. Phys. 155, 084801 (2021)
   https://doi.org/10.1063/5.0055522 (open access)

 Q-Chem 6.0.2 for Intel X86 EM64T Linux

 Parts of Q-Chem use Armadillo 9.900.5 (Nocturnal Misbehaviour).
 http://arma.sourceforge.net/

 Q-Chem begins on Mon Jan  6 16:04:17 2025  

 Host: 
0

     Scratch files written to /expanse/lustre/scratch/whughes/temp_project/job_36180091/CA11-P1_rdkit_conf_2_wb97xd-B97mV-readSCF-36180091//
 Dec722 |scratch|qcdevops|jenkins|workspace|build_RNUM    
 Processing $rem in /cm/shared/apps/spack/0.17.3/cpu/b/opt/spack/linux-rocky8-zen2/gcc-10.2.0/qchem-6.0-rytxnwjazd34ekd2gqyi5ufsaimxsd3r/config/preferences:
 Processing $rem in /home/whughes/.qchemrc:

 Checking the input file for inconsistencies... 	...done.

--------------------------------------------------------------
User input:
--------------------------------------------------------------
$molecule
0 3
C    -2.773905248    0.885550033     -0.4997701009
C    -1.2838049108   0.6279954214    -0.5434637014
C    -0.6874738085   -0.1174024064   0.5241886535
C    -1.4232179146   -0.7561270131   1.6469612704
O    0.6242910501    -0.3580919014   0.5959229218
C    1.6069163376    0.3662135882    -0.1637773823
C    1.9426821281    -0.246769837    -1.4656549684
O    3.0957074784    -0.9530396823   -1.3137092698
C    3.629560323     -0.6548699194   -0.0946220944
O    2.8016583107    0.1867515293    0.5597151526
O    4.6608142847    -1.0607856699   0.3082413861
O    -0.6063224059   1.0499994325    -1.4868866503
H    -3.0822502666   1.335989627     0.4450244973
H    -3.3353101163   -0.0430216199   -0.6247944154
H    -3.0239345529   1.5576640377    -1.3169908141
H    -1.1066934012   -1.7959712003   1.7516878304
H    -2.4989540454   -0.7301370301   1.4979931789
H    -1.1888713186   -0.2526813615   2.5895769322
H    1.3395557412    1.4183078122    -0.1870581064
H    1.3094523349    -0.4593738401   -2.3055843198
$end

$rem
METHOD      PBE0
BASIS       def2-QZVPP
SYM_IGNORE   TRUE
DFT_D       D3
MAX_SCF_CYCLES 300
$end

--------------------------------------------------------------
 Adding empirical dispersion correction 
 ----------------------------------------------------------------
 Doing -D3(OP) with
 s6  =   0.91826
 s8  =   0.00000
 a1  =   0.20000
 a2  =   4.75000
 pow =   12.00000
 -D3 energy without 3body term =     -0.0084656908 hartrees
 ----------------------------------------------------------------
             Standard Nuclear Orientation (Angstroms)
    I     Atom           X                Y                Z
 ----------------------------------------------------------------
    1      C      -2.7739052480     0.8855500330    -0.4997701009
    2      C      -1.2838049108     0.6279954214    -0.5434637014
    3      C      -0.6874738085    -0.1174024064     0.5241886535
    4      C      -1.4232179146    -0.7561270131     1.6469612704
    5      O       0.6242910501    -0.3580919014     0.5959229218
    6      C       1.6069163376     0.3662135882    -0.1637773823
    7      C       1.9426821281    -0.2467698370    -1.4656549684
    8      O       3.0957074784    -0.9530396823    -1.3137092698
    9      C       3.6295603230    -0.6548699194    -0.0946220944
   10      O       2.8016583107     0.1867515293     0.5597151526
   11      O       4.6608142847    -1.0607856699     0.3082413861
   12      O      -0.6063224059     1.0499994325    -1.4868866503
   13      H      -3.0822502666     1.3359896270     0.4450244973
   14      H      -3.3353101163    -0.0430216199    -0.6247944154
   15      H      -3.0239345529     1.5576640377    -1.3169908141
   16      H      -1.1066934012    -1.7959712003     1.7516878304
   17      H      -2.4989540454    -0.7301370301     1.4979931789
   18      H      -1.1888713186    -0.2526813615     2.5895769322
   19      H       1.3395557412     1.4183078122    -0.1870581064
   20      H       1.3094523349    -0.4593738401    -2.3055843198
 ----------------------------------------------------------------
 Nuclear Repulsion Energy =         724.25744546 hartrees
 There are       46 alpha and       44 beta electrons
 Requested basis set is def2-QZVPP
 There are 284 shells and 924 basis functions

 Total QAlloc Memory Limit   8000 MB
 Mega-Array Size       188 MB
 MEM_STATIC part       192 MB

 A cutoff of  1.0D-09 yielded  26379 shell pairs
 There are    269879 function pairs (    405188 Cartesian)
 Smallest overlap matrix eigenvalue = 3.93E-05

 Scale SEOQF with 1.000000e-01/1.000000e-01/1.000000e-01

 Standard Electronic Orientation quadrupole field applied
 Nucleus-field energy     =     0.0000000135 hartrees
 Guess from superposition of atomic densities
 Warning:  Energy on first SCF cycle will be non-variational
 SAD guess density has 90.000000 electrons

 -----------------------------------------------------------------------
  General SCF calculation program by
  Eric Jon Sundstrom, Paul Horn, Yuezhi Mao, Dmitri Zuev, Alec White,
  David Stuck, Shaama M.S., Shane Yost, Joonho Lee, David Small,
  Daniel Levine, Susi Lehtola, Hugh Burton, Evgeny Epifanovsky,
  Bang C. Huynh
 -----------------------------------------------------------------------
 Exchange:     0.2500 Hartree-Fock + 0.7500 PBE
 Correlation:  1.0000 PBE
 Using SG-1 standard quadrature grid
 Dispersion:   Grimme D3
 using 32 threads for integral computing
 -------------------------------------------------------
 OpenMP Integral computing Module                
 Release: version 1.0, May 2013, Q-Chem Inc. Pittsburgh 
 -------------------------------------------------------
 A unrestricted SCF calculation will be
 performed using DIIS
 SCF converges when DIIS error is below 1.0e-05
 ---------------------------------------
  Cycle       Energy         DIIS error
 ---------------------------------------
    1    -649.8599476994      6.56e-03  
    2    -646.9431398813      8.42e-04  
    3    -646.4772457833      1.48e-03  
    4    -647.1574954306      2.72e-04  
    5    -647.1818907514      8.23e-05  
    6    -647.1838329598      3.43e-05  
    7    -647.1842472904      1.53e-05  
    8    -647.1843393369      7.32e-06  Convergence criterion met
 ---------------------------------------
 SCF time:   CPU 6611.88s  wall 226.00s 
<S^2> =          2.014041143
 SCF   energy in the final basis set =     -647.1843393369
 Total energy in the final basis set =     -647.1843393369
 
 --------------------------------------------------------------
 
                    Orbital Energies (a.u.)
 --------------------------------------------------------------
 
 Alpha MOs
 -- Occupied --
-19.3017 -19.2880 -19.2878 -19.2138 -19.2040 -10.4136 -10.3764 -10.3309
-10.3188 -10.3130 -10.2513 -10.2388  -1.2322  -1.1566  -1.1109  -1.0965
 -1.0762  -0.8593  -0.8062  -0.7706  -0.7257  -0.6970  -0.6682  -0.6331
 -0.5873  -0.5532  -0.5316  -0.5182  -0.5107  -0.4952  -0.4802  -0.4658
 -0.4528  -0.4498  -0.4371  -0.4347  -0.4282  -0.4251  -0.4076  -0.4025
 -0.3867  -0.3623  -0.3368  -0.2895  -0.2388  -0.2286
 -- Virtual --
  0.0062   0.0093   0.0246   0.0351   0.0443   0.0549   0.0649   0.0730
  0.0773   0.0835   0.0949   0.0979   0.1090   0.1157   0.1219   0.1250
  0.1346   0.1384   0.1445   0.1573   0.1648   0.1669   0.1784   0.1846
  0.1997   0.2075   0.2108   0.2226   0.2339   0.2402   0.2472   0.2495
  0.2542   0.2628   0.2727   0.2832   0.2917   0.2987   0.3086   0.3139
  0.3154   0.3201   0.3221   0.3335   0.3346   0.3407   0.3439   0.3554
  0.3604   0.3634   0.3712   0.3865   0.3919   0.4038   0.4147   0.4190
  0.4253   0.4341   0.4450   0.4503   0.4524   0.4604   0.4701   0.4760
  0.4899   0.5025   0.5090   0.5167   0.5242   0.5359   0.5409   0.5502
  0.5569   0.5598   0.5667   0.5805   0.5867   0.6004   0.6087   0.6132
  0.6235   0.6311   0.6354   0.6528   0.6698   0.6728   0.6858   0.6980
  0.7013   0.7059   0.7095   0.7275   0.7490   0.7523   0.7694   0.7705
  0.7771   0.7822   0.7934   0.8015   0.8094   0.8195   0.8206   0.8246
  0.8302   0.8348   0.8416   0.8571   0.8583   0.8683   0.8761   0.8854
  0.8897   0.8990   0.9062   0.9214   0.9382   0.9427   0.9500   0.9580
  0.9606   0.9697   0.9783   0.9898   0.9942   1.0046   1.0133   1.0190
  1.0347   1.0381   1.0495   1.0589   1.0620   1.0717   1.0787   1.1033
  1.1059   1.1184   1.1275   1.1333   1.1502   1.1687   1.1708   1.1835
  1.1902   1.1942   1.2270   1.2419   1.2488   1.2585   1.2635   1.2730
  1.2886   1.3007   1.3147   1.3219   1.3404   1.3671   1.3763   1.3795
  1.3996   1.4057   1.4186   1.4288   1.4360   1.4489   1.4524   1.4658
  1.4727   1.4770   1.4855   1.4916   1.5007   1.5146   1.5181   1.5418
  1.5531   1.5661   1.5674   1.5809   1.6033   1.6105   1.6254   1.6310
  1.6529   1.6586   1.6647   1.6903   1.7148   1.7170   1.7315   1.7436
  1.7620   1.7656   1.7746   1.7790   1.7961   1.8058   1.8130   1.8276
  1.8314   1.8346   1.8482   1.8541   1.8665   1.8772   1.8833   1.8987
  1.9028   1.9092   1.9155   1.9254   1.9278   1.9355   1.9520   1.9648
  1.9697   1.9863   1.9937   1.9970   2.0067   2.0193   2.0270   2.0338
  2.0389   2.0624   2.0653   2.0671   2.0810   2.0837   2.0999   2.1047
  2.1130   2.1222   2.1315   2.1368   2.1405   2.1515   2.1572   2.1664
  2.1789   2.1937   2.1996   2.2064   2.2141   2.2226   2.2300   2.2451
  2.2605   2.2810   2.2860   2.2870   2.2981   2.3122   2.3229   2.3339
  2.3360   2.3381   2.3512   2.3647   2.3661   2.3818   2.3966   2.4153
  2.4173   2.4247   2.4366   2.4556   2.4574   2.4628   2.4753   2.4875
  2.5071   2.5091   2.5148   2.5270   2.5474   2.5614   2.5802   2.5909
  2.5968   2.6039   2.6173   2.6318   2.6408   2.6482   2.6562   2.6687
  2.6828   2.6855   2.7020   2.7240   2.7343   2.7552   2.7596   2.7690
  2.7754   2.7817   2.7874   2.8027   2.8172   2.8273   2.8398   2.8459
  2.8530   2.8665   2.8781   2.8939   2.9018   2.9068   2.9187   2.9316
  2.9417   2.9555   2.9646   2.9785   2.9848   2.9921   3.0111   3.0179
  3.0481   3.0554   3.0668   3.0768   3.0902   3.1042   3.1281   3.1486
  3.1523   3.1658   3.1889   3.2050   3.2398   3.2425   3.2610   3.2744
  3.2801   3.2874   3.3002   3.3174   3.3270   3.3365   3.3441   3.3708
  3.3771   3.3887   3.4027   3.4116   3.4245   3.4309   3.4516   3.4740
  3.4815   3.4935   3.5092   3.5225   3.5307   3.5462   3.5725   3.5889
  3.6070   3.6229   3.6263   3.6412   3.6820   3.7028   3.7122   3.7380
  3.7460   3.7619   3.7885   3.7939   3.8086   3.8125   3.8275   3.8381
  3.8497   3.8535   3.8726   3.8896   3.8935   3.8987   3.9188   3.9193
  3.9319   3.9418   3.9621   3.9761   4.0141   4.0220   4.0563   4.0702
  4.0963   4.1166   4.1236   4.1461   4.1837   4.1969   4.2122   4.2174
  4.2374   4.2573   4.2695   4.2720   4.2896   4.3023   4.3247   4.3324
  4.3432   4.3613   4.3711   4.4011   4.4047   4.4328   4.4410   4.4492
  4.4758   4.4971   4.5103   4.5190   4.5374   4.5500   4.5578   4.5750
  4.6147   4.6251   4.6322   4.6437   4.6786   4.7141   4.7250   4.7366
  4.7588   4.7952   4.8386   4.8906   4.9018   4.9149   4.9272   4.9623
  4.9869   5.0080   5.0245   5.0287   5.0464   5.0708   5.0752   5.0865
  5.0976   5.1115   5.1460   5.1599   5.1719   5.1791   5.2085   5.2355
  5.2769   5.2857   5.3184   5.3257   5.3395   5.3525   5.3613   5.3775
  5.3988   5.4286   5.4303   5.4343   5.4426   5.4646   5.4893   5.5059
  5.5166   5.5273   5.5417   5.5530   5.5589   5.5665   5.5818   5.5923
  5.6065   5.6236   5.6500   5.6512   5.6824   5.7058   5.7172   5.7344
  5.7546   5.7695   5.7881   5.8074   5.8126   5.8206   5.8330   5.8420
  5.8501   5.8647   5.8654   5.8846   5.9052   5.9190   5.9227   5.9267
  5.9367   5.9435   5.9519   5.9614   5.9863   5.9906   6.0036   6.0158
  6.0278   6.0360   6.0487   6.0552   6.0686   6.0743   6.0889   6.1029
  6.1079   6.1145   6.1224   6.1317   6.1503   6.1575   6.1676   6.1715
  6.1770   6.1869   6.2008   6.2198   6.2311   6.2342   6.2472   6.2565
  6.2672   6.2778   6.2811   6.3075   6.3267   6.3332   6.3539   6.3656
  6.3809   6.3927   6.4026   6.4186   6.4327   6.4357   6.4441   6.4687
  6.4931   6.4998   6.5149   6.5302   6.5381   6.5491   6.5625   6.5869
  6.6026   6.6129   6.6242   6.6357   6.6455   6.6589   6.6691   6.6709
  6.6782   6.6939   6.7092   6.7258   6.7424   6.7517   6.7788   6.7841
  6.7950   6.8129   6.8360   6.8568   6.8634   6.8855   6.9191   6.9436
  6.9533   6.9696   6.9901   7.0096   7.0155   7.0326   7.0590   7.0712
  7.0791   7.1007   7.1156   7.1269   7.1665   7.1768   7.1951   7.2278
  7.2730   7.3007   7.3224   7.3520   7.3612   7.3907   7.3961   7.4096
  7.4166   7.4344   7.4412   7.4513   7.4664   7.5024   7.5090   7.5306
  7.5527   7.5580   7.5691   7.5793   7.5883   7.5984   7.6289   7.6400
  7.6517   7.6700   7.6811   7.6943   7.7139   7.7224   7.7324   7.7449
  7.7571   7.7659   7.7795   7.8100   7.8341   7.8458   7.8564   7.8722
  7.8865   7.9079   7.9151   7.9297   7.9399   7.9491   7.9661   7.9812
  8.0035   8.0317   8.0423   8.0815   8.1085   8.1262   8.1727   8.1842
  8.2074   8.2397   8.2831   8.3062   8.3279   8.3366   8.3574   8.3652
  8.3720   8.3787   8.3834   8.3951   8.4070   8.4219   8.4322   8.4452
  8.4575   8.4645   8.4807   8.5112   8.5496   8.5638   8.5722   8.5882
  8.6018   8.6068   8.6131   8.6194   8.6464   8.6521   8.7001   8.7408
  8.7546   8.7830   8.8205   8.8329   8.8474   8.8810   8.8814   8.8932
  8.9068   8.9135   8.9209   8.9319   8.9445   8.9531   8.9691   8.9732
  9.0065   9.0111   9.0140   9.0403   9.0654   9.0740   9.0880   9.1068
  9.1237   9.1381   9.1528   9.1763   9.1947   9.2045   9.2229   9.2391
  9.3703   9.4559   9.4977   9.5156   9.5600   9.5854   9.5955   9.6152
  9.6664   9.6769   9.6968   9.7240   9.7341   9.7469   9.7529   9.7887
  9.8001   9.8195   9.8303   9.8375   9.8461   9.8703   9.8963   9.8974
  9.9053   9.9167   9.9264   9.9399   9.9592   9.9688   9.9908  10.0035
 10.0197  10.0578  10.0729  10.0785  10.1217  10.1311  10.1495  10.2094
 10.2487  10.2576  10.2892  10.2925  10.3339  10.3903  10.3905  10.4041
 10.4511  10.4794  10.4884  10.5148  10.5922  10.6199  10.7483  10.7732
 10.8520  10.8544  10.9755  11.0161  11.0425  11.0685  11.1245  11.1811
 11.2921  11.3404  11.3849  11.4199  11.4887  11.4952  11.5250  11.5317
 11.5577  11.5688  11.6017  11.7049  11.7739  11.7849  11.8075  11.8181
 11.8576  11.8625  11.8820  11.8966  11.9096  11.9703  11.9901  12.0106
 12.0398  12.0984  12.1329  12.1550  12.1725  12.1843  12.2298  12.2518
 12.2898  12.2969  12.3296  12.3716  12.3980  12.4520  12.4570  12.4670
 12.5099  12.5705  12.6004  12.6535  12.6679  12.6969  12.7536  12.7966
 12.8333  12.8644  12.9756  13.1005  13.2751  13.3408  13.3501  13.3763
 13.3862  13.4367  13.6054  13.7579  13.7958  13.8238  13.9731  14.0964
 14.2856  14.4012  14.5617  14.6778  14.7522  14.8150  28.2163  28.5009
 28.6287  28.7010  28.8062  29.0815  29.2169  48.2214  48.2827  48.2955
 48.3976  48.4745 147.4078 147.6286 147.7700 147.8601 147.9983 148.2742
148.4255 253.4119 253.4816 253.4977 253.6134 253.7042
 
 Beta MOs
 -- Occupied --
-19.2982 -19.2881 -19.2816 -19.2127 -19.1963 -10.4135 -10.3772 -10.3217
-10.3188 -10.2984 -10.2518 -10.2389  -1.2276  -1.1447  -1.1051  -1.0935
 -1.0628  -0.8454  -0.7939  -0.7653  -0.7136  -0.6845  -0.6623  -0.6252
 -0.5813  -0.5413  -0.5199  -0.5075  -0.4978  -0.4825  -0.4772  -0.4561
 -0.4490  -0.4424  -0.4325  -0.4303  -0.4239  -0.4055  -0.3981  -0.3809
 -0.3613  -0.3546  -0.3353  -0.2810
 -- Virtual --
 -0.1075  -0.0744   0.0122   0.0314   0.0357   0.0418   0.0466   0.0599
  0.0691   0.0762   0.0803   0.0868   0.1017   0.1053   0.1110   0.1214
  0.1246   0.1330   0.1407   0.1425   0.1492   0.1595   0.1702   0.1723
  0.1859   0.1895   0.2040   0.2153   0.2176   0.2288   0.2409   0.2462
  0.2548   0.2567   0.2620   0.2674   0.2799   0.2879   0.2953   0.3032
  0.3128   0.3185   0.3221   0.3240   0.3250   0.3383   0.3402   0.3436
  0.3475   0.3616   0.3633   0.3688   0.3767   0.3909   0.3959   0.4082
  0.4190   0.4223   0.4305   0.4389   0.4492   0.4542   0.4584   0.4645
  0.4744   0.4797   0.4945   0.5062   0.5133   0.5214   0.5278   0.5388
  0.5447   0.5533   0.5611   0.5655   0.5704   0.5843   0.5918   0.6063
  0.6137   0.6191   0.6285   0.6378   0.6435   0.6567   0.6755   0.6798
  0.6895   0.7047   0.7056   0.7108   0.7141   0.7314   0.7532   0.7592
  0.7729   0.7752   0.7812   0.7892   0.7979   0.8087   0.8180   0.8223
  0.8250   0.8293   0.8382   0.8439   0.8494   0.8617   0.8679   0.8733
  0.8830   0.8905   0.8938   0.9037   0.9141   0.9279   0.9425   0.9484
  0.9554   0.9633   0.9739   0.9756   0.9824   0.9949   1.0004   1.0086
  1.0177   1.0228   1.0408   1.0443   1.0539   1.0633   1.0651   1.0774
  1.0854   1.1068   1.1123   1.1231   1.1301   1.1382   1.1536   1.1721
  1.1743   1.1900   1.1959   1.2006   1.2321   1.2461   1.2530   1.2645
  1.2698   1.2770   1.2943   1.3056   1.3187   1.3277   1.3448   1.3727
  1.3805   1.3841   1.4025   1.4100   1.4230   1.4336   1.4408   1.4528
  1.4557   1.4706   1.4773   1.4801   1.4897   1.4953   1.5105   1.5183
  1.5282   1.5463   1.5608   1.5718   1.5736   1.5850   1.6094   1.6151
  1.6321   1.6391   1.6613   1.6664   1.6690   1.6972   1.7217   1.7245
  1.7401   1.7514   1.7715   1.7738   1.7797   1.7853   1.8046   1.8125
  1.8210   1.8351   1.8377   1.8448   1.8525   1.8581   1.8708   1.8852
  1.8886   1.9040   1.9097   1.9175   1.9198   1.9336   1.9344   1.9417
  1.9592   1.9702   1.9740   1.9906   2.0003   2.0044   2.0133   2.0241
  2.0315   2.0403   2.0462   2.0682   2.0709   2.0725   2.0858   2.0936
  2.1063   2.1119   2.1191   2.1281   2.1361   2.1411   2.1448   2.1578
  2.1634   2.1712   2.1869   2.1985   2.2059   2.2108   2.2189   2.2265
  2.2360   2.2503   2.2691   2.2873   2.2908   2.2923   2.3049   2.3175
  2.3307   2.3409   2.3414   2.3519   2.3614   2.3701   2.3709   2.3918
  2.4009   2.4206   2.4265   2.4331   2.4444   2.4644   2.4657   2.4692
  2.4847   2.4945   2.5118   2.5194   2.5203   2.5362   2.5549   2.5658
  2.5889   2.5961   2.6018   2.6118   2.6254   2.6370   2.6495   2.6541
  2.6612   2.6744   2.6879   2.6941   2.7067   2.7298   2.7385   2.7624
  2.7650   2.7742   2.7807   2.7895   2.7958   2.8064   2.8220   2.8359
  2.8456   2.8516   2.8632   2.8710   2.8854   2.8983   2.9088   2.9123
  2.9229   2.9365   2.9449   2.9601   2.9730   2.9838   2.9928   2.9967
  3.0175   3.0255   3.0549   3.0591   3.0706   3.0818   3.0935   3.1079
  3.1339   3.1534   3.1574   3.1707   3.1935   3.2114   3.2460   3.2482
  3.2670   3.2777   3.2841   3.2934   3.3075   3.3219   3.3326   3.3421
  3.3533   3.3744   3.3823   3.3930   3.4073   3.4214   3.4312   3.4387
  3.4572   3.4783   3.4862   3.5012   3.5138   3.5278   3.5344   3.5533
  3.5788   3.5964   3.6127   3.6285   3.6326   3.6480   3.6872   3.7091
  3.7176   3.7447   3.7494   3.7719   3.7937   3.7989   3.8194   3.8205
  3.8322   3.8437   3.8556   3.8585   3.8771   3.8924   3.9000   3.9020
  3.9229   3.9256   3.9364   3.9472   3.9698   3.9830   4.0195   4.0296
  4.0617   4.0765   4.1034   4.1241   4.1302   4.1537   4.1905   4.2054
  4.2197   4.2240   4.2417   4.2630   4.2742   4.2769   4.2982   4.3097
  4.3308   4.3395   4.3505   4.3670   4.3767   4.4064   4.4096   4.4358
  4.4465   4.4551   4.4797   4.5018   4.5150   4.5243   4.5439   4.5564
  4.5641   4.5815   4.6217   4.6303   4.6381   4.6476   4.6843   4.7215
  4.7322   4.7411   4.7646   4.8024   4.8456   4.8986   4.9102   4.9238
  4.9367   4.9755   4.9956   5.0184   5.0335   5.0393   5.0531   5.0805
  5.0823   5.0973   5.1136   5.1169   5.1577   5.1690   5.1806   5.1891
  5.2164   5.2507   5.2849   5.2986   5.3286   5.3345   5.3524   5.3563
  5.3720   5.3878   5.4120   5.4321   5.4354   5.4410   5.4563   5.4762
  5.4986   5.5125   5.5284   5.5365   5.5482   5.5614   5.5679   5.5721
  5.5895   5.5993   5.6147   5.6317   5.6598   5.6636   5.6959   5.7125
  5.7241   5.7430   5.7624   5.7757   5.7919   5.8149   5.8187   5.8252
  5.8395   5.8483   5.8619   5.8707   5.8720   5.8949   5.9102   5.9266
  5.9275   5.9308   5.9416   5.9495   5.9600   5.9661   5.9936   5.9980
  6.0103   6.0227   6.0317   6.0441   6.0559   6.0609   6.0731   6.0830
  6.0972   6.1077   6.1144   6.1244   6.1275   6.1357   6.1552   6.1630
  6.1745   6.1768   6.1857   6.1977   6.2084   6.2265   6.2380   6.2426
  6.2559   6.2655   6.2740   6.2869   6.2905   6.3171   6.3363   6.3407
  6.3617   6.3743   6.3911   6.3969   6.4119   6.4263   6.4424   6.4466
  6.4527   6.4786   6.4993   6.5048   6.5222   6.5353   6.5449   6.5597
  6.5764   6.5957   6.6158   6.6194   6.6301   6.6451   6.6502   6.6629
  6.6752   6.6809   6.6840   6.7044   6.7163   6.7337   6.7514   6.7578
  6.7891   6.7909   6.8015   6.8177   6.8444   6.8625   6.8719   6.8946
  6.9228   6.9509   6.9676   6.9783   7.0021   7.0122   7.0203   7.0371
  7.0626   7.0783   7.0923   7.1043   7.1192   7.1358   7.1694   7.1806
  7.2007   7.2310   7.2770   7.3037   7.3261   7.3606   7.3647   7.3943
  7.3996   7.4128   7.4238   7.4436   7.4458   7.4568   7.4712   7.5058
  7.5122   7.5353   7.5554   7.5609   7.5743   7.5831   7.5929   7.6079
  7.6316   7.6475   7.6582   7.6741   7.6883   7.6985   7.7166   7.7263
  7.7381   7.7486   7.7617   7.7708   7.7858   7.8147   7.8356   7.8498
  7.8592   7.8746   7.8906   7.9137   7.9193   7.9369   7.9418   7.9522
  7.9700   7.9870   8.0085   8.0355   8.0442   8.0841   8.1120   8.1299
  8.1846   8.1885   8.2204   8.2448   8.2852   8.3099   8.3306   8.3386
  8.3604   8.3681   8.3751   8.3803   8.3851   8.3976   8.4097   8.4265
  8.4351   8.4482   8.4598   8.4676   8.4848   8.5150   8.5533   8.5694
  8.5749   8.5922   8.6048   8.6116   8.6171   8.6274   8.6503   8.6590
  8.7052   8.7436   8.7607   8.7893   8.8259   8.8347   8.8520   8.8832
  8.8843   8.8960   8.9129   8.9239   8.9294   8.9439   8.9487   8.9551
  8.9725   8.9787   9.0100   9.0136   9.0191   9.0455   9.0715   9.0770
  9.0947   9.1108   9.1279   9.1426   9.1567   9.1786   9.2043   9.2083
  9.2263   9.2421   9.3738   9.4606   9.5005   9.5210   9.5648   9.5904
  9.6005   9.6200   9.6715   9.6803   9.7013   9.7275   9.7389   9.7488
  9.7580   9.7957   9.8043   9.8212   9.8342   9.8416   9.8514   9.8726
  9.8987   9.8999   9.9082   9.9199   9.9288   9.9467   9.9660   9.9716
  9.9935  10.0121  10.0254  10.0649  10.0778  10.0852  10.1233  10.1368
 10.1571  10.2150  10.2517  10.2592  10.2965  10.2990  10.3370  10.3923
 10.3963  10.4095  10.4534  10.4814  10.4907  10.5170  10.5937  10.6226
 10.7529  10.7748  10.8541  10.8574  10.9803  11.0197  11.0460  11.0699
 11.1486  11.2045  11.2949  11.3467  11.3967  11.4309  11.4963  11.5054
 11.5332  11.5395  11.5700  11.5720  11.6073  11.7136  11.7776  11.7870
 11.8102  11.8249  11.8657  11.8712  11.8928  11.9011  11.9152  11.9793
 11.9968  12.0148  12.0490  12.1004  12.1377  12.1582  12.1760  12.1873
 12.2332  12.2558  12.2950  12.3197  12.3440  12.3762  12.4046  12.4606
 12.4727  12.4890  12.5201  12.5744  12.6027  12.6647  12.6748  12.7023
 12.7566  12.8035  12.8454  12.8728  12.9808  13.1250  13.2775  13.3437
 13.3528  13.3787  13.3873  13.4403  13.6114  13.7584  13.8005  13.8258
 13.9736  14.0994  14.2991  14.4123  14.5681  14.6809  14.7667  14.8162
 28.2270  28.5059  28.6358  28.7219  28.8062  29.0811  29.2166  48.2243
 48.2913  48.3000  48.3987  48.4822 147.4104 147.6298 147.7716 147.8660
147.9980 148.2740 148.4253 253.4127 253.4843 253.4989 253.6137 253.7067
 --------------------------------------------------------------
 
          Ground-State Mulliken Net Atomic Charges

     Atom                 Charge (a.u.)    Spin (a.u.)
  --------------------------------------------------------
      1 C                    -0.155264      -0.005438
      2 C                     0.133125       0.024751
      3 C                     0.185719       0.560739
      4 C                    -0.115094      -0.035900
      5 O                    -0.329425       0.156715
      6 C                     0.393021      -0.023686
      7 C                     0.027499       0.894069
      8 O                    -0.256137       0.067503
      9 C                     0.459443       0.002635
     10 O                    -0.298922      -0.006614
     11 O                    -0.286000       0.038808
     12 O                    -0.395048       0.275079
     13 H                     0.066963       0.002193
     14 H                     0.067158       0.001842
     15 H                     0.096149      -0.001906
     16 H                     0.079409       0.022267
     17 H                     0.045189       0.002490
     18 H                     0.078296       0.034584
     19 H                     0.076279       0.023843
     20 H                     0.127638      -0.033974
  --------------------------------------------------------
  Sum of atomic charges =    -0.000000
  Sum of spin   charges =     2.000000

 -----------------------------------------------------------------
                    Cartesian Multipole Moments
 -----------------------------------------------------------------
    Charge (ESU x 10^10)
                -0.0000
    Dipole Moment (Debye)
         X      -5.4727      Y       0.4432      Z       0.8741
       Tot       5.5598
    Quadrupole Moments (Debye-Ang)
        XX     -85.1645     XY       7.2298     YY     -69.5483
        XZ      -5.9511     YZ       2.2730     ZZ     -69.9839
    Octopole Moments (Debye-Ang^2)
       XXX    -292.8148    XXY      39.8204    XYY     -61.8565
       YYY      14.9733    XXZ      -4.0259    XYZ      -0.4776
       YYZ      14.1750    XZZ     -59.2171    YZZ      -1.4752
       ZZZ      32.5805
    Hexadecapole Moments (Debye-Ang^3)
      XXXX   -3076.6105   XXXY     366.6460   XXYY    -498.2698
      XYYY     219.8475   YYYY    -287.1535   XXXZ      24.8818
      XXYZ      12.5745   XYYZ      26.3866   YYYZ      50.8920
      XXZZ    -515.8752   XYZZ      73.6316   YYZZ    -133.7150
      XZZZ      63.0714   YZZZ      65.2251   ZZZZ    -467.3523
 -----------------------------------------------------------------
 Total job time:  227.90s(wall), 6647.80s(cpu) 
 Mon Jan  6 16:08:05 2025

        *************************************************************
        *                                                           *
        *  Thank you very much for using Q-Chem.  Have a nice day.  *
        *                                                           *
        *************************************************************



Running Job 2 of 2 CA11-P1_rdkit_conf_2_wb97xd-B97mV-readSCF.in
qchem CA11-P1_rdkit_conf_2_wb97xd-B97mV-readSCF.in_1334793.1 /expanse/lustre/scratch/whughes/temp_project/job_36180091/CA11-P1_rdkit_conf_2_wb97xd-B97mV-readSCF-36180091/ 0
/cm/shared/apps/spack/0.17.3/cpu/b/opt/spack/linux-rocky8-zen2/gcc-10.2.0/qchem-6.0-rytxnwjazd34ekd2gqyi5ufsaimxsd3r/exe/qcprog.exe_s CA11-P1_rdkit_conf_2_wb97xd-B97mV-readSCF.in_1334793.1 /expanse/lustre/scratch/whughes/temp_project/job_36180091/CA11-P1_rdkit_conf_2_wb97xd-B97mV-readSCF-36180091/
                  Welcome to Q-Chem
     A Quantum Leap Into The Future Of Chemistry


 Q-Chem 6.0, Q-Chem, Inc., Pleasanton, CA (2022)

 License issued to: University of California, San Diego (site)

 E. Epifanovsky,  A. T. B. Gilbert,  Xintian Feng,  Joonho Lee,  Yuezhi Mao,  
 N. Mardirossian,  P. Pokhilko,  A. White,  M. Wormit,  M. P. Coons,  
 A. L. Dempwolff,  Zhengting Gan,  D. Hait,  P. R. Horn,  L. D. Jacobson,  
 I. Kaliman,  J. Kussmann,  A. W. Lange,  Ka Un Lao,  D. S. Levine,  Jie Liu,  
 S. C. McKenzie,  A. F. Morrison,  K. Nanda,  F. Plasser,  D. R. Rehn,  
 M. L. Vidal,  Zhi-Qiang You,  Ying Zhu,  B. Alam,  B. Albrecht,  
 A. Aldossary,  E. Alguire,  J. H. Andersen,  V. Athavale,  D. Barton,  
 K. Begam,  A. Behn,  N. Bellonzi,  Y. A. Bernard,  E. J. Berquist,  
 H. Burton,  A. Carreras,  K. Carter-Fenk,  Romit Chakraborty,  
 Chandrima Chakravarty,  Junhan Chen,  A. D. Chien,  K. D. Closser,  
 V. Cofer-Shabica,  L. Cunha,  S. Dasgupta,  Jia Deng,  M. de Wergifosse,  
 M. Diedenhofen,  Hainam Do,  S. Ehlert,  Po-Tung Fang,  S. Fatehi,  
 Qingguo Feng,  T. Friedhoff,  B. Ganoe,  J. Gayvert,  Qinghui Ge,  
 G. Gidofalvi,  M. Goldey,  J. Gomes,  C. Gonzalez-Espinoza,  S. Gulania,  
 A. Gunina,  J. A. Gyamfi,  M. W. D. Hanson-Heine,  P. H. P. Harbach,  
 A. W. Hauser,  M. F. Herbst,  M. Hernandez Vera,  M. Hodecker,  
 Z. C. Holden,  S. Houck,  Xunkun Huang,  Kerwin Hui,  B. C. Huynh,  
 K. Ikeda,  M. Ivanov,  Hyunjun Ji,  Zuxin Jin,  Hanjie Jiang,  B. Kaduk,  
 S. Kaehler,  R. Kang,  K. Khistyaev,  Jaehoon Kim,  Yongbin Kim,  
 P. Klunzinger,  Z. Koczor-Benda,  Joong Hoon Koh,  D. Kosenkov,  
 Saikiran Kotaru,  L. Koulias,  T. Kowalczyk,  C. M. Krauter,  K. Kue,  
 A. Kunitsa,  T. Kus,  A. Landau,  K. V. Lawler,  D. Lefrancois,  S. Lehtola,  
 Rain Li,  Shaozhi Li,  Yi-Pei Li,  Jiashu Liang,  M. Liebenthal,  
 Hung-Hsuan Lin,  You-Sheng Lin,  Fenglai Liu,  Kuan-Yu Liu,  
 M. Loipersberger,  A. Luenser,  C. Malbon,  A. Manjanath,  P. Manohar,  
 E. Mansoor,  S. F. Manzer,  Shan-Ping Mao,  A. V. Marenich,  T. Markovich,  
 S. Mason,  F. Matz,  S. A. Maurer,  P. F. McLaughlin,  M. F. S. J. Menger,  
 J.-M. Mewes,  S. A. Mewes,  P. Morgante,  Mohammad Mostafanejad,  
 J. W. Mullinax,  K. J. Oosterbaan,  G. Paran,  V. Parravicini,  
 Alexander C. Paul,  Suranjan K. Paul,  F. Pavosevic,  Zheng Pei,  S. Prager,  
 E. I. Proynov,  E. Ramos,  B. Rana,  A. E. Rask,  A. Rettig,  R. M. Richard,  
 F. Rob,  E. Rossomme,  T. Scheele,  M. Scheurer,  M. Schneider,  
 P. E. Schneider,  N. Sergueev,  S. M. Sharada,  Hengyuan Shen,  
 W. Skomorowski,  D. W. Small,  C. J. Stein,  Yingli Su,  Yu-Chuan Su,  
 E. J. Sundstrom,  Zhen Tao,  J. Thirman,  Hung-Yi Tsai,  T. Tsuchimochi,  
 N. M. Tubman,  C. Utku,  S. P. Veccham,  O. Vydrov,  J. Wenzel,  
 Jonathan Wong,  J. Witte,  A. Yamada,  Chou-Hsun Yang,  Kun Yao,  
 S. Yeganeh,  S. R. Yost,  A. Zech,  F. Zeller,  Igor Ying Zhang,  
 Xing Zhang,  Yu Zhang,  D. Zuev,  A. Aspuru-Guzik,  A. T. Bell,  
 N. A. Besley,  K. B. Bravaya,  B. R. Brooks,  D. Casanova,  Jeng-Da Chai,  
 Hsing-Ta Chen,  S. Coriani,  C. J. Cramer,  A. E. DePrince, III,  
 R. A. DiStasio Jr.,  A. Dreuw,  B. D. Dunietz,  T. R. Furlani,  
 W. A. Goddard III,  S. Grimme,  S. Hammes-Schiffer,  T. Head-Gordon,  
 W. J. Hehre,  Chao-Ping Hsu,  T.-C. Jagau,  Yousung Jung,  A. Klamt,  
 Jing Kong,  D. S. Lambrecht,  Xiangyuan Li,  WanZhen Liang,  N. J. Mayhall,  
 C. W. McCurdy,  J. B. Neaton,  T. Neudecker,  C. Ochsenfeld,  
 J. A. Parkhill,  R. Peverati,  V. A. Rassolov,  Haisheng Ren,  Yihan Shao,  
 L. V. Slipchenko,  R. P. Steele,  J. E. Subotnik,  A. J. W. Thom,  
 A. Tkatchenko,  D. G. Truhlar,  T. Van Voorhis,  Fan Wang,  
 T. A. Wesolowski,  K. B. Whaley,  H. L. Woodcock III,  P. M. Zimmerman,  
 S. Faraji,  P. M. W. Gill,  M. Head-Gordon,  J. M. Herbert,  A. I. Krylov

 Contributors to earlier versions of Q-Chem not listed above: 
 R. D. Adamson,  B. Austin,  R. Baer,  J. Baker,  G. J. O. Beran,  
 K. Brandhorst,  S. T. Brown,  E. F. C. Byrd,  Arup K. Chakraborty,  
 G. K. L. Chan,  Chun-Min Chang,  Yunqing Chen,  C.-L. Cheng,  
 Siu Hung Chien,  D. M. Chipman,  D. L. Crittenden,  H. Dachsel,  
 R. J. Doerksen,  A. D. Dutoi,  R. G. Edgar,  J. Fosso-Tande,  
 L. Fusti-Molnar,  D. Ghosh,  A. Ghysels,  A. Golubeva-Zadorozhnaya,  
 J. Gonthier,  M. S. Gordon,  S. R. Gwaltney,  G. Hawkins,  J. E. Herr,  
 A. Heyden,  S. Hirata,  E. G. Hohenstein,  G. Kedziora,  F. J. Keil,  
 C. Kelley,  Jihan Kim,  R. A. King,  R. Z. Khaliullin,  P. P. Korambath,  
 W. Kurlancheek,  A. Laurent,  A. M. Lee,  M. S. Lee,  S. V. Levchenko,  
 Ching Yeh Lin,  D. Liotard,  E. Livshits,  R. C. Lochan,  I. Lotan,  
 L. A. Martinez-Martinez,  P. E. Maslen,  N. Nair,  D. P. O'Neill,  
 D. Neuhauser,  E. Neuscamman,  C. M. Oana,  R. Olivares-Amaya,  R. Olson,  
 T. M. Perrine,  B. Peters,  P. A. Pieniazek,  A. Prociuk,  Y. M. Rhee,  
 J. Ritchie,  M. A. Rohrdanz,  E. Rosta,  N. J. Russ,  H. F. Schaefer III,  
 M. W. Schmidt,  N. E. Schultz,  S. Sharma,  N. Shenvi,  C. D. Sherrill,  
 A. C. Simmonett,  A. Sodt,  T. Stein,  D. Stuck,  K. S. Thanthiriwatte,  
 V. Vanovschi,  L. Vogt,  Tao Wang,  A. Warshel,  M. A. Watson,  
 C. F. Williams,  Q. Wu,  X. Xu,  Jun Yang,  W. Zhang,  Yan Zhao

   Please cite Q-Chem as follows:
  "Software for the frontiers of quantum chemistry:
   An overview of developments in the Q-Chem 5 package"
   J. Chem. Phys. 155, 084801 (2021)
   https://doi.org/10.1063/5.0055522 (open access)

 Q-Chem 6.0.2 for Intel X86 EM64T Linux

 Parts of Q-Chem use Armadillo 9.900.5 (Nocturnal Misbehaviour).
 http://arma.sourceforge.net/

 Q-Chem begins on Mon Jan  6 16:08:09 2025  

 Host: 
0

     Scratch files written to /expanse/lustre/scratch/whughes/temp_project/job_36180091/CA11-P1_rdkit_conf_2_wb97xd-B97mV-readSCF-36180091//
 Dec722 |scratch|qcdevops|jenkins|workspace|build_RNUM    
 Processing $rem in /cm/shared/apps/spack/0.17.3/cpu/b/opt/spack/linux-rocky8-zen2/gcc-10.2.0/qchem-6.0-rytxnwjazd34ekd2gqyi5ufsaimxsd3r/config/preferences:
 Processing $rem in /home/whughes/.qchemrc:

 Checking the input file for inconsistencies... 	...done.

--------------------------------------------------------------
User input:
--------------------------------------------------------------

$molecule
0 3
C    -2.773905248    0.885550033     -0.4997701009
C    -1.2838049108   0.6279954214    -0.5434637014
C    -0.6874738085   -0.1174024064   0.5241886535
C    -1.4232179146   -0.7561270131   1.6469612704
O    0.6242910501    -0.3580919014   0.5959229218
C    1.6069163376    0.3662135882    -0.1637773823
C    1.9426821281    -0.246769837    -1.4656549684
O    3.0957074784    -0.9530396823   -1.3137092698
C    3.629560323     -0.6548699194   -0.0946220944
O    2.8016583107    0.1867515293    0.5597151526
O    4.6608142847    -1.0607856699   0.3082413861
O    -0.6063224059   1.0499994325    -1.4868866503
H    -3.0822502666   1.335989627     0.4450244973
H    -3.3353101163   -0.0430216199   -0.6247944154
H    -3.0239345529   1.5576640377    -1.3169908141
H    -1.1066934012   -1.7959712003   1.7516878304
H    -2.4989540454   -0.7301370301   1.4979931789
H    -1.1888713186   -0.2526813615   2.5895769322
H    1.3395557412    1.4183078122    -0.1870581064
H    1.3094523349    -0.4593738401   -2.3055843198
$end

$rem
METHOD      B97M-V
BASIS       def2-QZVPP
SYM_IGNORE   TRUE
DFT_D       false
SCF_GUESS   read
MAX_SCF_CYCLES 300
$end
--------------------------------------------------------------
 ----------------------------------------------------------------
             Standard Nuclear Orientation (Angstroms)
    I     Atom           X                Y                Z
 ----------------------------------------------------------------
    1      C      -2.7739052480     0.8855500330    -0.4997701009
    2      C      -1.2838049108     0.6279954214    -0.5434637014
    3      C      -0.6874738085    -0.1174024064     0.5241886535
    4      C      -1.4232179146    -0.7561270131     1.6469612704
    5      O       0.6242910501    -0.3580919014     0.5959229218
    6      C       1.6069163376     0.3662135882    -0.1637773823
    7      C       1.9426821281    -0.2467698370    -1.4656549684
    8      O       3.0957074784    -0.9530396823    -1.3137092698
    9      C       3.6295603230    -0.6548699194    -0.0946220944
   10      O       2.8016583107     0.1867515293     0.5597151526
   11      O       4.6608142847    -1.0607856699     0.3082413861
   12      O      -0.6063224059     1.0499994325    -1.4868866503
   13      H      -3.0822502666     1.3359896270     0.4450244973
   14      H      -3.3353101163    -0.0430216199    -0.6247944154
   15      H      -3.0239345529     1.5576640377    -1.3169908141
   16      H      -1.1066934012    -1.7959712003     1.7516878304
   17      H      -2.4989540454    -0.7301370301     1.4979931789
   18      H      -1.1888713186    -0.2526813615     2.5895769322
   19      H       1.3395557412     1.4183078122    -0.1870581064
   20      H       1.3094523349    -0.4593738401    -2.3055843198
 ----------------------------------------------------------------
 Nuclear Repulsion Energy =         724.26591115 hartrees
 There are       46 alpha and       44 beta electrons
 Requested basis set is def2-QZVPP
 There are 284 shells and 924 basis functions

 Total QAlloc Memory Limit   8000 MB
 Mega-Array Size       188 MB
 MEM_STATIC part       192 MB

 A cutoff of  1.0D-09 yielded  26379 shell pairs
 There are    269879 function pairs (    405188 Cartesian)
 Smallest overlap matrix eigenvalue = 3.93E-05

 Scale SEOQF with 1.000000e-01/1.000000e-01/1.000000e-01

 Standard Electronic Orientation quadrupole field applied
 Nucleus-field energy     =     0.0000000135 hartrees
 Guess MOs from SCF MO coefficient file

 -----------------------------------------------------------------------
  General SCF calculation program by
  Eric Jon Sundstrom, Paul Horn, Yuezhi Mao, Dmitri Zuev, Alec White,
  David Stuck, Shaama M.S., Shane Yost, Joonho Lee, David Small,
  Daniel Levine, Susi Lehtola, Hugh Burton, Evgeny Epifanovsky,
  Bang C. Huynh
 -----------------------------------------------------------------------
 Exchange:  B97M-V      Correlation:  B97M-V
 Using SG-2 standard quadrature grid
 Nonlocal Correlation:  VV10 with C = 0.0100 and b = 6.00 and scale = 1.00000
 Grid used for NLC:  SG-1 standard quadrature
 using 32 threads for integral computing
 -------------------------------------------------------
 OpenMP Integral computing Module                
 Release: version 1.0, May 2013, Q-Chem Inc. Pittsburgh 
 -------------------------------------------------------
 A unrestricted SCF calculation will be
 performed using DIIS
 SCF converges when DIIS error is below 1.0e-05
 ---------------------------------------
  Cycle       Energy         DIIS error
 ---------------------------------------
    1    -647.7524016462      9.71e-04  
    2    -647.7765740713      4.55e-05  
    3    -647.7751314746      7.62e-05  
    4    -647.7769865442      1.69e-05  
    5    -647.7770440316      1.07e-05  
    6    -647.7770801951      1.99e-06  Convergence criterion met
 ---------------------------------------
 SCF time:   CPU 2496.65s  wall 80.00s 
<S^2> =          2.011933801
 SCF   energy in the final basis set =     -647.7770801951
 Total energy in the final basis set =     -647.7770801951
 
 --------------------------------------------------------------
 
                    Orbital Energies (a.u.)
 --------------------------------------------------------------
 
 Alpha MOs
 -- Occupied --
-19.2442 -19.2296 -19.2294 -19.1550 -19.1459 -10.3653 -10.3303 -10.2830
-10.2693 -10.2656 -10.2050 -10.1916  -1.1879  -1.1164  -1.0745  -1.0583
 -1.0377  -0.8121  -0.7613  -0.7267  -0.6781  -0.6515  -0.6226  -0.5856
 -0.5382  -0.5071  -0.4841  -0.4712  -0.4656  -0.4511  -0.4359  -0.4214
 -0.4119  -0.4081  -0.3949  -0.3930  -0.3826  -0.3800  -0.3656  -0.3594
 -0.3433  -0.3197  -0.2916  -0.2471  -0.1986  -0.1885
 -- Virtual --
 -0.0182  -0.0118  -0.0022   0.0128   0.0250   0.0356   0.0434   0.0547
  0.0577   0.0638   0.0747   0.0759   0.0913   0.0951   0.1026   0.1035
  0.1139   0.1206   0.1264   0.1389   0.1437   0.1487   0.1578   0.1668
  0.1790   0.1872   0.1882   0.2024   0.2107   0.2196   0.2255   0.2310
  0.2330   0.2428   0.2513   0.2626   0.2690   0.2773   0.2888   0.2911
  0.2962   0.2979   0.3000   0.3105   0.3153   0.3189   0.3224   0.3357
  0.3404   0.3448   0.3499   0.3684   0.3738   0.3855   0.3968   0.3994
  0.4087   0.4164   0.4292   0.4331   0.4351   0.4444   0.4544   0.4606
  0.4738   0.4871   0.4938   0.5007   0.5086   0.5191   0.5266   0.5359
  0.5416   0.5453   0.5514   0.5667   0.5737   0.5866   0.5954   0.5997
  0.6130   0.6210   0.6256   0.6427   0.6595   0.6619   0.6765   0.6889
  0.6910   0.6949   0.7003   0.7183   0.7376   0.7426   0.7605   0.7614
  0.7704   0.7730   0.7829   0.7927   0.8003   0.8096   0.8117   0.8178
  0.8227   0.8278   0.8327   0.8484   0.8510   0.8626   0.8700   0.8798
  0.8837   0.8936   0.9017   0.9158   0.9339   0.9347   0.9458   0.9537
  0.9570   0.9693   0.9746   0.9876   0.9924   1.0011   1.0128   1.0178
  1.0326   1.0394   1.0502   1.0582   1.0643   1.0718   1.0777   1.1050
  1.1086   1.1204   1.1286   1.1363   1.1522   1.1725   1.1742   1.1861
  1.1952   1.1988   1.2322   1.2465   1.2550   1.2653   1.2716   1.2803
  1.2945   1.3086   1.3244   1.3303   1.3472   1.3775   1.3870   1.3899
  1.4120   1.4157   1.4317   1.4436   1.4507   1.4623   1.4676   1.4792
  1.4884   1.4936   1.4997   1.5088   1.5160   1.5274   1.5342   1.5566
  1.5658   1.5794   1.5811   1.5955   1.6175   1.6220   1.6419   1.6485
  1.6614   1.6718   1.6846   1.7056   1.7298   1.7338   1.7505   1.7630
  1.7767   1.7889   1.7940   1.7983   1.8164   1.8250   1.8343   1.8470
  1.8540   1.8586   1.8669   1.8766   1.8882   1.8994   1.9068   1.9219
  1.9274   1.9318   1.9381   1.9507   1.9519   1.9633   1.9748   1.9893
  1.9951   2.0099   2.0214   2.0271   2.0386   2.0463   2.0580   2.0630
  2.0731   2.0947   2.0978   2.1024   2.1151   2.1212   2.1377   2.1413
  2.1542   2.1664   2.1679   2.1768   2.1819   2.1949   2.2034   2.2142
  2.2253   2.2376   2.2422   2.2511   2.2603   2.2635   2.2908   2.3042
  2.3084   2.3258   2.3335   2.3376   2.3586   2.3680   2.3730   2.3885
  2.3919   2.3967   2.4146   2.4242   2.4303   2.4402   2.4505   2.4726
  2.4748   2.4870   2.4937   2.5145   2.5232   2.5255   2.5397   2.5547
  2.5703   2.5745   2.5750   2.5921   2.6178   2.6347   2.6484   2.6605
  2.6685   2.6696   2.6883   2.7116   2.7126   2.7218   2.7356   2.7506
  2.7567   2.7726   2.7858   2.8003   2.8115   2.8324   2.8402   2.8448
  2.8539   2.8595   2.8646   2.8881   2.8976   2.9096   2.9242   2.9300
  2.9378   2.9541   2.9649   2.9758   2.9936   2.9980   3.0085   3.0177
  3.0380   3.0449   3.0582   3.0713   3.0725   3.0791   3.0998   3.1083
  3.1270   3.1584   3.1630   3.1705   3.1958   3.2033   3.2262   3.2419
  3.2546   3.2677   3.2854   3.3002   3.3358   3.3450   3.3583   3.3692
  3.3857   3.3903   3.4075   3.4255   3.4341   3.4398   3.4467   3.4686
  3.4797   3.4940   3.5087   3.5223   3.5299   3.5394   3.5677   3.5833
  3.5953   3.6082   3.6200   3.6357   3.6439   3.6582   3.6837   3.6981
  3.7163   3.7250   3.7411   3.7543   3.7955   3.8127   3.8182   3.8521
  3.8670   3.8782   3.9023   3.9184   3.9193   3.9224   3.9353   3.9542
  3.9549   3.9770   3.9945   3.9988   4.0121   4.0263   4.0299   4.0507
  4.0674   4.0732   4.0765   4.0917   4.1237   4.1325   4.1714   4.1904
  4.2247   4.2334   4.2417   4.2740   4.3076   4.3197   4.3378   4.3459
  4.3639   4.3873   4.3927   4.4017   4.4242   4.4320   4.4589   4.4667
  4.4792   4.4947   4.5088   4.5387   4.5416   4.5621   4.5780   4.5840
  4.6099   4.6304   4.6471   4.6581   4.6776   4.6882   4.6959   4.7181
  4.7542   4.7661   4.7765   4.7890   4.8207   4.8564   4.8710   4.8880
  4.9202   4.9462   4.9780   5.0468   5.0504   5.0647   5.0769   5.1217
  5.1417   5.1822   5.1848   5.1994   5.2147   5.2402   5.2471   5.2587
  5.2667   5.2782   5.3034   5.3200   5.3366   5.3522   5.3682   5.4024
  5.4445   5.4521   5.4946   5.5096   5.5200   5.5283   5.5359   5.5541
  5.5827   5.6057   5.6098   5.6195   5.6347   5.6596   5.6727   5.6983
  5.7064   5.7119   5.7253   5.7344   5.7357   5.7549   5.7625   5.7835
  5.7896   5.8090   5.8317   5.8397   5.8717   5.8866   5.9045   5.9165
  5.9468   5.9666   5.9780   5.9936   6.0012   6.0145   6.0271   6.0369
  6.0621   6.0789   6.0943   6.1179   6.1201   6.1271   6.1459   6.1494
  6.1628   6.1726   6.1985   6.2106   6.2171   6.2195   6.2260   6.2336
  6.2450   6.2555   6.2725   6.2780   6.2991   6.3122   6.3208   6.3350
  6.3393   6.3464   6.3567   6.3705   6.3790   6.3858   6.3983   6.4082
  6.4204   6.4310   6.4368   6.4483   6.4587   6.4849   6.4945   6.5065
  6.5231   6.5414   6.5598   6.5730   6.5859   6.5897   6.6077   6.6136
  6.6265   6.6410   6.6507   6.6604   6.6824   6.6890   6.7047   6.7120
  6.7484   6.7572   6.7634   6.7676   6.7882   6.7951   6.8057   6.8277
  6.8360   6.8615   6.8715   6.8752   6.8911   6.9046   6.9112   6.9123
  6.9227   6.9316   6.9465   6.9687   6.9795   6.9963   7.0125   7.0204
  7.0341   7.0744   7.0905   7.1036   7.1081   7.1382   7.1701   7.1799
  7.1904   7.2214   7.2419   7.2584   7.2656   7.2818   7.3160   7.3312
  7.3406   7.3746   7.3912   7.4028   7.4190   7.4514   7.4643   7.4777
  7.5194   7.5453   7.5678   7.5883   7.6449   7.6540   7.6704   7.6887
  7.6909   7.7059   7.7197   7.7637   7.7739   7.7751   7.7912   7.8100
  7.8259   7.8504   7.8817   7.9004   7.9204   7.9279   7.9476   7.9847
  7.9942   8.0065   8.0259   8.0522   8.0680   8.0876   8.1098   8.1353
  8.1629   8.1664   8.1928   8.2064   8.2067   8.2334   8.2434   8.2505
  8.2575   8.2678   8.2884   8.3016   8.3152   8.3333   8.3535   8.3767
  8.4115   8.4219   8.4375   8.4525   8.4585   8.4917   8.5346   8.5458
  8.5598   8.5991   8.6666   8.6700   8.6864   8.6893   8.6996   8.7272
  8.7561   8.7636   8.7975   8.8240   8.8745   8.8815   8.8899   8.9012
  8.9325   8.9456   8.9585   8.9752   8.9879   8.9936   9.0049   9.0241
  9.0289   9.0452   9.0715   9.0781   9.0958   9.1069   9.1163   9.1481
  9.1755   9.2278   9.2445   9.2744   9.2999   9.3094   9.3159   9.3546
  9.3595   9.3649   9.3680   9.3721   9.3853   9.3988   9.4150   9.4210
  9.4334   9.4391   9.4601   9.4718   9.4896   9.5026   9.5223   9.5292
  9.5392   9.5488   9.5565   9.5945   9.6305   9.6498   9.6617   9.6658
  9.7089   9.7932   9.8613   9.8934   9.9096   9.9328   9.9607   9.9821
 10.0058  10.0243  10.0526  10.0588  10.0716  10.0782  10.1266  10.1706
 10.1878  10.2112  10.2469  10.2698  10.2880  10.2944  10.3208  10.3394
 10.3496  10.3578  10.4091  10.4238  10.4275  10.4481  10.4576  10.4634
 10.4792  10.5100  10.5358  10.5404  10.5563  10.5813  10.6108  10.6450
 10.7170  10.7486  10.7714  10.7878  10.8482  10.8561  10.8905  10.8990
 10.9295  10.9531  10.9741  11.0194  11.0871  11.1170  11.2147  11.2324
 11.3167  11.3300  11.4470  11.4630  11.4932  11.5339  11.5711  11.6278
 11.7744  11.8100  11.8486  11.8862  11.9543  11.9640  11.9863  12.0003
 12.0175  12.0460  12.0775  12.0896  12.1562  12.1783  12.2324  12.2491
 12.2881  12.3010  12.3436  12.3475  12.3998  12.4109  12.4316  12.4722
 12.4930  12.4981  12.5164  12.5650  12.5998  12.6087  12.6653  12.7005
 12.7172  12.7368  12.7852  12.7940  12.8153  12.8543  12.8589  12.9024
 12.9174  13.0238  13.0418  13.0618  13.0973  13.1449  13.1696  13.1898
 13.2393  13.2792  13.3164  13.5365  13.5828  13.6249  13.7929  13.8049
 13.8127  13.8340  14.0306  14.2043  14.2284  14.2601  14.4836  14.5687
 14.7533  14.8655  15.0531  15.1848  15.2526  15.3118  28.8527  29.1413
 29.2810  29.3384  29.4539  29.7436  29.8817  49.1133  49.1717  49.1887
 49.2978  49.3718 150.7751 151.0039 151.1477 151.2305 151.3845 151.6658
151.8203 258.2597 258.3266 258.3471 258.4682 258.5573
 
 Beta MOs
 -- Occupied --
-19.2405 -19.2298 -19.2228 -19.1539 -19.1378 -10.3651 -10.3309 -10.2741
-10.2691 -10.2514 -10.2054 -10.1917  -1.1838  -1.1060  -1.0692  -1.0556
 -1.0240  -0.7990  -0.7495  -0.7222  -0.6660  -0.6406  -0.6167  -0.5786
 -0.5328  -0.4948  -0.4742  -0.4616  -0.4539  -0.4393  -0.4332  -0.4143
 -0.4083  -0.4019  -0.3920  -0.3871  -0.3790  -0.3630  -0.3570  -0.3413
 -0.3218  -0.3139  -0.2899  -0.2386
 -- Virtual --
 -0.1380  -0.1082  -0.0084   0.0040   0.0097   0.0189   0.0273   0.0405
  0.0487   0.0579   0.0614   0.0679   0.0802   0.0849   0.0939   0.1000
  0.1062   0.1125   0.1218   0.1249   0.1306   0.1414   0.1513   0.1527
  0.1653   0.1718   0.1836   0.1946   0.1987   0.2089   0.2200   0.2259
  0.2328   0.2382   0.2428   0.2486   0.2592   0.2673   0.2727   0.2827
  0.2943   0.2961   0.3007   0.3023   0.3046   0.3155   0.3203   0.3223
  0.3267   0.3422   0.3452   0.3507   0.3564   0.3733   0.3786   0.3914
  0.4016   0.4043   0.4143   0.4221   0.4337   0.4378   0.4412   0.4490
  0.4594   0.4643   0.4796   0.4913   0.4992   0.5060   0.5131   0.5232
  0.5306   0.5400   0.5471   0.5522   0.5565   0.5720   0.5795   0.5941
  0.6023   0.6081   0.6179   0.6287   0.6340   0.6470   0.6660   0.6705
  0.6810   0.6956   0.6971   0.7006   0.7063   0.7234   0.7424   0.7499
  0.7658   0.7660   0.7751   0.7803   0.7889   0.7997   0.8083   0.8129
  0.8162   0.8227   0.8306   0.8366   0.8415   0.8545   0.8593   0.8698
  0.8775   0.8871   0.8901   0.8991   0.9112   0.9228   0.9385   0.9422
  0.9532   0.9603   0.9701   0.9772   0.9805   0.9944   1.0000   1.0066
  1.0185   1.0241   1.0403   1.0462   1.0550   1.0656   1.0684   1.0792
  1.0865   1.1104   1.1162   1.1267   1.1335   1.1420   1.1576   1.1778
  1.1794   1.1944   1.2019   1.2090   1.2388   1.2538   1.2620   1.2729
  1.2803   1.2863   1.3020   1.3160   1.3302   1.3379   1.3545   1.3850
  1.3925   1.3966   1.4166   1.4223   1.4372   1.4493   1.4565   1.4679
  1.4722   1.4866   1.4949   1.4980   1.5070   1.5140   1.5267   1.5327
  1.5477   1.5630   1.5753   1.5867   1.5913   1.6027   1.6275   1.6303
  1.6523   1.6593   1.6753   1.6808   1.6933   1.7155   1.7396   1.7439
  1.7629   1.7727   1.7861   1.7992   1.8037   1.8077   1.8287   1.8346
  1.8467   1.8566   1.8638   1.8729   1.8748   1.8840   1.8957   1.9119
  1.9155   1.9321   1.9350   1.9455   1.9474   1.9592   1.9624   1.9729
  1.9866   2.0003   2.0032   2.0178   2.0301   2.0392   2.0483   2.0548
  2.0666   2.0737   2.0852   2.1029   2.1083   2.1108   2.1258   2.1361
  2.1488   2.1538   2.1640   2.1768   2.1782   2.1862   2.1887   2.2050
  2.2156   2.2240   2.2362   2.2478   2.2512   2.2612   2.2693   2.2723
  2.3004   2.3140   2.3191   2.3356   2.3434   2.3477   2.3683   2.3779
  2.3831   2.3998   2.4063   2.4164   2.4262   2.4353   2.4393   2.4530
  2.4602   2.4825   2.4881   2.4986   2.5077   2.5262   2.5370   2.5389
  2.5526   2.5664   2.5798   2.5845   2.5883   2.6079   2.6289   2.6443
  2.6610   2.6707   2.6785   2.6825   2.7000   2.7214   2.7253   2.7327
  2.7426   2.7610   2.7714   2.7792   2.7933   2.8113   2.8206   2.8450
  2.8522   2.8561   2.8633   2.8706   2.8766   2.8958   2.9076   2.9189
  2.9328   2.9450   2.9502   2.9638   2.9748   2.9856   3.0054   3.0086
  3.0160   3.0276   3.0453   3.0614   3.0660   3.0803   3.0839   3.0890
  3.1118   3.1193   3.1395   3.1656   3.1749   3.1793   3.2032   3.2118
  3.2368   3.2515   3.2636   3.2765   3.2951   3.3116   3.3450   3.3546
  3.3704   3.3810   3.3986   3.3991   3.4212   3.4365   3.4433   3.4523
  3.4582   3.4795   3.4912   3.5045   3.5183   3.5351   3.5415   3.5523
  3.5779   3.5948   3.6084   3.6163   3.6310   3.6456   3.6515   3.6725
  3.6965   3.7110   3.7286   3.7388   3.7523   3.7662   3.8082   3.8249
  3.8318   3.8690   3.8772   3.8910   3.9120   3.9294   3.9307   3.9385
  3.9466   3.9633   3.9683   3.9864   4.0020   4.0067   4.0230   4.0370
  4.0407   4.0595   4.0756   4.0793   4.0889   4.1034   4.1348   4.1466
  4.1818   4.2014   4.2366   4.2466   4.2555   4.2886   4.3221   4.3339
  4.3519   4.3580   4.3750   4.3963   4.4030   4.4152   4.4381   4.4487
  4.4725   4.4795   4.4942   4.5082   4.5232   4.5507   4.5537   4.5771
  4.5905   4.5959   4.6206   4.6412   4.6596   4.6706   4.6907   4.7039
  4.7108   4.7330   4.7710   4.7757   4.7915   4.7981   4.8346   4.8717
  4.8877   4.8993   4.9299   4.9629   4.9963   5.0633   5.0645   5.0791
  5.0952   5.1397   5.1531   5.1948   5.2012   5.2128   5.2236   5.2500
  5.2600   5.2691   5.2838   5.3002   5.3177   5.3378   5.3549   5.3639
  5.3806   5.4202   5.4582   5.4638   5.5075   5.5199   5.5339   5.5397
  5.5515   5.5692   5.5968   5.6168   5.6191   5.6314   5.6483   5.6741
  5.6902   5.7090   5.7202   5.7271   5.7375   5.7460   5.7523   5.7644
  5.7746   5.7966   5.7998   5.8227   5.8447   5.8522   5.8853   5.9054
  5.9202   5.9304   5.9587   5.9802   5.9886   6.0092   6.0152   6.0268
  6.0425   6.0505   6.0723   6.0920   6.1094   6.1281   6.1305   6.1363
  6.1567   6.1596   6.1717   6.1814   6.2072   6.2198   6.2244   6.2293
  6.2378   6.2450   6.2574   6.2654   6.2840   6.2915   6.3102   6.3206
  6.3342   6.3417   6.3498   6.3542   6.3678   6.3833   6.3907   6.3956
  6.4098   6.4184   6.4309   6.4429   6.4479   6.4634   6.4702   6.4960
  6.5047   6.5223   6.5306   6.5555   6.5754   6.5873   6.5930   6.6064
  6.6219   6.6279   6.6377   6.6584   6.6621   6.6785   6.6918   6.7020
  6.7162   6.7250   6.7613   6.7703   6.7761   6.7818   6.8001   6.8078
  6.8239   6.8397   6.8476   6.8732   6.8881   6.8926   6.9058   6.9145
  6.9217   6.9284   6.9333   6.9445   6.9608   6.9869   6.9923   7.0140
  7.0322   7.0352   7.0538   7.0881   7.1018   7.1165   7.1213   7.1568
  7.1826   7.1980   7.2044   7.2377   7.2590   7.2697   7.2818   7.2971
  7.3409   7.3493   7.3565   7.3922   7.4117   7.4173   7.4322   7.4679
  7.4774   7.4914   7.5313   7.5609   7.5784   7.6027   7.6607   7.6707
  7.6916   7.7023   7.7054   7.7139   7.7368   7.7764   7.7866   7.7902
  7.8041   7.8212   7.8373   7.8649   7.8900   7.9069   7.9341   7.9460
  7.9602   8.0000   8.0047   8.0109   8.0341   8.0614   8.0714   8.0998
  8.1177   8.1440   8.1709   8.1857   8.1990   8.2156   8.2173   8.2416
  8.2497   8.2628   8.2720   8.2770   8.2959   8.3079   8.3294   8.3452
  8.3668   8.3834   8.4237   8.4351   8.4489   8.4676   8.4706   8.5002
  8.5473   8.5554   8.5712   8.6143   8.6693   8.6781   8.6970   8.6984
  8.7110   8.7390   8.7667   8.7742   8.8132   8.8353   8.8813   8.8973
  8.8988   8.9129   8.9380   8.9509   8.9676   8.9812   8.9824   9.0083
  9.0147   9.0291   9.0383   9.0544   9.0846   9.0879   9.1064   9.1156
  9.1325   9.1578   9.1943   9.2398   9.2535   9.2855   9.3127   9.3195
  9.3269   9.3626   9.3640   9.3691   9.3794   9.3873   9.4050   9.4097
  9.4213   9.4301   9.4452   9.4516   9.4600   9.4804   9.4911   9.5131
  9.5351   9.5384   9.5498   9.5575   9.5778   9.6030   9.6467   9.6610
  9.6725   9.6891   9.7369   9.8212   9.8764   9.9007   9.9378   9.9600
  9.9833   9.9886  10.0044  10.0215  10.0519  10.0718  10.0876  10.1041
 10.1529  10.1799  10.1921  10.2346  10.2633  10.2881  10.3017  10.3140
 10.3365  10.3474  10.3634  10.3695  10.4165  10.4358  10.4405  10.4573
 10.4720  10.4809  10.4849  10.5192  10.5391  10.5587  10.5657  10.5988
 10.6362  10.6755  10.7264  10.7732  10.7917  10.7997  10.8484  10.8663
 10.9032  10.9169  10.9390  10.9572  10.9845  11.0275  11.1191  11.1302
 11.2361  11.2610  11.3252  11.3651  11.4679  11.4891  11.4980  11.5484
 11.5965  11.6552  11.7853  11.8287  11.8754  11.9104  11.9744  11.9907
 12.0055  12.0184  12.0461  12.0536  12.0895  12.1028  12.1829  12.1997
 12.2416  12.2639  12.3089  12.3352  12.3559  12.3785  12.4096  12.4313
 12.4506  12.4954  12.5032  12.5129  12.5418  12.5759  12.6074  12.6324
 12.7096  12.7104  12.7368  12.7711  12.8103  12.8284  12.8367  12.8772
 12.8930  12.9288  12.9410  12.9781  13.0481  13.0805  13.1081  13.1692
 13.1867  13.2053  13.2715  13.2912  13.3247  13.5831  13.5942  13.6469
 13.8086  13.8139  13.8321  13.8633  14.0722  14.2103  14.2651  14.2884
 14.4922  14.5731  14.7833  14.9024  15.0682  15.1934  15.2873  15.3184
 28.8702  29.1519  29.2975  29.3755  29.4594  29.7463  29.8840  49.1219
 49.1937  49.2020  49.3005  49.3939 150.7861 151.0094 151.1553 151.2567
151.3841 151.6654 151.8200 258.2637 258.3404 258.3533 258.4697 258.5700
 --------------------------------------------------------------
 
          Ground-State Mulliken Net Atomic Charges

     Atom                 Charge (a.u.)    Spin (a.u.)
  --------------------------------------------------------
      1 C                    -0.509050      -0.010424
      2 C                     0.194649       0.047974
      3 C                     0.182296       0.571019
      4 C                    -0.404011       0.001162
      5 O                    -0.320213       0.132710
      6 C                     0.351738      -0.000737
      7 C                    -0.138083       0.882879
      8 O                    -0.211013       0.055012
      9 C                     0.502515       0.003647
     10 O                    -0.276678      -0.009903
     11 O                    -0.342292       0.038068
     12 O                    -0.432974       0.260346
     13 H                     0.176419       0.005404
     14 H                     0.176106       0.003766
     15 H                     0.201245      -0.001755
     16 H                     0.163998       0.009182
     17 H                     0.135778       0.000801
     18 H                     0.189753       0.014781
     19 H                     0.138046       0.014139
     20 H                     0.221770      -0.018072
  --------------------------------------------------------
  Sum of atomic charges =     0.000000
  Sum of spin   charges =     2.000000

 -----------------------------------------------------------------
                    Cartesian Multipole Moments
 -----------------------------------------------------------------
    Charge (ESU x 10^10)
                 0.0000
    Dipole Moment (Debye)
         X      -5.2428      Y       0.3786      Z       0.8699
       Tot       5.3279
    Quadrupole Moments (Debye-Ang)
        XX     -85.1918     XY       7.1588     YY     -69.8471
        XZ      -5.9705     YZ       2.3281     ZZ     -70.3498
    Octopole Moments (Debye-Ang^2)
       XXX    -287.6418    XXY      38.8890    XYY     -61.1461
       YYY      14.6421    XXZ      -4.0415    XYZ      -0.4826
       YYZ      14.1173    XZZ     -58.4806    YZZ      -1.5898
       ZZZ      32.4074
    Hexadecapole Moments (Debye-Ang^3)
      XXXX   -3072.4755   XXXY     365.1304   XXYY    -499.0210
      XYYY     219.3806   YYYY    -289.3772   XXXZ      24.6261
      XXYZ      13.0008   XYYZ      26.2789   YYYZ      51.6560
      XXZZ    -516.4737   XYZZ      73.9571   YYZZ    -134.6916
      XZZZ      63.6379   YZZZ      65.3733   ZZZZ    -471.6974
 -----------------------------------------------------------------
 Total job time:  81.87s(wall), 2528.05s(cpu) 
 Mon Jan  6 16:09:30 2025

        *************************************************************
        *                                                           *
        *  Thank you very much for using Q-Chem.  Have a nice day.  *
        *                                                           *
        *************************************************************


