
Running Job 1 of 2 ca11-ts1-triplet-conf3-B97mV-readSCF.in
qchem ca11-ts1-triplet-conf3-B97mV-readSCF.in_2422394.0 /expanse/lustre/scratch/whughes/temp_project/job_36180149/ca11-ts1-triplet-conf3-B97mV-readSCF-36180149/ 0
/cm/shared/apps/spack/0.17.3/cpu/b/opt/spack/linux-rocky8-zen2/gcc-10.2.0/qchem-6.0-rytxnwjazd34ekd2gqyi5ufsaimxsd3r/exe/qcprog.exe_s ca11-ts1-triplet-conf3-B97mV-readSCF.in_2422394.0 /expanse/lustre/scratch/whughes/temp_project/job_36180149/ca11-ts1-triplet-conf3-B97mV-readSCF-36180149/
                  Welcome to Q-Chem
     A Quantum Leap Into The Future Of Chemistry


 Q-Chem 6.0, Q-Chem, Inc., Pleasanton, CA (2022)

 License issued to: University of California, San Diego (site)

 E. Epifanovsky,  A. T. B. Gilbert,  Xintian Feng,  Joonho Lee,  Yuezhi Mao,  
 N. Mardirossian,  P. Pokhilko,  A. White,  M. Wormit,  M. P. Coons,  
 A. L. Dempwolff,  Zhengting Gan,  D. Hait,  P. R. Horn,  L. D. Jacobson,  
 I. Kaliman,  J. Kussmann,  A. W. Lange,  Ka Un Lao,  D. S. Levine,  Jie Liu,  
 S. C. McKenzie,  A. F. Morrison,  K. Nanda,  F. Plasser,  D. R. Rehn,  
 M. L. Vidal,  Zhi-Qiang You,  Ying Zhu,  B. Alam,  B. Albrecht,  
 A. Aldossary,  E. Alguire,  J. H. Andersen,  V. Athavale,  D. Barton,  
 K. Begam,  A. Behn,  N. Bellonzi,  Y. A. Bernard,  E. J. Berquist,  
 H. Burton,  A. Carreras,  K. Carter-Fenk,  Romit Chakraborty,  
 Chandrima Chakravarty,  Junhan Chen,  A. D. Chien,  K. D. Closser,  
 V. Cofer-Shabica,  L. Cunha,  S. Dasgupta,  Jia Deng,  M. de Wergifosse,  
 M. Diedenhofen,  Hainam Do,  S. Ehlert,  Po-Tung Fang,  S. Fatehi,  
 Qingguo Feng,  T. Friedhoff,  B. Ganoe,  J. Gayvert,  Qinghui Ge,  
 G. Gidofalvi,  M. Goldey,  J. Gomes,  C. Gonzalez-Espinoza,  S. Gulania,  
 A. Gunina,  J. A. Gyamfi,  M. W. D. Hanson-Heine,  P. H. P. Harbach,  
 A. W. Hauser,  M. F. Herbst,  M. Hernandez Vera,  M. Hodecker,  
 Z. C. Holden,  S. Houck,  Xunkun Huang,  Kerwin Hui,  B. C. Huynh,  
 K. Ikeda,  M. Ivanov,  Hyunjun Ji,  Zuxin Jin,  Hanjie Jiang,  B. Kaduk,  
 S. Kaehler,  R. Kang,  K. Khistyaev,  Jaehoon Kim,  Yongbin Kim,  
 P. Klunzinger,  Z. Koczor-Benda,  Joong Hoon Koh,  D. Kosenkov,  
 Saikiran Kotaru,  L. Koulias,  T. Kowalczyk,  C. M. Krauter,  K. Kue,  
 A. Kunitsa,  T. Kus,  A. Landau,  K. V. Lawler,  D. Lefrancois,  S. Lehtola,  
 Rain Li,  Shaozhi Li,  Yi-Pei Li,  Jiashu Liang,  M. Liebenthal,  
 Hung-Hsuan Lin,  You-Sheng Lin,  Fenglai Liu,  Kuan-Yu Liu,  
 M. Loipersberger,  A. Luenser,  C. Malbon,  A. Manjanath,  P. Manohar,  
 E. Mansoor,  S. F. Manzer,  Shan-Ping Mao,  A. V. Marenich,  T. Markovich,  
 S. Mason,  F. Matz,  S. A. Maurer,  P. F. McLaughlin,  M. F. S. J. Menger,  
 J.-M. Mewes,  S. A. Mewes,  P. Morgante,  Mohammad Mostafanejad,  
 J. W. Mullinax,  K. J. Oosterbaan,  G. Paran,  V. Parravicini,  
 Alexander C. Paul,  Suranjan K. Paul,  F. Pavosevic,  Zheng Pei,  S. Prager,  
 E. I. Proynov,  E. Ramos,  B. Rana,  A. E. Rask,  A. Rettig,  R. M. Richard,  
 F. Rob,  E. Rossomme,  T. Scheele,  M. Scheurer,  M. Schneider,  
 P. E. Schneider,  N. Sergueev,  S. M. Sharada,  Hengyuan Shen,  
 W. Skomorowski,  D. W. Small,  C. J. Stein,  Yingli Su,  Yu-Chuan Su,  
 E. J. Sundstrom,  Zhen Tao,  J. Thirman,  Hung-Yi Tsai,  T. Tsuchimochi,  
 N. M. Tubman,  C. Utku,  S. P. Veccham,  O. Vydrov,  J. Wenzel,  
 Jonathan Wong,  J. Witte,  A. Yamada,  Chou-Hsun Yang,  Kun Yao,  
 S. Yeganeh,  S. R. Yost,  A. Zech,  F. Zeller,  Igor Ying Zhang,  
 Xing Zhang,  Yu Zhang,  D. Zuev,  A. Aspuru-Guzik,  A. T. Bell,  
 N. A. Besley,  K. B. Bravaya,  B. R. Brooks,  D. Casanova,  Jeng-Da Chai,  
 Hsing-Ta Chen,  S. Coriani,  C. J. Cramer,  A. E. DePrince, III,  
 R. A. DiStasio Jr.,  A. Dreuw,  B. D. Dunietz,  T. R. Furlani,  
 W. A. Goddard III,  S. Grimme,  S. Hammes-Schiffer,  T. Head-Gordon,  
 W. J. Hehre,  Chao-Ping Hsu,  T.-C. Jagau,  Yousung Jung,  A. Klamt,  
 Jing Kong,  D. S. Lambrecht,  Xiangyuan Li,  WanZhen Liang,  N. J. Mayhall,  
 C. W. McCurdy,  J. B. Neaton,  T. Neudecker,  C. Ochsenfeld,  
 J. A. Parkhill,  R. Peverati,  V. A. Rassolov,  Haisheng Ren,  Yihan Shao,  
 L. V. Slipchenko,  R. P. Steele,  J. E. Subotnik,  A. J. W. Thom,  
 A. Tkatchenko,  D. G. Truhlar,  T. Van Voorhis,  Fan Wang,  
 T. A. Wesolowski,  K. B. Whaley,  H. L. Woodcock III,  P. M. Zimmerman,  
 S. Faraji,  P. M. W. Gill,  M. Head-Gordon,  J. M. Herbert,  A. I. Krylov

 Contributors to earlier versions of Q-Chem not listed above: 
 R. D. Adamson,  B. Austin,  R. Baer,  J. Baker,  G. J. O. Beran,  
 K. Brandhorst,  S. T. Brown,  E. F. C. Byrd,  Arup K. Chakraborty,  
 G. K. L. Chan,  Chun-Min Chang,  Yunqing Chen,  C.-L. Cheng,  
 Siu Hung Chien,  D. M. Chipman,  D. L. Crittenden,  H. Dachsel,  
 R. J. Doerksen,  A. D. Dutoi,  R. G. Edgar,  J. Fosso-Tande,  
 L. Fusti-Molnar,  D. Ghosh,  A. Ghysels,  A. Golubeva-Zadorozhnaya,  
 J. Gonthier,  M. S. Gordon,  S. R. Gwaltney,  G. Hawkins,  J. E. Herr,  
 A. Heyden,  S. Hirata,  E. G. Hohenstein,  G. Kedziora,  F. J. Keil,  
 C. Kelley,  Jihan Kim,  R. A. King,  R. Z. Khaliullin,  P. P. Korambath,  
 W. Kurlancheek,  A. Laurent,  A. M. Lee,  M. S. Lee,  S. V. Levchenko,  
 Ching Yeh Lin,  D. Liotard,  E. Livshits,  R. C. Lochan,  I. Lotan,  
 L. A. Martinez-Martinez,  P. E. Maslen,  N. Nair,  D. P. O'Neill,  
 D. Neuhauser,  E. Neuscamman,  C. M. Oana,  R. Olivares-Amaya,  R. Olson,  
 T. M. Perrine,  B. Peters,  P. A. Pieniazek,  A. Prociuk,  Y. M. Rhee,  
 J. Ritchie,  M. A. Rohrdanz,  E. Rosta,  N. J. Russ,  H. F. Schaefer III,  
 M. W. Schmidt,  N. E. Schultz,  S. Sharma,  N. Shenvi,  C. D. Sherrill,  
 A. C. Simmonett,  A. Sodt,  T. Stein,  D. Stuck,  K. S. Thanthiriwatte,  
 V. Vanovschi,  L. Vogt,  Tao Wang,  A. Warshel,  M. A. Watson,  
 C. F. Williams,  Q. Wu,  X. Xu,  Jun Yang,  W. Zhang,  Yan Zhao

   Please cite Q-Chem as follows:
  "Software for the frontiers of quantum chemistry:
   An overview of developments in the Q-Chem 5 package"
   J. Chem. Phys. 155, 084801 (2021)
   https://doi.org/10.1063/5.0055522 (open access)

 Q-Chem 6.0.2 for Intel X86 EM64T Linux

 Parts of Q-Chem use Armadillo 9.900.5 (Nocturnal Misbehaviour).
 http://arma.sourceforge.net/

 Q-Chem begins on Mon Jan  6 16:06:16 2025  

 Host: 
0

     Scratch files written to /expanse/lustre/scratch/whughes/temp_project/job_36180149/ca11-ts1-triplet-conf3-B97mV-readSCF-36180149//
 Dec722 |scratch|qcdevops|jenkins|workspace|build_RNUM    
 Processing $rem in /cm/shared/apps/spack/0.17.3/cpu/b/opt/spack/linux-rocky8-zen2/gcc-10.2.0/qchem-6.0-rytxnwjazd34ekd2gqyi5ufsaimxsd3r/config/preferences:
 Processing $rem in /home/whughes/.qchemrc:

 Checking the input file for inconsistencies... 	...done.

--------------------------------------------------------------
User input:
--------------------------------------------------------------
$molecule
0 3
C    -0.4597897986   2.5375992062    2.1738684581
C    -0.8071603682   1.0779992819    2.331909477
O    -1.0826629213   0.5850632227    3.423619113
C    -0.8043560918   0.2597831921    1.1370759536
C    -1.1200136746   -1.1957474576   1.2159675986
O    -0.4866524566   0.829132304     0.0068535803
C    -0.9117128603   -0.0596343749   -1.7764711916
C    0.1659844172    -0.8897571963   -1.8595902399
O    1.1429881594    -0.2541793796   -2.5401247566
C    0.6386755916    0.9490444957    -2.9678433175
O    -0.6517211979   1.0301698637    -2.5401836212
O    1.2178702752    1.7493622176    -3.6038717044
H    -0.5316442108   3.0282819165    3.1417774432
H    0.5529627867    2.6473754386    1.7802377894
H    -1.1340322134   3.0190216711    1.4628931484
H    -1.9314542982   -1.47205385     0.5359319265
H    -0.2422312707   -1.797956227    0.9607461793
H    -1.4184928339   -1.4314536249   2.2347258291
H    -1.9355352597   -0.2586968615   -1.5204497328
H    0.370672866     -1.8589718282   -1.4447669527
$end

$rem
METHOD      PBE0
BASIS       def2-QZVPP
SYM_IGNORE   TRUE
DFT_D       D3
MAX_SCF_CYCLES 300
$end

--------------------------------------------------------------
 Adding empirical dispersion correction 
 ----------------------------------------------------------------
 Doing -D3(OP) with
 s6  =   0.91826
 s8  =   0.00000
 a1  =   0.20000
 a2  =   4.75000
 pow =   12.00000
 -D3 energy without 3body term =     -0.0085756046 hartrees
 ----------------------------------------------------------------
             Standard Nuclear Orientation (Angstroms)
    I     Atom           X                Y                Z
 ----------------------------------------------------------------
    1      C      -0.4597897986     2.5375992062     2.1738684581
    2      C      -0.8071603682     1.0779992819     2.3319094770
    3      O      -1.0826629213     0.5850632227     3.4236191130
    4      C      -0.8043560918     0.2597831921     1.1370759536
    5      C      -1.1200136746    -1.1957474576     1.2159675986
    6      O      -0.4866524566     0.8291323040     0.0068535803
    7      C      -0.9117128603    -0.0596343749    -1.7764711916
    8      C       0.1659844172    -0.8897571963    -1.8595902399
    9      O       1.1429881594    -0.2541793796    -2.5401247566
   10      C       0.6386755916     0.9490444957    -2.9678433175
   11      O      -0.6517211979     1.0301698637    -2.5401836212
   12      O       1.2178702752     1.7493622176    -3.6038717044
   13      H      -0.5316442108     3.0282819165     3.1417774432
   14      H       0.5529627867     2.6473754386     1.7802377894
   15      H      -1.1340322134     3.0190216711     1.4628931484
   16      H      -1.9314542982    -1.4720538500     0.5359319265
   17      H      -0.2422312707    -1.7979562270     0.9607461793
   18      H      -1.4184928339    -1.4314536249     2.2347258291
   19      H      -1.9355352597    -0.2586968615    -1.5204497328
   20      H       0.3706728660    -1.8589718282    -1.4447669527
 ----------------------------------------------------------------
 Nuclear Repulsion Energy =         703.39525809 hartrees
 There are       46 alpha and       44 beta electrons
 Requested basis set is def2-QZVPP
 There are 284 shells and 924 basis functions

 Total QAlloc Memory Limit   8000 MB
 Mega-Array Size       188 MB
 MEM_STATIC part       192 MB

 A cutoff of  1.0D-09 yielded  26019 shell pairs
 There are    263867 function pairs (    394909 Cartesian)
 Smallest overlap matrix eigenvalue = 3.84E-05

 Scale SEOQF with 1.000000e-01/1.000000e-01/1.000000e-01

 Standard Electronic Orientation quadrupole field applied
 Nucleus-field energy     =    -0.0000000404 hartrees
 Guess from superposition of atomic densities
 Warning:  Energy on first SCF cycle will be non-variational
 SAD guess density has 90.000000 electrons

 -----------------------------------------------------------------------
  General SCF calculation program by
  Eric Jon Sundstrom, Paul Horn, Yuezhi Mao, Dmitri Zuev, Alec White,
  David Stuck, Shaama M.S., Shane Yost, Joonho Lee, David Small,
  Daniel Levine, Susi Lehtola, Hugh Burton, Evgeny Epifanovsky,
  Bang C. Huynh
 -----------------------------------------------------------------------
 Exchange:     0.2500 Hartree-Fock + 0.7500 PBE
 Correlation:  1.0000 PBE
 Using SG-1 standard quadrature grid
 Dispersion:   Grimme D3
 using 32 threads for integral computing
 -------------------------------------------------------
 OpenMP Integral computing Module                
 Release: version 1.0, May 2013, Q-Chem Inc. Pittsburgh 
 -------------------------------------------------------
 A unrestricted SCF calculation will be
 performed using DIIS
 SCF converges when DIIS error is below 1.0e-05
 ---------------------------------------
  Cycle       Energy         DIIS error
 ---------------------------------------
    1    -649.6991336184      6.52e-03  
    2    -646.8433072628      8.89e-04  
    3    -644.2275840804      2.41e-03  
    4    -646.9447170576      7.05e-04  
    5    -647.1318234847      1.79e-04  
    6    -647.1292021775      2.30e-04  
    7    -647.1479673046      5.42e-05  
    8    -647.1492582268      3.68e-05  
    9    -647.1499960939      2.05e-05  
   10    -647.1502634768      1.19e-05  
   11    -647.1503376322      5.79e-06  Convergence criterion met
 ---------------------------------------
 SCF time:   CPU 8248.34s  wall 283.00s 
<S^2> =          2.029829994
 SCF   energy in the final basis set =     -647.1503376322
 Total energy in the final basis set =     -647.1503376322
 
 --------------------------------------------------------------
 
                    Orbital Energies (a.u.)
 --------------------------------------------------------------
 
 Alpha MOs
 -- Occupied --
-19.3342 -19.3283 -19.2626 -19.2384 -19.1888 -10.4390 -10.3659 -10.3509
-10.2999 -10.2975 -10.2429 -10.2181  -1.2653  -1.1493  -1.1293  -1.0977
 -1.0615  -0.8549  -0.7975  -0.7667  -0.7394  -0.7065  -0.6723  -0.6116
 -0.5902  -0.5611  -0.5384  -0.5086  -0.5054  -0.4994  -0.4930  -0.4769
 -0.4616  -0.4558  -0.4418  -0.4412  -0.4248  -0.4128  -0.4035  -0.3942
 -0.3784  -0.3692  -0.3628  -0.2858  -0.2644  -0.1980
 -- Virtual --
 -0.0292   0.0000   0.0072   0.0206   0.0253   0.0367   0.0440   0.0660
  0.0749   0.0834   0.0972   0.1005   0.1033   0.1142   0.1181   0.1201
  0.1326   0.1383   0.1420   0.1566   0.1602   0.1633   0.1705   0.1775
  0.1922   0.1963   0.2167   0.2204   0.2218   0.2369   0.2412   0.2463
  0.2516   0.2659   0.2790   0.2814   0.2874   0.2970   0.3033   0.3140
  0.3201   0.3271   0.3301   0.3340   0.3351   0.3408   0.3490   0.3612
  0.3644   0.3694   0.3777   0.3806   0.3854   0.3883   0.3954   0.4126
  0.4179   0.4283   0.4315   0.4382   0.4487   0.4613   0.4633   0.4716
  0.4784   0.4795   0.4880   0.4953   0.5057   0.5206   0.5315   0.5396
  0.5549   0.5650   0.5675   0.5738   0.5856   0.5971   0.6076   0.6099
  0.6180   0.6290   0.6406   0.6620   0.6712   0.6782   0.6797   0.6992
  0.7050   0.7116   0.7132   0.7285   0.7356   0.7431   0.7474   0.7570
  0.7731   0.7808   0.7850   0.7926   0.7971   0.8039   0.8148   0.8193
  0.8302   0.8349   0.8381   0.8451   0.8460   0.8522   0.8657   0.8720
  0.8814   0.8931   0.8964   0.9103   0.9150   0.9273   0.9341   0.9512
  0.9579   0.9631   0.9777   0.9802   0.9881   1.0030   1.0147   1.0175
  1.0234   1.0330   1.0370   1.0436   1.0571   1.0684   1.0782   1.0798
  1.0861   1.1003   1.1060   1.1290   1.1405   1.1512   1.1623   1.1673
  1.1706   1.1885   1.2161   1.2222   1.2347   1.2400   1.2441   1.2601
  1.2763   1.2816   1.3089   1.3185   1.3399   1.3476   1.3683   1.3862
  1.3939   1.4031   1.4138   1.4178   1.4261   1.4284   1.4370   1.4446
  1.4503   1.4564   1.4716   1.4731   1.4810   1.4952   1.5079   1.5184
  1.5225   1.5397   1.5468   1.5531   1.5572   1.5724   1.5838   1.6127
  1.6208   1.6318   1.6488   1.6669   1.6735   1.6861   1.7025   1.7171
  1.7225   1.7372   1.7414   1.7561   1.7764   1.7818   1.8010   1.8052
  1.8228   1.8327   1.8390   1.8547   1.8590   1.8654   1.8740   1.8854
  1.8931   1.8999   1.9086   1.9138   1.9200   1.9273   1.9349   1.9433
  1.9574   1.9617   1.9727   1.9859   1.9941   1.9989   2.0144   2.0216
  2.0285   2.0363   2.0564   2.0627   2.0636   2.0683   2.0772   2.0889
  2.0985   2.1089   2.1211   2.1267   2.1278   2.1426   2.1532   2.1612
  2.1698   2.1769   2.1808   2.1905   2.1938   2.2005   2.2194   2.2286
  2.2356   2.2390   2.2543   2.2636   2.2676   2.2796   2.2949   2.3003
  2.3118   2.3234   2.3322   2.3419   2.3555   2.3613   2.3777   2.3850
  2.3940   2.4079   2.4139   2.4336   2.4467   2.4519   2.4610   2.4615
  2.4813   2.5003   2.5126   2.5187   2.5260   2.5385   2.5513   2.5578
  2.5706   2.5877   2.5935   2.6112   2.6291   2.6397   2.6561   2.6690
  2.6845   2.6918   2.6983   2.7031   2.7192   2.7217   2.7324   2.7505
  2.7577   2.7840   2.7898   2.8009   2.8104   2.8175   2.8279   2.8455
  2.8485   2.8549   2.8590   2.8664   2.8894   2.9010   2.9092   2.9205
  2.9244   2.9463   2.9526   2.9694   2.9791   3.0048   3.0083   3.0152
  3.0334   3.0408   3.0465   3.0605   3.0682   3.0835   3.1128   3.1163
  3.1189   3.1603   3.1791   3.1948   3.2204   3.2285   3.2438   3.2583
  3.2758   3.2819   3.2897   3.2982   3.3110   3.3212   3.3276   3.3442
  3.3584   3.3635   3.3723   3.3906   3.4094   3.4149   3.4314   3.4484
  3.4536   3.4657   3.4862   3.4964   3.5161   3.5298   3.5366   3.5581
  3.5746   3.5834   3.6073   3.6141   3.6293   3.6481   3.6890   3.7088
  3.7162   3.7453   3.7481   3.7619   3.7751   3.7941   3.8019   3.8154
  3.8355   3.8433   3.8554   3.8723   3.8800   3.8920   3.8962   3.9076
  3.9179   3.9391   3.9522   3.9730   3.9798   3.9959   4.0094   4.0343
  4.0608   4.0835   4.0865   4.1171   4.1313   4.1422   4.1642   4.1756
  4.2092   4.2282   4.2385   4.2397   4.2561   4.2599   4.2716   4.2903
  4.3262   4.3387   4.3485   4.3724   4.3950   4.4079   4.4245   4.4485
  4.4564   4.4707   4.4781   4.4817   4.4923   4.5250   4.5624   4.5670
  4.5807   4.6072   4.6141   4.6239   4.6494   4.6721   4.6804   4.7216
  4.7322   4.7637   4.7894   4.8286   4.8640   4.8832   4.9059   4.9304
  4.9553   4.9602   4.9662   4.9827   5.0069   5.0199   5.0305   5.0327
  5.0655   5.0912   5.1124   5.1326   5.1505   5.1668   5.1832   5.1941
  5.2124   5.2213   5.2523   5.2615   5.2921   5.3040   5.3221   5.3414
  5.3719   5.3946   5.4007   5.4131   5.4282   5.4449   5.4511   5.4560
  5.4750   5.4935   5.5101   5.5152   5.5348   5.5567   5.5652   5.5771
  5.5795   5.5917   5.6034   5.6282   5.6374   5.6558   5.6815   5.6993
  5.7217   5.7310   5.7490   5.7736   5.7987   5.8087   5.8180   5.8359
  5.8394   5.8451   5.8561   5.8663   5.8718   5.8870   5.9116   5.9202
  5.9323   5.9339   5.9404   5.9445   5.9524   5.9549   5.9585   5.9676
  5.9843   5.9877   6.0094   6.0216   6.0227   6.0431   6.0461   6.0550
  6.0716   6.0829   6.0858   6.1023   6.1191   6.1264   6.1411   6.1448
  6.1621   6.1671   6.1723   6.1863   6.1978   6.1993   6.2168   6.2414
  6.2500   6.2573   6.2748   6.2916   6.3026   6.3125   6.3201   6.3225
  6.3330   6.3467   6.3519   6.3667   6.3833   6.3987   6.4159   6.4240
  6.4373   6.4479   6.4592   6.4704   6.5060   6.5179   6.5304   6.5445
  6.5525   6.5633   6.5767   6.5812   6.5971   6.6114   6.6202   6.6314
  6.6476   6.6526   6.6782   6.6974   6.7158   6.7415   6.7588   6.7708
  6.7879   6.8012   6.8045   6.8065   6.8130   6.8462   6.8547   6.8644
  6.8850   6.9185   6.9675   6.9841   7.0000   7.0037   7.0329   7.0472
  7.0927   7.1000   7.1168   7.1298   7.1427   7.1660   7.1714   7.2013
  7.2106   7.2159   7.2455   7.3118   7.3471   7.3732   7.3765   7.3848
  7.3938   7.3995   7.4169   7.4556   7.4640   7.4846   7.4890   7.5091
  7.5198   7.5312   7.5485   7.5491   7.5781   7.5935   7.6263   7.6385
  7.6489   7.6551   7.6599   7.6693   7.7089   7.7232   7.7323   7.7431
  7.7563   7.7789   7.7931   7.8047   7.8299   7.8366   7.8609   7.8904
  7.9025   7.9080   7.9156   7.9381   7.9542   7.9779   7.9875   7.9929
  8.0034   8.0252   8.0516   8.0999   8.1208   8.1403   8.1829   8.2031
  8.2101   8.2209   8.2394   8.2691   8.3045   8.3357   8.3535   8.3588
  8.3750   8.3825   8.3979   8.4058   8.4101   8.4137   8.4195   8.4262
  8.4527   8.4666   8.4851   8.5047   8.5203   8.5466   8.5715   8.5919
  8.6001   8.6099   8.6230   8.6432   8.6590   8.6654   8.6973   8.7105
  8.7487   8.7866   8.8128   8.8394   8.8554   8.8623   8.8693   8.8926
  8.9007   8.9078   8.9146   8.9211   8.9245   8.9309   8.9470   8.9590
  9.0011   9.0218   9.0327   9.0442   9.0519   9.0614   9.0750   9.0803
  9.1087   9.1161   9.1294   9.1504   9.1607   9.1810   9.2091   9.2120
  9.2292   9.3860   9.4142   9.4679   9.5321   9.5392   9.5881   9.5980
  9.6469   9.6771   9.7065   9.7217   9.7332   9.7428   9.7469   9.7540
  9.7657   9.7778   9.7931   9.7999   9.8341   9.8487   9.8650   9.8719
  9.9053   9.9174   9.9262   9.9624   9.9716   9.9962  10.0097  10.0120
 10.0470  10.0815  10.0838  10.1199  10.1347  10.1494  10.1982  10.2333
 10.2566  10.2931  10.3503  10.3600  10.3667  10.3714  10.3938  10.4113
 10.4294  10.4550  10.5398  10.5554  10.5666  10.6257  10.7685  10.7792
 10.8194  10.8648  10.9900  11.0178  11.0407  11.0867  11.1429  11.1457
 11.1751  11.2677  11.3428  11.4339  11.4501  11.4739  11.4853  11.4945
 11.5176  11.5408  11.5605  11.5928  11.6632  11.6759  11.7296  11.7637
 11.7928  11.8059  11.8233  11.8494  11.8816  11.8935  11.8994  11.9172
 11.9336  11.9630  12.0904  12.1001  12.1277  12.1385  12.1870  12.1998
 12.2313  12.2430  12.2575  12.2731  12.3186  12.3457  12.3941  12.4173
 12.4571  12.5271  12.5369  12.6107  12.6702  12.6924  12.7156  12.8065
 12.8120  12.8857  13.0765  13.1272  13.1562  13.2949  13.3412  13.3493
 13.3959  13.3994  13.5287  13.7743  13.8508  13.8697  13.9975  14.0647
 14.2487  14.3630  14.4302  14.5101  14.6730  14.8172  28.2746  28.3436
 28.5917  28.6465  29.1132  29.1541  29.1928  48.1934  48.2056  48.2727
 48.2850  48.3242 147.4625 147.4712 147.7301 147.8091 148.3097 148.3163
148.3944 253.3850 253.4002 253.4729 253.4795 253.5388
 
 Beta MOs
 -- Occupied --
-19.3323 -19.3287 -19.2429 -19.2373 -19.1788 -10.4390 -10.3663 -10.3439
-10.2965 -10.2917 -10.2428 -10.2179  -1.2630  -1.1470  -1.1270  -1.0605
 -1.0401  -0.8447  -0.7812  -0.7614  -0.7355  -0.7036  -0.6517  -0.6088
 -0.5809  -0.5565  -0.5228  -0.5066  -0.4962  -0.4786  -0.4768  -0.4648
 -0.4598  -0.4468  -0.4359  -0.4309  -0.4190  -0.4020  -0.3880  -0.3711
 -0.3622  -0.3427  -0.3187  -0.2524
 -- Virtual --
 -0.1581  -0.0723  -0.0068   0.0045   0.0114   0.0236   0.0320   0.0456
  0.0631   0.0705   0.0789   0.0879   0.0988   0.1036   0.1058   0.1155
  0.1215   0.1226   0.1350   0.1405   0.1443   0.1579   0.1619   0.1691
  0.1738   0.1831   0.1956   0.2015   0.2213   0.2241   0.2270   0.2389
  0.2442   0.2517   0.2584   0.2686   0.2839   0.2867   0.2920   0.3013
  0.3105   0.3168   0.3237   0.3314   0.3329   0.3372   0.3394   0.3438
  0.3511   0.3658   0.3686   0.3736   0.3803   0.3828   0.3888   0.3917
  0.4013   0.4164   0.4223   0.4318   0.4353   0.4431   0.4532   0.4653
  0.4674   0.4750   0.4830   0.4840   0.4911   0.4989   0.5113   0.5259
  0.5346   0.5441   0.5589   0.5690   0.5715   0.5773   0.5886   0.6024
  0.6105   0.6159   0.6220   0.6321   0.6430   0.6660   0.6752   0.6815
  0.6830   0.7029   0.7073   0.7146   0.7159   0.7321   0.7407   0.7470
  0.7548   0.7615   0.7775   0.7853   0.7899   0.7974   0.8034   0.8076
  0.8187   0.8223   0.8327   0.8370   0.8415   0.8478   0.8507   0.8573
  0.8695   0.8757   0.8849   0.8995   0.9005   0.9125   0.9200   0.9325
  0.9407   0.9572   0.9629   0.9664   0.9828   0.9856   0.9921   1.0069
  1.0209   1.0221   1.0271   1.0369   1.0442   1.0492   1.0602   1.0724
  1.0810   1.0844   1.0900   1.1037   1.1086   1.1333   1.1431   1.1544
  1.1666   1.1720   1.1738   1.1930   1.2202   1.2274   1.2379   1.2443
  1.2477   1.2642   1.2832   1.2863   1.3131   1.3227   1.3439   1.3515
  1.3726   1.3899   1.3966   1.4068   1.4183   1.4227   1.4305   1.4321
  1.4431   1.4500   1.4573   1.4607   1.4775   1.4818   1.4887   1.4981
  1.5120   1.5239   1.5310   1.5428   1.5509   1.5606   1.5612   1.5803
  1.5900   1.6177   1.6265   1.6361   1.6570   1.6721   1.6806   1.6908
  1.7084   1.7271   1.7316   1.7455   1.7475   1.7608   1.7821   1.7852
  1.8061   1.8136   1.8282   1.8370   1.8427   1.8624   1.8668   1.8720
  1.8816   1.8895   1.8979   1.9052   1.9124   1.9185   1.9252   1.9327
  1.9390   1.9469   1.9603   1.9678   1.9787   1.9901   1.9989   2.0040
  2.0222   2.0265   2.0313   2.0407   2.0614   2.0670   2.0699   2.0745
  2.0825   2.0919   2.1022   2.1136   2.1239   2.1302   2.1324   2.1474
  2.1565   2.1671   2.1733   2.1807   2.1847   2.1969   2.1983   2.2048
  2.2231   2.2338   2.2400   2.2451   2.2591   2.2683   2.2735   2.2830
  2.2995   2.3037   2.3182   2.3280   2.3398   2.3484   2.3608   2.3666
  2.3820   2.3895   2.4004   2.4112   2.4189   2.4373   2.4506   2.4598
  2.4655   2.4682   2.4889   2.5079   2.5165   2.5246   2.5325   2.5423
  2.5572   2.5626   2.5753   2.5925   2.5966   2.6170   2.6337   2.6438
  2.6609   2.6741   2.6890   2.6965   2.7019   2.7083   2.7222   2.7258
  2.7363   2.7546   2.7639   2.7877   2.7943   2.8036   2.8149   2.8207
  2.8343   2.8498   2.8524   2.8602   2.8634   2.8716   2.8950   2.9053
  2.9126   2.9249   2.9283   2.9507   2.9563   2.9733   2.9853   3.0106
  3.0169   3.0223   3.0368   3.0459   3.0524   3.0655   3.0743   3.0882
  3.1181   3.1223   3.1242   3.1642   3.1839   3.1997   3.2276   3.2325
  3.2499   3.2609   3.2820   3.2866   3.2951   3.3020   3.3156   3.3277
  3.3335   3.3506   3.3636   3.3695   3.3779   3.3965   3.4152   3.4193
  3.4375   3.4559   3.4603   3.4701   3.4909   3.5016   3.5235   3.5357
  3.5451   3.5642   3.5836   3.5881   3.6161   3.6229   3.6397   3.6566
  3.6944   3.7131   3.7228   3.7493   3.7503   3.7660   3.7819   3.8007
  3.8059   3.8255   3.8417   3.8503   3.8593   3.8760   3.8849   3.8990
  3.9021   3.9113   3.9216   3.9427   3.9596   3.9804   3.9824   4.0031
  4.0154   4.0475   4.0679   4.0906   4.0969   4.1207   4.1434   4.1534
  4.1675   4.1837   4.2175   4.2337   4.2487   4.2509   4.2610   4.2653
  4.2768   4.2971   4.3354   4.3486   4.3559   4.3791   4.4075   4.4188
  4.4300   4.4516   4.4634   4.4769   4.4825   4.4892   4.4986   4.5308
  4.5659   4.5702   4.5952   4.6159   4.6199   4.6294   4.6563   4.6826
  4.6929   4.7257   4.7420   4.7713   4.7984   4.8379   4.8739   4.8889
  4.9135   4.9364   4.9632   4.9687   4.9747   4.9902   5.0135   5.0316
  5.0378   5.0460   5.0714   5.1088   5.1230   5.1409   5.1585   5.1765
  5.1900   5.2064   5.2174   5.2364   5.2609   5.2728   5.3004   5.3125
  5.3259   5.3477   5.3772   5.4015   5.4062   5.4164   5.4348   5.4517
  5.4574   5.4630   5.4817   5.4968   5.5147   5.5206   5.5417   5.5613
  5.5712   5.5821   5.5851   5.5978   5.6092   5.6358   5.6429   5.6663
  5.6882   5.7081   5.7312   5.7369   5.7554   5.7771   5.8029   5.8141
  5.8255   5.8404   5.8459   5.8516   5.8629   5.8704   5.8735   5.8923
  5.9168   5.9263   5.9372   5.9392   5.9446   5.9499   5.9548   5.9605
  5.9632   5.9721   5.9884   5.9915   6.0128   6.0250   6.0268   6.0463
  6.0503   6.0652   6.0741   6.0884   6.0922   6.1090   6.1244   6.1325
  6.1457   6.1541   6.1712   6.1735   6.1812   6.1914   6.2041   6.2051
  6.2214   6.2470   6.2553   6.2628   6.2843   6.2945   6.3082   6.3171
  6.3249   6.3298   6.3388   6.3521   6.3599   6.3707   6.3913   6.4049
  6.4210   6.4327   6.4455   6.4519   6.4656   6.4771   6.5145   6.5242
  6.5361   6.5519   6.5602   6.5682   6.5805   6.5894   6.6016   6.6181
  6.6245   6.6343   6.6549   6.6558   6.6872   6.7026   6.7213   6.7447
  6.7640   6.7771   6.7929   6.8050   6.8093   6.8121   6.8177   6.8538
  6.8600   6.8711   6.8915   6.9233   6.9761   6.9896   7.0069   7.0088
  7.0361   7.0554   7.1007   7.1053   7.1206   7.1322   7.1481   7.1689
  7.1756   7.2094   7.2141   7.2245   7.2483   7.3165   7.3530   7.3757
  7.3803   7.3873   7.3984   7.4035   7.4209   7.4602   7.4669   7.4901
  7.4913   7.5117   7.5221   7.5357   7.5507   7.5511   7.5808   7.5980
  7.6304   7.6415   7.6519   7.6602   7.6633   7.6711   7.7119   7.7268
  7.7354   7.7458   7.7598   7.7813   7.7963   7.8080   7.8321   7.8389
  7.8636   7.8937   7.9052   7.9103   7.9189   7.9419   7.9582   7.9855
  7.9918   7.9980   8.0059   8.0264   8.0549   8.1022   8.1367   8.1440
  8.1854   8.2053   8.2140   8.2232   8.2424   8.2729   8.3121   8.3374
  8.3551   8.3611   8.3769   8.3856   8.4002   8.4075   8.4112   8.4151
  8.4219   8.4285   8.4565   8.4696   8.4869   8.5062   8.5222   8.5491
  8.5731   8.5954   8.6018   8.6120   8.6279   8.6493   8.6643   8.6702
  8.6997   8.7162   8.7543   8.7900   8.8207   8.8434   8.8613   8.8673
  8.8720   8.9046   8.9228   8.9246   8.9294   8.9366   8.9391   8.9418
  8.9557   8.9665   9.0059   9.0284   9.0412   9.0480   9.0541   9.0645
  9.0784   9.0899   9.1148   9.1277   9.1485   9.1550   9.1691   9.1826
  9.2233   9.2261   9.2312   9.3920   9.4161   9.4696   9.5339   9.5474
  9.5953   9.5994   9.6664   9.6793   9.7138   9.7258   9.7376   9.7459
  9.7494   9.7571   9.7688   9.7824   9.7954   9.8013   9.8360   9.8495
  9.8672   9.8772   9.9068   9.9225   9.9315   9.9710   9.9741   9.9989
 10.0135  10.0191  10.0539  10.0832  10.0874  10.1233  10.1370  10.1513
 10.2126  10.2379  10.2587  10.2983  10.3527  10.3682  10.3740  10.3766
 10.3976  10.4160  10.4373  10.4566  10.5410  10.5564  10.5679  10.6453
 10.7776  10.7840  10.8206  10.8738  10.9935  11.0211  11.0722  11.0892
 11.1753  11.1985  11.2313  11.2692  11.3465  11.4469  11.4645  11.4829
 11.5014  11.5058  11.5274  11.5454  11.5799  11.5975  11.6735  11.6927
 11.7425  11.7693  11.7970  11.8118  11.8345  11.8607  11.8858  11.9098
 11.9166  11.9330  11.9384  11.9726  12.0936  12.1130  12.1300  12.1422
 12.2004  12.2331  12.2425  12.2573  12.2597  12.2827  12.3222  12.3756
 12.4262  12.4486  12.4599  12.5380  12.5783  12.6159  12.6750  12.6946
 12.7166  12.8103  12.8405  12.8888  13.0795  13.1533  13.1936  13.3017
 13.3429  13.3528  13.3967  13.4040  13.5411  13.7751  13.8638  13.8726
 13.9980  14.0675  14.2715  14.3988  14.4455  14.5141  14.6747  14.8180
 28.2849  28.3471  28.5987  28.6495  29.1136  29.1599  29.1933  48.2016
 48.2251  48.2747  48.2985  48.3242 147.4633 147.4735 147.7317 147.8099
148.3099 148.3176 148.3944 253.3881 253.4051 253.4735 253.4834 253.5388
 --------------------------------------------------------------
 
          Ground-State Mulliken Net Atomic Charges

     Atom                 Charge (a.u.)    Spin (a.u.)
  --------------------------------------------------------
      1 C                    -0.140815       0.013203
      2 C                     0.120904       0.068558
      3 O                    -0.374738       0.339902
      4 C                     0.157178       0.478032
      5 C                    -0.114921       0.003876
      6 O                    -0.312337       0.622106
      7 C                     0.159238      -0.035619
      8 C                     0.113460       0.414475
      9 O                    -0.248522       0.043924
     10 C                     0.469685      -0.003625
     11 O                    -0.249866      -0.010340
     12 O                    -0.264281       0.037129
     13 H                     0.084360      -0.003806
     14 H                     0.076874       0.001433
     15 H                     0.074873       0.001242
     16 H                     0.043522       0.020060
     17 H                     0.055404       0.027938
     18 H                     0.093828      -0.004170
     19 H                     0.127715       0.003089
     20 H                     0.128439      -0.017406
  --------------------------------------------------------
  Sum of atomic charges =    -0.000000
  Sum of spin   charges =     2.000000

 -----------------------------------------------------------------
                    Cartesian Multipole Moments
 -----------------------------------------------------------------
    Charge (ESU x 10^10)
                -0.0000
    Dipole Moment (Debye)
         X      -1.3007      Y      -3.5557      Z      -2.5212
       Tot       4.5488
    Quadrupole Moments (Debye-Ang)
        XX     -69.0680     XY      -0.8695     YY     -67.1191
        XZ      10.7076     YZ       8.5607     ZZ     -90.2975
    Octopole Moments (Debye-Ang^2)
       XXX      52.8381    XXY     -41.6610    XYY      17.1470
       YYY    -115.9071    XXZ      20.5478    XYZ       9.8118
       YYZ      41.1306    XZZ      19.7123    YZZ     -66.8269
       ZZZ      31.6017
    Hexadecapole Moments (Debye-Ang^3)
      XXXX    -380.1896   XXXY      -0.0185   XXYY    -188.5818
      XYYY     -18.9434   YYYY    -721.1877   XXXZ     284.6186
      XXYZ       2.0417   XYYZ      92.5131   YYYZ      30.1216
      XXZZ    -498.1380   XYZZ     -21.2586   YYZZ    -535.6073
      XZZZ     399.3605   YZZZ      54.8924   ZZZZ   -2654.7647
 -----------------------------------------------------------------
 Total job time:  285.00s(wall), 8285.73s(cpu) 
 Mon Jan  6 16:11:01 2025

        *************************************************************
        *                                                           *
        *  Thank you very much for using Q-Chem.  Have a nice day.  *
        *                                                           *
        *************************************************************



Running Job 2 of 2 ca11-ts1-triplet-conf3-B97mV-readSCF.in
qchem ca11-ts1-triplet-conf3-B97mV-readSCF.in_2422394.1 /expanse/lustre/scratch/whughes/temp_project/job_36180149/ca11-ts1-triplet-conf3-B97mV-readSCF-36180149/ 0
/cm/shared/apps/spack/0.17.3/cpu/b/opt/spack/linux-rocky8-zen2/gcc-10.2.0/qchem-6.0-rytxnwjazd34ekd2gqyi5ufsaimxsd3r/exe/qcprog.exe_s ca11-ts1-triplet-conf3-B97mV-readSCF.in_2422394.1 /expanse/lustre/scratch/whughes/temp_project/job_36180149/ca11-ts1-triplet-conf3-B97mV-readSCF-36180149/
                  Welcome to Q-Chem
     A Quantum Leap Into The Future Of Chemistry


 Q-Chem 6.0, Q-Chem, Inc., Pleasanton, CA (2022)

 License issued to: University of California, San Diego (site)

 E. Epifanovsky,  A. T. B. Gilbert,  Xintian Feng,  Joonho Lee,  Yuezhi Mao,  
 N. Mardirossian,  P. Pokhilko,  A. White,  M. Wormit,  M. P. Coons,  
 A. L. Dempwolff,  Zhengting Gan,  D. Hait,  P. R. Horn,  L. D. Jacobson,  
 I. Kaliman,  J. Kussmann,  A. W. Lange,  Ka Un Lao,  D. S. Levine,  Jie Liu,  
 S. C. McKenzie,  A. F. Morrison,  K. Nanda,  F. Plasser,  D. R. Rehn,  
 M. L. Vidal,  Zhi-Qiang You,  Ying Zhu,  B. Alam,  B. Albrecht,  
 A. Aldossary,  E. Alguire,  J. H. Andersen,  V. Athavale,  D. Barton,  
 K. Begam,  A. Behn,  N. Bellonzi,  Y. A. Bernard,  E. J. Berquist,  
 H. Burton,  A. Carreras,  K. Carter-Fenk,  Romit Chakraborty,  
 Chandrima Chakravarty,  Junhan Chen,  A. D. Chien,  K. D. Closser,  
 V. Cofer-Shabica,  L. Cunha,  S. Dasgupta,  Jia Deng,  M. de Wergifosse,  
 M. Diedenhofen,  Hainam Do,  S. Ehlert,  Po-Tung Fang,  S. Fatehi,  
 Qingguo Feng,  T. Friedhoff,  B. Ganoe,  J. Gayvert,  Qinghui Ge,  
 G. Gidofalvi,  M. Goldey,  J. Gomes,  C. Gonzalez-Espinoza,  S. Gulania,  
 A. Gunina,  J. A. Gyamfi,  M. W. D. Hanson-Heine,  P. H. P. Harbach,  
 A. W. Hauser,  M. F. Herbst,  M. Hernandez Vera,  M. Hodecker,  
 Z. C. Holden,  S. Houck,  Xunkun Huang,  Kerwin Hui,  B. C. Huynh,  
 K. Ikeda,  M. Ivanov,  Hyunjun Ji,  Zuxin Jin,  Hanjie Jiang,  B. Kaduk,  
 S. Kaehler,  R. Kang,  K. Khistyaev,  Jaehoon Kim,  Yongbin Kim,  
 P. Klunzinger,  Z. Koczor-Benda,  Joong Hoon Koh,  D. Kosenkov,  
 Saikiran Kotaru,  L. Koulias,  T. Kowalczyk,  C. M. Krauter,  K. Kue,  
 A. Kunitsa,  T. Kus,  A. Landau,  K. V. Lawler,  D. Lefrancois,  S. Lehtola,  
 Rain Li,  Shaozhi Li,  Yi-Pei Li,  Jiashu Liang,  M. Liebenthal,  
 Hung-Hsuan Lin,  You-Sheng Lin,  Fenglai Liu,  Kuan-Yu Liu,  
 M. Loipersberger,  A. Luenser,  C. Malbon,  A. Manjanath,  P. Manohar,  
 E. Mansoor,  S. F. Manzer,  Shan-Ping Mao,  A. V. Marenich,  T. Markovich,  
 S. Mason,  F. Matz,  S. A. Maurer,  P. F. McLaughlin,  M. F. S. J. Menger,  
 J.-M. Mewes,  S. A. Mewes,  P. Morgante,  Mohammad Mostafanejad,  
 J. W. Mullinax,  K. J. Oosterbaan,  G. Paran,  V. Parravicini,  
 Alexander C. Paul,  Suranjan K. Paul,  F. Pavosevic,  Zheng Pei,  S. Prager,  
 E. I. Proynov,  E. Ramos,  B. Rana,  A. E. Rask,  A. Rettig,  R. M. Richard,  
 F. Rob,  E. Rossomme,  T. Scheele,  M. Scheurer,  M. Schneider,  
 P. E. Schneider,  N. Sergueev,  S. M. Sharada,  Hengyuan Shen,  
 W. Skomorowski,  D. W. Small,  C. J. Stein,  Yingli Su,  Yu-Chuan Su,  
 E. J. Sundstrom,  Zhen Tao,  J. Thirman,  Hung-Yi Tsai,  T. Tsuchimochi,  
 N. M. Tubman,  C. Utku,  S. P. Veccham,  O. Vydrov,  J. Wenzel,  
 Jonathan Wong,  J. Witte,  A. Yamada,  Chou-Hsun Yang,  Kun Yao,  
 S. Yeganeh,  S. R. Yost,  A. Zech,  F. Zeller,  Igor Ying Zhang,  
 Xing Zhang,  Yu Zhang,  D. Zuev,  A. Aspuru-Guzik,  A. T. Bell,  
 N. A. Besley,  K. B. Bravaya,  B. R. Brooks,  D. Casanova,  Jeng-Da Chai,  
 Hsing-Ta Chen,  S. Coriani,  C. J. Cramer,  A. E. DePrince, III,  
 R. A. DiStasio Jr.,  A. Dreuw,  B. D. Dunietz,  T. R. Furlani,  
 W. A. Goddard III,  S. Grimme,  S. Hammes-Schiffer,  T. Head-Gordon,  
 W. J. Hehre,  Chao-Ping Hsu,  T.-C. Jagau,  Yousung Jung,  A. Klamt,  
 Jing Kong,  D. S. Lambrecht,  Xiangyuan Li,  WanZhen Liang,  N. J. Mayhall,  
 C. W. McCurdy,  J. B. Neaton,  T. Neudecker,  C. Ochsenfeld,  
 J. A. Parkhill,  R. Peverati,  V. A. Rassolov,  Haisheng Ren,  Yihan Shao,  
 L. V. Slipchenko,  R. P. Steele,  J. E. Subotnik,  A. J. W. Thom,  
 A. Tkatchenko,  D. G. Truhlar,  T. Van Voorhis,  Fan Wang,  
 T. A. Wesolowski,  K. B. Whaley,  H. L. Woodcock III,  P. M. Zimmerman,  
 S. Faraji,  P. M. W. Gill,  M. Head-Gordon,  J. M. Herbert,  A. I. Krylov

 Contributors to earlier versions of Q-Chem not listed above: 
 R. D. Adamson,  B. Austin,  R. Baer,  J. Baker,  G. J. O. Beran,  
 K. Brandhorst,  S. T. Brown,  E. F. C. Byrd,  Arup K. Chakraborty,  
 G. K. L. Chan,  Chun-Min Chang,  Yunqing Chen,  C.-L. Cheng,  
 Siu Hung Chien,  D. M. Chipman,  D. L. Crittenden,  H. Dachsel,  
 R. J. Doerksen,  A. D. Dutoi,  R. G. Edgar,  J. Fosso-Tande,  
 L. Fusti-Molnar,  D. Ghosh,  A. Ghysels,  A. Golubeva-Zadorozhnaya,  
 J. Gonthier,  M. S. Gordon,  S. R. Gwaltney,  G. Hawkins,  J. E. Herr,  
 A. Heyden,  S. Hirata,  E. G. Hohenstein,  G. Kedziora,  F. J. Keil,  
 C. Kelley,  Jihan Kim,  R. A. King,  R. Z. Khaliullin,  P. P. Korambath,  
 W. Kurlancheek,  A. Laurent,  A. M. Lee,  M. S. Lee,  S. V. Levchenko,  
 Ching Yeh Lin,  D. Liotard,  E. Livshits,  R. C. Lochan,  I. Lotan,  
 L. A. Martinez-Martinez,  P. E. Maslen,  N. Nair,  D. P. O'Neill,  
 D. Neuhauser,  E. Neuscamman,  C. M. Oana,  R. Olivares-Amaya,  R. Olson,  
 T. M. Perrine,  B. Peters,  P. A. Pieniazek,  A. Prociuk,  Y. M. Rhee,  
 J. Ritchie,  M. A. Rohrdanz,  E. Rosta,  N. J. Russ,  H. F. Schaefer III,  
 M. W. Schmidt,  N. E. Schultz,  S. Sharma,  N. Shenvi,  C. D. Sherrill,  
 A. C. Simmonett,  A. Sodt,  T. Stein,  D. Stuck,  K. S. Thanthiriwatte,  
 V. Vanovschi,  L. Vogt,  Tao Wang,  A. Warshel,  M. A. Watson,  
 C. F. Williams,  Q. Wu,  X. Xu,  Jun Yang,  W. Zhang,  Yan Zhao

   Please cite Q-Chem as follows:
  "Software for the frontiers of quantum chemistry:
   An overview of developments in the Q-Chem 5 package"
   J. Chem. Phys. 155, 084801 (2021)
   https://doi.org/10.1063/5.0055522 (open access)

 Q-Chem 6.0.2 for Intel X86 EM64T Linux

 Parts of Q-Chem use Armadillo 9.900.5 (Nocturnal Misbehaviour).
 http://arma.sourceforge.net/

 Q-Chem begins on Mon Jan  6 16:11:01 2025  

 Host: 
0

     Scratch files written to /expanse/lustre/scratch/whughes/temp_project/job_36180149/ca11-ts1-triplet-conf3-B97mV-readSCF-36180149//
 Dec722 |scratch|qcdevops|jenkins|workspace|build_RNUM    
 Processing $rem in /cm/shared/apps/spack/0.17.3/cpu/b/opt/spack/linux-rocky8-zen2/gcc-10.2.0/qchem-6.0-rytxnwjazd34ekd2gqyi5ufsaimxsd3r/config/preferences:
 Processing $rem in /home/whughes/.qchemrc:

 Checking the input file for inconsistencies... 	...done.

--------------------------------------------------------------
User input:
--------------------------------------------------------------

$molecule
0 3
C    -0.4597897986   2.5375992062    2.1738684581
C    -0.8071603682   1.0779992819    2.331909477
O    -1.0826629213   0.5850632227    3.423619113
C    -0.8043560918   0.2597831921    1.1370759536
C    -1.1200136746   -1.1957474576   1.2159675986
O    -0.4866524566   0.829132304     0.0068535803
C    -0.9117128603   -0.0596343749   -1.7764711916
C    0.1659844172    -0.8897571963   -1.8595902399
O    1.1429881594    -0.2541793796   -2.5401247566
C    0.6386755916    0.9490444957    -2.9678433175
O    -0.6517211979   1.0301698637    -2.5401836212
O    1.2178702752    1.7493622176    -3.6038717044
H    -0.5316442108   3.0282819165    3.1417774432
H    0.5529627867    2.6473754386    1.7802377894
H    -1.1340322134   3.0190216711    1.4628931484
H    -1.9314542982   -1.47205385     0.5359319265
H    -0.2422312707   -1.797956227    0.9607461793
H    -1.4184928339   -1.4314536249   2.2347258291
H    -1.9355352597   -0.2586968615   -1.5204497328
H    0.370672866     -1.8589718282   -1.4447669527
$end

$rem
METHOD      B97M-V
BASIS       def2-QZVPP
SYM_IGNORE   TRUE
DFT_D       false
SCF_GUESS   read
MAX_SCF_CYCLES 300
$end
--------------------------------------------------------------
 ----------------------------------------------------------------
             Standard Nuclear Orientation (Angstroms)
    I     Atom           X                Y                Z
 ----------------------------------------------------------------
    1      C      -0.4597897986     2.5375992062     2.1738684581
    2      C      -0.8071603682     1.0779992819     2.3319094770
    3      O      -1.0826629213     0.5850632227     3.4236191130
    4      C      -0.8043560918     0.2597831921     1.1370759536
    5      C      -1.1200136746    -1.1957474576     1.2159675986
    6      O      -0.4866524566     0.8291323040     0.0068535803
    7      C      -0.9117128603    -0.0596343749    -1.7764711916
    8      C       0.1659844172    -0.8897571963    -1.8595902399
    9      O       1.1429881594    -0.2541793796    -2.5401247566
   10      C       0.6386755916     0.9490444957    -2.9678433175
   11      O      -0.6517211979     1.0301698637    -2.5401836212
   12      O       1.2178702752     1.7493622176    -3.6038717044
   13      H      -0.5316442108     3.0282819165     3.1417774432
   14      H       0.5529627867     2.6473754386     1.7802377894
   15      H      -1.1340322134     3.0190216711     1.4628931484
   16      H      -1.9314542982    -1.4720538500     0.5359319265
   17      H      -0.2422312707    -1.7979562270     0.9607461793
   18      H      -1.4184928339    -1.4314536249     2.2347258291
   19      H      -1.9355352597    -0.2586968615    -1.5204497328
   20      H       0.3706728660    -1.8589718282    -1.4447669527
 ----------------------------------------------------------------
 Nuclear Repulsion Energy =         703.40383369 hartrees
 There are       46 alpha and       44 beta electrons
 Requested basis set is def2-QZVPP
 There are 284 shells and 924 basis functions

 Total QAlloc Memory Limit   8000 MB
 Mega-Array Size       188 MB
 MEM_STATIC part       192 MB

 A cutoff of  1.0D-09 yielded  26019 shell pairs
 There are    263867 function pairs (    394909 Cartesian)
 Smallest overlap matrix eigenvalue = 3.84E-05

 Scale SEOQF with 1.000000e-01/1.000000e-01/1.000000e-01

 Standard Electronic Orientation quadrupole field applied
 Nucleus-field energy     =    -0.0000000404 hartrees
 Guess MOs from SCF MO coefficient file

 -----------------------------------------------------------------------
  General SCF calculation program by
  Eric Jon Sundstrom, Paul Horn, Yuezhi Mao, Dmitri Zuev, Alec White,
  David Stuck, Shaama M.S., Shane Yost, Joonho Lee, David Small,
  Daniel Levine, Susi Lehtola, Hugh Burton, Evgeny Epifanovsky,
  Bang C. Huynh
 -----------------------------------------------------------------------
 Exchange:  B97M-V      Correlation:  B97M-V
 Using SG-2 standard quadrature grid
 Nonlocal Correlation:  VV10 with C = 0.0100 and b = 6.00 and scale = 1.00000
 Grid used for NLC:  SG-1 standard quadrature
 using 32 threads for integral computing
 -------------------------------------------------------
 OpenMP Integral computing Module                
 Release: version 1.0, May 2013, Q-Chem Inc. Pittsburgh 
 -------------------------------------------------------
 A unrestricted SCF calculation will be
 performed using DIIS
 SCF converges when DIIS error is below 1.0e-05
 ---------------------------------------
  Cycle       Energy         DIIS error
 ---------------------------------------
    1    -647.7280593034      9.71e-04  
    2    -647.7503206613      8.67e-05  
    3    -647.7183371897      2.82e-04  
    4    -647.7530553567      3.49e-05  
    5    -647.7533791910      1.99e-05  
    6    -647.7535133502      1.30e-05  
    7    -647.7535691970      5.47e-06  Convergence criterion met
 ---------------------------------------
 SCF time:   CPU 2608.57s  wall 83.00s 
<S^2> =          2.017503014
 SCF   energy in the final basis set =     -647.7535691970
 Total energy in the final basis set =     -647.7535691970
 
 --------------------------------------------------------------
 
                    Orbital Energies (a.u.)
 --------------------------------------------------------------
 
 Alpha MOs
 -- Occupied --
-19.2706 -19.2651 -19.1942 -19.1767 -19.1408 -10.3867 -10.3120 -10.2953
-10.2541 -10.2520 -10.1974 -10.1759  -1.2164  -1.1086  -1.0869  -1.0514
 -1.0294  -0.8049  -0.7550  -0.7251  -0.6861  -0.6558  -0.6290  -0.5598
 -0.5337  -0.5137  -0.4935  -0.4626  -0.4583  -0.4524  -0.4454  -0.4303
 -0.4122  -0.4069  -0.4025  -0.3971  -0.3868  -0.3681  -0.3578  -0.3546
 -0.3378  -0.3195  -0.3142  -0.2467  -0.2254  -0.1617
 -- Virtual --
 -0.0517  -0.0233  -0.0126  -0.0019   0.0016   0.0162   0.0237   0.0479
  0.0567   0.0661   0.0791   0.0828   0.0852   0.0942   0.0976   0.1019
  0.1140   0.1195   0.1266   0.1391   0.1412   0.1465   0.1522   0.1574
  0.1749   0.1780   0.1957   0.2008   0.2044   0.2194   0.2220   0.2282
  0.2322   0.2489   0.2573   0.2624   0.2698   0.2761   0.2815   0.2892
  0.2996   0.3071   0.3093   0.3144   0.3157   0.3215   0.3297   0.3401
  0.3424   0.3527   0.3598   0.3651   0.3670   0.3727   0.3767   0.3967
  0.4011   0.4137   0.4165   0.4245   0.4323   0.4454   0.4484   0.4556
  0.4640   0.4656   0.4736   0.4789   0.4912   0.5068   0.5179   0.5263
  0.5408   0.5521   0.5562   0.5616   0.5734   0.5829   0.5925   0.5962
  0.6080   0.6178   0.6308   0.6504   0.6621   0.6678   0.6709   0.6910
  0.6962   0.7033   0.7044   0.7184   0.7274   0.7352   0.7415   0.7493
  0.7632   0.7724   0.7784   0.7838   0.7904   0.7949   0.8094   0.8121
  0.8230   0.8246   0.8304   0.8393   0.8418   0.8429   0.8594   0.8683
  0.8764   0.8855   0.8930   0.9072   0.9134   0.9221   0.9293   0.9498
  0.9529   0.9599   0.9757   0.9773   0.9855   1.0015   1.0137   1.0174
  1.0240   1.0343   1.0359   1.0436   1.0595   1.0697   1.0800   1.0819
  1.0884   1.1035   1.1091   1.1341   1.1448   1.1563   1.1699   1.1725
  1.1772   1.1929   1.2222   1.2280   1.2405   1.2485   1.2531   1.2671
  1.2810   1.2907   1.3187   1.3300   1.3504   1.3597   1.3777   1.3976
  1.4087   1.4161   1.4293   1.4313   1.4410   1.4431   1.4511   1.4595
  1.4630   1.4716   1.4847   1.4882   1.4950   1.5121   1.5252   1.5340
  1.5396   1.5524   1.5632   1.5713   1.5749   1.5872   1.6027   1.6305
  1.6377   1.6490   1.6649   1.6870   1.6926   1.7049   1.7237   1.7352
  1.7399   1.7592   1.7654   1.7748   1.7990   1.8073   1.8233   1.8290
  1.8409   1.8557   1.8617   1.8785   1.8844   1.8928   1.8982   1.9086
  1.9179   1.9246   1.9342   1.9415   1.9472   1.9532   1.9588   1.9776
  1.9825   1.9877   2.0049   2.0165   2.0179   2.0270   2.0440   2.0528
  2.0617   2.0721   2.0894   2.0940   2.1020   2.1043   2.1174   2.1273
  2.1407   2.1454   2.1552   2.1673   2.1739   2.1901   2.1990   2.2089
  2.2155   2.2226   2.2257   2.2381   2.2421   2.2493   2.2713   2.2844
  2.2874   2.2902   2.3044   2.3137   2.3267   2.3354   2.3539   2.3566
  2.3661   2.3793   2.3945   2.4021   2.4124   2.4263   2.4406   2.4455
  2.4646   2.4702   2.4799   2.4957   2.5059   2.5150   2.5296   2.5320
  2.5486   2.5693   2.5814   2.5853   2.6003   2.6070   2.6170   2.6270
  2.6407   2.6614   2.6652   2.6855   2.7078   2.7186   2.7347   2.7446
  2.7620   2.7701   2.7724   2.7831   2.8013   2.8067   2.8138   2.8310
  2.8430   2.8669   2.8721   2.8791   2.8988   2.9013   2.9120   2.9259
  2.9384   2.9413   2.9465   2.9599   2.9731   2.9845   3.0032   3.0152
  3.0235   3.0364   3.0470   3.0589   3.0694   3.0918   3.1063   3.1104
  3.1250   3.1302   3.1526   3.1606   3.1625   3.1863   3.2086   3.2209
  3.2295   3.2603   3.2795   3.2924   3.3231   3.3249   3.3448   3.3666
  3.3788   3.3797   3.3941   3.4046   3.4203   3.4302   3.4313   3.4504
  3.4691   3.4735   3.4843   3.4975   3.5103   3.5293   3.5429   3.5578
  3.5619   3.5903   3.5959   3.6096   3.6235   3.6474   3.6511   3.6657
  3.6888   3.6947   3.7134   3.7224   3.7435   3.7646   3.7978   3.8194
  3.8310   3.8621   3.8712   3.8831   3.8908   3.9087   3.9164   3.9315
  3.9505   3.9569   3.9671   3.9881   4.0017   4.0107   4.0308   4.0402
  4.0538   4.0678   4.0862   4.0917   4.0979   4.1140   4.1300   4.1499
  4.1775   4.2012   4.2018   4.2352   4.2556   4.2621   4.2944   4.2992
  4.3396   4.3562   4.3662   4.3753   4.3906   4.3967   4.4066   4.4214
  4.4659   4.4739   4.4838   4.5081   4.5258   4.5448   4.5598   4.5874
  4.5994   4.6114   4.6243   4.6278   4.6414   4.6737   4.7081   4.7147
  4.7246   4.7529   4.7587   4.7697   4.8026   4.8180   4.8261   4.8647
  4.8852   4.9123   4.9395   4.9809   5.0247   5.0533   5.0704   5.0820
  5.1106   5.1173   5.1330   5.1434   5.1744   5.1945   5.2060   5.2139
  5.2351   5.2707   5.2794   5.3045   5.3227   5.3360   5.3525   5.3617
  5.3816   5.3838   5.4287   5.4397   5.4707   5.4853   5.4914   5.5199
  5.5591   5.5847   5.5918   5.5938   5.6111   5.6233   5.6326   5.6413
  5.6654   5.6724   5.6927   5.7122   5.7285   5.7484   5.7600   5.7665
  5.7745   5.7750   5.7987   5.8148   5.8302   5.8492   5.8802   5.9016
  5.9125   5.9300   5.9448   5.9526   5.9667   5.9969   6.0181   6.0262
  6.0442   6.0540   6.0749   6.0932   6.1174   6.1227   6.1241   6.1338
  6.1416   6.1466   6.1512   6.1727   6.1785   6.1896   6.1955   6.2185
  6.2214   6.2285   6.2358   6.2430   6.2644   6.2752   6.2838   6.2904
  6.3152   6.3228   6.3350   6.3569   6.3603   6.3783   6.3872   6.3872
  6.3970   6.4048   6.4133   6.4243   6.4434   6.4557   6.4639   6.4835
  6.4991   6.5098   6.5182   6.5366   6.5472   6.5626   6.5697   6.5786
  6.5900   6.6078   6.6166   6.6249   6.6345   6.6428   6.6581   6.6799
  6.6879   6.6998   6.7100   6.7387   6.7480   6.7655   6.7720   6.7880
  6.7951   6.8159   6.8176   6.8412   6.8467   6.8609   6.8743   6.8771
  6.8802   6.9086   6.9203   6.9267   6.9536   6.9724   6.9969   7.0121
  7.0204   7.0348   7.0521   7.0666   7.0767   7.1036   7.1219   7.1318
  7.1379   7.1605   7.2408   7.2509   7.2699   7.2836   7.2870   7.3060
  7.3378   7.3605   7.3695   7.3934   7.3986   7.4131   7.4331   7.4484
  7.4588   7.5007   7.5362   7.5632   7.6191   7.6258   7.6601   7.6629
  7.6686   7.6948   7.6998   7.7335   7.7564   7.7704   7.7874   7.8021
  7.8082   7.8242   7.8374   7.8624   7.8971   7.9212   7.9742   7.9790
  7.9893   8.0189   8.0420   8.0482   8.0544   8.1202   8.1254   8.1411
  8.1801   8.1976   8.2102   8.2206   8.2365   8.2496   8.2626   8.2751
  8.2915   8.3078   8.3108   8.3311   8.3404   8.3421   8.3795   8.3843
  8.3892   8.4008   8.4377   8.4570   8.4895   8.4976   8.5352   8.5507
  8.5820   8.5949   8.6322   8.6689   8.6729   8.6750   8.6966   8.7012
  8.7456   8.7503   8.7754   8.8216   8.8424   8.8864   8.9205   8.9302
  8.9435   8.9485   8.9554   8.9618   8.9789   8.9898   8.9998   9.0294
  9.0518   9.0551   9.0708   9.0789   9.1192   9.1299   9.1411   9.1661
  9.1830   9.2101   9.2229   9.2707   9.2952   9.3179   9.3383   9.3431
  9.3458   9.3489   9.3535   9.3631   9.3707   9.3796   9.3985   9.4056
  9.4142   9.4200   9.4587   9.4685   9.4706   9.4856   9.4971   9.5193
  9.5279   9.5344   9.5385   9.5688   9.6139   9.6232   9.6331   9.6598
  9.6659   9.7253   9.8023   9.8684   9.8810   9.9261   9.9381   9.9530
  9.9753  10.0001  10.0352  10.0606  10.0895  10.1260  10.1382  10.1545
 10.1689  10.1882  10.2168  10.2431  10.2682  10.2737  10.3127  10.3146
 10.3408  10.3611  10.3755  10.4138  10.4237  10.4512  10.4614  10.4637
 10.5108  10.5216  10.5456  10.5739  10.5776  10.6094  10.6428  10.7050
 10.7629  10.7700  10.7840  10.8137  10.8254  10.8457  10.8744  10.8807
 10.9051  10.9426  11.0094  11.0671  11.0794  11.0924  11.2152  11.2331
 11.2866  11.3207  11.4399  11.4652  11.4711  11.5490  11.5770  11.5874
 11.6188  11.7569  11.8285  11.8832  11.9284  11.9362  11.9535  11.9671
 11.9824  12.0008  12.0177  12.0676  12.0777  12.1215  12.1513  12.1602
 12.2131  12.2247  12.2781  12.3008  12.3158  12.3256  12.3725  12.3828
 12.3987  12.4360  12.4640  12.5295  12.5326  12.5534  12.5636  12.5830
 12.6522  12.6728  12.7079  12.7178  12.7653  12.7776  12.7948  12.8028
 12.8630  12.9278  13.0222  13.0344  13.0883  13.1179  13.1830  13.2125
 13.2180  13.2870  13.3852  13.5458  13.5507  13.5878  13.6902  13.7780
 13.8105  13.8437  13.9329  14.2268  14.2717  14.3259  14.5141  14.5421
 14.7085  14.8332  14.8813  15.0105  15.1889  15.3158  28.9096  28.9910
 29.2389  29.3032  29.7725  29.8306  29.8539  49.0801  49.1009  49.1587
 49.1727  49.2286 150.8362 150.8407 151.1026 151.1949 151.6991 151.7128
151.7847 258.2309 258.2490 258.3103 258.3282 258.3983
 
 Beta MOs
 -- Occupied --
-19.2687 -19.2654 -19.1756 -19.1752 -19.1293 -10.3867 -10.3118 -10.2894
-10.2502 -10.2463 -10.1972 -10.1755  -1.2144  -1.1066  -1.0849  -1.0223
 -1.0057  -0.7961  -0.7408  -0.7204  -0.6819  -0.6532  -0.6126  -0.5569
 -0.5259  -0.5091  -0.4802  -0.4593  -0.4521  -0.4362  -0.4305  -0.4228
 -0.4101  -0.4007  -0.3974  -0.3886  -0.3796  -0.3597  -0.3504  -0.3302
 -0.3136  -0.3078  -0.2840  -0.2224
 -- Virtual --
 -0.1809  -0.1048  -0.0318  -0.0195  -0.0088   0.0031   0.0135   0.0253
  0.0363   0.0520   0.0603   0.0697   0.0806   0.0862   0.0873   0.0958
  0.1022   0.1041   0.1174   0.1222   0.1289   0.1404   0.1436   0.1508
  0.1568   0.1630   0.1786   0.1833   0.2012   0.2066   0.2078   0.2231
  0.2253   0.2352   0.2384   0.2520   0.2649   0.2670   0.2739   0.2805
  0.2917   0.2928   0.3039   0.3108   0.3131   0.3176   0.3204   0.3244
  0.3327   0.3464   0.3483   0.3566   0.3632   0.3682   0.3714   0.3755
  0.3832   0.4009   0.4067   0.4179   0.4202   0.4290   0.4374   0.4508
  0.4520   0.4594   0.4685   0.4714   0.4771   0.4826   0.4974   0.5132
  0.5219   0.5316   0.5461   0.5572   0.5599   0.5656   0.5776   0.5898
  0.5979   0.6039   0.6130   0.6229   0.6339   0.6562   0.6664   0.6728
  0.6746   0.6960   0.6996   0.7067   0.7093   0.7228   0.7332   0.7401
  0.7490   0.7540   0.7690   0.7775   0.7835   0.7904   0.7969   0.7989
  0.8138   0.8170   0.8254   0.8283   0.8358   0.8437   0.8471   0.8484
  0.8639   0.8731   0.8813   0.8940   0.8982   0.9109   0.9185   0.9303
  0.9371   0.9585   0.9591   0.9648   0.9815   0.9840   0.9919   1.0072
  1.0208   1.0234   1.0296   1.0394   1.0444   1.0508   1.0644   1.0752
  1.0844   1.0881   1.0935   1.1084   1.1138   1.1394   1.1490   1.1618
  1.1761   1.1793   1.1817   1.1988   1.2292   1.2346   1.2461   1.2539
  1.2585   1.2733   1.2905   1.2973   1.3258   1.3359   1.3567   1.3649
  1.3846   1.4037   1.4126   1.4213   1.4355   1.4370   1.4477   1.4479
  1.4607   1.4662   1.4731   1.4764   1.4928   1.4994   1.5034   1.5177
  1.5318   1.5417   1.5522   1.5568   1.5696   1.5789   1.5847   1.5976
  1.6117   1.6385   1.6465   1.6566   1.6754   1.6947   1.7020   1.7114
  1.7343   1.7481   1.7523   1.7721   1.7733   1.7837   1.8076   1.8142
  1.8329   1.8382   1.8469   1.8621   1.8690   1.8899   1.8979   1.9017
  1.9072   1.9169   1.9253   1.9319   1.9413   1.9497   1.9541   1.9599
  1.9679   1.9855   1.9901   1.9952   2.0144   2.0239   2.0268   2.0364
  2.0579   2.0626   2.0698   2.0800   2.0992   2.1061   2.1097   2.1151
  2.1275   2.1336   2.1478   2.1551   2.1643   2.1738   2.1832   2.1974
  2.2079   2.2162   2.2235   2.2277   2.2335   2.2490   2.2519   2.2566
  2.2806   2.2924   2.2973   2.3000   2.3144   2.3217   2.3355   2.3423
  2.3607   2.3640   2.3763   2.3871   2.4037   2.4127   2.4205   2.4360
  2.4482   2.4531   2.4752   2.4768   2.4890   2.5038   2.5148   2.5275
  2.5382   2.5417   2.5609   2.5792   2.5906   2.5978   2.6083   2.6159
  2.6270   2.6363   2.6505   2.6681   2.6730   2.6969   2.7159   2.7266
  2.7435   2.7552   2.7716   2.7794   2.7796   2.7917   2.8090   2.8137
  2.8221   2.8401   2.8529   2.8755   2.8806   2.8855   2.9059   2.9085
  2.9219   2.9331   2.9464   2.9517   2.9554   2.9684   2.9809   2.9929
  3.0134   3.0228   3.0285   3.0440   3.0543   3.0671   3.0810   3.1047
  3.1170   3.1222   3.1329   3.1417   3.1618   3.1697   3.1756   3.1958
  3.2201   3.2308   3.2385   3.2694   3.2899   3.3027   3.3337   3.3358
  3.3574   3.3719   3.3877   3.3901   3.4055   3.4151   3.4291   3.4406
  3.4433   3.4622   3.4794   3.4850   3.4967   3.5097   3.5213   3.5386
  3.5561   3.5681   3.5755   3.5990   3.6066   3.6187   3.6354   3.6594
  3.6611   3.6775   3.6997   3.7074   3.7315   3.7386   3.7597   3.7818
  3.8124   3.8299   3.8434   3.8737   3.8806   3.8921   3.9003   3.9167
  3.9282   3.9519   3.9613   3.9630   3.9807   4.0022   4.0179   4.0206
  4.0378   4.0480   4.0615   4.0823   4.0922   4.0973   4.1149   4.1283
  4.1409   4.1741   4.1972   4.2116   4.2262   4.2443   4.2754   4.2805
  4.3044   4.3162   4.3632   4.3658   4.3871   4.3884   4.4022   4.4066
  4.4186   4.4377   4.4854   4.4944   4.5002   4.5241   4.5493   4.5645
  4.5725   4.5995   4.6136   4.6239   4.6352   4.6419   4.6550   4.6842
  4.7140   4.7244   4.7506   4.7663   4.7768   4.7841   4.8243   4.8419
  4.8581   4.8829   4.9013   4.9276   4.9612   5.0015   5.0517   5.0614
  5.0800   5.0947   5.1240   5.1343   5.1488   5.1605   5.1862   5.2067
  5.2176   5.2328   5.2476   5.2923   5.3109   5.3189   5.3405   5.3558
  5.3632   5.3801   5.3945   5.4100   5.4415   5.4591   5.4870   5.5003
  5.5070   5.5335   5.5686   5.5940   5.6015   5.6048   5.6209   5.6376
  5.6440   5.6550   5.6749   5.6811   5.7048   5.7247   5.7425   5.7567
  5.7687   5.7795   5.7874   5.7955   5.8100   5.8295   5.8468   5.8672
  5.8892   5.9163   5.9344   5.9430   5.9592   5.9636   5.9741   6.0134
  6.0340   6.0402   6.0514   6.0714   6.0886   6.1042   6.1267   6.1338
  6.1362   6.1463   6.1528   6.1574   6.1603   6.1784   6.1881   6.1989
  6.2051   6.2250   6.2291   6.2343   6.2439   6.2500   6.2712   6.2859
  6.2923   6.3017   6.3248   6.3388   6.3479   6.3654   6.3718   6.3890
  6.3952   6.3984   6.4076   6.4178   6.4216   6.4327   6.4551   6.4681
  6.4741   6.4959   6.5133   6.5226   6.5294   6.5470   6.5597   6.5744
  6.5792   6.5897   6.6016   6.6201   6.6277   6.6337   6.6445   6.6536
  6.6657   6.6927   6.6990   6.7125   6.7211   6.7455   6.7578   6.7775
  6.7858   6.8010   6.8095   6.8262   6.8301   6.8571   6.8585   6.8725
  6.8779   6.8883   6.8972   6.9228   6.9277   6.9457   6.9701   6.9845
  7.0053   7.0231   7.0415   7.0500   7.0675   7.0811   7.0932   7.1144
  7.1349   7.1451   7.1591   7.1778   7.2497   7.2690   7.2836   7.2960
  7.3079   7.3267   7.3512   7.3673   7.3871   7.4109   7.4225   7.4323
  7.4471   7.4633   7.4709   7.5226   7.5501   7.5807   7.6336   7.6439
  7.6757   7.6770   7.6867   7.7078   7.7123   7.7418   7.7725   7.7843
  7.8003   7.8104   7.8172   7.8401   7.8483   7.8742   7.9092   7.9300
  7.9755   7.9944   7.9973   8.0285   8.0428   8.0566   8.0631   8.1262
  8.1428   8.1470   8.1876   8.2038   8.2174   8.2285   8.2461   8.2589
  8.2716   8.2831   8.2990   8.3147   8.3198   8.3361   8.3478   8.3523
  8.3829   8.3916   8.3985   8.4074   8.4479   8.4663   8.5004   8.5145
  8.5478   8.5796   8.5864   8.6049   8.6429   8.6724   8.6779   8.6831
  8.7052   8.7094   8.7526   8.7601   8.7915   8.8312   8.8475   8.8888
  8.9247   8.9333   8.9505   8.9575   8.9612   8.9687   8.9894   9.0015
  9.0096   9.0278   9.0601   9.0624   9.0811   9.0892   9.1281   9.1364
  9.1523   9.1776   9.1899   9.2203   9.2314   9.2832   9.3058   9.3407
  9.3449   9.3468   9.3602   9.3687   9.3882   9.3929   9.4059   9.4112
  9.4122   9.4145   9.4343   9.4440   9.4698   9.4833   9.4962   9.5055
  9.5164   9.5247   9.5342   9.5595   9.5776   9.6118   9.6333   9.6378
  9.6669   9.6839   9.7071   9.7724   9.8042   9.8713   9.9097   9.9342
  9.9579   9.9761   9.9937  10.0098  10.0439  10.0704  10.1330  10.1450
 10.1563  10.1723  10.1919  10.2132  10.2234  10.2682  10.2746  10.2855
 10.3177  10.3343  10.3672  10.3745  10.3804  10.4228  10.4473  10.4576
 10.4758  10.4890  10.5337  10.5501  10.5517  10.5891  10.5963  10.6159
 10.6998  10.7275  10.7758  10.7931  10.8075  10.8285  10.8661  10.8717
 10.8813  10.8955  10.9323  10.9457  11.0144  11.0754  11.0933  11.1555
 11.2240  11.2934  11.2955  11.3773  11.4441  11.4752  11.5138  11.5567
 11.6265  11.6705  11.7058  11.7637  11.8371  11.9290  11.9517  11.9642
 11.9802  11.9956  12.0071  12.0245  12.0582  12.0881  12.0907  12.1515
 12.1697  12.1896  12.2305  12.2426  12.3042  12.3442  12.3710  12.3889
 12.4131  12.4325  12.4481  12.4772  12.4910  12.5391  12.5454  12.5645
 12.5958  12.6266  12.6739  12.7368  12.7616  12.7818  12.7887  12.8075
 12.8400  12.8564  12.8724  13.0147  13.0296  13.0502  13.0758  13.1267
 13.1840  13.2128  13.2932  13.3228  13.3896  13.5888  13.6112  13.6222
 13.7411  13.7872  13.8195  13.8493  14.0059  14.2368  14.3305  14.3734
 14.5204  14.5461  14.7542  14.9084  14.9546  15.0205  15.1934  15.3206
 28.9313  28.9965  29.2601  29.3084  29.7761  29.8401  29.8578  49.1030
 49.1511  49.1787  49.1995  49.2289 150.8440 150.8478 151.1117 151.1986
151.6998 151.7192 151.7853 258.2448 258.2731 258.3311 258.3313 258.3985
 --------------------------------------------------------------
 
          Ground-State Mulliken Net Atomic Charges

     Atom                 Charge (a.u.)    Spin (a.u.)
  --------------------------------------------------------
      1 C                    -0.464906       0.023318
      2 C                     0.213184       0.121913
      3 O                    -0.393821       0.363673
      4 C                     0.157676       0.472625
      5 C                    -0.497026       0.030458
      6 O                    -0.368612       0.542450
      7 C                     0.090577      -0.010095
      8 C                     0.000832       0.382563
      9 O                    -0.209923       0.035962
     10 C                     0.514515      -0.001829
     11 O                    -0.209189      -0.007980
     12 O                    -0.324932       0.035329
     13 H                     0.174496      -0.003242
     14 H                     0.173444       0.002998
     15 H                     0.200837       0.003256
     16 H                     0.196743       0.007169
     17 H                     0.193174       0.014797
     18 H                     0.164747      -0.003550
     19 H                     0.198298       0.002351
     20 H                     0.189886      -0.012165
  --------------------------------------------------------
  Sum of atomic charges =    -0.000000
  Sum of spin   charges =     2.000000

 -----------------------------------------------------------------
                    Cartesian Multipole Moments
 -----------------------------------------------------------------
    Charge (ESU x 10^10)
                -0.0000
    Dipole Moment (Debye)
         X      -1.3787      Y      -3.3498      Z      -1.8968
       Tot       4.0890
    Quadrupole Moments (Debye-Ang)
        XX     -69.1977     XY      -0.9881     YY     -67.5115
        XZ      10.1457     YZ       8.6648     ZZ     -89.0828
    Octopole Moments (Debye-Ang^2)
       XXX      53.3307    XXY     -41.3045    XYY      17.2581
       YYY    -115.1880    XXZ      21.3709    XYZ       9.5178
       YYZ      41.5151    XZZ      18.4388    YZZ     -65.2986
       ZZZ      36.9277
    Hexadecapole Moments (Debye-Ang^3)
      XXXX    -381.9440   XXXY      -0.8215   XXYY    -189.6094
      XYYY     -18.2885   YYYY    -724.6426   XXXZ     282.4845
      XXYZ       2.0885   XYYZ      92.1723   YYYZ      28.3179
      XXZZ    -496.2822   XYZZ     -22.6976   YYZZ    -536.6198
      XZZZ     393.1443   YZZZ      55.7129   ZZZZ   -2634.5734
 -----------------------------------------------------------------
 Total job time:  85.43s(wall), 2640.44s(cpu) 
 Mon Jan  6 16:12:27 2025

        *************************************************************
        *                                                           *
        *  Thank you very much for using Q-Chem.  Have a nice day.  *
        *                                                           *
        *************************************************************


