
Running Job 1 of 1 s6-i1-triplet-wb97xd-B97mV.in
qchem s6-i1-triplet-wb97xd-B97mV.in_2085036.0 /expanse/lustre/scratch/whughes/temp_project/job_32713861/s6-i1-triplet-wb97xd-B97mV-32713861/ 0
/cm/shared/apps/spack/0.17.3/cpu/b/opt/spack/linux-rocky8-zen2/gcc-10.2.0/qchem-6.0-rytxnwjazd34ekd2gqyi5ufsaimxsd3r/exe/qcprog.exe_s s6-i1-triplet-wb97xd-B97mV.in_2085036.0 /expanse/lustre/scratch/whughes/temp_project/job_32713861/s6-i1-triplet-wb97xd-B97mV-32713861/
                  Welcome to Q-Chem
     A Quantum Leap Into The Future Of Chemistry


 Q-Chem 6.0, Q-Chem, Inc., Pleasanton, CA (2022)

 License issued to: University of California, San Diego (site)

 E. Epifanovsky,  A. T. B. Gilbert,  Xintian Feng,  Joonho Lee,  Yuezhi Mao,  
 N. Mardirossian,  P. Pokhilko,  A. White,  M. Wormit,  M. P. Coons,  
 A. L. Dempwolff,  Zhengting Gan,  D. Hait,  P. R. Horn,  L. D. Jacobson,  
 I. Kaliman,  J. Kussmann,  A. W. Lange,  Ka Un Lao,  D. S. Levine,  Jie Liu,  
 S. C. McKenzie,  A. F. Morrison,  K. Nanda,  F. Plasser,  D. R. Rehn,  
 M. L. Vidal,  Zhi-Qiang You,  Ying Zhu,  B. Alam,  B. Albrecht,  
 A. Aldossary,  E. Alguire,  J. H. Andersen,  V. Athavale,  D. Barton,  
 K. Begam,  A. Behn,  N. Bellonzi,  Y. A. Bernard,  E. J. Berquist,  
 H. Burton,  A. Carreras,  K. Carter-Fenk,  Romit Chakraborty,  
 Chandrima Chakravarty,  Junhan Chen,  A. D. Chien,  K. D. Closser,  
 V. Cofer-Shabica,  L. Cunha,  S. Dasgupta,  Jia Deng,  M. de Wergifosse,  
 M. Diedenhofen,  Hainam Do,  S. Ehlert,  Po-Tung Fang,  S. Fatehi,  
 Qingguo Feng,  T. Friedhoff,  B. Ganoe,  J. Gayvert,  Qinghui Ge,  
 G. Gidofalvi,  M. Goldey,  J. Gomes,  C. Gonzalez-Espinoza,  S. Gulania,  
 A. Gunina,  J. A. Gyamfi,  M. W. D. Hanson-Heine,  P. H. P. Harbach,  
 A. W. Hauser,  M. F. Herbst,  M. Hernandez Vera,  M. Hodecker,  
 Z. C. Holden,  S. Houck,  Xunkun Huang,  Kerwin Hui,  B. C. Huynh,  
 K. Ikeda,  M. Ivanov,  Hyunjun Ji,  Zuxin Jin,  Hanjie Jiang,  B. Kaduk,  
 S. Kaehler,  R. Kang,  K. Khistyaev,  Jaehoon Kim,  Yongbin Kim,  
 P. Klunzinger,  Z. Koczor-Benda,  Joong Hoon Koh,  D. Kosenkov,  
 Saikiran Kotaru,  L. Koulias,  T. Kowalczyk,  C. M. Krauter,  K. Kue,  
 A. Kunitsa,  T. Kus,  A. Landau,  K. V. Lawler,  D. Lefrancois,  S. Lehtola,  
 Rain Li,  Shaozhi Li,  Yi-Pei Li,  Jiashu Liang,  M. Liebenthal,  
 Hung-Hsuan Lin,  You-Sheng Lin,  Fenglai Liu,  Kuan-Yu Liu,  
 M. Loipersberger,  A. Luenser,  C. Malbon,  A. Manjanath,  P. Manohar,  
 E. Mansoor,  S. F. Manzer,  Shan-Ping Mao,  A. V. Marenich,  T. Markovich,  
 S. Mason,  F. Matz,  S. A. Maurer,  P. F. McLaughlin,  M. F. S. J. Menger,  
 J.-M. Mewes,  S. A. Mewes,  P. Morgante,  Mohammad Mostafanejad,  
 J. W. Mullinax,  K. J. Oosterbaan,  G. Paran,  V. Parravicini,  
 Alexander C. Paul,  Suranjan K. Paul,  F. Pavosevic,  Zheng Pei,  S. Prager,  
 E. I. Proynov,  E. Ramos,  B. Rana,  A. E. Rask,  A. Rettig,  R. M. Richard,  
 F. Rob,  E. Rossomme,  T. Scheele,  M. Scheurer,  M. Schneider,  
 P. E. Schneider,  N. Sergueev,  S. M. Sharada,  Hengyuan Shen,  
 W. Skomorowski,  D. W. Small,  C. J. Stein,  Yingli Su,  Yu-Chuan Su,  
 E. J. Sundstrom,  Zhen Tao,  J. Thirman,  Hung-Yi Tsai,  T. Tsuchimochi,  
 N. M. Tubman,  C. Utku,  S. P. Veccham,  O. Vydrov,  J. Wenzel,  
 Jonathan Wong,  J. Witte,  A. Yamada,  Chou-Hsun Yang,  Kun Yao,  
 S. Yeganeh,  S. R. Yost,  A. Zech,  F. Zeller,  Igor Ying Zhang,  
 Xing Zhang,  Yu Zhang,  D. Zuev,  A. Aspuru-Guzik,  A. T. Bell,  
 N. A. Besley,  K. B. Bravaya,  B. R. Brooks,  D. Casanova,  Jeng-Da Chai,  
 Hsing-Ta Chen,  S. Coriani,  C. J. Cramer,  A. E. DePrince, III,  
 R. A. DiStasio Jr.,  A. Dreuw,  B. D. Dunietz,  T. R. Furlani,  
 W. A. Goddard III,  S. Grimme,  S. Hammes-Schiffer,  T. Head-Gordon,  
 W. J. Hehre,  Chao-Ping Hsu,  T.-C. Jagau,  Yousung Jung,  A. Klamt,  
 Jing Kong,  D. S. Lambrecht,  Xiangyuan Li,  WanZhen Liang,  N. J. Mayhall,  
 C. W. McCurdy,  J. B. Neaton,  T. Neudecker,  C. Ochsenfeld,  
 J. A. Parkhill,  R. Peverati,  V. A. Rassolov,  Haisheng Ren,  Yihan Shao,  
 L. V. Slipchenko,  R. P. Steele,  J. E. Subotnik,  A. J. W. Thom,  
 A. Tkatchenko,  D. G. Truhlar,  T. Van Voorhis,  Fan Wang,  
 T. A. Wesolowski,  K. B. Whaley,  H. L. Woodcock III,  P. M. Zimmerman,  
 S. Faraji,  P. M. W. Gill,  M. Head-Gordon,  J. M. Herbert,  A. I. Krylov

 Contributors to earlier versions of Q-Chem not listed above: 
 R. D. Adamson,  B. Austin,  R. Baer,  J. Baker,  G. J. O. Beran,  
 K. Brandhorst,  S. T. Brown,  E. F. C. Byrd,  Arup K. Chakraborty,  
 G. K. L. Chan,  Chun-Min Chang,  Yunqing Chen,  C.-L. Cheng,  
 Siu Hung Chien,  D. M. Chipman,  D. L. Crittenden,  H. Dachsel,  
 R. J. Doerksen,  A. D. Dutoi,  R. G. Edgar,  J. Fosso-Tande,  
 L. Fusti-Molnar,  D. Ghosh,  A. Ghysels,  A. Golubeva-Zadorozhnaya,  
 J. Gonthier,  M. S. Gordon,  S. R. Gwaltney,  G. Hawkins,  J. E. Herr,  
 A. Heyden,  S. Hirata,  E. G. Hohenstein,  G. Kedziora,  F. J. Keil,  
 C. Kelley,  Jihan Kim,  R. A. King,  R. Z. Khaliullin,  P. P. Korambath,  
 W. Kurlancheek,  A. Laurent,  A. M. Lee,  M. S. Lee,  S. V. Levchenko,  
 Ching Yeh Lin,  D. Liotard,  E. Livshits,  R. C. Lochan,  I. Lotan,  
 L. A. Martinez-Martinez,  P. E. Maslen,  N. Nair,  D. P. O'Neill,  
 D. Neuhauser,  E. Neuscamman,  C. M. Oana,  R. Olivares-Amaya,  R. Olson,  
 T. M. Perrine,  B. Peters,  P. A. Pieniazek,  A. Prociuk,  Y. M. Rhee,  
 J. Ritchie,  M. A. Rohrdanz,  E. Rosta,  N. J. Russ,  H. F. Schaefer III,  
 M. W. Schmidt,  N. E. Schultz,  S. Sharma,  N. Shenvi,  C. D. Sherrill,  
 A. C. Simmonett,  A. Sodt,  T. Stein,  D. Stuck,  K. S. Thanthiriwatte,  
 V. Vanovschi,  L. Vogt,  Tao Wang,  A. Warshel,  M. A. Watson,  
 C. F. Williams,  Q. Wu,  X. Xu,  Jun Yang,  W. Zhang,  Yan Zhao

   Please cite Q-Chem as follows:
  "Software for the frontiers of quantum chemistry:
   An overview of developments in the Q-Chem 5 package"
   J. Chem. Phys. 155, 084801 (2021)
   https://doi.org/10.1063/5.0055522 (open access)

 Q-Chem 6.0.2 for Intel X86 EM64T Linux

 Parts of Q-Chem use Armadillo 9.900.5 (Nocturnal Misbehaviour).
 http://arma.sourceforge.net/

 Q-Chem begins on Fri Aug  2 09:29:27 2024  

 Host: 
0

     Scratch files written to /expanse/lustre/scratch/whughes/temp_project/job_32713861/s6-i1-triplet-wb97xd-B97mV-32713861//
 Dec722 |scratch|qcdevops|jenkins|workspace|build_RNUM    
 Processing $rem in /cm/shared/apps/spack/0.17.3/cpu/b/opt/spack/linux-rocky8-zen2/gcc-10.2.0/qchem-6.0-rytxnwjazd34ekd2gqyi5ufsaimxsd3r/config/preferences:
 Processing $rem in /home/whughes/.qchemrc:

 Checking the input file for inconsistencies... 	...done.

--------------------------------------------------------------
User input:
--------------------------------------------------------------
$molecule
0 3
C    -0.7032120811   0.4228182805    -0.0462432729
C    0.6233909449    -0.265687047    0.1350367682
C    1.2687473706    -0.6648262427   -1.1188530276
C    -1.716448475    0.3103700871    0.8038229798
S    1.5244111985    1.113859518     0.9835531455
H    -0.7849387841   1.0592893523    -0.9212646318
H    0.5379794994    -1.0922452599   0.8379877436
H    1.2064262146    -0.0193569666   -1.9849875023
H    1.9628480839    -1.4927897045   -1.1383270431
H    -2.6501619625   0.8308217597    0.6352102254
H    -1.6440030093   -0.3071447769   1.6917456152
$end

$rem
METHOD      B97M-V
BASIS       def2-QZVPP
SYM_IGNORE   TRUE
DFT_D       false
MAX_SCF_CYCLES 300
$end

$end
--------------------------------------------------------------
 ----------------------------------------------------------------
             Standard Nuclear Orientation (Angstroms)
    I     Atom           X                Y                Z
 ----------------------------------------------------------------
    1      C      -0.7032120811     0.4228182805    -0.0462432729
    2      C       0.6233909449    -0.2656870470     0.1350367682
    3      C       1.2687473706    -0.6648262427    -1.1188530276
    4      C      -1.7164484750     0.3103700871     0.8038229798
    5      S       1.5244111985     1.1138595180     0.9835531455
    6      H      -0.7849387841     1.0592893523    -0.9212646318
    7      H       0.5379794994    -1.0922452599     0.8379877436
    8      H       1.2064262146    -0.0193569666    -1.9849875023
    9      H       1.9628480839    -1.4927897045    -1.1383270431
   10      H      -2.6501619625     0.8308217597     0.6352102254
   11      H      -1.6440030093    -0.3071447769     1.6917456152
 ----------------------------------------------------------------
 Nuclear Repulsion Energy =         198.72389912 hartrees
 There are       24 alpha and       22 beta electrons
 Requested basis set is def2-QZVPP
 There are 150 shells and 478 basis functions

 Total QAlloc Memory Limit   8000 MB
 Mega-Array Size       188 MB
 MEM_STATIC part       192 MB


                       Distance Matrix (Angstroms)
             C (  1)   C (  2)   C (  3)   C (  4)   S (  5)   H (  6)
   C (  2)  1.505582
   C (  3)  2.494411  1.465618
   C (  4)  1.327368  2.500793  3.682266
   S (  5)  2.549573  1.853366  2.765718  3.343811
   H (  6)  1.085098  2.203345  2.688725  2.098694  2.994062
   H (  7)  2.148916  1.088409  2.132120  2.655361  2.420978  3.078016
   H (  8)  2.756985  2.212490  1.081990  4.053317  3.193357  2.502103
   H (  9)  3.459780  2.218419  1.080592  4.534375  3.389576  3.756402
   H ( 10)  2.102727  3.488360  4.546598  1.082183  4.198632  2.440055
   H ( 11)  2.106784  2.750661  4.063436  1.083965  3.543958  3.071312
             H (  7)   H (  8)   H (  9)   H ( 10)
   H (  8)  3.093073
   H (  9)  2.469110  1.860111
   H ( 10)  3.728747  4.739358  5.461178
   H ( 11)  2.471100  4.661130  4.735445  1.850295
 
 A cutoff of  1.0D-09 yielded   9568 shell pairs
 There are     98788 function pairs (    147949 Cartesian)
 Smallest overlap matrix eigenvalue = 4.94E-05

 Scale SEOQF with 1.000000e-01/1.000000e-01/1.000000e-01

 Standard Electronic Orientation quadrupole field applied
 Nucleus-field energy     =     0.0000000012 hartrees
 Guess from superposition of atomic densities
 Warning:  Energy on first SCF cycle will be non-variational
 SAD guess density has 46.000000 electrons

 -----------------------------------------------------------------------
  General SCF calculation program by
  Eric Jon Sundstrom, Paul Horn, Yuezhi Mao, Dmitri Zuev, Alec White,
  David Stuck, Shaama M.S., Shane Yost, Joonho Lee, David Small,
  Daniel Levine, Susi Lehtola, Hugh Burton, Evgeny Epifanovsky,
  Bang C. Huynh
 -----------------------------------------------------------------------
 Exchange:  B97M-V      Correlation:  B97M-V
 Using SG-2 standard quadrature grid
 Nonlocal Correlation:  VV10 with C = 0.0100 and b = 6.00 and scale = 1.00000
 Grid used for NLC:  SG-1 standard quadrature
 using 32 threads for integral computing
 -------------------------------------------------------
 OpenMP Integral computing Module                
 Release: version 1.0, May 2013, Q-Chem Inc. Pittsburgh 
 -------------------------------------------------------
 A unrestricted SCF calculation will be
 performed using DIIS
 SCF converges when DIIS error is below 1.0e-05
 ---------------------------------------
  Cycle       Energy         DIIS error
 ---------------------------------------
    1    -554.6063352679      7.29e-03  
    2    -553.9100163561      1.08e-03  
    3    -553.3534076101      2.08e-03  
    4    -554.0361336005      4.53e-04  
    5    -554.0684117763      1.41e-04  
    6    -554.0702998090      9.86e-05  
    7    -554.0714047527      3.81e-05  
    8    -554.0716327800      2.03e-05  
    9    -554.0717282464      1.07e-05  
   10    -554.0717863320      7.35e-06  Convergence criterion met
 ---------------------------------------
 SCF time:   CPU 822.13s  wall 27.00s 
<S^2> =          2.013528417
 SCF   energy in the final basis set =     -554.0717863320
 Total energy in the final basis set =     -554.0717863320
 
 --------------------------------------------------------------
 
                    Orbital Energies (a.u.)
 --------------------------------------------------------------
 
 Alpha MOs
 -- Occupied --
-88.9767 -10.2355 -10.2122 -10.2007 -10.1961  -7.9784  -5.8552  -5.8485
 -5.8393  -0.8275  -0.7429  -0.6724  -0.5974  -0.5484  -0.4579  -0.4524
 -0.3898  -0.3842  -0.3740  -0.3460  -0.2857  -0.2387  -0.2308  -0.1912
 -- Virtual --
 -0.0422   0.0066   0.0222   0.0273   0.0295   0.0674   0.0776   0.0821
  0.0916   0.1160   0.1188   0.1272   0.1432   0.1549   0.1610   0.1669
  0.1694   0.1784   0.1981   0.2176   0.2267   0.2350   0.2483   0.2729
  0.2807   0.2907   0.2957   0.3070   0.3145   0.3198   0.3390   0.3454
  0.3565   0.3615   0.3920   0.4021   0.4216   0.4332   0.4599   0.4743
  0.4824   0.5048   0.5203   0.5500   0.5657   0.5795   0.5998   0.6171
  0.6275   0.6629   0.6811   0.6877   0.7064   0.7223   0.7250   0.7370
  0.7535   0.7662   0.7701   0.7793   0.7935   0.8006   0.8130   0.8183
  0.8244   0.8501   0.8610   0.8723   0.8783   0.8833   0.9084   0.9237
  0.9400   0.9539   0.9673   0.9841   0.9927   1.0011   1.0212   1.0288
  1.0417   1.0485   1.0835   1.1014   1.1111   1.1207   1.1281   1.1461
  1.1623   1.1912   1.2048   1.2077   1.2304   1.2457   1.2624   1.2793
  1.3035   1.3239   1.3398   1.3488   1.4119   1.4334   1.4511   1.4708
  1.4826   1.5144   1.5524   1.5737   1.6163   1.6509   1.6775   1.7086
  1.7158   1.7811   1.7866   1.8036   1.8110   1.8219   1.8436   1.8670
  1.8870   1.9137   1.9165   1.9332   1.9517   1.9624   1.9856   2.0104
  2.0252   2.0383   2.0522   2.0596   2.0654   2.0807   2.0919   2.1291
  2.1392   2.1543   2.1641   2.1782   2.1975   2.2299   2.2426   2.2652
  2.2743   2.2979   2.3345   2.3545   2.3653   2.3906   2.3993   2.4465
  2.4507   2.4660   2.4809   2.5277   2.5441   2.5706   2.5778   2.5943
  2.6024   2.6257   2.6302   2.6569   2.6736   2.6743   2.7027   2.7144
  2.7311   2.7528   2.7677   2.7787   2.7921   2.8024   2.8148   2.8256
  2.8321   2.8467   2.8628   2.8655   2.8819   2.9343   2.9435   2.9691
  2.9837   2.9934   3.0193   3.0408   3.0716   3.0782   3.0981   3.1061
  3.1176   3.1464   3.1701   3.1901   3.2156   3.2470   3.2561   3.3212
  3.3273   3.3563   3.3863   3.4044   3.4092   3.4372   3.4510   3.4625
  3.4993   3.5116   3.5330   3.5403   3.5645   3.5850   3.5964   3.6205
  3.6326   3.6533   3.6844   3.7145   3.7547   3.7707   3.7877   3.8040
  3.8284   3.8452   3.8875   3.9005   3.9140   3.9453   3.9790   3.9925
  4.0289   4.0597   4.1004   4.1102   4.1499   4.1976   4.2267   4.2594
  4.2870   4.3596   4.4263   4.4812   4.5636   4.6069   4.8115   4.8625
  4.9400   5.1213   5.1256   5.1450   5.1879   5.2532   5.2818   5.3353
  5.3838   5.4037   5.4230   5.4477   5.4894   5.5399   5.5582   5.6197
  5.6265   5.6954   5.7160   5.7372   5.7638   5.7723   5.8178   5.8592
  5.8866   5.8992   5.9042   5.9318   5.9839   6.0078   6.0460   6.0640
  6.0726   6.0961   6.1314   6.1842   6.2161   6.2368   6.2531   6.2718
  6.2985   6.3103   6.3238   6.3358   6.3691   6.3806   6.3960   6.4084
  6.4679   6.4724   6.4755   6.4959   6.5193   6.5242   6.5312   6.5538
  6.5889   6.6007   6.6256   6.6299   6.6525   6.6692   6.6994   6.7474
  6.7492   6.7738   6.7908   6.8151   6.8457   6.8702   6.8857   6.9136
  6.9499   6.9791   6.9954   7.0285   7.0941   7.1253   7.1438   7.1775
  7.2014   7.2489   7.2715   7.3060   7.3227   7.3467   7.3837   7.4184
  7.4535   7.5059   7.5275   7.5312   7.5765   7.6675   7.6997   7.7074
  7.7862   7.8138   7.8340   7.8679   7.8882   7.8977   7.9338   7.9624
  7.9922   8.0174   8.0271   8.0490   8.0862   8.0985   8.1350   8.1505
  8.1733   8.2246   8.2479   8.2774   8.2994   8.3623   8.3813   8.3996
  8.4421   8.4585   8.5097   8.5295   8.5545   8.5776   8.5887   8.6003
  8.6236   8.7129   8.7223   8.7498   8.7764   8.8043   8.8109   8.8416
  8.8548   8.8631   8.8795   8.8819   8.9090   8.9377   8.9567   8.9695
  9.0022   9.0230   9.0359   9.0892   9.0954   9.1360   9.1388   9.1729
  9.2049   9.2137   9.2925   9.3281   9.3633   9.4060   9.4784   9.5328
  9.5400   9.6156   9.6392   9.7342   9.7803   9.9066   9.9881  10.0046
 10.0704  10.0913  10.1620  10.2577  10.3024  10.4284  10.4384  10.4433
 10.5137  10.5949  10.6417  10.7079  10.7302  10.9851  11.1040  11.2740
 11.4160  11.7667  12.0595  12.1875  12.9580  13.0842  13.2465  13.2989
 24.9940  29.0247  29.0629  29.0913  29.2378  29.4565  29.7312  29.9386
 85.2412 150.9546 151.3076 151.4720 151.8227 456.2380
 
 Beta MOs
 -- Occupied --
-88.9692 -10.2362 -10.2117 -10.1939 -10.1866  -7.9752  -5.8422  -5.8398
 -5.8344  -0.8182  -0.7286  -0.6290  -0.5787  -0.5396  -0.4514  -0.4461
 -0.3808  -0.3743  -0.3586  -0.3377  -0.2623  -0.2111
 -- Virtual --
 -0.1688  -0.1002  -0.0291   0.0141   0.0246   0.0329   0.0420   0.0711
  0.0798   0.0921   0.0985   0.1191   0.1282   0.1385   0.1535   0.1619
  0.1694   0.1783   0.1832   0.1927   0.2117   0.2273   0.2353   0.2518
  0.2565   0.2827   0.2915   0.2995   0.3059   0.3207   0.3228   0.3311
  0.3440   0.3580   0.3691   0.3734   0.4006   0.4129   0.4305   0.4464
  0.4695   0.4853   0.4910   0.5147   0.5335   0.5666   0.5771   0.5868
  0.6057   0.6279   0.6347   0.6706   0.6944   0.7028   0.7167   0.7294
  0.7370   0.7497   0.7614   0.7761   0.7835   0.7899   0.8058   0.8131
  0.8267   0.8297   0.8363   0.8589   0.8671   0.8808   0.8924   0.8947
  0.9195   0.9339   0.9518   0.9761   0.9815   1.0039   1.0082   1.0157
  1.0389   1.0430   1.0550   1.0708   1.1014   1.1141   1.1256   1.1342
  1.1404   1.1624   1.1813   1.2070   1.2177   1.2270   1.2446   1.2628
  1.2755   1.3004   1.3225   1.3406   1.3529   1.3631   1.4317   1.4491
  1.4678   1.4844   1.5025   1.5314   1.5632   1.5915   1.6264   1.6653
  1.6990   1.7210   1.7217   1.7964   1.8041   1.8129   1.8297   1.8340
  1.8675   1.8765   1.8992   1.9303   1.9322   1.9420   1.9633   1.9763
  2.0063   2.0229   2.0375   2.0530   2.0650   2.0740   2.0884   2.0941
  2.1083   2.1425   2.1647   2.1677   2.1763   2.1925   2.2130   2.2432
  2.2639   2.2799   2.2889   2.3163   2.3500   2.3689   2.3828   2.4092
  2.4141   2.4631   2.4642   2.4872   2.5008   2.5384   2.5544   2.5877
  2.5970   2.6087   2.6144   2.6352   2.6445   2.6683   2.6885   2.6928
  2.7172   2.7293   2.7466   2.7666   2.7836   2.7967   2.8065   2.8208
  2.8351   2.8464   2.8522   2.8697   2.8794   2.8828   2.9040   2.9481
  2.9680   2.9865   3.0010   3.0165   3.0396   3.0614   3.0961   3.0971
  3.1332   3.1375   3.1534   3.1839   3.1899   3.2192   3.2478   3.2795
  3.2901   3.3358   3.3486   3.3819   3.4169   3.4315   3.4355   3.4653
  3.4759   3.4932   3.5165   3.5440   3.5557   3.5630   3.5808   3.6023
  3.6252   3.6440   3.6581   3.6759   3.7138   3.7326   3.7739   3.7969
  3.8109   3.8250   3.8481   3.8659   3.9123   3.9305   3.9420   3.9705
  3.9951   4.0070   4.0485   4.0813   4.1168   4.1237   4.1794   4.2151
  4.2436   4.2817   4.3068   4.3797   4.4542   4.4985   4.5740   4.6167
  4.8341   4.8818   4.9586   5.1302   5.1385   5.1613   5.1989   5.2736
  5.2968   5.3451   5.3964   5.4202   5.4373   5.4583   5.4996   5.5507
  5.5745   5.6308   5.6460   5.7036   5.7310   5.7430   5.7766   5.7829
  5.8368   5.8663   5.8940   5.9093   5.9166   5.9378   5.9957   6.0101
  6.0559   6.0788   6.0853   6.1074   6.1434   6.1951   6.2280   6.2491
  6.2620   6.2797   6.3087   6.3204   6.3422   6.3592   6.3796   6.3944
  6.4070   6.4150   6.4735   6.4852   6.4893   6.5063   6.5315   6.5337
  6.5502   6.5634   6.6010   6.6140   6.6371   6.6446   6.6596   6.6806
  6.7102   6.7580   6.7640   6.7863   6.8146   6.8233   6.8541   6.8814
  6.9048   6.9228   6.9726   6.9992   7.0106   7.0389   7.1195   7.1332
  7.1554   7.1945   7.2148   7.2572   7.2832   7.3168   7.3350   7.3672
  7.4017   7.4326   7.4702   7.5233   7.5434   7.5478   7.5964   7.6689
  7.7038   7.7135   7.7706   7.8106   7.8321   7.8681   7.8805   7.8882
  7.9362   7.9471   7.9921   8.0168   8.0271   8.0531   8.0903   8.1043
  8.1500   8.1619   8.1872   8.2178   8.2538   8.2938   8.2971   8.3673
  8.3880   8.4156   8.4481   8.4645   8.5091   8.5382   8.5699   8.5882
  8.5961   8.6132   8.6326   8.7170   8.7292   8.7556   8.7826   8.8175
  8.8279   8.8493   8.8607   8.8706   8.8792   8.8884   8.9038   8.9324
  8.9572   8.9629   9.0032   9.0247   9.0353   9.0947   9.1047   9.1218
  9.1411   9.1778   9.2034   9.2265   9.3008   9.3366   9.3635   9.4006
  9.4830   9.5363   9.5599   9.6085   9.6336   9.7326   9.7778   9.9032
  9.9470  10.0035  10.0303  10.0763  10.1423  10.2605  10.3005  10.4083
 10.4144  10.4265  10.5143  10.5997  10.6372  10.7081  10.7202  10.9925
 11.0766  11.2524  11.4115  11.7673  12.0475  12.0858  12.9723  13.0695
 13.1253  13.2779  25.0139  29.0358  29.0777  29.1050  29.2549  29.4975
 29.7429  29.9437  85.2688 150.9594 151.3331 151.4744 151.8268 456.2554
 --------------------------------------------------------------
 
          Ground-State Mulliken Net Atomic Charges

     Atom                 Charge (a.u.)    Spin (a.u.)
  --------------------------------------------------------
      1 C                    -0.111803      -0.024542
      2 C                    -0.006798      -0.076624
      3 C                    -0.473398       0.969265
      4 C                    -0.412881       0.165025
      5 S                    -0.190719       1.027799
      6 H                     0.212903      -0.005140
      7 H                     0.228951      -0.006359
      8 H                     0.185964      -0.020921
      9 H                     0.202327      -0.021954
     10 H                     0.191593      -0.003131
     11 H                     0.173861      -0.003418
  --------------------------------------------------------
  Sum of atomic charges =     0.000000
  Sum of spin   charges =     2.000000

 -----------------------------------------------------------------
                    Cartesian Multipole Moments
 -----------------------------------------------------------------
    Charge (ESU x 10^10)
                -0.0000
    Dipole Moment (Debye)
         X      -1.3007      Y      -1.1331      Z      -0.6179
       Tot       1.8324
    Quadrupole Moments (Debye-Ang)
        XX     -38.1504     XY      -3.8257     YY     -40.1174
        XZ      -2.1076     YZ      -2.3009     ZZ     -39.4422
    Octopole Moments (Debye-Ang^2)
       XXX     -55.4019    XXY     -15.0392    XYY     -17.5442
       YYY     -42.2964    XXZ      -9.3121    XYZ       1.3030
       YYZ     -10.8095    XZZ     -18.9887    YZZ     -14.0354
       ZZZ     -37.6610
    Hexadecapole Moments (Debye-Ang^3)
      XXXX    -461.2786   XXXY     -41.8867   XXYY    -110.6130
      XYYY     -32.2911   YYYY    -200.8861   XXXZ      -0.6736
      XXYZ     -16.3048   XYYZ       1.9275   YYYZ     -59.4388
      XXZZ    -116.5359   XYZZ      -8.4177   YYZZ     -72.1104
      XZZZ      -8.4841   YZZZ     -68.3622   ZZZZ    -239.1790
 -----------------------------------------------------------------
 Total job time:  27.94s(wall), 840.59s(cpu) 
 Fri Aug  2 09:29:55 2024

        *************************************************************
        *                                                           *
        *  Thank you very much for using Q-Chem.  Have a nice day.  *
        *                                                           *
        *************************************************************


