
Running Job 1 of 1 s3-ts1-triplet-cx20-unfrz-B97mV.in
qchem s3-ts1-triplet-cx20-unfrz-B97mV.in_1329192.0 /expanse/lustre/scratch/whughes/temp_project/job_32713713/s3-ts1-triplet-cx20-unfrz-B97mV-32713713/ 0
/cm/shared/apps/spack/0.17.3/cpu/b/opt/spack/linux-rocky8-zen2/gcc-10.2.0/qchem-6.0-rytxnwjazd34ekd2gqyi5ufsaimxsd3r/exe/qcprog.exe_s s3-ts1-triplet-cx20-unfrz-B97mV.in_1329192.0 /expanse/lustre/scratch/whughes/temp_project/job_32713713/s3-ts1-triplet-cx20-unfrz-B97mV-32713713/
                  Welcome to Q-Chem
     A Quantum Leap Into The Future Of Chemistry


 Q-Chem 6.0, Q-Chem, Inc., Pleasanton, CA (2022)

 License issued to: University of California, San Diego (site)

 E. Epifanovsky,  A. T. B. Gilbert,  Xintian Feng,  Joonho Lee,  Yuezhi Mao,  
 N. Mardirossian,  P. Pokhilko,  A. White,  M. Wormit,  M. P. Coons,  
 A. L. Dempwolff,  Zhengting Gan,  D. Hait,  P. R. Horn,  L. D. Jacobson,  
 I. Kaliman,  J. Kussmann,  A. W. Lange,  Ka Un Lao,  D. S. Levine,  Jie Liu,  
 S. C. McKenzie,  A. F. Morrison,  K. Nanda,  F. Plasser,  D. R. Rehn,  
 M. L. Vidal,  Zhi-Qiang You,  Ying Zhu,  B. Alam,  B. Albrecht,  
 A. Aldossary,  E. Alguire,  J. H. Andersen,  V. Athavale,  D. Barton,  
 K. Begam,  A. Behn,  N. Bellonzi,  Y. A. Bernard,  E. J. Berquist,  
 H. Burton,  A. Carreras,  K. Carter-Fenk,  Romit Chakraborty,  
 Chandrima Chakravarty,  Junhan Chen,  A. D. Chien,  K. D. Closser,  
 V. Cofer-Shabica,  L. Cunha,  S. Dasgupta,  Jia Deng,  M. de Wergifosse,  
 M. Diedenhofen,  Hainam Do,  S. Ehlert,  Po-Tung Fang,  S. Fatehi,  
 Qingguo Feng,  T. Friedhoff,  B. Ganoe,  J. Gayvert,  Qinghui Ge,  
 G. Gidofalvi,  M. Goldey,  J. Gomes,  C. Gonzalez-Espinoza,  S. Gulania,  
 A. Gunina,  J. A. Gyamfi,  M. W. D. Hanson-Heine,  P. H. P. Harbach,  
 A. W. Hauser,  M. F. Herbst,  M. Hernandez Vera,  M. Hodecker,  
 Z. C. Holden,  S. Houck,  Xunkun Huang,  Kerwin Hui,  B. C. Huynh,  
 K. Ikeda,  M. Ivanov,  Hyunjun Ji,  Zuxin Jin,  Hanjie Jiang,  B. Kaduk,  
 S. Kaehler,  R. Kang,  K. Khistyaev,  Jaehoon Kim,  Yongbin Kim,  
 P. Klunzinger,  Z. Koczor-Benda,  Joong Hoon Koh,  D. Kosenkov,  
 Saikiran Kotaru,  L. Koulias,  T. Kowalczyk,  C. M. Krauter,  K. Kue,  
 A. Kunitsa,  T. Kus,  A. Landau,  K. V. Lawler,  D. Lefrancois,  S. Lehtola,  
 Rain Li,  Shaozhi Li,  Yi-Pei Li,  Jiashu Liang,  M. Liebenthal,  
 Hung-Hsuan Lin,  You-Sheng Lin,  Fenglai Liu,  Kuan-Yu Liu,  
 M. Loipersberger,  A. Luenser,  C. Malbon,  A. Manjanath,  P. Manohar,  
 E. Mansoor,  S. F. Manzer,  Shan-Ping Mao,  A. V. Marenich,  T. Markovich,  
 S. Mason,  F. Matz,  S. A. Maurer,  P. F. McLaughlin,  M. F. S. J. Menger,  
 J.-M. Mewes,  S. A. Mewes,  P. Morgante,  Mohammad Mostafanejad,  
 J. W. Mullinax,  K. J. Oosterbaan,  G. Paran,  V. Parravicini,  
 Alexander C. Paul,  Suranjan K. Paul,  F. Pavosevic,  Zheng Pei,  S. Prager,  
 E. I. Proynov,  E. Ramos,  B. Rana,  A. E. Rask,  A. Rettig,  R. M. Richard,  
 F. Rob,  E. Rossomme,  T. Scheele,  M. Scheurer,  M. Schneider,  
 P. E. Schneider,  N. Sergueev,  S. M. Sharada,  Hengyuan Shen,  
 W. Skomorowski,  D. W. Small,  C. J. Stein,  Yingli Su,  Yu-Chuan Su,  
 E. J. Sundstrom,  Zhen Tao,  J. Thirman,  Hung-Yi Tsai,  T. Tsuchimochi,  
 N. M. Tubman,  C. Utku,  S. P. Veccham,  O. Vydrov,  J. Wenzel,  
 Jonathan Wong,  J. Witte,  A. Yamada,  Chou-Hsun Yang,  Kun Yao,  
 S. Yeganeh,  S. R. Yost,  A. Zech,  F. Zeller,  Igor Ying Zhang,  
 Xing Zhang,  Yu Zhang,  D. Zuev,  A. Aspuru-Guzik,  A. T. Bell,  
 N. A. Besley,  K. B. Bravaya,  B. R. Brooks,  D. Casanova,  Jeng-Da Chai,  
 Hsing-Ta Chen,  S. Coriani,  C. J. Cramer,  A. E. DePrince, III,  
 R. A. DiStasio Jr.,  A. Dreuw,  B. D. Dunietz,  T. R. Furlani,  
 W. A. Goddard III,  S. Grimme,  S. Hammes-Schiffer,  T. Head-Gordon,  
 W. J. Hehre,  Chao-Ping Hsu,  T.-C. Jagau,  Yousung Jung,  A. Klamt,  
 Jing Kong,  D. S. Lambrecht,  Xiangyuan Li,  WanZhen Liang,  N. J. Mayhall,  
 C. W. McCurdy,  J. B. Neaton,  T. Neudecker,  C. Ochsenfeld,  
 J. A. Parkhill,  R. Peverati,  V. A. Rassolov,  Haisheng Ren,  Yihan Shao,  
 L. V. Slipchenko,  R. P. Steele,  J. E. Subotnik,  A. J. W. Thom,  
 A. Tkatchenko,  D. G. Truhlar,  T. Van Voorhis,  Fan Wang,  
 T. A. Wesolowski,  K. B. Whaley,  H. L. Woodcock III,  P. M. Zimmerman,  
 S. Faraji,  P. M. W. Gill,  M. Head-Gordon,  J. M. Herbert,  A. I. Krylov

 Contributors to earlier versions of Q-Chem not listed above: 
 R. D. Adamson,  B. Austin,  R. Baer,  J. Baker,  G. J. O. Beran,  
 K. Brandhorst,  S. T. Brown,  E. F. C. Byrd,  Arup K. Chakraborty,  
 G. K. L. Chan,  Chun-Min Chang,  Yunqing Chen,  C.-L. Cheng,  
 Siu Hung Chien,  D. M. Chipman,  D. L. Crittenden,  H. Dachsel,  
 R. J. Doerksen,  A. D. Dutoi,  R. G. Edgar,  J. Fosso-Tande,  
 L. Fusti-Molnar,  D. Ghosh,  A. Ghysels,  A. Golubeva-Zadorozhnaya,  
 J. Gonthier,  M. S. Gordon,  S. R. Gwaltney,  G. Hawkins,  J. E. Herr,  
 A. Heyden,  S. Hirata,  E. G. Hohenstein,  G. Kedziora,  F. J. Keil,  
 C. Kelley,  Jihan Kim,  R. A. King,  R. Z. Khaliullin,  P. P. Korambath,  
 W. Kurlancheek,  A. Laurent,  A. M. Lee,  M. S. Lee,  S. V. Levchenko,  
 Ching Yeh Lin,  D. Liotard,  E. Livshits,  R. C. Lochan,  I. Lotan,  
 L. A. Martinez-Martinez,  P. E. Maslen,  N. Nair,  D. P. O'Neill,  
 D. Neuhauser,  E. Neuscamman,  C. M. Oana,  R. Olivares-Amaya,  R. Olson,  
 T. M. Perrine,  B. Peters,  P. A. Pieniazek,  A. Prociuk,  Y. M. Rhee,  
 J. Ritchie,  M. A. Rohrdanz,  E. Rosta,  N. J. Russ,  H. F. Schaefer III,  
 M. W. Schmidt,  N. E. Schultz,  S. Sharma,  N. Shenvi,  C. D. Sherrill,  
 A. C. Simmonett,  A. Sodt,  T. Stein,  D. Stuck,  K. S. Thanthiriwatte,  
 V. Vanovschi,  L. Vogt,  Tao Wang,  A. Warshel,  M. A. Watson,  
 C. F. Williams,  Q. Wu,  X. Xu,  Jun Yang,  W. Zhang,  Yan Zhao

   Please cite Q-Chem as follows:
  "Software for the frontiers of quantum chemistry:
   An overview of developments in the Q-Chem 5 package"
   J. Chem. Phys. 155, 084801 (2021)
   https://doi.org/10.1063/5.0055522 (open access)

 Q-Chem 6.0.2 for Intel X86 EM64T Linux

 Parts of Q-Chem use Armadillo 9.900.5 (Nocturnal Misbehaviour).
 http://arma.sourceforge.net/

 Q-Chem begins on Fri Aug  2 09:16:14 2024  

 Host: 
0

     Scratch files written to /expanse/lustre/scratch/whughes/temp_project/job_32713713/s3-ts1-triplet-cx20-unfrz-B97mV-32713713//
 Dec722 |scratch|qcdevops|jenkins|workspace|build_RNUM    
 Processing $rem in /cm/shared/apps/spack/0.17.3/cpu/b/opt/spack/linux-rocky8-zen2/gcc-10.2.0/qchem-6.0-rytxnwjazd34ekd2gqyi5ufsaimxsd3r/config/preferences:
 Processing $rem in /home/whughes/.qchemrc:

 Checking the input file for inconsistencies... 	...done.

--------------------------------------------------------------
User input:
--------------------------------------------------------------
$molecule
0 3
C    -0.3208625862   -0.058061175    1.7580208195
C    0.5728053094    -1.1082361908   1.9163963185
C    0.7809749691    -2.0144125976   0.8858040109
C    0.1055432563    -1.8685392791   -0.3140621466
C    -0.784403528    -0.8128726023   -0.460703755
C    -1.0027154859   0.09917692      0.5632253702
S    -1.5192836621   -0.5211333573   -2.0434230214
C    -0.0974729125   0.7702238337    -3.1475938859
O    -1.5577861158   -1.7596091645   -2.7804293235
O    -2.7056014194   0.2799609662    -1.8714701421
C    1.0556093501    -0.0205382652   -3.3298549607
C    2.0819915524    0.1829380457    -2.4314527903
C    2.0286949284    1.247633883     -1.524411074
C    0.9679808975    2.160387639     -1.5537976207
C    -0.0762830008   1.9885094511    -2.4380627813
H    -0.4889317477   0.6391949123    2.568584078
H    1.104619564     -1.2259021583   2.8520682888
H    1.4698616806    -2.8386659014   1.0180249754
H    0.2497679654    -2.565135486    -1.1287403285
H    -1.7064627753   0.9078100279    0.419737442
H    1.0911037411    -0.8044475784   -4.074078464
H    2.9543501771    -0.4585631458   -2.4574576784
H    2.8502321749    1.4061225429    -0.8387498553
H    0.9887981157    3.0304565941    -0.9090064989
H    -0.8846994483   2.7025130857    -2.5174029768
$end

$rem
METHOD      B97M-V
BASIS       def2-QZVPP
SYM_IGNORE   TRUE
DFT_D       false
MAX_SCF_CYCLES 300
$end

$end
--------------------------------------------------------------
 ----------------------------------------------------------------
             Standard Nuclear Orientation (Angstroms)
    I     Atom           X                Y                Z
 ----------------------------------------------------------------
    1      C      -0.3208625862    -0.0580611750     1.7580208195
    2      C       0.5728053094    -1.1082361908     1.9163963185
    3      C       0.7809749691    -2.0144125976     0.8858040109
    4      C       0.1055432563    -1.8685392791    -0.3140621466
    5      C      -0.7844035280    -0.8128726023    -0.4607037550
    6      C      -1.0027154859     0.0991769200     0.5632253702
    7      S      -1.5192836621    -0.5211333573    -2.0434230214
    8      C      -0.0974729125     0.7702238337    -3.1475938859
    9      O      -1.5577861158    -1.7596091645    -2.7804293235
   10      O      -2.7056014194     0.2799609662    -1.8714701421
   11      C       1.0556093501    -0.0205382652    -3.3298549607
   12      C       2.0819915524     0.1829380457    -2.4314527903
   13      C       2.0286949284     1.2476338830    -1.5244110740
   14      C       0.9679808975     2.1603876390    -1.5537976207
   15      C      -0.0762830008     1.9885094511    -2.4380627813
   16      H      -0.4889317477     0.6391949123     2.5685840780
   17      H       1.1046195640    -1.2259021583     2.8520682888
   18      H       1.4698616806    -2.8386659014     1.0180249754
   19      H       0.2497679654    -2.5651354860    -1.1287403285
   20      H      -1.7064627753     0.9078100279     0.4197374420
   21      H       1.0911037411    -0.8044475784    -4.0740784640
   22      H       2.9543501771    -0.4585631458    -2.4574576784
   23      H       2.8502321749     1.4061225429    -0.8387498553
   24      H       0.9887981157     3.0304565941    -0.9090064989
   25      H      -0.8846994483     2.7025130857    -2.5174029768
 ----------------------------------------------------------------
 Nuclear Repulsion Energy =        1103.84522782 hartrees
 There are       58 alpha and       56 beta electrons
 Requested basis set is def2-QZVPP
 There are 360 shells and 1168 basis functions

 Total QAlloc Memory Limit   8000 MB
 Mega-Array Size       188 MB
 MEM_STATIC part       192 MB

 A cutoff of  1.0D-09 yielded  42272 shell pairs
 There are    428046 function pairs (    637164 Cartesian)
 Smallest overlap matrix eigenvalue = 5.88E-06

 Q-Chem warning in module stvman/mkSTV.C, line 305:

 Overlap eigenvalue is smaller than square root of threshold
 Use THRESH >= 12 to get rid of this warning


 Scale SEOQF with 1.000000e-01/1.000000e-01/1.000000e-01

 Standard Electronic Orientation quadrupole field applied
 Nucleus-field energy     =    -0.0000000300 hartrees
 Guess from superposition of atomic densities
 Warning:  Energy on first SCF cycle will be non-variational
 SAD guess density has 114.000000 electrons

 -----------------------------------------------------------------------
  General SCF calculation program by
  Eric Jon Sundstrom, Paul Horn, Yuezhi Mao, Dmitri Zuev, Alec White,
  David Stuck, Shaama M.S., Shane Yost, Joonho Lee, David Small,
  Daniel Levine, Susi Lehtola, Hugh Burton, Evgeny Epifanovsky,
  Bang C. Huynh
 -----------------------------------------------------------------------
 Exchange:  B97M-V      Correlation:  B97M-V
 Using SG-2 standard quadrature grid
 Nonlocal Correlation:  VV10 with C = 0.0100 and b = 6.00 and scale = 1.00000
 Grid used for NLC:  SG-1 standard quadrature
 using 32 threads for integral computing
 -------------------------------------------------------
 OpenMP Integral computing Module                
 Release: version 1.0, May 2013, Q-Chem Inc. Pittsburgh 
 -------------------------------------------------------
 A unrestricted SCF calculation will be
 performed using DIIS
 SCF converges when DIIS error is below 1.0e-05
 ---------------------------------------
  Cycle       Energy         DIIS error
 ---------------------------------------
    1   -1015.1907617213      5.88e-03  
    2   -1011.5480142480      8.04e-04  
    3   -1010.6967752676      1.47e-03  
    4   -1011.8599079723      3.20e-04  
    5   -1011.9215829854      1.55e-04  
    6   -1011.9387600748      6.61e-05  
    7   -1011.9414737397      2.45e-05  
    8   -1011.9418528472      9.86e-06  Convergence criterion met
 ---------------------------------------
 SCF time:   CPU 6297.46s  wall 203.00s 
<S^2> =          2.015281446
 SCF   energy in the final basis set =    -1011.9418528472
 Total energy in the final basis set =    -1011.9418528472
 
 --------------------------------------------------------------
 
                    Orbital Energies (a.u.)
 --------------------------------------------------------------
 
 Alpha MOs
 -- Occupied --
-89.1191 -19.1485 -19.1485 -10.2440 -10.2214 -10.2105 -10.2105 -10.2077
-10.2074 -10.2071 -10.2045 -10.2045 -10.2037 -10.2013 -10.2013  -8.1028
 -5.9726  -5.9713  -5.9709  -1.0918  -1.0027  -0.8708  -0.8650  -0.7681
 -0.7618  -0.7531  -0.7521  -0.6521  -0.6073  -0.6063  -0.6028  -0.5684
 -0.5161  -0.5083  -0.4703  -0.4552  -0.4539  -0.4492  -0.4411  -0.4334
 -0.4262  -0.4207  -0.4166  -0.3865  -0.3685  -0.3607  -0.3578  -0.3482
 -0.3398  -0.3107  -0.3103  -0.2920  -0.2767  -0.2690  -0.2647  -0.2539
 -0.2413  -0.1609
 -- Virtual --
 -0.0705  -0.0604  -0.0525  -0.0324  -0.0036   0.0157   0.0185   0.0283
  0.0422   0.0499   0.0507   0.0575   0.0685   0.0748   0.0753   0.0768
  0.0817   0.0896   0.0926   0.0987   0.1049   0.1122   0.1233   0.1274
  0.1359   0.1445   0.1467   0.1478   0.1528   0.1556   0.1618   0.1768
  0.1800   0.1837   0.1930   0.2057   0.2065   0.2137   0.2184   0.2206
  0.2252   0.2288   0.2319   0.2418   0.2450   0.2519   0.2557   0.2574
  0.2652   0.2692   0.2722   0.2769   0.2778   0.2823   0.2882   0.2939
  0.2940   0.2991   0.3071   0.3102   0.3104   0.3199   0.3285   0.3350
  0.3367   0.3495   0.3520   0.3528   0.3655   0.3680   0.3719   0.3844
  0.3879   0.4036   0.4083   0.4137   0.4143   0.4212   0.4270   0.4322
  0.4416   0.4423   0.4496   0.4608   0.4617   0.4664   0.4695   0.4730
  0.4876   0.4955   0.5059   0.5124   0.5195   0.5241   0.5257   0.5270
  0.5325   0.5436   0.5535   0.5584   0.5702   0.5793   0.5815   0.5870
  0.5937   0.5962   0.6018   0.6085   0.6235   0.6357   0.6391   0.6407
  0.6515   0.6625   0.6702   0.6732   0.6824   0.6887   0.6899   0.6961
  0.7012   0.7134   0.7187   0.7261   0.7357   0.7398   0.7421   0.7502
  0.7581   0.7589   0.7745   0.7770   0.7845   0.7853   0.7892   0.7999
  0.8010   0.8081   0.8112   0.8181   0.8208   0.8289   0.8328   0.8331
  0.8366   0.8472   0.8598   0.8619   0.8676   0.8733   0.8769   0.8799
  0.8878   0.8935   0.9054   0.9086   0.9098   0.9112   0.9140   0.9288
  0.9334   0.9407   0.9551   0.9578   0.9626   0.9708   0.9721   0.9758
  0.9843   0.9873   0.9980   1.0085   1.0099   1.0184   1.0337   1.0351
  1.0395   1.0448   1.0527   1.0550   1.0621   1.0642   1.0839   1.0873
  1.0926   1.0997   1.1074   1.1217   1.1233   1.1279   1.1391   1.1417
  1.1501   1.1554   1.1606   1.1653   1.1785   1.1879   1.1900   1.1973
  1.2094   1.2200   1.2223   1.2254   1.2481   1.2673   1.2747   1.2831
  1.2958   1.2966   1.3001   1.3062   1.3109   1.3232   1.3277   1.3316
  1.3400   1.3509   1.3524   1.3640   1.3693   1.3996   1.4089   1.4161
  1.4241   1.4322   1.4426   1.4503   1.4570   1.4645   1.4701   1.4972
  1.4982   1.5014   1.5225   1.5373   1.5415   1.5439   1.5525   1.5678
  1.5791   1.5829   1.5848   1.6033   1.6074   1.6124   1.6135   1.6313
  1.6396   1.6536   1.6545   1.6594   1.6780   1.6843   1.6895   1.6969
  1.7143   1.7239   1.7310   1.7333   1.7436   1.7444   1.7480   1.7561
  1.7600   1.7781   1.7784   1.7934   1.7983   1.8097   1.8203   1.8241
  1.8324   1.8326   1.8458   1.8543   1.8646   1.8704   1.8786   1.8842
  1.8862   1.8978   1.9010   1.9095   1.9257   1.9289   1.9357   1.9425
  1.9504   1.9693   1.9788   1.9802   1.9862   1.9922   2.0055   2.0068
  2.0089   2.0169   2.0268   2.0353   2.0379   2.0547   2.0564   2.0630
  2.0665   2.0689   2.0744   2.0915   2.0943   2.0969   2.1047   2.1143
  2.1179   2.1333   2.1334   2.1541   2.1542   2.1644   2.1674   2.1722
  2.1789   2.1909   2.2032   2.2121   2.2142   2.2233   2.2364   2.2428
  2.2470   2.2533   2.2577   2.2637   2.2696   2.2809   2.2823   2.2824
  2.2945   2.3040   2.3115   2.3127   2.3242   2.3284   2.3292   2.3511
  2.3517   2.3705   2.3713   2.3765   2.3832   2.3881   2.4003   2.4070
  2.4106   2.4200   2.4255   2.4320   2.4541   2.4612   2.4617   2.4646
  2.4827   2.4943   2.4953   2.5047   2.5099   2.5237   2.5278   2.5296
  2.5452   2.5587   2.5609   2.5619   2.5760   2.5792   2.5802   2.5902
  2.5939   2.6085   2.6200   2.6311   2.6397   2.6428   2.6587   2.6618
  2.6671   2.6700   2.6867   2.6926   2.6981   2.7045   2.7127   2.7210
  2.7311   2.7315   2.7468   2.7498   2.7533   2.7631   2.7727   2.7734
  2.7932   2.7982   2.8047   2.8051   2.8086   2.8210   2.8366   2.8369
  2.8386   2.8436   2.8498   2.8635   2.8645   2.8739   2.8824   2.8909
  2.8925   2.9029   2.9050   2.9059   2.9148   2.9311   2.9398   2.9434
  2.9445   2.9577   2.9655   2.9751   2.9810   2.9831   2.9918   3.0015
  3.0238   3.0281   3.0287   3.0398   3.0527   3.0579   3.0747   3.0907
  3.0986   3.1146   3.1199   3.1276   3.1354   3.1409   3.1693   3.1869
  3.1895   3.2052   3.2141   3.2342   3.2396   3.2432   3.2531   3.2600
  3.2631   3.2745   3.2967   3.3072   3.3100   3.3238   3.3360   3.3394
  3.3479   3.3611   3.3789   3.3976   3.4089   3.4240   3.4254   3.4525
  3.4771   3.4872   3.4957   3.4972   3.5108   3.5137   3.5240   3.5303
  3.5330   3.5442   3.5520   3.5682   3.5757   3.5793   3.6010   3.6017
  3.6132   3.6202   3.6255   3.6358   3.6409   3.6452   3.6523   3.6575
  3.6581   3.6773   3.6777   3.6802   3.7033   3.7067   3.7233   3.7408
  3.7412   3.7558   3.7682   3.7702   3.7878   3.7927   3.8082   3.8326
  3.8475   3.8573   3.8692   3.8804   3.8921   3.9006   3.9371   3.9474
  3.9564   3.9571   3.9604   3.9692   3.9754   4.0088   4.0257   4.0294
  4.0507   4.0595   4.0899   4.0997   4.1296   4.1399   4.1473   4.1650
  4.1715   4.1979   4.2046   4.2152   4.2312   4.2324   4.2461   4.2504
  4.2588   4.2707   4.2947   4.2963   4.3054   4.3080   4.3150   4.3349
  4.3506   4.3567   4.3788   4.3997   4.4281   4.4571   4.5128   4.5251
  4.5410   4.5468   4.5628   4.5757   4.6015   4.6023   4.6347   4.6433
  4.6870   4.7196   4.7360   4.7652   4.7814   4.8002   4.8030   4.8393
  4.8460   4.8754   4.9065   4.9189   4.9382   4.9458   4.9858   5.0231
  5.0330   5.0511   5.0606   5.0674   5.0681   5.1223   5.1259   5.1340
  5.1436   5.1514   5.1705   5.1865   5.2006   5.2153   5.2355   5.2407
  5.2473   5.2671   5.2763   5.3080   5.3152   5.3193   5.3203   5.3301
  5.3357   5.3501   5.3711   5.3716   5.3776   5.3906   5.4033   5.4042
  5.4149   5.4232   5.4273   5.4317   5.4388   5.4711   5.4892   5.4940
  5.4980   5.5199   5.5341   5.5457   5.5539   5.5570   5.5690   5.5781
  5.5899   5.6150   5.6220   5.6290   5.6327   5.6530   5.6572   5.6663
  5.6755   5.6759   5.7141   5.7258   5.7366   5.7400   5.7436   5.7757
  5.7760   5.7812   5.7904   5.7960   5.8163   5.8343   5.8389   5.8467
  5.8583   5.8676   5.8783   5.8999   5.9255   5.9308   5.9407   5.9424
  5.9615   5.9621   5.9651   5.9732   5.9928   6.0183   6.0325   6.0522
  6.0670   6.0783   6.0909   6.0930   6.1089   6.1295   6.1441   6.1457
  6.1650   6.1684   6.1783   6.1866   6.1898   6.2042   6.2084   6.2147
  6.2271   6.2391   6.2530   6.2566   6.2577   6.2662   6.2813   6.3004
  6.3057   6.3150   6.3165   6.3246   6.3401   6.3420   6.3606   6.3639
  6.3805   6.3810   6.3927   6.3953   6.4102   6.4115   6.4204   6.4275
  6.4327   6.4344   6.4419   6.4528   6.4595   6.4602   6.4696   6.4703
  6.4762   6.4788   6.4955   6.4975   6.5064   6.5131   6.5253   6.5327
  6.5432   6.5447   6.5552   6.5608   6.5675   6.5899   6.5941   6.5953
  6.5973   6.6142   6.6180   6.6217   6.6415   6.6448   6.6539   6.6673
  6.6733   6.6853   6.6924   6.7009   6.7049   6.7240   6.7274   6.7443
  6.7570   6.7579   6.7600   6.7745   6.7831   6.7920   6.8111   6.8143
  6.8276   6.8293   6.8445   6.8557   6.8604   6.8758   6.8862   6.8920
  6.8940   6.9061   6.9128   6.9158   6.9254   6.9513   6.9562   6.9616
  6.9630   6.9696   6.9736   6.9901   6.9935   7.0011   7.0038   7.0158
  7.0264   7.0504   7.0524   7.0627   7.0709   7.0734   7.0969   7.1039
  7.1184   7.1318   7.1325   7.1408   7.1769   7.2121   7.2274   7.2341
  7.2426   7.2582   7.2690   7.2843   7.2957   7.2992   7.3206   7.3259
  7.3554   7.3635   7.3772   7.3869   7.4106   7.4174   7.4275   7.4468
  7.4488   7.4544   7.4608   7.4793   7.4952   7.5203   7.5295   7.5326
  7.5482   7.5736   7.5971   7.6318   7.6431   7.6451   7.6836   7.6937
  7.7130   7.7212   7.7540   7.7640   7.7716   7.7854   7.8083   7.8232
  7.8260   7.8380   7.8550   7.8680   7.8710   7.8864   7.8874   7.9112
  7.9330   7.9368   7.9532   7.9663   7.9931   8.0028   8.0188   8.0338
  8.0522   8.0627   8.0739   8.0834   8.0967   8.1410   8.1511   8.1767
  8.1974   8.2147   8.2368   8.2501   8.2627   8.2673   8.2743   8.2854
  8.3276   8.3297   8.3333   8.3489   8.3611   8.3667   8.3809   8.3913
  8.4174   8.4266   8.4567   8.4821   8.5033   8.5147   8.5168   8.5328
  8.5821   8.5918   8.6369   8.6408   8.6422   8.6553   8.6570   8.6580
  8.6743   8.6848   8.6868   8.6921   8.7008   8.7061   8.7154   8.7179
  8.7268   8.7333   8.7403   8.7481   8.7549   8.7580   8.7636   8.7673
  8.7822   8.7878   8.8148   8.8174   8.8198   8.8261   8.8458   8.8525
  8.8664   8.8753   8.8841   8.8897   8.8946   8.9129   8.9165   8.9194
  8.9267   8.9397   8.9432   8.9561   8.9577   8.9751   8.9764   8.9862
  8.9890   8.9915   8.9945   9.0053   9.0257   9.0381   9.0512   9.0676
  9.0779   9.0947   9.1014   9.1343   9.1409   9.1472   9.1506   9.1933
  9.1981   9.2025   9.2299   9.2501   9.2606   9.2763   9.3037   9.3216
  9.3314   9.3395   9.3432   9.3571   9.3657   9.3731   9.3748   9.3767
  9.3918   9.4046   9.4197   9.4277   9.4304   9.4355   9.4669   9.5092
  9.5316   9.6582   9.6925   9.7202   9.7564   9.8046   9.8177   9.8971
  9.9100   9.9153   9.9173   9.9266   9.9679   9.9828   9.9958  10.0102
 10.0902  10.0938  10.1022  10.1171  10.1268  10.1720  10.2002  10.2123
 10.2262  10.2379  10.2757  10.2809  10.2878  10.2896  10.3274  10.3889
 10.4268  10.4385  10.4625  10.4783  10.4912  10.5044  10.5348  10.5360
 10.5679  10.5696  10.5751  10.5854  10.6481  10.6588  10.6827  10.7431
 10.7725  10.7972  10.8064  10.8276  10.8501  10.9921  11.0686  11.1221
 11.1437  11.2252  11.2506  11.2600  11.4391  11.4672  11.4760  11.4980
 11.5156  11.5390  11.7427  11.7825  11.8487  11.8618  12.1877  12.2889
 12.3968  12.4124  12.4519  12.4555  12.4732  12.4747  12.5014  12.5200
 12.5238  12.6177  12.6383  12.6504  12.8271  12.8451  12.8903  12.9083
 12.9381  12.9613  13.0302  13.0683  13.2333  13.2581  13.4217  13.4394
 13.4642  13.4966  14.6453  14.7183  25.7060  28.5716  28.6352  29.0876
 29.1551  29.2330  29.2640  29.3750  29.5200  29.6410  29.6815  29.7814
 29.7883  29.9459  30.0064  30.1090  49.0662  49.1500  85.8860 150.5066
150.5802 151.0125 151.0813 151.1485 151.1762 151.3903 151.5067 151.6493
151.6593 151.8894 151.9950 258.2039 258.2964 457.3849
 
 Beta MOs
 -- Occupied --
-89.1167 -19.1453 -19.1452 -10.2291 -10.2203 -10.2076 -10.2076 -10.2070
-10.2070 -10.2040 -10.2040 -10.2036 -10.2032 -10.2015 -10.2014  -8.1016
 -5.9696  -5.9689  -5.9677  -1.0858  -0.9964  -0.8653  -0.8567  -0.7649
 -0.7552  -0.7520  -0.7341  -0.6439  -0.6064  -0.5995  -0.5884  -0.5624
 -0.5099  -0.5016  -0.4618  -0.4533  -0.4489  -0.4401  -0.4331  -0.4298
 -0.4223  -0.4166  -0.4150  -0.3741  -0.3647  -0.3566  -0.3478  -0.3414
 -0.3390  -0.3056  -0.2982  -0.2879  -0.2633  -0.2632  -0.2559  -0.2484
 -- Virtual --
 -0.1678  -0.1078  -0.0570  -0.0514  -0.0492  -0.0117   0.0014   0.0172
  0.0192   0.0319   0.0431   0.0524   0.0582   0.0600   0.0741   0.0784
  0.0787   0.0843   0.0893   0.0936   0.1017   0.1073   0.1139   0.1215
  0.1287   0.1290   0.1377   0.1476   0.1485   0.1539   0.1549   0.1574
  0.1661   0.1812   0.1847   0.1869   0.1992   0.2082   0.2115   0.2164
  0.2208   0.2262   0.2319   0.2331   0.2358   0.2435   0.2479   0.2569
  0.2615   0.2652   0.2677   0.2725   0.2769   0.2798   0.2827   0.2860
  0.2921   0.2963   0.2979   0.3026   0.3130   0.3140   0.3151   0.3229
  0.3327   0.3384   0.3422   0.3521   0.3555   0.3564   0.3685   0.3737
  0.3774   0.3888   0.3922   0.4079   0.4095   0.4186   0.4195   0.4234
  0.4345   0.4348   0.4453   0.4496   0.4575   0.4650   0.4685   0.4690
  0.4745   0.4777   0.4941   0.4972   0.5082   0.5163   0.5242   0.5296
  0.5303   0.5318   0.5408   0.5465   0.5582   0.5637   0.5750   0.5842
  0.5897   0.5904   0.5988   0.6000   0.6061   0.6113   0.6310   0.6413
  0.6496   0.6510   0.6569   0.6690   0.6731   0.6819   0.6891   0.6919
  0.6941   0.7019   0.7106   0.7168   0.7265   0.7306   0.7389   0.7453
  0.7462   0.7539   0.7623   0.7627   0.7792   0.7816   0.7882   0.7891
  0.7932   0.8037   0.8072   0.8140   0.8154   0.8223   0.8253   0.8344
  0.8360   0.8389   0.8418   0.8530   0.8643   0.8685   0.8724   0.8763
  0.8820   0.8841   0.8913   0.9014   0.9116   0.9143   0.9152   0.9156
  0.9191   0.9331   0.9418   0.9462   0.9595   0.9608   0.9694   0.9760
  0.9776   0.9802   0.9884   0.9954   1.0042   1.0131   1.0155   1.0267
  1.0395   1.0433   1.0460   1.0495   1.0581   1.0590   1.0690   1.0701
  1.0906   1.0922   1.1003   1.1030   1.1141   1.1264   1.1290   1.1359
  1.1437   1.1473   1.1557   1.1598   1.1657   1.1712   1.1878   1.1920
  1.2014   1.2024   1.2171   1.2271   1.2283   1.2313   1.2541   1.2729
  1.2792   1.2896   1.3007   1.3016   1.3069   1.3182   1.3186   1.3274
  1.3346   1.3373   1.3436   1.3574   1.3590   1.3738   1.3742   1.4058
  1.4133   1.4231   1.4345   1.4393   1.4521   1.4563   1.4614   1.4709
  1.4785   1.5028   1.5080   1.5088   1.5295   1.5414   1.5525   1.5546
  1.5632   1.5722   1.5875   1.5883   1.5912   1.6098   1.6115   1.6208
  1.6237   1.6388   1.6458   1.6588   1.6610   1.6691   1.6832   1.6906
  1.6991   1.7028   1.7177   1.7288   1.7379   1.7438   1.7496   1.7537
  1.7546   1.7628   1.7709   1.7855   1.7866   1.8010   1.8077   1.8176
  1.8279   1.8347   1.8400   1.8437   1.8545   1.8609   1.8733   1.8743
  1.8870   1.8918   1.8951   1.9031   1.9093   1.9171   1.9327   1.9351
  1.9459   1.9493   1.9585   1.9760   1.9861   1.9888   1.9944   2.0016
  2.0147   2.0148   2.0151   2.0267   2.0318   2.0439   2.0482   2.0633
  2.0647   2.0697   2.0704   2.0810   2.0822   2.0975   2.1019   2.1063
  2.1213   2.1240   2.1282   2.1405   2.1409   2.1611   2.1659   2.1705
  2.1759   2.1796   2.1878   2.2057   2.2166   2.2175   2.2249   2.2293
  2.2447   2.2472   2.2536   2.2621   2.2660   2.2728   2.2740   2.2866
  2.2884   2.2912   2.3051   2.3093   2.3215   2.3226   2.3308   2.3340
  2.3384   2.3591   2.3625   2.3805   2.3835   2.3855   2.3898   2.3967
  2.4083   2.4202   2.4263   2.4340   2.4350   2.4459   2.4582   2.4737
  2.4740   2.4876   2.4902   2.5033   2.5046   2.5167   2.5192   2.5284
  2.5385   2.5386   2.5689   2.5700   2.5728   2.5735   2.5831   2.5840
  2.5907   2.5985   2.6043   2.6204   2.6273   2.6353   2.6460   2.6558
  2.6646   2.6735   2.6742   2.6760   2.6969   2.7017   2.7058   2.7139
  2.7193   2.7334   2.7416   2.7418   2.7528   2.7587   2.7623   2.7702
  2.7781   2.7845   2.8002   2.8063   2.8130   2.8149   2.8178   2.8289
  2.8425   2.8439   2.8477   2.8547   2.8578   2.8680   2.8728   2.8819
  2.8872   2.9019   2.9028   2.9095   2.9137   2.9141   2.9281   2.9404
  2.9508   2.9526   2.9549   2.9652   2.9778   2.9822   2.9897   2.9942
  3.0049   3.0098   3.0286   3.0350   3.0386   3.0534   3.0621   3.0652
  3.0845   3.1017   3.1105   3.1209   3.1270   3.1371   3.1469   3.1577
  3.1830   3.1948   3.2030   3.2148   3.2256   3.2390   3.2521   3.2544
  3.2628   3.2734   3.2759   3.2868   3.3074   3.3175   3.3208   3.3365
  3.3458   3.3578   3.3672   3.3736   3.3972   3.4112   3.4158   3.4331
  3.4346   3.4699   3.4893   3.4930   3.5062   3.5083   3.5159   3.5191
  3.5378   3.5431   3.5514   3.5577   3.5679   3.5815   3.5847   3.5877
  3.6097   3.6100   3.6234   3.6282   3.6342   3.6433   3.6531   3.6596
  3.6641   3.6659   3.6694   3.6854   3.6887   3.6917   3.7151   3.7207
  3.7284   3.7516   3.7556   3.7685   3.7794   3.7839   3.7938   3.8119
  3.8174   3.8473   3.8555   3.8675   3.8837   3.8917   3.9043   3.9129
  3.9479   3.9597   3.9647   3.9680   3.9694   3.9845   3.9916   4.0142
  4.0343   4.0432   4.0633   4.0711   4.1011   4.1086   4.1361   4.1596
  4.1614   4.1847   4.1856   4.2074   4.2234   4.2246   4.2431   4.2434
  4.2525   4.2589   4.2734   4.2827   4.3049   4.3071   4.3177   4.3193
  4.3282   4.3484   4.3590   4.3614   4.3901   4.4059   4.4471   4.4783
  4.5294   4.5408   4.5489   4.5600   4.5760   4.5825   4.6122   4.6214
  4.6505   4.6579   4.7012   4.7253   4.7415   4.7824   4.7867   4.8058
  4.8149   4.8594   4.8618   4.8871   4.9102   4.9316   4.9458   4.9626
  4.9967   5.0338   5.0435   5.0592   5.0694   5.0840   5.0884   5.1339
  5.1387   5.1404   5.1517   5.1626   5.1811   5.2066   5.2201   5.2314
  5.2491   5.2502   5.2644   5.2745   5.2904   5.3181   5.3257   5.3322
  5.3339   5.3502   5.3540   5.3683   5.3762   5.3864   5.3882   5.4040
  5.4154   5.4182   5.4320   5.4429   5.4445   5.4452   5.4495   5.4754
  5.4980   5.5027   5.5069   5.5336   5.5498   5.5636   5.5669   5.5817
  5.5854   5.5866   5.6120   5.6234   5.6244   5.6362   5.6545   5.6731
  5.6792   5.6797   5.6817   5.6911   5.7248   5.7444   5.7473   5.7514
  5.7541   5.7804   5.7823   5.7854   5.8083   5.8155   5.8221   5.8480
  5.8488   5.8613   5.8719   5.8861   5.8884   5.9113   5.9435   5.9464
  5.9489   5.9492   5.9721   5.9727   5.9746   5.9840   5.9997   6.0378
  6.0380   6.0703   6.0861   6.0876   6.0991   6.1139   6.1344   6.1351
  6.1533   6.1566   6.1728   6.1825   6.1839   6.1937   6.1974   6.2118
  6.2143   6.2265   6.2411   6.2553   6.2661   6.2722   6.2790   6.2838
  6.2844   6.3068   6.3138   6.3221   6.3279   6.3319   6.3533   6.3595
  6.3788   6.3841   6.3884   6.3985   6.4018   6.4067   6.4183   6.4230
  6.4277   6.4350   6.4378   6.4468   6.4549   6.4622   6.4672   6.4759
  6.4768   6.4889   6.4918   6.4962   6.5027   6.5061   6.5173   6.5214
  6.5368   6.5452   6.5508   6.5536   6.5575   6.5680   6.5772   6.5954
  6.5978   6.6049   6.6083   6.6209   6.6264   6.6296   6.6579   6.6678
  6.6718   6.6852   6.6911   6.6951   6.7081   6.7219   6.7238   6.7442
  6.7458   6.7614   6.7652   6.7724   6.7747   6.7801   6.7880   6.8136
  6.8235   6.8316   6.8356   6.8579   6.8593   6.8604   6.8789   6.8793
  6.8979   6.9073   6.9168   6.9266   6.9301   6.9365   6.9417   6.9595
  6.9644   6.9718   6.9748   6.9832   6.9959   6.9974   7.0112   7.0167
  7.0189   7.0291   7.0460   7.0621   7.0670   7.0754   7.0762   7.0806
  7.1063   7.1257   7.1411   7.1483   7.1523   7.1648   7.2058   7.2266
  7.2383   7.2553   7.2680   7.2813   7.2828   7.2887   7.3002   7.3029
  7.3238   7.3354   7.3674   7.3750   7.3940   7.4074   7.4133   7.4314
  7.4512   7.4579   7.4632   7.4646   7.4821   7.4994   7.5195   7.5355
  7.5411   7.5559   7.5582   7.5753   7.6025   7.6416   7.6553   7.6657
  7.6980   7.7172   7.7220   7.7378   7.7607   7.7779   7.7870   7.7992
  7.8112   7.8382   7.8405   7.8429   7.8663   7.8703   7.8857   7.8893
  7.8946   7.9173   7.9378   7.9466   7.9546   7.9782   7.9964   8.0123
  8.0232   8.0365   8.0531   8.0707   8.0850   8.0975   8.1064   8.1434
  8.1561   8.1790   8.2072   8.2186   8.2415   8.2547   8.2650   8.2753
  8.2810   8.3016   8.3322   8.3408   8.3488   8.3533   8.3689   8.3713
  8.3887   8.3980   8.4257   8.4352   8.4669   8.4830   8.5125   8.5176
  8.5210   8.5583   8.5960   8.6063   8.6413   8.6518   8.6540   8.6614
  8.6665   8.6774   8.6801   8.6886   8.6913   8.7022   8.7062   8.7173
  8.7214   8.7327   8.7336   8.7374   8.7502   8.7525   8.7670   8.7716
  8.7835   8.7874   8.7881   8.7914   8.8199   8.8247   8.8295   8.8315
  8.8602   8.8638   8.8706   8.8849   8.8873   8.8985   8.9005   8.9170
  8.9243   8.9249   8.9386   8.9452   8.9569   8.9657   8.9665   8.9798
  8.9850   8.9914   8.9929   8.9988   9.0010   9.0120   9.0326   9.0411
  9.0749   9.0760   9.0814   9.0970   9.1098   9.1367   9.1446   9.1552
  9.1607   9.1931   9.2039   9.2087   9.2325   9.2507   9.2640   9.3044
  9.3100   9.3341   9.3415   9.3444   9.3584   9.3599   9.3793   9.3855
  9.3886   9.3906   9.3999   9.4116   9.4241   9.4348   9.4363   9.4503
  9.4837   9.5245   9.5468   9.6765   9.7095   9.7232   9.7909   9.8081
  9.8213   9.9125   9.9141   9.9217   9.9252   9.9322   9.9683   9.9889
 10.0041  10.0134  10.0903  10.1095  10.1103  10.1309  10.1332  10.1913
 10.2130  10.2145  10.2294  10.2375  10.2745  10.2881  10.2891  10.3019
 10.3599  10.3952  10.4252  10.4366  10.4650  10.4794  10.5133  10.5196
 10.5432  10.5485  10.5710  10.5798  10.5916  10.6230  10.6626  10.6764
 10.6856  10.7469  10.7783  10.8059  10.8199  10.8274  10.8764  11.0187
 11.0712  11.1361  11.1466  11.2320  11.2525  11.2601  11.4545  11.4842
 11.4930  11.5013  11.5322  11.5542  11.7615  11.8015  11.8687  11.8810
 12.2013  12.2909  12.4132  12.4177  12.4716  12.4751  12.4932  12.4955
 12.5062  12.5338  12.5398  12.6392  12.6589  12.6686  12.8479  12.8639
 12.8951  12.9211  12.9465  12.9750  13.0068  13.0648  13.2309  13.2578
 13.4411  13.4544  13.4594  13.4955  14.6605  14.7337  25.7121  28.5939
 28.6549  29.1159  29.1583  29.2410  29.2651  29.3819  29.5402  29.6428
 29.6879  29.7850  29.7955  29.9518  30.0170  30.1101  49.0782  49.1621
 85.8946 150.5265 150.5909 151.0305 151.0840 151.1527 151.1769 151.4019
151.5082 151.6508 151.6634 151.8956 151.9958 258.2098 258.3023 457.3918
 --------------------------------------------------------------
 
          Ground-State Mulliken Net Atomic Charges

     Atom                 Charge (a.u.)    Spin (a.u.)
  --------------------------------------------------------
      1 C                    -0.205589      -0.017777
      2 C                    -0.245523       0.040024
      3 C                    -0.210288      -0.017838
      4 C                    -0.194807       0.043371
      5 C                     0.037230       0.026755
      6 C                    -0.207427       0.043219
      7 S                     0.749020       0.219519
      8 C                    -0.009163       0.893822
      9 O                    -0.452276       0.100052
     10 O                    -0.452577       0.099904
     11 C                    -0.255130       0.212494
     12 C                    -0.189000      -0.075427
     13 C                    -0.219565       0.308270
     14 C                    -0.191905      -0.076050
     15 C                    -0.244442       0.207914
     16 H                     0.223394       0.000827
     17 H                     0.208529      -0.001189
     18 H                     0.220692       0.000836
     19 H                     0.225914       0.001241
     20 H                     0.226910       0.001436
     21 H                     0.254669      -0.005049
     22 H                     0.226362       0.005320
     23 H                     0.221798      -0.012188
     24 H                     0.226974       0.005801
     25 H                     0.256202      -0.005288
  --------------------------------------------------------
  Sum of atomic charges =    -0.000000
  Sum of spin   charges =     2.000000

 -----------------------------------------------------------------
                    Cartesian Multipole Moments
 -----------------------------------------------------------------
    Charge (ESU x 10^10)
                -0.0000
    Dipole Moment (Debye)
         X       4.6716      Y       1.3932      Z       2.7823
       Tot       5.6131
    Quadrupole Moments (Debye-Ang)
        XX    -100.4482     XY      -5.8971     YY     -90.8073
        XZ      -8.6932     YZ      -2.7078     ZZ     -96.3942
    Octopole Moments (Debye-Ang^2)
       XXX      65.6988    XXY       9.9614    XYY      19.1880
       YYY      43.6932    XXZ     128.5324    XYZ      11.8074
       YYZ     116.3726    XZZ      34.8335    YZZ      16.4930
       ZZZ     348.3978
    Hexadecapole Moments (Debye-Ang^3)
      XXXX   -1176.7883   XXXY     -98.9673   XXYY    -357.7985
      XYYY    -137.9813   YYYY    -981.7547   XXXZ    -130.5689
      XXYZ      56.1110   XYYZ     -23.1889   YYYZ     132.0756
      XXZZ    -642.6952   XYZZ     -97.5212   YYZZ    -608.6642
      XZZZ    -110.5273   YZZZ     155.3498   ZZZZ   -2447.2373
 -----------------------------------------------------------------
 Total job time:  207.04s(wall), 6348.14s(cpu) 
 Fri Aug  2 09:19:41 2024

        *************************************************************
        *                                                           *
        *  Thank you very much for using Q-Chem.  Have a nice day.  *
        *                                                           *
        *************************************************************


