
Running Job 1 of 1 s7-r1-triplet-wb97xd-B97mV.in
qchem s7-r1-triplet-wb97xd-B97mV.in_2078705.0 /expanse/lustre/scratch/whughes/temp_project/job_32713955/s7-r1-triplet-wb97xd-B97mV-32713955/ 0
/cm/shared/apps/spack/0.17.3/cpu/b/opt/spack/linux-rocky8-zen2/gcc-10.2.0/qchem-6.0-rytxnwjazd34ekd2gqyi5ufsaimxsd3r/exe/qcprog.exe_s s7-r1-triplet-wb97xd-B97mV.in_2078705.0 /expanse/lustre/scratch/whughes/temp_project/job_32713955/s7-r1-triplet-wb97xd-B97mV-32713955/
                  Welcome to Q-Chem
     A Quantum Leap Into The Future Of Chemistry


 Q-Chem 6.0, Q-Chem, Inc., Pleasanton, CA (2022)

 License issued to: University of California, San Diego (site)

 E. Epifanovsky,  A. T. B. Gilbert,  Xintian Feng,  Joonho Lee,  Yuezhi Mao,  
 N. Mardirossian,  P. Pokhilko,  A. White,  M. Wormit,  M. P. Coons,  
 A. L. Dempwolff,  Zhengting Gan,  D. Hait,  P. R. Horn,  L. D. Jacobson,  
 I. Kaliman,  J. Kussmann,  A. W. Lange,  Ka Un Lao,  D. S. Levine,  Jie Liu,  
 S. C. McKenzie,  A. F. Morrison,  K. Nanda,  F. Plasser,  D. R. Rehn,  
 M. L. Vidal,  Zhi-Qiang You,  Ying Zhu,  B. Alam,  B. Albrecht,  
 A. Aldossary,  E. Alguire,  J. H. Andersen,  V. Athavale,  D. Barton,  
 K. Begam,  A. Behn,  N. Bellonzi,  Y. A. Bernard,  E. J. Berquist,  
 H. Burton,  A. Carreras,  K. Carter-Fenk,  Romit Chakraborty,  
 Chandrima Chakravarty,  Junhan Chen,  A. D. Chien,  K. D. Closser,  
 V. Cofer-Shabica,  L. Cunha,  S. Dasgupta,  Jia Deng,  M. de Wergifosse,  
 M. Diedenhofen,  Hainam Do,  S. Ehlert,  Po-Tung Fang,  S. Fatehi,  
 Qingguo Feng,  T. Friedhoff,  B. Ganoe,  J. Gayvert,  Qinghui Ge,  
 G. Gidofalvi,  M. Goldey,  J. Gomes,  C. Gonzalez-Espinoza,  S. Gulania,  
 A. Gunina,  J. A. Gyamfi,  M. W. D. Hanson-Heine,  P. H. P. Harbach,  
 A. W. Hauser,  M. F. Herbst,  M. Hernandez Vera,  M. Hodecker,  
 Z. C. Holden,  S. Houck,  Xunkun Huang,  Kerwin Hui,  B. C. Huynh,  
 K. Ikeda,  M. Ivanov,  Hyunjun Ji,  Zuxin Jin,  Hanjie Jiang,  B. Kaduk,  
 S. Kaehler,  R. Kang,  K. Khistyaev,  Jaehoon Kim,  Yongbin Kim,  
 P. Klunzinger,  Z. Koczor-Benda,  Joong Hoon Koh,  D. Kosenkov,  
 Saikiran Kotaru,  L. Koulias,  T. Kowalczyk,  C. M. Krauter,  K. Kue,  
 A. Kunitsa,  T. Kus,  A. Landau,  K. V. Lawler,  D. Lefrancois,  S. Lehtola,  
 Rain Li,  Shaozhi Li,  Yi-Pei Li,  Jiashu Liang,  M. Liebenthal,  
 Hung-Hsuan Lin,  You-Sheng Lin,  Fenglai Liu,  Kuan-Yu Liu,  
 M. Loipersberger,  A. Luenser,  C. Malbon,  A. Manjanath,  P. Manohar,  
 E. Mansoor,  S. F. Manzer,  Shan-Ping Mao,  A. V. Marenich,  T. Markovich,  
 S. Mason,  F. Matz,  S. A. Maurer,  P. F. McLaughlin,  M. F. S. J. Menger,  
 J.-M. Mewes,  S. A. Mewes,  P. Morgante,  Mohammad Mostafanejad,  
 J. W. Mullinax,  K. J. Oosterbaan,  G. Paran,  V. Parravicini,  
 Alexander C. Paul,  Suranjan K. Paul,  F. Pavosevic,  Zheng Pei,  S. Prager,  
 E. I. Proynov,  E. Ramos,  B. Rana,  A. E. Rask,  A. Rettig,  R. M. Richard,  
 F. Rob,  E. Rossomme,  T. Scheele,  M. Scheurer,  M. Schneider,  
 P. E. Schneider,  N. Sergueev,  S. M. Sharada,  Hengyuan Shen,  
 W. Skomorowski,  D. W. Small,  C. J. Stein,  Yingli Su,  Yu-Chuan Su,  
 E. J. Sundstrom,  Zhen Tao,  J. Thirman,  Hung-Yi Tsai,  T. Tsuchimochi,  
 N. M. Tubman,  C. Utku,  S. P. Veccham,  O. Vydrov,  J. Wenzel,  
 Jonathan Wong,  J. Witte,  A. Yamada,  Chou-Hsun Yang,  Kun Yao,  
 S. Yeganeh,  S. R. Yost,  A. Zech,  F. Zeller,  Igor Ying Zhang,  
 Xing Zhang,  Yu Zhang,  D. Zuev,  A. Aspuru-Guzik,  A. T. Bell,  
 N. A. Besley,  K. B. Bravaya,  B. R. Brooks,  D. Casanova,  Jeng-Da Chai,  
 Hsing-Ta Chen,  S. Coriani,  C. J. Cramer,  A. E. DePrince, III,  
 R. A. DiStasio Jr.,  A. Dreuw,  B. D. Dunietz,  T. R. Furlani,  
 W. A. Goddard III,  S. Grimme,  S. Hammes-Schiffer,  T. Head-Gordon,  
 W. J. Hehre,  Chao-Ping Hsu,  T.-C. Jagau,  Yousung Jung,  A. Klamt,  
 Jing Kong,  D. S. Lambrecht,  Xiangyuan Li,  WanZhen Liang,  N. J. Mayhall,  
 C. W. McCurdy,  J. B. Neaton,  T. Neudecker,  C. Ochsenfeld,  
 J. A. Parkhill,  R. Peverati,  V. A. Rassolov,  Haisheng Ren,  Yihan Shao,  
 L. V. Slipchenko,  R. P. Steele,  J. E. Subotnik,  A. J. W. Thom,  
 A. Tkatchenko,  D. G. Truhlar,  T. Van Voorhis,  Fan Wang,  
 T. A. Wesolowski,  K. B. Whaley,  H. L. Woodcock III,  P. M. Zimmerman,  
 S. Faraji,  P. M. W. Gill,  M. Head-Gordon,  J. M. Herbert,  A. I. Krylov

 Contributors to earlier versions of Q-Chem not listed above: 
 R. D. Adamson,  B. Austin,  R. Baer,  J. Baker,  G. J. O. Beran,  
 K. Brandhorst,  S. T. Brown,  E. F. C. Byrd,  Arup K. Chakraborty,  
 G. K. L. Chan,  Chun-Min Chang,  Yunqing Chen,  C.-L. Cheng,  
 Siu Hung Chien,  D. M. Chipman,  D. L. Crittenden,  H. Dachsel,  
 R. J. Doerksen,  A. D. Dutoi,  R. G. Edgar,  J. Fosso-Tande,  
 L. Fusti-Molnar,  D. Ghosh,  A. Ghysels,  A. Golubeva-Zadorozhnaya,  
 J. Gonthier,  M. S. Gordon,  S. R. Gwaltney,  G. Hawkins,  J. E. Herr,  
 A. Heyden,  S. Hirata,  E. G. Hohenstein,  G. Kedziora,  F. J. Keil,  
 C. Kelley,  Jihan Kim,  R. A. King,  R. Z. Khaliullin,  P. P. Korambath,  
 W. Kurlancheek,  A. Laurent,  A. M. Lee,  M. S. Lee,  S. V. Levchenko,  
 Ching Yeh Lin,  D. Liotard,  E. Livshits,  R. C. Lochan,  I. Lotan,  
 L. A. Martinez-Martinez,  P. E. Maslen,  N. Nair,  D. P. O'Neill,  
 D. Neuhauser,  E. Neuscamman,  C. M. Oana,  R. Olivares-Amaya,  R. Olson,  
 T. M. Perrine,  B. Peters,  P. A. Pieniazek,  A. Prociuk,  Y. M. Rhee,  
 J. Ritchie,  M. A. Rohrdanz,  E. Rosta,  N. J. Russ,  H. F. Schaefer III,  
 M. W. Schmidt,  N. E. Schultz,  S. Sharma,  N. Shenvi,  C. D. Sherrill,  
 A. C. Simmonett,  A. Sodt,  T. Stein,  D. Stuck,  K. S. Thanthiriwatte,  
 V. Vanovschi,  L. Vogt,  Tao Wang,  A. Warshel,  M. A. Watson,  
 C. F. Williams,  Q. Wu,  X. Xu,  Jun Yang,  W. Zhang,  Yan Zhao

   Please cite Q-Chem as follows:
  "Software for the frontiers of quantum chemistry:
   An overview of developments in the Q-Chem 5 package"
   J. Chem. Phys. 155, 084801 (2021)
   https://doi.org/10.1063/5.0055522 (open access)

 Q-Chem 6.0.2 for Intel X86 EM64T Linux

 Parts of Q-Chem use Armadillo 9.900.5 (Nocturnal Misbehaviour).
 http://arma.sourceforge.net/

 Q-Chem begins on Fri Aug  2 09:37:47 2024  

 Host: 
0

     Scratch files written to /expanse/lustre/scratch/whughes/temp_project/job_32713955/s7-r1-triplet-wb97xd-B97mV-32713955//
 Dec722 |scratch|qcdevops|jenkins|workspace|build_RNUM    
 Processing $rem in /cm/shared/apps/spack/0.17.3/cpu/b/opt/spack/linux-rocky8-zen2/gcc-10.2.0/qchem-6.0-rytxnwjazd34ekd2gqyi5ufsaimxsd3r/config/preferences:
 Processing $rem in /home/whughes/.qchemrc:

 Checking the input file for inconsistencies... 	...done.

--------------------------------------------------------------
User input:
--------------------------------------------------------------
$molecule
0 3
C    -4.6275434583   -0.1207136253   -1.6191056238
C    -3.3641327088   -0.4378397066   -1.3757775057
C    -2.3660241785   0.5946814296    -1.0314832822
N    -1.1064352311   0.1490452914    -0.8211825574
C    -0.0422050389   0.9844195921    -0.5231590901
S    -0.3693535337   2.6705377491    -0.4629146048
O    -2.6378224172   1.791076878     -0.9360380305
C    1.25476925      0.4269636705    -0.282515384
C    2.3808417233    1.2669145322    -0.1655425513
C    3.6386599261    0.7485660526    0.0577286151
C    3.8318935177    -0.623145021    0.1745961239
C    2.735410694     -1.4682616435   0.0717687243
C    1.4701660749    -0.9603278843   -0.1490072311
H    -5.3588806143   -0.8772942343   -1.8697379157
H    -4.95198102     0.9113719561    -1.5702362307
H    -3.0285530649   -1.4685646652   -1.4210923161
H    -0.9147127179   -0.827407404    -0.9657834662
H    2.2553098301    2.3380094656    -0.2661020286
H    4.4824892589    1.4223417586    0.1380491141
H    4.8205708425    -1.0263086371   0.3486895031
H    2.8654823611    -2.5384099612   0.1743927129
H    0.6452628248    -1.6621356836   -0.1785656151
$end

$rem
METHOD      B97M-V
BASIS       def2-QZVPP
SYM_IGNORE   TRUE
DFT_D       false
MAX_SCF_CYCLES 300
$end

$end
--------------------------------------------------------------
 ----------------------------------------------------------------
             Standard Nuclear Orientation (Angstroms)
    I     Atom           X                Y                Z
 ----------------------------------------------------------------
    1      C      -4.6275434583    -0.1207136253    -1.6191056238
    2      C      -3.3641327088    -0.4378397066    -1.3757775057
    3      C      -2.3660241785     0.5946814296    -1.0314832822
    4      N      -1.1064352311     0.1490452914    -0.8211825574
    5      C      -0.0422050389     0.9844195921    -0.5231590901
    6      S      -0.3693535337     2.6705377491    -0.4629146048
    7      O      -2.6378224172     1.7910768780    -0.9360380305
    8      C       1.2547692500     0.4269636705    -0.2825153840
    9      C       2.3808417233     1.2669145322    -0.1655425513
   10      C       3.6386599261     0.7485660526     0.0577286151
   11      C       3.8318935177    -0.6231450210     0.1745961239
   12      C       2.7354106940    -1.4682616435     0.0717687243
   13      C       1.4701660749    -0.9603278843    -0.1490072311
   14      H      -5.3588806143    -0.8772942343    -1.8697379157
   15      H      -4.9519810200     0.9113719561    -1.5702362307
   16      H      -3.0285530649    -1.4685646652    -1.4210923161
   17      H      -0.9147127179    -0.8274074040    -0.9657834662
   18      H       2.2553098301     2.3380094656    -0.2661020286
   19      H       4.4824892589     1.4223417586     0.1380491141
   20      H       4.8205708425    -1.0263086371     0.3486895031
   21      H       2.8654823611    -2.5384099612     0.1743927129
   22      H       0.6452628248    -1.6621356836    -0.1785656151
 ----------------------------------------------------------------
 Nuclear Repulsion Energy =         807.00898085 hartrees
 There are       51 alpha and       49 beta electrons
 Requested basis set is def2-QZVPP
 There are 316 shells and 1024 basis functions

 Total QAlloc Memory Limit   8000 MB
 Mega-Array Size       188 MB
 MEM_STATIC part       192 MB

 A cutoff of  1.0D-09 yielded  30104 shell pairs
 There are    306962 function pairs (    460194 Cartesian)
 Smallest overlap matrix eigenvalue = 5.86E-06

 Q-Chem warning in module stvman/mkSTV.C, line 305:

 Overlap eigenvalue is smaller than square root of threshold
 Use THRESH >= 12 to get rid of this warning


 Scale SEOQF with 1.000000e-02/1.000000e-01/1.000000e-01

 Standard Electronic Orientation quadrupole field applied
 Nucleus-field energy     =     0.0000000107 hartrees
 Guess from superposition of atomic densities
 Warning:  Energy on first SCF cycle will be non-variational
 SAD guess density has 100.000000 electrons

 -----------------------------------------------------------------------
  General SCF calculation program by
  Eric Jon Sundstrom, Paul Horn, Yuezhi Mao, Dmitri Zuev, Alec White,
  David Stuck, Shaama M.S., Shane Yost, Joonho Lee, David Small,
  Daniel Levine, Susi Lehtola, Hugh Burton, Evgeny Epifanovsky,
  Bang C. Huynh
 -----------------------------------------------------------------------
 Exchange:  B97M-V      Correlation:  B97M-V
 Using SG-2 standard quadrature grid
 Nonlocal Correlation:  VV10 with C = 0.0100 and b = 6.00 and scale = 1.00000
 Grid used for NLC:  SG-1 standard quadrature
 using 32 threads for integral computing
 -------------------------------------------------------
 OpenMP Integral computing Module                
 Release: version 1.0, May 2013, Q-Chem Inc. Pittsburgh 
 -------------------------------------------------------
 A unrestricted SCF calculation will be
 performed using DIIS
 SCF converges when DIIS error is below 1.0e-05
 ---------------------------------------
  Cycle       Energy         DIIS error
 ---------------------------------------
    1    -917.2539986541      6.08e-03  
    2    -914.3841605044      7.63e-04  
    3    -913.4032723983      1.50e-03  
    4    -914.5456091535      5.10e-04  
    5    -914.6707904943      2.08e-04  
    6    -914.6903384564      1.13e-04  
    7    -914.6986779464      2.82e-05  
    8    -914.6991263061      1.44e-05  
    9    -914.6992731020      6.41e-06  Convergence criterion met
 ---------------------------------------
 SCF time:   CPU 4438.35s  wall 143.00s 
<S^2> =          2.016437839
 SCF   energy in the final basis set =     -914.6992731020
 Total energy in the final basis set =     -914.6992731020
 
 --------------------------------------------------------------
 
                    Orbital Energies (a.u.)
 --------------------------------------------------------------
 
 Alpha MOs
 -- Occupied --
-88.9853 -19.1595 -14.4110 -10.2981 -10.2645 -10.2101 -10.2068 -10.1976
-10.1969 -10.1901 -10.1886 -10.1876 -10.1866  -7.9870  -5.8619  -5.8553
 -5.8511  -1.0708  -0.9669  -0.8551  -0.8023  -0.7746  -0.7434  -0.7273
 -0.6706  -0.6183  -0.5934  -0.5782  -0.5638  -0.5192  -0.4993  -0.4680
 -0.4436  -0.4383  -0.4334  -0.4242  -0.4102  -0.4054  -0.3802  -0.3736
 -0.3656  -0.3389  -0.3347  -0.3240  -0.3092  -0.2829  -0.2710  -0.2507
 -0.2423  -0.2193  -0.1396
 -- Virtual --
 -0.0836  -0.0429  -0.0198  -0.0107   0.0166   0.0249   0.0316   0.0341
  0.0391   0.0480   0.0592   0.0664   0.0731   0.0786   0.0886   0.0971
  0.1068   0.1115   0.1147   0.1223   0.1272   0.1341   0.1397   0.1408
  0.1423   0.1445   0.1589   0.1634   0.1686   0.1751   0.1807   0.1931
  0.1955   0.1985   0.2011   0.2093   0.2242   0.2287   0.2366   0.2437
  0.2460   0.2503   0.2579   0.2627   0.2695   0.2766   0.2817   0.2867
  0.2935   0.2953   0.3000   0.3061   0.3070   0.3145   0.3175   0.3242
  0.3325   0.3391   0.3500   0.3524   0.3617   0.3652   0.3769   0.3874
  0.3949   0.3999   0.4064   0.4132   0.4191   0.4224   0.4294   0.4358
  0.4406   0.4455   0.4516   0.4577   0.4607   0.4650   0.4729   0.4846
  0.4883   0.4974   0.5047   0.5110   0.5144   0.5210   0.5222   0.5335
  0.5341   0.5389   0.5568   0.5610   0.5650   0.5679   0.5846   0.6038
  0.6083   0.6161   0.6219   0.6381   0.6434   0.6515   0.6574   0.6818
  0.6896   0.6949   0.6995   0.7110   0.7164   0.7225   0.7268   0.7370
  0.7455   0.7504   0.7610   0.7648   0.7651   0.7680   0.7705   0.7788
  0.7806   0.7821   0.7944   0.7998   0.8094   0.8133   0.8228   0.8322
  0.8371   0.8418   0.8524   0.8560   0.8649   0.8678   0.8722   0.8799
  0.8846   0.8892   0.9024   0.9092   0.9150   0.9240   0.9259   0.9394
  0.9450   0.9535   0.9632   0.9714   0.9720   0.9838   0.9878   0.9966
  1.0052   1.0084   1.0155   1.0180   1.0226   1.0334   1.0346   1.0441
  1.0475   1.0538   1.0565   1.0665   1.0697   1.0844   1.0880   1.0933
  1.1008   1.1091   1.1232   1.1333   1.1379   1.1537   1.1571   1.1645
  1.1717   1.1814   1.1906   1.2057   1.2093   1.2198   1.2265   1.2337
  1.2402   1.2469   1.2583   1.2666   1.2748   1.2932   1.2957   1.3045
  1.3128   1.3186   1.3323   1.3470   1.3576   1.3673   1.3687   1.3968
  1.4241   1.4397   1.4638   1.4674   1.4839   1.4868   1.5007   1.5048
  1.5154   1.5180   1.5354   1.5413   1.5498   1.5539   1.5609   1.5798
  1.5989   1.6028   1.6073   1.6165   1.6298   1.6345   1.6382   1.6533
  1.6662   1.6725   1.6899   1.6930   1.7042   1.7173   1.7279   1.7345
  1.7593   1.7687   1.7705   1.7928   1.7964   1.8069   1.8133   1.8237
  1.8338   1.8371   1.8386   1.8489   1.8625   1.8731   1.8795   1.8929
  1.9007   1.9080   1.9131   1.9182   1.9297   1.9429   1.9454   1.9616
  1.9697   1.9731   1.9796   1.9846   1.9927   2.0097   2.0164   2.0194
  2.0250   2.0258   2.0413   2.0459   2.0510   2.0578   2.0705   2.0734
  2.0812   2.0913   2.1048   2.1123   2.1147   2.1245   2.1366   2.1425
  2.1489   2.1554   2.1632   2.1745   2.1782   2.1939   2.2059   2.2120
  2.2163   2.2209   2.2293   2.2397   2.2526   2.2529   2.2716   2.2736
  2.2778   2.2937   2.3029   2.3142   2.3265   2.3311   2.3401   2.3428
  2.3437   2.3498   2.3620   2.3710   2.3833   2.3949   2.4130   2.4201
  2.4213   2.4273   2.4465   2.4567   2.4608   2.4752   2.4838   2.4953
  2.5003   2.5101   2.5217   2.5285   2.5316   2.5394   2.5469   2.5551
  2.5625   2.5671   2.5804   2.5821   2.5942   2.5953   2.6030   2.6080
  2.6214   2.6242   2.6323   2.6466   2.6527   2.6642   2.6736   2.6782
  2.6793   2.6902   2.6978   2.7118   2.7143   2.7204   2.7305   2.7348
  2.7416   2.7425   2.7594   2.7629   2.7695   2.7745   2.7842   2.7975
  2.8037   2.8186   2.8290   2.8350   2.8468   2.8534   2.8646   2.8693
  2.8768   2.8848   2.8936   2.8963   2.9035   2.9088   2.9124   2.9226
  2.9304   2.9357   2.9484   2.9628   2.9728   2.9790   2.9838   3.0033
  3.0239   3.0335   3.0565   3.0679   3.0748   3.0756   3.0993   3.1050
  3.1119   3.1192   3.1299   3.1452   3.1500   3.1737   3.1795   3.1910
  3.2171   3.2316   3.2390   3.2424   3.2535   3.2713   3.2842   3.3034
  3.3071   3.3122   3.3144   3.3369   3.3521   3.3600   3.3688   3.3857
  3.4047   3.4221   3.4296   3.4435   3.4583   3.4671   3.4772   3.4894
  3.5052   3.5121   3.5132   3.5329   3.5352   3.5482   3.5592   3.5721
  3.5794   3.5870   3.5988   3.6093   3.6185   3.6219   3.6262   3.6302
  3.6436   3.6528   3.6577   3.6688   3.6726   3.6778   3.6921   3.7131
  3.7308   3.7370   3.7483   3.7610   3.7780   3.8010   3.8083   3.8153
  3.8427   3.8625   3.8885   3.9046   3.9131   3.9355   3.9583   3.9655
  3.9743   3.9963   4.0066   4.0112   4.0230   4.0451   4.0592   4.0832
  4.0981   4.1130   4.1210   4.1588   4.1705   4.1944   4.2037   4.2297
  4.2402   4.2529   4.2650   4.2777   4.2912   4.3220   4.3255   4.3344
  4.3443   4.3861   4.3980   4.4396   4.4482   4.4789   4.4969   4.5252
  4.5518   4.5624   4.5778   4.6076   4.6461   4.6756   4.6876   4.6966
  4.7330   4.7444   4.7710   4.8362   4.8589   4.8862   4.9316   4.9377
  4.9574   4.9855   4.9869   5.0355   5.0607   5.0908   5.0951   5.0976
  5.1031   5.1244   5.1434   5.1481   5.1743   5.1971   5.2068   5.2309
  5.2454   5.2493   5.2643   5.2811   5.2923   5.3091   5.3218   5.3386
  5.3497   5.3535   5.3815   5.4004   5.4101   5.4218   5.4348   5.4460
  5.4621   5.4784   5.4876   5.5079   5.5322   5.5627   5.5721   5.5843
  5.5924   5.6008   5.6096   5.6194   5.6328   5.6369   5.6560   5.6590
  5.6737   5.6829   5.6939   5.7056   5.7262   5.7546   5.7617   5.7686
  5.7720   5.7873   5.7945   5.7991   5.8110   5.8354   5.8410   5.8532
  5.8676   5.8767   5.8968   5.9119   5.9151   5.9500   5.9565   5.9717
  5.9790   5.9909   6.0010   6.0247   6.0497   6.0594   6.0857   6.0896
  6.1063   6.1208   6.1303   6.1368   6.1428   6.1532   6.1666   6.1745
  6.1816   6.2029   6.2185   6.2202   6.2388   6.2449   6.2540   6.2666
  6.2722   6.2800   6.2902   6.2934   6.3032   6.3180   6.3342   6.3530
  6.3544   6.3709   6.3754   6.3898   6.3969   6.4030   6.4070   6.4184
  6.4257   6.4316   6.4479   6.4485   6.4606   6.4709   6.4839   6.5032
  6.5057   6.5105   6.5158   6.5216   6.5333   6.5373   6.5457   6.5504
  6.5569   6.5680   6.5722   6.5782   6.5888   6.6033   6.6118   6.6308
  6.6358   6.6483   6.6500   6.6545   6.6681   6.6865   6.6927   6.7038
  6.7113   6.7181   6.7360   6.7379   6.7498   6.7621   6.7684   6.7892
  6.8051   6.8145   6.8307   6.8689   6.8732   6.8809   6.8889   6.9021
  6.9127   6.9222   6.9311   6.9409   6.9549   6.9592   6.9665   6.9799
  6.9842   6.9940   7.0194   7.0242   7.0284   7.0507   7.0682   7.0880
  7.0926   7.1016   7.1052   7.1411   7.1555   7.1629   7.1674   7.1954
  7.2090   7.2284   7.2403   7.2560   7.2592   7.2712   7.2892   7.3008
  7.3100   7.3130   7.3177   7.3726   7.3813   7.3896   7.4068   7.4104
  7.4373   7.4635   7.4741   7.4827   7.5270   7.5388   7.5473   7.5575
  7.5750   7.5922   7.6075   7.6239   7.6303   7.6610   7.6698   7.6847
  7.7123   7.7402   7.7686   7.7901   7.7993   7.8099   7.8257   7.8295
  7.8341   7.8566   7.8632   7.8654   7.8857   7.9004   7.9261   7.9551
  7.9661   7.9716   7.9850   7.9883   8.0018   8.0108   8.0740   8.0814
  8.0906   8.1203   8.1356   8.1429   8.1543   8.1638   8.1951   8.2171
  8.2298   8.2408   8.2788   8.2794   8.2988   8.3198   8.3427   8.3498
  8.3668   8.3760   8.3927   8.4256   8.4270   8.4335   8.4541   8.4736
  8.4826   8.4887   8.4929   8.4962   8.5063   8.5398   8.5765   8.5823
  8.5997   8.6198   8.6282   8.6509   8.6568   8.6686   8.6744   8.6928
  8.7003   8.7089   8.7210   8.7317   8.7376   8.7411   8.7511   8.7618
  8.7833   8.7909   8.8022   8.8114   8.8163   8.8289   8.8333   8.8444
  8.8466   8.8510   8.8734   8.8943   8.9053   8.9133   8.9190   8.9241
  8.9382   8.9458   8.9502   8.9561   8.9718   8.9794   8.9913   8.9990
  9.0191   9.0398   9.0708   9.0741   9.1036   9.1236   9.1304   9.1389
  9.1430   9.1796   9.1848   9.2038   9.2123   9.2335   9.2515   9.2628
  9.2780   9.2858   9.2986   9.3298   9.3457   9.3549   9.3673   9.3779
  9.4115   9.4536   9.4653   9.4823   9.4877   9.5226   9.5443   9.5606
  9.5695   9.6065   9.6677   9.7038   9.7438   9.7990   9.8155   9.8461
  9.8685   9.8833   9.9132   9.9702   9.9900  10.0054  10.0378  10.0639
 10.0851  10.1342  10.1856  10.2171  10.2478  10.2516  10.2558  10.2654
 10.3010  10.3043  10.3314  10.3698  10.3938  10.4291  10.4512  10.4625
 10.4839  10.5136  10.5394  10.5740  10.5878  10.6092  10.6444  10.6479
 10.6561  10.7004  10.7461  10.7985  10.8089  10.8113  10.8427  10.9287
 11.0113  11.0796  11.1364  11.1964  11.2773  11.3297  11.3870  11.4077
 11.4548  11.4918  11.5320  11.6201  11.8823  11.9102  12.0145  12.0430
 12.1995  12.2483  12.3117  12.3235  12.3296  12.3634  12.4005  12.4184
 12.5488  12.6547  12.7580  12.9175  12.9316  13.0622  13.1275  13.2497
 13.3048  13.5223  13.5283  13.9860  14.7612  14.8497  15.5638  25.0831
 28.5638  28.8659  28.9114  29.0098  29.1591  29.2041  29.2439  29.2619
 29.5704  29.6670  29.7995  29.9330  30.1308  38.9620  49.2126  85.3241
150.5086 150.7874 150.8045 151.0299 151.1458 151.1651 151.5228 151.6651
151.8244 152.0150 201.7734 258.3722 456.3789
 
 Beta MOs
 -- Occupied --
-88.9783 -19.1492 -14.4112 -10.2969 -10.2579 -10.2105 -10.2068 -10.1961
-10.1952 -10.1908 -10.1884 -10.1866 -10.1845  -7.9839  -5.8515  -5.8469
 -5.8444  -1.0575  -0.9596  -0.8518  -0.7935  -0.7683  -0.7403  -0.7131
 -0.6573  -0.6107  -0.5899  -0.5730  -0.5556  -0.5153  -0.4952  -0.4628
 -0.4369  -0.4296  -0.4261  -0.4204  -0.4069  -0.4038  -0.3677  -0.3626
 -0.3619  -0.3359  -0.3213  -0.3208  -0.2745  -0.2718  -0.2610  -0.2447
 -0.2278
 -- Virtual --
 -0.1535  -0.1078  -0.0703  -0.0384  -0.0176   0.0049   0.0177   0.0283
  0.0390   0.0444   0.0488   0.0500   0.0624   0.0688   0.0752   0.0813
  0.0937   0.0994   0.1089   0.1141   0.1217   0.1272   0.1303   0.1377
  0.1438   0.1452   0.1487   0.1514   0.1635   0.1662   0.1749   0.1803
  0.1860   0.1989   0.2016   0.2059   0.2071   0.2147   0.2310   0.2327
  0.2407   0.2475   0.2531   0.2565   0.2619   0.2665   0.2751   0.2787
  0.2873   0.2894   0.2983   0.3017   0.3053   0.3094   0.3136   0.3182
  0.3219   0.3287   0.3383   0.3438   0.3558   0.3585   0.3669   0.3703
  0.3846   0.3934   0.4013   0.4051   0.4104   0.4174   0.4236   0.4276
  0.4348   0.4389   0.4451   0.4515   0.4573   0.4604   0.4648   0.4685
  0.4757   0.4885   0.4912   0.5030   0.5094   0.5168   0.5202   0.5260
  0.5281   0.5394   0.5405   0.5446   0.5613   0.5662   0.5706   0.5737
  0.5919   0.6080   0.6151   0.6209   0.6264   0.6419   0.6485   0.6569
  0.6609   0.6880   0.6944   0.6999   0.7039   0.7177   0.7195   0.7285
  0.7303   0.7414   0.7506   0.7552   0.7660   0.7678   0.7700   0.7719
  0.7754   0.7829   0.7836   0.7864   0.7995   0.8072   0.8132   0.8189
  0.8248   0.8368   0.8418   0.8475   0.8593   0.8628   0.8691   0.8733
  0.8785   0.8845   0.8890   0.8942   0.9063   0.9132   0.9215   0.9297
  0.9348   0.9449   0.9512   0.9612   0.9692   0.9763   0.9768   0.9906
  0.9945   1.0034   1.0140   1.0175   1.0224   1.0284   1.0356   1.0415
  1.0453   1.0522   1.0562   1.0628   1.0654   1.0750   1.0773   1.0901
  1.1007   1.1057   1.1084   1.1164   1.1286   1.1411   1.1456   1.1576
  1.1615   1.1718   1.1798   1.1881   1.1991   1.2167   1.2205   1.2293
  1.2419   1.2430   1.2518   1.2554   1.2677   1.2754   1.2841   1.3015
  1.3046   1.3104   1.3196   1.3264   1.3388   1.3577   1.3667   1.3742
  1.3746   1.4025   1.4368   1.4500   1.4705   1.4757   1.4951   1.4979
  1.5099   1.5148   1.5252   1.5296   1.5446   1.5522   1.5602   1.5636
  1.5666   1.5850   1.6090   1.6105   1.6153   1.6255   1.6382   1.6410
  1.6446   1.6589   1.6697   1.6790   1.6957   1.7024   1.7138   1.7240
  1.7330   1.7427   1.7682   1.7746   1.7764   1.7993   1.8007   1.8137
  1.8205   1.8318   1.8419   1.8425   1.8454   1.8567   1.8727   1.8790
  1.8875   1.9013   1.9086   1.9149   1.9192   1.9227   1.9361   1.9510
  1.9538   1.9674   1.9772   1.9807   1.9860   1.9904   1.9992   2.0148
  2.0220   2.0260   2.0299   2.0339   2.0463   2.0522   2.0570   2.0640
  2.0774   2.0815   2.0884   2.0986   2.1132   2.1192   2.1215   2.1318
  2.1447   2.1485   2.1552   2.1632   2.1706   2.1820   2.1874   2.2031
  2.2129   2.2186   2.2240   2.2272   2.2361   2.2511   2.2607   2.2633
  2.2785   2.2840   2.2859   2.3027   2.3120   2.3231   2.3343   2.3408
  2.3473   2.3495   2.3508   2.3550   2.3680   2.3780   2.3938   2.4097
  2.4216   2.4275   2.4332   2.4379   2.4549   2.4642   2.4685   2.4816
  2.4938   2.5011   2.5079   2.5174   2.5272   2.5334   2.5385   2.5460
  2.5535   2.5629   2.5693   2.5726   2.5875   2.5891   2.6002   2.6022
  2.6084   2.6185   2.6284   2.6330   2.6395   2.6542   2.6600   2.6713
  2.6804   2.6822   2.6836   2.6984   2.7042   2.7179   2.7228   2.7271
  2.7368   2.7397   2.7496   2.7516   2.7659   2.7703   2.7775   2.7867
  2.7936   2.8101   2.8183   2.8337   2.8396   2.8430   2.8577   2.8611
  2.8752   2.8775   2.8860   2.8922   2.9072   2.9083   2.9128   2.9159
  2.9237   2.9324   2.9386   2.9467   2.9613   2.9765   2.9844   2.9917
  2.9950   3.0170   3.0353   3.0460   3.0704   3.0766   3.0838   3.0935
  3.1124   3.1212   3.1344   3.1377   3.1533   3.1619   3.1746   3.1896
  3.1939   3.2089   3.2335   3.2466   3.2594   3.2604   3.2787   3.2855
  3.2942   3.3167   3.3186   3.3228   3.3372   3.3510   3.3679   3.3726
  3.3850   3.4039   3.4208   3.4416   3.4508   3.4580   3.4766   3.4924
  3.4973   3.5116   3.5156   3.5217   3.5231   3.5429   3.5557   3.5593
  3.5753   3.5840   3.5966   3.6023   3.6151   3.6173   3.6280   3.6349
  3.6405   3.6468   3.6588   3.6644   3.6707   3.6806   3.6873   3.6908
  3.7072   3.7269   3.7416   3.7492   3.7628   3.7713   3.7868   3.8161
  3.8280   3.8352   3.8602   3.8732   3.9018   3.9137   3.9243   3.9490
  3.9702   3.9866   3.9958   4.0069   4.0155   4.0246   4.0350   4.0549
  4.0869   4.1028   4.1172   4.1273   4.1330   4.1799   4.1818   4.2080
  4.2282   4.2453   4.2585   4.2740   4.2818   4.2890   4.3042   4.3377
  4.3405   4.3492   4.3595   4.4043   4.4112   4.4533   4.4581   4.4908
  4.5104   4.5368   4.5652   4.5758   4.5861   4.6186   4.6604   4.6883
  4.6994   4.7097   4.7402   4.7556   4.7893   4.8442   4.8738   4.8960
  4.9398   4.9496   4.9719   4.9954   5.0040   5.0428   5.0710   5.0987
  5.1033   5.1059   5.1114   5.1334   5.1498   5.1591   5.1830   5.2060
  5.2161   5.2378   5.2508   5.2600   5.2700   5.2895   5.2983   5.3145
  5.3307   5.3522   5.3577   5.3686   5.3878   5.4084   5.4158   5.4271
  5.4422   5.4531   5.4657   5.4849   5.4948   5.5122   5.5393   5.5696
  5.5785   5.5899   5.6006   5.6073   5.6142   5.6261   5.6392   5.6426
  5.6597   5.6642   5.6779   5.6936   5.7002   5.7124   5.7302   5.7613
  5.7699   5.7740   5.7779   5.7939   5.8011   5.8080   5.8211   5.8435
  5.8495   5.8594   5.8747   5.8824   5.9009   5.9154   5.9207   5.9562
  5.9626   5.9749   5.9848   5.9979   6.0056   6.0296   6.0549   6.0645
  6.0915   6.0960   6.1085   6.1262   6.1377   6.1457   6.1483   6.1595
  6.1733   6.1787   6.1856   6.2083   6.2233   6.2265   6.2450   6.2515
  6.2583   6.2695   6.2784   6.2841   6.2962   6.3005   6.3106   6.3215
  6.3396   6.3609   6.3614   6.3771   6.3822   6.3962   6.4025   6.4090
  6.4118   6.4236   6.4290   6.4396   6.4544   6.4558   6.4668   6.4765
  6.4885   6.5055   6.5117   6.5162   6.5215   6.5273   6.5369   6.5422
  6.5511   6.5552   6.5634   6.5729   6.5782   6.5834   6.5967   6.6080
  6.6180   6.6364   6.6404   6.6536   6.6571   6.6607   6.6710   6.6933
  6.6991   6.7087   6.7193   6.7283   6.7431   6.7472   6.7596   6.7685
  6.7765   6.7961   6.8080   6.8252   6.8397   6.8745   6.8810   6.8862
  6.8938   6.9100   6.9193   6.9273   6.9428   6.9486   6.9612   6.9648
  6.9720   6.9865   6.9926   6.9996   7.0239   7.0297   7.0348   7.0579
  7.0768   7.0961   7.1026   7.1111   7.1146   7.1522   7.1620   7.1730
  7.1788   7.2047   7.2194   7.2365   7.2469   7.2617   7.2648   7.2768
  7.2959   7.3072   7.3157   7.3205   7.3235   7.3802   7.3891   7.3962
  7.4126   7.4155   7.4517   7.4710   7.4834   7.4900   7.5322   7.5443
  7.5558   7.5634   7.5827   7.5967   7.6232   7.6347   7.6394   7.6645
  7.6826   7.6915   7.7209   7.7504   7.7743   7.7944   7.8070   7.8155
  7.8263   7.8355   7.8393   7.8590   7.8697   7.8707   7.8921   7.9089
  7.9255   7.9624   7.9734   7.9781   7.9909   7.9967   8.0118   8.0162
  8.0781   8.0830   8.0939   8.1276   8.1401   8.1455   8.1591   8.1695
  8.2011   8.2215   8.2356   8.2422   8.2799   8.2841   8.3027   8.3240
  8.3456   8.3567   8.3741   8.3826   8.4002   8.4291   8.4303   8.4385
  8.4601   8.4794   8.4865   8.4935   8.4990   8.5042   8.5148   8.5481
  8.5826   8.5874   8.6057   8.6271   8.6343   8.6568   8.6628   8.6729
  8.6791   8.6979   8.7043   8.7148   8.7258   8.7343   8.7422   8.7472
  8.7579   8.7708   8.7910   8.8041   8.8111   8.8214   8.8299   8.8331
  8.8363   8.8438   8.8532   8.8591   8.8792   8.8998   8.9145   8.9192
  8.9258   8.9349   8.9456   8.9553   8.9636   8.9765   8.9825   8.9922
  8.9933   9.0072   9.0253   9.0444   9.0704   9.0813   9.1062   9.1275
  9.1403   9.1428   9.1483   9.1822   9.1883   9.2088   9.2171   9.2446
  9.2597   9.2631   9.2897   9.2988   9.3145   9.3556   9.3581   9.3695
  9.3779   9.4200   9.4210   9.4583   9.4684   9.4889   9.5040   9.5362
  9.5574   9.5760   9.5880   9.6315   9.6749   9.7157   9.7550   9.8138
  9.8262   9.8606   9.8762   9.8912   9.9112   9.9746   9.9953  10.0098
 10.0423  10.0596  10.0994  10.1222  10.1966  10.2180  10.2468  10.2560
 10.2598  10.2784  10.3034  10.3148  10.3384  10.3825  10.4092  10.4223
 10.4562  10.4659  10.4943  10.5396  10.5547  10.5763  10.5940  10.6176
 10.6464  10.6563  10.6646  10.7045  10.7856  10.8094  10.8174  10.8361
 10.8412  10.9406  11.0153  11.0879  11.1426  11.2180  11.2858  11.3316
 11.3892  11.4253  11.4749  11.5366  11.5452  11.6690  11.8900  11.9671
 12.0209  12.0671  12.2385  12.2542  12.3187  12.3648  12.3766  12.3852
 12.3980  12.4456  12.6119  12.6719  12.8153  12.9291  12.9722  13.0428
 13.1272  13.2440  13.2887  13.5220  13.5827  14.0415  14.8068  14.9055
 15.5661  25.1041  28.5681  28.8802  28.9153  29.0273  29.1640  29.2285
 29.2500  29.2650  29.5838  29.6722  29.8018  29.9351  30.1337  38.9634
 49.2507  85.3512 150.5117 150.7946 150.8085 151.0320 151.1488 151.1666
151.5264 151.6663 151.8265 152.0166 201.7727 258.3934 456.3956
 --------------------------------------------------------------
 
          Ground-State Mulliken Net Atomic Charges

     Atom                 Charge (a.u.)    Spin (a.u.)
  --------------------------------------------------------
      1 C                    -0.339032       0.127380
      2 C                    -0.201569      -0.024905
      3 C                     0.454287       0.040563
      4 N                    -0.152948      -0.004650
      5 C                     0.155211       0.357763
      6 S                    -0.142749       0.975160
      7 O                    -0.394180       0.292714
      8 C                     0.218399      -0.088725
      9 C                    -0.165512       0.147569
     10 C                    -0.232830      -0.065187
     11 C                    -0.254482       0.167422
     12 C                    -0.197493      -0.069877
     13 C                    -0.261161       0.139218
     14 H                     0.209994      -0.004719
     15 H                     0.148776      -0.001736
     16 H                     0.144194       0.001737
     17 H                     0.086766       0.001685
     18 H                     0.148262       0.016112
     19 H                     0.215407       0.000005
     20 H                     0.195074      -0.005455
     21 H                     0.173192       0.000260
     22 H                     0.192396      -0.002332
  --------------------------------------------------------
  Sum of atomic charges =    -0.000000
  Sum of spin   charges =     2.000000

 -----------------------------------------------------------------
                    Cartesian Multipole Moments
 -----------------------------------------------------------------
    Charge (ESU x 10^10)
                -0.0000
    Dipole Moment (Debye)
         X       0.1561      Y      -3.7035      Z      -0.4588
       Tot       3.7350
    Quadrupole Moments (Debye-Ang)
        XX     -74.9014     XY       7.3336     YY     -83.8874
        XZ       3.3929     YZ       3.0789     ZZ     -87.2053
    Octopole Moments (Debye-Ang^2)
       XXX      -8.8443    XXY     -59.2014    XYY      14.1282
       YYY    -149.3798    XXZ      35.8661    XYZ      -8.5853
       YYZ      47.8369    XZZ     -10.4593    YZZ     -49.8195
       ZZZ     140.4341
    Hexadecapole Moments (Debye-Ang^3)
      XXXX   -3117.0106   XXXY     176.6451   XXYY    -740.4262
      XYYY     146.5988   YYYY   -1063.6373   XXXZ    -228.2890
      XXYZ      44.9682   XYYZ    -112.9590   YYYZ      95.3553
      XXZZ    -669.6853   XYZZ      50.5813   YYZZ    -261.2833
      XZZZ    -362.1701   YZZZ      89.4811   ZZZZ    -418.0571
 -----------------------------------------------------------------
 Total job time:  145.69s(wall), 4485.95s(cpu) 
 Fri Aug  2 09:40:13 2024

        *************************************************************
        *                                                           *
        *  Thank you very much for using Q-Chem.  Have a nice day.  *
        *                                                           *
        *************************************************************


