
Running Job 1 of 1 SIL1-R1_rdkit_conf_1_wb97xd-B97mV.in
qchem SIL1-R1_rdkit_conf_1_wb97xd-B97mV.in_57847.0 /expanse/lustre/scratch/whughes/temp_project/job_35550539/SIL1-R1_rdkit_conf_1_wb97xd-B97mV-35550539/ 0
/cm/shared/apps/spack/0.17.3/cpu/b/opt/spack/linux-rocky8-zen2/gcc-10.2.0/qchem-6.0-rytxnwjazd34ekd2gqyi5ufsaimxsd3r/exe/qcprog.exe_s SIL1-R1_rdkit_conf_1_wb97xd-B97mV.in_57847.0 /expanse/lustre/scratch/whughes/temp_project/job_35550539/SIL1-R1_rdkit_conf_1_wb97xd-B97mV-35550539/
                  Welcome to Q-Chem
     A Quantum Leap Into The Future Of Chemistry


 Q-Chem 6.0, Q-Chem, Inc., Pleasanton, CA (2022)

 License issued to: University of California, San Diego (site)

 E. Epifanovsky,  A. T. B. Gilbert,  Xintian Feng,  Joonho Lee,  Yuezhi Mao,  
 N. Mardirossian,  P. Pokhilko,  A. White,  M. Wormit,  M. P. Coons,  
 A. L. Dempwolff,  Zhengting Gan,  D. Hait,  P. R. Horn,  L. D. Jacobson,  
 I. Kaliman,  J. Kussmann,  A. W. Lange,  Ka Un Lao,  D. S. Levine,  Jie Liu,  
 S. C. McKenzie,  A. F. Morrison,  K. Nanda,  F. Plasser,  D. R. Rehn,  
 M. L. Vidal,  Zhi-Qiang You,  Ying Zhu,  B. Alam,  B. Albrecht,  
 A. Aldossary,  E. Alguire,  J. H. Andersen,  V. Athavale,  D. Barton,  
 K. Begam,  A. Behn,  N. Bellonzi,  Y. A. Bernard,  E. J. Berquist,  
 H. Burton,  A. Carreras,  K. Carter-Fenk,  Romit Chakraborty,  
 Chandrima Chakravarty,  Junhan Chen,  A. D. Chien,  K. D. Closser,  
 V. Cofer-Shabica,  L. Cunha,  S. Dasgupta,  Jia Deng,  M. de Wergifosse,  
 M. Diedenhofen,  Hainam Do,  S. Ehlert,  Po-Tung Fang,  S. Fatehi,  
 Qingguo Feng,  T. Friedhoff,  B. Ganoe,  J. Gayvert,  Qinghui Ge,  
 G. Gidofalvi,  M. Goldey,  J. Gomes,  C. Gonzalez-Espinoza,  S. Gulania,  
 A. Gunina,  J. A. Gyamfi,  M. W. D. Hanson-Heine,  P. H. P. Harbach,  
 A. W. Hauser,  M. F. Herbst,  M. Hernandez Vera,  M. Hodecker,  
 Z. C. Holden,  S. Houck,  Xunkun Huang,  Kerwin Hui,  B. C. Huynh,  
 K. Ikeda,  M. Ivanov,  Hyunjun Ji,  Zuxin Jin,  Hanjie Jiang,  B. Kaduk,  
 S. Kaehler,  R. Kang,  K. Khistyaev,  Jaehoon Kim,  Yongbin Kim,  
 P. Klunzinger,  Z. Koczor-Benda,  Joong Hoon Koh,  D. Kosenkov,  
 Saikiran Kotaru,  L. Koulias,  T. Kowalczyk,  C. M. Krauter,  K. Kue,  
 A. Kunitsa,  T. Kus,  A. Landau,  K. V. Lawler,  D. Lefrancois,  S. Lehtola,  
 Rain Li,  Shaozhi Li,  Yi-Pei Li,  Jiashu Liang,  M. Liebenthal,  
 Hung-Hsuan Lin,  You-Sheng Lin,  Fenglai Liu,  Kuan-Yu Liu,  
 M. Loipersberger,  A. Luenser,  C. Malbon,  A. Manjanath,  P. Manohar,  
 E. Mansoor,  S. F. Manzer,  Shan-Ping Mao,  A. V. Marenich,  T. Markovich,  
 S. Mason,  F. Matz,  S. A. Maurer,  P. F. McLaughlin,  M. F. S. J. Menger,  
 J.-M. Mewes,  S. A. Mewes,  P. Morgante,  Mohammad Mostafanejad,  
 J. W. Mullinax,  K. J. Oosterbaan,  G. Paran,  V. Parravicini,  
 Alexander C. Paul,  Suranjan K. Paul,  F. Pavosevic,  Zheng Pei,  S. Prager,  
 E. I. Proynov,  E. Ramos,  B. Rana,  A. E. Rask,  A. Rettig,  R. M. Richard,  
 F. Rob,  E. Rossomme,  T. Scheele,  M. Scheurer,  M. Schneider,  
 P. E. Schneider,  N. Sergueev,  S. M. Sharada,  Hengyuan Shen,  
 W. Skomorowski,  D. W. Small,  C. J. Stein,  Yingli Su,  Yu-Chuan Su,  
 E. J. Sundstrom,  Zhen Tao,  J. Thirman,  Hung-Yi Tsai,  T. Tsuchimochi,  
 N. M. Tubman,  C. Utku,  S. P. Veccham,  O. Vydrov,  J. Wenzel,  
 Jonathan Wong,  J. Witte,  A. Yamada,  Chou-Hsun Yang,  Kun Yao,  
 S. Yeganeh,  S. R. Yost,  A. Zech,  F. Zeller,  Igor Ying Zhang,  
 Xing Zhang,  Yu Zhang,  D. Zuev,  A. Aspuru-Guzik,  A. T. Bell,  
 N. A. Besley,  K. B. Bravaya,  B. R. Brooks,  D. Casanova,  Jeng-Da Chai,  
 Hsing-Ta Chen,  S. Coriani,  C. J. Cramer,  A. E. DePrince, III,  
 R. A. DiStasio Jr.,  A. Dreuw,  B. D. Dunietz,  T. R. Furlani,  
 W. A. Goddard III,  S. Grimme,  S. Hammes-Schiffer,  T. Head-Gordon,  
 W. J. Hehre,  Chao-Ping Hsu,  T.-C. Jagau,  Yousung Jung,  A. Klamt,  
 Jing Kong,  D. S. Lambrecht,  Xiangyuan Li,  WanZhen Liang,  N. J. Mayhall,  
 C. W. McCurdy,  J. B. Neaton,  T. Neudecker,  C. Ochsenfeld,  
 J. A. Parkhill,  R. Peverati,  V. A. Rassolov,  Haisheng Ren,  Yihan Shao,  
 L. V. Slipchenko,  R. P. Steele,  J. E. Subotnik,  A. J. W. Thom,  
 A. Tkatchenko,  D. G. Truhlar,  T. Van Voorhis,  Fan Wang,  
 T. A. Wesolowski,  K. B. Whaley,  H. L. Woodcock III,  P. M. Zimmerman,  
 S. Faraji,  P. M. W. Gill,  M. Head-Gordon,  J. M. Herbert,  A. I. Krylov

 Contributors to earlier versions of Q-Chem not listed above: 
 R. D. Adamson,  B. Austin,  R. Baer,  J. Baker,  G. J. O. Beran,  
 K. Brandhorst,  S. T. Brown,  E. F. C. Byrd,  Arup K. Chakraborty,  
 G. K. L. Chan,  Chun-Min Chang,  Yunqing Chen,  C.-L. Cheng,  
 Siu Hung Chien,  D. M. Chipman,  D. L. Crittenden,  H. Dachsel,  
 R. J. Doerksen,  A. D. Dutoi,  R. G. Edgar,  J. Fosso-Tande,  
 L. Fusti-Molnar,  D. Ghosh,  A. Ghysels,  A. Golubeva-Zadorozhnaya,  
 J. Gonthier,  M. S. Gordon,  S. R. Gwaltney,  G. Hawkins,  J. E. Herr,  
 A. Heyden,  S. Hirata,  E. G. Hohenstein,  G. Kedziora,  F. J. Keil,  
 C. Kelley,  Jihan Kim,  R. A. King,  R. Z. Khaliullin,  P. P. Korambath,  
 W. Kurlancheek,  A. Laurent,  A. M. Lee,  M. S. Lee,  S. V. Levchenko,  
 Ching Yeh Lin,  D. Liotard,  E. Livshits,  R. C. Lochan,  I. Lotan,  
 L. A. Martinez-Martinez,  P. E. Maslen,  N. Nair,  D. P. O'Neill,  
 D. Neuhauser,  E. Neuscamman,  C. M. Oana,  R. Olivares-Amaya,  R. Olson,  
 T. M. Perrine,  B. Peters,  P. A. Pieniazek,  A. Prociuk,  Y. M. Rhee,  
 J. Ritchie,  M. A. Rohrdanz,  E. Rosta,  N. J. Russ,  H. F. Schaefer III,  
 M. W. Schmidt,  N. E. Schultz,  S. Sharma,  N. Shenvi,  C. D. Sherrill,  
 A. C. Simmonett,  A. Sodt,  T. Stein,  D. Stuck,  K. S. Thanthiriwatte,  
 V. Vanovschi,  L. Vogt,  Tao Wang,  A. Warshel,  M. A. Watson,  
 C. F. Williams,  Q. Wu,  X. Xu,  Jun Yang,  W. Zhang,  Yan Zhao

   Please cite Q-Chem as follows:
  "Software for the frontiers of quantum chemistry:
   An overview of developments in the Q-Chem 5 package"
   J. Chem. Phys. 155, 084801 (2021)
   https://doi.org/10.1063/5.0055522 (open access)

 Q-Chem 6.0.2 for Intel X86 EM64T Linux

 Parts of Q-Chem use Armadillo 9.900.5 (Nocturnal Misbehaviour).
 http://arma.sourceforge.net/

 Q-Chem begins on Tue Dec  3 10:35:31 2024  

 Host: 
0

     Scratch files written to /expanse/lustre/scratch/whughes/temp_project/job_35550539/SIL1-R1_rdkit_conf_1_wb97xd-B97mV-35550539//
 Dec722 |scratch|qcdevops|jenkins|workspace|build_RNUM    
 Processing $rem in /cm/shared/apps/spack/0.17.3/cpu/b/opt/spack/linux-rocky8-zen2/gcc-10.2.0/qchem-6.0-rytxnwjazd34ekd2gqyi5ufsaimxsd3r/config/preferences:
 Processing $rem in /home/whughes/.qchemrc:

 Checking the input file for inconsistencies... 	...done.

--------------------------------------------------------------
User input:
--------------------------------------------------------------
$molecule
0 3
O    -0.3032495269   -1.338628782    1.924829109
C    -0.0668720859   -0.6321715473   0.8964557178
Si   -1.7427536363   0.0668219964    0.2103540598
C    -1.9661449536   -0.5772739162   -1.5291104022
C    -1.6573902956   1.9320825712    0.2738651925
C    -3.1136483691   -0.5530172242   1.3072316523
C    1.2254542596    -0.394549549    0.3388727696
C    2.359715371     -0.9771888092   0.953378064
C    3.6219793978    -0.7679552013   0.440331413
C    3.8121859951    0.0187819288    -0.6908742034
C    2.706225281     0.598032986     -1.3052445954
C    1.4356777666    0.4008637237    -0.8075718272
H    -2.0283920719   -1.6667228966   -1.5242908646
H    -2.9001370183   -0.1861441672   -1.9425447015
H    -1.1529385333   -0.289925639    -2.1951610777
H    -2.5870450201   2.350700618     -0.1220565966
H    -1.5459980024   2.2709947956    1.3051414646
H    -0.8281625136   2.338210565     -0.3048603034
H    -3.1558596688   -1.6429408179   1.3117067044
H    -4.0732667831   -0.1756348575   0.9453113868
H    -2.9812870658   -0.2164353968   2.3362707534
H    2.2237601134    -1.5911932765   1.8339091289
H    4.4738071243    -1.2251719681   0.9289898058
H    4.8057441487    0.1784777675    -1.0879757977
H    2.8392859643    1.213182051     -2.1867298451
H    0.5993101228    0.8665050456    -1.3102270069
$end

$rem
METHOD      B97M-V
BASIS       def2-QZVPP
SYM_IGNORE   TRUE
DFT_D       false
MAX_SCF_CYCLES 300
$end

$end
--------------------------------------------------------------
 ----------------------------------------------------------------
             Standard Nuclear Orientation (Angstroms)
    I     Atom           X                Y                Z
 ----------------------------------------------------------------
    1      O      -0.3032495269    -1.3386287820     1.9248291090
    2      C      -0.0668720859    -0.6321715473     0.8964557178
    3      Si     -1.7427536363     0.0668219964     0.2103540598
    4      C      -1.9661449536    -0.5772739162    -1.5291104022
    5      C      -1.6573902956     1.9320825712     0.2738651925
    6      C      -3.1136483691    -0.5530172242     1.3072316523
    7      C       1.2254542596    -0.3945495490     0.3388727696
    8      C       2.3597153710    -0.9771888092     0.9533780640
    9      C       3.6219793978    -0.7679552013     0.4403314130
   10      C       3.8121859951     0.0187819288    -0.6908742034
   11      C       2.7062252810     0.5980329860    -1.3052445954
   12      C       1.4356777666     0.4008637237    -0.8075718272
   13      H      -2.0283920719    -1.6667228966    -1.5242908646
   14      H      -2.9001370183    -0.1861441672    -1.9425447015
   15      H      -1.1529385333    -0.2899256390    -2.1951610777
   16      H      -2.5870450201     2.3507006180    -0.1220565966
   17      H      -1.5459980024     2.2709947956     1.3051414646
   18      H      -0.8281625136     2.3382105650    -0.3048603034
   19      H      -3.1558596688    -1.6429408179     1.3117067044
   20      H      -4.0732667831    -0.1756348575     0.9453113868
   21      H      -2.9812870658    -0.2164353968     2.3362707534
   22      H       2.2237601134    -1.5911932765     1.8339091289
   23      H       4.4738071243    -1.2251719681     0.9289898058
   24      H       4.8057441487     0.1784777675    -1.0879757977
   25      H       2.8392859643     1.2131820510    -2.1867298451
   26      H       0.5993101228     0.8665050456    -1.3102270069
 ----------------------------------------------------------------
 Nuclear Repulsion Energy =         765.94590140 hartrees
 There are       49 alpha and       47 beta electrons
 Requested basis set is def2-QZVPP
 There are 349 shells and 1117 basis functions

 Total QAlloc Memory Limit   8000 MB
 Mega-Array Size       188 MB
 MEM_STATIC part       192 MB

 A cutoff of  1.0D-09 yielded  38176 shell pairs
 There are    367830 function pairs (    539464 Cartesian)
 Smallest overlap matrix eigenvalue = 5.81E-06

 Q-Chem warning in module stvman/mkSTV.C, line 305:

 Overlap eigenvalue is smaller than square root of threshold
 Use THRESH >= 12 to get rid of this warning


 Scale SEOQF with 1.000000e-01/1.000000e-01/1.000000e-01

 Standard Electronic Orientation quadrupole field applied
 Nucleus-field energy     =     0.0000000121 hartrees
 Guess from superposition of atomic densities
 Warning:  Energy on first SCF cycle will be non-variational
 SAD guess density has 96.000000 electrons

 -----------------------------------------------------------------------
  General SCF calculation program by
  Eric Jon Sundstrom, Paul Horn, Yuezhi Mao, Dmitri Zuev, Alec White,
  David Stuck, Shaama M.S., Shane Yost, Joonho Lee, David Small,
  Daniel Levine, Susi Lehtola, Hugh Burton, Evgeny Epifanovsky,
  Bang C. Huynh
 -----------------------------------------------------------------------
 Exchange:  B97M-V      Correlation:  B97M-V
 Using SG-2 standard quadrature grid
 Nonlocal Correlation:  VV10 with C = 0.0100 and b = 6.00 and scale = 1.00000
 Grid used for NLC:  SG-1 standard quadrature
 using 32 threads for integral computing
 -------------------------------------------------------
 OpenMP Integral computing Module                
 Release: version 1.0, May 2013, Q-Chem Inc. Pittsburgh 
 -------------------------------------------------------
 A unrestricted SCF calculation will be
 performed using DIIS
 SCF converges when DIIS error is below 1.0e-05
 ---------------------------------------
  Cycle       Energy         DIIS error
 ---------------------------------------
    1    -756.1601981117      5.32e-03  
    2    -753.9169547680      7.59e-04  
    3    -753.0851886291      1.23e-03  
    4    -753.7810527322      8.19e-04  
    5    -754.2727169934      1.60e-04  
    6    -754.2749282947      1.83e-04  
    7    -754.2921225317      3.75e-05  
    8    -754.2924434419      3.53e-05  
    9    -754.2932805202      6.99e-06  Convergence criterion met
 ---------------------------------------
 SCF time:   CPU 5661.30s  wall 182.00s 
<S^2> =          2.019454576
 SCF   energy in the final basis set =     -754.2932805202
 Total energy in the final basis set =     -754.2932805202
 
 --------------------------------------------------------------
 
                    Orbital Energies (a.u.)
 --------------------------------------------------------------
 
 Alpha MOs
 -- Occupied --
-66.1930 -19.2107 -10.2333 -10.2024 -10.1795 -10.1782 -10.1768 -10.1752
-10.1726 -10.1686 -10.1685 -10.1630  -5.3088  -3.5871  -3.5831  -3.5830
 -1.0653  -0.8401  -0.7500  -0.7297  -0.7095  -0.6762  -0.6722  -0.6341
 -0.5833  -0.5487  -0.5002  -0.4673  -0.4457  -0.4246  -0.4143  -0.4109
 -0.4079  -0.3993  -0.3943  -0.3875  -0.3802  -0.3799  -0.3699  -0.3665
 -0.3417  -0.3337  -0.3141  -0.2996  -0.2957  -0.2596  -0.2493  -0.2388
 -0.1301
 -- Virtual --
 -0.0310  -0.0095  -0.0095   0.0163   0.0247   0.0291   0.0366   0.0406
  0.0506   0.0554   0.0567   0.0649   0.0763   0.0829   0.0841   0.0865
  0.0911   0.0978   0.1000   0.1010   0.1082   0.1100   0.1204   0.1251
  0.1338   0.1428   0.1472   0.1530   0.1555   0.1579   0.1681   0.1765
  0.1877   0.1884   0.1946   0.2053   0.2108   0.2169   0.2208   0.2314
  0.2344   0.2418   0.2502   0.2553   0.2578   0.2628   0.2665   0.2668
  0.2690   0.2741   0.2798   0.2894   0.2898   0.2949   0.3026   0.3031
  0.3090   0.3102   0.3152   0.3226   0.3326   0.3417   0.3438   0.3494
  0.3502   0.3618   0.3645   0.3674   0.3709   0.3819   0.3886   0.3910
  0.3988   0.4161   0.4246   0.4307   0.4395   0.4505   0.4577   0.4607
  0.4646   0.4706   0.4742   0.4796   0.4865   0.4957   0.5036   0.5076
  0.5086   0.5242   0.5291   0.5325   0.5328   0.5370   0.5490   0.5548
  0.5611   0.5636   0.5753   0.5764   0.5812   0.5886   0.6048   0.6263
  0.6323   0.6354   0.6399   0.6420   0.6619   0.6641   0.6755   0.6764
  0.6860   0.6887   0.7099   0.7120   0.7208   0.7211   0.7293   0.7327
  0.7403   0.7410   0.7425   0.7524   0.7702   0.7706   0.7758   0.7775
  0.7870   0.8012   0.8050   0.8067   0.8152   0.8185   0.8278   0.8279
  0.8337   0.8391   0.8441   0.8452   0.8499   0.8512   0.8560   0.8571
  0.8672   0.8763   0.8846   0.8949   0.8967   0.9047   0.9120   0.9131
  0.9230   0.9302   0.9332   0.9352   0.9484   0.9503   0.9595   0.9602
  0.9743   0.9819   0.9869   0.9925   1.0109   1.0144   1.0195   1.0297
  1.0322   1.0365   1.0437   1.0493   1.0620   1.0639   1.0662   1.0707
  1.0712   1.0749   1.0894   1.0954   1.0989   1.1064   1.1154   1.1266
  1.1269   1.1399   1.1455   1.1556   1.1743   1.1772   1.1801   1.1888
  1.1892   1.1990   1.2044   1.2094   1.2185   1.2350   1.2476   1.2485
  1.2656   1.2662   1.2839   1.2862   1.3000   1.3062   1.3116   1.3122
  1.3325   1.3334   1.3389   1.3503   1.3648   1.3832   1.3897   1.4065
  1.4176   1.4181   1.4307   1.4394   1.4434   1.4524   1.4556   1.4727
  1.4787   1.4983   1.5075   1.5220   1.5314   1.5318   1.5414   1.5418
  1.5522   1.5586   1.5776   1.5894   1.6004   1.6054   1.6152   1.6211
  1.6446   1.6539   1.6679   1.6722   1.6951   1.6970   1.7002   1.7296
  1.7396   1.7562   1.7655   1.7732   1.7792   1.7885   1.7915   1.7985
  1.8057   1.8151   1.8267   1.8335   1.8536   1.8683   1.8700   1.8739
  1.8936   1.8998   1.9110   1.9139   1.9194   1.9277   1.9377   1.9487
  1.9492   1.9589   1.9605   1.9698   1.9770   1.9789   1.9863   1.9881
  1.9888   2.0110   2.0174   2.0216   2.0246   2.0319   2.0410   2.0451
  2.0533   2.0543   2.0616   2.0628   2.0850   2.0853   2.0960   2.1025
  2.1044   2.1147   2.1227   2.1334   2.1414   2.1441   2.1538   2.1648
  2.1790   2.1798   2.1833   2.1916   2.1919   2.2036   2.2070   2.2210
  2.2295   2.2336   2.2348   2.2466   2.2506   2.2557   2.2600   2.2671
  2.2852   2.2906   2.2909   2.3057   2.3104   2.3117   2.3195   2.3221
  2.3317   2.3355   2.3363   2.3454   2.3554   2.3603   2.3673   2.3729
  2.3789   2.3854   2.3868   2.4030   2.4108   2.4128   2.4139   2.4224
  2.4447   2.4539   2.4632   2.4686   2.4910   2.4980   2.4997   2.5118
  2.5202   2.5207   2.5239   2.5412   2.5446   2.5554   2.5641   2.5727
  2.5741   2.5745   2.5781   2.5869   2.5989   2.6018   2.6185   2.6200
  2.6344   2.6358   2.6445   2.6481   2.6661   2.6746   2.6860   2.6887
  2.6899   2.7070   2.7099   2.7108   2.7136   2.7277   2.7312   2.7400
  2.7422   2.7479   2.7524   2.7724   2.7733   2.7778   2.7897   2.7934
  2.8042   2.8045   2.8115   2.8198   2.8245   2.8383   2.8550   2.8564
  2.8675   2.8727   2.8800   2.8876   2.9021   2.9052   2.9239   2.9356
  2.9382   2.9510   2.9642   2.9666   2.9709   2.9789   2.9942   3.0049
  3.0099   3.0125   3.0262   3.0328   3.0387   3.0403   3.0472   3.0596
  3.0658   3.0684   3.0712   3.0800   3.0870   3.1031   3.1073   3.1181
  3.1287   3.1314   3.1427   3.1617   3.1723   3.1796   3.1885   3.1931
  3.2053   3.2261   3.2358   3.2474   3.2650   3.2691   3.2834   3.2904
  3.3072   3.3116   3.3128   3.3302   3.3318   3.3451   3.3481   3.3813
  3.3961   3.4053   3.4153   3.4298   3.4473   3.4612   3.4665   3.4705
  3.4940   3.5011   3.5067   3.5159   3.5191   3.5361   3.5407   3.5427
  3.5577   3.5603   3.5696   3.5777   3.5926   3.6044   3.6251   3.6255
  3.6363   3.6369   3.6446   3.6665   3.6725   3.6847   3.6848   3.6945
  3.6998   3.7240   3.7293   3.7351   3.7569   3.7687   3.7718   3.7745
  3.7932   3.8007   3.8278   3.8447   3.8525   3.8688   3.8768   3.9100
  3.9110   3.9244   3.9473   3.9642   3.9662   3.9861   3.9974   4.0050
  4.0118   4.0237   4.0257   4.0406   4.0461   4.0676   4.0685   4.0821
  4.0922   4.1066   4.1081   4.1461   4.1521   4.1754   4.1973   4.2405
  4.2409   4.2510   4.2705   4.2956   4.3222   4.3661   4.3858   4.4021
  4.4391   4.4779   4.4809   4.4936   4.4981   4.5112   4.5194   4.5463
  4.5555   4.5888   4.6422   4.7001   4.7006   4.7108   4.7325   4.7526
  4.7603   4.7952   4.8305   4.8670   4.9286   4.9573   4.9864   5.0253
  5.0473   5.0926   5.0954   5.1183   5.1361   5.1366   5.1798   5.2140
  5.2360   5.2544   5.2799   5.2853   5.3079   5.3230   5.3301   5.3486
  5.3634   5.3868   5.3987   5.4015   5.4270   5.4658   5.4769   5.4790
  5.4919   5.5026   5.5119   5.5169   5.5419   5.5589   5.5621   5.5689
  5.5775   5.5935   5.6182   5.6272   5.6479   5.6544   5.6573   5.6670
  5.6763   5.6890   5.6988   5.7144   5.7167   5.7338   5.7471   5.7808
  5.7894   5.8242   5.8245   5.8321   5.8578   5.8608   5.8758   5.8768
  5.9005   5.9105   5.9181   5.9570   5.9613   5.9671   5.9787   5.9860
  6.0126   6.0154   6.0303   6.0329   6.0531   6.0713   6.0792   6.0982
  6.1027   6.1041   6.1093   6.1098   6.1208   6.1249   6.1369   6.1412
  6.1580   6.1614   6.1732   6.1841   6.1857   6.1969   6.2037   6.2194
  6.2245   6.2322   6.2400   6.2446   6.2580   6.2604   6.2706   6.2808
  6.2898   6.3015   6.3090   6.3213   6.3258   6.3376   6.3427   6.3599
  6.3626   6.3676   6.3881   6.4018   6.4074   6.4081   6.4122   6.4150
  6.4194   6.4292   6.4349   6.4442   6.4557   6.4620   6.4649   6.4757
  6.4801   6.4892   6.4895   6.4923   6.5046   6.5129   6.5183   6.5186
  6.5319   6.5486   6.5493   6.5593   6.5633   6.5683   6.5817   6.5845
  6.6054   6.6155   6.6185   6.6232   6.6254   6.6323   6.6494   6.6575
  6.6603   6.6636   6.6711   6.6723   6.6778   6.6818   6.6855   6.7017
  6.7112   6.7137   6.7266   6.7374   6.7430   6.7515   6.7592   6.7762
  6.7826   6.8061   6.8221   6.8474   6.8513   6.8608   6.8652   6.8666
  6.8895   6.8951   6.8972   6.9036   6.9182   6.9191   6.9285   6.9409
  6.9432   6.9472   6.9618   6.9645   6.9673   6.9975   7.0073   7.0103
  7.0159   7.0261   7.0321   7.0369   7.0556   7.0562   7.0745   7.0762
  7.0837   7.1020   7.1050   7.1095   7.1199   7.1236   7.1525   7.1770
  7.1833   7.1874   7.2229   7.2570   7.2671   7.2776   7.2941   7.2965
  7.2983   7.3138   7.3211   7.3392   7.3551   7.3879   7.4004   7.4107
  7.4135   7.4226   7.4355   7.4446   7.4476   7.4571   7.4630   7.5329
  7.5368   7.5483   7.5737   7.6025   7.6358   7.6391   7.6630   7.7082
  7.7347   7.7452   7.7528   7.7568   7.7644   7.7722   7.7818   7.8142
  7.8231   7.8266   7.8291   7.8362   7.8384   7.8488   7.8569   7.8714
  7.8823   7.8830   7.8848   7.8950   7.9057   7.9240   7.9246   7.9709
  7.9787   8.0259   8.0356   8.0542   8.0981   8.1055   8.1058   8.1238
  8.1558   8.1656   8.1725   8.1791   8.1992   8.2007   8.2096   8.2153
  8.2194   8.2283   8.2327   8.2497   8.2538   8.2586   8.2601   8.2701
  8.2792   8.2906   8.2929   8.3104   8.3226   8.3720   8.3776   8.3811
  8.3986   8.4033   8.4193   8.4223   8.4251   8.4376   8.4400   8.4432
  8.4578   8.4603   8.4812   8.4859   8.4985   8.5239   8.5463   8.6035
  8.6166   8.6246   8.6358   8.6426   8.6435   8.6642   8.6649   8.6787
  8.6862   8.6969   8.7057   8.7064   8.7447   8.7525   8.7575   8.7849
  8.7963   8.7977   8.8046   8.8336   8.8374   8.8652   8.8778   8.8783
  8.8876   8.9010   8.9016   8.9030   8.9115   8.9228   8.9267   8.9352
  8.9353   8.9503   8.9557   8.9571   8.9638   8.9761   8.9784   8.9989
  9.0034   9.0185   9.0190   9.0263   9.0480   9.0552   9.0690   9.0840
  9.0927   9.1000   9.1229   9.1438   9.1492   9.1726   9.1769   9.1866
  9.1970   9.2076   9.2342   9.2411   9.2472   9.2639   9.2700   9.2702
  9.2736   9.2967   9.3106   9.3245   9.3413   9.3424   9.3511   9.3590
  9.3699   9.3718   9.4021   9.4054   9.4060   9.4077   9.4141   9.4218
  9.4222   9.4396   9.4455   9.4556   9.4614   9.4741   9.4979   9.5135
  9.5921   9.8520   9.8793   9.9359   9.9970  10.0005  10.0190  10.0250
 10.0330  10.0877  10.0893  10.0965  10.1155  10.1293  10.1517  10.1559
 10.2567  10.2576  10.3091  10.3112  10.3197  10.3298  10.3374  10.3648
 10.4211  10.4363  10.4376  10.4435  10.4492  10.4611  10.4647  10.4738
 10.4923  10.4949  10.4969  10.5345  10.5740  10.5856  10.6069  10.6086
 10.6356  10.6809  10.7500  10.8158  10.8339  10.8516  10.8568  10.8707
 10.8909  10.9086  10.9157  10.9671  11.1001  11.1065  11.1253  11.1434
 11.1832  11.2993  11.3341  11.3852  11.4588  11.5577  11.7570  11.8533
 12.2576  12.2683  12.3380  12.3588  12.3912  12.4204  12.4391  12.4484
 12.4812  12.5074  12.5275  12.5914  12.6829  12.9335  12.9873  13.0581
 13.1092  13.1488  13.2654  13.2656  13.5037  13.5316  13.5379  13.5481
 13.6038  14.3980  14.6878  17.5577  28.6210  28.9800  29.2605  29.2956
 29.6666  29.6721  29.7186  29.8158  29.8426  30.1333  49.0329  59.5603
150.5684 150.9157 151.1653 151.1994 151.5313 151.5901 151.6442 151.6830
151.7641 152.0192 258.1922 321.2425
 
 Beta MOs
 -- Occupied --
-66.1922 -19.1844 -10.2242 -10.2014 -10.1778 -10.1771 -10.1763 -10.1753
-10.1697 -10.1679 -10.1679 -10.1631  -5.3081  -3.5849  -3.5823  -3.5822
 -1.0137  -0.8352  -0.7405  -0.7261  -0.7074  -0.6747  -0.6718  -0.6141
 -0.5802  -0.5335  -0.4849  -0.4546  -0.4321  -0.4203  -0.4060  -0.4035
 -0.3980  -0.3959  -0.3860  -0.3847  -0.3774  -0.3703  -0.3617  -0.3386
 -0.3259  -0.3249  -0.3071  -0.2951  -0.2938  -0.2344  -0.2306
 -- Virtual --
 -0.1786  -0.0809  -0.0254  -0.0084   0.0075   0.0175   0.0275   0.0360
  0.0379   0.0422   0.0543   0.0576   0.0581   0.0680   0.0811   0.0855
  0.0856   0.0902   0.0940   0.1016   0.1036   0.1059   0.1111   0.1117
  0.1216   0.1283   0.1413   0.1463   0.1531   0.1548   0.1592   0.1622
  0.1736   0.1797   0.1890   0.1936   0.2034   0.2078   0.2143   0.2182
  0.2254   0.2364   0.2402   0.2449   0.2531   0.2586   0.2616   0.2660
  0.2692   0.2718   0.2733   0.2808   0.2815   0.2913   0.2915   0.2983
  0.3039   0.3063   0.3117   0.3139   0.3186   0.3245   0.3383   0.3455
  0.3469   0.3518   0.3556   0.3675   0.3685   0.3723   0.3744   0.3872
  0.3938   0.3974   0.4007   0.4187   0.4288   0.4369   0.4428   0.4531
  0.4609   0.4643   0.4688   0.4766   0.4798   0.4839   0.4910   0.5025
  0.5078   0.5114   0.5130   0.5289   0.5343   0.5370   0.5378   0.5417
  0.5550   0.5582   0.5637   0.5682   0.5812   0.5830   0.5865   0.5962
  0.6109   0.6291   0.6374   0.6411   0.6429   0.6446   0.6676   0.6683
  0.6812   0.6837   0.6902   0.6936   0.7154   0.7158   0.7253   0.7256
  0.7325   0.7376   0.7439   0.7444   0.7468   0.7597   0.7743   0.7745
  0.7805   0.7806   0.7941   0.8061   0.8098   0.8125   0.8205   0.8211
  0.8307   0.8341   0.8378   0.8423   0.8476   0.8485   0.8547   0.8572
  0.8585   0.8624   0.8697   0.8821   0.8890   0.8975   0.9080   0.9085
  0.9178   0.9185   0.9297   0.9353   0.9387   0.9402   0.9544   0.9551
  0.9641   0.9656   0.9786   0.9861   0.9918   0.9978   1.0172   1.0188
  1.0228   1.0345   1.0393   1.0409   1.0495   1.0546   1.0662   1.0700
  1.0731   1.0744   1.0767   1.0792   1.0953   1.0991   1.1025   1.1115
  1.1199   1.1317   1.1330   1.1452   1.1544   1.1592   1.1784   1.1847
  1.1860   1.1938   1.1940   1.2046   1.2102   1.2140   1.2223   1.2414
  1.2534   1.2561   1.2722   1.2743   1.2919   1.2926   1.3060   1.3116
  1.3157   1.3202   1.3385   1.3412   1.3443   1.3566   1.3719   1.3884
  1.3966   1.4139   1.4237   1.4243   1.4410   1.4465   1.4519   1.4657
  1.4672   1.4784   1.4858   1.5179   1.5217   1.5305   1.5372   1.5397
  1.5490   1.5517   1.5569   1.5631   1.5858   1.5953   1.6097   1.6120
  1.6210   1.6278   1.6534   1.6608   1.6756   1.6813   1.7033   1.7042
  1.7140   1.7371   1.7512   1.7677   1.7733   1.7807   1.7848   1.7948
  1.7993   1.8066   1.8115   1.8254   1.8340   1.8412   1.8601   1.8761
  1.8762   1.8818   1.9004   1.9049   1.9190   1.9225   1.9237   1.9329
  1.9447   1.9566   1.9571   1.9677   1.9680   1.9768   1.9844   1.9877
  1.9912   1.9942   1.9978   2.0174   2.0219   2.0265   2.0319   2.0392
  2.0488   2.0521   2.0584   2.0600   2.0700   2.0723   2.0939   2.0958
  2.1034   2.1110   2.1112   2.1234   2.1322   2.1409   2.1489   2.1505
  2.1608   2.1712   2.1874   2.1892   2.1914   2.1986   2.2002   2.2116
  2.2137   2.2276   2.2374   2.2407   2.2451   2.2551   2.2580   2.2647
  2.2663   2.2743   2.2923   2.2957   2.2980   2.3130   2.3166   2.3189
  2.3234   2.3307   2.3392   2.3418   2.3468   2.3516   2.3664   2.3700
  2.3761   2.3828   2.3863   2.3924   2.3932   2.4082   2.4199   2.4211
  2.4238   2.4305   2.4556   2.4603   2.4725   2.4756   2.4986   2.5055
  2.5100   2.5207   2.5254   2.5283   2.5331   2.5462   2.5535   2.5629
  2.5708   2.5799   2.5819   2.5867   2.5883   2.5913   2.6063   2.6094
  2.6243   2.6266   2.6430   2.6432   2.6494   2.6551   2.6735   2.6825
  2.6930   2.6955   2.6980   2.7140   2.7193   2.7194   2.7226   2.7317
  2.7380   2.7446   2.7491   2.7542   2.7572   2.7807   2.7807   2.7845
  2.7986   2.8012   2.8138   2.8148   2.8201   2.8262   2.8334   2.8481
  2.8617   2.8620   2.8743   2.8803   2.8860   2.8939   2.9065   2.9141
  2.9317   2.9424   2.9480   2.9570   2.9720   2.9727   2.9771   2.9890
  3.0046   3.0158   3.0164   3.0189   3.0340   3.0388   3.0415   3.0498
  3.0550   3.0628   3.0707   3.0717   3.0799   3.0864   3.0958   3.1105
  3.1168   3.1283   3.1393   3.1410   3.1542   3.1699   3.1806   3.1892
  3.1958   3.1978   3.2130   3.2374   3.2432   3.2549   3.2763   3.2798
  3.2897   3.3012   3.3161   3.3201   3.3224   3.3419   3.3428   3.3527
  3.3562   3.3882   3.4080   3.4162   3.4288   3.4385   3.4576   3.4704
  3.4757   3.4827   3.5073   3.5113   3.5211   3.5224   3.5341   3.5496
  3.5522   3.5544   3.5664   3.5695   3.5809   3.5831   3.5984   3.6098
  3.6300   3.6380   3.6464   3.6466   3.6522   3.6747   3.6833   3.6914
  3.6978   3.7054   3.7072   3.7323   3.7395   3.7413   3.7669   3.7770
  3.7807   3.7832   3.8071   3.8113   3.8388   3.8569   3.8572   3.8831
  3.8893   3.9195   3.9228   3.9349   3.9556   3.9743   3.9781   3.9943
  4.0114   4.0187   4.0218   4.0339   4.0346   4.0503   4.0531   4.0713
  4.0833   4.0847   4.1008   4.1215   4.1316   4.1575   4.2084   4.2093
  4.2144   4.2557   4.2618   4.2671   4.3084   4.3156   4.3361   4.3764
  4.4027   4.4350   4.4623   4.4853   4.4988   4.5061   4.5064   4.5173
  4.5294   4.5576   4.5713   4.6210   4.6557   4.7085   4.7117   4.7304
  4.7479   4.7893   4.8055   4.8104   4.8435   4.8997   4.9419   4.9695
  4.9976   5.0450   5.0705   5.1093   5.1132   5.1389   5.1464   5.1752
  5.2076   5.2583   5.2651   5.2691   5.2901   5.3018   5.3167   5.3337
  5.3499   5.3760   5.3767   5.3997   5.4108   5.4189   5.4393   5.4765
  5.4836   5.4950   5.5034   5.5196   5.5238   5.5260   5.5542   5.5675
  5.5758   5.5886   5.5892   5.6022   5.6292   5.6305   5.6604   5.6640
  5.6657   5.6827   5.6879   5.6973   5.7059   5.7272   5.7365   5.7565
  5.7663   5.7937   5.7959   5.8344   5.8397   5.8475   5.8729   5.8740
  5.8952   5.9058   5.9127   5.9201   5.9288   5.9643   5.9662   5.9739
  5.9838   5.9895   6.0201   6.0243   6.0396   6.0418   6.0602   6.0780
  6.0848   6.1048   6.1104   6.1140   6.1148   6.1157   6.1323   6.1395
  6.1483   6.1560   6.1638   6.1705   6.1864   6.1968   6.1995   6.2090
  6.2174   6.2278   6.2425   6.2438   6.2468   6.2608   6.2651   6.2674
  6.2819   6.2899   6.3075   6.3151   6.3178   6.3252   6.3321   6.3487
  6.3538   6.3691   6.3713   6.3727   6.3930   6.4094   6.4149   6.4159
  6.4164   6.4266   6.4284   6.4414   6.4457   6.4499   6.4673   6.4694
  6.4761   6.4828   6.4834   6.4961   6.4971   6.5049   6.5139   6.5189
  6.5229   6.5379   6.5418   6.5582   6.5598   6.5667   6.5739   6.5780
  6.5904   6.6009   6.6141   6.6202   6.6274   6.6302   6.6309   6.6470
  6.6604   6.6648   6.6654   6.6675   6.6767   6.6812   6.6819   6.6904
  6.7044   6.7164   6.7202   6.7223   6.7368   6.7475   6.7547   6.7637
  6.7708   6.7846   6.7912   6.8218   6.8535   6.8620   6.8706   6.8723
  6.8774   6.8781   6.8972   6.9028   6.9074   6.9135   6.9248   6.9283
  6.9360   6.9498   6.9505   6.9528   6.9716   6.9745   6.9769   7.0116
  7.0157   7.0161   7.0345   7.0377   7.0482   7.0495   7.0652   7.0729
  7.0844   7.0860   7.0891   7.1108   7.1145   7.1190   7.1320   7.1391
  7.1623   7.1926   7.1989   7.2050   7.2447   7.2756   7.2847   7.2865
  7.2995   7.3070   7.3138   7.3258   7.3280   7.3513   7.3817   7.4111
  7.4131   7.4158   7.4173   7.4262   7.4457   7.4544   7.4562   7.4798
  7.4884   7.5420   7.5469   7.5609   7.5916   7.6080   7.6551   7.6822
  7.6854   7.7227   7.7378   7.7493   7.7576   7.7646   7.7656   7.7765
  7.7909   7.8252   7.8278   7.8300   7.8358   7.8369   7.8500   7.8539
  7.8590   7.8740   7.8859   7.8926   7.8935   7.9113   7.9173   7.9274
  7.9281   7.9764   7.9931   8.0311   8.0625   8.0693   8.0997   8.1039
  8.1103   8.1310   8.1574   8.1695   8.1701   8.1817   8.2017   8.2038
  8.2149   8.2189   8.2204   8.2309   8.2344   8.2525   8.2551   8.2601
  8.2630   8.2716   8.2815   8.2936   8.2964   8.3118   8.3248   8.3762
  8.3886   8.3900   8.4024   8.4078   8.4226   8.4262   8.4300   8.4404
  8.4412   8.4452   8.4598   8.4626   8.4864   8.4957   8.5169   8.5416
  8.5688   8.6072   8.6188   8.6314   8.6428   8.6442   8.6496   8.6758
  8.6801   8.6948   8.6954   8.7056   8.7084   8.7150   8.7497   8.7566
  8.7665   8.7913   8.7989   8.8051   8.8117   8.8357   8.8411   8.8715
  8.8798   8.8832   8.8884   8.9041   8.9055   8.9119   8.9131   8.9267
  8.9305   8.9367   8.9394   8.9522   8.9575   8.9599   8.9655   8.9796
  8.9799   9.0022   9.0046   9.0198   9.0217   9.0338   9.0579   9.0602
  9.0697   9.0939   9.0990   9.1009   9.1249   9.1493   9.1534   9.1785
  9.1804   9.1915   9.2015   9.2124   9.2466   9.2485   9.2547   9.2729
  9.2747   9.2981   9.3049   9.3264   9.3384   9.3422   9.3532   9.3550
  9.3600   9.3659   9.3720   9.3788   9.4019   9.4084   9.4087   9.4095
  9.4155   9.4243   9.4263   9.4506   9.4518   9.4582   9.4674   9.5101
  9.5792   9.5804   9.6758   9.8716   9.8948   9.9319   9.9994  10.0031
 10.0198  10.0318  10.0385  10.0933  10.0997  10.1110  10.1161  10.1334
 10.1893  10.2542  10.2620  10.2779  10.3108  10.3123  10.3217  10.3358
 10.3385  10.3905  10.4340  10.4384  10.4474  10.4498  10.4527  10.4636
 10.4643  10.4744  10.4943  10.4955  10.4955  10.5482  10.5927  10.5938
 10.6209  10.6492  10.7394  10.7515  10.8061  10.8283  10.8376  10.8531
 10.8542  10.8741  10.8914  10.9124  10.9210  11.0101  11.1098  11.1266
 11.1333  11.1550  11.1962  11.3150  11.3406  11.4903  11.5474  11.5720
 11.8938  11.9720  12.3371  12.3643  12.3717  12.3948  12.4338  12.4525
 12.4608  12.4990  12.5196  12.5429  12.5902  12.6950  12.7834  12.9323
 12.9951  13.0470  13.0979  13.1659  13.2539  13.4277  13.5247  13.5408
 13.5452  13.5963  13.6746  14.5274  14.8038  17.5644  28.6286  29.0081
 29.2640  29.3151  29.6701  29.6827  29.7207  29.8190  29.8440  30.1380
 49.1208  59.5644 150.5730 150.9287 151.1676 151.2080 151.5379 151.5927
151.6454 151.6844 151.7650 152.0217 258.2407 321.2449
 --------------------------------------------------------------
 
          Ground-State Mulliken Net Atomic Charges

     Atom                 Charge (a.u.)    Spin (a.u.)
  --------------------------------------------------------
      1 O                    -0.227766       0.819461
      2 C                     0.001021       0.528092
      3 Si                    0.425033       0.154230
      4 C                    -0.577545       0.033236
      5 C                    -0.592200       0.033052
      6 C                    -0.565790       0.000888
      7 C                     0.232050      -0.005813
      8 C                    -0.313881       0.209898
      9 C                    -0.230815      -0.094230
     10 C                    -0.281056       0.230705
     11 C                    -0.225595      -0.093839
     12 C                    -0.276655       0.185399
     13 H                     0.160047      -0.002570
     14 H                     0.176152       0.008134
     15 H                     0.200021      -0.003893
     16 H                     0.177038       0.008456
     17 H                     0.173111      -0.002718
     18 H                     0.202778      -0.004097
     19 H                     0.170261      -0.001964
     20 H                     0.168673      -0.000518
     21 H                     0.182910      -0.001949
     22 H                     0.190000       0.009836
     23 H                     0.217330       0.001039
     24 H                     0.193773      -0.007545
     25 H                     0.214684      -0.000079
     26 H                     0.206420      -0.003216
  --------------------------------------------------------
  Sum of atomic charges =    -0.000000
  Sum of spin   charges =     2.000000

 -----------------------------------------------------------------
                    Cartesian Multipole Moments
 -----------------------------------------------------------------
    Charge (ESU x 10^10)
                -0.0000
    Dipole Moment (Debye)
         X      -1.8781      Y       1.1090      Z      -1.2331
       Tot       2.5056
    Quadrupole Moments (Debye-Ang)
        XX     -74.3244     XY      -1.4515     YY     -82.2448
        XZ       0.5723     YZ      -0.5911     ZZ     -82.1609
    Octopole Moments (Debye-Ang^2)
       XXX     -44.4153    XXY       7.1397    XYY     -21.4569
       YYY      28.7333    XXZ     -12.2407    XYZ      -9.7305
       YYZ     -12.5347    XZZ     -14.1700    YZZ      17.9176
       ZZZ     -36.6659
    Hexadecapole Moments (Debye-Ang^3)
      XXXX   -2581.3481   XXXY      31.6929   XXYY    -543.4733
      XYYY      72.8747   YYYY    -517.4728   XXXZ     120.4201
      XXYZ       1.0954   XYYZ      46.2133   YYYZ      92.4595
      XXZZ    -556.3407   XYZZ      17.8285   YYZZ    -192.6754
      XZZZ     111.5631   YZZZ      91.1128   ZZZZ    -663.8726
 -----------------------------------------------------------------
 Total job time:  187.63s(wall), 5717.05s(cpu) 
 Tue Dec  3 10:38:38 2024

        *************************************************************
        *                                                           *
        *  Thank you very much for using Q-Chem.  Have a nice day.  *
        *                                                           *
        *************************************************************


