
Running Job 1 of 1 SIL2-P1_rdkit_conf_1_wb97xd-B97mV.in
qchem SIL2-P1_rdkit_conf_1_wb97xd-B97mV.in_2928784.0 /expanse/lustre/scratch/whughes/temp_project/job_35550597/SIL2-P1_rdkit_conf_1_wb97xd-B97mV-35550597/ 0
/cm/shared/apps/spack/0.17.3/cpu/b/opt/spack/linux-rocky8-zen2/gcc-10.2.0/qchem-6.0-rytxnwjazd34ekd2gqyi5ufsaimxsd3r/exe/qcprog.exe_s SIL2-P1_rdkit_conf_1_wb97xd-B97mV.in_2928784.0 /expanse/lustre/scratch/whughes/temp_project/job_35550597/SIL2-P1_rdkit_conf_1_wb97xd-B97mV-35550597/
                  Welcome to Q-Chem
     A Quantum Leap Into The Future Of Chemistry


 Q-Chem 6.0, Q-Chem, Inc., Pleasanton, CA (2022)

 License issued to: University of California, San Diego (site)

 E. Epifanovsky,  A. T. B. Gilbert,  Xintian Feng,  Joonho Lee,  Yuezhi Mao,  
 N. Mardirossian,  P. Pokhilko,  A. White,  M. Wormit,  M. P. Coons,  
 A. L. Dempwolff,  Zhengting Gan,  D. Hait,  P. R. Horn,  L. D. Jacobson,  
 I. Kaliman,  J. Kussmann,  A. W. Lange,  Ka Un Lao,  D. S. Levine,  Jie Liu,  
 S. C. McKenzie,  A. F. Morrison,  K. Nanda,  F. Plasser,  D. R. Rehn,  
 M. L. Vidal,  Zhi-Qiang You,  Ying Zhu,  B. Alam,  B. Albrecht,  
 A. Aldossary,  E. Alguire,  J. H. Andersen,  V. Athavale,  D. Barton,  
 K. Begam,  A. Behn,  N. Bellonzi,  Y. A. Bernard,  E. J. Berquist,  
 H. Burton,  A. Carreras,  K. Carter-Fenk,  Romit Chakraborty,  
 Chandrima Chakravarty,  Junhan Chen,  A. D. Chien,  K. D. Closser,  
 V. Cofer-Shabica,  L. Cunha,  S. Dasgupta,  Jia Deng,  M. de Wergifosse,  
 M. Diedenhofen,  Hainam Do,  S. Ehlert,  Po-Tung Fang,  S. Fatehi,  
 Qingguo Feng,  T. Friedhoff,  B. Ganoe,  J. Gayvert,  Qinghui Ge,  
 G. Gidofalvi,  M. Goldey,  J. Gomes,  C. Gonzalez-Espinoza,  S. Gulania,  
 A. Gunina,  J. A. Gyamfi,  M. W. D. Hanson-Heine,  P. H. P. Harbach,  
 A. W. Hauser,  M. F. Herbst,  M. Hernandez Vera,  M. Hodecker,  
 Z. C. Holden,  S. Houck,  Xunkun Huang,  Kerwin Hui,  B. C. Huynh,  
 K. Ikeda,  M. Ivanov,  Hyunjun Ji,  Zuxin Jin,  Hanjie Jiang,  B. Kaduk,  
 S. Kaehler,  R. Kang,  K. Khistyaev,  Jaehoon Kim,  Yongbin Kim,  
 P. Klunzinger,  Z. Koczor-Benda,  Joong Hoon Koh,  D. Kosenkov,  
 Saikiran Kotaru,  L. Koulias,  T. Kowalczyk,  C. M. Krauter,  K. Kue,  
 A. Kunitsa,  T. Kus,  A. Landau,  K. V. Lawler,  D. Lefrancois,  S. Lehtola,  
 Rain Li,  Shaozhi Li,  Yi-Pei Li,  Jiashu Liang,  M. Liebenthal,  
 Hung-Hsuan Lin,  You-Sheng Lin,  Fenglai Liu,  Kuan-Yu Liu,  
 M. Loipersberger,  A. Luenser,  C. Malbon,  A. Manjanath,  P. Manohar,  
 E. Mansoor,  S. F. Manzer,  Shan-Ping Mao,  A. V. Marenich,  T. Markovich,  
 S. Mason,  F. Matz,  S. A. Maurer,  P. F. McLaughlin,  M. F. S. J. Menger,  
 J.-M. Mewes,  S. A. Mewes,  P. Morgante,  Mohammad Mostafanejad,  
 J. W. Mullinax,  K. J. Oosterbaan,  G. Paran,  V. Parravicini,  
 Alexander C. Paul,  Suranjan K. Paul,  F. Pavosevic,  Zheng Pei,  S. Prager,  
 E. I. Proynov,  E. Ramos,  B. Rana,  A. E. Rask,  A. Rettig,  R. M. Richard,  
 F. Rob,  E. Rossomme,  T. Scheele,  M. Scheurer,  M. Schneider,  
 P. E. Schneider,  N. Sergueev,  S. M. Sharada,  Hengyuan Shen,  
 W. Skomorowski,  D. W. Small,  C. J. Stein,  Yingli Su,  Yu-Chuan Su,  
 E. J. Sundstrom,  Zhen Tao,  J. Thirman,  Hung-Yi Tsai,  T. Tsuchimochi,  
 N. M. Tubman,  C. Utku,  S. P. Veccham,  O. Vydrov,  J. Wenzel,  
 Jonathan Wong,  J. Witte,  A. Yamada,  Chou-Hsun Yang,  Kun Yao,  
 S. Yeganeh,  S. R. Yost,  A. Zech,  F. Zeller,  Igor Ying Zhang,  
 Xing Zhang,  Yu Zhang,  D. Zuev,  A. Aspuru-Guzik,  A. T. Bell,  
 N. A. Besley,  K. B. Bravaya,  B. R. Brooks,  D. Casanova,  Jeng-Da Chai,  
 Hsing-Ta Chen,  S. Coriani,  C. J. Cramer,  A. E. DePrince, III,  
 R. A. DiStasio Jr.,  A. Dreuw,  B. D. Dunietz,  T. R. Furlani,  
 W. A. Goddard III,  S. Grimme,  S. Hammes-Schiffer,  T. Head-Gordon,  
 W. J. Hehre,  Chao-Ping Hsu,  T.-C. Jagau,  Yousung Jung,  A. Klamt,  
 Jing Kong,  D. S. Lambrecht,  Xiangyuan Li,  WanZhen Liang,  N. J. Mayhall,  
 C. W. McCurdy,  J. B. Neaton,  T. Neudecker,  C. Ochsenfeld,  
 J. A. Parkhill,  R. Peverati,  V. A. Rassolov,  Haisheng Ren,  Yihan Shao,  
 L. V. Slipchenko,  R. P. Steele,  J. E. Subotnik,  A. J. W. Thom,  
 A. Tkatchenko,  D. G. Truhlar,  T. Van Voorhis,  Fan Wang,  
 T. A. Wesolowski,  K. B. Whaley,  H. L. Woodcock III,  P. M. Zimmerman,  
 S. Faraji,  P. M. W. Gill,  M. Head-Gordon,  J. M. Herbert,  A. I. Krylov

 Contributors to earlier versions of Q-Chem not listed above: 
 R. D. Adamson,  B. Austin,  R. Baer,  J. Baker,  G. J. O. Beran,  
 K. Brandhorst,  S. T. Brown,  E. F. C. Byrd,  Arup K. Chakraborty,  
 G. K. L. Chan,  Chun-Min Chang,  Yunqing Chen,  C.-L. Cheng,  
 Siu Hung Chien,  D. M. Chipman,  D. L. Crittenden,  H. Dachsel,  
 R. J. Doerksen,  A. D. Dutoi,  R. G. Edgar,  J. Fosso-Tande,  
 L. Fusti-Molnar,  D. Ghosh,  A. Ghysels,  A. Golubeva-Zadorozhnaya,  
 J. Gonthier,  M. S. Gordon,  S. R. Gwaltney,  G. Hawkins,  J. E. Herr,  
 A. Heyden,  S. Hirata,  E. G. Hohenstein,  G. Kedziora,  F. J. Keil,  
 C. Kelley,  Jihan Kim,  R. A. King,  R. Z. Khaliullin,  P. P. Korambath,  
 W. Kurlancheek,  A. Laurent,  A. M. Lee,  M. S. Lee,  S. V. Levchenko,  
 Ching Yeh Lin,  D. Liotard,  E. Livshits,  R. C. Lochan,  I. Lotan,  
 L. A. Martinez-Martinez,  P. E. Maslen,  N. Nair,  D. P. O'Neill,  
 D. Neuhauser,  E. Neuscamman,  C. M. Oana,  R. Olivares-Amaya,  R. Olson,  
 T. M. Perrine,  B. Peters,  P. A. Pieniazek,  A. Prociuk,  Y. M. Rhee,  
 J. Ritchie,  M. A. Rohrdanz,  E. Rosta,  N. J. Russ,  H. F. Schaefer III,  
 M. W. Schmidt,  N. E. Schultz,  S. Sharma,  N. Shenvi,  C. D. Sherrill,  
 A. C. Simmonett,  A. Sodt,  T. Stein,  D. Stuck,  K. S. Thanthiriwatte,  
 V. Vanovschi,  L. Vogt,  Tao Wang,  A. Warshel,  M. A. Watson,  
 C. F. Williams,  Q. Wu,  X. Xu,  Jun Yang,  W. Zhang,  Yan Zhao

   Please cite Q-Chem as follows:
  "Software for the frontiers of quantum chemistry:
   An overview of developments in the Q-Chem 5 package"
   J. Chem. Phys. 155, 084801 (2021)
   https://doi.org/10.1063/5.0055522 (open access)

 Q-Chem 6.0.2 for Intel X86 EM64T Linux

 Parts of Q-Chem use Armadillo 9.900.5 (Nocturnal Misbehaviour).
 http://arma.sourceforge.net/

 Q-Chem begins on Tue Dec  3 10:40:40 2024  

 Host: 
0

     Scratch files written to /expanse/lustre/scratch/whughes/temp_project/job_35550597/SIL2-P1_rdkit_conf_1_wb97xd-B97mV-35550597//
 Dec722 |scratch|qcdevops|jenkins|workspace|build_RNUM    
 Processing $rem in /cm/shared/apps/spack/0.17.3/cpu/b/opt/spack/linux-rocky8-zen2/gcc-10.2.0/qchem-6.0-rytxnwjazd34ekd2gqyi5ufsaimxsd3r/config/preferences:
 Processing $rem in /home/whughes/.qchemrc:

 Checking the input file for inconsistencies... 	...done.

--------------------------------------------------------------
User input:
--------------------------------------------------------------
$molecule
0 3
C    2.9664573086    0.2585288594    0.7583353631
C    1.9813553378    -0.443265614    -0.0943759158
O    0.9967408511    0.1482491572    -0.7627761602
Si   -0.6282417718   -0.0447602097   -0.3515414274
C    -1.1066893183   -1.8244124028   -0.613250224
C    -0.8494008386   0.4463901431    1.4332830434
C    -1.5403569809   1.0930620445    -1.5044114945
H    3.5210355223    1.0132180522    0.1852390675
H    2.4832519794    0.7679958389    1.6037936233
H    3.6850174233    -0.4548913037   1.1605570528
H    -2.1587560226   -1.9859162908   -0.3663934732
H    -0.9526956766   -2.1225374981   -1.6520909781
H    -0.5059029451   -2.4812623956   0.0191635829
H    -0.2406396576   -0.1832491176   2.0858248354
H    -0.5586838662   1.4862408371    1.5955707537
H    -1.8923202354   0.3363588498    1.739891611
H    -2.6171871663   1.0380230378    -1.3283125625
H    -1.3551985757   0.8229443878    -2.5457456493
H    -1.2277853674   2.1292836244    -1.3627610481
$end

$rem
METHOD      B97M-V
BASIS       def2-QZVPP
SYM_IGNORE   TRUE
DFT_D       false
MAX_SCF_CYCLES 300
$end

$end
--------------------------------------------------------------
 ----------------------------------------------------------------
             Standard Nuclear Orientation (Angstroms)
    I     Atom           X                Y                Z
 ----------------------------------------------------------------
    1      C       2.9664573086     0.2585288594     0.7583353631
    2      C       1.9813553378    -0.4432656140    -0.0943759158
    3      O       0.9967408511     0.1482491572    -0.7627761602
    4      Si     -0.6282417718    -0.0447602097    -0.3515414274
    5      C      -1.1066893183    -1.8244124028    -0.6132502240
    6      C      -0.8494008386     0.4463901431     1.4332830434
    7      C      -1.5403569809     1.0930620445    -1.5044114945
    8      H       3.5210355223     1.0132180522     0.1852390675
    9      H       2.4832519794     0.7679958389     1.6037936233
   10      H       3.6850174233    -0.4548913037     1.1605570528
   11      H      -2.1587560226    -1.9859162908    -0.3663934732
   12      H      -0.9526956766    -2.1225374981    -1.6520909781
   13      H      -0.5059029451    -2.4812623956     0.0191635829
   14      H      -0.2406396576    -0.1832491176     2.0858248354
   15      H      -0.5586838662     1.4862408371     1.5955707537
   16      H      -1.8923202354     0.3363588498     1.7398916110
   17      H      -2.6171871663     1.0380230378    -1.3283125625
   18      H      -1.3551985757     0.8229443878    -2.5457456493
   19      H      -1.2277853674     2.1292836244    -1.3627610481
 ----------------------------------------------------------------
 Nuclear Repulsion Energy =         384.20113725 hartrees
 There are       33 alpha and       31 beta electrons
 Requested basis set is def2-QZVPP
 There are 244 shells and 772 basis functions

 Total QAlloc Memory Limit   8000 MB
 Mega-Array Size       188 MB
 MEM_STATIC part       192 MB

 A cutoff of  1.0D-09 yielded  21284 shell pairs
 There are    202200 function pairs (    293858 Cartesian)
 Smallest overlap matrix eigenvalue = 5.81E-05

 Scale SEOQF with 1.000000e-01/1.000000e-01/1.000000e-01

 Standard Electronic Orientation quadrupole field applied
 Nucleus-field energy     =     0.0000000030 hartrees
 Guess from superposition of atomic densities
 Warning:  Energy on first SCF cycle will be non-variational
 SAD guess density has 64.000000 electrons

 -----------------------------------------------------------------------
  General SCF calculation program by
  Eric Jon Sundstrom, Paul Horn, Yuezhi Mao, Dmitri Zuev, Alec White,
  David Stuck, Shaama M.S., Shane Yost, Joonho Lee, David Small,
  Daniel Levine, Susi Lehtola, Hugh Burton, Evgeny Epifanovsky,
  Bang C. Huynh
 -----------------------------------------------------------------------
 Exchange:  B97M-V      Correlation:  B97M-V
 Using SG-2 standard quadrature grid
 Nonlocal Correlation:  VV10 with C = 0.0100 and b = 6.00 and scale = 1.00000
 Grid used for NLC:  SG-1 standard quadrature
 using 32 threads for integral computing
 -------------------------------------------------------
 OpenMP Integral computing Module                
 Release: version 1.0, May 2013, Q-Chem Inc. Pittsburgh 
 -------------------------------------------------------
 A unrestricted SCF calculation will be
 performed using DIIS
 SCF converges when DIIS error is below 1.0e-05
 ---------------------------------------
  Cycle       Energy         DIIS error
 ---------------------------------------
    1    -563.1065565344      5.78e-03  
    2    -562.1821206627      9.86e-04  
    3    -562.0895070134      1.10e-03  
    4    -562.4543419042      1.71e-04  
    5    -562.4586361640      1.11e-04  
    6    -562.4615405522      1.99e-05  
    7    -562.4616334987      8.70e-06  Convergence criterion met
 ---------------------------------------
 SCF time:   CPU 1846.28s  wall 59.00s 
<S^2> =          2.007249407
 SCF   energy in the final basis set =     -562.4616334987
 Total energy in the final basis set =     -562.4616334987
 
 --------------------------------------------------------------
 
                    Orbital Energies (a.u.)
 --------------------------------------------------------------
 
 Alpha MOs
 -- Occupied --
-66.1881 -19.1743 -10.2313 -10.1818 -10.1568 -10.1567 -10.1549  -5.3027
 -3.5805  -3.5772  -3.5770  -1.0431  -0.7283  -0.6976  -0.6667  -0.6650
 -0.5760  -0.4586  -0.4214  -0.4146  -0.4067  -0.3887  -0.3867  -0.3846
 -0.3724  -0.3701  -0.3622  -0.3531  -0.3433  -0.2844  -0.2805  -0.1927
 -0.1296
 -- Virtual --
 -0.0047   0.0201   0.0292   0.0345   0.0417   0.0530   0.0580   0.0605
  0.0782   0.0811   0.0906   0.0938   0.0969   0.1010   0.1072   0.1091
  0.1121   0.1170   0.1277   0.1344   0.1396   0.1465   0.1607   0.1732
  0.1839   0.1911   0.2026   0.2123   0.2257   0.2286   0.2362   0.2542
  0.2634   0.2673   0.2708   0.2765   0.2840   0.2877   0.2975   0.2998
  0.3094   0.3173   0.3240   0.3286   0.3328   0.3373   0.3531   0.3610
  0.3626   0.3751   0.3819   0.3987   0.4227   0.4405   0.4576   0.4621
  0.4700   0.4898   0.4918   0.4986   0.5082   0.5189   0.5239   0.5424
  0.5478   0.5596   0.5674   0.5739   0.5812   0.5923   0.6111   0.6155
  0.6376   0.6469   0.6521   0.6590   0.6681   0.6731   0.6773   0.6894
  0.6956   0.7034   0.7201   0.7246   0.7390   0.7401   0.7549   0.7625
  0.7778   0.7873   0.7898   0.7966   0.8132   0.8200   0.8269   0.8337
  0.8361   0.8408   0.8456   0.8497   0.8552   0.8639   0.8707   0.8768
  0.8942   0.9107   0.9120   0.9385   0.9404   0.9530   0.9662   0.9823
  0.9943   0.9984   1.0057   1.0153   1.0174   1.0212   1.0295   1.0372
  1.0478   1.0614   1.0672   1.0694   1.0774   1.0908   1.1024   1.1128
  1.1253   1.1335   1.1426   1.1530   1.1579   1.1740   1.1800   1.1876
  1.1939   1.2101   1.2295   1.2506   1.2562   1.2705   1.2766   1.2943
  1.3066   1.3222   1.3241   1.3700   1.3749   1.3845   1.3996   1.4119
  1.4177   1.4344   1.4508   1.4614   1.4739   1.4810   1.4977   1.5084
  1.5280   1.5412   1.5528   1.5631   1.5755   1.5758   1.6083   1.6293
  1.6576   1.6853   1.7096   1.7241   1.7542   1.8013   1.8173   1.8352
  1.8471   1.8485   1.8627   1.8662   1.8758   1.8870   1.8952   1.9083
  1.9270   1.9363   1.9399   1.9500   1.9603   1.9709   1.9776   1.9892
  1.9993   2.0024   2.0117   2.0184   2.0250   2.0450   2.0555   2.0649
  2.0767   2.0832   2.0840   2.1037   2.1190   2.1327   2.1425   2.1430
  2.1588   2.1688   2.1713   2.1778   2.1875   2.1974   2.2051   2.2130
  2.2159   2.2331   2.2439   2.2555   2.2614   2.2681   2.2757   2.2863
  2.2935   2.2971   2.3009   2.3096   2.3156   2.3290   2.3420   2.3466
  2.3797   2.3804   2.4005   2.4117   2.4250   2.4296   2.4356   2.4402
  2.4657   2.4714   2.4807   2.4922   2.5038   2.5191   2.5434   2.5496
  2.5818   2.5862   2.5884   2.5989   2.6069   2.6164   2.6299   2.6399
  2.6474   2.6560   2.6651   2.6861   2.6918   2.7090   2.7130   2.7258
  2.7327   2.7419   2.7501   2.7708   2.7888   2.8014   2.8103   2.8401
  2.8440   2.8626   2.8643   2.8801   2.8872   2.8928   2.9086   2.9203
  2.9390   2.9583   2.9801   2.9919   2.9951   3.0054   3.0101   3.0194
  3.0356   3.0369   3.0465   3.0547   3.0569   3.0677   3.0728   3.1023
  3.1090   3.1120   3.1320   3.1408   3.1467   3.1738   3.1863   3.1980
  3.2156   3.2182   3.2295   3.2352   3.2614   3.2781   3.2802   3.3092
  3.3163   3.3419   3.3614   3.3748   3.3814   3.3844   3.3988   3.4108
  3.4283   3.4410   3.4643   3.4780   3.4955   3.5132   3.5294   3.5514
  3.5621   3.5840   3.5890   3.5960   3.6066   3.6276   3.6354   3.6687
  3.6806   3.6989   3.7168   3.7410   3.7445   3.7716   3.7944   3.8081
  3.8328   3.8463   3.8617   3.8799   3.8890   3.9060   3.9150   3.9368
  3.9618   3.9786   3.9987   4.0060   4.0232   4.0352   4.0477   4.0494
  4.0572   4.0724   4.0777   4.0902   4.0967   4.1474   4.2527   4.3088
  4.3156   4.3433   4.3883   4.4168   4.4438   4.4677   4.4745   4.4907
  4.4988   4.5122   4.6094   4.6175   4.6793   4.7223   4.7359   4.7838
  4.8203   4.9101   4.9428   5.0927   5.1390   5.2003   5.2588   5.2812
  5.3025   5.3370   5.4185   5.4449   5.4634   5.5334   5.5445   5.5547
  5.5675   5.5781   5.5899   5.6255   5.6371   5.6394   5.6834   5.6925
  5.7032   5.7325   5.7825   5.8043   5.8222   5.8429   5.8841   5.9391
  5.9564   5.9670   5.9707   5.9805   5.9863   6.0021   6.0156   6.0190
  6.0483   6.0577   6.0598   6.0827   6.0943   6.0968   6.1124   6.1182
  6.1205   6.1275   6.1531   6.1636   6.1703   6.2036   6.2069   6.2135
  6.2209   6.2304   6.2440   6.2497   6.2578   6.2717   6.3095   6.3188
  6.3259   6.3300   6.3368   6.3555   6.3621   6.3838   6.3875   6.4066
  6.4089   6.4181   6.4248   6.4337   6.4398   6.4634   6.4676   6.4738
  6.4843   6.5073   6.5159   6.5380   6.5605   6.5781   6.5880   6.5927
  6.6141   6.6303   6.6372   6.6521   6.6555   6.6641   6.6772   6.6778
  6.6788   6.6834   6.6984   6.7058   6.7118   6.7130   6.7552   6.7592
  6.7656   6.7923   6.8217   6.8754   6.8772   6.8822   6.8896   6.8923
  6.9114   6.9263   6.9312   6.9390   6.9465   6.9513   6.9532   6.9996
  7.0153   7.0224   7.0591   7.0758   7.0803   7.0857   7.1030   7.1176
  7.1305   7.1398   7.1639   7.1946   7.2443   7.2515   7.2774   7.2953
  7.3101   7.3722   7.3856   7.4068   7.4147   7.4309   7.4329   7.4546
  7.4581   7.5357   7.5734   7.6307   7.7222   7.7335   7.7437   7.7498
  7.7670   7.7715   7.7782   7.7948   7.8108   7.8381   7.8406   7.8439
  7.8539   7.8633   7.8836   7.8995   7.9066   7.9132   7.9232   8.0477
  8.0672   8.1002   8.1092   8.1107   8.1348   8.1619   8.1711   8.1845
  8.1919   8.1948   8.2102   8.2158   8.2170   8.2265   8.2332   8.2402
  8.2447   8.2495   8.2527   8.2574   8.2617   8.2716   8.2760   8.2829
  8.2935   8.3833   8.3943   8.3996   8.4081   8.4116   8.4219   8.4304
  8.4367   8.4431   8.4496   8.4604   8.4700   8.6134   8.6185   8.6229
  8.6382   8.6483   8.6543   8.6878   8.6983   8.8349   8.8462   8.8709
  8.8905   8.8948   8.9016   8.9065   8.9173   8.9216   8.9361   8.9471
  8.9493   8.9541   8.9558   8.9572   8.9670   8.9823   8.9899   9.0195
  9.0234   9.0325   9.0329   9.0402   9.0768   9.1042   9.1289   9.1398
  9.1432   9.1736   9.1853   9.1907   9.2015   9.2506   9.3014   9.3068
  9.3100   9.3155   9.3237   9.3433   9.3555   9.3576   9.3629   9.3641
  9.3859   9.3904   9.3962   9.4108   9.4175   9.4208   9.4231   9.4251
  9.4373   9.4380   9.4524   9.5089   9.6387   9.6590   9.8687   9.9159
  9.9375   9.9863  10.0118  10.0192  10.0777  10.0921  10.0987  10.1378
 10.1950  10.2636  10.3026  10.3237  10.3347  10.4066  10.4102  10.4321
 10.4449  10.4507  10.4533  10.4553  10.4648  10.4760  10.4797  10.4855
 10.4876  10.6976  10.7444  10.7762  10.8442  10.8474  10.8650  10.8722
 10.8816  10.8992  10.9075  10.9327  10.9920  11.1096  11.1365  11.1493
 11.6928  11.7282  12.0791  12.1142  12.1724  12.2706  12.3241  12.3718
 12.4013  12.4147  12.4411  12.4445  12.4754  12.5144  12.5500  12.8279
 12.8474  13.0221  13.0427  13.1854  13.2559  13.3885  13.4344  13.5319
 13.5522  13.5768  14.1751  14.8507  17.5411  28.5953  29.6620  29.6675
 29.7467  29.8030  49.1136  59.5111 150.4773 151.5832 151.5907 151.6777
151.7276 258.2643 321.1554
 
 Beta MOs
 -- Occupied --
-66.1879 -19.1666 -10.2028 -10.1805 -10.1567 -10.1567 -10.1549  -5.3025
 -3.5800  -3.5769  -3.5767  -1.0254  -0.7097  -0.6962  -0.6665  -0.6648
 -0.5513  -0.4312  -0.4038  -0.4001  -0.3956  -0.3868  -0.3839  -0.3785
 -0.3704  -0.3677  -0.3620  -0.3407  -0.3263  -0.2818  -0.2744
 -- Virtual --
 -0.0821  -0.0202  -0.0005   0.0243   0.0324   0.0394   0.0443   0.0546
  0.0599   0.0663   0.0833   0.0861   0.0947   0.0979   0.1000   0.1056
  0.1089   0.1122   0.1152   0.1211   0.1315   0.1399   0.1492   0.1572
  0.1737   0.1774   0.1935   0.1978   0.2045   0.2208   0.2265   0.2376
  0.2466   0.2572   0.2675   0.2712   0.2745   0.2789   0.2890   0.2942
  0.3058   0.3077   0.3146   0.3230   0.3291   0.3363   0.3440   0.3494
  0.3570   0.3645   0.3742   0.3848   0.3902   0.4201   0.4328   0.4463
  0.4644   0.4706   0.4792   0.4983   0.5007   0.5063   0.5130   0.5233
  0.5298   0.5481   0.5547   0.5665   0.5754   0.5812   0.5898   0.5981
  0.6181   0.6237   0.6449   0.6501   0.6587   0.6622   0.6744   0.6785
  0.6842   0.6960   0.7001   0.7072   0.7278   0.7310   0.7467   0.7530
  0.7676   0.7804   0.7857   0.7957   0.8021   0.8117   0.8223   0.8277
  0.8339   0.8360   0.8416   0.8437   0.8503   0.8551   0.8598   0.8713
  0.8825   0.8861   0.9054   0.9193   0.9236   0.9526   0.9589   0.9643
  0.9744   0.9893   1.0000   1.0041   1.0120   1.0191   1.0262   1.0307
  1.0377   1.0470   1.0542   1.0672   1.0733   1.0767   1.0880   1.0990
  1.1122   1.1175   1.1318   1.1422   1.1506   1.1602   1.1662   1.1823
  1.1866   1.1913   1.1990   1.2211   1.2385   1.2565   1.2625   1.2748
  1.2860   1.3008   1.3121   1.3321   1.3361   1.3776   1.3868   1.3976
  1.4103   1.4185   1.4241   1.4392   1.4558   1.4688   1.4807   1.4886
  1.5049   1.5229   1.5338   1.5464   1.5566   1.5695   1.5807   1.5915
  1.6196   1.6354   1.6734   1.7064   1.7166   1.7371   1.7731   1.8232
  1.8364   1.8455   1.8501   1.8616   1.8729   1.8882   1.8915   1.9022
  1.9111   1.9329   1.9404   1.9457   1.9509   1.9604   1.9687   1.9830
  1.9947   2.0011   2.0057   2.0124   2.0223   2.0316   2.0432   2.0617
  2.0657   2.0775   2.0946   2.0988   2.1110   2.1278   2.1350   2.1460
  2.1485   2.1604   2.1723   2.1814   2.1835   2.1924   2.2022   2.2160
  2.2182   2.2262   2.2359   2.2463   2.2583   2.2628   2.2705   2.2858
  2.2902   2.3001   2.3035   2.3122   2.3156   2.3298   2.3352   2.3412
  2.3632   2.3681   2.3910   2.3931   2.4102   2.4210   2.4397   2.4453
  2.4576   2.4640   2.4781   2.4852   2.4944   2.5085   2.5182   2.5344
  2.5572   2.5677   2.5860   2.5923   2.6010   2.6104   2.6235   2.6292
  2.6398   2.6528   2.6676   2.6706   2.6819   2.6969   2.7064   2.7219
  2.7256   2.7365   2.7485   2.7522   2.7666   2.7892   2.8044   2.8097
  2.8374   2.8459   2.8595   2.8716   2.8828   2.8889   2.8994   2.9038
  2.9167   2.9425   2.9542   2.9763   2.9922   3.0025   3.0090   3.0163
  3.0187   3.0326   3.0424   3.0446   3.0505   3.0613   3.0672   3.0766
  3.0857   3.1114   3.1223   3.1271   3.1495   3.1509   3.1563   3.1802
  3.1946   3.2082   3.2211   3.2265   3.2356   3.2460   3.2848   3.2921
  3.3120   3.3138   3.3351   3.3514   3.3733   3.3859   3.3874   3.3962
  3.4100   3.4150   3.4390   3.4559   3.4825   3.5022   3.5187   3.5328
  3.5369   3.5689   3.5739   3.5862   3.5985   3.6035   3.6182   3.6329
  3.6613   3.6765   3.6871   3.7183   3.7415   3.7471   3.7568   3.7815
  3.8083   3.8143   3.8387   3.8575   3.8730   3.8976   3.9065   3.9168
  3.9321   3.9436   3.9784   3.9925   4.0100   4.0155   4.0373   4.0494
  4.0544   4.0602   4.0706   4.0741   4.0818   4.0981   4.1017   4.1853
  4.2737   4.3375   4.3464   4.3678   4.4183   4.4346   4.4657   4.4759
  4.4877   4.5011   4.5083   4.5183   4.6423   4.6541   4.7132   4.7347
  4.7572   4.8177   4.8627   4.9603   4.9927   5.1678   5.2166   5.2468
  5.3097   5.3273   5.3578   5.3809   5.4274   5.4714   5.5014   5.5422
  5.5537   5.5677   5.5726   5.6041   5.6160   5.6385   5.6432   5.6659
  5.6971   5.7069   5.7435   5.7764   5.8190   5.8262   5.8453   5.8749
  5.9191   5.9551   5.9750   5.9768   5.9823   5.9942   6.0047   6.0215
  6.0417   6.0547   6.0574   6.0757   6.0929   6.1056   6.1097   6.1173
  6.1244   6.1252   6.1437   6.1624   6.1901   6.2083   6.2137   6.2194
  6.2268   6.2419   6.2531   6.2583   6.2722   6.2910   6.3095   6.3202
  6.3308   6.3392   6.3513   6.3559   6.3754   6.3855   6.3895   6.4066
  6.4074   6.4157   6.4250   6.4288   6.4465   6.4568   6.4640   6.4747
  6.4814   6.4898   6.5044   6.5148   6.5374   6.5802   6.5846   6.5900
  6.6066   6.6105   6.6348   6.6426   6.6600   6.6649   6.6690   6.6727
  6.6797   6.6881   6.6949   6.7033   6.7128   6.7214   6.7358   6.7549
  6.7630   6.7689   6.8229   6.8365   6.8602   6.8860   6.8864   6.8909
  6.9071   6.9182   6.9325   6.9398   6.9422   6.9469   6.9659   6.9914
  7.0079   7.0224   7.0254   7.0356   7.0734   7.0805   7.0822   7.1131
  7.1223   7.1414   7.1565   7.1694   7.2285   7.2388   7.2757   7.2870
  7.3053   7.3100   7.3553   7.3936   7.4036   7.4242   7.4318   7.4493
  7.4550   7.4649   7.5054   7.6050   7.6266   7.6760   7.7347   7.7438
  7.7482   7.7673   7.7717   7.7757   7.7809   7.8232   7.8322   7.8398
  7.8421   7.8515   7.8648   7.8779   7.8851   7.9111   7.9147   7.9361
  7.9441   8.0896   8.1012   8.1048   8.1119   8.1358   8.1503   8.1660
  8.1859   8.1904   8.1961   8.2061   8.2153   8.2186   8.2231   8.2311
  8.2402   8.2474   8.2498   8.2543   8.2634   8.2664   8.2751   8.2800
  8.2860   8.3077   8.3307   8.3866   8.3992   8.4053   8.4122   8.4196
  8.4295   8.4357   8.4418   8.4486   8.4537   8.4672   8.5362   8.6141
  8.6194   8.6238   8.6393   8.6511   8.6563   8.7200   8.7320   8.8366
  8.8481   8.8729   8.8924   8.8966   8.9072   8.9162   8.9205   8.9271
  8.9473   8.9519   8.9539   8.9559   8.9601   8.9723   8.9820   8.9926
  9.0114   9.0225   9.0279   9.0336   9.0417   9.0568   9.1124   9.1267
  9.1347   9.1466   9.1770   9.1881   9.1952   9.2104   9.2158   9.2596
  9.3029   9.3082   9.3121   9.3194   9.3431   9.3526   9.3587   9.3618
  9.3675   9.3753   9.4004   9.4068   9.4108   9.4182   9.4200   9.4233
  9.4260   9.4449   9.4509   9.4560   9.4781   9.5814   9.7002   9.7195
  9.9330   9.9652   9.9827   9.9972  10.0137  10.0200  10.0788  10.0933
 10.1000  10.2156  10.2507  10.2912  10.3224  10.3338  10.3522  10.4296
 10.4350  10.4386  10.4476  10.4525  10.4555  10.4641  10.4774  10.4796
 10.4861  10.4877  10.4939  10.7612  10.7846  10.8353  10.8491  10.8623
 10.8736  10.8793  10.8956  10.9094  10.9197  11.0005  11.0221  11.1105
 11.1405  11.1518  11.7410  11.7776  12.1249  12.1466  12.2134  12.3181
 12.3332  12.3746  12.4184  12.4457  12.4525  12.4846  12.5034  12.5160
 12.6123  12.8827  12.9046  13.0258  13.0450  13.1968  13.3194  13.4378
 13.4521  13.5512  13.5724  13.5839  14.2490  14.9019  17.5440  28.7136
 29.6628  29.6677  29.7599  29.8041  49.1448  59.5123 150.5591 151.5836
151.5907 151.6852 151.7282 258.2806 321.1563
 --------------------------------------------------------------
 
          Ground-State Mulliken Net Atomic Charges

     Atom                 Charge (a.u.)    Spin (a.u.)
  --------------------------------------------------------
      1 C                    -0.492796       0.006335
      2 C                    -0.030209       1.750185
      3 O                    -0.358966       0.092430
      4 Si                    0.554051       0.068982
      5 C                    -0.594302      -0.010052
      6 C                    -0.640529      -0.010619
      7 C                    -0.557183       0.000873
      8 H                     0.189020       0.039972
      9 H                     0.165309       0.041949
     10 H                     0.196059       0.001063
     11 H                     0.154840      -0.000607
     12 H                     0.168683      -0.000641
     13 H                     0.198829       0.012402
     14 H                     0.208896       0.009186
     15 H                     0.186790      -0.001530
     16 H                     0.158121       0.001523
     17 H                     0.153247       0.000795
     18 H                     0.170212      -0.001147
     19 H                     0.169926      -0.001098
  --------------------------------------------------------
  Sum of atomic charges =     0.000000
  Sum of spin   charges =     2.000000

 -----------------------------------------------------------------
                    Cartesian Multipole Moments
 -----------------------------------------------------------------
    Charge (ESU x 10^10)
                 0.0000
    Dipole Moment (Debye)
         X      -1.2988      Y       0.4111      Z       0.7166
       Tot       1.5393
    Quadrupole Moments (Debye-Ang)
        XX     -51.2760     XY       1.1361     YY     -53.3211
        XZ       2.3167     YZ       0.0816     ZZ     -53.2538
    Octopole Moments (Debye-Ang^2)
       XXX     -13.6333    XXY       3.7024    XYY      -4.9496
       YYY      11.0906    XXZ      13.3198    XYZ      -1.4379
       YYZ       8.3231    XZZ      -5.5027    YZZ       0.0171
       ZZZ      18.4474
    Hexadecapole Moments (Debye-Ang^3)
      XXXX    -872.0721   XXXY      -1.9275   XXYY    -216.3138
      XYYY      -8.7148   YYYY    -348.2238   XXXZ     -81.8202
      XXYZ      -7.6836   XYYZ     -32.0211   YYYZ      -9.1526
      XXZZ    -221.1031   XYZZ      -0.3949   YYZZ    -122.6491
      XZZZ     -87.4425   YZZZ      -5.6098   ZZZZ    -384.2627
 -----------------------------------------------------------------
 Total job time:  60.93s(wall), 1878.49s(cpu) 
 Tue Dec  3 10:41:41 2024

        *************************************************************
        *                                                           *
        *  Thank you very much for using Q-Chem.  Have a nice day.  *
        *                                                           *
        *************************************************************


