
Running Job 1 of 1 sil2-ts1-wb97xd-unfrz-c1-B97mV.in
qchem sil2-ts1-wb97xd-unfrz-c1-B97mV.in_867774.0 /expanse/lustre/scratch/whughes/temp_project/job_35550655/sil2-ts1-wb97xd-unfrz-c1-B97mV-35550655/ 0
/cm/shared/apps/spack/0.17.3/cpu/b/opt/spack/linux-rocky8-zen2/gcc-10.2.0/qchem-6.0-rytxnwjazd34ekd2gqyi5ufsaimxsd3r/exe/qcprog.exe_s sil2-ts1-wb97xd-unfrz-c1-B97mV.in_867774.0 /expanse/lustre/scratch/whughes/temp_project/job_35550655/sil2-ts1-wb97xd-unfrz-c1-B97mV-35550655/
                  Welcome to Q-Chem
     A Quantum Leap Into The Future Of Chemistry


 Q-Chem 6.0, Q-Chem, Inc., Pleasanton, CA (2022)

 License issued to: University of California, San Diego (site)

 E. Epifanovsky,  A. T. B. Gilbert,  Xintian Feng,  Joonho Lee,  Yuezhi Mao,  
 N. Mardirossian,  P. Pokhilko,  A. White,  M. Wormit,  M. P. Coons,  
 A. L. Dempwolff,  Zhengting Gan,  D. Hait,  P. R. Horn,  L. D. Jacobson,  
 I. Kaliman,  J. Kussmann,  A. W. Lange,  Ka Un Lao,  D. S. Levine,  Jie Liu,  
 S. C. McKenzie,  A. F. Morrison,  K. Nanda,  F. Plasser,  D. R. Rehn,  
 M. L. Vidal,  Zhi-Qiang You,  Ying Zhu,  B. Alam,  B. Albrecht,  
 A. Aldossary,  E. Alguire,  J. H. Andersen,  V. Athavale,  D. Barton,  
 K. Begam,  A. Behn,  N. Bellonzi,  Y. A. Bernard,  E. J. Berquist,  
 H. Burton,  A. Carreras,  K. Carter-Fenk,  Romit Chakraborty,  
 Chandrima Chakravarty,  Junhan Chen,  A. D. Chien,  K. D. Closser,  
 V. Cofer-Shabica,  L. Cunha,  S. Dasgupta,  Jia Deng,  M. de Wergifosse,  
 M. Diedenhofen,  Hainam Do,  S. Ehlert,  Po-Tung Fang,  S. Fatehi,  
 Qingguo Feng,  T. Friedhoff,  B. Ganoe,  J. Gayvert,  Qinghui Ge,  
 G. Gidofalvi,  M. Goldey,  J. Gomes,  C. Gonzalez-Espinoza,  S. Gulania,  
 A. Gunina,  J. A. Gyamfi,  M. W. D. Hanson-Heine,  P. H. P. Harbach,  
 A. W. Hauser,  M. F. Herbst,  M. Hernandez Vera,  M. Hodecker,  
 Z. C. Holden,  S. Houck,  Xunkun Huang,  Kerwin Hui,  B. C. Huynh,  
 K. Ikeda,  M. Ivanov,  Hyunjun Ji,  Zuxin Jin,  Hanjie Jiang,  B. Kaduk,  
 S. Kaehler,  R. Kang,  K. Khistyaev,  Jaehoon Kim,  Yongbin Kim,  
 P. Klunzinger,  Z. Koczor-Benda,  Joong Hoon Koh,  D. Kosenkov,  
 Saikiran Kotaru,  L. Koulias,  T. Kowalczyk,  C. M. Krauter,  K. Kue,  
 A. Kunitsa,  T. Kus,  A. Landau,  K. V. Lawler,  D. Lefrancois,  S. Lehtola,  
 Rain Li,  Shaozhi Li,  Yi-Pei Li,  Jiashu Liang,  M. Liebenthal,  
 Hung-Hsuan Lin,  You-Sheng Lin,  Fenglai Liu,  Kuan-Yu Liu,  
 M. Loipersberger,  A. Luenser,  C. Malbon,  A. Manjanath,  P. Manohar,  
 E. Mansoor,  S. F. Manzer,  Shan-Ping Mao,  A. V. Marenich,  T. Markovich,  
 S. Mason,  F. Matz,  S. A. Maurer,  P. F. McLaughlin,  M. F. S. J. Menger,  
 J.-M. Mewes,  S. A. Mewes,  P. Morgante,  Mohammad Mostafanejad,  
 J. W. Mullinax,  K. J. Oosterbaan,  G. Paran,  V. Parravicini,  
 Alexander C. Paul,  Suranjan K. Paul,  F. Pavosevic,  Zheng Pei,  S. Prager,  
 E. I. Proynov,  E. Ramos,  B. Rana,  A. E. Rask,  A. Rettig,  R. M. Richard,  
 F. Rob,  E. Rossomme,  T. Scheele,  M. Scheurer,  M. Schneider,  
 P. E. Schneider,  N. Sergueev,  S. M. Sharada,  Hengyuan Shen,  
 W. Skomorowski,  D. W. Small,  C. J. Stein,  Yingli Su,  Yu-Chuan Su,  
 E. J. Sundstrom,  Zhen Tao,  J. Thirman,  Hung-Yi Tsai,  T. Tsuchimochi,  
 N. M. Tubman,  C. Utku,  S. P. Veccham,  O. Vydrov,  J. Wenzel,  
 Jonathan Wong,  J. Witte,  A. Yamada,  Chou-Hsun Yang,  Kun Yao,  
 S. Yeganeh,  S. R. Yost,  A. Zech,  F. Zeller,  Igor Ying Zhang,  
 Xing Zhang,  Yu Zhang,  D. Zuev,  A. Aspuru-Guzik,  A. T. Bell,  
 N. A. Besley,  K. B. Bravaya,  B. R. Brooks,  D. Casanova,  Jeng-Da Chai,  
 Hsing-Ta Chen,  S. Coriani,  C. J. Cramer,  A. E. DePrince, III,  
 R. A. DiStasio Jr.,  A. Dreuw,  B. D. Dunietz,  T. R. Furlani,  
 W. A. Goddard III,  S. Grimme,  S. Hammes-Schiffer,  T. Head-Gordon,  
 W. J. Hehre,  Chao-Ping Hsu,  T.-C. Jagau,  Yousung Jung,  A. Klamt,  
 Jing Kong,  D. S. Lambrecht,  Xiangyuan Li,  WanZhen Liang,  N. J. Mayhall,  
 C. W. McCurdy,  J. B. Neaton,  T. Neudecker,  C. Ochsenfeld,  
 J. A. Parkhill,  R. Peverati,  V. A. Rassolov,  Haisheng Ren,  Yihan Shao,  
 L. V. Slipchenko,  R. P. Steele,  J. E. Subotnik,  A. J. W. Thom,  
 A. Tkatchenko,  D. G. Truhlar,  T. Van Voorhis,  Fan Wang,  
 T. A. Wesolowski,  K. B. Whaley,  H. L. Woodcock III,  P. M. Zimmerman,  
 S. Faraji,  P. M. W. Gill,  M. Head-Gordon,  J. M. Herbert,  A. I. Krylov

 Contributors to earlier versions of Q-Chem not listed above: 
 R. D. Adamson,  B. Austin,  R. Baer,  J. Baker,  G. J. O. Beran,  
 K. Brandhorst,  S. T. Brown,  E. F. C. Byrd,  Arup K. Chakraborty,  
 G. K. L. Chan,  Chun-Min Chang,  Yunqing Chen,  C.-L. Cheng,  
 Siu Hung Chien,  D. M. Chipman,  D. L. Crittenden,  H. Dachsel,  
 R. J. Doerksen,  A. D. Dutoi,  R. G. Edgar,  J. Fosso-Tande,  
 L. Fusti-Molnar,  D. Ghosh,  A. Ghysels,  A. Golubeva-Zadorozhnaya,  
 J. Gonthier,  M. S. Gordon,  S. R. Gwaltney,  G. Hawkins,  J. E. Herr,  
 A. Heyden,  S. Hirata,  E. G. Hohenstein,  G. Kedziora,  F. J. Keil,  
 C. Kelley,  Jihan Kim,  R. A. King,  R. Z. Khaliullin,  P. P. Korambath,  
 W. Kurlancheek,  A. Laurent,  A. M. Lee,  M. S. Lee,  S. V. Levchenko,  
 Ching Yeh Lin,  D. Liotard,  E. Livshits,  R. C. Lochan,  I. Lotan,  
 L. A. Martinez-Martinez,  P. E. Maslen,  N. Nair,  D. P. O'Neill,  
 D. Neuhauser,  E. Neuscamman,  C. M. Oana,  R. Olivares-Amaya,  R. Olson,  
 T. M. Perrine,  B. Peters,  P. A. Pieniazek,  A. Prociuk,  Y. M. Rhee,  
 J. Ritchie,  M. A. Rohrdanz,  E. Rosta,  N. J. Russ,  H. F. Schaefer III,  
 M. W. Schmidt,  N. E. Schultz,  S. Sharma,  N. Shenvi,  C. D. Sherrill,  
 A. C. Simmonett,  A. Sodt,  T. Stein,  D. Stuck,  K. S. Thanthiriwatte,  
 V. Vanovschi,  L. Vogt,  Tao Wang,  A. Warshel,  M. A. Watson,  
 C. F. Williams,  Q. Wu,  X. Xu,  Jun Yang,  W. Zhang,  Yan Zhao

   Please cite Q-Chem as follows:
  "Software for the frontiers of quantum chemistry:
   An overview of developments in the Q-Chem 5 package"
   J. Chem. Phys. 155, 084801 (2021)
   https://doi.org/10.1063/5.0055522 (open access)

 Q-Chem 6.0.2 for Intel X86 EM64T Linux

 Parts of Q-Chem use Armadillo 9.900.5 (Nocturnal Misbehaviour).
 http://arma.sourceforge.net/

 Q-Chem begins on Tue Dec  3 10:44:49 2024  

 Host: 
0

     Scratch files written to /expanse/lustre/scratch/whughes/temp_project/job_35550655/sil2-ts1-wb97xd-unfrz-c1-B97mV-35550655//
 Dec722 |scratch|qcdevops|jenkins|workspace|build_RNUM    
 Processing $rem in /cm/shared/apps/spack/0.17.3/cpu/b/opt/spack/linux-rocky8-zen2/gcc-10.2.0/qchem-6.0-rytxnwjazd34ekd2gqyi5ufsaimxsd3r/config/preferences:
 Processing $rem in /home/whughes/.qchemrc:

 Checking the input file for inconsistencies... 	...done.

--------------------------------------------------------------
User input:
--------------------------------------------------------------
$molecule
0 3
C    2.1784128956    0.265181043     -0.12278494
C    1.201295102     -0.3715534957   -1.0483695049
Si   -0.6601113978   0.2355514728    -1.473615227
C    -1.4173509786   -0.0617913295   0.2369956578
C    -1.6837589077   -0.766968588    -2.6661955218
C    -0.6828961541   2.0686932875    -1.8098012376
O    1.0372409815    -0.1845186077   -2.3256577958
H    2.1869879513    1.3575313608    -0.2246872739
H    1.9321113123    0.0100892359    0.907014714
H    3.1866884751    -0.1047354891   -0.3339718138
H    -0.9067327404   0.5143650041    1.0102075604
H    -1.3804951975   -1.1168483309   0.5120170475
H    -2.4669399204   0.2480962098    0.2138349607
H    -2.7468791291   -0.5603011061   -2.5216512364
H    -1.4196950207   -0.5481475682   -3.7009791414
H    -1.5243354968   -1.8339726569   -2.4962600088
H    -0.0066653527   2.6007720895    -1.13703909
H    -0.3843118782   2.2891282851    -2.8349583408
H    -1.6875675436   2.4669201835    -1.6481788084
$end

$rem
METHOD      B97M-V
BASIS       def2-QZVPP
SYM_IGNORE   TRUE
DFT_D       false
MAX_SCF_CYCLES 300
$end

$end
--------------------------------------------------------------
 ----------------------------------------------------------------
             Standard Nuclear Orientation (Angstroms)
    I     Atom           X                Y                Z
 ----------------------------------------------------------------
    1      C       2.1784128956     0.2651810430    -0.1227849400
    2      C       1.2012951020    -0.3715534957    -1.0483695049
    3      Si     -0.6601113978     0.2355514728    -1.4736152270
    4      C      -1.4173509786    -0.0617913295     0.2369956578
    5      C      -1.6837589077    -0.7669685880    -2.6661955218
    6      C      -0.6828961541     2.0686932875    -1.8098012376
    7      O       1.0372409815    -0.1845186077    -2.3256577958
    8      H       2.1869879513     1.3575313608    -0.2246872739
    9      H       1.9321113123     0.0100892359     0.9070147140
   10      H       3.1866884751    -0.1047354891    -0.3339718138
   11      H      -0.9067327404     0.5143650041     1.0102075604
   12      H      -1.3804951975    -1.1168483309     0.5120170475
   13      H      -2.4669399204     0.2480962098     0.2138349607
   14      H      -2.7468791291    -0.5603011061    -2.5216512364
   15      H      -1.4196950207    -0.5481475682    -3.7009791414
   16      H      -1.5243354968    -1.8339726569    -2.4962600088
   17      H      -0.0066653527     2.6007720895    -1.1370390900
   18      H      -0.3843118782     2.2891282851    -2.8349583408
   19      H      -1.6875675436     2.4669201835    -1.6481788084
 ----------------------------------------------------------------
 Nuclear Repulsion Energy =         392.48446739 hartrees
 There are       33 alpha and       31 beta electrons
 Requested basis set is def2-QZVPP
 There are 244 shells and 772 basis functions

 Total QAlloc Memory Limit   8000 MB
 Mega-Array Size       188 MB
 MEM_STATIC part       192 MB

 A cutoff of  1.0D-09 yielded  22122 shell pairs
 There are    212136 function pairs (    309181 Cartesian)
 Smallest overlap matrix eigenvalue = 4.58E-05

 Scale SEOQF with 1.000000e-01/1.000000e-01/1.000000e-01

 Standard Electronic Orientation quadrupole field applied
 Nucleus-field energy     =    -0.0000000111 hartrees
 Guess from superposition of atomic densities
 Warning:  Energy on first SCF cycle will be non-variational
 SAD guess density has 64.000000 electrons

 -----------------------------------------------------------------------
  General SCF calculation program by
  Eric Jon Sundstrom, Paul Horn, Yuezhi Mao, Dmitri Zuev, Alec White,
  David Stuck, Shaama M.S., Shane Yost, Joonho Lee, David Small,
  Daniel Levine, Susi Lehtola, Hugh Burton, Evgeny Epifanovsky,
  Bang C. Huynh
 -----------------------------------------------------------------------
 Exchange:  B97M-V      Correlation:  B97M-V
 Using SG-2 standard quadrature grid
 Nonlocal Correlation:  VV10 with C = 0.0100 and b = 6.00 and scale = 1.00000
 Grid used for NLC:  SG-1 standard quadrature
 using 32 threads for integral computing
 -------------------------------------------------------
 OpenMP Integral computing Module                
 Release: version 1.0, May 2013, Q-Chem Inc. Pittsburgh 
 -------------------------------------------------------
 A unrestricted SCF calculation will be
 performed using DIIS
 SCF converges when DIIS error is below 1.0e-05
 ---------------------------------------
  Cycle       Energy         DIIS error
 ---------------------------------------
    1    -563.1373893632      5.80e-03  
    2    -562.1645461747      9.57e-04  
    3    -562.0598691110      1.09e-03  
    4    -562.4237911792      1.83e-04  
    5    -562.4280840254      1.38e-04  
    6    -562.4323643024      4.07e-05  
    7    -562.4328096574      1.13e-05  
    8    -562.4328477885      4.10e-06  Convergence criterion met
 ---------------------------------------
 SCF time:   CPU 2138.63s  wall 70.00s 
<S^2> =          2.009636732
 SCF   energy in the final basis set =     -562.4328477885
 Total energy in the final basis set =     -562.4328477885
 
 --------------------------------------------------------------
 
                    Orbital Energies (a.u.)
 --------------------------------------------------------------
 
 Alpha MOs
 -- Occupied --
-66.1939 -19.1822 -10.2380 -10.1938 -10.1586 -10.1552 -10.1520  -5.3065
 -3.5853  -3.5807  -3.5801  -1.0548  -0.7344  -0.6963  -0.6639  -0.6609
 -0.5485  -0.4858  -0.4273  -0.4243  -0.4080  -0.3922  -0.3855  -0.3828
 -0.3720  -0.3691  -0.3599  -0.3541  -0.3418  -0.2865  -0.2806  -0.1991
 -0.1388
 -- Virtual --
 -0.0045   0.0187   0.0281   0.0379   0.0416   0.0529   0.0574   0.0647
  0.0754   0.0806   0.0860   0.0959   0.0966   0.1026   0.1078   0.1132
  0.1188   0.1222   0.1290   0.1338   0.1461   0.1534   0.1737   0.1766
  0.1877   0.1984   0.2115   0.2143   0.2286   0.2374   0.2409   0.2611
  0.2649   0.2693   0.2791   0.2810   0.2859   0.2919   0.3013   0.3055
  0.3071   0.3078   0.3182   0.3295   0.3341   0.3520   0.3548   0.3568
  0.3742   0.3889   0.3961   0.4003   0.4061   0.4377   0.4534   0.4640
  0.4744   0.4761   0.4813   0.5039   0.5168   0.5183   0.5273   0.5411
  0.5507   0.5601   0.5729   0.5846   0.5942   0.6021   0.6107   0.6133
  0.6363   0.6470   0.6521   0.6591   0.6671   0.6784   0.6829   0.6902
  0.6985   0.7108   0.7216   0.7251   0.7420   0.7455   0.7563   0.7618
  0.7781   0.7985   0.8101   0.8119   0.8218   0.8237   0.8341   0.8409
  0.8466   0.8505   0.8551   0.8614   0.8690   0.8782   0.8819   0.8916
  0.9074   0.9212   0.9408   0.9459   0.9580   0.9685   0.9802   0.9877
  1.0035   1.0060   1.0209   1.0280   1.0336   1.0434   1.0533   1.0628
  1.0752   1.0791   1.0922   1.0934   1.0975   1.1148   1.1180   1.1327
  1.1351   1.1471   1.1568   1.1649   1.1764   1.1975   1.2064   1.2071
  1.2132   1.2367   1.2420   1.2728   1.2892   1.2960   1.3079   1.3119
  1.3344   1.3438   1.3635   1.3639   1.3885   1.4126   1.4290   1.4388
  1.4512   1.4535   1.4582   1.4761   1.4939   1.5014   1.5181   1.5326
  1.5469   1.5538   1.5636   1.5756   1.5928   1.6172   1.6372   1.6559
  1.6751   1.6989   1.7098   1.7541   1.7588   1.7844   1.8203   1.8370
  1.8420   1.8491   1.8572   1.8628   1.8696   1.8936   1.9052   1.9240
  1.9265   1.9444   1.9463   1.9468   1.9645   1.9672   1.9765   1.9897
  1.9955   2.0010   2.0205   2.0311   2.0336   2.0468   2.0672   2.0702
  2.0828   2.1074   2.1196   2.1270   2.1321   2.1445   2.1561   2.1643
  2.1755   2.1861   2.2002   2.2054   2.2094   2.2153   2.2251   2.2394
  2.2505   2.2533   2.2651   2.2689   2.2776   2.2792   2.2954   2.3006
  2.3101   2.3189   2.3327   2.3387   2.3499   2.3636   2.3792   2.3872
  2.3944   2.4178   2.4234   2.4299   2.4380   2.4474   2.4594   2.4736
  2.4844   2.5021   2.5109   2.5216   2.5357   2.5576   2.5675   2.5695
  2.5846   2.5877   2.6076   2.6123   2.6192   2.6428   2.6554   2.6613
  2.6786   2.6889   2.6967   2.7107   2.7274   2.7385   2.7431   2.7501
  2.7683   2.7805   2.7908   2.8138   2.8168   2.8298   2.8335   2.8422
  2.8549   2.8766   2.8887   2.8931   2.9090   2.9138   2.9412   2.9462
  2.9701   2.9860   2.9941   3.0053   3.0147   3.0297   3.0339   3.0459
  3.0499   3.0646   3.0674   3.0774   3.0830   3.0901   3.1055   3.1165
  3.1366   3.1477   3.1567   3.1618   3.1797   3.2054   3.2065   3.2141
  3.2273   3.2392   3.2528   3.2686   3.2925   3.2953   3.3200   3.3461
  3.3473   3.3795   3.3864   3.3927   3.3995   3.4161   3.4297   3.4426
  3.4563   3.4739   3.5007   3.5067   3.5372   3.5533   3.5705   3.5746
  3.5829   3.5978   3.6046   3.6256   3.6357   3.6423   3.6656   3.6921
  3.7035   3.7336   3.7402   3.7572   3.7879   3.7990   3.8168   3.8359
  3.8418   3.8573   3.8891   3.8946   3.9168   3.9380   3.9499   3.9624
  3.9754   3.9849   3.9918   4.0175   4.0212   4.0348   4.0467   4.0567
  4.0686   4.0746   4.0910   4.0990   4.1014   4.1077   4.2006   4.2647
  4.3019   4.3590   4.3977   4.4259   4.4521   4.4737   4.4815   4.5074
  4.5143   4.5446   4.5750   4.6563   4.6934   4.7117   4.7626   4.7781
  4.8399   4.9133   4.9743   5.1392   5.1699   5.2028   5.2415   5.3307
  5.3562   5.4059   5.4281   5.4652   5.4989   5.5132   5.5523   5.5600
  5.5760   5.5922   5.6185   5.6398   5.6466   5.6594   5.6682   5.6827
  5.7127   5.7384   5.7928   5.8233   5.8507   5.8856   5.9034   5.9144
  5.9347   5.9561   5.9667   5.9900   6.0061   6.0182   6.0355   6.0377
  6.0473   6.0645   6.0706   6.0823   6.0962   6.1066   6.1282   6.1310
  6.1330   6.1472   6.1642   6.1755   6.1968   6.2099   6.2303   6.2331
  6.2506   6.2539   6.2672   6.2741   6.3068   6.3202   6.3345   6.3377
  6.3488   6.3607   6.3756   6.3803   6.3972   6.4075   6.4140   6.4169
  6.4272   6.4362   6.4427   6.4616   6.4662   6.4799   6.4934   6.4950
  6.5033   6.5088   6.5390   6.5481   6.5672   6.5825   6.6035   6.6166
  6.6363   6.6512   6.6588   6.6612   6.6648   6.6732   6.6758   6.6793
  6.6892   6.6903   6.7112   6.7168   6.7289   6.7385   6.7670   6.7748
  6.7923   6.8203   6.8574   6.8851   6.8976   6.9017   6.9123   6.9206
  6.9328   6.9350   6.9441   6.9492   6.9546   6.9593   6.9909   7.0279
  7.0566   7.0704   7.0858   7.0963   7.1103   7.1201   7.1257   7.1379
  7.1546   7.1636   7.1693   7.2357   7.2825   7.2894   7.3043   7.3112
  7.3476   7.3955   7.4085   7.4279   7.4421   7.4542   7.4585   7.4687
  7.4713   7.5606   7.6148   7.6977   7.7361   7.7439   7.7513   7.7573
  7.7715   7.7791   7.7878   7.8148   7.8381   7.8414   7.8469   7.8599
  7.8619   7.8741   7.8798   7.8946   7.9171   7.9269   7.9606   8.0553
  8.0827   8.1197   8.1294   8.1393   8.1580   8.1830   8.1854   8.1973
  8.2036   8.2075   8.2229   8.2290   8.2342   8.2360   8.2425   8.2480
  8.2543   8.2637   8.2708   8.2856   8.2878   8.2999   8.3091   8.3174
  8.3347   8.3886   8.3978   8.4075   8.4115   8.4293   8.4394   8.4430
  8.4522   8.4589   8.4810   8.4856   8.5826   8.6054   8.6230   8.6454
  8.6459   8.6516   8.6647   8.6926   8.7072   8.8447   8.8595   8.8862
  8.8937   8.8950   8.9149   8.9192   8.9226   8.9368   8.9486   8.9511
  8.9551   8.9599   8.9732   8.9839   8.9887   9.0029   9.0164   9.0334
  9.0368   9.0436   9.0547   9.0600   9.0767   9.1270   9.1447   9.1640
  9.1734   9.1890   9.2103   9.2315   9.2434   9.2640   9.3121   9.3207
  9.3238   9.3434   9.3524   9.3640   9.3715   9.3769   9.3885   9.3926
  9.4022   9.4050   9.4123   9.4135   9.4226   9.4282   9.4341   9.4410
  9.4516   9.4580   9.4670   9.4836   9.5243   9.5868   9.7780   9.9630
  9.9671  10.0092  10.0522  10.0574  10.0819  10.1205  10.1270  10.1401
 10.1777  10.2604  10.3005  10.3288  10.3345  10.4100  10.4170  10.4311
 10.4388  10.4455  10.4596  10.4619  10.4664  10.4790  10.4804  10.4829
 10.4958  10.6058  10.6521  10.7871  10.8075  10.8347  10.8571  10.8767
 10.9043  10.9144  10.9220  10.9308  11.0330  11.1267  11.1332  11.1866
 11.6536  11.6717  11.8329  11.9119  12.1481  12.2622  12.3482  12.3738
 12.3877  12.4076  12.4412  12.4853  12.5116  12.5344  12.5540  12.8059
 12.8376  12.9868  13.0438  13.2212  13.2875  13.3398  13.4765  13.5526
 13.6032  13.6457  14.2403  14.7204  17.5405  28.8134  29.6697  29.7068
 29.7853  29.8261  49.0786  59.5356 150.7088 151.5926 151.6288 151.7149
151.7573 258.2295 321.1957
 
 Beta MOs
 -- Occupied --
-66.1938 -19.1636 -10.2184 -10.1922 -10.1566 -10.1553 -10.1519  -5.3063
 -3.5847  -3.5804  -3.5798  -1.0208  -0.7185  -0.6941  -0.6633  -0.6585
 -0.5075  -0.4619  -0.4069  -0.4044  -0.3997  -0.3887  -0.3823  -0.3799
 -0.3699  -0.3652  -0.3587  -0.3304  -0.3176  -0.2777  -0.2730
 -- Virtual --
 -0.1231  -0.0502  -0.0006   0.0223   0.0307   0.0411   0.0502   0.0583
  0.0614   0.0712   0.0794   0.0839   0.0939   0.0988   0.0997   0.1053
  0.1152   0.1201   0.1227   0.1266   0.1322   0.1380   0.1509   0.1613
  0.1783   0.1845   0.1977   0.2038   0.2136   0.2234   0.2321   0.2447
  0.2477   0.2636   0.2706   0.2788   0.2837   0.2883   0.2899   0.2958
  0.3044   0.3092   0.3142   0.3166   0.3275   0.3347   0.3440   0.3567
  0.3616   0.3637   0.3792   0.3944   0.4077   0.4105   0.4193   0.4424
  0.4607   0.4735   0.4799   0.4830   0.4913   0.5114   0.5230   0.5299
  0.5323   0.5460   0.5568   0.5655   0.5784   0.5888   0.5997   0.6120
  0.6168   0.6205   0.6453   0.6521   0.6580   0.6642   0.6717   0.6817
  0.6889   0.6959   0.7087   0.7190   0.7337   0.7355   0.7476   0.7504
  0.7652   0.7696   0.7869   0.8099   0.8172   0.8196   0.8275   0.8341
  0.8403   0.8449   0.8525   0.8567   0.8591   0.8656   0.8744   0.8848
  0.8925   0.9027   0.9191   0.9346   0.9512   0.9532   0.9666   0.9785
  0.9880   0.9954   1.0093   1.0131   1.0319   1.0330   1.0388   1.0496
  1.0586   1.0704   1.0827   1.0871   1.0984   1.0989   1.1063   1.1224
  1.1264   1.1391   1.1430   1.1566   1.1644   1.1755   1.1853   1.2043
  1.2125   1.2186   1.2226   1.2459   1.2569   1.2842   1.2951   1.3060
  1.3179   1.3251   1.3443   1.3496   1.3709   1.3747   1.3973   1.4213
  1.4375   1.4469   1.4581   1.4633   1.4669   1.4845   1.5026   1.5150
  1.5290   1.5416   1.5534   1.5598   1.5710   1.5842   1.6105   1.6326
  1.6510   1.6711   1.6909   1.7148   1.7258   1.7685   1.7774   1.8067
  1.8331   1.8503   1.8522   1.8618   1.8716   1.8766   1.8842   1.9081
  1.9157   1.9295   1.9364   1.9567   1.9585   1.9644   1.9717   1.9772
  1.9865   2.0044   2.0075   2.0173   2.0341   2.0449   2.0511   2.0572
  2.0813   2.0835   2.0972   2.1231   2.1357   2.1434   2.1457   2.1624
  2.1694   2.1744   2.1904   2.1949   2.2084   2.2149   2.2239   2.2346
  2.2362   2.2592   2.2616   2.2667   2.2776   2.2827   2.2880   2.2925
  2.3055   2.3144   2.3195   2.3337   2.3442   2.3537   2.3620   2.3781
  2.3933   2.4023   2.4119   2.4279   2.4378   2.4473   2.4544   2.4667
  2.4732   2.4865   2.5018   2.5176   2.5277   2.5409   2.5543   2.5728
  2.5787   2.5850   2.5912   2.6039   2.6190   2.6237   2.6301   2.6512
  2.6680   2.6793   2.6924   2.7036   2.7127   2.7204   2.7382   2.7471
  2.7561   2.7589   2.7793   2.7971   2.8040   2.8284   2.8330   2.8450
  2.8557   2.8565   2.8631   2.8921   2.8966   2.9059   2.9259   2.9291
  2.9546   2.9662   2.9844   2.9985   3.0140   3.0200   3.0243   3.0352
  3.0429   3.0541   3.0566   3.0717   3.0801   3.0881   3.0967   3.1031
  3.1166   3.1314   3.1491   3.1603   3.1682   3.1742   3.1889   3.2139
  3.2172   3.2231   3.2379   3.2488   3.2682   3.2817   3.3092   3.3155
  3.3402   3.3574   3.3723   3.3975   3.3998   3.4051   3.4131   3.4320
  3.4431   3.4538   3.4733   3.4899   3.5145   3.5230   3.5530   3.5640
  3.5844   3.5892   3.5934   3.6078   3.6204   3.6369   3.6508   3.6581
  3.6842   3.7075   3.7151   3.7494   3.7569   3.7771   3.8063   3.8145
  3.8325   3.8514   3.8557   3.8653   3.9024   3.9178   3.9287   3.9568
  3.9620   3.9891   3.9970   4.0057   4.0092   4.0322   4.0375   4.0483
  4.0597   4.0663   4.0791   4.0896   4.1052   4.1075   4.1219   4.1348
  4.2430   4.3155   4.3404   4.3873   4.4412   4.4506   4.4793   4.4890
  4.5062   4.5198   4.5224   4.5635   4.6112   4.6855   4.7251   4.7512
  4.7755   4.8418   4.8966   4.9725   5.0194   5.1836   5.2272   5.2642
  5.2965   5.3726   5.3908   5.4268   5.4806   5.4990   5.5313   5.5376
  5.5742   5.5854   5.6030   5.6277   5.6453   5.6537   5.6667   5.6765
  5.6888   5.7078   5.7278   5.7767   5.8249   5.8522   5.8810   5.9124
  5.9349   5.9470   5.9678   5.9739   5.9823   6.0018   6.0199   6.0284
  6.0506   6.0629   6.0832   6.0861   6.1014   6.1037   6.1215   6.1257
  6.1382   6.1453   6.1561   6.1752   6.1900   6.1961   6.2147   6.2274
  6.2447   6.2571   6.2746   6.2812   6.2878   6.3139   6.3223   6.3485
  6.3544   6.3571   6.3721   6.3808   6.3899   6.4019   6.4050   6.4222
  6.4286   6.4326   6.4455   6.4577   6.4659   6.4792   6.4953   6.4995
  6.5095   6.5165   6.5255   6.5329   6.5595   6.5734   6.5980   6.6029
  6.6433   6.6472   6.6522   6.6643   6.6700   6.6769   6.6840   6.6885
  6.6927   6.6953   6.7086   6.7174   6.7266   6.7431   6.7538   6.7626
  6.7870   6.7930   6.8247   6.8615   6.8915   6.8983   6.9072   6.9155
  6.9337   6.9370   6.9481   6.9501   6.9584   6.9647   6.9882   7.0028
  7.0216   7.0511   7.0705   7.0854   7.0923   7.1196   7.1288   7.1375
  7.1486   7.1620   7.1776   7.2044   7.2222   7.2582   7.2882   7.3118
  7.3238   7.3687   7.4103   7.4137   7.4239   7.4362   7.4482   7.4630
  7.4707   7.5178   7.5624   7.6284   7.6604   7.7313   7.7434   7.7497
  7.7567   7.7625   7.7759   7.7923   7.8108   7.8333   7.8433   7.8485
  7.8560   7.8698   7.8735   7.8828   7.8892   7.9165   7.9224   7.9313
  7.9978   8.0953   8.1240   8.1323   8.1373   8.1430   8.1676   8.1873
  8.1907   8.2085   8.2139   8.2154   8.2263   8.2334   8.2399   8.2472
  8.2509   8.2553   8.2636   8.2712   8.2875   8.2930   8.3037   8.3141
  8.3168   8.3410   8.3566   8.3932   8.4056   8.4128   8.4173   8.4332
  8.4428   8.4512   8.4570   8.4648   8.4957   8.4962   8.6064   8.6282
  8.6302   8.6485   8.6562   8.6688   8.6717   8.7225   8.7371   8.8506
  8.8624   8.8908   8.8971   8.8994   8.9184   8.9215   8.9284   8.9462
  8.9512   8.9553   8.9593   8.9698   8.9847   8.9945   8.9970   9.0187
  9.0213   9.0382   9.0462   9.0496   9.0642   9.0801   9.0979   9.1468
  9.1524   9.1672   9.1877   9.1934   9.2131   9.2434   9.2596   9.2986
  9.3134   9.3226   9.3296   9.3498   9.3645   9.3747   9.3786   9.3879
  9.3981   9.4027   9.4081   9.4158   9.4258   9.4285   9.4332   9.4410
  9.4436   9.4671   9.4838   9.5128   9.5271   9.5584   9.6206   9.6687
  9.8802   9.9791   9.9989  10.0149  10.0545  10.0611  10.0845  10.1195
 10.1429  10.2463  10.2512  10.3010  10.3287  10.3342  10.3411  10.4304
 10.4343  10.4424  10.4452  10.4556  10.4636  10.4670  10.4808  10.4810
 10.4870  10.4937  10.4966  10.7030  10.7682  10.8214  10.8371  10.8476
 10.8756  10.8792  10.9124  10.9222  10.9263  10.9972  11.0559  11.1297
 11.1390  11.1885  11.7578  11.7761  11.9373  12.0207  12.1767  12.2993
 12.3610  12.3915  12.4189  12.4626  12.4933  12.5268  12.5396  12.5817
 12.6496  12.9184  12.9475  13.0032  13.0563  13.3177  13.3568  13.4439
 13.4847  13.5725  13.6227  13.6658  14.3589  14.8156  17.5474  28.9031
 29.6773  29.7069  29.7961  29.8308  49.1487  59.5377 150.7656 151.5990
151.6287 151.7212 151.7613 258.2647 321.1964
 --------------------------------------------------------------
 
          Ground-State Mulliken Net Atomic Charges

     Atom                 Charge (a.u.)    Spin (a.u.)
  --------------------------------------------------------
      1 C                    -0.399775       0.023222
      2 C                     0.084126       1.179070
      3 Si                    0.476178       0.191403
      4 C                    -0.624206       0.083469
      5 C                    -0.570001       0.001497
      6 C                    -0.609202      -0.012676
      7 O                    -0.387443       0.463971
      8 H                     0.124586       0.041691
      9 H                     0.174643       0.003544
     10 H                     0.166434       0.016801
     11 H                     0.204108      -0.003224
     12 H                     0.182274      -0.002567
     13 H                     0.160315       0.013615
     14 H                     0.151237      -0.001652
     15 H                     0.168163      -0.000089
     16 H                     0.165902      -0.000237
     17 H                     0.191314       0.001267
     18 H                     0.175743       0.000426
     19 H                     0.165605       0.000467
  --------------------------------------------------------
  Sum of atomic charges =     0.000000
  Sum of spin   charges =     2.000000

 -----------------------------------------------------------------
                    Cartesian Multipole Moments
 -----------------------------------------------------------------
    Charge (ESU x 10^10)
                 0.0000
    Dipole Moment (Debye)
         X      -0.5001      Y       0.8076      Z       1.2040
       Tot       1.5336
    Quadrupole Moments (Debye-Ang)
        XX     -50.5870     XY       0.6076     YY     -53.4143
        XZ       3.4782     YZ      -1.1853     ZZ     -56.6286
    Octopole Moments (Debye-Ang^2)
       XXX      29.0010    XXY      -9.1362    XYY       7.4698
       YYY     -37.2717    XXZ      68.5512    XYZ      -0.1914
       YYZ      69.2441    XZZ       2.2361    YZZ      -7.9836
       ZZZ     212.0058
    Hexadecapole Moments (Debye-Ang^3)
      XXXX    -656.7589   XXXY     -10.8947   XXYY    -175.5120
      XYYY       6.2185   YYYY    -362.8040   XXXZ     -98.1166
      XXYZ       8.2826   XYYZ     -33.8012   YYYZ      45.2480
      XXZZ    -286.9929   XYZZ      -1.8931   YYZZ    -219.7269
      XZZZ     -80.2600   YZZZ      25.0541   ZZZZ    -957.9609
 -----------------------------------------------------------------
 Total job time:  73.40s(wall), 2166.02s(cpu) 
 Tue Dec  3 10:46:03 2024

        *************************************************************
        *                                                           *
        *  Thank you very much for using Q-Chem.  Have a nice day.  *
        *                                                           *
        *************************************************************


