
Running Job 1 of 1 sil3-ts1-wb97xd-c1-B97mV.in
qchem sil3-ts1-wb97xd-c1-B97mV.in_2216479.0 /expanse/lustre/scratch/whughes/temp_project/job_35550745/sil3-ts1-wb97xd-c1-B97mV-35550745/ 0
/cm/shared/apps/spack/0.17.3/cpu/b/opt/spack/linux-rocky8-zen2/gcc-10.2.0/qchem-6.0-rytxnwjazd34ekd2gqyi5ufsaimxsd3r/exe/qcprog.exe_s sil3-ts1-wb97xd-c1-B97mV.in_2216479.0 /expanse/lustre/scratch/whughes/temp_project/job_35550745/sil3-ts1-wb97xd-c1-B97mV-35550745/
                  Welcome to Q-Chem
     A Quantum Leap Into The Future Of Chemistry


 Q-Chem 6.0, Q-Chem, Inc., Pleasanton, CA (2022)

 License issued to: University of California, San Diego (site)

 E. Epifanovsky,  A. T. B. Gilbert,  Xintian Feng,  Joonho Lee,  Yuezhi Mao,  
 N. Mardirossian,  P. Pokhilko,  A. White,  M. Wormit,  M. P. Coons,  
 A. L. Dempwolff,  Zhengting Gan,  D. Hait,  P. R. Horn,  L. D. Jacobson,  
 I. Kaliman,  J. Kussmann,  A. W. Lange,  Ka Un Lao,  D. S. Levine,  Jie Liu,  
 S. C. McKenzie,  A. F. Morrison,  K. Nanda,  F. Plasser,  D. R. Rehn,  
 M. L. Vidal,  Zhi-Qiang You,  Ying Zhu,  B. Alam,  B. Albrecht,  
 A. Aldossary,  E. Alguire,  J. H. Andersen,  V. Athavale,  D. Barton,  
 K. Begam,  A. Behn,  N. Bellonzi,  Y. A. Bernard,  E. J. Berquist,  
 H. Burton,  A. Carreras,  K. Carter-Fenk,  Romit Chakraborty,  
 Chandrima Chakravarty,  Junhan Chen,  A. D. Chien,  K. D. Closser,  
 V. Cofer-Shabica,  L. Cunha,  S. Dasgupta,  Jia Deng,  M. de Wergifosse,  
 M. Diedenhofen,  Hainam Do,  S. Ehlert,  Po-Tung Fang,  S. Fatehi,  
 Qingguo Feng,  T. Friedhoff,  B. Ganoe,  J. Gayvert,  Qinghui Ge,  
 G. Gidofalvi,  M. Goldey,  J. Gomes,  C. Gonzalez-Espinoza,  S. Gulania,  
 A. Gunina,  J. A. Gyamfi,  M. W. D. Hanson-Heine,  P. H. P. Harbach,  
 A. W. Hauser,  M. F. Herbst,  M. Hernandez Vera,  M. Hodecker,  
 Z. C. Holden,  S. Houck,  Xunkun Huang,  Kerwin Hui,  B. C. Huynh,  
 K. Ikeda,  M. Ivanov,  Hyunjun Ji,  Zuxin Jin,  Hanjie Jiang,  B. Kaduk,  
 S. Kaehler,  R. Kang,  K. Khistyaev,  Jaehoon Kim,  Yongbin Kim,  
 P. Klunzinger,  Z. Koczor-Benda,  Joong Hoon Koh,  D. Kosenkov,  
 Saikiran Kotaru,  L. Koulias,  T. Kowalczyk,  C. M. Krauter,  K. Kue,  
 A. Kunitsa,  T. Kus,  A. Landau,  K. V. Lawler,  D. Lefrancois,  S. Lehtola,  
 Rain Li,  Shaozhi Li,  Yi-Pei Li,  Jiashu Liang,  M. Liebenthal,  
 Hung-Hsuan Lin,  You-Sheng Lin,  Fenglai Liu,  Kuan-Yu Liu,  
 M. Loipersberger,  A. Luenser,  C. Malbon,  A. Manjanath,  P. Manohar,  
 E. Mansoor,  S. F. Manzer,  Shan-Ping Mao,  A. V. Marenich,  T. Markovich,  
 S. Mason,  F. Matz,  S. A. Maurer,  P. F. McLaughlin,  M. F. S. J. Menger,  
 J.-M. Mewes,  S. A. Mewes,  P. Morgante,  Mohammad Mostafanejad,  
 J. W. Mullinax,  K. J. Oosterbaan,  G. Paran,  V. Parravicini,  
 Alexander C. Paul,  Suranjan K. Paul,  F. Pavosevic,  Zheng Pei,  S. Prager,  
 E. I. Proynov,  E. Ramos,  B. Rana,  A. E. Rask,  A. Rettig,  R. M. Richard,  
 F. Rob,  E. Rossomme,  T. Scheele,  M. Scheurer,  M. Schneider,  
 P. E. Schneider,  N. Sergueev,  S. M. Sharada,  Hengyuan Shen,  
 W. Skomorowski,  D. W. Small,  C. J. Stein,  Yingli Su,  Yu-Chuan Su,  
 E. J. Sundstrom,  Zhen Tao,  J. Thirman,  Hung-Yi Tsai,  T. Tsuchimochi,  
 N. M. Tubman,  C. Utku,  S. P. Veccham,  O. Vydrov,  J. Wenzel,  
 Jonathan Wong,  J. Witte,  A. Yamada,  Chou-Hsun Yang,  Kun Yao,  
 S. Yeganeh,  S. R. Yost,  A. Zech,  F. Zeller,  Igor Ying Zhang,  
 Xing Zhang,  Yu Zhang,  D. Zuev,  A. Aspuru-Guzik,  A. T. Bell,  
 N. A. Besley,  K. B. Bravaya,  B. R. Brooks,  D. Casanova,  Jeng-Da Chai,  
 Hsing-Ta Chen,  S. Coriani,  C. J. Cramer,  A. E. DePrince, III,  
 R. A. DiStasio Jr.,  A. Dreuw,  B. D. Dunietz,  T. R. Furlani,  
 W. A. Goddard III,  S. Grimme,  S. Hammes-Schiffer,  T. Head-Gordon,  
 W. J. Hehre,  Chao-Ping Hsu,  T.-C. Jagau,  Yousung Jung,  A. Klamt,  
 Jing Kong,  D. S. Lambrecht,  Xiangyuan Li,  WanZhen Liang,  N. J. Mayhall,  
 C. W. McCurdy,  J. B. Neaton,  T. Neudecker,  C. Ochsenfeld,  
 J. A. Parkhill,  R. Peverati,  V. A. Rassolov,  Haisheng Ren,  Yihan Shao,  
 L. V. Slipchenko,  R. P. Steele,  J. E. Subotnik,  A. J. W. Thom,  
 A. Tkatchenko,  D. G. Truhlar,  T. Van Voorhis,  Fan Wang,  
 T. A. Wesolowski,  K. B. Whaley,  H. L. Woodcock III,  P. M. Zimmerman,  
 S. Faraji,  P. M. W. Gill,  M. Head-Gordon,  J. M. Herbert,  A. I. Krylov

 Contributors to earlier versions of Q-Chem not listed above: 
 R. D. Adamson,  B. Austin,  R. Baer,  J. Baker,  G. J. O. Beran,  
 K. Brandhorst,  S. T. Brown,  E. F. C. Byrd,  Arup K. Chakraborty,  
 G. K. L. Chan,  Chun-Min Chang,  Yunqing Chen,  C.-L. Cheng,  
 Siu Hung Chien,  D. M. Chipman,  D. L. Crittenden,  H. Dachsel,  
 R. J. Doerksen,  A. D. Dutoi,  R. G. Edgar,  J. Fosso-Tande,  
 L. Fusti-Molnar,  D. Ghosh,  A. Ghysels,  A. Golubeva-Zadorozhnaya,  
 J. Gonthier,  M. S. Gordon,  S. R. Gwaltney,  G. Hawkins,  J. E. Herr,  
 A. Heyden,  S. Hirata,  E. G. Hohenstein,  G. Kedziora,  F. J. Keil,  
 C. Kelley,  Jihan Kim,  R. A. King,  R. Z. Khaliullin,  P. P. Korambath,  
 W. Kurlancheek,  A. Laurent,  A. M. Lee,  M. S. Lee,  S. V. Levchenko,  
 Ching Yeh Lin,  D. Liotard,  E. Livshits,  R. C. Lochan,  I. Lotan,  
 L. A. Martinez-Martinez,  P. E. Maslen,  N. Nair,  D. P. O'Neill,  
 D. Neuhauser,  E. Neuscamman,  C. M. Oana,  R. Olivares-Amaya,  R. Olson,  
 T. M. Perrine,  B. Peters,  P. A. Pieniazek,  A. Prociuk,  Y. M. Rhee,  
 J. Ritchie,  M. A. Rohrdanz,  E. Rosta,  N. J. Russ,  H. F. Schaefer III,  
 M. W. Schmidt,  N. E. Schultz,  S. Sharma,  N. Shenvi,  C. D. Sherrill,  
 A. C. Simmonett,  A. Sodt,  T. Stein,  D. Stuck,  K. S. Thanthiriwatte,  
 V. Vanovschi,  L. Vogt,  Tao Wang,  A. Warshel,  M. A. Watson,  
 C. F. Williams,  Q. Wu,  X. Xu,  Jun Yang,  W. Zhang,  Yan Zhao

   Please cite Q-Chem as follows:
  "Software for the frontiers of quantum chemistry:
   An overview of developments in the Q-Chem 5 package"
   J. Chem. Phys. 155, 084801 (2021)
   https://doi.org/10.1063/5.0055522 (open access)

 Q-Chem 6.0.2 for Intel X86 EM64T Linux

 Parts of Q-Chem use Armadillo 9.900.5 (Nocturnal Misbehaviour).
 http://arma.sourceforge.net/

 Q-Chem begins on Tue Dec  3 10:49:00 2024  

 Host: 
0

     Scratch files written to /expanse/lustre/scratch/whughes/temp_project/job_35550745/sil3-ts1-wb97xd-c1-B97mV-35550745//
 Dec722 |scratch|qcdevops|jenkins|workspace|build_RNUM    
 Processing $rem in /cm/shared/apps/spack/0.17.3/cpu/b/opt/spack/linux-rocky8-zen2/gcc-10.2.0/qchem-6.0-rytxnwjazd34ekd2gqyi5ufsaimxsd3r/config/preferences:
 Processing $rem in /home/whughes/.qchemrc:

 Checking the input file for inconsistencies... 	...done.

--------------------------------------------------------------
User input:
--------------------------------------------------------------
$molecule
0 3
O    0.4457921704    -0.2586125549   2.3556586461
C    0.3006363538    -0.9940483882   1.2891077892
Si   -1.0843561119   0.4513629305    1.4174402322
C    -2.3658887902   0.0650896348    2.7151505877
C    -0.5428654846   2.2332289248    1.4378838734
C    -1.889093397    0.133105467     -0.2691144375
C    1.2982392223    -1.5961226286   0.3691357706
C    2.3334820753    -0.6208766044   -0.2219004758
C    1.7648550642    0.30470853      -1.2494973294
C    1.9114941572    1.620001306     -1.2595585671
H    -2.0261389111   0.3600511466    3.7085376259
H    -2.5793598609   -1.0056294565   2.7348383961
H    -3.2995965486   0.5889915953    2.4966174259
H    0.2738634594    2.3939360072    0.7332428096
H    -1.3740087384   2.8771901647    1.1395288562
H    -0.208016776    2.5339239838    2.4310759117
H    -2.2099382192   -0.9034008374   -0.3789714507
H    -2.7705168237   0.7770938071    -0.3533637587
H    -1.2034073811   0.3787325842    -1.0807185808
H    1.8282036025    -2.3818930107   0.9220971082
H    0.7555824138    -2.0975536776   -0.4354537023
H    3.1192043151    -1.2245740966   -0.6892623391
H    2.8028608837    -0.051183219    0.5828161251
H    1.2014934027    -0.1687485838   -2.0511685698
H    2.4669616754    2.1316612291    -0.480792465
H    1.4861687578    2.2327551277    -2.0444575775
$end

$rem
METHOD      B97M-V
BASIS       def2-QZVPP
SYM_IGNORE   TRUE
DFT_D       false
MAX_SCF_CYCLES 300
$end

$end
--------------------------------------------------------------
 ----------------------------------------------------------------
             Standard Nuclear Orientation (Angstroms)
    I     Atom           X                Y                Z
 ----------------------------------------------------------------
    1      O       0.4457921704    -0.2586125549     2.3556586461
    2      C       0.3006363538    -0.9940483882     1.2891077892
    3      Si     -1.0843561119     0.4513629305     1.4174402322
    4      C      -2.3658887902     0.0650896348     2.7151505877
    5      C      -0.5428654846     2.2332289248     1.4378838734
    6      C      -1.8890933970     0.1331054670    -0.2691144375
    7      C       1.2982392223    -1.5961226286     0.3691357706
    8      C       2.3334820753    -0.6208766044    -0.2219004758
    9      C       1.7648550642     0.3047085300    -1.2494973294
   10      C       1.9114941572     1.6200013060    -1.2595585671
   11      H      -2.0261389111     0.3600511466     3.7085376259
   12      H      -2.5793598609    -1.0056294565     2.7348383961
   13      H      -3.2995965486     0.5889915953     2.4966174259
   14      H       0.2738634594     2.3939360072     0.7332428096
   15      H      -1.3740087384     2.8771901647     1.1395288562
   16      H      -0.2080167760     2.5339239838     2.4310759117
   17      H      -2.2099382192    -0.9034008374    -0.3789714507
   18      H      -2.7705168237     0.7770938071    -0.3533637587
   19      H      -1.2034073811     0.3787325842    -1.0807185808
   20      H       1.8282036025    -2.3818930107     0.9220971082
   21      H       0.7555824138    -2.0975536776    -0.4354537023
   22      H       3.1192043151    -1.2245740966    -0.6892623391
   23      H       2.8028608837    -0.0511832190     0.5828161251
   24      H       1.2014934027    -0.1687485838    -2.0511685698
   25      H       2.4669616754     2.1316612291    -0.4807924650
   26      H       1.4861687578     2.2327551277    -2.0444575775
 ----------------------------------------------------------------
 Nuclear Repulsion Energy =         642.96414466 hartrees
 There are       44 alpha and       42 beta electrons
 Requested basis set is def2-QZVPP
 There are 335 shells and 1063 basis functions

 Total QAlloc Memory Limit   8000 MB
 Mega-Array Size       188 MB
 MEM_STATIC part       192 MB

 A cutoff of  1.0D-09 yielded  37676 shell pairs
 There are    355218 function pairs (    515782 Cartesian)
 Smallest overlap matrix eigenvalue = 3.51E-05

 Scale SEOQF with 1.000000e-01/1.000000e-01/1.000000e-01

 Standard Electronic Orientation quadrupole field applied
 Nucleus-field energy     =    -0.0000000056 hartrees
 Guess from superposition of atomic densities
 Warning:  Energy on first SCF cycle will be non-variational
 SAD guess density has 86.000000 electrons

 -----------------------------------------------------------------------
  General SCF calculation program by
  Eric Jon Sundstrom, Paul Horn, Yuezhi Mao, Dmitri Zuev, Alec White,
  David Stuck, Shaama M.S., Shane Yost, Joonho Lee, David Small,
  Daniel Levine, Susi Lehtola, Hugh Burton, Evgeny Epifanovsky,
  Bang C. Huynh
 -----------------------------------------------------------------------
 Exchange:  B97M-V      Correlation:  B97M-V
 Using SG-2 standard quadrature grid
 Nonlocal Correlation:  VV10 with C = 0.0100 and b = 6.00 and scale = 1.00000
 Grid used for NLC:  SG-1 standard quadrature
 using 32 threads for integral computing
 -------------------------------------------------------
 OpenMP Integral computing Module                
 Release: version 1.0, May 2013, Q-Chem Inc. Pittsburgh 
 -------------------------------------------------------
 A unrestricted SCF calculation will be
 performed using DIIS
 SCF converges when DIIS error is below 1.0e-05
 ---------------------------------------
  Cycle       Energy         DIIS error
 ---------------------------------------
    1    -680.3888341655      5.09e-03  
    2    -678.8433063843      7.81e-04  
    3    -678.6900175031      9.07e-04  
    4    -679.1801345544      1.38e-04  
    5    -679.1858278435      1.00e-04  
    6    -679.1901070695      3.81e-05  
    7    -679.1907509215      1.14e-05  
    8    -679.1908024578      6.13e-06  Convergence criterion met
 ---------------------------------------
 SCF time:   CPU 5833.54s  wall 186.00s 
<S^2> =          2.009903951
 SCF   energy in the final basis set =     -679.1908024578
 Total energy in the final basis set =     -679.1908024578
 
 --------------------------------------------------------------
 
                    Orbital Energies (a.u.)
 --------------------------------------------------------------
 
 Alpha MOs
 -- Occupied --
-66.1920 -19.1814 -10.2343 -10.2035 -10.1906 -10.1895 -10.1742 -10.1561
-10.1486 -10.1483  -5.3044  -3.5832  -3.5784  -3.5779  -1.0536  -0.7996
 -0.7391  -0.6928  -0.6596  -0.6579  -0.6467  -0.5509  -0.5326  -0.4876
 -0.4518  -0.4317  -0.4277  -0.4018  -0.3989  -0.3840  -0.3802  -0.3782
 -0.3729  -0.3658  -0.3560  -0.3549  -0.3456  -0.3321  -0.3213  -0.2844
 -0.2748  -0.2490  -0.1995  -0.1290
 -- Virtual --
 -0.0278  -0.0012   0.0174   0.0205   0.0254   0.0392   0.0448   0.0507
  0.0526   0.0618   0.0653   0.0701   0.0795   0.0861   0.0885   0.0970
  0.1025   0.1038   0.1124   0.1193   0.1208   0.1238   0.1299   0.1344
  0.1362   0.1455   0.1496   0.1523   0.1638   0.1711   0.1758   0.1822
  0.1939   0.1998   0.2066   0.2168   0.2295   0.2344   0.2371   0.2403
  0.2483   0.2573   0.2624   0.2675   0.2693   0.2773   0.2784   0.2862
  0.2929   0.2962   0.2982   0.3033   0.3063   0.3115   0.3129   0.3200
  0.3237   0.3292   0.3377   0.3389   0.3440   0.3489   0.3580   0.3677
  0.3695   0.3759   0.3912   0.3947   0.4047   0.4134   0.4176   0.4257
  0.4338   0.4476   0.4548   0.4621   0.4689   0.4787   0.4844   0.4965
  0.4996   0.5125   0.5152   0.5232   0.5338   0.5376   0.5456   0.5500
  0.5589   0.5605   0.5673   0.5785   0.5907   0.5992   0.6060   0.6154
  0.6169   0.6233   0.6446   0.6508   0.6558   0.6647   0.6716   0.6763
  0.6800   0.6927   0.6965   0.7025   0.7120   0.7239   0.7298   0.7387
  0.7429   0.7474   0.7587   0.7613   0.7684   0.7716   0.7840   0.7882
  0.7972   0.8010   0.8068   0.8103   0.8188   0.8215   0.8341   0.8362
  0.8419   0.8473   0.8532   0.8560   0.8615   0.8644   0.8744   0.8768
  0.8824   0.8859   0.8989   0.9026   0.9120   0.9232   0.9301   0.9333
  0.9412   0.9528   0.9567   0.9652   0.9713   0.9801   0.9848   0.9866
  1.0002   1.0040   1.0154   1.0217   1.0295   1.0363   1.0429   1.0477
  1.0489   1.0577   1.0723   1.0788   1.0869   1.0930   1.1015   1.1022
  1.1115   1.1170   1.1260   1.1297   1.1357   1.1382   1.1474   1.1512
  1.1654   1.1670   1.1798   1.1914   1.2016   1.2065   1.2261   1.2285
  1.2410   1.2429   1.2499   1.2578   1.2649   1.2778   1.2943   1.3025
  1.3124   1.3186   1.3234   1.3401   1.3550   1.3637   1.3684   1.3733
  1.3844   1.3953   1.4158   1.4217   1.4339   1.4403   1.4451   1.4491
  1.4580   1.4731   1.4779   1.4864   1.5079   1.5172   1.5345   1.5466
  1.5486   1.5538   1.5575   1.5684   1.5829   1.5902   1.5992   1.6133
  1.6193   1.6356   1.6434   1.6488   1.6749   1.6913   1.7197   1.7210
  1.7319   1.7357   1.7580   1.7669   1.7813   1.7986   1.8142   1.8218
  1.8303   1.8524   1.8540   1.8576   1.8651   1.8817   1.8858   1.8973
  1.9103   1.9214   1.9271   1.9430   1.9506   1.9588   1.9624   1.9692
  1.9733   1.9777   1.9965   1.9998   2.0005   2.0177   2.0269   2.0319
  2.0361   2.0402   2.0456   2.0548   2.0612   2.0664   2.0739   2.0858
  2.0904   2.0987   2.1068   2.1167   2.1209   2.1314   2.1396   2.1494
  2.1543   2.1583   2.1631   2.1677   2.1755   2.1848   2.1947   2.1971
  2.2119   2.2151   2.2315   2.2323   2.2445   2.2471   2.2547   2.2609
  2.2611   2.2726   2.2813   2.2836   2.2936   2.3014   2.3027   2.3117
  2.3215   2.3316   2.3363   2.3389   2.3444   2.3507   2.3625   2.3675
  2.3708   2.3821   2.3907   2.3983   2.4075   2.4236   2.4282   2.4354
  2.4459   2.4472   2.4574   2.4682   2.4814   2.4856   2.4950   2.5046
  2.5102   2.5237   2.5342   2.5442   2.5497   2.5660   2.5674   2.5826
  2.5909   2.5919   2.6016   2.6105   2.6146   2.6295   2.6350   2.6394
  2.6544   2.6575   2.6753   2.6812   2.6889   2.6938   2.6971   2.7072
  2.7134   2.7163   2.7304   2.7398   2.7448   2.7497   2.7565   2.7720
  2.7764   2.7878   2.7960   2.7985   2.8051   2.8163   2.8219   2.8269
  2.8411   2.8469   2.8520   2.8679   2.8715   2.8745   2.8889   2.8976
  2.9072   2.9119   2.9200   2.9251   2.9336   2.9449   2.9615   2.9737
  2.9826   2.9969   3.0051   3.0142   3.0161   3.0266   3.0305   3.0476
  3.0500   3.0551   3.0583   3.0663   3.0690   3.0825   3.0914   3.1006
  3.1072   3.1134   3.1203   3.1276   3.1367   3.1401   3.1446   3.1650
  3.1727   3.1828   3.1921   3.2054   3.2110   3.2184   3.2318   3.2370
  3.2426   3.2544   3.2738   3.2797   3.2954   3.3098   3.3193   3.3315
  3.3357   3.3518   3.3614   3.3744   3.3914   3.3945   3.4041   3.4113
  3.4349   3.4482   3.4575   3.4678   3.4878   3.5051   3.5106   3.5196
  3.5226   3.5414   3.5544   3.5651   3.5701   3.5812   3.5955   3.6056
  3.6064   3.6258   3.6316   3.6326   3.6563   3.6653   3.6681   3.6827
  3.6877   3.7102   3.7192   3.7388   3.7450   3.7466   3.7561   3.7839
  3.7900   3.7999   3.8164   3.8255   3.8332   3.8471   3.8535   3.8653
  3.8852   3.8951   3.9008   3.9243   3.9281   3.9426   3.9581   3.9674
  3.9696   3.9879   3.9963   4.0134   4.0183   4.0243   4.0290   4.0520
  4.0587   4.0681   4.0759   4.0870   4.0949   4.1060   4.1144   4.1257
  4.1289   4.1398   4.1612   4.1796   4.2156   4.2290   4.2413   4.2937
  4.3011   4.3143   4.3622   4.3964   4.4312   4.4688   4.4956   4.5062
  4.5079   4.5329   4.5407   4.5728   4.5924   4.6076   4.6247   4.6701
  4.6865   4.7311   4.7663   4.7863   4.7967   4.8568   4.9222   4.9678
  4.9857   5.0503   5.0942   5.1711   5.1771   5.1994   5.2362   5.2467
  5.2799   5.2978   5.3229   5.3538   5.3871   5.3948   5.4102   5.4191
  5.4304   5.4491   5.4715   5.5058   5.5205   5.5490   5.5535   5.5778
  5.6065   5.6173   5.6338   5.6592   5.6735   5.6838   5.6891   5.7133
  5.7257   5.7348   5.7358   5.7501   5.7632   5.7769   5.8072   5.8154
  5.8446   5.8552   5.8717   5.8943   5.9109   5.9207   5.9403   5.9518
  5.9654   5.9750   5.9797   5.9910   5.9952   6.0053   6.0164   6.0246
  6.0296   6.0514   6.0673   6.0685   6.0779   6.0925   6.0951   6.1016
  6.1232   6.1317   6.1364   6.1411   6.1462   6.1588   6.1682   6.1774
  6.1876   6.1961   6.2129   6.2174   6.2221   6.2434   6.2535   6.2588
  6.2611   6.2752   6.2863   6.2948   6.3153   6.3166   6.3307   6.3327
  6.3355   6.3534   6.3608   6.3645   6.3791   6.3845   6.3947   6.3962
  6.4083   6.4102   6.4155   6.4276   6.4326   6.4425   6.4526   6.4580
  6.4627   6.4763   6.4810   6.4850   6.4939   6.4992   6.5044   6.5162
  6.5201   6.5293   6.5376   6.5417   6.5499   6.5606   6.5741   6.5831
  6.5908   6.5956   6.6136   6.6220   6.6284   6.6389   6.6463   6.6566
  6.6667   6.6724   6.6768   6.6835   6.6889   6.6911   6.6948   6.7051
  6.7072   6.7202   6.7250   6.7311   6.7414   6.7561   6.7661   6.7705
  6.7933   6.7954   6.8057   6.8275   6.8327   6.8490   6.8530   6.8665
  6.8883   6.8985   6.9091   6.9188   6.9206   6.9348   6.9386   6.9482
  6.9561   6.9604   6.9644   6.9743   6.9807   6.9992   7.0101   7.0189
  7.0446   7.0588   7.0712   7.0753   7.0903   7.0931   7.1007   7.1057
  7.1237   7.1299   7.1396   7.1510   7.1562   7.1787   7.2081   7.2155
  7.2588   7.2763   7.2819   7.3006   7.3139   7.3203   7.3333   7.3503
  7.3624   7.3852   7.4039   7.4123   7.4300   7.4358   7.4526   7.4625
  7.4653   7.4719   7.4792   7.4860   7.5290   7.5558   7.5838   7.6266
  7.6400   7.6703   7.6892   7.7291   7.7431   7.7490   7.7524   7.7647
  7.7691   7.7768   7.7899   7.7987   7.8219   7.8423   7.8487   7.8564
  7.8591   7.8701   7.8781   7.8861   7.8983   7.9103   7.9230   7.9239
  7.9381   7.9466   7.9799   8.0110   8.0353   8.0490   8.0569   8.0885
  8.1161   8.1261   8.1311   8.1419   8.1500   8.1542   8.1638   8.1719
  8.1997   8.2034   8.2109   8.2149   8.2229   8.2331   8.2420   8.2427
  8.2475   8.2544   8.2582   8.2654   8.2749   8.2866   8.2903   8.2973
  8.3099   8.3176   8.3189   8.3304   8.3393   8.3554   8.3687   8.3878
  8.3998   8.4125   8.4156   8.4258   8.4310   8.4376   8.4477   8.4599
  8.4626   8.4664   8.4747   8.4853   8.5041   8.5253   8.5429   8.5633
  8.5697   8.6088   8.6239   8.6382   8.6440   8.6551   8.6583   8.6642
  8.6714   8.6763   8.6975   8.7382   8.7587   8.7712   8.7848   8.8306
  8.8481   8.8571   8.8662   8.8743   8.8855   8.9032   8.9096   8.9147
  8.9252   8.9309   8.9347   8.9406   8.9456   8.9492   8.9613   8.9630
  8.9789   8.9879   8.9949   9.0181   9.0213   9.0247   9.0381   9.0466
  9.0629   9.0710   9.0802   9.0825   9.1119   9.1135   9.1261   9.1426
  9.1718   9.1780   9.1894   9.2013   9.2096   9.2189   9.2239   9.2347
  9.2442   9.2533   9.2614   9.2938   9.3004   9.3218   9.3333   9.3404
  9.3447   9.3602   9.3697   9.3792   9.3942   9.3986   9.3996   9.4121
  9.4127   9.4217   9.4252   9.4313   9.4376   9.4557   9.4595   9.4640
  9.4670   9.4707   9.4887   9.4968   9.5132   9.5478   9.5606   9.5957
  9.6375   9.6888   9.7353   9.7540   9.7758   9.8312   9.8574   9.9131
  9.9760  10.0176  10.0229  10.0594  10.0895  10.1036  10.1154  10.1286
 10.1447  10.1770  10.2059  10.2421  10.2732  10.2843  10.3127  10.3357
 10.3478  10.3778  10.4339  10.4384  10.4533  10.4556  10.4607  10.4671
 10.4733  10.4827  10.4886  10.4998  10.5100  10.5129  10.5218  10.5776
 10.6418  10.6500  10.6705  10.6869  10.7222  10.7845  10.8122  10.8464
 10.8557  10.8933  10.9189  10.9223  10.9343  10.9409  10.9558  11.1075
 11.1253  11.1455  11.1584  11.1946  11.4341  11.6754  11.6969  11.7875
 11.8501  11.9359  12.1845  12.3742  12.3896  12.3982  12.4060  12.4726
 12.4921  12.5038  12.5904  12.6127  12.6179  12.6706  12.8407  12.8734
 13.0461  13.0536  13.1561  13.2105  13.2643  13.3203  13.3680  13.3781
 13.4001  13.5508  13.5965  13.6745  14.2431  14.7776  17.5890  28.9211
 29.1649  29.6993  29.7405  29.7475  29.7873  29.8361  29.9987  49.1066
 59.5789 150.8221 151.0663 151.6232 151.6728 151.6871 151.7485 151.7627
151.9000 258.2606 321.2653
 
 Beta MOs
 -- Occupied --
-66.1920 -19.1630 -10.2147 -10.2023 -10.1896 -10.1894 -10.1741 -10.1539
-10.1486 -10.1484  -5.3042  -3.5828  -3.5782  -3.5777  -1.0200  -0.7957
 -0.7324  -0.6902  -0.6579  -0.6561  -0.6360  -0.5414  -0.5057  -0.4652
 -0.4439  -0.4261  -0.4165  -0.3951  -0.3864  -0.3808  -0.3763  -0.3712
 -0.3689  -0.3618  -0.3548  -0.3403  -0.3295  -0.3185  -0.3155  -0.2747
 -0.2689  -0.2472
 -- Virtual --
 -0.1265  -0.0424  -0.0257   0.0012   0.0184   0.0238   0.0276   0.0445
  0.0494   0.0531   0.0593   0.0662   0.0681   0.0741   0.0824   0.0881
  0.0918   0.0991   0.1062   0.1078   0.1146   0.1228   0.1240   0.1280
  0.1359   0.1395   0.1417   0.1488   0.1534   0.1572   0.1692   0.1744
  0.1815   0.1871   0.1963   0.2070   0.2134   0.2219   0.2323   0.2364
  0.2415   0.2464   0.2579   0.2622   0.2668   0.2721   0.2754   0.2798
  0.2823   0.2879   0.2961   0.2999   0.3030   0.3077   0.3095   0.3160
  0.3168   0.3256   0.3284   0.3323   0.3402   0.3458   0.3483   0.3533
  0.3631   0.3716   0.3746   0.3823   0.3964   0.4058   0.4121   0.4168
  0.4264   0.4312   0.4381   0.4540   0.4593   0.4656   0.4727   0.4827
  0.4882   0.5017   0.5064   0.5180   0.5206   0.5315   0.5385   0.5466
  0.5514   0.5550   0.5630   0.5649   0.5745   0.5838   0.5952   0.6036
  0.6103   0.6186   0.6233   0.6324   0.6481   0.6552   0.6611   0.6694
  0.6755   0.6796   0.6844   0.6995   0.7027   0.7121   0.7155   0.7313
  0.7365   0.7439   0.7485   0.7504   0.7648   0.7668   0.7734   0.7808
  0.7911   0.7931   0.8034   0.8075   0.8119   0.8143   0.8255   0.8286
  0.8379   0.8400   0.8463   0.8531   0.8572   0.8600   0.8661   0.8697
  0.8786   0.8829   0.8856   0.8893   0.9044   0.9091   0.9196   0.9270
  0.9368   0.9407   0.9469   0.9589   0.9632   0.9720   0.9785   0.9859
  0.9925   0.9944   1.0061   1.0123   1.0226   1.0278   1.0346   1.0420
  1.0489   1.0532   1.0536   1.0621   1.0793   1.0847   1.0922   1.0997
  1.1055   1.1114   1.1171   1.1225   1.1327   1.1367   1.1406   1.1464
  1.1559   1.1587   1.1713   1.1721   1.1885   1.1997   1.2074   1.2148
  1.2310   1.2350   1.2474   1.2488   1.2575   1.2674   1.2713   1.2856
  1.2996   1.3093   1.3200   1.3272   1.3311   1.3514   1.3643   1.3682
  1.3772   1.3811   1.3903   1.4075   1.4210   1.4276   1.4395   1.4468
  1.4534   1.4542   1.4635   1.4838   1.4846   1.4929   1.5146   1.5237
  1.5419   1.5514   1.5548   1.5628   1.5665   1.5789   1.5929   1.5983
  1.6065   1.6282   1.6328   1.6513   1.6531   1.6579   1.6864   1.6990
  1.7294   1.7373   1.7409   1.7470   1.7683   1.7766   1.7940   1.8118
  1.8284   1.8333   1.8419   1.8595   1.8650   1.8714   1.8729   1.8892
  1.8981   1.9070   1.9174   1.9290   1.9348   1.9482   1.9569   1.9705
  1.9746   1.9785   1.9821   1.9869   2.0028   2.0079   2.0121   2.0267
  2.0373   2.0398   2.0437   2.0512   2.0545   2.0631   2.0693   2.0752
  2.0825   2.0948   2.1002   2.1119   2.1153   2.1289   2.1329   2.1402
  2.1486   2.1613   2.1654   2.1704   2.1730   2.1749   2.1862   2.1936
  2.2044   2.2089   2.2209   2.2281   2.2377   2.2425   2.2524   2.2579
  2.2661   2.2717   2.2729   2.2819   2.2921   2.2963   2.3013   2.3108
  2.3160   2.3205   2.3315   2.3410   2.3486   2.3511   2.3549   2.3627
  2.3731   2.3775   2.3848   2.3898   2.4038   2.4092   2.4180   2.4389
  2.4431   2.4447   2.4533   2.4568   2.4664   2.4783   2.4952   2.4965
  2.5049   2.5149   2.5255   2.5336   2.5447   2.5593   2.5606   2.5730
  2.5832   2.5911   2.6001   2.6009   2.6084   2.6214   2.6263   2.6394
  2.6443   2.6499   2.6630   2.6698   2.6849   2.6893   2.6959   2.7025
  2.7087   2.7169   2.7243   2.7284   2.7379   2.7515   2.7535   2.7581
  2.7674   2.7829   2.7869   2.7981   2.8034   2.8091   2.8171   2.8253
  2.8300   2.8431   2.8493   2.8549   2.8629   2.8751   2.8827   2.8837
  2.8939   2.9080   2.9162   2.9236   2.9287   2.9336   2.9435   2.9610
  2.9733   2.9829   2.9905   3.0061   3.0152   3.0256   3.0262   3.0371
  3.0414   3.0534   3.0562   3.0604   3.0649   3.0739   3.0781   3.0886
  3.1019   3.1083   3.1155   3.1252   3.1278   3.1390   3.1489   3.1537
  3.1567   3.1749   3.1826   3.1927   3.2012   3.2154   3.2188   3.2257
  3.2394   3.2473   3.2515   3.2645   3.2866   3.2868   3.3070   3.3211
  3.3314   3.3415   3.3550   3.3679   3.3714   3.3858   3.4009   3.4052
  3.4160   3.4248   3.4438   3.4595   3.4664   3.4805   3.4958   3.5139
  3.5213   3.5289   3.5371   3.5496   3.5668   3.5785   3.5851   3.5899
  3.6053   3.6170   3.6210   3.6367   3.6417   3.6442   3.6636   3.6768
  3.6807   3.6962   3.7014   3.7171   3.7299   3.7505   3.7561   3.7633
  3.7718   3.7939   3.8029   3.8108   3.8277   3.8352   3.8412   3.8611
  3.8672   3.8770   3.8961   3.9040   3.9131   3.9365   3.9401   3.9641
  3.9688   3.9807   3.9876   3.9992   4.0090   4.0244   4.0296   4.0384
  4.0432   4.0649   4.0686   4.0810   4.0861   4.0991   4.1056   4.1159
  4.1252   4.1317   4.1414   4.1634   4.1756   4.1931   4.2318   4.2477
  4.2634   4.3037   4.3272   4.3578   4.3845   4.4288   4.4517   4.4871
  4.5152   4.5168   4.5284   4.5460   4.5497   4.5979   4.5997   4.6301
  4.6442   4.6921   4.7150   4.7772   4.7839   4.8010   4.8510   4.8780
  4.9349   5.0128   5.0409   5.0959   5.1246   5.1878   5.1961   5.2424
  5.2475   5.2710   5.3030   5.3266   5.3550   5.3690   5.4059   5.4197
  5.4252   5.4321   5.4468   5.4787   5.5002   5.5301   5.5514   5.5723
  5.5747   5.5976   5.6172   5.6375   5.6482   5.6672   5.6882   5.7013
  5.7060   5.7224   5.7305   5.7512   5.7548   5.7678   5.7741   5.7920
  5.8264   5.8436   5.8564   5.8763   5.8852   5.9054   5.9324   5.9394
  5.9623   5.9711   5.9861   5.9870   5.9926   6.0068   6.0104   6.0212
  6.0323   6.0398   6.0529   6.0724   6.0759   6.0783   6.0967   6.1101
  6.1123   6.1171   6.1371   6.1408   6.1496   6.1518   6.1671   6.1679
  6.1852   6.1880   6.2029   6.2119   6.2244   6.2303   6.2385   6.2491
  6.2613   6.2729   6.2861   6.2937   6.3002   6.3258   6.3278   6.3360
  6.3377   6.3552   6.3628   6.3703   6.3712   6.3817   6.3925   6.4042
  6.4063   6.4108   6.4164   6.4224   6.4285   6.4379   6.4466   6.4536
  6.4677   6.4758   6.4812   6.4885   6.4926   6.5058   6.5086   6.5213
  6.5281   6.5331   6.5390   6.5413   6.5534   6.5576   6.5665   6.5756
  6.5882   6.5982   6.6057   6.6106   6.6262   6.6387   6.6462   6.6521
  6.6619   6.6670   6.6800   6.6810   6.6873   6.6932   6.6989   6.7007
  6.7054   6.7179   6.7231   6.7256   6.7461   6.7491   6.7572   6.7713
  6.7806   6.7893   6.8085   6.8171   6.8354   6.8419   6.8689   6.8723
  6.8852   6.8997   6.9034   6.9125   6.9199   6.9275   6.9388   6.9457
  6.9529   6.9623   6.9628   6.9704   6.9777   6.9951   7.0116   7.0160
  7.0342   7.0468   7.0565   7.0695   7.0859   7.0972   7.1017   7.1043
  7.1165   7.1242   7.1373   7.1429   7.1460   7.1595   7.1670   7.1947
  7.2220   7.2315   7.2749   7.2876   7.2974   7.3146   7.3237   7.3359
  7.3404   7.3643   7.3829   7.4157   7.4219   7.4262   7.4435   7.4564
  7.4599   7.4704   7.4775   7.4843   7.4917   7.5135   7.5698   7.6090
  7.6207   7.6539   7.6656   7.7077   7.7170   7.7383   7.7480   7.7542
  7.7621   7.7718   7.7780   7.7844   7.7932   7.8071   7.8345   7.8469
  7.8530   7.8618   7.8666   7.8730   7.8838   7.8891   7.9046   7.9147
  7.9282   7.9427   7.9440   7.9570   7.9881   8.0165   8.0459   8.0598
  8.0820   8.0951   8.1267   8.1332   8.1415   8.1463   8.1581   8.1601
  8.1777   8.1860   8.2052   8.2116   8.2143   8.2204   8.2319   8.2371
  8.2461   8.2491   8.2567   8.2606   8.2625   8.2741   8.2913   8.2940
  8.2987   8.3031   8.3143   8.3237   8.3303   8.3367   8.3516   8.3650
  8.3745   8.4009   8.4055   8.4163   8.4259   8.4323   8.4412   8.4441
  8.4502   8.4634   8.4677   8.4718   8.4799   8.4924   8.5182   8.5389
  8.5468   8.5719   8.5865   8.6220   8.6297   8.6418   8.6478   8.6632
  8.6636   8.6709   8.6807   8.6852   8.7111   8.7588   8.7838   8.7887
  8.7943   8.8396   8.8510   8.8612   8.8705   8.8787   8.8890   8.9059
  8.9118   8.9166   8.9283   8.9338   8.9395   8.9460   8.9500   8.9548
  8.9643   8.9686   8.9840   8.9912   9.0025   9.0225   9.0245   9.0341
  9.0426   9.0484   9.0670   9.0746   9.0870   9.0895   9.1174   9.1197
  9.1305   9.1599   9.1756   9.1828   9.2008   9.2069   9.2154   9.2234
  9.2297   9.2401   9.2496   9.2615   9.2672   9.3000   9.3085   9.3283
  9.3409   9.3466   9.3548   9.3742   9.3843   9.3988   9.4021   9.4060
  9.4104   9.4196   9.4228   9.4246   9.4328   9.4483   9.4595   9.4654
  9.4718   9.4845   9.5021   9.5163   9.5206   9.5372   9.5571   9.5726
  9.5986   9.6249   9.6619   9.6994   9.7651   9.7717   9.7950   9.8623
  9.9199   9.9504   9.9781  10.0199  10.0252  10.0606  10.0905  10.1040
 10.1282  10.1443  10.1822  10.2287  10.2419  10.2573  10.2859  10.3126
 10.3355  10.3468  10.3583  10.3791  10.4377  10.4446  10.4551  10.4609
 10.4629  10.4698  10.4791  10.4855  10.4944  10.5028  10.5117  10.5301
 10.5389  10.6227  10.6574  10.6717  10.7339  10.7488  10.7639  10.7962
 10.8277  10.8491  10.8646  10.8947  10.9217  10.9285  10.9428  10.9528
 11.0502  11.1103  11.1350  11.1481  11.1668  11.1958  11.4341  11.7798
 11.7892  11.8021  11.9568  12.0467  12.1856  12.3873  12.3984  12.4249
 12.4935  12.5095  12.5170  12.5500  12.6024  12.6245  12.6905  12.7222
 12.9526  12.9810  13.0522  13.0794  13.1578  13.2862  13.3365  13.3431
 13.3718  13.3963  13.4969  13.5586  13.5987  13.6929  14.3621  14.8730
 17.5957  29.0087  29.1667  29.7079  29.7438  29.7530  29.7941  29.8385
 29.9995  49.1761  59.5805 150.8755 151.0672 151.6305 151.6729 151.6924
151.7535 151.7643 151.9012 258.2950 321.2657
 --------------------------------------------------------------
 
          Ground-State Mulliken Net Atomic Charges

     Atom                 Charge (a.u.)    Spin (a.u.)
  --------------------------------------------------------
      1 O                    -0.409015       0.440574
      2 C                     0.036390       1.211018
      3 Si                    0.475824       0.159637
      4 C                    -0.590968      -0.016634
      5 C                    -0.616420      -0.002078
      6 C                    -0.642036       0.077878
      7 C                    -0.307182       0.030215
      8 C                    -0.314754       0.035951
      9 C                    -0.296279       0.013616
     10 C                    -0.496979       0.003491
     11 H                     0.175240       0.001340
     12 H                     0.155845       0.007415
     13 H                     0.173235      -0.001160
     14 H                     0.173825       0.000299
     15 H                     0.189648      -0.001139
     16 H                     0.183261      -0.000355
     17 H                     0.196023      -0.001808
     18 H                     0.186183       0.016243
     19 H                     0.200961      -0.000115
     20 H                     0.188136       0.034727
     21 H                     0.234222      -0.007147
     22 H                     0.190387       0.008837
     23 H                     0.235122      -0.006935
     24 H                     0.248637      -0.003568
     25 H                     0.192397      -0.000587
     26 H                     0.238297       0.000284
  --------------------------------------------------------
  Sum of atomic charges =     0.000000
  Sum of spin   charges =     2.000000

 -----------------------------------------------------------------
                    Cartesian Multipole Moments
 -----------------------------------------------------------------
    Charge (ESU x 10^10)
                 0.0000
    Dipole Moment (Debye)
         X       0.0152      Y      -0.0213      Z      -1.3995
       Tot       1.3997
    Quadrupole Moments (Debye-Ang)
        XX     -70.1912     XY      -2.1439     YY     -69.7799
        XZ      -0.4709     YZ       1.6508     ZZ     -76.1366
    Octopole Moments (Debye-Ang^2)
       XXX      -8.2851    XXY     -15.9935    XYY       0.6533
       YYY     -46.6347    XXZ     -44.1403    XYZ      -0.0764
       YYZ     -52.1978    XZZ      -5.8749    YZZ     -10.5190
       ZZZ    -161.9118
    Hexadecapole Moments (Debye-Ang^3)
      XXXX   -1242.8619   XXXY      40.1489   XXYY    -302.0619
      XYYY      59.0627   YYYY    -687.3033   XXXZ     298.3896
      XXYZ       3.9349   XYYZ      91.8987   YYYZ     -18.6384
      XXZZ    -411.5121   XYZZ      14.7900   YYZZ    -287.9919
      XZZZ     278.1975   YZZZ       3.8861   ZZZZ   -1112.5352
 -----------------------------------------------------------------
 Total job time:  199.57s(wall), 5877.53s(cpu) 
 Tue Dec  3 10:52:19 2024

        *************************************************************
        *                                                           *
        *  Thank you very much for using Q-Chem.  Have a nice day.  *
        *                                                           *
        *************************************************************


