
Running Job 1 of 1 SIL4-R1_rdkit_conf_4_wb97xd-B97mV.in
qchem SIL4-R1_rdkit_conf_4_wb97xd-B97mV.in_3919375.0 /expanse/lustre/scratch/whughes/temp_project/job_35550803/SIL4-R1_rdkit_conf_4_wb97xd-B97mV-35550803/ 0
/cm/shared/apps/spack/0.17.3/cpu/b/opt/spack/linux-rocky8-zen2/gcc-10.2.0/qchem-6.0-rytxnwjazd34ekd2gqyi5ufsaimxsd3r/exe/qcprog.exe_s SIL4-R1_rdkit_conf_4_wb97xd-B97mV.in_3919375.0 /expanse/lustre/scratch/whughes/temp_project/job_35550803/SIL4-R1_rdkit_conf_4_wb97xd-B97mV-35550803/
                  Welcome to Q-Chem
     A Quantum Leap Into The Future Of Chemistry


 Q-Chem 6.0, Q-Chem, Inc., Pleasanton, CA (2022)

 License issued to: University of California, San Diego (site)

 E. Epifanovsky,  A. T. B. Gilbert,  Xintian Feng,  Joonho Lee,  Yuezhi Mao,  
 N. Mardirossian,  P. Pokhilko,  A. White,  M. Wormit,  M. P. Coons,  
 A. L. Dempwolff,  Zhengting Gan,  D. Hait,  P. R. Horn,  L. D. Jacobson,  
 I. Kaliman,  J. Kussmann,  A. W. Lange,  Ka Un Lao,  D. S. Levine,  Jie Liu,  
 S. C. McKenzie,  A. F. Morrison,  K. Nanda,  F. Plasser,  D. R. Rehn,  
 M. L. Vidal,  Zhi-Qiang You,  Ying Zhu,  B. Alam,  B. Albrecht,  
 A. Aldossary,  E. Alguire,  J. H. Andersen,  V. Athavale,  D. Barton,  
 K. Begam,  A. Behn,  N. Bellonzi,  Y. A. Bernard,  E. J. Berquist,  
 H. Burton,  A. Carreras,  K. Carter-Fenk,  Romit Chakraborty,  
 Chandrima Chakravarty,  Junhan Chen,  A. D. Chien,  K. D. Closser,  
 V. Cofer-Shabica,  L. Cunha,  S. Dasgupta,  Jia Deng,  M. de Wergifosse,  
 M. Diedenhofen,  Hainam Do,  S. Ehlert,  Po-Tung Fang,  S. Fatehi,  
 Qingguo Feng,  T. Friedhoff,  B. Ganoe,  J. Gayvert,  Qinghui Ge,  
 G. Gidofalvi,  M. Goldey,  J. Gomes,  C. Gonzalez-Espinoza,  S. Gulania,  
 A. Gunina,  J. A. Gyamfi,  M. W. D. Hanson-Heine,  P. H. P. Harbach,  
 A. W. Hauser,  M. F. Herbst,  M. Hernandez Vera,  M. Hodecker,  
 Z. C. Holden,  S. Houck,  Xunkun Huang,  Kerwin Hui,  B. C. Huynh,  
 K. Ikeda,  M. Ivanov,  Hyunjun Ji,  Zuxin Jin,  Hanjie Jiang,  B. Kaduk,  
 S. Kaehler,  R. Kang,  K. Khistyaev,  Jaehoon Kim,  Yongbin Kim,  
 P. Klunzinger,  Z. Koczor-Benda,  Joong Hoon Koh,  D. Kosenkov,  
 Saikiran Kotaru,  L. Koulias,  T. Kowalczyk,  C. M. Krauter,  K. Kue,  
 A. Kunitsa,  T. Kus,  A. Landau,  K. V. Lawler,  D. Lefrancois,  S. Lehtola,  
 Rain Li,  Shaozhi Li,  Yi-Pei Li,  Jiashu Liang,  M. Liebenthal,  
 Hung-Hsuan Lin,  You-Sheng Lin,  Fenglai Liu,  Kuan-Yu Liu,  
 M. Loipersberger,  A. Luenser,  C. Malbon,  A. Manjanath,  P. Manohar,  
 E. Mansoor,  S. F. Manzer,  Shan-Ping Mao,  A. V. Marenich,  T. Markovich,  
 S. Mason,  F. Matz,  S. A. Maurer,  P. F. McLaughlin,  M. F. S. J. Menger,  
 J.-M. Mewes,  S. A. Mewes,  P. Morgante,  Mohammad Mostafanejad,  
 J. W. Mullinax,  K. J. Oosterbaan,  G. Paran,  V. Parravicini,  
 Alexander C. Paul,  Suranjan K. Paul,  F. Pavosevic,  Zheng Pei,  S. Prager,  
 E. I. Proynov,  E. Ramos,  B. Rana,  A. E. Rask,  A. Rettig,  R. M. Richard,  
 F. Rob,  E. Rossomme,  T. Scheele,  M. Scheurer,  M. Schneider,  
 P. E. Schneider,  N. Sergueev,  S. M. Sharada,  Hengyuan Shen,  
 W. Skomorowski,  D. W. Small,  C. J. Stein,  Yingli Su,  Yu-Chuan Su,  
 E. J. Sundstrom,  Zhen Tao,  J. Thirman,  Hung-Yi Tsai,  T. Tsuchimochi,  
 N. M. Tubman,  C. Utku,  S. P. Veccham,  O. Vydrov,  J. Wenzel,  
 Jonathan Wong,  J. Witte,  A. Yamada,  Chou-Hsun Yang,  Kun Yao,  
 S. Yeganeh,  S. R. Yost,  A. Zech,  F. Zeller,  Igor Ying Zhang,  
 Xing Zhang,  Yu Zhang,  D. Zuev,  A. Aspuru-Guzik,  A. T. Bell,  
 N. A. Besley,  K. B. Bravaya,  B. R. Brooks,  D. Casanova,  Jeng-Da Chai,  
 Hsing-Ta Chen,  S. Coriani,  C. J. Cramer,  A. E. DePrince, III,  
 R. A. DiStasio Jr.,  A. Dreuw,  B. D. Dunietz,  T. R. Furlani,  
 W. A. Goddard III,  S. Grimme,  S. Hammes-Schiffer,  T. Head-Gordon,  
 W. J. Hehre,  Chao-Ping Hsu,  T.-C. Jagau,  Yousung Jung,  A. Klamt,  
 Jing Kong,  D. S. Lambrecht,  Xiangyuan Li,  WanZhen Liang,  N. J. Mayhall,  
 C. W. McCurdy,  J. B. Neaton,  T. Neudecker,  C. Ochsenfeld,  
 J. A. Parkhill,  R. Peverati,  V. A. Rassolov,  Haisheng Ren,  Yihan Shao,  
 L. V. Slipchenko,  R. P. Steele,  J. E. Subotnik,  A. J. W. Thom,  
 A. Tkatchenko,  D. G. Truhlar,  T. Van Voorhis,  Fan Wang,  
 T. A. Wesolowski,  K. B. Whaley,  H. L. Woodcock III,  P. M. Zimmerman,  
 S. Faraji,  P. M. W. Gill,  M. Head-Gordon,  J. M. Herbert,  A. I. Krylov

 Contributors to earlier versions of Q-Chem not listed above: 
 R. D. Adamson,  B. Austin,  R. Baer,  J. Baker,  G. J. O. Beran,  
 K. Brandhorst,  S. T. Brown,  E. F. C. Byrd,  Arup K. Chakraborty,  
 G. K. L. Chan,  Chun-Min Chang,  Yunqing Chen,  C.-L. Cheng,  
 Siu Hung Chien,  D. M. Chipman,  D. L. Crittenden,  H. Dachsel,  
 R. J. Doerksen,  A. D. Dutoi,  R. G. Edgar,  J. Fosso-Tande,  
 L. Fusti-Molnar,  D. Ghosh,  A. Ghysels,  A. Golubeva-Zadorozhnaya,  
 J. Gonthier,  M. S. Gordon,  S. R. Gwaltney,  G. Hawkins,  J. E. Herr,  
 A. Heyden,  S. Hirata,  E. G. Hohenstein,  G. Kedziora,  F. J. Keil,  
 C. Kelley,  Jihan Kim,  R. A. King,  R. Z. Khaliullin,  P. P. Korambath,  
 W. Kurlancheek,  A. Laurent,  A. M. Lee,  M. S. Lee,  S. V. Levchenko,  
 Ching Yeh Lin,  D. Liotard,  E. Livshits,  R. C. Lochan,  I. Lotan,  
 L. A. Martinez-Martinez,  P. E. Maslen,  N. Nair,  D. P. O'Neill,  
 D. Neuhauser,  E. Neuscamman,  C. M. Oana,  R. Olivares-Amaya,  R. Olson,  
 T. M. Perrine,  B. Peters,  P. A. Pieniazek,  A. Prociuk,  Y. M. Rhee,  
 J. Ritchie,  M. A. Rohrdanz,  E. Rosta,  N. J. Russ,  H. F. Schaefer III,  
 M. W. Schmidt,  N. E. Schultz,  S. Sharma,  N. Shenvi,  C. D. Sherrill,  
 A. C. Simmonett,  A. Sodt,  T. Stein,  D. Stuck,  K. S. Thanthiriwatte,  
 V. Vanovschi,  L. Vogt,  Tao Wang,  A. Warshel,  M. A. Watson,  
 C. F. Williams,  Q. Wu,  X. Xu,  Jun Yang,  W. Zhang,  Yan Zhao

   Please cite Q-Chem as follows:
  "Software for the frontiers of quantum chemistry:
   An overview of developments in the Q-Chem 5 package"
   J. Chem. Phys. 155, 084801 (2021)
   https://doi.org/10.1063/5.0055522 (open access)

 Q-Chem 6.0.2 for Intel X86 EM64T Linux

 Parts of Q-Chem use Armadillo 9.900.5 (Nocturnal Misbehaviour).
 http://arma.sourceforge.net/

 Q-Chem begins on Tue Dec  3 10:54:35 2024  

 Host: 
0

     Scratch files written to /expanse/lustre/scratch/whughes/temp_project/job_35550803/SIL4-R1_rdkit_conf_4_wb97xd-B97mV-35550803//
 Dec722 |scratch|qcdevops|jenkins|workspace|build_RNUM    
 Processing $rem in /cm/shared/apps/spack/0.17.3/cpu/b/opt/spack/linux-rocky8-zen2/gcc-10.2.0/qchem-6.0-rytxnwjazd34ekd2gqyi5ufsaimxsd3r/config/preferences:
 Processing $rem in /home/whughes/.qchemrc:

 Checking the input file for inconsistencies... 	...done.

--------------------------------------------------------------
User input:
--------------------------------------------------------------
$molecule
0 3
O    0.473504628     1.7669213863    0.4196276722
C    0.046494128     1.0786034698    -0.562549494
Si   -1.7028944181   0.3788862803    -0.2663356659
C    -1.6832141614   -0.8302841071   1.1639112965
C    -2.8365956633   1.8065176702    0.127596436
C    -2.1922295769   -0.475979087    -1.8548624835
C    1.0139908437    0.3541624105    -1.496003442
C    1.5603456996    -0.9733946348   -0.9583002008
C    2.2165868522    -0.8960192606   0.4160080768
C    3.3544078189    0.097514845     0.5361046865
Cl   4.70786164      -0.2659464104   -0.592477014
H    -1.302311859    -0.3477908997   2.0662264667
H    -2.6910720789   -1.1960905911   1.3776243459
H    -1.0498253865   -1.6929140539   0.9481997712
H    -2.4958531138   2.33111436      1.0219677372
H    -2.8671470614   2.5243314519    -0.6934445654
H    -3.8532345478   1.4490358992    0.3096449443
H    -3.2176769122   -0.8438550016   -1.7658864847
H    -2.1537286492   0.2078860611    -2.7043077807
H    -1.5503510079   -1.3316944749   -2.0713744517
H    0.4986808033    0.1731640891    -2.4391396791
H    1.8346874352    1.0440267517    -1.710240407
H    2.2811732378    -1.3577237646   -1.6853874427
H    0.7470686414    -1.702533801    -0.9102971058
H    2.5751991041    -1.8885096964   0.697596328
H    1.4706068014    -0.6016720576   1.1607784685
H    3.0335693583    1.11275953      0.3143856996
H    3.7820574445    0.0797836358    1.5354342878
$end

$rem
METHOD      B97M-V
BASIS       def2-QZVPP
SYM_IGNORE   TRUE
DFT_D       false
MAX_SCF_CYCLES 300
$end

$end
--------------------------------------------------------------
 ----------------------------------------------------------------
             Standard Nuclear Orientation (Angstroms)
    I     Atom           X                Y                Z
 ----------------------------------------------------------------
    1      O       0.4735046280     1.7669213863     0.4196276722
    2      C       0.0464941280     1.0786034698    -0.5625494940
    3      Si     -1.7028944181     0.3788862803    -0.2663356659
    4      C      -1.6832141614    -0.8302841071     1.1639112965
    5      C      -2.8365956633     1.8065176702     0.1275964360
    6      C      -2.1922295769    -0.4759790870    -1.8548624835
    7      C       1.0139908437     0.3541624105    -1.4960034420
    8      C       1.5603456996    -0.9733946348    -0.9583002008
    9      C       2.2165868522    -0.8960192606     0.4160080768
   10      C       3.3544078189     0.0975148450     0.5361046865
   11      Cl      4.7078616400    -0.2659464104    -0.5924770140
   12      H      -1.3023118590    -0.3477908997     2.0662264667
   13      H      -2.6910720789    -1.1960905911     1.3776243459
   14      H      -1.0498253865    -1.6929140539     0.9481997712
   15      H      -2.4958531138     2.3311143600     1.0219677372
   16      H      -2.8671470614     2.5243314519    -0.6934445654
   17      H      -3.8532345478     1.4490358992     0.3096449443
   18      H      -3.2176769122    -0.8438550016    -1.7658864847
   19      H      -2.1537286492     0.2078860611    -2.7043077807
   20      H      -1.5503510079    -1.3316944749    -2.0713744517
   21      H       0.4986808033     0.1731640891    -2.4391396791
   22      H       1.8346874352     1.0440267517    -1.7102404070
   23      H       2.2811732378    -1.3577237646    -1.6853874427
   24      H       0.7470686414    -1.7025338010    -0.9102971058
   25      H       2.5751991041    -1.8885096964     0.6975963280
   26      H       1.4706068014    -0.6016720576     1.1607784685
   27      H       3.0335693583     1.1127595300     0.3143856996
   28      H       3.7820574445     0.0797836358     1.5354342878
 ----------------------------------------------------------------
 Nuclear Repulsion Energy =         830.81009850 hartrees
 There are       53 alpha and       51 beta electrons
 Requested basis set is def2-QZVPP
 There are 367 shells and 1163 basis functions

 Total QAlloc Memory Limit   8000 MB
 Mega-Array Size       188 MB
 MEM_STATIC part       192 MB

 A cutoff of  1.0D-09 yielded  43031 shell pairs
 There are    404551 function pairs (    586581 Cartesian)
 Smallest overlap matrix eigenvalue = 2.58E-05

 Q-Chem warning in module stvman/mkSTV.C, line 305:

 Overlap eigenvalue is smaller than square root of threshold
 Use THRESH >= 12 to get rid of this warning


 Scale SEOQF with 1.000000e-01/1.000000e-01/1.000000e-01

 Standard Electronic Orientation quadrupole field applied
 Nucleus-field energy     =     0.0000000226 hartrees
 Guess from superposition of atomic densities
 Warning:  Energy on first SCF cycle will be non-variational
 SAD guess density has 104.000000 electrons

 -----------------------------------------------------------------------
  General SCF calculation program by
  Eric Jon Sundstrom, Paul Horn, Yuezhi Mao, Dmitri Zuev, Alec White,
  David Stuck, Shaama M.S., Shane Yost, Joonho Lee, David Small,
  Daniel Levine, Susi Lehtola, Hugh Burton, Evgeny Epifanovsky,
  Bang C. Huynh
 -----------------------------------------------------------------------
 Exchange:  B97M-V      Correlation:  B97M-V
 Using SG-2 standard quadrature grid
 Nonlocal Correlation:  VV10 with C = 0.0100 and b = 6.00 and scale = 1.00000
 Grid used for NLC:  SG-1 standard quadrature
 using 32 threads for integral computing
 -------------------------------------------------------
 OpenMP Integral computing Module                
 Release: version 1.0, May 2013, Q-Chem Inc. Pittsburgh 
 -------------------------------------------------------
 A unrestricted SCF calculation will be
 performed using DIIS
 SCF converges when DIIS error is below 1.0e-05
 ---------------------------------------
  Cycle       Energy         DIIS error
 ---------------------------------------
    1   -1141.1347749761      4.73e-03  
    2   -1139.5975539606      6.96e-04  
    3   -1139.4318564543      8.29e-04  
    4   -1139.9210100047      1.21e-04  
    5   -1139.9263118539      8.56e-05  
    6   -1139.9296344585      4.50e-05  
    7   -1139.9307241674      1.57e-05  
    8   -1139.9308572293      4.61e-06  Convergence criterion met
 ---------------------------------------
 SCF time:   CPU 5388.45s  wall 174.00s 
<S^2> =          2.008055180
 SCF   energy in the final basis set =    -1139.9308572293
 Total energy in the final basis set =    -1139.9308572293
 
 --------------------------------------------------------------
 
                    Orbital Energies (a.u.)
 --------------------------------------------------------------
 
 Alpha MOs
 -- Occupied --
******** -66.1826 -19.1994 -10.2358 -10.2214 -10.2061 -10.1902 -10.1885
-10.1668 -10.1621 -10.1592  -9.4821  -7.1471  -7.1384  -7.1383  -5.2986
 -3.5766  -3.5733  -3.5729  -1.0525  -0.8379  -0.7851  -0.7211  -0.7036
 -0.6724  -0.6679  -0.6455  -0.5793  -0.5390  -0.4735  -0.4610  -0.4528
 -0.4252  -0.4141  -0.4080  -0.3963  -0.3920  -0.3900  -0.3864  -0.3789
 -0.3755  -0.3672  -0.3660  -0.3615  -0.3291  -0.3278  -0.3243  -0.2927
 -0.2901  -0.2720  -0.2704  -0.2498  -0.1273
 -- Virtual --
 -0.0129  -0.0004   0.0119   0.0157   0.0219   0.0326   0.0403   0.0453
  0.0472   0.0556   0.0614   0.0705   0.0728   0.0775   0.0816   0.0861
  0.0917   0.0938   0.1023   0.1036   0.1048   0.1082   0.1223   0.1234
  0.1256   0.1345   0.1357   0.1419   0.1549   0.1620   0.1637   0.1777
  0.1781   0.1838   0.1924   0.1970   0.2007   0.2072   0.2143   0.2179
  0.2242   0.2300   0.2323   0.2395   0.2497   0.2518   0.2572   0.2629
  0.2662   0.2708   0.2723   0.2799   0.2872   0.2897   0.2935   0.2951
  0.2982   0.3020   0.3064   0.3125   0.3132   0.3183   0.3241   0.3305
  0.3362   0.3417   0.3428   0.3550   0.3572   0.3642   0.3734   0.3823
  0.3839   0.3873   0.3960   0.3995   0.4084   0.4226   0.4300   0.4396
  0.4410   0.4513   0.4636   0.4682   0.4720   0.4789   0.4896   0.4935
  0.5029   0.5097   0.5108   0.5202   0.5271   0.5356   0.5433   0.5463
  0.5538   0.5566   0.5686   0.5697   0.5777   0.5830   0.5936   0.6018
  0.6085   0.6211   0.6278   0.6301   0.6398   0.6405   0.6477   0.6598
  0.6726   0.6738   0.6783   0.6880   0.6969   0.7024   0.7088   0.7177
  0.7211   0.7355   0.7387   0.7430   0.7452   0.7531   0.7574   0.7744
  0.7786   0.7880   0.7937   0.8025   0.8055   0.8139   0.8181   0.8196
  0.8258   0.8346   0.8361   0.8413   0.8451   0.8481   0.8514   0.8561
  0.8598   0.8659   0.8785   0.8860   0.8879   0.8977   0.9051   0.9077
  0.9128   0.9135   0.9293   0.9361   0.9430   0.9478   0.9505   0.9604
  0.9625   0.9744   0.9815   0.9885   1.0021   1.0102   1.0194   1.0222
  1.0259   1.0358   1.0376   1.0423   1.0564   1.0674   1.0696   1.0770
  1.0834   1.0919   1.0955   1.1020   1.1068   1.1139   1.1223   1.1285
  1.1317   1.1360   1.1428   1.1573   1.1662   1.1771   1.1828   1.1837
  1.1908   1.1950   1.1987   1.2032   1.2063   1.2229   1.2242   1.2384
  1.2410   1.2489   1.2551   1.2617   1.2690   1.2755   1.2820   1.2930
  1.3011   1.3068   1.3186   1.3202   1.3297   1.3357   1.3423   1.3451
  1.3558   1.3636   1.3708   1.3820   1.3911   1.4066   1.4139   1.4239
  1.4330   1.4331   1.4393   1.4478   1.4549   1.4619   1.4755   1.4801
  1.4919   1.4961   1.5024   1.5128   1.5222   1.5273   1.5320   1.5420
  1.5515   1.5600   1.5698   1.5731   1.5781   1.5854   1.5943   1.6029
  1.6113   1.6253   1.6342   1.6402   1.6575   1.6792   1.6899   1.7002
  1.7052   1.7063   1.7175   1.7530   1.7658   1.7773   1.7881   1.7898
  1.8052   1.8165   1.8315   1.8472   1.8562   1.8658   1.8726   1.8832
  1.8913   1.9118   1.9186   1.9203   1.9278   1.9401   1.9437   1.9490
  1.9583   1.9623   1.9727   1.9785   1.9808   1.9872   1.9922   2.0008
  2.0168   2.0180   2.0302   2.0316   2.0436   2.0472   2.0553   2.0558
  2.0622   2.0741   2.0848   2.0920   2.1073   2.1106   2.1190   2.1264
  2.1324   2.1369   2.1430   2.1496   2.1570   2.1686   2.1773   2.1852
  2.1888   2.1947   2.2006   2.2070   2.2141   2.2219   2.2305   2.2328
  2.2436   2.2502   2.2573   2.2625   2.2665   2.2735   2.2762   2.2808
  2.2812   2.2906   2.3025   2.3041   2.3106   2.3159   2.3223   2.3384
  2.3482   2.3551   2.3559   2.3714   2.3765   2.3822   2.3904   2.3942
  2.4110   2.4143   2.4257   2.4329   2.4373   2.4440   2.4506   2.4579
  2.4706   2.4810   2.4840   2.4900   2.5012   2.5057   2.5127   2.5238
  2.5359   2.5486   2.5583   2.5681   2.5747   2.5835   2.5938   2.5989
  2.6052   2.6099   2.6162   2.6200   2.6317   2.6418   2.6473   2.6639
  2.6705   2.6731   2.6736   2.6881   2.6913   2.6972   2.7111   2.7129
  2.7229   2.7308   2.7353   2.7507   2.7638   2.7648   2.7706   2.7761
  2.7781   2.7938   2.8084   2.8129   2.8223   2.8313   2.8388   2.8512
  2.8518   2.8674   2.8731   2.8804   2.8893   2.8986   2.9027   2.9113
  2.9228   2.9262   2.9372   2.9465   2.9634   2.9706   2.9823   2.9890
  2.9952   3.0018   3.0155   3.0184   3.0243   3.0342   3.0388   3.0430
  3.0442   3.0469   3.0602   3.0708   3.0731   3.0741   3.0842   3.0950
  3.0969   3.1039   3.1130   3.1205   3.1320   3.1391   3.1518   3.1587
  3.1625   3.1768   3.1826   3.1925   3.1971   3.2002   3.2178   3.2232
  3.2293   3.2385   3.2437   3.2534   3.2560   3.2683   3.2813   3.2931
  3.3159   3.3274   3.3341   3.3366   3.3539   3.3657   3.3793   3.3857
  3.3888   3.4053   3.4095   3.4259   3.4383   3.4433   3.4500   3.4532
  3.4672   3.4704   3.4809   3.4840   3.4935   3.5023   3.5137   3.5227
  3.5279   3.5394   3.5552   3.5594   3.5732   3.5802   3.5912   3.5933
  3.6047   3.6115   3.6203   3.6342   3.6354   3.6505   3.6594   3.6820
  3.6839   3.6916   3.7068   3.7130   3.7178   3.7292   3.7394   3.7494
  3.7561   3.7698   3.7719   3.7811   3.7864   3.7969   3.8125   3.8150
  3.8237   3.8314   3.8427   3.8485   3.8535   3.8611   3.8785   3.8948
  3.9018   3.9106   3.9202   3.9241   3.9332   3.9454   3.9516   3.9565
  3.9862   3.9880   4.0048   4.0137   4.0189   4.0255   4.0296   4.0425
  4.0540   4.0691   4.0743   4.0779   4.0802   4.0883   4.0911   4.0976
  4.1014   4.1111   4.1168   4.1372   4.1502   4.1675   4.1779   4.1904
  4.1975   4.2117   4.2280   4.2383   4.2484   4.2603   4.2895   4.3036
  4.3297   4.3435   4.3833   4.4044   4.4082   4.4444   4.4475   4.4533
  4.4820   4.5056   4.5160   4.5271   4.5429   4.5585   4.5834   4.5894
  4.6343   4.6669   4.6981   4.7100   4.7576   4.7605   4.7763   4.7850
  4.8091   4.8459   4.8626   4.9009   4.9125   4.9405   4.9873   5.0453
  5.0979   5.1427   5.1810   5.1888   5.2157   5.2202   5.3131   5.3276
  5.3474   5.3718   5.3947   5.4116   5.4478   5.4656   5.4918   5.5131
  5.5229   5.5285   5.5440   5.5500   5.5795   5.6070   5.6200   5.6368
  5.6549   5.6701   5.6834   5.7005   5.7106   5.7168   5.7441   5.7757
  5.8083   5.8166   5.8263   5.8437   5.8661   5.8865   5.8978   5.9128
  5.9308   5.9413   5.9516   5.9634   5.9752   5.9900   5.9922   6.0107
  6.0254   6.0278   6.0417   6.0543   6.0550   6.0692   6.0752   6.0902
  6.0967   6.1008   6.1093   6.1137   6.1183   6.1261   6.1378   6.1454
  6.1571   6.1650   6.1742   6.1921   6.1956   6.2102   6.2189   6.2244
  6.2279   6.2408   6.2449   6.2522   6.2590   6.2677   6.2846   6.2921
  6.2974   6.3239   6.3322   6.3388   6.3463   6.3575   6.3706   6.3734
  6.3901   6.3929   6.3954   6.3993   6.4047   6.4165   6.4267   6.4380
  6.4428   6.4517   6.4633   6.4676   6.4723   6.4753   6.4797   6.4860
  6.5023   6.5060   6.5114   6.5169   6.5201   6.5416   6.5474   6.5533
  6.5617   6.5731   6.5853   6.6007   6.6064   6.6134   6.6219   6.6321
  6.6406   6.6475   6.6502   6.6616   6.6656   6.6678   6.6713   6.6773
  6.6845   6.6892   6.6928   6.7023   6.7117   6.7206   6.7280   6.7422
  6.7573   6.7586   6.7644   6.7755   6.7914   6.7927   6.8099   6.8136
  6.8409   6.8436   6.8672   6.8833   6.8870   6.8903   6.9015   6.9046
  6.9066   6.9139   6.9199   6.9220   6.9379   6.9410   6.9486   6.9503
  6.9639   6.9737   6.9799   6.9914   7.0100   7.0245   7.0430   7.0535
  7.0609   7.0638   7.0724   7.0820   7.0958   7.1052   7.1114   7.1174
  7.1280   7.1369   7.1419   7.1455   7.1672   7.1821   7.2148   7.2429
  7.2634   7.2732   7.2761   7.2923   7.2981   7.3032   7.3191   7.3404
  7.3657   7.3895   7.3934   7.4011   7.4095   7.4155   7.4260   7.4305
  7.4392   7.4487   7.4512   7.4626   7.4950   7.5144   7.5364   7.5618
  7.5733   7.5893   7.6040   7.6219   7.6483   7.6683   7.7275   7.7384
  7.7443   7.7483   7.7590   7.7622   7.7718   7.7767   7.7931   7.8079
  7.8315   7.8368   7.8464   7.8622   7.8696   7.8759   7.8782   7.8873
  7.9053   7.9123   7.9245   7.9406   7.9563   7.9691   8.0012   8.0033
  8.0146   8.0482   8.0645   8.0771   8.1029   8.1158   8.1232   8.1300
  8.1379   8.1511   8.1570   8.1819   8.1916   8.1959   8.1999   8.2052
  8.2111   8.2182   8.2271   8.2361   8.2457   8.2471   8.2509   8.2556
  8.2646   8.2704   8.2736   8.2824   8.2887   8.2947   8.3040   8.3282
  8.3377   8.3397   8.3529   8.3680   8.3766   8.3884   8.3966   8.4033
  8.4149   8.4175   8.4304   8.4330   8.4439   8.4468   8.4530   8.4734
  8.4841   8.4866   8.5111   8.5344   8.5632   8.5641   8.5918   8.5947
  8.6143   8.6239   8.6295   8.6344   8.6418   8.6496   8.6586   8.6685
  8.6733   8.6974   8.7110   8.7552   8.7907   8.8296   8.8426   8.8618
  8.8683   8.8811   8.8833   8.8918   8.9024   8.9091   8.9158   8.9216
  8.9248   8.9286   8.9423   8.9536   8.9621   8.9670   8.9760   8.9810
  8.9930   9.0013   9.0098   9.0332   9.0347   9.0399   9.0460   9.0615
  9.0716   9.0756   9.0960   9.1157   9.1365   9.1505   9.1584   9.1714
  9.1734   9.1803   9.1984   9.2064   9.2141   9.2191   9.2343   9.2383
  9.2549   9.2560   9.2649   9.2732   9.2876   9.2995   9.3051   9.3106
  9.3194   9.3255   9.3338   9.3488   9.3516   9.3649   9.3770   9.3829
  9.3912   9.3937   9.4046   9.4119   9.4136   9.4168   9.4289   9.4353
  9.4380   9.4510   9.4539   9.4655   9.4869   9.5111   9.5160   9.5578
  9.5781   9.6145   9.6199   9.6611   9.6816   9.7154   9.7391   9.7500
  9.7606   9.8525   9.8616   9.8828   9.9481   9.9637   9.9746   9.9907
 10.0005  10.0464  10.0577  10.0795  10.1015  10.1135  10.1318  10.1440
 10.1659  10.2379  10.2695  10.3013  10.3164  10.3307  10.3383  10.3455
 10.4274  10.4431  10.4469  10.4569  10.4598  10.4622  10.4716  10.4801
 10.4821  10.4849  10.4926  10.5452  10.5566  10.5619  10.5917  10.6115
 10.6289  10.6484  10.7018  10.7151  10.7632  10.8241  10.8419  10.8497
 10.8527  10.8610  10.8692  10.8822  10.8879  10.9005  10.9056  10.9279
 10.9762  11.0190  11.0941  11.1104  11.1132  11.1425  11.1644  11.1697
 11.2785  11.4292  11.4461  11.4634  11.7749  11.8358  12.3000  12.3169
 12.3345  12.4026  12.4629  12.4855  12.4954  12.5013  12.5377  12.5564
 12.5868  12.6032  12.7085  12.8144  12.8594  13.0046  13.0397  13.1644
 13.1938  13.2793  13.3536  13.3937  13.4426  13.4608  13.4834  13.5659
 13.5982  14.3661  14.7094  17.5784  28.9745  29.6138  29.6863  29.7026
 29.7551  29.7760  29.8080  29.8232  29.8770  42.1612  42.1677  42.2746
 49.0338  59.5806 100.0470 150.8913 151.5878 151.6109 151.6251 151.7202
151.7385 151.7608 151.8507 258.1913 321.2700 531.9935
 
 Beta MOs
 -- Occupied --
******** -66.1817 -19.1726 -10.2357 -10.2093 -10.2037 -10.1902 -10.1875
-10.1664 -10.1615 -10.1590  -9.4821  -7.1471  -7.1384  -7.1382  -5.2979
 -3.5742  -3.5725  -3.5718  -1.0005  -0.8375  -0.7797  -0.7143  -0.7015
 -0.6713  -0.6670  -0.6382  -0.5662  -0.5178  -0.4638  -0.4536  -0.4399
 -0.4117  -0.4066  -0.3983  -0.3938  -0.3907  -0.3874  -0.3777  -0.3751
 -0.3706  -0.3663  -0.3414  -0.3358  -0.3239  -0.3126  -0.3104  -0.2896
 -0.2849  -0.2716  -0.2698
 -- Virtual --
 -0.1712  -0.0513  -0.0114   0.0006   0.0147   0.0179   0.0244   0.0350
  0.0426   0.0481   0.0493   0.0581   0.0662   0.0738   0.0747   0.0816
  0.0853   0.0894   0.0932   0.0974   0.1048   0.1066   0.1101   0.1211
  0.1243   0.1268   0.1287   0.1375   0.1382   0.1463   0.1572   0.1647
  0.1673   0.1797   0.1806   0.1870   0.1952   0.2043   0.2071   0.2108
  0.2197   0.2221   0.2294   0.2317   0.2367   0.2447   0.2525   0.2552
  0.2637   0.2648   0.2684   0.2735   0.2766   0.2844   0.2902   0.2938
  0.2962   0.2975   0.3021   0.3069   0.3100   0.3158   0.3186   0.3233
  0.3276   0.3323   0.3402   0.3452   0.3463   0.3579   0.3624   0.3680
  0.3761   0.3866   0.3886   0.3903   0.4010   0.4028   0.4161   0.4288
  0.4346   0.4439   0.4451   0.4554   0.4689   0.4734   0.4791   0.4851
  0.4961   0.4992   0.5065   0.5157   0.5177   0.5243   0.5339   0.5402
  0.5489   0.5511   0.5575   0.5614   0.5737   0.5760   0.5828   0.5887
  0.5987   0.6097   0.6136   0.6281   0.6318   0.6332   0.6442   0.6454
  0.6509   0.6620   0.6773   0.6783   0.6822   0.6920   0.7033   0.7058
  0.7140   0.7243   0.7270   0.7402   0.7437   0.7464   0.7509   0.7586
  0.7635   0.7811   0.7846   0.7945   0.7965   0.8061   0.8116   0.8194
  0.8233   0.8239   0.8292   0.8399   0.8407   0.8449   0.8484   0.8532
  0.8555   0.8598   0.8649   0.8692   0.8832   0.8899   0.8936   0.9033
  0.9088   0.9138   0.9176   0.9223   0.9392   0.9428   0.9472   0.9567
  0.9580   0.9645   0.9703   0.9789   0.9858   0.9942   1.0095   1.0178
  1.0239   1.0278   1.0316   1.0404   1.0432   1.0478   1.0612   1.0711
  1.0766   1.0823   1.0889   1.0962   1.1016   1.1067   1.1119   1.1200
  1.1274   1.1351   1.1378   1.1430   1.1484   1.1620   1.1706   1.1804
  1.1879   1.1905   1.1948   1.1990   1.2032   1.2084   1.2130   1.2279
  1.2307   1.2446   1.2452   1.2520   1.2613   1.2685   1.2745   1.2820
  1.2878   1.2976   1.3052   1.3107   1.3259   1.3274   1.3335   1.3402
  1.3524   1.3542   1.3630   1.3713   1.3786   1.3889   1.3969   1.4114
  1.4218   1.4298   1.4387   1.4438   1.4453   1.4528   1.4612   1.4703
  1.4811   1.4872   1.4977   1.5039   1.5111   1.5197   1.5316   1.5402
  1.5424   1.5466   1.5582   1.5662   1.5762   1.5810   1.5828   1.5902
  1.5992   1.6093   1.6194   1.6344   1.6445   1.6560   1.6686   1.6910
  1.7017   1.7086   1.7157   1.7183   1.7272   1.7613   1.7769   1.7866
  1.7951   1.8040   1.8150   1.8247   1.8405   1.8540   1.8660   1.8721
  1.8831   1.8895   1.8978   1.9168   1.9288   1.9307   1.9355   1.9464
  1.9515   1.9564   1.9638   1.9706   1.9796   1.9855   1.9880   1.9932
  1.9990   2.0069   2.0236   2.0257   2.0366   2.0382   2.0513   2.0560
  2.0626   2.0667   2.0702   2.0820   2.0941   2.0992   2.1152   2.1157
  2.1272   2.1333   2.1404   2.1468   2.1527   2.1590   2.1641   2.1765
  2.1852   2.1926   2.2008   2.2028   2.2070   2.2139   2.2236   2.2304
  2.2398   2.2434   2.2526   2.2591   2.2664   2.2693   2.2717   2.2809
  2.2854   2.2880   2.2907   2.2981   2.3107   2.3123   2.3155   2.3235
  2.3316   2.3442   2.3564   2.3655   2.3677   2.3773   2.3858   2.3949
  2.4007   2.4012   2.4204   2.4216   2.4351   2.4421   2.4453   2.4526
  2.4590   2.4665   2.4787   2.4922   2.4935   2.4963   2.5100   2.5172
  2.5203   2.5319   2.5442   2.5574   2.5668   2.5791   2.5827   2.5925
  2.5999   2.6067   2.6144   2.6211   2.6242   2.6317   2.6418   2.6489
  2.6551   2.6710   2.6792   2.6801   2.6844   2.6944   2.6981   2.7063
  2.7176   2.7224   2.7311   2.7391   2.7432   2.7576   2.7704   2.7741
  2.7799   2.7832   2.7888   2.8027   2.8172   2.8246   2.8316   2.8418
  2.8496   2.8612   2.8639   2.8757   2.8847   2.8899   2.8966   2.9067
  2.9138   2.9194   2.9284   2.9357   2.9474   2.9573   2.9692   2.9790
  2.9918   2.9989   3.0023   3.0088   3.0228   3.0259   3.0316   3.0423
  3.0442   3.0489   3.0507   3.0515   3.0641   3.0768   3.0811   3.0830
  3.0921   3.1022   3.1062   3.1126   3.1194   3.1292   3.1383   3.1459
  3.1625   3.1679   3.1719   3.1831   3.1902   3.2015   3.2052   3.2088
  3.2269   3.2295   3.2412   3.2475   3.2500   3.2624   3.2665   3.2767
  3.2899   3.3052   3.3261   3.3406   3.3438   3.3464   3.3629   3.3752
  3.3897   3.3937   3.4019   3.4143   3.4161   3.4362   3.4408   3.4551
  3.4606   3.4688   3.4742   3.4784   3.4901   3.4914   3.5029   3.5109
  3.5223   3.5281   3.5410   3.5531   3.5655   3.5691   3.5864   3.5949
  3.5976   3.6026   3.6141   3.6215   3.6320   3.6446   3.6497   3.6588
  3.6727   3.6901   3.6931   3.7022   3.7163   3.7205   3.7259   3.7391
  3.7481   3.7582   3.7628   3.7779   3.7816   3.7900   3.7970   3.8052
  3.8182   3.8200   3.8349   3.8421   3.8521   3.8569   3.8604   3.8694
  3.8863   3.9040   3.9111   3.9181   3.9285   3.9307   3.9482   3.9527
  3.9591   3.9630   3.9922   3.9998   4.0173   4.0293   4.0317   4.0378
  4.0450   4.0518   4.0691   4.0782   4.0841   4.0856   4.0893   4.0958
  4.0983   4.1052   4.1122   4.1205   4.1284   4.1551   4.1694   4.1836
  4.1867   4.1980   4.2029   4.2245   4.2385   4.2440   4.2682   4.2859
  4.3012   4.3390   4.3488   4.3675   4.4007   4.4146   4.4231   4.4567
  4.4790   4.4876   4.5089   4.5173   4.5293   4.5372   4.5504   4.5745
  4.5937   4.6098   4.6523   4.6850   4.7124   4.7244   4.7612   4.7676
  4.7901   4.8166   4.8346   4.8805   4.8881   4.9266   4.9306   4.9543
  5.0079   5.0528   5.1345   5.1822   5.2026   5.2194   5.2318   5.2625
  5.3296   5.3558   5.3659   5.4098   5.4242   5.4322   5.4756   5.4995
  5.5195   5.5290   5.5337   5.5357   5.5561   5.5667   5.5973   5.6264
  5.6404   5.6451   5.6714   5.6811   5.6921   5.7146   5.7250   5.7338
  5.7806   5.7903   5.8230   5.8304   5.8459   5.8549   5.8795   5.9094
  5.9145   5.9304   5.9481   5.9562   5.9648   5.9734   5.9847   5.9991
  6.0038   6.0213   6.0408   6.0510   6.0566   6.0658   6.0737   6.0794
  6.0835   6.1018   6.1053   6.1092   6.1174   6.1214   6.1299   6.1362
  6.1535   6.1562   6.1757   6.1796   6.1933   6.2064   6.2149   6.2162
  6.2297   6.2351   6.2413   6.2522   6.2571   6.2614   6.2645   6.2737
  6.2966   6.3091   6.3168   6.3295   6.3400   6.3507   6.3564   6.3660
  6.3748   6.3919   6.4004   6.4053   6.4057   6.4098   6.4113   6.4236
  6.4366   6.4506   6.4551   6.4681   6.4750   6.4767   6.4793   6.4868
  6.4877   6.5027   6.5106   6.5200   6.5250   6.5265   6.5325   6.5548
  6.5569   6.5683   6.5753   6.5863   6.6010   6.6114   6.6172   6.6239
  6.6308   6.6417   6.6504   6.6564   6.6651   6.6696   6.6755   6.6774
  6.6835   6.6850   6.6948   6.6999   6.7074   6.7179   6.7250   6.7336
  6.7383   6.7510   6.7644   6.7664   6.7808   6.7901   6.8043   6.8128
  6.8225   6.8360   6.8547   6.8656   6.8813   6.8942   6.8992   6.9041
  6.9105   6.9152   6.9209   6.9227   6.9301   6.9313   6.9462   6.9483
  6.9573   6.9652   6.9808   6.9906   7.0033   7.0139   7.0290   7.0393
  7.0569   7.0654   7.0695   7.0749   7.0888   7.0921   7.1121   7.1152
  7.1202   7.1284   7.1385   7.1518   7.1564   7.1707   7.1845   7.1943
  7.2280   7.2581   7.2825   7.2864   7.3009   7.3060   7.3198   7.3259
  7.3331   7.3743   7.3808   7.4028   7.4044   7.4172   7.4292   7.4306
  7.4370   7.4393   7.4522   7.4601   7.4657   7.4904   7.5196   7.5584
  7.5716   7.5812   7.5975   7.6039   7.6269   7.6497   7.6756   7.6876
  7.7354   7.7420   7.7511   7.7555   7.7649   7.7661   7.7772   7.7805
  7.8043   7.8203   7.8344   7.8396   7.8496   7.8687   7.8732   7.8810
  7.8858   7.9021   7.9141   7.9153   7.9292   7.9459   7.9663   7.9794
  8.0088   8.0232   8.0253   8.0542   8.0757   8.0830   8.1197   8.1234
  8.1280   8.1402   8.1471   8.1591   8.1656   8.1860   8.1980   8.2001
  8.2042   8.2146   8.2175   8.2229   8.2313   8.2422   8.2489   8.2520
  8.2555   8.2630   8.2704   8.2744   8.2783   8.2862   8.2926   8.3037
  8.3087   8.3361   8.3438   8.3539   8.3639   8.3726   8.3824   8.3982
  8.4018   8.4094   8.4197   8.4220   8.4356   8.4402   8.4485   8.4527
  8.4610   8.4775   8.4877   8.4951   8.5163   8.5397   8.5710   8.5731
  8.5975   8.6033   8.6188   8.6274   8.6342   8.6406   8.6494   8.6546
  8.6640   8.6727   8.6794   8.7079   8.7176   8.7870   8.8015   8.8355
  8.8485   8.8655   8.8723   8.8851   8.8869   8.8948   8.9048   8.9136
  8.9180   8.9259   8.9286   8.9316   8.9459   8.9557   8.9656   8.9695
  8.9814   8.9846   8.9969   9.0051   9.0134   9.0366   9.0380   9.0438
  9.0486   9.0672   9.0768   9.0801   9.0998   9.1217   9.1399   9.1575
  9.1622   9.1757   9.1775   9.1854   9.2046   9.2102   9.2182   9.2263
  9.2412   9.2460   9.2603   9.2675   9.2819   9.2858   9.3032   9.3136
  9.3225   9.3260   9.3357   9.3515   9.3537   9.3599   9.3697   9.3741
  9.3834   9.3932   9.3962   9.4012   9.4065   9.4177   9.4178   9.4319
  9.4395   9.4420   9.4541   9.4600   9.4777   9.5070   9.5191   9.5313
  9.5547   9.5959   9.6076   9.6215   9.6582   9.6811   9.6903   9.7239
  9.7482   9.7621   9.8193   9.8583   9.8671   9.8930   9.9565   9.9695
  9.9785   9.9968  10.0036  10.0481  10.0610  10.0877  10.1052  10.1158
 10.1357  10.2396  10.2600  10.2737  10.2946  10.3095  10.3188  10.3372
 10.3438  10.3480  10.4294  10.4459  10.4506  10.4594  10.4626  10.4649
 10.4756  10.4838  10.4860  10.4889  10.4960  10.5478  10.5606  10.5779
 10.6020  10.6217  10.6779  10.7065  10.7381  10.7772  10.8017  10.8466
 10.8496  10.8537  10.8589  10.8673  10.8783  10.8884  10.9023  10.9037
 10.9172  10.9812  10.9841  11.0267  11.0980  11.1110  11.1187  11.1454
 11.1687  11.1732  11.2853  11.4476  11.5368  11.5675  11.9168  11.9678
 12.3286  12.3964  12.4469  12.4715  12.4864  12.5164  12.5198  12.5469
 12.5818  12.6142  12.6617  12.7041  12.7518  12.8198  12.8862  13.0124
 13.0541  13.1812  13.1971  13.3710  13.3970  13.4438  13.4540  13.4888
 13.5647  13.5818  13.6332  14.5030  14.8307  17.5860  29.0398  29.6143
 29.6883  29.7053  29.7554  29.7862  29.8112  29.8251  29.8809  42.1613
 42.1677  42.2746  49.1247  59.5852 100.0471 150.9214 151.5882 151.6127
151.6267 151.7252 151.7433 151.7626 151.8542 258.2408 321.2728 531.9936
 --------------------------------------------------------------
 
          Ground-State Mulliken Net Atomic Charges

     Atom                 Charge (a.u.)    Spin (a.u.)
  --------------------------------------------------------
      1 O                    -0.257509       0.815375
      2 C                    -0.014116       0.722652
      3 Si                    0.306463       0.257369
      4 C                    -0.630444       0.023060
      5 C                    -0.599065      -0.005548
      6 C                    -0.625599       0.009948
      7 C                    -0.409836       0.125026
      8 C                    -0.398572       0.034531
      9 C                    -0.340352      -0.002057
     10 C                    -0.164361      -0.004380
     11 Cl                   -0.243817       0.000199
     12 H                     0.222516      -0.006346
     13 H                     0.165281       0.006001
     14 H                     0.194497      -0.001225
     15 H                     0.197675      -0.001603
     16 H                     0.191598       0.002064
     17 H                     0.156454       0.001527
     18 H                     0.167275       0.005456
     19 H                     0.216436      -0.000815
     20 H                     0.200237      -0.001547
     21 H                     0.219081       0.003129
     22 H                     0.243475       0.000964
     23 H                     0.211239       0.017583
     24 H                     0.230740      -0.007225
     25 H                     0.201719      -0.001460
     26 H                     0.229740      -0.001562
     27 H                     0.170125       0.008491
     28 H                     0.159119       0.000392
  --------------------------------------------------------
  Sum of atomic charges =    -0.000000
  Sum of spin   charges =     2.000000

 -----------------------------------------------------------------
                    Cartesian Multipole Moments
 -----------------------------------------------------------------
    Charge (ESU x 10^10)
                -0.0000
    Dipole Moment (Debye)
         X      -2.7470      Y      -1.3818      Z       0.0588
       Tot       3.0755
    Quadrupole Moments (Debye-Ang)
        XX     -92.9626     XY       0.4120     YY     -88.0268
        XZ       3.6782     YZ      -0.6310     ZZ     -82.9361
    Octopole Moments (Debye-Ang^2)
       XXX    -215.9195    XXY      -5.3118    XYY     -45.7107
       YYY     -38.9348    XXZ      41.0033    XYZ      -0.6231
       YYZ      23.8039    XZZ     -41.2291    YZZ      -8.3051
       ZZZ      76.6111
    Hexadecapole Moments (Debye-Ang^3)
      XXXX   -3887.0300   XXXY     208.9925   XXYY    -701.0350
      XYYY     172.7856   YYYY    -613.2872   XXXZ     107.9771
      XXYZ      -5.1560   XYYZ      18.0452   YYYZ     -12.7258
      XXZZ    -678.5770   XYZZ      49.2031   YYZZ    -201.7722
      XZZZ      52.3001   YZZZ      -9.7494   ZZZZ    -593.3495
 -----------------------------------------------------------------
 Total job time:  177.60s(wall), 5442.59s(cpu) 
 Tue Dec  3 10:57:32 2024

        *************************************************************
        *                                                           *
        *  Thank you very much for using Q-Chem.  Have a nice day.  *
        *                                                           *
        *************************************************************


