
Running Job 1 of 2 SIL6-P1_rdkit_conf_1_wb97xd-B97mV-readSCF.in
qchem SIL6-P1_rdkit_conf_1_wb97xd-B97mV-readSCF.in_1413321.0 /expanse/lustre/scratch/whughes/temp_project/job_36488900/SIL6-P1_rdkit_conf_1_wb97xd-B97mV-readSCF-36488900/ 0
/cm/shared/apps/spack/0.17.3/cpu/b/opt/spack/linux-rocky8-zen2/gcc-10.2.0/qchem-6.0-rytxnwjazd34ekd2gqyi5ufsaimxsd3r/exe/qcprog.exe_s SIL6-P1_rdkit_conf_1_wb97xd-B97mV-readSCF.in_1413321.0 /expanse/lustre/scratch/whughes/temp_project/job_36488900/SIL6-P1_rdkit_conf_1_wb97xd-B97mV-readSCF-36488900/
                  Welcome to Q-Chem
     A Quantum Leap Into The Future Of Chemistry


 Q-Chem 6.0, Q-Chem, Inc., Pleasanton, CA (2022)

 License issued to: University of California, San Diego (site)

 E. Epifanovsky,  A. T. B. Gilbert,  Xintian Feng,  Joonho Lee,  Yuezhi Mao,  
 N. Mardirossian,  P. Pokhilko,  A. White,  M. Wormit,  M. P. Coons,  
 A. L. Dempwolff,  Zhengting Gan,  D. Hait,  P. R. Horn,  L. D. Jacobson,  
 I. Kaliman,  J. Kussmann,  A. W. Lange,  Ka Un Lao,  D. S. Levine,  Jie Liu,  
 S. C. McKenzie,  A. F. Morrison,  K. Nanda,  F. Plasser,  D. R. Rehn,  
 M. L. Vidal,  Zhi-Qiang You,  Ying Zhu,  B. Alam,  B. Albrecht,  
 A. Aldossary,  E. Alguire,  J. H. Andersen,  V. Athavale,  D. Barton,  
 K. Begam,  A. Behn,  N. Bellonzi,  Y. A. Bernard,  E. J. Berquist,  
 H. Burton,  A. Carreras,  K. Carter-Fenk,  Romit Chakraborty,  
 Chandrima Chakravarty,  Junhan Chen,  A. D. Chien,  K. D. Closser,  
 V. Cofer-Shabica,  L. Cunha,  S. Dasgupta,  Jia Deng,  M. de Wergifosse,  
 M. Diedenhofen,  Hainam Do,  S. Ehlert,  Po-Tung Fang,  S. Fatehi,  
 Qingguo Feng,  T. Friedhoff,  B. Ganoe,  J. Gayvert,  Qinghui Ge,  
 G. Gidofalvi,  M. Goldey,  J. Gomes,  C. Gonzalez-Espinoza,  S. Gulania,  
 A. Gunina,  J. A. Gyamfi,  M. W. D. Hanson-Heine,  P. H. P. Harbach,  
 A. W. Hauser,  M. F. Herbst,  M. Hernandez Vera,  M. Hodecker,  
 Z. C. Holden,  S. Houck,  Xunkun Huang,  Kerwin Hui,  B. C. Huynh,  
 K. Ikeda,  M. Ivanov,  Hyunjun Ji,  Zuxin Jin,  Hanjie Jiang,  B. Kaduk,  
 S. Kaehler,  R. Kang,  K. Khistyaev,  Jaehoon Kim,  Yongbin Kim,  
 P. Klunzinger,  Z. Koczor-Benda,  Joong Hoon Koh,  D. Kosenkov,  
 Saikiran Kotaru,  L. Koulias,  T. Kowalczyk,  C. M. Krauter,  K. Kue,  
 A. Kunitsa,  T. Kus,  A. Landau,  K. V. Lawler,  D. Lefrancois,  S. Lehtola,  
 Rain Li,  Shaozhi Li,  Yi-Pei Li,  Jiashu Liang,  M. Liebenthal,  
 Hung-Hsuan Lin,  You-Sheng Lin,  Fenglai Liu,  Kuan-Yu Liu,  
 M. Loipersberger,  A. Luenser,  C. Malbon,  A. Manjanath,  P. Manohar,  
 E. Mansoor,  S. F. Manzer,  Shan-Ping Mao,  A. V. Marenich,  T. Markovich,  
 S. Mason,  F. Matz,  S. A. Maurer,  P. F. McLaughlin,  M. F. S. J. Menger,  
 J.-M. Mewes,  S. A. Mewes,  P. Morgante,  Mohammad Mostafanejad,  
 J. W. Mullinax,  K. J. Oosterbaan,  G. Paran,  V. Parravicini,  
 Alexander C. Paul,  Suranjan K. Paul,  F. Pavosevic,  Zheng Pei,  S. Prager,  
 E. I. Proynov,  E. Ramos,  B. Rana,  A. E. Rask,  A. Rettig,  R. M. Richard,  
 F. Rob,  E. Rossomme,  T. Scheele,  M. Scheurer,  M. Schneider,  
 P. E. Schneider,  N. Sergueev,  S. M. Sharada,  Hengyuan Shen,  
 W. Skomorowski,  D. W. Small,  C. J. Stein,  Yingli Su,  Yu-Chuan Su,  
 E. J. Sundstrom,  Zhen Tao,  J. Thirman,  Hung-Yi Tsai,  T. Tsuchimochi,  
 N. M. Tubman,  C. Utku,  S. P. Veccham,  O. Vydrov,  J. Wenzel,  
 Jonathan Wong,  J. Witte,  A. Yamada,  Chou-Hsun Yang,  Kun Yao,  
 S. Yeganeh,  S. R. Yost,  A. Zech,  F. Zeller,  Igor Ying Zhang,  
 Xing Zhang,  Yu Zhang,  D. Zuev,  A. Aspuru-Guzik,  A. T. Bell,  
 N. A. Besley,  K. B. Bravaya,  B. R. Brooks,  D. Casanova,  Jeng-Da Chai,  
 Hsing-Ta Chen,  S. Coriani,  C. J. Cramer,  A. E. DePrince, III,  
 R. A. DiStasio Jr.,  A. Dreuw,  B. D. Dunietz,  T. R. Furlani,  
 W. A. Goddard III,  S. Grimme,  S. Hammes-Schiffer,  T. Head-Gordon,  
 W. J. Hehre,  Chao-Ping Hsu,  T.-C. Jagau,  Yousung Jung,  A. Klamt,  
 Jing Kong,  D. S. Lambrecht,  Xiangyuan Li,  WanZhen Liang,  N. J. Mayhall,  
 C. W. McCurdy,  J. B. Neaton,  T. Neudecker,  C. Ochsenfeld,  
 J. A. Parkhill,  R. Peverati,  V. A. Rassolov,  Haisheng Ren,  Yihan Shao,  
 L. V. Slipchenko,  R. P. Steele,  J. E. Subotnik,  A. J. W. Thom,  
 A. Tkatchenko,  D. G. Truhlar,  T. Van Voorhis,  Fan Wang,  
 T. A. Wesolowski,  K. B. Whaley,  H. L. Woodcock III,  P. M. Zimmerman,  
 S. Faraji,  P. M. W. Gill,  M. Head-Gordon,  J. M. Herbert,  A. I. Krylov

 Contributors to earlier versions of Q-Chem not listed above: 
 R. D. Adamson,  B. Austin,  R. Baer,  J. Baker,  G. J. O. Beran,  
 K. Brandhorst,  S. T. Brown,  E. F. C. Byrd,  Arup K. Chakraborty,  
 G. K. L. Chan,  Chun-Min Chang,  Yunqing Chen,  C.-L. Cheng,  
 Siu Hung Chien,  D. M. Chipman,  D. L. Crittenden,  H. Dachsel,  
 R. J. Doerksen,  A. D. Dutoi,  R. G. Edgar,  J. Fosso-Tande,  
 L. Fusti-Molnar,  D. Ghosh,  A. Ghysels,  A. Golubeva-Zadorozhnaya,  
 J. Gonthier,  M. S. Gordon,  S. R. Gwaltney,  G. Hawkins,  J. E. Herr,  
 A. Heyden,  S. Hirata,  E. G. Hohenstein,  G. Kedziora,  F. J. Keil,  
 C. Kelley,  Jihan Kim,  R. A. King,  R. Z. Khaliullin,  P. P. Korambath,  
 W. Kurlancheek,  A. Laurent,  A. M. Lee,  M. S. Lee,  S. V. Levchenko,  
 Ching Yeh Lin,  D. Liotard,  E. Livshits,  R. C. Lochan,  I. Lotan,  
 L. A. Martinez-Martinez,  P. E. Maslen,  N. Nair,  D. P. O'Neill,  
 D. Neuhauser,  E. Neuscamman,  C. M. Oana,  R. Olivares-Amaya,  R. Olson,  
 T. M. Perrine,  B. Peters,  P. A. Pieniazek,  A. Prociuk,  Y. M. Rhee,  
 J. Ritchie,  M. A. Rohrdanz,  E. Rosta,  N. J. Russ,  H. F. Schaefer III,  
 M. W. Schmidt,  N. E. Schultz,  S. Sharma,  N. Shenvi,  C. D. Sherrill,  
 A. C. Simmonett,  A. Sodt,  T. Stein,  D. Stuck,  K. S. Thanthiriwatte,  
 V. Vanovschi,  L. Vogt,  Tao Wang,  A. Warshel,  M. A. Watson,  
 C. F. Williams,  Q. Wu,  X. Xu,  Jun Yang,  W. Zhang,  Yan Zhao

   Please cite Q-Chem as follows:
  "Software for the frontiers of quantum chemistry:
   An overview of developments in the Q-Chem 5 package"
   J. Chem. Phys. 155, 084801 (2021)
   https://doi.org/10.1063/5.0055522 (open access)

 Q-Chem 6.0.2 for Intel X86 EM64T Linux

 Parts of Q-Chem use Armadillo 9.900.5 (Nocturnal Misbehaviour).
 http://arma.sourceforge.net/

 Q-Chem begins on Fri Jan 24 11:14:45 2025  

 Host: 
0

     Scratch files written to /expanse/lustre/scratch/whughes/temp_project/job_36488900/SIL6-P1_rdkit_conf_1_wb97xd-B97mV-readSCF-36488900//
 Dec722 |scratch|qcdevops|jenkins|workspace|build_RNUM    
 Processing $rem in /cm/shared/apps/spack/0.17.3/cpu/b/opt/spack/linux-rocky8-zen2/gcc-10.2.0/qchem-6.0-rytxnwjazd34ekd2gqyi5ufsaimxsd3r/config/preferences:
 Processing $rem in /home/whughes/.qchemrc:

 Checking the input file for inconsistencies... 	...done.

--------------------------------------------------------------
User input:
--------------------------------------------------------------
$molecule
read SIL6-P1_rdkit_conf_1_wb97xd.xyz
$end

$rem
METHOD      B97M-V
BASIS       def2-QZVPP
SYM_IGNORE   TRUE
DFT_D       false
MAX_SCF_CYCLES 300
$end

--------------------------------------------------------------
 ----------------------------------------------------------------
             Standard Nuclear Orientation (Angstroms)
    I     Atom           X                Y                Z
 ----------------------------------------------------------------
    1      C      -1.9627693583     2.1309907366    -1.6730157263
    2      Si     -1.5407279688     0.6788926848    -0.5975483009
    3      O      -0.1330434672     1.1750488602     0.2219036744
    4      C       0.5427300430     0.4080485273     1.0401329012
    5      C       1.7544310207    -0.2075359677     0.8672804506
    6      C       2.4697717992    -1.0032672559     1.7753448310
    7      C       3.6773515603    -1.4795438776     1.2500449601
    8      C       3.9143843317    -1.0731475779    -0.0352348827
    9      S       2.6486225508    -0.0814515870    -0.6426782240
   10      C      -1.1209156794    -0.8451438871    -1.5755299296
   11      C      -2.8503706197     0.3335849324     0.6764797108
   12      H      -1.1538147586     2.3472191950    -2.3730483521
   13      H      -2.1406904860     3.0246433503    -1.0721514704
   14      H      -2.8662665260     1.9285731453    -2.2528174203
   15      H       2.1059969120    -1.2110903148     2.7703972820
   16      H       4.3634409302    -2.1064212335     1.8021539216
   17      H       4.7692966059    -1.2976791543    -0.6521298375
   18      H      -0.7648649503    -1.6417435023    -0.9188298108
   19      H      -1.9999978625    -1.2148718443    -2.1088753668
   20      H      -0.3380495119    -0.6412332297    -2.3081906590
   21      H      -2.5359041806    -0.4696208978     1.3461066275
   22      H      -3.7835165113     0.0268884432     0.1980955259
   23      H      -3.0548938733     1.2190604550     1.2811100953
 ----------------------------------------------------------------
 Nuclear Repulsion Energy =         776.02399613 hartrees
 There are       50 alpha and       48 beta electrons
 Requested basis set is def2-QZVPP
 There are 317 shells and 1013 basis functions

 Total QAlloc Memory Limit   8000 MB
 Mega-Array Size       188 MB
 MEM_STATIC part       192 MB

 A cutoff of  1.0D-09 yielded  30722 shell pairs
 There are    297462 function pairs (    436520 Cartesian)
 Smallest overlap matrix eigenvalue = 2.40E-05

 Q-Chem warning in module stvman/mkSTV.C, line 305:

 Overlap eigenvalue is smaller than square root of threshold
 Use THRESH >= 12 to get rid of this warning


 Scale SEOQF with 1.000000e-01/1.000000e-01/1.000000e-01

 Standard Electronic Orientation quadrupole field applied
 Nucleus-field energy     =     0.0000000143 hartrees
 Guess from superposition of atomic densities
 Warning:  Energy on first SCF cycle will be non-variational
 SAD guess density has 98.000000 electrons

 -----------------------------------------------------------------------
  General SCF calculation program by
  Eric Jon Sundstrom, Paul Horn, Yuezhi Mao, Dmitri Zuev, Alec White,
  David Stuck, Shaama M.S., Shane Yost, Joonho Lee, David Small,
  Daniel Levine, Susi Lehtola, Hugh Burton, Evgeny Epifanovsky,
  Bang C. Huynh
 -----------------------------------------------------------------------
 Exchange:  B97M-V      Correlation:  B97M-V
 Using SG-2 standard quadrature grid
 Nonlocal Correlation:  VV10 with C = 0.0100 and b = 6.00 and scale = 1.00000
 Grid used for NLC:  SG-1 standard quadrature
 using 32 threads for integral computing
 -------------------------------------------------------
 OpenMP Integral computing Module                
 Release: version 1.0, May 2013, Q-Chem Inc. Pittsburgh 
 -------------------------------------------------------
 A unrestricted SCF calculation will be
 performed using DIIS
 SCF converges when DIIS error is below 1.0e-05
 ---------------------------------------
  Cycle       Energy         DIIS error
 ---------------------------------------
    1   -1076.6891117127      5.60e-03  
    2   -1074.5535218004      8.71e-04  
    3   -1074.0568404630      1.24e-03  
    4   -1074.8784632159      3.45e-04  
    5   -1074.9428507589      1.14e-04  
    6   -1074.9480539778      6.85e-05  
    7   -1074.9505350081      2.38e-05  
    8   -1074.9508300467      1.17e-05  
    9   -1074.9509042198      5.29e-06  Convergence criterion met
 ---------------------------------------
 SCF time:   CPU 3881.80s  wall 123.00s 
<S^2> =          2.030048879
 SCF   energy in the final basis set =    -1074.9509042198
 Total energy in the final basis set =    -1074.9509042198
 
 --------------------------------------------------------------
 
                    Orbital Energies (a.u.)
 --------------------------------------------------------------
 
 Alpha MOs
 -- Occupied --
-88.9839 -66.1992 -19.1953 -10.2516 -10.2122 -10.1979 -10.1782 -10.1778
-10.1644 -10.1635 -10.1614  -7.9886  -5.8590  -5.8550  -5.8520  -5.3137
 -3.5921  -3.5879  -3.5876  -1.0681  -0.8562  -0.7413  -0.7110  -0.7059
 -0.6739  -0.6716  -0.6310  -0.5496  -0.5276  -0.4888  -0.4507  -0.4165
 -0.4124  -0.4097  -0.3935  -0.3922  -0.3809  -0.3769  -0.3737  -0.3692
 -0.3681  -0.3530  -0.3481  -0.3197  -0.2938  -0.2899  -0.2489  -0.2349
 -0.2027  -0.1356
 -- Virtual --
 -0.0121  -0.0053   0.0025   0.0239   0.0252   0.0298   0.0334   0.0370
  0.0423   0.0502   0.0510   0.0599   0.0751   0.0819   0.0841   0.0878
  0.0906   0.0960   0.0979   0.1060   0.1090   0.1099   0.1183   0.1222
  0.1285   0.1306   0.1464   0.1525   0.1530   0.1608   0.1659   0.1749
  0.1785   0.1952   0.1979   0.2049   0.2127   0.2165   0.2295   0.2353
  0.2420   0.2451   0.2544   0.2583   0.2627   0.2636   0.2714   0.2727
  0.2795   0.2821   0.2872   0.2911   0.2995   0.3046   0.3088   0.3101
  0.3187   0.3221   0.3284   0.3358   0.3389   0.3423   0.3506   0.3645
  0.3679   0.3713   0.3801   0.3904   0.4058   0.4077   0.4171   0.4285
  0.4317   0.4421   0.4625   0.4642   0.4666   0.4810   0.4871   0.4899
  0.4932   0.4994   0.5061   0.5159   0.5167   0.5186   0.5336   0.5342
  0.5426   0.5438   0.5536   0.5669   0.5724   0.5829   0.5927   0.6015
  0.6110   0.6270   0.6305   0.6355   0.6507   0.6537   0.6587   0.6692
  0.6714   0.6759   0.6813   0.6898   0.6943   0.7029   0.7109   0.7169
  0.7209   0.7340   0.7348   0.7411   0.7489   0.7641   0.7725   0.7791
  0.7854   0.7914   0.8048   0.8123   0.8140   0.8191   0.8228   0.8287
  0.8320   0.8329   0.8353   0.8416   0.8426   0.8478   0.8516   0.8543
  0.8612   0.8687   0.8710   0.8748   0.8841   0.8969   0.9149   0.9280
  0.9311   0.9398   0.9441   0.9450   0.9598   0.9727   0.9784   0.9843
  0.9904   0.9931   1.0026   1.0070   1.0111   1.0138   1.0203   1.0245
  1.0359   1.0419   1.0488   1.0547   1.0599   1.0711   1.0761   1.0805
  1.0862   1.0906   1.1006   1.1107   1.1151   1.1298   1.1369   1.1442
  1.1493   1.1523   1.1598   1.1662   1.1702   1.1837   1.1862   1.1910
  1.2044   1.2143   1.2359   1.2401   1.2519   1.2633   1.2705   1.2770
  1.2836   1.2905   1.3017   1.3070   1.3148   1.3166   1.3333   1.3417
  1.3498   1.3690   1.3786   1.3884   1.4023   1.4189   1.4248   1.4386
  1.4482   1.4541   1.4638   1.4752   1.4794   1.4864   1.5074   1.5131
  1.5236   1.5378   1.5468   1.5517   1.5650   1.5696   1.5857   1.5945
  1.5974   1.6124   1.6240   1.6375   1.6503   1.6599   1.6771   1.6862
  1.6986   1.7079   1.7112   1.7210   1.7502   1.7551   1.7953   1.8027
  1.8226   1.8281   1.8387   1.8480   1.8510   1.8574   1.8623   1.8779
  1.8861   1.8924   1.9026   1.9151   1.9174   1.9280   1.9353   1.9428
  1.9503   1.9542   1.9667   1.9698   1.9832   1.9919   1.9955   2.0027
  2.0066   2.0088   2.0215   2.0225   2.0369   2.0436   2.0571   2.0671
  2.0751   2.0791   2.0903   2.0955   2.1013   2.1063   2.1270   2.1315
  2.1350   2.1490   2.1563   2.1584   2.1623   2.1646   2.1734   2.1823
  2.1886   2.1974   2.2053   2.2115   2.2120   2.2159   2.2316   2.2404
  2.2445   2.2524   2.2599   2.2627   2.2698   2.2780   2.2861   2.2914
  2.2998   2.3045   2.3115   2.3162   2.3317   2.3342   2.3415   2.3529
  2.3600   2.3660   2.3890   2.3950   2.4014   2.4043   2.4122   2.4227
  2.4323   2.4461   2.4480   2.4542   2.4693   2.4814   2.4876   2.4955
  2.5014   2.5064   2.5198   2.5273   2.5334   2.5532   2.5546   2.5638
  2.5667   2.5864   2.5899   2.5965   2.6127   2.6165   2.6245   2.6313
  2.6327   2.6392   2.6497   2.6547   2.6633   2.6732   2.6753   2.6944
  2.6985   2.7078   2.7153   2.7206   2.7317   2.7390   2.7480   2.7577
  2.7640   2.7820   2.7846   2.7898   2.7996   2.8075   2.8117   2.8225
  2.8371   2.8434   2.8472   2.8531   2.8626   2.8798   2.8839   2.8940
  2.8993   2.9067   2.9198   2.9345   2.9398   2.9443   2.9709   2.9865
  2.9894   2.9970   3.0007   3.0099   3.0168   3.0253   3.0331   3.0355
  3.0432   3.0551   3.0603   3.0679   3.0774   3.0837   3.1050   3.1065
  3.1082   3.1264   3.1372   3.1426   3.1664   3.1775   3.1896   3.1916
  3.2084   3.2179   3.2264   3.2322   3.2469   3.2631   3.2968   3.3018
  3.3115   3.3195   3.3330   3.3463   3.3594   3.3701   3.3788   3.3895
  3.3946   3.4044   3.4050   3.4160   3.4200   3.4400   3.4492   3.4547
  3.4639   3.4773   3.5012   3.5081   3.5170   3.5285   3.5412   3.5461
  3.5533   3.5791   3.5843   3.5893   3.5943   3.6064   3.6210   3.6303
  3.6451   3.6491   3.6586   3.6657   3.6770   3.7063   3.7182   3.7269
  3.7379   3.7525   3.7586   3.7775   3.7962   3.7998   3.8162   3.8175
  3.8467   3.8546   3.8664   3.8890   3.8920   3.8948   3.9057   3.9172
  3.9278   3.9501   3.9581   3.9760   3.9907   4.0034   4.0127   4.0298
  4.0418   4.0524   4.0563   4.0617   4.0666   4.0773   4.0932   4.1007
  4.1069   4.1157   4.1328   4.1950   4.2075   4.2269   4.2580   4.2713
  4.2793   4.3376   4.3670   4.3871   4.4137   4.4300   4.4462   4.4622
  4.4648   4.4879   4.5079   4.5141   4.5440   4.5926   4.6186   4.6339
  4.6741   4.7050   4.7108   4.7382   4.7559   4.7703   4.8279   4.8562
  4.9070   4.9292   4.9784   5.0616   5.0667   5.0903   5.1281   5.1312
  5.1554   5.2022   5.2047   5.2182   5.2459   5.2886   5.3210   5.3443
  5.3517   5.3667   5.4005   5.4121   5.4441   5.4686   5.4758   5.5094
  5.5250   5.5322   5.5420   5.5481   5.5634   5.5790   5.6013   5.6038
  5.6280   5.6354   5.6507   5.6565   5.6785   5.6893   5.6946   5.7109
  5.7185   5.7531   5.7778   5.7979   5.8169   5.8326   5.8408   5.8686
  5.8959   5.9130   5.9364   5.9432   5.9569   5.9640   5.9662   5.9872
  5.9963   6.0037   6.0216   6.0364   6.0463   6.0575   6.0653   6.0711
  6.0887   6.0925   6.0965   6.0990   6.1026   6.1136   6.1175   6.1234
  6.1492   6.1665   6.1982   6.2004   6.2122   6.2183   6.2206   6.2258
  6.2272   6.2445   6.2639   6.2664   6.2889   6.2924   6.3124   6.3172
  6.3218   6.3431   6.3456   6.3569   6.3757   6.3777   6.3816   6.3979
  6.4035   6.4054   6.4123   6.4182   6.4285   6.4383   6.4562   6.4580
  6.4619   6.4708   6.4740   6.4781   6.4921   6.4928   6.5057   6.5100
  6.5264   6.5343   6.5449   6.5680   6.5770   6.5875   6.5888   6.5956
  6.6043   6.6194   6.6236   6.6325   6.6387   6.6444   6.6503   6.6578
  6.6634   6.6653   6.6664   6.6771   6.6798   6.6871   6.6951   6.7063
  6.7105   6.7372   6.7478   6.7597   6.7651   6.7720   6.7760   6.8104
  6.8531   6.8561   6.8688   6.8768   6.8807   6.8842   6.8997   6.9071
  6.9142   6.9171   6.9248   6.9350   6.9410   6.9513   6.9565   6.9955
  7.0074   7.0176   7.0255   7.0313   7.0496   7.0583   7.0705   7.0762
  7.1068   7.1140   7.1217   7.1243   7.1323   7.1524   7.1672   7.1720
  7.2179   7.2505   7.2657   7.2847   7.2888   7.3070   7.3159   7.3445
  7.3700   7.3762   7.3933   7.4005   7.4219   7.4254   7.4361   7.4477
  7.4492   7.4831   7.5038   7.5450   7.5815   7.6794   7.7011   7.7117
  7.7219   7.7353   7.7436   7.7501   7.7537   7.7734   7.7868   7.8144
  7.8212   7.8259   7.8294   7.8412   7.8617   7.8681   7.8726   7.8922
  7.9012   7.9083   7.9119   7.9455   7.9792   8.0000   8.0337   8.0727
  8.0905   8.1014   8.1072   8.1315   8.1437   8.1480   8.1696   8.1760
  8.1807   8.1968   8.2055   8.2157   8.2212   8.2247   8.2297   8.2357
  8.2385   8.2412   8.2440   8.2511   8.2598   8.2628   8.2786   8.2957
  8.3510   8.3808   8.3934   8.3985   8.4040   8.4177   8.4252   8.4331
  8.4395   8.4497   8.4555   8.5118   8.5472   8.5978   8.6076   8.6126
  8.6155   8.6292   8.6366   8.6397   8.6470   8.6570   8.6658   8.6905
  8.6929   8.7377   8.7737   8.7862   8.8245   8.8328   8.8455   8.8586
  8.8656   8.8783   8.8842   8.8864   8.8967   8.8999   8.9078   8.9102
  8.9166   8.9402   8.9462   8.9467   8.9490   8.9503   8.9669   8.9832
  8.9920   9.0011   9.0117   9.0169   9.0200   9.0271   9.0332   9.0710
  9.0861   9.1221   9.1330   9.1394   9.1536   9.1672   9.1811   9.1844
  9.2340   9.2387   9.2857   9.2907   9.2944   9.2979   9.3066   9.3112
  9.3367   9.3412   9.3503   9.3581   9.3679   9.3754   9.3916   9.4001
  9.4055   9.4104   9.4136   9.4165   9.4350   9.4396   9.4475   9.4865
  9.5398   9.6448   9.6666   9.7644   9.7895   9.9040   9.9824  10.0080
 10.0201  10.0693  10.0866  10.0910  10.0974  10.1132  10.1685  10.2524
 10.2866  10.2918  10.3113  10.3235  10.3328  10.4218  10.4332  10.4360
 10.4446  10.4489  10.4643  10.4697  10.4726  10.4746  10.4762  10.4836
 10.5330  10.5943  10.7779  10.8024  10.8150  10.8440  10.8526  10.8569
 10.8603  10.8736  10.8900  10.8990  10.9049  11.0055  11.0953  11.1084
 11.1430  11.1534  11.2139  11.6757  11.7097  11.8785  12.0846  12.2667
 12.3046  12.3464  12.3744  12.3987  12.4078  12.4317  12.4613  12.4813
 12.5377  12.6625  12.8253  12.8578  13.0303  13.0475  13.0695  13.1659
 13.3744  13.3748  13.4134  13.4949  13.5406  13.5623  14.3027  14.9007
 17.5423  25.3218  28.5296  28.9100  29.0670  29.3453  29.5290  29.5722
 29.6640  29.6703  29.6802  29.8009  29.8992  49.1510  59.5096  85.5493
150.4357 150.8265 151.2316 151.4910 151.5940 151.5977 151.7261 151.7687
258.3087 321.1584 456.7418
 
 Beta MOs
 -- Occupied --
-88.9828 -66.1991 -19.1882 -10.2293 -10.2129 -10.1934 -10.1794 -10.1734
-10.1644 -10.1635 -10.1614  -7.9881  -5.8576  -5.8540  -5.8503  -5.3136
 -3.5918  -3.5878  -3.5874  -1.0522  -0.8503  -0.7266  -0.7053  -0.7033
 -0.6737  -0.6714  -0.6078  -0.5401  -0.5195  -0.4839  -0.4325  -0.4084
 -0.4024  -0.3997  -0.3912  -0.3873  -0.3786  -0.3709  -0.3683  -0.3664
 -0.3643  -0.3428  -0.3388  -0.3150  -0.2917  -0.2853  -0.2294  -0.2237
 -- Virtual --
 -0.1017  -0.0785  -0.0073   0.0086   0.0135   0.0264   0.0281   0.0346
  0.0362   0.0418   0.0511   0.0537   0.0560   0.0637   0.0799   0.0836
  0.0879   0.0903   0.0937   0.0990   0.1013   0.1078   0.1102   0.1138
  0.1234   0.1282   0.1332   0.1351   0.1535   0.1577   0.1622   0.1673
  0.1703   0.1806   0.1832   0.1975   0.2021   0.2073   0.2149   0.2189
  0.2370   0.2443   0.2459   0.2495   0.2591   0.2638   0.2666   0.2666
  0.2740   0.2752   0.2847   0.2857   0.2892   0.2959   0.3012   0.3123
  0.3137   0.3146   0.3244   0.3257   0.3338   0.3389   0.3430   0.3466
  0.3534   0.3689   0.3719   0.3742   0.3862   0.3945   0.4104   0.4176
  0.4242   0.4338   0.4418   0.4493   0.4662   0.4675   0.4757   0.4849
  0.4913   0.4945   0.4968   0.5023   0.5113   0.5193   0.5206   0.5246
  0.5364   0.5401   0.5473   0.5511   0.5601   0.5727   0.5773   0.5921
  0.6022   0.6097   0.6173   0.6321   0.6376   0.6424   0.6538   0.6607
  0.6638   0.6730   0.6743   0.6844   0.6849   0.6985   0.6997   0.7113
  0.7173   0.7218   0.7263   0.7388   0.7417   0.7488   0.7607   0.7707
  0.7779   0.7841   0.7939   0.7963   0.8109   0.8181   0.8199   0.8255
  0.8274   0.8327   0.8350   0.8373   0.8406   0.8450   0.8479   0.8511
  0.8560   0.8572   0.8676   0.8734   0.8781   0.8802   0.8927   0.9054
  0.9244   0.9333   0.9405   0.9455   0.9504   0.9517   0.9654   0.9785
  0.9840   0.9902   0.9948   0.9997   1.0077   1.0130   1.0170   1.0209
  1.0246   1.0281   1.0401   1.0488   1.0547   1.0589   1.0654   1.0756
  1.0797   1.0871   1.0937   1.0966   1.1067   1.1161   1.1222   1.1397
  1.1448   1.1492   1.1560   1.1585   1.1643   1.1731   1.1752   1.1883
  1.1900   1.1999   1.2079   1.2219   1.2397   1.2464   1.2584   1.2681
  1.2751   1.2836   1.2909   1.2984   1.3081   1.3140   1.3217   1.3235
  1.3425   1.3489   1.3556   1.3762   1.3858   1.3961   1.4106   1.4250
  1.4292   1.4431   1.4540   1.4625   1.4736   1.4804   1.4873   1.4938
  1.5151   1.5240   1.5290   1.5441   1.5488   1.5604   1.5686   1.5759
  1.5942   1.6035   1.6054   1.6192   1.6314   1.6477   1.6615   1.6703
  1.6851   1.6963   1.7094   1.7179   1.7193   1.7292   1.7594   1.7707
  1.8033   1.8154   1.8341   1.8367   1.8426   1.8557   1.8610   1.8655
  1.8720   1.8888   1.8957   1.8986   1.9117   1.9215   1.9241   1.9368
  1.9442   1.9528   1.9579   1.9635   1.9733   1.9836   1.9948   1.9981
  2.0049   2.0075   2.0158   2.0167   2.0310   2.0355   2.0456   2.0537
  2.0647   2.0751   2.0854   2.0892   2.0975   2.1021   2.1154   2.1193
  2.1373   2.1430   2.1451   2.1581   2.1671   2.1695   2.1729   2.1754
  2.1830   2.1932   2.1973   2.2053   2.2116   2.2205   2.2237   2.2304
  2.2397   2.2503   2.2535   2.2624   2.2663   2.2727   2.2789   2.2875
  2.2981   2.3045   2.3100   2.3123   2.3203   2.3250   2.3381   2.3419
  2.3495   2.3691   2.3720   2.3785   2.3992   2.4032   2.4076   2.4137
  2.4250   2.4370   2.4462   2.4556   2.4578   2.4636   2.4798   2.4911
  2.4959   2.5059   2.5134   2.5174   2.5328   2.5398   2.5406   2.5605
  2.5681   2.5738   2.5744   2.5896   2.6006   2.6074   2.6230   2.6239
  2.6332   2.6383   2.6401   2.6504   2.6604   2.6663   2.6747   2.6806
  2.6856   2.7061   2.7111   2.7164   2.7242   2.7271   2.7421   2.7454
  2.7577   2.7677   2.7774   2.7904   2.7945   2.8017   2.8114   2.8158
  2.8204   2.8368   2.8419   2.8526   2.8536   2.8675   2.8715   2.8870
  2.8917   2.9019   2.9051   2.9195   2.9263   2.9441   2.9478   2.9598
  2.9809   2.9939   2.9984   3.0067   3.0103   3.0140   3.0224   3.0333
  3.0360   3.0453   3.0495   3.0572   3.0693   3.0762   3.0841   3.0953
  3.1108   3.1167   3.1192   3.1381   3.1438   3.1500   3.1787   3.1830
  3.1991   3.2019   3.2174   3.2245   3.2350   3.2378   3.2534   3.2801
  3.3038   3.3104   3.3207   3.3303   3.3396   3.3600   3.3685   3.3783
  3.3871   3.3969   3.4015   3.4152   3.4188   3.4252   3.4307   3.4513
  3.4577   3.4686   3.4769   3.4853   3.5127   3.5199   3.5285   3.5367
  3.5488   3.5544   3.5612   3.5849   3.5871   3.5998   3.6031   3.6132
  3.6285   3.6361   3.6521   3.6597   3.6698   3.6747   3.6828   3.7177
  3.7268   3.7366   3.7464   3.7591   3.7681   3.7878   3.8045   3.8144
  3.8215   3.8258   3.8513   3.8639   3.8745   3.8968   3.9032   3.9056
  3.9105   3.9266   3.9336   3.9596   3.9716   3.9876   3.9957   4.0090
  4.0243   4.0419   4.0452   4.0553   4.0647   4.0662   4.0744   4.0913
  4.0985   4.1092   4.1197   4.1313   4.1487   4.2126   4.2312   4.2438
  4.2755   4.2894   4.3035   4.3509   4.3870   4.4056   4.4262   4.4423
  4.4593   4.4684   4.4771   4.4978   4.5125   4.5174   4.5662   4.6097
  4.6355   4.6587   4.6889   4.7197   4.7280   4.7591   4.7689   4.7997
  4.8621   4.8674   4.9376   4.9508   5.0029   5.0894   5.0971   5.1294
  5.1440   5.1565   5.1802   5.2124   5.2225   5.2374   5.2553   5.3124
  5.3437   5.3615   5.3642   5.3854   5.4089   5.4523   5.4684   5.4816
  5.5046   5.5290   5.5378   5.5415   5.5493   5.5554   5.5795   5.5884
  5.6093   5.6111   5.6331   5.6420   5.6718   5.6753   5.6947   5.7024
  5.7082   5.7206   5.7383   5.7756   5.7908   5.8131   5.8199   5.8409
  5.8637   5.8869   5.9101   5.9301   5.9439   5.9569   5.9641   5.9679
  5.9694   5.9947   6.0026   6.0209   6.0405   6.0452   6.0610   6.0662
  6.0819   6.0825   6.0992   6.1060   6.1077   6.1132   6.1171   6.1222
  6.1229   6.1331   6.1791   6.1970   6.2134   6.2198   6.2206   6.2246
  6.2345   6.2410   6.2446   6.2571   6.2870   6.3055   6.3080   6.3099
  6.3191   6.3248   6.3398   6.3519   6.3650   6.3759   6.3821   6.3928
  6.4023   6.4042   6.4086   6.4198   6.4206   6.4301   6.4405   6.4564
  6.4633   6.4683   6.4762   6.4805   6.4865   6.4910   6.5053   6.5082
  6.5192   6.5321   6.5422   6.5531   6.5672   6.5803   6.5822   6.5932
  6.5982   6.6084   6.6258   6.6295   6.6415   6.6464   6.6511   6.6550
  6.6600   6.6626   6.6668   6.6728   6.6777   6.6873   6.6954   6.7009
  6.7054   6.7173   6.7327   6.7534   6.7595   6.7638   6.7819   6.7934
  6.7978   6.8340   6.8678   6.8694   6.8728   6.8798   6.8876   6.8900
  6.9115   6.9165   6.9222   6.9266   6.9309   6.9404   6.9547   6.9611
  6.9675   7.0052   7.0195   7.0441   7.0468   7.0533   7.0608   7.0673
  7.0786   7.0911   7.1137   7.1199   7.1293   7.1356   7.1487   7.1727
  7.1851   7.2112   7.2519   7.2693   7.2744   7.2908   7.2921   7.3244
  7.3463   7.3716   7.3844   7.3900   7.4004   7.4063   7.4235   7.4442
  7.4474   7.4522   7.4618   7.5101   7.5308   7.5613   7.6093   7.6937
  7.7149   7.7263   7.7313   7.7430   7.7491   7.7592   7.7646   7.8091
  7.8164   7.8212   7.8233   7.8301   7.8340   7.8470   7.8632   7.8684
  7.8700   7.8944   7.9039   7.9097   7.9207   7.9717   8.0048   8.0130
  8.0588   8.0710   8.0913   8.1023   8.1100   8.1435   8.1506   8.1651
  8.1711   8.1768   8.1825   8.1979   8.2060   8.2167   8.2224   8.2254
  8.2330   8.2389   8.2413   8.2452   8.2483   8.2543   8.2614   8.2688
  8.2833   8.3022   8.3586   8.3820   8.3940   8.3993   8.4074   8.4197
  8.4282   8.4340   8.4413   8.4537   8.4593   8.5307   8.5601   8.5985
  8.6087   8.6135   8.6192   8.6362   8.6413   8.6454   8.6551   8.6686
  8.6777   8.6958   8.7001   8.7429   8.7939   8.8126   8.8329   8.8381
  8.8491   8.8560   8.8676   8.8824   8.8869   8.9003   8.9022   8.9081
  8.9143   8.9181   8.9305   8.9413   8.9472   8.9482   8.9503   8.9515
  8.9766   8.9888   8.9987   9.0094   9.0143   9.0190   9.0232   9.0305
  9.0335   9.0797   9.0911   9.1243   9.1340   9.1496   9.1574   9.1700
  9.1822   9.1856   9.2354   9.2399   9.2857   9.2927   9.2950   9.3064
  9.3097   9.3133   9.3383   9.3434   9.3531   9.3609   9.3736   9.3865
  9.4003   9.4031   9.4100   9.4146   9.4224   9.4351   9.4416   9.4581
  9.4592   9.5403   9.5776   9.6965   9.7054   9.7762   9.7987   9.8997
  9.9824  10.0083  10.0204  10.0693  10.0845  10.0894  10.0939  10.0991
 10.2240  10.2794  10.2850  10.3005  10.3222  10.3321  10.3480  10.4228
 10.4342  10.4365  10.4451  10.4494  10.4587  10.4668  10.4711  10.4731
 10.4773  10.5038  10.5351  10.6026  10.8082  10.8357  10.8414  10.8493
 10.8541  10.8616  10.8727  10.8819  10.8959  10.9091  10.9228  11.0804
 11.1000  11.1279  11.1492  11.1881  11.2156  11.7188  11.7532  11.8837
 12.1353  12.3030  12.3102  12.3498  12.3902  12.4134  12.4411  12.4571
 12.4832  12.4921  12.5915  12.6485  12.8747  12.9056  13.0220  13.0341
 13.0503  13.1741  13.3620  13.4119  13.4427  13.5378  13.5573  13.5695
 14.3655  14.9458  17.5446  25.3256  28.5736  28.9331  29.0706  29.3759
 29.5358  29.5754  29.6688  29.6716  29.6875  29.8011  29.9057  49.1793
 59.5104  85.5537 150.4715 150.8421 151.2533 151.5026 151.5940 151.5978
151.7262 151.7719 258.3236 321.1589 456.7445
 --------------------------------------------------------------
 
          Ground-State Mulliken Net Atomic Charges

     Atom                 Charge (a.u.)    Spin (a.u.)
  --------------------------------------------------------
      1 C                    -0.622540      -0.000427
      2 Si                    0.539129       0.050172
      3 O                    -0.358218       0.101202
      4 C                     0.090600       1.418015
      5 C                     0.109031      -0.227388
      6 C                    -0.245219       0.357065
      7 C                    -0.181925      -0.136435
      8 C                    -0.217790       0.315049
      9 S                    -0.119386       0.131076
     10 C                    -0.675612      -0.003510
     11 C                    -0.629677      -0.004102
     12 H                     0.200337      -0.001019
     13 H                     0.193607      -0.001103
     14 H                     0.182087       0.000403
     15 H                     0.155820       0.002913
     16 H                     0.208747      -0.001737
     17 H                     0.192912      -0.007476
     18 H                     0.222582      -0.000435
     19 H                     0.178436       0.001159
     20 H                     0.212600      -0.000108
     21 H                     0.194005       0.008098
     22 H                     0.177923      -0.000186
     23 H                     0.192551      -0.001225
  --------------------------------------------------------
  Sum of atomic charges =    -0.000000
  Sum of spin   charges =     2.000000

 -----------------------------------------------------------------
                    Cartesian Multipole Moments
 -----------------------------------------------------------------
    Charge (ESU x 10^10)
                -0.0000
    Dipole Moment (Debye)
         X      -2.0415      Y      -0.4652      Z      -0.8773
       Tot       2.2702
    Quadrupole Moments (Debye-Ang)
        XX     -75.3788     XY      -4.3694     YY     -82.4268
        XZ       1.1161     YZ      -2.1509     ZZ     -79.4564
    Octopole Moments (Debye-Ang^2)
       XXX    -119.0902    XXY     -19.8868    XYY     -45.9851
       YYY      -7.5943    XXZ      -4.9967    XYZ      -5.2752
       YYZ       7.8281    XZZ     -41.2394    YZZ      -7.8423
       ZZZ      14.9237
    Hexadecapole Moments (Debye-Ang^3)
      XXXX   -2702.3198   XXXY     276.7719   XXYY    -562.0322
      XYYY     374.6226   YYYY    -646.7898   XXXZ    -242.1623
      XXYZ      28.9475   XYYZ     -72.0749   YYYZ     121.3636
      XXZZ    -575.2828   XYZZ     110.1433   YYZZ    -223.3596
      XZZZ    -221.4145   YZZZ     104.3233   ZZZZ    -703.7615
 -----------------------------------------------------------------
 Total job time:  181.83s(wall), 3929.91s(cpu) 
 Fri Jan 24 11:17:47 2025

        *************************************************************
        *                                                           *
        *  Thank you very much for using Q-Chem.  Have a nice day.  *
        *                                                           *
        *************************************************************



Running Job 2 of 2 SIL6-P1_rdkit_conf_1_wb97xd-B97mV-readSCF.in
qchem SIL6-P1_rdkit_conf_1_wb97xd-B97mV-readSCF.in_1413321.1 /expanse/lustre/scratch/whughes/temp_project/job_36488900/SIL6-P1_rdkit_conf_1_wb97xd-B97mV-readSCF-36488900/ 0
/cm/shared/apps/spack/0.17.3/cpu/b/opt/spack/linux-rocky8-zen2/gcc-10.2.0/qchem-6.0-rytxnwjazd34ekd2gqyi5ufsaimxsd3r/exe/qcprog.exe_s SIL6-P1_rdkit_conf_1_wb97xd-B97mV-readSCF.in_1413321.1 /expanse/lustre/scratch/whughes/temp_project/job_36488900/SIL6-P1_rdkit_conf_1_wb97xd-B97mV-readSCF-36488900/
                  Welcome to Q-Chem
     A Quantum Leap Into The Future Of Chemistry


 Q-Chem 6.0, Q-Chem, Inc., Pleasanton, CA (2022)

 License issued to: University of California, San Diego (site)

 E. Epifanovsky,  A. T. B. Gilbert,  Xintian Feng,  Joonho Lee,  Yuezhi Mao,  
 N. Mardirossian,  P. Pokhilko,  A. White,  M. Wormit,  M. P. Coons,  
 A. L. Dempwolff,  Zhengting Gan,  D. Hait,  P. R. Horn,  L. D. Jacobson,  
 I. Kaliman,  J. Kussmann,  A. W. Lange,  Ka Un Lao,  D. S. Levine,  Jie Liu,  
 S. C. McKenzie,  A. F. Morrison,  K. Nanda,  F. Plasser,  D. R. Rehn,  
 M. L. Vidal,  Zhi-Qiang You,  Ying Zhu,  B. Alam,  B. Albrecht,  
 A. Aldossary,  E. Alguire,  J. H. Andersen,  V. Athavale,  D. Barton,  
 K. Begam,  A. Behn,  N. Bellonzi,  Y. A. Bernard,  E. J. Berquist,  
 H. Burton,  A. Carreras,  K. Carter-Fenk,  Romit Chakraborty,  
 Chandrima Chakravarty,  Junhan Chen,  A. D. Chien,  K. D. Closser,  
 V. Cofer-Shabica,  L. Cunha,  S. Dasgupta,  Jia Deng,  M. de Wergifosse,  
 M. Diedenhofen,  Hainam Do,  S. Ehlert,  Po-Tung Fang,  S. Fatehi,  
 Qingguo Feng,  T. Friedhoff,  B. Ganoe,  J. Gayvert,  Qinghui Ge,  
 G. Gidofalvi,  M. Goldey,  J. Gomes,  C. Gonzalez-Espinoza,  S. Gulania,  
 A. Gunina,  J. A. Gyamfi,  M. W. D. Hanson-Heine,  P. H. P. Harbach,  
 A. W. Hauser,  M. F. Herbst,  M. Hernandez Vera,  M. Hodecker,  
 Z. C. Holden,  S. Houck,  Xunkun Huang,  Kerwin Hui,  B. C. Huynh,  
 K. Ikeda,  M. Ivanov,  Hyunjun Ji,  Zuxin Jin,  Hanjie Jiang,  B. Kaduk,  
 S. Kaehler,  R. Kang,  K. Khistyaev,  Jaehoon Kim,  Yongbin Kim,  
 P. Klunzinger,  Z. Koczor-Benda,  Joong Hoon Koh,  D. Kosenkov,  
 Saikiran Kotaru,  L. Koulias,  T. Kowalczyk,  C. M. Krauter,  K. Kue,  
 A. Kunitsa,  T. Kus,  A. Landau,  K. V. Lawler,  D. Lefrancois,  S. Lehtola,  
 Rain Li,  Shaozhi Li,  Yi-Pei Li,  Jiashu Liang,  M. Liebenthal,  
 Hung-Hsuan Lin,  You-Sheng Lin,  Fenglai Liu,  Kuan-Yu Liu,  
 M. Loipersberger,  A. Luenser,  C. Malbon,  A. Manjanath,  P. Manohar,  
 E. Mansoor,  S. F. Manzer,  Shan-Ping Mao,  A. V. Marenich,  T. Markovich,  
 S. Mason,  F. Matz,  S. A. Maurer,  P. F. McLaughlin,  M. F. S. J. Menger,  
 J.-M. Mewes,  S. A. Mewes,  P. Morgante,  Mohammad Mostafanejad,  
 J. W. Mullinax,  K. J. Oosterbaan,  G. Paran,  V. Parravicini,  
 Alexander C. Paul,  Suranjan K. Paul,  F. Pavosevic,  Zheng Pei,  S. Prager,  
 E. I. Proynov,  E. Ramos,  B. Rana,  A. E. Rask,  A. Rettig,  R. M. Richard,  
 F. Rob,  E. Rossomme,  T. Scheele,  M. Scheurer,  M. Schneider,  
 P. E. Schneider,  N. Sergueev,  S. M. Sharada,  Hengyuan Shen,  
 W. Skomorowski,  D. W. Small,  C. J. Stein,  Yingli Su,  Yu-Chuan Su,  
 E. J. Sundstrom,  Zhen Tao,  J. Thirman,  Hung-Yi Tsai,  T. Tsuchimochi,  
 N. M. Tubman,  C. Utku,  S. P. Veccham,  O. Vydrov,  J. Wenzel,  
 Jonathan Wong,  J. Witte,  A. Yamada,  Chou-Hsun Yang,  Kun Yao,  
 S. Yeganeh,  S. R. Yost,  A. Zech,  F. Zeller,  Igor Ying Zhang,  
 Xing Zhang,  Yu Zhang,  D. Zuev,  A. Aspuru-Guzik,  A. T. Bell,  
 N. A. Besley,  K. B. Bravaya,  B. R. Brooks,  D. Casanova,  Jeng-Da Chai,  
 Hsing-Ta Chen,  S. Coriani,  C. J. Cramer,  A. E. DePrince, III,  
 R. A. DiStasio Jr.,  A. Dreuw,  B. D. Dunietz,  T. R. Furlani,  
 W. A. Goddard III,  S. Grimme,  S. Hammes-Schiffer,  T. Head-Gordon,  
 W. J. Hehre,  Chao-Ping Hsu,  T.-C. Jagau,  Yousung Jung,  A. Klamt,  
 Jing Kong,  D. S. Lambrecht,  Xiangyuan Li,  WanZhen Liang,  N. J. Mayhall,  
 C. W. McCurdy,  J. B. Neaton,  T. Neudecker,  C. Ochsenfeld,  
 J. A. Parkhill,  R. Peverati,  V. A. Rassolov,  Haisheng Ren,  Yihan Shao,  
 L. V. Slipchenko,  R. P. Steele,  J. E. Subotnik,  A. J. W. Thom,  
 A. Tkatchenko,  D. G. Truhlar,  T. Van Voorhis,  Fan Wang,  
 T. A. Wesolowski,  K. B. Whaley,  H. L. Woodcock III,  P. M. Zimmerman,  
 S. Faraji,  P. M. W. Gill,  M. Head-Gordon,  J. M. Herbert,  A. I. Krylov

 Contributors to earlier versions of Q-Chem not listed above: 
 R. D. Adamson,  B. Austin,  R. Baer,  J. Baker,  G. J. O. Beran,  
 K. Brandhorst,  S. T. Brown,  E. F. C. Byrd,  Arup K. Chakraborty,  
 G. K. L. Chan,  Chun-Min Chang,  Yunqing Chen,  C.-L. Cheng,  
 Siu Hung Chien,  D. M. Chipman,  D. L. Crittenden,  H. Dachsel,  
 R. J. Doerksen,  A. D. Dutoi,  R. G. Edgar,  J. Fosso-Tande,  
 L. Fusti-Molnar,  D. Ghosh,  A. Ghysels,  A. Golubeva-Zadorozhnaya,  
 J. Gonthier,  M. S. Gordon,  S. R. Gwaltney,  G. Hawkins,  J. E. Herr,  
 A. Heyden,  S. Hirata,  E. G. Hohenstein,  G. Kedziora,  F. J. Keil,  
 C. Kelley,  Jihan Kim,  R. A. King,  R. Z. Khaliullin,  P. P. Korambath,  
 W. Kurlancheek,  A. Laurent,  A. M. Lee,  M. S. Lee,  S. V. Levchenko,  
 Ching Yeh Lin,  D. Liotard,  E. Livshits,  R. C. Lochan,  I. Lotan,  
 L. A. Martinez-Martinez,  P. E. Maslen,  N. Nair,  D. P. O'Neill,  
 D. Neuhauser,  E. Neuscamman,  C. M. Oana,  R. Olivares-Amaya,  R. Olson,  
 T. M. Perrine,  B. Peters,  P. A. Pieniazek,  A. Prociuk,  Y. M. Rhee,  
 J. Ritchie,  M. A. Rohrdanz,  E. Rosta,  N. J. Russ,  H. F. Schaefer III,  
 M. W. Schmidt,  N. E. Schultz,  S. Sharma,  N. Shenvi,  C. D. Sherrill,  
 A. C. Simmonett,  A. Sodt,  T. Stein,  D. Stuck,  K. S. Thanthiriwatte,  
 V. Vanovschi,  L. Vogt,  Tao Wang,  A. Warshel,  M. A. Watson,  
 C. F. Williams,  Q. Wu,  X. Xu,  Jun Yang,  W. Zhang,  Yan Zhao

   Please cite Q-Chem as follows:
  "Software for the frontiers of quantum chemistry:
   An overview of developments in the Q-Chem 5 package"
   J. Chem. Phys. 155, 084801 (2021)
   https://doi.org/10.1063/5.0055522 (open access)

 Q-Chem 6.0.2 for Intel X86 EM64T Linux

 Parts of Q-Chem use Armadillo 9.900.5 (Nocturnal Misbehaviour).
 http://arma.sourceforge.net/

 Q-Chem begins on Fri Jan 24 11:17:47 2025  

 Host: 
0

     Scratch files written to /expanse/lustre/scratch/whughes/temp_project/job_36488900/SIL6-P1_rdkit_conf_1_wb97xd-B97mV-readSCF-36488900//
 Dec722 |scratch|qcdevops|jenkins|workspace|build_RNUM    
 Processing $rem in /cm/shared/apps/spack/0.17.3/cpu/b/opt/spack/linux-rocky8-zen2/gcc-10.2.0/qchem-6.0-rytxnwjazd34ekd2gqyi5ufsaimxsd3r/config/preferences:
 Processing $rem in /home/whughes/.qchemrc:

 Checking the input file for inconsistencies... 	...done.

--------------------------------------------------------------
User input:
--------------------------------------------------------------

$molecule
read
$end

$rem
METHOD      B97M-V
BASIS       def2-QZVPP
SYM_IGNORE   TRUE
SCF_GUESS   read
DFT_D       false
MAX_SCF_CYCLES 300
$end

$end
--------------------------------------------------------------
 ----------------------------------------------------------------
             Standard Nuclear Orientation (Angstroms)
    I     Atom           X                Y                Z
 ----------------------------------------------------------------
    1      C      -1.9627693583     2.1309907366    -1.6730157263
    2      Si     -1.5407279688     0.6788926848    -0.5975483009
    3      O      -0.1330434672     1.1750488602     0.2219036744
    4      C       0.5427300430     0.4080485273     1.0401329012
    5      C       1.7544310207    -0.2075359677     0.8672804506
    6      C       2.4697717992    -1.0032672559     1.7753448310
    7      C       3.6773515603    -1.4795438776     1.2500449601
    8      C       3.9143843317    -1.0731475779    -0.0352348827
    9      S       2.6486225508    -0.0814515870    -0.6426782240
   10      C      -1.1209156794    -0.8451438871    -1.5755299296
   11      C      -2.8503706197     0.3335849324     0.6764797108
   12      H      -1.1538147586     2.3472191950    -2.3730483521
   13      H      -2.1406904860     3.0246433503    -1.0721514704
   14      H      -2.8662665260     1.9285731453    -2.2528174203
   15      H       2.1059969120    -1.2110903148     2.7703972820
   16      H       4.3634409302    -2.1064212335     1.8021539216
   17      H       4.7692966059    -1.2976791543    -0.6521298375
   18      H      -0.7648649503    -1.6417435023    -0.9188298108
   19      H      -1.9999978625    -1.2148718443    -2.1088753668
   20      H      -0.3380495119    -0.6412332297    -2.3081906590
   21      H      -2.5359041806    -0.4696208978     1.3461066275
   22      H      -3.7835165113     0.0268884432     0.1980955259
   23      H      -3.0548938733     1.2190604550     1.2811100953
 ----------------------------------------------------------------
 Nuclear Repulsion Energy =         776.02399613 hartrees
 There are       50 alpha and       48 beta electrons
 Requested basis set is def2-QZVPP
 There are 317 shells and 1013 basis functions

 Total QAlloc Memory Limit   8000 MB
 Mega-Array Size       188 MB
 MEM_STATIC part       192 MB

 A cutoff of  1.0D-09 yielded  30722 shell pairs
 There are    297462 function pairs (    436520 Cartesian)
 Smallest overlap matrix eigenvalue = 2.40E-05

 Q-Chem warning in module stvman/mkSTV.C, line 305:

 Overlap eigenvalue is smaller than square root of threshold
 Use THRESH >= 12 to get rid of this warning


 Scale SEOQF with 1.000000e-01/1.000000e-01/1.000000e-01

 Standard Electronic Orientation quadrupole field applied
 Nucleus-field energy     =     0.0000000143 hartrees
 Guess MOs from SCF MO coefficient file

 -----------------------------------------------------------------------
  General SCF calculation program by
  Eric Jon Sundstrom, Paul Horn, Yuezhi Mao, Dmitri Zuev, Alec White,
  David Stuck, Shaama M.S., Shane Yost, Joonho Lee, David Small,
  Daniel Levine, Susi Lehtola, Hugh Burton, Evgeny Epifanovsky,
  Bang C. Huynh
 -----------------------------------------------------------------------
 Exchange:  B97M-V      Correlation:  B97M-V
 Using SG-2 standard quadrature grid
 Nonlocal Correlation:  VV10 with C = 0.0100 and b = 6.00 and scale = 1.00000
 Grid used for NLC:  SG-1 standard quadrature
 using 32 threads for integral computing
 -------------------------------------------------------
 OpenMP Integral computing Module                
 Release: version 1.0, May 2013, Q-Chem Inc. Pittsburgh 
 -------------------------------------------------------
 A unrestricted SCF calculation will be
 performed using DIIS
 SCF converges when DIIS error is below 1.0e-05
 ---------------------------------------
  Cycle       Energy         DIIS error
 ---------------------------------------
    1   -1074.9509227955      2.61e-06  
    2   -1074.9509166620      4.90e-06  Convergence criterion met
 ---------------------------------------
 SCF time:   CPU 878.84s  wall 28.00s 
<S^2> =          2.031141072
 SCF   energy in the final basis set =    -1074.9509166620
 Total energy in the final basis set =    -1074.9509166620
 
 --------------------------------------------------------------
 
                    Orbital Energies (a.u.)
 --------------------------------------------------------------
 
 Alpha MOs
 -- Occupied --
-88.9842 -66.1992 -19.1977 -10.2504 -10.2100 -10.1981 -10.1783 -10.1778
-10.1645 -10.1632 -10.1611  -7.9888  -5.8592  -5.8552  -5.8521  -5.3137
 -3.5921  -3.5879  -3.5875  -1.0687  -0.8558  -0.7407  -0.7109  -0.7058
 -0.6738  -0.6714  -0.6310  -0.5496  -0.5275  -0.4886  -0.4509  -0.4167
 -0.4123  -0.4096  -0.3935  -0.3920  -0.3808  -0.3768  -0.3735  -0.3692
 -0.3680  -0.3529  -0.3481  -0.3197  -0.2937  -0.2897  -0.2485  -0.2348
 -0.2024  -0.1355
 -- Virtual --
 -0.0118  -0.0051   0.0026   0.0240   0.0252   0.0299   0.0335   0.0372
  0.0424   0.0503   0.0510   0.0600   0.0751   0.0820   0.0842   0.0879
  0.0907   0.0961   0.0980   0.1061   0.1091   0.1099   0.1183   0.1222
  0.1286   0.1307   0.1466   0.1525   0.1531   0.1609   0.1660   0.1750
  0.1785   0.1952   0.1979   0.2049   0.2128   0.2166   0.2296   0.2355
  0.2421   0.2452   0.2545   0.2583   0.2628   0.2636   0.2714   0.2728
  0.2795   0.2822   0.2873   0.2911   0.2995   0.3046   0.3089   0.3102
  0.3188   0.3221   0.3285   0.3359   0.3389   0.3424   0.3507   0.3645
  0.3681   0.3714   0.3802   0.3905   0.4058   0.4078   0.4172   0.4286
  0.4319   0.4422   0.4626   0.4642   0.4668   0.4811   0.4872   0.4900
  0.4932   0.4995   0.5061   0.5159   0.5167   0.5187   0.5337   0.5343
  0.5427   0.5439   0.5537   0.5670   0.5724   0.5831   0.5928   0.6016
  0.6111   0.6271   0.6305   0.6356   0.6508   0.6539   0.6588   0.6693
  0.6715   0.6760   0.6813   0.6900   0.6943   0.7030   0.7109   0.7170
  0.7210   0.7341   0.7349   0.7412   0.7490   0.7642   0.7726   0.7791
  0.7855   0.7915   0.8049   0.8124   0.8141   0.8192   0.8229   0.8287
  0.8320   0.8329   0.8353   0.8416   0.8427   0.8479   0.8516   0.8544
  0.8613   0.8688   0.8711   0.8749   0.8843   0.8970   0.9150   0.9281
  0.9313   0.9399   0.9442   0.9451   0.9598   0.9728   0.9784   0.9845
  0.9904   0.9932   1.0027   1.0071   1.0113   1.0140   1.0203   1.0245
  1.0360   1.0420   1.0490   1.0548   1.0599   1.0712   1.0762   1.0806
  1.0863   1.0908   1.1006   1.1107   1.1151   1.1300   1.1369   1.1443
  1.1493   1.1523   1.1599   1.1662   1.1702   1.1837   1.1863   1.1911
  1.2044   1.2143   1.2360   1.2401   1.2520   1.2634   1.2706   1.2771
  1.2836   1.2906   1.3018   1.3071   1.3149   1.3166   1.3334   1.3416
  1.3498   1.3691   1.3786   1.3884   1.4024   1.4189   1.4248   1.4388
  1.4483   1.4542   1.4639   1.4753   1.4795   1.4865   1.5074   1.5131
  1.5236   1.5378   1.5467   1.5516   1.5651   1.5696   1.5858   1.5945
  1.5974   1.6126   1.6242   1.6375   1.6505   1.6600   1.6772   1.6863
  1.6987   1.7080   1.7112   1.7211   1.7502   1.7552   1.7954   1.8029
  1.8228   1.8282   1.8388   1.8481   1.8512   1.8576   1.8625   1.8781
  1.8862   1.8925   1.9027   1.9151   1.9175   1.9282   1.9354   1.9430
  1.9505   1.9543   1.9668   1.9700   1.9834   1.9920   1.9956   2.0028
  2.0067   2.0089   2.0217   2.0228   2.0370   2.0437   2.0572   2.0672
  2.0753   2.0793   2.0905   2.0956   2.1014   2.1065   2.1271   2.1317
  2.1352   2.1491   2.1564   2.1586   2.1624   2.1648   2.1736   2.1825
  2.1887   2.1974   2.2055   2.2117   2.2122   2.2160   2.2317   2.2405
  2.2446   2.2526   2.2600   2.2628   2.2699   2.2781   2.2862   2.2916
  2.3000   2.3046   2.3116   2.3162   2.3319   2.3343   2.3416   2.3531
  2.3601   2.3660   2.3892   2.3950   2.4016   2.4044   2.4123   2.4229
  2.4325   2.4463   2.4482   2.4543   2.4695   2.4815   2.4877   2.4956
  2.5016   2.5065   2.5199   2.5274   2.5336   2.5534   2.5547   2.5640
  2.5668   2.5864   2.5899   2.5966   2.6129   2.6166   2.6246   2.6314
  2.6328   2.6394   2.6499   2.6547   2.6634   2.6734   2.6754   2.6945
  2.6986   2.7079   2.7154   2.7207   2.7317   2.7391   2.7480   2.7578
  2.7641   2.7821   2.7847   2.7899   2.7997   2.8075   2.8118   2.8226
  2.8371   2.8436   2.8472   2.8532   2.8626   2.8798   2.8839   2.8940
  2.8994   2.9068   2.9199   2.9347   2.9399   2.9445   2.9710   2.9865
  2.9895   2.9970   3.0008   3.0100   3.0168   3.0254   3.0332   3.0356
  3.0434   3.0552   3.0604   3.0680   3.0775   3.0838   3.1051   3.1066
  3.1084   3.1265   3.1373   3.1427   3.1665   3.1776   3.1897   3.1917
  3.2085   3.2180   3.2266   3.2324   3.2469   3.2633   3.2969   3.3019
  3.3115   3.3197   3.3331   3.3465   3.3595   3.3703   3.3789   3.3896
  3.3947   3.4046   3.4051   3.4161   3.4202   3.4401   3.4492   3.4548
  3.4640   3.4774   3.5014   3.5082   3.5171   3.5286   3.5413   3.5461
  3.5535   3.5792   3.5844   3.5893   3.5944   3.6065   3.6211   3.6304
  3.6451   3.6491   3.6587   3.6658   3.6771   3.7064   3.7183   3.7269
  3.7380   3.7526   3.7586   3.7776   3.7962   3.8000   3.8163   3.8176
  3.8468   3.8548   3.8665   3.8891   3.8922   3.8949   3.9056   3.9171
  3.9278   3.9502   3.9581   3.9761   3.9909   4.0035   4.0128   4.0299
  4.0419   4.0525   4.0564   4.0617   4.0667   4.0773   4.0934   4.1007
  4.1071   4.1159   4.1329   4.1950   4.2076   4.2270   4.2581   4.2713
  4.2794   4.3375   4.3668   4.3871   4.4137   4.4301   4.4461   4.4622
  4.4650   4.4879   4.5080   4.5143   4.5440   4.5929   4.6186   4.6339
  4.6741   4.7052   4.7111   4.7384   4.7560   4.7703   4.8278   4.8563
  4.9069   4.9293   4.9785   5.0618   5.0669   5.0908   5.1282   5.1314
  5.1554   5.2022   5.2046   5.2184   5.2460   5.2890   5.3212   5.3446
  5.3517   5.3671   5.4007   5.4125   5.4442   5.4687   5.4760   5.5093
  5.5251   5.5323   5.5423   5.5483   5.5634   5.5792   5.6014   5.6039
  5.6281   5.6356   5.6510   5.6567   5.6787   5.6894   5.6947   5.7111
  5.7186   5.7534   5.7779   5.7981   5.8171   5.8327   5.8410   5.8687
  5.8960   5.9132   5.9366   5.9434   5.9570   5.9642   5.9666   5.9874
  5.9964   6.0039   6.0217   6.0366   6.0464   6.0578   6.0656   6.0713
  6.0888   6.0928   6.0967   6.0990   6.1028   6.1137   6.1178   6.1235
  6.1494   6.1668   6.1984   6.2006   6.2125   6.2185   6.2209   6.2260
  6.2274   6.2446   6.2640   6.2667   6.2889   6.2926   6.3125   6.3174
  6.3219   6.3434   6.3458   6.3571   6.3759   6.3780   6.3817   6.3981
  6.4037   6.4056   6.4125   6.4184   6.4286   6.4385   6.4564   6.4582
  6.4622   6.4709   6.4740   6.4783   6.4922   6.4929   6.5059   6.5101
  6.5265   6.5344   6.5449   6.5682   6.5772   6.5876   6.5890   6.5960
  6.6046   6.6195   6.6238   6.6325   6.6389   6.6446   6.6505   6.6579
  6.6636   6.6654   6.6666   6.6774   6.6799   6.6873   6.6953   6.7065
  6.7108   6.7374   6.7480   6.7598   6.7654   6.7723   6.7762   6.8106
  6.8532   6.8562   6.8690   6.8770   6.8809   6.8844   6.8999   6.9074
  6.9144   6.9173   6.9250   6.9352   6.9412   6.9514   6.9567   6.9958
  7.0076   7.0179   7.0257   7.0317   7.0499   7.0586   7.0707   7.0764
  7.1070   7.1142   7.1220   7.1246   7.1325   7.1527   7.1675   7.1724
  7.2183   7.2508   7.2660   7.2849   7.2891   7.3070   7.3164   7.3448
  7.3702   7.3764   7.3934   7.4007   7.4221   7.4256   7.4363   7.4478
  7.4494   7.4835   7.5042   7.5451   7.5820   7.6799   7.7014   7.7119
  7.7222   7.7355   7.7439   7.7504   7.7540   7.7737   7.7872   7.8146
  7.8215   7.8261   7.8297   7.8414   7.8620   7.8684   7.8725   7.8924
  7.9014   7.9086   7.9119   7.9459   7.9795   7.9999   8.0341   8.0726
  8.0907   8.1016   8.1075   8.1318   8.1439   8.1482   8.1699   8.1762
  8.1809   8.1971   8.2057   8.2160   8.2215   8.2250   8.2298   8.2359
  8.2386   8.2413   8.2442   8.2513   8.2599   8.2629   8.2787   8.2957
  8.3513   8.3810   8.3936   8.3987   8.4042   8.4178   8.4255   8.4333
  8.4396   8.4499   8.4556   8.5120   8.5473   8.5980   8.6078   8.6129
  8.6157   8.6294   8.6369   8.6399   8.6472   8.6573   8.6659   8.6906
  8.6931   8.7377   8.7738   8.7863   8.8246   8.8330   8.8457   8.8585
  8.8658   8.8786   8.8845   8.8868   8.8970   8.9000   8.9080   8.9105
  8.9169   8.9404   8.9464   8.9470   8.9493   8.9505   8.9670   8.9832
  8.9921   9.0012   9.0118   9.0171   9.0202   9.0273   9.0335   9.0712
  9.0863   9.1223   9.1331   9.1393   9.1538   9.1676   9.1813   9.1846
  9.2340   9.2388   9.2857   9.2908   9.2946   9.2980   9.3068   9.3115
  9.3369   9.3414   9.3505   9.3583   9.3681   9.3753   9.3914   9.4002
  9.4056   9.4106   9.4138   9.4165   9.4351   9.4399   9.4476   9.4866
  9.5397   9.6443   9.6662   9.7645   9.7895   9.9039   9.9828  10.0084
 10.0207  10.0697  10.0868  10.0914  10.0978  10.1136  10.1682  10.2523
 10.2864  10.2922  10.3114  10.3240  10.3333  10.4221  10.4336  10.4363
 10.4449  10.4493  10.4646  10.4699  10.4730  10.4749  10.4763  10.4838
 10.5330  10.5944  10.7778  10.8021  10.8148  10.8443  10.8528  10.8567
 10.8605  10.8739  10.8902  10.8991  10.9052  11.0061  11.0956  11.1089
 11.1432  11.1537  11.2138  11.6747  11.7087  11.8785  12.0835  12.2660
 12.3049  12.3467  12.3742  12.3985  12.4073  12.4313  12.4616  12.4816
 12.5367  12.6623  12.8242  12.8567  13.0304  13.0476  13.0698  13.1659
 13.3734  13.3746  13.4137  13.4938  13.5409  13.5627  14.3016  14.8994
 17.5423  25.3216  28.5310  28.9101  29.0668  29.3462  29.5290  29.5721
 29.6642  29.6705  29.6804  29.8011  29.8991  49.1490  59.5096  85.5491
150.4372 150.8266 151.2326 151.4916 151.5942 151.5978 151.7263 151.7686
258.3064 321.1584 456.7415
 
 Beta MOs
 -- Occupied --
-88.9831 -66.1990 -19.1907 -10.2280 -10.2109 -10.1935 -10.1798 -10.1730
-10.1645 -10.1632 -10.1610  -7.9883  -5.8578  -5.8542  -5.8505  -5.3136
 -3.5918  -3.5877  -3.5873  -1.0528  -0.8500  -0.7262  -0.7052  -0.7031
 -0.6736  -0.6712  -0.6076  -0.5402  -0.5194  -0.4838  -0.4326  -0.4084
 -0.4024  -0.3996  -0.3910  -0.3873  -0.3786  -0.3708  -0.3682  -0.3664
 -0.3642  -0.3427  -0.3389  -0.3149  -0.2917  -0.2852  -0.2292  -0.2235
 -- Virtual --
 -0.1013  -0.0780  -0.0072   0.0087   0.0136   0.0265   0.0282   0.0346
  0.0363   0.0418   0.0512   0.0538   0.0561   0.0638   0.0799   0.0837
  0.0880   0.0904   0.0937   0.0991   0.1014   0.1078   0.1102   0.1138
  0.1235   0.1281   0.1333   0.1351   0.1536   0.1577   0.1623   0.1674
  0.1703   0.1807   0.1833   0.1976   0.2021   0.2074   0.2149   0.2190
  0.2371   0.2444   0.2460   0.2496   0.2591   0.2639   0.2666   0.2667
  0.2740   0.2753   0.2848   0.2858   0.2893   0.2960   0.3012   0.3123
  0.3138   0.3147   0.3244   0.3258   0.3339   0.3389   0.3430   0.3467
  0.3535   0.3690   0.3720   0.3743   0.3863   0.3945   0.4104   0.4176
  0.4242   0.4339   0.4419   0.4495   0.4662   0.4675   0.4758   0.4849
  0.4913   0.4945   0.4969   0.5023   0.5114   0.5193   0.5207   0.5247
  0.5365   0.5402   0.5474   0.5513   0.5602   0.5729   0.5774   0.5922
  0.6024   0.6098   0.6174   0.6322   0.6376   0.6424   0.6539   0.6608
  0.6639   0.6731   0.6744   0.6845   0.6850   0.6986   0.6997   0.7113
  0.7174   0.7219   0.7264   0.7389   0.7418   0.7490   0.7609   0.7708
  0.7780   0.7841   0.7940   0.7963   0.8110   0.8182   0.8200   0.8256
  0.8276   0.8328   0.8351   0.8373   0.8407   0.8450   0.8479   0.8512
  0.8560   0.8573   0.8677   0.8734   0.8783   0.8803   0.8929   0.9055
  0.9245   0.9333   0.9407   0.9456   0.9505   0.9517   0.9654   0.9786
  0.9841   0.9903   0.9949   0.9999   1.0078   1.0131   1.0171   1.0210
  1.0247   1.0281   1.0402   1.0489   1.0549   1.0590   1.0654   1.0757
  1.0797   1.0872   1.0938   1.0967   1.1068   1.1161   1.1222   1.1397
  1.1450   1.1493   1.1561   1.1585   1.1644   1.1732   1.1753   1.1884
  1.1901   1.2000   1.2079   1.2219   1.2398   1.2464   1.2585   1.2682
  1.2752   1.2837   1.2910   1.2985   1.3081   1.3142   1.3217   1.3236
  1.3427   1.3488   1.3557   1.3763   1.3859   1.3962   1.4107   1.4251
  1.4292   1.4433   1.4540   1.4626   1.4737   1.4805   1.4874   1.4939
  1.5151   1.5240   1.5291   1.5441   1.5487   1.5603   1.5686   1.5759
  1.5943   1.6036   1.6054   1.6194   1.6315   1.6478   1.6617   1.6704
  1.6852   1.6965   1.7094   1.7180   1.7193   1.7293   1.7594   1.7709
  1.8033   1.8155   1.8341   1.8368   1.8427   1.8558   1.8611   1.8657
  1.8722   1.8890   1.8958   1.8987   1.9118   1.9216   1.9241   1.9368
  1.9444   1.9529   1.9580   1.9636   1.9735   1.9838   1.9950   1.9982
  2.0051   2.0077   2.0160   2.0168   2.0311   2.0357   2.0457   2.0538
  2.0648   2.0752   2.0855   2.0893   2.0977   2.1023   2.1155   2.1195
  2.1374   2.1431   2.1453   2.1583   2.1672   2.1696   2.1730   2.1756
  2.1831   2.1933   2.1974   2.2053   2.2117   2.2206   2.2238   2.2307
  2.2399   2.2504   2.2536   2.2626   2.2664   2.2728   2.2791   2.2876
  2.2983   2.3046   2.3102   2.3124   2.3205   2.3251   2.3383   2.3420
  2.3496   2.3693   2.3722   2.3786   2.3994   2.4033   2.4077   2.4139
  2.4251   2.4373   2.4463   2.4557   2.4580   2.4638   2.4799   2.4912
  2.4960   2.5060   2.5135   2.5176   2.5329   2.5400   2.5408   2.5606
  2.5682   2.5739   2.5746   2.5897   2.6006   2.6075   2.6231   2.6240
  2.6333   2.6384   2.6402   2.6505   2.6605   2.6664   2.6749   2.6807
  2.6856   2.7062   2.7112   2.7165   2.7243   2.7272   2.7422   2.7454
  2.7578   2.7678   2.7775   2.7905   2.7947   2.8018   2.8115   2.8159
  2.8204   2.8370   2.8419   2.8528   2.8536   2.8675   2.8715   2.8871
  2.8917   2.9019   2.9052   2.9197   2.9264   2.9443   2.9479   2.9600
  2.9810   2.9940   2.9985   3.0068   3.0104   3.0141   3.0225   3.0334
  3.0361   3.0454   3.0496   3.0573   3.0694   3.0763   3.0842   3.0954
  3.1109   3.1168   3.1194   3.1383   3.1439   3.1501   3.1788   3.1832
  3.1992   3.2021   3.2175   3.2247   3.2351   3.2379   3.2535   3.2802
  3.3039   3.3105   3.3208   3.3304   3.3397   3.3602   3.3686   3.3784
  3.3872   3.3970   3.4016   3.4153   3.4190   3.4253   3.4308   3.4514
  3.4578   3.4687   3.4770   3.4854   3.5129   3.5200   3.5286   3.5368
  3.5489   3.5544   3.5613   3.5850   3.5873   3.5998   3.6032   3.6133
  3.6286   3.6362   3.6521   3.6597   3.6699   3.6749   3.6829   3.7178
  3.7269   3.7366   3.7465   3.7592   3.7682   3.7879   3.8046   3.8145
  3.8216   3.8259   3.8514   3.8640   3.8746   3.8969   3.9033   3.9057
  3.9105   3.9266   3.9337   3.9597   3.9717   3.9876   3.9958   4.0091
  4.0244   4.0420   4.0453   4.0554   4.0648   4.0663   4.0744   4.0913
  4.0986   4.1093   4.1198   4.1315   4.1488   4.2127   4.2312   4.2439
  4.2755   4.2894   4.3035   4.3508   4.3869   4.4056   4.4262   4.4424
  4.4592   4.4685   4.4771   4.4979   4.5126   4.5175   4.5662   4.6099
  4.6355   4.6586   4.6889   4.7199   4.7282   4.7593   4.7691   4.7996
  4.8620   4.8675   4.9375   4.9508   5.0030   5.0895   5.0973   5.1299
  5.1441   5.1568   5.1803   5.2124   5.2225   5.2376   5.2554   5.3126
  5.3441   5.3618   5.3642   5.3856   5.4091   5.4525   5.4687   5.4818
  5.5050   5.5291   5.5379   5.5417   5.5496   5.5556   5.5796   5.5884
  5.6095   5.6111   5.6332   5.6421   5.6720   5.6755   5.6947   5.7026
  5.7083   5.7208   5.7385   5.7759   5.7909   5.8134   5.8200   5.8410
  5.8640   5.8871   5.9103   5.9302   5.9440   5.9571   5.9643   5.9681
  5.9696   5.9950   6.0027   6.0210   6.0406   6.0454   6.0610   6.0664
  6.0821   6.0827   6.0993   6.1061   6.1078   6.1133   6.1173   6.1224
  6.1232   6.1333   6.1794   6.1973   6.2135   6.2200   6.2208   6.2248
  6.2345   6.2413   6.2449   6.2572   6.2871   6.3055   6.3085   6.3102
  6.3193   6.3249   6.3400   6.3521   6.3654   6.3761   6.3823   6.3930
  6.4025   6.4043   6.4088   6.4200   6.4209   6.4303   6.4407   6.4565
  6.4634   6.4685   6.4763   6.4807   6.4866   6.4911   6.5054   6.5084
  6.5195   6.5322   6.5423   6.5532   6.5674   6.5805   6.5824   6.5934
  6.5983   6.6086   6.6260   6.6297   6.6417   6.6467   6.6514   6.6552
  6.6601   6.6628   6.6670   6.6731   6.6779   6.6874   6.6957   6.7012
  6.7057   6.7177   6.7330   6.7536   6.7597   6.7639   6.7822   6.7936
  6.7982   6.8342   6.8679   6.8696   6.8729   6.8800   6.8878   6.8903
  6.9117   6.9166   6.9224   6.9268   6.9312   6.9406   6.9548   6.9614
  6.9677   7.0054   7.0197   7.0445   7.0471   7.0535   7.0612   7.0675
  7.0788   7.0914   7.1139   7.1201   7.1295   7.1359   7.1488   7.1730
  7.1853   7.2115   7.2523   7.2696   7.2746   7.2911   7.2924   7.3247
  7.3467   7.3719   7.3846   7.3903   7.4006   7.4065   7.4237   7.4445
  7.4476   7.4524   7.4621   7.5104   7.5311   7.5615   7.6098   7.6938
  7.7152   7.7267   7.7316   7.7432   7.7494   7.7594   7.7649   7.8094
  7.8167   7.8214   7.8236   7.8303   7.8343   7.8473   7.8633   7.8686
  7.8702   7.8946   7.9042   7.9100   7.9207   7.9720   8.0047   8.0133
  8.0591   8.0709   8.0915   8.1025   8.1102   8.1437   8.1507   8.1654
  8.1714   8.1770   8.1827   8.1982   8.2063   8.2169   8.2226   8.2256
  8.2333   8.2391   8.2414   8.2452   8.2484   8.2545   8.2616   8.2689
  8.2835   8.3022   8.3587   8.3822   8.3942   8.3996   8.4076   8.4199
  8.4285   8.4342   8.4414   8.4539   8.4594   8.5310   8.5602   8.5987
  8.6089   8.6139   8.6195   8.6364   8.6416   8.6457   8.6551   8.6687
  8.6778   8.6960   8.7003   8.7430   8.7941   8.8128   8.8331   8.8383
  8.8493   8.8559   8.8679   8.8827   8.8871   8.9004   8.9025   8.9084
  8.9146   8.9184   8.9308   8.9415   8.9475   8.9485   8.9505   8.9517
  8.9768   8.9888   8.9989   9.0095   9.0144   9.0192   9.0233   9.0305
  9.0338   9.0798   9.0913   9.1245   9.1341   9.1497   9.1574   9.1703
  9.1825   9.1859   9.2354   9.2400   9.2857   9.2929   9.2952   9.3066
  9.3099   9.3135   9.3386   9.3436   9.3533   9.3611   9.3737   9.3865
  9.4005   9.4033   9.4102   9.4149   9.4226   9.4349   9.4417   9.4579
  9.4590   9.5402   9.5777   9.6959   9.7051   9.7760   9.7986   9.8998
  9.9828  10.0087  10.0209  10.0697  10.0843  10.0899  10.0942  10.0995
 10.2236  10.2795  10.2851  10.3006  10.3227  10.3326  10.3479  10.4231
 10.4346  10.4367  10.4454  10.4497  10.4585  10.4671  10.4713  10.4735
 10.4776  10.5037  10.5351  10.6027  10.8082  10.8357  10.8416  10.8492
 10.8542  10.8618  10.8727  10.8819  10.8961  10.9092  10.9226  11.0807
 11.1003  11.1283  11.1495  11.1882  11.2155  11.7176  11.7521  11.8837
 12.1342  12.3026  12.3104  12.3501  12.3902  12.4134  12.4409  12.4569
 12.4829  12.4917  12.5904  12.6484  12.8735  12.9044  13.0215  13.0341
 13.0504  13.1741  13.3619  13.4121  13.4416  13.5380  13.5570  13.5690
 14.3643  14.9444  17.5446  25.3255  28.5749  28.9332  29.0704  29.3767
 29.5358  29.5752  29.6691  29.6717  29.6878  29.8014  29.9056  49.1772
 59.5104  85.5535 150.4730 150.8423 151.2543 151.5033 151.5942 151.5980
151.7264 151.7718 258.3212 321.1589 456.7443
 --------------------------------------------------------------
 
          Ground-State Mulliken Net Atomic Charges

     Atom                 Charge (a.u.)    Spin (a.u.)
  --------------------------------------------------------
      1 C                    -0.622331      -0.000422
      2 Si                    0.539307       0.050144
      3 O                    -0.363353       0.099514
      4 C                     0.094575       1.420895
      5 C                     0.115282      -0.231122
      6 C                    -0.245016       0.360417
      7 C                    -0.182981      -0.140756
      8 C                    -0.218853       0.318421
      9 S                    -0.122098       0.131224
     10 C                    -0.674706      -0.003478
     11 C                    -0.628930      -0.004147
     12 H                     0.200226      -0.001022
     13 H                     0.193521      -0.001109
     14 H                     0.182128       0.000402
     15 H                     0.155484       0.002922
     16 H                     0.208492      -0.001694
     17 H                     0.192400      -0.007472
     18 H                     0.222632      -0.000444
     19 H                     0.178164       0.001164
     20 H                     0.212145      -0.000142
     21 H                     0.193987       0.008107
     22 H                     0.177704      -0.000188
     23 H                     0.192220      -0.001215
  --------------------------------------------------------
  Sum of atomic charges =    -0.000000
  Sum of spin   charges =     2.000000

 -----------------------------------------------------------------
                    Cartesian Multipole Moments
 -----------------------------------------------------------------
    Charge (ESU x 10^10)
                -0.0000
    Dipole Moment (Debye)
         X      -2.0786      Y      -0.4761      Z      -0.8364
       Tot       2.2906
    Quadrupole Moments (Debye-Ang)
        XX     -75.6095     XY      -4.2969     YY     -82.4901
        XZ       1.1803     YZ      -2.1415     ZZ     -79.4613
    Octopole Moments (Debye-Ang^2)
       XXX    -120.2003    XXY     -19.6230    XYY     -46.0848
       YYY      -7.5955    XXZ      -4.9153    XYZ      -5.2260
       YYZ       7.8177    XZZ     -41.3240    YZZ      -7.8013
       ZZZ      14.9765
    Hexadecapole Moments (Debye-Ang^3)
      XXXX   -2707.0905   XXXY     277.8969   XXYY    -562.5307
      XYYY     374.8456   YYYY    -646.9982   XXXZ    -241.9551
      XXYZ      29.0691   XYYZ     -72.1305   YYYZ     121.4175
      XXZZ    -575.6700   XYZZ     110.2491   YYZZ    -223.4444
      XZZZ    -221.3959   YZZZ     104.3705   ZZZZ    -703.9753
 -----------------------------------------------------------------
 Total job time:  32.34s(wall), 913.37s(cpu) 
 Fri Jan 24 11:18:19 2025

        *************************************************************
        *                                                           *
        *  Thank you very much for using Q-Chem.  Have a nice day.  *
        *                                                           *
        *************************************************************


