
Running Job 1 of 2 sil7-ts1-wb97xd-c1-B97mV-readSCF.in
qchem sil7-ts1-wb97xd-c1-B97mV-readSCF.in_354562.0 /expanse/lustre/scratch/whughes/temp_project/job_36489040/sil7-ts1-wb97xd-c1-B97mV-readSCF-36489040/ 0
/cm/shared/apps/spack/0.17.3/cpu/b/opt/spack/linux-rocky8-zen2/gcc-10.2.0/qchem-6.0-rytxnwjazd34ekd2gqyi5ufsaimxsd3r/exe/qcprog.exe_s sil7-ts1-wb97xd-c1-B97mV-readSCF.in_354562.0 /expanse/lustre/scratch/whughes/temp_project/job_36489040/sil7-ts1-wb97xd-c1-B97mV-readSCF-36489040/
                  Welcome to Q-Chem
     A Quantum Leap Into The Future Of Chemistry


 Q-Chem 6.0, Q-Chem, Inc., Pleasanton, CA (2022)

 License issued to: University of California, San Diego (site)

 E. Epifanovsky,  A. T. B. Gilbert,  Xintian Feng,  Joonho Lee,  Yuezhi Mao,  
 N. Mardirossian,  P. Pokhilko,  A. White,  M. Wormit,  M. P. Coons,  
 A. L. Dempwolff,  Zhengting Gan,  D. Hait,  P. R. Horn,  L. D. Jacobson,  
 I. Kaliman,  J. Kussmann,  A. W. Lange,  Ka Un Lao,  D. S. Levine,  Jie Liu,  
 S. C. McKenzie,  A. F. Morrison,  K. Nanda,  F. Plasser,  D. R. Rehn,  
 M. L. Vidal,  Zhi-Qiang You,  Ying Zhu,  B. Alam,  B. Albrecht,  
 A. Aldossary,  E. Alguire,  J. H. Andersen,  V. Athavale,  D. Barton,  
 K. Begam,  A. Behn,  N. Bellonzi,  Y. A. Bernard,  E. J. Berquist,  
 H. Burton,  A. Carreras,  K. Carter-Fenk,  Romit Chakraborty,  
 Chandrima Chakravarty,  Junhan Chen,  A. D. Chien,  K. D. Closser,  
 V. Cofer-Shabica,  L. Cunha,  S. Dasgupta,  Jia Deng,  M. de Wergifosse,  
 M. Diedenhofen,  Hainam Do,  S. Ehlert,  Po-Tung Fang,  S. Fatehi,  
 Qingguo Feng,  T. Friedhoff,  B. Ganoe,  J. Gayvert,  Qinghui Ge,  
 G. Gidofalvi,  M. Goldey,  J. Gomes,  C. Gonzalez-Espinoza,  S. Gulania,  
 A. Gunina,  J. A. Gyamfi,  M. W. D. Hanson-Heine,  P. H. P. Harbach,  
 A. W. Hauser,  M. F. Herbst,  M. Hernandez Vera,  M. Hodecker,  
 Z. C. Holden,  S. Houck,  Xunkun Huang,  Kerwin Hui,  B. C. Huynh,  
 K. Ikeda,  M. Ivanov,  Hyunjun Ji,  Zuxin Jin,  Hanjie Jiang,  B. Kaduk,  
 S. Kaehler,  R. Kang,  K. Khistyaev,  Jaehoon Kim,  Yongbin Kim,  
 P. Klunzinger,  Z. Koczor-Benda,  Joong Hoon Koh,  D. Kosenkov,  
 Saikiran Kotaru,  L. Koulias,  T. Kowalczyk,  C. M. Krauter,  K. Kue,  
 A. Kunitsa,  T. Kus,  A. Landau,  K. V. Lawler,  D. Lefrancois,  S. Lehtola,  
 Rain Li,  Shaozhi Li,  Yi-Pei Li,  Jiashu Liang,  M. Liebenthal,  
 Hung-Hsuan Lin,  You-Sheng Lin,  Fenglai Liu,  Kuan-Yu Liu,  
 M. Loipersberger,  A. Luenser,  C. Malbon,  A. Manjanath,  P. Manohar,  
 E. Mansoor,  S. F. Manzer,  Shan-Ping Mao,  A. V. Marenich,  T. Markovich,  
 S. Mason,  F. Matz,  S. A. Maurer,  P. F. McLaughlin,  M. F. S. J. Menger,  
 J.-M. Mewes,  S. A. Mewes,  P. Morgante,  Mohammad Mostafanejad,  
 J. W. Mullinax,  K. J. Oosterbaan,  G. Paran,  V. Parravicini,  
 Alexander C. Paul,  Suranjan K. Paul,  F. Pavosevic,  Zheng Pei,  S. Prager,  
 E. I. Proynov,  E. Ramos,  B. Rana,  A. E. Rask,  A. Rettig,  R. M. Richard,  
 F. Rob,  E. Rossomme,  T. Scheele,  M. Scheurer,  M. Schneider,  
 P. E. Schneider,  N. Sergueev,  S. M. Sharada,  Hengyuan Shen,  
 W. Skomorowski,  D. W. Small,  C. J. Stein,  Yingli Su,  Yu-Chuan Su,  
 E. J. Sundstrom,  Zhen Tao,  J. Thirman,  Hung-Yi Tsai,  T. Tsuchimochi,  
 N. M. Tubman,  C. Utku,  S. P. Veccham,  O. Vydrov,  J. Wenzel,  
 Jonathan Wong,  J. Witte,  A. Yamada,  Chou-Hsun Yang,  Kun Yao,  
 S. Yeganeh,  S. R. Yost,  A. Zech,  F. Zeller,  Igor Ying Zhang,  
 Xing Zhang,  Yu Zhang,  D. Zuev,  A. Aspuru-Guzik,  A. T. Bell,  
 N. A. Besley,  K. B. Bravaya,  B. R. Brooks,  D. Casanova,  Jeng-Da Chai,  
 Hsing-Ta Chen,  S. Coriani,  C. J. Cramer,  A. E. DePrince, III,  
 R. A. DiStasio Jr.,  A. Dreuw,  B. D. Dunietz,  T. R. Furlani,  
 W. A. Goddard III,  S. Grimme,  S. Hammes-Schiffer,  T. Head-Gordon,  
 W. J. Hehre,  Chao-Ping Hsu,  T.-C. Jagau,  Yousung Jung,  A. Klamt,  
 Jing Kong,  D. S. Lambrecht,  Xiangyuan Li,  WanZhen Liang,  N. J. Mayhall,  
 C. W. McCurdy,  J. B. Neaton,  T. Neudecker,  C. Ochsenfeld,  
 J. A. Parkhill,  R. Peverati,  V. A. Rassolov,  Haisheng Ren,  Yihan Shao,  
 L. V. Slipchenko,  R. P. Steele,  J. E. Subotnik,  A. J. W. Thom,  
 A. Tkatchenko,  D. G. Truhlar,  T. Van Voorhis,  Fan Wang,  
 T. A. Wesolowski,  K. B. Whaley,  H. L. Woodcock III,  P. M. Zimmerman,  
 S. Faraji,  P. M. W. Gill,  M. Head-Gordon,  J. M. Herbert,  A. I. Krylov

 Contributors to earlier versions of Q-Chem not listed above: 
 R. D. Adamson,  B. Austin,  R. Baer,  J. Baker,  G. J. O. Beran,  
 K. Brandhorst,  S. T. Brown,  E. F. C. Byrd,  Arup K. Chakraborty,  
 G. K. L. Chan,  Chun-Min Chang,  Yunqing Chen,  C.-L. Cheng,  
 Siu Hung Chien,  D. M. Chipman,  D. L. Crittenden,  H. Dachsel,  
 R. J. Doerksen,  A. D. Dutoi,  R. G. Edgar,  J. Fosso-Tande,  
 L. Fusti-Molnar,  D. Ghosh,  A. Ghysels,  A. Golubeva-Zadorozhnaya,  
 J. Gonthier,  M. S. Gordon,  S. R. Gwaltney,  G. Hawkins,  J. E. Herr,  
 A. Heyden,  S. Hirata,  E. G. Hohenstein,  G. Kedziora,  F. J. Keil,  
 C. Kelley,  Jihan Kim,  R. A. King,  R. Z. Khaliullin,  P. P. Korambath,  
 W. Kurlancheek,  A. Laurent,  A. M. Lee,  M. S. Lee,  S. V. Levchenko,  
 Ching Yeh Lin,  D. Liotard,  E. Livshits,  R. C. Lochan,  I. Lotan,  
 L. A. Martinez-Martinez,  P. E. Maslen,  N. Nair,  D. P. O'Neill,  
 D. Neuhauser,  E. Neuscamman,  C. M. Oana,  R. Olivares-Amaya,  R. Olson,  
 T. M. Perrine,  B. Peters,  P. A. Pieniazek,  A. Prociuk,  Y. M. Rhee,  
 J. Ritchie,  M. A. Rohrdanz,  E. Rosta,  N. J. Russ,  H. F. Schaefer III,  
 M. W. Schmidt,  N. E. Schultz,  S. Sharma,  N. Shenvi,  C. D. Sherrill,  
 A. C. Simmonett,  A. Sodt,  T. Stein,  D. Stuck,  K. S. Thanthiriwatte,  
 V. Vanovschi,  L. Vogt,  Tao Wang,  A. Warshel,  M. A. Watson,  
 C. F. Williams,  Q. Wu,  X. Xu,  Jun Yang,  W. Zhang,  Yan Zhao

   Please cite Q-Chem as follows:
  "Software for the frontiers of quantum chemistry:
   An overview of developments in the Q-Chem 5 package"
   J. Chem. Phys. 155, 084801 (2021)
   https://doi.org/10.1063/5.0055522 (open access)

 Q-Chem 6.0.2 for Intel X86 EM64T Linux

 Parts of Q-Chem use Armadillo 9.900.5 (Nocturnal Misbehaviour).
 http://arma.sourceforge.net/

 Q-Chem begins on Fri Jan 24 13:17:56 2025  

 Host: 
0

     Scratch files written to /expanse/lustre/scratch/whughes/temp_project/job_36489040/sil7-ts1-wb97xd-c1-B97mV-readSCF-36489040//
 Dec722 |scratch|qcdevops|jenkins|workspace|build_RNUM    
 Processing $rem in /cm/shared/apps/spack/0.17.3/cpu/b/opt/spack/linux-rocky8-zen2/gcc-10.2.0/qchem-6.0-rytxnwjazd34ekd2gqyi5ufsaimxsd3r/config/preferences:
 Processing $rem in /home/whughes/.qchemrc:

 Checking the input file for inconsistencies... 	...done.

--------------------------------------------------------------
User input:
--------------------------------------------------------------
$molecule
0 3
O    -0.2521289678   0.7781735047    2.6264703449
C    0.2305668091    -0.0517348869   1.764809277
Si   -1.7749720987   -0.0016321224   1.6153698678
C    -2.7562995417   -0.3880520165   3.1490798109
C    -1.9662697205   -1.4727787469   0.4512545582
C    -2.2869387401   1.5526417302    0.7321025489
C    1.2603530678    0.056452881     0.8292314049
C    2.1982268462    1.0454785896    0.5950080651
C    3.0140461668    0.5657647938    -0.4596821029
C    2.5292336211    -0.6529862805   -0.8010352844
O    1.4670553456    -0.983663735    -0.0292196708
H    -2.8093143406   0.4701211805    3.8188124053
H    -3.771514621    -0.6876201283   2.8777754679
H    -2.298007636    -1.216001239    3.6937938414
H    -3.0286405538   -1.5776847554   0.2081795461
H    -1.4064895787   -1.328774766    -0.4728096975
H    -1.6270358497   -2.3983477794   0.9173393348
H    -1.5715583438   1.79946434      -0.0549376307
H    -3.2642145114   1.414492326     0.2634066887
H    -2.3466119494   2.3985004244    1.4172490221
H    2.2722329782    1.979071045     1.1253297045
H    3.8550732067    1.063772484     -0.9125579396
H    2.8177004118    -1.3785388431   -1.5412975626
$end

$rem
METHOD      B97M-V
BASIS       def2-QZVPP
SYM_IGNORE   TRUE
DFT_D       false
MAX_SCF_CYCLES 300
$end

--------------------------------------------------------------
 ----------------------------------------------------------------
             Standard Nuclear Orientation (Angstroms)
    I     Atom           X                Y                Z
 ----------------------------------------------------------------
    1      O      -0.2521289678     0.7781735047     2.6264703449
    2      C       0.2305668091    -0.0517348869     1.7648092770
    3      Si     -1.7749720987    -0.0016321224     1.6153698678
    4      C      -2.7562995417    -0.3880520165     3.1490798109
    5      C      -1.9662697205    -1.4727787469     0.4512545582
    6      C      -2.2869387401     1.5526417302     0.7321025489
    7      C       1.2603530678     0.0564528810     0.8292314049
    8      C       2.1982268462     1.0454785896     0.5950080651
    9      C       3.0140461668     0.5657647938    -0.4596821029
   10      C       2.5292336211    -0.6529862805    -0.8010352844
   11      O       1.4670553456    -0.9836637350    -0.0292196708
   12      H      -2.8093143406     0.4701211805     3.8188124053
   13      H      -3.7715146210    -0.6876201283     2.8777754679
   14      H      -2.2980076360    -1.2160012390     3.6937938414
   15      H      -3.0286405538    -1.5776847554     0.2081795461
   16      H      -1.4064895787    -1.3287747660    -0.4728096975
   17      H      -1.6270358497    -2.3983477794     0.9173393348
   18      H      -1.5715583438     1.7994643400    -0.0549376307
   19      H      -3.2642145114     1.4144923260     0.2634066887
   20      H      -2.3466119494     2.3985004244     1.4172490221
   21      H       2.2722329782     1.9790710450     1.1253297045
   22      H       3.8550732067     1.0637724840    -0.9125579396
   23      H       2.8177004118    -1.3785388431    -1.5412975626
 ----------------------------------------------------------------
 Nuclear Repulsion Energy =         701.53585951 hartrees
 There are       46 alpha and       44 beta electrons
 Requested basis set is def2-QZVPP
 There are 312 shells and 1000 basis functions

 Total QAlloc Memory Limit   8000 MB
 Mega-Array Size       188 MB
 MEM_STATIC part       192 MB

 A cutoff of  1.0D-09 yielded  31326 shell pairs
 There are    303994 function pairs (    447138 Cartesian)
 Smallest overlap matrix eigenvalue = 1.93E-05

 Q-Chem warning in module stvman/mkSTV.C, line 305:

 Overlap eigenvalue is smaller than square root of threshold
 Use THRESH >= 12 to get rid of this warning


 Scale SEOQF with 1.000000e-01/1.000000e-01/1.000000e-01

 Standard Electronic Orientation quadrupole field applied
 Nucleus-field energy     =    -0.0000000051 hartrees
 Guess from superposition of atomic densities
 Warning:  Energy on first SCF cycle will be non-variational
 SAD guess density has 90.000000 electrons

 -----------------------------------------------------------------------
  General SCF calculation program by
  Eric Jon Sundstrom, Paul Horn, Yuezhi Mao, Dmitri Zuev, Alec White,
  David Stuck, Shaama M.S., Shane Yost, Joonho Lee, David Small,
  Daniel Levine, Susi Lehtola, Hugh Burton, Evgeny Epifanovsky,
  Bang C. Huynh
 -----------------------------------------------------------------------
 Exchange:  B97M-V      Correlation:  B97M-V
 Using SG-2 standard quadrature grid
 Nonlocal Correlation:  VV10 with C = 0.0100 and b = 6.00 and scale = 1.00000
 Grid used for NLC:  SG-1 standard quadrature
 using 32 threads for integral computing
 -------------------------------------------------------
 OpenMP Integral computing Module                
 Release: version 1.0, May 2013, Q-Chem Inc. Pittsburgh 
 -------------------------------------------------------
 A unrestricted SCF calculation will be
 performed using DIIS
 SCF converges when DIIS error is below 1.0e-05
 ---------------------------------------
  Cycle       Energy         DIIS error
 ---------------------------------------
    1    -753.8734314627      5.78e-03  
    2    -751.7126469639      8.00e-04  
    3    -751.5090561601      9.83e-04  
    4    -751.9902264196      2.69e-04  
    5    -752.0238757654      9.86e-05  
    6    -752.0283654468      3.85e-05  
    7    -752.0290356311      1.32e-05  
    8    -752.0291027187      7.15e-06  Convergence criterion met
 ---------------------------------------
 SCF time:   CPU 3679.06s  wall 117.00s 
<S^2> =          2.020803023
 SCF   energy in the final basis set =     -752.0291027187
 Total energy in the final basis set =     -752.0291027187
 
 --------------------------------------------------------------
 
                    Orbital Energies (a.u.)
 --------------------------------------------------------------
 
 Alpha MOs
 -- Occupied --
-66.2028 -19.2145 -19.1919 -10.2463 -10.2440 -10.2306 -10.1828 -10.1819
-10.1609 -10.1590 -10.1585  -5.3155  -3.5946  -3.5893  -3.5889  -1.1071
 -1.0657  -0.7924  -0.7580  -0.7013  -0.6681  -0.6660  -0.6318  -0.5805
 -0.5319  -0.5111  -0.4781  -0.4413  -0.4330  -0.4085  -0.4017  -0.3931
 -0.3886  -0.3882  -0.3798  -0.3734  -0.3659  -0.3631  -0.3589  -0.3515
 -0.2951  -0.2875  -0.2707  -0.2405  -0.2083  -0.1367
 -- Virtual --
 -0.0095  -0.0019   0.0218   0.0241   0.0322   0.0336   0.0441   0.0493
  0.0522   0.0582   0.0604   0.0671   0.0828   0.0858   0.0898   0.0972
  0.1034   0.1069   0.1104   0.1134   0.1195   0.1222   0.1250   0.1325
  0.1374   0.1416   0.1530   0.1653   0.1700   0.1793   0.1873   0.1964
  0.2056   0.2096   0.2174   0.2220   0.2333   0.2369   0.2467   0.2529
  0.2569   0.2670   0.2678   0.2717   0.2785   0.2856   0.2871   0.2904
  0.2932   0.2984   0.3000   0.3075   0.3121   0.3168   0.3267   0.3348
  0.3393   0.3461   0.3515   0.3624   0.3669   0.3772   0.3802   0.3880
  0.3946   0.4108   0.4169   0.4418   0.4451   0.4481   0.4528   0.4585
  0.4635   0.4695   0.4732   0.4793   0.4933   0.5012   0.5031   0.5114
  0.5247   0.5263   0.5371   0.5437   0.5558   0.5582   0.5693   0.5727
  0.5824   0.5925   0.5960   0.6089   0.6164   0.6241   0.6410   0.6458
  0.6572   0.6602   0.6692   0.6783   0.6875   0.6916   0.7015   0.7061
  0.7131   0.7225   0.7308   0.7337   0.7385   0.7464   0.7502   0.7606
  0.7740   0.7766   0.7837   0.7907   0.8016   0.8088   0.8121   0.8222
  0.8258   0.8313   0.8368   0.8401   0.8428   0.8451   0.8611   0.8645
  0.8687   0.8721   0.8753   0.8858   0.8931   0.8943   0.9041   0.9162
  0.9233   0.9370   0.9404   0.9479   0.9647   0.9729   0.9782   0.9833
  0.9876   0.9885   0.9983   1.0075   1.0131   1.0183   1.0246   1.0404
  1.0448   1.0466   1.0548   1.0647   1.0720   1.0761   1.0784   1.0938
  1.0980   1.1133   1.1175   1.1222   1.1326   1.1412   1.1466   1.1562
  1.1628   1.1723   1.1778   1.1846   1.1973   1.2002   1.2078   1.2172
  1.2410   1.2526   1.2625   1.2693   1.2751   1.2982   1.2998   1.3094
  1.3162   1.3291   1.3403   1.3479   1.3620   1.3731   1.3865   1.4022
  1.4049   1.4282   1.4441   1.4506   1.4551   1.4629   1.4788   1.4822
  1.4932   1.5036   1.5057   1.5155   1.5221   1.5319   1.5508   1.5560
  1.5656   1.5699   1.5860   1.5953   1.6067   1.6211   1.6383   1.6504
  1.6613   1.6710   1.6813   1.6861   1.7068   1.7154   1.7305   1.7405
  1.7679   1.7734   1.7944   1.7960   1.8114   1.8260   1.8391   1.8461
  1.8501   1.8616   1.8748   1.8841   1.8897   1.8959   1.9103   1.9206
  1.9251   1.9335   1.9351   1.9531   1.9588   1.9686   1.9798   1.9817
  1.9850   2.0011   2.0094   2.0126   2.0208   2.0302   2.0317   2.0419
  2.0624   2.0671   2.0816   2.0867   2.0935   2.1039   2.1150   2.1190
  2.1268   2.1348   2.1409   2.1520   2.1579   2.1650   2.1738   2.1792
  2.1849   2.1891   2.1948   2.2024   2.2052   2.2069   2.2261   2.2316
  2.2377   2.2426   2.2561   2.2657   2.2734   2.2774   2.2829   2.2934
  2.2978   2.3059   2.3137   2.3173   2.3224   2.3335   2.3435   2.3546
  2.3614   2.3716   2.3886   2.3970   2.4028   2.4101   2.4171   2.4273
  2.4339   2.4420   2.4589   2.4660   2.4707   2.4768   2.4868   2.4957
  2.5045   2.5069   2.5249   2.5323   2.5412   2.5469   2.5499   2.5548
  2.5655   2.5752   2.5819   2.5893   2.5967   2.6047   2.6113   2.6278
  2.6417   2.6491   2.6565   2.6638   2.6730   2.6802   2.6948   2.7014
  2.7034   2.7150   2.7293   2.7334   2.7392   2.7442   2.7563   2.7638
  2.7738   2.7817   2.7911   2.7954   2.7995   2.8127   2.8306   2.8379
  2.8511   2.8587   2.8649   2.8696   2.8750   2.8889   2.8937   2.8997
  2.9105   2.9177   2.9354   2.9433   2.9565   2.9751   2.9840   2.9953
  3.0184   3.0212   3.0246   3.0299   3.0438   3.0492   3.0614   3.0636
  3.0715   3.0826   3.0874   3.1024   3.1159   3.1305   3.1392   3.1512
  3.1593   3.1663   3.1793   3.1817   3.2067   3.2134   3.2279   3.2353
  3.2436   3.2649   3.2770   3.2979   3.3053   3.3284   3.3435   3.3536
  3.3609   3.3764   3.3942   3.3994   3.4109   3.4253   3.4449   3.4568
  3.4575   3.4704   3.4816   3.5049   3.5130   3.5229   3.5392   3.5540
  3.5584   3.5723   3.5769   3.5881   3.5945   3.6007   3.6155   3.6234
  3.6307   3.6368   3.6558   3.6768   3.6964   3.7018   3.7073   3.7322
  3.7453   3.7505   3.7647   3.7945   3.8001   3.8212   3.8301   3.8428
  3.8567   3.8637   3.8775   3.8850   3.9113   3.9168   3.9370   3.9595
  3.9660   3.9722   3.9896   4.0043   4.0220   4.0431   4.0491   4.0572
  4.0615   4.0719   4.0779   4.0907   4.0996   4.1095   4.1333   4.1419
  4.1688   4.1807   4.2011   4.2236   4.2546   4.2825   4.3401   4.3691
  4.3946   4.4225   4.4546   4.4742   4.4913   4.4925   4.5135   4.5374
  4.5431   4.5727   4.5887   4.6074   4.6387   4.6578   4.6840   4.6924
  4.7239   4.7512   4.7584   4.8124   4.8138   4.8432   4.9022   4.9191
  4.9952   5.0302   5.0368   5.0579   5.0901   5.1206   5.1369   5.1705
  5.1821   5.1970   5.2148   5.2367   5.2555   5.2711   5.3117   5.3412
  5.3568   5.3725   5.3983   5.4179   5.4228   5.4405   5.4592   5.4919
  5.4947   5.5114   5.5213   5.5368   5.5620   5.5814   5.5892   5.6010
  5.6094   5.6455   5.6601   5.6693   5.6776   5.6900   5.7013   5.7048
  5.7349   5.7693   5.7901   5.8082   5.8198   5.8501   5.8559   5.8796
  5.8918   5.9059   5.9203   5.9331   5.9336   5.9554   5.9603   5.9668
  5.9873   5.9938   5.9983   6.0123   6.0176   6.0360   6.0383   6.0446
  6.0604   6.0698   6.0791   6.0938   6.1066   6.1165   6.1250   6.1263
  6.1430   6.1544   6.1652   6.1731   6.2023   6.2057   6.2225   6.2297
  6.2460   6.2558   6.2584   6.2707   6.2723   6.2808   6.2930   6.3166
  6.3293   6.3353   6.3442   6.3467   6.3603   6.3666   6.3686   6.3833
  6.3909   6.3952   6.3993   6.4161   6.4217   6.4334   6.4363   6.4385
  6.4425   6.4546   6.4643   6.4763   6.4848   6.4887   6.4993   6.5083
  6.5204   6.5242   6.5468   6.5513   6.5590   6.5627   6.5730   6.5828
  6.5953   6.6024   6.6229   6.6290   6.6349   6.6397   6.6482   6.6549
  6.6630   6.6678   6.6690   6.6755   6.6811   6.6820   6.6937   6.6972
  6.7049   6.7078   6.7308   6.7467   6.7548   6.7622   6.7816   6.7913
  6.8058   6.8259   6.8361   6.8668   6.8808   6.8917   6.8951   6.9012
  6.9110   6.9266   6.9310   6.9356   6.9404   6.9484   6.9651   6.9862
  6.9955   7.0171   7.0278   7.0365   7.0475   7.0632   7.0714   7.0826
  7.0955   7.1104   7.1161   7.1293   7.1441   7.1459   7.1564   7.1712
  7.1786   7.2013   7.2407   7.2627   7.2687   7.2868   7.3092   7.3224
  7.3526   7.3743   7.4032   7.4068   7.4133   7.4246   7.4325   7.4363
  7.4450   7.4632   7.4692   7.5384   7.5982   7.6221   7.6379   7.6720
  7.7113   7.7289   7.7351   7.7450   7.7480   7.7559   7.7792   7.7801
  7.8038   7.8261   7.8388   7.8442   7.8505   7.8654   7.8661   7.8938
  7.8983   7.9095   7.9225   7.9332   7.9789   8.0089   8.0171   8.0907
  8.1105   8.1285   8.1354   8.1429   8.1714   8.1764   8.1893   8.1894
  8.2071   8.2079   8.2192   8.2261   8.2344   8.2351   8.2384   8.2432
  8.2467   8.2607   8.2730   8.2764   8.2872   8.2959   8.3011   8.3199
  8.3745   8.3886   8.4009   8.4077   8.4166   8.4198   8.4317   8.4390
  8.4498   8.4637   8.4676   8.4823   8.5035   8.5188   8.5946   8.5983
  8.6030   8.6158   8.6173   8.6383   8.6411   8.6427   8.6504   8.6631
  8.6664   8.6681   8.7262   8.7286   8.7850   8.8355   8.8485   8.8536
  8.8597   8.8835   8.8888   8.8919   8.9013   8.9042   8.9146   8.9175
  8.9252   8.9328   8.9435   8.9509   8.9570   8.9764   8.9882   9.0059
  9.0069   9.0170   9.0261   9.0304   9.0383   9.0483   9.0589   9.1219
  9.1278   9.1442   9.1605   9.1684   9.1747   9.1886   9.2063   9.2361
  9.2617   9.2710   9.2801   9.3112   9.3156   9.3216   9.3304   9.3594
  9.3657   9.3688   9.3726   9.3783   9.3965   9.4002   9.4080   9.4129
  9.4175   9.4244   9.4351   9.4379   9.4434   9.4588   9.4626   9.5239
  9.5380   9.7097   9.7580   9.8581   9.8935   9.9784  10.0083  10.0304
 10.0527  10.0604  10.0776  10.1140  10.1334  10.1410  10.1672  10.1859
 10.2542  10.2610  10.2841  10.2942  10.3043  10.3290  10.3334  10.4083
 10.4235  10.4280  10.4411  10.4515  10.4525  10.4644  10.4743  10.4788
 10.4825  10.4930  10.5463  10.5716  10.6164  10.6341  10.6742  10.6979
 10.8002  10.8399  10.8448  10.8663  10.8990  10.9033  10.9139  10.9229
 11.0107  11.0558  11.1018  11.1243  11.1391  11.1804  11.2927  11.3856
 11.6425  11.6467  11.7831  11.8506  11.8964  12.0098  12.0850  12.2299
 12.2710  12.3150  12.3461  12.3837  12.3868  12.4077  12.4354  12.4738
 12.4776  12.5182  12.5610  12.5840  12.7217  12.8077  12.8172  12.8496
 12.9001  13.0051  13.0525  13.1001  13.1643  13.2353  13.2454  13.2723
 13.3293  13.4565  13.4649  13.4968  13.5720  13.6401  13.8331  14.3355
 14.3958  14.7700  15.2223  17.5329  28.7616  29.0535  29.4825  29.6735
 29.7097  29.7639  29.8164  29.9911  49.1234  49.2661  59.5317 150.6753
150.9606 151.3747 151.5958 151.6314 151.6402 151.7443 151.8646 258.2817
258.4346 321.1962
 
 Beta MOs
 -- Occupied --
-66.2028 -19.2131 -19.1742 -10.2439 -10.2307 -10.2275 -10.1827 -10.1782
-10.1591 -10.1591 -10.1584  -5.3153  -3.5941  -3.5891  -3.5887  -1.1044
 -1.0339  -0.7863  -0.7471  -0.6992  -0.6679  -0.6630  -0.6072  -0.5764
 -0.5240  -0.4860  -0.4646  -0.4268  -0.4236  -0.4039  -0.3902  -0.3884
 -0.3873  -0.3819  -0.3768  -0.3699  -0.3624  -0.3521  -0.3476  -0.3334
 -0.2859  -0.2831  -0.2587  -0.2231
 -- Virtual --
 -0.1365  -0.0803  -0.0023   0.0092   0.0241   0.0304   0.0357   0.0405
  0.0471   0.0520   0.0580   0.0601   0.0647   0.0718   0.0867   0.0896
  0.0938   0.0997   0.1068   0.1119   0.1140   0.1169   0.1235   0.1247
  0.1290   0.1362   0.1420   0.1457   0.1589   0.1695   0.1766   0.1883
  0.1932   0.1989   0.2105   0.2148   0.2195   0.2265   0.2367   0.2411
  0.2513   0.2596   0.2601   0.2690   0.2702   0.2762   0.2810   0.2904
  0.2916   0.2932   0.2971   0.3034   0.3045   0.3128   0.3162   0.3191
  0.3296   0.3405   0.3451   0.3513   0.3543   0.3667   0.3715   0.3808
  0.3861   0.3927   0.4045   0.4150   0.4220   0.4461   0.4504   0.4520
  0.4581   0.4627   0.4676   0.4753   0.4778   0.4863   0.4987   0.5058
  0.5093   0.5184   0.5288   0.5317   0.5405   0.5475   0.5613   0.5663
  0.5749   0.5810   0.5862   0.5984   0.6004   0.6172   0.6218   0.6295
  0.6470   0.6539   0.6599   0.6664   0.6727   0.6840   0.6925   0.6973
  0.7068   0.7111   0.7180   0.7276   0.7353   0.7395   0.7441   0.7525
  0.7552   0.7696   0.7789   0.7830   0.7891   0.7965   0.8071   0.8135
  0.8186   0.8293   0.8304   0.8367   0.8397   0.8434   0.8456   0.8483
  0.8659   0.8678   0.8741   0.8770   0.8812   0.8901   0.8985   0.9005
  0.9088   0.9225   0.9302   0.9436   0.9464   0.9535   0.9701   0.9783
  0.9826   0.9892   0.9944   0.9969   1.0043   1.0130   1.0183   1.0246
  1.0288   1.0457   1.0501   1.0524   1.0605   1.0694   1.0774   1.0832
  1.0864   1.0979   1.1039   1.1207   1.1243   1.1289   1.1380   1.1452
  1.1536   1.1616   1.1713   1.1800   1.1827   1.1930   1.2019   1.2056
  1.2126   1.2252   1.2476   1.2611   1.2709   1.2771   1.2790   1.3062
  1.3081   1.3177   1.3207   1.3343   1.3472   1.3535   1.3680   1.3832
  1.3927   1.4100   1.4136   1.4354   1.4487   1.4585   1.4639   1.4709
  1.4855   1.4953   1.5006   1.5119   1.5132   1.5224   1.5341   1.5370
  1.5575   1.5620   1.5714   1.5781   1.5981   1.6024   1.6155   1.6293
  1.6490   1.6594   1.6697   1.6825   1.6914   1.6961   1.7170   1.7274
  1.7379   1.7527   1.7769   1.7826   1.8030   1.8081   1.8266   1.8331
  1.8477   1.8543   1.8567   1.8729   1.8823   1.8948   1.8958   1.9025
  1.9186   1.9280   1.9342   1.9441   1.9473   1.9614   1.9644   1.9747
  1.9873   1.9914   1.9935   2.0099   2.0156   2.0204   2.0303   2.0397
  2.0431   2.0521   2.0718   2.0770   2.0898   2.0972   2.1053   2.1151
  2.1242   2.1292   2.1363   2.1458   2.1499   2.1613   2.1689   2.1737
  2.1854   2.1881   2.1919   2.1979   2.2030   2.2097   2.2133   2.2166
  2.2344   2.2434   2.2497   2.2517   2.2653   2.2793   2.2810   2.2880
  2.2943   2.3041   2.3070   2.3170   2.3219   2.3283   2.3296   2.3438
  2.3535   2.3649   2.3732   2.3806   2.4007   2.4074   2.4121   2.4201
  2.4242   2.4384   2.4463   2.4517   2.4680   2.4778   2.4818   2.4880
  2.4966   2.5049   2.5164   2.5210   2.5347   2.5406   2.5521   2.5578
  2.5607   2.5647   2.5761   2.5835   2.5926   2.6000   2.6050   2.6122
  2.6191   2.6365   2.6487   2.6596   2.6642   2.6738   2.6806   2.6904
  2.7026   2.7088   2.7146   2.7253   2.7347   2.7399   2.7468   2.7533
  2.7660   2.7749   2.7812   2.7923   2.8013   2.8055   2.8095   2.8247
  2.8441   2.8471   2.8610   2.8658   2.8741   2.8802   2.8843   2.9026
  2.9072   2.9085   2.9196   2.9289   2.9437   2.9563   2.9688   2.9838
  2.9954   3.0069   3.0254   3.0296   3.0335   3.0346   3.0480   3.0590
  3.0679   3.0778   3.0800   3.0921   3.0944   3.1100   3.1270   3.1418
  3.1518   3.1591   3.1688   3.1734   3.1893   3.1924   3.2164   3.2226
  3.2362   3.2431   3.2539   3.2752   3.2856   3.3112   3.3144   3.3409
  3.3535   3.3641   3.3730   3.3845   3.4017   3.4091   3.4203   3.4372
  3.4544   3.4649   3.4725   3.4791   3.4936   3.5138   3.5250   3.5357
  3.5477   3.5658   3.5692   3.5821   3.5872   3.5956   3.6029   3.6102
  3.6248   3.6372   3.6417   3.6459   3.6662   3.6861   3.7056   3.7130
  3.7250   3.7443   3.7583   3.7663   3.7748   3.8067   3.8085   3.8372
  3.8412   3.8521   3.8666   3.8845   3.8958   3.8992   3.9199   3.9301
  3.9560   3.9691   3.9747   3.9872   4.0004   4.0166   4.0342   4.0540
  4.0546   4.0675   4.0736   4.0800   4.0840   4.0960   4.1073   4.1326
  4.1513   4.1630   4.1879   4.2010   4.2191   4.2442   4.2738   4.3144
  4.3580   4.3997   4.4164   4.4458   4.4725   4.4923   4.5018   4.5101
  4.5311   4.5542   4.5559   4.5861   4.6065   4.6212   4.6540   4.6778
  4.6986   4.7054   4.7393   4.7619   4.7852   4.8360   4.8431   4.8773
  4.9344   4.9540   5.0160   5.0505   5.0592   5.0784   5.1056   5.1359
  5.1642   5.1919   5.2029   5.2203   5.2376   5.2515   5.2760   5.2903
  5.3374   5.3599   5.3740   5.3940   5.4178   5.4385   5.4448   5.4581
  5.4921   5.5127   5.5150   5.5248   5.5457   5.5516   5.5751   5.5988
  5.6058   5.6163   5.6244   5.6528   5.6703   5.6801   5.6896   5.6986
  5.7099   5.7180   5.7603   5.7910   5.8025   5.8203   5.8353   5.8650
  5.8843   5.9052   5.9102   5.9218   5.9371   5.9522   5.9530   5.9608
  5.9728   5.9815   6.0012   6.0065   6.0165   6.0200   6.0266   6.0488
  6.0515   6.0610   6.0749   6.0837   6.0953   6.1035   6.1200   6.1303
  6.1326   6.1424   6.1629   6.1688   6.1831   6.1883   6.2128   6.2284
  6.2297   6.2446   6.2576   6.2645   6.2678   6.2775   6.2903   6.2989
  6.3061   6.3257   6.3422   6.3455   6.3533   6.3558   6.3683   6.3760
  6.3867   6.3968   6.4024   6.4070   6.4104   6.4255   6.4356   6.4459
  6.4475   6.4514   6.4589   6.4623   6.4812   6.4869   6.5011   6.5056
  6.5123   6.5212   6.5323   6.5502   6.5597   6.5649   6.5695   6.5822
  6.5911   6.5969   6.6131   6.6167   6.6339   6.6412   6.6488   6.6505
  6.6580   6.6690   6.6730   6.6750   6.6845   6.6869   6.6918   6.6945
  6.7018   6.7125   6.7202   6.7258   6.7449   6.7607   6.7700   6.7748
  6.7991   6.8131   6.8247   6.8480   6.8511   6.8799   6.8891   6.8970
  6.9064   6.9108   6.9289   6.9333   6.9386   6.9443   6.9486   6.9620
  6.9815   7.0063   7.0159   7.0297   7.0407   7.0654   7.0684   7.0739
  7.0821   7.0973   7.1162   7.1218   7.1241   7.1365   7.1526   7.1628
  7.1718   7.1920   7.2074   7.2319   7.2552   7.2814   7.2888   7.2959
  7.3147   7.3443   7.3757   7.3970   7.4134   7.4168   7.4289   7.4357
  7.4468   7.4494   7.4623   7.4722   7.4743   7.5647   7.6225   7.6616
  7.6838   7.6899   7.7319   7.7375   7.7416   7.7489   7.7539   7.7701
  7.7830   7.8057   7.8183   7.8280   7.8417   7.8479   7.8522   7.8678
  7.8695   7.8977   7.9011   7.9213   7.9268   7.9532   7.9921   8.0184
  8.0622   8.0904   8.1168   8.1314   8.1384   8.1486   8.1775   8.1790
  8.1930   8.1957   8.2094   8.2110   8.2211   8.2306   8.2372   8.2410
  8.2458   8.2468   8.2528   8.2643   8.2760   8.2824   8.2920   8.3000
  8.3075   8.3288   8.3783   8.3919   8.4047   8.4093   8.4243   8.4259
  8.4370   8.4415   8.4518   8.4673   8.4739   8.4908   8.5124   8.5280
  8.5978   8.6031   8.6140   8.6219   8.6296   8.6431   8.6442   8.6484
  8.6610   8.6682   8.6715   8.6945   8.7379   8.7405   8.7936   8.8458
  8.8548   8.8625   8.8786   8.8822   8.8918   8.8960   8.9071   8.9084
  8.9171   8.9258   8.9326   8.9381   8.9459   8.9530   8.9604   8.9785
  8.9900   9.0000   9.0128   9.0227   9.0299   9.0386   9.0414   9.0520
  9.0651   9.1295   9.1387   9.1473   9.1625   9.1738   9.1821   9.1917
  9.2085   9.2486   9.2674   9.2736   9.3003   9.3121   9.3166   9.3267
  9.3332   9.3580   9.3690   9.3715   9.3764   9.3924   9.3993   9.4071
  9.4201   9.4237   9.4293   9.4419   9.4429   9.4607   9.4841   9.4931
  9.5431   9.6007   9.6161   9.7223   9.7749   9.8609   9.8984   9.9962
 10.0118  10.0441  10.0568  10.0773  10.0966  10.1121  10.1438  10.1756
 10.1889  10.2083  10.2710  10.2862  10.2915  10.3074  10.3122  10.3285
 10.3342  10.4262  10.4316  10.4337  10.4429  10.4528  10.4553  10.4666
 10.4785  10.4848  10.4919  10.5070  10.5436  10.5978  10.6505  10.6779
 10.7047  10.7846  10.8108  10.8422  10.8517  10.8675  10.9048  10.9167
 10.9219  10.9665  11.0061  11.1035  11.1184  11.1260  11.1525  11.1832
 11.3129  11.3952  11.7382  11.7408  11.8050  11.9434  11.9981  12.0199
 12.0947  12.2389  12.2771  12.3275  12.3631  12.4003  12.4152  12.4518
 12.4740  12.4877  12.5241  12.5482  12.5747  12.6741  12.7362  12.8584
 12.8920  12.9131  12.9235  13.0175  13.0612  13.1118  13.1272  13.2477
 13.2609  13.3225  13.4056  13.4464  13.4707  13.5733  13.6153  13.6560
 13.8452  14.3662  14.4825  14.8581  15.2306  17.5385  28.7928  29.0831
 29.5016  29.6802  29.7098  29.7792  29.8195  29.9977  49.1888  49.2719
 59.5332 150.6952 150.9803 151.3854 151.6015 151.6319 151.6494 151.7462
151.8680 258.3146 258.4372 321.1967
 --------------------------------------------------------------
 
          Ground-State Mulliken Net Atomic Charges

     Atom                 Charge (a.u.)    Spin (a.u.)
  --------------------------------------------------------
      1 O                    -0.389180       0.455954
      2 C                     0.121117       0.991059
      3 Si                    0.471641       0.122912
      4 C                    -0.628422       0.001515
      5 C                    -0.612838       0.079412
      6 C                    -0.634376      -0.008047
      7 C                     0.220496      -0.134908
      8 C                    -0.295374       0.323830
      9 C                    -0.252693      -0.079888
     10 C                    -0.064463       0.233784
     11 O                    -0.215365       0.026023
     12 H                     0.194285      -0.000134
     13 H                     0.159933      -0.001296
     14 H                     0.205385      -0.000205
     15 H                     0.153647       0.015276
     16 H                     0.198866      -0.004519
     17 H                     0.213854      -0.003822
     18 H                     0.202854      -0.000446
     19 H                     0.170803      -0.000231
     20 H                     0.199091       0.000399
     21 H                     0.180915      -0.007664
     22 H                     0.185595       0.001083
     23 H                     0.214230      -0.010088
  --------------------------------------------------------
  Sum of atomic charges =    -0.000000
  Sum of spin   charges =     2.000000

 -----------------------------------------------------------------
                    Cartesian Multipole Moments
 -----------------------------------------------------------------
    Charge (ESU x 10^10)
                -0.0000
    Dipole Moment (Debye)
         X      -0.8508      Y       0.0993      Z      -1.1981
       Tot       1.4728
    Quadrupole Moments (Debye-Ang)
        XX     -66.6660     XY       1.5746     YY     -73.1250
        XZ      -4.9009     YZ       0.2535     ZZ     -76.7206
    Octopole Moments (Debye-Ang^2)
       XXX      37.8102    XXY       2.5783    XYY      18.2080
       YYY      -5.7294    XXZ     -80.8148    XYZ       4.2350
       YYZ     -73.0025    XZZ      12.6047    YZZ      -8.5074
       ZZZ    -239.0263
    Hexadecapole Moments (Debye-Ang^3)
      XXXX   -1916.9109   XXXY      -7.8915   XXYY    -397.4847
      XYYY     -27.5940   YYYY    -476.8732   XXXZ     341.6416
      XXYZ       1.3996   XYYZ     121.2783   YYYZ     -26.7557
      XXZZ    -519.2483   XYZZ     -19.6699   YYZZ    -268.8540
      XZZZ     385.1794   YZZZ     -40.0642   ZZZZ   -1239.2864
 -----------------------------------------------------------------
 Total job time:  131.05s(wall), 3732.13s(cpu) 
 Fri Jan 24 13:20:07 2025

        *************************************************************
        *                                                           *
        *  Thank you very much for using Q-Chem.  Have a nice day.  *
        *                                                           *
        *************************************************************



Running Job 2 of 2 sil7-ts1-wb97xd-c1-B97mV-readSCF.in
qchem sil7-ts1-wb97xd-c1-B97mV-readSCF.in_354562.1 /expanse/lustre/scratch/whughes/temp_project/job_36489040/sil7-ts1-wb97xd-c1-B97mV-readSCF-36489040/ 0
/cm/shared/apps/spack/0.17.3/cpu/b/opt/spack/linux-rocky8-zen2/gcc-10.2.0/qchem-6.0-rytxnwjazd34ekd2gqyi5ufsaimxsd3r/exe/qcprog.exe_s sil7-ts1-wb97xd-c1-B97mV-readSCF.in_354562.1 /expanse/lustre/scratch/whughes/temp_project/job_36489040/sil7-ts1-wb97xd-c1-B97mV-readSCF-36489040/
                  Welcome to Q-Chem
     A Quantum Leap Into The Future Of Chemistry


 Q-Chem 6.0, Q-Chem, Inc., Pleasanton, CA (2022)

 License issued to: University of California, San Diego (site)

 E. Epifanovsky,  A. T. B. Gilbert,  Xintian Feng,  Joonho Lee,  Yuezhi Mao,  
 N. Mardirossian,  P. Pokhilko,  A. White,  M. Wormit,  M. P. Coons,  
 A. L. Dempwolff,  Zhengting Gan,  D. Hait,  P. R. Horn,  L. D. Jacobson,  
 I. Kaliman,  J. Kussmann,  A. W. Lange,  Ka Un Lao,  D. S. Levine,  Jie Liu,  
 S. C. McKenzie,  A. F. Morrison,  K. Nanda,  F. Plasser,  D. R. Rehn,  
 M. L. Vidal,  Zhi-Qiang You,  Ying Zhu,  B. Alam,  B. Albrecht,  
 A. Aldossary,  E. Alguire,  J. H. Andersen,  V. Athavale,  D. Barton,  
 K. Begam,  A. Behn,  N. Bellonzi,  Y. A. Bernard,  E. J. Berquist,  
 H. Burton,  A. Carreras,  K. Carter-Fenk,  Romit Chakraborty,  
 Chandrima Chakravarty,  Junhan Chen,  A. D. Chien,  K. D. Closser,  
 V. Cofer-Shabica,  L. Cunha,  S. Dasgupta,  Jia Deng,  M. de Wergifosse,  
 M. Diedenhofen,  Hainam Do,  S. Ehlert,  Po-Tung Fang,  S. Fatehi,  
 Qingguo Feng,  T. Friedhoff,  B. Ganoe,  J. Gayvert,  Qinghui Ge,  
 G. Gidofalvi,  M. Goldey,  J. Gomes,  C. Gonzalez-Espinoza,  S. Gulania,  
 A. Gunina,  J. A. Gyamfi,  M. W. D. Hanson-Heine,  P. H. P. Harbach,  
 A. W. Hauser,  M. F. Herbst,  M. Hernandez Vera,  M. Hodecker,  
 Z. C. Holden,  S. Houck,  Xunkun Huang,  Kerwin Hui,  B. C. Huynh,  
 K. Ikeda,  M. Ivanov,  Hyunjun Ji,  Zuxin Jin,  Hanjie Jiang,  B. Kaduk,  
 S. Kaehler,  R. Kang,  K. Khistyaev,  Jaehoon Kim,  Yongbin Kim,  
 P. Klunzinger,  Z. Koczor-Benda,  Joong Hoon Koh,  D. Kosenkov,  
 Saikiran Kotaru,  L. Koulias,  T. Kowalczyk,  C. M. Krauter,  K. Kue,  
 A. Kunitsa,  T. Kus,  A. Landau,  K. V. Lawler,  D. Lefrancois,  S. Lehtola,  
 Rain Li,  Shaozhi Li,  Yi-Pei Li,  Jiashu Liang,  M. Liebenthal,  
 Hung-Hsuan Lin,  You-Sheng Lin,  Fenglai Liu,  Kuan-Yu Liu,  
 M. Loipersberger,  A. Luenser,  C. Malbon,  A. Manjanath,  P. Manohar,  
 E. Mansoor,  S. F. Manzer,  Shan-Ping Mao,  A. V. Marenich,  T. Markovich,  
 S. Mason,  F. Matz,  S. A. Maurer,  P. F. McLaughlin,  M. F. S. J. Menger,  
 J.-M. Mewes,  S. A. Mewes,  P. Morgante,  Mohammad Mostafanejad,  
 J. W. Mullinax,  K. J. Oosterbaan,  G. Paran,  V. Parravicini,  
 Alexander C. Paul,  Suranjan K. Paul,  F. Pavosevic,  Zheng Pei,  S. Prager,  
 E. I. Proynov,  E. Ramos,  B. Rana,  A. E. Rask,  A. Rettig,  R. M. Richard,  
 F. Rob,  E. Rossomme,  T. Scheele,  M. Scheurer,  M. Schneider,  
 P. E. Schneider,  N. Sergueev,  S. M. Sharada,  Hengyuan Shen,  
 W. Skomorowski,  D. W. Small,  C. J. Stein,  Yingli Su,  Yu-Chuan Su,  
 E. J. Sundstrom,  Zhen Tao,  J. Thirman,  Hung-Yi Tsai,  T. Tsuchimochi,  
 N. M. Tubman,  C. Utku,  S. P. Veccham,  O. Vydrov,  J. Wenzel,  
 Jonathan Wong,  J. Witte,  A. Yamada,  Chou-Hsun Yang,  Kun Yao,  
 S. Yeganeh,  S. R. Yost,  A. Zech,  F. Zeller,  Igor Ying Zhang,  
 Xing Zhang,  Yu Zhang,  D. Zuev,  A. Aspuru-Guzik,  A. T. Bell,  
 N. A. Besley,  K. B. Bravaya,  B. R. Brooks,  D. Casanova,  Jeng-Da Chai,  
 Hsing-Ta Chen,  S. Coriani,  C. J. Cramer,  A. E. DePrince, III,  
 R. A. DiStasio Jr.,  A. Dreuw,  B. D. Dunietz,  T. R. Furlani,  
 W. A. Goddard III,  S. Grimme,  S. Hammes-Schiffer,  T. Head-Gordon,  
 W. J. Hehre,  Chao-Ping Hsu,  T.-C. Jagau,  Yousung Jung,  A. Klamt,  
 Jing Kong,  D. S. Lambrecht,  Xiangyuan Li,  WanZhen Liang,  N. J. Mayhall,  
 C. W. McCurdy,  J. B. Neaton,  T. Neudecker,  C. Ochsenfeld,  
 J. A. Parkhill,  R. Peverati,  V. A. Rassolov,  Haisheng Ren,  Yihan Shao,  
 L. V. Slipchenko,  R. P. Steele,  J. E. Subotnik,  A. J. W. Thom,  
 A. Tkatchenko,  D. G. Truhlar,  T. Van Voorhis,  Fan Wang,  
 T. A. Wesolowski,  K. B. Whaley,  H. L. Woodcock III,  P. M. Zimmerman,  
 S. Faraji,  P. M. W. Gill,  M. Head-Gordon,  J. M. Herbert,  A. I. Krylov

 Contributors to earlier versions of Q-Chem not listed above: 
 R. D. Adamson,  B. Austin,  R. Baer,  J. Baker,  G. J. O. Beran,  
 K. Brandhorst,  S. T. Brown,  E. F. C. Byrd,  Arup K. Chakraborty,  
 G. K. L. Chan,  Chun-Min Chang,  Yunqing Chen,  C.-L. Cheng,  
 Siu Hung Chien,  D. M. Chipman,  D. L. Crittenden,  H. Dachsel,  
 R. J. Doerksen,  A. D. Dutoi,  R. G. Edgar,  J. Fosso-Tande,  
 L. Fusti-Molnar,  D. Ghosh,  A. Ghysels,  A. Golubeva-Zadorozhnaya,  
 J. Gonthier,  M. S. Gordon,  S. R. Gwaltney,  G. Hawkins,  J. E. Herr,  
 A. Heyden,  S. Hirata,  E. G. Hohenstein,  G. Kedziora,  F. J. Keil,  
 C. Kelley,  Jihan Kim,  R. A. King,  R. Z. Khaliullin,  P. P. Korambath,  
 W. Kurlancheek,  A. Laurent,  A. M. Lee,  M. S. Lee,  S. V. Levchenko,  
 Ching Yeh Lin,  D. Liotard,  E. Livshits,  R. C. Lochan,  I. Lotan,  
 L. A. Martinez-Martinez,  P. E. Maslen,  N. Nair,  D. P. O'Neill,  
 D. Neuhauser,  E. Neuscamman,  C. M. Oana,  R. Olivares-Amaya,  R. Olson,  
 T. M. Perrine,  B. Peters,  P. A. Pieniazek,  A. Prociuk,  Y. M. Rhee,  
 J. Ritchie,  M. A. Rohrdanz,  E. Rosta,  N. J. Russ,  H. F. Schaefer III,  
 M. W. Schmidt,  N. E. Schultz,  S. Sharma,  N. Shenvi,  C. D. Sherrill,  
 A. C. Simmonett,  A. Sodt,  T. Stein,  D. Stuck,  K. S. Thanthiriwatte,  
 V. Vanovschi,  L. Vogt,  Tao Wang,  A. Warshel,  M. A. Watson,  
 C. F. Williams,  Q. Wu,  X. Xu,  Jun Yang,  W. Zhang,  Yan Zhao

   Please cite Q-Chem as follows:
  "Software for the frontiers of quantum chemistry:
   An overview of developments in the Q-Chem 5 package"
   J. Chem. Phys. 155, 084801 (2021)
   https://doi.org/10.1063/5.0055522 (open access)

 Q-Chem 6.0.2 for Intel X86 EM64T Linux

 Parts of Q-Chem use Armadillo 9.900.5 (Nocturnal Misbehaviour).
 http://arma.sourceforge.net/

 Q-Chem begins on Fri Jan 24 13:20:09 2025  

 Host: 
0

     Scratch files written to /expanse/lustre/scratch/whughes/temp_project/job_36489040/sil7-ts1-wb97xd-c1-B97mV-readSCF-36489040//
 Dec722 |scratch|qcdevops|jenkins|workspace|build_RNUM    
 Processing $rem in /cm/shared/apps/spack/0.17.3/cpu/b/opt/spack/linux-rocky8-zen2/gcc-10.2.0/qchem-6.0-rytxnwjazd34ekd2gqyi5ufsaimxsd3r/config/preferences:
 Processing $rem in /home/whughes/.qchemrc:

 Checking the input file for inconsistencies... 	...done.

--------------------------------------------------------------
User input:
--------------------------------------------------------------

$molecule
read
$end

$rem
METHOD      B97M-V
BASIS       def2-QZVPP
SYM_IGNORE   TRUE
SCF_GUESS   read
DFT_D       false
MAX_SCF_CYCLES 300
$end

$end
--------------------------------------------------------------
 ----------------------------------------------------------------
             Standard Nuclear Orientation (Angstroms)
    I     Atom           X                Y                Z
 ----------------------------------------------------------------
    1      O      -0.2521289678     0.7781735047     2.6264703449
    2      C       0.2305668091    -0.0517348869     1.7648092770
    3      Si     -1.7749720987    -0.0016321224     1.6153698678
    4      C      -2.7562995417    -0.3880520165     3.1490798109
    5      C      -1.9662697205    -1.4727787469     0.4512545582
    6      C      -2.2869387401     1.5526417302     0.7321025489
    7      C       1.2603530678     0.0564528810     0.8292314049
    8      C       2.1982268462     1.0454785896     0.5950080651
    9      C       3.0140461668     0.5657647938    -0.4596821029
   10      C       2.5292336211    -0.6529862805    -0.8010352844
   11      O       1.4670553456    -0.9836637350    -0.0292196708
   12      H      -2.8093143406     0.4701211805     3.8188124053
   13      H      -3.7715146210    -0.6876201283     2.8777754679
   14      H      -2.2980076360    -1.2160012390     3.6937938414
   15      H      -3.0286405538    -1.5776847554     0.2081795461
   16      H      -1.4064895787    -1.3287747660    -0.4728096975
   17      H      -1.6270358497    -2.3983477794     0.9173393348
   18      H      -1.5715583438     1.7994643400    -0.0549376307
   19      H      -3.2642145114     1.4144923260     0.2634066887
   20      H      -2.3466119494     2.3985004244     1.4172490221
   21      H       2.2722329782     1.9790710450     1.1253297045
   22      H       3.8550732067     1.0637724840    -0.9125579396
   23      H       2.8177004118    -1.3785388431    -1.5412975626
 ----------------------------------------------------------------
 Nuclear Repulsion Energy =         701.53585951 hartrees
 There are       46 alpha and       44 beta electrons
 Requested basis set is def2-QZVPP
 There are 312 shells and 1000 basis functions

 Total QAlloc Memory Limit   8000 MB
 Mega-Array Size       188 MB
 MEM_STATIC part       192 MB

 A cutoff of  1.0D-09 yielded  31326 shell pairs
 There are    303994 function pairs (    447138 Cartesian)
 Smallest overlap matrix eigenvalue = 1.93E-05

 Q-Chem warning in module stvman/mkSTV.C, line 305:

 Overlap eigenvalue is smaller than square root of threshold
 Use THRESH >= 12 to get rid of this warning


 Scale SEOQF with 1.000000e-01/1.000000e-01/1.000000e-01

 Standard Electronic Orientation quadrupole field applied
 Nucleus-field energy     =    -0.0000000051 hartrees
 Guess MOs from SCF MO coefficient file

 -----------------------------------------------------------------------
  General SCF calculation program by
  Eric Jon Sundstrom, Paul Horn, Yuezhi Mao, Dmitri Zuev, Alec White,
  David Stuck, Shaama M.S., Shane Yost, Joonho Lee, David Small,
  Daniel Levine, Susi Lehtola, Hugh Burton, Evgeny Epifanovsky,
  Bang C. Huynh
 -----------------------------------------------------------------------
 Exchange:  B97M-V      Correlation:  B97M-V
 Using SG-2 standard quadrature grid
 Nonlocal Correlation:  VV10 with C = 0.0100 and b = 6.00 and scale = 1.00000
 Grid used for NLC:  SG-1 standard quadrature
 using 32 threads for integral computing
 -------------------------------------------------------
 OpenMP Integral computing Module                
 Release: version 1.0, May 2013, Q-Chem Inc. Pittsburgh 
 -------------------------------------------------------
 A unrestricted SCF calculation will be
 performed using DIIS
 SCF converges when DIIS error is below 1.0e-05
 ---------------------------------------
  Cycle       Energy         DIIS error
 ---------------------------------------
    1    -752.0291260563      4.14e-06  
    2    -752.0290902362      1.03e-05  
    3    -752.0291362668      8.71e-07  Convergence criterion met
 ---------------------------------------
 SCF time:   CPU 1378.66s  wall 44.00s 
<S^2> =          2.021964747
 SCF   energy in the final basis set =     -752.0291362668
 Total energy in the final basis set =     -752.0291362668
 
 --------------------------------------------------------------
 
                    Orbital Energies (a.u.)
 --------------------------------------------------------------
 
 Alpha MOs
 -- Occupied --
-66.2032 -19.2141 -19.1933 -10.2462 -10.2437 -10.2302 -10.1827 -10.1817
-10.1609 -10.1590 -10.1586  -5.3157  -3.5948  -3.5895  -3.5891  -1.1067
 -1.0663  -0.7922  -0.7578  -0.7014  -0.6681  -0.6660  -0.6319  -0.5804
 -0.5318  -0.5113  -0.4783  -0.4413  -0.4329  -0.4085  -0.4018  -0.3931
 -0.3886  -0.3883  -0.3798  -0.3734  -0.3660  -0.3631  -0.3590  -0.3514
 -0.2952  -0.2876  -0.2705  -0.2404  -0.2086  -0.1369
 -- Virtual --
 -0.0093  -0.0019   0.0218   0.0241   0.0322   0.0336   0.0441   0.0494
  0.0523   0.0583   0.0604   0.0671   0.0828   0.0858   0.0898   0.0972
  0.1034   0.1069   0.1104   0.1134   0.1195   0.1222   0.1250   0.1325
  0.1374   0.1416   0.1530   0.1653   0.1700   0.1793   0.1874   0.1964
  0.2056   0.2096   0.2174   0.2220   0.2333   0.2369   0.2467   0.2529
  0.2569   0.2670   0.2678   0.2717   0.2785   0.2856   0.2871   0.2904
  0.2932   0.2985   0.3000   0.3076   0.3121   0.3168   0.3267   0.3348
  0.3394   0.3461   0.3515   0.3624   0.3669   0.3772   0.3802   0.3880
  0.3946   0.4108   0.4169   0.4418   0.4451   0.4481   0.4529   0.4585
  0.4635   0.4696   0.4732   0.4794   0.4933   0.5012   0.5031   0.5114
  0.5247   0.5263   0.5371   0.5437   0.5558   0.5583   0.5693   0.5727
  0.5825   0.5925   0.5960   0.6089   0.6164   0.6241   0.6410   0.6458
  0.6572   0.6602   0.6692   0.6783   0.6875   0.6916   0.7015   0.7062
  0.7131   0.7225   0.7308   0.7337   0.7386   0.7464   0.7502   0.7606
  0.7741   0.7766   0.7837   0.7908   0.8016   0.8088   0.8122   0.8222
  0.8259   0.8314   0.8368   0.8401   0.8428   0.8451   0.8611   0.8645
  0.8687   0.8721   0.8753   0.8858   0.8931   0.8943   0.9041   0.9163
  0.9233   0.9371   0.9404   0.9479   0.9647   0.9729   0.9782   0.9833
  0.9877   0.9885   0.9984   1.0075   1.0130   1.0183   1.0246   1.0405
  1.0448   1.0466   1.0548   1.0647   1.0720   1.0761   1.0784   1.0938
  1.0980   1.1133   1.1175   1.1222   1.1326   1.1412   1.1466   1.1561
  1.1628   1.1723   1.1778   1.1846   1.1973   1.2002   1.2078   1.2172
  1.2410   1.2526   1.2626   1.2693   1.2751   1.2982   1.2998   1.3093
  1.3162   1.3292   1.3403   1.3479   1.3621   1.3731   1.3865   1.4022
  1.4049   1.4282   1.4441   1.4507   1.4551   1.4628   1.4788   1.4822
  1.4932   1.5035   1.5057   1.5155   1.5221   1.5319   1.5508   1.5560
  1.5656   1.5699   1.5859   1.5953   1.6066   1.6211   1.6384   1.6504
  1.6614   1.6709   1.6814   1.6861   1.7067   1.7154   1.7305   1.7405
  1.7679   1.7734   1.7944   1.7960   1.8114   1.8261   1.8391   1.8461
  1.8502   1.8617   1.8748   1.8841   1.8897   1.8959   1.9103   1.9206
  1.9250   1.9334   1.9351   1.9531   1.9588   1.9686   1.9798   1.9817
  1.9850   2.0011   2.0094   2.0125   2.0208   2.0302   2.0317   2.0420
  2.0624   2.0671   2.0816   2.0868   2.0935   2.1038   2.1150   2.1190
  2.1268   2.1348   2.1409   2.1520   2.1579   2.1650   2.1739   2.1793
  2.1849   2.1891   2.1948   2.2024   2.2052   2.2069   2.2261   2.2316
  2.2377   2.2426   2.2561   2.2657   2.2734   2.2773   2.2829   2.2934
  2.2978   2.3059   2.3137   2.3173   2.3224   2.3334   2.3435   2.3546
  2.3614   2.3716   2.3886   2.3970   2.4029   2.4102   2.4171   2.4273
  2.4339   2.4420   2.4589   2.4661   2.4707   2.4768   2.4868   2.4957
  2.5045   2.5069   2.5249   2.5323   2.5412   2.5469   2.5499   2.5548
  2.5655   2.5752   2.5819   2.5893   2.5967   2.6047   2.6113   2.6278
  2.6416   2.6491   2.6565   2.6639   2.6730   2.6802   2.6948   2.7014
  2.7034   2.7150   2.7293   2.7334   2.7392   2.7442   2.7563   2.7639
  2.7738   2.7816   2.7911   2.7954   2.7995   2.8127   2.8306   2.8379
  2.8511   2.8587   2.8649   2.8696   2.8750   2.8889   2.8937   2.8996
  2.9105   2.9177   2.9353   2.9433   2.9565   2.9751   2.9840   2.9953
  3.0184   3.0212   3.0246   3.0299   3.0438   3.0491   3.0614   3.0636
  3.0715   3.0826   3.0874   3.1024   3.1159   3.1305   3.1392   3.1512
  3.1593   3.1663   3.1793   3.1817   3.2067   3.2134   3.2278   3.2353
  3.2436   3.2649   3.2770   3.2979   3.3053   3.3284   3.3435   3.3536
  3.3610   3.3764   3.3942   3.3994   3.4109   3.4253   3.4449   3.4567
  3.4575   3.4704   3.4816   3.5049   3.5130   3.5230   3.5392   3.5540
  3.5584   3.5723   3.5769   3.5881   3.5945   3.6007   3.6155   3.6234
  3.6307   3.6368   3.6558   3.6769   3.6964   3.7018   3.7073   3.7322
  3.7453   3.7505   3.7647   3.7945   3.8001   3.8211   3.8300   3.8428
  3.8566   3.8636   3.8775   3.8849   3.9112   3.9168   3.9369   3.9595
  3.9659   3.9721   3.9896   4.0043   4.0220   4.0430   4.0491   4.0572
  4.0615   4.0719   4.0779   4.0907   4.0997   4.1094   4.1332   4.1419
  4.1688   4.1808   4.2011   4.2237   4.2545   4.2825   4.3401   4.3689
  4.3945   4.4223   4.4545   4.4741   4.4912   4.4924   4.5134   4.5373
  4.5431   4.5727   4.5888   4.6075   4.6387   4.6578   4.6841   4.6923
  4.7239   4.7510   4.7583   4.8123   4.8137   4.8431   4.9020   4.9190
  4.9951   5.0302   5.0368   5.0580   5.0901   5.1206   5.1369   5.1705
  5.1821   5.1969   5.2148   5.2368   5.2556   5.2711   5.3117   5.3413
  5.3567   5.3724   5.3983   5.4180   5.4228   5.4406   5.4591   5.4919
  5.4946   5.5115   5.5213   5.5368   5.5619   5.5814   5.5892   5.6009
  5.6094   5.6454   5.6601   5.6692   5.6776   5.6899   5.7014   5.7048
  5.7350   5.7694   5.7902   5.8082   5.8198   5.8501   5.8559   5.8797
  5.8918   5.9059   5.9203   5.9332   5.9336   5.9554   5.9602   5.9668
  5.9873   5.9939   5.9982   6.0123   6.0176   6.0360   6.0383   6.0446
  6.0604   6.0697   6.0791   6.0937   6.1066   6.1164   6.1250   6.1263
  6.1429   6.1544   6.1652   6.1731   6.2022   6.2057   6.2225   6.2297
  6.2460   6.2557   6.2583   6.2707   6.2722   6.2807   6.2930   6.3166
  6.3293   6.3352   6.3442   6.3467   6.3602   6.3666   6.3686   6.3832
  6.3909   6.3951   6.3992   6.4160   6.4216   6.4334   6.4363   6.4385
  6.4425   6.4546   6.4642   6.4763   6.4848   6.4887   6.4993   6.5082
  6.5205   6.5241   6.5468   6.5512   6.5589   6.5627   6.5729   6.5828
  6.5953   6.6024   6.6229   6.6290   6.6349   6.6397   6.6482   6.6549
  6.6629   6.6678   6.6690   6.6754   6.6811   6.6820   6.6936   6.6972
  6.7049   6.7078   6.7308   6.7467   6.7548   6.7622   6.7816   6.7912
  6.8058   6.8259   6.8361   6.8667   6.8808   6.8916   6.8951   6.9011
  6.9110   6.9266   6.9310   6.9356   6.9404   6.9484   6.9651   6.9862
  6.9955   7.0170   7.0278   7.0365   7.0475   7.0631   7.0714   7.0825
  7.0954   7.1104   7.1160   7.1293   7.1441   7.1459   7.1565   7.1712
  7.1786   7.2013   7.2407   7.2627   7.2688   7.2868   7.3091   7.3224
  7.3526   7.3743   7.4032   7.4069   7.4133   7.4246   7.4325   7.4364
  7.4450   7.4632   7.4692   7.5385   7.5982   7.6221   7.6378   7.6720
  7.7112   7.7289   7.7351   7.7450   7.7480   7.7560   7.7792   7.7801
  7.8039   7.8260   7.8388   7.8441   7.8504   7.8654   7.8661   7.8939
  7.8984   7.9096   7.9225   7.9331   7.9790   8.0089   8.0171   8.0907
  8.1104   8.1285   8.1354   8.1429   8.1714   8.1764   8.1893   8.1894
  8.2071   8.2078   8.2191   8.2261   8.2344   8.2350   8.2384   8.2431
  8.2467   8.2607   8.2730   8.2763   8.2871   8.2959   8.3011   8.3199
  8.3745   8.3886   8.4009   8.4077   8.4166   8.4198   8.4317   8.4390
  8.4497   8.4637   8.4676   8.4823   8.5035   8.5188   8.5946   8.5983
  8.6030   8.6157   8.6173   8.6383   8.6411   8.6427   8.6504   8.6631
  8.6664   8.6681   8.7262   8.7286   8.7849   8.8354   8.8486   8.8536
  8.8597   8.8835   8.8888   8.8918   8.9012   8.9043   8.9146   8.9174
  8.9252   8.9328   8.9435   8.9509   8.9570   8.9764   8.9881   9.0060
  9.0069   9.0171   9.0261   9.0304   9.0382   9.0483   9.0589   9.1220
  9.1278   9.1442   9.1605   9.1685   9.1747   9.1886   9.2063   9.2361
  9.2617   9.2710   9.2801   9.3112   9.3155   9.3215   9.3304   9.3593
  9.3656   9.3688   9.3726   9.3781   9.3965   9.4000   9.4078   9.4127
  9.4172   9.4243   9.4349   9.4378   9.4433   9.4584   9.4625   9.5232
  9.5378   9.7100   9.7581   9.8580   9.8935   9.9782  10.0083  10.0302
 10.0527  10.0604  10.0775  10.1140  10.1332  10.1410  10.1671  10.1861
 10.2543  10.2610  10.2843  10.2945  10.3043  10.3290  10.3334  10.4084
 10.4235  10.4280  10.4411  10.4515  10.4525  10.4644  10.4743  10.4788
 10.4825  10.4930  10.5465  10.5717  10.6158  10.6339  10.6742  10.6977
 10.8002  10.8398  10.8447  10.8662  10.8988  10.9032  10.9139  10.9229
 11.0107  11.0556  11.1020  11.1243  11.1391  11.1804  11.2928  11.3858
 11.6415  11.6457  11.7831  11.8498  11.8954  12.0101  12.0854  12.2302
 12.2711  12.3147  12.3458  12.3833  12.3866  12.4073  12.4354  12.4737
 12.4775  12.5181  12.5607  12.5836  12.7219  12.8066  12.8162  12.8499
 12.9000  13.0050  13.0524  13.1004  13.1647  13.2351  13.2456  13.2718
 13.3290  13.4563  13.4648  13.4958  13.5720  13.6400  13.8334  14.3351
 14.3954  14.7688  15.2226  17.5328  28.7617  29.0535  29.4827  29.6735
 29.7097  29.7640  29.8164  29.9912  49.1220  49.2665  59.5315 150.6755
150.9607 151.3750 151.5958 151.6314 151.6403 151.7443 151.8649 258.2802
258.4350 321.1959
 
 Beta MOs
 -- Occupied --
-66.2031 -19.2127 -19.1756 -10.2438 -10.2305 -10.2270 -10.1827 -10.1780
-10.1591 -10.1591 -10.1585  -5.3155  -3.5943  -3.5893  -3.5889  -1.1040
 -1.0343  -0.7861  -0.7470  -0.6993  -0.6680  -0.6630  -0.6070  -0.5763
 -0.5239  -0.4861  -0.4647  -0.4266  -0.4237  -0.4039  -0.3901  -0.3884
 -0.3873  -0.3819  -0.3767  -0.3698  -0.3624  -0.3519  -0.3477  -0.3336
 -0.2860  -0.2831  -0.2585  -0.2231
 -- Virtual --
 -0.1365  -0.0800  -0.0023   0.0093   0.0241   0.0304   0.0357   0.0405
  0.0471   0.0521   0.0580   0.0601   0.0647   0.0718   0.0867   0.0897
  0.0938   0.0997   0.1068   0.1119   0.1140   0.1169   0.1234   0.1247
  0.1290   0.1362   0.1420   0.1457   0.1589   0.1695   0.1766   0.1883
  0.1932   0.1989   0.2105   0.2148   0.2196   0.2265   0.2367   0.2410
  0.2513   0.2596   0.2600   0.2690   0.2702   0.2762   0.2810   0.2904
  0.2916   0.2932   0.2971   0.3034   0.3045   0.3128   0.3162   0.3192
  0.3296   0.3405   0.3452   0.3513   0.3543   0.3667   0.3714   0.3809
  0.3861   0.3927   0.4045   0.4150   0.4220   0.4461   0.4503   0.4520
  0.4581   0.4626   0.4676   0.4753   0.4779   0.4863   0.4987   0.5058
  0.5093   0.5184   0.5287   0.5317   0.5405   0.5475   0.5613   0.5663
  0.5749   0.5810   0.5862   0.5983   0.6004   0.6172   0.6218   0.6295
  0.6470   0.6539   0.6599   0.6664   0.6727   0.6840   0.6925   0.6973
  0.7068   0.7111   0.7180   0.7276   0.7353   0.7395   0.7441   0.7525
  0.7552   0.7696   0.7789   0.7830   0.7891   0.7966   0.8071   0.8136
  0.8186   0.8293   0.8304   0.8368   0.8397   0.8434   0.8456   0.8483
  0.8659   0.8678   0.8740   0.8770   0.8812   0.8901   0.8985   0.9005
  0.9088   0.9225   0.9303   0.9436   0.9465   0.9535   0.9701   0.9783
  0.9826   0.9892   0.9944   0.9969   1.0043   1.0130   1.0182   1.0245
  1.0288   1.0457   1.0501   1.0524   1.0605   1.0694   1.0774   1.0831
  1.0864   1.0978   1.1039   1.1207   1.1243   1.1288   1.1380   1.1452
  1.1536   1.1616   1.1712   1.1800   1.1827   1.1930   1.2019   1.2056
  1.2126   1.2252   1.2476   1.2611   1.2709   1.2771   1.2790   1.3062
  1.3081   1.3177   1.3208   1.3344   1.3472   1.3536   1.3680   1.3832
  1.3927   1.4100   1.4135   1.4354   1.4487   1.4585   1.4639   1.4709
  1.4855   1.4952   1.5006   1.5119   1.5133   1.5224   1.5341   1.5370
  1.5575   1.5620   1.5713   1.5780   1.5980   1.6025   1.6155   1.6294
  1.6490   1.6594   1.6697   1.6825   1.6914   1.6961   1.7169   1.7274
  1.7379   1.7527   1.7769   1.7826   1.8031   1.8081   1.8266   1.8332
  1.8476   1.8543   1.8566   1.8730   1.8824   1.8948   1.8958   1.9026
  1.9186   1.9280   1.9342   1.9441   1.9473   1.9614   1.9644   1.9747
  1.9873   1.9914   1.9935   2.0099   2.0155   2.0204   2.0303   2.0397
  2.0431   2.0521   2.0718   2.0770   2.0898   2.0972   2.1053   2.1151
  2.1242   2.1292   2.1363   2.1458   2.1499   2.1613   2.1689   2.1737
  2.1853   2.1881   2.1919   2.1979   2.2031   2.2096   2.2133   2.2166
  2.2344   2.2433   2.2497   2.2517   2.2653   2.2793   2.2810   2.2880
  2.2943   2.3041   2.3071   2.3170   2.3218   2.3283   2.3296   2.3438
  2.3535   2.3650   2.3732   2.3806   2.4007   2.4074   2.4121   2.4200
  2.4242   2.4384   2.4463   2.4517   2.4681   2.4778   2.4818   2.4880
  2.4965   2.5049   2.5164   2.5210   2.5347   2.5406   2.5521   2.5578
  2.5606   2.5647   2.5760   2.5835   2.5926   2.6000   2.6050   2.6122
  2.6191   2.6364   2.6487   2.6596   2.6642   2.6738   2.6806   2.6904
  2.7026   2.7088   2.7147   2.7253   2.7347   2.7399   2.7468   2.7533
  2.7660   2.7749   2.7812   2.7924   2.8013   2.8055   2.8095   2.8247
  2.8441   2.8471   2.8609   2.8659   2.8741   2.8802   2.8843   2.9027
  2.9072   2.9084   2.9197   2.9289   2.9436   2.9563   2.9688   2.9838
  2.9954   3.0069   3.0254   3.0296   3.0335   3.0346   3.0480   3.0590
  3.0679   3.0778   3.0800   3.0921   3.0944   3.1100   3.1270   3.1417
  3.1519   3.1591   3.1688   3.1734   3.1892   3.1925   3.2163   3.2227
  3.2362   3.2430   3.2540   3.2752   3.2856   3.3112   3.3144   3.3409
  3.3535   3.3642   3.3730   3.3845   3.4017   3.4092   3.4202   3.4373
  3.4544   3.4648   3.4725   3.4790   3.4937   3.5138   3.5250   3.5357
  3.5477   3.5658   3.5692   3.5821   3.5872   3.5956   3.6029   3.6102
  3.6248   3.6372   3.6417   3.6459   3.6662   3.6862   3.7056   3.7131
  3.7250   3.7443   3.7583   3.7663   3.7748   3.8067   3.8085   3.8372
  3.8412   3.8521   3.8666   3.8845   3.8957   3.8992   3.9198   3.9301
  3.9559   3.9691   3.9746   3.9871   4.0004   4.0166   4.0342   4.0540
  4.0546   4.0675   4.0736   4.0799   4.0840   4.0960   4.1073   4.1326
  4.1514   4.1630   4.1880   4.2010   4.2191   4.2443   4.2738   4.3144
  4.3580   4.3996   4.4164   4.4457   4.4724   4.4923   4.5018   4.5100
  4.5311   4.5542   4.5559   4.5862   4.6065   4.6213   4.6540   4.6779
  4.6986   4.7054   4.7393   4.7619   4.7851   4.8361   4.8432   4.8773
  4.9344   4.9540   5.0160   5.0505   5.0593   5.0784   5.1057   5.1359
  5.1642   5.1919   5.2030   5.2202   5.2375   5.2516   5.2760   5.2903
  5.3373   5.3599   5.3740   5.3940   5.4178   5.4385   5.4448   5.4581
  5.4921   5.5127   5.5150   5.5249   5.5457   5.5515   5.5751   5.5988
  5.6058   5.6163   5.6244   5.6527   5.6702   5.6801   5.6896   5.6985
  5.7098   5.7180   5.7603   5.7911   5.8025   5.8203   5.8353   5.8649
  5.8842   5.9053   5.9103   5.9218   5.9372   5.9522   5.9530   5.9607
  5.9727   5.9815   6.0013   6.0064   6.0165   6.0200   6.0266   6.0487
  6.0515   6.0610   6.0748   6.0837   6.0953   6.1035   6.1200   6.1303
  6.1325   6.1423   6.1629   6.1688   6.1830   6.1883   6.2128   6.2284
  6.2296   6.2446   6.2576   6.2645   6.2678   6.2775   6.2903   6.2989
  6.3061   6.3256   6.3422   6.3455   6.3532   6.3558   6.3683   6.3759
  6.3866   6.3969   6.4024   6.4070   6.4104   6.4255   6.4355   6.4459
  6.4476   6.4514   6.4589   6.4623   6.4812   6.4869   6.5011   6.5056
  6.5122   6.5212   6.5323   6.5502   6.5597   6.5648   6.5695   6.5822
  6.5911   6.5969   6.6131   6.6167   6.6339   6.6412   6.6488   6.6505
  6.6580   6.6690   6.6729   6.6750   6.6844   6.6869   6.6918   6.6944
  6.7018   6.7126   6.7202   6.7258   6.7449   6.7607   6.7699   6.7748
  6.7990   6.8131   6.8248   6.8480   6.8511   6.8799   6.8891   6.8969
  6.9064   6.9108   6.9288   6.9333   6.9386   6.9443   6.9486   6.9620
  6.9816   7.0063   7.0160   7.0297   7.0407   7.0654   7.0683   7.0738
  7.0821   7.0973   7.1162   7.1218   7.1241   7.1365   7.1526   7.1628
  7.1718   7.1920   7.2074   7.2319   7.2552   7.2814   7.2888   7.2959
  7.3146   7.3442   7.3758   7.3971   7.4134   7.4168   7.4289   7.4357
  7.4468   7.4495   7.4624   7.4722   7.4743   7.5647   7.6226   7.6616
  7.6837   7.6899   7.7319   7.7375   7.7416   7.7489   7.7540   7.7700
  7.7830   7.8056   7.8183   7.8280   7.8417   7.8479   7.8521   7.8678
  7.8694   7.8977   7.9011   7.9213   7.9268   7.9533   7.9921   8.0183
  8.0623   8.0904   8.1168   8.1314   8.1383   8.1486   8.1774   8.1790
  8.1930   8.1956   8.2094   8.2110   8.2210   8.2306   8.2372   8.2410
  8.2458   8.2468   8.2528   8.2643   8.2759   8.2824   8.2920   8.3001
  8.3075   8.3288   8.3784   8.3920   8.4047   8.4093   8.4243   8.4259
  8.4370   8.4415   8.4517   8.4673   8.4739   8.4909   8.5124   8.5280
  8.5978   8.6032   8.6140   8.6219   8.6296   8.6431   8.6442   8.6484
  8.6611   8.6682   8.6714   8.6945   8.7378   8.7405   8.7937   8.8458
  8.8548   8.8626   8.8785   8.8822   8.8918   8.8960   8.9071   8.9083
  8.9171   8.9258   8.9326   8.9381   8.9459   8.9530   8.9604   8.9785
  8.9900   8.9999   9.0128   9.0227   9.0298   9.0386   9.0414   9.0520
  9.0652   9.1296   9.1386   9.1473   9.1625   9.1738   9.1821   9.1917
  9.2085   9.2486   9.2674   9.2736   9.3001   9.3121   9.3166   9.3267
  9.3332   9.3580   9.3690   9.3715   9.3764   9.3924   9.3993   9.4071
  9.4201   9.4237   9.4294   9.4419   9.4428   9.4607   9.4839   9.4929
  9.5429   9.6007   9.6159   9.7225   9.7749   9.8608   9.8984   9.9961
 10.0118  10.0440  10.0567  10.0773  10.0965  10.1121  10.1437  10.1756
 10.1888  10.2084  10.2710  10.2862  10.2916  10.3074  10.3123  10.3284
 10.3342  10.4262  10.4316  10.4337  10.4429  10.4528  10.4554  10.4666
 10.4784  10.4848  10.4920  10.5071  10.5436  10.5978  10.6507  10.6779
 10.7046  10.7844  10.8109  10.8422  10.8517  10.8674  10.9048  10.9167
 10.9219  10.9664  11.0060  11.1035  11.1184  11.1259  11.1525  11.1832
 11.3129  11.3952  11.7378  11.7404  11.8051  11.9430  11.9977  12.0202
 12.0950  12.2392  12.2771  12.3274  12.3630  12.4004  12.4151  12.4518
 12.4739  12.4876  12.5239  12.5480  12.5748  12.6736  12.7364  12.8587
 12.8920  12.9126  12.9230  13.0174  13.0610  13.1121  13.1266  13.2479
 13.2611  13.3224  13.4051  13.4463  13.4706  13.5732  13.6148  13.6559
 13.8455  14.3665  14.4821  14.8574  15.2310  17.5383  28.7929  29.0832
 29.5017  29.6802  29.7098  29.7793  29.8194  29.9978  49.1878  49.2723
 59.5329 150.6954 150.9806 151.3856 151.6015 151.6318 151.6496 151.7462
151.8682 258.3135 258.4376 321.1963
 --------------------------------------------------------------
 
          Ground-State Mulliken Net Atomic Charges

     Atom                 Charge (a.u.)    Spin (a.u.)
  --------------------------------------------------------
      1 O                    -0.392517       0.455034
      2 C                     0.122314       0.994789
      3 Si                    0.471147       0.121462
      4 C                    -0.628813       0.001470
      5 C                    -0.613151       0.079548
      6 C                    -0.634701      -0.008037
      7 C                     0.221076      -0.140596
      8 C                    -0.294783       0.327770
      9 C                    -0.252990      -0.084380
     10 C                    -0.063335       0.238260
     11 O                    -0.215104       0.026079
     12 H                     0.194371      -0.000129
     13 H                     0.160199      -0.001301
     14 H                     0.205633      -0.000196
     15 H                     0.153832       0.015346
     16 H                     0.199169      -0.004398
     17 H                     0.214040      -0.003772
     18 H                     0.203155      -0.000438
     19 H                     0.171012      -0.000239
     20 H                     0.199163       0.000407
     21 H                     0.180874      -0.007669
     22 H                     0.185464       0.001194
     23 H                     0.213946      -0.010203
  --------------------------------------------------------
  Sum of atomic charges =    -0.000000
  Sum of spin   charges =     2.000000

 -----------------------------------------------------------------
                    Cartesian Multipole Moments
 -----------------------------------------------------------------
    Charge (ESU x 10^10)
                -0.0000
    Dipole Moment (Debye)
         X      -0.8393      Y       0.0793      Z      -1.2256
       Tot       1.4876
    Quadrupole Moments (Debye-Ang)
        XX     -66.6316     XY       1.5727     YY     -73.1264
        XZ      -4.8831     YZ       0.2135     ZZ     -76.7999
    Octopole Moments (Debye-Ang^2)
       XXX      37.7220    XXY       2.5250    XYY      18.1784
       YYY      -5.7516    XXZ     -80.7646    XYZ       4.2622
       YYZ     -73.0180    XZZ      12.6132    YZZ      -8.6143
       ZZZ    -239.2266
    Hexadecapole Moments (Debye-Ang^3)
      XXXX   -1916.8328   XXXY      -7.9668   XXYY    -397.4676
      XYYY     -27.5943   YYYY    -476.8531   XXXZ     341.6361
      XXYZ       1.3580   XYYZ     121.2900   YYYZ     -26.8050
      XXZZ    -519.1833   XYZZ     -19.5968   YYZZ    -268.9038
      XZZZ     385.2149   YZZZ     -40.3546   ZZZZ   -1239.8032
 -----------------------------------------------------------------
 Total job time:  46.06s(wall), 1414.71s(cpu) 
 Fri Jan 24 13:20:55 2025

        *************************************************************
        *                                                           *
        *  Thank you very much for using Q-Chem.  Have a nice day.  *
        *                                                           *
        *************************************************************


