
Running Job 1 of 1 ent1-p1-doublet-wb97xd-B97mV.in
qchem ent1-p1-doublet-wb97xd-B97mV.in_3579084.0 /expanse/lustre/scratch/whughes/temp_project/job_32693631/ent1-p1-doublet-wb97xd-B97mV-32693631/ 0
/cm/shared/apps/spack/0.17.3/cpu/b/opt/spack/linux-rocky8-zen2/gcc-10.2.0/qchem-6.0-rytxnwjazd34ekd2gqyi5ufsaimxsd3r/exe/qcprog.exe_s ent1-p1-doublet-wb97xd-B97mV.in_3579084.0 /expanse/lustre/scratch/whughes/temp_project/job_32693631/ent1-p1-doublet-wb97xd-B97mV-32693631/
                  Welcome to Q-Chem
     A Quantum Leap Into The Future Of Chemistry


 Q-Chem 6.0, Q-Chem, Inc., Pleasanton, CA (2022)

 License issued to: University of California, San Diego (site)

 E. Epifanovsky,  A. T. B. Gilbert,  Xintian Feng,  Joonho Lee,  Yuezhi Mao,  
 N. Mardirossian,  P. Pokhilko,  A. White,  M. Wormit,  M. P. Coons,  
 A. L. Dempwolff,  Zhengting Gan,  D. Hait,  P. R. Horn,  L. D. Jacobson,  
 I. Kaliman,  J. Kussmann,  A. W. Lange,  Ka Un Lao,  D. S. Levine,  Jie Liu,  
 S. C. McKenzie,  A. F. Morrison,  K. Nanda,  F. Plasser,  D. R. Rehn,  
 M. L. Vidal,  Zhi-Qiang You,  Ying Zhu,  B. Alam,  B. Albrecht,  
 A. Aldossary,  E. Alguire,  J. H. Andersen,  V. Athavale,  D. Barton,  
 K. Begam,  A. Behn,  N. Bellonzi,  Y. A. Bernard,  E. J. Berquist,  
 H. Burton,  A. Carreras,  K. Carter-Fenk,  Romit Chakraborty,  
 Chandrima Chakravarty,  Junhan Chen,  A. D. Chien,  K. D. Closser,  
 V. Cofer-Shabica,  L. Cunha,  S. Dasgupta,  Jia Deng,  M. de Wergifosse,  
 M. Diedenhofen,  Hainam Do,  S. Ehlert,  Po-Tung Fang,  S. Fatehi,  
 Qingguo Feng,  T. Friedhoff,  B. Ganoe,  J. Gayvert,  Qinghui Ge,  
 G. Gidofalvi,  M. Goldey,  J. Gomes,  C. Gonzalez-Espinoza,  S. Gulania,  
 A. Gunina,  J. A. Gyamfi,  M. W. D. Hanson-Heine,  P. H. P. Harbach,  
 A. W. Hauser,  M. F. Herbst,  M. Hernandez Vera,  M. Hodecker,  
 Z. C. Holden,  S. Houck,  Xunkun Huang,  Kerwin Hui,  B. C. Huynh,  
 K. Ikeda,  M. Ivanov,  Hyunjun Ji,  Zuxin Jin,  Hanjie Jiang,  B. Kaduk,  
 S. Kaehler,  R. Kang,  K. Khistyaev,  Jaehoon Kim,  Yongbin Kim,  
 P. Klunzinger,  Z. Koczor-Benda,  Joong Hoon Koh,  D. Kosenkov,  
 Saikiran Kotaru,  L. Koulias,  T. Kowalczyk,  C. M. Krauter,  K. Kue,  
 A. Kunitsa,  T. Kus,  A. Landau,  K. V. Lawler,  D. Lefrancois,  S. Lehtola,  
 Rain Li,  Shaozhi Li,  Yi-Pei Li,  Jiashu Liang,  M. Liebenthal,  
 Hung-Hsuan Lin,  You-Sheng Lin,  Fenglai Liu,  Kuan-Yu Liu,  
 M. Loipersberger,  A. Luenser,  C. Malbon,  A. Manjanath,  P. Manohar,  
 E. Mansoor,  S. F. Manzer,  Shan-Ping Mao,  A. V. Marenich,  T. Markovich,  
 S. Mason,  F. Matz,  S. A. Maurer,  P. F. McLaughlin,  M. F. S. J. Menger,  
 J.-M. Mewes,  S. A. Mewes,  P. Morgante,  Mohammad Mostafanejad,  
 J. W. Mullinax,  K. J. Oosterbaan,  G. Paran,  V. Parravicini,  
 Alexander C. Paul,  Suranjan K. Paul,  F. Pavosevic,  Zheng Pei,  S. Prager,  
 E. I. Proynov,  E. Ramos,  B. Rana,  A. E. Rask,  A. Rettig,  R. M. Richard,  
 F. Rob,  E. Rossomme,  T. Scheele,  M. Scheurer,  M. Schneider,  
 P. E. Schneider,  N. Sergueev,  S. M. Sharada,  Hengyuan Shen,  
 W. Skomorowski,  D. W. Small,  C. J. Stein,  Yingli Su,  Yu-Chuan Su,  
 E. J. Sundstrom,  Zhen Tao,  J. Thirman,  Hung-Yi Tsai,  T. Tsuchimochi,  
 N. M. Tubman,  C. Utku,  S. P. Veccham,  O. Vydrov,  J. Wenzel,  
 Jonathan Wong,  J. Witte,  A. Yamada,  Chou-Hsun Yang,  Kun Yao,  
 S. Yeganeh,  S. R. Yost,  A. Zech,  F. Zeller,  Igor Ying Zhang,  
 Xing Zhang,  Yu Zhang,  D. Zuev,  A. Aspuru-Guzik,  A. T. Bell,  
 N. A. Besley,  K. B. Bravaya,  B. R. Brooks,  D. Casanova,  Jeng-Da Chai,  
 Hsing-Ta Chen,  S. Coriani,  C. J. Cramer,  A. E. DePrince, III,  
 R. A. DiStasio Jr.,  A. Dreuw,  B. D. Dunietz,  T. R. Furlani,  
 W. A. Goddard III,  S. Grimme,  S. Hammes-Schiffer,  T. Head-Gordon,  
 W. J. Hehre,  Chao-Ping Hsu,  T.-C. Jagau,  Yousung Jung,  A. Klamt,  
 Jing Kong,  D. S. Lambrecht,  Xiangyuan Li,  WanZhen Liang,  N. J. Mayhall,  
 C. W. McCurdy,  J. B. Neaton,  T. Neudecker,  C. Ochsenfeld,  
 J. A. Parkhill,  R. Peverati,  V. A. Rassolov,  Haisheng Ren,  Yihan Shao,  
 L. V. Slipchenko,  R. P. Steele,  J. E. Subotnik,  A. J. W. Thom,  
 A. Tkatchenko,  D. G. Truhlar,  T. Van Voorhis,  Fan Wang,  
 T. A. Wesolowski,  K. B. Whaley,  H. L. Woodcock III,  P. M. Zimmerman,  
 S. Faraji,  P. M. W. Gill,  M. Head-Gordon,  J. M. Herbert,  A. I. Krylov

 Contributors to earlier versions of Q-Chem not listed above: 
 R. D. Adamson,  B. Austin,  R. Baer,  J. Baker,  G. J. O. Beran,  
 K. Brandhorst,  S. T. Brown,  E. F. C. Byrd,  Arup K. Chakraborty,  
 G. K. L. Chan,  Chun-Min Chang,  Yunqing Chen,  C.-L. Cheng,  
 Siu Hung Chien,  D. M. Chipman,  D. L. Crittenden,  H. Dachsel,  
 R. J. Doerksen,  A. D. Dutoi,  R. G. Edgar,  J. Fosso-Tande,  
 L. Fusti-Molnar,  D. Ghosh,  A. Ghysels,  A. Golubeva-Zadorozhnaya,  
 J. Gonthier,  M. S. Gordon,  S. R. Gwaltney,  G. Hawkins,  J. E. Herr,  
 A. Heyden,  S. Hirata,  E. G. Hohenstein,  G. Kedziora,  F. J. Keil,  
 C. Kelley,  Jihan Kim,  R. A. King,  R. Z. Khaliullin,  P. P. Korambath,  
 W. Kurlancheek,  A. Laurent,  A. M. Lee,  M. S. Lee,  S. V. Levchenko,  
 Ching Yeh Lin,  D. Liotard,  E. Livshits,  R. C. Lochan,  I. Lotan,  
 L. A. Martinez-Martinez,  P. E. Maslen,  N. Nair,  D. P. O'Neill,  
 D. Neuhauser,  E. Neuscamman,  C. M. Oana,  R. Olivares-Amaya,  R. Olson,  
 T. M. Perrine,  B. Peters,  P. A. Pieniazek,  A. Prociuk,  Y. M. Rhee,  
 J. Ritchie,  M. A. Rohrdanz,  E. Rosta,  N. J. Russ,  H. F. Schaefer III,  
 M. W. Schmidt,  N. E. Schultz,  S. Sharma,  N. Shenvi,  C. D. Sherrill,  
 A. C. Simmonett,  A. Sodt,  T. Stein,  D. Stuck,  K. S. Thanthiriwatte,  
 V. Vanovschi,  L. Vogt,  Tao Wang,  A. Warshel,  M. A. Watson,  
 C. F. Williams,  Q. Wu,  X. Xu,  Jun Yang,  W. Zhang,  Yan Zhao

   Please cite Q-Chem as follows:
  "Software for the frontiers of quantum chemistry:
   An overview of developments in the Q-Chem 5 package"
   J. Chem. Phys. 155, 084801 (2021)
   https://doi.org/10.1063/5.0055522 (open access)

 Q-Chem 6.0.2 for Intel X86 EM64T Linux

 Parts of Q-Chem use Armadillo 9.900.5 (Nocturnal Misbehaviour).
 http://arma.sourceforge.net/

 Q-Chem begins on Thu Aug  1 13:19:03 2024  

 Host: 
0

     Scratch files written to /expanse/lustre/scratch/whughes/temp_project/job_32693631/ent1-p1-doublet-wb97xd-B97mV-32693631//
 Dec722 |scratch|qcdevops|jenkins|workspace|build_RNUM    
 Processing $rem in /cm/shared/apps/spack/0.17.3/cpu/b/opt/spack/linux-rocky8-zen2/gcc-10.2.0/qchem-6.0-rytxnwjazd34ekd2gqyi5ufsaimxsd3r/config/preferences:
 Processing $rem in /home/whughes/.qchemrc:

 Checking the input file for inconsistencies... 	...done.

--------------------------------------------------------------
User input:
--------------------------------------------------------------
$molecule
0 2
C    1.0464100408    0.9008783375    0.0000806835
C    2.3362018678    0.3515728852    0.000179543
C    3.4761736293    1.0918071984    0.0002656558
C    -0.1955455321   0.1836046442    -0.0000151415
C    -1.4024339742   0.9060301113    -0.0001019242
C    -2.6251140713   0.2641615607    -0.0001953064
C    -2.6858460872   -1.1233323355   -0.0002055643
C    -1.5057347807   -1.8580829442   -0.0001213683
C    -0.2811776877   -1.2208511497   -0.0000278316
H    0.9742055586    1.9845247172    0.0000761362
H    2.4380730287    -0.7288978159   0.0001891475
H    4.4514677105    0.6250452522    0.000340981
H    3.4413308134    2.1749600096    0.000261294
H    -1.3634794769   1.9891644243    -0.0000943858
H    -3.5377920523   0.8468391045    -0.0002604599
H    -3.6429934831   -1.6286280065   -0.0002787035
H    -1.5444716993   -2.9402989457   -0.0001291318
H    0.6207251956    -1.8185000477   0.0000353764
$end

$rem
METHOD      B97M-V
BASIS       def2-QZVPP
SYM_IGNORE   TRUE
DFT_D       false
MAX_SCF_CYCLES 300
$end

$end
--------------------------------------------------------------
 ----------------------------------------------------------------
             Standard Nuclear Orientation (Angstroms)
    I     Atom           X                Y                Z
 ----------------------------------------------------------------
    1      C       1.0464100408     0.9008783375     0.0000806835
    2      C       2.3362018678     0.3515728852     0.0001795430
    3      C       3.4761736293     1.0918071984     0.0002656558
    4      C      -0.1955455321     0.1836046442    -0.0000151415
    5      C      -1.4024339742     0.9060301113    -0.0001019242
    6      C      -2.6251140713     0.2641615607    -0.0001953064
    7      C      -2.6858460872    -1.1233323355    -0.0002055643
    8      C      -1.5057347807    -1.8580829442    -0.0001213683
    9      C      -0.2811776877    -1.2208511497    -0.0000278316
   10      H       0.9742055586     1.9845247172     0.0000761362
   11      H       2.4380730287    -0.7288978159     0.0001891475
   12      H       4.4514677105     0.6250452522     0.0003409810
   13      H       3.4413308134     2.1749600096     0.0002612940
   14      H      -1.3634794769     1.9891644243    -0.0000943858
   15      H      -3.5377920523     0.8468391045    -0.0002604599
   16      H      -3.6429934831    -1.6286280065    -0.0002787035
   17      H      -1.5444716993    -2.9402989457    -0.0001291318
   18      H       0.6207251956    -1.8185000477     0.0000353764
 ----------------------------------------------------------------
 Nuclear Repulsion Energy =         380.50839540 hartrees
 There are       32 alpha and       31 beta electrons
 Requested basis set is def2-QZVPP
 There are 243 shells and 783 basis functions

 Total QAlloc Memory Limit   8000 MB
 Mega-Array Size       188 MB
 MEM_STATIC part       192 MB

 A cutoff of  1.0D-09 yielded  21086 shell pairs
 There are    213394 function pairs (    319045 Cartesian)
 Smallest overlap matrix eigenvalue = 5.93E-06

 Q-Chem warning in module stvman/mkSTV.C, line 305:

 Overlap eigenvalue is smaller than square root of threshold
 Use THRESH >= 12 to get rid of this warning


 Scale SEOQF with 1.000000e-01/1.000000e-01/1.000000e+00

 Standard Electronic Orientation quadrupole field applied
 Nucleus-field energy     =     0.0000000164 hartrees
 Guess from superposition of atomic densities
 Warning:  Energy on first SCF cycle will be non-variational
 SAD guess density has 63.000000 electrons

 -----------------------------------------------------------------------
  General SCF calculation program by
  Eric Jon Sundstrom, Paul Horn, Yuezhi Mao, Dmitri Zuev, Alec White,
  David Stuck, Shaama M.S., Shane Yost, Joonho Lee, David Small,
  Daniel Levine, Susi Lehtola, Hugh Burton, Evgeny Epifanovsky,
  Bang C. Huynh
 -----------------------------------------------------------------------
 Exchange:  B97M-V      Correlation:  B97M-V
 Using SG-2 standard quadrature grid
 Nonlocal Correlation:  VV10 with C = 0.0100 and b = 6.00 and scale = 1.00000
 Grid used for NLC:  SG-1 standard quadrature
 using 32 threads for integral computing
 -------------------------------------------------------
 OpenMP Integral computing Module                
 Release: version 1.0, May 2013, Q-Chem Inc. Pittsburgh 
 -------------------------------------------------------
 A unrestricted SCF calculation will be
 performed using DIIS
 SCF converges when DIIS error is below 1.0e-05
 ---------------------------------------
  Cycle       Energy         DIIS error
 ---------------------------------------
    1    -350.1073837101      6.69e-03  
    2    -348.2937969736      7.66e-04  
    3    -348.2046532529      9.19e-04  
    4    -348.4875930828      1.43e-04  
    5    -348.4905897327      1.06e-04  
    6    -348.4946619907      2.98e-05  
    7    -348.4949622519      1.47e-05  
    8    -348.4950397560      7.27e-06  Convergence criterion met
 ---------------------------------------
 SCF time:   CPU 2586.74s  wall 82.00s 
<S^2> =          0.780732022
 SCF   energy in the final basis set =     -348.4950397560
 Total energy in the final basis set =     -348.4950397560
 
 --------------------------------------------------------------
 
                    Orbital Energies (a.u.)
 --------------------------------------------------------------
 
 Alpha MOs
 -- Occupied --
-10.1948 -10.1937 -10.1857 -10.1853 -10.1849 -10.1845 -10.1841 -10.1835
-10.1822  -0.8495  -0.7930  -0.7418  -0.7350  -0.6623  -0.5936  -0.5775
 -0.5318  -0.4955  -0.4514  -0.4421  -0.4213  -0.3999  -0.3913  -0.3750
 -0.3625  -0.3416  -0.3272  -0.3127  -0.3093  -0.2497  -0.2443  -0.1639
 -- Virtual --
 -0.0423  -0.0326   0.0135   0.0223   0.0234   0.0273   0.0475   0.0515
  0.0719   0.0816   0.0847   0.0888   0.1081   0.1096   0.1151   0.1167
  0.1252   0.1472   0.1521   0.1561   0.1618   0.1638   0.1732   0.1944
  0.1947   0.1962   0.2127   0.2196   0.2409   0.2443   0.2461   0.2506
  0.2627   0.2660   0.2705   0.2800   0.2807   0.2893   0.2914   0.3000
  0.3062   0.3200   0.3256   0.3304   0.3397   0.3632   0.3665   0.3705
  0.3806   0.3950   0.4039   0.4149   0.4168   0.4228   0.4340   0.4439
  0.4490   0.4512   0.4549   0.4711   0.4770   0.4892   0.5006   0.5040
  0.5091   0.5134   0.5270   0.5273   0.5556   0.5588   0.5682   0.5838
  0.5854   0.6077   0.6263   0.6291   0.6490   0.6546   0.6787   0.6889
  0.7003   0.7127   0.7185   0.7223   0.7279   0.7316   0.7491   0.7494
  0.7611   0.7694   0.7695   0.7777   0.7787   0.7864   0.7948   0.8153
  0.8176   0.8236   0.8348   0.8386   0.8617   0.8622   0.8665   0.8672
  0.8723   0.8786   0.8798   0.8906   0.8962   0.9150   0.9273   0.9288
  0.9350   0.9413   0.9573   0.9643   0.9747   0.9859   1.0020   1.0054
  1.0137   1.0237   1.0348   1.0368   1.0390   1.0612   1.0625   1.0740
  1.0905   1.0982   1.1027   1.1357   1.1366   1.1478   1.1611   1.1735
  1.1763   1.1906   1.1976   1.2215   1.2312   1.2392   1.2612   1.2663
  1.2692   1.2853   1.3003   1.3122   1.3214   1.3214   1.3348   1.3795
  1.3992   1.4196   1.4477   1.4616   1.4973   1.5000   1.5265   1.5379
  1.5481   1.5568   1.5806   1.5938   1.6073   1.6175   1.6297   1.6528
  1.6703   1.6734   1.6757   1.6976   1.7025   1.7248   1.7311   1.7426
  1.7621   1.7679   1.7831   1.7850   1.7970   1.8127   1.8162   1.8286
  1.8624   1.8823   1.8884   1.8942   1.9004   1.9080   1.9120   1.9160
  1.9267   1.9543   1.9562   1.9691   1.9807   1.9866   2.0004   2.0036
  2.0036   2.0092   2.0300   2.0440   2.0470   2.0516   2.0584   2.0686
  2.0721   2.0902   2.0975   2.1060   2.1160   2.1248   2.1374   2.1604
  2.1635   2.1652   2.1817   2.1922   2.1973   2.2210   2.2286   2.2334
  2.2478   2.2510   2.2702   2.2791   2.2892   2.3064   2.3192   2.3238
  2.3386   2.3415   2.3549   2.3571   2.3665   2.3854   2.3867   2.4083
  2.4187   2.4216   2.4400   2.4690   2.4748   2.4832   2.5112   2.5198
  2.5224   2.5285   2.5338   2.5483   2.5488   2.5665   2.5724   2.5762
  2.5896   2.5941   2.6000   2.6165   2.6193   2.6212   2.6321   2.6322
  2.6484   2.6606   2.6658   2.6723   2.6825   2.6927   2.7063   2.7170
  2.7286   2.7297   2.7440   2.7581   2.7647   2.7701   2.7770   2.7825
  2.7846   2.7935   2.8108   2.8285   2.8451   2.8583   2.8670   2.8897
  2.8939   2.8999   2.9082   2.9198   2.9317   2.9480   2.9703   2.9704
  2.9759   3.0087   3.0282   3.0374   3.0647   3.0676   3.1028   3.1079
  3.1191   3.1278   3.1444   3.1740   3.1827   3.1925   3.2136   3.2706
  3.2759   3.2962   3.3067   3.3305   3.3369   3.3591   3.3855   3.4072
  3.4304   3.4443   3.4822   3.4925   3.5019   3.5141   3.5211   3.5315
  3.5338   3.5383   3.5573   3.5762   3.5895   3.6027   3.6128   3.6172
  3.6278   3.6426   3.6447   3.6719   3.7090   3.7111   3.7183   3.7406
  3.7496   3.7633   3.7740   3.8334   3.8367   3.8572   3.9025   3.9411
  3.9428   3.9719   4.0127   4.0238   4.0596   4.0673   4.0890   4.1262
  4.1521   4.1748   4.1971   4.2180   4.2272   4.2688   4.2780   4.2853
  4.3275   4.3835   4.4161   4.4471   4.4925   4.4984   4.5429   4.5984
  4.6101   4.6599   4.7086   4.7295   4.7736   4.8121   4.8637   4.9198
  4.9277   4.9409   5.0006   5.0184   5.0412   5.0975   5.0984   5.1250
  5.1421   5.1828   5.2001   5.2093   5.2184   5.2300   5.2511   5.2566
  5.2655   5.2924   5.3053   5.3369   5.3763   5.3807   5.4009   5.4215
  5.4388   5.4444   5.4505   5.4730   5.5106   5.5136   5.5222   5.5756
  5.5817   5.5869   5.5918   5.6172   5.6217   5.6275   5.6296   5.6397
  5.6766   5.6810   5.6946   5.7508   5.7515   5.7629   5.7709   5.7924
  5.7986   5.8173   5.8193   5.8300   5.8520   5.8633   5.8792   5.9112
  5.9234   5.9352   5.9506   5.9726   5.9787   5.9881   6.0015   6.0208
  6.0592   6.0620   6.0697   6.1090   6.1256   6.1359   6.1506   6.1631
  6.1687   6.1753   6.1792   6.2129   6.2182   6.2270   6.2419   6.2545
  6.2611   6.2745   6.2990   6.3113   6.3115   6.3144   6.3433   6.3511
  6.3653   6.3740   6.3971   6.4022   6.4081   6.4153   6.4226   6.4393
  6.4435   6.4530   6.4693   6.4753   6.4811   6.5037   6.5061   6.5146
  6.5202   6.5263   6.5270   6.5383   6.5390   6.5523   6.5623   6.5678
  6.5709   6.5862   6.5945   6.6042   6.6138   6.6378   6.6509   6.6714
  6.6802   6.6875   6.6917   6.7045   6.7248   6.7360   6.7558   6.7576
  6.7698   6.7813   6.7973   6.8077   6.8237   6.8334   6.8478   6.8535
  6.8755   6.8983   6.9029   6.9175   6.9348   6.9354   6.9446   6.9594
  6.9686   6.9731   7.0032   7.0035   7.0162   7.0163   7.0388   7.0825
  7.0888   7.1152   7.1168   7.1376   7.1405   7.1766   7.1849   7.1931
  7.2089   7.2513   7.2704   7.2776   7.2920   7.3015   7.3063   7.3185
  7.3402   7.3665   7.3871   7.3981   7.4106   7.4213   7.4703   7.4899
  7.5376   7.5475   7.5509   7.5787   7.6081   7.6095   7.6590   7.6899
  7.6972   7.6997   7.7498   7.7565   7.7946   7.8132   7.8162   7.8362
  7.8425   7.8760   7.8786   7.8814   7.8943   7.9224   7.9401   7.9517
  7.9766   7.9860   8.0139   8.0346   8.0347   8.0695   8.0780   8.0950
  8.1048   8.1402   8.1469   8.1586   8.1886   8.2066   8.2452   8.2525
  8.2644   8.2861   8.3017   8.3489   8.3550   8.3670   8.4107   8.4162
  8.4412   8.4447   8.4590   8.4815   8.4871   8.5228   8.5228   8.5583
  8.5918   8.6055   8.6117   8.6163   8.6392   8.6627   8.6679   8.6914
  8.7018   8.7144   8.7194   8.7386   8.7440   8.7575   8.7595   8.7750
  8.7785   8.8054   8.8131   8.8202   8.8265   8.8611   8.8642   8.8681
  8.8785   8.8985   8.9021   8.9154   8.9198   8.9239   8.9378   8.9445
  8.9619   8.9804   8.9884   9.0203   9.0221   9.0287   9.0457   9.0498
  9.0631   9.0657   9.0879   9.1231   9.1389   9.1539   9.1678   9.1819
  9.2030   9.2463   9.2469   9.2568   9.2721   9.3002   9.3321   9.3705
  9.3756   9.3983   9.4688   9.5001   9.5086   9.5921   9.6797   9.7284
  9.8108   9.8521   9.8976   9.9242  10.0072  10.0320  10.0365  10.0663
 10.1275  10.1464  10.1499  10.2011  10.2387  10.2493  10.2924  10.3018
 10.3089  10.3965  10.4264  10.4541  10.4645  10.4703  10.5081  10.5355
 10.5860  10.6026  10.6295  10.6510  10.6752  10.6915  10.7592  10.7834
 10.8039  10.8500  10.8712  10.9494  11.1329  11.2062  11.3196  11.3669
 11.5491  11.5752  11.9810  12.1349  12.3825  12.4074  12.8530  12.9417
 13.0552  13.2487  13.2935  13.3415  13.5339  28.6228  29.0063  29.1188
 29.2663  29.3985  29.6900  29.8051  29.9665  30.1703 150.5672 150.9257
151.0313 151.1716 151.2803 151.5497 151.6710 151.8455 152.0587
 
 Beta MOs
 -- Occupied --
-10.1961 -10.1876 -10.1859 -10.1852 -10.1846 -10.1832 -10.1827 -10.1824
-10.1756  -0.8461  -0.7845  -0.7371  -0.7323  -0.6451  -0.5911  -0.5731
 -0.5267  -0.4934  -0.4479  -0.4397  -0.4197  -0.3987  -0.3880  -0.3707
 -0.3530  -0.3388  -0.3248  -0.3115  -0.2893  -0.2388  -0.2363
 -- Virtual --
 -0.1132  -0.0347  -0.0235   0.0141   0.0229   0.0298   0.0381   0.0489
  0.0521   0.0734   0.0826   0.0867   0.0917   0.1097   0.1128   0.1165
  0.1218   0.1300   0.1534   0.1536   0.1571   0.1655   0.1718   0.1757
  0.1961   0.1987   0.2053   0.2163   0.2253   0.2422   0.2453   0.2473
  0.2545   0.2651   0.2688   0.2722   0.2816   0.2830   0.2921   0.2934
  0.3011   0.3113   0.3233   0.3274   0.3323   0.3435   0.3672   0.3686
  0.3729   0.3825   0.3973   0.4048   0.4176   0.4193   0.4320   0.4371
  0.4473   0.4507   0.4528   0.4581   0.4732   0.4818   0.4927   0.5024
  0.5057   0.5134   0.5168   0.5294   0.5312   0.5589   0.5632   0.5704
  0.5864   0.5892   0.6097   0.6301   0.6329   0.6525   0.6600   0.6821
  0.6977   0.7019   0.7138   0.7256   0.7274   0.7294   0.7351   0.7519
  0.7537   0.7646   0.7718   0.7736   0.7803   0.7832   0.7936   0.8000
  0.8182   0.8247   0.8284   0.8372   0.8420   0.8637   0.8674   0.8694
  0.8740   0.8823   0.8826   0.8843   0.8941   0.8972   0.9169   0.9308
  0.9316   0.9379   0.9439   0.9594   0.9672   0.9773   0.9912   1.0051
  1.0148   1.0162   1.0265   1.0377   1.0422   1.0443   1.0647   1.0666
  1.0767   1.0942   1.1026   1.1060   1.1406   1.1429   1.1509   1.1629
  1.1770   1.1791   1.1930   1.2020   1.2249   1.2373   1.2442   1.2652
  1.2713   1.2723   1.2896   1.3033   1.3159   1.3237   1.3258   1.3398
  1.3848   1.4017   1.4244   1.4506   1.4640   1.5024   1.5028   1.5300
  1.5415   1.5503   1.5641   1.5835   1.5971   1.6118   1.6208   1.6324
  1.6552   1.6735   1.6798   1.6814   1.7044   1.7063   1.7281   1.7380
  1.7453   1.7681   1.7734   1.7876   1.7912   1.8016   1.8154   1.8239
  1.8351   1.8657   1.8886   1.8963   1.8997   1.9059   1.9160   1.9213
  1.9224   1.9301   1.9599   1.9622   1.9753   1.9845   1.9904   2.0081
  2.0093   2.0129   2.0157   2.0358   2.0469   2.0523   2.0558   2.0607
  2.0737   2.0781   2.1005   2.1025   2.1130   2.1206   2.1290   2.1450
  2.1645   2.1679   2.1702   2.1890   2.1995   2.2030   2.2278   2.2329
  2.2385   2.2550   2.2552   2.2756   2.2848   2.2951   2.3133   2.3259
  2.3292   2.3437   2.3445   2.3605   2.3630   2.3708   2.3894   2.3913
  2.4130   2.4249   2.4291   2.4452   2.4739   2.4810   2.4898   2.5154
  2.5256   2.5272   2.5357   2.5389   2.5543   2.5553   2.5744   2.5804
  2.5826   2.5958   2.5983   2.6065   2.6207   2.6245   2.6267   2.6398
  2.6404   2.6539   2.6669   2.6724   2.6757   2.6862   2.6963   2.7131
  2.7212   2.7345   2.7354   2.7482   2.7609   2.7687   2.7756   2.7837
  2.7902   2.7911   2.7982   2.8163   2.8344   2.8478   2.8631   2.8729
  2.8924   2.8977   2.9035   2.9138   2.9244   2.9377   2.9503   2.9747
  2.9795   2.9819   3.0145   3.0350   3.0417   3.0703   3.0731   3.1076
  3.1149   3.1245   3.1322   3.1488   3.1820   3.1871   3.1999   3.2177
  3.2748   3.2812   3.3009   3.3118   3.3366   3.3413   3.3638   3.3920
  3.4131   3.4424   3.4521   3.4902   3.4989   3.5076   3.5227   3.5256
  3.5350   3.5407   3.5464   3.5644   3.5831   3.5975   3.6083   3.6199
  3.6203   3.6312   3.6463   3.6492   3.6759   3.7143   3.7176   3.7245
  3.7444   3.7566   3.7685   3.7795   3.8389   3.8414   3.8631   3.9091
  3.9476   3.9495   3.9761   4.0148   4.0285   4.0650   4.0704   4.0948
  4.1277   4.1594   4.1824   4.2013   4.2212   4.2342   4.2720   4.2831
  4.2888   4.3307   4.3883   4.4196   4.4530   4.4965   4.5023   4.5486
  4.6035   4.6178   4.6631   4.7167   4.7336   4.7787   4.8168   4.8669
  4.9246   4.9306   4.9450   5.0055   5.0218   5.0473   5.1014   5.1033
  5.1294   5.1542   5.1877   5.2027   5.2143   5.2243   5.2382   5.2557
  5.2600   5.2689   5.2989   5.3086   5.3472   5.3793   5.3829   5.4040
  5.4224   5.4430   5.4477   5.4535   5.4755   5.5104   5.5172   5.5258
  5.5740   5.5858   5.5859   5.5941   5.6232   5.6270   5.6300   5.6342
  5.6398   5.6812   5.6830   5.6978   5.7546   5.7552   5.7703   5.7755
  5.7948   5.8020   5.8173   5.8232   5.8324   5.8533   5.8688   5.8820
  5.9176   5.9259   5.9394   5.9533   5.9720   5.9815   5.9901   6.0010
  6.0255   6.0578   6.0659   6.0714   6.1106   6.1287   6.1374   6.1536
  6.1672   6.1714   6.1756   6.1824   6.2178   6.2182   6.2314   6.2476
  6.2546   6.2647   6.2777   6.2989   6.3153   6.3190   6.3209   6.3480
  6.3557   6.3713   6.3771   6.3946   6.4079   6.4139   6.4142   6.4247
  6.4449   6.4474   6.4612   6.4734   6.4800   6.4823   6.5054   6.5096
  6.5174   6.5219   6.5247   6.5381   6.5393   6.5419   6.5569   6.5684
  6.5717   6.5755   6.5892   6.5997   6.6021   6.6147   6.6398   6.6501
  6.6729   6.6806   6.6886   6.6961   6.7115   6.7289   6.7387   6.7583
  6.7602   6.7678   6.7872   6.8028   6.8126   6.8278   6.8343   6.8506
  6.8600   6.8776   6.8997   6.9051   6.9251   6.9379   6.9412   6.9494
  6.9573   6.9726   6.9759   7.0059   7.0063   7.0169   7.0190   7.0411
  7.0879   7.0937   7.1178   7.1222   7.1398   7.1459   7.1831   7.1871
  7.2000   7.2112   7.2518   7.2743   7.2824   7.2946   7.3057   7.3098
  7.3218   7.3409   7.3619   7.3893   7.4029   7.4199   7.4232   7.4824
  7.4913   7.5369   7.5499   7.5540   7.5818   7.6068   7.6122   7.6579
  7.6913   7.6949   7.7020   7.7511   7.7602   7.7972   7.8115   7.8219
  7.8356   7.8477   7.8683   7.8753   7.8826   7.8962   7.9169   7.9448
  7.9500   7.9725   7.9905   8.0126   8.0273   8.0405   8.0705   8.0752
  8.0987   8.1009   8.1406   8.1541   8.1617   8.1799   8.2142   8.2426
  8.2575   8.2660   8.2851   8.3008   8.3508   8.3533   8.3661   8.4092
  8.4182   8.4438   8.4446   8.4572   8.4837   8.4948   8.5201   8.5274
  8.5585   8.5925   8.6079   8.6144   8.6175   8.6453   8.6647   8.6682
  8.6935   8.6965   8.7136   8.7191   8.7427   8.7453   8.7587   8.7600
  8.7733   8.7804   8.8095   8.8206   8.8210   8.8291   8.8624   8.8684
  8.8735   8.8792   8.8995   8.9063   8.9150   8.9250   8.9282   8.9390
  8.9438   8.9576   8.9804   8.9890   9.0175   9.0247   9.0309   9.0483
  9.0518   9.0541   9.0658   9.0761   9.1267   9.1485   9.1546   9.1707
  9.1790   9.2091   9.2359   9.2492   9.2566   9.2702   9.3021   9.3299
  9.3617   9.3725   9.3962   9.4655   9.4953   9.5101   9.5835   9.6627
  9.7300   9.8068   9.8431   9.8916   9.9188  10.0077  10.0254  10.0369
 10.0514  10.1031  10.1254  10.1427  10.1942  10.2361  10.2466  10.2947
 10.2977  10.3063  10.3986  10.4262  10.4307  10.4432  10.4539  10.5097
 10.5369  10.5837  10.6058  10.6370  10.6383  10.6807  10.6955  10.7657
 10.7837  10.8108  10.8459  10.8809  10.9522  11.1378  11.2071  11.3159
 11.3608  11.5493  11.5711  11.9815  12.0963  12.3848  12.4018  12.8059
 12.9381  13.0324  13.2357  13.2639  13.2938  13.5273  28.6242  29.0124
 29.1217  29.2680  29.4111  29.6964  29.8072  29.9748  30.1740 150.5681
150.9300 151.0325 151.1729 151.2901 151.5546 151.6722 151.8504 152.0607
 --------------------------------------------------------------
 
          Ground-State Mulliken Net Atomic Charges

     Atom                 Charge (a.u.)    Spin (a.u.)
  --------------------------------------------------------
      1 C                    -0.141895       0.538907
      2 C                    -0.121563      -0.218356
      3 C                    -0.421061       0.519979
      4 C                     0.303216      -0.117687
      5 C                    -0.182893       0.153679
      6 C                    -0.232769      -0.083282
      7 C                    -0.241785       0.183774
      8 C                    -0.220030      -0.082044
      9 C                    -0.212026       0.158601
     10 H                     0.115804      -0.010471
     11 H                     0.130593      -0.000466
     12 H                     0.198633      -0.016937
     13 H                     0.123195      -0.016118
     14 H                     0.144419      -0.002404
     15 H                     0.204591       0.000044
     16 H                     0.198844      -0.005948
     17 H                     0.169049       0.000302
     18 H                     0.185678      -0.001573
  --------------------------------------------------------
  Sum of atomic charges =    -0.000000
  Sum of spin   charges =     1.000000

 -----------------------------------------------------------------
                    Cartesian Multipole Moments
 -----------------------------------------------------------------
    Charge (ESU x 10^10)
                -0.0000
    Dipole Moment (Debye)
         X      -0.0975      Y      -0.0628      Z      -0.0000
       Tot       0.1159
    Quadrupole Moments (Debye-Ang)
        XX     -49.3824     XY      -0.3137     YY     -48.8126
        XZ       0.0007     YZ       0.0000     ZZ     -59.4728
    Octopole Moments (Debye-Ang^2)
       XXX      16.9403    XXY      -0.0469    XYY       6.0777
       YYY       5.1723    XXZ       0.0002    XYZ      -0.0002
       YYZ       0.0004    XZZ       7.4227    YZZ       2.0150
       ZZZ       0.0017
    Hexadecapole Moments (Debye-Ang^3)
      XXXX   -1416.9368   XXXY    -178.7251   XXYY    -311.6074
      XYYY    -168.7376   YYYY    -436.9424   XXXZ      -0.0396
      XXYZ      -0.0032   XYYZ      -0.0161   YYYZ      -0.0133
      XXZZ    -300.5362   XYZZ     -69.6961   YYZZ    -100.7880
      XZZZ      -0.0633   YZZZ      -0.0166   ZZZZ     -71.7092
 -----------------------------------------------------------------
 Total job time:  85.43s(wall), 2617.52s(cpu) 
 Thu Aug  1 13:20:28 2024

        *************************************************************
        *                                                           *
        *  Thank you very much for using Q-Chem.  Have a nice day.  *
        *                                                           *
        *************************************************************


