
Running Job 1 of 1 CA1-P2_rdkit_conf_1_wb97xd-B97mV.in
qchem CA1-P2_rdkit_conf_1_wb97xd-B97mV.in_3204704.0 /expanse/lustre/scratch/whughes/temp_project/job_32692084/CA1-P2_rdkit_conf_1_wb97xd-B97mV-32692084/ 0
/cm/shared/apps/spack/0.17.3/cpu/b/opt/spack/linux-rocky8-zen2/gcc-10.2.0/qchem-6.0-rytxnwjazd34ekd2gqyi5ufsaimxsd3r/exe/qcprog.exe_s CA1-P2_rdkit_conf_1_wb97xd-B97mV.in_3204704.0 /expanse/lustre/scratch/whughes/temp_project/job_32692084/CA1-P2_rdkit_conf_1_wb97xd-B97mV-32692084/
                  Welcome to Q-Chem
     A Quantum Leap Into The Future Of Chemistry


 Q-Chem 6.0, Q-Chem, Inc., Pleasanton, CA (2022)

 License issued to: University of California, San Diego (site)

 E. Epifanovsky,  A. T. B. Gilbert,  Xintian Feng,  Joonho Lee,  Yuezhi Mao,  
 N. Mardirossian,  P. Pokhilko,  A. White,  M. Wormit,  M. P. Coons,  
 A. L. Dempwolff,  Zhengting Gan,  D. Hait,  P. R. Horn,  L. D. Jacobson,  
 I. Kaliman,  J. Kussmann,  A. W. Lange,  Ka Un Lao,  D. S. Levine,  Jie Liu,  
 S. C. McKenzie,  A. F. Morrison,  K. Nanda,  F. Plasser,  D. R. Rehn,  
 M. L. Vidal,  Zhi-Qiang You,  Ying Zhu,  B. Alam,  B. Albrecht,  
 A. Aldossary,  E. Alguire,  J. H. Andersen,  V. Athavale,  D. Barton,  
 K. Begam,  A. Behn,  N. Bellonzi,  Y. A. Bernard,  E. J. Berquist,  
 H. Burton,  A. Carreras,  K. Carter-Fenk,  Romit Chakraborty,  
 Chandrima Chakravarty,  Junhan Chen,  A. D. Chien,  K. D. Closser,  
 V. Cofer-Shabica,  L. Cunha,  S. Dasgupta,  Jia Deng,  M. de Wergifosse,  
 M. Diedenhofen,  Hainam Do,  S. Ehlert,  Po-Tung Fang,  S. Fatehi,  
 Qingguo Feng,  T. Friedhoff,  B. Ganoe,  J. Gayvert,  Qinghui Ge,  
 G. Gidofalvi,  M. Goldey,  J. Gomes,  C. Gonzalez-Espinoza,  S. Gulania,  
 A. Gunina,  J. A. Gyamfi,  M. W. D. Hanson-Heine,  P. H. P. Harbach,  
 A. W. Hauser,  M. F. Herbst,  M. Hernandez Vera,  M. Hodecker,  
 Z. C. Holden,  S. Houck,  Xunkun Huang,  Kerwin Hui,  B. C. Huynh,  
 K. Ikeda,  M. Ivanov,  Hyunjun Ji,  Zuxin Jin,  Hanjie Jiang,  B. Kaduk,  
 S. Kaehler,  R. Kang,  K. Khistyaev,  Jaehoon Kim,  Yongbin Kim,  
 P. Klunzinger,  Z. Koczor-Benda,  Joong Hoon Koh,  D. Kosenkov,  
 Saikiran Kotaru,  L. Koulias,  T. Kowalczyk,  C. M. Krauter,  K. Kue,  
 A. Kunitsa,  T. Kus,  A. Landau,  K. V. Lawler,  D. Lefrancois,  S. Lehtola,  
 Rain Li,  Shaozhi Li,  Yi-Pei Li,  Jiashu Liang,  M. Liebenthal,  
 Hung-Hsuan Lin,  You-Sheng Lin,  Fenglai Liu,  Kuan-Yu Liu,  
 M. Loipersberger,  A. Luenser,  C. Malbon,  A. Manjanath,  P. Manohar,  
 E. Mansoor,  S. F. Manzer,  Shan-Ping Mao,  A. V. Marenich,  T. Markovich,  
 S. Mason,  F. Matz,  S. A. Maurer,  P. F. McLaughlin,  M. F. S. J. Menger,  
 J.-M. Mewes,  S. A. Mewes,  P. Morgante,  Mohammad Mostafanejad,  
 J. W. Mullinax,  K. J. Oosterbaan,  G. Paran,  V. Parravicini,  
 Alexander C. Paul,  Suranjan K. Paul,  F. Pavosevic,  Zheng Pei,  S. Prager,  
 E. I. Proynov,  E. Ramos,  B. Rana,  A. E. Rask,  A. Rettig,  R. M. Richard,  
 F. Rob,  E. Rossomme,  T. Scheele,  M. Scheurer,  M. Schneider,  
 P. E. Schneider,  N. Sergueev,  S. M. Sharada,  Hengyuan Shen,  
 W. Skomorowski,  D. W. Small,  C. J. Stein,  Yingli Su,  Yu-Chuan Su,  
 E. J. Sundstrom,  Zhen Tao,  J. Thirman,  Hung-Yi Tsai,  T. Tsuchimochi,  
 N. M. Tubman,  C. Utku,  S. P. Veccham,  O. Vydrov,  J. Wenzel,  
 Jonathan Wong,  J. Witte,  A. Yamada,  Chou-Hsun Yang,  Kun Yao,  
 S. Yeganeh,  S. R. Yost,  A. Zech,  F. Zeller,  Igor Ying Zhang,  
 Xing Zhang,  Yu Zhang,  D. Zuev,  A. Aspuru-Guzik,  A. T. Bell,  
 N. A. Besley,  K. B. Bravaya,  B. R. Brooks,  D. Casanova,  Jeng-Da Chai,  
 Hsing-Ta Chen,  S. Coriani,  C. J. Cramer,  A. E. DePrince, III,  
 R. A. DiStasio Jr.,  A. Dreuw,  B. D. Dunietz,  T. R. Furlani,  
 W. A. Goddard III,  S. Grimme,  S. Hammes-Schiffer,  T. Head-Gordon,  
 W. J. Hehre,  Chao-Ping Hsu,  T.-C. Jagau,  Yousung Jung,  A. Klamt,  
 Jing Kong,  D. S. Lambrecht,  Xiangyuan Li,  WanZhen Liang,  N. J. Mayhall,  
 C. W. McCurdy,  J. B. Neaton,  T. Neudecker,  C. Ochsenfeld,  
 J. A. Parkhill,  R. Peverati,  V. A. Rassolov,  Haisheng Ren,  Yihan Shao,  
 L. V. Slipchenko,  R. P. Steele,  J. E. Subotnik,  A. J. W. Thom,  
 A. Tkatchenko,  D. G. Truhlar,  T. Van Voorhis,  Fan Wang,  
 T. A. Wesolowski,  K. B. Whaley,  H. L. Woodcock III,  P. M. Zimmerman,  
 S. Faraji,  P. M. W. Gill,  M. Head-Gordon,  J. M. Herbert,  A. I. Krylov

 Contributors to earlier versions of Q-Chem not listed above: 
 R. D. Adamson,  B. Austin,  R. Baer,  J. Baker,  G. J. O. Beran,  
 K. Brandhorst,  S. T. Brown,  E. F. C. Byrd,  Arup K. Chakraborty,  
 G. K. L. Chan,  Chun-Min Chang,  Yunqing Chen,  C.-L. Cheng,  
 Siu Hung Chien,  D. M. Chipman,  D. L. Crittenden,  H. Dachsel,  
 R. J. Doerksen,  A. D. Dutoi,  R. G. Edgar,  J. Fosso-Tande,  
 L. Fusti-Molnar,  D. Ghosh,  A. Ghysels,  A. Golubeva-Zadorozhnaya,  
 J. Gonthier,  M. S. Gordon,  S. R. Gwaltney,  G. Hawkins,  J. E. Herr,  
 A. Heyden,  S. Hirata,  E. G. Hohenstein,  G. Kedziora,  F. J. Keil,  
 C. Kelley,  Jihan Kim,  R. A. King,  R. Z. Khaliullin,  P. P. Korambath,  
 W. Kurlancheek,  A. Laurent,  A. M. Lee,  M. S. Lee,  S. V. Levchenko,  
 Ching Yeh Lin,  D. Liotard,  E. Livshits,  R. C. Lochan,  I. Lotan,  
 L. A. Martinez-Martinez,  P. E. Maslen,  N. Nair,  D. P. O'Neill,  
 D. Neuhauser,  E. Neuscamman,  C. M. Oana,  R. Olivares-Amaya,  R. Olson,  
 T. M. Perrine,  B. Peters,  P. A. Pieniazek,  A. Prociuk,  Y. M. Rhee,  
 J. Ritchie,  M. A. Rohrdanz,  E. Rosta,  N. J. Russ,  H. F. Schaefer III,  
 M. W. Schmidt,  N. E. Schultz,  S. Sharma,  N. Shenvi,  C. D. Sherrill,  
 A. C. Simmonett,  A. Sodt,  T. Stein,  D. Stuck,  K. S. Thanthiriwatte,  
 V. Vanovschi,  L. Vogt,  Tao Wang,  A. Warshel,  M. A. Watson,  
 C. F. Williams,  Q. Wu,  X. Xu,  Jun Yang,  W. Zhang,  Yan Zhao

   Please cite Q-Chem as follows:
  "Software for the frontiers of quantum chemistry:
   An overview of developments in the Q-Chem 5 package"
   J. Chem. Phys. 155, 084801 (2021)
   https://doi.org/10.1063/5.0055522 (open access)

 Q-Chem 6.0.2 for Intel X86 EM64T Linux

 Parts of Q-Chem use Armadillo 9.900.5 (Nocturnal Misbehaviour).
 http://arma.sourceforge.net/

 Q-Chem begins on Thu Aug  1 11:18:05 2024  

 Host: 
0

     Scratch files written to /expanse/lustre/scratch/whughes/temp_project/job_32692084/CA1-P2_rdkit_conf_1_wb97xd-B97mV-32692084//
 Dec722 |scratch|qcdevops|jenkins|workspace|build_RNUM    
 Processing $rem in /cm/shared/apps/spack/0.17.3/cpu/b/opt/spack/linux-rocky8-zen2/gcc-10.2.0/qchem-6.0-rytxnwjazd34ekd2gqyi5ufsaimxsd3r/config/preferences:
 Processing $rem in /home/whughes/.qchemrc:

 Checking the input file for inconsistencies... 	...done.

--------------------------------------------------------------
User input:
--------------------------------------------------------------
$molecule
0 3
H    -0.6397205989   -1.1478191867   1.3143791442
C    -0.8339646106   -0.6600306998   0.3548006229
C    0.1162880448    -1.3262126821   -0.6670095933
F    -0.0391101489   -0.7251458922   -1.8796584354
F    -0.1915214983   -2.6285544958   -0.8110622288
C    1.5537152631    -1.1914611965   -0.2486721004
F    1.8404464938    -1.9828491937   0.7962238168
C    2.2313075901    0.1259365095    -0.2199265129
C    1.5778186772    1.1062696909    0.7640792854
O    0.3431799739    1.5974876038    0.2712637553
C    -0.7598333254   0.8316588176    0.3803456397
C    -1.9843575953   1.3843478951    -0.2679744435
O    -2.8876136619   0.2875713604    -0.3461388165
C    -2.3142178409   -0.8789654955   0.0045161234
O    -2.9127330053   -1.9035857945   0.0402099248
H    3.2718643123    -0.0264438958   0.0734587842
H    2.220461301     0.5711776982    -1.2153032386
H    1.4391014052    0.6442513124    1.7460118584
H    2.2102192971    1.9847641789    0.8814063119
H    -2.4599147987   2.1814594751    0.3081226752
H    -1.7812152742   1.7562439905    -1.2791725728
$end

$rem
METHOD      B97M-V
BASIS       def2-QZVPP
SYM_IGNORE   TRUE
DFT_D       false
MAX_SCF_CYCLES 300
$end

$end
--------------------------------------------------------------
 ----------------------------------------------------------------
             Standard Nuclear Orientation (Angstroms)
    I     Atom           X                Y                Z
 ----------------------------------------------------------------
    1      H      -0.6397205989    -1.1478191867     1.3143791442
    2      C      -0.8339646106    -0.6600306998     0.3548006229
    3      C       0.1162880448    -1.3262126821    -0.6670095933
    4      F      -0.0391101489    -0.7251458922    -1.8796584354
    5      F      -0.1915214983    -2.6285544958    -0.8110622288
    6      C       1.5537152631    -1.1914611965    -0.2486721004
    7      F       1.8404464938    -1.9828491937     0.7962238168
    8      C       2.2313075901     0.1259365095    -0.2199265129
    9      C       1.5778186772     1.1062696909     0.7640792854
   10      O       0.3431799739     1.5974876038     0.2712637553
   11      C      -0.7598333254     0.8316588176     0.3803456397
   12      C      -1.9843575953     1.3843478951    -0.2679744435
   13      O      -2.8876136619     0.2875713604    -0.3461388165
   14      C      -2.3142178409    -0.8789654955     0.0045161234
   15      O      -2.9127330053    -1.9035857945     0.0402099248
   16      H       3.2718643123    -0.0264438958     0.0734587842
   17      H       2.2204613010     0.5711776982    -1.2153032386
   18      H       1.4391014052     0.6442513124     1.7460118584
   19      H       2.2102192971     1.9847641789     0.8814063119
   20      H      -2.4599147987     2.1814594751     0.3081226752
   21      H      -1.7812152742     1.7562439905    -1.2791725728
 ----------------------------------------------------------------
 Nuclear Repulsion Energy =        1016.83409721 hartrees
 There are       54 alpha and       52 beta electrons
 Requested basis set is def2-QZVPP
 There are 308 shells and 1008 basis functions

 Total QAlloc Memory Limit   8000 MB
 Mega-Array Size       188 MB
 MEM_STATIC part       192 MB

 A cutoff of  1.0D-09 yielded  32881 shell pairs
 There are    346237 function pairs (    524208 Cartesian)
 Smallest overlap matrix eigenvalue = 2.60E-05

 Q-Chem warning in module stvman/mkSTV.C, line 305:

 Overlap eigenvalue is smaller than square root of threshold
 Use THRESH >= 12 to get rid of this warning


 Scale SEOQF with 1.000000e-01/1.000000e-01/1.000000e-01

 Standard Electronic Orientation quadrupole field applied
 Nucleus-field energy     =     0.0000000202 hartrees
 Guess from superposition of atomic densities
 Warning:  Energy on first SCF cycle will be non-variational
 SAD guess density has 106.000000 electrons

 -----------------------------------------------------------------------
  General SCF calculation program by
  Eric Jon Sundstrom, Paul Horn, Yuezhi Mao, Dmitri Zuev, Alec White,
  David Stuck, Shaama M.S., Shane Yost, Joonho Lee, David Small,
  Daniel Levine, Susi Lehtola, Hugh Burton, Evgeny Epifanovsky,
  Bang C. Huynh
 -----------------------------------------------------------------------
 Exchange:  B97M-V      Correlation:  B97M-V
 Using SG-2 standard quadrature grid
 Nonlocal Correlation:  VV10 with C = 0.0100 and b = 6.00 and scale = 1.00000
 Grid used for NLC:  SG-1 standard quadrature
 using 32 threads for integral computing
 -------------------------------------------------------
 OpenMP Integral computing Module                
 Release: version 1.0, May 2013, Q-Chem Inc. Pittsburgh 
 -------------------------------------------------------
 A unrestricted SCF calculation will be
 performed using DIIS
 SCF converges when DIIS error is below 1.0e-05
 ---------------------------------------
  Cycle       Energy         DIIS error
 ---------------------------------------
    1    -836.9904749279      6.13e-03  
    2    -834.1682949072      7.05e-04  
    3    -833.5969305333      1.32e-03  
    4    -834.2787368337      4.13e-04  
    5    -834.3515067688      1.05e-04  
    6    -834.3536085099      7.80e-05  
    7    -834.3559970959      1.85e-05  
    8    -834.3561241441      6.23e-06  Convergence criterion met
 ---------------------------------------
 SCF time:   CPU 4581.43s  wall 147.00s 
<S^2> =          2.008231666
 SCF   energy in the final basis set =     -834.3561241441
 Total energy in the final basis set =     -834.3561241441
 
 --------------------------------------------------------------
 
                    Orbital Energies (a.u.)
 --------------------------------------------------------------
 
 Alpha MOs
 -- Occupied --
-24.7569 -24.7417 -24.7352 -19.2211 -19.2114 -19.1454 -10.3775 -10.3192
-10.3000 -10.2728 -10.2661 -10.2594 -10.2372 -10.2246  -1.2789  -1.2611
 -1.2216  -1.1183  -1.1002  -1.0373  -0.8338  -0.8232  -0.7446  -0.7261
 -0.6812  -0.6105  -0.5930  -0.5771  -0.5564  -0.5464  -0.5334  -0.5127
 -0.4977  -0.4849  -0.4740  -0.4732  -0.4583  -0.4393  -0.4279  -0.4256
 -0.4155  -0.4033  -0.4013  -0.3909  -0.3822  -0.3788  -0.3626  -0.3492
 -0.3375  -0.3305  -0.2893  -0.2637  -0.2085  -0.1699
 -- Virtual --
 -0.0364  -0.0055   0.0068   0.0168   0.0200   0.0247   0.0380   0.0477
  0.0554   0.0662   0.0702   0.0801   0.0950   0.0974   0.1016   0.1144
  0.1204   0.1359   0.1402   0.1451   0.1532   0.1703   0.1732   0.1779
  0.1837   0.1932   0.2013   0.2043   0.2101   0.2133   0.2233   0.2290
  0.2324   0.2392   0.2457   0.2525   0.2539   0.2627   0.2646   0.2733
  0.2789   0.2819   0.2857   0.2929   0.2977   0.2996   0.3088   0.3149
  0.3244   0.3281   0.3339   0.3509   0.3579   0.3698   0.3757   0.3836
  0.3984   0.4052   0.4192   0.4203   0.4276   0.4327   0.4431   0.4531
  0.4638   0.4717   0.4775   0.4866   0.4902   0.4962   0.5069   0.5097
  0.5187   0.5299   0.5315   0.5452   0.5492   0.5597   0.5694   0.5800
  0.5862   0.5942   0.6004   0.6105   0.6164   0.6302   0.6351   0.6451
  0.6595   0.6736   0.6766   0.6818   0.6986   0.7011   0.7138   0.7306
  0.7358   0.7512   0.7536   0.7592   0.7694   0.7751   0.7793   0.7919
  0.7965   0.8054   0.8080   0.8146   0.8247   0.8304   0.8405   0.8528
  0.8570   0.8646   0.8666   0.8790   0.8895   0.8933   0.8970   0.9107
  0.9210   0.9324   0.9429   0.9500   0.9620   0.9728   0.9842   0.9912
  0.9959   1.0009   1.0074   1.0162   1.0256   1.0375   1.0499   1.0551
  1.0699   1.0783   1.0891   1.0944   1.1058   1.1149   1.1268   1.1419
  1.1503   1.1651   1.1749   1.1765   1.1888   1.1931   1.2148   1.2230
  1.2279   1.2420   1.2514   1.2661   1.2676   1.2882   1.3051   1.3190
  1.3219   1.3384   1.3646   1.3666   1.3760   1.3965   1.3993   1.4129
  1.4209   1.4429   1.4485   1.4661   1.4765   1.4882   1.4951   1.5023
  1.5341   1.5452   1.5566   1.5646   1.5805   1.5879   1.5927   1.6159
  1.6188   1.6496   1.6545   1.6652   1.6740   1.6766   1.6928   1.6996
  1.7035   1.7128   1.7246   1.7345   1.7405   1.7534   1.7594   1.7629
  1.7764   1.7869   1.7924   1.7980   1.8130   1.8150   1.8218   1.8305
  1.8418   1.8529   1.8654   1.8716   1.8774   1.8836   1.8911   1.8997
  1.9170   1.9205   1.9249   1.9325   1.9511   1.9557   1.9701   1.9779
  1.9865   1.9909   2.0011   2.0132   2.0182   2.0300   2.0372   2.0475
  2.0517   2.0612   2.0677   2.0768   2.0817   2.0906   2.1011   2.1021
  2.1169   2.1365   2.1390   2.1487   2.1517   2.1667   2.1739   2.1866
  2.1991   2.2072   2.2116   2.2257   2.2336   2.2407   2.2563   2.2648
  2.2736   2.2781   2.2879   2.2939   2.3081   2.3191   2.3248   2.3423
  2.3559   2.3614   2.3723   2.3776   2.3883   2.3990   2.4061   2.4197
  2.4296   2.4475   2.4510   2.4581   2.4594   2.4665   2.4839   2.5010
  2.5241   2.5316   2.5377   2.5432   2.5638   2.5697   2.5764   2.5905
  2.6032   2.6087   2.6225   2.6346   2.6395   2.6423   2.6776   2.6869
  2.7008   2.7095   2.7160   2.7327   2.7446   2.7512   2.7640   2.7812
  2.7859   2.7930   2.7972   2.8167   2.8272   2.8363   2.8446   2.8564
  2.8653   2.8705   2.8785   2.9029   2.9057   2.9099   2.9280   2.9352
  2.9432   2.9487   2.9698   2.9788   2.9985   3.0022   3.0109   3.0284
  3.0465   3.0474   3.0702   3.0705   3.0769   3.0970   3.1043   3.1112
  3.1333   3.1470   3.1609   3.1756   3.1828   3.1956   3.1987   3.2193
  3.2284   3.2516   3.2615   3.2844   3.2913   3.3158   3.3280   3.3357
  3.3579   3.3669   3.3743   3.3851   3.3928   3.4052   3.4124   3.4417
  3.4597   3.4704   3.4799   3.5067   3.5178   3.5355   3.5408   3.5528
  3.5661   3.5692   3.5917   3.6028   3.6191   3.6476   3.6634   3.6731
  3.6936   3.7046   3.7242   3.7473   3.7535   3.7748   3.7791   3.7934
  3.7984   3.8233   3.8579   3.8772   3.8896   3.8971   3.9039   3.9145
  3.9345   3.9652   3.9767   3.9886   3.9994   4.0190   4.0340   4.0444
  4.0575   4.0821   4.1044   4.1084   4.1323   4.1498   4.1726   4.1913
  4.2054   4.2174   4.2391   4.2655   4.2823   4.3021   4.3099   4.3278
  4.3566   4.3730   4.3755   4.3867   4.3906   4.4007   4.4267   4.4414
  4.4609   4.4692   4.4786   4.5057   4.5132   4.5277   4.5411   4.5604
  4.5618   4.5757   4.5886   4.5995   4.6300   4.6385   4.6532   4.6855
  4.6939   4.7072   4.7114   4.7231   4.7482   4.7665   4.7867   4.8031
  4.8207   4.8379   4.8672   4.8790   4.8835   4.8992   4.9222   4.9542
  4.9732   4.9913   5.0135   5.0174   5.0433   5.0593   5.0776   5.0839
  5.1332   5.1362   5.1674   5.1873   5.2115   5.2380   5.2447   5.2610
  5.2686   5.2771   5.2977   5.3218   5.3293   5.3440   5.3644   5.3903
  5.3937   5.4120   5.4184   5.4368   5.4524   5.4738   5.4846   5.5093
  5.5152   5.5267   5.5665   5.5851   5.5966   5.5987   5.6211   5.6395
  5.6491   5.6796   5.6882   5.7041   5.7137   5.7177   5.7617   5.7700
  5.7759   5.7950   5.8091   5.8180   5.8261   5.8413   5.8560   5.8678
  5.8738   5.8808   5.8985   5.9187   5.9301   5.9365   5.9431   5.9698
  5.9907   5.9978   6.0058   6.0143   6.0377   6.0437   6.0683   6.0740
  6.0828   6.0960   6.1085   6.1236   6.1265   6.1346   6.1492   6.1603
  6.1707   6.1769   6.1873   6.1987   6.2095   6.2293   6.2346   6.2571
  6.2661   6.2732   6.2863   6.2907   6.3126   6.3182   6.3238   6.3449
  6.3500   6.3582   6.3807   6.3890   6.4009   6.4043   6.4187   6.4237
  6.4362   6.4392   6.4605   6.4754   6.4882   6.4972   6.5081   6.5144
  6.5161   6.5314   6.5370   6.5457   6.5591   6.5830   6.5918   6.5983
  6.6085   6.6159   6.6275   6.6354   6.6583   6.6634   6.6714   6.6732
  6.6790   6.6889   6.7083   6.7144   6.7344   6.7489   6.7644   6.7687
  6.7744   6.7882   6.7930   6.8166   6.8287   6.8380   6.8389   6.8437
  6.8580   6.8880   6.8952   6.9035   6.9198   6.9352   6.9452   6.9582
  6.9704   6.9876   6.9914   6.9992   7.0133   7.0269   7.0441   7.0542
  7.0731   7.0810   7.0909   7.1043   7.1282   7.1511   7.1551   7.1798
  7.1922   7.1986   7.2139   7.2157   7.2435   7.2511   7.2630   7.2741
  7.2912   7.3088   7.3143   7.3462   7.3721   7.3772   7.3895   7.4073
  7.4296   7.4396   7.4439   7.4614   7.4641   7.4934   7.5237   7.5306
  7.5441   7.5571   7.5815   7.6072   7.6135   7.6356   7.6518   7.6778
  7.6958   7.7057   7.7289   7.7386   7.7580   7.7674   7.7798   7.7973
  7.8261   7.8414   7.8510   7.8751   7.8847   7.9070   7.9344   7.9432
  7.9660   7.9874   8.0176   8.0289   8.0365   8.0519   8.0640   8.0984
  8.1029   8.1120   8.1271   8.1311   8.1492   8.1691   8.1885   8.2053
  8.2123   8.2187   8.2385   8.2599   8.2874   8.2915   8.3054   8.3152
  8.3293   8.3679   8.3767   8.4052   8.4179   8.4462   8.4541   8.4701
  8.4895   8.4921   8.5265   8.5523   8.5695   8.5714   8.6215   8.6398
  8.6949   8.7039   8.7278   8.7391   8.7601   8.7673   8.8496   8.8546
  8.8672   8.8928   8.9073   8.9309   8.9566   8.9749   8.9942   9.0107
  9.0136   9.0290   9.0387   9.0602   9.0851   9.1062   9.1122   9.1385
  9.1460   9.1796   9.1954   9.2094   9.2268   9.2561   9.2730   9.2891
  9.2994   9.3446   9.3590   9.3685   9.3776   9.3815   9.3972   9.4147
  9.4247   9.4363   9.4533   9.4936   9.5196   9.5475   9.5578   9.5703
  9.5890   9.5991   9.6128   9.6299   9.6371   9.6518   9.6734   9.7115
  9.7647   9.7717   9.8154   9.8358   9.8637   9.8966   9.9318   9.9743
 10.0233  10.0944  10.1246  10.1527  10.1913  10.2105  10.2403  10.2522
 10.2791  10.2930  10.3634  10.3987  10.4149  10.4257  10.4536  10.4807
 10.4930  10.4991  10.5410  10.6056  10.6338  10.6691  10.6747  10.6957
 10.7197  10.7539  10.7650  10.7958  10.8756  10.9002  10.9089  10.9860
 11.0545  11.0790  11.2810  11.3516  11.4598  11.4983  11.5279  11.5423
 11.9160  11.9250  11.9345  11.9363  11.9433  11.9507  11.9540  11.9562
 11.9614  11.9638  11.9690  11.9727  11.9825  12.0019  12.0192  12.0298
 12.0639  12.0855  12.1383  12.1902  12.2581  12.2600  12.2841  12.2947
 12.3547  12.3646  12.3784  12.4239  12.4435  12.4846  12.5207  12.5399
 12.5547  12.5759  12.5902  12.5984  12.6152  12.6243  12.6328  12.6534
 12.6775  12.7198  12.7463  12.7622  12.7912  12.8217  12.8365  12.8392
 12.8549  12.8852  12.9378  12.9718  13.0390  13.0891  13.1582  13.1900
 13.2273  13.2978  13.3396  13.3673  13.4375  13.7922  13.8794  13.9572
 14.1081  14.1550  14.2373  14.6875  15.1325  15.1419  15.1497  15.1589
 15.1652  15.2032  15.2157  15.2589  15.2799  15.3572  15.3913  15.4014
 15.4417  15.5070  15.5420  15.5566  15.6215  15.8658  16.0778  16.1077
 16.1897  16.2212  16.2902  16.3105  16.3566  16.3798  16.4286  16.4915
 16.5407  16.5847  16.6854  16.7528  16.8358  16.9180  17.0089  17.0734
 17.2168  17.2403  17.2828  17.3459  17.4610  17.5692  28.9048  29.0484
 29.2127  29.2651  29.6220  29.6310  29.6772  29.7738  49.2324  49.3348
 49.3837  55.5563  55.6738  55.9723 150.7964 150.9559 151.0935 151.1741
151.5493 151.5639 151.6455 151.7298 258.3858 258.5109 258.5654 290.8129
290.9436 291.3100
 
 Beta MOs
 -- Occupied --
-24.7531 -24.7417 -24.7347 -19.2162 -19.2114 -19.1452 -10.3764 -10.3190
-10.2850 -10.2716 -10.2599 -10.2526 -10.2368 -10.2247  -1.2773  -1.2545
 -1.2208  -1.1172  -1.0914  -1.0369  -0.8228  -0.8126  -0.7388  -0.7146
 -0.6764  -0.6022  -0.5858  -0.5691  -0.5516  -0.5423  -0.5259  -0.5040
 -0.4916  -0.4804  -0.4677  -0.4590  -0.4487  -0.4309  -0.4230  -0.4214
 -0.4120  -0.4012  -0.3981  -0.3867  -0.3778  -0.3743  -0.3556  -0.3392
 -0.3238  -0.3218  -0.2874  -0.2605
 -- Virtual --
 -0.1199  -0.0904  -0.0310  -0.0004   0.0115   0.0200   0.0251   0.0332
  0.0420   0.0501   0.0578   0.0697   0.0764   0.0842   0.1027   0.1043
  0.1079   0.1179   0.1259   0.1419   0.1507   0.1540   0.1589   0.1748
  0.1810   0.1870   0.1940   0.1994   0.2072   0.2124   0.2172   0.2202
  0.2325   0.2360   0.2392   0.2450   0.2506   0.2564   0.2605   0.2688
  0.2712   0.2813   0.2854   0.2892   0.2914   0.2997   0.3023   0.3042
  0.3148   0.3208   0.3313   0.3361   0.3406   0.3577   0.3647   0.3761
  0.3819   0.3888   0.4030   0.4138   0.4234   0.4263   0.4320   0.4368
  0.4493   0.4596   0.4679   0.4774   0.4835   0.4903   0.4939   0.5023
  0.5116   0.5148   0.5223   0.5345   0.5371   0.5503   0.5554   0.5646
  0.5742   0.5857   0.5908   0.6027   0.6075   0.6143   0.6243   0.6363
  0.6427   0.6530   0.6648   0.6793   0.6817   0.6867   0.7084   0.7107
  0.7214   0.7386   0.7431   0.7563   0.7594   0.7682   0.7755   0.7804
  0.7849   0.7982   0.8008   0.8111   0.8144   0.8229   0.8335   0.8373
  0.8480   0.8593   0.8654   0.8712   0.8757   0.8870   0.8975   0.9011
  0.9042   0.9167   0.9272   0.9394   0.9523   0.9557   0.9667   0.9795
  0.9931   0.9985   1.0040   1.0062   1.0151   1.0226   1.0321   1.0424
  1.0579   1.0632   1.0762   1.0850   1.0972   1.1018   1.1114   1.1225
  1.1355   1.1500   1.1589   1.1706   1.1815   1.1844   1.1991   1.2032
  1.2202   1.2298   1.2351   1.2493   1.2600   1.2734   1.2758   1.2964
  1.3123   1.3272   1.3294   1.3430   1.3717   1.3730   1.3825   1.4021
  1.4065   1.4225   1.4255   1.4489   1.4530   1.4706   1.4805   1.4965
  1.5002   1.5104   1.5418   1.5516   1.5634   1.5718   1.5896   1.5961
  1.6027   1.6236   1.6259   1.6570   1.6630   1.6729   1.6818   1.6884
  1.7016   1.7087   1.7137   1.7230   1.7379   1.7464   1.7503   1.7600
  1.7701   1.7733   1.7817   1.7993   1.8014   1.8065   1.8209   1.8275
  1.8301   1.8397   1.8518   1.8611   1.8756   1.8821   1.8926   1.8932
  1.8997   1.9079   1.9252   1.9311   1.9390   1.9439   1.9605   1.9673
  1.9785   1.9871   1.9974   1.9999   2.0089   2.0242   2.0274   2.0413
  2.0464   2.0627   2.0637   2.0704   2.0773   2.0860   2.0929   2.1006
  2.1099   2.1189   2.1287   2.1446   2.1477   2.1585   2.1641   2.1755
  2.1844   2.1971   2.2110   2.2187   2.2235   2.2377   2.2439   2.2519
  2.2679   2.2782   2.2881   2.2930   2.3022   2.3063   2.3224   2.3305
  2.3406   2.3538   2.3710   2.3734   2.3839   2.3906   2.4016   2.4133
  2.4224   2.4339   2.4411   2.4587   2.4670   2.4716   2.4769   2.4806
  2.4961   2.5135   2.5363   2.5421   2.5534   2.5556   2.5741   2.5833
  2.5868   2.6040   2.6161   2.6224   2.6327   2.6445   2.6533   2.6551
  2.6886   2.6961   2.7129   2.7237   2.7308   2.7443   2.7588   2.7625
  2.7746   2.7916   2.7962   2.8069   2.8094   2.8318   2.8396   2.8525
  2.8553   2.8698   2.8779   2.8820   2.8893   2.9131   2.9164   2.9231
  2.9427   2.9475   2.9575   2.9605   2.9825   2.9909   3.0116   3.0133
  3.0228   3.0402   3.0604   3.0614   3.0819   3.0862   3.0878   3.1104
  3.1181   3.1239   3.1476   3.1574   3.1748   3.1896   3.1942   3.2074
  3.2168   3.2328   3.2407   3.2619   3.2745   3.2977   3.3027   3.3279
  3.3411   3.3495   3.3718   3.3780   3.3880   3.3950   3.4046   3.4184
  3.4275   3.4521   3.4713   3.4829   3.4905   3.5199   3.5311   3.5497
  3.5522   3.5652   3.5787   3.5818   3.6034   3.6133   3.6302   3.6595
  3.6791   3.6857   3.7050   3.7159   3.7353   3.7613   3.7658   3.7863
  3.7934   3.8060   3.8105   3.8372   3.8687   3.8905   3.9026   3.9079
  3.9154   3.9243   3.9478   3.9776   3.9878   4.0017   4.0105   4.0312
  4.0455   4.0527   4.0683   4.0909   4.1145   4.1186   4.1432   4.1580
  4.1823   4.2004   4.2144   4.2292   4.2515   4.2738   4.2922   4.3151
  4.3217   4.3380   4.3653   4.3835   4.3862   4.3950   4.3995   4.4115
  4.4341   4.4512   4.4717   4.4813   4.4902   4.5157   4.5218   4.5397
  4.5513   4.5716   4.5739   4.5881   4.5986   4.6140   4.6410   4.6499
  4.6672   4.6976   4.7049   4.7192   4.7256   4.7362   4.7619   4.7847
  4.7984   4.8150   4.8363   4.8526   4.8776   4.8920   4.8957   4.9138
  4.9333   4.9665   4.9888   5.0090   5.0243   5.0308   5.0617   5.0745
  5.0936   5.1018   5.1480   5.1545   5.1825   5.2018   5.2283   5.2497
  5.2611   5.2746   5.2855   5.2920   5.3081   5.3406   5.3418   5.3605
  5.3790   5.4052   5.4096   5.4237   5.4361   5.4522   5.4660   5.4930
  5.5025   5.5219   5.5336   5.5446   5.5871   5.5996   5.6108   5.6142
  5.6384   5.6557   5.6622   5.6957   5.7006   5.7177   5.7302   5.7380
  5.7771   5.7839   5.7938   5.8140   5.8259   5.8325   5.8401   5.8568
  5.8722   5.8824   5.8902   5.8981   5.9151   5.9354   5.9470   5.9527
  5.9606   5.9859   6.0070   6.0152   6.0261   6.0330   6.0541   6.0634
  6.0856   6.0898   6.1058   6.1162   6.1270   6.1396   6.1422   6.1504
  6.1651   6.1759   6.1863   6.1963   6.2021   6.2205   6.2272   6.2495
  6.2511   6.2767   6.2859   6.2914   6.3083   6.3111   6.3281   6.3357
  6.3425   6.3645   6.3657   6.3733   6.3947   6.4056   6.4158   6.4206
  6.4390   6.4427   6.4506   6.4544   6.4767   6.4939   6.5057   6.5137
  6.5236   6.5279   6.5337   6.5500   6.5559   6.5640   6.5752   6.6007
  6.6083   6.6143   6.6249   6.6355   6.6448   6.6577   6.6753   6.6803
  6.6898   6.6943   6.6984   6.7086   6.7266   6.7345   6.7523   6.7656
  6.7823   6.7851   6.7956   6.8080   6.8143   6.8379   6.8471   6.8563
  6.8574   6.8648   6.8779   6.9069   6.9131   6.9219   6.9408   6.9524
  6.9620   6.9768   6.9873   7.0095   7.0151   7.0209   7.0292   7.0459
  7.0662   7.0712   7.0896   7.1006   7.1094   7.1235   7.1451   7.1700
  7.1771   7.1988   7.2157   7.2235   7.2341   7.2351   7.2643   7.2714
  7.2888   7.2986   7.3140   7.3274   7.3375   7.3648   7.3961   7.3994
  7.4104   7.4281   7.4540   7.4692   7.4715   7.4813   7.4923   7.5193
  7.5431   7.5554   7.5761   7.5794   7.6026   7.6269   7.6369   7.6539
  7.6704   7.6974   7.7224   7.7292   7.7454   7.7647   7.7779   7.7897
  7.8031   7.8176   7.8462   7.8589   7.8681   7.8933   7.9091   7.9311
  7.9534   7.9630   7.9846   7.9991   8.0291   8.0483   8.0546   8.0711
  8.0838   8.1169   8.1219   8.1361   8.1467   8.1536   8.1670   8.1909
  8.2094   8.2194   8.2302   8.2362   8.2587   8.2780   8.3052   8.3133
  8.3287   8.3378   8.3464   8.3854   8.3947   8.4248   8.4372   8.4668
  8.4782   8.4888   8.5045   8.5138   8.5456   8.5684   8.5889   8.5943
  8.6436   8.6625   8.7125   8.7151   8.7480   8.7603   8.7764   8.7855
  8.8619   8.8728   8.8888   8.9055   8.9198   8.9447   8.9721   8.9881
  9.0045   9.0225   9.0281   9.0387   9.0535   9.0733   9.0959   9.1199
  9.1217   9.1566   9.1711   9.1947   9.2105   9.2245   9.2504   9.2670
  9.2842   9.2988   9.3099   9.3538   9.3671   9.3806   9.3825   9.3908
  9.4086   9.4302   9.4462   9.4601   9.4666   9.5108   9.5339   9.5637
  9.5814   9.5966   9.6049   9.6139   9.6375   9.6454   9.6550   9.6722
  9.6996   9.7331   9.7917   9.8122   9.8281   9.8419   9.9006   9.9233
  9.9704   9.9952  10.0422  10.1191  10.1381  10.1714  10.1993  10.2312
 10.2578  10.2701  10.2984  10.3090  10.3723  10.4062  10.4326  10.4370
 10.4695  10.4924  10.5062  10.5124  10.5702  10.6262  10.6526  10.6909
 10.6955  10.7116  10.7249  10.7697  10.7745  10.8025  10.8835  10.9053
 10.9381  11.0009  11.0627  11.0892  11.3154  11.3836  11.4642  11.4999
 11.5318  11.5468  11.9284  11.9423  11.9516  11.9527  11.9555  11.9560
 11.9581  11.9644  11.9675  11.9678  11.9742  11.9930  11.9998  12.0142
 12.0234  12.0326  12.0660  12.0900  12.1410  12.1933  12.2867  12.2877
 12.2943  12.3012  12.3578  12.3682  12.3837  12.4375  12.4628  12.5069
 12.5306  12.5549  12.5622  12.5841  12.5945  12.6085  12.6331  12.6406
 12.6556  12.6596  12.6820  12.7261  12.7661  12.7755  12.8170  12.8321
 12.8429  12.8577  12.8647  12.9166  12.9600  12.9907  13.0431  13.1259
 13.1623  13.1938  13.2597  13.3179  13.3686  13.3857  13.4611  13.7947
 13.8827  13.9899  14.1122  14.1900  14.2419  14.6889  15.1430  15.1520
 15.1577  15.1639  15.1741  15.2050  15.2178  15.2749  15.2950  15.3593
 15.3974  15.4200  15.4632  15.5233  15.5468  15.5638  15.6243  15.8678
 16.0894  16.1253  16.1914  16.2360  16.2931  16.3265  16.3642  16.4013
 16.4466  16.4939  16.5423  16.5893  16.7092  16.7577  16.8402  16.9309
 17.0114  17.0785  17.2271  17.2567  17.2876  17.3692  17.4641  17.5739
 28.9639  29.0985  29.2173  29.2733  29.6274  29.6367  29.6849  29.7797
 49.2335  49.3447  49.3934  55.5654  55.6769  55.9733 150.8345 150.9851
151.0989 151.1786 151.5489 151.5686 151.6486 151.7308 258.3864 258.5149
258.5707 290.8180 290.9456 291.3107
 --------------------------------------------------------------
 
          Ground-State Mulliken Net Atomic Charges

     Atom                 Charge (a.u.)    Spin (a.u.)
  --------------------------------------------------------
      1 H                     0.286780       0.001970
      2 C                    -0.220599       0.025821
      3 C                     0.495144       0.033003
      4 F                    -0.242224      -0.004664
      5 F                    -0.209529       0.005676
      6 C                     0.037728       0.895118
      7 F                    -0.192435       0.041157
      8 C                    -0.260966      -0.045892
      9 C                    -0.067824       0.040884
     10 O                    -0.344285       0.077104
     11 C                     0.015563       0.839579
     12 C                    -0.043384       0.003505
     13 O                    -0.316430      -0.000449
     14 C                     0.377035       0.010276
     15 O                    -0.353207       0.006640
     16 H                     0.143287       0.005954
     17 H                     0.200472       0.004540
     18 H                     0.173003       0.014234
     19 H                     0.167905       0.005328
     20 H                     0.192641       0.007332
     21 H                     0.161324       0.032882
  --------------------------------------------------------
  Sum of atomic charges =     0.000000
  Sum of spin   charges =     2.000000

 -----------------------------------------------------------------
                    Cartesian Multipole Moments
 -----------------------------------------------------------------
    Charge (ESU x 10^10)
                 0.0000
    Dipole Moment (Debye)
         X       4.2024      Y       4.2905      Z       1.3945
       Tot       6.1655
    Quadrupole Moments (Debye-Ang)
        XX     -83.5246     XY      -5.7389     YY     -86.3439
        XZ      -0.7576     YZ      -1.0559     ZZ     -77.9921
    Octopole Moments (Debye-Ang^2)
       XXX     121.1263    XXY      61.3488    XYY      29.3248
       YYY     105.5967    XXZ      10.7738    XYZ       3.7077
       YYZ       8.8144    XZZ      19.8716    YZZ      29.2762
       ZZZ      28.4149
    Hexadecapole Moments (Debye-Ang^3)
      XXXX   -1612.9593   XXXY     -86.5857   XXYY    -437.4623
      XYYY     -60.3270   YYYY    -983.0113   XXXZ     -59.7548
      XXYZ     -12.1226   XYYZ     -15.6434   YYYZ     -60.0979
      XXZZ    -295.5258   XYZZ      -3.0722   YYZZ    -206.2220
      XZZZ     -46.6865   YZZZ     -66.0797   ZZZZ    -308.9993
 -----------------------------------------------------------------
 Total job time:  150.13s(wall), 4624.32s(cpu) 
 Thu Aug  1 11:20:35 2024

        *************************************************************
        *                                                           *
        *  Thank you very much for using Q-Chem.  Have a nice day.  *
        *                                                           *
        *************************************************************


