
Running Job 1 of 1 ent1d-r1-triplet-wb97xd-B97mV.in
qchem ent1d-r1-triplet-wb97xd-B97mV.in_1913922.0 /expanse/lustre/scratch/whughes/temp_project/job_32693577/ent1d-r1-triplet-wb97xd-B97mV-32693577/ 0
/cm/shared/apps/spack/0.17.3/cpu/b/opt/spack/linux-rocky8-zen2/gcc-10.2.0/qchem-6.0-rytxnwjazd34ekd2gqyi5ufsaimxsd3r/exe/qcprog.exe_s ent1d-r1-triplet-wb97xd-B97mV.in_1913922.0 /expanse/lustre/scratch/whughes/temp_project/job_32693577/ent1d-r1-triplet-wb97xd-B97mV-32693577/
                  Welcome to Q-Chem
     A Quantum Leap Into The Future Of Chemistry


 Q-Chem 6.0, Q-Chem, Inc., Pleasanton, CA (2022)

 License issued to: University of California, San Diego (site)

 E. Epifanovsky,  A. T. B. Gilbert,  Xintian Feng,  Joonho Lee,  Yuezhi Mao,  
 N. Mardirossian,  P. Pokhilko,  A. White,  M. Wormit,  M. P. Coons,  
 A. L. Dempwolff,  Zhengting Gan,  D. Hait,  P. R. Horn,  L. D. Jacobson,  
 I. Kaliman,  J. Kussmann,  A. W. Lange,  Ka Un Lao,  D. S. Levine,  Jie Liu,  
 S. C. McKenzie,  A. F. Morrison,  K. Nanda,  F. Plasser,  D. R. Rehn,  
 M. L. Vidal,  Zhi-Qiang You,  Ying Zhu,  B. Alam,  B. Albrecht,  
 A. Aldossary,  E. Alguire,  J. H. Andersen,  V. Athavale,  D. Barton,  
 K. Begam,  A. Behn,  N. Bellonzi,  Y. A. Bernard,  E. J. Berquist,  
 H. Burton,  A. Carreras,  K. Carter-Fenk,  Romit Chakraborty,  
 Chandrima Chakravarty,  Junhan Chen,  A. D. Chien,  K. D. Closser,  
 V. Cofer-Shabica,  L. Cunha,  S. Dasgupta,  Jia Deng,  M. de Wergifosse,  
 M. Diedenhofen,  Hainam Do,  S. Ehlert,  Po-Tung Fang,  S. Fatehi,  
 Qingguo Feng,  T. Friedhoff,  B. Ganoe,  J. Gayvert,  Qinghui Ge,  
 G. Gidofalvi,  M. Goldey,  J. Gomes,  C. Gonzalez-Espinoza,  S. Gulania,  
 A. Gunina,  J. A. Gyamfi,  M. W. D. Hanson-Heine,  P. H. P. Harbach,  
 A. W. Hauser,  M. F. Herbst,  M. Hernandez Vera,  M. Hodecker,  
 Z. C. Holden,  S. Houck,  Xunkun Huang,  Kerwin Hui,  B. C. Huynh,  
 K. Ikeda,  M. Ivanov,  Hyunjun Ji,  Zuxin Jin,  Hanjie Jiang,  B. Kaduk,  
 S. Kaehler,  R. Kang,  K. Khistyaev,  Jaehoon Kim,  Yongbin Kim,  
 P. Klunzinger,  Z. Koczor-Benda,  Joong Hoon Koh,  D. Kosenkov,  
 Saikiran Kotaru,  L. Koulias,  T. Kowalczyk,  C. M. Krauter,  K. Kue,  
 A. Kunitsa,  T. Kus,  A. Landau,  K. V. Lawler,  D. Lefrancois,  S. Lehtola,  
 Rain Li,  Shaozhi Li,  Yi-Pei Li,  Jiashu Liang,  M. Liebenthal,  
 Hung-Hsuan Lin,  You-Sheng Lin,  Fenglai Liu,  Kuan-Yu Liu,  
 M. Loipersberger,  A. Luenser,  C. Malbon,  A. Manjanath,  P. Manohar,  
 E. Mansoor,  S. F. Manzer,  Shan-Ping Mao,  A. V. Marenich,  T. Markovich,  
 S. Mason,  F. Matz,  S. A. Maurer,  P. F. McLaughlin,  M. F. S. J. Menger,  
 J.-M. Mewes,  S. A. Mewes,  P. Morgante,  Mohammad Mostafanejad,  
 J. W. Mullinax,  K. J. Oosterbaan,  G. Paran,  V. Parravicini,  
 Alexander C. Paul,  Suranjan K. Paul,  F. Pavosevic,  Zheng Pei,  S. Prager,  
 E. I. Proynov,  E. Ramos,  B. Rana,  A. E. Rask,  A. Rettig,  R. M. Richard,  
 F. Rob,  E. Rossomme,  T. Scheele,  M. Scheurer,  M. Schneider,  
 P. E. Schneider,  N. Sergueev,  S. M. Sharada,  Hengyuan Shen,  
 W. Skomorowski,  D. W. Small,  C. J. Stein,  Yingli Su,  Yu-Chuan Su,  
 E. J. Sundstrom,  Zhen Tao,  J. Thirman,  Hung-Yi Tsai,  T. Tsuchimochi,  
 N. M. Tubman,  C. Utku,  S. P. Veccham,  O. Vydrov,  J. Wenzel,  
 Jonathan Wong,  J. Witte,  A. Yamada,  Chou-Hsun Yang,  Kun Yao,  
 S. Yeganeh,  S. R. Yost,  A. Zech,  F. Zeller,  Igor Ying Zhang,  
 Xing Zhang,  Yu Zhang,  D. Zuev,  A. Aspuru-Guzik,  A. T. Bell,  
 N. A. Besley,  K. B. Bravaya,  B. R. Brooks,  D. Casanova,  Jeng-Da Chai,  
 Hsing-Ta Chen,  S. Coriani,  C. J. Cramer,  A. E. DePrince, III,  
 R. A. DiStasio Jr.,  A. Dreuw,  B. D. Dunietz,  T. R. Furlani,  
 W. A. Goddard III,  S. Grimme,  S. Hammes-Schiffer,  T. Head-Gordon,  
 W. J. Hehre,  Chao-Ping Hsu,  T.-C. Jagau,  Yousung Jung,  A. Klamt,  
 Jing Kong,  D. S. Lambrecht,  Xiangyuan Li,  WanZhen Liang,  N. J. Mayhall,  
 C. W. McCurdy,  J. B. Neaton,  T. Neudecker,  C. Ochsenfeld,  
 J. A. Parkhill,  R. Peverati,  V. A. Rassolov,  Haisheng Ren,  Yihan Shao,  
 L. V. Slipchenko,  R. P. Steele,  J. E. Subotnik,  A. J. W. Thom,  
 A. Tkatchenko,  D. G. Truhlar,  T. Van Voorhis,  Fan Wang,  
 T. A. Wesolowski,  K. B. Whaley,  H. L. Woodcock III,  P. M. Zimmerman,  
 S. Faraji,  P. M. W. Gill,  M. Head-Gordon,  J. M. Herbert,  A. I. Krylov

 Contributors to earlier versions of Q-Chem not listed above: 
 R. D. Adamson,  B. Austin,  R. Baer,  J. Baker,  G. J. O. Beran,  
 K. Brandhorst,  S. T. Brown,  E. F. C. Byrd,  Arup K. Chakraborty,  
 G. K. L. Chan,  Chun-Min Chang,  Yunqing Chen,  C.-L. Cheng,  
 Siu Hung Chien,  D. M. Chipman,  D. L. Crittenden,  H. Dachsel,  
 R. J. Doerksen,  A. D. Dutoi,  R. G. Edgar,  J. Fosso-Tande,  
 L. Fusti-Molnar,  D. Ghosh,  A. Ghysels,  A. Golubeva-Zadorozhnaya,  
 J. Gonthier,  M. S. Gordon,  S. R. Gwaltney,  G. Hawkins,  J. E. Herr,  
 A. Heyden,  S. Hirata,  E. G. Hohenstein,  G. Kedziora,  F. J. Keil,  
 C. Kelley,  Jihan Kim,  R. A. King,  R. Z. Khaliullin,  P. P. Korambath,  
 W. Kurlancheek,  A. Laurent,  A. M. Lee,  M. S. Lee,  S. V. Levchenko,  
 Ching Yeh Lin,  D. Liotard,  E. Livshits,  R. C. Lochan,  I. Lotan,  
 L. A. Martinez-Martinez,  P. E. Maslen,  N. Nair,  D. P. O'Neill,  
 D. Neuhauser,  E. Neuscamman,  C. M. Oana,  R. Olivares-Amaya,  R. Olson,  
 T. M. Perrine,  B. Peters,  P. A. Pieniazek,  A. Prociuk,  Y. M. Rhee,  
 J. Ritchie,  M. A. Rohrdanz,  E. Rosta,  N. J. Russ,  H. F. Schaefer III,  
 M. W. Schmidt,  N. E. Schultz,  S. Sharma,  N. Shenvi,  C. D. Sherrill,  
 A. C. Simmonett,  A. Sodt,  T. Stein,  D. Stuck,  K. S. Thanthiriwatte,  
 V. Vanovschi,  L. Vogt,  Tao Wang,  A. Warshel,  M. A. Watson,  
 C. F. Williams,  Q. Wu,  X. Xu,  Jun Yang,  W. Zhang,  Yan Zhao

   Please cite Q-Chem as follows:
  "Software for the frontiers of quantum chemistry:
   An overview of developments in the Q-Chem 5 package"
   J. Chem. Phys. 155, 084801 (2021)
   https://doi.org/10.1063/5.0055522 (open access)

 Q-Chem 6.0.2 for Intel X86 EM64T Linux

 Parts of Q-Chem use Armadillo 9.900.5 (Nocturnal Misbehaviour).
 http://arma.sourceforge.net/

 Q-Chem begins on Thu Aug  1 13:12:45 2024  

 Host: 
0

     Scratch files written to /expanse/lustre/scratch/whughes/temp_project/job_32693577/ent1d-r1-triplet-wb97xd-B97mV-32693577//
 Dec722 |scratch|qcdevops|jenkins|workspace|build_RNUM    
 Processing $rem in /cm/shared/apps/spack/0.17.3/cpu/b/opt/spack/linux-rocky8-zen2/gcc-10.2.0/qchem-6.0-rytxnwjazd34ekd2gqyi5ufsaimxsd3r/config/preferences:
 Processing $rem in /home/whughes/.qchemrc:

 Checking the input file for inconsistencies... 	...done.

--------------------------------------------------------------
User input:
--------------------------------------------------------------
$molecule
0 3
C    0.7436408383    1.2471893556    0.3783780109
C    1.6917676731    0.3984105387    1.0935108802
C    2.7519915895    -0.3321205669   0.3879537121
Cl   4.1789685447    0.7767065969    0.0503804375
H    1.0457013662    2.2658070296    0.146265925
H    1.7567943095    0.4675813331    2.1752261998
H    3.1647134337    -1.1481532475   0.9748291105
H    2.4362494657    -0.6851439011   -0.5907337625
C    -0.5008809641   0.8048388311    -0.0247368756
C    -1.0656015604   -0.4577154242   0.1724835146
S    -1.6104497339   1.8516757315    -0.9029759583
H    -0.5447012349   -1.246910099    0.6969177272
C    -2.806741831    0.5978226268    -0.9960522386
C    -4.0574521246   0.6788101848    -1.5927747042
C    -2.3658967195   -0.5886619025   -0.3703601732
C    -4.8766366693   -0.4347398808   -1.5648897501
H    -4.3861552156   1.5929301445    -2.0700544065
C    -3.2187028509   -1.7036552395   -0.3568002931
C    -4.4580347893   -1.6198005122   -0.949341348
H    -5.8548480782   -0.3878099898   -2.0257081394
H    -2.8949800204   -2.6207164108   0.1197302037
H    -5.1181003386   -2.4774997085   -0.9408590118
$end

$rem
METHOD      B97M-V
BASIS       def2-QZVPP
SYM_IGNORE   TRUE
DFT_D       false
MAX_SCF_CYCLES 300
$end

$end
--------------------------------------------------------------
 ----------------------------------------------------------------
             Standard Nuclear Orientation (Angstroms)
    I     Atom           X                Y                Z
 ----------------------------------------------------------------
    1      C       0.7436408383     1.2471893556     0.3783780109
    2      C       1.6917676731     0.3984105387     1.0935108802
    3      C       2.7519915895    -0.3321205669     0.3879537121
    4      Cl      4.1789685447     0.7767065969     0.0503804375
    5      H       1.0457013662     2.2658070296     0.1462659250
    6      H       1.7567943095     0.4675813331     2.1752261998
    7      H       3.1647134337    -1.1481532475     0.9748291105
    8      H       2.4362494657    -0.6851439011    -0.5907337625
    9      C      -0.5008809641     0.8048388311    -0.0247368756
   10      C      -1.0656015604    -0.4577154242     0.1724835146
   11      S      -1.6104497339     1.8516757315    -0.9029759583
   12      H      -0.5447012349    -1.2469100990     0.6969177272
   13      C      -2.8067418310     0.5978226268    -0.9960522386
   14      C      -4.0574521246     0.6788101848    -1.5927747042
   15      C      -2.3658967195    -0.5886619025    -0.3703601732
   16      C      -4.8766366693    -0.4347398808    -1.5648897501
   17      H      -4.3861552156     1.5929301445    -2.0700544065
   18      C      -3.2187028509    -1.7036552395    -0.3568002931
   19      C      -4.4580347893    -1.6198005122    -0.9493413480
   20      H      -5.8548480782    -0.3878099898    -2.0257081394
   21      H      -2.8949800204    -2.6207164108     0.1197302037
   22      H      -5.1181003386    -2.4774997085    -0.9408590118
 ----------------------------------------------------------------
 Nuclear Repulsion Energy =         867.87039686 hartrees
 There are       55 alpha and       53 beta electrons
 Requested basis set is def2-QZVPP
 There are 321 shells and 1037 basis functions

 Total QAlloc Memory Limit   8000 MB
 Mega-Array Size       188 MB
 MEM_STATIC part       192 MB

 A cutoff of  1.0D-09 yielded  30998 shell pairs
 There are    315668 function pairs (    472466 Cartesian)
 Smallest overlap matrix eigenvalue = 5.81E-06

 Q-Chem warning in module stvman/mkSTV.C, line 305:

 Overlap eigenvalue is smaller than square root of threshold
 Use THRESH >= 12 to get rid of this warning


 Scale SEOQF with 1.000000e-02/1.000000e-01/1.000000e-01

 Standard Electronic Orientation quadrupole field applied
 Nucleus-field energy     =     0.0000000055 hartrees
 Guess from superposition of atomic densities
 Warning:  Energy on first SCF cycle will be non-variational
 SAD guess density has 108.000000 electrons

 -----------------------------------------------------------------------
  General SCF calculation program by
  Eric Jon Sundstrom, Paul Horn, Yuezhi Mao, Dmitri Zuev, Alec White,
  David Stuck, Shaama M.S., Shane Yost, Joonho Lee, David Small,
  Daniel Levine, Susi Lehtola, Hugh Burton, Evgeny Epifanovsky,
  Bang C. Huynh
 -----------------------------------------------------------------------
 Exchange:  B97M-V      Correlation:  B97M-V
 Using SG-2 standard quadrature grid
 Nonlocal Correlation:  VV10 with C = 0.0100 and b = 6.00 and scale = 1.00000
 Grid used for NLC:  SG-1 standard quadrature
 using 32 threads for integral computing
 -------------------------------------------------------
 OpenMP Integral computing Module                
 Release: version 1.0, May 2013, Q-Chem Inc. Pittsburgh 
 -------------------------------------------------------
 A unrestricted SCF calculation will be
 performed using DIIS
 SCF converges when DIIS error is below 1.0e-05
 ---------------------------------------
  Cycle       Energy         DIIS error
 ---------------------------------------
    1   -1285.4372991077      5.87e-03  
    2   -1282.6226721423      6.69e-04  
    3   -1282.1729232706      1.07e-03  
    4   -1282.8629913070      2.24e-04  
    5   -1282.8790082720      1.65e-04  
    6   -1282.8958631133      4.67e-05  
    7   -1282.8970769984      1.65e-05  
    8   -1282.8972180882      1.04e-05  
    9   -1282.8972884732      4.62e-06  Convergence criterion met
 ---------------------------------------
 SCF time:   CPU 4493.44s  wall 143.00s 
<S^2> =          2.027394460
 SCF   energy in the final basis set =    -1282.8972884732
 Total energy in the final basis set =    -1282.8972884732
 
 --------------------------------------------------------------
 
                    Orbital Energies (a.u.)
 --------------------------------------------------------------
 
 Alpha MOs
 -- Occupied --
******** -88.9929 -10.2485 -10.2299 -10.2248 -10.2239 -10.2097 -10.2023
-10.1995 -10.1943 -10.1925 -10.1921 -10.1879  -9.4851  -7.9985  -7.1513
 -7.1416  -7.1412  -5.8684  -5.8650  -5.8610  -0.8871  -0.8457  -0.8258
 -0.7797  -0.7629  -0.7251  -0.7011  -0.6721  -0.6044  -0.5799  -0.5736
 -0.5258  -0.4868  -0.4737  -0.4656  -0.4425  -0.4286  -0.4125  -0.4109
 -0.3979  -0.3914  -0.3892  -0.3762  -0.3392  -0.3387  -0.3308  -0.3179
 -0.2846  -0.2811  -0.2763  -0.2588  -0.2191  -0.2084  -0.1710
 -- Virtual --
 -0.0442  -0.0364  -0.0246  -0.0124   0.0096   0.0142   0.0211   0.0319
  0.0354   0.0438   0.0498   0.0529   0.0633   0.0689   0.0787   0.0917
  0.0953   0.1005   0.1050   0.1093   0.1147   0.1258   0.1326   0.1422
  0.1446   0.1456   0.1501   0.1545   0.1588   0.1729   0.1791   0.1826
  0.1845   0.1873   0.1980   0.2067   0.2146   0.2184   0.2224   0.2323
  0.2339   0.2410   0.2450   0.2486   0.2498   0.2588   0.2621   0.2653
  0.2689   0.2805   0.2822   0.2825   0.2849   0.2897   0.3002   0.3041
  0.3060   0.3105   0.3180   0.3207   0.3327   0.3400   0.3476   0.3519
  0.3599   0.3644   0.3679   0.3761   0.3864   0.3912   0.4046   0.4067
  0.4086   0.4161   0.4279   0.4383   0.4429   0.4484   0.4490   0.4545
  0.4560   0.4626   0.4680   0.4715   0.4887   0.4983   0.5012   0.5022
  0.5235   0.5282   0.5378   0.5399   0.5422   0.5499   0.5529   0.5551
  0.5617   0.5839   0.5950   0.5995   0.6071   0.6117   0.6267   0.6290
  0.6369   0.6410   0.6460   0.6554   0.6620   0.6777   0.6949   0.7052
  0.7096   0.7108   0.7179   0.7227   0.7393   0.7414   0.7465   0.7517
  0.7541   0.7576   0.7622   0.7673   0.7720   0.7853   0.7866   0.7892
  0.7976   0.8062   0.8182   0.8191   0.8279   0.8301   0.8358   0.8444
  0.8517   0.8604   0.8651   0.8694   0.8764   0.8844   0.8949   0.8996
  0.9044   0.9121   0.9159   0.9200   0.9300   0.9342   0.9390   0.9496
  0.9546   0.9599   0.9658   0.9740   0.9796   0.9948   0.9974   1.0045
  1.0161   1.0199   1.0253   1.0279   1.0363   1.0441   1.0498   1.0516
  1.0599   1.0661   1.0739   1.0807   1.0875   1.0982   1.1032   1.1139
  1.1214   1.1355   1.1521   1.1559   1.1669   1.1695   1.1783   1.1818
  1.1860   1.2006   1.2011   1.2082   1.2128   1.2157   1.2262   1.2383
  1.2435   1.2489   1.2608   1.2623   1.2694   1.2714   1.2787   1.2834
  1.2910   1.3024   1.3099   1.3191   1.3252   1.3386   1.3478   1.3657
  1.3739   1.3778   1.3910   1.4050   1.4231   1.4431   1.4555   1.4689
  1.4727   1.4804   1.4948   1.5020   1.5065   1.5149   1.5181   1.5262
  1.5392   1.5555   1.5642   1.5693   1.5888   1.6030   1.6125   1.6186
  1.6289   1.6358   1.6466   1.6616   1.6714   1.6807   1.6914   1.7009
  1.7014   1.7120   1.7263   1.7331   1.7435   1.7534   1.7654   1.7795
  1.7914   1.7921   1.8013   1.8055   1.8177   1.8347   1.8450   1.8518
  1.8559   1.8684   1.8756   1.8845   1.8905   1.8966   1.9023   1.9111
  1.9161   1.9225   1.9335   1.9385   1.9537   1.9657   1.9766   1.9810
  1.9840   1.9915   2.0060   2.0117   2.0162   2.0317   2.0388   2.0421
  2.0431   2.0544   2.0617   2.0627   2.0733   2.0786   2.0902   2.0994
  2.1095   2.1115   2.1356   2.1400   2.1402   2.1470   2.1576   2.1678
  2.1690   2.1850   2.1864   2.1959   2.2004   2.2054   2.2164   2.2276
  2.2295   2.2433   2.2528   2.2611   2.2745   2.2838   2.2912   2.2932
  2.2950   2.3086   2.3113   2.3180   2.3284   2.3457   2.3530   2.3619
  2.3735   2.3738   2.3841   2.3895   2.3943   2.4064   2.4220   2.4340
  2.4449   2.4498   2.4572   2.4642   2.4771   2.4834   2.4894   2.4988
  2.5112   2.5157   2.5200   2.5228   2.5367   2.5394   2.5480   2.5595
  2.5672   2.5763   2.5846   2.5889   2.5953   2.6064   2.6125   2.6203
  2.6307   2.6357   2.6418   2.6498   2.6559   2.6645   2.6698   2.6895
  2.7011   2.7069   2.7170   2.7256   2.7392   2.7414   2.7439   2.7467
  2.7500   2.7557   2.7625   2.7781   2.7809   2.7849   2.7890   2.8119
  2.8131   2.8198   2.8301   2.8387   2.8488   2.8651   2.8717   2.8734
  2.8774   2.8836   2.8897   2.8992   2.9084   2.9207   2.9314   2.9350
  2.9411   2.9426   2.9582   2.9698   2.9781   2.9826   2.9990   3.0133
  3.0194   3.0289   3.0340   3.0466   3.0722   3.0810   3.0832   3.0981
  3.1016   3.1204   3.1316   3.1318   3.1460   3.1526   3.1778   3.1863
  3.2045   3.2190   3.2302   3.2528   3.2800   3.2854   3.2933   3.3115
  3.3260   3.3273   3.3349   3.3557   3.3761   3.3789   3.3917   3.4048
  3.4148   3.4202   3.4277   3.4342   3.4415   3.4504   3.4649   3.4826
  3.4955   3.5049   3.5058   3.5274   3.5355   3.5384   3.5444   3.5521
  3.5601   3.5695   3.5807   3.5849   3.5885   3.6061   3.6180   3.6280
  3.6322   3.6386   3.6486   3.6625   3.6666   3.6745   3.6868   3.6988
  3.7131   3.7200   3.7321   3.7519   3.7644   3.7755   3.7820   3.7927
  3.8016   3.8127   3.8213   3.8423   3.8512   3.8791   3.8854   3.9031
  3.9140   3.9272   3.9378   3.9487   3.9587   3.9706   3.9810   3.9961
  4.0021   4.0272   4.0422   4.0509   4.0561   4.0629   4.0809   4.0911
  4.1271   4.1431   4.1470   4.1568   4.1626   4.1682   4.1769   4.1801
  4.1843   4.2069   4.2181   4.2269   4.2446   4.2551   4.2606   4.2829
  4.3031   4.3113   4.3587   4.3809   4.3863   4.3964   4.4187   4.4609
  4.4650   4.4924   4.5334   4.5407   4.5707   4.5913   4.6236   4.6482
  4.6773   4.6939   4.7080   4.7379   4.7764   4.8033   4.8246   4.8382
  4.8487   4.8891   4.9268   4.9628   4.9812   5.0246   5.0448   5.0699
  5.0796   5.0928   5.1156   5.1297   5.1361   5.1472   5.2017   5.2058
  5.2225   5.2389   5.2464   5.2585   5.2654   5.2746   5.3067   5.3117
  5.3253   5.3432   5.3646   5.3775   5.3953   5.4020   5.4087   5.4226
  5.4259   5.4572   5.4748   5.4900   5.4966   5.5095   5.5138   5.5311
  5.5448   5.5702   5.5758   5.5809   5.5991   5.5997   5.6142   5.6364
  5.6556   5.6649   5.6845   5.6954   5.7006   5.7198   5.7282   5.7487
  5.7585   5.7712   5.7739   5.7958   5.8113   5.8270   5.8462   5.8596
  5.8664   5.8805   5.8900   5.9015   5.9157   5.9245   5.9407   5.9484
  5.9674   5.9968   6.0042   6.0227   6.0276   6.0455   6.0570   6.0595
  6.0750   6.0823   6.1005   6.1088   6.1368   6.1496   6.1587   6.1757
  6.1772   6.1816   6.1866   6.1967   6.2045   6.2113   6.2172   6.2282
  6.2298   6.2397   6.2443   6.2631   6.2753   6.2867   6.3217   6.3253
  6.3320   6.3393   6.3453   6.3501   6.3610   6.3696   6.3725   6.4036
  6.4073   6.4214   6.4323   6.4441   6.4537   6.4569   6.4679   6.4788
  6.4817   6.4850   6.4932   6.5052   6.5103   6.5131   6.5155   6.5204
  6.5310   6.5363   6.5391   6.5523   6.5687   6.5729   6.5846   6.5928
  6.6026   6.6067   6.6135   6.6244   6.6362   6.6540   6.6623   6.6637
  6.6672   6.6871   6.6968   6.7042   6.7097   6.7346   6.7395   6.7516
  6.7610   6.7675   6.7737   6.7925   6.7994   6.8058   6.8135   6.8217
  6.8336   6.8340   6.8505   6.8739   6.8778   6.8816   6.8919   6.8947
  6.9031   6.9261   6.9335   6.9409   6.9486   6.9566   6.9658   6.9821
  6.9936   7.0011   7.0084   7.0233   7.0353   7.0424   7.0515   7.0547
  7.0694   7.0768   7.0883   7.0937   7.1175   7.1291   7.1543   7.1696
  7.1890   7.1994   7.2092   7.2213   7.2332   7.2474   7.2588   7.2740
  7.2830   7.2898   7.3319   7.3404   7.3610   7.3687   7.3788   7.3843
  7.4193   7.4361   7.4619   7.4745   7.4966   7.5102   7.5166   7.5349
  7.5511   7.5598   7.5711   7.5967   7.6094   7.6262   7.6563   7.6775
  7.6953   7.7167   7.7211   7.7395   7.7609   7.7894   7.8037   7.8255
  7.8272   7.8426   7.8594   7.8787   7.9044   7.9070   7.9176   7.9324
  7.9468   7.9606   7.9826   7.9968   8.0202   8.0322   8.0496   8.0601
  8.0766   8.0915   8.1014   8.1117   8.1369   8.1582   8.1687   8.1895
  8.2063   8.2187   8.2381   8.2554   8.2617   8.2716   8.2803   8.2952
  8.3136   8.3297   8.3392   8.3573   8.3720   8.3897   8.3952   8.4013
  8.4298   8.4384   8.4498   8.4881   8.5077   8.5311   8.5520   8.5653
  8.5994   8.6121   8.6354   8.6580   8.6731   8.6816   8.6844   8.6931
  8.6995   8.7042   8.7172   8.7330   8.7501   8.7594   8.7696   8.7817
  8.7825   8.7989   8.8141   8.8168   8.8251   8.8365   8.8464   8.8492
  8.8568   8.8639   8.8716   8.9122   8.9170   8.9304   8.9386   8.9427
  8.9540   8.9559   8.9608   8.9712   8.9804   8.9935   9.0132   9.0384
  9.0401   9.0649   9.0856   9.0942   9.1053   9.1136   9.1300   9.1458
  9.1512   9.1641   9.1752   9.1816   9.1847   9.2218   9.2480   9.2586
  9.2641   9.2875   9.3147   9.3281   9.3406   9.3861   9.3932   9.3981
  9.4259   9.5072   9.5385   9.5896   9.6090   9.6167   9.6631   9.7011
  9.7813   9.8114   9.8248   9.8801   9.9227   9.9557   9.9728   9.9861
 10.0381  10.0471  10.0868  10.1201  10.1752  10.1864  10.1966  10.2275
 10.2493  10.2837  10.3493  10.3601  10.3737  10.4179  10.4365  10.4529
 10.5191  10.5245  10.5317  10.5539  10.5661  10.6173  10.6302  10.6922
 10.7342  10.7867  10.8094  10.8247  10.8371  10.8501  10.9039  10.9375
 10.9506  10.9870  11.0541  11.0643  11.1068  11.1116  11.2308  11.3654
 11.3753  11.5265  12.1967  12.2975  12.5050  12.9496  12.9578  12.9967
 13.0783  13.1094  13.1659  13.4525  25.3925  28.5667  28.8548  29.0438
 29.1072  29.1460  29.3100  29.4092  29.4850  29.5602  29.6204  29.6391
 29.7211  29.7388  29.8441  30.1086  42.1524  42.1573  42.2458  85.6113
 99.9736 150.5161 150.7940 151.0288 151.0597 151.2619 151.3273 151.4289
151.5192 151.6108 151.7151 151.9925 456.8478 531.8769
 
 Beta MOs
 -- Occupied --
******** -88.9928 -10.2486 -10.2314 -10.2231 -10.2101 -10.2033 -10.2016
-10.1949 -10.1940 -10.1907 -10.1906 -10.1884  -9.4845  -7.9984  -7.1487
 -7.1405  -7.1403  -5.8683  -5.8649  -5.8607  -0.8834  -0.8342  -0.8221
 -0.7640  -0.7579  -0.7146  -0.6953  -0.6604  -0.5963  -0.5719  -0.5690
 -0.5150  -0.4839  -0.4664  -0.4591  -0.4363  -0.4215  -0.4070  -0.4042
 -0.3904  -0.3839  -0.3833  -0.3702  -0.3374  -0.3345  -0.3227  -0.3170
 -0.2791  -0.2735  -0.2717  -0.2451  -0.2112
 -- Virtual --
 -0.1241  -0.1201  -0.0384  -0.0276  -0.0226  -0.0027   0.0169   0.0254
  0.0259   0.0338   0.0397   0.0496   0.0553   0.0572   0.0664   0.0711
  0.0821   0.0955   0.0996   0.1041   0.1112   0.1140   0.1191   0.1292
  0.1348   0.1466   0.1484   0.1502   0.1539   0.1596   0.1641   0.1772
  0.1831   0.1877   0.1917   0.1939   0.2015   0.2097   0.2187   0.2220
  0.2259   0.2381   0.2407   0.2451   0.2526   0.2538   0.2574   0.2631
  0.2674   0.2720   0.2784   0.2837   0.2874   0.2889   0.2930   0.2946
  0.3047   0.3074   0.3094   0.3131   0.3214   0.3254   0.3375   0.3455
  0.3520   0.3594   0.3634   0.3677   0.3728   0.3807   0.3920   0.3979
  0.4083   0.4118   0.4140   0.4197   0.4309   0.4414   0.4493   0.4515
  0.4544   0.4593   0.4605   0.4657   0.4720   0.4789   0.4960   0.5047
  0.5065   0.5082   0.5276   0.5321   0.5429   0.5430   0.5505   0.5527
  0.5568   0.5597   0.5678   0.5882   0.6024   0.6052   0.6178   0.6206
  0.6326   0.6371   0.6424   0.6481   0.6536   0.6621   0.6695   0.6842
  0.7010   0.7110   0.7145   0.7177   0.7266   0.7323   0.7433   0.7472
  0.7512   0.7576   0.7597   0.7635   0.7690   0.7730   0.7784   0.7901
  0.7915   0.7971   0.8072   0.8146   0.8225   0.8287   0.8330   0.8413
  0.8455   0.8518   0.8557   0.8654   0.8719   0.8785   0.8839   0.8874
  0.8979   0.9049   0.9110   0.9184   0.9261   0.9269   0.9357   0.9397
  0.9447   0.9542   0.9609   0.9704   0.9717   0.9831   0.9866   1.0023
  1.0037   1.0105   1.0207   1.0267   1.0315   1.0334   1.0424   1.0495
  1.0553   1.0575   1.0646   1.0734   1.0831   1.0853   1.0930   1.1052
  1.1099   1.1192   1.1304   1.1402   1.1581   1.1616   1.1728   1.1769
  1.1837   1.1889   1.1919   1.2067   1.2076   1.2153   1.2203   1.2214
  1.2299   1.2451   1.2492   1.2556   1.2662   1.2674   1.2777   1.2791
  1.2866   1.2917   1.2973   1.3079   1.3160   1.3262   1.3321   1.3434
  1.3555   1.3728   1.3831   1.3851   1.3963   1.4136   1.4293   1.4514
  1.4629   1.4740   1.4817   1.4856   1.4995   1.5089   1.5125   1.5204
  1.5258   1.5333   1.5472   1.5608   1.5670   1.5752   1.5959   1.6110
  1.6204   1.6232   1.6356   1.6394   1.6558   1.6672   1.6829   1.6864
  1.7006   1.7059   1.7064   1.7201   1.7340   1.7404   1.7561   1.7654
  1.7731   1.7876   1.7969   1.7992   1.8125   1.8171   1.8267   1.8402
  1.8559   1.8616   1.8655   1.8789   1.8857   1.8914   1.8991   1.9033
  1.9123   1.9189   1.9251   1.9350   1.9416   1.9447   1.9647   1.9765
  1.9890   1.9936   1.9972   2.0002   2.0179   2.0234   2.0294   2.0421
  2.0454   2.0483   2.0560   2.0627   2.0699   2.0740   2.0816   2.0886
  2.0988   2.1104   2.1160   2.1200   2.1439   2.1494   2.1527   2.1608
  2.1714   2.1777   2.1799   2.1939   2.1954   2.2089   2.2124   2.2169
  2.2249   2.2339   2.2381   2.2543   2.2603   2.2702   2.2842   2.2907
  2.2980   2.3026   2.3050   2.3174   2.3228   2.3288   2.3364   2.3588
  2.3629   2.3695   2.3847   2.3881   2.3972   2.3998   2.4084   2.4153
  2.4316   2.4470   2.4554   2.4620   2.4652   2.4765   2.4910   2.4957
  2.5036   2.5085   2.5225   2.5249   2.5272   2.5340   2.5442   2.5506
  2.5587   2.5668   2.5758   2.5884   2.5936   2.5989   2.6055   2.6148
  2.6187   2.6279   2.6388   2.6465   2.6513   2.6615   2.6659   2.6745
  2.6828   2.6994   2.7127   2.7161   2.7303   2.7350   2.7459   2.7486
  2.7525   2.7552   2.7588   2.7654   2.7687   2.7864   2.7900   2.7943
  2.7985   2.8209   2.8266   2.8303   2.8394   2.8500   2.8610   2.8740
  2.8785   2.8810   2.8893   2.8934   2.8973   2.9104   2.9168   2.9286
  2.9390   2.9451   2.9523   2.9554   2.9680   2.9806   2.9913   2.9937
  3.0148   3.0228   3.0282   3.0363   3.0436   3.0576   3.0831   3.0897
  3.0950   3.1058   3.1157   3.1300   3.1377   3.1436   3.1577   3.1614
  3.1918   3.1978   3.2146   3.2319   3.2387   3.2570   3.2895   3.2972
  3.3018   3.3221   3.3357   3.3399   3.3457   3.3713   3.3833   3.3868
  3.4020   3.4139   3.4207   3.4300   3.4348   3.4428   3.4487   3.4620
  3.4771   3.4914   3.5072   3.5146   3.5184   3.5322   3.5446   3.5476
  3.5546   3.5608   3.5692   3.5764   3.5888   3.5939   3.5964   3.6166
  3.6259   3.6308   3.6404   3.6509   3.6571   3.6718   3.6747   3.6814
  3.6926   3.7061   3.7219   3.7308   3.7486   3.7669   3.7730   3.7852
  3.7949   3.8055   3.8139   3.8251   3.8348   3.8548   3.8666   3.8939
  3.9008   3.9104   3.9219   3.9341   3.9509   3.9609   3.9658   3.9840
  3.9939   4.0066   4.0088   4.0388   4.0537   4.0599   4.0662   4.0717
  4.0926   4.1016   4.1377   4.1517   4.1546   4.1658   4.1704   4.1750
  4.1847   4.1876   4.1930   4.2145   4.2282   4.2366   4.2543   4.2622
  4.2677   4.2936   4.3073   4.3244   4.3720   4.3888   4.3938   4.4043
  4.4303   4.4767   4.4785   4.4993   4.5435   4.5463   4.5872   4.5990
  4.6376   4.6606   4.6861   4.7005   4.7218   4.7464   4.7877   4.8109
  4.8308   4.8476   4.8558   4.9015   4.9359   4.9695   5.0002   5.0343
  5.0479   5.0789   5.0875   5.1013   5.1195   5.1404   5.1441   5.1624
  5.2106   5.2159   5.2342   5.2463   5.2556   5.2619   5.2705   5.2840
  5.3211   5.3245   5.3362   5.3538   5.3775   5.3927   5.4033   5.4099
  5.4143   5.4385   5.4431   5.4636   5.4867   5.5004   5.5059   5.5165
  5.5274   5.5407   5.5512   5.5798   5.5868   5.5886   5.6053   5.6227
  5.6275   5.6507   5.6667   5.6776   5.6902   5.7013   5.7117   5.7289
  5.7356   5.7642   5.7732   5.7791   5.7904   5.8115   5.8253   5.8355
  5.8600   5.8730   5.8812   5.8885   5.9031   5.9181   5.9205   5.9314
  5.9546   5.9634   5.9778   6.0041   6.0112   6.0331   6.0403   6.0605
  6.0703   6.0726   6.0830   6.0933   6.1057   6.1210   6.1479   6.1563
  6.1683   6.1830   6.1918   6.1959   6.2003   6.2014   6.2140   6.2271
  6.2316   6.2354   6.2415   6.2499   6.2577   6.2768   6.2866   6.2942
  6.3293   6.3299   6.3361   6.3462   6.3537   6.3606   6.3744   6.3791
  6.3895   6.4099   6.4129   6.4300   6.4460   6.4537   6.4631   6.4692
  6.4800   6.4848   6.4922   6.4989   6.5092   6.5134   6.5161   6.5210
  6.5253   6.5263   6.5410   6.5524   6.5551   6.5675   6.5749   6.5820
  6.5959   6.6025   6.6119   6.6181   6.6314   6.6355   6.6474   6.6644
  6.6722   6.6779   6.6811   6.7003   6.7059   6.7143   6.7189   6.7472
  6.7496   6.7652   6.7668   6.7755   6.7864   6.8059   6.8106   6.8120
  6.8217   6.8369   6.8453   6.8511   6.8602   6.8823   6.8909   6.8948
  6.9014   6.9076   6.9094   6.9329   6.9420   6.9603   6.9610   6.9691
  6.9803   6.9939   7.0047   7.0084   7.0151   7.0282   7.0477   7.0540
  7.0617   7.0651   7.0797   7.0854   7.1044   7.1090   7.1303   7.1488
  7.1733   7.1774   7.2105   7.2130   7.2190   7.2282   7.2444   7.2597
  7.2677   7.2839   7.2920   7.3014   7.3357   7.3453   7.3744   7.3857
  7.3939   7.4017   7.4244   7.4512   7.4808   7.4835   7.5064   7.5197
  7.5332   7.5444   7.5581   7.5662   7.6048   7.6153   7.6261   7.6351
  7.6830   7.6915   7.7037   7.7233   7.7334   7.7474   7.7694   7.7969
  7.8199   7.8251   7.8400   7.8527   7.8647   7.8900   7.9110   7.9161
  7.9275   7.9505   7.9590   7.9602   7.9933   8.0024   8.0266   8.0412
  8.0612   8.0696   8.0815   8.0932   8.1025   8.1156   8.1343   8.1676
  8.1892   8.1996   8.2104   8.2238   8.2397   8.2591   8.2721   8.2878
  8.2926   8.3096   8.3180   8.3361   8.3484   8.3598   8.3787   8.3951
  8.4035   8.4063   8.4346   8.4458   8.4596   8.5028   8.5140   8.5535
  8.5651   8.5840   8.6100   8.6372   8.6395   8.6611   8.6790   8.6945
  8.6954   8.7007   8.7047   8.7121   8.7272   8.7433   8.7576   8.7717
  8.7842   8.7885   8.8003   8.8077   8.8222   8.8276   8.8307   8.8387
  8.8550   8.8579   8.8676   8.8763   8.8863   8.9164   8.9268   8.9353
  8.9463   8.9528   8.9573   8.9635   8.9700   8.9770   8.9869   9.0068
  9.0126   9.0458   9.0470   9.0679   9.0767   9.1022   9.1104   9.1127
  9.1252   9.1497   9.1548   9.1711   9.1828   9.1889   9.1943   9.2236
  9.2524   9.2606   9.2741   9.2922   9.3242   9.3268   9.3437   9.3914
  9.3967   9.4040   9.4335   9.5022   9.5451   9.5895   9.6139   9.6469
  9.6830   9.7034   9.7854   9.8188   9.8393   9.8860   9.9203   9.9679
  9.9787   9.9887  10.0146  10.0408  10.0814  10.1646  10.1762  10.1916
 10.2045  10.2291  10.2466  10.2824  10.3475  10.3646  10.3756  10.4135
 10.4387  10.4515  10.5008  10.5263  10.5273  10.5654  10.5812  10.6255
 10.6342  10.6986  10.7374  10.7837  10.8214  10.8291  10.8461  10.8554
 10.9147  10.9475  10.9685  10.9986  11.0613  11.0707  11.1162  11.1206
 11.2340  11.3664  11.3823  11.5285  12.1985  12.3089  12.5000  12.9074
 12.9227  12.9506  13.0362  13.1167  13.1511  13.4455  25.3929  28.5690
 28.8590  29.0444  29.1123  29.1493  29.3487  29.4249  29.4908  29.5683
 29.6221  29.6429  29.7261  29.7480  29.8550  30.1112  42.1546  42.1596
 42.2494  85.6118  99.9786 150.5176 150.7961 151.0321 151.0618 151.2811
151.3425 151.4325 151.5220 151.6162 151.7221 151.9940 456.8481 531.8802
 --------------------------------------------------------------
 
          Ground-State Mulliken Net Atomic Charges

     Atom                 Charge (a.u.)    Spin (a.u.)
  --------------------------------------------------------
      1 C                    -0.186721       0.567139
      2 C                    -0.257270       0.926809
      3 C                    -0.157492       0.005544
      4 Cl                   -0.231959       0.105416
      5 H                     0.190148       0.001366
      6 H                     0.197265      -0.016930
      7 H                     0.206031       0.001725
      8 H                     0.194427      -0.004766
      9 C                     0.122832      -0.174088
     10 C                    -0.261203       0.394378
     11 S                    -0.171119       0.017483
     12 H                     0.207027       0.007103
     13 C                     0.029424       0.118598
     14 C                    -0.205903      -0.062506
     15 C                     0.276609      -0.089797
     16 C                    -0.241449       0.147180
     17 H                     0.202910       0.000516
     18 C                    -0.238564       0.118168
     19 C                    -0.287765      -0.056106
     20 H                     0.200783      -0.005396
     21 H                     0.201098      -0.001338
     22 H                     0.210894      -0.000501
  --------------------------------------------------------
  Sum of atomic charges =    -0.000000
  Sum of spin   charges =     2.000000

 -----------------------------------------------------------------
                    Cartesian Multipole Moments
 -----------------------------------------------------------------
    Charge (ESU x 10^10)
                -0.0000
    Dipole Moment (Debye)
         X      -1.8595      Y      -1.7105      Z       0.6330
       Tot       2.6047
    Quadrupole Moments (Debye-Ang)
        XX     -93.9442     XY      -1.8298     YY     -86.9621
        XZ       5.2469     YZ      -1.9299     ZZ     -90.7259
    Octopole Moments (Debye-Ang^2)
       XXX     113.4570    XXY     -44.3478    XYY      62.5496
       YYY     -76.7694    XXZ       7.7866    XYZ       4.3231
       YYZ      32.2374    XZZ      71.5177    YZZ     -20.7556
       ZZZ     104.0690
    Hexadecapole Moments (Debye-Ang^3)
      XXXX   -5102.6376   XXXY    -240.9192   XXYY    -937.1023
      XYYY    -207.1368   YYYY    -798.1168   XXXZ    -381.6520
      XXYZ     -14.7823   XYYZ    -170.9861   YYYZ      21.2753
      XXZZ    -915.4802   XYZZ    -102.8992   YYZZ    -226.4355
      XZZZ    -540.9847   YZZZ      25.9887   ZZZZ    -520.0446
 -----------------------------------------------------------------
 Total job time:  146.24s(wall), 4531.09s(cpu) 
 Thu Aug  1 13:15:11 2024

        *************************************************************
        *                                                           *
        *  Thank you very much for using Q-Chem.  Have a nice day.  *
        *                                                           *
        *************************************************************


