
Running Job 1 of 1 ca4-r2-triplet-wb97xd-B97mV.in
qchem ca4-r2-triplet-wb97xd-B97mV.in_3225361.0 /expanse/lustre/scratch/whughes/temp_project/job_32692388/ca4-r2-triplet-wb97xd-B97mV-32692388/ 0
/cm/shared/apps/spack/0.17.3/cpu/b/opt/spack/linux-rocky8-zen2/gcc-10.2.0/qchem-6.0-rytxnwjazd34ekd2gqyi5ufsaimxsd3r/exe/qcprog.exe_s ca4-r2-triplet-wb97xd-B97mV.in_3225361.0 /expanse/lustre/scratch/whughes/temp_project/job_32692388/ca4-r2-triplet-wb97xd-B97mV-32692388/
                  Welcome to Q-Chem
     A Quantum Leap Into The Future Of Chemistry


 Q-Chem 6.0, Q-Chem, Inc., Pleasanton, CA (2022)

 License issued to: University of California, San Diego (site)

 E. Epifanovsky,  A. T. B. Gilbert,  Xintian Feng,  Joonho Lee,  Yuezhi Mao,  
 N. Mardirossian,  P. Pokhilko,  A. White,  M. Wormit,  M. P. Coons,  
 A. L. Dempwolff,  Zhengting Gan,  D. Hait,  P. R. Horn,  L. D. Jacobson,  
 I. Kaliman,  J. Kussmann,  A. W. Lange,  Ka Un Lao,  D. S. Levine,  Jie Liu,  
 S. C. McKenzie,  A. F. Morrison,  K. Nanda,  F. Plasser,  D. R. Rehn,  
 M. L. Vidal,  Zhi-Qiang You,  Ying Zhu,  B. Alam,  B. Albrecht,  
 A. Aldossary,  E. Alguire,  J. H. Andersen,  V. Athavale,  D. Barton,  
 K. Begam,  A. Behn,  N. Bellonzi,  Y. A. Bernard,  E. J. Berquist,  
 H. Burton,  A. Carreras,  K. Carter-Fenk,  Romit Chakraborty,  
 Chandrima Chakravarty,  Junhan Chen,  A. D. Chien,  K. D. Closser,  
 V. Cofer-Shabica,  L. Cunha,  S. Dasgupta,  Jia Deng,  M. de Wergifosse,  
 M. Diedenhofen,  Hainam Do,  S. Ehlert,  Po-Tung Fang,  S. Fatehi,  
 Qingguo Feng,  T. Friedhoff,  B. Ganoe,  J. Gayvert,  Qinghui Ge,  
 G. Gidofalvi,  M. Goldey,  J. Gomes,  C. Gonzalez-Espinoza,  S. Gulania,  
 A. Gunina,  J. A. Gyamfi,  M. W. D. Hanson-Heine,  P. H. P. Harbach,  
 A. W. Hauser,  M. F. Herbst,  M. Hernandez Vera,  M. Hodecker,  
 Z. C. Holden,  S. Houck,  Xunkun Huang,  Kerwin Hui,  B. C. Huynh,  
 K. Ikeda,  M. Ivanov,  Hyunjun Ji,  Zuxin Jin,  Hanjie Jiang,  B. Kaduk,  
 S. Kaehler,  R. Kang,  K. Khistyaev,  Jaehoon Kim,  Yongbin Kim,  
 P. Klunzinger,  Z. Koczor-Benda,  Joong Hoon Koh,  D. Kosenkov,  
 Saikiran Kotaru,  L. Koulias,  T. Kowalczyk,  C. M. Krauter,  K. Kue,  
 A. Kunitsa,  T. Kus,  A. Landau,  K. V. Lawler,  D. Lefrancois,  S. Lehtola,  
 Rain Li,  Shaozhi Li,  Yi-Pei Li,  Jiashu Liang,  M. Liebenthal,  
 Hung-Hsuan Lin,  You-Sheng Lin,  Fenglai Liu,  Kuan-Yu Liu,  
 M. Loipersberger,  A. Luenser,  C. Malbon,  A. Manjanath,  P. Manohar,  
 E. Mansoor,  S. F. Manzer,  Shan-Ping Mao,  A. V. Marenich,  T. Markovich,  
 S. Mason,  F. Matz,  S. A. Maurer,  P. F. McLaughlin,  M. F. S. J. Menger,  
 J.-M. Mewes,  S. A. Mewes,  P. Morgante,  Mohammad Mostafanejad,  
 J. W. Mullinax,  K. J. Oosterbaan,  G. Paran,  V. Parravicini,  
 Alexander C. Paul,  Suranjan K. Paul,  F. Pavosevic,  Zheng Pei,  S. Prager,  
 E. I. Proynov,  E. Ramos,  B. Rana,  A. E. Rask,  A. Rettig,  R. M. Richard,  
 F. Rob,  E. Rossomme,  T. Scheele,  M. Scheurer,  M. Schneider,  
 P. E. Schneider,  N. Sergueev,  S. M. Sharada,  Hengyuan Shen,  
 W. Skomorowski,  D. W. Small,  C. J. Stein,  Yingli Su,  Yu-Chuan Su,  
 E. J. Sundstrom,  Zhen Tao,  J. Thirman,  Hung-Yi Tsai,  T. Tsuchimochi,  
 N. M. Tubman,  C. Utku,  S. P. Veccham,  O. Vydrov,  J. Wenzel,  
 Jonathan Wong,  J. Witte,  A. Yamada,  Chou-Hsun Yang,  Kun Yao,  
 S. Yeganeh,  S. R. Yost,  A. Zech,  F. Zeller,  Igor Ying Zhang,  
 Xing Zhang,  Yu Zhang,  D. Zuev,  A. Aspuru-Guzik,  A. T. Bell,  
 N. A. Besley,  K. B. Bravaya,  B. R. Brooks,  D. Casanova,  Jeng-Da Chai,  
 Hsing-Ta Chen,  S. Coriani,  C. J. Cramer,  A. E. DePrince, III,  
 R. A. DiStasio Jr.,  A. Dreuw,  B. D. Dunietz,  T. R. Furlani,  
 W. A. Goddard III,  S. Grimme,  S. Hammes-Schiffer,  T. Head-Gordon,  
 W. J. Hehre,  Chao-Ping Hsu,  T.-C. Jagau,  Yousung Jung,  A. Klamt,  
 Jing Kong,  D. S. Lambrecht,  Xiangyuan Li,  WanZhen Liang,  N. J. Mayhall,  
 C. W. McCurdy,  J. B. Neaton,  T. Neudecker,  C. Ochsenfeld,  
 J. A. Parkhill,  R. Peverati,  V. A. Rassolov,  Haisheng Ren,  Yihan Shao,  
 L. V. Slipchenko,  R. P. Steele,  J. E. Subotnik,  A. J. W. Thom,  
 A. Tkatchenko,  D. G. Truhlar,  T. Van Voorhis,  Fan Wang,  
 T. A. Wesolowski,  K. B. Whaley,  H. L. Woodcock III,  P. M. Zimmerman,  
 S. Faraji,  P. M. W. Gill,  M. Head-Gordon,  J. M. Herbert,  A. I. Krylov

 Contributors to earlier versions of Q-Chem not listed above: 
 R. D. Adamson,  B. Austin,  R. Baer,  J. Baker,  G. J. O. Beran,  
 K. Brandhorst,  S. T. Brown,  E. F. C. Byrd,  Arup K. Chakraborty,  
 G. K. L. Chan,  Chun-Min Chang,  Yunqing Chen,  C.-L. Cheng,  
 Siu Hung Chien,  D. M. Chipman,  D. L. Crittenden,  H. Dachsel,  
 R. J. Doerksen,  A. D. Dutoi,  R. G. Edgar,  J. Fosso-Tande,  
 L. Fusti-Molnar,  D. Ghosh,  A. Ghysels,  A. Golubeva-Zadorozhnaya,  
 J. Gonthier,  M. S. Gordon,  S. R. Gwaltney,  G. Hawkins,  J. E. Herr,  
 A. Heyden,  S. Hirata,  E. G. Hohenstein,  G. Kedziora,  F. J. Keil,  
 C. Kelley,  Jihan Kim,  R. A. King,  R. Z. Khaliullin,  P. P. Korambath,  
 W. Kurlancheek,  A. Laurent,  A. M. Lee,  M. S. Lee,  S. V. Levchenko,  
 Ching Yeh Lin,  D. Liotard,  E. Livshits,  R. C. Lochan,  I. Lotan,  
 L. A. Martinez-Martinez,  P. E. Maslen,  N. Nair,  D. P. O'Neill,  
 D. Neuhauser,  E. Neuscamman,  C. M. Oana,  R. Olivares-Amaya,  R. Olson,  
 T. M. Perrine,  B. Peters,  P. A. Pieniazek,  A. Prociuk,  Y. M. Rhee,  
 J. Ritchie,  M. A. Rohrdanz,  E. Rosta,  N. J. Russ,  H. F. Schaefer III,  
 M. W. Schmidt,  N. E. Schultz,  S. Sharma,  N. Shenvi,  C. D. Sherrill,  
 A. C. Simmonett,  A. Sodt,  T. Stein,  D. Stuck,  K. S. Thanthiriwatte,  
 V. Vanovschi,  L. Vogt,  Tao Wang,  A. Warshel,  M. A. Watson,  
 C. F. Williams,  Q. Wu,  X. Xu,  Jun Yang,  W. Zhang,  Yan Zhao

   Please cite Q-Chem as follows:
  "Software for the frontiers of quantum chemistry:
   An overview of developments in the Q-Chem 5 package"
   J. Chem. Phys. 155, 084801 (2021)
   https://doi.org/10.1063/5.0055522 (open access)

 Q-Chem 6.0.2 for Intel X86 EM64T Linux

 Parts of Q-Chem use Armadillo 9.900.5 (Nocturnal Misbehaviour).
 http://arma.sourceforge.net/

 Q-Chem begins on Thu Aug  1 11:36:32 2024  

 Host: 
0

     Scratch files written to /expanse/lustre/scratch/whughes/temp_project/job_32692388/ca4-r2-triplet-wb97xd-B97mV-32692388//
 Dec722 |scratch|qcdevops|jenkins|workspace|build_RNUM    
 Processing $rem in /cm/shared/apps/spack/0.17.3/cpu/b/opt/spack/linux-rocky8-zen2/gcc-10.2.0/qchem-6.0-rytxnwjazd34ekd2gqyi5ufsaimxsd3r/config/preferences:
 Processing $rem in /home/whughes/.qchemrc:

 Checking the input file for inconsistencies... 	...done.

--------------------------------------------------------------
User input:
--------------------------------------------------------------
$molecule
0 3
C    0.4099192619    0.3325668399    -1.3831004823
N    0.9035003639    -0.9505010291   -1.0255108694
N    0.9305917356    -1.0513767698   0.3083724541
C    -0.0409976604   -0.521050246    1.1759213244
N    -0.9147488288   0.3500680241    0.572512711
C    -0.6687638531   0.957038732     -0.6691164508
O    -0.0943352627   -0.8632700214   2.3260895783
O    -1.2778033426   1.9438048056    -1.0214863935
H    0.9562388177    0.8896563553    -2.1308794889
H    1.3993626325    -1.8672102417   0.6763616599
H    -1.6029628641   0.7802745511    1.1708359572
$end

$rem
METHOD      B97M-V
BASIS       def2-QZVPP
SYM_IGNORE   TRUE
DFT_D       false
MAX_SCF_CYCLES 300
$end

$end
--------------------------------------------------------------
 ----------------------------------------------------------------
             Standard Nuclear Orientation (Angstroms)
    I     Atom           X                Y                Z
 ----------------------------------------------------------------
    1      C       0.4099192619     0.3325668399    -1.3831004823
    2      N       0.9035003639    -0.9505010291    -1.0255108694
    3      N       0.9305917356    -1.0513767698     0.3083724541
    4      C      -0.0409976604    -0.5210502460     1.1759213244
    5      N      -0.9147488288     0.3500680241     0.5725127110
    6      C      -0.6687638531     0.9570387320    -0.6691164508
    7      O      -0.0943352627    -0.8632700214     2.3260895783
    8      O      -1.2778033426     1.9438048056    -1.0214863935
    9      H       0.9562388177     0.8896563553    -2.1308794889
   10      H       1.3993626325    -1.8672102417     0.6763616599
   11      H      -1.6029628641     0.7802745511     1.1708359572
 ----------------------------------------------------------------
 Nuclear Repulsion Energy =         359.14709722 hartrees
 There are       30 alpha and       28 beta electrons
 Requested basis set is def2-QZVPP
 There are 166 shells and 546 basis functions

 Total QAlloc Memory Limit   8000 MB
 Mega-Array Size       188 MB
 MEM_STATIC part       192 MB


                       Distance Matrix (Angstroms)
             C (  1)   N (  2)   N (  3)   C (  4)   N (  5)   C (  6)
   N (  2)  1.420477
   N (  3)  2.246660  1.337967
   C (  4)  2.735065  2.433682  1.406369
   N (  5)  2.362091  2.747943  2.332188  1.373459
   C (  6)  1.436418  2.497547  2.747209  2.446018  1.403768
   O (  7)  3.929681  3.498072  2.270912  1.201185  2.284797  3.551725
   O (  8)  2.361199  3.624239  3.951790  3.526159  2.283120  1.211941
   H (  9)  1.080735  2.147277  3.117406  3.730885  3.331678  2.186761
   H ( 10)  3.171656  1.995647  1.010320  2.033800  3.206590  3.750179
   H ( 11)  3.282488  3.755247  3.243099  2.033029  1.008319  2.071086
             O (  7)   O (  8)   H (  9)   H ( 10)
   O (  8)  4.526205
   H (  9)  4.903165  2.707938
   H ( 10)  2.441440  4.957191  3.959454
   H ( 11)  2.512331  2.503160  4.178852  4.033316
 
 A cutoff of  1.0D-09 yielded  11258 shell pairs
 There are    124418 function pairs (    192598 Cartesian)
 Smallest overlap matrix eigenvalue = 5.75E-05

 Scale SEOQF with 1.000000e-01/1.000000e-01/1.000000e-01

 Standard Electronic Orientation quadrupole field applied
 Nucleus-field energy     =    -0.0000000037 hartrees
 Guess from superposition of atomic densities
 Warning:  Energy on first SCF cycle will be non-variational
 SAD guess density has 58.000000 electrons

 -----------------------------------------------------------------------
  General SCF calculation program by
  Eric Jon Sundstrom, Paul Horn, Yuezhi Mao, Dmitri Zuev, Alec White,
  David Stuck, Shaama M.S., Shane Yost, Joonho Lee, David Small,
  Daniel Levine, Susi Lehtola, Hugh Burton, Evgeny Epifanovsky,
  Bang C. Huynh
 -----------------------------------------------------------------------
 Exchange:  B97M-V      Correlation:  B97M-V
 Using SG-2 standard quadrature grid
 Nonlocal Correlation:  VV10 with C = 0.0100 and b = 6.00 and scale = 1.00000
 Grid used for NLC:  SG-1 standard quadrature
 using 32 threads for integral computing
 -------------------------------------------------------
 OpenMP Integral computing Module                
 Release: version 1.0, May 2013, Q-Chem Inc. Pittsburgh 
 -------------------------------------------------------
 A unrestricted SCF calculation will be
 performed using DIIS
 SCF converges when DIIS error is below 1.0e-05
 ---------------------------------------
  Cycle       Energy         DIIS error
 ---------------------------------------
    1    -432.5597533907      8.95e-03  
    2    -430.6796659683      1.23e-03  
    3    -429.3171230556      3.27e-03  
    4    -430.7401124019      8.64e-04  
    5    -430.8463287975      2.62e-04  
    6    -430.8489983054      2.17e-04  
    7    -430.8544819515      5.57e-05  
    8    -430.8547560828      3.37e-05  
    9    -430.8548967680      1.54e-05  
   10    -430.8549248745      5.49e-06  Convergence criterion met
 ---------------------------------------
 SCF time:   CPU 1183.23s  wall 37.00s 
<S^2> =          2.011415627
 SCF   energy in the final basis set =     -430.8549248745
 Total energy in the final basis set =     -430.8549248745
 
 --------------------------------------------------------------
 
                    Orbital Energies (a.u.)
 --------------------------------------------------------------
 
 Alpha MOs
 -- Occupied --
-19.1664 -19.1571 -14.4516 -14.4080 -14.4054 -10.3503 -10.3138 -10.2643
 -1.1091  -1.0694  -1.0456  -0.9524  -0.8475  -0.7249  -0.6658  -0.6004
 -0.5673  -0.5034  -0.4945  -0.4643  -0.4496  -0.4332  -0.4158  -0.3970
 -0.3471  -0.3009  -0.2923  -0.2695  -0.2669  -0.1848
 -- Virtual --
 -0.0490  -0.0038   0.0158   0.0225   0.0439   0.0656   0.0661   0.0815
  0.0880   0.1251   0.1402   0.1432   0.1637   0.1697   0.1734   0.1840
  0.2001   0.2062   0.2271   0.2317   0.2387   0.2502   0.2585   0.2663
  0.2760   0.2919   0.3137   0.3196   0.3223   0.3541   0.3565   0.3744
  0.3798   0.3924   0.4006   0.4029   0.4087   0.4293   0.4415   0.4673
  0.4771   0.4936   0.5062   0.5418   0.5512   0.5677   0.5749   0.5870
  0.5951   0.6226   0.6425   0.6533   0.6716   0.6946   0.7009   0.7091
  0.7250   0.7503   0.7615   0.7679   0.8012   0.8140   0.8185   0.8369
  0.8589   0.8602   0.8770   0.8793   0.8909   0.9131   0.9225   0.9372
  0.9519   0.9734   0.9896   0.9978   1.0073   1.0403   1.0752   1.0836
  1.1032   1.1280   1.1347   1.1597   1.1659   1.1812   1.1960   1.2242
  1.2319   1.2631   1.2864   1.3242   1.3551   1.3693   1.3934   1.4045
  1.4183   1.4194   1.4434   1.4554   1.4713   1.4841   1.4859   1.5035
  1.5158   1.5199   1.5491   1.5846   1.5950   1.6143   1.6380   1.6389
  1.6679   1.6858   1.7284   1.7561   1.7705   1.7751   1.7977   1.8269
  1.8462   1.8621   1.8764   1.8982   1.9186   1.9246   1.9495   1.9625
  1.9704   1.9861   1.9923   2.0432   2.0634   2.0665   2.0872   2.1150
  2.1445   2.1551   2.1755   2.1831   2.2002   2.2213   2.2486   2.2665
  2.2816   2.3212   2.3276   2.3623   2.3783   2.3930   2.3953   2.4192
  2.4317   2.4442   2.4615   2.4715   2.5000   2.5176   2.5526   2.5614
  2.6015   2.6087   2.6204   2.6431   2.6496   2.6557   2.6996   2.7210
  2.7311   2.7567   2.7603   2.7862   2.8075   2.8190   2.8324   2.8711
  2.8855   2.8967   2.9258   2.9467   2.9641   2.9801   2.9927   3.0179
  3.0535   3.0805   3.0947   3.1045   3.1315   3.1652   3.1867   3.2133
  3.2385   3.2639   3.3023   3.3177   3.3590   3.3728   3.3987   3.4120
  3.4372   3.4420   3.4737   3.4815   3.5255   3.5532   3.5821   3.5871
  3.6028   3.6298   3.6402   3.6705   3.7016   3.7038   3.7451   3.7570
  3.7994   3.8075   3.8161   3.8522   3.8606   3.8967   3.9250   3.9338
  3.9699   3.9947   4.0472   4.0741   4.0966   4.1207   4.1272   4.1501
  4.2020   4.2172   4.2567   4.2746   4.2875   4.3200   4.3259   4.3505
  4.3906   4.4105   4.4691   4.4876   4.5193   4.5551   4.5718   4.5956
  4.6231   4.6687   4.7007   4.7286   4.7377   4.7739   4.7987   4.8072
  4.8342   4.8939   4.9548   4.9842   4.9976   5.0720   5.0836   5.1129
  5.1308   5.1524   5.2021   5.2710   5.2948   5.3301   5.3398   5.3960
  5.4832   5.4879   5.5137   5.5567   5.5840   5.6037   5.6276   5.6581
  5.6866   5.6994   5.7351   5.7830   5.7906   5.8756   5.8933   5.9274
  5.9461   6.0015   6.0256   6.0685   6.0849   6.0944   6.1218   6.1602
  6.1771   6.1914   6.2107   6.2230   6.2332   6.2903   6.3006   6.3173
  6.3351   6.3693   6.3844   6.3981   6.4287   6.4687   6.4934   6.5107
  6.5479   6.5499   6.5938   6.6004   6.6271   6.6405   6.6593   6.7187
  6.7510   6.7741   6.8174   6.8370   6.8740   6.8919   6.9615   6.9878
  7.0315   7.0687   7.1001   7.1072   7.1224   7.1630   7.1919   7.2103
  7.2429   7.2603   7.3019   7.3351   7.3836   7.4373   7.4433   7.5052
  7.5554   7.5832   7.6183   7.6548   7.6702   7.6771   7.7462   7.7714
  7.7822   7.7959   7.8588   7.8620   7.9112   7.9201   7.9729   8.0045
  8.0458   8.0728   8.0836   8.1556   8.1773   8.2015   8.2318   8.2836
  8.3011   8.3217   8.3360   8.3962   8.3983   8.4256   8.4691   8.5002
  8.5127   8.5548   8.5788   8.5992   8.6433   8.6467   8.6582   8.6865
  8.7309   8.7409   8.7605   8.8080   8.8392   8.8594   8.9091   8.9382
  8.9844   9.0274   9.0485   9.0773   9.1473   9.1954   9.2463   9.2792
  9.3112   9.3317   9.3420   9.3565   9.3623   9.3665   9.3811   9.4121
  9.4574   9.4723   9.4968   9.5289   9.5441   9.5531   9.5710   9.5976
  9.6258   9.6498   9.6859   9.6957   9.7147   9.7886   9.7985   9.8349
  9.8474   9.8729   9.9368   9.9590   9.9678   9.9932  10.0241  10.1067
 10.1397  10.2123  10.2271  10.2680  10.3410  10.3583  10.4120  10.4568
 10.4713  10.5273  10.5737  10.6213  10.6923  10.7050  10.7285  10.7729
 10.8369  10.8491  10.9182  11.0353  11.1673  11.2031  11.2675  11.3185
 11.3584  11.4492  11.4703  11.4849  11.4947  11.5321  11.5895  11.7176
 11.7456  11.8717  11.9184  11.9363  11.9702  12.0712  12.1038  12.1446
 12.1870  12.1948  12.2304  12.2867  12.3297  12.3413  12.3514  12.3868
 12.4302  12.5180  12.5370  12.5405  12.6631  12.7052  12.7361  12.7646
 12.8438  13.0973  13.6348  13.6796  14.0003  14.1799  14.5680  14.6159
 14.9676  15.0307  15.2907  15.3699  28.8086  29.0088  29.3036  38.2052
 38.7431  38.8701  49.1158  49.1465 150.7080 150.8606 151.1614 200.9761
201.5361 201.6710 258.2572 258.2928
 
 Beta MOs
 -- Occupied --
-19.1637 -19.1517 -14.4448 -14.4046 -14.3909 -10.3502 -10.3141 -10.2521
 -1.1019  -1.0611  -1.0273  -0.9476  -0.8178  -0.7040  -0.6609  -0.5873
 -0.5581  -0.4928  -0.4732  -0.4587  -0.4376  -0.4254  -0.3934  -0.3658
 -0.3250  -0.2872  -0.2787  -0.2596
 -- Virtual --
 -0.1959  -0.1010  -0.0327   0.0000   0.0230   0.0328   0.0573   0.0725
  0.0808   0.0887   0.0931   0.1388   0.1455   0.1537   0.1685   0.1750
  0.1815   0.1958   0.2092   0.2158   0.2333   0.2464   0.2497   0.2586
  0.2662   0.2758   0.2812   0.3022   0.3200   0.3256   0.3322   0.3600
  0.3628   0.3807   0.3864   0.3993   0.4065   0.4082   0.4142   0.4384
  0.4476   0.4749   0.4848   0.5027   0.5131   0.5514   0.5593   0.5739
  0.5844   0.6015   0.6024   0.6341   0.6509   0.6633   0.6806   0.7031
  0.7110   0.7204   0.7370   0.7592   0.7686   0.7790   0.8136   0.8202
  0.8269   0.8456   0.8697   0.8729   0.8883   0.8901   0.9037   0.9231
  0.9274   0.9486   0.9622   0.9801   0.9982   1.0111   1.0170   1.0549
  1.0877   1.0933   1.1157   1.1392   1.1474   1.1753   1.1885   1.1961
  1.2103   1.2386   1.2416   1.2749   1.2991   1.3365   1.3687   1.3811
  1.4022   1.4148   1.4321   1.4341   1.4532   1.4676   1.4844   1.4946
  1.5023   1.5130   1.5233   1.5297   1.5615   1.5970   1.6090   1.6271
  1.6496   1.6551   1.6839   1.6985   1.7408   1.7707   1.7913   1.8008
  1.8106   1.8408   1.8602   1.8786   1.8873   1.9095   1.9332   1.9384
  1.9613   1.9771   1.9854   2.0010   2.0081   2.0521   2.0769   2.0864
  2.1001   2.1327   2.1580   2.1690   2.1838   2.1982   2.2162   2.2319
  2.2617   2.2818   2.2949   2.3353   2.3439   2.3730   2.3886   2.4062
  2.4176   2.4423   2.4466   2.4611   2.4748   2.4874   2.5118   2.5328
  2.5714   2.5826   2.6211   2.6243   2.6353   2.6600   2.6660   2.6741
  2.7206   2.7390   2.7454   2.7685   2.7790   2.8042   2.8233   2.8388
  2.8511   2.8919   2.9063   2.9143   2.9424   2.9628   2.9802   2.9993
  3.0186   3.0406   3.0677   3.1101   3.1175   3.1253   3.1551   3.1834
  3.2034   3.2361   3.2679   3.2797   3.3220   3.3387   3.3781   3.3882
  3.4246   3.4296   3.4570   3.4706   3.4928   3.5047   3.5562   3.5726
  3.6011   3.6099   3.6253   3.6486   3.6642   3.6933   3.7185   3.7250
  3.7709   3.7848   3.8207   3.8304   3.8426   3.8736   3.8842   3.9214
  3.9488   3.9675   3.9935   4.0211   4.0633   4.0891   4.1114   4.1388
  4.1478   4.1726   4.2228   4.2425   4.2766   4.2943   4.3113   4.3436
  4.3448   4.3699   4.4060   4.4284   4.4876   4.5045   4.5393   4.5744
  4.5904   4.6194   4.6392   4.6881   4.7273   4.7467   4.7607   4.7898
  4.8173   4.8207   4.8522   4.9121   4.9654   4.9992   5.0158   5.0911
  5.1067   5.1269   5.1584   5.1708   5.2204   5.2932   5.3143   5.3479
  5.3565   5.4193   5.5001   5.5162   5.5382   5.5730   5.6026   5.6244
  5.6439   5.6707   5.7053   5.7230   5.7505   5.8047   5.8134   5.8923
  5.9076   5.9378   5.9588   6.0181   6.0386   6.0929   6.1020   6.1122
  6.1403   6.1783   6.1887   6.2045   6.2226   6.2452   6.2507   6.3049
  6.3167   6.3392   6.3497   6.3865   6.4110   6.4205   6.4480   6.4873
  6.5205   6.5303   6.5723   6.5737   6.6186   6.6234   6.6387   6.6634
  6.6928   6.7480   6.7714   6.7971   6.8373   6.8611   6.9038   6.9101
  6.9920   7.0089   7.0492   7.0840   7.1248   7.1319   7.1394   7.1793
  7.2185   7.2197   7.2556   7.2918   7.3162   7.3609   7.4095   7.4621
  7.4798   7.5328   7.5831   7.6023   7.6387   7.6674   7.6905   7.7017
  7.7727   7.7893   7.8053   7.8202   7.8761   7.8886   7.9243   7.9358
  7.9969   7.9994   8.0624   8.0838   8.1118   8.1695   8.2033   8.2227
  8.2621   8.2993   8.3221   8.3407   8.3548   8.4206   8.4235   8.4503
  8.4880   8.5269   8.5283   8.5812   8.5940   8.6244   8.6673   8.6798
  8.6871   8.6959   8.7484   8.7556   8.7807   8.8161   8.8452   8.8853
  8.9156   8.9690   9.0195   9.0399   9.0688   9.0884   9.1922   9.2272
  9.2697   9.3220   9.3472   9.3496   9.3677   9.3749   9.3786   9.3865
  9.4279   9.4505   9.4994   9.5140   9.5426   9.5614   9.5707   9.5962
  9.6015   9.6265   9.6477   9.6902   9.7060   9.7181   9.7626   9.8185
  9.8309   9.8565   9.8779   9.9170   9.9549   9.9853   9.9991  10.0371
 10.0598  10.1489  10.1730  10.2343  10.2555  10.3213  10.3676  10.3945
 10.4206  10.4833  10.4937  10.5572  10.5950  10.6653  10.7139  10.7316
 10.7729  10.7921  10.8632  10.8768  10.9605  11.0694  11.1828  11.2332
 11.2935  11.3647  11.4367  11.4760  11.4859  11.5001  11.5102  11.5561
 11.6149  11.7700  11.8222  11.9099  11.9399  11.9669  12.0142  12.0868
 12.1244  12.1629  12.2020  12.2104  12.2433  12.3104  12.3490  12.3564
 12.3727  12.4092  12.4602  12.5322  12.5544  12.5659  12.6835  12.7210
 12.7460  12.7687  12.8028  13.1986  13.6651  13.6960  14.0283  14.2014
 14.5781  14.6331  14.9943  15.0454  15.2766  15.3668  28.8293  29.0121
 29.3322  38.2716  38.7689  38.8813  49.1252  49.1641 150.7188 150.8616
151.1761 201.0133 201.5505 201.6762 258.2623 258.3029
 --------------------------------------------------------------
 
          Ground-State Mulliken Net Atomic Charges

     Atom                 Charge (a.u.)    Spin (a.u.)
  --------------------------------------------------------
      1 C                    -0.188855       0.783411
      2 N                    -0.145556       0.705033
      3 N                    -0.071718       0.240373
      4 C                     0.420245      -0.003411
      5 N                    -0.215558       0.021674
      6 C                     0.339634      -0.000333
      7 O                    -0.374667       0.091554
      8 O                    -0.377854       0.181214
      9 H                     0.238764      -0.009149
     10 H                     0.181262      -0.009668
     11 H                     0.194302      -0.000697
  --------------------------------------------------------
  Sum of atomic charges =     0.000000
  Sum of spin   charges =     2.000000

 -----------------------------------------------------------------
                    Cartesian Multipole Moments
 -----------------------------------------------------------------
    Charge (ESU x 10^10)
                 0.0000
    Dipole Moment (Debye)
         X       1.2954      Y      -1.0725      Z      -0.0537
       Tot       1.6826
    Quadrupole Moments (Debye-Ang)
        XX     -43.4661     XY       1.6640     YY     -48.3344
        XZ      -2.3903     YZ       2.7231     ZZ     -51.6364
    Octopole Moments (Debye-Ang^2)
       XXX      10.6893    XXY      -6.6447    XYY      16.3693
       YYY     -21.3702    XXZ       7.3454    XYZ     -12.5146
       YYZ       9.6365    XZZ       5.4158    YZZ       9.8696
       ZZZ     -25.2980
    Hexadecapole Moments (Debye-Ang^3)
      XXXX    -212.2164   XXXY      86.2720   XXYY     -91.8320
      XYYY      95.4108   YYYY    -333.9404   XXXZ       3.2084
      XXYZ      29.6677   XYYZ      -0.9835   YYYZ      89.2486
      XXZZ    -107.4591   XYZZ      36.5247   YYZZ    -143.8260
      XZZZ       2.2227   YZZZ     100.5145   ZZZZ    -496.9420
 -----------------------------------------------------------------
 Total job time:  70.54s(wall), 1208.91s(cpu) 
 Thu Aug  1 11:37:42 2024

        *************************************************************
        *                                                           *
        *  Thank you very much for using Q-Chem.  Have a nice day.  *
        *                                                           *
        *************************************************************


