
Running Job 1 of 1 n1-r1-triplet-r-wb97xd-B97mV.in
qchem n1-r1-triplet-r-wb97xd-B97mV.in_3667066.0 /expanse/lustre/scratch/whughes/temp_project/job_32712649/n1-r1-triplet-r-wb97xd-B97mV-32712649/ 0
/cm/shared/apps/spack/0.17.3/cpu/b/opt/spack/linux-rocky8-zen2/gcc-10.2.0/qchem-6.0-rytxnwjazd34ekd2gqyi5ufsaimxsd3r/exe/qcprog.exe_s n1-r1-triplet-r-wb97xd-B97mV.in_3667066.0 /expanse/lustre/scratch/whughes/temp_project/job_32712649/n1-r1-triplet-r-wb97xd-B97mV-32712649/
                  Welcome to Q-Chem
     A Quantum Leap Into The Future Of Chemistry


 Q-Chem 6.0, Q-Chem, Inc., Pleasanton, CA (2022)

 License issued to: University of California, San Diego (site)

 E. Epifanovsky,  A. T. B. Gilbert,  Xintian Feng,  Joonho Lee,  Yuezhi Mao,  
 N. Mardirossian,  P. Pokhilko,  A. White,  M. Wormit,  M. P. Coons,  
 A. L. Dempwolff,  Zhengting Gan,  D. Hait,  P. R. Horn,  L. D. Jacobson,  
 I. Kaliman,  J. Kussmann,  A. W. Lange,  Ka Un Lao,  D. S. Levine,  Jie Liu,  
 S. C. McKenzie,  A. F. Morrison,  K. Nanda,  F. Plasser,  D. R. Rehn,  
 M. L. Vidal,  Zhi-Qiang You,  Ying Zhu,  B. Alam,  B. Albrecht,  
 A. Aldossary,  E. Alguire,  J. H. Andersen,  V. Athavale,  D. Barton,  
 K. Begam,  A. Behn,  N. Bellonzi,  Y. A. Bernard,  E. J. Berquist,  
 H. Burton,  A. Carreras,  K. Carter-Fenk,  Romit Chakraborty,  
 Chandrima Chakravarty,  Junhan Chen,  A. D. Chien,  K. D. Closser,  
 V. Cofer-Shabica,  L. Cunha,  S. Dasgupta,  Jia Deng,  M. de Wergifosse,  
 M. Diedenhofen,  Hainam Do,  S. Ehlert,  Po-Tung Fang,  S. Fatehi,  
 Qingguo Feng,  T. Friedhoff,  B. Ganoe,  J. Gayvert,  Qinghui Ge,  
 G. Gidofalvi,  M. Goldey,  J. Gomes,  C. Gonzalez-Espinoza,  S. Gulania,  
 A. Gunina,  J. A. Gyamfi,  M. W. D. Hanson-Heine,  P. H. P. Harbach,  
 A. W. Hauser,  M. F. Herbst,  M. Hernandez Vera,  M. Hodecker,  
 Z. C. Holden,  S. Houck,  Xunkun Huang,  Kerwin Hui,  B. C. Huynh,  
 K. Ikeda,  M. Ivanov,  Hyunjun Ji,  Zuxin Jin,  Hanjie Jiang,  B. Kaduk,  
 S. Kaehler,  R. Kang,  K. Khistyaev,  Jaehoon Kim,  Yongbin Kim,  
 P. Klunzinger,  Z. Koczor-Benda,  Joong Hoon Koh,  D. Kosenkov,  
 Saikiran Kotaru,  L. Koulias,  T. Kowalczyk,  C. M. Krauter,  K. Kue,  
 A. Kunitsa,  T. Kus,  A. Landau,  K. V. Lawler,  D. Lefrancois,  S. Lehtola,  
 Rain Li,  Shaozhi Li,  Yi-Pei Li,  Jiashu Liang,  M. Liebenthal,  
 Hung-Hsuan Lin,  You-Sheng Lin,  Fenglai Liu,  Kuan-Yu Liu,  
 M. Loipersberger,  A. Luenser,  C. Malbon,  A. Manjanath,  P. Manohar,  
 E. Mansoor,  S. F. Manzer,  Shan-Ping Mao,  A. V. Marenich,  T. Markovich,  
 S. Mason,  F. Matz,  S. A. Maurer,  P. F. McLaughlin,  M. F. S. J. Menger,  
 J.-M. Mewes,  S. A. Mewes,  P. Morgante,  Mohammad Mostafanejad,  
 J. W. Mullinax,  K. J. Oosterbaan,  G. Paran,  V. Parravicini,  
 Alexander C. Paul,  Suranjan K. Paul,  F. Pavosevic,  Zheng Pei,  S. Prager,  
 E. I. Proynov,  E. Ramos,  B. Rana,  A. E. Rask,  A. Rettig,  R. M. Richard,  
 F. Rob,  E. Rossomme,  T. Scheele,  M. Scheurer,  M. Schneider,  
 P. E. Schneider,  N. Sergueev,  S. M. Sharada,  Hengyuan Shen,  
 W. Skomorowski,  D. W. Small,  C. J. Stein,  Yingli Su,  Yu-Chuan Su,  
 E. J. Sundstrom,  Zhen Tao,  J. Thirman,  Hung-Yi Tsai,  T. Tsuchimochi,  
 N. M. Tubman,  C. Utku,  S. P. Veccham,  O. Vydrov,  J. Wenzel,  
 Jonathan Wong,  J. Witte,  A. Yamada,  Chou-Hsun Yang,  Kun Yao,  
 S. Yeganeh,  S. R. Yost,  A. Zech,  F. Zeller,  Igor Ying Zhang,  
 Xing Zhang,  Yu Zhang,  D. Zuev,  A. Aspuru-Guzik,  A. T. Bell,  
 N. A. Besley,  K. B. Bravaya,  B. R. Brooks,  D. Casanova,  Jeng-Da Chai,  
 Hsing-Ta Chen,  S. Coriani,  C. J. Cramer,  A. E. DePrince, III,  
 R. A. DiStasio Jr.,  A. Dreuw,  B. D. Dunietz,  T. R. Furlani,  
 W. A. Goddard III,  S. Grimme,  S. Hammes-Schiffer,  T. Head-Gordon,  
 W. J. Hehre,  Chao-Ping Hsu,  T.-C. Jagau,  Yousung Jung,  A. Klamt,  
 Jing Kong,  D. S. Lambrecht,  Xiangyuan Li,  WanZhen Liang,  N. J. Mayhall,  
 C. W. McCurdy,  J. B. Neaton,  T. Neudecker,  C. Ochsenfeld,  
 J. A. Parkhill,  R. Peverati,  V. A. Rassolov,  Haisheng Ren,  Yihan Shao,  
 L. V. Slipchenko,  R. P. Steele,  J. E. Subotnik,  A. J. W. Thom,  
 A. Tkatchenko,  D. G. Truhlar,  T. Van Voorhis,  Fan Wang,  
 T. A. Wesolowski,  K. B. Whaley,  H. L. Woodcock III,  P. M. Zimmerman,  
 S. Faraji,  P. M. W. Gill,  M. Head-Gordon,  J. M. Herbert,  A. I. Krylov

 Contributors to earlier versions of Q-Chem not listed above: 
 R. D. Adamson,  B. Austin,  R. Baer,  J. Baker,  G. J. O. Beran,  
 K. Brandhorst,  S. T. Brown,  E. F. C. Byrd,  Arup K. Chakraborty,  
 G. K. L. Chan,  Chun-Min Chang,  Yunqing Chen,  C.-L. Cheng,  
 Siu Hung Chien,  D. M. Chipman,  D. L. Crittenden,  H. Dachsel,  
 R. J. Doerksen,  A. D. Dutoi,  R. G. Edgar,  J. Fosso-Tande,  
 L. Fusti-Molnar,  D. Ghosh,  A. Ghysels,  A. Golubeva-Zadorozhnaya,  
 J. Gonthier,  M. S. Gordon,  S. R. Gwaltney,  G. Hawkins,  J. E. Herr,  
 A. Heyden,  S. Hirata,  E. G. Hohenstein,  G. Kedziora,  F. J. Keil,  
 C. Kelley,  Jihan Kim,  R. A. King,  R. Z. Khaliullin,  P. P. Korambath,  
 W. Kurlancheek,  A. Laurent,  A. M. Lee,  M. S. Lee,  S. V. Levchenko,  
 Ching Yeh Lin,  D. Liotard,  E. Livshits,  R. C. Lochan,  I. Lotan,  
 L. A. Martinez-Martinez,  P. E. Maslen,  N. Nair,  D. P. O'Neill,  
 D. Neuhauser,  E. Neuscamman,  C. M. Oana,  R. Olivares-Amaya,  R. Olson,  
 T. M. Perrine,  B. Peters,  P. A. Pieniazek,  A. Prociuk,  Y. M. Rhee,  
 J. Ritchie,  M. A. Rohrdanz,  E. Rosta,  N. J. Russ,  H. F. Schaefer III,  
 M. W. Schmidt,  N. E. Schultz,  S. Sharma,  N. Shenvi,  C. D. Sherrill,  
 A. C. Simmonett,  A. Sodt,  T. Stein,  D. Stuck,  K. S. Thanthiriwatte,  
 V. Vanovschi,  L. Vogt,  Tao Wang,  A. Warshel,  M. A. Watson,  
 C. F. Williams,  Q. Wu,  X. Xu,  Jun Yang,  W. Zhang,  Yan Zhao

   Please cite Q-Chem as follows:
  "Software for the frontiers of quantum chemistry:
   An overview of developments in the Q-Chem 5 package"
   J. Chem. Phys. 155, 084801 (2021)
   https://doi.org/10.1063/5.0055522 (open access)

 Q-Chem 6.0.2 for Intel X86 EM64T Linux

 Parts of Q-Chem use Armadillo 9.900.5 (Nocturnal Misbehaviour).
 http://arma.sourceforge.net/

 Q-Chem begins on Fri Aug  2 08:23:33 2024  

 Host: 
0

     Scratch files written to /expanse/lustre/scratch/whughes/temp_project/job_32712649/n1-r1-triplet-r-wb97xd-B97mV-32712649//
 Dec722 |scratch|qcdevops|jenkins|workspace|build_RNUM    
 Processing $rem in /cm/shared/apps/spack/0.17.3/cpu/b/opt/spack/linux-rocky8-zen2/gcc-10.2.0/qchem-6.0-rytxnwjazd34ekd2gqyi5ufsaimxsd3r/config/preferences:
 Processing $rem in /home/whughes/.qchemrc:

 Checking the input file for inconsistencies... 	...done.

--------------------------------------------------------------
User input:
--------------------------------------------------------------
$molecule
0 3
C    -0.5939758724   0.4113609471    -1.0786623671
C    -0.1378214777   -0.9992634925   -0.6563369074
N    1.3403999828    -0.8596005998   -0.8194255622
N    1.7696821832    -0.4848647309   0.3397630979
C    0.0589065452    1.2963063281    0.0166517928
C    0.6628816871    0.2622759403    0.9798081528
C    -0.3325091313   -0.9227618648   0.8677460231
H    -1.6854483917   0.4665622779    -1.0503807526
H    -0.2562794716   0.6577253708    -2.0824870897
H    -0.5680340935   -1.8300274912   -1.2075303299
H    -0.6769960074   1.9090285887    0.538338514
H    0.8267026251    1.9567486021    -0.3823681392
H    0.9358449211    0.6101526079    1.9704059984
H    0.0105560054    -1.8023794074   1.4071805231
H    -1.3539105043   -0.6712610761   1.1572990461
$end

$rem
METHOD      B97M-V
BASIS       def2-QZVPP
SYM_IGNORE   TRUE
DFT_D       false
MAX_SCF_CYCLES 300
$end

$end
--------------------------------------------------------------
 ----------------------------------------------------------------
             Standard Nuclear Orientation (Angstroms)
    I     Atom           X                Y                Z
 ----------------------------------------------------------------
    1      C      -0.5939758724     0.4113609471    -1.0786623671
    2      C      -0.1378214777    -0.9992634925    -0.6563369074
    3      N       1.3403999828    -0.8596005998    -0.8194255622
    4      N       1.7696821832    -0.4848647309     0.3397630979
    5      C       0.0589065452     1.2963063281     0.0166517928
    6      C       0.6628816871     0.2622759403     0.9798081528
    7      C      -0.3325091313    -0.9227618648     0.8677460231
    8      H      -1.6854483917     0.4665622779    -1.0503807526
    9      H      -0.2562794716     0.6577253708    -2.0824870897
   10      H      -0.5680340935    -1.8300274912    -1.2075303299
   11      H      -0.6769960074     1.9090285887     0.5383385140
   12      H       0.8267026251     1.9567486021    -0.3823681392
   13      H       0.9358449211     0.6101526079     1.9704059984
   14      H       0.0105560054    -1.8023794074     1.4071805231
   15      H      -1.3539105043    -0.6712610761     1.1572990461
 ----------------------------------------------------------------
 Nuclear Repulsion Energy =         313.92939789 hartrees
 There are       27 alpha and       25 beta electrons
 Requested basis set is def2-QZVPP
 There are 199 shells and 639 basis functions

 Total QAlloc Memory Limit   8000 MB
 Mega-Array Size       188 MB
 MEM_STATIC part       192 MB


                       Distance Matrix (Angstroms)
             C (  1)   C (  2)   N (  3)   N (  4)   C (  5)   C (  6)
   C (  2)  1.541524
   N (  3)  2.329025  1.493734
   N (  4)  2.898626  2.212553  1.291677
   C (  5)  1.552127  2.400262  2.643707  2.490728
   C (  6)  2.416447  2.215757  2.225956  1.480839  1.536774
   C (  7)  2.374185  1.538371  2.376797  2.211273  2.408699  1.551669
   H (  8)  1.093233  2.167733  3.311768  3.843910  2.206764  3.110957
   H (  9)  1.087381  2.189417  2.539092  3.358173  2.216644  3.221628
   H ( 10)  2.245240  1.085848  2.175885  3.109421  3.415500  3.267619
   H ( 11)  2.205582  3.190003  3.684931  3.428759  1.090476  2.168401
   H ( 12)  2.211646  3.121438  2.895985  2.715172  1.088537  2.180275
   H ( 13)  3.417117  3.262324  3.179151  2.133857  2.248774  1.084809
   H ( 14)  3.383123  2.219260  2.759546  2.443307  3.396728  2.207029
   H ( 15)  2.597902  2.208106  3.346972  3.234183  2.677396  2.229450
             C (  7)   H (  8)   H (  9)   H ( 10)   H ( 11)   H ( 12)
   H (  8)  2.727614
   H (  9)  3.347779  1.773220
   H ( 10)  2.277142  2.558835  2.655495
   H ( 11)  2.871623  2.371015  2.934534  4.128011
   H ( 12)  3.346362  2.996298  2.398065  4.118963  1.763828
   H ( 13)  2.274732  4.002118  4.224851  4.279651  2.517767  2.713076
   H ( 14)  1.087387  3.750218  4.277978  2.678105  3.873263  4.242596
   H ( 15)  1.091034  2.505675  3.669770  2.748228  2.738470  3.745942
             H ( 13)   H ( 14)
   H ( 14)  2.644559
   H ( 15)  2.747025  1.789871
 
 A cutoff of  1.0D-09 yielded  17425 shell pairs
 There are    182651 function pairs (    275438 Cartesian)
 Smallest overlap matrix eigenvalue = 1.63E-05

 Q-Chem warning in module stvman/mkSTV.C, line 305:

 Overlap eigenvalue is smaller than square root of threshold
 Use THRESH >= 12 to get rid of this warning


 Scale SEOQF with 1.000000e-01/1.000000e-01/1.000000e-01

 Standard Electronic Orientation quadrupole field applied
 Nucleus-field energy     =     0.0000000006 hartrees
 Guess from superposition of atomic densities
 Warning:  Energy on first SCF cycle will be non-variational
 SAD guess density has 52.000000 electrons

 -----------------------------------------------------------------------
  General SCF calculation program by
  Eric Jon Sundstrom, Paul Horn, Yuezhi Mao, Dmitri Zuev, Alec White,
  David Stuck, Shaama M.S., Shane Yost, Joonho Lee, David Small,
  Daniel Levine, Susi Lehtola, Hugh Burton, Evgeny Epifanovsky,
  Bang C. Huynh
 -----------------------------------------------------------------------
 Exchange:  B97M-V      Correlation:  B97M-V
 Using SG-2 standard quadrature grid
 Nonlocal Correlation:  VV10 with C = 0.0100 and b = 6.00 and scale = 1.00000
 Grid used for NLC:  SG-1 standard quadrature
 using 32 threads for integral computing
 -------------------------------------------------------
 OpenMP Integral computing Module                
 Release: version 1.0, May 2013, Q-Chem Inc. Pittsburgh 
 -------------------------------------------------------
 A unrestricted SCF calculation will be
 performed using DIIS
 SCF converges when DIIS error is below 1.0e-05
 ---------------------------------------
  Cycle       Energy         DIIS error
 ---------------------------------------
    1    -306.1103551658      7.21e-03  
    2    -304.7005766735      7.47e-04  
    3    -304.5981306832      1.03e-03  
    4    -304.8128284040      1.79e-04  
    5    -304.8155476575      1.28e-04  
    6    -304.8179957603      6.13e-05  
    7    -304.8185915820      2.27e-05  
    8    -304.8186866413      5.10e-06  Convergence criterion met
 ---------------------------------------
 SCF time:   CPU 2018.20s  wall 64.00s 
<S^2> =          2.008399865
 SCF   energy in the final basis set =     -304.8186866413
 Total energy in the final basis set =     -304.8186866413
 
 --------------------------------------------------------------
 
                    Orbital Energies (a.u.)
 --------------------------------------------------------------
 
 Alpha MOs
 -- Occupied --
-14.3705 -14.3583 -10.2351 -10.2334 -10.1954 -10.1922 -10.1900  -1.0249
 -0.8195  -0.7646  -0.7086  -0.6145  -0.5824  -0.5161  -0.5027  -0.4782
 -0.4470  -0.3864  -0.3665  -0.3560  -0.3538  -0.3483  -0.3228  -0.3139
 -0.3089  -0.2367  -0.1309
 -- Virtual --
  0.0023   0.0294   0.0359   0.0380   0.0522   0.0587   0.0660   0.0852
  0.0864   0.0972   0.1157   0.1279   0.1308   0.1392   0.1476   0.1606
  0.1649   0.1718   0.1943   0.2054   0.2341   0.2370   0.2445   0.2588
  0.2622   0.2690   0.2717   0.2839   0.2875   0.2924   0.2964   0.3005
  0.3066   0.3105   0.3190   0.3229   0.3312   0.3386   0.3448   0.3517
  0.3710   0.4174   0.4213   0.4324   0.4533   0.4872   0.4906   0.4953
  0.5039   0.5307   0.5388   0.5528   0.5639   0.5651   0.5924   0.6076
  0.6285   0.6361   0.6491   0.6642   0.6692   0.6900   0.7179   0.7294
  0.7421   0.7529   0.7635   0.7711   0.7892   0.7965   0.8066   0.8127
  0.8183   0.8248   0.8296   0.8339   0.8441   0.8539   0.8583   0.8785
  0.8986   0.9054   0.9203   0.9342   0.9504   0.9599   0.9925   0.9963
  1.0040   1.0134   1.0414   1.0618   1.0683   1.0766   1.0866   1.0932
  1.1117   1.1306   1.1376   1.1542   1.1713   1.1890   1.1964   1.2216
  1.2246   1.2408   1.2532   1.2688   1.2845   1.2925   1.3047   1.3321
  1.3434   1.3593   1.3737   1.3873   1.4071   1.4230   1.4412   1.4579
  1.4675   1.4848   1.5090   1.5107   1.5366   1.5456   1.5723   1.5802
  1.5888   1.6113   1.6336   1.6382   1.6458   1.6689   1.6882   1.7163
  1.7177   1.7408   1.7599   1.7709   1.8010   1.8399   1.8507   1.8572
  1.8992   1.9103   1.9491   1.9552   1.9714   1.9814   1.9873   2.0168
  2.0248   2.0437   2.0585   2.0696   2.0816   2.0980   2.1193   2.1474
  2.1507   2.1645   2.1698   2.1815   2.1945   2.2202   2.2329   2.2518
  2.2597   2.2653   2.2832   2.3047   2.3220   2.3236   2.3359   2.3527
  2.3627   2.3856   2.4115   2.4176   2.4345   2.4423   2.4651   2.4826
  2.4911   2.5091   2.5166   2.5419   2.5734   2.5903   2.6007   2.6093
  2.6272   2.6541   2.6563   2.6778   2.6821   2.7017   2.7136   2.7156
  2.7313   2.7434   2.7619   2.7787   2.7847   2.7925   2.8185   2.8327
  2.8432   2.8484   2.8730   2.8851   2.8954   2.8997   2.9084   2.9285
  2.9363   2.9393   2.9681   2.9788   3.0000   3.0286   3.0348   3.0532
  3.0675   3.0721   3.0842   3.1047   3.1262   3.1305   3.1494   3.1546
  3.2016   3.2076   3.2290   3.2343   3.2610   3.2677   3.2884   3.3103
  3.3199   3.3278   3.3426   3.3632   3.3862   3.4038   3.4316   3.4542
  3.4629   3.4774   3.4936   3.5034   3.5167   3.5452   3.5620   3.5819
  3.6038   3.6160   3.6194   3.6276   3.6408   3.6589   3.6769   3.7230
  3.7416   3.7658   3.7740   3.7850   3.8032   3.8249   3.8508   3.8607
  3.8767   3.8948   3.8982   3.9234   3.9480   3.9710   3.9879   3.9948
  4.0060   4.0177   4.0257   4.0419   4.0627   4.1033   4.1253   4.1423
  4.1733   4.1827   4.2144   4.2623   4.2858   4.3492   4.3661   4.3808
  4.4497   4.4817   4.5159   4.5619   4.5864   4.6367   4.6715   4.7156
  4.7619   4.8357   4.8434   4.8460   4.8960   4.9302   4.9496   5.0506
  5.0742   5.1558   5.2187   5.2247   5.2977   5.2988   5.3237   5.3672
  5.3878   5.4469   5.5419   5.5715   5.5797   5.6032   5.6644   5.6963
  5.7470   5.7718   5.8188   5.8443   5.8910   5.9307   5.9549   5.9622
  5.9774   6.0135   6.0360   6.0519   6.0748   6.0950   6.1145   6.1242
  6.1359   6.1545   6.1680   6.1835   6.2008   6.2152   6.2332   6.2434
  6.2643   6.2785   6.2876   6.3227   6.3514   6.3572   6.3595   6.3723
  6.3935   6.4188   6.4233   6.4436   6.4660   6.4746   6.4918   6.5168
  6.5193   6.5323   6.5461   6.5628   6.5792   6.5962   6.6143   6.6237
  6.6321   6.6532   6.6578   6.6673   6.7022   6.7106   6.7397   6.7545
  6.7788   6.7863   6.8005   6.8058   6.8213   6.8307   6.8376   6.8412
  6.8676   6.8724   6.8867   6.9140   6.9320   6.9488   6.9567   6.9786
  7.0068   7.0319   7.0680   7.0794   7.0973   7.1082   7.1108   7.1419
  7.1616   7.1985   7.2063   7.2137   7.2317   7.2394   7.2521   7.2787
  7.2889   7.3025   7.3221   7.3633   7.3721   7.4107   7.4350   7.4453
  7.4659   7.4904   7.5142   7.5453   7.5596   7.5790   7.5908   7.6324
  7.6578   7.6750   7.7144   7.7380   7.7418   7.7611   7.7927   7.8019
  7.8135   7.8229   7.8703   7.8757   7.9135   7.9263   7.9516   7.9976
  8.0167   8.0387   8.0561   8.0615   8.0768   8.1085   8.1172   8.1349
  8.1588   8.1682   8.1749   8.1865   8.2009   8.2290   8.2315   8.2508
  8.2804   8.3016   8.3078   8.3210   8.3409   8.3552   8.3795   8.4020
  8.4143   8.4324   8.4489   8.4626   8.4762   8.5252   8.5415   8.5826
  8.5977   8.6264   8.6402   8.6679   8.6841   8.7114   8.7697   8.7889
  8.8163   8.8616   8.8786   8.8901   8.8972   8.9164   8.9547   8.9652
  8.9689   8.9878   9.0104   9.0234   9.0372   9.0454   9.0476   9.0690
  9.0844   9.0894   9.1119   9.1151   9.1422   9.1599   9.1788   9.1951
  9.2063   9.2194   9.2403   9.2549   9.2845   9.2992   9.3108   9.3198
  9.3316   9.3527   9.3713   9.3854   9.4199   9.4246   9.4431   9.4565
  9.4617   9.4933   9.5129   9.5314   9.5460   9.5670   9.5905   9.6016
  9.6227   9.6446   9.6613   9.6719   9.6875   9.7032   9.7535   9.7594
  9.7734   9.8072   9.8245   9.8573   9.8938   9.9393   9.9530   9.9852
 10.0188  10.0519  10.0803  10.1659  10.1936  10.2331  10.2488  10.2640
 10.3270  10.3753  10.3912  10.4320  10.4528  10.4683  10.4977  10.5163
 10.5352  10.5642  10.5992  10.6017  10.6468  10.7080  10.7777  10.8114
 10.8546  10.9011  10.9961  11.0111  11.0371  11.0767  11.2083  11.2709
 11.3016  11.5236  11.7096  12.0018  12.0924  12.7201  12.7659  12.8919
 13.3879  13.4256  13.4972  13.5796  13.6005  13.6642  29.5530  29.7139
 29.7394  29.8464  29.8700  38.2278  38.6190 151.4694 151.6456 151.6836
151.7852 151.8214 201.0336 201.3731
 
 Beta MOs
 -- Occupied --
-14.3487 -14.3383 -10.2327 -10.2308 -10.1944 -10.1912 -10.1897  -0.9926
 -0.8083  -0.7428  -0.7042  -0.5955  -0.5714  -0.4990  -0.4936  -0.4679
 -0.4302  -0.3724  -0.3529  -0.3498  -0.3477  -0.3348  -0.3161  -0.2797
 -0.2711
 -- Virtual --
 -0.1542  -0.0377   0.0063   0.0344   0.0379   0.0402   0.0539   0.0607
  0.0687   0.0893   0.0928   0.1068   0.1235   0.1344   0.1350   0.1412
  0.1499   0.1659   0.1711   0.1781   0.2021   0.2146   0.2434   0.2459
  0.2495   0.2646   0.2686   0.2740   0.2757   0.2874   0.2931   0.2998
  0.3020   0.3083   0.3144   0.3164   0.3227   0.3313   0.3439   0.3488
  0.3511   0.3650   0.3786   0.4257   0.4338   0.4405   0.4595   0.4973
  0.5029   0.5085   0.5143   0.5347   0.5468   0.5572   0.5687   0.5708
  0.5965   0.6100   0.6354   0.6442   0.6570   0.6705   0.6832   0.7009
  0.7230   0.7394   0.7502   0.7601   0.7716   0.7759   0.7936   0.8027
  0.8138   0.8167   0.8252   0.8291   0.8340   0.8384   0.8518   0.8601
  0.8643   0.8845   0.9032   0.9101   0.9257   0.9425   0.9604   0.9692
  1.0018   1.0036   1.0149   1.0296   1.0488   1.0704   1.0793   1.0850
  1.0940   1.1063   1.1284   1.1410   1.1503   1.1650   1.1792   1.1995
  1.2044   1.2330   1.2403   1.2525   1.2712   1.2828   1.3027   1.3060
  1.3126   1.3436   1.3523   1.3748   1.3858   1.3996   1.4188   1.4358
  1.4507   1.4648   1.4800   1.4928   1.5202   1.5235   1.5500   1.5585
  1.5807   1.5873   1.6067   1.6279   1.6454   1.6513   1.6551   1.6838
  1.6971   1.7267   1.7356   1.7498   1.7739   1.7843   1.8147   1.8517
  1.8622   1.8669   1.9116   1.9229   1.9616   1.9660   1.9816   1.9908
  1.9978   2.0264   2.0353   2.0534   2.0657   2.0766   2.0888   2.1084
  2.1290   2.1567   2.1617   2.1722   2.1794   2.1916   2.2083   2.2303
  2.2415   2.2634   2.2707   2.2762   2.2941   2.3161   2.3318   2.3329
  2.3425   2.3631   2.3756   2.3959   2.4206   2.4277   2.4437   2.4534
  2.4775   2.4951   2.5030   2.5169   2.5245   2.5567   2.5832   2.6008
  2.6170   2.6210   2.6415   2.6642   2.6667   2.6919   2.6959   2.7114
  2.7250   2.7325   2.7435   2.7567   2.7739   2.7941   2.7959   2.8123
  2.8314   2.8445   2.8572   2.8729   2.8873   2.8981   2.9084   2.9196
  2.9241   2.9406   2.9436   2.9506   2.9843   2.9903   3.0138   3.0442
  3.0459   3.0702   3.0880   3.0910   3.1031   3.1212   3.1386   3.1450
  3.1649   3.1748   3.2171   3.2301   3.2431   3.2546   3.2799   3.2938
  3.3139   3.3296   3.3397   3.3491   3.3574   3.3839   3.4044   3.4240
  3.4506   3.4732   3.4850   3.5020   3.5220   3.5252   3.5448   3.5643
  3.5928   3.6019   3.6343   3.6401   3.6449   3.6530   3.6657   3.6878
  3.7125   3.7501   3.7634   3.8013   3.8086   3.8113   3.8261   3.8499
  3.8696   3.8810   3.8959   3.9148   3.9234   3.9453   3.9733   3.9902
  4.0085   4.0179   4.0243   4.0317   4.0509   4.0602   4.0868   4.1162
  4.1446   4.1543   4.1964   4.2075   4.2404   4.3066   4.3244   4.3755
  4.3949   4.4073   4.4868   4.5281   4.5463   4.6009   4.6245   4.6521
  4.6826   4.7375   4.7810   4.8476   4.8676   4.8873   4.9131   4.9515
  4.9859   5.0699   5.1079   5.1756   5.2360   5.2490   5.3174   5.3270
  5.3530   5.3844   5.4170   5.4649   5.5573   5.5832   5.5926   5.6222
  5.6798   5.7076   5.7591   5.7821   5.8338   5.8550   5.9049   5.9430
  5.9715   5.9823   5.9886   6.0237   6.0468   6.0652   6.0915   6.1135
  6.1316   6.1401   6.1462   6.1708   6.1804   6.1942   6.2137   6.2282
  6.2411   6.2545   6.2787   6.2879   6.2986   6.3354   6.3597   6.3667
  6.3728   6.3827   6.4088   6.4290   6.4370   6.4551   6.4784   6.4876
  6.5050   6.5302   6.5332   6.5485   6.5579   6.5795   6.5916   6.6077
  6.6274   6.6358   6.6453   6.6634   6.6739   6.6796   6.7212   6.7293
  6.7545   6.7700   6.7980   6.8040   6.8161   6.8275   6.8315   6.8480
  6.8504   6.8606   6.8818   6.8933   6.8998   6.9476   6.9484   6.9688
  6.9788   7.0145   7.0257   7.0605   7.0901   7.0950   7.1166   7.1235
  7.1392   7.1679   7.1853   7.2133   7.2228   7.2328   7.2480   7.2597
  7.2668   7.2938   7.3048   7.3241   7.3544   7.3961   7.4071   7.4360
  7.4500   7.4712   7.4832   7.5102   7.5457   7.5556   7.5836   7.5955
  7.6155   7.6530   7.6798   7.7030   7.7298   7.7526   7.7618   7.7797
  7.8126   7.8255   7.8311   7.8449   7.8934   7.8974   7.9370   7.9499
  7.9844   8.0181   8.0313   8.0658   8.0725   8.0844   8.1071   8.1208
  8.1405   8.1503   8.1732   8.1853   8.1914   8.1989   8.2253   8.2448
  8.2588   8.2644   8.3090   8.3202   8.3353   8.3495   8.3572   8.3773
  8.3940   8.4379   8.4445   8.4522   8.4678   8.4823   8.5096   8.5521
  8.5808   8.5976   8.6078   8.6372   8.6734   8.6918   8.7034   8.7313
  8.7872   8.8293   8.8436   8.8737   8.9051   8.9233   8.9334   8.9471
  8.9798   8.9859   9.0010   9.0099   9.0299   9.0368   9.0513   9.0663
  9.0716   9.0906   9.1075   9.1150   9.1272   9.1364   9.1648   9.1915
  9.2034   9.2133   9.2362   9.2433   9.2664   9.2782   9.2998   9.3132
  9.3369   9.3480   9.3562   9.3871   9.4035   9.4175   9.4403   9.4541
  9.4876   9.4986   9.5197   9.5345   9.5479   9.5798   9.5975   9.6017
  9.6244   9.6444   9.6749   9.6839   9.6939   9.7280   9.7364   9.7507
  9.8056   9.8329   9.8581   9.8646   9.8802   9.9374   9.9785   9.9922
 10.0210  10.0449  10.0786  10.1093  10.1297  10.1932  10.2547  10.2850
 10.3079  10.3340  10.3853  10.4247  10.4552  10.4651  10.4799  10.5046
 10.5155  10.5349  10.5683  10.6055  10.6111  10.6391  10.6961  10.7587
 10.8151  10.8633  10.8941  10.9220  11.0068  11.0455  11.1041  11.1544
 11.2821  11.2999  11.3539  11.5959  11.8974  12.1745  12.2043  12.7246
 12.7716  12.8962  13.3805  13.4190  13.5015  13.5957  13.6696  13.7613
 29.5639  29.7245  29.7441  29.8500  29.8737  38.3169  38.7133 151.4772
151.6537 151.6871 151.7887 151.8243 201.0862 201.4262
 --------------------------------------------------------------
 
          Ground-State Mulliken Net Atomic Charges

     Atom                 Charge (a.u.)    Spin (a.u.)
  --------------------------------------------------------
      1 C                    -0.279458       0.029989
      2 C                     0.037786       0.092765
      3 N                    -0.237672       0.799048
      4 N                    -0.194282       0.880025
      5 C                    -0.392551       0.008924
      6 C                     0.020192       0.088112
      7 C                    -0.374153       0.069230
      8 H                     0.128524       0.029421
      9 H                     0.163797      -0.001141
     10 H                     0.190484       0.007962
     11 H                     0.205034       0.001759
     12 H                     0.206394      -0.000569
     13 H                     0.174246      -0.002106
     14 H                     0.189179      -0.000712
     15 H                     0.162480      -0.002706
  --------------------------------------------------------
  Sum of atomic charges =     0.000000
  Sum of spin   charges =     2.000000

 -----------------------------------------------------------------
                    Cartesian Multipole Moments
 -----------------------------------------------------------------
    Charge (ESU x 10^10)
                 0.0000
    Dipole Moment (Debye)
         X      -2.8325      Y       0.9485      Z       0.8688
       Tot       3.1109
    Quadrupole Moments (Debye-Ang)
        XX     -47.9388     XY       2.9598     YY     -41.8792
        XZ       1.4726     YZ       0.0193     ZZ     -42.3455
    Octopole Moments (Debye-Ang^2)
       XXX     -53.1611    XXY      12.1201    XYY     -15.4612
       YYY      17.4767    XXZ       3.2197    XYZ      -1.1878
       YYZ       1.8397    XZZ     -16.1192    YZZ       7.8389
       ZZZ       8.6954
    Hexadecapole Moments (Debye-Ang^3)
      XXXX    -296.9263   XXXY      32.3226   XXYY     -93.8960
      XYYY      26.8290   YYYY    -261.2363   XXXZ     -15.7720
      XXYZ       0.3637   XYYZ      -3.6873   YYYZ      -0.1976
      XXZZ     -92.2925   XYZZ      12.6421   YYZZ     -81.8307
      XZZZ      -6.7627   YZZZ      -0.6691   ZZZZ    -235.3009
 -----------------------------------------------------------------
 Total job time:  110.60s(wall), 2059.59s(cpu) 
 Fri Aug  2 08:25:24 2024

        *************************************************************
        *                                                           *
        *  Thank you very much for using Q-Chem.  Have a nice day.  *
        *                                                           *
        *************************************************************


