
Running Job 1 of 1 n2-r1-triplet-wb97xd-B97mV.in
qchem n2-r1-triplet-wb97xd-B97mV.in_1345060.0 /expanse/lustre/scratch/whughes/temp_project/job_32712798/n2-r1-triplet-wb97xd-B97mV-32712798/ 0
/cm/shared/apps/spack/0.17.3/cpu/b/opt/spack/linux-rocky8-zen2/gcc-10.2.0/qchem-6.0-rytxnwjazd34ekd2gqyi5ufsaimxsd3r/exe/qcprog.exe_s n2-r1-triplet-wb97xd-B97mV.in_1345060.0 /expanse/lustre/scratch/whughes/temp_project/job_32712798/n2-r1-triplet-wb97xd-B97mV-32712798/
                  Welcome to Q-Chem
     A Quantum Leap Into The Future Of Chemistry


 Q-Chem 6.0, Q-Chem, Inc., Pleasanton, CA (2022)

 License issued to: University of California, San Diego (site)

 E. Epifanovsky,  A. T. B. Gilbert,  Xintian Feng,  Joonho Lee,  Yuezhi Mao,  
 N. Mardirossian,  P. Pokhilko,  A. White,  M. Wormit,  M. P. Coons,  
 A. L. Dempwolff,  Zhengting Gan,  D. Hait,  P. R. Horn,  L. D. Jacobson,  
 I. Kaliman,  J. Kussmann,  A. W. Lange,  Ka Un Lao,  D. S. Levine,  Jie Liu,  
 S. C. McKenzie,  A. F. Morrison,  K. Nanda,  F. Plasser,  D. R. Rehn,  
 M. L. Vidal,  Zhi-Qiang You,  Ying Zhu,  B. Alam,  B. Albrecht,  
 A. Aldossary,  E. Alguire,  J. H. Andersen,  V. Athavale,  D. Barton,  
 K. Begam,  A. Behn,  N. Bellonzi,  Y. A. Bernard,  E. J. Berquist,  
 H. Burton,  A. Carreras,  K. Carter-Fenk,  Romit Chakraborty,  
 Chandrima Chakravarty,  Junhan Chen,  A. D. Chien,  K. D. Closser,  
 V. Cofer-Shabica,  L. Cunha,  S. Dasgupta,  Jia Deng,  M. de Wergifosse,  
 M. Diedenhofen,  Hainam Do,  S. Ehlert,  Po-Tung Fang,  S. Fatehi,  
 Qingguo Feng,  T. Friedhoff,  B. Ganoe,  J. Gayvert,  Qinghui Ge,  
 G. Gidofalvi,  M. Goldey,  J. Gomes,  C. Gonzalez-Espinoza,  S. Gulania,  
 A. Gunina,  J. A. Gyamfi,  M. W. D. Hanson-Heine,  P. H. P. Harbach,  
 A. W. Hauser,  M. F. Herbst,  M. Hernandez Vera,  M. Hodecker,  
 Z. C. Holden,  S. Houck,  Xunkun Huang,  Kerwin Hui,  B. C. Huynh,  
 K. Ikeda,  M. Ivanov,  Hyunjun Ji,  Zuxin Jin,  Hanjie Jiang,  B. Kaduk,  
 S. Kaehler,  R. Kang,  K. Khistyaev,  Jaehoon Kim,  Yongbin Kim,  
 P. Klunzinger,  Z. Koczor-Benda,  Joong Hoon Koh,  D. Kosenkov,  
 Saikiran Kotaru,  L. Koulias,  T. Kowalczyk,  C. M. Krauter,  K. Kue,  
 A. Kunitsa,  T. Kus,  A. Landau,  K. V. Lawler,  D. Lefrancois,  S. Lehtola,  
 Rain Li,  Shaozhi Li,  Yi-Pei Li,  Jiashu Liang,  M. Liebenthal,  
 Hung-Hsuan Lin,  You-Sheng Lin,  Fenglai Liu,  Kuan-Yu Liu,  
 M. Loipersberger,  A. Luenser,  C. Malbon,  A. Manjanath,  P. Manohar,  
 E. Mansoor,  S. F. Manzer,  Shan-Ping Mao,  A. V. Marenich,  T. Markovich,  
 S. Mason,  F. Matz,  S. A. Maurer,  P. F. McLaughlin,  M. F. S. J. Menger,  
 J.-M. Mewes,  S. A. Mewes,  P. Morgante,  Mohammad Mostafanejad,  
 J. W. Mullinax,  K. J. Oosterbaan,  G. Paran,  V. Parravicini,  
 Alexander C. Paul,  Suranjan K. Paul,  F. Pavosevic,  Zheng Pei,  S. Prager,  
 E. I. Proynov,  E. Ramos,  B. Rana,  A. E. Rask,  A. Rettig,  R. M. Richard,  
 F. Rob,  E. Rossomme,  T. Scheele,  M. Scheurer,  M. Schneider,  
 P. E. Schneider,  N. Sergueev,  S. M. Sharada,  Hengyuan Shen,  
 W. Skomorowski,  D. W. Small,  C. J. Stein,  Yingli Su,  Yu-Chuan Su,  
 E. J. Sundstrom,  Zhen Tao,  J. Thirman,  Hung-Yi Tsai,  T. Tsuchimochi,  
 N. M. Tubman,  C. Utku,  S. P. Veccham,  O. Vydrov,  J. Wenzel,  
 Jonathan Wong,  J. Witte,  A. Yamada,  Chou-Hsun Yang,  Kun Yao,  
 S. Yeganeh,  S. R. Yost,  A. Zech,  F. Zeller,  Igor Ying Zhang,  
 Xing Zhang,  Yu Zhang,  D. Zuev,  A. Aspuru-Guzik,  A. T. Bell,  
 N. A. Besley,  K. B. Bravaya,  B. R. Brooks,  D. Casanova,  Jeng-Da Chai,  
 Hsing-Ta Chen,  S. Coriani,  C. J. Cramer,  A. E. DePrince, III,  
 R. A. DiStasio Jr.,  A. Dreuw,  B. D. Dunietz,  T. R. Furlani,  
 W. A. Goddard III,  S. Grimme,  S. Hammes-Schiffer,  T. Head-Gordon,  
 W. J. Hehre,  Chao-Ping Hsu,  T.-C. Jagau,  Yousung Jung,  A. Klamt,  
 Jing Kong,  D. S. Lambrecht,  Xiangyuan Li,  WanZhen Liang,  N. J. Mayhall,  
 C. W. McCurdy,  J. B. Neaton,  T. Neudecker,  C. Ochsenfeld,  
 J. A. Parkhill,  R. Peverati,  V. A. Rassolov,  Haisheng Ren,  Yihan Shao,  
 L. V. Slipchenko,  R. P. Steele,  J. E. Subotnik,  A. J. W. Thom,  
 A. Tkatchenko,  D. G. Truhlar,  T. Van Voorhis,  Fan Wang,  
 T. A. Wesolowski,  K. B. Whaley,  H. L. Woodcock III,  P. M. Zimmerman,  
 S. Faraji,  P. M. W. Gill,  M. Head-Gordon,  J. M. Herbert,  A. I. Krylov

 Contributors to earlier versions of Q-Chem not listed above: 
 R. D. Adamson,  B. Austin,  R. Baer,  J. Baker,  G. J. O. Beran,  
 K. Brandhorst,  S. T. Brown,  E. F. C. Byrd,  Arup K. Chakraborty,  
 G. K. L. Chan,  Chun-Min Chang,  Yunqing Chen,  C.-L. Cheng,  
 Siu Hung Chien,  D. M. Chipman,  D. L. Crittenden,  H. Dachsel,  
 R. J. Doerksen,  A. D. Dutoi,  R. G. Edgar,  J. Fosso-Tande,  
 L. Fusti-Molnar,  D. Ghosh,  A. Ghysels,  A. Golubeva-Zadorozhnaya,  
 J. Gonthier,  M. S. Gordon,  S. R. Gwaltney,  G. Hawkins,  J. E. Herr,  
 A. Heyden,  S. Hirata,  E. G. Hohenstein,  G. Kedziora,  F. J. Keil,  
 C. Kelley,  Jihan Kim,  R. A. King,  R. Z. Khaliullin,  P. P. Korambath,  
 W. Kurlancheek,  A. Laurent,  A. M. Lee,  M. S. Lee,  S. V. Levchenko,  
 Ching Yeh Lin,  D. Liotard,  E. Livshits,  R. C. Lochan,  I. Lotan,  
 L. A. Martinez-Martinez,  P. E. Maslen,  N. Nair,  D. P. O'Neill,  
 D. Neuhauser,  E. Neuscamman,  C. M. Oana,  R. Olivares-Amaya,  R. Olson,  
 T. M. Perrine,  B. Peters,  P. A. Pieniazek,  A. Prociuk,  Y. M. Rhee,  
 J. Ritchie,  M. A. Rohrdanz,  E. Rosta,  N. J. Russ,  H. F. Schaefer III,  
 M. W. Schmidt,  N. E. Schultz,  S. Sharma,  N. Shenvi,  C. D. Sherrill,  
 A. C. Simmonett,  A. Sodt,  T. Stein,  D. Stuck,  K. S. Thanthiriwatte,  
 V. Vanovschi,  L. Vogt,  Tao Wang,  A. Warshel,  M. A. Watson,  
 C. F. Williams,  Q. Wu,  X. Xu,  Jun Yang,  W. Zhang,  Yan Zhao

   Please cite Q-Chem as follows:
  "Software for the frontiers of quantum chemistry:
   An overview of developments in the Q-Chem 5 package"
   J. Chem. Phys. 155, 084801 (2021)
   https://doi.org/10.1063/5.0055522 (open access)

 Q-Chem 6.0.2 for Intel X86 EM64T Linux

 Parts of Q-Chem use Armadillo 9.900.5 (Nocturnal Misbehaviour).
 http://arma.sourceforge.net/

 Q-Chem begins on Fri Aug  2 08:28:43 2024  

 Host: 
0

     Scratch files written to /expanse/lustre/scratch/whughes/temp_project/job_32712798/n2-r1-triplet-wb97xd-B97mV-32712798//
 Dec722 |scratch|qcdevops|jenkins|workspace|build_RNUM    
 Processing $rem in /cm/shared/apps/spack/0.17.3/cpu/b/opt/spack/linux-rocky8-zen2/gcc-10.2.0/qchem-6.0-rytxnwjazd34ekd2gqyi5ufsaimxsd3r/config/preferences:
 Processing $rem in /home/whughes/.qchemrc:

 Checking the input file for inconsistencies... 	...done.

--------------------------------------------------------------
User input:
--------------------------------------------------------------
$molecule
0 3
C    -0.4788820798   -0.2275047965   -1.1775904155
N    -1.1092886009   1.0865230817    -0.8632671663
N    -1.3410192583   1.0962631026    0.3953766963
C    -0.0687579656   0.7153959964    1.0730636916
C    0.4001105073    -0.3570143933   0.0767104643
C    1.3750578646    -1.2265387451   0.2633002298
C    -0.3808968172   0.176867658     2.4581986666
C    0.9138844889    1.885437095     1.1333463816
C    -1.5141778827   -1.3505549844   -1.248993385
C    0.3063200497    -0.1092586338   -2.4720330436
H    1.6562210994    -1.9380024142   -0.5041667509
H    1.9332069671    -1.2635751797   1.1913891859
H    0.5302994476    -0.19162081     2.9324487972
H    -0.7977305458   0.9672347611    3.0837414225
H    -1.0987582555   -0.640746354    2.4016580826
H    0.5091143219    2.6830642643    1.7582245776
H    1.8599344189    1.5502668501    1.5616511288
H    1.103542464     2.2829140307    0.1368279343
H    -1.0106201859   -2.306678869    -1.4008091284
H    -2.0918900835   -1.4031538805   -0.3267639042
H    -2.197539863    -1.1780301937   -2.0819219171
H    -0.3707488341   0.0758026505    -3.3069296873
H    1.0239305995    0.7085268544    -2.4147625028
H    0.8486881434    -1.0356170904   -2.668700358
$end

$rem
METHOD      B97M-V
BASIS       def2-QZVPP
SYM_IGNORE   TRUE
DFT_D       false
MAX_SCF_CYCLES 300
$end

$end
--------------------------------------------------------------
 ----------------------------------------------------------------
             Standard Nuclear Orientation (Angstroms)
    I     Atom           X                Y                Z
 ----------------------------------------------------------------
    1      C      -0.4788820798    -0.2275047965    -1.1775904155
    2      N      -1.1092886009     1.0865230817    -0.8632671663
    3      N      -1.3410192583     1.0962631026     0.3953766963
    4      C      -0.0687579656     0.7153959964     1.0730636916
    5      C       0.4001105073    -0.3570143933     0.0767104643
    6      C       1.3750578646    -1.2265387451     0.2633002298
    7      C      -0.3808968172     0.1768676580     2.4581986666
    8      C       0.9138844889     1.8854370950     1.1333463816
    9      C      -1.5141778827    -1.3505549844    -1.2489933850
   10      C       0.3063200497    -0.1092586338    -2.4720330436
   11      H       1.6562210994    -1.9380024142    -0.5041667509
   12      H       1.9332069671    -1.2635751797     1.1913891859
   13      H       0.5302994476    -0.1916208100     2.9324487972
   14      H      -0.7977305458     0.9672347611     3.0837414225
   15      H      -1.0987582555    -0.6407463540     2.4016580826
   16      H       0.5091143219     2.6830642643     1.7582245776
   17      H       1.8599344189     1.5502668501     1.5616511288
   18      H       1.1035424640     2.2829140307     0.1368279343
   19      H      -1.0106201859    -2.3066788690    -1.4008091284
   20      H      -2.0918900835    -1.4031538805    -0.3267639042
   21      H      -2.1975398630    -1.1780301937    -2.0819219171
   22      H      -0.3707488341     0.0758026505    -3.3069296873
   23      H       1.0239305995     0.7085268544    -2.4147625028
   24      H       0.8486881434    -1.0356170904    -2.6687003580
 ----------------------------------------------------------------
 Nuclear Repulsion Energy =         564.23974719 hartrees
 There are       39 alpha and       37 beta electrons
 Requested basis set is def2-QZVPP
 There are 310 shells and 990 basis functions

 Total QAlloc Memory Limit   8000 MB
 Mega-Array Size       188 MB
 MEM_STATIC part       192 MB

 A cutoff of  1.0D-09 yielded  35301 shell pairs
 There are    347537 function pairs (    513840 Cartesian)
 Smallest overlap matrix eigenvalue = 1.42E-05

 Q-Chem warning in module stvman/mkSTV.C, line 305:

 Overlap eigenvalue is smaller than square root of threshold
 Use THRESH >= 12 to get rid of this warning


 Scale SEOQF with 1.000000e-01/1.000000e-01/1.000000e-01

 Standard Electronic Orientation quadrupole field applied
 Nucleus-field energy     =    -0.0000000090 hartrees
 Guess from superposition of atomic densities
 Warning:  Energy on first SCF cycle will be non-variational
 SAD guess density has 76.000000 electrons

 -----------------------------------------------------------------------
  General SCF calculation program by
  Eric Jon Sundstrom, Paul Horn, Yuezhi Mao, Dmitri Zuev, Alec White,
  David Stuck, Shaama M.S., Shane Yost, Joonho Lee, David Small,
  Daniel Levine, Susi Lehtola, Hugh Burton, Evgeny Epifanovsky,
  Bang C. Huynh
 -----------------------------------------------------------------------
 Exchange:  B97M-V      Correlation:  B97M-V
 Using SG-2 standard quadrature grid
 Nonlocal Correlation:  VV10 with C = 0.0100 and b = 6.00 and scale = 1.00000
 Grid used for NLC:  SG-1 standard quadrature
 using 32 threads for integral computing
 -------------------------------------------------------
 OpenMP Integral computing Module                
 Release: version 1.0, May 2013, Q-Chem Inc. Pittsburgh 
 -------------------------------------------------------
 A unrestricted SCF calculation will be
 performed using DIIS
 SCF converges when DIIS error is below 1.0e-05
 ---------------------------------------
  Cycle       Energy         DIIS error
 ---------------------------------------
    1    -424.3383932643      5.54e-03  
    2    -422.5785770364      6.99e-04  
    3    -422.4720704699      8.14e-04  
    4    -422.8150863980      1.44e-04  
    5    -422.8207382466      9.54e-05  
    6    -422.8246169680      2.71e-05  
    7    -422.8249165012      1.35e-05  
    8    -422.8250117227      2.30e-06  Convergence criterion met
 ---------------------------------------
 SCF time:   CPU 4435.56s  wall 142.00s 
<S^2> =          2.007928573
 SCF   energy in the final basis set =     -422.8250117227
 Total energy in the final basis set =     -422.8250117227
 
 --------------------------------------------------------------
 
                    Orbital Energies (a.u.)
 --------------------------------------------------------------
 
 Alpha MOs
 -- Occupied --
-14.3680 -14.3678 -10.2412 -10.2412 -10.2022 -10.1793 -10.1762 -10.1762
-10.1751 -10.1751  -1.0264  -0.8128  -0.8108  -0.7245  -0.6824  -0.6757
 -0.6579  -0.6281  -0.5263  -0.5164  -0.4566  -0.4548  -0.4344  -0.4281
 -0.3989  -0.3958  -0.3876  -0.3793  -0.3727  -0.3697  -0.3548  -0.3479
 -0.3321  -0.3262  -0.3164  -0.2999  -0.2483  -0.2263  -0.1524
 -- Virtual --
 -0.0313  -0.0045   0.0153   0.0329   0.0334   0.0504   0.0530   0.0559
  0.0700   0.0791   0.0804   0.0819   0.0942   0.1009   0.1088   0.1094
  0.1119   0.1148   0.1200   0.1246   0.1377   0.1388   0.1481   0.1536
  0.1600   0.1755   0.1871   0.1889   0.2005   0.2038   0.2121   0.2125
  0.2198   0.2373   0.2528   0.2541   0.2578   0.2640   0.2740   0.2768
  0.2789   0.2881   0.2925   0.2948   0.2972   0.3062   0.3140   0.3152
  0.3202   0.3264   0.3343   0.3370   0.3424   0.3500   0.3540   0.3567
  0.3622   0.3692   0.3732   0.3740   0.3759   0.3894   0.3962   0.4019
  0.4168   0.4285   0.4483   0.4535   0.4730   0.4841   0.4900   0.5058
  0.5094   0.5200   0.5373   0.5420   0.5524   0.5610   0.5627   0.5721
  0.5805   0.5855   0.5929   0.6063   0.6069   0.6090   0.6294   0.6417
  0.6504   0.6526   0.6678   0.6694   0.6915   0.6979   0.7015   0.7052
  0.7100   0.7222   0.7526   0.7589   0.7686   0.7702   0.7789   0.7837
  0.7918   0.7921   0.7960   0.8039   0.8103   0.8117   0.8271   0.8342
  0.8390   0.8430   0.8446   0.8556   0.8593   0.8625   0.8670   0.8742
  0.8805   0.8999   0.9029   0.9206   0.9254   0.9296   0.9323   0.9422
  0.9490   0.9512   0.9634   0.9642   0.9719   0.9733   0.9851   0.9993
  1.0062   1.0146   1.0255   1.0327   1.0367   1.0561   1.0630   1.0666
  1.0760   1.0926   1.1028   1.1029   1.1228   1.1236   1.1301   1.1365
  1.1490   1.1498   1.1686   1.1778   1.1859   1.1889   1.1966   1.2010
  1.2229   1.2248   1.2331   1.2350   1.2472   1.2516   1.2528   1.3032
  1.3083   1.3202   1.3319   1.3358   1.3454   1.3619   1.3666   1.3770
  1.3887   1.3897   1.4052   1.4126   1.4328   1.4346   1.4545   1.4621
  1.4641   1.4744   1.4784   1.4877   1.4990   1.5093   1.5265   1.5349
  1.5429   1.5442   1.5560   1.5751   1.5771   1.6115   1.6151   1.6294
  1.6384   1.6459   1.6532   1.6570   1.6746   1.7070   1.7089   1.7201
  1.7313   1.7544   1.7765   1.7787   1.8049   1.8212   1.8244   1.8357
  1.8374   1.8576   1.8693   1.8785   1.8834   1.8921   1.9123   1.9144
  1.9189   1.9230   1.9351   1.9418   1.9621   1.9695   1.9721   1.9919
  2.0058   2.0068   2.0219   2.0232   2.0243   2.0286   2.0486   2.0558
  2.0652   2.0727   2.0931   2.0998   2.1074   2.1106   2.1246   2.1277
  2.1384   2.1537   2.1551   2.1751   2.1861   2.1905   2.1908   2.2211
  2.2238   2.2341   2.2342   2.2553   2.2557   2.2685   2.2771   2.2795
  2.2940   2.3095   2.3120   2.3130   2.3196   2.3311   2.3508   2.3665
  2.3682   2.3855   2.3891   2.3895   2.4003   2.4111   2.4136   2.4203
  2.4231   2.4408   2.4466   2.4677   2.4746   2.4779   2.4981   2.5031
  2.5094   2.5186   2.5241   2.5297   2.5391   2.5546   2.5573   2.5653
  2.5695   2.5767   2.6093   2.6130   2.6308   2.6368   2.6379   2.6561
  2.6632   2.6827   2.6880   2.6882   2.6953   2.7036   2.7221   2.7266
  2.7325   2.7392   2.7513   2.7788   2.7818   2.7918   2.7948   2.8062
  2.8098   2.8204   2.8231   2.8369   2.8503   2.8601   2.8798   2.8840
  2.9040   2.9126   2.9273   2.9430   2.9480   2.9495   2.9580   2.9639
  2.9716   2.9767   2.9924   2.9993   3.0081   3.0122   3.0169   3.0239
  3.0286   3.0355   3.0451   3.0536   3.0602   3.0643   3.0766   3.0903
  3.1029   3.1073   3.1284   3.1354   3.1428   3.1518   3.1681   3.1783
  3.1845   3.1851   3.1977   3.2032   3.2089   3.2108   3.2378   3.2410
  3.2490   3.2606   3.2694   3.2802   3.2972   3.3001   3.3104   3.3327
  3.3383   3.3555   3.3600   3.3634   3.3829   3.3878   3.3885   3.4080
  3.4349   3.4607   3.4618   3.4697   3.4760   3.4841   3.4901   3.5019
  3.5283   3.5341   3.5377   3.5540   3.5566   3.5646   3.5862   3.5890
  3.6053   3.6091   3.6200   3.6377   3.6519   3.6635   3.6679   3.6742
  3.6772   3.6993   3.7236   3.7363   3.7411   3.7433   3.7517   3.7636
  3.7756   3.7757   3.7920   3.8012   3.8155   3.8259   3.8466   3.8559
  3.8797   3.8842   3.8958   3.9024   3.9067   3.9331   3.9604   3.9615
  3.9866   4.0152   4.0164   4.0303   4.0452   4.0477   4.0619   4.0689
  4.0741   4.0802   4.0938   4.0963   4.1097   4.1140   4.1189   4.1210
  4.1574   4.1696   4.1753   4.2078   4.2184   4.2307   4.3206   4.3450
  4.3536   4.3718   4.4026   4.4487   4.4718   4.4772   4.4873   4.5608
  4.5758   4.6032   4.6192   4.6358   4.6378   4.6699   4.6879   4.6987
  4.7313   4.7445   4.8114   4.8467   4.8824   4.8852   4.9298   4.9690
  4.9987   5.0505   5.0751   5.1171   5.1954   5.2002   5.2100   5.2331
  5.2379   5.3146   5.3538   5.3675   5.4249   5.4301   5.4644   5.4723
  5.4882   5.5554   5.5760   5.6025   5.6097   5.6194   5.6483   5.6750
  5.6882   5.7010   5.7143   5.7259   5.7457   5.7481   5.7660   5.7700
  5.7971   5.8089   5.8495   5.8525   5.8635   5.8656   5.8719   5.9030
  5.9141   5.9213   5.9471   5.9492   5.9718   5.9904   5.9952   6.0368
  6.0715   6.0793   6.0923   6.0966   6.1045   6.1132   6.1246   6.1253
  6.1536   6.1559   6.1755   6.1825   6.1901   6.2037   6.2096   6.2159
  6.2170   6.2210   6.2256   6.2278   6.2622   6.2696   6.2792   6.2831
  6.2894   6.3014   6.3251   6.3284   6.3441   6.3454   6.3508   6.3728
  6.3911   6.3945   6.4009   6.4065   6.4074   6.4161   6.4241   6.4318
  6.4347   6.4626   6.4699   6.4742   6.4834   6.4839   6.4910   6.4997
  6.5018   6.5287   6.5458   6.5496   6.5746   6.5917   6.5932   6.5980
  6.6020   6.6245   6.6284   6.6432   6.6500   6.6510   6.6581   6.6688
  6.6693   6.6808   6.6969   6.6986   6.7103   6.7183   6.7204   6.7249
  6.7306   6.7454   6.7599   6.7688   6.7822   6.7835   6.7998   6.8160
  6.8192   6.8245   6.8594   6.8648   6.8664   6.8864   6.8940   6.9122
  6.9304   6.9317   6.9319   6.9371   6.9582   6.9623   6.9695   6.9895
  6.9897   6.9987   7.0057   7.0120   7.0269   7.0322   7.0601   7.0836
  7.0982   7.1253   7.1321   7.1343   7.1436   7.1504   7.1596   7.1812
  7.2100   7.2122   7.2167   7.2402   7.2503   7.2513   7.2900   7.3065
  7.3140   7.3508   7.3575   7.3638   7.3716   7.4250   7.4326   7.4328
  7.4385   7.4661   7.4778   7.4834   7.4860   7.4935   7.4950   7.5200
  7.5232   7.5267   7.5465   7.5537   7.5767   7.5893   7.5970   7.6063
  7.6303   7.6344   7.6377   7.6751   7.6871   7.7036   7.7068   7.7390
  7.7489   7.7565   7.7632   7.7753   7.7899   7.7913   7.8266   7.8304
  7.8653   7.8753   7.8961   7.9030   7.9160   7.9187   7.9456   7.9570
  7.9636   7.9644   7.9733   7.9760   8.0157   8.0178   8.0405   8.0540
  8.0567   8.0705   8.0869   8.0902   8.1077   8.1177   8.1205   8.1406
  8.1476   8.1490   8.1651   8.1713   8.1996   8.2126   8.2353   8.2433
  8.2453   8.2484   8.2601   8.2808   8.2886   8.3037   8.3054   8.3120
  8.3161   8.3257   8.3303   8.3324   8.3413   8.3564   8.3598   8.3741
  8.3893   8.4019   8.4108   8.4192   8.4305   8.4354   8.4449   8.4465
  8.4636   8.4873   8.4910   8.4970   8.5021   8.5298   8.5451   8.5554
  8.5670   8.5686   8.5834   8.6015   8.6194   8.6294   8.6475   8.6660
  8.6849   8.7149   8.7210   8.7339   8.7423   8.7647   8.7772   8.7952
  8.8081   8.8254   8.8659   8.8960   8.9144   8.9327   8.9536   8.9626
  8.9730   8.9755   8.9822   9.0063   9.0140   9.0181   9.0280   9.0324
  9.0378   9.0444   9.0556   9.0651   9.0749   9.0750   9.0795   9.0813
  9.0848   9.0968   9.1059   9.1133   9.1195   9.1228   9.1251   9.1307
  9.1430   9.1571   9.1636   9.1779   9.1863   9.2065   9.2356   9.2705
  9.2781   9.2803   9.2996   9.3008   9.3197   9.3440   9.3565   9.3615
  9.3972   9.4113   9.4131   9.4145   9.4264   9.4359   9.4477   9.4520
  9.4630   9.4681   9.4767   9.4875   9.5026   9.5143   9.5166   9.5245
  9.5253   9.5414   9.5442   9.5539   9.5644   9.5663   9.5845   9.6144
  9.6192   9.6498   9.6585   9.6884   9.6913   9.7143   9.7151   9.7770
  9.7782   9.7964   9.8224   9.8459   9.8476   9.8966   9.9256   9.9401
  9.9949  10.0446  10.0736  10.0841  10.0942  10.1000  10.1275  10.1355
 10.1453  10.1526  10.1585  10.1646  10.2037  10.3004  10.3085  10.3234
 10.3254  10.3306  10.3584  10.3920  10.4391  10.4419  10.4491  10.4531
 10.4554  10.4673  10.4817  10.4862  10.4888  10.5035  10.5269  10.5301
 10.5486  10.5635  10.5941  10.6249  10.7227  10.8298  10.8446  10.9660
 10.9787  10.9860  10.9941  11.0044  11.0096  11.0222  11.0309  11.1200
 11.1313  11.1536  11.1644  11.2443  11.2742  11.2763  11.4405  11.4898
 11.6120  11.8453  12.0666  12.1883  12.3808  12.4950  12.5034  12.5216
 12.5491  12.5954  12.6227  12.6702  12.6924  13.3547  13.6102  13.6516
 13.6884  13.7308  13.7414  29.1996  29.5566  29.5592  29.8717  29.9274
 29.9289  29.9824  29.9847  38.3638  38.6423 151.1235 151.5138 151.5172
151.8134 151.8578 151.8621 151.8966 151.9541 201.1896 201.4052
 
 Beta MOs
 -- Occupied --
-14.3474 -14.3471 -10.2388 -10.2388 -10.2014 -10.1793 -10.1758 -10.1757
-10.1751 -10.1751  -0.9911  -0.8046  -0.7986  -0.7225  -0.6798  -0.6745
 -0.6301  -0.6195  -0.5151  -0.5066  -0.4469  -0.4367  -0.4289  -0.4216
 -0.3934  -0.3920  -0.3826  -0.3719  -0.3703  -0.3689  -0.3465  -0.3400
 -0.3280  -0.2970  -0.2916  -0.2787  -0.2454
 -- Virtual --
 -0.1432  -0.0569  -0.0281  -0.0029   0.0165   0.0345   0.0357   0.0518
  0.0553   0.0579   0.0715   0.0810   0.0818   0.0860   0.0992   0.1036
  0.1102   0.1112   0.1185   0.1209   0.1251   0.1296   0.1396   0.1406
  0.1514   0.1562   0.1618   0.1783   0.1942   0.1948   0.2063   0.2081
  0.2181   0.2212   0.2250   0.2400   0.2558   0.2580   0.2630   0.2736
  0.2782   0.2807   0.2849   0.2927   0.2977   0.3003   0.3028   0.3132
  0.3173   0.3192   0.3237   0.3309   0.3362   0.3392   0.3474   0.3593
  0.3599   0.3621   0.3659   0.3750   0.3775   0.3814   0.3853   0.4029
  0.4060   0.4090   0.4204   0.4415   0.4519   0.4567   0.4768   0.4911
  0.4934   0.5099   0.5167   0.5319   0.5453   0.5472   0.5595   0.5664
  0.5671   0.5769   0.5851   0.5895   0.5967   0.6100   0.6127   0.6171
  0.6324   0.6467   0.6532   0.6562   0.6706   0.6786   0.7016   0.7062
  0.7077   0.7097   0.7163   0.7253   0.7557   0.7612   0.7730   0.7769
  0.7831   0.7902   0.7943   0.7978   0.7999   0.8079   0.8142   0.8155
  0.8312   0.8381   0.8416   0.8446   0.8474   0.8578   0.8615   0.8664
  0.8712   0.8804   0.8843   0.9034   0.9064   0.9289   0.9290   0.9328
  0.9372   0.9513   0.9530   0.9566   0.9674   0.9686   0.9753   0.9770
  0.9884   1.0081   1.0138   1.0219   1.0292   1.0371   1.0439   1.0651
  1.0718   1.0756   1.0851   1.0997   1.1088   1.1139   1.1319   1.1321
  1.1379   1.1505   1.1525   1.1590   1.1731   1.1838   1.1969   1.1982
  1.2035   1.2051   1.2260   1.2304   1.2420   1.2446   1.2541   1.2595
  1.2628   1.3101   1.3161   1.3312   1.3414   1.3446   1.3565   1.3682
  1.3737   1.3814   1.3976   1.4002   1.4117   1.4193   1.4382   1.4438
  1.4617   1.4668   1.4779   1.4810   1.4811   1.4992   1.5066   1.5188
  1.5381   1.5441   1.5518   1.5598   1.5688   1.5832   1.5873   1.6182
  1.6222   1.6350   1.6453   1.6566   1.6612   1.6666   1.6854   1.7183
  1.7247   1.7363   1.7394   1.7645   1.7846   1.7921   1.8195   1.8245
  1.8359   1.8408   1.8434   1.8629   1.8760   1.8873   1.8919   1.8969
  1.9192   1.9225   1.9269   1.9324   1.9410   1.9472   1.9685   1.9751
  1.9780   1.9973   2.0098   2.0109   2.0279   2.0301   2.0312   2.0365
  2.0546   2.0630   2.0696   2.0777   2.1014   2.1046   2.1151   2.1164
  2.1323   2.1356   2.1493   2.1593   2.1633   2.1825   2.1947   2.1974
  2.1977   2.2254   2.2291   2.2377   2.2416   2.2601   2.2633   2.2744
  2.2807   2.2862   2.3008   2.3185   2.3189   2.3205   2.3280   2.3395
  2.3592   2.3733   2.3738   2.3920   2.3964   2.3975   2.4089   2.4205
  2.4209   2.4297   2.4316   2.4490   2.4514   2.4725   2.4811   2.4858
  2.5051   2.5109   2.5193   2.5248   2.5317   2.5387   2.5463   2.5610
  2.5651   2.5729   2.5792   2.5840   2.6158   2.6210   2.6385   2.6445
  2.6446   2.6677   2.6711   2.6895   2.6948   2.6962   2.7054   2.7120
  2.7282   2.7361   2.7401   2.7445   2.7568   2.7866   2.7932   2.7978
  2.8128   2.8140   2.8234   2.8303   2.8355   2.8454   2.8643   2.8705
  2.8880   2.8925   2.9108   2.9235   2.9354   2.9520   2.9554   2.9604
  2.9718   2.9740   2.9854   2.9862   2.9995   3.0084   3.0165   3.0182
  3.0281   3.0323   3.0357   3.0416   3.0500   3.0589   3.0727   3.0738
  3.0824   3.0987   3.1117   3.1255   3.1414   3.1529   3.1551   3.1611
  3.1811   3.1856   3.1965   3.1970   3.2111   3.2158   3.2191   3.2227
  3.2471   3.2526   3.2609   3.2717   3.2858   3.2878   3.3138   3.3164
  3.3310   3.3433   3.3507   3.3707   3.3729   3.3797   3.3967   3.4003
  3.4034   3.4282   3.4464   3.4767   3.4804   3.4874   3.4888   3.4987
  3.5022   3.5112   3.5393   3.5452   3.5484   3.5640   3.5730   3.5772
  3.5962   3.5991   3.6191   3.6217   3.6473   3.6558   3.6626   3.6760
  3.6807   3.6856   3.7005   3.7075   3.7338   3.7508   3.7555   3.7648
  3.7673   3.7786   3.7884   3.7941   3.8085   3.8173   3.8232   3.8393
  3.8609   3.8711   3.8937   3.8971   3.9180   3.9238   3.9277   3.9529
  3.9763   3.9786   4.0025   4.0248   4.0301   4.0469   4.0534   4.0589
  4.0717   4.0833   4.0850   4.0966   4.0986   4.1071   4.1231   4.1282
  4.1318   4.1435   4.1732   4.1860   4.1929   4.2383   4.2392   4.2528
  4.3315   4.3708   4.3892   4.3978   4.4219   4.4729   4.5000   4.5095
  4.5199   4.5873   4.5934   4.6244   4.6311   4.6461   4.6560   4.6815
  4.7096   4.7195   4.7547   4.7659   4.8388   4.8686   4.9018   4.9165
  4.9539   4.9861   5.0187   5.0790   5.1026   5.1301   5.2115   5.2175
  5.2238   5.2541   5.2608   5.3329   5.3750   5.3825   5.4434   5.4450
  5.4786   5.4841   5.4993   5.5673   5.5957   5.6063   5.6200   5.6268
  5.6551   5.6808   5.6915   5.7126   5.7218   5.7348   5.7535   5.7544
  5.7749   5.7776   5.8041   5.8183   5.8551   5.8591   5.8690   5.8736
  5.8788   5.9090   5.9208   5.9303   5.9535   5.9575   5.9756   5.9953
  6.0006   6.0415   6.0824   6.0913   6.1042   6.1054   6.1090   6.1276
  6.1324   6.1333   6.1629   6.1673   6.1833   6.1869   6.1943   6.2111
  6.2156   6.2214   6.2260   6.2266   6.2349   6.2361   6.2658   6.2741
  6.2855   6.2909   6.2979   6.3102   6.3338   6.3377   6.3494   6.3519
  6.3640   6.3790   6.3948   6.3991   6.4078   6.4111   6.4120   6.4210
  6.4338   6.4386   6.4450   6.4720   6.4740   6.4800   6.4896   6.4939
  6.4989   6.5094   6.5098   6.5364   6.5564   6.5570   6.5799   6.5990
  6.6013   6.6049   6.6073   6.6299   6.6329   6.6487   6.6576   6.6580
  6.6639   6.6749   6.6757   6.6891   6.7049   6.7065   6.7152   6.7258
  6.7288   6.7369   6.7424   6.7515   6.7722   6.7826   6.7906   6.7950
  6.8159   6.8280   6.8307   6.8362   6.8723   6.8744   6.8822   6.8954
  6.9060   6.9316   6.9421   6.9437   6.9440   6.9539   6.9664   6.9801
  6.9902   7.0029   7.0080   7.0116   7.0181   7.0207   7.0391   7.0460
  7.0712   7.0988   7.1103   7.1342   7.1417   7.1457   7.1519   7.1688
  7.1769   7.1896   7.2172   7.2293   7.2323   7.2499   7.2716   7.2726
  7.3019   7.3219   7.3239   7.3630   7.3682   7.3734   7.3865   7.4307
  7.4430   7.4468   7.4619   7.4785   7.4854   7.4970   7.4977   7.5045
  7.5053   7.5309   7.5423   7.5513   7.5565   7.5655   7.5859   7.6084
  7.6136   7.6308   7.6424   7.6491   7.6555   7.6907   7.7161   7.7183
  7.7288   7.7464   7.7577   7.7625   7.7791   7.7838   7.7988   7.8108
  7.8472   7.8482   7.8847   7.8851   7.9100   7.9238   7.9445   7.9469
  7.9582   7.9659   7.9774   7.9788   7.9838   7.9991   8.0264   8.0336
  8.0529   8.0705   8.0719   8.0789   8.0968   8.1030   8.1175   8.1308
  8.1411   8.1543   8.1566   8.1630   8.1763   8.1934   8.2175   8.2270
  8.2434   8.2481   8.2572   8.2616   8.2699   8.2892   8.2944   8.3097
  8.3145   8.3191   8.3221   8.3357   8.3393   8.3453   8.3509   8.3683
  8.3769   8.3828   8.4008   8.4093   8.4251   8.4309   8.4471   8.4541
  8.4561   8.4730   8.4859   8.4934   8.5024   8.5038   8.5253   8.5362
  8.5531   8.5664   8.5725   8.5849   8.5887   8.6197   8.6285   8.6394
  8.6768   8.6782   8.6971   8.7229   8.7316   8.7387   8.7501   8.7776
  8.7879   8.8016   8.8169   8.8340   8.8917   8.9054   8.9277   8.9560
  8.9660   8.9696   8.9783   8.9897   8.9995   9.0210   9.0235   9.0295
  9.0343   9.0449   9.0474   9.0627   9.0642   9.0721   9.0813   9.0827
  9.0867   9.0940   9.0944   9.1036   9.1124   9.1267   9.1279   9.1320
  9.1436   9.1478   9.1727   9.1733   9.1812   9.1869   9.2312   9.2404
  9.2575   9.2995   9.3009   9.3220   9.3241   9.3611   9.3643   9.3671
  9.3727   9.4055   9.4140   9.4212   9.4221   9.4326   9.4401   9.4480
  9.4568   9.4615   9.4840   9.4882   9.5020   9.5054   9.5119   9.5285
  9.5303   9.5351   9.5485   9.5522   9.5572   9.5683   9.5742   9.5881
  9.5928   9.6533   9.6735   9.7052   9.7068   9.7115   9.7350   9.7569
  9.7783   9.8066   9.8684   9.8748   9.8775   9.9265   9.9347   9.9419
 10.0013  10.0150  10.0559  10.0894  10.0945  10.1063  10.1195  10.1375
 10.1435  10.1515  10.1872  10.1892  10.2118  10.2156  10.2426  10.3061
 10.3147  10.3268  10.3288  10.3963  10.4290  10.4391  10.4491  10.4528
 10.4574  10.4582  10.4609  10.4787  10.4866  10.4900  10.5036  10.5339
 10.5650  10.5679  10.5975  10.6006  10.6068  10.7271  10.7801  10.8761
 10.9281  10.9740  10.9818  10.9926  11.0157  11.0174  11.0258  11.0371
 11.0602  11.1320  11.1364  11.1771  11.2648  11.2782  11.2837  11.3704
 11.4584  11.5557  11.6236  12.0306  12.2411  12.2823  12.3907  12.4976
 12.5058  12.5273  12.5487  12.5970  12.6244  12.6736  12.6940  13.3583
 13.6104  13.6522  13.6891  13.7308  13.9219  29.2032  29.5670  29.5705
 29.8732  29.9288  29.9305  29.9848  29.9862  38.4510  38.7355 151.1256
151.5217 151.5260 151.8142 151.8594 151.8631 151.8979 151.9553 201.2402
201.4566
 --------------------------------------------------------------
 
          Ground-State Mulliken Net Atomic Charges

     Atom                 Charge (a.u.)    Spin (a.u.)
  --------------------------------------------------------
      1 C                     0.320471       0.112720
      2 N                    -0.159683       0.832539
      3 N                    -0.166046       0.832345
      4 C                     0.317769       0.112963
      5 C                     0.141484       0.030981
      6 C                    -0.485284       0.022652
      7 C                    -0.660887       0.000693
      8 C                    -0.589872       0.020839
      9 C                    -0.593353       0.021111
     10 C                    -0.646750       0.001058
     11 H                     0.163869       0.002165
     12 H                     0.147616       0.002314
     13 H                     0.181779       0.003268
     14 H                     0.189939      -0.003028
     15 H                     0.200177       0.001492
     16 H                     0.183617       0.000745
     17 H                     0.177990       0.000806
     18 H                     0.177853       0.000845
     19 H                     0.174721       0.000833
     20 H                     0.189553       0.000896
     21 H                     0.178170       0.000438
     22 H                     0.182523      -0.003143
     23 H                     0.198289       0.001346
     24 H                     0.176055       0.003120
  --------------------------------------------------------
  Sum of atomic charges =    -0.000000
  Sum of spin   charges =     2.000000

 -----------------------------------------------------------------
                    Cartesian Multipole Moments
 -----------------------------------------------------------------
    Charge (ESU x 10^10)
                -0.0000
    Dipole Moment (Debye)
         X       1.7546      Y      -1.5605      Z       0.3311
       Tot       2.3714
    Quadrupole Moments (Debye-Ang)
        XX     -65.9354     XY       2.6022     YY     -64.5331
        XZ       0.9688     YZ       2.8107     ZZ     -59.9980
    Octopole Moments (Debye-Ang^2)
       XXX      32.5512    XXY     -15.7863    XYY      15.3386
       YYY     -26.3633    XXZ       1.6196    XYZ      -1.4333
       YYZ       3.7154    XZZ       9.8006    YZZ      -9.2154
       ZZZ       5.6027
    Hexadecapole Moments (Debye-Ang^3)
      XXXX    -484.3507   XXXY       1.6319   XXYY    -170.9670
      XYYY      -4.1563   YYYY    -539.9630   XXXZ     -41.0727
      XXYZ     -37.5283   XYYZ     -24.4478   YYYZ     -92.8268
      XXZZ    -227.8968   XYZZ      -2.0394   YYZZ    -244.2485
      XZZZ     -46.0734   YZZZ    -100.4048   ZZZZ    -920.3873
 -----------------------------------------------------------------
 Total job time:  149.13s(wall), 4487.89s(cpu) 
 Fri Aug  2 08:31:12 2024

        *************************************************************
        *                                                           *
        *  Thank you very much for using Q-Chem.  Have a nice day.  *
        *                                                           *
        *************************************************************


