
Running Job 1 of 1 FRAG2-I1_rdkit_conf_50_wb97xd-B97mV.in
qchem FRAG2-I1_rdkit_conf_50_wb97xd-B97mV.in_2700544.0 /expanse/lustre/scratch/whughes/temp_project/job_32695323/FRAG2-I1_rdkit_conf_50_wb97xd-B97mV-32695323/ 0
/cm/shared/apps/spack/0.17.3/cpu/b/opt/spack/linux-rocky8-zen2/gcc-10.2.0/qchem-6.0-rytxnwjazd34ekd2gqyi5ufsaimxsd3r/exe/qcprog.exe_s FRAG2-I1_rdkit_conf_50_wb97xd-B97mV.in_2700544.0 /expanse/lustre/scratch/whughes/temp_project/job_32695323/FRAG2-I1_rdkit_conf_50_wb97xd-B97mV-32695323/
                  Welcome to Q-Chem
     A Quantum Leap Into The Future Of Chemistry


 Q-Chem 6.0, Q-Chem, Inc., Pleasanton, CA (2022)

 License issued to: University of California, San Diego (site)

 E. Epifanovsky,  A. T. B. Gilbert,  Xintian Feng,  Joonho Lee,  Yuezhi Mao,  
 N. Mardirossian,  P. Pokhilko,  A. White,  M. Wormit,  M. P. Coons,  
 A. L. Dempwolff,  Zhengting Gan,  D. Hait,  P. R. Horn,  L. D. Jacobson,  
 I. Kaliman,  J. Kussmann,  A. W. Lange,  Ka Un Lao,  D. S. Levine,  Jie Liu,  
 S. C. McKenzie,  A. F. Morrison,  K. Nanda,  F. Plasser,  D. R. Rehn,  
 M. L. Vidal,  Zhi-Qiang You,  Ying Zhu,  B. Alam,  B. Albrecht,  
 A. Aldossary,  E. Alguire,  J. H. Andersen,  V. Athavale,  D. Barton,  
 K. Begam,  A. Behn,  N. Bellonzi,  Y. A. Bernard,  E. J. Berquist,  
 H. Burton,  A. Carreras,  K. Carter-Fenk,  Romit Chakraborty,  
 Chandrima Chakravarty,  Junhan Chen,  A. D. Chien,  K. D. Closser,  
 V. Cofer-Shabica,  L. Cunha,  S. Dasgupta,  Jia Deng,  M. de Wergifosse,  
 M. Diedenhofen,  Hainam Do,  S. Ehlert,  Po-Tung Fang,  S. Fatehi,  
 Qingguo Feng,  T. Friedhoff,  B. Ganoe,  J. Gayvert,  Qinghui Ge,  
 G. Gidofalvi,  M. Goldey,  J. Gomes,  C. Gonzalez-Espinoza,  S. Gulania,  
 A. Gunina,  J. A. Gyamfi,  M. W. D. Hanson-Heine,  P. H. P. Harbach,  
 A. W. Hauser,  M. F. Herbst,  M. Hernandez Vera,  M. Hodecker,  
 Z. C. Holden,  S. Houck,  Xunkun Huang,  Kerwin Hui,  B. C. Huynh,  
 K. Ikeda,  M. Ivanov,  Hyunjun Ji,  Zuxin Jin,  Hanjie Jiang,  B. Kaduk,  
 S. Kaehler,  R. Kang,  K. Khistyaev,  Jaehoon Kim,  Yongbin Kim,  
 P. Klunzinger,  Z. Koczor-Benda,  Joong Hoon Koh,  D. Kosenkov,  
 Saikiran Kotaru,  L. Koulias,  T. Kowalczyk,  C. M. Krauter,  K. Kue,  
 A. Kunitsa,  T. Kus,  A. Landau,  K. V. Lawler,  D. Lefrancois,  S. Lehtola,  
 Rain Li,  Shaozhi Li,  Yi-Pei Li,  Jiashu Liang,  M. Liebenthal,  
 Hung-Hsuan Lin,  You-Sheng Lin,  Fenglai Liu,  Kuan-Yu Liu,  
 M. Loipersberger,  A. Luenser,  C. Malbon,  A. Manjanath,  P. Manohar,  
 E. Mansoor,  S. F. Manzer,  Shan-Ping Mao,  A. V. Marenich,  T. Markovich,  
 S. Mason,  F. Matz,  S. A. Maurer,  P. F. McLaughlin,  M. F. S. J. Menger,  
 J.-M. Mewes,  S. A. Mewes,  P. Morgante,  Mohammad Mostafanejad,  
 J. W. Mullinax,  K. J. Oosterbaan,  G. Paran,  V. Parravicini,  
 Alexander C. Paul,  Suranjan K. Paul,  F. Pavosevic,  Zheng Pei,  S. Prager,  
 E. I. Proynov,  E. Ramos,  B. Rana,  A. E. Rask,  A. Rettig,  R. M. Richard,  
 F. Rob,  E. Rossomme,  T. Scheele,  M. Scheurer,  M. Schneider,  
 P. E. Schneider,  N. Sergueev,  S. M. Sharada,  Hengyuan Shen,  
 W. Skomorowski,  D. W. Small,  C. J. Stein,  Yingli Su,  Yu-Chuan Su,  
 E. J. Sundstrom,  Zhen Tao,  J. Thirman,  Hung-Yi Tsai,  T. Tsuchimochi,  
 N. M. Tubman,  C. Utku,  S. P. Veccham,  O. Vydrov,  J. Wenzel,  
 Jonathan Wong,  J. Witte,  A. Yamada,  Chou-Hsun Yang,  Kun Yao,  
 S. Yeganeh,  S. R. Yost,  A. Zech,  F. Zeller,  Igor Ying Zhang,  
 Xing Zhang,  Yu Zhang,  D. Zuev,  A. Aspuru-Guzik,  A. T. Bell,  
 N. A. Besley,  K. B. Bravaya,  B. R. Brooks,  D. Casanova,  Jeng-Da Chai,  
 Hsing-Ta Chen,  S. Coriani,  C. J. Cramer,  A. E. DePrince, III,  
 R. A. DiStasio Jr.,  A. Dreuw,  B. D. Dunietz,  T. R. Furlani,  
 W. A. Goddard III,  S. Grimme,  S. Hammes-Schiffer,  T. Head-Gordon,  
 W. J. Hehre,  Chao-Ping Hsu,  T.-C. Jagau,  Yousung Jung,  A. Klamt,  
 Jing Kong,  D. S. Lambrecht,  Xiangyuan Li,  WanZhen Liang,  N. J. Mayhall,  
 C. W. McCurdy,  J. B. Neaton,  T. Neudecker,  C. Ochsenfeld,  
 J. A. Parkhill,  R. Peverati,  V. A. Rassolov,  Haisheng Ren,  Yihan Shao,  
 L. V. Slipchenko,  R. P. Steele,  J. E. Subotnik,  A. J. W. Thom,  
 A. Tkatchenko,  D. G. Truhlar,  T. Van Voorhis,  Fan Wang,  
 T. A. Wesolowski,  K. B. Whaley,  H. L. Woodcock III,  P. M. Zimmerman,  
 S. Faraji,  P. M. W. Gill,  M. Head-Gordon,  J. M. Herbert,  A. I. Krylov

 Contributors to earlier versions of Q-Chem not listed above: 
 R. D. Adamson,  B. Austin,  R. Baer,  J. Baker,  G. J. O. Beran,  
 K. Brandhorst,  S. T. Brown,  E. F. C. Byrd,  Arup K. Chakraborty,  
 G. K. L. Chan,  Chun-Min Chang,  Yunqing Chen,  C.-L. Cheng,  
 Siu Hung Chien,  D. M. Chipman,  D. L. Crittenden,  H. Dachsel,  
 R. J. Doerksen,  A. D. Dutoi,  R. G. Edgar,  J. Fosso-Tande,  
 L. Fusti-Molnar,  D. Ghosh,  A. Ghysels,  A. Golubeva-Zadorozhnaya,  
 J. Gonthier,  M. S. Gordon,  S. R. Gwaltney,  G. Hawkins,  J. E. Herr,  
 A. Heyden,  S. Hirata,  E. G. Hohenstein,  G. Kedziora,  F. J. Keil,  
 C. Kelley,  Jihan Kim,  R. A. King,  R. Z. Khaliullin,  P. P. Korambath,  
 W. Kurlancheek,  A. Laurent,  A. M. Lee,  M. S. Lee,  S. V. Levchenko,  
 Ching Yeh Lin,  D. Liotard,  E. Livshits,  R. C. Lochan,  I. Lotan,  
 L. A. Martinez-Martinez,  P. E. Maslen,  N. Nair,  D. P. O'Neill,  
 D. Neuhauser,  E. Neuscamman,  C. M. Oana,  R. Olivares-Amaya,  R. Olson,  
 T. M. Perrine,  B. Peters,  P. A. Pieniazek,  A. Prociuk,  Y. M. Rhee,  
 J. Ritchie,  M. A. Rohrdanz,  E. Rosta,  N. J. Russ,  H. F. Schaefer III,  
 M. W. Schmidt,  N. E. Schultz,  S. Sharma,  N. Shenvi,  C. D. Sherrill,  
 A. C. Simmonett,  A. Sodt,  T. Stein,  D. Stuck,  K. S. Thanthiriwatte,  
 V. Vanovschi,  L. Vogt,  Tao Wang,  A. Warshel,  M. A. Watson,  
 C. F. Williams,  Q. Wu,  X. Xu,  Jun Yang,  W. Zhang,  Yan Zhao

   Please cite Q-Chem as follows:
  "Software for the frontiers of quantum chemistry:
   An overview of developments in the Q-Chem 5 package"
   J. Chem. Phys. 155, 084801 (2021)
   https://doi.org/10.1063/5.0055522 (open access)

 Q-Chem 6.0.2 for Intel X86 EM64T Linux

 Parts of Q-Chem use Armadillo 9.900.5 (Nocturnal Misbehaviour).
 http://arma.sourceforge.net/

 Q-Chem begins on Thu Aug  1 13:40:25 2024  

 Host: 
0

     Scratch files written to /expanse/lustre/scratch/whughes/temp_project/job_32695323/FRAG2-I1_rdkit_conf_50_wb97xd-B97mV-32695323//
 Dec722 |scratch|qcdevops|jenkins|workspace|build_RNUM    
 Processing $rem in /cm/shared/apps/spack/0.17.3/cpu/b/opt/spack/linux-rocky8-zen2/gcc-10.2.0/qchem-6.0-rytxnwjazd34ekd2gqyi5ufsaimxsd3r/config/preferences:
 Processing $rem in /home/whughes/.qchemrc:

 Checking the input file for inconsistencies... 	...done.

--------------------------------------------------------------
User input:
--------------------------------------------------------------
$molecule
0 3
N    1.0936517708    -2.8995261114   2.0173662571
N    1.1839280471    -1.8540441192   1.5166810404
C    0.0099705258    -0.9468949151   1.3345279887
N    0.5013946822    0.3801512513    0.9815677972
N    1.4806315521    0.6427909462    0.1393941014
C    1.8110221515    -0.3541593188   -0.7730981703
O    3.0899694525    -0.2329568986   -1.0922532136
C    3.6058475615    -1.1858979752   -2.0361881385
C    3.9413348442    -2.4993810468   -1.3650661067
O    1.0379247453    -1.1435809138   -1.2641554309
C    -0.0900435614   1.4612471528    1.6730216687
O    0.3571809114    2.6176257787    1.241977675
C    -0.2139467345   3.7900846462    1.8523684022
C    -1.5276883204   4.1591164231    1.2023119917
O    -0.9027003054   1.2795153894    2.5416336869
C    -1.02054104     -1.5311800663   0.3579110001
O    -1.7029553338   -0.5519233269   -0.2147604738
C    -2.7314796565   -0.9382270906   -1.143747688
C    -4.0299839282   -1.2430748682   -0.4319485115
O    -1.2155977634   -2.70225841     0.2388726778
H    -0.489956876    -0.8382427134   2.2959050863
H    2.8778381873    -1.3228088583   -2.8356203185
H    4.4952546415    -0.705004974    -2.4392693242
H    4.3894941105    -3.1759607341   -2.0945176063
H    3.0444364781    -2.9713384985   -0.96520376
H    4.6528349358    -2.3463927816   -0.5532126602
H    -0.3325362887   3.61116654      2.9205057474
H    0.5399675859    4.5588626303    1.6963749442
H    -1.3984653922   4.3082231058    0.1300757009
H    -2.2735445082   3.3822045555    1.3680208327
H    -1.898596411    5.0882745276    1.637654626
H    -2.829101669    -0.0800062654   -1.8059377698
H    -2.3761350266   -1.7944562895   -1.7160076656
H    -4.353283446    -0.3897164346   0.1651918879
H    -4.8050309645   -1.4613486164   -1.1683834269
H    -3.9208949576   -2.1110817201   0.2173071522
$end

$rem
METHOD      B97M-V
BASIS       def2-QZVPP
SYM_IGNORE   TRUE
DFT_D       false
MAX_SCF_CYCLES 300
$end

$end
--------------------------------------------------------------
 ----------------------------------------------------------------
             Standard Nuclear Orientation (Angstroms)
    I     Atom           X                Y                Z
 ----------------------------------------------------------------
    1      N       1.0936517708    -2.8995261114     2.0173662571
    2      N       1.1839280471    -1.8540441192     1.5166810404
    3      C       0.0099705258    -0.9468949151     1.3345279887
    4      N       0.5013946822     0.3801512513     0.9815677972
    5      N       1.4806315521     0.6427909462     0.1393941014
    6      C       1.8110221515    -0.3541593188    -0.7730981703
    7      O       3.0899694525    -0.2329568986    -1.0922532136
    8      C       3.6058475615    -1.1858979752    -2.0361881385
    9      C       3.9413348442    -2.4993810468    -1.3650661067
   10      O       1.0379247453    -1.1435809138    -1.2641554309
   11      C      -0.0900435614     1.4612471528     1.6730216687
   12      O       0.3571809114     2.6176257787     1.2419776750
   13      C      -0.2139467345     3.7900846462     1.8523684022
   14      C      -1.5276883204     4.1591164231     1.2023119917
   15      O      -0.9027003054     1.2795153894     2.5416336869
   16      C      -1.0205410400    -1.5311800663     0.3579110001
   17      O      -1.7029553338    -0.5519233269    -0.2147604738
   18      C      -2.7314796565    -0.9382270906    -1.1437476880
   19      C      -4.0299839282    -1.2430748682    -0.4319485115
   20      O      -1.2155977634    -2.7022584100     0.2388726778
   21      H      -0.4899568760    -0.8382427134     2.2959050863
   22      H       2.8778381873    -1.3228088583    -2.8356203185
   23      H       4.4952546415    -0.7050049740    -2.4392693242
   24      H       4.3894941105    -3.1759607341    -2.0945176063
   25      H       3.0444364781    -2.9713384985    -0.9652037600
   26      H       4.6528349358    -2.3463927816    -0.5532126602
   27      H      -0.3325362887     3.6111665400     2.9205057474
   28      H       0.5399675859     4.5588626303     1.6963749442
   29      H      -1.3984653922     4.3082231058     0.1300757009
   30      H      -2.2735445082     3.3822045555     1.3680208327
   31      H      -1.8985964110     5.0882745276     1.6376546260
   32      H      -2.8291016690    -0.0800062654    -1.8059377698
   33      H      -2.3761350266    -1.7944562895    -1.7160076656
   34      H      -4.3532834460    -0.3897164346     0.1651918879
   35      H      -4.8050309645    -1.4613486164    -1.1683834269
   36      H      -3.9208949576    -2.1110817201     0.2173071522
 ----------------------------------------------------------------
 Nuclear Repulsion Energy =        1724.81536849 hartrees
 There are       77 alpha and       75 beta electrons
 Requested basis set is def2-QZVPP
 There are 500 shells and 1620 basis functions

 Total QAlloc Memory Limit   8000 MB
 Mega-Array Size       188 MB
 MEM_STATIC part       192 MB

 A cutoff of  1.0D-09 yielded  60477 shell pairs
 There are    581393 function pairs (    855049 Cartesian)
 Smallest overlap matrix eigenvalue = 1.65E-05

 Q-Chem warning in module stvman/mkSTV.C, line 305:

 Overlap eigenvalue is smaller than square root of threshold
 Use THRESH >= 12 to get rid of this warning


 Scale SEOQF with 1.000000e-01/1.000000e-01/1.000000e-01

 Standard Electronic Orientation quadrupole field applied
 Nucleus-field energy     =     0.0000000383 hartrees
 Guess from superposition of atomic densities
 Warning:  Energy on first SCF cycle will be non-variational
 SAD guess density has 152.000000 electrons

 -----------------------------------------------------------------------
  General SCF calculation program by
  Eric Jon Sundstrom, Paul Horn, Yuezhi Mao, Dmitri Zuev, Alec White,
  David Stuck, Shaama M.S., Shane Yost, Joonho Lee, David Small,
  Daniel Levine, Susi Lehtola, Hugh Burton, Evgeny Epifanovsky,
  Bang C. Huynh
 -----------------------------------------------------------------------
 Exchange:  B97M-V      Correlation:  B97M-V
 Using SG-2 standard quadrature grid
 Nonlocal Correlation:  VV10 with C = 0.0100 and b = 6.00 and scale = 1.00000
 Grid used for NLC:  SG-1 standard quadrature
 using 32 threads for integral computing
 -------------------------------------------------------
 OpenMP Integral computing Module                
 Release: version 1.0, May 2013, Q-Chem Inc. Pittsburgh 
 -------------------------------------------------------
 A unrestricted SCF calculation will be
 performed using DIIS
 SCF converges when DIIS error is below 1.0e-05
 ---------------------------------------
  Cycle       Energy         DIIS error
 ---------------------------------------
    1   -1064.8290253443      4.81e-03  
    2   -1060.8261968685      6.49e-04  
    3   -1059.2041148394      1.37e-03  
    4   -1061.0752255147      3.98e-04  
    5   -1061.2576754304      1.02e-04  
    6   -1061.2633885618      7.35e-05  
    7   -1061.2686607441      2.20e-05  
    8   -1061.2690689764      1.20e-05  
    9   -1061.2691986460      6.00e-06  Convergence criterion met
 ---------------------------------------
 SCF time:   CPU 11635.75s  wall 377.00s 
<S^2> =          2.009380574
 SCF   energy in the final basis set =    -1061.2691986460
 Total energy in the final basis set =    -1061.2691986460
 
 --------------------------------------------------------------
 
                    Orbital Energies (a.u.)
 --------------------------------------------------------------
 
 Alpha MOs
 -- Occupied --
-19.2169 -19.2085 -19.2036 -19.1564 -19.1479 -19.1459 -14.4551 -14.4207
-14.4008 -14.3957 -10.3527 -10.3329 -10.3236 -10.2956 -10.2536 -10.2450
-10.2415 -10.1866 -10.1803 -10.1747  -1.1422  -1.1216  -1.1170  -1.0767
 -1.0519  -1.0423  -1.0324  -1.0226  -0.8554  -0.7947  -0.7655  -0.7574
 -0.7427  -0.6632  -0.6589  -0.6486  -0.6009  -0.5801  -0.5736  -0.5422
 -0.5341  -0.5239  -0.5145  -0.4825  -0.4743  -0.4722  -0.4632  -0.4575
 -0.4543  -0.4449  -0.4418  -0.4370  -0.4264  -0.4146  -0.3997  -0.3931
 -0.3922  -0.3879  -0.3823  -0.3735  -0.3680  -0.3666  -0.3590  -0.3549
 -0.3514  -0.3381  -0.3293  -0.3269  -0.3157  -0.3044  -0.2947  -0.2896
 -0.2877  -0.2732  -0.2590  -0.2120  -0.1756
 -- Virtual --
 -0.0771  -0.0267  -0.0124  -0.0006   0.0088   0.0159   0.0175   0.0292
  0.0349   0.0375   0.0426   0.0473   0.0522   0.0579   0.0630   0.0669
  0.0691   0.0719   0.0741   0.0779   0.0816   0.0844   0.0972   0.1024
  0.1033   0.1105   0.1156   0.1189   0.1214   0.1245   0.1354   0.1378
  0.1397   0.1459   0.1483   0.1524   0.1582   0.1625   0.1671   0.1726
  0.1773   0.1857   0.1952   0.1988   0.2049   0.2088   0.2110   0.2194
  0.2202   0.2278   0.2318   0.2383   0.2446   0.2467   0.2513   0.2534
  0.2624   0.2672   0.2675   0.2721   0.2748   0.2793   0.2836   0.2849
  0.2891   0.2911   0.2931   0.2946   0.2977   0.3012   0.3025   0.3033
  0.3086   0.3106   0.3144   0.3184   0.3188   0.3235   0.3253   0.3290
  0.3336   0.3420   0.3491   0.3500   0.3529   0.3542   0.3703   0.3791
  0.3812   0.3855   0.3877   0.3941   0.4041   0.4083   0.4151   0.4211
  0.4236   0.4299   0.4328   0.4405   0.4444   0.4497   0.4594   0.4606
  0.4643   0.4737   0.4859   0.4887   0.4946   0.5010   0.5055   0.5110
  0.5155   0.5198   0.5215   0.5240   0.5299   0.5342   0.5366   0.5496
  0.5555   0.5579   0.5625   0.5661   0.5722   0.5798   0.5830   0.5862
  0.5941   0.5985   0.6021   0.6068   0.6133   0.6202   0.6247   0.6270
  0.6296   0.6321   0.6403   0.6491   0.6531   0.6593   0.6642   0.6725
  0.6770   0.6829   0.6884   0.7007   0.7047   0.7080   0.7155   0.7214
  0.7229   0.7308   0.7352   0.7443   0.7452   0.7517   0.7559   0.7628
  0.7688   0.7750   0.7780   0.7850   0.7893   0.7943   0.7971   0.8022
  0.8037   0.8046   0.8080   0.8116   0.8123   0.8179   0.8230   0.8266
  0.8288   0.8380   0.8392   0.8408   0.8484   0.8557   0.8595   0.8608
  0.8642   0.8681   0.8710   0.8792   0.8866   0.8894   0.9001   0.9067
  0.9114   0.9151   0.9180   0.9278   0.9317   0.9393   0.9441   0.9485
  0.9536   0.9584   0.9628   0.9680   0.9776   0.9790   0.9879   0.9883
  0.9933   0.9964   0.9993   1.0070   1.0177   1.0234   1.0280   1.0341
  1.0355   1.0380   1.0458   1.0499   1.0560   1.0594   1.0647   1.0686
  1.0777   1.0854   1.0886   1.0931   1.0998   1.1092   1.1136   1.1144
  1.1238   1.1266   1.1375   1.1411   1.1453   1.1471   1.1534   1.1563
  1.1599   1.1640   1.1751   1.1759   1.1853   1.1903   1.1964   1.2044
  1.2106   1.2142   1.2179   1.2312   1.2316   1.2386   1.2525   1.2581
  1.2678   1.2727   1.2753   1.2851   1.2868   1.2954   1.3001   1.3040
  1.3066   1.3127   1.3212   1.3228   1.3287   1.3405   1.3455   1.3492
  1.3529   1.3631   1.3634   1.3763   1.3831   1.3875   1.3993   1.4035
  1.4131   1.4185   1.4301   1.4368   1.4419   1.4486   1.4545   1.4558
  1.4630   1.4663   1.4736   1.4836   1.4870   1.4947   1.5052   1.5118
  1.5134   1.5248   1.5270   1.5336   1.5383   1.5441   1.5520   1.5570
  1.5600   1.5668   1.5726   1.5833   1.5939   1.6030   1.6057   1.6117
  1.6226   1.6269   1.6365   1.6499   1.6551   1.6621   1.6650   1.6814
  1.6859   1.6881   1.6956   1.7078   1.7172   1.7218   1.7336   1.7382
  1.7439   1.7558   1.7682   1.7720   1.7794   1.7828   1.7867   1.7990
  1.8008   1.8154   1.8252   1.8298   1.8374   1.8496   1.8530   1.8547
  1.8632   1.8649   1.8704   1.8736   1.8803   1.8884   1.8941   1.9007
  1.9107   1.9149   1.9225   1.9258   1.9360   1.9419   1.9451   1.9471
  1.9601   1.9720   1.9765   1.9799   1.9829   1.9932   1.9963   1.9976
  2.0069   2.0144   2.0164   2.0204   2.0249   2.0353   2.0374   2.0436
  2.0463   2.0518   2.0573   2.0604   2.0614   2.0698   2.0751   2.0833
  2.0854   2.0978   2.0991   2.1055   2.1097   2.1197   2.1260   2.1305
  2.1342   2.1428   2.1455   2.1501   2.1524   2.1622   2.1682   2.1728
  2.1740   2.1766   2.1844   2.1913   2.1956   2.1957   2.2016   2.2083
  2.2114   2.2210   2.2248   2.2276   2.2335   2.2434   2.2462   2.2508
  2.2539   2.2669   2.2741   2.2786   2.2848   2.2913   2.2968   2.2976
  2.3055   2.3173   2.3237   2.3264   2.3332   2.3385   2.3440   2.3533
  2.3607   2.3637   2.3716   2.3812   2.3923   2.3987   2.4015   2.4077
  2.4123   2.4232   2.4289   2.4335   2.4442   2.4490   2.4578   2.4593
  2.4652   2.4764   2.4776   2.4942   2.4975   2.5020   2.5150   2.5168
  2.5201   2.5274   2.5347   2.5360   2.5448   2.5577   2.5616   2.5703
  2.5833   2.5879   2.5883   2.6024   2.6059   2.6086   2.6236   2.6290
  2.6361   2.6469   2.6510   2.6559   2.6655   2.6693   2.6755   2.6791
  2.6871   2.6923   2.7010   2.7023   2.7122   2.7138   2.7191   2.7217
  2.7312   2.7353   2.7448   2.7529   2.7581   2.7640   2.7726   2.7812
  2.7906   2.7918   2.7975   2.8082   2.8105   2.8207   2.8285   2.8334
  2.8428   2.8442   2.8457   2.8557   2.8588   2.8674   2.8723   2.8788
  2.8827   2.8939   2.8945   2.9077   2.9151   2.9227   2.9284   2.9321
  2.9364   2.9394   2.9420   2.9469   2.9519   2.9529   2.9621   2.9659
  2.9713   2.9779   2.9806   2.9923   2.9990   3.0063   3.0113   3.0134
  3.0198   3.0240   3.0313   3.0336   3.0405   3.0459   3.0486   3.0551
  3.0568   3.0602   3.0721   3.0744   3.0866   3.0972   3.1058   3.1198
  3.1221   3.1299   3.1358   3.1433   3.1468   3.1561   3.1588   3.1690
  3.1772   3.1833   3.1897   3.1910   3.1946   3.2030   3.2141   3.2201
  3.2267   3.2338   3.2402   3.2460   3.2504   3.2525   3.2674   3.2695
  3.2789   3.2858   3.2927   3.2972   3.3073   3.3120   3.3192   3.3288
  3.3429   3.3470   3.3526   3.3608   3.3686   3.3761   3.3858   3.3996
  3.4121   3.4133   3.4200   3.4275   3.4377   3.4430   3.4483   3.4521
  3.4669   3.4785   3.4814   3.4848   3.4971   3.5005   3.5075   3.5135
  3.5207   3.5237   3.5343   3.5436   3.5527   3.5660   3.5699   3.5790
  3.5926   3.6018   3.6110   3.6142   3.6202   3.6290   3.6317   3.6425
  3.6603   3.6631   3.6673   3.6785   3.6873   3.7043   3.7110   3.7200
  3.7278   3.7338   3.7386   3.7450   3.7541   3.7564   3.7646   3.7707
  3.7795   3.8009   3.8068   3.8184   3.8251   3.8325   3.8403   3.8434
  3.8482   3.8553   3.8629   3.8647   3.8763   3.8870   3.8897   3.9041
  3.9165   3.9260   3.9353   3.9396   3.9413   3.9612   3.9630   3.9681
  3.9748   3.9845   3.9958   4.0158   4.0193   4.0200   4.0364   4.0396
  4.0446   4.0478   4.0508   4.0594   4.0610   4.0631   4.0706   4.0749
  4.0765   4.0860   4.0900   4.0944   4.0948   4.1138   4.1239   4.1327
  4.1344   4.1413   4.1500   4.1618   4.1688   4.1895   4.1954   4.2102
  4.2196   4.2278   4.2341   4.2430   4.2439   4.2580   4.2676   4.2759
  4.2842   4.2965   4.3097   4.3167   4.3362   4.3425   4.3597   4.3742
  4.3902   4.3924   4.4098   4.4324   4.4410   4.4422   4.4543   4.4668
  4.4724   4.4857   4.4924   4.5060   4.5129   4.5332   4.5394   4.5562
  4.5645   4.5816   4.5832   4.5938   4.6043   4.6173   4.6205   4.6335
  4.6470   4.6495   4.6780   4.6814   4.7011   4.7109   4.7139   4.7369
  4.7400   4.7643   4.7680   4.7907   4.7966   4.8167   4.8250   4.8304
  4.8488   4.8578   4.8658   4.8742   4.8791   4.8996   4.9041   4.9354
  4.9430   4.9602   5.0049   5.0109   5.0386   5.0459   5.0538   5.0751
  5.1069   5.1302   5.1523   5.1665   5.2002   5.2187   5.2244   5.2363
  5.2483   5.2708   5.2881   5.3022   5.3105   5.3266   5.3407   5.3595
  5.3666   5.3840   5.4097   5.4171   5.4212   5.4224   5.4297   5.4359
  5.4383   5.4462   5.4535   5.4664   5.4714   5.4820   5.4879   5.4962
  5.5194   5.5462   5.5572   5.5623   5.5741   5.5864   5.5925   5.6023
  5.6152   5.6273   5.6396   5.6487   5.6592   5.6730   5.6793   5.6997
  5.7167   5.7200   5.7399   5.7489   5.7572   5.7717   5.7874   5.7956
  5.8041   5.8123   5.8181   5.8278   5.8342   5.8362   5.8454   5.8635
  5.8660   5.8816   5.8990   5.9070   5.9157   5.9241   5.9648   5.9667
  5.9734   5.9786   5.9932   6.0041   6.0162   6.0198   6.0366   6.0488
  6.0631   6.0672   6.0724   6.0785   6.0889   6.0951   6.1028   6.1089
  6.1153   6.1207   6.1250   6.1310   6.1416   6.1426   6.1496   6.1569
  6.1617   6.1746   6.1781   6.1806   6.1858   6.1936   6.1978   6.2027
  6.2045   6.2125   6.2182   6.2326   6.2398   6.2485   6.2543   6.2629
  6.2717   6.2839   6.2934   6.2973   6.3056   6.3144   6.3212   6.3317
  6.3367   6.3491   6.3526   6.3659   6.3703   6.3777   6.3923   6.3940
  6.3962   6.4100   6.4158   6.4261   6.4342   6.4385   6.4419   6.4530
  6.4624   6.4709   6.4740   6.4771   6.4800   6.4842   6.4954   6.4965
  6.5033   6.5112   6.5196   6.5303   6.5378   6.5387   6.5432   6.5456
  6.5587   6.5609   6.5730   6.5816   6.5903   6.5943   6.6061   6.6142
  6.6176   6.6227   6.6266   6.6326   6.6369   6.6429   6.6518   6.6552
  6.6603   6.6644   6.6691   6.6826   6.6873   6.6894   6.7092   6.7191
  6.7293   6.7327   6.7391   6.7498   6.7534   6.7660   6.7736   6.7806
  6.7844   6.7907   6.7983   6.8009   6.8136   6.8205   6.8276   6.8335
  6.8390   6.8419   6.8503   6.8575   6.8811   6.8870   6.9014   6.9127
  6.9251   6.9329   6.9416   6.9431   6.9510   6.9545   6.9560   6.9644
  6.9723   6.9863   6.9933   6.9978   7.0040   7.0074   7.0139   7.0220
  7.0318   7.0341   7.0426   7.0481   7.0529   7.0703   7.0749   7.0938
  7.0966   7.1022   7.1185   7.1208   7.1284   7.1325   7.1478   7.1526
  7.1596   7.1761   7.1913   7.1956   7.2023   7.2095   7.2106   7.2268
  7.2395   7.2534   7.2587   7.2663   7.2772   7.2855   7.2983   7.3193
  7.3250   7.3386   7.3412   7.3594   7.3674   7.3748   7.3939   7.4025
  7.4096   7.4170   7.4252   7.4391   7.4554   7.4576   7.4643   7.4765
  7.4916   7.5038   7.5129   7.5245   7.5353   7.5534   7.5727   7.5824
  7.5917   7.6195   7.6325   7.6410   7.6583   7.6666   7.6698   7.6803
  7.6871   7.6952   7.7117   7.7259   7.7329   7.7415   7.7580   7.7659
  7.7767   7.7776   7.7862   7.7886   7.7953   7.7959   7.7999   7.8014
  7.8086   7.8290   7.8322   7.8604   7.8715   7.8746   7.8989   7.9077
  7.9097   7.9133   7.9186   7.9442   7.9466   7.9570   7.9646   7.9725
  7.9831   7.9869   7.9986   8.0197   8.0289   8.0462   8.0523   8.0604
  8.0704   8.0718   8.0807   8.0878   8.0942   8.0980   8.0992   8.1102
  8.1156   8.1191   8.1218   8.1400   8.1475   8.1578   8.1586   8.1801
  8.1842   8.1898   8.2033   8.2134   8.2299   8.2465   8.2620   8.2639
  8.2711   8.2732   8.2796   8.2829   8.2949   8.2990   8.3077   8.3244
  8.3323   8.3377   8.3503   8.3579   8.3624   8.3656   8.3709   8.3865
  8.3946   8.3981   8.4001   8.4306   8.4448   8.4474   8.4500   8.4630
  8.4738   8.4755   8.4860   8.4918   8.5018   8.5115   8.5263   8.5523
  8.5614   8.5738   8.5833   8.5877   8.5911   8.6025   8.6128   8.6208
  8.6553   8.6734   8.6830   8.6888   8.6933   8.7072   8.7150   8.7208
  8.7264   8.7373   8.7529   8.7627   8.7647   8.7733   8.7910   8.8721
  8.8898   8.8935   8.9001   8.9029   8.9070   8.9156   8.9275   8.9326
  8.9349   8.9482   8.9522   8.9559   8.9581   8.9638   8.9684   8.9718
  8.9749   8.9805   8.9842   8.9908   8.9957   9.0022   9.0091   9.0189
  9.0226   9.0256   9.0339   9.0381   9.0404   9.0435   9.0498   9.0554
  9.0667   9.0750   9.0811   9.0850   9.0880   9.0916   9.1059   9.1118
  9.1210   9.1352   9.1536   9.1740   9.1770   9.1944   9.2086   9.2155
  9.2207   9.2239   9.2303   9.2325   9.2370   9.2488   9.2576   9.2608
  9.2717   9.2883   9.2944   9.2948   9.3176   9.3208   9.3289   9.3342
  9.3402   9.3487   9.3576   9.3642   9.3721   9.3815   9.3833   9.3856
  9.3946   9.4038   9.4074   9.4233   9.4313   9.4339   9.4435   9.4469
  9.4546   9.4576   9.4599   9.4726   9.4760   9.4790   9.4845   9.4986
  9.5023   9.5128   9.5155   9.5221   9.5235   9.5313   9.5347   9.5398
  9.5469   9.5585   9.5721   9.5920   9.6259   9.6352   9.6468   9.6489
  9.6589   9.6619   9.6684   9.6813   9.6869   9.6968   9.7024   9.7179
  9.7230   9.7514   9.7616   9.7704   9.7763   9.7772   9.7877   9.7901
  9.8012   9.8095   9.8239   9.8267   9.8419   9.8628   9.8960   9.9663
  9.9673   9.9829   9.9910   9.9983  10.0007  10.0047  10.0158  10.0208
 10.0303  10.0332  10.0407  10.0582  10.0627  10.0708  10.0833  10.1184
 10.1379  10.1585  10.1626  10.1706  10.1852  10.1974  10.2147  10.2238
 10.2289  10.2311  10.2422  10.2768  10.3033  10.3093  10.3290  10.3365
 10.3488  10.3750  10.3902  10.4015  10.4028  10.4065  10.4141  10.4172
 10.4300  10.4435  10.4446  10.4475  10.4551  10.4650  10.4717  10.4776
 10.4893  10.5080  10.5181  10.5301  10.5496  10.5536  10.5888  10.6003
 10.6244  10.6402  10.6620  10.6664  10.6815  10.6952  10.7159  10.7248
 10.7315  10.7390  10.7558  10.7821  10.8177  10.8534  10.8641  10.8775
 10.8832  10.8912  10.8941  10.9049  10.9232  10.9281  10.9335  10.9393
 10.9758  10.9843  10.9969  11.0256  11.0288  11.0340  11.0481  11.0554
 11.0905  11.1099  11.1275  11.1654  11.2345  11.2599  11.2719  11.3531
 11.3855  11.4606  11.4820  11.5158  11.5405  11.5507  11.5623  11.5679
 11.6013  11.6160  11.6344  11.6861  11.6971  11.7865  11.8280  11.8668
 11.8988  11.9260  11.9462  11.9618  11.9655  11.9855  11.9991  12.0052
 12.0138  12.0324  12.1707  12.1806  12.1832  12.1974  12.2138  12.2477
 12.2826  12.3083  12.3193  12.3421  12.3509  12.3524  12.3759  12.3961
 12.3996  12.4263  12.4414  12.4462  12.4627  12.4758  12.4787  12.5248
 12.5388  12.5481  12.5677  12.5976  12.6105  12.6335  12.6562  12.6777
 12.6837  12.7039  12.7144  12.7444  12.7502  12.7727  12.8059  12.8103
 12.8210  12.8434  12.8592  12.8756  12.8907  12.9101  12.9288  12.9818
 13.0828  13.0950  13.1018  13.1984  13.2283  13.2445  13.2662  13.2816
 13.2924  13.3095  13.3290  13.3418  13.3567  13.4363  13.6136  13.6204
 13.6238  13.6966  13.7058  13.7919  13.9507  13.9519  13.9630  14.2177
 14.2316  14.2969  14.3618  14.3756  14.4305  14.7409  14.7629  14.8015
 15.0355  15.0705  15.1881  15.2031  15.2375  15.2416  15.2828  29.0726
 29.0781  29.2215  29.5521  29.6263  29.6361  29.6427  29.8533  29.8590
 29.8615  37.9866  38.3927  38.7772  39.0144  49.1745  49.1950  49.2093
 49.3504  49.3682  49.4296 150.9396 150.9415 151.1169 151.5035 151.5634
151.5735 151.5817 151.7863 151.7931 151.7962 200.7370 201.1829 201.6062
201.7774 258.3274 258.3491 258.3660 258.5256 258.5467 258.6119
 
 Beta MOs
 -- Occupied --
-19.2168 -19.2082 -19.2028 -19.1544 -19.1474 -19.1430 -14.4493 -14.4171
-14.3839 -14.3823 -10.3526 -10.3331 -10.3234 -10.2915 -10.2536 -10.2450
-10.2415 -10.1866 -10.1804 -10.1746  -1.1392  -1.1192  -1.1156  -1.0621
 -1.0458  -1.0355  -1.0308  -1.0143  -0.8365  -0.7883  -0.7649  -0.7553
 -0.7359  -0.6609  -0.6550  -0.6441  -0.5915  -0.5745  -0.5685  -0.5385
 -0.5316  -0.5212  -0.5065  -0.4763  -0.4695  -0.4690  -0.4611  -0.4477
 -0.4464  -0.4421  -0.4364  -0.4341  -0.4103  -0.4042  -0.3927  -0.3889
 -0.3880  -0.3792  -0.3733  -0.3670  -0.3664  -0.3566  -0.3552  -0.3505
 -0.3380  -0.3347  -0.3265  -0.3244  -0.3081  -0.3004  -0.2927  -0.2860
 -0.2832  -0.2670  -0.2512
 -- Virtual --
 -0.1518  -0.0968  -0.0620  -0.0236  -0.0052   0.0013   0.0151   0.0183
  0.0230   0.0311   0.0380   0.0397   0.0438   0.0495   0.0530   0.0596
  0.0642   0.0691   0.0713   0.0730   0.0745   0.0795   0.0823   0.0860
  0.0985   0.1036   0.1051   0.1126   0.1185   0.1193   0.1237   0.1266
  0.1377   0.1392   0.1412   0.1469   0.1506   0.1584   0.1621   0.1650
  0.1709   0.1776   0.1808   0.1899   0.1981   0.2034   0.2093   0.2136
  0.2144   0.2216   0.2231   0.2321   0.2371   0.2406   0.2468   0.2518
  0.2542   0.2568   0.2652   0.2690   0.2701   0.2747   0.2782   0.2805
  0.2849   0.2866   0.2920   0.2931   0.2948   0.2978   0.2999   0.3025
  0.3032   0.3047   0.3100   0.3128   0.3163   0.3196   0.3202   0.3257
  0.3287   0.3314   0.3380   0.3471   0.3522   0.3523   0.3563   0.3589
  0.3722   0.3813   0.3850   0.3894   0.3922   0.3972   0.4100   0.4122
  0.4181   0.4239   0.4255   0.4326   0.4372   0.4435   0.4486   0.4529
  0.4625   0.4646   0.4668   0.4795   0.4891   0.4910   0.4970   0.5048
  0.5083   0.5140   0.5173   0.5223   0.5253   0.5263   0.5322   0.5365
  0.5392   0.5523   0.5571   0.5619   0.5654   0.5684   0.5740   0.5821
  0.5853   0.5883   0.5955   0.6010   0.6056   0.6109   0.6167   0.6223
  0.6276   0.6294   0.6327   0.6357   0.6422   0.6511   0.6584   0.6624
  0.6709   0.6765   0.6813   0.6883   0.6926   0.7024   0.7089   0.7108
  0.7179   0.7231   0.7282   0.7338   0.7381   0.7476   0.7481   0.7561
  0.7597   0.7671   0.7710   0.7773   0.7805   0.7880   0.7910   0.7974
  0.7991   0.8037   0.8050   0.8069   0.8097   0.8138   0.8143   0.8197
  0.8247   0.8282   0.8310   0.8400   0.8410   0.8427   0.8501   0.8577
  0.8621   0.8629   0.8667   0.8709   0.8739   0.8817   0.8890   0.8912
  0.9022   0.9095   0.9142   0.9194   0.9210   0.9316   0.9349   0.9418
  0.9470   0.9522   0.9603   0.9617   0.9652   0.9712   0.9803   0.9822
  0.9911   0.9931   0.9966   0.9990   1.0028   1.0103   1.0208   1.0254
  1.0322   1.0375   1.0399   1.0422   1.0488   1.0532   1.0581   1.0628
  1.0676   1.0735   1.0816   1.0893   1.0929   1.0976   1.1052   1.1134
  1.1184   1.1223   1.1291   1.1318   1.1414   1.1432   1.1511   1.1550
  1.1601   1.1610   1.1640   1.1711   1.1796   1.1831   1.1893   1.1966
  1.2008   1.2110   1.2174   1.2215   1.2250   1.2352   1.2380   1.2422
  1.2561   1.2630   1.2728   1.2765   1.2813   1.2883   1.2901   1.2995
  1.3073   1.3078   1.3092   1.3171   1.3261   1.3268   1.3361   1.3444
  1.3488   1.3534   1.3578   1.3668   1.3705   1.3792   1.3887   1.3919
  1.4037   1.4094   1.4162   1.4236   1.4344   1.4420   1.4452   1.4529
  1.4581   1.4615   1.4667   1.4696   1.4752   1.4875   1.4912   1.4973
  1.5084   1.5155   1.5195   1.5302   1.5316   1.5401   1.5446   1.5477
  1.5563   1.5623   1.5670   1.5716   1.5772   1.5883   1.5990   1.6066
  1.6151   1.6177   1.6285   1.6340   1.6450   1.6559   1.6611   1.6700
  1.6721   1.6859   1.6924   1.6926   1.7035   1.7127   1.7235   1.7277
  1.7368   1.7420   1.7483   1.7592   1.7717   1.7761   1.7829   1.7886
  1.7909   1.8031   1.8054   1.8213   1.8301   1.8346   1.8406   1.8520
  1.8554   1.8585   1.8663   1.8694   1.8728   1.8777   1.8824   1.8916
  1.8972   1.9042   1.9138   1.9193   1.9265   1.9293   1.9391   1.9453
  1.9493   1.9512   1.9631   1.9748   1.9784   1.9822   1.9854   1.9954
  1.9994   2.0008   2.0099   2.0163   2.0181   2.0233   2.0277   2.0379
  2.0420   2.0476   2.0502   2.0545   2.0615   2.0637   2.0648   2.0728
  2.0782   2.0876   2.0883   2.1000   2.1025   2.1103   2.1119   2.1237
  2.1295   2.1326   2.1362   2.1443   2.1484   2.1537   2.1552   2.1642
  2.1713   2.1747   2.1773   2.1788   2.1883   2.1941   2.1981   2.1996
  2.2056   2.2108   2.2154   2.2237   2.2272   2.2303   2.2370   2.2479
  2.2497   2.2540   2.2574   2.2709   2.2780   2.2827   2.2887   2.2952
  2.3008   2.3026   2.3101   2.3213   2.3281   2.3315   2.3365   2.3433
  2.3476   2.3572   2.3639   2.3683   2.3745   2.3864   2.3980   2.4029
  2.4054   2.4129   2.4169   2.4279   2.4324   2.4386   2.4503   2.4552
  2.4625   2.4647   2.4701   2.4813   2.4816   2.4987   2.5052   2.5072
  2.5189   2.5213   2.5262   2.5323   2.5397   2.5401   2.5511   2.5630
  2.5657   2.5730   2.5879   2.5920   2.5936   2.6080   2.6131   2.6154
  2.6303   2.6353   2.6436   2.6517   2.6574   2.6630   2.6717   2.6739
  2.6839   2.6896   2.6908   2.6967   2.7058   2.7068   2.7156   2.7204
  2.7248   2.7282   2.7368   2.7441   2.7515   2.7578   2.7657   2.7689
  2.7804   2.7867   2.7966   2.7990   2.8053   2.8147   2.8198   2.8270
  2.8337   2.8369   2.8487   2.8516   2.8537   2.8634   2.8696   2.8741
  2.8756   2.8855   2.8872   2.8983   2.9006   2.9116   2.9214   2.9261
  2.9323   2.9347   2.9395   2.9456   2.9503   2.9560   2.9576   2.9585
  2.9680   2.9698   2.9818   2.9845   2.9870   2.9998   3.0052   3.0130
  3.0176   3.0192   3.0245   3.0337   3.0347   3.0381   3.0457   3.0517
  3.0567   3.0613   3.0659   3.0683   3.0788   3.0830   3.1032   3.1054
  3.1155   3.1260   3.1370   3.1422   3.1447   3.1511   3.1561   3.1647
  3.1680   3.1785   3.1867   3.1918   3.1936   3.1981   3.2025   3.2143
  3.2216   3.2291   3.2333   3.2394   3.2474   3.2544   3.2567   3.2580
  3.2745   3.2790   3.2865   3.2921   3.3030   3.3065   3.3138   3.3262
  3.3275   3.3377   3.3516   3.3553   3.3644   3.3724   3.3789   3.3905
  3.3973   3.4090   3.4186   3.4218   3.4308   3.4373   3.4478   3.4516
  3.4568   3.4630   3.4788   3.4869   3.4895   3.4898   3.5024   3.5079
  3.5147   3.5229   3.5303   3.5339   3.5465   3.5509   3.5624   3.5731
  3.5799   3.5855   3.6049   3.6077   3.6189   3.6232   3.6292   3.6360
  3.6411   3.6536   3.6667   3.6705   3.6763   3.6888   3.6957   3.7139
  3.7210   3.7265   3.7369   3.7416   3.7471   3.7545   3.7618   3.7652
  3.7711   3.7753   3.7911   3.8092   3.8148   3.8287   3.8325   3.8364
  3.8450   3.8496   3.8549   3.8628   3.8673   3.8799   3.8871   3.8957
  3.8986   3.9146   3.9249   3.9340   3.9435   3.9469   3.9539   3.9673
  3.9705   3.9758   3.9844   3.9984   4.0070   4.0218   4.0257   4.0309
  4.0440   4.0481   4.0509   4.0552   4.0578   4.0630   4.0639   4.0694
  4.0732   4.0836   4.0868   4.0918   4.0966   4.0997   4.1050   4.1224
  4.1316   4.1422   4.1441   4.1498   4.1623   4.1709   4.1777   4.1989
  4.2033   4.2181   4.2269   4.2327   4.2398   4.2507   4.2578   4.2730
  4.2810   4.2831   4.2962   4.3064   4.3179   4.3298   4.3483   4.3511
  4.3650   4.3798   4.3972   4.4063   4.4172   4.4402   4.4491   4.4609
  4.4644   4.4760   4.4819   4.4942   4.5005   4.5150   4.5224   4.5408
  4.5489   4.5634   4.5759   4.5852   4.5906   4.6005   4.6084   4.6245
  4.6288   4.6401   4.6530   4.6560   4.6842   4.6908   4.7078   4.7181
  4.7210   4.7444   4.7483   4.7717   4.7772   4.7987   4.8018   4.8240
  4.8313   4.8361   4.8526   4.8654   4.8731   4.8779   4.8846   4.9062
  4.9135   4.9471   4.9605   4.9706   5.0140   5.0211   5.0498   5.0575
  5.0642   5.0905   5.1171   5.1388   5.1646   5.1753   5.2123   5.2317
  5.2393   5.2453   5.2541   5.2775   5.2979   5.3090   5.3195   5.3332
  5.3472   5.3647   5.3735   5.3901   5.4132   5.4206   5.4249   5.4277
  5.4325   5.4378   5.4407   5.4541   5.4633   5.4709   5.4747   5.4864
  5.4958   5.5032   5.5292   5.5527   5.5598   5.5682   5.5807   5.5906
  5.6016   5.6071   5.6223   5.6377   5.6429   5.6538   5.6622   5.6793
  5.6845   5.7063   5.7210   5.7259   5.7457   5.7538   5.7651   5.7788
  5.7929   5.7980   5.8081   5.8157   5.8213   5.8332   5.8379   5.8420
  5.8496   5.8668   5.8709   5.8837   5.9017   5.9139   5.9205   5.9303
  5.9693   5.9730   5.9802   5.9821   5.9957   6.0067   6.0185   6.0228
  6.0416   6.0512   6.0688   6.0717   6.0758   6.0811   6.0927   6.0993
  6.1079   6.1119   6.1198   6.1247   6.1270   6.1352   6.1442   6.1478
  6.1531   6.1608   6.1662   6.1758   6.1818   6.1828   6.1869   6.1963
  6.2003   6.2079   6.2111   6.2180   6.2246   6.2358   6.2452   6.2522
  6.2584   6.2687   6.2772   6.2913   6.2986   6.3025   6.3088   6.3200
  6.3242   6.3366   6.3397   6.3527   6.3574   6.3706   6.3748   6.3834
  6.3951   6.3967   6.4006   6.4138   6.4219   6.4308   6.4366   6.4439
  6.4471   6.4588   6.4655   6.4728   6.4771   6.4801   6.4835   6.4892
  6.4975   6.4994   6.5066   6.5135   6.5236   6.5352   6.5404   6.5434
  6.5461   6.5480   6.5628   6.5650   6.5781   6.5881   6.5959   6.5982
  6.6086   6.6179   6.6233   6.6282   6.6316   6.6370   6.6438   6.6458
  6.6546   6.6573   6.6631   6.6673   6.6726   6.6878   6.6921   6.7009
  6.7168   6.7254   6.7307   6.7365   6.7438   6.7533   6.7599   6.7710
  6.7771   6.7865   6.7896   6.7970   6.8033   6.8046   6.8221   6.8305
  6.8341   6.8439   6.8470   6.8577   6.8618   6.8731   6.8933   6.8977
  6.9118   6.9242   6.9309   6.9412   6.9479   6.9513   6.9569   6.9576
  6.9650   6.9701   6.9777   6.9935   6.9986   7.0063   7.0074   7.0106
  7.0166   7.0249   7.0343   7.0379   7.0474   7.0507   7.0678   7.0806
  7.0834   7.1045   7.1110   7.1146   7.1285   7.1346   7.1464   7.1510
  7.1581   7.1794   7.1806   7.1911   7.2001   7.2024   7.2098   7.2215
  7.2230   7.2358   7.2516   7.2623   7.2744   7.2757   7.2898   7.2935
  7.3093   7.3307   7.3384   7.3420   7.3453   7.3667   7.3857   7.3982
  7.4088   7.4150   7.4199   7.4244   7.4343   7.4456   7.4599   7.4686
  7.4745   7.4872   7.5024   7.5238   7.5320   7.5403   7.5495   7.5576
  7.5917   7.5986   7.6134   7.6336   7.6462   7.6598   7.6630   7.6728
  7.6762   7.6898   7.6974   7.7030   7.7166   7.7356   7.7388   7.7481
  7.7697   7.7706   7.7792   7.7820   7.7895   7.7918   7.7964   7.8013
  7.8032   7.8082   7.8129   7.8389   7.8497   7.8655   7.8825   7.8967
  7.9088   7.9107   7.9252   7.9260   7.9357   7.9502   7.9566   7.9624
  7.9694   7.9776   7.9878   7.9966   8.0068   8.0289   8.0375   8.0486
  8.0543   8.0648   8.0747   8.0775   8.0849   8.0911   8.0990   8.1011
  8.1112   8.1176   8.1200   8.1234   8.1260   8.1451   8.1499   8.1611
  8.1648   8.1854   8.1913   8.1955   8.2070   8.2234   8.2388   8.2592
  8.2653   8.2722   8.2799   8.2812   8.2875   8.3023   8.3056   8.3175
  8.3281   8.3374   8.3422   8.3454   8.3534   8.3626   8.3675   8.3723
  8.3875   8.3934   8.3975   8.4003   8.4159   8.4452   8.4482   8.4495
  8.4557   8.4736   8.4783   8.4823   8.4916   8.4974   8.5101   8.5261
  8.5425   8.5642   8.5769   8.5803   8.5882   8.5929   8.5985   8.6100
  8.6217   8.6361   8.6738   8.6807   8.6852   8.6959   8.7077   8.7126
  8.7186   8.7483   8.7537   8.7609   8.7659   8.7779   8.7995   8.8335
  8.8577   8.8945   8.8964   8.9041   8.9112   8.9194   8.9287   8.9336
  8.9417   8.9503   8.9546   8.9563   8.9583   8.9603   8.9653   8.9720
  8.9779   8.9832   8.9880   8.9927   8.9940   9.0049   9.0102   9.0185
  9.0269   9.0286   9.0337   9.0372   9.0410   9.0451   9.0547   9.0559
  9.0634   9.0746   9.0832   9.0848   9.0885   9.0933   9.1047   9.1156
  9.1240   9.1289   9.1371   9.1600   9.1771   9.1820   9.2017   9.2125
  9.2208   9.2223   9.2277   9.2318   9.2366   9.2462   9.2569   9.2589
  9.2640   9.2723   9.2840   9.3019   9.3123   9.3257   9.3339   9.3491
  9.3529   9.3566   9.3598   9.3640   9.3686   9.3843   9.3888   9.3931
  9.3946   9.3985   9.4097   9.4155   9.4246   9.4346   9.4385   9.4439
  9.4488   9.4524   9.4567   9.4648   9.4723   9.4762   9.4831   9.4987
  9.5004   9.5114   9.5150   9.5206   9.5267   9.5299   9.5335   9.5387
  9.5444   9.5544   9.5628   9.5840   9.6059   9.6230   9.6449   9.6490
  9.6561   9.6599   9.6679   9.6709   9.6846   9.6879   9.7086   9.7214
  9.7359   9.7501   9.7628   9.7728   9.7785   9.7814   9.7884   9.7922
  9.8065   9.8178   9.8282   9.8306   9.8575   9.8685   9.8749   9.9008
  9.9297   9.9791   9.9891   9.9920   9.9958  10.0078  10.0181  10.0233
 10.0274  10.0414  10.0443  10.0592  10.0660  10.0783  10.0883  10.1026
 10.1076  10.1530  10.1602  10.1659  10.1720  10.1772  10.2022  10.2097
 10.2221  10.2306  10.2372  10.2647  10.2995  10.3136  10.3250  10.3285
 10.3388  10.3540  10.3584  10.4000  10.4026  10.4061  10.4073  10.4201
 10.4313  10.4380  10.4458  10.4463  10.4498  10.4546  10.4564  10.4735
 10.4901  10.4938  10.5098  10.5230  10.5348  10.5613  10.5637  10.5740
 10.6114  10.6272  10.6364  10.6541  10.6699  10.6857  10.6900  10.7016
 10.7233  10.7324  10.7362  10.7448  10.7811  10.8103  10.8504  10.8676
 10.8761  10.8798  10.8906  10.8995  10.9063  10.9170  10.9264  10.9302
 10.9369  10.9500  10.9815  10.9894  11.0084  11.0323  11.0384  11.0442
 11.0599  11.0797  11.1060  11.1312  11.1478  11.1794  11.2567  11.2686
 11.2931  11.3794  11.4085  11.4757  11.5004  11.5210  11.5544  11.5638
 11.5762  11.5988  11.6141  11.6337  11.6478  11.7013  11.7095  11.8060
 11.8611  11.8847  11.9080  11.9331  11.9648  11.9657  11.9783  11.9933
 12.0074  12.0163  12.0467  12.0761  12.1765  12.1817  12.1894  12.2082
 12.2201  12.2517  12.3139  12.3148  12.3423  12.3486  12.3568  12.3602
 12.3833  12.4025  12.4065  12.4292  12.4475  12.4571  12.4669  12.4792
 12.4836  12.5282  12.5423  12.5513  12.5733  12.6013  12.6391  12.6582
 12.6841  12.6907  12.7104  12.7234  12.7369  12.7594  12.7823  12.7869
 12.8144  12.8269  12.8466  12.8591  12.8702  12.8793  12.9015  12.9184
 12.9430  12.9901  13.0921  13.1001  13.1043  13.2056  13.2257  13.2486
 13.2698  13.2818  13.2939  13.3131  13.3319  13.3446  13.3619  13.5008
 13.6138  13.6207  13.6239  13.7088  13.7242  13.7951  13.9568  13.9577
 13.9685  14.2280  14.2345  14.3025  14.3653  14.3868  14.4368  14.7479
 14.7653  14.8125  15.0510  15.0804  15.1960  15.2405  15.2434  15.2812
 15.2866  29.0757  29.0807  29.2232  29.5634  29.6264  29.6363  29.6444
 29.8533  29.8591  29.8616  38.0415  38.4412  38.8069  39.0611  49.1813
 49.2020  49.2120  49.3543  49.3696  49.4310 150.9398 150.9411 151.1182
151.5163 151.5634 151.5735 151.5845 151.7864 151.7933 151.7962 200.7646
201.2112 201.6192 201.8000 258.3312 258.3531 258.3674 258.5274 258.5473
258.6129
 --------------------------------------------------------------
 
          Ground-State Mulliken Net Atomic Charges

     Atom                 Charge (a.u.)    Spin (a.u.)
  --------------------------------------------------------
      1 N                    -0.094301       0.731518
      2 N                    -0.058973       0.058073
      3 C                     0.206230       0.165952
      4 N                     0.014528       0.213963
      5 N                    -0.200388       0.605089
      6 C                     0.460744      -0.007250
      7 O                    -0.320701       0.016864
      8 C                    -0.043142       0.001212
      9 C                    -0.536712       0.003084
     10 O                    -0.459374       0.089613
     11 C                     0.489575       0.001762
     12 O                    -0.334183       0.004983
     13 C                    -0.011364      -0.001252
     14 C                    -0.486201       0.000274
     15 O                    -0.447668       0.064431
     16 C                     0.384553       0.019843
     17 O                    -0.376207       0.005191
     18 C                    -0.088017       0.005244
     19 C                    -0.518179      -0.000557
     20 O                    -0.386807       0.009921
     21 H                     0.170629       0.011035
     22 H                     0.171545      -0.000284
     23 H                     0.177594       0.000434
     24 H                     0.170224       0.000036
     25 H                     0.183478      -0.000185
     26 H                     0.193993      -0.000772
     27 H                     0.134455       0.000247
     28 H                     0.186264       0.000020
     29 H                     0.156789       0.000265
     30 H                     0.188789       0.000255
     31 H                     0.155035       0.000212
     32 H                     0.181370       0.000141
     33 H                     0.191362       0.000332
     34 H                     0.191890       0.000076
     35 H                     0.163108       0.000050
     36 H                     0.190060       0.000183
  --------------------------------------------------------
  Sum of atomic charges =    -0.000000
  Sum of spin   charges =     2.000000

 -----------------------------------------------------------------
                    Cartesian Multipole Moments
 -----------------------------------------------------------------
    Charge (ESU x 10^10)
                -0.0000
    Dipole Moment (Debye)
         X      -0.9148      Y       3.7944      Z      -1.5375
       Tot       4.1950
    Quadrupole Moments (Debye-Ang)
        XX    -105.1969     XY      -5.1273     YY    -116.9644
        XZ      -1.3317     YZ       8.9367     ZZ    -114.5531
    Octopole Moments (Debye-Ang^2)
       XXX     -62.5696    XXY      -7.1723    XYY     -24.9011
       YYY     165.6862    XXZ     -74.0945    XYZ      12.2844
       YYZ     -29.2884    XZZ      -7.7973    YZZ      26.0323
       ZZZ    -123.4983
    Hexadecapole Moments (Debye-Ang^3)
      XXXX   -3075.3475   XXXY     275.4826   XXYY   -1038.7499
      XYYY     270.3286   YYYY   -2971.1372   XXXZ     209.0630
      XXYZ     -79.2161   XYYZ      52.3249   YYYZ    -217.9009
      XXZZ    -731.7120   XYZZ     116.0744   YYZZ    -732.2101
      XZZZ     267.4597   YZZZ    -380.0871   ZZZZ   -1467.9962
 -----------------------------------------------------------------
 Total job time:  382.50s(wall), 11729.19s(cpu) 
 Thu Aug  1 13:46:48 2024

        *************************************************************
        *                                                           *
        *  Thank you very much for using Q-Chem.  Have a nice day.  *
        *                                                           *
        *************************************************************


