
Running Job 1 of 2 ca6-ts2-triplet-wb97xd-conf2-B97mV-readSCF.in
qchem ca6-ts2-triplet-wb97xd-conf2-B97mV-readSCF.in_51599.0 /expanse/lustre/scratch/whughes/temp_project/job_36180323/ca6-ts2-triplet-wb97xd-conf2-B97mV-readSCF-36180323/ 0
/cm/shared/apps/spack/0.17.3/cpu/b/opt/spack/linux-rocky8-zen2/gcc-10.2.0/qchem-6.0-rytxnwjazd34ekd2gqyi5ufsaimxsd3r/exe/qcprog.exe_s ca6-ts2-triplet-wb97xd-conf2-B97mV-readSCF.in_51599.0 /expanse/lustre/scratch/whughes/temp_project/job_36180323/ca6-ts2-triplet-wb97xd-conf2-B97mV-readSCF-36180323/
                  Welcome to Q-Chem
     A Quantum Leap Into The Future Of Chemistry


 Q-Chem 6.0, Q-Chem, Inc., Pleasanton, CA (2022)

 License issued to: University of California, San Diego (site)

 E. Epifanovsky,  A. T. B. Gilbert,  Xintian Feng,  Joonho Lee,  Yuezhi Mao,  
 N. Mardirossian,  P. Pokhilko,  A. White,  M. Wormit,  M. P. Coons,  
 A. L. Dempwolff,  Zhengting Gan,  D. Hait,  P. R. Horn,  L. D. Jacobson,  
 I. Kaliman,  J. Kussmann,  A. W. Lange,  Ka Un Lao,  D. S. Levine,  Jie Liu,  
 S. C. McKenzie,  A. F. Morrison,  K. Nanda,  F. Plasser,  D. R. Rehn,  
 M. L. Vidal,  Zhi-Qiang You,  Ying Zhu,  B. Alam,  B. Albrecht,  
 A. Aldossary,  E. Alguire,  J. H. Andersen,  V. Athavale,  D. Barton,  
 K. Begam,  A. Behn,  N. Bellonzi,  Y. A. Bernard,  E. J. Berquist,  
 H. Burton,  A. Carreras,  K. Carter-Fenk,  Romit Chakraborty,  
 Chandrima Chakravarty,  Junhan Chen,  A. D. Chien,  K. D. Closser,  
 V. Cofer-Shabica,  L. Cunha,  S. Dasgupta,  Jia Deng,  M. de Wergifosse,  
 M. Diedenhofen,  Hainam Do,  S. Ehlert,  Po-Tung Fang,  S. Fatehi,  
 Qingguo Feng,  T. Friedhoff,  B. Ganoe,  J. Gayvert,  Qinghui Ge,  
 G. Gidofalvi,  M. Goldey,  J. Gomes,  C. Gonzalez-Espinoza,  S. Gulania,  
 A. Gunina,  J. A. Gyamfi,  M. W. D. Hanson-Heine,  P. H. P. Harbach,  
 A. W. Hauser,  M. F. Herbst,  M. Hernandez Vera,  M. Hodecker,  
 Z. C. Holden,  S. Houck,  Xunkun Huang,  Kerwin Hui,  B. C. Huynh,  
 K. Ikeda,  M. Ivanov,  Hyunjun Ji,  Zuxin Jin,  Hanjie Jiang,  B. Kaduk,  
 S. Kaehler,  R. Kang,  K. Khistyaev,  Jaehoon Kim,  Yongbin Kim,  
 P. Klunzinger,  Z. Koczor-Benda,  Joong Hoon Koh,  D. Kosenkov,  
 Saikiran Kotaru,  L. Koulias,  T. Kowalczyk,  C. M. Krauter,  K. Kue,  
 A. Kunitsa,  T. Kus,  A. Landau,  K. V. Lawler,  D. Lefrancois,  S. Lehtola,  
 Rain Li,  Shaozhi Li,  Yi-Pei Li,  Jiashu Liang,  M. Liebenthal,  
 Hung-Hsuan Lin,  You-Sheng Lin,  Fenglai Liu,  Kuan-Yu Liu,  
 M. Loipersberger,  A. Luenser,  C. Malbon,  A. Manjanath,  P. Manohar,  
 E. Mansoor,  S. F. Manzer,  Shan-Ping Mao,  A. V. Marenich,  T. Markovich,  
 S. Mason,  F. Matz,  S. A. Maurer,  P. F. McLaughlin,  M. F. S. J. Menger,  
 J.-M. Mewes,  S. A. Mewes,  P. Morgante,  Mohammad Mostafanejad,  
 J. W. Mullinax,  K. J. Oosterbaan,  G. Paran,  V. Parravicini,  
 Alexander C. Paul,  Suranjan K. Paul,  F. Pavosevic,  Zheng Pei,  S. Prager,  
 E. I. Proynov,  E. Ramos,  B. Rana,  A. E. Rask,  A. Rettig,  R. M. Richard,  
 F. Rob,  E. Rossomme,  T. Scheele,  M. Scheurer,  M. Schneider,  
 P. E. Schneider,  N. Sergueev,  S. M. Sharada,  Hengyuan Shen,  
 W. Skomorowski,  D. W. Small,  C. J. Stein,  Yingli Su,  Yu-Chuan Su,  
 E. J. Sundstrom,  Zhen Tao,  J. Thirman,  Hung-Yi Tsai,  T. Tsuchimochi,  
 N. M. Tubman,  C. Utku,  S. P. Veccham,  O. Vydrov,  J. Wenzel,  
 Jonathan Wong,  J. Witte,  A. Yamada,  Chou-Hsun Yang,  Kun Yao,  
 S. Yeganeh,  S. R. Yost,  A. Zech,  F. Zeller,  Igor Ying Zhang,  
 Xing Zhang,  Yu Zhang,  D. Zuev,  A. Aspuru-Guzik,  A. T. Bell,  
 N. A. Besley,  K. B. Bravaya,  B. R. Brooks,  D. Casanova,  Jeng-Da Chai,  
 Hsing-Ta Chen,  S. Coriani,  C. J. Cramer,  A. E. DePrince, III,  
 R. A. DiStasio Jr.,  A. Dreuw,  B. D. Dunietz,  T. R. Furlani,  
 W. A. Goddard III,  S. Grimme,  S. Hammes-Schiffer,  T. Head-Gordon,  
 W. J. Hehre,  Chao-Ping Hsu,  T.-C. Jagau,  Yousung Jung,  A. Klamt,  
 Jing Kong,  D. S. Lambrecht,  Xiangyuan Li,  WanZhen Liang,  N. J. Mayhall,  
 C. W. McCurdy,  J. B. Neaton,  T. Neudecker,  C. Ochsenfeld,  
 J. A. Parkhill,  R. Peverati,  V. A. Rassolov,  Haisheng Ren,  Yihan Shao,  
 L. V. Slipchenko,  R. P. Steele,  J. E. Subotnik,  A. J. W. Thom,  
 A. Tkatchenko,  D. G. Truhlar,  T. Van Voorhis,  Fan Wang,  
 T. A. Wesolowski,  K. B. Whaley,  H. L. Woodcock III,  P. M. Zimmerman,  
 S. Faraji,  P. M. W. Gill,  M. Head-Gordon,  J. M. Herbert,  A. I. Krylov

 Contributors to earlier versions of Q-Chem not listed above: 
 R. D. Adamson,  B. Austin,  R. Baer,  J. Baker,  G. J. O. Beran,  
 K. Brandhorst,  S. T. Brown,  E. F. C. Byrd,  Arup K. Chakraborty,  
 G. K. L. Chan,  Chun-Min Chang,  Yunqing Chen,  C.-L. Cheng,  
 Siu Hung Chien,  D. M. Chipman,  D. L. Crittenden,  H. Dachsel,  
 R. J. Doerksen,  A. D. Dutoi,  R. G. Edgar,  J. Fosso-Tande,  
 L. Fusti-Molnar,  D. Ghosh,  A. Ghysels,  A. Golubeva-Zadorozhnaya,  
 J. Gonthier,  M. S. Gordon,  S. R. Gwaltney,  G. Hawkins,  J. E. Herr,  
 A. Heyden,  S. Hirata,  E. G. Hohenstein,  G. Kedziora,  F. J. Keil,  
 C. Kelley,  Jihan Kim,  R. A. King,  R. Z. Khaliullin,  P. P. Korambath,  
 W. Kurlancheek,  A. Laurent,  A. M. Lee,  M. S. Lee,  S. V. Levchenko,  
 Ching Yeh Lin,  D. Liotard,  E. Livshits,  R. C. Lochan,  I. Lotan,  
 L. A. Martinez-Martinez,  P. E. Maslen,  N. Nair,  D. P. O'Neill,  
 D. Neuhauser,  E. Neuscamman,  C. M. Oana,  R. Olivares-Amaya,  R. Olson,  
 T. M. Perrine,  B. Peters,  P. A. Pieniazek,  A. Prociuk,  Y. M. Rhee,  
 J. Ritchie,  M. A. Rohrdanz,  E. Rosta,  N. J. Russ,  H. F. Schaefer III,  
 M. W. Schmidt,  N. E. Schultz,  S. Sharma,  N. Shenvi,  C. D. Sherrill,  
 A. C. Simmonett,  A. Sodt,  T. Stein,  D. Stuck,  K. S. Thanthiriwatte,  
 V. Vanovschi,  L. Vogt,  Tao Wang,  A. Warshel,  M. A. Watson,  
 C. F. Williams,  Q. Wu,  X. Xu,  Jun Yang,  W. Zhang,  Yan Zhao

   Please cite Q-Chem as follows:
  "Software for the frontiers of quantum chemistry:
   An overview of developments in the Q-Chem 5 package"
   J. Chem. Phys. 155, 084801 (2021)
   https://doi.org/10.1063/5.0055522 (open access)

 Q-Chem 6.0.2 for Intel X86 EM64T Linux

 Parts of Q-Chem use Armadillo 9.900.5 (Nocturnal Misbehaviour).
 http://arma.sourceforge.net/

 Q-Chem begins on Mon Jan  6 16:12:41 2025  

 Host: 
0

     Scratch files written to /expanse/lustre/scratch/whughes/temp_project/job_36180323/ca6-ts2-triplet-wb97xd-conf2-B97mV-readSCF-36180323//
 Dec722 |scratch|qcdevops|jenkins|workspace|build_RNUM    
 Processing $rem in /cm/shared/apps/spack/0.17.3/cpu/b/opt/spack/linux-rocky8-zen2/gcc-10.2.0/qchem-6.0-rytxnwjazd34ekd2gqyi5ufsaimxsd3r/config/preferences:
 Processing $rem in /home/whughes/.qchemrc:

 Checking the input file for inconsistencies... 	...done.

--------------------------------------------------------------
User input:
--------------------------------------------------------------
$molecule
0 3
C    0.1794437443    2.098965557     -0.6631228868
C    0.7827535058    0.6793212827    -0.7767068524
C    0.3841811932    0.0314850316    0.5211589308
C    -0.9019870769   0.6524179217    0.9153098577
C    -1.042274182    1.9134759674    0.2382062793
O    -1.9918178523   2.6772587192    0.3146774299
C    -0.4750731254   -2.3833378725   -0.1170186747
C    -1.7778143356   -2.1694720512   -0.3289738762
C    -2.7362876669   -2.2637548239   0.7219442082
N    -3.5057221534   -2.3285899888   1.5741511386
H    0.8708213222    2.7870892971    -0.1681486098
H    -0.0986496068   2.538383128     -1.6197549946
H    0.3038828061    0.1675417718    -1.619408763
H    1.8579255839    0.6690612386    -0.9466977564
H    0.2296822101    -2.3414874054   -0.9353416341
H    -0.1051226688   -2.7037522023   0.8472346652
H    -2.1601248849   -1.8946608337   -1.3038148406
H    -1.6599314962   0.2277033434    1.5584360492
H    1.1406489836    -0.1249589909   1.2876493597
$end

$rem
METHOD      M05-2X
BASIS       def2-QZVPP
SYM_IGNORE   TRUE
DFT_D       D3
MAX_SCF_CYCLES 300
$end

--------------------------------------------------------------
 Adding empirical dispersion correction 
 ----------------------------------------------------------------
 Doing -D3(0) with
 s6  =   1.00000
 s8  =   0.00000
 rs6 =   1.41700
 rs8 =   1.00000
 -D3 energy without 3body term =     -0.0015129773 hartrees
 ----------------------------------------------------------------
             Standard Nuclear Orientation (Angstroms)
    I     Atom           X                Y                Z
 ----------------------------------------------------------------
    1      C       0.1794437443     2.0989655570    -0.6631228868
    2      C       0.7827535058     0.6793212827    -0.7767068524
    3      C       0.3841811932     0.0314850316     0.5211589308
    4      C      -0.9019870769     0.6524179217     0.9153098577
    5      C      -1.0422741820     1.9134759674     0.2382062793
    6      O      -1.9918178523     2.6772587192     0.3146774299
    7      C      -0.4750731254    -2.3833378725    -0.1170186747
    8      C      -1.7778143356    -2.1694720512    -0.3289738762
    9      C      -2.7362876669    -2.2637548239     0.7219442082
   10      N      -3.5057221534    -2.3285899888     1.5741511386
   11      H       0.8708213222     2.7870892971    -0.1681486098
   12      H      -0.0986496068     2.5383831280    -1.6197549946
   13      H       0.3038828061     0.1675417718    -1.6194087630
   14      H       1.8579255839     0.6690612386    -0.9466977564
   15      H       0.2296822101    -2.3414874054    -0.9353416341
   16      H      -0.1051226688    -2.7037522023     0.8472346652
   17      H      -2.1601248849    -1.8946608337    -1.3038148406
   18      H      -1.6599314962     0.2277033434     1.5584360492
   19      H       1.1406489836    -0.1249589909     1.2876493597
 ----------------------------------------------------------------
 Nuclear Repulsion Energy =         459.91417730 hartrees
 There are       37 alpha and       35 beta electrons
 Requested basis set is def2-QZVPP
 There are 260 shells and 840 basis functions

 Total QAlloc Memory Limit   8000 MB
 Mega-Array Size       188 MB
 MEM_STATIC part       192 MB

 A cutoff of  1.0D-09 yielded  24079 shell pairs
 There are    241799 function pairs (    358831 Cartesian)
 Smallest overlap matrix eigenvalue = 2.04E-05

 Q-Chem warning in module stvman/mkSTV.C, line 305:

 Overlap eigenvalue is smaller than square root of threshold
 Use THRESH >= 12 to get rid of this warning


 Scale SEOQF with 1.000000e-01/1.000000e-01/1.000000e-01

 Standard Electronic Orientation quadrupole field applied
 Nucleus-field energy     =     0.0000000219 hartrees
 Guess from superposition of atomic densities
 Warning:  Energy on first SCF cycle will be non-variational
 SAD guess density has 72.000000 electrons

 -----------------------------------------------------------------------
  General SCF calculation program by
  Eric Jon Sundstrom, Paul Horn, Yuezhi Mao, Dmitri Zuev, Alec White,
  David Stuck, Shaama M.S., Shane Yost, Joonho Lee, David Small,
  Daniel Levine, Susi Lehtola, Hugh Burton, Evgeny Epifanovsky,
  Bang C. Huynh
 -----------------------------------------------------------------------
 Exchange:     0.5600 Hartree-Fock + 1.0000 M05-2X
 Correlation:  1.0000 M05-2X
 Using SG-3 standard quadrature grid
 Dispersion:   Grimme D3
 using 32 threads for integral computing
 -------------------------------------------------------
 OpenMP Integral computing Module                
 Release: version 1.0, May 2013, Q-Chem Inc. Pittsburgh 
 -------------------------------------------------------
 A unrestricted SCF calculation will be
 performed using DIIS
 SCF converges when DIIS error is below 1.0e-05
 ---------------------------------------
  Cycle       Energy         DIIS error
 ---------------------------------------
    1    -442.6236175566      6.59e-03  
    2    -440.0376523857      7.38e-04  
    3    -439.9373811869      9.97e-04  
    4    -440.1984262750      1.94e-04  
    5    -440.2110408817      7.01e-05  
    6    -440.2137791067      2.01e-05  
    7    -440.2143852851      1.25e-05  
    8    -440.2145885091      7.29e-06  Convergence criterion met
 ---------------------------------------
 SCF time:   CPU 9126.07s  wall 306.00s 
<S^2> =          2.025056389
 SCF   energy in the final basis set =     -440.2145885091
 Total energy in the final basis set =     -440.2145885091
 
 --------------------------------------------------------------
 
                    Orbital Energies (a.u.)
 --------------------------------------------------------------
 
 Alpha MOs
 -- Occupied --
-19.6661 -14.7956 -10.6601 -10.6306 -10.6245 -10.6218 -10.6216 -10.6184
-10.5984 -10.5881  -1.1755  -1.0396  -0.9899  -0.9366  -0.8506  -0.8127
 -0.7596  -0.6966  -0.6427  -0.6298  -0.5934  -0.5762  -0.5653  -0.5241
 -0.4992  -0.4987  -0.4955  -0.4836  -0.4684  -0.4650  -0.4545  -0.4396
 -0.4179  -0.3886  -0.3435  -0.3364  -0.2549
 -- Virtual --
 -0.0197   0.0372   0.0463   0.0592   0.0643   0.0725   0.0852   0.0955
  0.1035   0.1152   0.1187   0.1229   0.1303   0.1415   0.1518   0.1569
  0.1578   0.1713   0.1810   0.1891   0.2019   0.2080   0.2121   0.2172
  0.2238   0.2264   0.2401   0.2463   0.2594   0.2652   0.2705   0.2848
  0.2971   0.3060   0.3154   0.3211   0.3285   0.3378   0.3413   0.3445
  0.3497   0.3513   0.3564   0.3641   0.3659   0.3721   0.3876   0.3918
  0.3971   0.4048   0.4105   0.4176   0.4266   0.4353   0.4453   0.4510
  0.4643   0.4725   0.4761   0.4841   0.4895   0.4962   0.5024   0.5278
  0.5402   0.5521   0.5564   0.5648   0.5790   0.5853   0.5942   0.6122
  0.6262   0.6307   0.6410   0.6540   0.6562   0.6624   0.6697   0.6751
  0.6837   0.6949   0.7046   0.7136   0.7249   0.7391   0.7468   0.7673
  0.7713   0.7730   0.7931   0.7982   0.8006   0.8109   0.8182   0.8226
  0.8343   0.8395   0.8476   0.8514   0.8564   0.8701   0.8723   0.8780
  0.8817   0.8876   0.8957   0.8992   0.9025   0.9155   0.9184   0.9373
  0.9397   0.9477   0.9555   0.9670   0.9686   0.9861   0.9953   0.9990
  1.0069   1.0146   1.0339   1.0422   1.0441   1.0520   1.0603   1.0697
  1.0783   1.0953   1.1045   1.1149   1.1235   1.1343   1.1400   1.1521
  1.1616   1.1737   1.1805   1.2009   1.2084   1.2141   1.2162   1.2433
  1.2456   1.2656   1.2756   1.2863   1.2942   1.3085   1.3245   1.3333
  1.3395   1.3431   1.3696   1.3815   1.3933   1.3990   1.4060   1.4296
  1.4404   1.4655   1.4878   1.4970   1.5063   1.5153   1.5168   1.5253
  1.5353   1.5419   1.5556   1.5699   1.5855   1.5960   1.6101   1.6339
  1.6434   1.6523   1.6725   1.6815   1.6878   1.7063   1.7111   1.7353
  1.7555   1.7613   1.7678   1.7894   1.7973   1.8086   1.8160   1.8231
  1.8406   1.8518   1.8649   1.8741   1.8781   1.8906   1.8960   1.9112
  1.9219   1.9310   1.9356   1.9476   1.9498   1.9708   1.9762   1.9854
  1.9975   2.0040   2.0142   2.0289   2.0353   2.0455   2.0501   2.0638
  2.0671   2.0821   2.0829   2.0857   2.0986   2.1206   2.1277   2.1375
  2.1478   2.1562   2.1645   2.1745   2.1803   2.1857   2.2026   2.2080
  2.2176   2.2211   2.2285   2.2377   2.2462   2.2562   2.2676   2.2692
  2.2817   2.3016   2.3031   2.3263   2.3365   2.3379   2.3483   2.3557
  2.3776   2.3921   2.3989   2.4038   2.4100   2.4187   2.4462   2.4487
  2.4620   2.4749   2.4900   2.4964   2.5009   2.5095   2.5160   2.5296
  2.5354   2.5491   2.5608   2.5713   2.5870   2.5985   2.6035   2.6108
  2.6165   2.6259   2.6307   2.6385   2.6519   2.6548   2.6634   2.6668
  2.6742   2.6956   2.7073   2.7150   2.7253   2.7283   2.7381   2.7407
  2.7600   2.7643   2.7793   2.7846   2.7978   2.8051   2.8153   2.8221
  2.8414   2.8566   2.8627   2.8788   2.8840   2.9001   2.9129   2.9151
  2.9307   2.9351   2.9419   2.9550   2.9710   2.9844   2.9997   3.0116
  3.0160   3.0184   3.0342   3.0500   3.0650   3.0696   3.0833   3.1042
  3.1214   3.1336   3.1510   3.1668   3.1766   3.1907   3.2050   3.2183
  3.2322   3.2653   3.2932   3.2989   3.3118   3.3243   3.3346   3.3435
  3.3594   3.3656   3.3729   3.3928   3.4147   3.4379   3.4500   3.4624
  3.4836   3.4884   3.5107   3.5148   3.5282   3.5450   3.5569   3.5656
  3.5752   3.5892   3.5988   3.6172   3.6266   3.6342   3.6526   3.6611
  3.6852   3.7175   3.7220   3.7569   3.7592   3.7675   3.8016   3.8074
  3.8177   3.8335   3.8572   3.8587   3.8780   3.8868   3.8919   3.9103
  3.9347   3.9416   3.9471   3.9754   4.0026   4.0109   4.0309   4.0426
  4.0562   4.0721   4.1072   4.1453   4.1599   4.1811   4.2004   4.2153
  4.2477   4.2795   4.3126   4.3300   4.3593   4.3982   4.4275   4.5112
  4.5491   4.5653   4.5820   4.6074   4.6811   4.7110   4.7300   4.7504
  4.7721   4.7759   4.7913   4.8032   4.8261   4.8302   4.8589   4.8660
  4.8794   4.9018   4.9223   4.9424   4.9498   4.9628   4.9893   5.0076
  5.0181   5.0552   5.0607   5.0781   5.0952   5.1059   5.1302   5.1578
  5.1665   5.1854   5.1942   5.2127   5.2239   5.2530   5.2797   5.3067
  5.3251   5.3391   5.3502   5.3597   5.3960   5.4111   5.4262   5.4525
  5.4610   5.4890   5.5184   5.5284   5.5421   5.5576   5.5670   5.5796
  5.5991   5.6147   5.6247   5.6448   5.6494   5.6583   5.6748   5.6791
  5.7250   5.7505   5.7518   5.7632   5.7804   5.7884   5.7942   5.7997
  5.8276   5.8289   5.8354   5.8455   5.8718   5.8867   5.8975   5.9052
  5.9168   5.9219   5.9357   5.9392   5.9530   5.9601   5.9710   5.9761
  5.9809   5.9865   5.9989   6.0103   6.0266   6.0283   6.0408   6.0518
  6.0591   6.0714   6.0825   6.0926   6.1047   6.1131   6.1145   6.1211
  6.1378   6.1467   6.1496   6.1577   6.1687   6.1730   6.1889   6.2045
  6.2096   6.2370   6.2473   6.2507   6.2617   6.2665   6.2765   6.2875
  6.3136   6.3185   6.3292   6.3327   6.3423   6.3541   6.3745   6.3807
  6.3977   6.4059   6.4366   6.4415   6.4630   6.4705   6.4784   6.4918
  6.4993   6.5049   6.5202   6.5381   6.5420   6.5513   6.5536   6.5800
  6.6002   6.6244   6.6323   6.6414   6.6573   6.6657   6.6863   6.6919
  6.7080   6.7208   6.7341   6.7505   6.7685   6.7820   6.7907   6.7922
  6.7953   6.8039   6.8054   6.8302   6.8442   6.8524   6.8704   6.8828
  6.9051   6.9154   6.9215   6.9580   6.9761   6.9986   7.0088   7.0526
  7.0967   7.1177   7.1560   7.1863   7.1961   7.2080   7.2167   7.2283
  7.2483   7.2543   7.2632   7.2671   7.2949   7.3010   7.3344   7.3391
  7.3797   7.3835   7.4029   7.4232   7.4380   7.4471   7.4585   7.4776
  7.4927   7.4998   7.5131   7.5306   7.5537   7.5625   7.5743   7.5867
  7.5984   7.6161   7.6327   7.6516   7.6574   7.6591   7.6748   7.6845
  7.6924   7.7033   7.7225   7.7385   7.7539   7.7692   7.7811   7.7980
  7.8112   7.8208   7.8272   7.8654   7.8713   7.8869   7.8939   7.9173
  7.9194   7.9399   7.9597   7.9806   7.9938   8.0059   8.0130   8.0162
  8.0408   8.0465   8.0658   8.0816   8.0873   8.1181   8.1291   8.1428
  8.1536   8.1573   8.1667   8.1875   8.2061   8.2234   8.2268   8.2424
  8.2585   8.2733   8.2793   8.2884   8.2971   8.3191   8.3308   8.3506
  8.3609   8.3636   8.3789   8.3818   8.3856   8.4017   8.4192   8.4312
  8.4537   8.4607   8.4666   8.4842   8.5039   8.5210   8.5335   8.5549
  8.5855   8.5913   8.6209   8.6312   8.6637   8.6692   8.6860   8.7331
  8.7482   8.7716   8.7746   8.7881   8.7978   8.8196   8.8202   8.8408
  8.8525   8.8666   8.8815   8.9144   8.9408   8.9741   8.9814   9.0338
  9.0435   9.0704   9.0760   9.0957   9.1080   9.1865   9.2054   9.2484
  9.2935   9.3704   9.3919   9.4178   9.4609   9.5328   9.5980   9.6214
  9.6304   9.6407   9.6645   9.6758   9.7044   9.7124   9.7310   9.7488
  9.7552   9.7707   9.7831   9.7973   9.8245   9.8683   9.8725   9.8938
  9.9052   9.9368   9.9509   9.9919  10.0190  10.0301  10.0996  10.1076
 10.1105  10.1400  10.1488  10.2450  10.2645  10.2999  10.3539  10.4166
 10.4350  10.4763  10.7875  10.8063  10.8511  10.9089  11.1291  11.1338
 11.2598  11.3413  11.5517  11.6880  11.7536  11.7978  11.8176  11.9464
 11.9803  12.1052  12.1199  12.2726  12.6259  12.6756  12.7521  12.9569
 13.0855  13.1051  13.1110  13.1504  13.2890  14.0640  14.2677  28.4101
 28.4262  28.7179  28.8411  29.0536  29.1292  29.1455  29.5052  37.9736
 48.2251 146.5676 146.5958 146.9494 147.0079 147.2327 147.3252 147.3580
147.7309 196.3245 252.2995
 
 Beta MOs
 -- Occupied --
-19.6595 -14.7946 -10.6609 -10.6287 -10.6224 -10.6190 -10.6159 -10.6108
-10.5986 -10.5874  -1.1631  -1.0377  -0.9677  -0.9333  -0.8285  -0.7960
 -0.7575  -0.6765  -0.6323  -0.6265  -0.5807  -0.5674  -0.5581  -0.5124
 -0.4975  -0.4875  -0.4751  -0.4674  -0.4570  -0.4534  -0.4516  -0.4183
 -0.4166  -0.3603  -0.3281
 -- Virtual --
 -0.1212  -0.0557   0.0136   0.0368   0.0562   0.0646   0.0720   0.0799
  0.0889   0.0971   0.1040   0.1167   0.1193   0.1246   0.1308   0.1432
  0.1517   0.1583   0.1599   0.1711   0.1804   0.1923   0.2022   0.2080
  0.2147   0.2191   0.2253   0.2293   0.2405   0.2492   0.2630   0.2688
  0.2747   0.2871   0.3008   0.3082   0.3194   0.3236   0.3305   0.3384
  0.3454   0.3471   0.3533   0.3547   0.3598   0.3675   0.3717   0.3732
  0.3900   0.3927   0.3993   0.4087   0.4151   0.4262   0.4317   0.4367
  0.4496   0.4542   0.4669   0.4738   0.4766   0.4868   0.4929   0.5039
  0.5063   0.5305   0.5426   0.5563   0.5593   0.5681   0.5789   0.5879
  0.5959   0.6154   0.6278   0.6351   0.6434   0.6571   0.6585   0.6638
  0.6732   0.6769   0.6890   0.6998   0.7120   0.7208   0.7314   0.7451
  0.7496   0.7698   0.7728   0.7804   0.7947   0.8019   0.8043   0.8121
  0.8213   0.8260   0.8357   0.8438   0.8507   0.8557   0.8615   0.8732
  0.8744   0.8817   0.8864   0.8869   0.8999   0.9020   0.9076   0.9158
  0.9219   0.9405   0.9432   0.9539   0.9594   0.9683   0.9721   0.9881
  0.9971   1.0036   1.0113   1.0162   1.0374   1.0444   1.0463   1.0549
  1.0616   1.0732   1.0818   1.0968   1.1081   1.1176   1.1249   1.1383
  1.1413   1.1544   1.1623   1.1760   1.1823   1.2028   1.2106   1.2187
  1.2207   1.2464   1.2504   1.2678   1.2787   1.2885   1.2971   1.3103
  1.3285   1.3356   1.3426   1.3473   1.3713   1.3878   1.3966   1.4027
  1.4064   1.4328   1.4432   1.4680   1.4925   1.5050   1.5131   1.5196
  1.5246   1.5301   1.5406   1.5476   1.5610   1.5738   1.5898   1.6012
  1.6133   1.6384   1.6472   1.6554   1.6760   1.6878   1.6938   1.7093
  1.7138   1.7403   1.7586   1.7705   1.7728   1.7971   1.8007   1.8144
  1.8192   1.8298   1.8458   1.8633   1.8720   1.8783   1.8802   1.8937
  1.9007   1.9165   1.9275   1.9374   1.9437   1.9539   1.9565   1.9736
  1.9813   1.9896   2.0017   2.0074   2.0189   2.0351   2.0413   2.0478
  2.0547   2.0671   2.0714   2.0870   2.0904   2.0943   2.1036   2.1261
  2.1325   2.1445   2.1540   2.1594   2.1689   2.1794   2.1851   2.1913
  2.2072   2.2156   2.2235   2.2266   2.2340   2.2417   2.2524   2.2620
  2.2712   2.2757   2.2883   2.3048   2.3154   2.3311   2.3423   2.3471
  2.3527   2.3644   2.3830   2.3957   2.4048   2.4087   2.4181   2.4256
  2.4530   2.4596   2.4749   2.4826   2.4985   2.5019   2.5078   2.5148
  2.5216   2.5354   2.5411   2.5562   2.5671   2.5771   2.5939   2.6067
  2.6117   2.6164   2.6223   2.6306   2.6364   2.6514   2.6573   2.6641
  2.6680   2.6721   2.6807   2.7009   2.7124   2.7246   2.7310   2.7335
  2.7461   2.7469   2.7653   2.7689   2.7897   2.7932   2.8032   2.8103
  2.8220   2.8286   2.8509   2.8617   2.8704   2.8848   2.8930   2.9058
  2.9191   2.9219   2.9379   2.9448   2.9487   2.9614   2.9765   2.9933
  3.0070   3.0194   3.0215   3.0237   3.0400   3.0564   3.0696   3.0769
  3.0919   3.1106   3.1314   3.1410   3.1587   3.1749   3.1817   3.1955
  3.2169   3.2257   3.2422   3.2740   3.2980   3.3078   3.3194   3.3344
  3.3407   3.3538   3.3677   3.3704   3.3810   3.4057   3.4202   3.4462
  3.4596   3.4689   3.4901   3.4967   3.5192   3.5222   3.5337   3.5512
  3.5626   3.5706   3.5804   3.5975   3.6069   3.6246   3.6360   3.6426
  3.6627   3.6732   3.6977   3.7238   3.7349   3.7628   3.7643   3.7779
  3.8105   3.8152   3.8229   3.8376   3.8599   3.8651   3.8845   3.8932
  3.9003   3.9150   3.9423   3.9476   3.9531   3.9802   4.0056   4.0151
  4.0344   4.0574   4.0608   4.0824   4.1239   4.1566   4.1689   4.1999
  4.2152   4.2242   4.2614   4.2901   4.3223   4.3352   4.3682   4.3997
  4.4456   4.5191   4.5547   4.5746   4.5857   4.6176   4.7021   4.7162
  4.7321   4.7593   4.7727   4.7844   4.7973   4.8106   4.8376   4.8432
  4.8723   4.8817   4.9189   4.9345   4.9419   4.9472   4.9658   4.9774
  5.0189   5.0232   5.0415   5.0712   5.0784   5.0872   5.0993   5.1210
  5.1349   5.1716   5.1771   5.2069   5.2111   5.2301   5.2457   5.2828
  5.3017   5.3196   5.3349   5.3454   5.3703   5.3769   5.4063   5.4275
  5.4337   5.4609   5.4685   5.5056   5.5278   5.5369   5.5516   5.5693
  5.5854   5.5915   5.6120   5.6214   5.6341   5.6518   5.6646   5.6791
  5.6890   5.7027   5.7368   5.7542   5.7669   5.7748   5.7872   5.7926
  5.8082   5.8136   5.8351   5.8381   5.8489   5.8577   5.8831   5.9042
  5.9156   5.9168   5.9247   5.9321   5.9393   5.9476   5.9656   5.9705
  5.9783   5.9875   5.9937   5.9966   6.0061   6.0172   6.0340   6.0421
  6.0557   6.0637   6.0752   6.0867   6.0965   6.1054   6.1160   6.1221
  6.1272   6.1330   6.1514   6.1579   6.1606   6.1727   6.1824   6.1859
  6.2145   6.2230   6.2338   6.2478   6.2585   6.2623   6.2687   6.2823
  6.2908   6.2979   6.3352   6.3373   6.3378   6.3500   6.3563   6.3693
  6.3881   6.3962   6.4162   6.4294   6.4429   6.4676   6.4826   6.4851
  6.4974   6.5079   6.5101   6.5213   6.5366   6.5486   6.5573   6.5634
  6.5702   6.5889   6.6226   6.6394   6.6479   6.6597   6.6717   6.6897
  6.6990   6.7086   6.7225   6.7353   6.7473   6.7555   6.7884   6.7959
  6.8000   6.8038   6.8066   6.8115   6.8288   6.8481   6.8599   6.8760
  6.8850   6.8938   6.9138   6.9290   6.9422   6.9828   6.9908   7.0086
  7.0208   7.0563   7.1042   7.1229   7.1597   7.2001   7.2028   7.2134
  7.2225   7.2339   7.2560   7.2675   7.2724   7.2786   7.2968   7.3161
  7.3490   7.3550   7.3912   7.3963   7.4088   7.4316   7.4502   7.4556
  7.4750   7.4820   7.5080   7.5147   7.5254   7.5446   7.5600   7.5712
  7.5876   7.6010   7.6121   7.6284   7.6456   7.6594   7.6654   7.6715
  7.6908   7.6954   7.7031   7.7104   7.7314   7.7541   7.7628   7.7836
  7.7944   7.8138   7.8205   7.8303   7.8437   7.8700   7.8831   7.8957
  7.9110   7.9215   7.9379   7.9540   7.9776   7.9963   8.0085   8.0107
  8.0221   8.0250   8.0462   8.0599   8.0827   8.0876   8.1043   8.1287
  8.1366   8.1504   8.1564   8.1696   8.1762   8.2001   8.2143   8.2356
  8.2366   8.2508   8.2676   8.2765   8.2820   8.2963   8.2997   8.3253
  8.3379   8.3597   8.3656   8.3758   8.3921   8.3956   8.4002   8.4060
  8.4251   8.4427   8.4593   8.4687   8.4708   8.4883   8.5129   8.5300
  8.5402   8.5578   8.5864   8.5990   8.6259   8.6345   8.6560   8.6781
  8.6924   8.7344   8.7539   8.7903   8.8014   8.8195   8.8252   8.8312
  8.8371   8.8535   8.8581   8.8713   8.8859   8.9294   8.9497   8.9723
  8.9843   9.0356   9.0580   9.0754   9.0956   9.0984   9.1125   9.1687
  9.2031   9.2508   9.3106   9.3806   9.4083   9.4285   9.5198   9.5844
  9.6042   9.6375   9.6456   9.6574   9.6729   9.6872   9.7109   9.7136
  9.7496   9.7588   9.7666   9.7741   9.8007   9.8119   9.8292   9.8697
  9.8814   9.8968   9.9090   9.9443   9.9520   9.9948  10.0286  10.0414
 10.1023  10.1079  10.1269  10.1406  10.1499  10.2466  10.2703  10.3057
 10.3582  10.4136  10.4305  10.4793  10.7891  10.8190  10.9379  10.9780
 11.1288  11.1409  11.3102  11.3844  11.5618  11.7553  11.7876  11.7978
 11.8237  11.9439  12.0386  12.1190  12.1982  12.2718  12.7636  12.7807
 12.8324  13.0072  13.0672  13.1176  13.1191  13.1493  13.2966  14.1370
 14.2776  28.4242  28.4426  28.7707  28.8819  29.0506  29.1242  29.1519
 29.5076  37.9867  48.2816 146.5709 146.5979 146.9613 147.0180 147.2322
147.3238 147.3599 147.7312 196.3270 252.3032
 --------------------------------------------------------------
 
          Ground-State Mulliken Net Atomic Charges

     Atom                 Charge (a.u.)    Spin (a.u.)
  --------------------------------------------------------
      1 C                    -0.148710       0.037138
      2 C                    -0.187902      -0.025997
      3 C                    -0.125420       0.900676
      4 C                    -0.069180       0.773889
      5 C                     0.173875      -0.056304
      6 O                    -0.344964       0.279906
      7 C                    -0.086875      -0.104155
      8 C                    -0.035103       0.193420
      9 C                     0.049451      -0.043089
     10 N                    -0.268939       0.061047
     11 H                     0.150700       0.003788
     12 H                     0.100277       0.004245
     13 H                     0.108978       0.033424
     14 H                     0.110431       0.013078
     15 H                     0.096642       0.011066
     16 H                     0.103356       0.009387
     17 H                     0.117397      -0.002733
     18 H                     0.133033      -0.049480
     19 H                     0.122955      -0.039303
  --------------------------------------------------------
  Sum of atomic charges =     0.000000
  Sum of spin   charges =     2.000000

 -----------------------------------------------------------------
                    Cartesian Multipole Moments
 -----------------------------------------------------------------
    Charge (ESU x 10^10)
                 0.0000
    Dipole Moment (Debye)
         X       6.0258      Y      -1.4252      Z      -2.7661
       Tot       6.7817
    Quadrupole Moments (Debye-Ang)
        XX     -78.0820     XY       0.6502     YY     -69.9282
        XZ      10.2210     YZ       3.7987     ZZ     -59.7977
    Octopole Moments (Debye-Ang^2)
       XXX     255.7005    XXY      22.1575    XYY     110.6728
       YYY       7.2701    XXZ     -48.7116    XYZ     -19.3360
       YYZ     -28.6463    XZZ      74.1962    YZZ      15.4268
       ZZZ     -45.0973
    Hexadecapole Moments (Debye-Ang^3)
      XXXX   -1374.5531   XXXY    -313.6597   XXYY    -561.1787
      XYYY    -204.1818   YYYY   -1513.9838   XXXZ     293.9287
      XXYZ     104.6431   XYYZ     112.7985   YYYZ      90.7761
      XXZZ    -289.9488   XYZZ    -110.1548   YYZZ    -298.0485
      XZZZ     192.1093   YZZZ      98.5638   ZZZZ    -308.4297
 -----------------------------------------------------------------
 Total job time:  308.00s(wall), 9159.22s(cpu) 
 Mon Jan  6 16:17:49 2025

        *************************************************************
        *                                                           *
        *  Thank you very much for using Q-Chem.  Have a nice day.  *
        *                                                           *
        *************************************************************



Running Job 2 of 2 ca6-ts2-triplet-wb97xd-conf2-B97mV-readSCF.in
qchem ca6-ts2-triplet-wb97xd-conf2-B97mV-readSCF.in_51599.1 /expanse/lustre/scratch/whughes/temp_project/job_36180323/ca6-ts2-triplet-wb97xd-conf2-B97mV-readSCF-36180323/ 0
/cm/shared/apps/spack/0.17.3/cpu/b/opt/spack/linux-rocky8-zen2/gcc-10.2.0/qchem-6.0-rytxnwjazd34ekd2gqyi5ufsaimxsd3r/exe/qcprog.exe_s ca6-ts2-triplet-wb97xd-conf2-B97mV-readSCF.in_51599.1 /expanse/lustre/scratch/whughes/temp_project/job_36180323/ca6-ts2-triplet-wb97xd-conf2-B97mV-readSCF-36180323/
                  Welcome to Q-Chem
     A Quantum Leap Into The Future Of Chemistry


 Q-Chem 6.0, Q-Chem, Inc., Pleasanton, CA (2022)

 License issued to: University of California, San Diego (site)

 E. Epifanovsky,  A. T. B. Gilbert,  Xintian Feng,  Joonho Lee,  Yuezhi Mao,  
 N. Mardirossian,  P. Pokhilko,  A. White,  M. Wormit,  M. P. Coons,  
 A. L. Dempwolff,  Zhengting Gan,  D. Hait,  P. R. Horn,  L. D. Jacobson,  
 I. Kaliman,  J. Kussmann,  A. W. Lange,  Ka Un Lao,  D. S. Levine,  Jie Liu,  
 S. C. McKenzie,  A. F. Morrison,  K. Nanda,  F. Plasser,  D. R. Rehn,  
 M. L. Vidal,  Zhi-Qiang You,  Ying Zhu,  B. Alam,  B. Albrecht,  
 A. Aldossary,  E. Alguire,  J. H. Andersen,  V. Athavale,  D. Barton,  
 K. Begam,  A. Behn,  N. Bellonzi,  Y. A. Bernard,  E. J. Berquist,  
 H. Burton,  A. Carreras,  K. Carter-Fenk,  Romit Chakraborty,  
 Chandrima Chakravarty,  Junhan Chen,  A. D. Chien,  K. D. Closser,  
 V. Cofer-Shabica,  L. Cunha,  S. Dasgupta,  Jia Deng,  M. de Wergifosse,  
 M. Diedenhofen,  Hainam Do,  S. Ehlert,  Po-Tung Fang,  S. Fatehi,  
 Qingguo Feng,  T. Friedhoff,  B. Ganoe,  J. Gayvert,  Qinghui Ge,  
 G. Gidofalvi,  M. Goldey,  J. Gomes,  C. Gonzalez-Espinoza,  S. Gulania,  
 A. Gunina,  J. A. Gyamfi,  M. W. D. Hanson-Heine,  P. H. P. Harbach,  
 A. W. Hauser,  M. F. Herbst,  M. Hernandez Vera,  M. Hodecker,  
 Z. C. Holden,  S. Houck,  Xunkun Huang,  Kerwin Hui,  B. C. Huynh,  
 K. Ikeda,  M. Ivanov,  Hyunjun Ji,  Zuxin Jin,  Hanjie Jiang,  B. Kaduk,  
 S. Kaehler,  R. Kang,  K. Khistyaev,  Jaehoon Kim,  Yongbin Kim,  
 P. Klunzinger,  Z. Koczor-Benda,  Joong Hoon Koh,  D. Kosenkov,  
 Saikiran Kotaru,  L. Koulias,  T. Kowalczyk,  C. M. Krauter,  K. Kue,  
 A. Kunitsa,  T. Kus,  A. Landau,  K. V. Lawler,  D. Lefrancois,  S. Lehtola,  
 Rain Li,  Shaozhi Li,  Yi-Pei Li,  Jiashu Liang,  M. Liebenthal,  
 Hung-Hsuan Lin,  You-Sheng Lin,  Fenglai Liu,  Kuan-Yu Liu,  
 M. Loipersberger,  A. Luenser,  C. Malbon,  A. Manjanath,  P. Manohar,  
 E. Mansoor,  S. F. Manzer,  Shan-Ping Mao,  A. V. Marenich,  T. Markovich,  
 S. Mason,  F. Matz,  S. A. Maurer,  P. F. McLaughlin,  M. F. S. J. Menger,  
 J.-M. Mewes,  S. A. Mewes,  P. Morgante,  Mohammad Mostafanejad,  
 J. W. Mullinax,  K. J. Oosterbaan,  G. Paran,  V. Parravicini,  
 Alexander C. Paul,  Suranjan K. Paul,  F. Pavosevic,  Zheng Pei,  S. Prager,  
 E. I. Proynov,  E. Ramos,  B. Rana,  A. E. Rask,  A. Rettig,  R. M. Richard,  
 F. Rob,  E. Rossomme,  T. Scheele,  M. Scheurer,  M. Schneider,  
 P. E. Schneider,  N. Sergueev,  S. M. Sharada,  Hengyuan Shen,  
 W. Skomorowski,  D. W. Small,  C. J. Stein,  Yingli Su,  Yu-Chuan Su,  
 E. J. Sundstrom,  Zhen Tao,  J. Thirman,  Hung-Yi Tsai,  T. Tsuchimochi,  
 N. M. Tubman,  C. Utku,  S. P. Veccham,  O. Vydrov,  J. Wenzel,  
 Jonathan Wong,  J. Witte,  A. Yamada,  Chou-Hsun Yang,  Kun Yao,  
 S. Yeganeh,  S. R. Yost,  A. Zech,  F. Zeller,  Igor Ying Zhang,  
 Xing Zhang,  Yu Zhang,  D. Zuev,  A. Aspuru-Guzik,  A. T. Bell,  
 N. A. Besley,  K. B. Bravaya,  B. R. Brooks,  D. Casanova,  Jeng-Da Chai,  
 Hsing-Ta Chen,  S. Coriani,  C. J. Cramer,  A. E. DePrince, III,  
 R. A. DiStasio Jr.,  A. Dreuw,  B. D. Dunietz,  T. R. Furlani,  
 W. A. Goddard III,  S. Grimme,  S. Hammes-Schiffer,  T. Head-Gordon,  
 W. J. Hehre,  Chao-Ping Hsu,  T.-C. Jagau,  Yousung Jung,  A. Klamt,  
 Jing Kong,  D. S. Lambrecht,  Xiangyuan Li,  WanZhen Liang,  N. J. Mayhall,  
 C. W. McCurdy,  J. B. Neaton,  T. Neudecker,  C. Ochsenfeld,  
 J. A. Parkhill,  R. Peverati,  V. A. Rassolov,  Haisheng Ren,  Yihan Shao,  
 L. V. Slipchenko,  R. P. Steele,  J. E. Subotnik,  A. J. W. Thom,  
 A. Tkatchenko,  D. G. Truhlar,  T. Van Voorhis,  Fan Wang,  
 T. A. Wesolowski,  K. B. Whaley,  H. L. Woodcock III,  P. M. Zimmerman,  
 S. Faraji,  P. M. W. Gill,  M. Head-Gordon,  J. M. Herbert,  A. I. Krylov

 Contributors to earlier versions of Q-Chem not listed above: 
 R. D. Adamson,  B. Austin,  R. Baer,  J. Baker,  G. J. O. Beran,  
 K. Brandhorst,  S. T. Brown,  E. F. C. Byrd,  Arup K. Chakraborty,  
 G. K. L. Chan,  Chun-Min Chang,  Yunqing Chen,  C.-L. Cheng,  
 Siu Hung Chien,  D. M. Chipman,  D. L. Crittenden,  H. Dachsel,  
 R. J. Doerksen,  A. D. Dutoi,  R. G. Edgar,  J. Fosso-Tande,  
 L. Fusti-Molnar,  D. Ghosh,  A. Ghysels,  A. Golubeva-Zadorozhnaya,  
 J. Gonthier,  M. S. Gordon,  S. R. Gwaltney,  G. Hawkins,  J. E. Herr,  
 A. Heyden,  S. Hirata,  E. G. Hohenstein,  G. Kedziora,  F. J. Keil,  
 C. Kelley,  Jihan Kim,  R. A. King,  R. Z. Khaliullin,  P. P. Korambath,  
 W. Kurlancheek,  A. Laurent,  A. M. Lee,  M. S. Lee,  S. V. Levchenko,  
 Ching Yeh Lin,  D. Liotard,  E. Livshits,  R. C. Lochan,  I. Lotan,  
 L. A. Martinez-Martinez,  P. E. Maslen,  N. Nair,  D. P. O'Neill,  
 D. Neuhauser,  E. Neuscamman,  C. M. Oana,  R. Olivares-Amaya,  R. Olson,  
 T. M. Perrine,  B. Peters,  P. A. Pieniazek,  A. Prociuk,  Y. M. Rhee,  
 J. Ritchie,  M. A. Rohrdanz,  E. Rosta,  N. J. Russ,  H. F. Schaefer III,  
 M. W. Schmidt,  N. E. Schultz,  S. Sharma,  N. Shenvi,  C. D. Sherrill,  
 A. C. Simmonett,  A. Sodt,  T. Stein,  D. Stuck,  K. S. Thanthiriwatte,  
 V. Vanovschi,  L. Vogt,  Tao Wang,  A. Warshel,  M. A. Watson,  
 C. F. Williams,  Q. Wu,  X. Xu,  Jun Yang,  W. Zhang,  Yan Zhao

   Please cite Q-Chem as follows:
  "Software for the frontiers of quantum chemistry:
   An overview of developments in the Q-Chem 5 package"
   J. Chem. Phys. 155, 084801 (2021)
   https://doi.org/10.1063/5.0055522 (open access)

 Q-Chem 6.0.2 for Intel X86 EM64T Linux

 Parts of Q-Chem use Armadillo 9.900.5 (Nocturnal Misbehaviour).
 http://arma.sourceforge.net/

 Q-Chem begins on Mon Jan  6 16:17:49 2025  

 Host: 
0

     Scratch files written to /expanse/lustre/scratch/whughes/temp_project/job_36180323/ca6-ts2-triplet-wb97xd-conf2-B97mV-readSCF-36180323//
 Dec722 |scratch|qcdevops|jenkins|workspace|build_RNUM    
 Processing $rem in /cm/shared/apps/spack/0.17.3/cpu/b/opt/spack/linux-rocky8-zen2/gcc-10.2.0/qchem-6.0-rytxnwjazd34ekd2gqyi5ufsaimxsd3r/config/preferences:
 Processing $rem in /home/whughes/.qchemrc:

 Checking the input file for inconsistencies... 	...done.

--------------------------------------------------------------
User input:
--------------------------------------------------------------

$molecule
0 3
C    0.1794437443    2.098965557     -0.6631228868
C    0.7827535058    0.6793212827    -0.7767068524
C    0.3841811932    0.0314850316    0.5211589308
C    -0.9019870769   0.6524179217    0.9153098577
C    -1.042274182    1.9134759674    0.2382062793
O    -1.9918178523   2.6772587192    0.3146774299
C    -0.4750731254   -2.3833378725   -0.1170186747
C    -1.7778143356   -2.1694720512   -0.3289738762
C    -2.7362876669   -2.2637548239   0.7219442082
N    -3.5057221534   -2.3285899888   1.5741511386
H    0.8708213222    2.7870892971    -0.1681486098
H    -0.0986496068   2.538383128     -1.6197549946
H    0.3038828061    0.1675417718    -1.619408763
H    1.8579255839    0.6690612386    -0.9466977564
H    0.2296822101    -2.3414874054   -0.9353416341
H    -0.1051226688   -2.7037522023   0.8472346652
H    -2.1601248849   -1.8946608337   -1.3038148406
H    -1.6599314962   0.2277033434    1.5584360492
H    1.1406489836    -0.1249589909   1.2876493597
$end

$rem
METHOD      B97M-V
BASIS       def2-QZVPP
SYM_IGNORE   TRUE
DFT_D       false
SCF_GUESS   read
MAX_SCF_CYCLES 300
$end
--------------------------------------------------------------
 ----------------------------------------------------------------
             Standard Nuclear Orientation (Angstroms)
    I     Atom           X                Y                Z
 ----------------------------------------------------------------
    1      C       0.1794437443     2.0989655570    -0.6631228868
    2      C       0.7827535058     0.6793212827    -0.7767068524
    3      C       0.3841811932     0.0314850316     0.5211589308
    4      C      -0.9019870769     0.6524179217     0.9153098577
    5      C      -1.0422741820     1.9134759674     0.2382062793
    6      O      -1.9918178523     2.6772587192     0.3146774299
    7      C      -0.4750731254    -2.3833378725    -0.1170186747
    8      C      -1.7778143356    -2.1694720512    -0.3289738762
    9      C      -2.7362876669    -2.2637548239     0.7219442082
   10      N      -3.5057221534    -2.3285899888     1.5741511386
   11      H       0.8708213222     2.7870892971    -0.1681486098
   12      H      -0.0986496068     2.5383831280    -1.6197549946
   13      H       0.3038828061     0.1675417718    -1.6194087630
   14      H       1.8579255839     0.6690612386    -0.9466977564
   15      H       0.2296822101    -2.3414874054    -0.9353416341
   16      H      -0.1051226688    -2.7037522023     0.8472346652
   17      H      -2.1601248849    -1.8946608337    -1.3038148406
   18      H      -1.6599314962     0.2277033434     1.5584360492
   19      H       1.1406489836    -0.1249589909     1.2876493597
 ----------------------------------------------------------------
 Nuclear Repulsion Energy =         459.91569028 hartrees
 There are       37 alpha and       35 beta electrons
 Requested basis set is def2-QZVPP
 There are 260 shells and 840 basis functions

 Total QAlloc Memory Limit   8000 MB
 Mega-Array Size       188 MB
 MEM_STATIC part       192 MB

 A cutoff of  1.0D-09 yielded  24079 shell pairs
 There are    241799 function pairs (    358831 Cartesian)
 Smallest overlap matrix eigenvalue = 2.04E-05

 Q-Chem warning in module stvman/mkSTV.C, line 305:

 Overlap eigenvalue is smaller than square root of threshold
 Use THRESH >= 12 to get rid of this warning


 Scale SEOQF with 1.000000e-01/1.000000e-01/1.000000e-01

 Standard Electronic Orientation quadrupole field applied
 Nucleus-field energy     =     0.0000000219 hartrees
 Guess MOs from SCF MO coefficient file

 -----------------------------------------------------------------------
  General SCF calculation program by
  Eric Jon Sundstrom, Paul Horn, Yuezhi Mao, Dmitri Zuev, Alec White,
  David Stuck, Shaama M.S., Shane Yost, Joonho Lee, David Small,
  Daniel Levine, Susi Lehtola, Hugh Burton, Evgeny Epifanovsky,
  Bang C. Huynh
 -----------------------------------------------------------------------
 Exchange:  B97M-V      Correlation:  B97M-V
 Using SG-2 standard quadrature grid
 Nonlocal Correlation:  VV10 with C = 0.0100 and b = 6.00 and scale = 1.00000
 Grid used for NLC:  SG-1 standard quadrature
 using 32 threads for integral computing
 -------------------------------------------------------
 OpenMP Integral computing Module                
 Release: version 1.0, May 2013, Q-Chem Inc. Pittsburgh 
 -------------------------------------------------------
 A unrestricted SCF calculation will be
 performed using DIIS
 SCF converges when DIIS error is below 1.0e-05
 ---------------------------------------
  Cycle       Energy         DIIS error
 ---------------------------------------
    1    -440.1939494025      1.35e-03  
    2    -440.2415524964      5.05e-05  
    3    -440.2400210390      8.13e-05  
    4    -440.2418982247      2.99e-05  
    5    -440.2421318210      1.05e-05  
    6    -440.2421733685      3.15e-06  Convergence criterion met
 ---------------------------------------
 SCF time:   CPU 2301.50s  wall 74.00s 
<S^2> =          2.020422349
 SCF   energy in the final basis set =     -440.2421733685
 Total energy in the final basis set =     -440.2421733685
 
 --------------------------------------------------------------
 
                    Orbital Energies (a.u.)
 --------------------------------------------------------------
 
 Alpha MOs
 -- Occupied --
-19.1536 -14.3326 -10.2657 -10.2372 -10.2322 -10.2308 -10.2240 -10.2190
-10.2123 -10.2024  -1.0453  -0.9045  -0.8549  -0.8061  -0.7261  -0.6916
 -0.6410  -0.5805  -0.5309  -0.5169  -0.4809  -0.4650  -0.4567  -0.4166
 -0.3961  -0.3944  -0.3898  -0.3823  -0.3713  -0.3629  -0.3439  -0.3435
 -0.3178  -0.2944  -0.2572  -0.2414  -0.1783
 -- Virtual --
 -0.0788  -0.0208  -0.0198   0.0017   0.0083   0.0209   0.0248   0.0399
  0.0479   0.0593   0.0617   0.0693   0.0780   0.0853   0.0967   0.1033
  0.1042   0.1185   0.1284   0.1352   0.1482   0.1526   0.1564   0.1614
  0.1679   0.1701   0.1834   0.1911   0.2048   0.2067   0.2145   0.2240
  0.2418   0.2442   0.2568   0.2615   0.2691   0.2760   0.2781   0.2787
  0.2884   0.2911   0.2984   0.3008   0.3046   0.3120   0.3234   0.3339
  0.3368   0.3414   0.3503   0.3552   0.3659   0.3769   0.3822   0.3938
  0.4054   0.4119   0.4158   0.4293   0.4306   0.4371   0.4436   0.4737
  0.4894   0.4978   0.5035   0.5094   0.5253   0.5308   0.5408   0.5588
  0.5723   0.5820   0.5890   0.5995   0.6040   0.6099   0.6174   0.6252
  0.6342   0.6433   0.6553   0.6619   0.6761   0.6935   0.7003   0.7175
  0.7205   0.7231   0.7416   0.7482   0.7501   0.7612   0.7714   0.7726
  0.7835   0.7930   0.7943   0.8039   0.8043   0.8141   0.8210   0.8230
  0.8316   0.8385   0.8470   0.8500   0.8550   0.8638   0.8681   0.8872
  0.8901   0.9035   0.9089   0.9207   0.9261   0.9456   0.9534   0.9594
  0.9626   0.9740   0.9934   1.0013   1.0032   1.0052   1.0213   1.0305
  1.0400   1.0528   1.0711   1.0770   1.0853   1.0946   1.1013   1.1152
  1.1268   1.1354   1.1478   1.1673   1.1733   1.1765   1.1847   1.2082
  1.2141   1.2342   1.2454   1.2571   1.2608   1.2815   1.2928   1.3034
  1.3095   1.3157   1.3407   1.3560   1.3596   1.3707   1.3737   1.3991
  1.4114   1.4310   1.4565   1.4632   1.4758   1.4871   1.4900   1.4961
  1.5072   1.5181   1.5261   1.5346   1.5593   1.5715   1.5851   1.6064
  1.6176   1.6340   1.6487   1.6573   1.6666   1.6849   1.6958   1.7158
  1.7287   1.7441   1.7525   1.7645   1.7688   1.7896   1.7965   1.8044
  1.8246   1.8318   1.8473   1.8641   1.8658   1.8747   1.8836   1.8932
  1.9067   1.9096   1.9213   1.9344   1.9393   1.9586   1.9672   1.9785
  1.9865   1.9948   2.0054   2.0192   2.0312   2.0412   2.0493   2.0681
  2.0703   2.0816   2.0845   2.0920   2.1043   2.1160   2.1271   2.1315
  2.1473   2.1583   2.1676   2.1786   2.1896   2.1983   2.2131   2.2199
  2.2236   2.2350   2.2400   2.2493   2.2590   2.2725   2.2837   2.2866
  2.3012   2.3214   2.3299   2.3513   2.3534   2.3682   2.3804   2.3829
  2.4068   2.4167   2.4290   2.4311   2.4448   2.4516   2.4806   2.4881
  2.4985   2.5109   2.5221   2.5327   2.5363   2.5518   2.5558   2.5654
  2.5708   2.5924   2.6030   2.6133   2.6316   2.6383   2.6536   2.6569
  2.6649   2.6739   2.6762   2.6890   2.7009   2.7073   2.7137   2.7229
  2.7243   2.7502   2.7625   2.7691   2.7758   2.7795   2.7850   2.7919
  2.8138   2.8214   2.8290   2.8478   2.8563   2.8616   2.8759   2.8846
  2.8986   2.9100   2.9206   2.9344   2.9459   2.9609   2.9662   2.9798
  2.9933   2.9998   3.0064   3.0245   3.0359   3.0445   3.0577   3.0731
  3.0806   3.0817   3.0949   3.1125   3.1269   3.1361   3.1560   3.1710
  3.1950   3.2022   3.2239   3.2402   3.2553   3.2680   3.2813   3.2895
  3.3034   3.3412   3.3790   3.3870   3.3984   3.4080   3.4242   3.4355
  3.4500   3.4598   3.4682   3.4850   3.4998   3.5252   3.5451   3.5592
  3.5887   3.5913   3.6045   3.6160   3.6322   3.6437   3.6596   3.6690
  3.6801   3.7035   3.7132   3.7326   3.7410   3.7485   3.7594   3.7737
  3.7921   3.8301   3.8351   3.8569   3.8643   3.8713   3.9188   3.9231
  3.9437   3.9659   3.9702   3.9804   3.9881   4.0059   4.0120   4.0217
  4.0515   4.0537   4.0724   4.0813   4.1064   4.1236   4.1454   4.1509
  4.1646   4.1834   4.2072   4.2707   4.2733   4.3017   4.3118   4.3334
  4.3514   4.3933   4.4338   4.4782   4.5011   4.5685   4.5764   4.6373
  4.6639   4.7035   4.7190   4.7433   4.8216   4.8380   4.9018   4.9455
  4.9623   4.9865   4.9996   5.0064   5.0252   5.0301   5.0541   5.0775
  5.0811   5.1222   5.1347   5.1591   5.1640   5.1764   5.1973   5.2246
  5.2514   5.2770   5.2835   5.2954   5.3108   5.3240   5.3443   5.3653
  5.4110   5.4284   5.4360   5.4559   5.4813   5.4900   5.5100   5.5408
  5.5557   5.5859   5.5967   5.6228   5.6362   5.6547   5.6724   5.6913
  5.7137   5.7452   5.7579   5.7670   5.7810   5.8042   5.8093   5.8314
  5.8446   5.8608   5.8818   5.8959   5.9057   5.9138   5.9311   5.9349
  5.9738   5.9979   6.0076   6.0122   6.0250   6.0398   6.0517   6.0631
  6.0768   6.0819   6.0842   6.1047   6.1376   6.1493   6.1576   6.1676
  6.1725   6.1928   6.2027   6.2164   6.2332   6.2407   6.2439   6.2523
  6.2645   6.2797   6.2970   6.3014   6.3101   6.3171   6.3428   6.3528
  6.3546   6.3642   6.3757   6.3841   6.4047   6.4117   6.4183   6.4249
  6.4427   6.4545   6.4683   6.4781   6.4821   6.4910   6.5094   6.5134
  6.5245   6.5326   6.5440   6.5512   6.5708   6.5753   6.5845   6.5955
  6.6057   6.6221   6.6325   6.6465   6.6569   6.6756   6.6903   6.7087
  6.7186   6.7296   6.7417   6.7611   6.7768   6.7815   6.7948   6.8028
  6.8080   6.8195   6.8334   6.8441   6.8689   6.8824   6.8931   6.9011
  6.9257   6.9410   6.9480   6.9581   6.9769   6.9961   7.0100   7.0246
  7.0392   7.0497   7.0753   7.0828   7.0912   7.1225   7.1256   7.1421
  7.1600   7.1806   7.1946   7.2124   7.2194   7.2255   7.2477   7.2481
  7.2647   7.2697   7.2931   7.3133   7.3260   7.3444   7.3651   7.3753
  7.4065   7.4153   7.4550   7.5095   7.5386   7.5450   7.5828   7.5924
  7.6261   7.6334   7.6343   7.6520   7.6765   7.7021   7.7164   7.7456
  7.7477   7.7600   7.7769   7.7970   7.8052   7.8544   7.8608   7.8743
  7.9187   7.9247   7.9391   7.9636   7.9779   7.9979   8.0137   8.0351
  8.0458   8.0626   8.0731   8.0926   8.1050   8.1281   8.1432   8.1546
  8.1597   8.1646   8.1758   8.1979   8.2225   8.2251   8.2625   8.2646
  8.2760   8.2915   8.2962   8.3422   8.3653   8.3790   8.4153   8.4213
  8.4391   8.4576   8.4668   8.4754   8.4919   8.5010   8.5219   8.5326
  8.5600   8.5748   8.5875   8.6161   8.6226   8.6532   8.6830   8.7030
  8.7083   8.7340   8.7385   8.7534   8.7837   8.8012   8.8054   8.8114
  8.8293   8.8394   8.8464   8.8498   8.8618   8.8934   8.9066   8.9121
  8.9207   8.9349   8.9554   8.9691   8.9855   8.9947   9.0099   9.0269
  9.0348   9.0466   9.0617   9.0714   9.0830   9.0847   9.0977   9.1305
  9.1475   9.1588   9.1747   9.1760   9.1972   9.2260   9.2349   9.2555
  9.2828   9.2893   9.2943   9.3191   9.3481   9.3504   9.3578   9.3643
  9.3872   9.3985   9.4046   9.4287   9.4624   9.4893   9.5097   9.5139
  9.5629   9.5816   9.6060   9.6160   9.6610   9.6722   9.6813   9.7321
  9.7722   9.8593   9.8716   9.8872   9.9150   9.9175   9.9601   9.9812
 10.0440  10.0916  10.1278  10.2109  10.2158  10.2273  10.2546  10.2584
 10.2975  10.3259  10.3886  10.4016  10.4308  10.4549  10.4807  10.5049
 10.5238  10.5331  10.5662  10.5906  10.6114  10.6308  10.6386  10.6536
 10.6988  10.7128  10.7940  10.8473  10.8795  10.9538  10.9855  11.0561
 11.0756  11.1562  11.3816  11.4473  11.4716  11.5499  11.6653  11.8031
 11.9230  12.0087  12.1267  12.3331  12.3366  12.3553  12.4806  12.5261
 12.5668  12.5992  12.6931  12.7165  13.0832  13.1093  13.1365  13.3314
 13.4367  13.4664  13.6218  13.6611  13.9507  14.6733  14.9228  29.0056
 29.0191  29.3549  29.4886  29.6861  29.7381  29.7634  30.1743  38.7956
 49.1704 150.9079 150.9322 151.2938 151.3586 151.5928 151.6805 151.7139
152.1067 201.5302 258.3227
 
 Beta MOs
 -- Occupied --
-19.1444 -14.3310 -10.2664 -10.2346 -10.2245 -10.2214 -10.2195 -10.2179
-10.2124 -10.2016  -1.0289  -0.9020  -0.8362  -0.8018  -0.7055  -0.6775
 -0.6392  -0.5632  -0.5195  -0.5141  -0.4710  -0.4599  -0.4500  -0.4070
 -0.3944  -0.3834  -0.3777  -0.3692  -0.3592  -0.3550  -0.3416  -0.3261
 -0.3170  -0.2760  -0.2308
 -- Virtual --
 -0.1849  -0.1127  -0.0548  -0.0183   0.0050   0.0066   0.0193   0.0241
  0.0275   0.0434   0.0525   0.0640   0.0659   0.0735   0.0826   0.0902
  0.1006   0.1059   0.1071   0.1227   0.1339   0.1410   0.1521   0.1597
  0.1640   0.1657   0.1742   0.1775   0.1889   0.1965   0.2103   0.2165
  0.2213   0.2299   0.2484   0.2493   0.2630   0.2660   0.2741   0.2800
  0.2823   0.2869   0.2935   0.2941   0.3042   0.3080   0.3100   0.3168
  0.3307   0.3391   0.3421   0.3481   0.3571   0.3640   0.3708   0.3823
  0.3903   0.4028   0.4098   0.4168   0.4206   0.4335   0.4402   0.4453
  0.4485   0.4811   0.4957   0.5062   0.5117   0.5146   0.5289   0.5361
  0.5470   0.5653   0.5773   0.5882   0.5934   0.6052   0.6099   0.6133
  0.6238   0.6311   0.6423   0.6535   0.6674   0.6741   0.6849   0.7023
  0.7069   0.7261   0.7271   0.7380   0.7472   0.7522   0.7571   0.7667
  0.7762   0.7796   0.7916   0.7980   0.8005   0.8106   0.8143   0.8174
  0.8286   0.8294   0.8380   0.8468   0.8566   0.8601   0.8645   0.8751
  0.8773   0.8947   0.8980   0.9130   0.9173   0.9261   0.9364   0.9512
  0.9606   0.9685   0.9709   0.9799   1.0019   1.0082   1.0107   1.0122
  1.0284   1.0393   1.0498   1.0618   1.0803   1.0843   1.0937   1.1015
  1.1109   1.1218   1.1316   1.1439   1.1570   1.1754   1.1814   1.1874
  1.1954   1.2177   1.2216   1.2413   1.2517   1.2639   1.2699   1.2890
  1.3024   1.3107   1.3223   1.3258   1.3499   1.3668   1.3694   1.3800
  1.3839   1.4101   1.4188   1.4366   1.4652   1.4759   1.4867   1.4978
  1.5015   1.5035   1.5159   1.5279   1.5361   1.5427   1.5673   1.5814
  1.5914   1.6163   1.6273   1.6416   1.6568   1.6689   1.6762   1.6905
  1.7077   1.7284   1.7424   1.7538   1.7611   1.7747   1.7788   1.8024
  1.8082   1.8115   1.8357   1.8463   1.8574   1.8726   1.8739   1.8831
  1.8929   1.9070   1.9202   1.9238   1.9354   1.9488   1.9507   1.9687
  1.9770   1.9887   1.9948   2.0024   2.0155   2.0328   2.0423   2.0524
  2.0581   2.0768   2.0794   2.0929   2.0985   2.1048   2.1191   2.1253
  2.1390   2.1453   2.1572   2.1672   2.1761   2.1887   2.1998   2.2084
  2.2248   2.2293   2.2407   2.2459   2.2563   2.2604   2.2725   2.2851
  2.2964   2.2989   2.3124   2.3329   2.3457   2.3641   2.3679   2.3823
  2.3905   2.3963   2.4224   2.4227   2.4402   2.4433   2.4559   2.4656
  2.4949   2.5040   2.5143   2.5259   2.5334   2.5494   2.5507   2.5612
  2.5660   2.5760   2.5859   2.6050   2.6191   2.6265   2.6429   2.6543
  2.6646   2.6686   2.6767   2.6851   2.6886   2.7035   2.7166   2.7171
  2.7236   2.7331   2.7377   2.7617   2.7720   2.7800   2.7865   2.7897
  2.8011   2.8028   2.8244   2.8307   2.8438   2.8610   2.8663   2.8713
  2.8895   2.8956   2.9141   2.9197   2.9318   2.9461   2.9577   2.9710
  2.9786   2.9936   3.0059   3.0120   3.0223   3.0371   3.0475   3.0578
  3.0695   3.0876   3.0912   3.0921   3.1087   3.1239   3.1356   3.1510
  3.1703   3.1835   3.2068   3.2221   3.2391   3.2559   3.2657   3.2770
  3.2981   3.3048   3.3216   3.3579   3.3912   3.3989   3.4122   3.4236
  3.4376   3.4506   3.4649   3.4723   3.4811   3.5047   3.5118   3.5365
  3.5603   3.5728   3.5996   3.6004   3.6190   3.6269   3.6441   3.6552
  3.6716   3.6775   3.6911   3.7191   3.7256   3.7441   3.7542   3.7630
  3.7778   3.7881   3.8095   3.8452   3.8474   3.8725   3.8759   3.8871
  3.9330   3.9372   3.9504   3.9736   3.9826   3.9933   4.0017   4.0158
  4.0258   4.0354   4.0639   4.0659   4.0815   4.0894   4.1241   4.1330
  4.1554   4.1691   4.1818   4.1897   4.2244   4.2871   4.2881   4.3201
  4.3292   4.3446   4.3725   4.4129   4.4518   4.4953   4.5112   4.5768
  4.5895   4.6582   4.6812   4.7217   4.7261   4.7635   4.8345   4.8573
  4.9201   4.9669   4.9687   4.9959   5.0112   5.0210   5.0321   5.0469
  5.0681   5.0909   5.1116   5.1414   5.1569   5.1656   5.1712   5.1987
  5.2152   5.2343   5.2692   5.2865   5.2990   5.3099   5.3234   5.3369
  5.3511   5.3830   5.4350   5.4413   5.4465   5.4620   5.4925   5.5066
  5.5255   5.5577   5.5747   5.6016   5.6138   5.6350   5.6520   5.6647
  5.6858   5.7013   5.7282   5.7658   5.7670   5.7799   5.7929   5.8151
  5.8277   5.8493   5.8583   5.8744   5.8916   5.9079   5.9158   5.9263
  5.9396   5.9525   5.9856   6.0112   6.0168   6.0274   6.0374   6.0532
  6.0592   6.0730   6.0894   6.0943   6.0996   6.1143   6.1584   6.1633
  6.1673   6.1750   6.1814   6.2010   6.2128   6.2284   6.2450   6.2510
  6.2563   6.2649   6.2711   6.2881   6.3073   6.3097   6.3196   6.3255
  6.3544   6.3615   6.3648   6.3728   6.3885   6.3916   6.4178   6.4310
  6.4333   6.4392   6.4511   6.4648   6.4820   6.4953   6.4982   6.5031
  6.5193   6.5303   6.5354   6.5447   6.5601   6.5645   6.5815   6.5917
  6.5956   6.6077   6.6190   6.6356   6.6472   6.6602   6.6666   6.6970
  6.7005   6.7222   6.7360   6.7447   6.7609   6.7771   6.7851   6.7987
  6.8087   6.8144   6.8200   6.8327   6.8439   6.8628   6.8893   6.8917
  6.8999   6.9098   6.9423   6.9585   6.9675   6.9692   6.9911   7.0138
  7.0188   7.0403   7.0514   7.0634   7.0858   7.0937   7.1105   7.1345
  7.1387   7.1503   7.1851   7.2096   7.2127   7.2202   7.2307   7.2420
  7.2516   7.2525   7.2839   7.2887   7.3151   7.3209   7.3421   7.3615
  7.3827   7.3889   7.4183   7.4264   7.4710   7.5286   7.5495   7.5619
  7.5990   7.6084   7.6390   7.6494   7.6512   7.6691   7.6958   7.7109
  7.7291   7.7523   7.7617   7.7733   7.7914   7.8062   7.8152   7.8650
  7.8673   7.8928   7.9262   7.9355   7.9521   7.9652   7.9902   8.0072
  8.0154   8.0416   8.0534   8.0730   8.0807   8.1061   8.1180   8.1334
  8.1483   8.1609   8.1713   8.1743   8.1872   8.2144   8.2304   8.2364
  8.2722   8.2768   8.2829   8.2903   8.3107   8.3592   8.3779   8.3872
  8.4243   8.4329   8.4483   8.4648   8.4784   8.4845   8.5048   8.5137
  8.5340   8.5425   8.5713   8.5908   8.5986   8.6284   8.6341   8.6649
  8.7023   8.7071   8.7183   8.7466   8.7516   8.7704   8.7923   8.8108
  8.8147   8.8213   8.8381   8.8456   8.8527   8.8567   8.8714   8.8980
  8.9125   8.9204   8.9288   8.9419   8.9593   8.9772   8.9885   9.0016
  9.0194   9.0353   9.0424   9.0547   9.0677   9.0730   9.0837   9.0901
  9.1064   9.1339   9.1529   9.1659   9.1781   9.1876   9.2108   9.2342
  9.2475   9.2635   9.2924   9.2956   9.3031   9.3250   9.3548   9.3649
  9.3706   9.3780   9.3995   9.4076   9.4129   9.4404   9.4587   9.4862
  9.5142   9.5191   9.5669   9.5917   9.6168   9.6337   9.6728   9.6836
  9.6957   9.7398   9.7948   9.8705   9.8794   9.8876   9.9167   9.9605
  9.9690  10.0062  10.0526  10.0839  10.1120  10.1762  10.2150  10.2492
 10.2604  10.2653  10.3088  10.3263  10.3929  10.3977  10.4370  10.4491
 10.4918  10.5136  10.5302  10.5493  10.5800  10.6020  10.6184  10.6383
 10.6443  10.6611  10.7036  10.7182  10.8066  10.8524  10.8992  10.9609
 10.9908  11.0799  11.1027  11.1625  11.3892  11.4818  11.5000  11.5844
 11.6710  11.8071  11.9655  12.0482  12.1328  12.3413  12.3720  12.3902
 12.4979  12.5696  12.5782  12.6229  12.7320  12.7601  12.9971  13.0468
 13.1016  13.3385  13.4387  13.4747  13.6653  13.6706  14.0005  14.7015
 14.9677  29.0099  29.0308  29.3961  29.5237  29.6879  29.7430  29.7684
 30.1768  38.8019  49.1998 150.9110 150.9368 151.3214 151.3792 151.5931
151.6809 151.7170 152.1072 201.5336 258.3400
 --------------------------------------------------------------
 
          Ground-State Mulliken Net Atomic Charges

     Atom                 Charge (a.u.)    Spin (a.u.)
  --------------------------------------------------------
      1 C                    -0.240037       0.052540
      2 C                    -0.219011      -0.012600
      3 C                    -0.311248       0.819933
      4 C                    -0.180199       0.700894
      5 C                     0.132972      -0.050088
      6 O                    -0.336195       0.315284
      7 C                    -0.353400      -0.043141
      8 C                    -0.177070       0.196314
      9 C                     0.085317      -0.045194
     10 N                    -0.234794       0.078649
     11 H                     0.192424      -0.002168
     12 H                     0.178732      -0.001433
     13 H                     0.196885       0.012471
     14 H                     0.150128      -0.002957
     15 H                     0.228854      -0.000285
     16 H                     0.203072       0.001147
     17 H                     0.223962      -0.011514
     18 H                     0.245312      -0.014490
     19 H                     0.214296       0.006637
  --------------------------------------------------------
  Sum of atomic charges =     0.000000
  Sum of spin   charges =     2.000000

 -----------------------------------------------------------------
                    Cartesian Multipole Moments
 -----------------------------------------------------------------
    Charge (ESU x 10^10)
                 0.0000
    Dipole Moment (Debye)
         X       5.6263      Y      -1.0007      Z      -2.6529
       Tot       6.3004
    Quadrupole Moments (Debye-Ang)
        XX     -77.5047     XY      -0.1262     YY     -69.0656
        XZ      10.0149     YZ       3.9376     ZZ     -60.2908
    Octopole Moments (Debye-Ang^2)
       XXX     252.1365    XXY      23.7540    XYY     106.3771
       YYY      10.1960    XXZ     -48.2702    XYZ     -19.3620
       YYZ     -27.3037    XZZ      74.1236    YZZ      15.6926
       ZZZ     -44.1977
    Hexadecapole Moments (Debye-Ang^3)
      XXXX   -1365.2483   XXXY    -317.4125   XXYY    -552.8604
      XYYY    -208.4352   YYYY   -1500.3127   XXXZ     292.8611
      XXYZ     104.5368   XYYZ     110.4943   YYYZ      93.2177
      XXZZ    -291.3384   XYZZ    -110.6011   YYZZ    -298.9374
      XZZZ     190.7167   YZZZ      98.7185   ZZZZ    -311.6014
 -----------------------------------------------------------------
 Total job time:  76.42s(wall), 2334.00s(cpu) 
 Mon Jan  6 16:19:06 2025

        *************************************************************
        *                                                           *
        *  Thank you very much for using Q-Chem.  Have a nice day.  *
        *                                                           *
        *************************************************************


