
Running Job 1 of 1 ca7-ts1-triplet-wb97xd-c1-B97mV.in
qchem ca7-ts1-triplet-wb97xd-c1-B97mV.in_1308822.0 /expanse/lustre/scratch/whughes/temp_project/job_32692607/ca7-ts1-triplet-wb97xd-c1-B97mV-32692607/ 0
/cm/shared/apps/spack/0.17.3/cpu/b/opt/spack/linux-rocky8-zen2/gcc-10.2.0/qchem-6.0-rytxnwjazd34ekd2gqyi5ufsaimxsd3r/exe/qcprog.exe_s ca7-ts1-triplet-wb97xd-c1-B97mV.in_1308822.0 /expanse/lustre/scratch/whughes/temp_project/job_32692607/ca7-ts1-triplet-wb97xd-c1-B97mV-32692607/
                  Welcome to Q-Chem
     A Quantum Leap Into The Future Of Chemistry


 Q-Chem 6.0, Q-Chem, Inc., Pleasanton, CA (2022)

 License issued to: University of California, San Diego (site)

 E. Epifanovsky,  A. T. B. Gilbert,  Xintian Feng,  Joonho Lee,  Yuezhi Mao,  
 N. Mardirossian,  P. Pokhilko,  A. White,  M. Wormit,  M. P. Coons,  
 A. L. Dempwolff,  Zhengting Gan,  D. Hait,  P. R. Horn,  L. D. Jacobson,  
 I. Kaliman,  J. Kussmann,  A. W. Lange,  Ka Un Lao,  D. S. Levine,  Jie Liu,  
 S. C. McKenzie,  A. F. Morrison,  K. Nanda,  F. Plasser,  D. R. Rehn,  
 M. L. Vidal,  Zhi-Qiang You,  Ying Zhu,  B. Alam,  B. Albrecht,  
 A. Aldossary,  E. Alguire,  J. H. Andersen,  V. Athavale,  D. Barton,  
 K. Begam,  A. Behn,  N. Bellonzi,  Y. A. Bernard,  E. J. Berquist,  
 H. Burton,  A. Carreras,  K. Carter-Fenk,  Romit Chakraborty,  
 Chandrima Chakravarty,  Junhan Chen,  A. D. Chien,  K. D. Closser,  
 V. Cofer-Shabica,  L. Cunha,  S. Dasgupta,  Jia Deng,  M. de Wergifosse,  
 M. Diedenhofen,  Hainam Do,  S. Ehlert,  Po-Tung Fang,  S. Fatehi,  
 Qingguo Feng,  T. Friedhoff,  B. Ganoe,  J. Gayvert,  Qinghui Ge,  
 G. Gidofalvi,  M. Goldey,  J. Gomes,  C. Gonzalez-Espinoza,  S. Gulania,  
 A. Gunina,  J. A. Gyamfi,  M. W. D. Hanson-Heine,  P. H. P. Harbach,  
 A. W. Hauser,  M. F. Herbst,  M. Hernandez Vera,  M. Hodecker,  
 Z. C. Holden,  S. Houck,  Xunkun Huang,  Kerwin Hui,  B. C. Huynh,  
 K. Ikeda,  M. Ivanov,  Hyunjun Ji,  Zuxin Jin,  Hanjie Jiang,  B. Kaduk,  
 S. Kaehler,  R. Kang,  K. Khistyaev,  Jaehoon Kim,  Yongbin Kim,  
 P. Klunzinger,  Z. Koczor-Benda,  Joong Hoon Koh,  D. Kosenkov,  
 Saikiran Kotaru,  L. Koulias,  T. Kowalczyk,  C. M. Krauter,  K. Kue,  
 A. Kunitsa,  T. Kus,  A. Landau,  K. V. Lawler,  D. Lefrancois,  S. Lehtola,  
 Rain Li,  Shaozhi Li,  Yi-Pei Li,  Jiashu Liang,  M. Liebenthal,  
 Hung-Hsuan Lin,  You-Sheng Lin,  Fenglai Liu,  Kuan-Yu Liu,  
 M. Loipersberger,  A. Luenser,  C. Malbon,  A. Manjanath,  P. Manohar,  
 E. Mansoor,  S. F. Manzer,  Shan-Ping Mao,  A. V. Marenich,  T. Markovich,  
 S. Mason,  F. Matz,  S. A. Maurer,  P. F. McLaughlin,  M. F. S. J. Menger,  
 J.-M. Mewes,  S. A. Mewes,  P. Morgante,  Mohammad Mostafanejad,  
 J. W. Mullinax,  K. J. Oosterbaan,  G. Paran,  V. Parravicini,  
 Alexander C. Paul,  Suranjan K. Paul,  F. Pavosevic,  Zheng Pei,  S. Prager,  
 E. I. Proynov,  E. Ramos,  B. Rana,  A. E. Rask,  A. Rettig,  R. M. Richard,  
 F. Rob,  E. Rossomme,  T. Scheele,  M. Scheurer,  M. Schneider,  
 P. E. Schneider,  N. Sergueev,  S. M. Sharada,  Hengyuan Shen,  
 W. Skomorowski,  D. W. Small,  C. J. Stein,  Yingli Su,  Yu-Chuan Su,  
 E. J. Sundstrom,  Zhen Tao,  J. Thirman,  Hung-Yi Tsai,  T. Tsuchimochi,  
 N. M. Tubman,  C. Utku,  S. P. Veccham,  O. Vydrov,  J. Wenzel,  
 Jonathan Wong,  J. Witte,  A. Yamada,  Chou-Hsun Yang,  Kun Yao,  
 S. Yeganeh,  S. R. Yost,  A. Zech,  F. Zeller,  Igor Ying Zhang,  
 Xing Zhang,  Yu Zhang,  D. Zuev,  A. Aspuru-Guzik,  A. T. Bell,  
 N. A. Besley,  K. B. Bravaya,  B. R. Brooks,  D. Casanova,  Jeng-Da Chai,  
 Hsing-Ta Chen,  S. Coriani,  C. J. Cramer,  A. E. DePrince, III,  
 R. A. DiStasio Jr.,  A. Dreuw,  B. D. Dunietz,  T. R. Furlani,  
 W. A. Goddard III,  S. Grimme,  S. Hammes-Schiffer,  T. Head-Gordon,  
 W. J. Hehre,  Chao-Ping Hsu,  T.-C. Jagau,  Yousung Jung,  A. Klamt,  
 Jing Kong,  D. S. Lambrecht,  Xiangyuan Li,  WanZhen Liang,  N. J. Mayhall,  
 C. W. McCurdy,  J. B. Neaton,  T. Neudecker,  C. Ochsenfeld,  
 J. A. Parkhill,  R. Peverati,  V. A. Rassolov,  Haisheng Ren,  Yihan Shao,  
 L. V. Slipchenko,  R. P. Steele,  J. E. Subotnik,  A. J. W. Thom,  
 A. Tkatchenko,  D. G. Truhlar,  T. Van Voorhis,  Fan Wang,  
 T. A. Wesolowski,  K. B. Whaley,  H. L. Woodcock III,  P. M. Zimmerman,  
 S. Faraji,  P. M. W. Gill,  M. Head-Gordon,  J. M. Herbert,  A. I. Krylov

 Contributors to earlier versions of Q-Chem not listed above: 
 R. D. Adamson,  B. Austin,  R. Baer,  J. Baker,  G. J. O. Beran,  
 K. Brandhorst,  S. T. Brown,  E. F. C. Byrd,  Arup K. Chakraborty,  
 G. K. L. Chan,  Chun-Min Chang,  Yunqing Chen,  C.-L. Cheng,  
 Siu Hung Chien,  D. M. Chipman,  D. L. Crittenden,  H. Dachsel,  
 R. J. Doerksen,  A. D. Dutoi,  R. G. Edgar,  J. Fosso-Tande,  
 L. Fusti-Molnar,  D. Ghosh,  A. Ghysels,  A. Golubeva-Zadorozhnaya,  
 J. Gonthier,  M. S. Gordon,  S. R. Gwaltney,  G. Hawkins,  J. E. Herr,  
 A. Heyden,  S. Hirata,  E. G. Hohenstein,  G. Kedziora,  F. J. Keil,  
 C. Kelley,  Jihan Kim,  R. A. King,  R. Z. Khaliullin,  P. P. Korambath,  
 W. Kurlancheek,  A. Laurent,  A. M. Lee,  M. S. Lee,  S. V. Levchenko,  
 Ching Yeh Lin,  D. Liotard,  E. Livshits,  R. C. Lochan,  I. Lotan,  
 L. A. Martinez-Martinez,  P. E. Maslen,  N. Nair,  D. P. O'Neill,  
 D. Neuhauser,  E. Neuscamman,  C. M. Oana,  R. Olivares-Amaya,  R. Olson,  
 T. M. Perrine,  B. Peters,  P. A. Pieniazek,  A. Prociuk,  Y. M. Rhee,  
 J. Ritchie,  M. A. Rohrdanz,  E. Rosta,  N. J. Russ,  H. F. Schaefer III,  
 M. W. Schmidt,  N. E. Schultz,  S. Sharma,  N. Shenvi,  C. D. Sherrill,  
 A. C. Simmonett,  A. Sodt,  T. Stein,  D. Stuck,  K. S. Thanthiriwatte,  
 V. Vanovschi,  L. Vogt,  Tao Wang,  A. Warshel,  M. A. Watson,  
 C. F. Williams,  Q. Wu,  X. Xu,  Jun Yang,  W. Zhang,  Yan Zhao

   Please cite Q-Chem as follows:
  "Software for the frontiers of quantum chemistry:
   An overview of developments in the Q-Chem 5 package"
   J. Chem. Phys. 155, 084801 (2021)
   https://doi.org/10.1063/5.0055522 (open access)

 Q-Chem 6.0.2 for Intel X86 EM64T Linux

 Parts of Q-Chem use Armadillo 9.900.5 (Nocturnal Misbehaviour).
 http://arma.sourceforge.net/

 Q-Chem begins on Thu Aug  1 11:49:50 2024  

 Host: 
0

     Scratch files written to /expanse/lustre/scratch/whughes/temp_project/job_32692607/ca7-ts1-triplet-wb97xd-c1-B97mV-32692607//
 Dec722 |scratch|qcdevops|jenkins|workspace|build_RNUM    
 Processing $rem in /cm/shared/apps/spack/0.17.3/cpu/b/opt/spack/linux-rocky8-zen2/gcc-10.2.0/qchem-6.0-rytxnwjazd34ekd2gqyi5ufsaimxsd3r/config/preferences:
 Processing $rem in /home/whughes/.qchemrc:

 Checking the input file for inconsistencies... 	...done.

--------------------------------------------------------------
User input:
--------------------------------------------------------------
$molecule
0 3
C    0.8820730978    0.4469936578    -1.5606777611
C    0.9456301734    -0.7554287526   -0.9666274609
C    0.6568013439    -0.9069825028   0.445033135
C    0.50131075      0.3281494717    1.233614265
C    0.4585102132    1.5308495431    0.6211335456
C    0.5964021115    1.6510240165    -0.7914842988
C    0.4729130176    2.9676129671    -1.4006238438
C    0.6304513404    3.0949505636    -2.9004815328
O    0.2406496625    3.9577059857    -0.7178888234
C    -1.5532797022   -1.6455019817   0.5981276204
C    -2.2270726789   -0.6252783992   1.1935050891
O    1.1489738812    -2.0271372136   1.0329089175
C    0.2853044742    -2.5696367938   2.0125628526
C    -1.067630057    -2.8519498854   1.3523761579
H    1.0614497807    0.5269478126    -2.624014115
H    1.1820143549    -1.6517470926   -1.526541037
H    0.4306234448    0.2553011283    2.3102342595
H    0.3133167843    2.4401994972    1.18834888
H    -0.091957028    2.4672174509    -3.4274819534
H    0.4766076705    4.1340211447    -3.1807121601
H    1.62831322      2.7816086981    -3.2166544467
H    -1.5776401803   -1.7120541173   -0.4830596326
H    -2.6281540445   0.196902671     0.6177258651
H    -2.3549965656   -0.584303676    2.2693377945
H    0.159800038     -1.8754811008   2.8499373564
H    0.763075116     -3.4749711443   2.3832186889
H    -0.9578256015   -3.701100163    0.6770711491
H    -1.7801496169   -3.1343917852   2.130817489
$end

$rem
METHOD      B97M-V
BASIS       def2-QZVPP
SYM_IGNORE   TRUE
DFT_D       false
MAX_SCF_CYCLES 300
$end

$end
--------------------------------------------------------------
 ----------------------------------------------------------------
             Standard Nuclear Orientation (Angstroms)
    I     Atom           X                Y                Z
 ----------------------------------------------------------------
    1      C       0.8820730978     0.4469936578    -1.5606777611
    2      C       0.9456301734    -0.7554287526    -0.9666274609
    3      C       0.6568013439    -0.9069825028     0.4450331350
    4      C       0.5013107500     0.3281494717     1.2336142650
    5      C       0.4585102132     1.5308495431     0.6211335456
    6      C       0.5964021115     1.6510240165    -0.7914842988
    7      C       0.4729130176     2.9676129671    -1.4006238438
    8      C       0.6304513404     3.0949505636    -2.9004815328
    9      O       0.2406496625     3.9577059857    -0.7178888234
   10      C      -1.5532797022    -1.6455019817     0.5981276204
   11      C      -2.2270726789    -0.6252783992     1.1935050891
   12      O       1.1489738812    -2.0271372136     1.0329089175
   13      C       0.2853044742    -2.5696367938     2.0125628526
   14      C      -1.0676300570    -2.8519498854     1.3523761579
   15      H       1.0614497807     0.5269478126    -2.6240141150
   16      H       1.1820143549    -1.6517470926    -1.5265410370
   17      H       0.4306234448     0.2553011283     2.3102342595
   18      H       0.3133167843     2.4401994972     1.1883488800
   19      H      -0.0919570280     2.4672174509    -3.4274819534
   20      H       0.4766076705     4.1340211447    -3.1807121601
   21      H       1.6283132200     2.7816086981    -3.2166544467
   22      H      -1.5776401803    -1.7120541173    -0.4830596326
   23      H      -2.6281540445     0.1969026710     0.6177258651
   24      H      -2.3549965656    -0.5843036760     2.2693377945
   25      H       0.1598000380    -1.8754811008     2.8499373564
   26      H       0.7630751160    -3.4749711443     2.3832186889
   27      H      -0.9578256015    -3.7011001630     0.6770711491
   28      H      -1.7801496169    -3.1343917852     2.1308174890
 ----------------------------------------------------------------
 Nuclear Repulsion Energy =         870.90207189 hartrees
 There are       52 alpha and       50 beta electrons
 Requested basis set is def2-QZVPP
 There are 378 shells and 1218 basis functions

 Total QAlloc Memory Limit   8000 MB
 Mega-Array Size       188 MB
 MEM_STATIC part       192 MB

 A cutoff of  1.0D-09 yielded  44769 shell pairs
 There are    442383 function pairs (    654977 Cartesian)
 Smallest overlap matrix eigenvalue = 5.79E-06

 Q-Chem warning in module stvman/mkSTV.C, line 305:

 Overlap eigenvalue is smaller than square root of threshold
 Use THRESH >= 12 to get rid of this warning


 Scale SEOQF with 1.000000e-01/1.000000e-01/1.000000e-01

 Standard Electronic Orientation quadrupole field applied
 Nucleus-field energy     =     0.0000000148 hartrees
 Guess from superposition of atomic densities
 Warning:  Energy on first SCF cycle will be non-variational
 SAD guess density has 102.000000 electrons

 -----------------------------------------------------------------------
  General SCF calculation program by
  Eric Jon Sundstrom, Paul Horn, Yuezhi Mao, Dmitri Zuev, Alec White,
  David Stuck, Shaama M.S., Shane Yost, Joonho Lee, David Small,
  Daniel Levine, Susi Lehtola, Hugh Burton, Evgeny Epifanovsky,
  Bang C. Huynh
 -----------------------------------------------------------------------
 Exchange:  B97M-V      Correlation:  B97M-V
 Using SG-2 standard quadrature grid
 Nonlocal Correlation:  VV10 with C = 0.0100 and b = 6.00 and scale = 1.00000
 Grid used for NLC:  SG-1 standard quadrature
 using 32 threads for integral computing
 -------------------------------------------------------
 OpenMP Integral computing Module                
 Release: version 1.0, May 2013, Q-Chem Inc. Pittsburgh 
 -------------------------------------------------------
 A unrestricted SCF calculation will be
 performed using DIIS
 SCF converges when DIIS error is below 1.0e-05
 ---------------------------------------
  Cycle       Energy         DIIS error
 ---------------------------------------
    1    -618.7110176561      5.30e-03  
    2    -615.9536204281      6.40e-04  
    3    -615.1248216495      1.16e-03  
    4    -615.8271852499      6.89e-04  
    5    -616.2256606472      1.89e-04  
    6    -616.1902427966      2.38e-04  
    7    -616.2485914216      6.55e-05  
    8    -616.2519809220      2.75e-05  
    9    -616.2523754843      1.95e-05  
   10    -616.2527091224      5.19e-06  Convergence criterion met
 ---------------------------------------
 SCF time:   CPU 7755.60s  wall 249.00s 
<S^2> =          2.018880548
 SCF   energy in the final basis set =     -616.2527091224
 Total energy in the final basis set =     -616.2527091224
 
 --------------------------------------------------------------
 
                    Orbital Energies (a.u.)
 --------------------------------------------------------------
 
 Alpha MOs
 -- Occupied --
-19.1981 -19.1159 -10.2612 -10.2520 -10.2432 -10.2053 -10.2047 -10.2035
-10.2020 -10.1966 -10.1942 -10.1894 -10.1871 -10.1684  -1.0825  -1.0132
 -0.8475  -0.8034  -0.7618  -0.7539  -0.7246  -0.6974  -0.6537  -0.5988
 -0.5918  -0.5543  -0.5333  -0.5095  -0.4788  -0.4738  -0.4555  -0.4454
 -0.4296  -0.4141  -0.4139  -0.4113  -0.4057  -0.3873  -0.3811  -0.3657
 -0.3605  -0.3484  -0.3462  -0.3339  -0.3280  -0.3235  -0.2894  -0.2766
 -0.2599  -0.2144  -0.2126  -0.1238
 -- Virtual --
 -0.0502  -0.0405  -0.0053   0.0059   0.0064   0.0160   0.0288   0.0354
  0.0415   0.0549   0.0589   0.0614   0.0636   0.0753   0.0770   0.0849
  0.0861   0.0997   0.1009   0.1036   0.1089   0.1141   0.1253   0.1338
  0.1370   0.1419   0.1477   0.1514   0.1541   0.1618   0.1699   0.1755
  0.1825   0.1886   0.2002   0.2079   0.2114   0.2126   0.2197   0.2221
  0.2295   0.2317   0.2382   0.2460   0.2533   0.2571   0.2619   0.2624
  0.2707   0.2734   0.2773   0.2818   0.2873   0.2914   0.2953   0.2995
  0.3018   0.3067   0.3119   0.3151   0.3175   0.3198   0.3304   0.3323
  0.3377   0.3434   0.3503   0.3540   0.3562   0.3602   0.3647   0.3788
  0.3851   0.3892   0.4056   0.4110   0.4170   0.4244   0.4300   0.4385
  0.4432   0.4517   0.4565   0.4638   0.4659   0.4710   0.4826   0.4857
  0.4896   0.4957   0.5007   0.5098   0.5193   0.5198   0.5278   0.5286
  0.5422   0.5455   0.5537   0.5601   0.5717   0.5763   0.5836   0.5887
  0.5915   0.5957   0.6034   0.6076   0.6180   0.6233   0.6332   0.6391
  0.6432   0.6625   0.6652   0.6750   0.6869   0.6899   0.6959   0.7038
  0.7081   0.7190   0.7245   0.7334   0.7351   0.7381   0.7444   0.7555
  0.7596   0.7708   0.7758   0.7785   0.7849   0.7968   0.7979   0.8017
  0.8091   0.8113   0.8148   0.8229   0.8304   0.8356   0.8369   0.8409
  0.8465   0.8546   0.8644   0.8666   0.8720   0.8745   0.8798   0.8916
  0.8944   0.8976   0.9070   0.9091   0.9142   0.9191   0.9252   0.9325
  0.9371   0.9429   0.9474   0.9556   0.9584   0.9665   0.9720   0.9792
  0.9884   0.9934   1.0024   1.0068   1.0152   1.0198   1.0258   1.0307
  1.0366   1.0391   1.0453   1.0546   1.0631   1.0682   1.0745   1.0804
  1.0845   1.0931   1.1032   1.1143   1.1222   1.1321   1.1402   1.1430
  1.1539   1.1652   1.1729   1.1754   1.1870   1.1959   1.2070   1.2147
  1.2199   1.2323   1.2441   1.2523   1.2545   1.2606   1.2737   1.2816
  1.2902   1.2946   1.3019   1.3084   1.3187   1.3246   1.3434   1.3437
  1.3528   1.3555   1.3633   1.3870   1.3911   1.4017   1.4115   1.4233
  1.4249   1.4284   1.4429   1.4516   1.4524   1.4623   1.4755   1.4820
  1.4912   1.5006   1.5117   1.5198   1.5284   1.5442   1.5516   1.5539
  1.5689   1.5727   1.5814   1.5863   1.5955   1.6069   1.6145   1.6379
  1.6422   1.6565   1.6603   1.6694   1.6758   1.6833   1.7041   1.7163
  1.7292   1.7408   1.7504   1.7621   1.7665   1.7797   1.7887   1.7925
  1.7988   1.8127   1.8168   1.8231   1.8244   1.8345   1.8424   1.8489
  1.8587   1.8715   1.8763   1.8863   1.8987   1.9089   1.9154   1.9186
  1.9263   1.9348   1.9378   1.9446   1.9460   1.9521   1.9602   1.9635
  1.9715   1.9746   1.9827   2.0001   2.0029   2.0082   2.0144   2.0213
  2.0367   2.0384   2.0443   2.0468   2.0514   2.0676   2.0765   2.0805
  2.0846   2.0907   2.0967   2.0974   2.1158   2.1176   2.1239   2.1335
  2.1419   2.1514   2.1568   2.1606   2.1706   2.1771   2.1800   2.1915
  2.1969   2.2082   2.2115   2.2130   2.2235   2.2257   2.2337   2.2409
  2.2461   2.2582   2.2629   2.2681   2.2819   2.2872   2.2924   2.3006
  2.3092   2.3169   2.3180   2.3231   2.3284   2.3328   2.3441   2.3562
  2.3575   2.3655   2.3765   2.3847   2.3907   2.3948   2.3998   2.4106
  2.4208   2.4230   2.4258   2.4340   2.4510   2.4649   2.4726   2.4786
  2.4840   2.4847   2.4921   2.5028   2.5078   2.5156   2.5325   2.5363
  2.5462   2.5560   2.5587   2.5661   2.5790   2.5931   2.5963   2.6067
  2.6198   2.6215   2.6255   2.6362   2.6384   2.6458   2.6512   2.6537
  2.6651   2.6711   2.6729   2.6860   2.7030   2.7130   2.7163   2.7237
  2.7262   2.7371   2.7402   2.7463   2.7495   2.7570   2.7596   2.7728
  2.7771   2.7792   2.7863   2.7902   2.7970   2.8112   2.8144   2.8166
  2.8331   2.8349   2.8358   2.8474   2.8536   2.8700   2.8736   2.8823
  2.8896   2.8967   2.9065   2.9141   2.9243   2.9287   2.9325   2.9370
  2.9429   2.9529   2.9591   2.9671   2.9800   2.9802   2.9986   3.0033
  3.0078   3.0172   3.0237   3.0415   3.0429   3.0458   3.0560   3.0656
  3.0774   3.0883   3.0919   3.0953   3.1017   3.1089   3.1265   3.1323
  3.1339   3.1456   3.1572   3.1653   3.1750   3.1794   3.1956   3.2023
  3.2127   3.2305   3.2510   3.2623   3.2709   3.2764   3.2875   3.2888
  3.2955   3.3025   3.3140   3.3239   3.3462   3.3610   3.3669   3.3760
  3.3829   3.3954   3.4017   3.4053   3.4188   3.4264   3.4436   3.4507
  3.4531   3.4789   3.4831   3.4974   3.4994   3.5140   3.5297   3.5344
  3.5448   3.5526   3.5545   3.5715   3.5813   3.5919   3.6047   3.6160
  3.6379   3.6414   3.6479   3.6548   3.6623   3.6685   3.6824   3.6885
  3.6932   3.7047   3.7117   3.7253   3.7326   3.7489   3.7540   3.7647
  3.7776   3.7831   3.7872   3.8143   3.8154   3.8285   3.8304   3.8542
  3.8691   3.8873   3.9060   3.9151   3.9400   3.9414   3.9661   3.9756
  3.9912   4.0029   4.0065   4.0359   4.0383   4.0458   4.0547   4.0731
  4.0798   4.0857   4.0995   4.1085   4.1287   4.1376   4.1541   4.1710
  4.1740   4.1931   4.2074   4.2251   4.2547   4.2717   4.2747   4.2877
  4.2942   4.3091   4.3307   4.3334   4.3583   4.3738   4.3801   4.3994
  4.4030   4.4369   4.4458   4.4716   4.4924   4.5006   4.5215   4.5384
  4.5653   4.5774   4.5820   4.6103   4.6259   4.6395   4.6713   4.6870
  4.6984   4.7380   4.7727   4.7911   4.8011   4.8139   4.8526   4.8624
  4.8938   4.9087   4.9172   4.9777   4.9853   5.0175   5.0248   5.0544
  5.0761   5.1078   5.1166   5.1363   5.1496   5.1648   5.1692   5.1827
  5.2038   5.2125   5.2204   5.2643   5.2741   5.2849   5.2993   5.3022
  5.3148   5.3361   5.3451   5.3632   5.3698   5.3746   5.3892   5.3960
  5.4129   5.4176   5.4322   5.4448   5.4520   5.4725   5.4794   5.5043
  5.5068   5.5357   5.5492   5.5514   5.5629   5.5794   5.5891   5.6066
  5.6127   5.6184   5.6336   5.6474   5.6743   5.6757   5.6822   5.6992
  5.7091   5.7245   5.7344   5.7416   5.7517   5.7669   5.7729   5.7932
  5.8002   5.8119   5.8244   5.8315   5.8436   5.8478   5.8601   5.8752
  5.8855   5.8897   5.8953   5.9059   5.9238   5.9379   5.9461   5.9634
  5.9856   5.9893   5.9961   5.9968   6.0158   6.0258   6.0350   6.0392
  6.0545   6.0608   6.0745   6.0754   6.0924   6.1103   6.1314   6.1356
  6.1437   6.1446   6.1538   6.1637   6.1686   6.1844   6.1887   6.1981
  6.2016   6.2175   6.2271   6.2334   6.2387   6.2490   6.2601   6.2608
  6.2722   6.2809   6.2826   6.2955   6.2998   6.3084   6.3240   6.3287
  6.3430   6.3460   6.3547   6.3629   6.3670   6.3721   6.3867   6.3943
  6.3980   6.4040   6.4150   6.4221   6.4324   6.4353   6.4381   6.4394
  6.4504   6.4618   6.4691   6.4787   6.4920   6.4940   6.5032   6.5091
  6.5179   6.5219   6.5284   6.5338   6.5385   6.5412   6.5540   6.5661
  6.5688   6.5769   6.5885   6.5941   6.6066   6.6158   6.6195   6.6244
  6.6317   6.6388   6.6468   6.6532   6.6571   6.6653   6.6693   6.6735
  6.6817   6.6872   6.6935   6.7011   6.7113   6.7147   6.7324   6.7341
  6.7450   6.7527   6.7555   6.7613   6.7700   6.7799   6.7860   6.7916
  6.8051   6.8063   6.8150   6.8206   6.8316   6.8392   6.8553   6.8700
  6.8764   6.8818   6.8858   6.8991   6.9051   6.9186   6.9253   6.9333
  6.9427   6.9521   6.9584   6.9662   6.9809   6.9901   7.0019   7.0034
  7.0135   7.0219   7.0310   7.0362   7.0505   7.0647   7.0683   7.0818
  7.0897   7.0926   7.0967   7.1061   7.1175   7.1382   7.1467   7.1596
  7.1687   7.1837   7.2000   7.2062   7.2129   7.2238   7.2364   7.2415
  7.2517   7.2644   7.2838   7.2888   7.3069   7.3154   7.3194   7.3339
  7.3523   7.3626   7.3730   7.3879   7.4024   7.4059   7.4203   7.4273
  7.4479   7.4614   7.4696   7.4884   7.5001   7.5132   7.5264   7.5347
  7.5424   7.5509   7.5619   7.5933   7.5999   7.6171   7.6295   7.6382
  7.6487   7.6655   7.6879   7.6929   7.6992   7.7155   7.7357   7.7481
  7.7670   7.7790   7.7875   7.7938   7.8040   7.8271   7.8409   7.8527
  7.8608   7.8733   7.8808   7.8915   7.9133   7.9173   7.9203   7.9268
  7.9422   7.9533   7.9839   7.9860   7.9939   8.0050   8.0118   8.0349
  8.0495   8.0583   8.0743   8.0813   8.0935   8.1041   8.1279   8.1323
  8.1356   8.1507   8.1666   8.1921   8.1959   8.2019   8.2133   8.2220
  8.2383   8.2394   8.2470   8.2653   8.2679   8.2933   8.2968   8.3023
  8.3164   8.3213   8.3351   8.3533   8.3653   8.3672   8.3768   8.3828
  8.3929   8.3969   8.4055   8.4204   8.4313   8.4381   8.4553   8.4582
  8.4711   8.4883   8.5049   8.5251   8.5299   8.5422   8.5474   8.5653
  8.5811   8.5839   8.6260   8.6344   8.6479   8.6603   8.6676   8.6752
  8.6842   8.6938   8.7019   8.7113   8.7146   8.7385   8.7464   8.7563
  8.7652   8.7737   8.7851   8.8132   8.8278   8.8362   8.8498   8.8593
  8.8758   8.8872   8.8946   8.8993   8.9166   8.9214   8.9333   8.9349
  8.9469   8.9565   8.9683   8.9727   8.9788   8.9802   8.9856   8.9946
  9.0051   9.0126   9.0219   9.0377   9.0415   9.0541   9.0640   9.0732
  9.0817   9.0881   9.0927   9.0962   9.1071   9.1162   9.1250   9.1299
  9.1421   9.1492   9.1785   9.1841   9.2071   9.2172   9.2287   9.2372
  9.2379   9.2616   9.2671   9.2801   9.2889   9.3038   9.3153   9.3275
  9.3528   9.3653   9.3733   9.3850   9.3905   9.3970   9.4024   9.4057
  9.4093   9.4260   9.4411   9.4589   9.4797   9.4816   9.5044   9.5216
  9.5382   9.5434   9.5975   9.6142   9.6373   9.6615   9.6757   9.6987
  9.7054   9.7294   9.7435   9.7604   9.7706   9.8210   9.8708   9.9171
  9.9350   9.9363   9.9678   9.9834  10.0108  10.0180  10.0400  10.0929
 10.1079  10.1278  10.1520  10.1643  10.1819  10.2077  10.2329  10.2349
 10.2723  10.2816  10.3164  10.3212  10.3385  10.3489  10.3562  10.3743
 10.3956  10.4218  10.4351  10.4392  10.4634  10.4695  10.4847  10.4881
 10.5148  10.5247  10.5411  10.5506  10.5752  10.5996  10.6207  10.6466
 10.6866  10.6963  10.7133  10.7207  10.7570  10.7929  10.8347  10.8470
 10.8529  10.8920  10.9033  10.9378  10.9936  10.9971  11.0729  11.0782
 11.1014  11.1285  11.1880  11.2931  11.3859  11.4134  11.4181  11.5040
 11.5838  11.6300  11.6656  11.9602  11.9772  12.0472  12.0665  12.0935
 12.1144  12.3485  12.3614  12.3951  12.4539  12.5122  12.5569  12.5857
 12.5887  12.6524  12.6800  12.7502  12.7696  12.8116  12.8537  12.9116
 13.0165  13.0696  13.1771  13.2584  13.2677  13.3570  13.3718  13.4264
 13.4603  13.5020  13.6043  13.6346  13.8750  13.9419  14.1738  14.7592
 14.9330  15.2677  28.7318  29.0267  29.1841  29.2438  29.3273  29.3906
 29.6948  29.7888  29.8290  29.8797  29.8975  30.0591  49.2230  49.4154
150.6853 150.9447 151.0975 151.1671 151.2301 151.2629 151.6197 151.7254
151.7461 151.7798 151.8019 151.9566 258.3749 258.6062
 
 Beta MOs
 -- Occupied --
-19.1950 -19.1105 -10.2539 -10.2515 -10.2429 -10.2042 -10.2018 -10.2011
-10.1975 -10.1953 -10.1930 -10.1882 -10.1824 -10.1685  -1.0762  -1.0036
 -0.8375  -0.7973  -0.7489  -0.7477  -0.7177  -0.6890  -0.6452  -0.5921
 -0.5853  -0.5453  -0.5280  -0.5061  -0.4746  -0.4641  -0.4518  -0.4409
 -0.4241  -0.4121  -0.4097  -0.4036  -0.4016  -0.3841  -0.3765  -0.3567
 -0.3514  -0.3459  -0.3361  -0.3303  -0.3202  -0.3066  -0.2753  -0.2535
 -0.2422  -0.2086
 -- Virtual --
 -0.1708  -0.0803  -0.0342  -0.0219  -0.0022   0.0078   0.0149   0.0317
  0.0337   0.0392   0.0448   0.0574   0.0618   0.0658   0.0668   0.0776
  0.0809   0.0869   0.0924   0.1020   0.1060   0.1065   0.1134   0.1252
  0.1305   0.1369   0.1413   0.1440   0.1518   0.1553   0.1606   0.1659
  0.1757   0.1800   0.1864   0.1930   0.2045   0.2119   0.2154   0.2173
  0.2242   0.2256   0.2330   0.2368   0.2435   0.2493   0.2584   0.2615
  0.2649   0.2669   0.2753   0.2781   0.2819   0.2859   0.2902   0.2957
  0.2995   0.3030   0.3045   0.3116   0.3167   0.3197   0.3201   0.3245
  0.3350   0.3370   0.3420   0.3471   0.3526   0.3573   0.3601   0.3640
  0.3694   0.3841   0.3905   0.3955   0.4094   0.4154   0.4213   0.4292
  0.4334   0.4433   0.4461   0.4554   0.4611   0.4683   0.4716   0.4743
  0.4869   0.4888   0.4959   0.5000   0.5049   0.5153   0.5226   0.5238
  0.5303   0.5331   0.5467   0.5492   0.5554   0.5636   0.5760   0.5804
  0.5881   0.5926   0.5974   0.6009   0.6086   0.6124   0.6223   0.6288
  0.6392   0.6442   0.6465   0.6679   0.6701   0.6801   0.6919   0.6943
  0.7009   0.7095   0.7127   0.7234   0.7306   0.7396   0.7415   0.7434
  0.7482   0.7600   0.7652   0.7757   0.7801   0.7822   0.7894   0.8011
  0.8020   0.8058   0.8138   0.8164   0.8180   0.8273   0.8354   0.8400
  0.8416   0.8438   0.8514   0.8595   0.8680   0.8716   0.8755   0.8800
  0.8840   0.8960   0.8998   0.9034   0.9121   0.9145   0.9187   0.9253
  0.9300   0.9368   0.9432   0.9482   0.9537   0.9610   0.9626   0.9729
  0.9769   0.9845   0.9954   0.9986   1.0074   1.0107   1.0207   1.0246
  1.0328   1.0362   1.0425   1.0438   1.0514   1.0594   1.0670   1.0733
  1.0802   1.0863   1.0915   1.0997   1.1080   1.1192   1.1269   1.1374
  1.1453   1.1481   1.1586   1.1704   1.1785   1.1812   1.1911   1.2019
  1.2128   1.2201   1.2261   1.2370   1.2500   1.2577   1.2602   1.2664
  1.2805   1.2861   1.2968   1.2998   1.3081   1.3143   1.3243   1.3305
  1.3494   1.3518   1.3583   1.3620   1.3692   1.3924   1.3965   1.4066
  1.4165   1.4286   1.4307   1.4346   1.4470   1.4563   1.4579   1.4680
  1.4803   1.4896   1.4982   1.5092   1.5174   1.5275   1.5343   1.5501
  1.5573   1.5597   1.5753   1.5787   1.5871   1.5916   1.6024   1.6117
  1.6212   1.6451   1.6486   1.6628   1.6667   1.6764   1.6823   1.6890
  1.7108   1.7250   1.7350   1.7490   1.7581   1.7679   1.7742   1.7872
  1.7956   1.8002   1.8061   1.8216   1.8251   1.8304   1.8319   1.8418
  1.8485   1.8556   1.8657   1.8815   1.8823   1.8945   1.9054   1.9142
  1.9216   1.9269   1.9331   1.9418   1.9436   1.9498   1.9546   1.9603
  1.9668   1.9709   1.9789   1.9817   1.9891   2.0085   2.0100   2.0156
  2.0210   2.0286   2.0429   2.0443   2.0506   2.0544   2.0592   2.0751
  2.0834   2.0870   2.0907   2.0975   2.1023   2.1051   2.1239   2.1246
  2.1316   2.1400   2.1475   2.1609   2.1627   2.1689   2.1778   2.1830
  2.1876   2.1996   2.2060   2.2161   2.2189   2.2214   2.2303   2.2322
  2.2430   2.2489   2.2536   2.2667   2.2711   2.2764   2.2880   2.2964
  2.2998   2.3092   2.3158   2.3232   2.3243   2.3299   2.3359   2.3397
  2.3513   2.3636   2.3657   2.3723   2.3843   2.3925   2.4000   2.4040
  2.4066   2.4180   2.4279   2.4315   2.4333   2.4419   2.4582   2.4712
  2.4803   2.4865   2.4904   2.4921   2.5003   2.5103   2.5151   2.5236
  2.5406   2.5451   2.5542   2.5621   2.5660   2.5735   2.5865   2.6010
  2.6037   2.6155   2.6270   2.6282   2.6328   2.6440   2.6453   2.6526
  2.6577   2.6609   2.6738   2.6782   2.6804   2.6929   2.7097   2.7207
  2.7239   2.7306   2.7322   2.7434   2.7476   2.7528   2.7576   2.7639
  2.7671   2.7792   2.7830   2.7856   2.7934   2.7969   2.8044   2.8174
  2.8218   2.8249   2.8411   2.8417   2.8421   2.8528   2.8608   2.8762
  2.8823   2.8901   2.8966   2.9034   2.9161   2.9200   2.9313   2.9362
  2.9411   2.9445   2.9491   2.9588   2.9657   2.9736   2.9864   2.9876
  3.0065   3.0112   3.0172   3.0240   3.0306   3.0494   3.0513   3.0530
  3.0641   3.0721   3.0853   3.0945   3.0980   3.1028   3.1081   3.1166
  3.1333   3.1394   3.1412   3.1526   3.1645   3.1728   3.1830   3.1872
  3.2027   3.2105   3.2197   3.2368   3.2588   3.2708   3.2786   3.2848
  3.2951   3.2960   3.3041   3.3100   3.3222   3.3351   3.3541   3.3688
  3.3736   3.3827   3.3890   3.4022   3.4089   3.4128   3.4255   3.4340
  3.4506   3.4580   3.4601   3.4863   3.4903   3.5044   3.5072   3.5215
  3.5382   3.5422   3.5541   3.5596   3.5637   3.5782   3.5888   3.6013
  3.6134   3.6230   3.6460   3.6483   3.6548   3.6614   3.6715   3.6754
  3.6898   3.6960   3.7015   3.7118   3.7199   3.7325   3.7398   3.7559
  3.7616   3.7737   3.7860   3.7907   3.7954   3.8214   3.8235   3.8369
  3.8391   3.8618   3.8785   3.8946   3.9118   3.9231   3.9461   3.9503
  3.9735   3.9841   3.9981   4.0110   4.0139   4.0419   4.0456   4.0512
  4.0630   4.0806   4.0866   4.0932   4.1075   4.1148   4.1363   4.1450
  4.1630   4.1789   4.1815   4.2002   4.2169   4.2341   4.2656   4.2803
  4.2830   4.2952   4.3036   4.3169   4.3382   4.3422   4.3679   4.3810
  4.3906   4.4091   4.4122   4.4460   4.4551   4.4801   4.5019   4.5104
  4.5306   4.5478   4.5749   4.5855   4.5897   4.6198   4.6358   4.6497
  4.6822   4.6977   4.7079   4.7491   4.7814   4.8014   4.8119   4.8267
  4.8631   4.8722   4.9027   4.9183   4.9266   4.9887   4.9921   5.0269
  5.0349   5.0629   5.0884   5.1172   5.1265   5.1467   5.1594   5.1734
  5.1784   5.1922   5.2130   5.2209   5.2300   5.2726   5.2831   5.2928
  5.3097   5.3108   5.3201   5.3444   5.3525   5.3740   5.3786   5.3829
  5.3989   5.4030   5.4208   5.4279   5.4401   5.4543   5.4597   5.4814
  5.4886   5.5124   5.5155   5.5423   5.5562   5.5592   5.5713   5.5846
  5.5975   5.6129   5.6194   5.6246   5.6419   5.6567   5.6804   5.6852
  5.6924   5.7076   5.7137   5.7321   5.7449   5.7507   5.7577   5.7737
  5.7794   5.8003   5.8089   5.8170   5.8293   5.8370   5.8485   5.8547
  5.8685   5.8842   5.8908   5.8967   5.9028   5.9122   5.9297   5.9456
  5.9529   5.9684   5.9917   5.9942   6.0025   6.0032   6.0212   6.0303
  6.0413   6.0468   6.0601   6.0641   6.0790   6.0817   6.0994   6.1174
  6.1370   6.1421   6.1492   6.1508   6.1604   6.1690   6.1725   6.1852
  6.1934   6.2030   6.2087   6.2229   6.2321   6.2382   6.2466   6.2547
  6.2655   6.2661   6.2774   6.2866   6.2892   6.3032   6.3076   6.3151
  6.3304   6.3373   6.3485   6.3505   6.3616   6.3683   6.3741   6.3768
  6.3931   6.4008   6.4048   6.4101   6.4197   6.4276   6.4388   6.4417
  6.4439   6.4450   6.4572   6.4689   6.4759   6.4860   6.4980   6.5012
  6.5115   6.5154   6.5255   6.5263   6.5325   6.5399   6.5439   6.5493
  6.5612   6.5721   6.5772   6.5828   6.5933   6.6010   6.6108   6.6186
  6.6266   6.6312   6.6372   6.6435   6.6520   6.6590   6.6631   6.6688
  6.6751   6.6786   6.6847   6.6925   6.6990   6.7051   6.7142   6.7214
  6.7361   6.7404   6.7499   6.7570   6.7604   6.7659   6.7750   6.7847
  6.7918   6.7973   6.8080   6.8117   6.8224   6.8291   6.8375   6.8459
  6.8594   6.8746   6.8796   6.8875   6.8909   6.9060   6.9118   6.9230
  6.9313   6.9383   6.9507   6.9579   6.9641   6.9740   6.9900   6.9941
  7.0089   7.0118   7.0190   7.0275   7.0377   7.0440   7.0582   7.0723
  7.0744   7.0887   7.0960   7.0990   7.1042   7.1147   7.1249   7.1414
  7.1548   7.1677   7.1782   7.1913   7.2086   7.2120   7.2231   7.2331
  7.2458   7.2506   7.2588   7.2712   7.2893   7.2952   7.3144   7.3234
  7.3293   7.3415   7.3601   7.3723   7.3780   7.3957   7.4101   7.4127
  7.4301   7.4352   7.4535   7.4662   7.4769   7.4955   7.5071   7.5189
  7.5355   7.5433   7.5501   7.5562   7.5668   7.6002   7.6086   7.6247
  7.6394   7.6491   7.6588   7.6782   7.6939   7.6953   7.7085   7.7213
  7.7445   7.7580   7.7764   7.7850   7.7957   7.8009   7.8088   7.8320
  7.8495   7.8623   7.8698   7.8813   7.8859   7.8993   7.9169   7.9245
  7.9284   7.9303   7.9451   7.9564   7.9875   7.9920   7.9970   8.0111
  8.0150   8.0372   8.0475   8.0521   8.0842   8.0864   8.0993   8.1049
  8.1308   8.1399   8.1410   8.1574   8.1693   8.1940   8.1972   8.2042
  8.2177   8.2244   8.2428   8.2453   8.2526   8.2688   8.2733   8.2989
  8.3009   8.3052   8.3188   8.3202   8.3403   8.3560   8.3688   8.3697
  8.3825   8.3884   8.3957   8.4029   8.4105   8.4260   8.4353   8.4445
  8.4590   8.4620   8.4736   8.4898   8.5102   8.5300   8.5317   8.5438
  8.5534   8.5671   8.5852   8.5892   8.6328   8.6417   8.6522   8.6657
  8.6743   8.6821   8.6907   8.6988   8.7088   8.7171   8.7233   8.7440
  8.7549   8.7625   8.7719   8.7793   8.7896   8.8194   8.8333   8.8415
  8.8525   8.8662   8.8794   8.8899   8.8995   8.9036   8.9194   8.9242
  8.9377   8.9389   8.9516   8.9586   8.9709   8.9768   8.9820   8.9864
  8.9897   8.9987   9.0089   9.0184   9.0275   9.0402   9.0465   9.0567
  9.0657   9.0797   9.0843   9.0916   9.0962   9.1011   9.1098   9.1180
  9.1265   9.1318   9.1460   9.1520   9.1830   9.1905   9.2090   9.2210
  9.2298   9.2371   9.2444   9.2622   9.2794   9.2846   9.2900   9.3046
  9.3186   9.3322   9.3564   9.3721   9.3763   9.3880   9.3908   9.4024
  9.4081   9.4125   9.4168   9.4319   9.4473   9.4627   9.4813   9.4833
  9.5083   9.5212   9.5370   9.5501   9.6002   9.6177   9.6407   9.6667
  9.6814   9.7055   9.7175   9.7376   9.7506   9.7691   9.7764   9.8168
  9.8656   9.9221   9.9406   9.9454   9.9650   9.9913  10.0199  10.0207
 10.0347  10.0959  10.1089  10.1333  10.1528  10.1732  10.1970  10.2125
 10.2412  10.2453  10.2809  10.2894  10.3181  10.3210  10.3419  10.3513
 10.3586  10.3764  10.4026  10.4289  10.4318  10.4474  10.4651  10.4679
 10.4704  10.5027  10.5298  10.5404  10.5426  10.5594  10.5804  10.6109
 10.6179  10.6566  10.6759  10.6952  10.7120  10.7201  10.7652  10.8017
 10.8471  10.8580  10.8653  10.9000  10.9158  10.9528  11.0014  11.0084
 11.0780  11.0883  11.1129  11.1358  11.2105  11.3152  11.3979  11.4057
 11.4418  11.5206  11.5924  11.6471  11.6601  11.9751  12.0026  12.0660
 12.0892  12.1122  12.1182  12.3005  12.3864  12.4169  12.4660  12.5207
 12.5649  12.5951  12.6173  12.6560  12.6997  12.7723  12.7889  12.8314
 12.8736  12.9053  13.0375  13.0896  13.1956  13.2543  13.2818  13.3382
 13.3623  13.3852  13.4465  13.5053  13.6350  13.6404  13.8961  13.9692
 14.1973  14.7754  14.9601  15.2860  28.7409  29.0328  29.1894  29.2598
 29.3365  29.4038  29.6971  29.7928  29.8299  29.8857  29.9072  30.0669
 49.2406  49.4278 150.6930 150.9475 151.1004 151.1802 151.2376 151.2700
151.6219 151.7300 151.7472 151.7810 151.8071 151.9599 258.3854 258.6125
 --------------------------------------------------------------
 
          Ground-State Mulliken Net Atomic Charges

     Atom                 Charge (a.u.)    Spin (a.u.)
  --------------------------------------------------------
      1 C                    -0.209892       0.087290
      2 C                    -0.365470       0.095367
      3 C                     0.390704       0.403596
      4 C                    -0.227178       0.294024
      5 C                    -0.169568      -0.104544
      6 C                     0.027500       0.417434
      7 C                     0.227480       0.028729
      8 C                    -0.524925      -0.004910
      9 O                    -0.416609       0.181444
     10 C                    -0.223151       0.021136
     11 C                    -0.500663       0.534214
     12 O                    -0.307867       0.063040
     13 C                    -0.119476       0.017140
     14 C                    -0.334106       0.012707
     15 H                     0.174146      -0.008960
     16 H                     0.233091      -0.008387
     17 H                     0.188963      -0.009779
     18 H                     0.199743      -0.006995
     19 H                     0.195412       0.003545
     20 H                     0.168110      -0.000721
     21 H                     0.171604       0.001593
     22 H                     0.222124       0.006552
     23 H                     0.249404      -0.009211
     24 H                     0.167172      -0.016132
     25 H                     0.195213      -0.000761
     26 H                     0.163793      -0.003934
     27 H                     0.228562       0.002929
     28 H                     0.195882       0.003593
  --------------------------------------------------------
  Sum of atomic charges =     0.000000
  Sum of spin   charges =     2.000000

 -----------------------------------------------------------------
                    Cartesian Multipole Moments
 -----------------------------------------------------------------
    Charge (ESU x 10^10)
                 0.0000
    Dipole Moment (Debye)
         X      -0.7014      Y      -4.7810      Z       0.5825
       Tot       4.8671
    Quadrupole Moments (Debye-Ang)
        XX     -87.1964     XY       1.4742     YY     -96.9502
        XZ      -2.4805     YZ      -3.8768     ZZ     -72.9721
    Octopole Moments (Debye-Ang^2)
       XXX     -23.4601    XXY      -5.5088    XYY     -11.4062
       YYY    -143.9762    XXZ      -4.3924    XYZ      -0.3568
       YYZ      11.0771    XZZ      -5.3241    YZZ     -12.6862
       ZZZ       2.7669
    Hexadecapole Moments (Debye-Ang^3)
      XXXX    -675.2310   XXXY    -187.9676   XXYY    -519.9571
      XYYY    -179.7987   YYYY   -2767.3363   XXXZ     158.1323
      XXYZ     187.0083   XYYZ      43.7243   YYYZ     547.8615
      XXZZ    -302.2149   XYZZ     -52.2012   YYZZ    -543.3481
      XZZZ     143.0361   YZZZ     519.0164   ZZZZ   -1158.7242
 -----------------------------------------------------------------
 Total job time:  260.81s(wall), 7815.67s(cpu) 
 Thu Aug  1 11:54:11 2024

        *************************************************************
        *                                                           *
        *  Thank you very much for using Q-Chem.  Have a nice day.  *
        *                                                           *
        *************************************************************


